<?xml version='1.0' encoding='utf-8'?>
<ceps>
  <cep>
    <cep>57010-010</cep>
    <logradouro>Rua Acadêmico José Macêdo França</logradouro>
    <complemento/>
    <unidade/>
    <bairro>Prado</bairro>
    <localidade>Maceió</localidade>
    <uf>AL</uf>
    <estado>Alagoas</estado>
    <região/>
    <ibge>2704302</ibge>
    <gia/>
    <ddd>82</ddd>
    <siafi>2785</siafi>
  </cep>
  <cep>
    <cep>57010-020</cep>
    <logradouro>Parque Municipal Doutor Afrânio Jorge</logradouro>
    <complemento/>
    <unidade/>
    <bairro>Prado</bairro>
    <localidade>Maceió</localidade>
    <uf>AL</uf>
    <estado>Alagoas</estado>
    <região/>
    <ibge>2704302</ibge>
    <gia/>
    <ddd>82</ddd>
    <siafi>2785</siafi>
  </cep>
  <cep>
    <cep>57010-030</cep>
    <logradouro>Rua Almirante Tamandaré</logradouro>
    <complemento/>
    <unidade/>
    <bairro>Prado</bairro>
    <localidade>Maceió</localidade>
    <uf>AL</uf>
    <estado>Alagoas</estado>
    <região/>
    <ibge>2704302</ibge>
    <gia/>
    <ddd>82</ddd>
    <siafi>2785</siafi>
  </cep>
  <cep>
    <cep>57010-062</cep>
    <logradouro>Vila Amazonas</logradouro>
    <complemento/>
    <unidade/>
    <bairro>Prado</bairro>
    <localidade>Maceió</localidade>
    <uf>AL</uf>
    <estado>Alagoas</estado>
    <região/>
    <ibge>2704302</ibge>
    <gia/>
    <ddd>82</ddd>
    <siafi>2785</siafi>
  </cep>
  <cep>
    <cep>57010-072</cep>
    <logradouro>Travessa Assis Chateaubriand</logradouro>
    <complemento/>
    <unidade/>
    <bairro>Prado</bairro>
    <localidade>Maceió</localidade>
    <uf>AL</uf>
    <estado>Alagoas</estado>
    <região/>
    <ibge>2704302</ibge>
    <gia/>
    <ddd>82</ddd>
    <siafi>2785</siafi>
  </cep>
  <cep>
    <cep>57010-105</cep>
    <logradouro>Rua Coronel Mendes da Fonseca</logradouro>
    <complemento>de 577/578 ao fim</complemento>
    <unidade/>
    <bairro>Prado</bairro>
    <localidade>Maceió</localidade>
    <uf>AL</uf>
    <estado>Alagoas</estado>
    <região/>
    <ibge>2704302</ibge>
    <gia/>
    <ddd>82</ddd>
    <siafi>2785</siafi>
  </cep>
  <cep>
    <cep>57010-147</cep>
    <logradouro>Travessa Areias</logradouro>
    <complemento/>
    <unidade/>
    <bairro>Prado</bairro>
    <localidade>Maceió</localidade>
    <uf>AL</uf>
    <estado>Alagoas</estado>
    <região/>
    <ibge>2704302</ibge>
    <gia/>
    <ddd>82</ddd>
    <siafi>2785</siafi>
  </cep>
  <cep>
    <cep>57010-060</cep>
    <logradouro>Avenida Amazonas</logradouro>
    <complemento/>
    <unidade/>
    <bairro>Prado</bairro>
    <localidade>Maceió</localidade>
    <uf>AL</uf>
    <estado>Alagoas</estado>
    <região/>
    <ibge>2704302</ibge>
    <gia/>
    <ddd>82</ddd>
    <siafi>2785</siafi>
  </cep>
  <cep>
    <cep>57010-130</cep>
    <logradouro>Rua Dona Rosa da Fonseca</logradouro>
    <complemento/>
    <unidade/>
    <bairro>Prado</bairro>
    <localidade>Maceió</localidade>
    <uf>AL</uf>
    <estado>Alagoas</estado>
    <região/>
    <ibge>2704302</ibge>
    <gia/>
    <ddd>82</ddd>
    <siafi>2785</siafi>
  </cep>
  <cep>
    <cep>57010-120</cep>
    <logradouro>Rua Radialista Haroldo Miranda</logradouro>
    <complemento/>
    <unidade/>
    <bairro>Prado</bairro>
    <localidade>Maceió</localidade>
    <uf>AL</uf>
    <estado>Alagoas</estado>
    <região/>
    <ibge>2704302</ibge>
    <gia/>
    <ddd>82</ddd>
    <siafi>2785</siafi>
  </cep>
  <cep>
    <cep>57010-157</cep>
    <logradouro>Travessa Manaus</logradouro>
    <complemento/>
    <unidade/>
    <bairro>Prado</bairro>
    <localidade>Maceió</localidade>
    <uf>AL</uf>
    <estado>Alagoas</estado>
    <região/>
    <ibge>2704302</ibge>
    <gia/>
    <ddd>82</ddd>
    <siafi>2785</siafi>
  </cep>
  <cep>
    <cep>57010-035</cep>
    <logradouro>Rua Augusto Vaz da Silva</logradouro>
    <complemento/>
    <unidade/>
    <bairro>Prado</bairro>
    <localidade>Maceió</localidade>
    <uf>AL</uf>
    <estado>Alagoas</estado>
    <região/>
    <ibge>2704302</ibge>
    <gia/>
    <ddd>82</ddd>
    <siafi>2785</siafi>
  </cep>
  <cep>
    <cep>57010-087</cep>
    <logradouro>Vila Josefa Matias</logradouro>
    <complemento/>
    <unidade/>
    <bairro>Prado</bairro>
    <localidade>Maceió</localidade>
    <uf>AL</uf>
    <estado>Alagoas</estado>
    <região/>
    <ibge>2704302</ibge>
    <gia/>
    <ddd>82</ddd>
    <siafi>2785</siafi>
  </cep>
  <cep>
    <cep>57010-090</cep>
    <logradouro>Rua Caramurus</logradouro>
    <complemento>de 501/502 ao fim</complemento>
    <unidade/>
    <bairro>Prado</bairro>
    <localidade>Maceió</localidade>
    <uf>AL</uf>
    <estado>Alagoas</estado>
    <região/>
    <ibge>2704302</ibge>
    <gia/>
    <ddd>82</ddd>
    <siafi>2785</siafi>
  </cep>
  <cep>
    <cep>57010-001</cep>
    <logradouro>Avenida Siqueira Campos</logradouro>
    <complemento>de 977 a 1637 - lado ímpar</complemento>
    <unidade/>
    <bairro>Prado</bairro>
    <localidade>Maceió</localidade>
    <uf>AL</uf>
    <estado>Alagoas</estado>
    <região/>
    <ibge>2704302</ibge>
    <gia/>
    <ddd>82</ddd>
    <siafi>2785</siafi>
  </cep>
  <cep>
    <cep>57010-050</cep>
    <logradouro>Rua Álvaro Marinho</logradouro>
    <complemento>até 203/204</complemento>
    <unidade/>
    <bairro>Prado</bairro>
    <localidade>Maceió</localidade>
    <uf>AL</uf>
    <estado>Alagoas</estado>
    <região/>
    <ibge>2704302</ibge>
    <gia/>
    <ddd>82</ddd>
    <siafi>2785</siafi>
  </cep>
  <cep>
    <cep>57010-110</cep>
    <logradouro>Praça Custódio de Melo</logradouro>
    <complemento/>
    <unidade/>
    <bairro>Prado</bairro>
    <localidade>Maceió</localidade>
    <uf>AL</uf>
    <estado>Alagoas</estado>
    <região/>
    <ibge>2704302</ibge>
    <gia/>
    <ddd>82</ddd>
    <siafi>2785</siafi>
  </cep>
  <cep>
    <cep>57010-135</cep>
    <logradouro>Travessa Dona Rosa da Fonseca</logradouro>
    <complemento/>
    <unidade/>
    <bairro>Prado</bairro>
    <localidade>Maceió</localidade>
    <uf>AL</uf>
    <estado>Alagoas</estado>
    <região/>
    <ibge>2704302</ibge>
    <gia/>
    <ddd>82</ddd>
    <siafi>2785</siafi>
  </cep>
  <cep>
    <cep>57010-003</cep>
    <logradouro>Avenida Siqueira Campos</logradouro>
    <complemento>de 970 a 1598 - lado par</complemento>
    <unidade/>
    <bairro>Prado</bairro>
    <localidade>Maceió</localidade>
    <uf>AL</uf>
    <estado>Alagoas</estado>
    <região/>
    <ibge>2704302</ibge>
    <gia/>
    <ddd>82</ddd>
    <siafi>2785</siafi>
  </cep>
  <cep>
    <cep>57010-210</cep>
    <logradouro>Rua Thomé Rocha de Souza Leão</logradouro>
    <complemento/>
    <unidade/>
    <bairro>Prado</bairro>
    <localidade>Maceió</localidade>
    <uf>AL</uf>
    <estado>Alagoas</estado>
    <região/>
    <ibge>2704302</ibge>
    <gia/>
    <ddd>82</ddd>
    <siafi>2785</siafi>
  </cep>
  <cep>
    <cep>57010-172</cep>
    <logradouro>Vila Manoel Tenório de Moura</logradouro>
    <complemento/>
    <unidade/>
    <bairro>Prado</bairro>
    <localidade>Maceió</localidade>
    <uf>AL</uf>
    <estado>Alagoas</estado>
    <região/>
    <ibge>2704302</ibge>
    <gia/>
    <ddd>82</ddd>
    <siafi>2785</siafi>
  </cep>
  <cep>
    <cep>57010-160</cep>
    <logradouro>Avenida Professor Loureiro</logradouro>
    <complemento/>
    <unidade/>
    <bairro>Prado</bairro>
    <localidade>Maceió</localidade>
    <uf>AL</uf>
    <estado>Alagoas</estado>
    <região/>
    <ibge>2704302</ibge>
    <gia/>
    <ddd>82</ddd>
    <siafi>2785</siafi>
  </cep>
  <cep>
    <cep>57010-145</cep>
    <logradouro>Travessa Edgar de Goes Monteiro</logradouro>
    <complemento/>
    <unidade/>
    <bairro>Prado</bairro>
    <localidade>Maceió</localidade>
    <uf>AL</uf>
    <estado>Alagoas</estado>
    <região/>
    <ibge>2704302</ibge>
    <gia/>
    <ddd>82</ddd>
    <siafi>2785</siafi>
  </cep>
  <cep>
    <cep>57010-032</cep>
    <logradouro>Conjunto São Jorge</logradouro>
    <complemento/>
    <unidade/>
    <bairro>Prado</bairro>
    <localidade>Maceió</localidade>
    <uf>AL</uf>
    <estado>Alagoas</estado>
    <região/>
    <ibge>2704302</ibge>
    <gia/>
    <ddd>82</ddd>
    <siafi>2785</siafi>
  </cep>
  <cep>
    <cep>57010-085</cep>
    <logradouro>Rua São João</logradouro>
    <complemento/>
    <unidade/>
    <bairro>Prado</bairro>
    <localidade>Maceió</localidade>
    <uf>AL</uf>
    <estado>Alagoas</estado>
    <região/>
    <ibge>2704302</ibge>
    <gia/>
    <ddd>82</ddd>
    <siafi>2785</siafi>
  </cep>
  <cep>
    <cep>57010-070</cep>
    <logradouro>Avenida Assis Chateaubriand</logradouro>
    <complemento>de 2578/2579 a 3699/3700</complemento>
    <unidade/>
    <bairro>Prado</bairro>
    <localidade>Maceió</localidade>
    <uf>AL</uf>
    <estado>Alagoas</estado>
    <região/>
    <ibge>2704302</ibge>
    <gia/>
    <ddd>82</ddd>
    <siafi>2785</siafi>
  </cep>
  <cep>
    <cep>57010-080</cep>
    <logradouro>Rua Bento Craveiro Barbosa</logradouro>
    <complemento/>
    <unidade/>
    <bairro>Prado</bairro>
    <localidade>Maceió</localidade>
    <uf>AL</uf>
    <estado>Alagoas</estado>
    <região/>
    <ibge>2704302</ibge>
    <gia/>
    <ddd>82</ddd>
    <siafi>2785</siafi>
  </cep>
  <cep>
    <cep>57010-040</cep>
    <logradouro>Rua Álvares Cabral</logradouro>
    <complemento/>
    <unidade/>
    <bairro>Prado</bairro>
    <localidade>Maceió</localidade>
    <uf>AL</uf>
    <estado>Alagoas</estado>
    <região/>
    <ibge>2704302</ibge>
    <gia/>
    <ddd>82</ddd>
    <siafi>2785</siafi>
  </cep>
  <cep>
    <cep>57010-170</cep>
    <logradouro>Rua Maranhão</logradouro>
    <complemento/>
    <unidade/>
    <bairro>Prado</bairro>
    <localidade>Maceió</localidade>
    <uf>AL</uf>
    <estado>Alagoas</estado>
    <região/>
    <ibge>2704302</ibge>
    <gia/>
    <ddd>82</ddd>
    <siafi>2785</siafi>
  </cep>
  <cep>
    <cep>57010-015</cep>
    <logradouro>Rua Santos Pacheco</logradouro>
    <complemento>de 313/314 ao fim</complemento>
    <unidade/>
    <bairro>Prado</bairro>
    <localidade>Maceió</localidade>
    <uf>AL</uf>
    <estado>Alagoas</estado>
    <região/>
    <ibge>2704302</ibge>
    <gia/>
    <ddd>82</ddd>
    <siafi>2785</siafi>
  </cep>
  <cep>
    <cep>57010-180</cep>
    <logradouro>Rua Miramar</logradouro>
    <complemento/>
    <unidade/>
    <bairro>Prado</bairro>
    <localidade>Maceió</localidade>
    <uf>AL</uf>
    <estado>Alagoas</estado>
    <região/>
    <ibge>2704302</ibge>
    <gia/>
    <ddd>82</ddd>
    <siafi>2785</siafi>
  </cep>
  <cep>
    <cep>57010-240</cep>
    <logradouro>Rua Desembargador Inocêncio Lins</logradouro>
    <complemento/>
    <unidade/>
    <bairro>Prado</bairro>
    <localidade>Maceió</localidade>
    <uf>AL</uf>
    <estado>Alagoas</estado>
    <região/>
    <ibge>2704302</ibge>
    <gia/>
    <ddd>82</ddd>
    <siafi>2785</siafi>
  </cep>
  <cep>
    <cep>57010-190</cep>
    <logradouro>Rua Zacarias de Azevedo</logradouro>
    <complemento/>
    <unidade/>
    <bairro>Prado</bairro>
    <localidade>Maceió</localidade>
    <uf>AL</uf>
    <estado>Alagoas</estado>
    <região/>
    <ibge>2704302</ibge>
    <gia/>
    <ddd>82</ddd>
    <siafi>2785</siafi>
  </cep>
  <cep>
    <cep>57010-200</cep>
    <logradouro>Rua Sargento Jayme Pantaleão</logradouro>
    <complemento/>
    <unidade/>
    <bairro>Prado</bairro>
    <localidade>Maceió</localidade>
    <uf>AL</uf>
    <estado>Alagoas</estado>
    <região/>
    <ibge>2704302</ibge>
    <gia/>
    <ddd>82</ddd>
    <siafi>2785</siafi>
  </cep>
  <cep>
    <cep>57010-225</cep>
    <logradouro>Rua Vinte e Um de Abril</logradouro>
    <complemento>até 393/394</complemento>
    <unidade/>
    <bairro>Prado</bairro>
    <localidade>Maceió</localidade>
    <uf>AL</uf>
    <estado>Alagoas</estado>
    <região/>
    <ibge>2704302</ibge>
    <gia/>
    <ddd>82</ddd>
    <siafi>2785</siafi>
  </cep>
  <cep>
    <cep>57010-246</cep>
    <logradouro>Rua Santa Catarina</logradouro>
    <complemento>de 253/254 ao fim</complemento>
    <unidade/>
    <bairro>Prado</bairro>
    <localidade>Maceió</localidade>
    <uf>AL</uf>
    <estado>Alagoas</estado>
    <região/>
    <ibge>2704302</ibge>
    <gia/>
    <ddd>82</ddd>
    <siafi>2785</siafi>
  </cep>
  <cep>
    <cep>57010-244</cep>
    <logradouro>Rua Virgílio Guedes</logradouro>
    <complemento>até 1625 - lado ímpar</complemento>
    <unidade/>
    <bairro>Prado</bairro>
    <localidade>Maceió</localidade>
    <uf>AL</uf>
    <estado>Alagoas</estado>
    <região/>
    <ibge>2704302</ibge>
    <gia/>
    <ddd>82</ddd>
    <siafi>2785</siafi>
  </cep>
  <cep>
    <cep>57010-248</cep>
    <logradouro>Rua Boa Vista</logradouro>
    <complemento>lado ímpar</complemento>
    <unidade/>
    <bairro>Prado</bairro>
    <localidade>Maceió</localidade>
    <uf>AL</uf>
    <estado>Alagoas</estado>
    <região/>
    <ibge>2704302</ibge>
    <gia/>
    <ddd>82</ddd>
    <siafi>2785</siafi>
  </cep>
  <cep>
    <cep>57010-230</cep>
    <logradouro>Rua Conselheiro Francisco Vieira</logradouro>
    <complemento/>
    <unidade/>
    <bairro>Prado</bairro>
    <localidade>Maceió</localidade>
    <uf>AL</uf>
    <estado>Alagoas</estado>
    <região/>
    <ibge>2704302</ibge>
    <gia/>
    <ddd>82</ddd>
    <siafi>2785</siafi>
  </cep>
  <cep>
    <cep>57010-250</cep>
    <logradouro>Rua Doutor João Eulálio</logradouro>
    <complemento/>
    <unidade/>
    <bairro>Prado</bairro>
    <localidade>Maceió</localidade>
    <uf>AL</uf>
    <estado>Alagoas</estado>
    <região/>
    <ibge>2704302</ibge>
    <gia/>
    <ddd>82</ddd>
    <siafi>2785</siafi>
  </cep>
  <cep>
    <cep>57010-150</cep>
    <logradouro>Rua João Lício Marques</logradouro>
    <complemento/>
    <unidade/>
    <bairro>Prado</bairro>
    <localidade>Maceió</localidade>
    <uf>AL</uf>
    <estado>Alagoas</estado>
    <região/>
    <ibge>2704302</ibge>
    <gia/>
    <ddd>82</ddd>
    <siafi>2785</siafi>
  </cep>
  <cep>
    <cep>57010-252</cep>
    <logradouro>Rua Professor Luiz Carlos de Souza Neto</logradouro>
    <complemento>até 374/375</complemento>
    <unidade/>
    <bairro>Prado</bairro>
    <localidade>Maceió</localidade>
    <uf>AL</uf>
    <estado>Alagoas</estado>
    <região/>
    <ibge>2704302</ibge>
    <gia/>
    <ddd>82</ddd>
    <siafi>2785</siafi>
  </cep>
  <cep>
    <cep>57010-065</cep>
    <logradouro>Condomínio Canto dos Pássaros I</logradouro>
    <complemento/>
    <unidade/>
    <bairro>Prado</bairro>
    <localidade>Maceió</localidade>
    <uf>AL</uf>
    <estado>Alagoas</estado>
    <região/>
    <ibge>2704302</ibge>
    <gia/>
    <ddd>82</ddd>
    <siafi>2785</siafi>
  </cep>
  <cep>
    <cep>57010-140</cep>
    <logradouro>Rua Edgar de Góes Monteiro</logradouro>
    <complemento/>
    <unidade/>
    <bairro>Prado</bairro>
    <localidade>Maceió</localidade>
    <uf>AL</uf>
    <estado>Alagoas</estado>
    <região/>
    <ibge>2704302</ibge>
    <gia/>
    <ddd>82</ddd>
    <siafi>2785</siafi>
  </cep>
  <cep>
    <cep>57010-000</cep>
    <logradouro>Avenida Siqueira Campos</logradouro>
    <complemento>até 959 - lado ímpar</complemento>
    <unidade/>
    <bairro>Prado</bairro>
    <localidade>Maceió</localidade>
    <uf>AL</uf>
    <estado>Alagoas</estado>
    <região/>
    <ibge>2704302</ibge>
    <gia/>
    <ddd>82</ddd>
    <siafi>2785</siafi>
  </cep>
  <cep>
    <cep>57010-052</cep>
    <logradouro>Rua Álvaro Marinho</logradouro>
    <complemento>de 205/206 ao fim</complemento>
    <unidade/>
    <bairro>Prado</bairro>
    <localidade>Maceió</localidade>
    <uf>AL</uf>
    <estado>Alagoas</estado>
    <região/>
    <ibge>2704302</ibge>
    <gia/>
    <ddd>82</ddd>
    <siafi>2785</siafi>
  </cep>
  <cep>
    <cep>57010-220</cep>
    <logradouro>Rua Vinte e Um de Abril</logradouro>
    <complemento>de 403/404 ao fim</complemento>
    <unidade/>
    <bairro>Prado</bairro>
    <localidade>Maceió</localidade>
    <uf>AL</uf>
    <estado>Alagoas</estado>
    <região/>
    <ibge>2704302</ibge>
    <gia/>
    <ddd>82</ddd>
    <siafi>2785</siafi>
  </cep>
  <cep>
    <cep>57010-161</cep>
    <logradouro>Avenida Professor Loureiro</logradouro>
    <complemento>de 91/92 a 568/569</complemento>
    <unidade/>
    <bairro>Prado</bairro>
    <localidade>Maceió</localidade>
    <uf>AL</uf>
    <estado>Alagoas</estado>
    <região/>
    <ibge>2704302</ibge>
    <gia/>
    <ddd>82</ddd>
    <siafi>2785</siafi>
  </cep>
  <cep>
    <cep>57010-254</cep>
    <logradouro>Rua José Leopoldino de Oliveira</logradouro>
    <complemento>até 250/251</complemento>
    <unidade/>
    <bairro>Prado</bairro>
    <localidade>Maceió</localidade>
    <uf>AL</uf>
    <estado>Alagoas</estado>
    <região/>
    <ibge>2704302</ibge>
    <gia/>
    <ddd>82</ddd>
    <siafi>2785</siafi>
  </cep>
  <cep>
    <cep>57010-256</cep>
    <logradouro>Travessa Professor Luiz Carlos Souza Neto</logradouro>
    <complemento/>
    <unidade/>
    <bairro>Prado</bairro>
    <localidade>Maceió</localidade>
    <uf>AL</uf>
    <estado>Alagoas</estado>
    <região/>
    <ibge>2704302</ibge>
    <gia/>
    <ddd>82</ddd>
    <siafi>2785</siafi>
  </cep>
  <cep>
    <cep>57010-258</cep>
    <logradouro>Rua Tiradentes</logradouro>
    <complemento>de 368/369 ao fim</complemento>
    <unidade/>
    <bairro>Prado</bairro>
    <localidade>Maceió</localidade>
    <uf>AL</uf>
    <estado>Alagoas</estado>
    <região/>
    <ibge>2704302</ibge>
    <gia/>
    <ddd>82</ddd>
    <siafi>2785</siafi>
  </cep>
  <cep>
    <cep>57010-260</cep>
    <logradouro>Rua Franco Jatobá</logradouro>
    <complemento/>
    <unidade/>
    <bairro>Prado</bairro>
    <localidade>Maceió</localidade>
    <uf>AL</uf>
    <estado>Alagoas</estado>
    <região/>
    <ibge>2704302</ibge>
    <gia/>
    <ddd>82</ddd>
    <siafi>2785</siafi>
  </cep>
  <cep>
    <cep>57010-270</cep>
    <logradouro>Travessa Franco Jatobá II</logradouro>
    <complemento/>
    <unidade/>
    <bairro>Prado</bairro>
    <localidade>Maceió</localidade>
    <uf>AL</uf>
    <estado>Alagoas</estado>
    <região/>
    <ibge>2704302</ibge>
    <gia/>
    <ddd>82</ddd>
    <siafi>2785</siafi>
  </cep>
  <cep>
    <cep>57010-383</cep>
    <logradouro>Rua Professor Luiz Lavenere Machado</logradouro>
    <complemento/>
    <unidade/>
    <bairro>Trapiche da Barra</bairro>
    <localidade>Maceió</localidade>
    <uf>AL</uf>
    <estado>Alagoas</estado>
    <região/>
    <ibge>2704302</ibge>
    <gia/>
    <ddd>82</ddd>
    <siafi>2785</siafi>
  </cep>
  <cep>
    <cep>57010-450</cep>
    <logradouro>Rua Francisco Vieira</logradouro>
    <complemento/>
    <unidade/>
    <bairro>Trapiche da Barra</bairro>
    <localidade>Maceió</localidade>
    <uf>AL</uf>
    <estado>Alagoas</estado>
    <região/>
    <ibge>2704302</ibge>
    <gia/>
    <ddd>82</ddd>
    <siafi>2785</siafi>
  </cep>
  <cep>
    <cep>57010-290</cep>
    <logradouro>Rua Lourival Vieira Costa</logradouro>
    <complemento/>
    <unidade/>
    <bairro>Prado</bairro>
    <localidade>Maceió</localidade>
    <uf>AL</uf>
    <estado>Alagoas</estado>
    <região/>
    <ibge>2704302</ibge>
    <gia/>
    <ddd>82</ddd>
    <siafi>2785</siafi>
  </cep>
  <cep>
    <cep>57010-300</cep>
    <logradouro>Rua Comendador Teixeira Bastos</logradouro>
    <complemento>de 151 ao fim - lado ímpar</complemento>
    <unidade/>
    <bairro>Prado</bairro>
    <localidade>Maceió</localidade>
    <uf>AL</uf>
    <estado>Alagoas</estado>
    <região/>
    <ibge>2704302</ibge>
    <gia/>
    <ddd>82</ddd>
    <siafi>2785</siafi>
  </cep>
  <cep>
    <cep>57010-350</cep>
    <logradouro>Rua do Ceará</logradouro>
    <complemento>de 94/95 ao fim</complemento>
    <unidade/>
    <bairro>Prado</bairro>
    <localidade>Maceió</localidade>
    <uf>AL</uf>
    <estado>Alagoas</estado>
    <região/>
    <ibge>2704302</ibge>
    <gia/>
    <ddd>82</ddd>
    <siafi>2785</siafi>
  </cep>
  <cep>
    <cep>57010-265</cep>
    <logradouro>Rua Desembargador Anthero Medeiros</logradouro>
    <complemento/>
    <unidade/>
    <bairro>Prado</bairro>
    <localidade>Maceió</localidade>
    <uf>AL</uf>
    <estado>Alagoas</estado>
    <região/>
    <ibge>2704302</ibge>
    <gia/>
    <ddd>82</ddd>
    <siafi>2785</siafi>
  </cep>
  <cep>
    <cep>57010-268</cep>
    <logradouro>Rua Tabelião Euricles Protásio</logradouro>
    <complemento>até 136/137</complemento>
    <unidade/>
    <bairro>Prado</bairro>
    <localidade>Maceió</localidade>
    <uf>AL</uf>
    <estado>Alagoas</estado>
    <região/>
    <ibge>2704302</ibge>
    <gia/>
    <ddd>82</ddd>
    <siafi>2785</siafi>
  </cep>
  <cep>
    <cep>57010-415</cep>
    <logradouro>Avenida Siqueira Campos</logradouro>
    <complemento>de 2251 ao fim - lado ímpar</complemento>
    <unidade/>
    <bairro>Trapiche da Barra</bairro>
    <localidade>Maceió</localidade>
    <uf>AL</uf>
    <estado>Alagoas</estado>
    <região/>
    <ibge>2704302</ibge>
    <gia/>
    <ddd>82</ddd>
    <siafi>2785</siafi>
  </cep>
  <cep>
    <cep>57010-400</cep>
    <logradouro>Rua Guilherme Rogato</logradouro>
    <complemento/>
    <unidade/>
    <bairro>Trapiche da Barra</bairro>
    <localidade>Maceió</localidade>
    <uf>AL</uf>
    <estado>Alagoas</estado>
    <região/>
    <ibge>2704302</ibge>
    <gia/>
    <ddd>82</ddd>
    <siafi>2785</siafi>
  </cep>
  <cep>
    <cep>57010-373</cep>
    <logradouro>Praça Pingo D'Água</logradouro>
    <complemento/>
    <unidade/>
    <bairro>Trapiche da Barra</bairro>
    <localidade>Maceió</localidade>
    <uf>AL</uf>
    <estado>Alagoas</estado>
    <região/>
    <ibge>2704302</ibge>
    <gia/>
    <ddd>82</ddd>
    <siafi>2785</siafi>
  </cep>
  <cep>
    <cep>57010-364</cep>
    <logradouro>Rua Xavier de Brito</logradouro>
    <complemento>de 1209 a 1325 - lado ímpar</complemento>
    <unidade/>
    <bairro>Prado</bairro>
    <localidade>Maceió</localidade>
    <uf>AL</uf>
    <estado>Alagoas</estado>
    <região/>
    <ibge>2704302</ibge>
    <gia/>
    <ddd>82</ddd>
    <siafi>2785</siafi>
  </cep>
  <cep>
    <cep>57010-386</cep>
    <logradouro>Condomínio Residencial Vila dos Pescadores</logradouro>
    <complemento/>
    <unidade/>
    <bairro>Trapiche da Barra</bairro>
    <localidade>Maceió</localidade>
    <uf>AL</uf>
    <estado>Alagoas</estado>
    <região/>
    <ibge>2704302</ibge>
    <gia/>
    <ddd>82</ddd>
    <siafi>2785</siafi>
  </cep>
  <cep>
    <cep>57010-395</cep>
    <logradouro>Avenida Siqueira Campos</logradouro>
    <complemento>de 2666 ao fim - lado par</complemento>
    <unidade/>
    <bairro>Trapiche da Barra</bairro>
    <localidade>Maceió</localidade>
    <uf>AL</uf>
    <estado>Alagoas</estado>
    <região/>
    <ibge>2704302</ibge>
    <gia/>
    <ddd>82</ddd>
    <siafi>2785</siafi>
  </cep>
  <cep>
    <cep>57010-382</cep>
    <logradouro>Avenida Jorge de Lima</logradouro>
    <complemento/>
    <unidade/>
    <bairro>Trapiche da Barra</bairro>
    <localidade>Maceió</localidade>
    <uf>AL</uf>
    <estado>Alagoas</estado>
    <região/>
    <ibge>2704302</ibge>
    <gia/>
    <ddd>82</ddd>
    <siafi>2785</siafi>
  </cep>
  <cep>
    <cep>57010-324</cep>
    <logradouro>Rua Professora Maria José Loureiro Lima</logradouro>
    <complemento>de 90/91 ao fim</complemento>
    <unidade/>
    <bairro>Prado</bairro>
    <localidade>Maceió</localidade>
    <uf>AL</uf>
    <estado>Alagoas</estado>
    <região/>
    <ibge>2704302</ibge>
    <gia/>
    <ddd>82</ddd>
    <siafi>2785</siafi>
  </cep>
  <cep>
    <cep>57010-390</cep>
    <logradouro>Rua Ubirajara</logradouro>
    <complemento/>
    <unidade/>
    <bairro>Trapiche da Barra</bairro>
    <localidade>Maceió</localidade>
    <uf>AL</uf>
    <estado>Alagoas</estado>
    <região/>
    <ibge>2704302</ibge>
    <gia/>
    <ddd>82</ddd>
    <siafi>2785</siafi>
  </cep>
  <cep>
    <cep>57010-410</cep>
    <logradouro>Rua Oséas Sarmento Rosas</logradouro>
    <complemento/>
    <unidade/>
    <bairro>Trapiche da Barra</bairro>
    <localidade>Maceió</localidade>
    <uf>AL</uf>
    <estado>Alagoas</estado>
    <região/>
    <ibge>2704302</ibge>
    <gia/>
    <ddd>82</ddd>
    <siafi>2785</siafi>
  </cep>
  <cep>
    <cep>57010-262</cep>
    <logradouro>Rua Monsenhor Luiz Barbosa</logradouro>
    <complemento>até 141/142</complemento>
    <unidade/>
    <bairro>Prado</bairro>
    <localidade>Maceió</localidade>
    <uf>AL</uf>
    <estado>Alagoas</estado>
    <região/>
    <ibge>2704302</ibge>
    <gia/>
    <ddd>82</ddd>
    <siafi>2785</siafi>
  </cep>
  <cep>
    <cep>57010-430</cep>
    <logradouro>Rua Cônego Fernando Lyra</logradouro>
    <complemento/>
    <unidade/>
    <bairro>Trapiche da Barra</bairro>
    <localidade>Maceió</localidade>
    <uf>AL</uf>
    <estado>Alagoas</estado>
    <região/>
    <ibge>2704302</ibge>
    <gia/>
    <ddd>82</ddd>
    <siafi>2785</siafi>
  </cep>
  <cep>
    <cep>57010-291</cep>
    <logradouro>Avenida Vieira Perdigão</logradouro>
    <complemento>lado par</complemento>
    <unidade/>
    <bairro>Prado</bairro>
    <localidade>Maceió</localidade>
    <uf>AL</uf>
    <estado>Alagoas</estado>
    <região/>
    <ibge>2704302</ibge>
    <gia/>
    <ddd>82</ddd>
    <siafi>2785</siafi>
  </cep>
  <cep>
    <cep>57010-470</cep>
    <logradouro>Rua Benjamin Constant</logradouro>
    <complemento/>
    <unidade/>
    <bairro>Trapiche da Barra</bairro>
    <localidade>Maceió</localidade>
    <uf>AL</uf>
    <estado>Alagoas</estado>
    <região/>
    <ibge>2704302</ibge>
    <gia/>
    <ddd>82</ddd>
    <siafi>2785</siafi>
  </cep>
  <cep>
    <cep>57010-440</cep>
    <logradouro>Rua Riachuelo</logradouro>
    <complemento/>
    <unidade/>
    <bairro>Trapiche da Barra</bairro>
    <localidade>Maceió</localidade>
    <uf>AL</uf>
    <estado>Alagoas</estado>
    <região/>
    <ibge>2704302</ibge>
    <gia/>
    <ddd>82</ddd>
    <siafi>2785</siafi>
  </cep>
  <cep>
    <cep>57010-340</cep>
    <logradouro>Travessa dos Confidentes</logradouro>
    <complemento/>
    <unidade/>
    <bairro>Prado</bairro>
    <localidade>Maceió</localidade>
    <uf>AL</uf>
    <estado>Alagoas</estado>
    <região/>
    <ibge>2704302</ibge>
    <gia/>
    <ddd>82</ddd>
    <siafi>2785</siafi>
  </cep>
  <cep>
    <cep>57010-370</cep>
    <logradouro>Rua Vinte e Oito de Setembro</logradouro>
    <complemento/>
    <unidade/>
    <bairro>Trapiche da Barra</bairro>
    <localidade>Maceió</localidade>
    <uf>AL</uf>
    <estado>Alagoas</estado>
    <região/>
    <ibge>2704302</ibge>
    <gia/>
    <ddd>82</ddd>
    <siafi>2785</siafi>
  </cep>
  <cep>
    <cep>57010-381</cep>
    <logradouro>Rua Coronel Serafim Dutra Cavalcante</logradouro>
    <complemento/>
    <unidade/>
    <bairro>Trapiche da Barra</bairro>
    <localidade>Maceió</localidade>
    <uf>AL</uf>
    <estado>Alagoas</estado>
    <região/>
    <ibge>2704302</ibge>
    <gia/>
    <ddd>82</ddd>
    <siafi>2785</siafi>
  </cep>
  <cep>
    <cep>57010-295</cep>
    <logradouro>Praça do Pirulito</logradouro>
    <complemento>de 114 ao fim - lado par</complemento>
    <unidade/>
    <bairro>Prado</bairro>
    <localidade>Maceió</localidade>
    <uf>AL</uf>
    <estado>Alagoas</estado>
    <região/>
    <ibge>2704302</ibge>
    <gia/>
    <ddd>82</ddd>
    <siafi>2785</siafi>
  </cep>
  <cep>
    <cep>57010-460</cep>
    <logradouro>Travessa Francisco Vieira</logradouro>
    <complemento/>
    <unidade/>
    <bairro>Trapiche da Barra</bairro>
    <localidade>Maceió</localidade>
    <uf>AL</uf>
    <estado>Alagoas</estado>
    <região/>
    <ibge>2704302</ibge>
    <gia/>
    <ddd>82</ddd>
    <siafi>2785</siafi>
  </cep>
  <cep>
    <cep>57010-266</cep>
    <logradouro>Rua São Luiz</logradouro>
    <complemento>de 412/413 ao fim</complemento>
    <unidade/>
    <bairro>Prado</bairro>
    <localidade>Maceió</localidade>
    <uf>AL</uf>
    <estado>Alagoas</estado>
    <região/>
    <ibge>2704302</ibge>
    <gia/>
    <ddd>82</ddd>
    <siafi>2785</siafi>
  </cep>
  <cep>
    <cep>57010-274</cep>
    <logradouro>Avenida Roberto Pontes Lima</logradouro>
    <complemento>lado ímpar</complemento>
    <unidade/>
    <bairro>Prado</bairro>
    <localidade>Maceió</localidade>
    <uf>AL</uf>
    <estado>Alagoas</estado>
    <região/>
    <ibge>2704302</ibge>
    <gia/>
    <ddd>82</ddd>
    <siafi>2785</siafi>
  </cep>
  <cep>
    <cep>57010-264</cep>
    <logradouro>Rua Professor Paulo Senouillet</logradouro>
    <complemento>de 240/241 ao fim</complemento>
    <unidade/>
    <bairro>Prado</bairro>
    <localidade>Maceió</localidade>
    <uf>AL</uf>
    <estado>Alagoas</estado>
    <região/>
    <ibge>2704302</ibge>
    <gia/>
    <ddd>82</ddd>
    <siafi>2785</siafi>
  </cep>
  <cep>
    <cep>57010-366</cep>
    <logradouro>Rua Xavier de Brito</logradouro>
    <complemento>até 1180/1181</complemento>
    <unidade/>
    <bairro>Prado</bairro>
    <localidade>Maceió</localidade>
    <uf>AL</uf>
    <estado>Alagoas</estado>
    <região/>
    <ibge>2704302</ibge>
    <gia/>
    <ddd>82</ddd>
    <siafi>2785</siafi>
  </cep>
  <cep>
    <cep>57010-380</cep>
    <logradouro>Rua Doutor Paulo Neto</logradouro>
    <complemento/>
    <unidade/>
    <bairro>Trapiche da Barra</bairro>
    <localidade>Maceió</localidade>
    <uf>AL</uf>
    <estado>Alagoas</estado>
    <região/>
    <ibge>2704302</ibge>
    <gia/>
    <ddd>82</ddd>
    <siafi>2785</siafi>
  </cep>
  <cep>
    <cep>57010-376</cep>
    <logradouro>Rua Ary Pitombo</logradouro>
    <complemento/>
    <unidade/>
    <bairro>Trapiche da Barra</bairro>
    <localidade>Maceió</localidade>
    <uf>AL</uf>
    <estado>Alagoas</estado>
    <região/>
    <ibge>2704302</ibge>
    <gia/>
    <ddd>82</ddd>
    <siafi>2785</siafi>
  </cep>
  <cep>
    <cep>57010-378</cep>
    <logradouro>Travessa Capitão Cantuário</logradouro>
    <complemento/>
    <unidade/>
    <bairro>Trapiche da Barra</bairro>
    <localidade>Maceió</localidade>
    <uf>AL</uf>
    <estado>Alagoas</estado>
    <região/>
    <ibge>2704302</ibge>
    <gia/>
    <ddd>82</ddd>
    <siafi>2785</siafi>
  </cep>
  <cep>
    <cep>57010-420</cep>
    <logradouro>Rua José Alves Barbosa</logradouro>
    <complemento/>
    <unidade/>
    <bairro>Trapiche da Barra</bairro>
    <localidade>Maceió</localidade>
    <uf>AL</uf>
    <estado>Alagoas</estado>
    <região/>
    <ibge>2704302</ibge>
    <gia/>
    <ddd>82</ddd>
    <siafi>2785</siafi>
  </cep>
  <cep>
    <cep>57010-480</cep>
    <logradouro>Avenida Senador Rui Palmeira</logradouro>
    <complemento/>
    <unidade/>
    <bairro>Trapiche da Barra</bairro>
    <localidade>Maceió</localidade>
    <uf>AL</uf>
    <estado>Alagoas</estado>
    <região/>
    <ibge>2704302</ibge>
    <gia/>
    <ddd>82</ddd>
    <siafi>2785</siafi>
  </cep>
  <cep>
    <cep>57010-475</cep>
    <logradouro>Travessa Benjamin Constant</logradouro>
    <complemento/>
    <unidade/>
    <bairro>Trapiche da Barra</bairro>
    <localidade>Maceió</localidade>
    <uf>AL</uf>
    <estado>Alagoas</estado>
    <região/>
    <ibge>2704302</ibge>
    <gia/>
    <ddd>82</ddd>
    <siafi>2785</siafi>
  </cep>
  <cep>
    <cep>57010-384</cep>
    <logradouro>Rua Professor Teonilo Gama</logradouro>
    <complemento/>
    <unidade/>
    <bairro>Trapiche da Barra</bairro>
    <localidade>Maceió</localidade>
    <uf>AL</uf>
    <estado>Alagoas</estado>
    <região/>
    <ibge>2704302</ibge>
    <gia/>
    <ddd>82</ddd>
    <siafi>2785</siafi>
  </cep>
  <cep>
    <cep>57010-360</cep>
    <logradouro>Travessa Calabar</logradouro>
    <complemento/>
    <unidade/>
    <bairro>Prado</bairro>
    <localidade>Maceió</localidade>
    <uf>AL</uf>
    <estado>Alagoas</estado>
    <região/>
    <ibge>2704302</ibge>
    <gia/>
    <ddd>82</ddd>
    <siafi>2785</siafi>
  </cep>
  <cep>
    <cep>57010-510</cep>
    <logradouro>Rua Itamarati</logradouro>
    <complemento/>
    <unidade/>
    <bairro>Trapiche da Barra</bairro>
    <localidade>Maceió</localidade>
    <uf>AL</uf>
    <estado>Alagoas</estado>
    <região/>
    <ibge>2704302</ibge>
    <gia/>
    <ddd>82</ddd>
    <siafi>2785</siafi>
  </cep>
  <cep>
    <cep>57010-371</cep>
    <logradouro>Avenida Assis Chateaubriand</logradouro>
    <complemento>de 3710/3711 a 4999/5000</complemento>
    <unidade/>
    <bairro>Trapiche da Barra</bairro>
    <localidade>Maceió</localidade>
    <uf>AL</uf>
    <estado>Alagoas</estado>
    <região/>
    <ibge>2704302</ibge>
    <gia/>
    <ddd>82</ddd>
    <siafi>2785</siafi>
  </cep>
  <cep>
    <cep>57010-091</cep>
    <logradouro>Rua Caramurus</logradouro>
    <complemento>até 447/448</complemento>
    <unidade/>
    <bairro>Prado</bairro>
    <localidade>Maceió</localidade>
    <uf>AL</uf>
    <estado>Alagoas</estado>
    <região/>
    <ibge>2704302</ibge>
    <gia/>
    <ddd>82</ddd>
    <siafi>2785</siafi>
  </cep>
  <cep>
    <cep>57010-377</cep>
    <logradouro>Rua Capitão Cantuário</logradouro>
    <complemento/>
    <unidade/>
    <bairro>Trapiche da Barra</bairro>
    <localidade>Maceió</localidade>
    <uf>AL</uf>
    <estado>Alagoas</estado>
    <região/>
    <ibge>2704302</ibge>
    <gia/>
    <ddd>82</ddd>
    <siafi>2785</siafi>
  </cep>
  <cep>
    <cep>57010-542</cep>
    <logradouro>Rua Camila Silva Sabino</logradouro>
    <complemento/>
    <unidade/>
    <bairro>Trapiche da Barra</bairro>
    <localidade>Maceió</localidade>
    <uf>AL</uf>
    <estado>Alagoas</estado>
    <região/>
    <ibge>2704302</ibge>
    <gia/>
    <ddd>82</ddd>
    <siafi>2785</siafi>
  </cep>
  <cep>
    <cep>57010-374</cep>
    <logradouro>Rua Aminadab Valente</logradouro>
    <complemento/>
    <unidade/>
    <bairro>Trapiche da Barra</bairro>
    <localidade>Maceió</localidade>
    <uf>AL</uf>
    <estado>Alagoas</estado>
    <região/>
    <ibge>2704302</ibge>
    <gia/>
    <ddd>82</ddd>
    <siafi>2785</siafi>
  </cep>
  <cep>
    <cep>57010-368</cep>
    <logradouro>Rua Agnelo Barbosa</logradouro>
    <complemento/>
    <unidade/>
    <bairro>Prado</bairro>
    <localidade>Maceió</localidade>
    <uf>AL</uf>
    <estado>Alagoas</estado>
    <região/>
    <ibge>2704302</ibge>
    <gia/>
    <ddd>82</ddd>
    <siafi>2785</siafi>
  </cep>
  <cep>
    <cep>57010-445</cep>
    <logradouro>Travessa Riachuelo</logradouro>
    <complemento/>
    <unidade/>
    <bairro>Trapiche da Barra</bairro>
    <localidade>Maceió</localidade>
    <uf>AL</uf>
    <estado>Alagoas</estado>
    <região/>
    <ibge>2704302</ibge>
    <gia/>
    <ddd>82</ddd>
    <siafi>2785</siafi>
  </cep>
  <cep>
    <cep>57010-330</cep>
    <logradouro>Rua Piauí</logradouro>
    <complemento/>
    <unidade/>
    <bairro>Prado</bairro>
    <localidade>Maceió</localidade>
    <uf>AL</uf>
    <estado>Alagoas</estado>
    <região/>
    <ibge>2704302</ibge>
    <gia/>
    <ddd>82</ddd>
    <siafi>2785</siafi>
  </cep>
  <cep>
    <cep>57010-530</cep>
    <logradouro>Rua Benigno Bezerra</logradouro>
    <complemento/>
    <unidade/>
    <bairro>Trapiche da Barra</bairro>
    <localidade>Maceió</localidade>
    <uf>AL</uf>
    <estado>Alagoas</estado>
    <região/>
    <ibge>2704302</ibge>
    <gia/>
    <ddd>82</ddd>
    <siafi>2785</siafi>
  </cep>
  <cep>
    <cep>57010-490</cep>
    <logradouro>Rua Padre Silvestre Vedregoor</logradouro>
    <complemento/>
    <unidade/>
    <bairro>Trapiche da Barra</bairro>
    <localidade>Maceió</localidade>
    <uf>AL</uf>
    <estado>Alagoas</estado>
    <região/>
    <ibge>2704302</ibge>
    <gia/>
    <ddd>82</ddd>
    <siafi>2785</siafi>
  </cep>
  <cep>
    <cep>57010-405</cep>
    <logradouro>Avenida Siqueira Campos</logradouro>
    <complemento>de 1639 a 2249 - lado ímpar</complemento>
    <unidade/>
    <bairro>Trapiche da Barra</bairro>
    <localidade>Maceió</localidade>
    <uf>AL</uf>
    <estado>Alagoas</estado>
    <região/>
    <ibge>2704302</ibge>
    <gia/>
    <ddd>82</ddd>
    <siafi>2785</siafi>
  </cep>
  <cep>
    <cep>57010-610</cep>
    <logradouro>Rua João Lins Cedrim</logradouro>
    <complemento/>
    <unidade/>
    <bairro>Trapiche da Barra</bairro>
    <localidade>Maceió</localidade>
    <uf>AL</uf>
    <estado>Alagoas</estado>
    <região/>
    <ibge>2704302</ibge>
    <gia/>
    <ddd>82</ddd>
    <siafi>2785</siafi>
  </cep>
  <cep>
    <cep>57010-570</cep>
    <logradouro>Vila São José</logradouro>
    <complemento/>
    <unidade/>
    <bairro>Trapiche da Barra</bairro>
    <localidade>Maceió</localidade>
    <uf>AL</uf>
    <estado>Alagoas</estado>
    <região/>
    <ibge>2704302</ibge>
    <gia/>
    <ddd>82</ddd>
    <siafi>2785</siafi>
  </cep>
  <cep>
    <cep>57010-550</cep>
    <logradouro>Rua Coronel José Francisco Vieira</logradouro>
    <complemento/>
    <unidade/>
    <bairro>Trapiche da Barra</bairro>
    <localidade>Maceió</localidade>
    <uf>AL</uf>
    <estado>Alagoas</estado>
    <região/>
    <ibge>2704302</ibge>
    <gia/>
    <ddd>82</ddd>
    <siafi>2785</siafi>
  </cep>
  <cep>
    <cep>57010-369</cep>
    <logradouro>Rua Primeiro de Maio</logradouro>
    <complemento>de 98/99 ao fim</complemento>
    <unidade/>
    <bairro>Prado</bairro>
    <localidade>Maceió</localidade>
    <uf>AL</uf>
    <estado>Alagoas</estado>
    <região/>
    <ibge>2704302</ibge>
    <gia/>
    <ddd>82</ddd>
    <siafi>2785</siafi>
  </cep>
  <cep>
    <cep>57010-615</cep>
    <logradouro>Rua Pio XII</logradouro>
    <complemento>até 137 - lado ímpar</complemento>
    <unidade/>
    <bairro>Trapiche da Barra</bairro>
    <localidade>Maceió</localidade>
    <uf>AL</uf>
    <estado>Alagoas</estado>
    <região/>
    <ibge>2704302</ibge>
    <gia/>
    <ddd>82</ddd>
    <siafi>2785</siafi>
  </cep>
  <cep>
    <cep>57010-520</cep>
    <logradouro>Rua Sebastião Vasconcelos</logradouro>
    <complemento/>
    <unidade/>
    <bairro>Trapiche da Barra</bairro>
    <localidade>Maceió</localidade>
    <uf>AL</uf>
    <estado>Alagoas</estado>
    <região/>
    <ibge>2704302</ibge>
    <gia/>
    <ddd>82</ddd>
    <siafi>2785</siafi>
  </cep>
  <cep>
    <cep>57010-590</cep>
    <logradouro>Rua Guarda-Civil Manoel Leandro</logradouro>
    <complemento/>
    <unidade/>
    <bairro>Trapiche da Barra</bairro>
    <localidade>Maceió</localidade>
    <uf>AL</uf>
    <estado>Alagoas</estado>
    <região/>
    <ibge>2704302</ibge>
    <gia/>
    <ddd>82</ddd>
    <siafi>2785</siafi>
  </cep>
  <cep>
    <cep>57010-322</cep>
    <logradouro>Avenida Doutor Miguel Omena</logradouro>
    <complemento>de 211/212 ao fim</complemento>
    <unidade/>
    <bairro>Prado</bairro>
    <localidade>Maceió</localidade>
    <uf>AL</uf>
    <estado>Alagoas</estado>
    <região/>
    <ibge>2704302</ibge>
    <gia/>
    <ddd>82</ddd>
    <siafi>2785</siafi>
  </cep>
  <cep>
    <cep>57010-500</cep>
    <logradouro>Rua Antônio Raimundo de Lima</logradouro>
    <complemento/>
    <unidade/>
    <bairro>Trapiche da Barra</bairro>
    <localidade>Maceió</localidade>
    <uf>AL</uf>
    <estado>Alagoas</estado>
    <região/>
    <ibge>2704302</ibge>
    <gia/>
    <ddd>82</ddd>
    <siafi>2785</siafi>
  </cep>
  <cep>
    <cep>57010-620</cep>
    <logradouro>Rua Manoel Moura</logradouro>
    <complemento/>
    <unidade/>
    <bairro>Trapiche da Barra</bairro>
    <localidade>Maceió</localidade>
    <uf>AL</uf>
    <estado>Alagoas</estado>
    <região/>
    <ibge>2704302</ibge>
    <gia/>
    <ddd>82</ddd>
    <siafi>2785</siafi>
  </cep>
  <cep>
    <cep>57010-618</cep>
    <logradouro>Rua Monsenhor Luiz Barbosa</logradouro>
    <complemento>de 143/144 ao fim</complemento>
    <unidade/>
    <bairro>Trapiche da Barra</bairro>
    <localidade>Maceió</localidade>
    <uf>AL</uf>
    <estado>Alagoas</estado>
    <região/>
    <ibge>2704302</ibge>
    <gia/>
    <ddd>82</ddd>
    <siafi>2785</siafi>
  </cep>
  <cep>
    <cep>57010-540</cep>
    <logradouro>Rua Professor Almeida Leite</logradouro>
    <complemento/>
    <unidade/>
    <bairro>Trapiche da Barra</bairro>
    <localidade>Maceió</localidade>
    <uf>AL</uf>
    <estado>Alagoas</estado>
    <região/>
    <ibge>2704302</ibge>
    <gia/>
    <ddd>82</ddd>
    <siafi>2785</siafi>
  </cep>
  <cep>
    <cep>57010-612</cep>
    <logradouro>Rua Xavier de Brito</logradouro>
    <complemento>de 1320/1321 ao fim</complemento>
    <unidade/>
    <bairro>Trapiche da Barra</bairro>
    <localidade>Maceió</localidade>
    <uf>AL</uf>
    <estado>Alagoas</estado>
    <região/>
    <ibge>2704302</ibge>
    <gia/>
    <ddd>82</ddd>
    <siafi>2785</siafi>
  </cep>
  <cep>
    <cep>57010-375</cep>
    <logradouro>Rua Coronel Adauto Barbosa</logradouro>
    <complemento/>
    <unidade/>
    <bairro>Trapiche da Barra</bairro>
    <localidade>Maceió</localidade>
    <uf>AL</uf>
    <estado>Alagoas</estado>
    <região/>
    <ibge>2704302</ibge>
    <gia/>
    <ddd>82</ddd>
    <siafi>2785</siafi>
  </cep>
  <cep>
    <cep>57010-624</cep>
    <logradouro>Rua Tabelião Euricles Protásio</logradouro>
    <complemento/>
    <unidade/>
    <bairro>Trapiche da Barra</bairro>
    <localidade>Maceió</localidade>
    <uf>AL</uf>
    <estado>Alagoas</estado>
    <região/>
    <ibge>2704302</ibge>
    <gia/>
    <ddd>82</ddd>
    <siafi>2785</siafi>
  </cep>
  <cep>
    <cep>57010-645</cep>
    <logradouro>Avenida Siqueira Campos</logradouro>
    <complemento>de 1600 a 2664 - lado par</complemento>
    <unidade/>
    <bairro>Trapiche da Barra</bairro>
    <localidade>Maceió</localidade>
    <uf>AL</uf>
    <estado>Alagoas</estado>
    <região/>
    <ibge>2704302</ibge>
    <gia/>
    <ddd>82</ddd>
    <siafi>2785</siafi>
  </cep>
  <cep>
    <cep>57010-680</cep>
    <logradouro>Rua Boa Viagem</logradouro>
    <complemento/>
    <unidade/>
    <bairro>Trapiche da Barra</bairro>
    <localidade>Maceió</localidade>
    <uf>AL</uf>
    <estado>Alagoas</estado>
    <região/>
    <ibge>2704302</ibge>
    <gia/>
    <ddd>82</ddd>
    <siafi>2785</siafi>
  </cep>
  <cep>
    <cep>57010-622</cep>
    <logradouro>Avenida Roberto Pontes Lima</logradouro>
    <complemento>lado par</complemento>
    <unidade/>
    <bairro>Trapiche da Barra</bairro>
    <localidade>Maceió</localidade>
    <uf>AL</uf>
    <estado>Alagoas</estado>
    <região/>
    <ibge>2704302</ibge>
    <gia/>
    <ddd>82</ddd>
    <siafi>2785</siafi>
  </cep>
  <cep>
    <cep>57010-688</cep>
    <logradouro>Rua Bom Jesus dos Navegantes</logradouro>
    <complemento/>
    <unidade/>
    <bairro>Trapiche da Barra</bairro>
    <localidade>Maceió</localidade>
    <uf>AL</uf>
    <estado>Alagoas</estado>
    <região/>
    <ibge>2704302</ibge>
    <gia/>
    <ddd>82</ddd>
    <siafi>2785</siafi>
  </cep>
  <cep>
    <cep>57010-650</cep>
    <logradouro>Travessa Franco Jatobá II</logradouro>
    <complemento/>
    <unidade/>
    <bairro>Trapiche da Barra</bairro>
    <localidade>Maceió</localidade>
    <uf>AL</uf>
    <estado>Alagoas</estado>
    <região/>
    <ibge>2704302</ibge>
    <gia/>
    <ddd>82</ddd>
    <siafi>2785</siafi>
  </cep>
  <cep>
    <cep>57010-616</cep>
    <logradouro>Rua Pio XII</logradouro>
    <complemento>de 145/146 ao fim</complemento>
    <unidade/>
    <bairro>Trapiche da Barra</bairro>
    <localidade>Maceió</localidade>
    <uf>AL</uf>
    <estado>Alagoas</estado>
    <região/>
    <ibge>2704302</ibge>
    <gia/>
    <ddd>82</ddd>
    <siafi>2785</siafi>
  </cep>
  <cep>
    <cep>57010-272</cep>
    <logradouro>Rua Pio XII</logradouro>
    <complemento>até 128 - lado par</complemento>
    <unidade/>
    <bairro>Prado</bairro>
    <localidade>Maceió</localidade>
    <uf>AL</uf>
    <estado>Alagoas</estado>
    <região/>
    <ibge>2704302</ibge>
    <gia/>
    <ddd>82</ddd>
    <siafi>2785</siafi>
  </cep>
  <cep>
    <cep>57010-614</cep>
    <logradouro>Rua Xavier de Brito</logradouro>
    <complemento>de 1224 a 1300 - lado par</complemento>
    <unidade/>
    <bairro>Trapiche da Barra</bairro>
    <localidade>Maceió</localidade>
    <uf>AL</uf>
    <estado>Alagoas</estado>
    <região/>
    <ibge>2704302</ibge>
    <gia/>
    <ddd>82</ddd>
    <siafi>2785</siafi>
  </cep>
  <cep>
    <cep>57010-690</cep>
    <logradouro>1ª Travessa Bom Jesus dos Navegantes</logradouro>
    <complemento/>
    <unidade/>
    <bairro>Trapiche da Barra</bairro>
    <localidade>Maceió</localidade>
    <uf>AL</uf>
    <estado>Alagoas</estado>
    <região/>
    <ibge>2704302</ibge>
    <gia/>
    <ddd>82</ddd>
    <siafi>2785</siafi>
  </cep>
  <cep>
    <cep>57010-692</cep>
    <logradouro>2ª Travessa Bom Jesus dos Navegantes</logradouro>
    <complemento/>
    <unidade/>
    <bairro>Trapiche da Barra</bairro>
    <localidade>Maceió</localidade>
    <uf>AL</uf>
    <estado>Alagoas</estado>
    <região/>
    <ibge>2704302</ibge>
    <gia/>
    <ddd>82</ddd>
    <siafi>2785</siafi>
  </cep>
  <cep>
    <cep>57010-706</cep>
    <logradouro>Rua C</logradouro>
    <complemento>(Cj Lenita Vilela)</complemento>
    <unidade/>
    <bairro>Trapiche da Barra</bairro>
    <localidade>Maceió</localidade>
    <uf>AL</uf>
    <estado>Alagoas</estado>
    <região/>
    <ibge>2704302</ibge>
    <gia/>
    <ddd>82</ddd>
    <siafi>2785</siafi>
  </cep>
  <cep>
    <cep>57010-708</cep>
    <logradouro>Rua D</logradouro>
    <complemento>(Cj Lenita Vilela)</complemento>
    <unidade/>
    <bairro>Trapiche da Barra</bairro>
    <localidade>Maceió</localidade>
    <uf>AL</uf>
    <estado>Alagoas</estado>
    <região/>
    <ibge>2704302</ibge>
    <gia/>
    <ddd>82</ddd>
    <siafi>2785</siafi>
  </cep>
  <cep>
    <cep>57010-702</cep>
    <logradouro>Rua A</logradouro>
    <complemento>(Cj Lenita Vilela)</complemento>
    <unidade/>
    <bairro>Trapiche da Barra</bairro>
    <localidade>Maceió</localidade>
    <uf>AL</uf>
    <estado>Alagoas</estado>
    <região/>
    <ibge>2704302</ibge>
    <gia/>
    <ddd>82</ddd>
    <siafi>2785</siafi>
  </cep>
  <cep>
    <cep>57010-703</cep>
    <logradouro>Rua Santa Margarida</logradouro>
    <complemento/>
    <unidade/>
    <bairro>Trapiche da Barra</bairro>
    <localidade>Maceió</localidade>
    <uf>AL</uf>
    <estado>Alagoas</estado>
    <região/>
    <ibge>2704302</ibge>
    <gia/>
    <ddd>82</ddd>
    <siafi>2785</siafi>
  </cep>
  <cep>
    <cep>57010-704</cep>
    <logradouro>Rua B</logradouro>
    <complemento>(Cj Lenita Vilela)</complemento>
    <unidade/>
    <bairro>Trapiche da Barra</bairro>
    <localidade>Maceió</localidade>
    <uf>AL</uf>
    <estado>Alagoas</estado>
    <região/>
    <ibge>2704302</ibge>
    <gia/>
    <ddd>82</ddd>
    <siafi>2785</siafi>
  </cep>
  <cep>
    <cep>57010-710</cep>
    <logradouro>Rua Doze de Outubro</logradouro>
    <complemento/>
    <unidade/>
    <bairro>Trapiche da Barra</bairro>
    <localidade>Maceió</localidade>
    <uf>AL</uf>
    <estado>Alagoas</estado>
    <região/>
    <ibge>2704302</ibge>
    <gia/>
    <ddd>82</ddd>
    <siafi>2785</siafi>
  </cep>
  <cep>
    <cep>57010-712</cep>
    <logradouro>Rua E</logradouro>
    <complemento>(Cj Lenita Vilela)</complemento>
    <unidade/>
    <bairro>Trapiche da Barra</bairro>
    <localidade>Maceió</localidade>
    <uf>AL</uf>
    <estado>Alagoas</estado>
    <região/>
    <ibge>2704302</ibge>
    <gia/>
    <ddd>82</ddd>
    <siafi>2785</siafi>
  </cep>
  <cep>
    <cep>57010-714</cep>
    <logradouro>Rua F</logradouro>
    <complemento>(Cj Lenita Vilela)</complemento>
    <unidade/>
    <bairro>Trapiche da Barra</bairro>
    <localidade>Maceió</localidade>
    <uf>AL</uf>
    <estado>Alagoas</estado>
    <região/>
    <ibge>2704302</ibge>
    <gia/>
    <ddd>82</ddd>
    <siafi>2785</siafi>
  </cep>
  <cep>
    <cep>57010-716</cep>
    <logradouro>Rua G</logradouro>
    <complemento>(Cj Lenita Vilela)</complemento>
    <unidade/>
    <bairro>Trapiche da Barra</bairro>
    <localidade>Maceió</localidade>
    <uf>AL</uf>
    <estado>Alagoas</estado>
    <região/>
    <ibge>2704302</ibge>
    <gia/>
    <ddd>82</ddd>
    <siafi>2785</siafi>
  </cep>
  <cep>
    <cep>57010-718</cep>
    <logradouro>Rua J</logradouro>
    <complemento>(Cj Lenita Vilela)</complemento>
    <unidade/>
    <bairro>Trapiche da Barra</bairro>
    <localidade>Maceió</localidade>
    <uf>AL</uf>
    <estado>Alagoas</estado>
    <região/>
    <ibge>2704302</ibge>
    <gia/>
    <ddd>82</ddd>
    <siafi>2785</siafi>
  </cep>
  <cep>
    <cep>57010-715</cep>
    <logradouro>Rua V</logradouro>
    <complemento>(Cj Virgem dos Pobres II)</complemento>
    <unidade/>
    <bairro>Trapiche da Barra</bairro>
    <localidade>Maceió</localidade>
    <uf>AL</uf>
    <estado>Alagoas</estado>
    <região/>
    <ibge>2704302</ibge>
    <gia/>
    <ddd>82</ddd>
    <siafi>2785</siafi>
  </cep>
  <cep>
    <cep>57010-721</cep>
    <logradouro>Rua H</logradouro>
    <complemento>(Cj Lenita Vilela)</complemento>
    <unidade/>
    <bairro>Trapiche da Barra</bairro>
    <localidade>Maceió</localidade>
    <uf>AL</uf>
    <estado>Alagoas</estado>
    <região/>
    <ibge>2704302</ibge>
    <gia/>
    <ddd>82</ddd>
    <siafi>2785</siafi>
  </cep>
  <cep>
    <cep>57010-724</cep>
    <logradouro>Rua I</logradouro>
    <complemento>(Cj Lenita Vilela)</complemento>
    <unidade/>
    <bairro>Trapiche da Barra</bairro>
    <localidade>Maceió</localidade>
    <uf>AL</uf>
    <estado>Alagoas</estado>
    <região/>
    <ibge>2704302</ibge>
    <gia/>
    <ddd>82</ddd>
    <siafi>2785</siafi>
  </cep>
  <cep>
    <cep>57010-726</cep>
    <logradouro>Rua Professor Luiz Carlos de Souza Neto</logradouro>
    <complemento>de 376/377 ao fim</complemento>
    <unidade/>
    <bairro>Trapiche da Barra</bairro>
    <localidade>Maceió</localidade>
    <uf>AL</uf>
    <estado>Alagoas</estado>
    <região/>
    <ibge>2704302</ibge>
    <gia/>
    <ddd>82</ddd>
    <siafi>2785</siafi>
  </cep>
  <cep>
    <cep>57010-728</cep>
    <logradouro>Rua José Leopoldino de Oliveira</logradouro>
    <complemento>de 288/289 ao fim</complemento>
    <unidade/>
    <bairro>Trapiche da Barra</bairro>
    <localidade>Maceió</localidade>
    <uf>AL</uf>
    <estado>Alagoas</estado>
    <região/>
    <ibge>2704302</ibge>
    <gia/>
    <ddd>82</ddd>
    <siafi>2785</siafi>
  </cep>
  <cep>
    <cep>57010-720</cep>
    <logradouro>Rua José Ferreira</logradouro>
    <complemento/>
    <unidade/>
    <bairro>Trapiche da Barra</bairro>
    <localidade>Maceió</localidade>
    <uf>AL</uf>
    <estado>Alagoas</estado>
    <região/>
    <ibge>2704302</ibge>
    <gia/>
    <ddd>82</ddd>
    <siafi>2785</siafi>
  </cep>
  <cep>
    <cep>57010-734</cep>
    <logradouro>Rua Virgílio Guedes</logradouro>
    <complemento>de 1643 ao fim - lado ímpar</complemento>
    <unidade/>
    <bairro>Trapiche da Barra</bairro>
    <localidade>Maceió</localidade>
    <uf>AL</uf>
    <estado>Alagoas</estado>
    <região/>
    <ibge>2704302</ibge>
    <gia/>
    <ddd>82</ddd>
    <siafi>2785</siafi>
  </cep>
  <cep>
    <cep>57010-732</cep>
    <logradouro>Travessa dos Pescadores</logradouro>
    <complemento/>
    <unidade/>
    <bairro>Trapiche da Barra</bairro>
    <localidade>Maceió</localidade>
    <uf>AL</uf>
    <estado>Alagoas</estado>
    <região/>
    <ibge>2704302</ibge>
    <gia/>
    <ddd>82</ddd>
    <siafi>2785</siafi>
  </cep>
  <cep>
    <cep>57010-736</cep>
    <logradouro>Rua Boa Vista</logradouro>
    <complemento>lado par</complemento>
    <unidade/>
    <bairro>Trapiche da Barra</bairro>
    <localidade>Maceió</localidade>
    <uf>AL</uf>
    <estado>Alagoas</estado>
    <região/>
    <ibge>2704302</ibge>
    <gia/>
    <ddd>82</ddd>
    <siafi>2785</siafi>
  </cep>
  <cep>
    <cep>57010-740</cep>
    <logradouro>Rua José Pimentel Leite Passos</logradouro>
    <complemento/>
    <unidade/>
    <bairro>Trapiche da Barra</bairro>
    <localidade>Maceió</localidade>
    <uf>AL</uf>
    <estado>Alagoas</estado>
    <região/>
    <ibge>2704302</ibge>
    <gia/>
    <ddd>82</ddd>
    <siafi>2785</siafi>
  </cep>
  <cep>
    <cep>57010-741</cep>
    <logradouro>Rua Y</logradouro>
    <complemento>(Cj Virgem dos Pobres II)</complemento>
    <unidade/>
    <bairro>Trapiche da Barra</bairro>
    <localidade>Maceió</localidade>
    <uf>AL</uf>
    <estado>Alagoas</estado>
    <região/>
    <ibge>2704302</ibge>
    <gia/>
    <ddd>82</ddd>
    <siafi>2785</siafi>
  </cep>
  <cep>
    <cep>57010-743</cep>
    <logradouro>Rua A</logradouro>
    <complemento>(Cj Virgem dos Pobres II)</complemento>
    <unidade/>
    <bairro>Trapiche da Barra</bairro>
    <localidade>Maceió</localidade>
    <uf>AL</uf>
    <estado>Alagoas</estado>
    <região/>
    <ibge>2704302</ibge>
    <gia/>
    <ddd>82</ddd>
    <siafi>2785</siafi>
  </cep>
  <cep>
    <cep>57010-750</cep>
    <logradouro>Rua Padre José de Anchieta</logradouro>
    <complemento/>
    <unidade/>
    <bairro>Trapiche da Barra</bairro>
    <localidade>Maceió</localidade>
    <uf>AL</uf>
    <estado>Alagoas</estado>
    <região/>
    <ibge>2704302</ibge>
    <gia/>
    <ddd>82</ddd>
    <siafi>2785</siafi>
  </cep>
  <cep>
    <cep>57010-744</cep>
    <logradouro>Rua B</logradouro>
    <complemento>(Cj Virgem dos Pobres II)</complemento>
    <unidade/>
    <bairro>Trapiche da Barra</bairro>
    <localidade>Maceió</localidade>
    <uf>AL</uf>
    <estado>Alagoas</estado>
    <região/>
    <ibge>2704302</ibge>
    <gia/>
    <ddd>82</ddd>
    <siafi>2785</siafi>
  </cep>
  <cep>
    <cep>57010-752</cep>
    <logradouro>Rua H</logradouro>
    <complemento>(Cj Virgem dos Pobres II)</complemento>
    <unidade/>
    <bairro>Trapiche da Barra</bairro>
    <localidade>Maceió</localidade>
    <uf>AL</uf>
    <estado>Alagoas</estado>
    <região/>
    <ibge>2704302</ibge>
    <gia/>
    <ddd>82</ddd>
    <siafi>2785</siafi>
  </cep>
  <cep>
    <cep>57010-751</cep>
    <logradouro>Rua G</logradouro>
    <complemento>(Cj Virgem dos Pobres II)</complemento>
    <unidade/>
    <bairro>Trapiche da Barra</bairro>
    <localidade>Maceió</localidade>
    <uf>AL</uf>
    <estado>Alagoas</estado>
    <região/>
    <ibge>2704302</ibge>
    <gia/>
    <ddd>82</ddd>
    <siafi>2785</siafi>
  </cep>
  <cep>
    <cep>57010-742</cep>
    <logradouro>Rua Z</logradouro>
    <complemento>(Cj Virgem dos Pobres II)</complemento>
    <unidade/>
    <bairro>Trapiche da Barra</bairro>
    <localidade>Maceió</localidade>
    <uf>AL</uf>
    <estado>Alagoas</estado>
    <região/>
    <ibge>2704302</ibge>
    <gia/>
    <ddd>82</ddd>
    <siafi>2785</siafi>
  </cep>
  <cep>
    <cep>57010-765</cep>
    <logradouro>Rua da Paz</logradouro>
    <complemento/>
    <unidade/>
    <bairro>Trapiche da Barra</bairro>
    <localidade>Maceió</localidade>
    <uf>AL</uf>
    <estado>Alagoas</estado>
    <região/>
    <ibge>2704302</ibge>
    <gia/>
    <ddd>82</ddd>
    <siafi>2785</siafi>
  </cep>
  <cep>
    <cep>57010-771</cep>
    <logradouro>Rua P</logradouro>
    <complemento>(Cj Virgem dos Pobres II)</complemento>
    <unidade/>
    <bairro>Trapiche da Barra</bairro>
    <localidade>Maceió</localidade>
    <uf>AL</uf>
    <estado>Alagoas</estado>
    <região/>
    <ibge>2704302</ibge>
    <gia/>
    <ddd>82</ddd>
    <siafi>2785</siafi>
  </cep>
  <cep>
    <cep>57010-773</cep>
    <logradouro>Rua Pedro Timoteo Acioly</logradouro>
    <complemento/>
    <unidade/>
    <bairro>Trapiche da Barra</bairro>
    <localidade>Maceió</localidade>
    <uf>AL</uf>
    <estado>Alagoas</estado>
    <região/>
    <ibge>2704302</ibge>
    <gia/>
    <ddd>82</ddd>
    <siafi>2785</siafi>
  </cep>
  <cep>
    <cep>57010-772</cep>
    <logradouro>Rua Francisco Tenório Araújo</logradouro>
    <complemento/>
    <unidade/>
    <bairro>Trapiche da Barra</bairro>
    <localidade>Maceió</localidade>
    <uf>AL</uf>
    <estado>Alagoas</estado>
    <região/>
    <ibge>2704302</ibge>
    <gia/>
    <ddd>82</ddd>
    <siafi>2785</siafi>
  </cep>
  <cep>
    <cep>57010-760</cep>
    <logradouro>Rua Alvorada</logradouro>
    <complemento/>
    <unidade/>
    <bairro>Trapiche da Barra</bairro>
    <localidade>Maceió</localidade>
    <uf>AL</uf>
    <estado>Alagoas</estado>
    <região/>
    <ibge>2704302</ibge>
    <gia/>
    <ddd>82</ddd>
    <siafi>2785</siafi>
  </cep>
  <cep>
    <cep>57010-774</cep>
    <logradouro>Rua João Gomes de Albuquerque</logradouro>
    <complemento/>
    <unidade/>
    <bairro>Trapiche da Barra</bairro>
    <localidade>Maceió</localidade>
    <uf>AL</uf>
    <estado>Alagoas</estado>
    <região/>
    <ibge>2704302</ibge>
    <gia/>
    <ddd>82</ddd>
    <siafi>2785</siafi>
  </cep>
  <cep>
    <cep>57010-777</cep>
    <logradouro>Rua W</logradouro>
    <complemento>(Cj Virgem dos Pobres II)</complemento>
    <unidade/>
    <bairro>Trapiche da Barra</bairro>
    <localidade>Maceió</localidade>
    <uf>AL</uf>
    <estado>Alagoas</estado>
    <região/>
    <ibge>2704302</ibge>
    <gia/>
    <ddd>82</ddd>
    <siafi>2785</siafi>
  </cep>
  <cep>
    <cep>57010-778</cep>
    <logradouro>Rua U</logradouro>
    <complemento>(Cj Virgem dos Pobres II)</complemento>
    <unidade/>
    <bairro>Trapiche da Barra</bairro>
    <localidade>Maceió</localidade>
    <uf>AL</uf>
    <estado>Alagoas</estado>
    <região/>
    <ibge>2704302</ibge>
    <gia/>
    <ddd>82</ddd>
    <siafi>2785</siafi>
  </cep>
  <cep>
    <cep>57010-776</cep>
    <logradouro>Rua T</logradouro>
    <complemento>(Cj Virgem dos Pobres II)</complemento>
    <unidade/>
    <bairro>Trapiche da Barra</bairro>
    <localidade>Maceió</localidade>
    <uf>AL</uf>
    <estado>Alagoas</estado>
    <região/>
    <ibge>2704302</ibge>
    <gia/>
    <ddd>82</ddd>
    <siafi>2785</siafi>
  </cep>
  <cep>
    <cep>57010-775</cep>
    <logradouro>Rua Genuíno Powell Filho</logradouro>
    <complemento>(Cj Virgem dos Pobres II)</complemento>
    <unidade/>
    <bairro>Trapiche da Barra</bairro>
    <localidade>Maceió</localidade>
    <uf>AL</uf>
    <estado>Alagoas</estado>
    <região/>
    <ibge>2704302</ibge>
    <gia/>
    <ddd>82</ddd>
    <siafi>2785</siafi>
  </cep>
  <cep>
    <cep>57010-779</cep>
    <logradouro>Rua X</logradouro>
    <complemento>(Cj Virgem dos Pobres II)</complemento>
    <unidade/>
    <bairro>Trapiche da Barra</bairro>
    <localidade>Maceió</localidade>
    <uf>AL</uf>
    <estado>Alagoas</estado>
    <região/>
    <ibge>2704302</ibge>
    <gia/>
    <ddd>82</ddd>
    <siafi>2785</siafi>
  </cep>
  <cep>
    <cep>57010-780</cep>
    <logradouro>Rua Sebastião Bernardo Caldas</logradouro>
    <complemento/>
    <unidade/>
    <bairro>Trapiche da Barra</bairro>
    <localidade>Maceió</localidade>
    <uf>AL</uf>
    <estado>Alagoas</estado>
    <região/>
    <ibge>2704302</ibge>
    <gia/>
    <ddd>82</ddd>
    <siafi>2785</siafi>
  </cep>
  <cep>
    <cep>57010-783</cep>
    <logradouro>Rua I</logradouro>
    <complemento>(Cj Virgem dos Pobres II)</complemento>
    <unidade/>
    <bairro>Trapiche da Barra</bairro>
    <localidade>Maceió</localidade>
    <uf>AL</uf>
    <estado>Alagoas</estado>
    <região/>
    <ibge>2704302</ibge>
    <gia/>
    <ddd>82</ddd>
    <siafi>2785</siafi>
  </cep>
  <cep>
    <cep>57010-781</cep>
    <logradouro>Rua José Pedro da Silva</logradouro>
    <complemento/>
    <unidade/>
    <bairro>Trapiche da Barra</bairro>
    <localidade>Maceió</localidade>
    <uf>AL</uf>
    <estado>Alagoas</estado>
    <região/>
    <ibge>2704302</ibge>
    <gia/>
    <ddd>82</ddd>
    <siafi>2785</siafi>
  </cep>
  <cep>
    <cep>57010-782</cep>
    <logradouro>Rua José Enéas Filho</logradouro>
    <complemento>(Cj Virgem dos Pobres II)</complemento>
    <unidade/>
    <bairro>Trapiche da Barra</bairro>
    <localidade>Maceió</localidade>
    <uf>AL</uf>
    <estado>Alagoas</estado>
    <região/>
    <ibge>2704302</ibge>
    <gia/>
    <ddd>82</ddd>
    <siafi>2785</siafi>
  </cep>
  <cep>
    <cep>57010-784</cep>
    <logradouro>Rua J</logradouro>
    <complemento>(Cj Virgem dos Pobres II)</complemento>
    <unidade/>
    <bairro>Trapiche da Barra</bairro>
    <localidade>Maceió</localidade>
    <uf>AL</uf>
    <estado>Alagoas</estado>
    <região/>
    <ibge>2704302</ibge>
    <gia/>
    <ddd>82</ddd>
    <siafi>2785</siafi>
  </cep>
  <cep>
    <cep>57010-788</cep>
    <logradouro>Rua N</logradouro>
    <complemento>(Cj Virgem dos Pobres II)</complemento>
    <unidade/>
    <bairro>Trapiche da Barra</bairro>
    <localidade>Maceió</localidade>
    <uf>AL</uf>
    <estado>Alagoas</estado>
    <região/>
    <ibge>2704302</ibge>
    <gia/>
    <ddd>82</ddd>
    <siafi>2785</siafi>
  </cep>
  <cep>
    <cep>57010-785</cep>
    <logradouro>Rua Mariza Cabral de Melo</logradouro>
    <complemento>(Cj Virgem dos Pobres II)</complemento>
    <unidade/>
    <bairro>Trapiche da Barra</bairro>
    <localidade>Maceió</localidade>
    <uf>AL</uf>
    <estado>Alagoas</estado>
    <região/>
    <ibge>2704302</ibge>
    <gia/>
    <ddd>82</ddd>
    <siafi>2785</siafi>
  </cep>
  <cep>
    <cep>57010-787</cep>
    <logradouro>Rua M</logradouro>
    <complemento>(Cj Virgem dos Pobres II)</complemento>
    <unidade/>
    <bairro>Trapiche da Barra</bairro>
    <localidade>Maceió</localidade>
    <uf>AL</uf>
    <estado>Alagoas</estado>
    <região/>
    <ibge>2704302</ibge>
    <gia/>
    <ddd>82</ddd>
    <siafi>2785</siafi>
  </cep>
  <cep>
    <cep>57010-786</cep>
    <logradouro>Rua L</logradouro>
    <complemento>(Cj Virgem dos Pobres II)</complemento>
    <unidade/>
    <bairro>Trapiche da Barra</bairro>
    <localidade>Maceió</localidade>
    <uf>AL</uf>
    <estado>Alagoas</estado>
    <região/>
    <ibge>2704302</ibge>
    <gia/>
    <ddd>82</ddd>
    <siafi>2785</siafi>
  </cep>
  <cep>
    <cep>57010-789</cep>
    <logradouro>Rua Doutor Melo Mota</logradouro>
    <complemento>(Cj Virgem dos Pobres II)</complemento>
    <unidade/>
    <bairro>Trapiche da Barra</bairro>
    <localidade>Maceió</localidade>
    <uf>AL</uf>
    <estado>Alagoas</estado>
    <região/>
    <ibge>2704302</ibge>
    <gia/>
    <ddd>82</ddd>
    <siafi>2785</siafi>
  </cep>
  <cep>
    <cep>57010-790</cep>
    <logradouro>Avenida General Alacir Werner</logradouro>
    <complemento>(Cj Virgem dos Pobres II)</complemento>
    <unidade/>
    <bairro>Trapiche da Barra</bairro>
    <localidade>Maceió</localidade>
    <uf>AL</uf>
    <estado>Alagoas</estado>
    <região/>
    <ibge>2704302</ibge>
    <gia/>
    <ddd>82</ddd>
    <siafi>2785</siafi>
  </cep>
  <cep>
    <cep>57010-791</cep>
    <logradouro>Rua C</logradouro>
    <complemento>(Cj Virgem dos Pobres II)</complemento>
    <unidade/>
    <bairro>Trapiche da Barra</bairro>
    <localidade>Maceió</localidade>
    <uf>AL</uf>
    <estado>Alagoas</estado>
    <região/>
    <ibge>2704302</ibge>
    <gia/>
    <ddd>82</ddd>
    <siafi>2785</siafi>
  </cep>
  <cep>
    <cep>57010-792</cep>
    <logradouro>Rua Osman Tenório Araújo</logradouro>
    <complemento>(Cj Virgem dos Pobres II)</complemento>
    <unidade/>
    <bairro>Trapiche da Barra</bairro>
    <localidade>Maceió</localidade>
    <uf>AL</uf>
    <estado>Alagoas</estado>
    <região/>
    <ibge>2704302</ibge>
    <gia/>
    <ddd>82</ddd>
    <siafi>2785</siafi>
  </cep>
  <cep>
    <cep>57010-794</cep>
    <logradouro>Rua Bartholomeu Arruda Cedrim</logradouro>
    <complemento>(Cj Virgem dos Pobres II)</complemento>
    <unidade/>
    <bairro>Trapiche da Barra</bairro>
    <localidade>Maceió</localidade>
    <uf>AL</uf>
    <estado>Alagoas</estado>
    <região/>
    <ibge>2704302</ibge>
    <gia/>
    <ddd>82</ddd>
    <siafi>2785</siafi>
  </cep>
  <cep>
    <cep>57010-795</cep>
    <logradouro>Rua K</logradouro>
    <complemento>(Cj Virgem dos Pobres II)</complemento>
    <unidade/>
    <bairro>Trapiche da Barra</bairro>
    <localidade>Maceió</localidade>
    <uf>AL</uf>
    <estado>Alagoas</estado>
    <região/>
    <ibge>2704302</ibge>
    <gia/>
    <ddd>82</ddd>
    <siafi>2785</siafi>
  </cep>
  <cep>
    <cep>57010-796</cep>
    <logradouro>Rua C</logradouro>
    <complemento>(Cj Virgem dos Pobres III)</complemento>
    <unidade/>
    <bairro>Trapiche da Barra</bairro>
    <localidade>Maceió</localidade>
    <uf>AL</uf>
    <estado>Alagoas</estado>
    <região/>
    <ibge>2704302</ibge>
    <gia/>
    <ddd>82</ddd>
    <siafi>2785</siafi>
  </cep>
  <cep>
    <cep>57010-799</cep>
    <logradouro>Rua F</logradouro>
    <complemento>(Cj Virgem dos Pobres II)</complemento>
    <unidade/>
    <bairro>Trapiche da Barra</bairro>
    <localidade>Maceió</localidade>
    <uf>AL</uf>
    <estado>Alagoas</estado>
    <região/>
    <ibge>2704302</ibge>
    <gia/>
    <ddd>82</ddd>
    <siafi>2785</siafi>
  </cep>
  <cep>
    <cep>57010-810</cep>
    <logradouro>Avenida Alípio Barbosa da Silva</logradouro>
    <complemento/>
    <unidade/>
    <bairro>Pontal da Barra</bairro>
    <localidade>Maceió</localidade>
    <uf>AL</uf>
    <estado>Alagoas</estado>
    <região/>
    <ibge>2704302</ibge>
    <gia/>
    <ddd>82</ddd>
    <siafi>2785</siafi>
  </cep>
  <cep>
    <cep>57010-850</cep>
    <logradouro>Rua Ernandes Bastos</logradouro>
    <complemento/>
    <unidade/>
    <bairro>Pontal da Barra</bairro>
    <localidade>Maceió</localidade>
    <uf>AL</uf>
    <estado>Alagoas</estado>
    <região/>
    <ibge>2704302</ibge>
    <gia/>
    <ddd>82</ddd>
    <siafi>2785</siafi>
  </cep>
  <cep>
    <cep>57010-797</cep>
    <logradouro>Rua D</logradouro>
    <complemento>(Cj Virgem dos Pobres II)</complemento>
    <unidade/>
    <bairro>Trapiche da Barra</bairro>
    <localidade>Maceió</localidade>
    <uf>AL</uf>
    <estado>Alagoas</estado>
    <região/>
    <ibge>2704302</ibge>
    <gia/>
    <ddd>82</ddd>
    <siafi>2785</siafi>
  </cep>
  <cep>
    <cep>57010-830</cep>
    <logradouro>Praça Doutor Caio Aguiar Porto</logradouro>
    <complemento/>
    <unidade/>
    <bairro>Pontal da Barra</bairro>
    <localidade>Maceió</localidade>
    <uf>AL</uf>
    <estado>Alagoas</estado>
    <região/>
    <ibge>2704302</ibge>
    <gia/>
    <ddd>82</ddd>
    <siafi>2785</siafi>
  </cep>
  <cep>
    <cep>57010-798</cep>
    <logradouro>Rua E</logradouro>
    <complemento>(Cj Virgem dos Pobres II)</complemento>
    <unidade/>
    <bairro>Trapiche da Barra</bairro>
    <localidade>Maceió</localidade>
    <uf>AL</uf>
    <estado>Alagoas</estado>
    <região/>
    <ibge>2704302</ibge>
    <gia/>
    <ddd>82</ddd>
    <siafi>2785</siafi>
  </cep>
  <cep>
    <cep>57010-820</cep>
    <logradouro>Rua Campus Tamandaré</logradouro>
    <complemento/>
    <unidade/>
    <bairro>Pontal da Barra</bairro>
    <localidade>Maceió</localidade>
    <uf>AL</uf>
    <estado>Alagoas</estado>
    <região/>
    <ibge>2704302</ibge>
    <gia/>
    <ddd>82</ddd>
    <siafi>2785</siafi>
  </cep>
  <cep>
    <cep>57010-800</cep>
    <logradouro>Avenida Assis Chateaubriand</logradouro>
    <complemento>de 5260/5261 ao fim</complemento>
    <unidade/>
    <bairro>Pontal da Barra</bairro>
    <localidade>Maceió</localidade>
    <uf>AL</uf>
    <estado>Alagoas</estado>
    <região/>
    <ibge>2704302</ibge>
    <gia/>
    <ddd>82</ddd>
    <siafi>2785</siafi>
  </cep>
  <cep>
    <cep>57010-852</cep>
    <logradouro>Travessa Ernandes Bastos</logradouro>
    <complemento/>
    <unidade/>
    <bairro>Pontal da Barra</bairro>
    <localidade>Maceió</localidade>
    <uf>AL</uf>
    <estado>Alagoas</estado>
    <região/>
    <ibge>2704302</ibge>
    <gia/>
    <ddd>82</ddd>
    <siafi>2785</siafi>
  </cep>
  <cep>
    <cep>57010-862</cep>
    <logradouro>1ª Rua Alto da Floresta</logradouro>
    <complemento/>
    <unidade/>
    <bairro>Pontal da Barra</bairro>
    <localidade>Maceió</localidade>
    <uf>AL</uf>
    <estado>Alagoas</estado>
    <região/>
    <ibge>2704302</ibge>
    <gia/>
    <ddd>82</ddd>
    <siafi>2785</siafi>
  </cep>
  <cep>
    <cep>57010-856</cep>
    <logradouro>1ª Travessa Santa Helena</logradouro>
    <complemento/>
    <unidade/>
    <bairro>Pontal da Barra</bairro>
    <localidade>Maceió</localidade>
    <uf>AL</uf>
    <estado>Alagoas</estado>
    <região/>
    <ibge>2704302</ibge>
    <gia/>
    <ddd>82</ddd>
    <siafi>2785</siafi>
  </cep>
  <cep>
    <cep>57010-859</cep>
    <logradouro>3ª Travessa Santa Helena</logradouro>
    <complemento/>
    <unidade/>
    <bairro>Pontal da Barra</bairro>
    <localidade>Maceió</localidade>
    <uf>AL</uf>
    <estado>Alagoas</estado>
    <região/>
    <ibge>2704302</ibge>
    <gia/>
    <ddd>82</ddd>
    <siafi>2785</siafi>
  </cep>
  <cep>
    <cep>57010-854</cep>
    <logradouro>2ª Rua Ernandes Bastos</logradouro>
    <complemento/>
    <unidade/>
    <bairro>Pontal da Barra</bairro>
    <localidade>Maceió</localidade>
    <uf>AL</uf>
    <estado>Alagoas</estado>
    <região/>
    <ibge>2704302</ibge>
    <gia/>
    <ddd>82</ddd>
    <siafi>2785</siafi>
  </cep>
  <cep>
    <cep>57010-860</cep>
    <logradouro>Rua Santa Helena</logradouro>
    <complemento/>
    <unidade/>
    <bairro>Pontal da Barra</bairro>
    <localidade>Maceió</localidade>
    <uf>AL</uf>
    <estado>Alagoas</estado>
    <região/>
    <ibge>2704302</ibge>
    <gia/>
    <ddd>82</ddd>
    <siafi>2785</siafi>
  </cep>
  <cep>
    <cep>57010-858</cep>
    <logradouro>2ª Travessa Santa Helena</logradouro>
    <complemento/>
    <unidade/>
    <bairro>Pontal da Barra</bairro>
    <localidade>Maceió</localidade>
    <uf>AL</uf>
    <estado>Alagoas</estado>
    <região/>
    <ibge>2704302</ibge>
    <gia/>
    <ddd>82</ddd>
    <siafi>2785</siafi>
  </cep>
  <cep>
    <cep>57010-863</cep>
    <logradouro>1ª Travessa Alto da Floresta</logradouro>
    <complemento/>
    <unidade/>
    <bairro>Pontal da Barra</bairro>
    <localidade>Maceió</localidade>
    <uf>AL</uf>
    <estado>Alagoas</estado>
    <região/>
    <ibge>2704302</ibge>
    <gia/>
    <ddd>82</ddd>
    <siafi>2785</siafi>
  </cep>
  <cep>
    <cep>57010-864</cep>
    <logradouro>2ª Rua Alto da Floresta</logradouro>
    <complemento/>
    <unidade/>
    <bairro>Pontal da Barra</bairro>
    <localidade>Maceió</localidade>
    <uf>AL</uf>
    <estado>Alagoas</estado>
    <região/>
    <ibge>2704302</ibge>
    <gia/>
    <ddd>82</ddd>
    <siafi>2785</siafi>
  </cep>
  <cep>
    <cep>57010-882</cep>
    <logradouro>Rua Alto da Boa Vista</logradouro>
    <complemento/>
    <unidade/>
    <bairro>Pontal da Barra</bairro>
    <localidade>Maceió</localidade>
    <uf>AL</uf>
    <estado>Alagoas</estado>
    <região/>
    <ibge>2704302</ibge>
    <gia/>
    <ddd>82</ddd>
    <siafi>2785</siafi>
  </cep>
  <cep>
    <cep>57010-880</cep>
    <logradouro>Rua Iracema Lessa de Andrade</logradouro>
    <complemento/>
    <unidade/>
    <bairro>Pontal da Barra</bairro>
    <localidade>Maceió</localidade>
    <uf>AL</uf>
    <estado>Alagoas</estado>
    <região/>
    <ibge>2704302</ibge>
    <gia/>
    <ddd>82</ddd>
    <siafi>2785</siafi>
  </cep>
  <cep>
    <cep>57014-002</cep>
    <logradouro>Rua Virgílio Guedes</logradouro>
    <complemento>lado par</complemento>
    <unidade/>
    <bairro>Ponta Grossa</bairro>
    <localidade>Maceió</localidade>
    <uf>AL</uf>
    <estado>Alagoas</estado>
    <região/>
    <ibge>2704302</ibge>
    <gia/>
    <ddd>82</ddd>
    <siafi>2785</siafi>
  </cep>
  <cep>
    <cep>57010-874</cep>
    <logradouro>1ª Travessa São Sebastião</logradouro>
    <complemento>(Projetada 653)</complemento>
    <unidade/>
    <bairro>Pontal da Barra</bairro>
    <localidade>Maceió</localidade>
    <uf>AL</uf>
    <estado>Alagoas</estado>
    <região/>
    <ibge>2704302</ibge>
    <gia/>
    <ddd>82</ddd>
    <siafi>2785</siafi>
  </cep>
  <cep>
    <cep>57014-006</cep>
    <logradouro>Rua Santa Catarina</logradouro>
    <complemento>até 213/214</complemento>
    <unidade/>
    <bairro>Ponta Grossa</bairro>
    <localidade>Maceió</localidade>
    <uf>AL</uf>
    <estado>Alagoas</estado>
    <região/>
    <ibge>2704302</ibge>
    <gia/>
    <ddd>82</ddd>
    <siafi>2785</siafi>
  </cep>
  <cep>
    <cep>57010-872</cep>
    <logradouro>Rua São Sebastião</logradouro>
    <complemento/>
    <unidade/>
    <bairro>Pontal da Barra</bairro>
    <localidade>Maceió</localidade>
    <uf>AL</uf>
    <estado>Alagoas</estado>
    <região/>
    <ibge>2704302</ibge>
    <gia/>
    <ddd>82</ddd>
    <siafi>2785</siafi>
  </cep>
  <cep>
    <cep>57010-900</cep>
    <logradouro>Avenida Assis Chateaubriand</logradouro>
    <complemento>5260</complemento>
    <unidade>BRASKEM</unidade>
    <bairro>Trapiche da Barra</bairro>
    <localidade>Maceió</localidade>
    <uf>AL</uf>
    <estado>Alagoas</estado>
    <região/>
    <ibge>2704302</ibge>
    <gia/>
    <ddd>82</ddd>
    <siafi>2785</siafi>
  </cep>
  <cep>
    <cep>57010-876</cep>
    <logradouro>2ª Travessa São Sebastião</logradouro>
    <complemento/>
    <unidade/>
    <bairro>Pontal da Barra</bairro>
    <localidade>Maceió</localidade>
    <uf>AL</uf>
    <estado>Alagoas</estado>
    <região/>
    <ibge>2704302</ibge>
    <gia/>
    <ddd>82</ddd>
    <siafi>2785</siafi>
  </cep>
  <cep>
    <cep>57014-008</cep>
    <logradouro>Rua Professor Paulo Senouillet</logradouro>
    <complemento>até 215/216</complemento>
    <unidade/>
    <bairro>Ponta Grossa</bairro>
    <localidade>Maceió</localidade>
    <uf>AL</uf>
    <estado>Alagoas</estado>
    <região/>
    <ibge>2704302</ibge>
    <gia/>
    <ddd>82</ddd>
    <siafi>2785</siafi>
  </cep>
  <cep>
    <cep>57010-865</cep>
    <logradouro>2ª Travessa Alto da Floresta</logradouro>
    <complemento/>
    <unidade/>
    <bairro>Pontal da Barra</bairro>
    <localidade>Maceió</localidade>
    <uf>AL</uf>
    <estado>Alagoas</estado>
    <região/>
    <ibge>2704302</ibge>
    <gia/>
    <ddd>82</ddd>
    <siafi>2785</siafi>
  </cep>
  <cep>
    <cep>57014-000</cep>
    <logradouro>Rua Formosa</logradouro>
    <complemento>de 1323/1324 ao fim</complemento>
    <unidade/>
    <bairro>Ponta Grossa</bairro>
    <localidade>Maceió</localidade>
    <uf>AL</uf>
    <estado>Alagoas</estado>
    <região/>
    <ibge>2704302</ibge>
    <gia/>
    <ddd>82</ddd>
    <siafi>2785</siafi>
  </cep>
  <cep>
    <cep>57010-970</cep>
    <logradouro>Rua Agnelo Barbosa</logradouro>
    <complemento>612</complemento>
    <unidade>CDD Mundaú</unidade>
    <bairro>Prado</bairro>
    <localidade>Maceió</localidade>
    <uf>AL</uf>
    <estado>Alagoas</estado>
    <região/>
    <ibge>2704302</ibge>
    <gia/>
    <ddd>82</ddd>
    <siafi>2785</siafi>
  </cep>
  <cep>
    <cep>57014-004</cep>
    <logradouro>Rua Tiradentes</logradouro>
    <complemento>até 314/315</complemento>
    <unidade/>
    <bairro>Ponta Grossa</bairro>
    <localidade>Maceió</localidade>
    <uf>AL</uf>
    <estado>Alagoas</estado>
    <região/>
    <ibge>2704302</ibge>
    <gia/>
    <ddd>82</ddd>
    <siafi>2785</siafi>
  </cep>
  <cep>
    <cep>57014-010</cep>
    <logradouro>Rua Craveiro Costa</logradouro>
    <complemento/>
    <unidade/>
    <bairro>Ponta Grossa</bairro>
    <localidade>Maceió</localidade>
    <uf>AL</uf>
    <estado>Alagoas</estado>
    <região/>
    <ibge>2704302</ibge>
    <gia/>
    <ddd>82</ddd>
    <siafi>2785</siafi>
  </cep>
  <cep>
    <cep>57010-866</cep>
    <logradouro>3ª Rua Alto da Floresta</logradouro>
    <complemento/>
    <unidade/>
    <bairro>Pontal da Barra</bairro>
    <localidade>Maceió</localidade>
    <uf>AL</uf>
    <estado>Alagoas</estado>
    <região/>
    <ibge>2704302</ibge>
    <gia/>
    <ddd>82</ddd>
    <siafi>2785</siafi>
  </cep>
  <cep>
    <cep>57014-020</cep>
    <logradouro>Rua Moacyr Miranda</logradouro>
    <complemento/>
    <unidade/>
    <bairro>Ponta Grossa</bairro>
    <localidade>Maceió</localidade>
    <uf>AL</uf>
    <estado>Alagoas</estado>
    <região/>
    <ibge>2704302</ibge>
    <gia/>
    <ddd>82</ddd>
    <siafi>2785</siafi>
  </cep>
  <cep>
    <cep>57010-870</cep>
    <logradouro>Praça São Sebastião</logradouro>
    <complemento/>
    <unidade/>
    <bairro>Pontal da Barra</bairro>
    <localidade>Maceió</localidade>
    <uf>AL</uf>
    <estado>Alagoas</estado>
    <região/>
    <ibge>2704302</ibge>
    <gia/>
    <ddd>82</ddd>
    <siafi>2785</siafi>
  </cep>
  <cep>
    <cep>57014-012</cep>
    <logradouro>Rua São Luiz</logradouro>
    <complemento>até 393/394</complemento>
    <unidade/>
    <bairro>Ponta Grossa</bairro>
    <localidade>Maceió</localidade>
    <uf>AL</uf>
    <estado>Alagoas</estado>
    <região/>
    <ibge>2704302</ibge>
    <gia/>
    <ddd>82</ddd>
    <siafi>2785</siafi>
  </cep>
  <cep>
    <cep>57014-040</cep>
    <logradouro>Conjunto Cardoso da Silva</logradouro>
    <complemento/>
    <unidade/>
    <bairro>Ponta Grossa</bairro>
    <localidade>Maceió</localidade>
    <uf>AL</uf>
    <estado>Alagoas</estado>
    <região/>
    <ibge>2704302</ibge>
    <gia/>
    <ddd>82</ddd>
    <siafi>2785</siafi>
  </cep>
  <cep>
    <cep>57014-072</cep>
    <logradouro>Rua Marquês de Pombal</logradouro>
    <complemento>de 245 ao fim - lado ímpar</complemento>
    <unidade/>
    <bairro>Ponta Grossa</bairro>
    <localidade>Maceió</localidade>
    <uf>AL</uf>
    <estado>Alagoas</estado>
    <região/>
    <ibge>2704302</ibge>
    <gia/>
    <ddd>82</ddd>
    <siafi>2785</siafi>
  </cep>
  <cep>
    <cep>57014-070</cep>
    <logradouro>Rua Marquês de Pombal</logradouro>
    <complemento>até 208/209</complemento>
    <unidade/>
    <bairro>Ponta Grossa</bairro>
    <localidade>Maceió</localidade>
    <uf>AL</uf>
    <estado>Alagoas</estado>
    <região/>
    <ibge>2704302</ibge>
    <gia/>
    <ddd>82</ddd>
    <siafi>2785</siafi>
  </cep>
  <cep>
    <cep>57014-160</cep>
    <logradouro>Rua Antônio Ferreira Barbosa</logradouro>
    <complemento/>
    <unidade/>
    <bairro>Ponta Grossa</bairro>
    <localidade>Maceió</localidade>
    <uf>AL</uf>
    <estado>Alagoas</estado>
    <região/>
    <ibge>2704302</ibge>
    <gia/>
    <ddd>82</ddd>
    <siafi>2785</siafi>
  </cep>
  <cep>
    <cep>57014-110</cep>
    <logradouro>Rua da Sementeira</logradouro>
    <complemento/>
    <unidade/>
    <bairro>Ponta Grossa</bairro>
    <localidade>Maceió</localidade>
    <uf>AL</uf>
    <estado>Alagoas</estado>
    <região/>
    <ibge>2704302</ibge>
    <gia/>
    <ddd>82</ddd>
    <siafi>2785</siafi>
  </cep>
  <cep>
    <cep>57014-210</cep>
    <logradouro>Avenida Professor Loureiro</logradouro>
    <complemento>até 235/236</complemento>
    <unidade/>
    <bairro>Ponta Grossa</bairro>
    <localidade>Maceió</localidade>
    <uf>AL</uf>
    <estado>Alagoas</estado>
    <região/>
    <ibge>2704302</ibge>
    <gia/>
    <ddd>82</ddd>
    <siafi>2785</siafi>
  </cep>
  <cep>
    <cep>57014-080</cep>
    <logradouro>Rua Guaicurus</logradouro>
    <complemento/>
    <unidade/>
    <bairro>Ponta Grossa</bairro>
    <localidade>Maceió</localidade>
    <uf>AL</uf>
    <estado>Alagoas</estado>
    <região/>
    <ibge>2704302</ibge>
    <gia/>
    <ddd>82</ddd>
    <siafi>2785</siafi>
  </cep>
  <cep>
    <cep>57014-200</cep>
    <logradouro>Rua Coronel Ulisses Luna</logradouro>
    <complemento/>
    <unidade/>
    <bairro>Ponta Grossa</bairro>
    <localidade>Maceió</localidade>
    <uf>AL</uf>
    <estado>Alagoas</estado>
    <região/>
    <ibge>2704302</ibge>
    <gia/>
    <ddd>82</ddd>
    <siafi>2785</siafi>
  </cep>
  <cep>
    <cep>57014-208</cep>
    <logradouro>Rua Walberdson Douglas de Ferreira</logradouro>
    <complemento>lado ímpar</complemento>
    <unidade/>
    <bairro>Ponta Grossa</bairro>
    <localidade>Maceió</localidade>
    <uf>AL</uf>
    <estado>Alagoas</estado>
    <região/>
    <ibge>2704302</ibge>
    <gia/>
    <ddd>82</ddd>
    <siafi>2785</siafi>
  </cep>
  <cep>
    <cep>57014-140</cep>
    <logradouro>Rua Doutor Baltazar de Mendonça</logradouro>
    <complemento/>
    <unidade/>
    <bairro>Ponta Grossa</bairro>
    <localidade>Maceió</localidade>
    <uf>AL</uf>
    <estado>Alagoas</estado>
    <região/>
    <ibge>2704302</ibge>
    <gia/>
    <ddd>82</ddd>
    <siafi>2785</siafi>
  </cep>
  <cep>
    <cep>57014-170</cep>
    <logradouro>Rua José Ferreira de Araújo</logradouro>
    <complemento/>
    <unidade/>
    <bairro>Ponta Grossa</bairro>
    <localidade>Maceió</localidade>
    <uf>AL</uf>
    <estado>Alagoas</estado>
    <região/>
    <ibge>2704302</ibge>
    <gia/>
    <ddd>82</ddd>
    <siafi>2785</siafi>
  </cep>
  <cep>
    <cep>57014-212</cep>
    <logradouro>Vila Laudiceia</logradouro>
    <complemento/>
    <unidade/>
    <bairro>Ponta Grossa</bairro>
    <localidade>Maceió</localidade>
    <uf>AL</uf>
    <estado>Alagoas</estado>
    <região/>
    <ibge>2704302</ibge>
    <gia/>
    <ddd>82</ddd>
    <siafi>2785</siafi>
  </cep>
  <cep>
    <cep>57014-202</cep>
    <logradouro>Travessa Porto Calvo</logradouro>
    <complemento/>
    <unidade/>
    <bairro>Ponta Grossa</bairro>
    <localidade>Maceió</localidade>
    <uf>AL</uf>
    <estado>Alagoas</estado>
    <região/>
    <ibge>2704302</ibge>
    <gia/>
    <ddd>82</ddd>
    <siafi>2785</siafi>
  </cep>
  <cep>
    <cep>57014-216</cep>
    <logradouro>Conjunto Adolfo Luiz</logradouro>
    <complemento/>
    <unidade/>
    <bairro>Ponta Grossa</bairro>
    <localidade>Maceió</localidade>
    <uf>AL</uf>
    <estado>Alagoas</estado>
    <região/>
    <ibge>2704302</ibge>
    <gia/>
    <ddd>82</ddd>
    <siafi>2785</siafi>
  </cep>
  <cep>
    <cep>57014-214</cep>
    <logradouro>Vila Nazaré</logradouro>
    <complemento/>
    <unidade/>
    <bairro>Ponta Grossa</bairro>
    <localidade>Maceió</localidade>
    <uf>AL</uf>
    <estado>Alagoas</estado>
    <região/>
    <ibge>2704302</ibge>
    <gia/>
    <ddd>82</ddd>
    <siafi>2785</siafi>
  </cep>
  <cep>
    <cep>57014-230</cep>
    <logradouro>Vila Dantas</logradouro>
    <complemento/>
    <unidade/>
    <bairro>Ponta Grossa</bairro>
    <localidade>Maceió</localidade>
    <uf>AL</uf>
    <estado>Alagoas</estado>
    <região/>
    <ibge>2704302</ibge>
    <gia/>
    <ddd>82</ddd>
    <siafi>2785</siafi>
  </cep>
  <cep>
    <cep>57014-310</cep>
    <logradouro>Rua Doutor José Paulino de Albuquerque Sarmento</logradouro>
    <complemento>de 102/103 ao fim</complemento>
    <unidade/>
    <bairro>Ponta Grossa</bairro>
    <localidade>Maceió</localidade>
    <uf>AL</uf>
    <estado>Alagoas</estado>
    <região/>
    <ibge>2704302</ibge>
    <gia/>
    <ddd>82</ddd>
    <siafi>2785</siafi>
  </cep>
  <cep>
    <cep>57014-218</cep>
    <logradouro>Vila Santa Rosa</logradouro>
    <complemento/>
    <unidade/>
    <bairro>Ponta Grossa</bairro>
    <localidade>Maceió</localidade>
    <uf>AL</uf>
    <estado>Alagoas</estado>
    <região/>
    <ibge>2704302</ibge>
    <gia/>
    <ddd>82</ddd>
    <siafi>2785</siafi>
  </cep>
  <cep>
    <cep>57014-290</cep>
    <logradouro>Rua Demócrito Gracindo</logradouro>
    <complemento>de 99/100 ao fim</complemento>
    <unidade/>
    <bairro>Ponta Grossa</bairro>
    <localidade>Maceió</localidade>
    <uf>AL</uf>
    <estado>Alagoas</estado>
    <região/>
    <ibge>2704302</ibge>
    <gia/>
    <ddd>82</ddd>
    <siafi>2785</siafi>
  </cep>
  <cep>
    <cep>57014-330</cep>
    <logradouro>Praça Moleque Namorador</logradouro>
    <complemento/>
    <unidade/>
    <bairro>Ponta Grossa</bairro>
    <localidade>Maceió</localidade>
    <uf>AL</uf>
    <estado>Alagoas</estado>
    <região/>
    <ibge>2704302</ibge>
    <gia/>
    <ddd>82</ddd>
    <siafi>2785</siafi>
  </cep>
  <cep>
    <cep>57014-320</cep>
    <logradouro>Praça Guedes Miranda</logradouro>
    <complemento/>
    <unidade/>
    <bairro>Ponta Grossa</bairro>
    <localidade>Maceió</localidade>
    <uf>AL</uf>
    <estado>Alagoas</estado>
    <região/>
    <ibge>2704302</ibge>
    <gia/>
    <ddd>82</ddd>
    <siafi>2785</siafi>
  </cep>
  <cep>
    <cep>57014-340</cep>
    <logradouro>Rua Payssandu</logradouro>
    <complemento/>
    <unidade/>
    <bairro>Ponta Grossa</bairro>
    <localidade>Maceió</localidade>
    <uf>AL</uf>
    <estado>Alagoas</estado>
    <região/>
    <ibge>2704302</ibge>
    <gia/>
    <ddd>82</ddd>
    <siafi>2785</siafi>
  </cep>
  <cep>
    <cep>57014-405</cep>
    <logradouro>Travessa Três de Maio</logradouro>
    <complemento/>
    <unidade/>
    <bairro>Ponta Grossa</bairro>
    <localidade>Maceió</localidade>
    <uf>AL</uf>
    <estado>Alagoas</estado>
    <região/>
    <ibge>2704302</ibge>
    <gia/>
    <ddd>82</ddd>
    <siafi>2785</siafi>
  </cep>
  <cep>
    <cep>57014-430</cep>
    <logradouro>Rua Filonila Argolo</logradouro>
    <complemento/>
    <unidade/>
    <bairro>Ponta Grossa</bairro>
    <localidade>Maceió</localidade>
    <uf>AL</uf>
    <estado>Alagoas</estado>
    <região/>
    <ibge>2704302</ibge>
    <gia/>
    <ddd>82</ddd>
    <siafi>2785</siafi>
  </cep>
  <cep>
    <cep>57014-420</cep>
    <logradouro>Rua Félix Bandeira</logradouro>
    <complemento>até 455/456</complemento>
    <unidade/>
    <bairro>Ponta Grossa</bairro>
    <localidade>Maceió</localidade>
    <uf>AL</uf>
    <estado>Alagoas</estado>
    <região/>
    <ibge>2704302</ibge>
    <gia/>
    <ddd>82</ddd>
    <siafi>2785</siafi>
  </cep>
  <cep>
    <cep>57014-260</cep>
    <logradouro>Rua Cabo Reis</logradouro>
    <complemento>de 410/411 ao fim</complemento>
    <unidade/>
    <bairro>Ponta Grossa</bairro>
    <localidade>Maceió</localidade>
    <uf>AL</uf>
    <estado>Alagoas</estado>
    <região/>
    <ibge>2704302</ibge>
    <gia/>
    <ddd>82</ddd>
    <siafi>2785</siafi>
  </cep>
  <cep>
    <cep>57014-452</cep>
    <logradouro>Rua Manoel Lourenço</logradouro>
    <complemento>lado ímpar</complemento>
    <unidade/>
    <bairro>Ponta Grossa</bairro>
    <localidade>Maceió</localidade>
    <uf>AL</uf>
    <estado>Alagoas</estado>
    <região/>
    <ibge>2704302</ibge>
    <gia/>
    <ddd>82</ddd>
    <siafi>2785</siafi>
  </cep>
  <cep>
    <cep>57014-400</cep>
    <logradouro>Rua Três de Maio</logradouro>
    <complemento>até 280/281</complemento>
    <unidade/>
    <bairro>Ponta Grossa</bairro>
    <localidade>Maceió</localidade>
    <uf>AL</uf>
    <estado>Alagoas</estado>
    <região/>
    <ibge>2704302</ibge>
    <gia/>
    <ddd>82</ddd>
    <siafi>2785</siafi>
  </cep>
  <cep>
    <cep>57014-240</cep>
    <logradouro>Rua Santos Dumont</logradouro>
    <complemento/>
    <unidade/>
    <bairro>Ponta Grossa</bairro>
    <localidade>Maceió</localidade>
    <uf>AL</uf>
    <estado>Alagoas</estado>
    <região/>
    <ibge>2704302</ibge>
    <gia/>
    <ddd>82</ddd>
    <siafi>2785</siafi>
  </cep>
  <cep>
    <cep>57014-422</cep>
    <logradouro>Vila Saldanha</logradouro>
    <complemento/>
    <unidade/>
    <bairro>Ponta Grossa</bairro>
    <localidade>Maceió</localidade>
    <uf>AL</uf>
    <estado>Alagoas</estado>
    <região/>
    <ibge>2704302</ibge>
    <gia/>
    <ddd>82</ddd>
    <siafi>2785</siafi>
  </cep>
  <cep>
    <cep>57014-410</cep>
    <logradouro>Rua Doutor José Paulino de Albuquerque Sarmento</logradouro>
    <complemento>até 100/101</complemento>
    <unidade/>
    <bairro>Ponta Grossa</bairro>
    <localidade>Maceió</localidade>
    <uf>AL</uf>
    <estado>Alagoas</estado>
    <região/>
    <ibge>2704302</ibge>
    <gia/>
    <ddd>82</ddd>
    <siafi>2785</siafi>
  </cep>
  <cep>
    <cep>57014-300</cep>
    <logradouro>Praça Doutor Getúlio Vargas</logradouro>
    <complemento/>
    <unidade/>
    <bairro>Ponta Grossa</bairro>
    <localidade>Maceió</localidade>
    <uf>AL</uf>
    <estado>Alagoas</estado>
    <região/>
    <ibge>2704302</ibge>
    <gia/>
    <ddd>82</ddd>
    <siafi>2785</siafi>
  </cep>
  <cep>
    <cep>57014-490</cep>
    <logradouro>Rua Professor José Saraiva Neto</logradouro>
    <complemento/>
    <unidade/>
    <bairro>Ponta Grossa</bairro>
    <localidade>Maceió</localidade>
    <uf>AL</uf>
    <estado>Alagoas</estado>
    <região/>
    <ibge>2704302</ibge>
    <gia/>
    <ddd>82</ddd>
    <siafi>2785</siafi>
  </cep>
  <cep>
    <cep>57014-506</cep>
    <logradouro>Rua Projetada EF 990</logradouro>
    <complemento>(Cj Joaquim Leão)</complemento>
    <unidade/>
    <bairro>Ponta Grossa</bairro>
    <localidade>Maceió</localidade>
    <uf>AL</uf>
    <estado>Alagoas</estado>
    <região/>
    <ibge>2704302</ibge>
    <gia/>
    <ddd>82</ddd>
    <siafi>2785</siafi>
  </cep>
  <cep>
    <cep>57014-510</cep>
    <logradouro>Rua X</logradouro>
    <complemento>(Cj Joaquim Leão)</complemento>
    <unidade/>
    <bairro>Ponta Grossa</bairro>
    <localidade>Maceió</localidade>
    <uf>AL</uf>
    <estado>Alagoas</estado>
    <região/>
    <ibge>2704302</ibge>
    <gia/>
    <ddd>82</ddd>
    <siafi>2785</siafi>
  </cep>
  <cep>
    <cep>57014-516</cep>
    <logradouro>Rua Dona Áurea Carvalho</logradouro>
    <complemento/>
    <unidade/>
    <bairro>Ponta Grossa</bairro>
    <localidade>Maceió</localidade>
    <uf>AL</uf>
    <estado>Alagoas</estado>
    <região/>
    <ibge>2704302</ibge>
    <gia/>
    <ddd>82</ddd>
    <siafi>2785</siafi>
  </cep>
  <cep>
    <cep>57014-515</cep>
    <logradouro>Rua João Batista dos Santos</logradouro>
    <complemento/>
    <unidade/>
    <bairro>Ponta Grossa</bairro>
    <localidade>Maceió</localidade>
    <uf>AL</uf>
    <estado>Alagoas</estado>
    <região/>
    <ibge>2704302</ibge>
    <gia/>
    <ddd>82</ddd>
    <siafi>2785</siafi>
  </cep>
  <cep>
    <cep>57014-524</cep>
    <logradouro>Rua José Camelo de Freitas</logradouro>
    <complemento/>
    <unidade/>
    <bairro>Ponta Grossa</bairro>
    <localidade>Maceió</localidade>
    <uf>AL</uf>
    <estado>Alagoas</estado>
    <região/>
    <ibge>2704302</ibge>
    <gia/>
    <ddd>82</ddd>
    <siafi>2785</siafi>
  </cep>
  <cep>
    <cep>57014-518</cep>
    <logradouro>Rua Valdo Araújo de Azevedo</logradouro>
    <complemento/>
    <unidade/>
    <bairro>Ponta Grossa</bairro>
    <localidade>Maceió</localidade>
    <uf>AL</uf>
    <estado>Alagoas</estado>
    <região/>
    <ibge>2704302</ibge>
    <gia/>
    <ddd>82</ddd>
    <siafi>2785</siafi>
  </cep>
  <cep>
    <cep>57014-504</cep>
    <logradouro>Quadra 35</logradouro>
    <complemento>(Cj Joaquim Leão)</complemento>
    <unidade/>
    <bairro>Ponta Grossa</bairro>
    <localidade>Maceió</localidade>
    <uf>AL</uf>
    <estado>Alagoas</estado>
    <região/>
    <ibge>2704302</ibge>
    <gia/>
    <ddd>82</ddd>
    <siafi>2785</siafi>
  </cep>
  <cep>
    <cep>57014-520</cep>
    <logradouro>Rua Eronildes Medeiros Bandeira</logradouro>
    <complemento/>
    <unidade/>
    <bairro>Ponta Grossa</bairro>
    <localidade>Maceió</localidade>
    <uf>AL</uf>
    <estado>Alagoas</estado>
    <região/>
    <ibge>2704302</ibge>
    <gia/>
    <ddd>82</ddd>
    <siafi>2785</siafi>
  </cep>
  <cep>
    <cep>57014-528</cep>
    <logradouro>Avenida General Mário Lima</logradouro>
    <complemento>lado par</complemento>
    <unidade/>
    <bairro>Ponta Grossa</bairro>
    <localidade>Maceió</localidade>
    <uf>AL</uf>
    <estado>Alagoas</estado>
    <região/>
    <ibge>2704302</ibge>
    <gia/>
    <ddd>82</ddd>
    <siafi>2785</siafi>
  </cep>
  <cep>
    <cep>57014-514</cep>
    <logradouro>Quadra 31</logradouro>
    <complemento>(Cj Joaquim Leão)</complemento>
    <unidade/>
    <bairro>Ponta Grossa</bairro>
    <localidade>Maceió</localidade>
    <uf>AL</uf>
    <estado>Alagoas</estado>
    <região/>
    <ibge>2704302</ibge>
    <gia/>
    <ddd>82</ddd>
    <siafi>2785</siafi>
  </cep>
  <cep>
    <cep>57014-512</cep>
    <logradouro>Quadra 32</logradouro>
    <complemento>(Cj Joaquim Leão)</complemento>
    <unidade/>
    <bairro>Ponta Grossa</bairro>
    <localidade>Maceió</localidade>
    <uf>AL</uf>
    <estado>Alagoas</estado>
    <região/>
    <ibge>2704302</ibge>
    <gia/>
    <ddd>82</ddd>
    <siafi>2785</siafi>
  </cep>
  <cep>
    <cep>57014-550</cep>
    <logradouro>Rua Santa Fé</logradouro>
    <complemento>até 208/209</complemento>
    <unidade/>
    <bairro>Ponta Grossa</bairro>
    <localidade>Maceió</localidade>
    <uf>AL</uf>
    <estado>Alagoas</estado>
    <região/>
    <ibge>2704302</ibge>
    <gia/>
    <ddd>82</ddd>
    <siafi>2785</siafi>
  </cep>
  <cep>
    <cep>57014-511</cep>
    <logradouro>Rua Antônio Carvalho de Vasconcelos</logradouro>
    <complemento/>
    <unidade/>
    <bairro>Ponta Grossa</bairro>
    <localidade>Maceió</localidade>
    <uf>AL</uf>
    <estado>Alagoas</estado>
    <região/>
    <ibge>2704302</ibge>
    <gia/>
    <ddd>82</ddd>
    <siafi>2785</siafi>
  </cep>
  <cep>
    <cep>57014-498</cep>
    <logradouro>Rua Santa Margarida</logradouro>
    <complemento/>
    <unidade/>
    <bairro>Ponta Grossa</bairro>
    <localidade>Maceió</localidade>
    <uf>AL</uf>
    <estado>Alagoas</estado>
    <região/>
    <ibge>2704302</ibge>
    <gia/>
    <ddd>82</ddd>
    <siafi>2785</siafi>
  </cep>
  <cep>
    <cep>57014-508</cep>
    <logradouro>Quadra 33</logradouro>
    <complemento>(Cj Joaquim Leão)</complemento>
    <unidade/>
    <bairro>Ponta Grossa</bairro>
    <localidade>Maceió</localidade>
    <uf>AL</uf>
    <estado>Alagoas</estado>
    <região/>
    <ibge>2704302</ibge>
    <gia/>
    <ddd>82</ddd>
    <siafi>2785</siafi>
  </cep>
  <cep>
    <cep>57014-565</cep>
    <logradouro>Travessa Vereador José de Caldas</logradouro>
    <complemento/>
    <unidade/>
    <bairro>Ponta Grossa</bairro>
    <localidade>Maceió</localidade>
    <uf>AL</uf>
    <estado>Alagoas</estado>
    <região/>
    <ibge>2704302</ibge>
    <gia/>
    <ddd>82</ddd>
    <siafi>2785</siafi>
  </cep>
  <cep>
    <cep>57014-608</cep>
    <logradouro>Rua H</logradouro>
    <complemento>(Cj dos Pescadores)</complemento>
    <unidade/>
    <bairro>Ponta Grossa</bairro>
    <localidade>Maceió</localidade>
    <uf>AL</uf>
    <estado>Alagoas</estado>
    <região/>
    <ibge>2704302</ibge>
    <gia/>
    <ddd>82</ddd>
    <siafi>2785</siafi>
  </cep>
  <cep>
    <cep>57014-500</cep>
    <logradouro>Rua João José Ferreira</logradouro>
    <complemento/>
    <unidade/>
    <bairro>Ponta Grossa</bairro>
    <localidade>Maceió</localidade>
    <uf>AL</uf>
    <estado>Alagoas</estado>
    <região/>
    <ibge>2704302</ibge>
    <gia/>
    <ddd>82</ddd>
    <siafi>2785</siafi>
  </cep>
  <cep>
    <cep>57014-600</cep>
    <logradouro>Rua das Flores</logradouro>
    <complemento/>
    <unidade/>
    <bairro>Ponta Grossa</bairro>
    <localidade>Maceió</localidade>
    <uf>AL</uf>
    <estado>Alagoas</estado>
    <região/>
    <ibge>2704302</ibge>
    <gia/>
    <ddd>82</ddd>
    <siafi>2785</siafi>
  </cep>
  <cep>
    <cep>57014-522</cep>
    <logradouro>Rua Antônio Lins Ferreira Lopes</logradouro>
    <complemento/>
    <unidade/>
    <bairro>Ponta Grossa</bairro>
    <localidade>Maceió</localidade>
    <uf>AL</uf>
    <estado>Alagoas</estado>
    <região/>
    <ibge>2704302</ibge>
    <gia/>
    <ddd>82</ddd>
    <siafi>2785</siafi>
  </cep>
  <cep>
    <cep>57014-526</cep>
    <logradouro>Rua Benjamim Medeiros</logradouro>
    <complemento/>
    <unidade/>
    <bairro>Ponta Grossa</bairro>
    <localidade>Maceió</localidade>
    <uf>AL</uf>
    <estado>Alagoas</estado>
    <região/>
    <ibge>2704302</ibge>
    <gia/>
    <ddd>82</ddd>
    <siafi>2785</siafi>
  </cep>
  <cep>
    <cep>57014-602</cep>
    <logradouro>Rua B</logradouro>
    <complemento>(Cj dos Pescadores)</complemento>
    <unidade/>
    <bairro>Ponta Grossa</bairro>
    <localidade>Maceió</localidade>
    <uf>AL</uf>
    <estado>Alagoas</estado>
    <região/>
    <ibge>2704302</ibge>
    <gia/>
    <ddd>82</ddd>
    <siafi>2785</siafi>
  </cep>
  <cep>
    <cep>57014-607</cep>
    <logradouro>Rua G</logradouro>
    <complemento>(Cj dos Pescadores)</complemento>
    <unidade/>
    <bairro>Ponta Grossa</bairro>
    <localidade>Maceió</localidade>
    <uf>AL</uf>
    <estado>Alagoas</estado>
    <região/>
    <ibge>2704302</ibge>
    <gia/>
    <ddd>82</ddd>
    <siafi>2785</siafi>
  </cep>
  <cep>
    <cep>57014-612</cep>
    <logradouro>2ª Travessa José Cavalcante</logradouro>
    <complemento/>
    <unidade/>
    <bairro>Ponta Grossa</bairro>
    <localidade>Maceió</localidade>
    <uf>AL</uf>
    <estado>Alagoas</estado>
    <região/>
    <ibge>2704302</ibge>
    <gia/>
    <ddd>82</ddd>
    <siafi>2785</siafi>
  </cep>
  <cep>
    <cep>57014-635</cep>
    <logradouro>Rua Vila Kennedy B</logradouro>
    <complemento/>
    <unidade/>
    <bairro>Ponta Grossa</bairro>
    <localidade>Maceió</localidade>
    <uf>AL</uf>
    <estado>Alagoas</estado>
    <região/>
    <ibge>2704302</ibge>
    <gia/>
    <ddd>82</ddd>
    <siafi>2785</siafi>
  </cep>
  <cep>
    <cep>57014-690</cep>
    <logradouro>Vila Santa Maria</logradouro>
    <complemento/>
    <unidade/>
    <bairro>Ponta Grossa</bairro>
    <localidade>Maceió</localidade>
    <uf>AL</uf>
    <estado>Alagoas</estado>
    <região/>
    <ibge>2704302</ibge>
    <gia/>
    <ddd>82</ddd>
    <siafi>2785</siafi>
  </cep>
  <cep>
    <cep>57014-700</cep>
    <logradouro>Rua Aurélio Lages</logradouro>
    <complemento/>
    <unidade/>
    <bairro>Ponta Grossa</bairro>
    <localidade>Maceió</localidade>
    <uf>AL</uf>
    <estado>Alagoas</estado>
    <região/>
    <ibge>2704302</ibge>
    <gia/>
    <ddd>82</ddd>
    <siafi>2785</siafi>
  </cep>
  <cep>
    <cep>57014-730</cep>
    <logradouro>Rua Doutor Benon Maia Gomes</logradouro>
    <complemento/>
    <unidade/>
    <bairro>Ponta Grossa</bairro>
    <localidade>Maceió</localidade>
    <uf>AL</uf>
    <estado>Alagoas</estado>
    <região/>
    <ibge>2704302</ibge>
    <gia/>
    <ddd>82</ddd>
    <siafi>2785</siafi>
  </cep>
  <cep>
    <cep>57015-015</cep>
    <logradouro>2ª Travessa Doutor Abelardo Pontes Lima</logradouro>
    <complemento/>
    <unidade/>
    <bairro>Vergel do Lago</bairro>
    <localidade>Maceió</localidade>
    <uf>AL</uf>
    <estado>Alagoas</estado>
    <região/>
    <ibge>2704302</ibge>
    <gia/>
    <ddd>82</ddd>
    <siafi>2785</siafi>
  </cep>
  <cep>
    <cep>57014-606</cep>
    <logradouro>Rua F</logradouro>
    <complemento>(Cj dos Pescadores)</complemento>
    <unidade/>
    <bairro>Ponta Grossa</bairro>
    <localidade>Maceió</localidade>
    <uf>AL</uf>
    <estado>Alagoas</estado>
    <região/>
    <ibge>2704302</ibge>
    <gia/>
    <ddd>82</ddd>
    <siafi>2785</siafi>
  </cep>
  <cep>
    <cep>57014-590</cep>
    <logradouro>Rua Doutor Djalma Costa</logradouro>
    <complemento/>
    <unidade/>
    <bairro>Ponta Grossa</bairro>
    <localidade>Maceió</localidade>
    <uf>AL</uf>
    <estado>Alagoas</estado>
    <região/>
    <ibge>2704302</ibge>
    <gia/>
    <ddd>82</ddd>
    <siafi>2785</siafi>
  </cep>
  <cep>
    <cep>57015-010</cep>
    <logradouro>Avenida Doutor Abelardo Pontes Lima</logradouro>
    <complemento/>
    <unidade/>
    <bairro>Vergel do Lago</bairro>
    <localidade>Maceió</localidade>
    <uf>AL</uf>
    <estado>Alagoas</estado>
    <região/>
    <ibge>2704302</ibge>
    <gia/>
    <ddd>82</ddd>
    <siafi>2785</siafi>
  </cep>
  <cep>
    <cep>57014-560</cep>
    <logradouro>Rua Vereador José de Caldas</logradouro>
    <complemento/>
    <unidade/>
    <bairro>Ponta Grossa</bairro>
    <localidade>Maceió</localidade>
    <uf>AL</uf>
    <estado>Alagoas</estado>
    <região/>
    <ibge>2704302</ibge>
    <gia/>
    <ddd>82</ddd>
    <siafi>2785</siafi>
  </cep>
  <cep>
    <cep>57014-740</cep>
    <logradouro>Rua Cabo Reis</logradouro>
    <complemento>até 381 - lado ímpar</complemento>
    <unidade/>
    <bairro>Ponta Grossa</bairro>
    <localidade>Maceió</localidade>
    <uf>AL</uf>
    <estado>Alagoas</estado>
    <região/>
    <ibge>2704302</ibge>
    <gia/>
    <ddd>82</ddd>
    <siafi>2785</siafi>
  </cep>
  <cep>
    <cep>57014-710</cep>
    <logradouro>Praça Ciro Acyole</logradouro>
    <complemento/>
    <unidade/>
    <bairro>Ponta Grossa</bairro>
    <localidade>Maceió</localidade>
    <uf>AL</uf>
    <estado>Alagoas</estado>
    <região/>
    <ibge>2704302</ibge>
    <gia/>
    <ddd>82</ddd>
    <siafi>2785</siafi>
  </cep>
  <cep>
    <cep>57014-610</cep>
    <logradouro>Rua José Cavalcante</logradouro>
    <complemento/>
    <unidade/>
    <bairro>Ponta Grossa</bairro>
    <localidade>Maceió</localidade>
    <uf>AL</uf>
    <estado>Alagoas</estado>
    <região/>
    <ibge>2704302</ibge>
    <gia/>
    <ddd>82</ddd>
    <siafi>2785</siafi>
  </cep>
  <cep>
    <cep>57014-605</cep>
    <logradouro>Rua E</logradouro>
    <complemento>(Cj dos Pescadores)</complemento>
    <unidade/>
    <bairro>Ponta Grossa</bairro>
    <localidade>Maceió</localidade>
    <uf>AL</uf>
    <estado>Alagoas</estado>
    <região/>
    <ibge>2704302</ibge>
    <gia/>
    <ddd>82</ddd>
    <siafi>2785</siafi>
  </cep>
  <cep>
    <cep>57014-601</cep>
    <logradouro>Rua A</logradouro>
    <complemento>(Cj dos Pescadores)</complemento>
    <unidade/>
    <bairro>Ponta Grossa</bairro>
    <localidade>Maceió</localidade>
    <uf>AL</uf>
    <estado>Alagoas</estado>
    <região/>
    <ibge>2704302</ibge>
    <gia/>
    <ddd>82</ddd>
    <siafi>2785</siafi>
  </cep>
  <cep>
    <cep>57015-012</cep>
    <logradouro>Rua Campo do Sá</logradouro>
    <complemento/>
    <unidade/>
    <bairro>Vergel do Lago</bairro>
    <localidade>Maceió</localidade>
    <uf>AL</uf>
    <estado>Alagoas</estado>
    <região/>
    <ibge>2704302</ibge>
    <gia/>
    <ddd>82</ddd>
    <siafi>2785</siafi>
  </cep>
  <cep>
    <cep>57015-020</cep>
    <logradouro>Rua Vinte e Quatro de Outubro</logradouro>
    <complemento/>
    <unidade/>
    <bairro>Vergel do Lago</bairro>
    <localidade>Maceió</localidade>
    <uf>AL</uf>
    <estado>Alagoas</estado>
    <região/>
    <ibge>2704302</ibge>
    <gia/>
    <ddd>82</ddd>
    <siafi>2785</siafi>
  </cep>
  <cep>
    <cep>57014-604</cep>
    <logradouro>Rua D</logradouro>
    <complemento>(Cj dos Pescadores)</complemento>
    <unidade/>
    <bairro>Ponta Grossa</bairro>
    <localidade>Maceió</localidade>
    <uf>AL</uf>
    <estado>Alagoas</estado>
    <região/>
    <ibge>2704302</ibge>
    <gia/>
    <ddd>82</ddd>
    <siafi>2785</siafi>
  </cep>
  <cep>
    <cep>57014-603</cep>
    <logradouro>Rua C</logradouro>
    <complemento>(Cj dos Pescadores)</complemento>
    <unidade/>
    <bairro>Ponta Grossa</bairro>
    <localidade>Maceió</localidade>
    <uf>AL</uf>
    <estado>Alagoas</estado>
    <região/>
    <ibge>2704302</ibge>
    <gia/>
    <ddd>82</ddd>
    <siafi>2785</siafi>
  </cep>
  <cep>
    <cep>57014-630</cep>
    <logradouro>Rua Padre Cícero Romão Batista</logradouro>
    <complemento/>
    <unidade/>
    <bairro>Ponta Grossa</bairro>
    <localidade>Maceió</localidade>
    <uf>AL</uf>
    <estado>Alagoas</estado>
    <região/>
    <ibge>2704302</ibge>
    <gia/>
    <ddd>82</ddd>
    <siafi>2785</siafi>
  </cep>
  <cep>
    <cep>57014-618</cep>
    <logradouro>Avenida Governador Theobaldo Barbosa</logradouro>
    <complemento/>
    <unidade/>
    <bairro>Ponta Grossa</bairro>
    <localidade>Maceió</localidade>
    <uf>AL</uf>
    <estado>Alagoas</estado>
    <região/>
    <ibge>2704302</ibge>
    <gia/>
    <ddd>82</ddd>
    <siafi>2785</siafi>
  </cep>
  <cep>
    <cep>57014-615</cep>
    <logradouro>Travessa José Cavalcante</logradouro>
    <complemento>lado par</complemento>
    <unidade/>
    <bairro>Ponta Grossa</bairro>
    <localidade>Maceió</localidade>
    <uf>AL</uf>
    <estado>Alagoas</estado>
    <região/>
    <ibge>2704302</ibge>
    <gia/>
    <ddd>82</ddd>
    <siafi>2785</siafi>
  </cep>
  <cep>
    <cep>57014-830</cep>
    <logradouro>Rua Professor Sampaio Dória</logradouro>
    <complemento/>
    <unidade/>
    <bairro>Ponta Grossa</bairro>
    <localidade>Maceió</localidade>
    <uf>AL</uf>
    <estado>Alagoas</estado>
    <região/>
    <ibge>2704302</ibge>
    <gia/>
    <ddd>82</ddd>
    <siafi>2785</siafi>
  </cep>
  <cep>
    <cep>57014-750</cep>
    <logradouro>Rua Demócrito Gracindo</logradouro>
    <complemento>até 96/97</complemento>
    <unidade/>
    <bairro>Ponta Grossa</bairro>
    <localidade>Maceió</localidade>
    <uf>AL</uf>
    <estado>Alagoas</estado>
    <região/>
    <ibge>2704302</ibge>
    <gia/>
    <ddd>82</ddd>
    <siafi>2785</siafi>
  </cep>
  <cep>
    <cep>57014-680</cep>
    <logradouro>Rua Santo Antônio</logradouro>
    <complemento>de 165/166 a 946/947</complemento>
    <unidade/>
    <bairro>Ponta Grossa</bairro>
    <localidade>Maceió</localidade>
    <uf>AL</uf>
    <estado>Alagoas</estado>
    <região/>
    <ibge>2704302</ibge>
    <gia/>
    <ddd>82</ddd>
    <siafi>2785</siafi>
  </cep>
  <cep>
    <cep>57014-502</cep>
    <logradouro>Quadra 36</logradouro>
    <complemento>(Cj Joaquim Leão)</complemento>
    <unidade/>
    <bairro>Ponta Grossa</bairro>
    <localidade>Maceió</localidade>
    <uf>AL</uf>
    <estado>Alagoas</estado>
    <região/>
    <ibge>2704302</ibge>
    <gia/>
    <ddd>82</ddd>
    <siafi>2785</siafi>
  </cep>
  <cep>
    <cep>57015-030</cep>
    <logradouro>Rua do Cajueiro</logradouro>
    <complemento/>
    <unidade/>
    <bairro>Vergel do Lago</bairro>
    <localidade>Maceió</localidade>
    <uf>AL</uf>
    <estado>Alagoas</estado>
    <região/>
    <ibge>2704302</ibge>
    <gia/>
    <ddd>82</ddd>
    <siafi>2785</siafi>
  </cep>
  <cep>
    <cep>57015-032</cep>
    <logradouro>1ª Travessa do Cajueiro</logradouro>
    <complemento/>
    <unidade/>
    <bairro>Vergel do Lago</bairro>
    <localidade>Maceió</localidade>
    <uf>AL</uf>
    <estado>Alagoas</estado>
    <região/>
    <ibge>2704302</ibge>
    <gia/>
    <ddd>82</ddd>
    <siafi>2785</siafi>
  </cep>
  <cep>
    <cep>57015-034</cep>
    <logradouro>2ª Travessa do Cajueiro</logradouro>
    <complemento/>
    <unidade/>
    <bairro>Vergel do Lago</bairro>
    <localidade>Maceió</localidade>
    <uf>AL</uf>
    <estado>Alagoas</estado>
    <região/>
    <ibge>2704302</ibge>
    <gia/>
    <ddd>82</ddd>
    <siafi>2785</siafi>
  </cep>
  <cep>
    <cep>57015-036</cep>
    <logradouro>3ª Travessa do Cajueiro</logradouro>
    <complemento/>
    <unidade/>
    <bairro>Vergel do Lago</bairro>
    <localidade>Maceió</localidade>
    <uf>AL</uf>
    <estado>Alagoas</estado>
    <região/>
    <ibge>2704302</ibge>
    <gia/>
    <ddd>82</ddd>
    <siafi>2785</siafi>
  </cep>
  <cep>
    <cep>57015-038</cep>
    <logradouro>4ª Travessa do Cajueiro</logradouro>
    <complemento/>
    <unidade/>
    <bairro>Vergel do Lago</bairro>
    <localidade>Maceió</localidade>
    <uf>AL</uf>
    <estado>Alagoas</estado>
    <região/>
    <ibge>2704302</ibge>
    <gia/>
    <ddd>82</ddd>
    <siafi>2785</siafi>
  </cep>
  <cep>
    <cep>57015-040</cep>
    <logradouro>Rua Coronel Lucena Maranhão</logradouro>
    <complemento/>
    <unidade/>
    <bairro>Vergel do Lago</bairro>
    <localidade>Maceió</localidade>
    <uf>AL</uf>
    <estado>Alagoas</estado>
    <região/>
    <ibge>2704302</ibge>
    <gia/>
    <ddd>82</ddd>
    <siafi>2785</siafi>
  </cep>
  <cep>
    <cep>57015-060</cep>
    <logradouro>Travessa do Cruzeiro</logradouro>
    <complemento/>
    <unidade/>
    <bairro>Vergel do Lago</bairro>
    <localidade>Maceió</localidade>
    <uf>AL</uf>
    <estado>Alagoas</estado>
    <região/>
    <ibge>2704302</ibge>
    <gia/>
    <ddd>82</ddd>
    <siafi>2785</siafi>
  </cep>
  <cep>
    <cep>57015-050</cep>
    <logradouro>Praça Tenente Moisés Silva Filho</logradouro>
    <complemento/>
    <unidade/>
    <bairro>Vergel do Lago</bairro>
    <localidade>Maceió</localidade>
    <uf>AL</uf>
    <estado>Alagoas</estado>
    <região/>
    <ibge>2704302</ibge>
    <gia/>
    <ddd>82</ddd>
    <siafi>2785</siafi>
  </cep>
  <cep>
    <cep>57015-080</cep>
    <logradouro>Rua Estudante Ailson da Rocha Nogueira</logradouro>
    <complemento/>
    <unidade/>
    <bairro>Vergel do Lago</bairro>
    <localidade>Maceió</localidade>
    <uf>AL</uf>
    <estado>Alagoas</estado>
    <região/>
    <ibge>2704302</ibge>
    <gia/>
    <ddd>82</ddd>
    <siafi>2785</siafi>
  </cep>
  <cep>
    <cep>57015-090</cep>
    <logradouro>Rua Humberto Santa Cruz</logradouro>
    <complemento/>
    <unidade/>
    <bairro>Vergel do Lago</bairro>
    <localidade>Maceió</localidade>
    <uf>AL</uf>
    <estado>Alagoas</estado>
    <região/>
    <ibge>2704302</ibge>
    <gia/>
    <ddd>82</ddd>
    <siafi>2785</siafi>
  </cep>
  <cep>
    <cep>57015-092</cep>
    <logradouro>Rua Marquês de Pombal</logradouro>
    <complemento>de 242 ao fim - lado par</complemento>
    <unidade/>
    <bairro>Vergel do Lago</bairro>
    <localidade>Maceió</localidade>
    <uf>AL</uf>
    <estado>Alagoas</estado>
    <região/>
    <ibge>2704302</ibge>
    <gia/>
    <ddd>82</ddd>
    <siafi>2785</siafi>
  </cep>
  <cep>
    <cep>57015-094</cep>
    <logradouro>Rua Três de Maio</logradouro>
    <complemento>de 354/355 ao fim</complemento>
    <unidade/>
    <bairro>Vergel do Lago</bairro>
    <localidade>Maceió</localidade>
    <uf>AL</uf>
    <estado>Alagoas</estado>
    <região/>
    <ibge>2704302</ibge>
    <gia/>
    <ddd>82</ddd>
    <siafi>2785</siafi>
  </cep>
  <cep>
    <cep>57015-095</cep>
    <logradouro>Vila Adelaide</logradouro>
    <complemento/>
    <unidade/>
    <bairro>Vergel do Lago</bairro>
    <localidade>Maceió</localidade>
    <uf>AL</uf>
    <estado>Alagoas</estado>
    <região/>
    <ibge>2704302</ibge>
    <gia/>
    <ddd>82</ddd>
    <siafi>2785</siafi>
  </cep>
  <cep>
    <cep>57015-100</cep>
    <logradouro>Rua da Lavanderia</logradouro>
    <complemento/>
    <unidade/>
    <bairro>Vergel do Lago</bairro>
    <localidade>Maceió</localidade>
    <uf>AL</uf>
    <estado>Alagoas</estado>
    <região/>
    <ibge>2704302</ibge>
    <gia/>
    <ddd>82</ddd>
    <siafi>2785</siafi>
  </cep>
  <cep>
    <cep>57015-096</cep>
    <logradouro>Rua Santo Antônio</logradouro>
    <complemento>de 970/971 ao fim</complemento>
    <unidade/>
    <bairro>Vergel do Lago</bairro>
    <localidade>Maceió</localidade>
    <uf>AL</uf>
    <estado>Alagoas</estado>
    <região/>
    <ibge>2704302</ibge>
    <gia/>
    <ddd>82</ddd>
    <siafi>2785</siafi>
  </cep>
  <cep>
    <cep>57015-098</cep>
    <logradouro>Rua Félix Bandeira</logradouro>
    <complemento>de 477/478 ao fim</complemento>
    <unidade/>
    <bairro>Vergel do Lago</bairro>
    <localidade>Maceió</localidade>
    <uf>AL</uf>
    <estado>Alagoas</estado>
    <região/>
    <ibge>2704302</ibge>
    <gia/>
    <ddd>82</ddd>
    <siafi>2785</siafi>
  </cep>
  <cep>
    <cep>57015-110</cep>
    <logradouro>Rua Marcelo dos Santos Guimarães</logradouro>
    <complemento/>
    <unidade/>
    <bairro>Vergel do Lago</bairro>
    <localidade>Maceió</localidade>
    <uf>AL</uf>
    <estado>Alagoas</estado>
    <região/>
    <ibge>2704302</ibge>
    <gia/>
    <ddd>82</ddd>
    <siafi>2785</siafi>
  </cep>
  <cep>
    <cep>57015-111</cep>
    <logradouro>Rua José Cavalcante</logradouro>
    <complemento/>
    <unidade/>
    <bairro>Vergel do Lago</bairro>
    <localidade>Maceió</localidade>
    <uf>AL</uf>
    <estado>Alagoas</estado>
    <região/>
    <ibge>2704302</ibge>
    <gia/>
    <ddd>82</ddd>
    <siafi>2785</siafi>
  </cep>
  <cep>
    <cep>57015-119</cep>
    <logradouro>Rua São Severino</logradouro>
    <complemento/>
    <unidade/>
    <bairro>Vergel do Lago</bairro>
    <localidade>Maceió</localidade>
    <uf>AL</uf>
    <estado>Alagoas</estado>
    <região/>
    <ibge>2704302</ibge>
    <gia/>
    <ddd>82</ddd>
    <siafi>2785</siafi>
  </cep>
  <cep>
    <cep>57015-113</cep>
    <logradouro>Rua Doutor Djalma Costa</logradouro>
    <complemento/>
    <unidade/>
    <bairro>Vergel do Lago</bairro>
    <localidade>Maceió</localidade>
    <uf>AL</uf>
    <estado>Alagoas</estado>
    <região/>
    <ibge>2704302</ibge>
    <gia/>
    <ddd>82</ddd>
    <siafi>2785</siafi>
  </cep>
  <cep>
    <cep>57015-135</cep>
    <logradouro>Travessa Monte Castelo</logradouro>
    <complemento/>
    <unidade/>
    <bairro>Vergel do Lago</bairro>
    <localidade>Maceió</localidade>
    <uf>AL</uf>
    <estado>Alagoas</estado>
    <região/>
    <ibge>2704302</ibge>
    <gia/>
    <ddd>82</ddd>
    <siafi>2785</siafi>
  </cep>
  <cep>
    <cep>57015-116</cep>
    <logradouro>Rua Boa Esperança</logradouro>
    <complemento/>
    <unidade/>
    <bairro>Vergel do Lago</bairro>
    <localidade>Maceió</localidade>
    <uf>AL</uf>
    <estado>Alagoas</estado>
    <região/>
    <ibge>2704302</ibge>
    <gia/>
    <ddd>82</ddd>
    <siafi>2785</siafi>
  </cep>
  <cep>
    <cep>57015-115</cep>
    <logradouro>Travessa Doutor Djalma Costa</logradouro>
    <complemento/>
    <unidade/>
    <bairro>Vergel do Lago</bairro>
    <localidade>Maceió</localidade>
    <uf>AL</uf>
    <estado>Alagoas</estado>
    <região/>
    <ibge>2704302</ibge>
    <gia/>
    <ddd>82</ddd>
    <siafi>2785</siafi>
  </cep>
  <cep>
    <cep>57015-130</cep>
    <logradouro>Avenida Monte Castelo</logradouro>
    <complemento/>
    <unidade/>
    <bairro>Vergel do Lago</bairro>
    <localidade>Maceió</localidade>
    <uf>AL</uf>
    <estado>Alagoas</estado>
    <região/>
    <ibge>2704302</ibge>
    <gia/>
    <ddd>82</ddd>
    <siafi>2785</siafi>
  </cep>
  <cep>
    <cep>57015-117</cep>
    <logradouro>Rua Esperantista Alagoano</logradouro>
    <complemento/>
    <unidade/>
    <bairro>Vergel do Lago</bairro>
    <localidade>Maceió</localidade>
    <uf>AL</uf>
    <estado>Alagoas</estado>
    <região/>
    <ibge>2704302</ibge>
    <gia/>
    <ddd>82</ddd>
    <siafi>2785</siafi>
  </cep>
  <cep>
    <cep>57015-132</cep>
    <logradouro>2ª Travessa Monte Castelo</logradouro>
    <complemento/>
    <unidade/>
    <bairro>Vergel do Lago</bairro>
    <localidade>Maceió</localidade>
    <uf>AL</uf>
    <estado>Alagoas</estado>
    <região/>
    <ibge>2704302</ibge>
    <gia/>
    <ddd>82</ddd>
    <siafi>2785</siafi>
  </cep>
  <cep>
    <cep>57015-137</cep>
    <logradouro>Travessa Santa Margarida</logradouro>
    <complemento/>
    <unidade/>
    <bairro>Vergel do Lago</bairro>
    <localidade>Maceió</localidade>
    <uf>AL</uf>
    <estado>Alagoas</estado>
    <região/>
    <ibge>2704302</ibge>
    <gia/>
    <ddd>82</ddd>
    <siafi>2785</siafi>
  </cep>
  <cep>
    <cep>57015-120</cep>
    <logradouro>Rua Radialista Wilma Campos</logradouro>
    <complemento/>
    <unidade/>
    <bairro>Vergel do Lago</bairro>
    <localidade>Maceió</localidade>
    <uf>AL</uf>
    <estado>Alagoas</estado>
    <região/>
    <ibge>2704302</ibge>
    <gia/>
    <ddd>82</ddd>
    <siafi>2785</siafi>
  </cep>
  <cep>
    <cep>57015-138</cep>
    <logradouro>Praça Nossa Senhora do Perpétuo Socorro</logradouro>
    <complemento/>
    <unidade/>
    <bairro>Vergel do Lago</bairro>
    <localidade>Maceió</localidade>
    <uf>AL</uf>
    <estado>Alagoas</estado>
    <região/>
    <ibge>2704302</ibge>
    <gia/>
    <ddd>82</ddd>
    <siafi>2785</siafi>
  </cep>
  <cep>
    <cep>57015-140</cep>
    <logradouro>Praça Padre Cícero Romão Batista</logradouro>
    <complemento/>
    <unidade/>
    <bairro>Vergel do Lago</bairro>
    <localidade>Maceió</localidade>
    <uf>AL</uf>
    <estado>Alagoas</estado>
    <região/>
    <ibge>2704302</ibge>
    <gia/>
    <ddd>82</ddd>
    <siafi>2785</siafi>
  </cep>
  <cep>
    <cep>57015-150</cep>
    <logradouro>Rua Pedro Bezerra Cavalcante</logradouro>
    <complemento/>
    <unidade/>
    <bairro>Vergel do Lago</bairro>
    <localidade>Maceió</localidade>
    <uf>AL</uf>
    <estado>Alagoas</estado>
    <região/>
    <ibge>2704302</ibge>
    <gia/>
    <ddd>82</ddd>
    <siafi>2785</siafi>
  </cep>
  <cep>
    <cep>57015-175</cep>
    <logradouro>Travessa Santa Maria</logradouro>
    <complemento/>
    <unidade/>
    <bairro>Vergel do Lago</bairro>
    <localidade>Maceió</localidade>
    <uf>AL</uf>
    <estado>Alagoas</estado>
    <região/>
    <ibge>2704302</ibge>
    <gia/>
    <ddd>82</ddd>
    <siafi>2785</siafi>
  </cep>
  <cep>
    <cep>57015-160</cep>
    <logradouro>Rua Santa Isabel</logradouro>
    <complemento/>
    <unidade/>
    <bairro>Vergel do Lago</bairro>
    <localidade>Maceió</localidade>
    <uf>AL</uf>
    <estado>Alagoas</estado>
    <região/>
    <ibge>2704302</ibge>
    <gia/>
    <ddd>82</ddd>
    <siafi>2785</siafi>
  </cep>
  <cep>
    <cep>57015-170</cep>
    <logradouro>Rua Santa Maria</logradouro>
    <complemento/>
    <unidade/>
    <bairro>Vergel do Lago</bairro>
    <localidade>Maceió</localidade>
    <uf>AL</uf>
    <estado>Alagoas</estado>
    <região/>
    <ibge>2704302</ibge>
    <gia/>
    <ddd>82</ddd>
    <siafi>2785</siafi>
  </cep>
  <cep>
    <cep>57015-180</cep>
    <logradouro>Rua Santa Rosa</logradouro>
    <complemento/>
    <unidade/>
    <bairro>Vergel do Lago</bairro>
    <localidade>Maceió</localidade>
    <uf>AL</uf>
    <estado>Alagoas</estado>
    <região/>
    <ibge>2704302</ibge>
    <gia/>
    <ddd>82</ddd>
    <siafi>2785</siafi>
  </cep>
  <cep>
    <cep>57015-190</cep>
    <logradouro>Travessa São Benedito</logradouro>
    <complemento/>
    <unidade/>
    <bairro>Vergel do Lago</bairro>
    <localidade>Maceió</localidade>
    <uf>AL</uf>
    <estado>Alagoas</estado>
    <região/>
    <ibge>2704302</ibge>
    <gia/>
    <ddd>82</ddd>
    <siafi>2785</siafi>
  </cep>
  <cep>
    <cep>57015-200</cep>
    <logradouro>Rua São Félix</logradouro>
    <complemento/>
    <unidade/>
    <bairro>Vergel do Lago</bairro>
    <localidade>Maceió</localidade>
    <uf>AL</uf>
    <estado>Alagoas</estado>
    <região/>
    <ibge>2704302</ibge>
    <gia/>
    <ddd>82</ddd>
    <siafi>2785</siafi>
  </cep>
  <cep>
    <cep>57015-205</cep>
    <logradouro>Travessa São Félix</logradouro>
    <complemento/>
    <unidade/>
    <bairro>Vergel do Lago</bairro>
    <localidade>Maceió</localidade>
    <uf>AL</uf>
    <estado>Alagoas</estado>
    <região/>
    <ibge>2704302</ibge>
    <gia/>
    <ddd>82</ddd>
    <siafi>2785</siafi>
  </cep>
  <cep>
    <cep>57015-207</cep>
    <logradouro>Travessa Ciro Medeiros</logradouro>
    <complemento/>
    <unidade/>
    <bairro>Vergel do Lago</bairro>
    <localidade>Maceió</localidade>
    <uf>AL</uf>
    <estado>Alagoas</estado>
    <região/>
    <ibge>2704302</ibge>
    <gia/>
    <ddd>82</ddd>
    <siafi>2785</siafi>
  </cep>
  <cep>
    <cep>57015-209</cep>
    <logradouro>Travessa Santo Elias</logradouro>
    <complemento/>
    <unidade/>
    <bairro>Vergel do Lago</bairro>
    <localidade>Maceió</localidade>
    <uf>AL</uf>
    <estado>Alagoas</estado>
    <região/>
    <ibge>2704302</ibge>
    <gia/>
    <ddd>82</ddd>
    <siafi>2785</siafi>
  </cep>
  <cep>
    <cep>57015-210</cep>
    <logradouro>Rua São João</logradouro>
    <complemento/>
    <unidade/>
    <bairro>Vergel do Lago</bairro>
    <localidade>Maceió</localidade>
    <uf>AL</uf>
    <estado>Alagoas</estado>
    <região/>
    <ibge>2704302</ibge>
    <gia/>
    <ddd>82</ddd>
    <siafi>2785</siafi>
  </cep>
  <cep>
    <cep>57015-220</cep>
    <logradouro>Rua Tenente Roque</logradouro>
    <complemento/>
    <unidade/>
    <bairro>Vergel do Lago</bairro>
    <localidade>Maceió</localidade>
    <uf>AL</uf>
    <estado>Alagoas</estado>
    <região/>
    <ibge>2704302</ibge>
    <gia/>
    <ddd>82</ddd>
    <siafi>2785</siafi>
  </cep>
  <cep>
    <cep>57015-225</cep>
    <logradouro>Rua Novo Horizonte</logradouro>
    <complemento/>
    <unidade/>
    <bairro>Vergel do Lago</bairro>
    <localidade>Maceió</localidade>
    <uf>AL</uf>
    <estado>Alagoas</estado>
    <região/>
    <ibge>2704302</ibge>
    <gia/>
    <ddd>82</ddd>
    <siafi>2785</siafi>
  </cep>
  <cep>
    <cep>57015-208</cep>
    <logradouro>Travessa Coronel Lucena</logradouro>
    <complemento/>
    <unidade/>
    <bairro>Vergel do Lago</bairro>
    <localidade>Maceió</localidade>
    <uf>AL</uf>
    <estado>Alagoas</estado>
    <região/>
    <ibge>2704302</ibge>
    <gia/>
    <ddd>82</ddd>
    <siafi>2785</siafi>
  </cep>
  <cep>
    <cep>57015-206</cep>
    <logradouro>Rua Ciro Medeiros</logradouro>
    <complemento/>
    <unidade/>
    <bairro>Vergel do Lago</bairro>
    <localidade>Maceió</localidade>
    <uf>AL</uf>
    <estado>Alagoas</estado>
    <região/>
    <ibge>2704302</ibge>
    <gia/>
    <ddd>82</ddd>
    <siafi>2785</siafi>
  </cep>
  <cep>
    <cep>57015-215</cep>
    <logradouro>Travessa São João</logradouro>
    <complemento/>
    <unidade/>
    <bairro>Vergel do Lago</bairro>
    <localidade>Maceió</localidade>
    <uf>AL</uf>
    <estado>Alagoas</estado>
    <região/>
    <ibge>2704302</ibge>
    <gia/>
    <ddd>82</ddd>
    <siafi>2785</siafi>
  </cep>
  <cep>
    <cep>57015-232</cep>
    <logradouro>2ª Travessa Bom Retiro</logradouro>
    <complemento/>
    <unidade/>
    <bairro>Vergel do Lago</bairro>
    <localidade>Maceió</localidade>
    <uf>AL</uf>
    <estado>Alagoas</estado>
    <região/>
    <ibge>2704302</ibge>
    <gia/>
    <ddd>82</ddd>
    <siafi>2785</siafi>
  </cep>
  <cep>
    <cep>57015-227</cep>
    <logradouro>1ª Travessa Novo Horizonte</logradouro>
    <complemento/>
    <unidade/>
    <bairro>Vergel do Lago</bairro>
    <localidade>Maceió</localidade>
    <uf>AL</uf>
    <estado>Alagoas</estado>
    <região/>
    <ibge>2704302</ibge>
    <gia/>
    <ddd>82</ddd>
    <siafi>2785</siafi>
  </cep>
  <cep>
    <cep>57015-230</cep>
    <logradouro>Rua Bom Retiro</logradouro>
    <complemento/>
    <unidade/>
    <bairro>Vergel do Lago</bairro>
    <localidade>Maceió</localidade>
    <uf>AL</uf>
    <estado>Alagoas</estado>
    <região/>
    <ibge>2704302</ibge>
    <gia/>
    <ddd>82</ddd>
    <siafi>2785</siafi>
  </cep>
  <cep>
    <cep>57015-229</cep>
    <logradouro>2ª Travessa Novo Horizonte</logradouro>
    <complemento/>
    <unidade/>
    <bairro>Vergel do Lago</bairro>
    <localidade>Maceió</localidade>
    <uf>AL</uf>
    <estado>Alagoas</estado>
    <região/>
    <ibge>2704302</ibge>
    <gia/>
    <ddd>82</ddd>
    <siafi>2785</siafi>
  </cep>
  <cep>
    <cep>57015-235</cep>
    <logradouro>Travessa Bom Retiro</logradouro>
    <complemento/>
    <unidade/>
    <bairro>Vergel do Lago</bairro>
    <localidade>Maceió</localidade>
    <uf>AL</uf>
    <estado>Alagoas</estado>
    <região/>
    <ibge>2704302</ibge>
    <gia/>
    <ddd>82</ddd>
    <siafi>2785</siafi>
  </cep>
  <cep>
    <cep>57015-240</cep>
    <logradouro>Rua Bom Sucesso</logradouro>
    <complemento/>
    <unidade/>
    <bairro>Vergel do Lago</bairro>
    <localidade>Maceió</localidade>
    <uf>AL</uf>
    <estado>Alagoas</estado>
    <região/>
    <ibge>2704302</ibge>
    <gia/>
    <ddd>82</ddd>
    <siafi>2785</siafi>
  </cep>
  <cep>
    <cep>57015-242</cep>
    <logradouro>Vila São João</logradouro>
    <complemento/>
    <unidade/>
    <bairro>Vergel do Lago</bairro>
    <localidade>Maceió</localidade>
    <uf>AL</uf>
    <estado>Alagoas</estado>
    <região/>
    <ibge>2704302</ibge>
    <gia/>
    <ddd>82</ddd>
    <siafi>2785</siafi>
  </cep>
  <cep>
    <cep>57015-243</cep>
    <logradouro>2ª Travessa Bom Sucesso</logradouro>
    <complemento/>
    <unidade/>
    <bairro>Vergel do Lago</bairro>
    <localidade>Maceió</localidade>
    <uf>AL</uf>
    <estado>Alagoas</estado>
    <região/>
    <ibge>2704302</ibge>
    <gia/>
    <ddd>82</ddd>
    <siafi>2785</siafi>
  </cep>
  <cep>
    <cep>57015-245</cep>
    <logradouro>Travessa Bom Sucesso</logradouro>
    <complemento/>
    <unidade/>
    <bairro>Vergel do Lago</bairro>
    <localidade>Maceió</localidade>
    <uf>AL</uf>
    <estado>Alagoas</estado>
    <região/>
    <ibge>2704302</ibge>
    <gia/>
    <ddd>82</ddd>
    <siafi>2785</siafi>
  </cep>
  <cep>
    <cep>57015-250</cep>
    <logradouro>Rua Campo Verde</logradouro>
    <complemento/>
    <unidade/>
    <bairro>Vergel do Lago</bairro>
    <localidade>Maceió</localidade>
    <uf>AL</uf>
    <estado>Alagoas</estado>
    <região/>
    <ibge>2704302</ibge>
    <gia/>
    <ddd>82</ddd>
    <siafi>2785</siafi>
  </cep>
  <cep>
    <cep>57015-255</cep>
    <logradouro>Travessa Campo Verde</logradouro>
    <complemento/>
    <unidade/>
    <bairro>Vergel do Lago</bairro>
    <localidade>Maceió</localidade>
    <uf>AL</uf>
    <estado>Alagoas</estado>
    <região/>
    <ibge>2704302</ibge>
    <gia/>
    <ddd>82</ddd>
    <siafi>2785</siafi>
  </cep>
  <cep>
    <cep>57015-290</cep>
    <logradouro>Rua José Correia de Melo</logradouro>
    <complemento/>
    <unidade/>
    <bairro>Vergel do Lago</bairro>
    <localidade>Maceió</localidade>
    <uf>AL</uf>
    <estado>Alagoas</estado>
    <região/>
    <ibge>2704302</ibge>
    <gia/>
    <ddd>82</ddd>
    <siafi>2785</siafi>
  </cep>
  <cep>
    <cep>57015-272</cep>
    <logradouro>Vila São José</logradouro>
    <complemento/>
    <unidade/>
    <bairro>Vergel do Lago</bairro>
    <localidade>Maceió</localidade>
    <uf>AL</uf>
    <estado>Alagoas</estado>
    <região/>
    <ibge>2704302</ibge>
    <gia/>
    <ddd>82</ddd>
    <siafi>2785</siafi>
  </cep>
  <cep>
    <cep>57015-270</cep>
    <logradouro>Rua Oscarlina Maria da Silva</logradouro>
    <complemento/>
    <unidade/>
    <bairro>Vergel do Lago</bairro>
    <localidade>Maceió</localidade>
    <uf>AL</uf>
    <estado>Alagoas</estado>
    <região/>
    <ibge>2704302</ibge>
    <gia/>
    <ddd>82</ddd>
    <siafi>2785</siafi>
  </cep>
  <cep>
    <cep>57015-260</cep>
    <logradouro>Rua Radialista Clemente Aleluia</logradouro>
    <complemento/>
    <unidade/>
    <bairro>Vergel do Lago</bairro>
    <localidade>Maceió</localidade>
    <uf>AL</uf>
    <estado>Alagoas</estado>
    <região/>
    <ibge>2704302</ibge>
    <gia/>
    <ddd>82</ddd>
    <siafi>2785</siafi>
  </cep>
  <cep>
    <cep>57015-280</cep>
    <logradouro>Rua Doutor Rocha Cavalcante</logradouro>
    <complemento/>
    <unidade/>
    <bairro>Vergel do Lago</bairro>
    <localidade>Maceió</localidade>
    <uf>AL</uf>
    <estado>Alagoas</estado>
    <região/>
    <ibge>2704302</ibge>
    <gia/>
    <ddd>82</ddd>
    <siafi>2785</siafi>
  </cep>
  <cep>
    <cep>57015-310</cep>
    <logradouro>Conjunto Joanísio Omena</logradouro>
    <complemento/>
    <unidade/>
    <bairro>Vergel do Lago</bairro>
    <localidade>Maceió</localidade>
    <uf>AL</uf>
    <estado>Alagoas</estado>
    <região/>
    <ibge>2704302</ibge>
    <gia/>
    <ddd>82</ddd>
    <siafi>2785</siafi>
  </cep>
  <cep>
    <cep>57015-300</cep>
    <logradouro>Rua Radialista Djalma Valença</logradouro>
    <complemento/>
    <unidade/>
    <bairro>Vergel do Lago</bairro>
    <localidade>Maceió</localidade>
    <uf>AL</uf>
    <estado>Alagoas</estado>
    <região/>
    <ibge>2704302</ibge>
    <gia/>
    <ddd>82</ddd>
    <siafi>2785</siafi>
  </cep>
  <cep>
    <cep>57015-327</cep>
    <logradouro>2ª Travessa Largo da Paz</logradouro>
    <complemento/>
    <unidade/>
    <bairro>Vergel do Lago</bairro>
    <localidade>Maceió</localidade>
    <uf>AL</uf>
    <estado>Alagoas</estado>
    <região/>
    <ibge>2704302</ibge>
    <gia/>
    <ddd>82</ddd>
    <siafi>2785</siafi>
  </cep>
  <cep>
    <cep>57015-320</cep>
    <logradouro>Rua Aldair Santiago Fernandes</logradouro>
    <complemento/>
    <unidade/>
    <bairro>Vergel do Lago</bairro>
    <localidade>Maceió</localidade>
    <uf>AL</uf>
    <estado>Alagoas</estado>
    <região/>
    <ibge>2704302</ibge>
    <gia/>
    <ddd>82</ddd>
    <siafi>2785</siafi>
  </cep>
  <cep>
    <cep>57015-325</cep>
    <logradouro>Travessa Largo da Paz</logradouro>
    <complemento/>
    <unidade/>
    <bairro>Vergel do Lago</bairro>
    <localidade>Maceió</localidade>
    <uf>AL</uf>
    <estado>Alagoas</estado>
    <região/>
    <ibge>2704302</ibge>
    <gia/>
    <ddd>82</ddd>
    <siafi>2785</siafi>
  </cep>
  <cep>
    <cep>57015-330</cep>
    <logradouro>Rua da Mangueira</logradouro>
    <complemento/>
    <unidade/>
    <bairro>Vergel do Lago</bairro>
    <localidade>Maceió</localidade>
    <uf>AL</uf>
    <estado>Alagoas</estado>
    <região/>
    <ibge>2704302</ibge>
    <gia/>
    <ddd>82</ddd>
    <siafi>2785</siafi>
  </cep>
  <cep>
    <cep>57015-370</cep>
    <logradouro>Rua São Bento</logradouro>
    <complemento/>
    <unidade/>
    <bairro>Vergel do Lago</bairro>
    <localidade>Maceió</localidade>
    <uf>AL</uf>
    <estado>Alagoas</estado>
    <região/>
    <ibge>2704302</ibge>
    <gia/>
    <ddd>82</ddd>
    <siafi>2785</siafi>
  </cep>
  <cep>
    <cep>57015-430</cep>
    <logradouro>Avenida Senador Rui Palmeira</logradouro>
    <complemento/>
    <unidade/>
    <bairro>Vergel do Lago</bairro>
    <localidade>Maceió</localidade>
    <uf>AL</uf>
    <estado>Alagoas</estado>
    <região/>
    <ibge>2704302</ibge>
    <gia/>
    <ddd>82</ddd>
    <siafi>2785</siafi>
  </cep>
  <cep>
    <cep>57015-410</cep>
    <logradouro>Vila Antônio Felisdoro</logradouro>
    <complemento/>
    <unidade/>
    <bairro>Vergel do Lago</bairro>
    <localidade>Maceió</localidade>
    <uf>AL</uf>
    <estado>Alagoas</estado>
    <região/>
    <ibge>2704302</ibge>
    <gia/>
    <ddd>82</ddd>
    <siafi>2785</siafi>
  </cep>
  <cep>
    <cep>57015-340</cep>
    <logradouro>Rua Getúlio Correia Lima</logradouro>
    <complemento/>
    <unidade/>
    <bairro>Vergel do Lago</bairro>
    <localidade>Maceió</localidade>
    <uf>AL</uf>
    <estado>Alagoas</estado>
    <região/>
    <ibge>2704302</ibge>
    <gia/>
    <ddd>82</ddd>
    <siafi>2785</siafi>
  </cep>
  <cep>
    <cep>57015-385</cep>
    <logradouro>Travessa São Francisco</logradouro>
    <complemento/>
    <unidade/>
    <bairro>Vergel do Lago</bairro>
    <localidade>Maceió</localidade>
    <uf>AL</uf>
    <estado>Alagoas</estado>
    <região/>
    <ibge>2704302</ibge>
    <gia/>
    <ddd>82</ddd>
    <siafi>2785</siafi>
  </cep>
  <cep>
    <cep>57015-400</cep>
    <logradouro>Rua São Vicente</logradouro>
    <complemento/>
    <unidade/>
    <bairro>Vergel do Lago</bairro>
    <localidade>Maceió</localidade>
    <uf>AL</uf>
    <estado>Alagoas</estado>
    <região/>
    <ibge>2704302</ibge>
    <gia/>
    <ddd>82</ddd>
    <siafi>2785</siafi>
  </cep>
  <cep>
    <cep>57015-390</cep>
    <logradouro>Rua Vergel do Lago</logradouro>
    <complemento/>
    <unidade/>
    <bairro>Vergel do Lago</bairro>
    <localidade>Maceió</localidade>
    <uf>AL</uf>
    <estado>Alagoas</estado>
    <região/>
    <ibge>2704302</ibge>
    <gia/>
    <ddd>82</ddd>
    <siafi>2785</siafi>
  </cep>
  <cep>
    <cep>57015-350</cep>
    <logradouro>Travessa Panair</logradouro>
    <complemento/>
    <unidade/>
    <bairro>Vergel do Lago</bairro>
    <localidade>Maceió</localidade>
    <uf>AL</uf>
    <estado>Alagoas</estado>
    <região/>
    <ibge>2704302</ibge>
    <gia/>
    <ddd>82</ddd>
    <siafi>2785</siafi>
  </cep>
  <cep>
    <cep>57015-440</cep>
    <logradouro>Rua Balbino Lopes</logradouro>
    <complemento/>
    <unidade/>
    <bairro>Vergel do Lago</bairro>
    <localidade>Maceió</localidade>
    <uf>AL</uf>
    <estado>Alagoas</estado>
    <região/>
    <ibge>2704302</ibge>
    <gia/>
    <ddd>82</ddd>
    <siafi>2785</siafi>
  </cep>
  <cep>
    <cep>57015-420</cep>
    <logradouro>Conjunto Vinícius Cansanção</logradouro>
    <complemento/>
    <unidade/>
    <bairro>Vergel do Lago</bairro>
    <localidade>Maceió</localidade>
    <uf>AL</uf>
    <estado>Alagoas</estado>
    <região/>
    <ibge>2704302</ibge>
    <gia/>
    <ddd>82</ddd>
    <siafi>2785</siafi>
  </cep>
  <cep>
    <cep>57015-444</cep>
    <logradouro>Vila Cerqueira</logradouro>
    <complemento/>
    <unidade/>
    <bairro>Vergel do Lago</bairro>
    <localidade>Maceió</localidade>
    <uf>AL</uf>
    <estado>Alagoas</estado>
    <região/>
    <ibge>2704302</ibge>
    <gia/>
    <ddd>82</ddd>
    <siafi>2785</siafi>
  </cep>
  <cep>
    <cep>57015-375</cep>
    <logradouro>Travessa São Bento</logradouro>
    <complemento/>
    <unidade/>
    <bairro>Vergel do Lago</bairro>
    <localidade>Maceió</localidade>
    <uf>AL</uf>
    <estado>Alagoas</estado>
    <região/>
    <ibge>2704302</ibge>
    <gia/>
    <ddd>82</ddd>
    <siafi>2785</siafi>
  </cep>
  <cep>
    <cep>57015-380</cep>
    <logradouro>Rua São Francisco</logradouro>
    <complemento/>
    <unidade/>
    <bairro>Vergel do Lago</bairro>
    <localidade>Maceió</localidade>
    <uf>AL</uf>
    <estado>Alagoas</estado>
    <região/>
    <ibge>2704302</ibge>
    <gia/>
    <ddd>82</ddd>
    <siafi>2785</siafi>
  </cep>
  <cep>
    <cep>57015-450</cep>
    <logradouro>Rua Jardim Nova Esperança</logradouro>
    <complemento/>
    <unidade/>
    <bairro>Vergel do Lago</bairro>
    <localidade>Maceió</localidade>
    <uf>AL</uf>
    <estado>Alagoas</estado>
    <região/>
    <ibge>2704302</ibge>
    <gia/>
    <ddd>82</ddd>
    <siafi>2785</siafi>
  </cep>
  <cep>
    <cep>57015-520</cep>
    <logradouro>Rua Cabo Reis</logradouro>
    <complemento>até 388 - lado par</complemento>
    <unidade/>
    <bairro>Vergel do Lago</bairro>
    <localidade>Maceió</localidade>
    <uf>AL</uf>
    <estado>Alagoas</estado>
    <região/>
    <ibge>2704302</ibge>
    <gia/>
    <ddd>82</ddd>
    <siafi>2785</siafi>
  </cep>
  <cep>
    <cep>57015-510</cep>
    <logradouro>Vila São Pedro</logradouro>
    <complemento/>
    <unidade/>
    <bairro>Vergel do Lago</bairro>
    <localidade>Maceió</localidade>
    <uf>AL</uf>
    <estado>Alagoas</estado>
    <região/>
    <ibge>2704302</ibge>
    <gia/>
    <ddd>82</ddd>
    <siafi>2785</siafi>
  </cep>
  <cep>
    <cep>57015-530</cep>
    <logradouro>Rua Centenária Benedita Maria da Conceição</logradouro>
    <complemento/>
    <unidade/>
    <bairro>Vergel do Lago</bairro>
    <localidade>Maceió</localidade>
    <uf>AL</uf>
    <estado>Alagoas</estado>
    <região/>
    <ibge>2704302</ibge>
    <gia/>
    <ddd>82</ddd>
    <siafi>2785</siafi>
  </cep>
  <cep>
    <cep>57015-556</cep>
    <logradouro>Rua Tenente Francisco Oliveira da Silva</logradouro>
    <complemento>(Q 1/Q 2 - Cj Joaquim Leão)</complemento>
    <unidade/>
    <bairro>Vergel do Lago</bairro>
    <localidade>Maceió</localidade>
    <uf>AL</uf>
    <estado>Alagoas</estado>
    <região/>
    <ibge>2704302</ibge>
    <gia/>
    <ddd>82</ddd>
    <siafi>2785</siafi>
  </cep>
  <cep>
    <cep>57015-540</cep>
    <logradouro>Avenida General Mário Lima</logradouro>
    <complemento>lado ímpar</complemento>
    <unidade/>
    <bairro>Vergel do Lago</bairro>
    <localidade>Maceió</localidade>
    <uf>AL</uf>
    <estado>Alagoas</estado>
    <região/>
    <ibge>2704302</ibge>
    <gia/>
    <ddd>82</ddd>
    <siafi>2785</siafi>
  </cep>
  <cep>
    <cep>57015-560</cep>
    <logradouro>Avenida General Alacir Werner</logradouro>
    <complemento/>
    <unidade/>
    <bairro>Vergel do Lago</bairro>
    <localidade>Maceió</localidade>
    <uf>AL</uf>
    <estado>Alagoas</estado>
    <região/>
    <ibge>2704302</ibge>
    <gia/>
    <ddd>82</ddd>
    <siafi>2785</siafi>
  </cep>
  <cep>
    <cep>57015-562</cep>
    <logradouro>Rua Projetada G 968</logradouro>
    <complemento>(Cj Joaquim Leão)</complemento>
    <unidade/>
    <bairro>Vergel do Lago</bairro>
    <localidade>Maceió</localidade>
    <uf>AL</uf>
    <estado>Alagoas</estado>
    <região/>
    <ibge>2704302</ibge>
    <gia/>
    <ddd>82</ddd>
    <siafi>2785</siafi>
  </cep>
  <cep>
    <cep>57015-564</cep>
    <logradouro>Rua I</logradouro>
    <complemento>(Projetada I 0970 - Cj Joaquim Leão)</complemento>
    <unidade/>
    <bairro>Vergel do Lago</bairro>
    <localidade>Maceió</localidade>
    <uf>AL</uf>
    <estado>Alagoas</estado>
    <região/>
    <ibge>2704302</ibge>
    <gia/>
    <ddd>82</ddd>
    <siafi>2785</siafi>
  </cep>
  <cep>
    <cep>57015-568</cep>
    <logradouro>Rua M</logradouro>
    <complemento>(Projetada M 0974 - Cj Joaquim Leão)</complemento>
    <unidade/>
    <bairro>Vergel do Lago</bairro>
    <localidade>Maceió</localidade>
    <uf>AL</uf>
    <estado>Alagoas</estado>
    <região/>
    <ibge>2704302</ibge>
    <gia/>
    <ddd>82</ddd>
    <siafi>2785</siafi>
  </cep>
  <cep>
    <cep>57015-571</cep>
    <logradouro>Rua A</logradouro>
    <complemento>(Cj Virgem dos Pobres I)</complemento>
    <unidade/>
    <bairro>Vergel do Lago</bairro>
    <localidade>Maceió</localidade>
    <uf>AL</uf>
    <estado>Alagoas</estado>
    <região/>
    <ibge>2704302</ibge>
    <gia/>
    <ddd>82</ddd>
    <siafi>2785</siafi>
  </cep>
  <cep>
    <cep>57015-567</cep>
    <logradouro>Rua L</logradouro>
    <complemento>(Cj Joaquim Leão)</complemento>
    <unidade/>
    <bairro>Vergel do Lago</bairro>
    <localidade>Maceió</localidade>
    <uf>AL</uf>
    <estado>Alagoas</estado>
    <região/>
    <ibge>2704302</ibge>
    <gia/>
    <ddd>82</ddd>
    <siafi>2785</siafi>
  </cep>
  <cep>
    <cep>57015-576</cep>
    <logradouro>Rua F</logradouro>
    <complemento>(Cj Virgem dos Pobres I)</complemento>
    <unidade/>
    <bairro>Vergel do Lago</bairro>
    <localidade>Maceió</localidade>
    <uf>AL</uf>
    <estado>Alagoas</estado>
    <região/>
    <ibge>2704302</ibge>
    <gia/>
    <ddd>82</ddd>
    <siafi>2785</siafi>
  </cep>
  <cep>
    <cep>57015-563</cep>
    <logradouro>Rua H</logradouro>
    <complemento>(Cj Joaquim Leão)</complemento>
    <unidade/>
    <bairro>Vergel do Lago</bairro>
    <localidade>Maceió</localidade>
    <uf>AL</uf>
    <estado>Alagoas</estado>
    <região/>
    <ibge>2704302</ibge>
    <gia/>
    <ddd>82</ddd>
    <siafi>2785</siafi>
  </cep>
  <cep>
    <cep>57015-565</cep>
    <logradouro>Rua J</logradouro>
    <complemento>(Projetada J 0971 - Cj Joaquim Leão)</complemento>
    <unidade/>
    <bairro>Vergel do Lago</bairro>
    <localidade>Maceió</localidade>
    <uf>AL</uf>
    <estado>Alagoas</estado>
    <região/>
    <ibge>2704302</ibge>
    <gia/>
    <ddd>82</ddd>
    <siafi>2785</siafi>
  </cep>
  <cep>
    <cep>57015-569</cep>
    <logradouro>Rua N</logradouro>
    <complemento>(Cj Joaquim Leão)</complemento>
    <unidade/>
    <bairro>Vergel do Lago</bairro>
    <localidade>Maceió</localidade>
    <uf>AL</uf>
    <estado>Alagoas</estado>
    <região/>
    <ibge>2704302</ibge>
    <gia/>
    <ddd>82</ddd>
    <siafi>2785</siafi>
  </cep>
  <cep>
    <cep>57015-577</cep>
    <logradouro>Rua G</logradouro>
    <complemento>(Cj Virgem dos Pobres I)</complemento>
    <unidade/>
    <bairro>Vergel do Lago</bairro>
    <localidade>Maceió</localidade>
    <uf>AL</uf>
    <estado>Alagoas</estado>
    <região/>
    <ibge>2704302</ibge>
    <gia/>
    <ddd>82</ddd>
    <siafi>2785</siafi>
  </cep>
  <cep>
    <cep>57015-573</cep>
    <logradouro>Rua C</logradouro>
    <complemento>(Cj Virgem dos Pobres I)</complemento>
    <unidade/>
    <bairro>Vergel do Lago</bairro>
    <localidade>Maceió</localidade>
    <uf>AL</uf>
    <estado>Alagoas</estado>
    <região/>
    <ibge>2704302</ibge>
    <gia/>
    <ddd>82</ddd>
    <siafi>2785</siafi>
  </cep>
  <cep>
    <cep>57015-574</cep>
    <logradouro>Rua D</logradouro>
    <complemento>(Cj Virgem dos Pobres I)</complemento>
    <unidade/>
    <bairro>Vergel do Lago</bairro>
    <localidade>Maceió</localidade>
    <uf>AL</uf>
    <estado>Alagoas</estado>
    <região/>
    <ibge>2704302</ibge>
    <gia/>
    <ddd>82</ddd>
    <siafi>2785</siafi>
  </cep>
  <cep>
    <cep>57015-566</cep>
    <logradouro>Rua K</logradouro>
    <complemento>(Cj Joaquim Leão)</complemento>
    <unidade/>
    <bairro>Vergel do Lago</bairro>
    <localidade>Maceió</localidade>
    <uf>AL</uf>
    <estado>Alagoas</estado>
    <região/>
    <ibge>2704302</ibge>
    <gia/>
    <ddd>82</ddd>
    <siafi>2785</siafi>
  </cep>
  <cep>
    <cep>57015-578</cep>
    <logradouro>Rua H</logradouro>
    <complemento>(Cj Virgem dos Pobres I)</complemento>
    <unidade/>
    <bairro>Vergel do Lago</bairro>
    <localidade>Maceió</localidade>
    <uf>AL</uf>
    <estado>Alagoas</estado>
    <região/>
    <ibge>2704302</ibge>
    <gia/>
    <ddd>82</ddd>
    <siafi>2785</siafi>
  </cep>
  <cep>
    <cep>57015-572</cep>
    <logradouro>Rua B</logradouro>
    <complemento>(Cj Virgem dos Pobres I)</complemento>
    <unidade/>
    <bairro>Vergel do Lago</bairro>
    <localidade>Maceió</localidade>
    <uf>AL</uf>
    <estado>Alagoas</estado>
    <região/>
    <ibge>2704302</ibge>
    <gia/>
    <ddd>82</ddd>
    <siafi>2785</siafi>
  </cep>
  <cep>
    <cep>57015-579</cep>
    <logradouro>Rua I</logradouro>
    <complemento>(Cj Virgem dos Pobres I)</complemento>
    <unidade/>
    <bairro>Vergel do Lago</bairro>
    <localidade>Maceió</localidade>
    <uf>AL</uf>
    <estado>Alagoas</estado>
    <região/>
    <ibge>2704302</ibge>
    <gia/>
    <ddd>82</ddd>
    <siafi>2785</siafi>
  </cep>
  <cep>
    <cep>57015-581</cep>
    <logradouro>Rua N</logradouro>
    <complemento>(Cj Virgem dos Pobres I)</complemento>
    <unidade/>
    <bairro>Vergel do Lago</bairro>
    <localidade>Maceió</localidade>
    <uf>AL</uf>
    <estado>Alagoas</estado>
    <região/>
    <ibge>2704302</ibge>
    <gia/>
    <ddd>82</ddd>
    <siafi>2785</siafi>
  </cep>
  <cep>
    <cep>57015-582</cep>
    <logradouro>Rua O</logradouro>
    <complemento>(Cj Virgem dos Pobres I)</complemento>
    <unidade/>
    <bairro>Vergel do Lago</bairro>
    <localidade>Maceió</localidade>
    <uf>AL</uf>
    <estado>Alagoas</estado>
    <região/>
    <ibge>2704302</ibge>
    <gia/>
    <ddd>82</ddd>
    <siafi>2785</siafi>
  </cep>
  <cep>
    <cep>57015-584</cep>
    <logradouro>Rua Q</logradouro>
    <complemento>(Cj Virgem dos Pobres I)</complemento>
    <unidade/>
    <bairro>Vergel do Lago</bairro>
    <localidade>Maceió</localidade>
    <uf>AL</uf>
    <estado>Alagoas</estado>
    <região/>
    <ibge>2704302</ibge>
    <gia/>
    <ddd>82</ddd>
    <siafi>2785</siafi>
  </cep>
  <cep>
    <cep>57015-583</cep>
    <logradouro>Rua P</logradouro>
    <complemento>(Cj Virgem dos Pobres I)</complemento>
    <unidade/>
    <bairro>Vergel do Lago</bairro>
    <localidade>Maceió</localidade>
    <uf>AL</uf>
    <estado>Alagoas</estado>
    <região/>
    <ibge>2704302</ibge>
    <gia/>
    <ddd>82</ddd>
    <siafi>2785</siafi>
  </cep>
  <cep>
    <cep>57015-585</cep>
    <logradouro>Rua R</logradouro>
    <complemento>(Cj Virgem dos Pobres I)</complemento>
    <unidade/>
    <bairro>Vergel do Lago</bairro>
    <localidade>Maceió</localidade>
    <uf>AL</uf>
    <estado>Alagoas</estado>
    <região/>
    <ibge>2704302</ibge>
    <gia/>
    <ddd>82</ddd>
    <siafi>2785</siafi>
  </cep>
  <cep>
    <cep>57015-587</cep>
    <logradouro>Rua W</logradouro>
    <complemento>(Cj Virgem dos Pobres I)</complemento>
    <unidade/>
    <bairro>Vergel do Lago</bairro>
    <localidade>Maceió</localidade>
    <uf>AL</uf>
    <estado>Alagoas</estado>
    <região/>
    <ibge>2704302</ibge>
    <gia/>
    <ddd>82</ddd>
    <siafi>2785</siafi>
  </cep>
  <cep>
    <cep>57015-588</cep>
    <logradouro>Rua X</logradouro>
    <complemento>(Cj Virgem dos Pobres I)</complemento>
    <unidade/>
    <bairro>Vergel do Lago</bairro>
    <localidade>Maceió</localidade>
    <uf>AL</uf>
    <estado>Alagoas</estado>
    <região/>
    <ibge>2704302</ibge>
    <gia/>
    <ddd>82</ddd>
    <siafi>2785</siafi>
  </cep>
  <cep>
    <cep>57015-586</cep>
    <logradouro>Rua S</logradouro>
    <complemento>(Cj Virgem dos Pobres I)</complemento>
    <unidade/>
    <bairro>Vergel do Lago</bairro>
    <localidade>Maceió</localidade>
    <uf>AL</uf>
    <estado>Alagoas</estado>
    <região/>
    <ibge>2704302</ibge>
    <gia/>
    <ddd>82</ddd>
    <siafi>2785</siafi>
  </cep>
  <cep>
    <cep>57015-590</cep>
    <logradouro>Rua Z</logradouro>
    <complemento>(Cj Virgem dos Pobres I)</complemento>
    <unidade/>
    <bairro>Vergel do Lago</bairro>
    <localidade>Maceió</localidade>
    <uf>AL</uf>
    <estado>Alagoas</estado>
    <região/>
    <ibge>2704302</ibge>
    <gia/>
    <ddd>82</ddd>
    <siafi>2785</siafi>
  </cep>
  <cep>
    <cep>57015-589</cep>
    <logradouro>Rua Y</logradouro>
    <complemento>(Cj Virgem dos Pobres I)</complemento>
    <unidade/>
    <bairro>Vergel do Lago</bairro>
    <localidade>Maceió</localidade>
    <uf>AL</uf>
    <estado>Alagoas</estado>
    <região/>
    <ibge>2704302</ibge>
    <gia/>
    <ddd>82</ddd>
    <siafi>2785</siafi>
  </cep>
  <cep>
    <cep>57015-810</cep>
    <logradouro>Travessa São Pedro</logradouro>
    <complemento/>
    <unidade/>
    <bairro>Vergel do Lago</bairro>
    <localidade>Maceió</localidade>
    <uf>AL</uf>
    <estado>Alagoas</estado>
    <região/>
    <ibge>2704302</ibge>
    <gia/>
    <ddd>82</ddd>
    <siafi>2785</siafi>
  </cep>
  <cep>
    <cep>57015-880</cep>
    <logradouro>Avenida Ministro Mário Andreazza</logradouro>
    <complemento/>
    <unidade/>
    <bairro>Vergel do Lago</bairro>
    <localidade>Maceió</localidade>
    <uf>AL</uf>
    <estado>Alagoas</estado>
    <região/>
    <ibge>2704302</ibge>
    <gia/>
    <ddd>82</ddd>
    <siafi>2785</siafi>
  </cep>
  <cep>
    <cep>57015-852</cep>
    <logradouro>Avenida Governador Theobaldo Barbosa</logradouro>
    <complemento/>
    <unidade/>
    <bairro>Vergel do Lago</bairro>
    <localidade>Maceió</localidade>
    <uf>AL</uf>
    <estado>Alagoas</estado>
    <região/>
    <ibge>2704302</ibge>
    <gia/>
    <ddd>82</ddd>
    <siafi>2785</siafi>
  </cep>
  <cep>
    <cep>57017-000</cep>
    <logradouro>Rua Formosa</logradouro>
    <complemento>até 1321/1322</complemento>
    <unidade/>
    <bairro>Levada</bairro>
    <localidade>Maceió</localidade>
    <uf>AL</uf>
    <estado>Alagoas</estado>
    <região/>
    <ibge>2704302</ibge>
    <gia/>
    <ddd>82</ddd>
    <siafi>2785</siafi>
  </cep>
  <cep>
    <cep>57017-002</cep>
    <logradouro>Rua Walberdson Douglas de Ferreira</logradouro>
    <complemento>lado par</complemento>
    <unidade/>
    <bairro>Levada</bairro>
    <localidade>Maceió</localidade>
    <uf>AL</uf>
    <estado>Alagoas</estado>
    <região/>
    <ibge>2704302</ibge>
    <gia/>
    <ddd>82</ddd>
    <siafi>2785</siafi>
  </cep>
  <cep>
    <cep>57017-004</cep>
    <logradouro>Rua Doutor Baltazar de Mendonça</logradouro>
    <complemento/>
    <unidade/>
    <bairro>Levada</bairro>
    <localidade>Maceió</localidade>
    <uf>AL</uf>
    <estado>Alagoas</estado>
    <região/>
    <ibge>2704302</ibge>
    <gia/>
    <ddd>82</ddd>
    <siafi>2785</siafi>
  </cep>
  <cep>
    <cep>57017-010</cep>
    <logradouro>Rua José Bernardo de Lima</logradouro>
    <complemento/>
    <unidade/>
    <bairro>Levada</bairro>
    <localidade>Maceió</localidade>
    <uf>AL</uf>
    <estado>Alagoas</estado>
    <região/>
    <ibge>2704302</ibge>
    <gia/>
    <ddd>82</ddd>
    <siafi>2785</siafi>
  </cep>
  <cep>
    <cep>57017-016</cep>
    <logradouro>Rua do Ceará</logradouro>
    <complemento>até 53/54</complemento>
    <unidade/>
    <bairro>Levada</bairro>
    <localidade>Maceió</localidade>
    <uf>AL</uf>
    <estado>Alagoas</estado>
    <região/>
    <ibge>2704302</ibge>
    <gia/>
    <ddd>82</ddd>
    <siafi>2785</siafi>
  </cep>
  <cep>
    <cep>57017-017</cep>
    <logradouro>Travessa Áurea Beltrão de Castro</logradouro>
    <complemento/>
    <unidade/>
    <bairro>Levada</bairro>
    <localidade>Maceió</localidade>
    <uf>AL</uf>
    <estado>Alagoas</estado>
    <região/>
    <ibge>2704302</ibge>
    <gia/>
    <ddd>82</ddd>
    <siafi>2785</siafi>
  </cep>
  <cep>
    <cep>57017-015</cep>
    <logradouro>Rua João Calheiros Gato</logradouro>
    <complemento/>
    <unidade/>
    <bairro>Levada</bairro>
    <localidade>Maceió</localidade>
    <uf>AL</uf>
    <estado>Alagoas</estado>
    <região/>
    <ibge>2704302</ibge>
    <gia/>
    <ddd>82</ddd>
    <siafi>2785</siafi>
  </cep>
  <cep>
    <cep>57017-022</cep>
    <logradouro>Praça do Pirulito</logradouro>
    <complemento>até 68 - lado par</complemento>
    <unidade/>
    <bairro>Levada</bairro>
    <localidade>Maceió</localidade>
    <uf>AL</uf>
    <estado>Alagoas</estado>
    <região/>
    <ibge>2704302</ibge>
    <gia/>
    <ddd>82</ddd>
    <siafi>2785</siafi>
  </cep>
  <cep>
    <cep>57017-028</cep>
    <logradouro>Rua Professora Maria José Loureiro Lima</logradouro>
    <complemento>até 51/52</complemento>
    <unidade/>
    <bairro>Levada</bairro>
    <localidade>Maceió</localidade>
    <uf>AL</uf>
    <estado>Alagoas</estado>
    <região/>
    <ibge>2704302</ibge>
    <gia/>
    <ddd>82</ddd>
    <siafi>2785</siafi>
  </cep>
  <cep>
    <cep>57017-042</cep>
    <logradouro>Rua Tupinambás</logradouro>
    <complemento/>
    <unidade/>
    <bairro>Levada</bairro>
    <localidade>Maceió</localidade>
    <uf>AL</uf>
    <estado>Alagoas</estado>
    <região/>
    <ibge>2704302</ibge>
    <gia/>
    <ddd>82</ddd>
    <siafi>2785</siafi>
  </cep>
  <cep>
    <cep>57017-044</cep>
    <logradouro>Rua João Beda Maia Gomes</logradouro>
    <complemento/>
    <unidade/>
    <bairro>Levada</bairro>
    <localidade>Maceió</localidade>
    <uf>AL</uf>
    <estado>Alagoas</estado>
    <região/>
    <ibge>2704302</ibge>
    <gia/>
    <ddd>82</ddd>
    <siafi>2785</siafi>
  </cep>
  <cep>
    <cep>57017-023</cep>
    <logradouro>Rua Comendador Teixeira Bastos</logradouro>
    <complemento>de 152 a 740 - lado par</complemento>
    <unidade/>
    <bairro>Levada</bairro>
    <localidade>Maceió</localidade>
    <uf>AL</uf>
    <estado>Alagoas</estado>
    <região/>
    <ibge>2704302</ibge>
    <gia/>
    <ddd>82</ddd>
    <siafi>2785</siafi>
  </cep>
  <cep>
    <cep>57017-020</cep>
    <logradouro>Rua Dezesseis de Setembro</logradouro>
    <complemento/>
    <unidade/>
    <bairro>Levada</bairro>
    <localidade>Maceió</localidade>
    <uf>AL</uf>
    <estado>Alagoas</estado>
    <região/>
    <ibge>2704302</ibge>
    <gia/>
    <ddd>82</ddd>
    <siafi>2785</siafi>
  </cep>
  <cep>
    <cep>57017-024</cep>
    <logradouro>Rua Primeiro de Maio</logradouro>
    <complemento>até 94/95</complemento>
    <unidade/>
    <bairro>Levada</bairro>
    <localidade>Maceió</localidade>
    <uf>AL</uf>
    <estado>Alagoas</estado>
    <região/>
    <ibge>2704302</ibge>
    <gia/>
    <ddd>82</ddd>
    <siafi>2785</siafi>
  </cep>
  <cep>
    <cep>57017-018</cep>
    <logradouro>Rua Santo Antônio</logradouro>
    <complemento>até 173/174</complemento>
    <unidade/>
    <bairro>Levada</bairro>
    <localidade>Maceió</localidade>
    <uf>AL</uf>
    <estado>Alagoas</estado>
    <região/>
    <ibge>2704302</ibge>
    <gia/>
    <ddd>82</ddd>
    <siafi>2785</siafi>
  </cep>
  <cep>
    <cep>57017-030</cep>
    <logradouro>Praça Nossa Senhora das Graças</logradouro>
    <complemento/>
    <unidade/>
    <bairro>Levada</bairro>
    <localidade>Maceió</localidade>
    <uf>AL</uf>
    <estado>Alagoas</estado>
    <região/>
    <ibge>2704302</ibge>
    <gia/>
    <ddd>82</ddd>
    <siafi>2785</siafi>
  </cep>
  <cep>
    <cep>57017-046</cep>
    <logradouro>Rua Santa Fé</logradouro>
    <complemento>de 239/240 ao fim</complemento>
    <unidade/>
    <bairro>Levada</bairro>
    <localidade>Maceió</localidade>
    <uf>AL</uf>
    <estado>Alagoas</estado>
    <região/>
    <ibge>2704302</ibge>
    <gia/>
    <ddd>82</ddd>
    <siafi>2785</siafi>
  </cep>
  <cep>
    <cep>57017-040</cep>
    <logradouro>Avenida Celeste Bezerra</logradouro>
    <complemento/>
    <unidade/>
    <bairro>Levada</bairro>
    <localidade>Maceió</localidade>
    <uf>AL</uf>
    <estado>Alagoas</estado>
    <região/>
    <ibge>2704302</ibge>
    <gia/>
    <ddd>82</ddd>
    <siafi>2785</siafi>
  </cep>
  <cep>
    <cep>57017-052</cep>
    <logradouro>Travessa Democrata</logradouro>
    <complemento/>
    <unidade/>
    <bairro>Levada</bairro>
    <localidade>Maceió</localidade>
    <uf>AL</uf>
    <estado>Alagoas</estado>
    <região/>
    <ibge>2704302</ibge>
    <gia/>
    <ddd>82</ddd>
    <siafi>2785</siafi>
  </cep>
  <cep>
    <cep>57017-026</cep>
    <logradouro>Avenida Doutor Miguel Omena</logradouro>
    <complemento>até 205/206</complemento>
    <unidade/>
    <bairro>Levada</bairro>
    <localidade>Maceió</localidade>
    <uf>AL</uf>
    <estado>Alagoas</estado>
    <região/>
    <ibge>2704302</ibge>
    <gia/>
    <ddd>82</ddd>
    <siafi>2785</siafi>
  </cep>
  <cep>
    <cep>57017-048</cep>
    <logradouro>Rua Bela Vista</logradouro>
    <complemento/>
    <unidade/>
    <bairro>Levada</bairro>
    <localidade>Maceió</localidade>
    <uf>AL</uf>
    <estado>Alagoas</estado>
    <região/>
    <ibge>2704302</ibge>
    <gia/>
    <ddd>82</ddd>
    <siafi>2785</siafi>
  </cep>
  <cep>
    <cep>57017-050</cep>
    <logradouro>Rua Cirilo de Castro</logradouro>
    <complemento/>
    <unidade/>
    <bairro>Levada</bairro>
    <localidade>Maceió</localidade>
    <uf>AL</uf>
    <estado>Alagoas</estado>
    <região/>
    <ibge>2704302</ibge>
    <gia/>
    <ddd>82</ddd>
    <siafi>2785</siafi>
  </cep>
  <cep>
    <cep>57017-054</cep>
    <logradouro>Rua São José</logradouro>
    <complemento/>
    <unidade/>
    <bairro>Levada</bairro>
    <localidade>Maceió</localidade>
    <uf>AL</uf>
    <estado>Alagoas</estado>
    <região/>
    <ibge>2704302</ibge>
    <gia/>
    <ddd>82</ddd>
    <siafi>2785</siafi>
  </cep>
  <cep>
    <cep>57017-060</cep>
    <logradouro>Avenida Comendador Tércio Wanderley</logradouro>
    <complemento/>
    <unidade/>
    <bairro>Levada</bairro>
    <localidade>Maceió</localidade>
    <uf>AL</uf>
    <estado>Alagoas</estado>
    <região/>
    <ibge>2704302</ibge>
    <gia/>
    <ddd>82</ddd>
    <siafi>2785</siafi>
  </cep>
  <cep>
    <cep>57017-056</cep>
    <logradouro>Rua Olímpio Galvão</logradouro>
    <complemento/>
    <unidade/>
    <bairro>Levada</bairro>
    <localidade>Maceió</localidade>
    <uf>AL</uf>
    <estado>Alagoas</estado>
    <região/>
    <ibge>2704302</ibge>
    <gia/>
    <ddd>82</ddd>
    <siafi>2785</siafi>
  </cep>
  <cep>
    <cep>57017-062</cep>
    <logradouro>Travessa Comendador Tércio Wanderley</logradouro>
    <complemento/>
    <unidade/>
    <bairro>Levada</bairro>
    <localidade>Maceió</localidade>
    <uf>AL</uf>
    <estado>Alagoas</estado>
    <região/>
    <ibge>2704302</ibge>
    <gia/>
    <ddd>82</ddd>
    <siafi>2785</siafi>
  </cep>
  <cep>
    <cep>57017-065</cep>
    <logradouro>Praça Santo Antônio</logradouro>
    <complemento/>
    <unidade/>
    <bairro>Levada</bairro>
    <localidade>Maceió</localidade>
    <uf>AL</uf>
    <estado>Alagoas</estado>
    <região/>
    <ibge>2704302</ibge>
    <gia/>
    <ddd>82</ddd>
    <siafi>2785</siafi>
  </cep>
  <cep>
    <cep>57017-090</cep>
    <logradouro>Rua Coronel Cahet</logradouro>
    <complemento/>
    <unidade/>
    <bairro>Levada</bairro>
    <localidade>Maceió</localidade>
    <uf>AL</uf>
    <estado>Alagoas</estado>
    <região/>
    <ibge>2704302</ibge>
    <gia/>
    <ddd>82</ddd>
    <siafi>2785</siafi>
  </cep>
  <cep>
    <cep>57017-100</cep>
    <logradouro>Vila João Gato</logradouro>
    <complemento/>
    <unidade/>
    <bairro>Levada</bairro>
    <localidade>Maceió</localidade>
    <uf>AL</uf>
    <estado>Alagoas</estado>
    <região/>
    <ibge>2704302</ibge>
    <gia/>
    <ddd>82</ddd>
    <siafi>2785</siafi>
  </cep>
  <cep>
    <cep>57017-130</cep>
    <logradouro>Rua Presidente Prudente de Moraes</logradouro>
    <complemento/>
    <unidade/>
    <bairro>Levada</bairro>
    <localidade>Maceió</localidade>
    <uf>AL</uf>
    <estado>Alagoas</estado>
    <região/>
    <ibge>2704302</ibge>
    <gia/>
    <ddd>82</ddd>
    <siafi>2785</siafi>
  </cep>
  <cep>
    <cep>57017-142</cep>
    <logradouro>Rua Manoel Lourenço</logradouro>
    <complemento>lado par</complemento>
    <unidade/>
    <bairro>Levada</bairro>
    <localidade>Maceió</localidade>
    <uf>AL</uf>
    <estado>Alagoas</estado>
    <região/>
    <ibge>2704302</ibge>
    <gia/>
    <ddd>82</ddd>
    <siafi>2785</siafi>
  </cep>
  <cep>
    <cep>57017-085</cep>
    <logradouro>Praça Carlos Paurílio</logradouro>
    <complemento/>
    <unidade/>
    <bairro>Levada</bairro>
    <localidade>Maceió</localidade>
    <uf>AL</uf>
    <estado>Alagoas</estado>
    <região/>
    <ibge>2704302</ibge>
    <gia/>
    <ddd>82</ddd>
    <siafi>2785</siafi>
  </cep>
  <cep>
    <cep>57017-070</cep>
    <logradouro>Rua Doutor Pedro Marcelo de Oliveira</logradouro>
    <complemento/>
    <unidade/>
    <bairro>Levada</bairro>
    <localidade>Maceió</localidade>
    <uf>AL</uf>
    <estado>Alagoas</estado>
    <região/>
    <ibge>2704302</ibge>
    <gia/>
    <ddd>82</ddd>
    <siafi>2785</siafi>
  </cep>
  <cep>
    <cep>57017-080</cep>
    <logradouro>Rua Conselheiro João Alfredo</logradouro>
    <complemento/>
    <unidade/>
    <bairro>Levada</bairro>
    <localidade>Maceió</localidade>
    <uf>AL</uf>
    <estado>Alagoas</estado>
    <região/>
    <ibge>2704302</ibge>
    <gia/>
    <ddd>82</ddd>
    <siafi>2785</siafi>
  </cep>
  <cep>
    <cep>57017-140</cep>
    <logradouro>Rua Cícero Torres</logradouro>
    <complemento/>
    <unidade/>
    <bairro>Levada</bairro>
    <localidade>Maceió</localidade>
    <uf>AL</uf>
    <estado>Alagoas</estado>
    <região/>
    <ibge>2704302</ibge>
    <gia/>
    <ddd>82</ddd>
    <siafi>2785</siafi>
  </cep>
  <cep>
    <cep>57017-110</cep>
    <logradouro>Rua Coronel Meira</logradouro>
    <complemento/>
    <unidade/>
    <bairro>Levada</bairro>
    <localidade>Maceió</localidade>
    <uf>AL</uf>
    <estado>Alagoas</estado>
    <região/>
    <ibge>2704302</ibge>
    <gia/>
    <ddd>82</ddd>
    <siafi>2785</siafi>
  </cep>
  <cep>
    <cep>57017-120</cep>
    <logradouro>Rua Emílio de Maia</logradouro>
    <complemento/>
    <unidade/>
    <bairro>Levada</bairro>
    <localidade>Maceió</localidade>
    <uf>AL</uf>
    <estado>Alagoas</estado>
    <região/>
    <ibge>2704302</ibge>
    <gia/>
    <ddd>82</ddd>
    <siafi>2785</siafi>
  </cep>
  <cep>
    <cep>57017-144</cep>
    <logradouro>Largo São Pedro</logradouro>
    <complemento/>
    <unidade/>
    <bairro>Levada</bairro>
    <localidade>Maceió</localidade>
    <uf>AL</uf>
    <estado>Alagoas</estado>
    <região/>
    <ibge>2704302</ibge>
    <gia/>
    <ddd>82</ddd>
    <siafi>2785</siafi>
  </cep>
  <cep>
    <cep>57017-150</cep>
    <logradouro>Parque Rio Branco</logradouro>
    <complemento/>
    <unidade/>
    <bairro>Levada</bairro>
    <localidade>Maceió</localidade>
    <uf>AL</uf>
    <estado>Alagoas</estado>
    <região/>
    <ibge>2704302</ibge>
    <gia/>
    <ddd>82</ddd>
    <siafi>2785</siafi>
  </cep>
  <cep>
    <cep>57017-160</cep>
    <logradouro>Rua Barão de Alagoas</logradouro>
    <complemento>de 455/456 ao fim</complemento>
    <unidade/>
    <bairro>Levada</bairro>
    <localidade>Maceió</localidade>
    <uf>AL</uf>
    <estado>Alagoas</estado>
    <região/>
    <ibge>2704302</ibge>
    <gia/>
    <ddd>82</ddd>
    <siafi>2785</siafi>
  </cep>
  <cep>
    <cep>57017-162</cep>
    <logradouro>Vila São Marcos</logradouro>
    <complemento/>
    <unidade/>
    <bairro>Levada</bairro>
    <localidade>Maceió</localidade>
    <uf>AL</uf>
    <estado>Alagoas</estado>
    <região/>
    <ibge>2704302</ibge>
    <gia/>
    <ddd>82</ddd>
    <siafi>2785</siafi>
  </cep>
  <cep>
    <cep>57017-164</cep>
    <logradouro>Vila São Mateus</logradouro>
    <complemento/>
    <unidade/>
    <bairro>Levada</bairro>
    <localidade>Maceió</localidade>
    <uf>AL</uf>
    <estado>Alagoas</estado>
    <região/>
    <ibge>2704302</ibge>
    <gia/>
    <ddd>82</ddd>
    <siafi>2785</siafi>
  </cep>
  <cep>
    <cep>57017-168</cep>
    <logradouro>Rua Cleto Marques Luz</logradouro>
    <complemento/>
    <unidade/>
    <bairro>Levada</bairro>
    <localidade>Maceió</localidade>
    <uf>AL</uf>
    <estado>Alagoas</estado>
    <região/>
    <ibge>2704302</ibge>
    <gia/>
    <ddd>82</ddd>
    <siafi>2785</siafi>
  </cep>
  <cep>
    <cep>57017-166</cep>
    <logradouro>Rua Comendador Luiz Calheiros Gato</logradouro>
    <complemento/>
    <unidade/>
    <bairro>Levada</bairro>
    <localidade>Maceió</localidade>
    <uf>AL</uf>
    <estado>Alagoas</estado>
    <região/>
    <ibge>2704302</ibge>
    <gia/>
    <ddd>82</ddd>
    <siafi>2785</siafi>
  </cep>
  <cep>
    <cep>57017-171</cep>
    <logradouro>Rua São Vicente</logradouro>
    <complemento/>
    <unidade/>
    <bairro>Levada</bairro>
    <localidade>Maceió</localidade>
    <uf>AL</uf>
    <estado>Alagoas</estado>
    <região/>
    <ibge>2704302</ibge>
    <gia/>
    <ddd>82</ddd>
    <siafi>2785</siafi>
  </cep>
  <cep>
    <cep>57017-174</cep>
    <logradouro>Travessa São João</logradouro>
    <complemento/>
    <unidade/>
    <bairro>Levada</bairro>
    <localidade>Maceió</localidade>
    <uf>AL</uf>
    <estado>Alagoas</estado>
    <região/>
    <ibge>2704302</ibge>
    <gia/>
    <ddd>82</ddd>
    <siafi>2785</siafi>
  </cep>
  <cep>
    <cep>57017-173</cep>
    <logradouro>Rua São João</logradouro>
    <complemento/>
    <unidade/>
    <bairro>Levada</bairro>
    <localidade>Maceió</localidade>
    <uf>AL</uf>
    <estado>Alagoas</estado>
    <região/>
    <ibge>2704302</ibge>
    <gia/>
    <ddd>82</ddd>
    <siafi>2785</siafi>
  </cep>
  <cep>
    <cep>57017-175</cep>
    <logradouro>Avenida Senador Rui Palmeira</logradouro>
    <complemento/>
    <unidade/>
    <bairro>Levada</bairro>
    <localidade>Maceió</localidade>
    <uf>AL</uf>
    <estado>Alagoas</estado>
    <região/>
    <ibge>2704302</ibge>
    <gia/>
    <ddd>82</ddd>
    <siafi>2785</siafi>
  </cep>
  <cep>
    <cep>57017-176</cep>
    <logradouro>Travessa São Vicente</logradouro>
    <complemento/>
    <unidade/>
    <bairro>Levada</bairro>
    <localidade>Maceió</localidade>
    <uf>AL</uf>
    <estado>Alagoas</estado>
    <região/>
    <ibge>2704302</ibge>
    <gia/>
    <ddd>82</ddd>
    <siafi>2785</siafi>
  </cep>
  <cep>
    <cep>57017-178</cep>
    <logradouro>Rua São Francisco de Assis</logradouro>
    <complemento/>
    <unidade/>
    <bairro>Levada</bairro>
    <localidade>Maceió</localidade>
    <uf>AL</uf>
    <estado>Alagoas</estado>
    <região/>
    <ibge>2704302</ibge>
    <gia/>
    <ddd>82</ddd>
    <siafi>2785</siafi>
  </cep>
  <cep>
    <cep>57017-177</cep>
    <logradouro>Travessa Santo Antônio</logradouro>
    <complemento/>
    <unidade/>
    <bairro>Levada</bairro>
    <localidade>Maceió</localidade>
    <uf>AL</uf>
    <estado>Alagoas</estado>
    <região/>
    <ibge>2704302</ibge>
    <gia/>
    <ddd>82</ddd>
    <siafi>2785</siafi>
  </cep>
  <cep>
    <cep>57017-179</cep>
    <logradouro>1ª Travessa São Francisco</logradouro>
    <complemento/>
    <unidade/>
    <bairro>Levada</bairro>
    <localidade>Maceió</localidade>
    <uf>AL</uf>
    <estado>Alagoas</estado>
    <região/>
    <ibge>2704302</ibge>
    <gia/>
    <ddd>82</ddd>
    <siafi>2785</siafi>
  </cep>
  <cep>
    <cep>57017-180</cep>
    <logradouro>Rua Luzia Suruagy</logradouro>
    <complemento/>
    <unidade/>
    <bairro>Levada</bairro>
    <localidade>Maceió</localidade>
    <uf>AL</uf>
    <estado>Alagoas</estado>
    <região/>
    <ibge>2704302</ibge>
    <gia/>
    <ddd>82</ddd>
    <siafi>2785</siafi>
  </cep>
  <cep>
    <cep>57017-181</cep>
    <logradouro>2ª Travessa São Francisco</logradouro>
    <complemento/>
    <unidade/>
    <bairro>Levada</bairro>
    <localidade>Maceió</localidade>
    <uf>AL</uf>
    <estado>Alagoas</estado>
    <região/>
    <ibge>2704302</ibge>
    <gia/>
    <ddd>82</ddd>
    <siafi>2785</siafi>
  </cep>
  <cep>
    <cep>57017-183</cep>
    <logradouro>Rua Padre Cícero</logradouro>
    <complemento/>
    <unidade/>
    <bairro>Levada</bairro>
    <localidade>Maceió</localidade>
    <uf>AL</uf>
    <estado>Alagoas</estado>
    <região/>
    <ibge>2704302</ibge>
    <gia/>
    <ddd>82</ddd>
    <siafi>2785</siafi>
  </cep>
  <cep>
    <cep>57017-182</cep>
    <logradouro>Rua Santa Maria</logradouro>
    <complemento/>
    <unidade/>
    <bairro>Levada</bairro>
    <localidade>Maceió</localidade>
    <uf>AL</uf>
    <estado>Alagoas</estado>
    <região/>
    <ibge>2704302</ibge>
    <gia/>
    <ddd>82</ddd>
    <siafi>2785</siafi>
  </cep>
  <cep>
    <cep>57017-184</cep>
    <logradouro>2ª Travessa Boa Vontade</logradouro>
    <complemento/>
    <unidade/>
    <bairro>Levada</bairro>
    <localidade>Maceió</localidade>
    <uf>AL</uf>
    <estado>Alagoas</estado>
    <região/>
    <ibge>2704302</ibge>
    <gia/>
    <ddd>82</ddd>
    <siafi>2785</siafi>
  </cep>
  <cep>
    <cep>57017-185</cep>
    <logradouro>Travessa Luzia Suruagy</logradouro>
    <complemento/>
    <unidade/>
    <bairro>Levada</bairro>
    <localidade>Maceió</localidade>
    <uf>AL</uf>
    <estado>Alagoas</estado>
    <região/>
    <ibge>2704302</ibge>
    <gia/>
    <ddd>82</ddd>
    <siafi>2785</siafi>
  </cep>
  <cep>
    <cep>57017-186</cep>
    <logradouro>Vila Santa Maria</logradouro>
    <complemento/>
    <unidade/>
    <bairro>Levada</bairro>
    <localidade>Maceió</localidade>
    <uf>AL</uf>
    <estado>Alagoas</estado>
    <região/>
    <ibge>2704302</ibge>
    <gia/>
    <ddd>82</ddd>
    <siafi>2785</siafi>
  </cep>
  <cep>
    <cep>57017-187</cep>
    <logradouro>Rua Boa Vontade</logradouro>
    <complemento/>
    <unidade/>
    <bairro>Levada</bairro>
    <localidade>Maceió</localidade>
    <uf>AL</uf>
    <estado>Alagoas</estado>
    <região/>
    <ibge>2704302</ibge>
    <gia/>
    <ddd>82</ddd>
    <siafi>2785</siafi>
  </cep>
  <cep>
    <cep>57017-188</cep>
    <logradouro>1ª Travessa Boa Vontade</logradouro>
    <complemento/>
    <unidade/>
    <bairro>Levada</bairro>
    <localidade>Maceió</localidade>
    <uf>AL</uf>
    <estado>Alagoas</estado>
    <região/>
    <ibge>2704302</ibge>
    <gia/>
    <ddd>82</ddd>
    <siafi>2785</siafi>
  </cep>
  <cep>
    <cep>57017-225</cep>
    <logradouro>Avenida Governador Afrânio Lages</logradouro>
    <complemento>lado ímpar</complemento>
    <unidade/>
    <bairro>Bom Parto</bairro>
    <localidade>Maceió</localidade>
    <uf>AL</uf>
    <estado>Alagoas</estado>
    <região/>
    <ibge>2704302</ibge>
    <gia/>
    <ddd>82</ddd>
    <siafi>2785</siafi>
  </cep>
  <cep>
    <cep>57017-190</cep>
    <logradouro>Rua da Alegria</logradouro>
    <complemento>(Brejal)</complemento>
    <unidade/>
    <bairro>Levada</bairro>
    <localidade>Maceió</localidade>
    <uf>AL</uf>
    <estado>Alagoas</estado>
    <região/>
    <ibge>2704302</ibge>
    <gia/>
    <ddd>82</ddd>
    <siafi>2785</siafi>
  </cep>
  <cep>
    <cep>57017-195</cep>
    <logradouro>Vila Benfica</logradouro>
    <complemento/>
    <unidade/>
    <bairro>Levada</bairro>
    <localidade>Maceió</localidade>
    <uf>AL</uf>
    <estado>Alagoas</estado>
    <região/>
    <ibge>2704302</ibge>
    <gia/>
    <ddd>82</ddd>
    <siafi>2785</siafi>
  </cep>
  <cep>
    <cep>57017-228</cep>
    <logradouro>Rua Projetada 0602</logradouro>
    <complemento/>
    <unidade/>
    <bairro>Bom Parto</bairro>
    <localidade>Maceió</localidade>
    <uf>AL</uf>
    <estado>Alagoas</estado>
    <região/>
    <ibge>2704302</ibge>
    <gia/>
    <ddd>82</ddd>
    <siafi>2785</siafi>
  </cep>
  <cep>
    <cep>57017-222</cep>
    <logradouro>Rua Projetada 0599</logradouro>
    <complemento/>
    <unidade/>
    <bairro>Bom Parto</bairro>
    <localidade>Maceió</localidade>
    <uf>AL</uf>
    <estado>Alagoas</estado>
    <região/>
    <ibge>2704302</ibge>
    <gia/>
    <ddd>82</ddd>
    <siafi>2785</siafi>
  </cep>
  <cep>
    <cep>57017-201</cep>
    <logradouro>Rua General Hermes</logradouro>
    <complemento>de 719/720 ao fim</complemento>
    <unidade/>
    <bairro>Bom Parto</bairro>
    <localidade>Maceió</localidade>
    <uf>AL</uf>
    <estado>Alagoas</estado>
    <região/>
    <ibge>2704302</ibge>
    <gia/>
    <ddd>82</ddd>
    <siafi>2785</siafi>
  </cep>
  <cep>
    <cep>57017-230</cep>
    <logradouro>Avenida Senador Rui Palmeira</logradouro>
    <complemento/>
    <unidade/>
    <bairro>Bom Parto</bairro>
    <localidade>Maceió</localidade>
    <uf>AL</uf>
    <estado>Alagoas</estado>
    <região/>
    <ibge>2704302</ibge>
    <gia/>
    <ddd>82</ddd>
    <siafi>2785</siafi>
  </cep>
  <cep>
    <cep>57017-231</cep>
    <logradouro>1ª Travessa Senador Rui Palmeira</logradouro>
    <complemento/>
    <unidade/>
    <bairro>Bom Parto</bairro>
    <localidade>Maceió</localidade>
    <uf>AL</uf>
    <estado>Alagoas</estado>
    <região/>
    <ibge>2704302</ibge>
    <gia/>
    <ddd>82</ddd>
    <siafi>2785</siafi>
  </cep>
  <cep>
    <cep>57017-224</cep>
    <logradouro>Rua Projetada 0600</logradouro>
    <complemento/>
    <unidade/>
    <bairro>Bom Parto</bairro>
    <localidade>Maceió</localidade>
    <uf>AL</uf>
    <estado>Alagoas</estado>
    <região/>
    <ibge>2704302</ibge>
    <gia/>
    <ddd>82</ddd>
    <siafi>2785</siafi>
  </cep>
  <cep>
    <cep>57017-233</cep>
    <logradouro>3ª Travessa Senador Rui Palmeira</logradouro>
    <complemento/>
    <unidade/>
    <bairro>Bom Parto</bairro>
    <localidade>Maceió</localidade>
    <uf>AL</uf>
    <estado>Alagoas</estado>
    <região/>
    <ibge>2704302</ibge>
    <gia/>
    <ddd>82</ddd>
    <siafi>2785</siafi>
  </cep>
  <cep>
    <cep>57017-236</cep>
    <logradouro>Rua Carlos Alves de Lima</logradouro>
    <complemento/>
    <unidade/>
    <bairro>Bom Parto</bairro>
    <localidade>Maceió</localidade>
    <uf>AL</uf>
    <estado>Alagoas</estado>
    <região/>
    <ibge>2704302</ibge>
    <gia/>
    <ddd>82</ddd>
    <siafi>2785</siafi>
  </cep>
  <cep>
    <cep>57017-243</cep>
    <logradouro>Rua Projetada 0605</logradouro>
    <complemento/>
    <unidade/>
    <bairro>Bom Parto</bairro>
    <localidade>Maceió</localidade>
    <uf>AL</uf>
    <estado>Alagoas</estado>
    <região/>
    <ibge>2704302</ibge>
    <gia/>
    <ddd>82</ddd>
    <siafi>2785</siafi>
  </cep>
  <cep>
    <cep>57017-242</cep>
    <logradouro>Rua Projetada 0591</logradouro>
    <complemento/>
    <unidade/>
    <bairro>Bom Parto</bairro>
    <localidade>Maceió</localidade>
    <uf>AL</uf>
    <estado>Alagoas</estado>
    <região/>
    <ibge>2704302</ibge>
    <gia/>
    <ddd>82</ddd>
    <siafi>2785</siafi>
  </cep>
  <cep>
    <cep>57017-238</cep>
    <logradouro>3ª Rua do Campo</logradouro>
    <complemento/>
    <unidade/>
    <bairro>Bom Parto</bairro>
    <localidade>Maceió</localidade>
    <uf>AL</uf>
    <estado>Alagoas</estado>
    <região/>
    <ibge>2704302</ibge>
    <gia/>
    <ddd>82</ddd>
    <siafi>2785</siafi>
  </cep>
  <cep>
    <cep>57017-241</cep>
    <logradouro>Rua Projetada 0604</logradouro>
    <complemento/>
    <unidade/>
    <bairro>Bom Parto</bairro>
    <localidade>Maceió</localidade>
    <uf>AL</uf>
    <estado>Alagoas</estado>
    <região/>
    <ibge>2704302</ibge>
    <gia/>
    <ddd>82</ddd>
    <siafi>2785</siafi>
  </cep>
  <cep>
    <cep>57017-245</cep>
    <logradouro>Rua Doutor Alfredo Lôbo</logradouro>
    <complemento/>
    <unidade/>
    <bairro>Bom Parto</bairro>
    <localidade>Maceió</localidade>
    <uf>AL</uf>
    <estado>Alagoas</estado>
    <região/>
    <ibge>2704302</ibge>
    <gia/>
    <ddd>82</ddd>
    <siafi>2785</siafi>
  </cep>
  <cep>
    <cep>57017-234</cep>
    <logradouro>4ª Travessa Senador Rui Palmeira</logradouro>
    <complemento/>
    <unidade/>
    <bairro>Bom Parto</bairro>
    <localidade>Maceió</localidade>
    <uf>AL</uf>
    <estado>Alagoas</estado>
    <região/>
    <ibge>2704302</ibge>
    <gia/>
    <ddd>82</ddd>
    <siafi>2785</siafi>
  </cep>
  <cep>
    <cep>57017-205</cep>
    <logradouro>Rua Durval Coelho Normande</logradouro>
    <complemento/>
    <unidade/>
    <bairro>Bom Parto</bairro>
    <localidade>Maceió</localidade>
    <uf>AL</uf>
    <estado>Alagoas</estado>
    <região/>
    <ibge>2704302</ibge>
    <gia/>
    <ddd>82</ddd>
    <siafi>2785</siafi>
  </cep>
  <cep>
    <cep>57017-250</cep>
    <logradouro>Rua Adão Pereira de Gusmão</logradouro>
    <complemento/>
    <unidade/>
    <bairro>Bom Parto</bairro>
    <localidade>Maceió</localidade>
    <uf>AL</uf>
    <estado>Alagoas</estado>
    <região/>
    <ibge>2704302</ibge>
    <gia/>
    <ddd>82</ddd>
    <siafi>2785</siafi>
  </cep>
  <cep>
    <cep>57017-244</cep>
    <logradouro>Rua Projetada 0594</logradouro>
    <complemento/>
    <unidade/>
    <bairro>Bom Parto</bairro>
    <localidade>Maceió</localidade>
    <uf>AL</uf>
    <estado>Alagoas</estado>
    <região/>
    <ibge>2704302</ibge>
    <gia/>
    <ddd>82</ddd>
    <siafi>2785</siafi>
  </cep>
  <cep>
    <cep>57017-246</cep>
    <logradouro>Rua Projetada 0595</logradouro>
    <complemento/>
    <unidade/>
    <bairro>Bom Parto</bairro>
    <localidade>Maceió</localidade>
    <uf>AL</uf>
    <estado>Alagoas</estado>
    <região/>
    <ibge>2704302</ibge>
    <gia/>
    <ddd>82</ddd>
    <siafi>2785</siafi>
  </cep>
  <cep>
    <cep>57017-270</cep>
    <logradouro>Rua José Luiz Marques de Lima</logradouro>
    <complemento/>
    <unidade/>
    <bairro>Bom Parto</bairro>
    <localidade>Maceió</localidade>
    <uf>AL</uf>
    <estado>Alagoas</estado>
    <região/>
    <ibge>2704302</ibge>
    <gia/>
    <ddd>82</ddd>
    <siafi>2785</siafi>
  </cep>
  <cep>
    <cep>57017-272</cep>
    <logradouro>2ª Travessa São Sebastião</logradouro>
    <complemento/>
    <unidade/>
    <bairro>Bom Parto</bairro>
    <localidade>Maceió</localidade>
    <uf>AL</uf>
    <estado>Alagoas</estado>
    <região/>
    <ibge>2704302</ibge>
    <gia/>
    <ddd>82</ddd>
    <siafi>2785</siafi>
  </cep>
  <cep>
    <cep>57017-220</cep>
    <logradouro>Quadra R</logradouro>
    <complemento>(Cj Vale do Mundaú)</complemento>
    <unidade/>
    <bairro>Bom Parto</bairro>
    <localidade>Maceió</localidade>
    <uf>AL</uf>
    <estado>Alagoas</estado>
    <região/>
    <ibge>2704302</ibge>
    <gia/>
    <ddd>82</ddd>
    <siafi>2785</siafi>
  </cep>
  <cep>
    <cep>57017-252</cep>
    <logradouro>Rua Projetada 0597</logradouro>
    <complemento/>
    <unidade/>
    <bairro>Bom Parto</bairro>
    <localidade>Maceió</localidade>
    <uf>AL</uf>
    <estado>Alagoas</estado>
    <região/>
    <ibge>2704302</ibge>
    <gia/>
    <ddd>82</ddd>
    <siafi>2785</siafi>
  </cep>
  <cep>
    <cep>57017-237</cep>
    <logradouro>2ª Rua do Campo</logradouro>
    <complemento/>
    <unidade/>
    <bairro>Bom Parto</bairro>
    <localidade>Maceió</localidade>
    <uf>AL</uf>
    <estado>Alagoas</estado>
    <região/>
    <ibge>2704302</ibge>
    <gia/>
    <ddd>82</ddd>
    <siafi>2785</siafi>
  </cep>
  <cep>
    <cep>57017-240</cep>
    <logradouro>Vila Santo Antônio</logradouro>
    <complemento/>
    <unidade/>
    <bairro>Bom Parto</bairro>
    <localidade>Maceió</localidade>
    <uf>AL</uf>
    <estado>Alagoas</estado>
    <região/>
    <ibge>2704302</ibge>
    <gia/>
    <ddd>82</ddd>
    <siafi>2785</siafi>
  </cep>
  <cep>
    <cep>57017-226</cep>
    <logradouro>Rua Projetada 0601</logradouro>
    <complemento/>
    <unidade/>
    <bairro>Bom Parto</bairro>
    <localidade>Maceió</localidade>
    <uf>AL</uf>
    <estado>Alagoas</estado>
    <região/>
    <ibge>2704302</ibge>
    <gia/>
    <ddd>82</ddd>
    <siafi>2785</siafi>
  </cep>
  <cep>
    <cep>57017-274</cep>
    <logradouro>3ª Travessa São Sebastião</logradouro>
    <complemento/>
    <unidade/>
    <bairro>Bom Parto</bairro>
    <localidade>Maceió</localidade>
    <uf>AL</uf>
    <estado>Alagoas</estado>
    <região/>
    <ibge>2704302</ibge>
    <gia/>
    <ddd>82</ddd>
    <siafi>2785</siafi>
  </cep>
  <cep>
    <cep>57017-232</cep>
    <logradouro>2ª Travessa Senador Rui Palmeira</logradouro>
    <complemento/>
    <unidade/>
    <bairro>Bom Parto</bairro>
    <localidade>Maceió</localidade>
    <uf>AL</uf>
    <estado>Alagoas</estado>
    <região/>
    <ibge>2704302</ibge>
    <gia/>
    <ddd>82</ddd>
    <siafi>2785</siafi>
  </cep>
  <cep>
    <cep>57017-254</cep>
    <logradouro>Rua Projetada 0598</logradouro>
    <complemento/>
    <unidade/>
    <bairro>Bom Parto</bairro>
    <localidade>Maceió</localidade>
    <uf>AL</uf>
    <estado>Alagoas</estado>
    <região/>
    <ibge>2704302</ibge>
    <gia/>
    <ddd>82</ddd>
    <siafi>2785</siafi>
  </cep>
  <cep>
    <cep>57017-215</cep>
    <logradouro>Vila Cabo Olivaldo Barbosa</logradouro>
    <complemento/>
    <unidade/>
    <bairro>Bom Parto</bairro>
    <localidade>Maceió</localidade>
    <uf>AL</uf>
    <estado>Alagoas</estado>
    <região/>
    <ibge>2704302</ibge>
    <gia/>
    <ddd>82</ddd>
    <siafi>2785</siafi>
  </cep>
  <cep>
    <cep>57017-211</cep>
    <logradouro>Travessa Nova Vila</logradouro>
    <complemento/>
    <unidade/>
    <bairro>Bom Parto</bairro>
    <localidade>Maceió</localidade>
    <uf>AL</uf>
    <estado>Alagoas</estado>
    <região/>
    <ibge>2704302</ibge>
    <gia/>
    <ddd>82</ddd>
    <siafi>2785</siafi>
  </cep>
  <cep>
    <cep>57017-271</cep>
    <logradouro>1ª Travessa São Sebastião</logradouro>
    <complemento/>
    <unidade/>
    <bairro>Bom Parto</bairro>
    <localidade>Maceió</localidade>
    <uf>AL</uf>
    <estado>Alagoas</estado>
    <região/>
    <ibge>2704302</ibge>
    <gia/>
    <ddd>82</ddd>
    <siafi>2785</siafi>
  </cep>
  <cep>
    <cep>57017-275</cep>
    <logradouro>Travessa Doutor Leite Júnior</logradouro>
    <complemento/>
    <unidade/>
    <bairro>Bom Parto</bairro>
    <localidade>Maceió</localidade>
    <uf>AL</uf>
    <estado>Alagoas</estado>
    <região/>
    <ibge>2704302</ibge>
    <gia/>
    <ddd>82</ddd>
    <siafi>2785</siafi>
  </cep>
  <cep>
    <cep>57017-239</cep>
    <logradouro>Vila São Francisco</logradouro>
    <complemento/>
    <unidade/>
    <bairro>Bom Parto</bairro>
    <localidade>Maceió</localidade>
    <uf>AL</uf>
    <estado>Alagoas</estado>
    <região/>
    <ibge>2704302</ibge>
    <gia/>
    <ddd>82</ddd>
    <siafi>2785</siafi>
  </cep>
  <cep>
    <cep>57017-210</cep>
    <logradouro>Rua Cristiane Melo Marques de Lima Batista</logradouro>
    <complemento/>
    <unidade/>
    <bairro>Bom Parto</bairro>
    <localidade>Maceió</localidade>
    <uf>AL</uf>
    <estado>Alagoas</estado>
    <região/>
    <ibge>2704302</ibge>
    <gia/>
    <ddd>82</ddd>
    <siafi>2785</siafi>
  </cep>
  <cep>
    <cep>57017-235</cep>
    <logradouro>Rua do Campo</logradouro>
    <complemento/>
    <unidade/>
    <bairro>Bom Parto</bairro>
    <localidade>Maceió</localidade>
    <uf>AL</uf>
    <estado>Alagoas</estado>
    <região/>
    <ibge>2704302</ibge>
    <gia/>
    <ddd>82</ddd>
    <siafi>2785</siafi>
  </cep>
  <cep>
    <cep>57017-277</cep>
    <logradouro>Rua São Francisco de Assis</logradouro>
    <complemento/>
    <unidade/>
    <bairro>Bom Parto</bairro>
    <localidade>Maceió</localidade>
    <uf>AL</uf>
    <estado>Alagoas</estado>
    <região/>
    <ibge>2704302</ibge>
    <gia/>
    <ddd>82</ddd>
    <siafi>2785</siafi>
  </cep>
  <cep>
    <cep>57017-285</cep>
    <logradouro>Rua Doutor Luiz Eugênio</logradouro>
    <complemento/>
    <unidade/>
    <bairro>Bom Parto</bairro>
    <localidade>Maceió</localidade>
    <uf>AL</uf>
    <estado>Alagoas</estado>
    <região/>
    <ibge>2704302</ibge>
    <gia/>
    <ddd>82</ddd>
    <siafi>2785</siafi>
  </cep>
  <cep>
    <cep>57017-248</cep>
    <logradouro>Rua Projetada 0596</logradouro>
    <complemento/>
    <unidade/>
    <bairro>Bom Parto</bairro>
    <localidade>Maceió</localidade>
    <uf>AL</uf>
    <estado>Alagoas</estado>
    <região/>
    <ibge>2704302</ibge>
    <gia/>
    <ddd>82</ddd>
    <siafi>2785</siafi>
  </cep>
  <cep>
    <cep>57017-282</cep>
    <logradouro>Rua Manoel Esperidião</logradouro>
    <complemento/>
    <unidade/>
    <bairro>Bom Parto</bairro>
    <localidade>Maceió</localidade>
    <uf>AL</uf>
    <estado>Alagoas</estado>
    <região/>
    <ibge>2704302</ibge>
    <gia/>
    <ddd>82</ddd>
    <siafi>2785</siafi>
  </cep>
  <cep>
    <cep>57017-229</cep>
    <logradouro>Rua Projetada 0603</logradouro>
    <complemento/>
    <unidade/>
    <bairro>Bom Parto</bairro>
    <localidade>Maceió</localidade>
    <uf>AL</uf>
    <estado>Alagoas</estado>
    <região/>
    <ibge>2704302</ibge>
    <gia/>
    <ddd>82</ddd>
    <siafi>2785</siafi>
  </cep>
  <cep>
    <cep>57017-273</cep>
    <logradouro>Travessa Nossa Senhora Aparecida</logradouro>
    <complemento/>
    <unidade/>
    <bairro>Bom Parto</bairro>
    <localidade>Maceió</localidade>
    <uf>AL</uf>
    <estado>Alagoas</estado>
    <região/>
    <ibge>2704302</ibge>
    <gia/>
    <ddd>82</ddd>
    <siafi>2785</siafi>
  </cep>
  <cep>
    <cep>57017-286</cep>
    <logradouro>Travessa Luiz Eugênio</logradouro>
    <complemento/>
    <unidade/>
    <bairro>Bom Parto</bairro>
    <localidade>Maceió</localidade>
    <uf>AL</uf>
    <estado>Alagoas</estado>
    <região/>
    <ibge>2704302</ibge>
    <gia/>
    <ddd>82</ddd>
    <siafi>2785</siafi>
  </cep>
  <cep>
    <cep>57017-290</cep>
    <logradouro>Rua Sol Nascente</logradouro>
    <complemento/>
    <unidade/>
    <bairro>Bom Parto</bairro>
    <localidade>Maceió</localidade>
    <uf>AL</uf>
    <estado>Alagoas</estado>
    <região/>
    <ibge>2704302</ibge>
    <gia/>
    <ddd>82</ddd>
    <siafi>2785</siafi>
  </cep>
  <cep>
    <cep>57017-291</cep>
    <logradouro>Travessa Sol Nascente</logradouro>
    <complemento/>
    <unidade/>
    <bairro>Bom Parto</bairro>
    <localidade>Maceió</localidade>
    <uf>AL</uf>
    <estado>Alagoas</estado>
    <região/>
    <ibge>2704302</ibge>
    <gia/>
    <ddd>82</ddd>
    <siafi>2785</siafi>
  </cep>
  <cep>
    <cep>57017-292</cep>
    <logradouro>Travessa Santa Helena</logradouro>
    <complemento/>
    <unidade/>
    <bairro>Bom Parto</bairro>
    <localidade>Maceió</localidade>
    <uf>AL</uf>
    <estado>Alagoas</estado>
    <região/>
    <ibge>2704302</ibge>
    <gia/>
    <ddd>82</ddd>
    <siafi>2785</siafi>
  </cep>
  <cep>
    <cep>57017-295</cep>
    <logradouro>Rua Doutor Luiz Zagalo</logradouro>
    <complemento/>
    <unidade/>
    <bairro>Bom Parto</bairro>
    <localidade>Maceió</localidade>
    <uf>AL</uf>
    <estado>Alagoas</estado>
    <região/>
    <ibge>2704302</ibge>
    <gia/>
    <ddd>82</ddd>
    <siafi>2785</siafi>
  </cep>
  <cep>
    <cep>57017-325</cep>
    <logradouro>3ª Travessa Francisco de Menezes</logradouro>
    <complemento/>
    <unidade/>
    <bairro>Bom Parto</bairro>
    <localidade>Maceió</localidade>
    <uf>AL</uf>
    <estado>Alagoas</estado>
    <região/>
    <ibge>2704302</ibge>
    <gia/>
    <ddd>82</ddd>
    <siafi>2785</siafi>
  </cep>
  <cep>
    <cep>57017-357</cep>
    <logradouro>Vila Dois Irmãos</logradouro>
    <complemento/>
    <unidade/>
    <bairro>Bom Parto</bairro>
    <localidade>Maceió</localidade>
    <uf>AL</uf>
    <estado>Alagoas</estado>
    <região/>
    <ibge>2704302</ibge>
    <gia/>
    <ddd>82</ddd>
    <siafi>2785</siafi>
  </cep>
  <cep>
    <cep>57017-315</cep>
    <logradouro>Avenida Doutor Francisco de Menezes</logradouro>
    <complemento>de 1039/1040 ao fim</complemento>
    <unidade/>
    <bairro>Bom Parto</bairro>
    <localidade>Maceió</localidade>
    <uf>AL</uf>
    <estado>Alagoas</estado>
    <região/>
    <ibge>2704302</ibge>
    <gia/>
    <ddd>82</ddd>
    <siafi>2785</siafi>
  </cep>
  <cep>
    <cep>57017-355</cep>
    <logradouro>Rua Flávio Pereira Dantas Júnior</logradouro>
    <complemento/>
    <unidade/>
    <bairro>Bom Parto</bairro>
    <localidade>Maceió</localidade>
    <uf>AL</uf>
    <estado>Alagoas</estado>
    <região/>
    <ibge>2704302</ibge>
    <gia/>
    <ddd>82</ddd>
    <siafi>2785</siafi>
  </cep>
  <cep>
    <cep>57017-335</cep>
    <logradouro>Rua Jonas Montenegro</logradouro>
    <complemento/>
    <unidade/>
    <bairro>Bom Parto</bairro>
    <localidade>Maceió</localidade>
    <uf>AL</uf>
    <estado>Alagoas</estado>
    <região/>
    <ibge>2704302</ibge>
    <gia/>
    <ddd>82</ddd>
    <siafi>2785</siafi>
  </cep>
  <cep>
    <cep>57017-360</cep>
    <logradouro>Vila Guedes</logradouro>
    <complemento/>
    <unidade/>
    <bairro>Bom Parto</bairro>
    <localidade>Maceió</localidade>
    <uf>AL</uf>
    <estado>Alagoas</estado>
    <região/>
    <ibge>2704302</ibge>
    <gia/>
    <ddd>82</ddd>
    <siafi>2785</siafi>
  </cep>
  <cep>
    <cep>57017-365</cep>
    <logradouro>Rua São Francisco</logradouro>
    <complemento/>
    <unidade/>
    <bairro>Bom Parto</bairro>
    <localidade>Maceió</localidade>
    <uf>AL</uf>
    <estado>Alagoas</estado>
    <região/>
    <ibge>2704302</ibge>
    <gia/>
    <ddd>82</ddd>
    <siafi>2785</siafi>
  </cep>
  <cep>
    <cep>57017-350</cep>
    <logradouro>4ª Travessa São Francisco</logradouro>
    <complemento/>
    <unidade/>
    <bairro>Bom Parto</bairro>
    <localidade>Maceió</localidade>
    <uf>AL</uf>
    <estado>Alagoas</estado>
    <região/>
    <ibge>2704302</ibge>
    <gia/>
    <ddd>82</ddd>
    <siafi>2785</siafi>
  </cep>
  <cep>
    <cep>57017-367</cep>
    <logradouro>2ª Travessa São Francisco</logradouro>
    <complemento/>
    <unidade/>
    <bairro>Bom Parto</bairro>
    <localidade>Maceió</localidade>
    <uf>AL</uf>
    <estado>Alagoas</estado>
    <região/>
    <ibge>2704302</ibge>
    <gia/>
    <ddd>82</ddd>
    <siafi>2785</siafi>
  </cep>
  <cep>
    <cep>57017-368</cep>
    <logradouro>1ª Travessa São Francisco</logradouro>
    <complemento/>
    <unidade/>
    <bairro>Bom Parto</bairro>
    <localidade>Maceió</localidade>
    <uf>AL</uf>
    <estado>Alagoas</estado>
    <região/>
    <ibge>2704302</ibge>
    <gia/>
    <ddd>82</ddd>
    <siafi>2785</siafi>
  </cep>
  <cep>
    <cep>57017-369</cep>
    <logradouro>3ª Travessa São Francisco</logradouro>
    <complemento/>
    <unidade/>
    <bairro>Bom Parto</bairro>
    <localidade>Maceió</localidade>
    <uf>AL</uf>
    <estado>Alagoas</estado>
    <região/>
    <ibge>2704302</ibge>
    <gia/>
    <ddd>82</ddd>
    <siafi>2785</siafi>
  </cep>
  <cep>
    <cep>57017-370</cep>
    <logradouro>Rua São Miguel</logradouro>
    <complemento/>
    <unidade/>
    <bairro>Bom Parto</bairro>
    <localidade>Maceió</localidade>
    <uf>AL</uf>
    <estado>Alagoas</estado>
    <região/>
    <ibge>2704302</ibge>
    <gia/>
    <ddd>82</ddd>
    <siafi>2785</siafi>
  </cep>
  <cep>
    <cep>57017-375</cep>
    <logradouro>Vila Tocantins</logradouro>
    <complemento/>
    <unidade/>
    <bairro>Bom Parto</bairro>
    <localidade>Maceió</localidade>
    <uf>AL</uf>
    <estado>Alagoas</estado>
    <região/>
    <ibge>2704302</ibge>
    <gia/>
    <ddd>82</ddd>
    <siafi>2785</siafi>
  </cep>
  <cep>
    <cep>57017-380</cep>
    <logradouro>Rua Vereador Pedro Moura</logradouro>
    <complemento/>
    <unidade/>
    <bairro>Bom Parto</bairro>
    <localidade>Maceió</localidade>
    <uf>AL</uf>
    <estado>Alagoas</estado>
    <região/>
    <ibge>2704302</ibge>
    <gia/>
    <ddd>82</ddd>
    <siafi>2785</siafi>
  </cep>
  <cep>
    <cep>57017-385</cep>
    <logradouro>Rua São Salvador</logradouro>
    <complemento/>
    <unidade/>
    <bairro>Bom Parto</bairro>
    <localidade>Maceió</localidade>
    <uf>AL</uf>
    <estado>Alagoas</estado>
    <região/>
    <ibge>2704302</ibge>
    <gia/>
    <ddd>82</ddd>
    <siafi>2785</siafi>
  </cep>
  <cep>
    <cep>57017-390</cep>
    <logradouro>4ª Travessa Francisco de Menezes</logradouro>
    <complemento/>
    <unidade/>
    <bairro>Bom Parto</bairro>
    <localidade>Maceió</localidade>
    <uf>AL</uf>
    <estado>Alagoas</estado>
    <região/>
    <ibge>2704302</ibge>
    <gia/>
    <ddd>82</ddd>
    <siafi>2785</siafi>
  </cep>
  <cep>
    <cep>57017-395</cep>
    <logradouro>Rua Nossa Senhora Aparecida</logradouro>
    <complemento/>
    <unidade/>
    <bairro>Bom Parto</bairro>
    <localidade>Maceió</localidade>
    <uf>AL</uf>
    <estado>Alagoas</estado>
    <região/>
    <ibge>2704302</ibge>
    <gia/>
    <ddd>82</ddd>
    <siafi>2785</siafi>
  </cep>
  <cep>
    <cep>57017-400</cep>
    <logradouro>Rua Nossa Senhora Fátima</logradouro>
    <complemento/>
    <unidade/>
    <bairro>Bom Parto</bairro>
    <localidade>Maceió</localidade>
    <uf>AL</uf>
    <estado>Alagoas</estado>
    <região/>
    <ibge>2704302</ibge>
    <gia/>
    <ddd>82</ddd>
    <siafi>2785</siafi>
  </cep>
  <cep>
    <cep>57017-420</cep>
    <logradouro>Rua Santa Rita de Cássia</logradouro>
    <complemento/>
    <unidade/>
    <bairro>Bom Parto</bairro>
    <localidade>Maceió</localidade>
    <uf>AL</uf>
    <estado>Alagoas</estado>
    <região/>
    <ibge>2704302</ibge>
    <gia/>
    <ddd>82</ddd>
    <siafi>2785</siafi>
  </cep>
  <cep>
    <cep>57017-505</cep>
    <logradouro>Ladeira Gruta Padre Cícero Romão Batista</logradouro>
    <complemento/>
    <unidade/>
    <bairro>Mutange</bairro>
    <localidade>Maceió</localidade>
    <uf>AL</uf>
    <estado>Alagoas</estado>
    <região/>
    <ibge>2704302</ibge>
    <gia/>
    <ddd>82</ddd>
    <siafi>2785</siafi>
  </cep>
  <cep>
    <cep>57017-555</cep>
    <logradouro>Rua Delmiro Gouveia</logradouro>
    <complemento/>
    <unidade/>
    <bairro>Mutange</bairro>
    <localidade>Maceió</localidade>
    <uf>AL</uf>
    <estado>Alagoas</estado>
    <região/>
    <ibge>2704302</ibge>
    <gia/>
    <ddd>82</ddd>
    <siafi>2785</siafi>
  </cep>
  <cep>
    <cep>57017-515</cep>
    <logradouro>Avenida Major Cícero de Góes Monteiro</logradouro>
    <complemento>até 3115/3116</complemento>
    <unidade/>
    <bairro>Mutange</bairro>
    <localidade>Maceió</localidade>
    <uf>AL</uf>
    <estado>Alagoas</estado>
    <região/>
    <ibge>2704302</ibge>
    <gia/>
    <ddd>82</ddd>
    <siafi>2785</siafi>
  </cep>
  <cep>
    <cep>57017-568</cep>
    <logradouro>3ª Rua do Arame</logradouro>
    <complemento/>
    <unidade/>
    <bairro>Mutange</bairro>
    <localidade>Maceió</localidade>
    <uf>AL</uf>
    <estado>Alagoas</estado>
    <região/>
    <ibge>2704302</ibge>
    <gia/>
    <ddd>82</ddd>
    <siafi>2785</siafi>
  </cep>
  <cep>
    <cep>57017-557</cep>
    <logradouro>2ª Travessa Delmiro Gouveia</logradouro>
    <complemento/>
    <unidade/>
    <bairro>Mutange</bairro>
    <localidade>Maceió</localidade>
    <uf>AL</uf>
    <estado>Alagoas</estado>
    <região/>
    <ibge>2704302</ibge>
    <gia/>
    <ddd>82</ddd>
    <siafi>2785</siafi>
  </cep>
  <cep>
    <cep>57017-556</cep>
    <logradouro>1ª Travessa Delmiro Gouveia</logradouro>
    <complemento/>
    <unidade/>
    <bairro>Mutange</bairro>
    <localidade>Maceió</localidade>
    <uf>AL</uf>
    <estado>Alagoas</estado>
    <região/>
    <ibge>2704302</ibge>
    <gia/>
    <ddd>82</ddd>
    <siafi>2785</siafi>
  </cep>
  <cep>
    <cep>57017-600</cep>
    <logradouro>Rua Doutor José Martins Neto</logradouro>
    <complemento/>
    <unidade/>
    <bairro>Bebedouro</bairro>
    <localidade>Maceió</localidade>
    <uf>AL</uf>
    <estado>Alagoas</estado>
    <região/>
    <ibge>2704302</ibge>
    <gia/>
    <ddd>82</ddd>
    <siafi>2785</siafi>
  </cep>
  <cep>
    <cep>57017-622</cep>
    <logradouro>Travessa Delmiro Gouveia</logradouro>
    <complemento/>
    <unidade/>
    <bairro>Bebedouro</bairro>
    <localidade>Maceió</localidade>
    <uf>AL</uf>
    <estado>Alagoas</estado>
    <região/>
    <ibge>2704302</ibge>
    <gia/>
    <ddd>82</ddd>
    <siafi>2785</siafi>
  </cep>
  <cep>
    <cep>57017-576</cep>
    <logradouro>Rua Professor Mário Marroquim</logradouro>
    <complemento/>
    <unidade/>
    <bairro>Mutange</bairro>
    <localidade>Maceió</localidade>
    <uf>AL</uf>
    <estado>Alagoas</estado>
    <região/>
    <ibge>2704302</ibge>
    <gia/>
    <ddd>82</ddd>
    <siafi>2785</siafi>
  </cep>
  <cep>
    <cep>57017-638</cep>
    <logradouro>Rua C</logradouro>
    <complemento>(Lot Bosque do Mundaú)</complemento>
    <unidade/>
    <bairro>Bebedouro</bairro>
    <localidade>Maceió</localidade>
    <uf>AL</uf>
    <estado>Alagoas</estado>
    <região/>
    <ibge>2704302</ibge>
    <gia/>
    <ddd>82</ddd>
    <siafi>2785</siafi>
  </cep>
  <cep>
    <cep>57017-573</cep>
    <logradouro>2ª Rua do Arame</logradouro>
    <complemento/>
    <unidade/>
    <bairro>Mutange</bairro>
    <localidade>Maceió</localidade>
    <uf>AL</uf>
    <estado>Alagoas</estado>
    <região/>
    <ibge>2704302</ibge>
    <gia/>
    <ddd>82</ddd>
    <siafi>2785</siafi>
  </cep>
  <cep>
    <cep>57017-620</cep>
    <logradouro>Rua José Moreira</logradouro>
    <complemento/>
    <unidade/>
    <bairro>Bebedouro</bairro>
    <localidade>Maceió</localidade>
    <uf>AL</uf>
    <estado>Alagoas</estado>
    <região/>
    <ibge>2704302</ibge>
    <gia/>
    <ddd>82</ddd>
    <siafi>2785</siafi>
  </cep>
  <cep>
    <cep>57017-172</cep>
    <logradouro>Rua Santo Antônio</logradouro>
    <complemento>(Brejal)</complemento>
    <unidade/>
    <bairro>Levada</bairro>
    <localidade>Maceió</localidade>
    <uf>AL</uf>
    <estado>Alagoas</estado>
    <região/>
    <ibge>2704302</ibge>
    <gia/>
    <ddd>82</ddd>
    <siafi>2785</siafi>
  </cep>
  <cep>
    <cep>57017-640</cep>
    <logradouro>Rua Engenheiro Sant'Ives Coutinam Simon</logradouro>
    <complemento/>
    <unidade/>
    <bairro>Bebedouro</bairro>
    <localidade>Maceió</localidade>
    <uf>AL</uf>
    <estado>Alagoas</estado>
    <região/>
    <ibge>2704302</ibge>
    <gia/>
    <ddd>82</ddd>
    <siafi>2785</siafi>
  </cep>
  <cep>
    <cep>57017-660</cep>
    <logradouro>Rua Anahy</logradouro>
    <complemento/>
    <unidade/>
    <bairro>Bebedouro</bairro>
    <localidade>Maceió</localidade>
    <uf>AL</uf>
    <estado>Alagoas</estado>
    <região/>
    <ibge>2704302</ibge>
    <gia/>
    <ddd>82</ddd>
    <siafi>2785</siafi>
  </cep>
  <cep>
    <cep>57017-485</cep>
    <logradouro>Rua Flor do Mundaú</logradouro>
    <complemento/>
    <unidade/>
    <bairro>Bom Parto</bairro>
    <localidade>Maceió</localidade>
    <uf>AL</uf>
    <estado>Alagoas</estado>
    <região/>
    <ibge>2704302</ibge>
    <gia/>
    <ddd>82</ddd>
    <siafi>2785</siafi>
  </cep>
  <cep>
    <cep>57017-564</cep>
    <logradouro>Travessa Nova Vila</logradouro>
    <complemento/>
    <unidade/>
    <bairro>Mutange</bairro>
    <localidade>Maceió</localidade>
    <uf>AL</uf>
    <estado>Alagoas</estado>
    <região/>
    <ibge>2704302</ibge>
    <gia/>
    <ddd>82</ddd>
    <siafi>2785</siafi>
  </cep>
  <cep>
    <cep>57017-686</cep>
    <logradouro>Ladeira Professor Benedito Silva</logradouro>
    <complemento>até 103/104</complemento>
    <unidade/>
    <bairro>Bebedouro</bairro>
    <localidade>Maceió</localidade>
    <uf>AL</uf>
    <estado>Alagoas</estado>
    <região/>
    <ibge>2704302</ibge>
    <gia/>
    <ddd>82</ddd>
    <siafi>2785</siafi>
  </cep>
  <cep>
    <cep>57017-562</cep>
    <logradouro>Rua Nova Vila</logradouro>
    <complemento/>
    <unidade/>
    <bairro>Mutange</bairro>
    <localidade>Maceió</localidade>
    <uf>AL</uf>
    <estado>Alagoas</estado>
    <região/>
    <ibge>2704302</ibge>
    <gia/>
    <ddd>82</ddd>
    <siafi>2785</siafi>
  </cep>
  <cep>
    <cep>57017-601</cep>
    <logradouro>Rua Marquês de Abrantes</logradouro>
    <complemento/>
    <unidade/>
    <bairro>Bebedouro</bairro>
    <localidade>Maceió</localidade>
    <uf>AL</uf>
    <estado>Alagoas</estado>
    <região/>
    <ibge>2704302</ibge>
    <gia/>
    <ddd>82</ddd>
    <siafi>2785</siafi>
  </cep>
  <cep>
    <cep>57017-570</cep>
    <logradouro>Travessa Delmiro Gouveia III</logradouro>
    <complemento/>
    <unidade/>
    <bairro>Mutange</bairro>
    <localidade>Maceió</localidade>
    <uf>AL</uf>
    <estado>Alagoas</estado>
    <região/>
    <ibge>2704302</ibge>
    <gia/>
    <ddd>82</ddd>
    <siafi>2785</siafi>
  </cep>
  <cep>
    <cep>57017-636</cep>
    <logradouro>Rua A</logradouro>
    <complemento>(Lot Bosque do Mundaú)</complemento>
    <unidade/>
    <bairro>Bebedouro</bairro>
    <localidade>Maceió</localidade>
    <uf>AL</uf>
    <estado>Alagoas</estado>
    <região/>
    <ibge>2704302</ibge>
    <gia/>
    <ddd>82</ddd>
    <siafi>2785</siafi>
  </cep>
  <cep>
    <cep>57017-670</cep>
    <logradouro>Rua Sargento Oséas Costa</logradouro>
    <complemento/>
    <unidade/>
    <bairro>Bebedouro</bairro>
    <localidade>Maceió</localidade>
    <uf>AL</uf>
    <estado>Alagoas</estado>
    <região/>
    <ibge>2704302</ibge>
    <gia/>
    <ddd>82</ddd>
    <siafi>2785</siafi>
  </cep>
  <cep>
    <cep>57017-630</cep>
    <logradouro>Rua José Vianna de Souza</logradouro>
    <complemento/>
    <unidade/>
    <bairro>Bebedouro</bairro>
    <localidade>Maceió</localidade>
    <uf>AL</uf>
    <estado>Alagoas</estado>
    <região/>
    <ibge>2704302</ibge>
    <gia/>
    <ddd>82</ddd>
    <siafi>2785</siafi>
  </cep>
  <cep>
    <cep>57017-572</cep>
    <logradouro>Ladeira do Verde</logradouro>
    <complemento/>
    <unidade/>
    <bairro>Mutange</bairro>
    <localidade>Maceió</localidade>
    <uf>AL</uf>
    <estado>Alagoas</estado>
    <região/>
    <ibge>2704302</ibge>
    <gia/>
    <ddd>82</ddd>
    <siafi>2785</siafi>
  </cep>
  <cep>
    <cep>57017-574</cep>
    <logradouro>4ª Travessa Delmiro Gouveia</logradouro>
    <complemento/>
    <unidade/>
    <bairro>Mutange</bairro>
    <localidade>Maceió</localidade>
    <uf>AL</uf>
    <estado>Alagoas</estado>
    <região/>
    <ibge>2704302</ibge>
    <gia/>
    <ddd>82</ddd>
    <siafi>2785</siafi>
  </cep>
  <cep>
    <cep>57017-680</cep>
    <logradouro>Rua Senador Bernardo Mendonça</logradouro>
    <complemento/>
    <unidade/>
    <bairro>Bebedouro</bairro>
    <localidade>Maceió</localidade>
    <uf>AL</uf>
    <estado>Alagoas</estado>
    <região/>
    <ibge>2704302</ibge>
    <gia/>
    <ddd>82</ddd>
    <siafi>2785</siafi>
  </cep>
  <cep>
    <cep>57017-675</cep>
    <logradouro>Travessa Faustino Silveira</logradouro>
    <complemento/>
    <unidade/>
    <bairro>Bebedouro</bairro>
    <localidade>Maceió</localidade>
    <uf>AL</uf>
    <estado>Alagoas</estado>
    <região/>
    <ibge>2704302</ibge>
    <gia/>
    <ddd>82</ddd>
    <siafi>2785</siafi>
  </cep>
  <cep>
    <cep>57017-605</cep>
    <logradouro>Rua José Augusto Bezerra</logradouro>
    <complemento/>
    <unidade/>
    <bairro>Bebedouro</bairro>
    <localidade>Maceió</localidade>
    <uf>AL</uf>
    <estado>Alagoas</estado>
    <região/>
    <ibge>2704302</ibge>
    <gia/>
    <ddd>82</ddd>
    <siafi>2785</siafi>
  </cep>
  <cep>
    <cep>57017-615</cep>
    <logradouro>Travessa Belo Alves</logradouro>
    <complemento/>
    <unidade/>
    <bairro>Bebedouro</bairro>
    <localidade>Maceió</localidade>
    <uf>AL</uf>
    <estado>Alagoas</estado>
    <região/>
    <ibge>2704302</ibge>
    <gia/>
    <ddd>82</ddd>
    <siafi>2785</siafi>
  </cep>
  <cep>
    <cep>57017-566</cep>
    <logradouro>Rua Santa Helena</logradouro>
    <complemento/>
    <unidade/>
    <bairro>Mutange</bairro>
    <localidade>Maceió</localidade>
    <uf>AL</uf>
    <estado>Alagoas</estado>
    <região/>
    <ibge>2704302</ibge>
    <gia/>
    <ddd>82</ddd>
    <siafi>2785</siafi>
  </cep>
  <cep>
    <cep>57017-688</cep>
    <logradouro>Ladeira Professor Benedito Silva</logradouro>
    <complemento>de 125 a 159 - lado ímpar</complemento>
    <unidade/>
    <bairro>Bebedouro</bairro>
    <localidade>Maceió</localidade>
    <uf>AL</uf>
    <estado>Alagoas</estado>
    <região/>
    <ibge>2704302</ibge>
    <gia/>
    <ddd>82</ddd>
    <siafi>2785</siafi>
  </cep>
  <cep>
    <cep>57017-690</cep>
    <logradouro>Rua Tobias Barreto</logradouro>
    <complemento/>
    <unidade/>
    <bairro>Bebedouro</bairro>
    <localidade>Maceió</localidade>
    <uf>AL</uf>
    <estado>Alagoas</estado>
    <região/>
    <ibge>2704302</ibge>
    <gia/>
    <ddd>82</ddd>
    <siafi>2785</siafi>
  </cep>
  <cep>
    <cep>57017-692</cep>
    <logradouro>Rua Faustino Silveira</logradouro>
    <complemento>lado ímpar</complemento>
    <unidade/>
    <bairro>Bebedouro</bairro>
    <localidade>Maceió</localidade>
    <uf>AL</uf>
    <estado>Alagoas</estado>
    <região/>
    <ibge>2704302</ibge>
    <gia/>
    <ddd>82</ddd>
    <siafi>2785</siafi>
  </cep>
  <cep>
    <cep>57017-696</cep>
    <logradouro>2ª Travessa Tobias Barreto</logradouro>
    <complemento/>
    <unidade/>
    <bairro>Bebedouro</bairro>
    <localidade>Maceió</localidade>
    <uf>AL</uf>
    <estado>Alagoas</estado>
    <região/>
    <ibge>2704302</ibge>
    <gia/>
    <ddd>82</ddd>
    <siafi>2785</siafi>
  </cep>
  <cep>
    <cep>57017-697</cep>
    <logradouro>Vila Santo Amaro</logradouro>
    <complemento/>
    <unidade/>
    <bairro>Bebedouro</bairro>
    <localidade>Maceió</localidade>
    <uf>AL</uf>
    <estado>Alagoas</estado>
    <região/>
    <ibge>2704302</ibge>
    <gia/>
    <ddd>82</ddd>
    <siafi>2785</siafi>
  </cep>
  <cep>
    <cep>57017-720</cep>
    <logradouro>Rua Colégio Nossa Senhora do Bom Conselho</logradouro>
    <complemento/>
    <unidade/>
    <bairro>Bebedouro</bairro>
    <localidade>Maceió</localidade>
    <uf>AL</uf>
    <estado>Alagoas</estado>
    <região/>
    <ibge>2704302</ibge>
    <gia/>
    <ddd>82</ddd>
    <siafi>2785</siafi>
  </cep>
  <cep>
    <cep>57017-698</cep>
    <logradouro>3ª Travessa Tobias Barreto</logradouro>
    <complemento/>
    <unidade/>
    <bairro>Bebedouro</bairro>
    <localidade>Maceió</localidade>
    <uf>AL</uf>
    <estado>Alagoas</estado>
    <região/>
    <ibge>2704302</ibge>
    <gia/>
    <ddd>82</ddd>
    <siafi>2785</siafi>
  </cep>
  <cep>
    <cep>57017-730</cep>
    <logradouro>Rua José Franklin Sarmento Ferreira</logradouro>
    <complemento/>
    <unidade/>
    <bairro>Bebedouro</bairro>
    <localidade>Maceió</localidade>
    <uf>AL</uf>
    <estado>Alagoas</estado>
    <região/>
    <ibge>2704302</ibge>
    <gia/>
    <ddd>82</ddd>
    <siafi>2785</siafi>
  </cep>
  <cep>
    <cep>57017-750</cep>
    <logradouro>Rua Camaragibe</logradouro>
    <complemento/>
    <unidade/>
    <bairro>Bebedouro</bairro>
    <localidade>Maceió</localidade>
    <uf>AL</uf>
    <estado>Alagoas</estado>
    <região/>
    <ibge>2704302</ibge>
    <gia/>
    <ddd>82</ddd>
    <siafi>2785</siafi>
  </cep>
  <cep>
    <cep>57017-710</cep>
    <logradouro>Rua Vicente de Carvalho Freitas</logradouro>
    <complemento/>
    <unidade/>
    <bairro>Bebedouro</bairro>
    <localidade>Maceió</localidade>
    <uf>AL</uf>
    <estado>Alagoas</estado>
    <região/>
    <ibge>2704302</ibge>
    <gia/>
    <ddd>82</ddd>
    <siafi>2785</siafi>
  </cep>
  <cep>
    <cep>57017-772</cep>
    <logradouro>Travessa da Lira</logradouro>
    <complemento/>
    <unidade/>
    <bairro>Bebedouro</bairro>
    <localidade>Maceió</localidade>
    <uf>AL</uf>
    <estado>Alagoas</estado>
    <região/>
    <ibge>2704302</ibge>
    <gia/>
    <ddd>82</ddd>
    <siafi>2785</siafi>
  </cep>
  <cep>
    <cep>57017-695</cep>
    <logradouro>1ª Travessa Tobias Barreto</logradouro>
    <complemento/>
    <unidade/>
    <bairro>Bebedouro</bairro>
    <localidade>Maceió</localidade>
    <uf>AL</uf>
    <estado>Alagoas</estado>
    <região/>
    <ibge>2704302</ibge>
    <gia/>
    <ddd>82</ddd>
    <siafi>2785</siafi>
  </cep>
  <cep>
    <cep>57017-760</cep>
    <logradouro>Rua Doutor Hilton Paulo Omena Duarte</logradouro>
    <complemento/>
    <unidade/>
    <bairro>Bebedouro</bairro>
    <localidade>Maceió</localidade>
    <uf>AL</uf>
    <estado>Alagoas</estado>
    <região/>
    <ibge>2704302</ibge>
    <gia/>
    <ddd>82</ddd>
    <siafi>2785</siafi>
  </cep>
  <cep>
    <cep>57017-766</cep>
    <logradouro>Avenida Major Cícero de Góes Monteiro</logradouro>
    <complemento>de 3120/3121 ao fim</complemento>
    <unidade/>
    <bairro>Bebedouro</bairro>
    <localidade>Maceió</localidade>
    <uf>AL</uf>
    <estado>Alagoas</estado>
    <região/>
    <ibge>2704302</ibge>
    <gia/>
    <ddd>82</ddd>
    <siafi>2785</siafi>
  </cep>
  <cep>
    <cep>57017-774</cep>
    <logradouro>Travessa Camaragibe</logradouro>
    <complemento/>
    <unidade/>
    <bairro>Bebedouro</bairro>
    <localidade>Maceió</localidade>
    <uf>AL</uf>
    <estado>Alagoas</estado>
    <região/>
    <ibge>2704302</ibge>
    <gia/>
    <ddd>82</ddd>
    <siafi>2785</siafi>
  </cep>
  <cep>
    <cep>57017-800</cep>
    <logradouro>Rua Tobias Costa</logradouro>
    <complemento/>
    <unidade/>
    <bairro>Bebedouro</bairro>
    <localidade>Maceió</localidade>
    <uf>AL</uf>
    <estado>Alagoas</estado>
    <região/>
    <ibge>2704302</ibge>
    <gia/>
    <ddd>82</ddd>
    <siafi>2785</siafi>
  </cep>
  <cep>
    <cep>57017-815</cep>
    <logradouro>Rua Carteiro João Firmino</logradouro>
    <complemento/>
    <unidade/>
    <bairro>Bebedouro</bairro>
    <localidade>Maceió</localidade>
    <uf>AL</uf>
    <estado>Alagoas</estado>
    <região/>
    <ibge>2704302</ibge>
    <gia/>
    <ddd>82</ddd>
    <siafi>2785</siafi>
  </cep>
  <cep>
    <cep>57017-820</cep>
    <logradouro>Rua da Lira</logradouro>
    <complemento>lado ímpar</complemento>
    <unidade/>
    <bairro>Bebedouro</bairro>
    <localidade>Maceió</localidade>
    <uf>AL</uf>
    <estado>Alagoas</estado>
    <região/>
    <ibge>2704302</ibge>
    <gia/>
    <ddd>82</ddd>
    <siafi>2785</siafi>
  </cep>
  <cep>
    <cep>57017-840</cep>
    <logradouro>Rua Manoel Sampaio</logradouro>
    <complemento/>
    <unidade/>
    <bairro>Bebedouro</bairro>
    <localidade>Maceió</localidade>
    <uf>AL</uf>
    <estado>Alagoas</estado>
    <região/>
    <ibge>2704302</ibge>
    <gia/>
    <ddd>82</ddd>
    <siafi>2785</siafi>
  </cep>
  <cep>
    <cep>57017-850</cep>
    <logradouro>Rua Manoel Caetano dos Santos</logradouro>
    <complemento/>
    <unidade/>
    <bairro>Bebedouro</bairro>
    <localidade>Maceió</localidade>
    <uf>AL</uf>
    <estado>Alagoas</estado>
    <região/>
    <ibge>2704302</ibge>
    <gia/>
    <ddd>82</ddd>
    <siafi>2785</siafi>
  </cep>
  <cep>
    <cep>57017-860</cep>
    <logradouro>Rua Pedro Marinho Filho</logradouro>
    <complemento/>
    <unidade/>
    <bairro>Bebedouro</bairro>
    <localidade>Maceió</localidade>
    <uf>AL</uf>
    <estado>Alagoas</estado>
    <região/>
    <ibge>2704302</ibge>
    <gia/>
    <ddd>82</ddd>
    <siafi>2785</siafi>
  </cep>
  <cep>
    <cep>57017-870</cep>
    <logradouro>Rua Pedro Viana de Oliveira</logradouro>
    <complemento/>
    <unidade/>
    <bairro>Bebedouro</bairro>
    <localidade>Maceió</localidade>
    <uf>AL</uf>
    <estado>Alagoas</estado>
    <região/>
    <ibge>2704302</ibge>
    <gia/>
    <ddd>82</ddd>
    <siafi>2785</siafi>
  </cep>
  <cep>
    <cep>57017-901</cep>
    <logradouro>Avenida Governador Afrânio Lages</logradouro>
    <complemento>s/n</complemento>
    <unidade>Condomínio Vale do Sol</unidade>
    <bairro>Bom Parto</bairro>
    <localidade>Maceió</localidade>
    <uf>AL</uf>
    <estado>Alagoas</estado>
    <região/>
    <ibge>2704302</ibge>
    <gia/>
    <ddd>82</ddd>
    <siafi>2785</siafi>
  </cep>
  <cep>
    <cep>57017-880</cep>
    <logradouro>Rua da Penha</logradouro>
    <complemento/>
    <unidade/>
    <bairro>Bebedouro</bairro>
    <localidade>Maceió</localidade>
    <uf>AL</uf>
    <estado>Alagoas</estado>
    <região/>
    <ibge>2704302</ibge>
    <gia/>
    <ddd>82</ddd>
    <siafi>2785</siafi>
  </cep>
  <cep>
    <cep>57017-890</cep>
    <logradouro>Rua Sabino Romariz</logradouro>
    <complemento/>
    <unidade/>
    <bairro>Bebedouro</bairro>
    <localidade>Maceió</localidade>
    <uf>AL</uf>
    <estado>Alagoas</estado>
    <região/>
    <ibge>2704302</ibge>
    <gia/>
    <ddd>82</ddd>
    <siafi>2785</siafi>
  </cep>
  <cep>
    <cep>57018-035</cep>
    <logradouro>Rua Doutor Passos de Miranda</logradouro>
    <complemento/>
    <unidade/>
    <bairro>Bebedouro</bairro>
    <localidade>Maceió</localidade>
    <uf>AL</uf>
    <estado>Alagoas</estado>
    <região/>
    <ibge>2704302</ibge>
    <gia/>
    <ddd>82</ddd>
    <siafi>2785</siafi>
  </cep>
  <cep>
    <cep>57018-045</cep>
    <logradouro>Rua Pedro Beltrão</logradouro>
    <complemento/>
    <unidade/>
    <bairro>Bebedouro</bairro>
    <localidade>Maceió</localidade>
    <uf>AL</uf>
    <estado>Alagoas</estado>
    <região/>
    <ibge>2704302</ibge>
    <gia/>
    <ddd>82</ddd>
    <siafi>2785</siafi>
  </cep>
  <cep>
    <cep>57018-050</cep>
    <logradouro>Travessa Pedro Beltrão</logradouro>
    <complemento/>
    <unidade/>
    <bairro>Bebedouro</bairro>
    <localidade>Maceió</localidade>
    <uf>AL</uf>
    <estado>Alagoas</estado>
    <região/>
    <ibge>2704302</ibge>
    <gia/>
    <ddd>82</ddd>
    <siafi>2785</siafi>
  </cep>
  <cep>
    <cep>57018-055</cep>
    <logradouro>Rua Argemiro Morais</logradouro>
    <complemento/>
    <unidade/>
    <bairro>Bebedouro</bairro>
    <localidade>Maceió</localidade>
    <uf>AL</uf>
    <estado>Alagoas</estado>
    <região/>
    <ibge>2704302</ibge>
    <gia/>
    <ddd>82</ddd>
    <siafi>2785</siafi>
  </cep>
  <cep>
    <cep>57018-075</cep>
    <logradouro>Travessa Augusto Barreto</logradouro>
    <complemento/>
    <unidade/>
    <bairro>Bebedouro</bairro>
    <localidade>Maceió</localidade>
    <uf>AL</uf>
    <estado>Alagoas</estado>
    <região/>
    <ibge>2704302</ibge>
    <gia/>
    <ddd>82</ddd>
    <siafi>2785</siafi>
  </cep>
  <cep>
    <cep>57018-095</cep>
    <logradouro>Rua Cônego Costa</logradouro>
    <complemento/>
    <unidade/>
    <bairro>Bebedouro</bairro>
    <localidade>Maceió</localidade>
    <uf>AL</uf>
    <estado>Alagoas</estado>
    <região/>
    <ibge>2704302</ibge>
    <gia/>
    <ddd>82</ddd>
    <siafi>2785</siafi>
  </cep>
  <cep>
    <cep>57018-110</cep>
    <logradouro>Rua Vereador Jorge Omena</logradouro>
    <complemento/>
    <unidade/>
    <bairro>Bebedouro</bairro>
    <localidade>Maceió</localidade>
    <uf>AL</uf>
    <estado>Alagoas</estado>
    <região/>
    <ibge>2704302</ibge>
    <gia/>
    <ddd>82</ddd>
    <siafi>2785</siafi>
  </cep>
  <cep>
    <cep>57018-065</cep>
    <logradouro>Rua Augusto Barreto</logradouro>
    <complemento/>
    <unidade/>
    <bairro>Bebedouro</bairro>
    <localidade>Maceió</localidade>
    <uf>AL</uf>
    <estado>Alagoas</estado>
    <região/>
    <ibge>2704302</ibge>
    <gia/>
    <ddd>82</ddd>
    <siafi>2785</siafi>
  </cep>
  <cep>
    <cep>57018-135</cep>
    <logradouro>Travessa Cônego José Belarmino Barbosa</logradouro>
    <complemento/>
    <unidade/>
    <bairro>Bebedouro</bairro>
    <localidade>Maceió</localidade>
    <uf>AL</uf>
    <estado>Alagoas</estado>
    <região/>
    <ibge>2704302</ibge>
    <gia/>
    <ddd>82</ddd>
    <siafi>2785</siafi>
  </cep>
  <cep>
    <cep>57018-105</cep>
    <logradouro>Rua Joaquim Ferreira de Barros</logradouro>
    <complemento/>
    <unidade/>
    <bairro>Bebedouro</bairro>
    <localidade>Maceió</localidade>
    <uf>AL</uf>
    <estado>Alagoas</estado>
    <região/>
    <ibge>2704302</ibge>
    <gia/>
    <ddd>82</ddd>
    <siafi>2785</siafi>
  </cep>
  <cep>
    <cep>57018-115</cep>
    <logradouro>Travessa Cônego José Barbosa</logradouro>
    <complemento/>
    <unidade/>
    <bairro>Bebedouro</bairro>
    <localidade>Maceió</localidade>
    <uf>AL</uf>
    <estado>Alagoas</estado>
    <região/>
    <ibge>2704302</ibge>
    <gia/>
    <ddd>82</ddd>
    <siafi>2785</siafi>
  </cep>
  <cep>
    <cep>57018-150</cep>
    <logradouro>Rua da Liberdade</logradouro>
    <complemento/>
    <unidade/>
    <bairro>Bebedouro</bairro>
    <localidade>Maceió</localidade>
    <uf>AL</uf>
    <estado>Alagoas</estado>
    <região/>
    <ibge>2704302</ibge>
    <gia/>
    <ddd>82</ddd>
    <siafi>2785</siafi>
  </cep>
  <cep>
    <cep>57018-155</cep>
    <logradouro>Rua Coronel Lucena Maranhão</logradouro>
    <complemento/>
    <unidade/>
    <bairro>Bebedouro</bairro>
    <localidade>Maceió</localidade>
    <uf>AL</uf>
    <estado>Alagoas</estado>
    <região/>
    <ibge>2704302</ibge>
    <gia/>
    <ddd>82</ddd>
    <siafi>2785</siafi>
  </cep>
  <cep>
    <cep>57018-185</cep>
    <logradouro>Rua Doutor Antônio Nunes Leite</logradouro>
    <complemento/>
    <unidade/>
    <bairro>Bebedouro</bairro>
    <localidade>Maceió</localidade>
    <uf>AL</uf>
    <estado>Alagoas</estado>
    <região/>
    <ibge>2704302</ibge>
    <gia/>
    <ddd>82</ddd>
    <siafi>2785</siafi>
  </cep>
  <cep>
    <cep>57018-152</cep>
    <logradouro>Rua Vereador Bruno Ferrari</logradouro>
    <complemento/>
    <unidade/>
    <bairro>Bebedouro</bairro>
    <localidade>Maceió</localidade>
    <uf>AL</uf>
    <estado>Alagoas</estado>
    <região/>
    <ibge>2704302</ibge>
    <gia/>
    <ddd>82</ddd>
    <siafi>2785</siafi>
  </cep>
  <cep>
    <cep>57018-402</cep>
    <logradouro>Rua 13 de Maio</logradouro>
    <complemento/>
    <unidade/>
    <bairro>Chã da Jaqueira</bairro>
    <localidade>Maceió</localidade>
    <uf>AL</uf>
    <estado>Alagoas</estado>
    <região/>
    <ibge>2704302</ibge>
    <gia/>
    <ddd>82</ddd>
    <siafi>2785</siafi>
  </cep>
  <cep>
    <cep>57018-310</cep>
    <logradouro>Rua Brasília</logradouro>
    <complemento/>
    <unidade/>
    <bairro>Bebedouro</bairro>
    <localidade>Maceió</localidade>
    <uf>AL</uf>
    <estado>Alagoas</estado>
    <região/>
    <ibge>2704302</ibge>
    <gia/>
    <ddd>82</ddd>
    <siafi>2785</siafi>
  </cep>
  <cep>
    <cep>57018-400</cep>
    <logradouro>Rua Santo André</logradouro>
    <complemento/>
    <unidade/>
    <bairro>Chã da Jaqueira</bairro>
    <localidade>Maceió</localidade>
    <uf>AL</uf>
    <estado>Alagoas</estado>
    <região/>
    <ibge>2704302</ibge>
    <gia/>
    <ddd>82</ddd>
    <siafi>2785</siafi>
  </cep>
  <cep>
    <cep>57018-406</cep>
    <logradouro>Avenida Djalma Fragoso de Alencar</logradouro>
    <complemento/>
    <unidade/>
    <bairro>Chã da Jaqueira</bairro>
    <localidade>Maceió</localidade>
    <uf>AL</uf>
    <estado>Alagoas</estado>
    <região/>
    <ibge>2704302</ibge>
    <gia/>
    <ddd>82</ddd>
    <siafi>2785</siafi>
  </cep>
  <cep>
    <cep>57018-403</cep>
    <logradouro>Rua Doutor Ulisses Lopes Moreira</logradouro>
    <complemento/>
    <unidade/>
    <bairro>Chã da Jaqueira</bairro>
    <localidade>Maceió</localidade>
    <uf>AL</uf>
    <estado>Alagoas</estado>
    <região/>
    <ibge>2704302</ibge>
    <gia/>
    <ddd>82</ddd>
    <siafi>2785</siafi>
  </cep>
  <cep>
    <cep>57018-407</cep>
    <logradouro>Rua Alameda</logradouro>
    <complemento>(Pátio da Igreja)</complemento>
    <unidade/>
    <bairro>Chã da Jaqueira</bairro>
    <localidade>Maceió</localidade>
    <uf>AL</uf>
    <estado>Alagoas</estado>
    <região/>
    <ibge>2704302</ibge>
    <gia/>
    <ddd>82</ddd>
    <siafi>2785</siafi>
  </cep>
  <cep>
    <cep>57018-408</cep>
    <logradouro>Ladeira Vereador Jorge Omena</logradouro>
    <complemento/>
    <unidade/>
    <bairro>Chã da Jaqueira</bairro>
    <localidade>Maceió</localidade>
    <uf>AL</uf>
    <estado>Alagoas</estado>
    <região/>
    <ibge>2704302</ibge>
    <gia/>
    <ddd>82</ddd>
    <siafi>2785</siafi>
  </cep>
  <cep>
    <cep>57018-409</cep>
    <logradouro>Rua Epomina Gatto Falcão</logradouro>
    <complemento/>
    <unidade/>
    <bairro>Chã da Jaqueira</bairro>
    <localidade>Maceió</localidade>
    <uf>AL</uf>
    <estado>Alagoas</estado>
    <região/>
    <ibge>2704302</ibge>
    <gia/>
    <ddd>82</ddd>
    <siafi>2785</siafi>
  </cep>
  <cep>
    <cep>57018-410</cep>
    <logradouro>Rua do Campo</logradouro>
    <complemento/>
    <unidade/>
    <bairro>Chã da Jaqueira</bairro>
    <localidade>Maceió</localidade>
    <uf>AL</uf>
    <estado>Alagoas</estado>
    <região/>
    <ibge>2704302</ibge>
    <gia/>
    <ddd>82</ddd>
    <siafi>2785</siafi>
  </cep>
  <cep>
    <cep>57018-411</cep>
    <logradouro>Vila Adriana</logradouro>
    <complemento/>
    <unidade/>
    <bairro>Chã da Jaqueira</bairro>
    <localidade>Maceió</localidade>
    <uf>AL</uf>
    <estado>Alagoas</estado>
    <região/>
    <ibge>2704302</ibge>
    <gia/>
    <ddd>82</ddd>
    <siafi>2785</siafi>
  </cep>
  <cep>
    <cep>57018-412</cep>
    <logradouro>Rua Três de Agosto</logradouro>
    <complemento/>
    <unidade/>
    <bairro>Chã da Jaqueira</bairro>
    <localidade>Maceió</localidade>
    <uf>AL</uf>
    <estado>Alagoas</estado>
    <região/>
    <ibge>2704302</ibge>
    <gia/>
    <ddd>82</ddd>
    <siafi>2785</siafi>
  </cep>
  <cep>
    <cep>57018-413</cep>
    <logradouro>Conjunto João Pereira da Silva</logradouro>
    <complemento/>
    <unidade/>
    <bairro>Chã da Jaqueira</bairro>
    <localidade>Maceió</localidade>
    <uf>AL</uf>
    <estado>Alagoas</estado>
    <região/>
    <ibge>2704302</ibge>
    <gia/>
    <ddd>82</ddd>
    <siafi>2785</siafi>
  </cep>
  <cep>
    <cep>57018-414</cep>
    <logradouro>Rua Coronel Belarmino</logradouro>
    <complemento/>
    <unidade/>
    <bairro>Chã da Jaqueira</bairro>
    <localidade>Maceió</localidade>
    <uf>AL</uf>
    <estado>Alagoas</estado>
    <região/>
    <ibge>2704302</ibge>
    <gia/>
    <ddd>82</ddd>
    <siafi>2785</siafi>
  </cep>
  <cep>
    <cep>57018-415</cep>
    <logradouro>Rua da Liberdade</logradouro>
    <complemento/>
    <unidade/>
    <bairro>Chã da Jaqueira</bairro>
    <localidade>Maceió</localidade>
    <uf>AL</uf>
    <estado>Alagoas</estado>
    <região/>
    <ibge>2704302</ibge>
    <gia/>
    <ddd>82</ddd>
    <siafi>2785</siafi>
  </cep>
  <cep>
    <cep>57018-417</cep>
    <logradouro>Rua Marquês de Abrantes</logradouro>
    <complemento/>
    <unidade/>
    <bairro>Chã da Jaqueira</bairro>
    <localidade>Maceió</localidade>
    <uf>AL</uf>
    <estado>Alagoas</estado>
    <região/>
    <ibge>2704302</ibge>
    <gia/>
    <ddd>82</ddd>
    <siafi>2785</siafi>
  </cep>
  <cep>
    <cep>57018-416</cep>
    <logradouro>Rua Cabo Claudevan Apolinário</logradouro>
    <complemento/>
    <unidade/>
    <bairro>Chã da Jaqueira</bairro>
    <localidade>Maceió</localidade>
    <uf>AL</uf>
    <estado>Alagoas</estado>
    <região/>
    <ibge>2704302</ibge>
    <gia/>
    <ddd>82</ddd>
    <siafi>2785</siafi>
  </cep>
  <cep>
    <cep>57018-418</cep>
    <logradouro>Rua Sargento José Rodrigues da Silva</logradouro>
    <complemento/>
    <unidade/>
    <bairro>Chã da Jaqueira</bairro>
    <localidade>Maceió</localidade>
    <uf>AL</uf>
    <estado>Alagoas</estado>
    <região/>
    <ibge>2704302</ibge>
    <gia/>
    <ddd>82</ddd>
    <siafi>2785</siafi>
  </cep>
  <cep>
    <cep>57018-419</cep>
    <logradouro>1ª Travessa Sargento Osmário</logradouro>
    <complemento/>
    <unidade/>
    <bairro>Chã da Jaqueira</bairro>
    <localidade>Maceió</localidade>
    <uf>AL</uf>
    <estado>Alagoas</estado>
    <região/>
    <ibge>2704302</ibge>
    <gia/>
    <ddd>82</ddd>
    <siafi>2785</siafi>
  </cep>
  <cep>
    <cep>57018-422</cep>
    <logradouro>Rua Sargento Osmário</logradouro>
    <complemento/>
    <unidade/>
    <bairro>Chã da Jaqueira</bairro>
    <localidade>Maceió</localidade>
    <uf>AL</uf>
    <estado>Alagoas</estado>
    <região/>
    <ibge>2704302</ibge>
    <gia/>
    <ddd>82</ddd>
    <siafi>2785</siafi>
  </cep>
  <cep>
    <cep>57018-425</cep>
    <logradouro>Travessa do Campo</logradouro>
    <complemento/>
    <unidade/>
    <bairro>Chã da Jaqueira</bairro>
    <localidade>Maceió</localidade>
    <uf>AL</uf>
    <estado>Alagoas</estado>
    <região/>
    <ibge>2704302</ibge>
    <gia/>
    <ddd>82</ddd>
    <siafi>2785</siafi>
  </cep>
  <cep>
    <cep>57018-430</cep>
    <logradouro>Rua Santa Helena</logradouro>
    <complemento/>
    <unidade/>
    <bairro>Chã da Jaqueira</bairro>
    <localidade>Maceió</localidade>
    <uf>AL</uf>
    <estado>Alagoas</estado>
    <região/>
    <ibge>2704302</ibge>
    <gia/>
    <ddd>82</ddd>
    <siafi>2785</siafi>
  </cep>
  <cep>
    <cep>57018-435</cep>
    <logradouro>Travessa Euclides Santos</logradouro>
    <complemento/>
    <unidade/>
    <bairro>Chã da Jaqueira</bairro>
    <localidade>Maceió</localidade>
    <uf>AL</uf>
    <estado>Alagoas</estado>
    <região/>
    <ibge>2704302</ibge>
    <gia/>
    <ddd>82</ddd>
    <siafi>2785</siafi>
  </cep>
  <cep>
    <cep>57018-440</cep>
    <logradouro>Rua do Sol</logradouro>
    <complemento/>
    <unidade/>
    <bairro>Chã da Jaqueira</bairro>
    <localidade>Maceió</localidade>
    <uf>AL</uf>
    <estado>Alagoas</estado>
    <região/>
    <ibge>2704302</ibge>
    <gia/>
    <ddd>82</ddd>
    <siafi>2785</siafi>
  </cep>
  <cep>
    <cep>57018-421</cep>
    <logradouro>2ª Travessa Sargento Osmário</logradouro>
    <complemento/>
    <unidade/>
    <bairro>Chã da Jaqueira</bairro>
    <localidade>Maceió</localidade>
    <uf>AL</uf>
    <estado>Alagoas</estado>
    <região/>
    <ibge>2704302</ibge>
    <gia/>
    <ddd>82</ddd>
    <siafi>2785</siafi>
  </cep>
  <cep>
    <cep>57018-420</cep>
    <logradouro>Rua São Gonçalo</logradouro>
    <complemento/>
    <unidade/>
    <bairro>Chã da Jaqueira</bairro>
    <localidade>Maceió</localidade>
    <uf>AL</uf>
    <estado>Alagoas</estado>
    <região/>
    <ibge>2704302</ibge>
    <gia/>
    <ddd>82</ddd>
    <siafi>2785</siafi>
  </cep>
  <cep>
    <cep>57018-445</cep>
    <logradouro>Rua Santa Clara</logradouro>
    <complemento/>
    <unidade/>
    <bairro>Chã da Jaqueira</bairro>
    <localidade>Maceió</localidade>
    <uf>AL</uf>
    <estado>Alagoas</estado>
    <região/>
    <ibge>2704302</ibge>
    <gia/>
    <ddd>82</ddd>
    <siafi>2785</siafi>
  </cep>
  <cep>
    <cep>57018-465</cep>
    <logradouro>Travessa Prefeito Joatas Malta de Alencar</logradouro>
    <complemento/>
    <unidade/>
    <bairro>Chã da Jaqueira</bairro>
    <localidade>Maceió</localidade>
    <uf>AL</uf>
    <estado>Alagoas</estado>
    <região/>
    <ibge>2704302</ibge>
    <gia/>
    <ddd>82</ddd>
    <siafi>2785</siafi>
  </cep>
  <cep>
    <cep>57018-455</cep>
    <logradouro>Rua Prefeito Joatas Malta de Alencar</logradouro>
    <complemento/>
    <unidade/>
    <bairro>Chã da Jaqueira</bairro>
    <localidade>Maceió</localidade>
    <uf>AL</uf>
    <estado>Alagoas</estado>
    <região/>
    <ibge>2704302</ibge>
    <gia/>
    <ddd>82</ddd>
    <siafi>2785</siafi>
  </cep>
  <cep>
    <cep>57018-466</cep>
    <logradouro>Travessa Marquês de Abrantes</logradouro>
    <complemento/>
    <unidade/>
    <bairro>Chã da Jaqueira</bairro>
    <localidade>Maceió</localidade>
    <uf>AL</uf>
    <estado>Alagoas</estado>
    <região/>
    <ibge>2704302</ibge>
    <gia/>
    <ddd>82</ddd>
    <siafi>2785</siafi>
  </cep>
  <cep>
    <cep>57018-470</cep>
    <logradouro>Rua Antônio Claudino</logradouro>
    <complemento/>
    <unidade/>
    <bairro>Chã da Jaqueira</bairro>
    <localidade>Maceió</localidade>
    <uf>AL</uf>
    <estado>Alagoas</estado>
    <região/>
    <ibge>2704302</ibge>
    <gia/>
    <ddd>82</ddd>
    <siafi>2785</siafi>
  </cep>
  <cep>
    <cep>57018-471</cep>
    <logradouro>Rua Manoel Almeida</logradouro>
    <complemento/>
    <unidade/>
    <bairro>Chã da Jaqueira</bairro>
    <localidade>Maceió</localidade>
    <uf>AL</uf>
    <estado>Alagoas</estado>
    <região/>
    <ibge>2704302</ibge>
    <gia/>
    <ddd>82</ddd>
    <siafi>2785</siafi>
  </cep>
  <cep>
    <cep>57018-472</cep>
    <logradouro>Vila Almeida II</logradouro>
    <complemento/>
    <unidade/>
    <bairro>Chã da Jaqueira</bairro>
    <localidade>Maceió</localidade>
    <uf>AL</uf>
    <estado>Alagoas</estado>
    <região/>
    <ibge>2704302</ibge>
    <gia/>
    <ddd>82</ddd>
    <siafi>2785</siafi>
  </cep>
  <cep>
    <cep>57018-473</cep>
    <logradouro>Vila Almeida III</logradouro>
    <complemento/>
    <unidade/>
    <bairro>Chã da Jaqueira</bairro>
    <localidade>Maceió</localidade>
    <uf>AL</uf>
    <estado>Alagoas</estado>
    <região/>
    <ibge>2704302</ibge>
    <gia/>
    <ddd>82</ddd>
    <siafi>2785</siafi>
  </cep>
  <cep>
    <cep>57018-474</cep>
    <logradouro>Vila Almeida IV</logradouro>
    <complemento/>
    <unidade/>
    <bairro>Chã da Jaqueira</bairro>
    <localidade>Maceió</localidade>
    <uf>AL</uf>
    <estado>Alagoas</estado>
    <região/>
    <ibge>2704302</ibge>
    <gia/>
    <ddd>82</ddd>
    <siafi>2785</siafi>
  </cep>
  <cep>
    <cep>57018-475</cep>
    <logradouro>Rua Santa Maria</logradouro>
    <complemento/>
    <unidade/>
    <bairro>Chã da Jaqueira</bairro>
    <localidade>Maceió</localidade>
    <uf>AL</uf>
    <estado>Alagoas</estado>
    <região/>
    <ibge>2704302</ibge>
    <gia/>
    <ddd>82</ddd>
    <siafi>2785</siafi>
  </cep>
  <cep>
    <cep>57018-476</cep>
    <logradouro>1ª Travessa São José</logradouro>
    <complemento/>
    <unidade/>
    <bairro>Chã da Jaqueira</bairro>
    <localidade>Maceió</localidade>
    <uf>AL</uf>
    <estado>Alagoas</estado>
    <região/>
    <ibge>2704302</ibge>
    <gia/>
    <ddd>82</ddd>
    <siafi>2785</siafi>
  </cep>
  <cep>
    <cep>57018-477</cep>
    <logradouro>2ª Travessa São José</logradouro>
    <complemento/>
    <unidade/>
    <bairro>Chã da Jaqueira</bairro>
    <localidade>Maceió</localidade>
    <uf>AL</uf>
    <estado>Alagoas</estado>
    <região/>
    <ibge>2704302</ibge>
    <gia/>
    <ddd>82</ddd>
    <siafi>2785</siafi>
  </cep>
  <cep>
    <cep>57018-482</cep>
    <logradouro>Rua da Paz</logradouro>
    <complemento/>
    <unidade/>
    <bairro>Chã da Jaqueira</bairro>
    <localidade>Maceió</localidade>
    <uf>AL</uf>
    <estado>Alagoas</estado>
    <região/>
    <ibge>2704302</ibge>
    <gia/>
    <ddd>82</ddd>
    <siafi>2785</siafi>
  </cep>
  <cep>
    <cep>57018-480</cep>
    <logradouro>Rua Padre Cícero Romão Batista</logradouro>
    <complemento/>
    <unidade/>
    <bairro>Chã da Jaqueira</bairro>
    <localidade>Maceió</localidade>
    <uf>AL</uf>
    <estado>Alagoas</estado>
    <região/>
    <ibge>2704302</ibge>
    <gia/>
    <ddd>82</ddd>
    <siafi>2785</siafi>
  </cep>
  <cep>
    <cep>57018-484</cep>
    <logradouro>Travessa da Paz</logradouro>
    <complemento/>
    <unidade/>
    <bairro>Chã da Jaqueira</bairro>
    <localidade>Maceió</localidade>
    <uf>AL</uf>
    <estado>Alagoas</estado>
    <região/>
    <ibge>2704302</ibge>
    <gia/>
    <ddd>82</ddd>
    <siafi>2785</siafi>
  </cep>
  <cep>
    <cep>57018-495</cep>
    <logradouro>Rua São João</logradouro>
    <complemento/>
    <unidade/>
    <bairro>Chã da Jaqueira</bairro>
    <localidade>Maceió</localidade>
    <uf>AL</uf>
    <estado>Alagoas</estado>
    <região/>
    <ibge>2704302</ibge>
    <gia/>
    <ddd>82</ddd>
    <siafi>2785</siafi>
  </cep>
  <cep>
    <cep>57018-500</cep>
    <logradouro>Rua Santa Rita</logradouro>
    <complemento/>
    <unidade/>
    <bairro>Chã da Jaqueira</bairro>
    <localidade>Maceió</localidade>
    <uf>AL</uf>
    <estado>Alagoas</estado>
    <região/>
    <ibge>2704302</ibge>
    <gia/>
    <ddd>82</ddd>
    <siafi>2785</siafi>
  </cep>
  <cep>
    <cep>57018-502</cep>
    <logradouro>7ª Travessa do Arame</logradouro>
    <complemento/>
    <unidade/>
    <bairro>Chã da Jaqueira</bairro>
    <localidade>Maceió</localidade>
    <uf>AL</uf>
    <estado>Alagoas</estado>
    <região/>
    <ibge>2704302</ibge>
    <gia/>
    <ddd>82</ddd>
    <siafi>2785</siafi>
  </cep>
  <cep>
    <cep>57018-515</cep>
    <logradouro>Travessa São João</logradouro>
    <complemento/>
    <unidade/>
    <bairro>Chã da Jaqueira</bairro>
    <localidade>Maceió</localidade>
    <uf>AL</uf>
    <estado>Alagoas</estado>
    <região/>
    <ibge>2704302</ibge>
    <gia/>
    <ddd>82</ddd>
    <siafi>2785</siafi>
  </cep>
  <cep>
    <cep>57018-508</cep>
    <logradouro>3ª Travessa do Arame</logradouro>
    <complemento/>
    <unidade/>
    <bairro>Chã da Jaqueira</bairro>
    <localidade>Maceió</localidade>
    <uf>AL</uf>
    <estado>Alagoas</estado>
    <região/>
    <ibge>2704302</ibge>
    <gia/>
    <ddd>82</ddd>
    <siafi>2785</siafi>
  </cep>
  <cep>
    <cep>57018-520</cep>
    <logradouro>Travessa Florestal</logradouro>
    <complemento/>
    <unidade/>
    <bairro>Chã da Jaqueira</bairro>
    <localidade>Maceió</localidade>
    <uf>AL</uf>
    <estado>Alagoas</estado>
    <região/>
    <ibge>2704302</ibge>
    <gia/>
    <ddd>82</ddd>
    <siafi>2785</siafi>
  </cep>
  <cep>
    <cep>57018-521</cep>
    <logradouro>Rua da Alvorada</logradouro>
    <complemento/>
    <unidade/>
    <bairro>Chã da Jaqueira</bairro>
    <localidade>Maceió</localidade>
    <uf>AL</uf>
    <estado>Alagoas</estado>
    <região/>
    <ibge>2704302</ibge>
    <gia/>
    <ddd>82</ddd>
    <siafi>2785</siafi>
  </cep>
  <cep>
    <cep>57018-524</cep>
    <logradouro>1ª Travessa Cerejeira</logradouro>
    <complemento/>
    <unidade/>
    <bairro>Chã da Jaqueira</bairro>
    <localidade>Maceió</localidade>
    <uf>AL</uf>
    <estado>Alagoas</estado>
    <região/>
    <ibge>2704302</ibge>
    <gia/>
    <ddd>82</ddd>
    <siafi>2785</siafi>
  </cep>
  <cep>
    <cep>57018-529</cep>
    <logradouro>Rua da Aurora</logradouro>
    <complemento/>
    <unidade/>
    <bairro>Chã da Jaqueira</bairro>
    <localidade>Maceió</localidade>
    <uf>AL</uf>
    <estado>Alagoas</estado>
    <região/>
    <ibge>2704302</ibge>
    <gia/>
    <ddd>82</ddd>
    <siafi>2785</siafi>
  </cep>
  <cep>
    <cep>57018-530</cep>
    <logradouro>Rua Senhor do Bonfim</logradouro>
    <complemento/>
    <unidade/>
    <bairro>Chã da Jaqueira</bairro>
    <localidade>Maceió</localidade>
    <uf>AL</uf>
    <estado>Alagoas</estado>
    <região/>
    <ibge>2704302</ibge>
    <gia/>
    <ddd>82</ddd>
    <siafi>2785</siafi>
  </cep>
  <cep>
    <cep>57018-531</cep>
    <logradouro>2ª Travessa Senhor do Bonfim</logradouro>
    <complemento/>
    <unidade/>
    <bairro>Chã da Jaqueira</bairro>
    <localidade>Maceió</localidade>
    <uf>AL</uf>
    <estado>Alagoas</estado>
    <região/>
    <ibge>2704302</ibge>
    <gia/>
    <ddd>82</ddd>
    <siafi>2785</siafi>
  </cep>
  <cep>
    <cep>57018-510</cep>
    <logradouro>Rua Deputado Austeclínio Lopes</logradouro>
    <complemento/>
    <unidade/>
    <bairro>Chã da Jaqueira</bairro>
    <localidade>Maceió</localidade>
    <uf>AL</uf>
    <estado>Alagoas</estado>
    <região/>
    <ibge>2704302</ibge>
    <gia/>
    <ddd>82</ddd>
    <siafi>2785</siafi>
  </cep>
  <cep>
    <cep>57018-534</cep>
    <logradouro>Travessa Jatobá</logradouro>
    <complemento/>
    <unidade/>
    <bairro>Chã da Jaqueira</bairro>
    <localidade>Maceió</localidade>
    <uf>AL</uf>
    <estado>Alagoas</estado>
    <região/>
    <ibge>2704302</ibge>
    <gia/>
    <ddd>82</ddd>
    <siafi>2785</siafi>
  </cep>
  <cep>
    <cep>57018-532</cep>
    <logradouro>Rua Jatobá</logradouro>
    <complemento/>
    <unidade/>
    <bairro>Chã da Jaqueira</bairro>
    <localidade>Maceió</localidade>
    <uf>AL</uf>
    <estado>Alagoas</estado>
    <região/>
    <ibge>2704302</ibge>
    <gia/>
    <ddd>82</ddd>
    <siafi>2785</siafi>
  </cep>
  <cep>
    <cep>57018-536</cep>
    <logradouro>Rua Jequitibá</logradouro>
    <complemento/>
    <unidade/>
    <bairro>Chã da Jaqueira</bairro>
    <localidade>Maceió</localidade>
    <uf>AL</uf>
    <estado>Alagoas</estado>
    <região/>
    <ibge>2704302</ibge>
    <gia/>
    <ddd>82</ddd>
    <siafi>2785</siafi>
  </cep>
  <cep>
    <cep>57018-538</cep>
    <logradouro>2ª Travessa Florestal</logradouro>
    <complemento/>
    <unidade/>
    <bairro>Chã da Jaqueira</bairro>
    <localidade>Maceió</localidade>
    <uf>AL</uf>
    <estado>Alagoas</estado>
    <região/>
    <ibge>2704302</ibge>
    <gia/>
    <ddd>82</ddd>
    <siafi>2785</siafi>
  </cep>
  <cep>
    <cep>57018-525</cep>
    <logradouro>Travessa São Pedro</logradouro>
    <complemento/>
    <unidade/>
    <bairro>Chã da Jaqueira</bairro>
    <localidade>Maceió</localidade>
    <uf>AL</uf>
    <estado>Alagoas</estado>
    <região/>
    <ibge>2704302</ibge>
    <gia/>
    <ddd>82</ddd>
    <siafi>2785</siafi>
  </cep>
  <cep>
    <cep>57018-507</cep>
    <logradouro>2ª Travessa do Arame</logradouro>
    <complemento/>
    <unidade/>
    <bairro>Chã da Jaqueira</bairro>
    <localidade>Maceió</localidade>
    <uf>AL</uf>
    <estado>Alagoas</estado>
    <região/>
    <ibge>2704302</ibge>
    <gia/>
    <ddd>82</ddd>
    <siafi>2785</siafi>
  </cep>
  <cep>
    <cep>57018-544</cep>
    <logradouro>Travessa Pau Brasil</logradouro>
    <complemento/>
    <unidade/>
    <bairro>Chã da Jaqueira</bairro>
    <localidade>Maceió</localidade>
    <uf>AL</uf>
    <estado>Alagoas</estado>
    <região/>
    <ibge>2704302</ibge>
    <gia/>
    <ddd>82</ddd>
    <siafi>2785</siafi>
  </cep>
  <cep>
    <cep>57018-542</cep>
    <logradouro>Rua Pau Brasil</logradouro>
    <complemento/>
    <unidade/>
    <bairro>Chã da Jaqueira</bairro>
    <localidade>Maceió</localidade>
    <uf>AL</uf>
    <estado>Alagoas</estado>
    <região/>
    <ibge>2704302</ibge>
    <gia/>
    <ddd>82</ddd>
    <siafi>2785</siafi>
  </cep>
  <cep>
    <cep>57018-522</cep>
    <logradouro>Rua Cerejeira</logradouro>
    <complemento/>
    <unidade/>
    <bairro>Chã da Jaqueira</bairro>
    <localidade>Maceió</localidade>
    <uf>AL</uf>
    <estado>Alagoas</estado>
    <região/>
    <ibge>2704302</ibge>
    <gia/>
    <ddd>82</ddd>
    <siafi>2785</siafi>
  </cep>
  <cep>
    <cep>57018-551</cep>
    <logradouro>Rua Eduardo de Azevedo Porto</logradouro>
    <complemento>(Cj Mutirão)</complemento>
    <unidade/>
    <bairro>Chã da Jaqueira</bairro>
    <localidade>Maceió</localidade>
    <uf>AL</uf>
    <estado>Alagoas</estado>
    <região/>
    <ibge>2704302</ibge>
    <gia/>
    <ddd>82</ddd>
    <siafi>2785</siafi>
  </cep>
  <cep>
    <cep>57018-503</cep>
    <logradouro>8ª Travessa do Arame</logradouro>
    <complemento/>
    <unidade/>
    <bairro>Chã da Jaqueira</bairro>
    <localidade>Maceió</localidade>
    <uf>AL</uf>
    <estado>Alagoas</estado>
    <região/>
    <ibge>2704302</ibge>
    <gia/>
    <ddd>82</ddd>
    <siafi>2785</siafi>
  </cep>
  <cep>
    <cep>57018-540</cep>
    <logradouro>Rua Doutor Gabriel de Freitas Soares</logradouro>
    <complemento/>
    <unidade/>
    <bairro>Chã da Jaqueira</bairro>
    <localidade>Maceió</localidade>
    <uf>AL</uf>
    <estado>Alagoas</estado>
    <região/>
    <ibge>2704302</ibge>
    <gia/>
    <ddd>82</ddd>
    <siafi>2785</siafi>
  </cep>
  <cep>
    <cep>57018-554</cep>
    <logradouro>Rua Santa Terezinha</logradouro>
    <complemento>(03-04 Cj Mutirão)</complemento>
    <unidade/>
    <bairro>Chã da Jaqueira</bairro>
    <localidade>Maceió</localidade>
    <uf>AL</uf>
    <estado>Alagoas</estado>
    <região/>
    <ibge>2704302</ibge>
    <gia/>
    <ddd>82</ddd>
    <siafi>2785</siafi>
  </cep>
  <cep>
    <cep>57018-501</cep>
    <logradouro>6ª Travessa do Arame</logradouro>
    <complemento/>
    <unidade/>
    <bairro>Chã da Jaqueira</bairro>
    <localidade>Maceió</localidade>
    <uf>AL</uf>
    <estado>Alagoas</estado>
    <região/>
    <ibge>2704302</ibge>
    <gia/>
    <ddd>82</ddd>
    <siafi>2785</siafi>
  </cep>
  <cep>
    <cep>57018-535</cep>
    <logradouro>1ª Travessa Senhor do Bonfim</logradouro>
    <complemento/>
    <unidade/>
    <bairro>Chã da Jaqueira</bairro>
    <localidade>Maceió</localidade>
    <uf>AL</uf>
    <estado>Alagoas</estado>
    <região/>
    <ibge>2704302</ibge>
    <gia/>
    <ddd>82</ddd>
    <siafi>2785</siafi>
  </cep>
  <cep>
    <cep>57018-555</cep>
    <logradouro>Rua Josenalda Garcia de Souza</logradouro>
    <complemento>(Cj Mutirão)</complemento>
    <unidade/>
    <bairro>Chã da Jaqueira</bairro>
    <localidade>Maceió</localidade>
    <uf>AL</uf>
    <estado>Alagoas</estado>
    <região/>
    <ibge>2704302</ibge>
    <gia/>
    <ddd>82</ddd>
    <siafi>2785</siafi>
  </cep>
  <cep>
    <cep>57018-556</cep>
    <logradouro>Rua José Cícero Abdias Bonfim</logradouro>
    <complemento>(Mte Guerr Cicinho)</complemento>
    <unidade/>
    <bairro>Chã da Jaqueira</bairro>
    <localidade>Maceió</localidade>
    <uf>AL</uf>
    <estado>Alagoas</estado>
    <região/>
    <ibge>2704302</ibge>
    <gia/>
    <ddd>82</ddd>
    <siafi>2785</siafi>
  </cep>
  <cep>
    <cep>57018-553</cep>
    <logradouro>Quadra 02-03</logradouro>
    <complemento>(Cj Mutirão)</complemento>
    <unidade/>
    <bairro>Chã da Jaqueira</bairro>
    <localidade>Maceió</localidade>
    <uf>AL</uf>
    <estado>Alagoas</estado>
    <região/>
    <ibge>2704302</ibge>
    <gia/>
    <ddd>82</ddd>
    <siafi>2785</siafi>
  </cep>
  <cep>
    <cep>57018-545</cep>
    <logradouro>Rua Monte Azul</logradouro>
    <complemento/>
    <unidade/>
    <bairro>Chã da Jaqueira</bairro>
    <localidade>Maceió</localidade>
    <uf>AL</uf>
    <estado>Alagoas</estado>
    <região/>
    <ibge>2704302</ibge>
    <gia/>
    <ddd>82</ddd>
    <siafi>2785</siafi>
  </cep>
  <cep>
    <cep>57018-558</cep>
    <logradouro>Rua Santa Bibiana</logradouro>
    <complemento>(Cj Mutirão)</complemento>
    <unidade/>
    <bairro>Chã da Jaqueira</bairro>
    <localidade>Maceió</localidade>
    <uf>AL</uf>
    <estado>Alagoas</estado>
    <região/>
    <ibge>2704302</ibge>
    <gia/>
    <ddd>82</ddd>
    <siafi>2785</siafi>
  </cep>
  <cep>
    <cep>57018-550</cep>
    <logradouro>Rua Governador Lamenha Filho</logradouro>
    <complemento/>
    <unidade/>
    <bairro>Chã da Jaqueira</bairro>
    <localidade>Maceió</localidade>
    <uf>AL</uf>
    <estado>Alagoas</estado>
    <região/>
    <ibge>2704302</ibge>
    <gia/>
    <ddd>82</ddd>
    <siafi>2785</siafi>
  </cep>
  <cep>
    <cep>57018-562</cep>
    <logradouro>Rua Santa Rebeca</logradouro>
    <complemento>(Cj Mutirão)</complemento>
    <unidade/>
    <bairro>Chã da Jaqueira</bairro>
    <localidade>Maceió</localidade>
    <uf>AL</uf>
    <estado>Alagoas</estado>
    <região/>
    <ibge>2704302</ibge>
    <gia/>
    <ddd>82</ddd>
    <siafi>2785</siafi>
  </cep>
  <cep>
    <cep>57018-560</cep>
    <logradouro>Rua Manoel Inácio</logradouro>
    <complemento/>
    <unidade/>
    <bairro>Chã da Jaqueira</bairro>
    <localidade>Maceió</localidade>
    <uf>AL</uf>
    <estado>Alagoas</estado>
    <região/>
    <ibge>2704302</ibge>
    <gia/>
    <ddd>82</ddd>
    <siafi>2785</siafi>
  </cep>
  <cep>
    <cep>57018-561</cep>
    <logradouro>Rua Santa Lourdes</logradouro>
    <complemento>(07 B-08 B)</complemento>
    <unidade/>
    <bairro>Chã da Jaqueira</bairro>
    <localidade>Maceió</localidade>
    <uf>AL</uf>
    <estado>Alagoas</estado>
    <região/>
    <ibge>2704302</ibge>
    <gia/>
    <ddd>82</ddd>
    <siafi>2785</siafi>
  </cep>
  <cep>
    <cep>57018-528</cep>
    <logradouro>Rua Florestal</logradouro>
    <complemento/>
    <unidade/>
    <bairro>Chã da Jaqueira</bairro>
    <localidade>Maceió</localidade>
    <uf>AL</uf>
    <estado>Alagoas</estado>
    <região/>
    <ibge>2704302</ibge>
    <gia/>
    <ddd>82</ddd>
    <siafi>2785</siafi>
  </cep>
  <cep>
    <cep>57018-541</cep>
    <logradouro>Travessa Cabo Claudevan Apolinário</logradouro>
    <complemento/>
    <unidade/>
    <bairro>Chã da Jaqueira</bairro>
    <localidade>Maceió</localidade>
    <uf>AL</uf>
    <estado>Alagoas</estado>
    <região/>
    <ibge>2704302</ibge>
    <gia/>
    <ddd>82</ddd>
    <siafi>2785</siafi>
  </cep>
  <cep>
    <cep>57018-506</cep>
    <logradouro>Rua do Arame</logradouro>
    <complemento/>
    <unidade/>
    <bairro>Chã da Jaqueira</bairro>
    <localidade>Maceió</localidade>
    <uf>AL</uf>
    <estado>Alagoas</estado>
    <região/>
    <ibge>2704302</ibge>
    <gia/>
    <ddd>82</ddd>
    <siafi>2785</siafi>
  </cep>
  <cep>
    <cep>57018-511</cep>
    <logradouro>5ª Travessa do Arame</logradouro>
    <complemento/>
    <unidade/>
    <bairro>Chã da Jaqueira</bairro>
    <localidade>Maceió</localidade>
    <uf>AL</uf>
    <estado>Alagoas</estado>
    <região/>
    <ibge>2704302</ibge>
    <gia/>
    <ddd>82</ddd>
    <siafi>2785</siafi>
  </cep>
  <cep>
    <cep>57018-557</cep>
    <logradouro>Rua São Clemente</logradouro>
    <complemento>(04 A-05 D)</complemento>
    <unidade/>
    <bairro>Chã da Jaqueira</bairro>
    <localidade>Maceió</localidade>
    <uf>AL</uf>
    <estado>Alagoas</estado>
    <região/>
    <ibge>2704302</ibge>
    <gia/>
    <ddd>82</ddd>
    <siafi>2785</siafi>
  </cep>
  <cep>
    <cep>57018-563</cep>
    <logradouro>Rua Zezerita Anselmo de Melo</logradouro>
    <complemento>(Cj Mutirão)</complemento>
    <unidade/>
    <bairro>Chã da Jaqueira</bairro>
    <localidade>Maceió</localidade>
    <uf>AL</uf>
    <estado>Alagoas</estado>
    <região/>
    <ibge>2704302</ibge>
    <gia/>
    <ddd>82</ddd>
    <siafi>2785</siafi>
  </cep>
  <cep>
    <cep>57018-509</cep>
    <logradouro>4ª Travessa do Arame</logradouro>
    <complemento/>
    <unidade/>
    <bairro>Chã da Jaqueira</bairro>
    <localidade>Maceió</localidade>
    <uf>AL</uf>
    <estado>Alagoas</estado>
    <região/>
    <ibge>2704302</ibge>
    <gia/>
    <ddd>82</ddd>
    <siafi>2785</siafi>
  </cep>
  <cep>
    <cep>57018-546</cep>
    <logradouro>Travessa Jequitibá</logradouro>
    <complemento/>
    <unidade/>
    <bairro>Chã da Jaqueira</bairro>
    <localidade>Maceió</localidade>
    <uf>AL</uf>
    <estado>Alagoas</estado>
    <região/>
    <ibge>2704302</ibge>
    <gia/>
    <ddd>82</ddd>
    <siafi>2785</siafi>
  </cep>
  <cep>
    <cep>57018-526</cep>
    <logradouro>2ª Travessa Cerejeira</logradouro>
    <complemento/>
    <unidade/>
    <bairro>Chã da Jaqueira</bairro>
    <localidade>Maceió</localidade>
    <uf>AL</uf>
    <estado>Alagoas</estado>
    <região/>
    <ibge>2704302</ibge>
    <gia/>
    <ddd>82</ddd>
    <siafi>2785</siafi>
  </cep>
  <cep>
    <cep>57018-505</cep>
    <logradouro>1ª Travessa do Arame</logradouro>
    <complemento/>
    <unidade/>
    <bairro>Chã da Jaqueira</bairro>
    <localidade>Maceió</localidade>
    <uf>AL</uf>
    <estado>Alagoas</estado>
    <região/>
    <ibge>2704302</ibge>
    <gia/>
    <ddd>82</ddd>
    <siafi>2785</siafi>
  </cep>
  <cep>
    <cep>57018-565</cep>
    <logradouro>Travessa Manoel Inácio</logradouro>
    <complemento/>
    <unidade/>
    <bairro>Chã da Jaqueira</bairro>
    <localidade>Maceió</localidade>
    <uf>AL</uf>
    <estado>Alagoas</estado>
    <região/>
    <ibge>2704302</ibge>
    <gia/>
    <ddd>82</ddd>
    <siafi>2785</siafi>
  </cep>
  <cep>
    <cep>57018-564</cep>
    <logradouro>Rua Nossa Senhora de Guadalupe</logradouro>
    <complemento>(10B-11B Cj Mutirão)</complemento>
    <unidade/>
    <bairro>Chã da Jaqueira</bairro>
    <localidade>Maceió</localidade>
    <uf>AL</uf>
    <estado>Alagoas</estado>
    <região/>
    <ibge>2704302</ibge>
    <gia/>
    <ddd>82</ddd>
    <siafi>2785</siafi>
  </cep>
  <cep>
    <cep>57018-566</cep>
    <logradouro>Rua Benon Pinto da Silva</logradouro>
    <complemento>(Mte Gerr Benon)</complemento>
    <unidade/>
    <bairro>Chã da Jaqueira</bairro>
    <localidade>Maceió</localidade>
    <uf>AL</uf>
    <estado>Alagoas</estado>
    <região/>
    <ibge>2704302</ibge>
    <gia/>
    <ddd>82</ddd>
    <siafi>2785</siafi>
  </cep>
  <cep>
    <cep>57018-570</cep>
    <logradouro>Avenida Monte Castelo</logradouro>
    <complemento/>
    <unidade/>
    <bairro>Chã da Jaqueira</bairro>
    <localidade>Maceió</localidade>
    <uf>AL</uf>
    <estado>Alagoas</estado>
    <região/>
    <ibge>2704302</ibge>
    <gia/>
    <ddd>82</ddd>
    <siafi>2785</siafi>
  </cep>
  <cep>
    <cep>57018-572</cep>
    <logradouro>Rua Nova</logradouro>
    <complemento>(Cj Luiz Pedro V)</complemento>
    <unidade/>
    <bairro>Chã da Jaqueira</bairro>
    <localidade>Maceió</localidade>
    <uf>AL</uf>
    <estado>Alagoas</estado>
    <região/>
    <ibge>2704302</ibge>
    <gia/>
    <ddd>82</ddd>
    <siafi>2785</siafi>
  </cep>
  <cep>
    <cep>57018-574</cep>
    <logradouro>Rua Decio Almeida</logradouro>
    <complemento>(Cj Luiz Pedro V)</complemento>
    <unidade/>
    <bairro>Chã da Jaqueira</bairro>
    <localidade>Maceió</localidade>
    <uf>AL</uf>
    <estado>Alagoas</estado>
    <região/>
    <ibge>2704302</ibge>
    <gia/>
    <ddd>82</ddd>
    <siafi>2785</siafi>
  </cep>
  <cep>
    <cep>57018-575</cep>
    <logradouro>Travessa Monte Castelo</logradouro>
    <complemento/>
    <unidade/>
    <bairro>Chã da Jaqueira</bairro>
    <localidade>Maceió</localidade>
    <uf>AL</uf>
    <estado>Alagoas</estado>
    <região/>
    <ibge>2704302</ibge>
    <gia/>
    <ddd>82</ddd>
    <siafi>2785</siafi>
  </cep>
  <cep>
    <cep>57018-576</cep>
    <logradouro>Rua José Estevan</logradouro>
    <complemento>(Cj Luiz Pedro V)</complemento>
    <unidade/>
    <bairro>Chã da Jaqueira</bairro>
    <localidade>Maceió</localidade>
    <uf>AL</uf>
    <estado>Alagoas</estado>
    <região/>
    <ibge>2704302</ibge>
    <gia/>
    <ddd>82</ddd>
    <siafi>2785</siafi>
  </cep>
  <cep>
    <cep>57018-578</cep>
    <logradouro>Rua Vereador Braga Neto</logradouro>
    <complemento>(Cj Luiz Pedro V)</complemento>
    <unidade/>
    <bairro>Chã da Jaqueira</bairro>
    <localidade>Maceió</localidade>
    <uf>AL</uf>
    <estado>Alagoas</estado>
    <região/>
    <ibge>2704302</ibge>
    <gia/>
    <ddd>82</ddd>
    <siafi>2785</siafi>
  </cep>
  <cep>
    <cep>57018-580</cep>
    <logradouro>Rua Monte Castelo</logradouro>
    <complemento/>
    <unidade/>
    <bairro>Chã da Jaqueira</bairro>
    <localidade>Maceió</localidade>
    <uf>AL</uf>
    <estado>Alagoas</estado>
    <região/>
    <ibge>2704302</ibge>
    <gia/>
    <ddd>82</ddd>
    <siafi>2785</siafi>
  </cep>
  <cep>
    <cep>57018-582</cep>
    <logradouro>Escadaria Grota Santa Helena</logradouro>
    <complemento/>
    <unidade/>
    <bairro>Chã da Jaqueira</bairro>
    <localidade>Maceió</localidade>
    <uf>AL</uf>
    <estado>Alagoas</estado>
    <região/>
    <ibge>2704302</ibge>
    <gia/>
    <ddd>82</ddd>
    <siafi>2785</siafi>
  </cep>
  <cep>
    <cep>57018-586</cep>
    <logradouro>Rua Ana Paula</logradouro>
    <complemento/>
    <unidade/>
    <bairro>Chã da Jaqueira</bairro>
    <localidade>Maceió</localidade>
    <uf>AL</uf>
    <estado>Alagoas</estado>
    <região/>
    <ibge>2704302</ibge>
    <gia/>
    <ddd>82</ddd>
    <siafi>2785</siafi>
  </cep>
  <cep>
    <cep>57018-585</cep>
    <logradouro>Rua Professor Orlando Lins</logradouro>
    <complemento/>
    <unidade/>
    <bairro>Chã da Jaqueira</bairro>
    <localidade>Maceió</localidade>
    <uf>AL</uf>
    <estado>Alagoas</estado>
    <região/>
    <ibge>2704302</ibge>
    <gia/>
    <ddd>82</ddd>
    <siafi>2785</siafi>
  </cep>
  <cep>
    <cep>57018-590</cep>
    <logradouro>Vila Adolfo</logradouro>
    <complemento/>
    <unidade/>
    <bairro>Chã da Jaqueira</bairro>
    <localidade>Maceió</localidade>
    <uf>AL</uf>
    <estado>Alagoas</estado>
    <região/>
    <ibge>2704302</ibge>
    <gia/>
    <ddd>82</ddd>
    <siafi>2785</siafi>
  </cep>
  <cep>
    <cep>57018-595</cep>
    <logradouro>Rua Deputado João Cabral Tolêdo</logradouro>
    <complemento/>
    <unidade/>
    <bairro>Chã da Jaqueira</bairro>
    <localidade>Maceió</localidade>
    <uf>AL</uf>
    <estado>Alagoas</estado>
    <região/>
    <ibge>2704302</ibge>
    <gia/>
    <ddd>82</ddd>
    <siafi>2785</siafi>
  </cep>
  <cep>
    <cep>57018-620</cep>
    <logradouro>Rua Faustino Silveira</logradouro>
    <complemento>lado par</complemento>
    <unidade/>
    <bairro>Chã de Bebedouro</bairro>
    <localidade>Maceió</localidade>
    <uf>AL</uf>
    <estado>Alagoas</estado>
    <região/>
    <ibge>2704302</ibge>
    <gia/>
    <ddd>82</ddd>
    <siafi>2785</siafi>
  </cep>
  <cep>
    <cep>57018-612</cep>
    <logradouro>Rua Enestina Gomes dos Santos</logradouro>
    <complemento/>
    <unidade/>
    <bairro>Chã de Bebedouro</bairro>
    <localidade>Maceió</localidade>
    <uf>AL</uf>
    <estado>Alagoas</estado>
    <região/>
    <ibge>2704302</ibge>
    <gia/>
    <ddd>82</ddd>
    <siafi>2785</siafi>
  </cep>
  <cep>
    <cep>57018-600</cep>
    <logradouro>Rua São João</logradouro>
    <complemento/>
    <unidade/>
    <bairro>Chã de Bebedouro</bairro>
    <localidade>Maceió</localidade>
    <uf>AL</uf>
    <estado>Alagoas</estado>
    <região/>
    <ibge>2704302</ibge>
    <gia/>
    <ddd>82</ddd>
    <siafi>2785</siafi>
  </cep>
  <cep>
    <cep>57018-601</cep>
    <logradouro>Rua Marquês de Abrantes</logradouro>
    <complemento/>
    <unidade/>
    <bairro>Chã de Bebedouro</bairro>
    <localidade>Maceió</localidade>
    <uf>AL</uf>
    <estado>Alagoas</estado>
    <região/>
    <ibge>2704302</ibge>
    <gia/>
    <ddd>82</ddd>
    <siafi>2785</siafi>
  </cep>
  <cep>
    <cep>57018-605</cep>
    <logradouro>Rua Agamenon Souza Santos</logradouro>
    <complemento/>
    <unidade/>
    <bairro>Chã de Bebedouro</bairro>
    <localidade>Maceió</localidade>
    <uf>AL</uf>
    <estado>Alagoas</estado>
    <região/>
    <ibge>2704302</ibge>
    <gia/>
    <ddd>82</ddd>
    <siafi>2785</siafi>
  </cep>
  <cep>
    <cep>57018-615</cep>
    <logradouro>Rua Promotor Heitor Montenegro Barros</logradouro>
    <complemento/>
    <unidade/>
    <bairro>Chã de Bebedouro</bairro>
    <localidade>Maceió</localidade>
    <uf>AL</uf>
    <estado>Alagoas</estado>
    <região/>
    <ibge>2704302</ibge>
    <gia/>
    <ddd>82</ddd>
    <siafi>2785</siafi>
  </cep>
  <cep>
    <cep>57018-635</cep>
    <logradouro>Rua Nossa Senhora da Conceição</logradouro>
    <complemento/>
    <unidade/>
    <bairro>Chã de Bebedouro</bairro>
    <localidade>Maceió</localidade>
    <uf>AL</uf>
    <estado>Alagoas</estado>
    <região/>
    <ibge>2704302</ibge>
    <gia/>
    <ddd>82</ddd>
    <siafi>2785</siafi>
  </cep>
  <cep>
    <cep>57018-640</cep>
    <logradouro>Travessa Doutor Osvaldo Cruz</logradouro>
    <complemento/>
    <unidade/>
    <bairro>Chã de Bebedouro</bairro>
    <localidade>Maceió</localidade>
    <uf>AL</uf>
    <estado>Alagoas</estado>
    <região/>
    <ibge>2704302</ibge>
    <gia/>
    <ddd>82</ddd>
    <siafi>2785</siafi>
  </cep>
  <cep>
    <cep>57018-660</cep>
    <logradouro>Travessa do Arame</logradouro>
    <complemento/>
    <unidade/>
    <bairro>Chã de Bebedouro</bairro>
    <localidade>Maceió</localidade>
    <uf>AL</uf>
    <estado>Alagoas</estado>
    <região/>
    <ibge>2704302</ibge>
    <gia/>
    <ddd>82</ddd>
    <siafi>2785</siafi>
  </cep>
  <cep>
    <cep>57018-630</cep>
    <logradouro>Rua Doutor Osvaldo Cruz</logradouro>
    <complemento/>
    <unidade/>
    <bairro>Chã de Bebedouro</bairro>
    <localidade>Maceió</localidade>
    <uf>AL</uf>
    <estado>Alagoas</estado>
    <região/>
    <ibge>2704302</ibge>
    <gia/>
    <ddd>82</ddd>
    <siafi>2785</siafi>
  </cep>
  <cep>
    <cep>57018-626</cep>
    <logradouro>Travessa Faustino Silveira</logradouro>
    <complemento/>
    <unidade/>
    <bairro>Chã de Bebedouro</bairro>
    <localidade>Maceió</localidade>
    <uf>AL</uf>
    <estado>Alagoas</estado>
    <região/>
    <ibge>2704302</ibge>
    <gia/>
    <ddd>82</ddd>
    <siafi>2785</siafi>
  </cep>
  <cep>
    <cep>57018-625</cep>
    <logradouro>Rua Anísio Freitas Costa</logradouro>
    <complemento/>
    <unidade/>
    <bairro>Chã de Bebedouro</bairro>
    <localidade>Maceió</localidade>
    <uf>AL</uf>
    <estado>Alagoas</estado>
    <região/>
    <ibge>2704302</ibge>
    <gia/>
    <ddd>82</ddd>
    <siafi>2785</siafi>
  </cep>
  <cep>
    <cep>57018-637</cep>
    <logradouro>Rua Alto da Boa Vista</logradouro>
    <complemento/>
    <unidade/>
    <bairro>Chã de Bebedouro</bairro>
    <localidade>Maceió</localidade>
    <uf>AL</uf>
    <estado>Alagoas</estado>
    <região/>
    <ibge>2704302</ibge>
    <gia/>
    <ddd>82</ddd>
    <siafi>2785</siafi>
  </cep>
  <cep>
    <cep>57018-645</cep>
    <logradouro>Travessa Nossa Senhora da Conceição</logradouro>
    <complemento/>
    <unidade/>
    <bairro>Chã de Bebedouro</bairro>
    <localidade>Maceió</localidade>
    <uf>AL</uf>
    <estado>Alagoas</estado>
    <região/>
    <ibge>2704302</ibge>
    <gia/>
    <ddd>82</ddd>
    <siafi>2785</siafi>
  </cep>
  <cep>
    <cep>57018-662</cep>
    <logradouro>2ª Travessa do Arame</logradouro>
    <complemento/>
    <unidade/>
    <bairro>Chã de Bebedouro</bairro>
    <localidade>Maceió</localidade>
    <uf>AL</uf>
    <estado>Alagoas</estado>
    <região/>
    <ibge>2704302</ibge>
    <gia/>
    <ddd>82</ddd>
    <siafi>2785</siafi>
  </cep>
  <cep>
    <cep>57018-665</cep>
    <logradouro>Rua Santa Ana</logradouro>
    <complemento/>
    <unidade/>
    <bairro>Chã de Bebedouro</bairro>
    <localidade>Maceió</localidade>
    <uf>AL</uf>
    <estado>Alagoas</estado>
    <região/>
    <ibge>2704302</ibge>
    <gia/>
    <ddd>82</ddd>
    <siafi>2785</siafi>
  </cep>
  <cep>
    <cep>57018-670</cep>
    <logradouro>Rua Benedito Lins da Trindade</logradouro>
    <complemento/>
    <unidade/>
    <bairro>Chã de Bebedouro</bairro>
    <localidade>Maceió</localidade>
    <uf>AL</uf>
    <estado>Alagoas</estado>
    <região/>
    <ibge>2704302</ibge>
    <gia/>
    <ddd>82</ddd>
    <siafi>2785</siafi>
  </cep>
  <cep>
    <cep>57018-675</cep>
    <logradouro>Vila São Vicente</logradouro>
    <complemento/>
    <unidade/>
    <bairro>Chã de Bebedouro</bairro>
    <localidade>Maceió</localidade>
    <uf>AL</uf>
    <estado>Alagoas</estado>
    <região/>
    <ibge>2704302</ibge>
    <gia/>
    <ddd>82</ddd>
    <siafi>2785</siafi>
  </cep>
  <cep>
    <cep>57018-680</cep>
    <logradouro>Rua Boa Vista</logradouro>
    <complemento/>
    <unidade/>
    <bairro>Chã de Bebedouro</bairro>
    <localidade>Maceió</localidade>
    <uf>AL</uf>
    <estado>Alagoas</estado>
    <região/>
    <ibge>2704302</ibge>
    <gia/>
    <ddd>82</ddd>
    <siafi>2785</siafi>
  </cep>
  <cep>
    <cep>57018-685</cep>
    <logradouro>Conjunto Nossa Senhora do Amparo</logradouro>
    <complemento/>
    <unidade/>
    <bairro>Chã de Bebedouro</bairro>
    <localidade>Maceió</localidade>
    <uf>AL</uf>
    <estado>Alagoas</estado>
    <região/>
    <ibge>2704302</ibge>
    <gia/>
    <ddd>82</ddd>
    <siafi>2785</siafi>
  </cep>
  <cep>
    <cep>57018-695</cep>
    <logradouro>2ª Travessa Osvaldo Cruz</logradouro>
    <complemento/>
    <unidade/>
    <bairro>Chã de Bebedouro</bairro>
    <localidade>Maceió</localidade>
    <uf>AL</uf>
    <estado>Alagoas</estado>
    <região/>
    <ibge>2704302</ibge>
    <gia/>
    <ddd>82</ddd>
    <siafi>2785</siafi>
  </cep>
  <cep>
    <cep>57018-740</cep>
    <logradouro>Travessa José Guedes</logradouro>
    <complemento/>
    <unidade/>
    <bairro>Chã de Bebedouro</bairro>
    <localidade>Maceió</localidade>
    <uf>AL</uf>
    <estado>Alagoas</estado>
    <região/>
    <ibge>2704302</ibge>
    <gia/>
    <ddd>82</ddd>
    <siafi>2785</siafi>
  </cep>
  <cep>
    <cep>57018-710</cep>
    <logradouro>Rua Dona Elza Miranda Viana</logradouro>
    <complemento/>
    <unidade/>
    <bairro>Chã de Bebedouro</bairro>
    <localidade>Maceió</localidade>
    <uf>AL</uf>
    <estado>Alagoas</estado>
    <região/>
    <ibge>2704302</ibge>
    <gia/>
    <ddd>82</ddd>
    <siafi>2785</siafi>
  </cep>
  <cep>
    <cep>57018-800</cep>
    <logradouro>Rua das Palmeiras</logradouro>
    <complemento/>
    <unidade/>
    <bairro>Chã de Bebedouro</bairro>
    <localidade>Maceió</localidade>
    <uf>AL</uf>
    <estado>Alagoas</estado>
    <região/>
    <ibge>2704302</ibge>
    <gia/>
    <ddd>82</ddd>
    <siafi>2785</siafi>
  </cep>
  <cep>
    <cep>57018-810</cep>
    <logradouro>Rua dos Prazeres</logradouro>
    <complemento/>
    <unidade/>
    <bairro>Chã de Bebedouro</bairro>
    <localidade>Maceió</localidade>
    <uf>AL</uf>
    <estado>Alagoas</estado>
    <região/>
    <ibge>2704302</ibge>
    <gia/>
    <ddd>82</ddd>
    <siafi>2785</siafi>
  </cep>
  <cep>
    <cep>57018-820</cep>
    <logradouro>Travessa dos Prazeres</logradouro>
    <complemento/>
    <unidade/>
    <bairro>Chã de Bebedouro</bairro>
    <localidade>Maceió</localidade>
    <uf>AL</uf>
    <estado>Alagoas</estado>
    <região/>
    <ibge>2704302</ibge>
    <gia/>
    <ddd>82</ddd>
    <siafi>2785</siafi>
  </cep>
  <cep>
    <cep>57018-830</cep>
    <logradouro>Ladeira Professor Benedito Silva</logradouro>
    <complemento>de 134/135 ao fim</complemento>
    <unidade/>
    <bairro>Chã de Bebedouro</bairro>
    <localidade>Maceió</localidade>
    <uf>AL</uf>
    <estado>Alagoas</estado>
    <região/>
    <ibge>2704302</ibge>
    <gia/>
    <ddd>82</ddd>
    <siafi>2785</siafi>
  </cep>
  <cep>
    <cep>57018-690</cep>
    <logradouro>Vila Brasil</logradouro>
    <complemento/>
    <unidade/>
    <bairro>Chã de Bebedouro</bairro>
    <localidade>Maceió</localidade>
    <uf>AL</uf>
    <estado>Alagoas</estado>
    <região/>
    <ibge>2704302</ibge>
    <gia/>
    <ddd>82</ddd>
    <siafi>2785</siafi>
  </cep>
  <cep>
    <cep>57018-700</cep>
    <logradouro>Rua Vereador Bruno Ferrari</logradouro>
    <complemento/>
    <unidade/>
    <bairro>Chã de Bebedouro</bairro>
    <localidade>Maceió</localidade>
    <uf>AL</uf>
    <estado>Alagoas</estado>
    <região/>
    <ibge>2704302</ibge>
    <gia/>
    <ddd>82</ddd>
    <siafi>2785</siafi>
  </cep>
  <cep>
    <cep>57018-840</cep>
    <logradouro>Rua Santo Amaro</logradouro>
    <complemento/>
    <unidade/>
    <bairro>Chã de Bebedouro</bairro>
    <localidade>Maceió</localidade>
    <uf>AL</uf>
    <estado>Alagoas</estado>
    <região/>
    <ibge>2704302</ibge>
    <gia/>
    <ddd>82</ddd>
    <siafi>2785</siafi>
  </cep>
  <cep>
    <cep>57018-764</cep>
    <logradouro>Rua Capitão Leite</logradouro>
    <complemento/>
    <unidade/>
    <bairro>Chã de Bebedouro</bairro>
    <localidade>Maceió</localidade>
    <uf>AL</uf>
    <estado>Alagoas</estado>
    <região/>
    <ibge>2704302</ibge>
    <gia/>
    <ddd>82</ddd>
    <siafi>2785</siafi>
  </cep>
  <cep>
    <cep>57018-730</cep>
    <logradouro>Rua Doutor Jefferson de Lima Araújo</logradouro>
    <complemento/>
    <unidade/>
    <bairro>Chã de Bebedouro</bairro>
    <localidade>Maceió</localidade>
    <uf>AL</uf>
    <estado>Alagoas</estado>
    <região/>
    <ibge>2704302</ibge>
    <gia/>
    <ddd>82</ddd>
    <siafi>2785</siafi>
  </cep>
  <cep>
    <cep>57018-720</cep>
    <logradouro>Rua do Ipiranga</logradouro>
    <complemento/>
    <unidade/>
    <bairro>Chã de Bebedouro</bairro>
    <localidade>Maceió</localidade>
    <uf>AL</uf>
    <estado>Alagoas</estado>
    <região/>
    <ibge>2704302</ibge>
    <gia/>
    <ddd>82</ddd>
    <siafi>2785</siafi>
  </cep>
  <cep>
    <cep>57018-762</cep>
    <logradouro>Ladeira da Bomba</logradouro>
    <complemento/>
    <unidade/>
    <bairro>Chã de Bebedouro</bairro>
    <localidade>Maceió</localidade>
    <uf>AL</uf>
    <estado>Alagoas</estado>
    <região/>
    <ibge>2704302</ibge>
    <gia/>
    <ddd>82</ddd>
    <siafi>2785</siafi>
  </cep>
  <cep>
    <cep>57018-780</cep>
    <logradouro>Rua Dona Maria José Cavalcante</logradouro>
    <complemento/>
    <unidade/>
    <bairro>Chã de Bebedouro</bairro>
    <localidade>Maceió</localidade>
    <uf>AL</uf>
    <estado>Alagoas</estado>
    <região/>
    <ibge>2704302</ibge>
    <gia/>
    <ddd>82</ddd>
    <siafi>2785</siafi>
  </cep>
  <cep>
    <cep>57018-790</cep>
    <logradouro>Travessa Nova</logradouro>
    <complemento/>
    <unidade/>
    <bairro>Chã de Bebedouro</bairro>
    <localidade>Maceió</localidade>
    <uf>AL</uf>
    <estado>Alagoas</estado>
    <região/>
    <ibge>2704302</ibge>
    <gia/>
    <ddd>82</ddd>
    <siafi>2785</siafi>
  </cep>
  <cep>
    <cep>57018-760</cep>
    <logradouro>Rua Manoel Parentes</logradouro>
    <complemento/>
    <unidade/>
    <bairro>Chã de Bebedouro</bairro>
    <localidade>Maceió</localidade>
    <uf>AL</uf>
    <estado>Alagoas</estado>
    <região/>
    <ibge>2704302</ibge>
    <gia/>
    <ddd>82</ddd>
    <siafi>2785</siafi>
  </cep>
  <cep>
    <cep>57018-850</cep>
    <logradouro>Travessa Santo Amaro</logradouro>
    <complemento/>
    <unidade/>
    <bairro>Chã de Bebedouro</bairro>
    <localidade>Maceió</localidade>
    <uf>AL</uf>
    <estado>Alagoas</estado>
    <região/>
    <ibge>2704302</ibge>
    <gia/>
    <ddd>82</ddd>
    <siafi>2785</siafi>
  </cep>
  <cep>
    <cep>57018-705</cep>
    <logradouro>Rua Ana Sampaio Lins</logradouro>
    <complemento/>
    <unidade/>
    <bairro>Chã de Bebedouro</bairro>
    <localidade>Maceió</localidade>
    <uf>AL</uf>
    <estado>Alagoas</estado>
    <região/>
    <ibge>2704302</ibge>
    <gia/>
    <ddd>82</ddd>
    <siafi>2785</siafi>
  </cep>
  <cep>
    <cep>57018-770</cep>
    <logradouro>Travessa Manoel Parentes</logradouro>
    <complemento/>
    <unidade/>
    <bairro>Chã de Bebedouro</bairro>
    <localidade>Maceió</localidade>
    <uf>AL</uf>
    <estado>Alagoas</estado>
    <região/>
    <ibge>2704302</ibge>
    <gia/>
    <ddd>82</ddd>
    <siafi>2785</siafi>
  </cep>
  <cep>
    <cep>57018-870</cep>
    <logradouro>Travessa São José</logradouro>
    <complemento/>
    <unidade/>
    <bairro>Chã de Bebedouro</bairro>
    <localidade>Maceió</localidade>
    <uf>AL</uf>
    <estado>Alagoas</estado>
    <região/>
    <ibge>2704302</ibge>
    <gia/>
    <ddd>82</ddd>
    <siafi>2785</siafi>
  </cep>
  <cep>
    <cep>57018-880</cep>
    <logradouro>Rua Virgílio Maurício da Rocha</logradouro>
    <complemento/>
    <unidade/>
    <bairro>Chã de Bebedouro</bairro>
    <localidade>Maceió</localidade>
    <uf>AL</uf>
    <estado>Alagoas</estado>
    <região/>
    <ibge>2704302</ibge>
    <gia/>
    <ddd>82</ddd>
    <siafi>2785</siafi>
  </cep>
  <cep>
    <cep>57018-860</cep>
    <logradouro>Rua São José</logradouro>
    <complemento/>
    <unidade/>
    <bairro>Chã de Bebedouro</bairro>
    <localidade>Maceió</localidade>
    <uf>AL</uf>
    <estado>Alagoas</estado>
    <região/>
    <ibge>2704302</ibge>
    <gia/>
    <ddd>82</ddd>
    <siafi>2785</siafi>
  </cep>
  <cep>
    <cep>57018-890</cep>
    <logradouro>3ª Travessa São José</logradouro>
    <complemento/>
    <unidade/>
    <bairro>Chã de Bebedouro</bairro>
    <localidade>Maceió</localidade>
    <uf>AL</uf>
    <estado>Alagoas</estado>
    <região/>
    <ibge>2704302</ibge>
    <gia/>
    <ddd>82</ddd>
    <siafi>2785</siafi>
  </cep>
  <cep>
    <cep>57020-020</cep>
    <logradouro>Rua Fernandes de Barros</logradouro>
    <complemento/>
    <unidade/>
    <bairro>Centro</bairro>
    <localidade>Maceió</localidade>
    <uf>AL</uf>
    <estado>Alagoas</estado>
    <região/>
    <ibge>2704302</ibge>
    <gia/>
    <ddd>82</ddd>
    <siafi>2785</siafi>
  </cep>
  <cep>
    <cep>57020-010</cep>
    <logradouro>Rua Augusta</logradouro>
    <complemento/>
    <unidade/>
    <bairro>Centro</bairro>
    <localidade>Maceió</localidade>
    <uf>AL</uf>
    <estado>Alagoas</estado>
    <região/>
    <ibge>2704302</ibge>
    <gia/>
    <ddd>82</ddd>
    <siafi>2785</siafi>
  </cep>
  <cep>
    <cep>57020-000</cep>
    <logradouro>Rua do Comércio</logradouro>
    <complemento/>
    <unidade/>
    <bairro>Centro</bairro>
    <localidade>Maceió</localidade>
    <uf>AL</uf>
    <estado>Alagoas</estado>
    <região/>
    <ibge>2704302</ibge>
    <gia/>
    <ddd>82</ddd>
    <siafi>2785</siafi>
  </cep>
  <cep>
    <cep>57020-030</cep>
    <logradouro>Rua do Livramento</logradouro>
    <complemento/>
    <unidade/>
    <bairro>Centro</bairro>
    <localidade>Maceió</localidade>
    <uf>AL</uf>
    <estado>Alagoas</estado>
    <região/>
    <ibge>2704302</ibge>
    <gia/>
    <ddd>82</ddd>
    <siafi>2785</siafi>
  </cep>
  <cep>
    <cep>57020-040</cep>
    <logradouro>Praça Marechal Deodoro</logradouro>
    <complemento/>
    <unidade/>
    <bairro>Centro</bairro>
    <localidade>Maceió</localidade>
    <uf>AL</uf>
    <estado>Alagoas</estado>
    <região/>
    <ibge>2704302</ibge>
    <gia/>
    <ddd>82</ddd>
    <siafi>2785</siafi>
  </cep>
  <cep>
    <cep>57020-050</cep>
    <logradouro>Rua Cincinato Pinto</logradouro>
    <complemento/>
    <unidade/>
    <bairro>Centro</bairro>
    <localidade>Maceió</localidade>
    <uf>AL</uf>
    <estado>Alagoas</estado>
    <região/>
    <ibge>2704302</ibge>
    <gia/>
    <ddd>82</ddd>
    <siafi>2785</siafi>
  </cep>
  <cep>
    <cep>57020-074</cep>
    <logradouro>Ladeira Adolfo Guimarães</logradouro>
    <complemento>lado ímpar</complemento>
    <unidade/>
    <bairro>Centro</bairro>
    <localidade>Maceió</localidade>
    <uf>AL</uf>
    <estado>Alagoas</estado>
    <região/>
    <ibge>2704302</ibge>
    <gia/>
    <ddd>82</ddd>
    <siafi>2785</siafi>
  </cep>
  <cep>
    <cep>57020-065</cep>
    <logradouro>Ladeira do Brito</logradouro>
    <complemento>até 121/122</complemento>
    <unidade/>
    <bairro>Centro</bairro>
    <localidade>Maceió</localidade>
    <uf>AL</uf>
    <estado>Alagoas</estado>
    <região/>
    <ibge>2704302</ibge>
    <gia/>
    <ddd>82</ddd>
    <siafi>2785</siafi>
  </cep>
  <cep>
    <cep>57020-080</cep>
    <logradouro>Rua José Bonifácio</logradouro>
    <complemento/>
    <unidade/>
    <bairro>Centro</bairro>
    <localidade>Maceió</localidade>
    <uf>AL</uf>
    <estado>Alagoas</estado>
    <região/>
    <ibge>2704302</ibge>
    <gia/>
    <ddd>82</ddd>
    <siafi>2785</siafi>
  </cep>
  <cep>
    <cep>57020-060</cep>
    <logradouro>Ladeira Engenheiro Antônio Guedes Nogueira</logradouro>
    <complemento/>
    <unidade/>
    <bairro>Centro</bairro>
    <localidade>Maceió</localidade>
    <uf>AL</uf>
    <estado>Alagoas</estado>
    <região/>
    <ibge>2704302</ibge>
    <gia/>
    <ddd>82</ddd>
    <siafi>2785</siafi>
  </cep>
  <cep>
    <cep>57020-070</cep>
    <logradouro>Rua do Sol</logradouro>
    <complemento/>
    <unidade/>
    <bairro>Centro</bairro>
    <localidade>Maceió</localidade>
    <uf>AL</uf>
    <estado>Alagoas</estado>
    <região/>
    <ibge>2704302</ibge>
    <gia/>
    <ddd>82</ddd>
    <siafi>2785</siafi>
  </cep>
  <cep>
    <cep>57020-082</cep>
    <logradouro>Avenida Doutor Francisco de Menezes</logradouro>
    <complemento>até 962 - lado par</complemento>
    <unidade/>
    <bairro>Centro</bairro>
    <localidade>Maceió</localidade>
    <uf>AL</uf>
    <estado>Alagoas</estado>
    <região/>
    <ibge>2704302</ibge>
    <gia/>
    <ddd>82</ddd>
    <siafi>2785</siafi>
  </cep>
  <cep>
    <cep>57020-120</cep>
    <logradouro>Rua Dois de Dezembro</logradouro>
    <complemento/>
    <unidade/>
    <bairro>Centro</bairro>
    <localidade>Maceió</localidade>
    <uf>AL</uf>
    <estado>Alagoas</estado>
    <região/>
    <ibge>2704302</ibge>
    <gia/>
    <ddd>82</ddd>
    <siafi>2785</siafi>
  </cep>
  <cep>
    <cep>57020-088</cep>
    <logradouro>Avenida Governador Afrânio Lages</logradouro>
    <complemento>lado par</complemento>
    <unidade/>
    <bairro>Centro</bairro>
    <localidade>Maceió</localidade>
    <uf>AL</uf>
    <estado>Alagoas</estado>
    <região/>
    <ibge>2704302</ibge>
    <gia/>
    <ddd>82</ddd>
    <siafi>2785</siafi>
  </cep>
  <cep>
    <cep>57020-084</cep>
    <logradouro>1ª Travessa Francisco de Menezes</logradouro>
    <complemento/>
    <unidade/>
    <bairro>Centro</bairro>
    <localidade>Maceió</localidade>
    <uf>AL</uf>
    <estado>Alagoas</estado>
    <região/>
    <ibge>2704302</ibge>
    <gia/>
    <ddd>82</ddd>
    <siafi>2785</siafi>
  </cep>
  <cep>
    <cep>57020-091</cep>
    <logradouro>Rua General Hermes</logradouro>
    <complemento>até 610/611</complemento>
    <unidade/>
    <bairro>Centro</bairro>
    <localidade>Maceió</localidade>
    <uf>AL</uf>
    <estado>Alagoas</estado>
    <região/>
    <ibge>2704302</ibge>
    <gia/>
    <ddd>82</ddd>
    <siafi>2785</siafi>
  </cep>
  <cep>
    <cep>57020-086</cep>
    <logradouro>2ª Travessa Francisco de Menezes</logradouro>
    <complemento/>
    <unidade/>
    <bairro>Centro</bairro>
    <localidade>Maceió</localidade>
    <uf>AL</uf>
    <estado>Alagoas</estado>
    <região/>
    <ibge>2704302</ibge>
    <gia/>
    <ddd>82</ddd>
    <siafi>2785</siafi>
  </cep>
  <cep>
    <cep>57020-150</cep>
    <logradouro>Praça Governador Adhemar de Barros</logradouro>
    <complemento/>
    <unidade/>
    <bairro>Centro</bairro>
    <localidade>Maceió</localidade>
    <uf>AL</uf>
    <estado>Alagoas</estado>
    <região/>
    <ibge>2704302</ibge>
    <gia/>
    <ddd>82</ddd>
    <siafi>2785</siafi>
  </cep>
  <cep>
    <cep>57020-100</cep>
    <logradouro>Rua Professor Domingos Moeda</logradouro>
    <complemento/>
    <unidade/>
    <bairro>Centro</bairro>
    <localidade>Maceió</localidade>
    <uf>AL</uf>
    <estado>Alagoas</estado>
    <região/>
    <ibge>2704302</ibge>
    <gia/>
    <ddd>82</ddd>
    <siafi>2785</siafi>
  </cep>
  <cep>
    <cep>57020-093</cep>
    <logradouro>Rua Emanoel Pedro de Farias Costa</logradouro>
    <complemento/>
    <unidade/>
    <bairro>Centro</bairro>
    <localidade>Maceió</localidade>
    <uf>AL</uf>
    <estado>Alagoas</estado>
    <região/>
    <ibge>2704302</ibge>
    <gia/>
    <ddd>82</ddd>
    <siafi>2785</siafi>
  </cep>
  <cep>
    <cep>57020-125</cep>
    <logradouro>Ladeira da Catedral</logradouro>
    <complemento/>
    <unidade/>
    <bairro>Centro</bairro>
    <localidade>Maceió</localidade>
    <uf>AL</uf>
    <estado>Alagoas</estado>
    <região/>
    <ibge>2704302</ibge>
    <gia/>
    <ddd>82</ddd>
    <siafi>2785</siafi>
  </cep>
  <cep>
    <cep>57020-170</cep>
    <logradouro>Largo Dom Henrique Soares da Costa</logradouro>
    <complemento/>
    <unidade/>
    <bairro>Centro</bairro>
    <localidade>Maceió</localidade>
    <uf>AL</uf>
    <estado>Alagoas</estado>
    <região/>
    <ibge>2704302</ibge>
    <gia/>
    <ddd>82</ddd>
    <siafi>2785</siafi>
  </cep>
  <cep>
    <cep>57020-095</cep>
    <logradouro>Ladeira dos Martírios</logradouro>
    <complemento/>
    <unidade/>
    <bairro>Centro</bairro>
    <localidade>Maceió</localidade>
    <uf>AL</uf>
    <estado>Alagoas</estado>
    <região/>
    <ibge>2704302</ibge>
    <gia/>
    <ddd>82</ddd>
    <siafi>2785</siafi>
  </cep>
  <cep>
    <cep>57020-190</cep>
    <logradouro>Rua Oliveira e Silva</logradouro>
    <complemento/>
    <unidade/>
    <bairro>Centro</bairro>
    <localidade>Maceió</localidade>
    <uf>AL</uf>
    <estado>Alagoas</estado>
    <região/>
    <ibge>2704302</ibge>
    <gia/>
    <ddd>82</ddd>
    <siafi>2785</siafi>
  </cep>
  <cep>
    <cep>57020-180</cep>
    <logradouro>Ladeira Manoel Ramalho de Azevedo</logradouro>
    <complemento/>
    <unidade/>
    <bairro>Centro</bairro>
    <localidade>Maceió</localidade>
    <uf>AL</uf>
    <estado>Alagoas</estado>
    <região/>
    <ibge>2704302</ibge>
    <gia/>
    <ddd>82</ddd>
    <siafi>2785</siafi>
  </cep>
  <cep>
    <cep>57020-130</cep>
    <logradouro>Praça Dom Pedro II</logradouro>
    <complemento/>
    <unidade/>
    <bairro>Centro</bairro>
    <localidade>Maceió</localidade>
    <uf>AL</uf>
    <estado>Alagoas</estado>
    <região/>
    <ibge>2704302</ibge>
    <gia/>
    <ddd>82</ddd>
    <siafi>2785</siafi>
  </cep>
  <cep>
    <cep>57020-200</cep>
    <logradouro>Beco São José</logradouro>
    <complemento/>
    <unidade/>
    <bairro>Centro</bairro>
    <localidade>Maceió</localidade>
    <uf>AL</uf>
    <estado>Alagoas</estado>
    <região/>
    <ibge>2704302</ibge>
    <gia/>
    <ddd>82</ddd>
    <siafi>2785</siafi>
  </cep>
  <cep>
    <cep>57020-140</cep>
    <logradouro>Rua Doutor Luis Pontes de Miranda</logradouro>
    <complemento/>
    <unidade/>
    <bairro>Centro</bairro>
    <localidade>Maceió</localidade>
    <uf>AL</uf>
    <estado>Alagoas</estado>
    <região/>
    <ibge>2704302</ibge>
    <gia/>
    <ddd>82</ddd>
    <siafi>2785</siafi>
  </cep>
  <cep>
    <cep>57020-110</cep>
    <logradouro>Rua Boa Vista</logradouro>
    <complemento/>
    <unidade/>
    <bairro>Centro</bairro>
    <localidade>Maceió</localidade>
    <uf>AL</uf>
    <estado>Alagoas</estado>
    <região/>
    <ibge>2704302</ibge>
    <gia/>
    <ddd>82</ddd>
    <siafi>2785</siafi>
  </cep>
  <cep>
    <cep>57020-097</cep>
    <logradouro>Avenida Moreira e Silva</logradouro>
    <complemento>até 55/56</complemento>
    <unidade/>
    <bairro>Centro</bairro>
    <localidade>Maceió</localidade>
    <uf>AL</uf>
    <estado>Alagoas</estado>
    <região/>
    <ibge>2704302</ibge>
    <gia/>
    <ddd>82</ddd>
    <siafi>2785</siafi>
  </cep>
  <cep>
    <cep>57020-220</cep>
    <logradouro>Avenida Moreira Lima</logradouro>
    <complemento/>
    <unidade/>
    <bairro>Centro</bairro>
    <localidade>Maceió</localidade>
    <uf>AL</uf>
    <estado>Alagoas</estado>
    <região/>
    <ibge>2704302</ibge>
    <gia/>
    <ddd>82</ddd>
    <siafi>2785</siafi>
  </cep>
  <cep>
    <cep>57020-210</cep>
    <logradouro>Rua Barão de Alagoas</logradouro>
    <complemento>até 452/453</complemento>
    <unidade/>
    <bairro>Centro</bairro>
    <localidade>Maceió</localidade>
    <uf>AL</uf>
    <estado>Alagoas</estado>
    <região/>
    <ibge>2704302</ibge>
    <gia/>
    <ddd>82</ddd>
    <siafi>2785</siafi>
  </cep>
  <cep>
    <cep>57020-260</cep>
    <logradouro>Rua Doutor Guedes Gondim</logradouro>
    <complemento/>
    <unidade/>
    <bairro>Centro</bairro>
    <localidade>Maceió</localidade>
    <uf>AL</uf>
    <estado>Alagoas</estado>
    <região/>
    <ibge>2704302</ibge>
    <gia/>
    <ddd>82</ddd>
    <siafi>2785</siafi>
  </cep>
  <cep>
    <cep>57020-255</cep>
    <logradouro>Travessa Dias Cabral</logradouro>
    <complemento/>
    <unidade/>
    <bairro>Centro</bairro>
    <localidade>Maceió</localidade>
    <uf>AL</uf>
    <estado>Alagoas</estado>
    <região/>
    <ibge>2704302</ibge>
    <gia/>
    <ddd>82</ddd>
    <siafi>2785</siafi>
  </cep>
  <cep>
    <cep>57020-240</cep>
    <logradouro>Rua Comendador Teixeira Bastos</logradouro>
    <complemento>até 149/150</complemento>
    <unidade/>
    <bairro>Centro</bairro>
    <localidade>Maceió</localidade>
    <uf>AL</uf>
    <estado>Alagoas</estado>
    <região/>
    <ibge>2704302</ibge>
    <gia/>
    <ddd>82</ddd>
    <siafi>2785</siafi>
  </cep>
  <cep>
    <cep>57020-250</cep>
    <logradouro>Rua Dias Cabral</logradouro>
    <complemento>até 559/560</complemento>
    <unidade/>
    <bairro>Centro</bairro>
    <localidade>Maceió</localidade>
    <uf>AL</uf>
    <estado>Alagoas</estado>
    <região/>
    <ibge>2704302</ibge>
    <gia/>
    <ddd>82</ddd>
    <siafi>2785</siafi>
  </cep>
  <cep>
    <cep>57020-275</cep>
    <logradouro>Praça do Pirulito</logradouro>
    <complemento>lado ímpar</complemento>
    <unidade/>
    <bairro>Centro</bairro>
    <localidade>Maceió</localidade>
    <uf>AL</uf>
    <estado>Alagoas</estado>
    <região/>
    <ibge>2704302</ibge>
    <gia/>
    <ddd>82</ddd>
    <siafi>2785</siafi>
  </cep>
  <cep>
    <cep>57020-305</cep>
    <logradouro>Vila Vieira Perdigão</logradouro>
    <complemento/>
    <unidade/>
    <bairro>Centro</bairro>
    <localidade>Maceió</localidade>
    <uf>AL</uf>
    <estado>Alagoas</estado>
    <região/>
    <ibge>2704302</ibge>
    <gia/>
    <ddd>82</ddd>
    <siafi>2785</siafi>
  </cep>
  <cep>
    <cep>57020-301</cep>
    <logradouro>Avenida Vieira Perdigão</logradouro>
    <complemento>lado ímpar</complemento>
    <unidade/>
    <bairro>Centro</bairro>
    <localidade>Maceió</localidade>
    <uf>AL</uf>
    <estado>Alagoas</estado>
    <região/>
    <ibge>2704302</ibge>
    <gia/>
    <ddd>82</ddd>
    <siafi>2785</siafi>
  </cep>
  <cep>
    <cep>57020-285</cep>
    <logradouro>Rua Emílio de Maia</logradouro>
    <complemento/>
    <unidade/>
    <bairro>Centro</bairro>
    <localidade>Maceió</localidade>
    <uf>AL</uf>
    <estado>Alagoas</estado>
    <região/>
    <ibge>2704302</ibge>
    <gia/>
    <ddd>82</ddd>
    <siafi>2785</siafi>
  </cep>
  <cep>
    <cep>57020-320</cep>
    <logradouro>Rua da Alegria</logradouro>
    <complemento/>
    <unidade/>
    <bairro>Centro</bairro>
    <localidade>Maceió</localidade>
    <uf>AL</uf>
    <estado>Alagoas</estado>
    <região/>
    <ibge>2704302</ibge>
    <gia/>
    <ddd>82</ddd>
    <siafi>2785</siafi>
  </cep>
  <cep>
    <cep>57020-385</cep>
    <logradouro>Rua Coronel Mendes da Fonseca</logradouro>
    <complemento>até 575/576</complemento>
    <unidade/>
    <bairro>Centro</bairro>
    <localidade>Maceió</localidade>
    <uf>AL</uf>
    <estado>Alagoas</estado>
    <região/>
    <ibge>2704302</ibge>
    <gia/>
    <ddd>82</ddd>
    <siafi>2785</siafi>
  </cep>
  <cep>
    <cep>57020-390</cep>
    <logradouro>Travessa Gabino Bezouro</logradouro>
    <complemento/>
    <unidade/>
    <bairro>Centro</bairro>
    <localidade>Maceió</localidade>
    <uf>AL</uf>
    <estado>Alagoas</estado>
    <região/>
    <ibge>2704302</ibge>
    <gia/>
    <ddd>82</ddd>
    <siafi>2785</siafi>
  </cep>
  <cep>
    <cep>57020-360</cep>
    <logradouro>Rua Barão de Maceió</logradouro>
    <complemento/>
    <unidade/>
    <bairro>Centro</bairro>
    <localidade>Maceió</localidade>
    <uf>AL</uf>
    <estado>Alagoas</estado>
    <região/>
    <ibge>2704302</ibge>
    <gia/>
    <ddd>82</ddd>
    <siafi>2785</siafi>
  </cep>
  <cep>
    <cep>57018-552</cep>
    <logradouro>Rua Nossa Senhora das Graças</logradouro>
    <complemento>(01-02 Cj Mutirão)</complemento>
    <unidade/>
    <bairro>Chã da Jaqueira</bairro>
    <localidade>Maceió</localidade>
    <uf>AL</uf>
    <estado>Alagoas</estado>
    <região/>
    <ibge>2704302</ibge>
    <gia/>
    <ddd>82</ddd>
    <siafi>2785</siafi>
  </cep>
  <cep>
    <cep>57020-370</cep>
    <logradouro>Rua Coronel Vieira Peixoto</logradouro>
    <complemento/>
    <unidade/>
    <bairro>Centro</bairro>
    <localidade>Maceió</localidade>
    <uf>AL</uf>
    <estado>Alagoas</estado>
    <região/>
    <ibge>2704302</ibge>
    <gia/>
    <ddd>82</ddd>
    <siafi>2785</siafi>
  </cep>
  <cep>
    <cep>57020-330</cep>
    <logradouro>Rua Melo Morais</logradouro>
    <complemento/>
    <unidade/>
    <bairro>Centro</bairro>
    <localidade>Maceió</localidade>
    <uf>AL</uf>
    <estado>Alagoas</estado>
    <região/>
    <ibge>2704302</ibge>
    <gia/>
    <ddd>82</ddd>
    <siafi>2785</siafi>
  </cep>
  <cep>
    <cep>57020-410</cep>
    <logradouro>Praça da Independência</logradouro>
    <complemento/>
    <unidade/>
    <bairro>Centro</bairro>
    <localidade>Maceió</localidade>
    <uf>AL</uf>
    <estado>Alagoas</estado>
    <região/>
    <ibge>2704302</ibge>
    <gia/>
    <ddd>82</ddd>
    <siafi>2785</siafi>
  </cep>
  <cep>
    <cep>57020-280</cep>
    <logradouro>Parque Rio Branco</logradouro>
    <complemento/>
    <unidade/>
    <bairro>Centro</bairro>
    <localidade>Maceió</localidade>
    <uf>AL</uf>
    <estado>Alagoas</estado>
    <região/>
    <ibge>2704302</ibge>
    <gia/>
    <ddd>82</ddd>
    <siafi>2785</siafi>
  </cep>
  <cep>
    <cep>57020-420</cep>
    <logradouro>Praça São Vicente</logradouro>
    <complemento/>
    <unidade/>
    <bairro>Centro</bairro>
    <localidade>Maceió</localidade>
    <uf>AL</uf>
    <estado>Alagoas</estado>
    <região/>
    <ibge>2704302</ibge>
    <gia/>
    <ddd>82</ddd>
    <siafi>2785</siafi>
  </cep>
  <cep>
    <cep>57020-340</cep>
    <logradouro>Rua Barão de Penedo</logradouro>
    <complemento/>
    <unidade/>
    <bairro>Centro</bairro>
    <localidade>Maceió</localidade>
    <uf>AL</uf>
    <estado>Alagoas</estado>
    <região/>
    <ibge>2704302</ibge>
    <gia/>
    <ddd>82</ddd>
    <siafi>2785</siafi>
  </cep>
  <cep>
    <cep>57020-380</cep>
    <logradouro>Rua Doutor Pedro Monteiro</logradouro>
    <complemento/>
    <unidade/>
    <bairro>Centro</bairro>
    <localidade>Maceió</localidade>
    <uf>AL</uf>
    <estado>Alagoas</estado>
    <região/>
    <ibge>2704302</ibge>
    <gia/>
    <ddd>82</ddd>
    <siafi>2785</siafi>
  </cep>
  <cep>
    <cep>57020-350</cep>
    <logradouro>Praça Montepio dos Artistas</logradouro>
    <complemento/>
    <unidade/>
    <bairro>Centro</bairro>
    <localidade>Maceió</localidade>
    <uf>AL</uf>
    <estado>Alagoas</estado>
    <região/>
    <ibge>2704302</ibge>
    <gia/>
    <ddd>82</ddd>
    <siafi>2785</siafi>
  </cep>
  <cep>
    <cep>57020-400</cep>
    <logradouro>Rua Guido Duarte</logradouro>
    <complemento/>
    <unidade/>
    <bairro>Centro</bairro>
    <localidade>Maceió</localidade>
    <uf>AL</uf>
    <estado>Alagoas</estado>
    <região/>
    <ibge>2704302</ibge>
    <gia/>
    <ddd>82</ddd>
    <siafi>2785</siafi>
  </cep>
  <cep>
    <cep>57020-310</cep>
    <logradouro>Rua Agerson Dantas</logradouro>
    <complemento/>
    <unidade/>
    <bairro>Centro</bairro>
    <localidade>Maceió</localidade>
    <uf>AL</uf>
    <estado>Alagoas</estado>
    <região/>
    <ibge>2704302</ibge>
    <gia/>
    <ddd>82</ddd>
    <siafi>2785</siafi>
  </cep>
  <cep>
    <cep>57020-440</cep>
    <logradouro>Avenida da Paz</logradouro>
    <complemento>de 1252 ao fim - lado par</complemento>
    <unidade/>
    <bairro>Centro</bairro>
    <localidade>Maceió</localidade>
    <uf>AL</uf>
    <estado>Alagoas</estado>
    <região/>
    <ibge>2704302</ibge>
    <gia/>
    <ddd>82</ddd>
    <siafi>2785</siafi>
  </cep>
  <cep>
    <cep>57020-471</cep>
    <logradouro>Rua Professor Carlos Sampaio</logradouro>
    <complemento/>
    <unidade/>
    <bairro>Centro</bairro>
    <localidade>Maceió</localidade>
    <uf>AL</uf>
    <estado>Alagoas</estado>
    <região/>
    <ibge>2704302</ibge>
    <gia/>
    <ddd>82</ddd>
    <siafi>2785</siafi>
  </cep>
  <cep>
    <cep>57020-450</cep>
    <logradouro>Rua Senador Luiz Torres</logradouro>
    <complemento/>
    <unidade/>
    <bairro>Centro</bairro>
    <localidade>Maceió</localidade>
    <uf>AL</uf>
    <estado>Alagoas</estado>
    <região/>
    <ibge>2704302</ibge>
    <gia/>
    <ddd>82</ddd>
    <siafi>2785</siafi>
  </cep>
  <cep>
    <cep>57020-480</cep>
    <logradouro>Rua Zadir Indío</logradouro>
    <complemento/>
    <unidade/>
    <bairro>Centro</bairro>
    <localidade>Maceió</localidade>
    <uf>AL</uf>
    <estado>Alagoas</estado>
    <região/>
    <ibge>2704302</ibge>
    <gia/>
    <ddd>82</ddd>
    <siafi>2785</siafi>
  </cep>
  <cep>
    <cep>57020-470</cep>
    <logradouro>Rua Zacarias de Azevedo</logradouro>
    <complemento/>
    <unidade/>
    <bairro>Centro</bairro>
    <localidade>Maceió</localidade>
    <uf>AL</uf>
    <estado>Alagoas</estado>
    <região/>
    <ibge>2704302</ibge>
    <gia/>
    <ddd>82</ddd>
    <siafi>2785</siafi>
  </cep>
  <cep>
    <cep>57020-490</cep>
    <logradouro>Rua Alcino Casado</logradouro>
    <complemento/>
    <unidade/>
    <bairro>Centro</bairro>
    <localidade>Maceió</localidade>
    <uf>AL</uf>
    <estado>Alagoas</estado>
    <região/>
    <ibge>2704302</ibge>
    <gia/>
    <ddd>82</ddd>
    <siafi>2785</siafi>
  </cep>
  <cep>
    <cep>57020-460</cep>
    <logradouro>Rua Voluntário da Pátria</logradouro>
    <complemento/>
    <unidade/>
    <bairro>Centro</bairro>
    <localidade>Maceió</localidade>
    <uf>AL</uf>
    <estado>Alagoas</estado>
    <região/>
    <ibge>2704302</ibge>
    <gia/>
    <ddd>82</ddd>
    <siafi>2785</siafi>
  </cep>
  <cep>
    <cep>57020-512</cep>
    <logradouro>Travessa Barão de Atalaia</logradouro>
    <complemento/>
    <unidade/>
    <bairro>Centro</bairro>
    <localidade>Maceió</localidade>
    <uf>AL</uf>
    <estado>Alagoas</estado>
    <região/>
    <ibge>2704302</ibge>
    <gia/>
    <ddd>82</ddd>
    <siafi>2785</siafi>
  </cep>
  <cep>
    <cep>57020-510</cep>
    <logradouro>Rua Barão de Atalaia</logradouro>
    <complemento/>
    <unidade/>
    <bairro>Centro</bairro>
    <localidade>Maceió</localidade>
    <uf>AL</uf>
    <estado>Alagoas</estado>
    <região/>
    <ibge>2704302</ibge>
    <gia/>
    <ddd>82</ddd>
    <siafi>2785</siafi>
  </cep>
  <cep>
    <cep>57020-520</cep>
    <logradouro>Rua Buarque de Macêdo</logradouro>
    <complemento/>
    <unidade/>
    <bairro>Centro</bairro>
    <localidade>Maceió</localidade>
    <uf>AL</uf>
    <estado>Alagoas</estado>
    <região/>
    <ibge>2704302</ibge>
    <gia/>
    <ddd>82</ddd>
    <siafi>2785</siafi>
  </cep>
  <cep>
    <cep>57020-540</cep>
    <logradouro>Rua Costa Leite</logradouro>
    <complemento/>
    <unidade/>
    <bairro>Centro</bairro>
    <localidade>Maceió</localidade>
    <uf>AL</uf>
    <estado>Alagoas</estado>
    <região/>
    <ibge>2704302</ibge>
    <gia/>
    <ddd>82</ddd>
    <siafi>2785</siafi>
  </cep>
  <cep>
    <cep>57020-560</cep>
    <logradouro>Rua França Morel</logradouro>
    <complemento/>
    <unidade/>
    <bairro>Centro</bairro>
    <localidade>Maceió</localidade>
    <uf>AL</uf>
    <estado>Alagoas</estado>
    <região/>
    <ibge>2704302</ibge>
    <gia/>
    <ddd>82</ddd>
    <siafi>2785</siafi>
  </cep>
  <cep>
    <cep>57020-555</cep>
    <logradouro>Rua Clístenes de Miranda Pinto</logradouro>
    <complemento/>
    <unidade/>
    <bairro>Centro</bairro>
    <localidade>Maceió</localidade>
    <uf>AL</uf>
    <estado>Alagoas</estado>
    <região/>
    <ibge>2704302</ibge>
    <gia/>
    <ddd>82</ddd>
    <siafi>2785</siafi>
  </cep>
  <cep>
    <cep>57020-565</cep>
    <logradouro>Rua Doutor Marinho de Gusmão</logradouro>
    <complemento/>
    <unidade/>
    <bairro>Centro</bairro>
    <localidade>Maceió</localidade>
    <uf>AL</uf>
    <estado>Alagoas</estado>
    <região/>
    <ibge>2704302</ibge>
    <gia/>
    <ddd>82</ddd>
    <siafi>2785</siafi>
  </cep>
  <cep>
    <cep>57020-550</cep>
    <logradouro>Rua Doutor Manoel Rodrigues da Silva Calheiros</logradouro>
    <complemento/>
    <unidade/>
    <bairro>Centro</bairro>
    <localidade>Maceió</localidade>
    <uf>AL</uf>
    <estado>Alagoas</estado>
    <região/>
    <ibge>2704302</ibge>
    <gia/>
    <ddd>82</ddd>
    <siafi>2785</siafi>
  </cep>
  <cep>
    <cep>57020-570</cep>
    <logradouro>Rua Godofredo Ferro</logradouro>
    <complemento/>
    <unidade/>
    <bairro>Centro</bairro>
    <localidade>Maceió</localidade>
    <uf>AL</uf>
    <estado>Alagoas</estado>
    <região/>
    <ibge>2704302</ibge>
    <gia/>
    <ddd>82</ddd>
    <siafi>2785</siafi>
  </cep>
  <cep>
    <cep>57020-575</cep>
    <logradouro>Travessa Godofredo Ferro</logradouro>
    <complemento/>
    <unidade/>
    <bairro>Centro</bairro>
    <localidade>Maceió</localidade>
    <uf>AL</uf>
    <estado>Alagoas</estado>
    <região/>
    <ibge>2704302</ibge>
    <gia/>
    <ddd>82</ddd>
    <siafi>2785</siafi>
  </cep>
  <cep>
    <cep>57020-720</cep>
    <logradouro>Praça Visconde de Sinimbú</logradouro>
    <complemento/>
    <unidade/>
    <bairro>Centro</bairro>
    <localidade>Maceió</localidade>
    <uf>AL</uf>
    <estado>Alagoas</estado>
    <região/>
    <ibge>2704302</ibge>
    <gia/>
    <ddd>82</ddd>
    <siafi>2785</siafi>
  </cep>
  <cep>
    <cep>57020-670</cep>
    <logradouro>Rua do Imperador</logradouro>
    <complemento/>
    <unidade/>
    <bairro>Centro</bairro>
    <localidade>Maceió</localidade>
    <uf>AL</uf>
    <estado>Alagoas</estado>
    <região/>
    <ibge>2704302</ibge>
    <gia/>
    <ddd>82</ddd>
    <siafi>2785</siafi>
  </cep>
  <cep>
    <cep>57020-630</cep>
    <logradouro>Rua Barão de Anadia</logradouro>
    <complemento/>
    <unidade/>
    <bairro>Centro</bairro>
    <localidade>Maceió</localidade>
    <uf>AL</uf>
    <estado>Alagoas</estado>
    <região/>
    <ibge>2704302</ibge>
    <gia/>
    <ddd>82</ddd>
    <siafi>2785</siafi>
  </cep>
  <cep>
    <cep>57020-590</cep>
    <logradouro>Rua Marechal Roberto Ferreira</logradouro>
    <complemento/>
    <unidade/>
    <bairro>Centro</bairro>
    <localidade>Maceió</localidade>
    <uf>AL</uf>
    <estado>Alagoas</estado>
    <região/>
    <ibge>2704302</ibge>
    <gia/>
    <ddd>82</ddd>
    <siafi>2785</siafi>
  </cep>
  <cep>
    <cep>57020-755</cep>
    <logradouro>Avenida Assis Chateaubriand</logradouro>
    <complemento>até 2559/2560</complemento>
    <unidade/>
    <bairro>Centro</bairro>
    <localidade>Maceió</localidade>
    <uf>AL</uf>
    <estado>Alagoas</estado>
    <região/>
    <ibge>2704302</ibge>
    <gia/>
    <ddd>82</ddd>
    <siafi>2785</siafi>
  </cep>
  <cep>
    <cep>57020-900</cep>
    <logradouro>Praça Dom Pedro II</logradouro>
    <complemento>s/n</complemento>
    <unidade>Assembléia Legislativa</unidade>
    <bairro>Centro</bairro>
    <localidade>Maceió</localidade>
    <uf>AL</uf>
    <estado>Alagoas</estado>
    <região/>
    <ibge>2704302</ibge>
    <gia/>
    <ddd>82</ddd>
    <siafi>2785</siafi>
  </cep>
  <cep>
    <cep>57020-635</cep>
    <logradouro>Rua Levy Câmara Scala</logradouro>
    <complemento/>
    <unidade/>
    <bairro>Centro</bairro>
    <localidade>Maceió</localidade>
    <uf>AL</uf>
    <estado>Alagoas</estado>
    <região/>
    <ibge>2704302</ibge>
    <gia/>
    <ddd>82</ddd>
    <siafi>2785</siafi>
  </cep>
  <cep>
    <cep>57020-902</cep>
    <logradouro>Rua Doutor Luis Pontes de Miranda</logradouro>
    <complemento>42</complemento>
    <unidade>Edifício Brêda</unidade>
    <bairro>Centro</bairro>
    <localidade>Maceió</localidade>
    <uf>AL</uf>
    <estado>Alagoas</estado>
    <região/>
    <ibge>2704302</ibge>
    <gia/>
    <ddd>82</ddd>
    <siafi>2785</siafi>
  </cep>
  <cep>
    <cep>57020-600</cep>
    <logradouro>Avenida do Ferroviário</logradouro>
    <complemento/>
    <unidade/>
    <bairro>Centro</bairro>
    <localidade>Maceió</localidade>
    <uf>AL</uf>
    <estado>Alagoas</estado>
    <região/>
    <ibge>2704302</ibge>
    <gia/>
    <ddd>82</ddd>
    <siafi>2785</siafi>
  </cep>
  <cep>
    <cep>57020-903</cep>
    <logradouro>Praça Governador Adhemar de Barros</logradouro>
    <complemento>36</complemento>
    <unidade>Edifício Delmiro Gouveia</unidade>
    <bairro>Centro</bairro>
    <localidade>Maceió</localidade>
    <uf>AL</uf>
    <estado>Alagoas</estado>
    <região/>
    <ibge>2704302</ibge>
    <gia/>
    <ddd>82</ddd>
    <siafi>2785</siafi>
  </cep>
  <cep>
    <cep>57020-690</cep>
    <logradouro>Rua Sargento Benevides</logradouro>
    <complemento/>
    <unidade/>
    <bairro>Centro</bairro>
    <localidade>Maceió</localidade>
    <uf>AL</uf>
    <estado>Alagoas</estado>
    <região/>
    <ibge>2704302</ibge>
    <gia/>
    <ddd>82</ddd>
    <siafi>2785</siafi>
  </cep>
  <cep>
    <cep>57020-901</cep>
    <logradouro>Praça Marechal Floriano Peixoto</logradouro>
    <complemento>s/n</complemento>
    <unidade>Palácio do Governo</unidade>
    <bairro>Centro</bairro>
    <localidade>Maceió</localidade>
    <uf>AL</uf>
    <estado>Alagoas</estado>
    <região/>
    <ibge>2704302</ibge>
    <gia/>
    <ddd>82</ddd>
    <siafi>2785</siafi>
  </cep>
  <cep>
    <cep>57020-750</cep>
    <logradouro>Rua Dona Rosa da Fonseca</logradouro>
    <complemento/>
    <unidade/>
    <bairro>Centro</bairro>
    <localidade>Maceió</localidade>
    <uf>AL</uf>
    <estado>Alagoas</estado>
    <região/>
    <ibge>2704302</ibge>
    <gia/>
    <ddd>82</ddd>
    <siafi>2785</siafi>
  </cep>
  <cep>
    <cep>57020-710</cep>
    <logradouro>Rua Silvério Jorge</logradouro>
    <complemento>de 401/402 ao fim</complemento>
    <unidade/>
    <bairro>Centro</bairro>
    <localidade>Maceió</localidade>
    <uf>AL</uf>
    <estado>Alagoas</estado>
    <região/>
    <ibge>2704302</ibge>
    <gia/>
    <ddd>82</ddd>
    <siafi>2785</siafi>
  </cep>
  <cep>
    <cep>57020-580</cep>
    <logradouro>Avenida Deputado Humberto Mendes</logradouro>
    <complemento>lado ímpar</complemento>
    <unidade/>
    <bairro>Centro</bairro>
    <localidade>Maceió</localidade>
    <uf>AL</uf>
    <estado>Alagoas</estado>
    <região/>
    <ibge>2704302</ibge>
    <gia/>
    <ddd>82</ddd>
    <siafi>2785</siafi>
  </cep>
  <cep>
    <cep>57020-914</cep>
    <logradouro>Rua Barão de Penedo</logradouro>
    <complemento>187</complemento>
    <unidade>Edifício Barão de Penedo</unidade>
    <bairro>Centro</bairro>
    <localidade>Maceió</localidade>
    <uf>AL</uf>
    <estado>Alagoas</estado>
    <região/>
    <ibge>2704302</ibge>
    <gia/>
    <ddd>82</ddd>
    <siafi>2785</siafi>
  </cep>
  <cep>
    <cep>57020-650</cep>
    <logradouro>Rua Olavo Bilac</logradouro>
    <complemento/>
    <unidade/>
    <bairro>Centro</bairro>
    <localidade>Maceió</localidade>
    <uf>AL</uf>
    <estado>Alagoas</estado>
    <região/>
    <ibge>2704302</ibge>
    <gia/>
    <ddd>82</ddd>
    <siafi>2785</siafi>
  </cep>
  <cep>
    <cep>57020-921</cep>
    <logradouro>Praça Marechal Deodoro</logradouro>
    <complemento>s/n</complemento>
    <unidade>Câmara Municipal de Maceió</unidade>
    <bairro>Centro</bairro>
    <localidade>Maceió</localidade>
    <uf>AL</uf>
    <estado>Alagoas</estado>
    <região/>
    <ibge>2704302</ibge>
    <gia/>
    <ddd>82</ddd>
    <siafi>2785</siafi>
  </cep>
  <cep>
    <cep>57020-705</cep>
    <logradouro>Travessa Sete de Setembro</logradouro>
    <complemento/>
    <unidade/>
    <bairro>Centro</bairro>
    <localidade>Maceió</localidade>
    <uf>AL</uf>
    <estado>Alagoas</estado>
    <região/>
    <ibge>2704302</ibge>
    <gia/>
    <ddd>82</ddd>
    <siafi>2785</siafi>
  </cep>
  <cep>
    <cep>57020-770</cep>
    <logradouro>Rua Joaquim Antônio de Castro</logradouro>
    <complemento/>
    <unidade/>
    <bairro>Centro</bairro>
    <localidade>Maceió</localidade>
    <uf>AL</uf>
    <estado>Alagoas</estado>
    <região/>
    <ibge>2704302</ibge>
    <gia/>
    <ddd>82</ddd>
    <siafi>2785</siafi>
  </cep>
  <cep>
    <cep>57020-700</cep>
    <logradouro>Rua Sete de Setembro</logradouro>
    <complemento/>
    <unidade/>
    <bairro>Centro</bairro>
    <localidade>Maceió</localidade>
    <uf>AL</uf>
    <estado>Alagoas</estado>
    <região/>
    <ibge>2704302</ibge>
    <gia/>
    <ddd>82</ddd>
    <siafi>2785</siafi>
  </cep>
  <cep>
    <cep>57020-605</cep>
    <logradouro>Travessa Misael Domingues</logradouro>
    <complemento/>
    <unidade/>
    <bairro>Centro</bairro>
    <localidade>Maceió</localidade>
    <uf>AL</uf>
    <estado>Alagoas</estado>
    <região/>
    <ibge>2704302</ibge>
    <gia/>
    <ddd>82</ddd>
    <siafi>2785</siafi>
  </cep>
  <cep>
    <cep>57020-645</cep>
    <logradouro>Travessa Desembargador Artur Jucá</logradouro>
    <complemento/>
    <unidade/>
    <bairro>Centro</bairro>
    <localidade>Maceió</localidade>
    <uf>AL</uf>
    <estado>Alagoas</estado>
    <região/>
    <ibge>2704302</ibge>
    <gia/>
    <ddd>82</ddd>
    <siafi>2785</siafi>
  </cep>
  <cep>
    <cep>57020-913</cep>
    <logradouro>Rua do Livramento</logradouro>
    <complemento>120</complemento>
    <unidade>Banco do Brasil S.A.</unidade>
    <bairro>Centro</bairro>
    <localidade>Maceió</localidade>
    <uf>AL</uf>
    <estado>Alagoas</estado>
    <região/>
    <ibge>2704302</ibge>
    <gia/>
    <ddd>82</ddd>
    <siafi>2785</siafi>
  </cep>
  <cep>
    <cep>57020-916</cep>
    <logradouro>Rua do Livramento</logradouro>
    <complemento>91</complemento>
    <unidade>Delegacia Regional do Trabalho</unidade>
    <bairro>Centro</bairro>
    <localidade>Maceió</localidade>
    <uf>AL</uf>
    <estado>Alagoas</estado>
    <região/>
    <ibge>2704302</ibge>
    <gia/>
    <ddd>82</ddd>
    <siafi>2785</siafi>
  </cep>
  <cep>
    <cep>57022-010</cep>
    <logradouro>Rua Batista Acioli</logradouro>
    <complemento/>
    <unidade/>
    <bairro>Jaraguá</bairro>
    <localidade>Maceió</localidade>
    <uf>AL</uf>
    <estado>Alagoas</estado>
    <região/>
    <ibge>2704302</ibge>
    <gia/>
    <ddd>82</ddd>
    <siafi>2785</siafi>
  </cep>
  <cep>
    <cep>57020-919</cep>
    <logradouro>Praça Marechal Deodoro</logradouro>
    <complemento>319</complemento>
    <unidade>Tribunal de Justiça</unidade>
    <bairro>Centro</bairro>
    <localidade>Maceió</localidade>
    <uf>AL</uf>
    <estado>Alagoas</estado>
    <região/>
    <ibge>2704302</ibge>
    <gia/>
    <ddd>82</ddd>
    <siafi>2785</siafi>
  </cep>
  <cep>
    <cep>57020-912</cep>
    <logradouro>Rua do Comércio</logradouro>
    <complemento>436</complemento>
    <unidade>Edifício Lobão Barreto</unidade>
    <bairro>Centro</bairro>
    <localidade>Maceió</localidade>
    <uf>AL</uf>
    <estado>Alagoas</estado>
    <região/>
    <ibge>2704302</ibge>
    <gia/>
    <ddd>82</ddd>
    <siafi>2785</siafi>
  </cep>
  <cep>
    <cep>57020-970</cep>
    <logradouro>Rua do Sol</logradouro>
    <complemento>57</complemento>
    <unidade>AC Central de Maceió</unidade>
    <bairro>Centro</bairro>
    <localidade>Maceió</localidade>
    <uf>AL</uf>
    <estado>Alagoas</estado>
    <região/>
    <ibge>2704302</ibge>
    <gia/>
    <ddd>82</ddd>
    <siafi>2785</siafi>
  </cep>
  <cep>
    <cep>57020-918</cep>
    <logradouro>Praça Visconde de Sinimbú</logradouro>
    <complemento>s/n</complemento>
    <unidade>Tribunal Regional Eleitoral</unidade>
    <bairro>Centro</bairro>
    <localidade>Maceió</localidade>
    <uf>AL</uf>
    <estado>Alagoas</estado>
    <região/>
    <ibge>2704302</ibge>
    <gia/>
    <ddd>82</ddd>
    <siafi>2785</siafi>
  </cep>
  <cep>
    <cep/>
    <logradouro/>
    <complemento/>
    <unidade/>
    <bairro/>
    <localidade/>
    <uf/>
    <estado/>
    <região/>
    <ibge/>
    <gia/>
    <ddd/>
    <siafi/>
  </cep>
  <cep>
    <cep>57022-020</cep>
    <logradouro>Rua Campos Sales</logradouro>
    <complemento/>
    <unidade/>
    <bairro>Jaraguá</bairro>
    <localidade>Maceió</localidade>
    <uf>AL</uf>
    <estado>Alagoas</estado>
    <região/>
    <ibge>2704302</ibge>
    <gia/>
    <ddd>82</ddd>
    <siafi>2785</siafi>
  </cep>
  <cep>
    <cep>57020-972</cep>
    <logradouro>Rua Doutor Pedro Monteiro</logradouro>
    <complemento>292</complemento>
    <unidade>AGF Centro</unidade>
    <bairro>Centro</bairro>
    <localidade>Maceió</localidade>
    <uf>AL</uf>
    <estado>Alagoas</estado>
    <região/>
    <ibge>2704302</ibge>
    <gia/>
    <ddd>82</ddd>
    <siafi>2785</siafi>
  </cep>
  <cep>
    <cep>57022-030</cep>
    <logradouro>Rua Cristóvão Colombo</logradouro>
    <complemento/>
    <unidade/>
    <bairro>Jaraguá</bairro>
    <localidade>Maceió</localidade>
    <uf>AL</uf>
    <estado>Alagoas</estado>
    <região/>
    <ibge>2704302</ibge>
    <gia/>
    <ddd>82</ddd>
    <siafi>2785</siafi>
  </cep>
  <cep>
    <cep>57022-035</cep>
    <logradouro>Travessa Cristóvão Colombo</logradouro>
    <complemento/>
    <unidade/>
    <bairro>Jaraguá</bairro>
    <localidade>Maceió</localidade>
    <uf>AL</uf>
    <estado>Alagoas</estado>
    <região/>
    <ibge>2704302</ibge>
    <gia/>
    <ddd>82</ddd>
    <siafi>2785</siafi>
  </cep>
  <cep>
    <cep>57022-040</cep>
    <logradouro>Rua Dona Rosa Freire Wanderley</logradouro>
    <complemento/>
    <unidade/>
    <bairro>Jaraguá</bairro>
    <localidade>Maceió</localidade>
    <uf>AL</uf>
    <estado>Alagoas</estado>
    <região/>
    <ibge>2704302</ibge>
    <gia/>
    <ddd>82</ddd>
    <siafi>2785</siafi>
  </cep>
  <cep>
    <cep>57022-060</cep>
    <logradouro>Avenida Deputado Humberto Mendes</logradouro>
    <complemento>lado par</complemento>
    <unidade/>
    <bairro>Jaraguá</bairro>
    <localidade>Maceió</localidade>
    <uf>AL</uf>
    <estado>Alagoas</estado>
    <região/>
    <ibge>2704302</ibge>
    <gia/>
    <ddd>82</ddd>
    <siafi>2785</siafi>
  </cep>
  <cep>
    <cep>57022-050</cep>
    <logradouro>Avenida da Paz</logradouro>
    <complemento>até 1250 - lado par</complemento>
    <unidade/>
    <bairro>Jaraguá</bairro>
    <localidade>Maceió</localidade>
    <uf>AL</uf>
    <estado>Alagoas</estado>
    <região/>
    <ibge>2704302</ibge>
    <gia/>
    <ddd>82</ddd>
    <siafi>2785</siafi>
  </cep>
  <cep>
    <cep>57022-070</cep>
    <logradouro>Avenida Juca Nunes</logradouro>
    <complemento/>
    <unidade/>
    <bairro>Jaraguá</bairro>
    <localidade>Maceió</localidade>
    <uf>AL</uf>
    <estado>Alagoas</estado>
    <região/>
    <ibge>2704302</ibge>
    <gia/>
    <ddd>82</ddd>
    <siafi>2785</siafi>
  </cep>
  <cep>
    <cep>57022-063</cep>
    <logradouro>Avenida Walter Ananias</logradouro>
    <complemento>até 509/510</complemento>
    <unidade/>
    <bairro>Jaraguá</bairro>
    <localidade>Maceió</localidade>
    <uf>AL</uf>
    <estado>Alagoas</estado>
    <região/>
    <ibge>2704302</ibge>
    <gia/>
    <ddd>82</ddd>
    <siafi>2785</siafi>
  </cep>
  <cep>
    <cep>57022-065</cep>
    <logradouro>Avenida Walter Ananias</logradouro>
    <complemento>de 705 ao fim - lado ímpar</complemento>
    <unidade/>
    <bairro>Jaraguá</bairro>
    <localidade>Maceió</localidade>
    <uf>AL</uf>
    <estado>Alagoas</estado>
    <região/>
    <ibge>2704302</ibge>
    <gia/>
    <ddd>82</ddd>
    <siafi>2785</siafi>
  </cep>
  <cep>
    <cep>57022-055</cep>
    <logradouro>Travessa Emílio Cardoso Filho</logradouro>
    <complemento/>
    <unidade/>
    <bairro>Jaraguá</bairro>
    <localidade>Maceió</localidade>
    <uf>AL</uf>
    <estado>Alagoas</estado>
    <região/>
    <ibge>2704302</ibge>
    <gia/>
    <ddd>82</ddd>
    <siafi>2785</siafi>
  </cep>
  <cep>
    <cep>57022-090</cep>
    <logradouro>Rua Desembargador Paulo da Rocha Mendes</logradouro>
    <complemento/>
    <unidade/>
    <bairro>Jaraguá</bairro>
    <localidade>Maceió</localidade>
    <uf>AL</uf>
    <estado>Alagoas</estado>
    <região/>
    <ibge>2704302</ibge>
    <gia/>
    <ddd>82</ddd>
    <siafi>2785</siafi>
  </cep>
  <cep>
    <cep>57022-100</cep>
    <logradouro>Praça Raiol</logradouro>
    <complemento/>
    <unidade/>
    <bairro>Jaraguá</bairro>
    <localidade>Maceió</localidade>
    <uf>AL</uf>
    <estado>Alagoas</estado>
    <região/>
    <ibge>2704302</ibge>
    <gia/>
    <ddd>82</ddd>
    <siafi>2785</siafi>
  </cep>
  <cep>
    <cep>57022-110</cep>
    <logradouro>Rua Silvério Jorge</logradouro>
    <complemento>até 399/400</complemento>
    <unidade/>
    <bairro>Jaraguá</bairro>
    <localidade>Maceió</localidade>
    <uf>AL</uf>
    <estado>Alagoas</estado>
    <região/>
    <ibge>2704302</ibge>
    <gia/>
    <ddd>82</ddd>
    <siafi>2785</siafi>
  </cep>
  <cep>
    <cep>57022-120</cep>
    <logradouro>Rua do Uruguai</logradouro>
    <complemento/>
    <unidade/>
    <bairro>Jaraguá</bairro>
    <localidade>Maceió</localidade>
    <uf>AL</uf>
    <estado>Alagoas</estado>
    <região/>
    <ibge>2704302</ibge>
    <gia/>
    <ddd>82</ddd>
    <siafi>2785</siafi>
  </cep>
  <cep>
    <cep>57022-130</cep>
    <logradouro>Rua Vitória</logradouro>
    <complemento/>
    <unidade/>
    <bairro>Jaraguá</bairro>
    <localidade>Maceió</localidade>
    <uf>AL</uf>
    <estado>Alagoas</estado>
    <região/>
    <ibge>2704302</ibge>
    <gia/>
    <ddd>82</ddd>
    <siafi>2785</siafi>
  </cep>
  <cep>
    <cep>57022-140</cep>
    <logradouro>Rua Barão de Jaraguá</logradouro>
    <complemento/>
    <unidade/>
    <bairro>Jaraguá</bairro>
    <localidade>Maceió</localidade>
    <uf>AL</uf>
    <estado>Alagoas</estado>
    <região/>
    <ibge>2704302</ibge>
    <gia/>
    <ddd>82</ddd>
    <siafi>2785</siafi>
  </cep>
  <cep>
    <cep>57022-154</cep>
    <logradouro>Avenida Copacabana</logradouro>
    <complemento/>
    <unidade/>
    <bairro>Jaraguá</bairro>
    <localidade>Maceió</localidade>
    <uf>AL</uf>
    <estado>Alagoas</estado>
    <região/>
    <ibge>2704302</ibge>
    <gia/>
    <ddd>82</ddd>
    <siafi>2785</siafi>
  </cep>
  <cep>
    <cep>57022-160</cep>
    <logradouro>Praça Dois Leões</logradouro>
    <complemento/>
    <unidade/>
    <bairro>Jaraguá</bairro>
    <localidade>Maceió</localidade>
    <uf>AL</uf>
    <estado>Alagoas</estado>
    <região/>
    <ibge>2704302</ibge>
    <gia/>
    <ddd>82</ddd>
    <siafi>2785</siafi>
  </cep>
  <cep>
    <cep>57022-180</cep>
    <logradouro>Rua Sá e Albuquerque</logradouro>
    <complemento/>
    <unidade/>
    <bairro>Jaraguá</bairro>
    <localidade>Maceió</localidade>
    <uf>AL</uf>
    <estado>Alagoas</estado>
    <região/>
    <ibge>2704302</ibge>
    <gia/>
    <ddd>82</ddd>
    <siafi>2785</siafi>
  </cep>
  <cep>
    <cep>57022-170</cep>
    <logradouro>Praça Dezoito de Copacabana</logradouro>
    <complemento/>
    <unidade/>
    <bairro>Jaraguá</bairro>
    <localidade>Maceió</localidade>
    <uf>AL</uf>
    <estado>Alagoas</estado>
    <região/>
    <ibge>2704302</ibge>
    <gia/>
    <ddd>82</ddd>
    <siafi>2785</siafi>
  </cep>
  <cep>
    <cep>57022-181</cep>
    <logradouro>Avenida Engenheiro Roberto Duarte Santana</logradouro>
    <complemento>lado par</complemento>
    <unidade/>
    <bairro>Jaraguá</bairro>
    <localidade>Maceió</localidade>
    <uf>AL</uf>
    <estado>Alagoas</estado>
    <região/>
    <ibge>2704302</ibge>
    <gia/>
    <ddd>82</ddd>
    <siafi>2785</siafi>
  </cep>
  <cep>
    <cep>57022-152</cep>
    <logradouro>Rua Beira Mar</logradouro>
    <complemento/>
    <unidade/>
    <bairro>Jaraguá</bairro>
    <localidade>Maceió</localidade>
    <uf>AL</uf>
    <estado>Alagoas</estado>
    <região/>
    <ibge>2704302</ibge>
    <gia/>
    <ddd>82</ddd>
    <siafi>2785</siafi>
  </cep>
  <cep>
    <cep>57022-150</cep>
    <logradouro>Avenida Industrial Cícero Tolêdo</logradouro>
    <complemento/>
    <unidade/>
    <bairro>Jaraguá</bairro>
    <localidade>Maceió</localidade>
    <uf>AL</uf>
    <estado>Alagoas</estado>
    <região/>
    <ibge>2704302</ibge>
    <gia/>
    <ddd>82</ddd>
    <siafi>2785</siafi>
  </cep>
  <cep>
    <cep>57022-183</cep>
    <logradouro>Rua Epaminondas Gracindo</logradouro>
    <complemento>até 159 - lado ímpar</complemento>
    <unidade/>
    <bairro>Jaraguá</bairro>
    <localidade>Maceió</localidade>
    <uf>AL</uf>
    <estado>Alagoas</estado>
    <região/>
    <ibge>2704302</ibge>
    <gia/>
    <ddd>82</ddd>
    <siafi>2785</siafi>
  </cep>
  <cep>
    <cep>57022-185</cep>
    <logradouro>Travessa João Camerino</logradouro>
    <complemento>lado ímpar</complemento>
    <unidade/>
    <bairro>Jaraguá</bairro>
    <localidade>Maceió</localidade>
    <uf>AL</uf>
    <estado>Alagoas</estado>
    <região/>
    <ibge>2704302</ibge>
    <gia/>
    <ddd>82</ddd>
    <siafi>2785</siafi>
  </cep>
  <cep>
    <cep>57022-193</cep>
    <logradouro>Praça Doutor Homero Galvão</logradouro>
    <complemento/>
    <unidade/>
    <bairro>Jaraguá</bairro>
    <localidade>Maceió</localidade>
    <uf>AL</uf>
    <estado>Alagoas</estado>
    <região/>
    <ibge>2704302</ibge>
    <gia/>
    <ddd>82</ddd>
    <siafi>2785</siafi>
  </cep>
  <cep>
    <cep>57025-041</cep>
    <logradouro>Rua Doutor Zeferino Rodrigues</logradouro>
    <complemento>de 813/814 ao fim</complemento>
    <unidade/>
    <bairro>Poço</bairro>
    <localidade>Maceió</localidade>
    <uf>AL</uf>
    <estado>Alagoas</estado>
    <região/>
    <ibge>2704302</ibge>
    <gia/>
    <ddd>82</ddd>
    <siafi>2785</siafi>
  </cep>
  <cep>
    <cep>57022-210</cep>
    <logradouro>Rua Celso Piatti</logradouro>
    <complemento/>
    <unidade/>
    <bairro>Jaraguá</bairro>
    <localidade>Maceió</localidade>
    <uf>AL</uf>
    <estado>Alagoas</estado>
    <região/>
    <ibge>2704302</ibge>
    <gia/>
    <ddd>82</ddd>
    <siafi>2785</siafi>
  </cep>
  <cep>
    <cep>57025-070</cep>
    <logradouro>Avenida Brasil</logradouro>
    <complemento/>
    <unidade/>
    <bairro>Poço</bairro>
    <localidade>Maceió</localidade>
    <uf>AL</uf>
    <estado>Alagoas</estado>
    <região/>
    <ibge>2704302</ibge>
    <gia/>
    <ddd>82</ddd>
    <siafi>2785</siafi>
  </cep>
  <cep>
    <cep>57022-240</cep>
    <logradouro>Avenida Comendador Leão</logradouro>
    <complemento>até 371/372</complemento>
    <unidade/>
    <bairro>Jaraguá</bairro>
    <localidade>Maceió</localidade>
    <uf>AL</uf>
    <estado>Alagoas</estado>
    <região/>
    <ibge>2704302</ibge>
    <gia/>
    <ddd>82</ddd>
    <siafi>2785</siafi>
  </cep>
  <cep>
    <cep>57025-065</cep>
    <logradouro>Alameda Deputado Abelardo Lopes</logradouro>
    <complemento/>
    <unidade/>
    <bairro>Poço</bairro>
    <localidade>Maceió</localidade>
    <uf>AL</uf>
    <estado>Alagoas</estado>
    <região/>
    <ibge>2704302</ibge>
    <gia/>
    <ddd>82</ddd>
    <siafi>2785</siafi>
  </cep>
  <cep>
    <cep>57025-035</cep>
    <logradouro>Rua Cabo Olivaldo Vila Nova</logradouro>
    <complemento/>
    <unidade/>
    <bairro>Poço</bairro>
    <localidade>Maceió</localidade>
    <uf>AL</uf>
    <estado>Alagoas</estado>
    <região/>
    <ibge>2704302</ibge>
    <gia/>
    <ddd>82</ddd>
    <siafi>2785</siafi>
  </cep>
  <cep>
    <cep>57025-033</cep>
    <logradouro>Travessa Luiz Campos Teixeira</logradouro>
    <complemento/>
    <unidade/>
    <bairro>Poço</bairro>
    <localidade>Maceió</localidade>
    <uf>AL</uf>
    <estado>Alagoas</estado>
    <região/>
    <ibge>2704302</ibge>
    <gia/>
    <ddd>82</ddd>
    <siafi>2785</siafi>
  </cep>
  <cep>
    <cep>57025-031</cep>
    <logradouro>Travessa Santa Nazaré</logradouro>
    <complemento/>
    <unidade/>
    <bairro>Poço</bairro>
    <localidade>Maceió</localidade>
    <uf>AL</uf>
    <estado>Alagoas</estado>
    <região/>
    <ibge>2704302</ibge>
    <gia/>
    <ddd>82</ddd>
    <siafi>2785</siafi>
  </cep>
  <cep>
    <cep>57025-080</cep>
    <logradouro>Avenida Desembargador Mário Guimarães</logradouro>
    <complemento/>
    <unidade/>
    <bairro>Poço</bairro>
    <localidade>Maceió</localidade>
    <uf>AL</uf>
    <estado>Alagoas</estado>
    <região/>
    <ibge>2704302</ibge>
    <gia/>
    <ddd>82</ddd>
    <siafi>2785</siafi>
  </cep>
  <cep>
    <cep>57025-085</cep>
    <logradouro>Rua Deputado João Malta Tavares</logradouro>
    <complemento/>
    <unidade/>
    <bairro>Poço</bairro>
    <localidade>Maceió</localidade>
    <uf>AL</uf>
    <estado>Alagoas</estado>
    <região/>
    <ibge>2704302</ibge>
    <gia/>
    <ddd>82</ddd>
    <siafi>2785</siafi>
  </cep>
  <cep>
    <cep>57025-090</cep>
    <logradouro>Rua José Ladislau Lima</logradouro>
    <complemento/>
    <unidade/>
    <bairro>Poço</bairro>
    <localidade>Maceió</localidade>
    <uf>AL</uf>
    <estado>Alagoas</estado>
    <região/>
    <ibge>2704302</ibge>
    <gia/>
    <ddd>82</ddd>
    <siafi>2785</siafi>
  </cep>
  <cep>
    <cep>57025-100</cep>
    <logradouro>Rua Doutor José Milton Correia</logradouro>
    <complemento/>
    <unidade/>
    <bairro>Poço</bairro>
    <localidade>Maceió</localidade>
    <uf>AL</uf>
    <estado>Alagoas</estado>
    <região/>
    <ibge>2704302</ibge>
    <gia/>
    <ddd>82</ddd>
    <siafi>2785</siafi>
  </cep>
  <cep>
    <cep>57025-105</cep>
    <logradouro>Travessa Doutor José Milton Correia</logradouro>
    <complemento/>
    <unidade/>
    <bairro>Poço</bairro>
    <localidade>Maceió</localidade>
    <uf>AL</uf>
    <estado>Alagoas</estado>
    <região/>
    <ibge>2704302</ibge>
    <gia/>
    <ddd>82</ddd>
    <siafi>2785</siafi>
  </cep>
  <cep>
    <cep>57025-026</cep>
    <logradouro>Rua Lafayete Pacheco</logradouro>
    <complemento>lado ímpar</complemento>
    <unidade/>
    <bairro>Poço</bairro>
    <localidade>Maceió</localidade>
    <uf>AL</uf>
    <estado>Alagoas</estado>
    <região/>
    <ibge>2704302</ibge>
    <gia/>
    <ddd>82</ddd>
    <siafi>2785</siafi>
  </cep>
  <cep>
    <cep/>
    <logradouro/>
    <complemento/>
    <unidade/>
    <bairro/>
    <localidade/>
    <uf/>
    <estado/>
    <região/>
    <ibge/>
    <gia/>
    <ddd/>
    <siafi/>
  </cep>
  <cep>
    <cep>57022-187</cep>
    <logradouro>Rua Doutor Antônio Pedro de Mendonça</logradouro>
    <complemento>até 130/131</complemento>
    <unidade/>
    <bairro>Jaraguá</bairro>
    <localidade>Maceió</localidade>
    <uf>AL</uf>
    <estado>Alagoas</estado>
    <região/>
    <ibge>2704302</ibge>
    <gia/>
    <ddd>82</ddd>
    <siafi>2785</siafi>
  </cep>
  <cep>
    <cep>57022-230</cep>
    <logradouro>Rua Melo Póvoas</logradouro>
    <complemento/>
    <unidade/>
    <bairro>Jaraguá</bairro>
    <localidade>Maceió</localidade>
    <uf>AL</uf>
    <estado>Alagoas</estado>
    <região/>
    <ibge>2704302</ibge>
    <gia/>
    <ddd>82</ddd>
    <siafi>2785</siafi>
  </cep>
  <cep>
    <cep>57022-290</cep>
    <logradouro>Rua Rocha Cavalcante</logradouro>
    <complemento/>
    <unidade/>
    <bairro>Jaraguá</bairro>
    <localidade>Maceió</localidade>
    <uf>AL</uf>
    <estado>Alagoas</estado>
    <região/>
    <ibge>2704302</ibge>
    <gia/>
    <ddd>82</ddd>
    <siafi>2785</siafi>
  </cep>
  <cep>
    <cep>57025-040</cep>
    <logradouro>Avenida Professor Santos Ferraz</logradouro>
    <complemento>até 451/452</complemento>
    <unidade/>
    <bairro>Poço</bairro>
    <localidade>Maceió</localidade>
    <uf>AL</uf>
    <estado>Alagoas</estado>
    <região/>
    <ibge>2704302</ibge>
    <gia/>
    <ddd>82</ddd>
    <siafi>2785</siafi>
  </cep>
  <cep>
    <cep>57025-020</cep>
    <logradouro>Rua Potiguar</logradouro>
    <complemento/>
    <unidade/>
    <bairro>Poço</bairro>
    <localidade>Maceió</localidade>
    <uf>AL</uf>
    <estado>Alagoas</estado>
    <região/>
    <ibge>2704302</ibge>
    <gia/>
    <ddd>82</ddd>
    <siafi>2785</siafi>
  </cep>
  <cep>
    <cep>57025-048</cep>
    <logradouro>Travessa São Vicente</logradouro>
    <complemento/>
    <unidade/>
    <bairro>Poço</bairro>
    <localidade>Maceió</localidade>
    <uf>AL</uf>
    <estado>Alagoas</estado>
    <região/>
    <ibge>2704302</ibge>
    <gia/>
    <ddd>82</ddd>
    <siafi>2785</siafi>
  </cep>
  <cep>
    <cep>57025-015</cep>
    <logradouro>Rua Bacharel Genival Lúcio da Silva</logradouro>
    <complemento/>
    <unidade/>
    <bairro>Poço</bairro>
    <localidade>Maceió</localidade>
    <uf>AL</uf>
    <estado>Alagoas</estado>
    <região/>
    <ibge>2704302</ibge>
    <gia/>
    <ddd>82</ddd>
    <siafi>2785</siafi>
  </cep>
  <cep>
    <cep>57022-190</cep>
    <logradouro>Rua Alexandre Passos</logradouro>
    <complemento/>
    <unidade/>
    <bairro>Jaraguá</bairro>
    <localidade>Maceió</localidade>
    <uf>AL</uf>
    <estado>Alagoas</estado>
    <região/>
    <ibge>2704302</ibge>
    <gia/>
    <ddd>82</ddd>
    <siafi>2785</siafi>
  </cep>
  <cep>
    <cep>57022-300</cep>
    <logradouro>Travessa Humberto Mendes</logradouro>
    <complemento/>
    <unidade/>
    <bairro>Jaraguá</bairro>
    <localidade>Maceió</localidade>
    <uf>AL</uf>
    <estado>Alagoas</estado>
    <região/>
    <ibge>2704302</ibge>
    <gia/>
    <ddd>82</ddd>
    <siafi>2785</siafi>
  </cep>
  <cep>
    <cep>57025-043</cep>
    <logradouro>Rua Doutor Zeferino Rodrigues</logradouro>
    <complemento>de 229 a 811 - lado ímpar</complemento>
    <unidade/>
    <bairro>Poço</bairro>
    <localidade>Maceió</localidade>
    <uf>AL</uf>
    <estado>Alagoas</estado>
    <região/>
    <ibge>2704302</ibge>
    <gia/>
    <ddd>82</ddd>
    <siafi>2785</siafi>
  </cep>
  <cep>
    <cep>57025-120</cep>
    <logradouro>Rua Abdon Monteiro</logradouro>
    <complemento/>
    <unidade/>
    <bairro>Poço</bairro>
    <localidade>Maceió</localidade>
    <uf>AL</uf>
    <estado>Alagoas</estado>
    <região/>
    <ibge>2704302</ibge>
    <gia/>
    <ddd>82</ddd>
    <siafi>2785</siafi>
  </cep>
  <cep>
    <cep>57022-195</cep>
    <logradouro>Rua Doutor Zeferino Rodrigues</logradouro>
    <complemento>até 145 - lado ímpar</complemento>
    <unidade/>
    <bairro>Jaraguá</bairro>
    <localidade>Maceió</localidade>
    <uf>AL</uf>
    <estado>Alagoas</estado>
    <região/>
    <ibge>2704302</ibge>
    <gia/>
    <ddd>82</ddd>
    <siafi>2785</siafi>
  </cep>
  <cep>
    <cep>57025-117</cep>
    <logradouro>Rua F</logradouro>
    <complemento>(Cj Pajuçara)</complemento>
    <unidade/>
    <bairro>Poço</bairro>
    <localidade>Maceió</localidade>
    <uf>AL</uf>
    <estado>Alagoas</estado>
    <região/>
    <ibge>2704302</ibge>
    <gia/>
    <ddd>82</ddd>
    <siafi>2785</siafi>
  </cep>
  <cep>
    <cep>57025-123</cep>
    <logradouro>Rua Paraná</logradouro>
    <complemento/>
    <unidade/>
    <bairro>Poço</bairro>
    <localidade>Maceió</localidade>
    <uf>AL</uf>
    <estado>Alagoas</estado>
    <região/>
    <ibge>2704302</ibge>
    <gia/>
    <ddd>82</ddd>
    <siafi>2785</siafi>
  </cep>
  <cep>
    <cep>57025-000</cep>
    <logradouro>Avenida Comendador Leão</logradouro>
    <complemento>de 419/420 ao fim</complemento>
    <unidade/>
    <bairro>Poço</bairro>
    <localidade>Maceió</localidade>
    <uf>AL</uf>
    <estado>Alagoas</estado>
    <região/>
    <ibge>2704302</ibge>
    <gia/>
    <ddd>82</ddd>
    <siafi>2785</siafi>
  </cep>
  <cep>
    <cep>57025-107</cep>
    <logradouro>Rua K</logradouro>
    <complemento>(Cj Pajuçara)</complemento>
    <unidade/>
    <bairro>Poço</bairro>
    <localidade>Maceió</localidade>
    <uf>AL</uf>
    <estado>Alagoas</estado>
    <região/>
    <ibge>2704302</ibge>
    <gia/>
    <ddd>82</ddd>
    <siafi>2785</siafi>
  </cep>
  <cep>
    <cep>57022-220</cep>
    <logradouro>Rua Coronel Pedro Lima</logradouro>
    <complemento/>
    <unidade/>
    <bairro>Jaraguá</bairro>
    <localidade>Maceió</localidade>
    <uf>AL</uf>
    <estado>Alagoas</estado>
    <região/>
    <ibge>2704302</ibge>
    <gia/>
    <ddd>82</ddd>
    <siafi>2785</siafi>
  </cep>
  <cep>
    <cep>57025-075</cep>
    <logradouro>Travessa Brasil</logradouro>
    <complemento/>
    <unidade/>
    <bairro>Poço</bairro>
    <localidade>Maceió</localidade>
    <uf>AL</uf>
    <estado>Alagoas</estado>
    <região/>
    <ibge>2704302</ibge>
    <gia/>
    <ddd>82</ddd>
    <siafi>2785</siafi>
  </cep>
  <cep>
    <cep>57025-050</cep>
    <logradouro>Rua Senador Teotônio Vilela</logradouro>
    <complemento/>
    <unidade/>
    <bairro>Poço</bairro>
    <localidade>Maceió</localidade>
    <uf>AL</uf>
    <estado>Alagoas</estado>
    <região/>
    <ibge>2704302</ibge>
    <gia/>
    <ddd>82</ddd>
    <siafi>2785</siafi>
  </cep>
  <cep>
    <cep>57022-191</cep>
    <logradouro>Rua Ouvidor Batalha</logradouro>
    <complemento>até 42/43</complemento>
    <unidade/>
    <bairro>Jaraguá</bairro>
    <localidade>Maceió</localidade>
    <uf>AL</uf>
    <estado>Alagoas</estado>
    <região/>
    <ibge>2704302</ibge>
    <gia/>
    <ddd>82</ddd>
    <siafi>2785</siafi>
  </cep>
  <cep>
    <cep>57022-200</cep>
    <logradouro>Travessa dos Artistas</logradouro>
    <complemento/>
    <unidade/>
    <bairro>Jaraguá</bairro>
    <localidade>Maceió</localidade>
    <uf>AL</uf>
    <estado>Alagoas</estado>
    <região/>
    <ibge>2704302</ibge>
    <gia/>
    <ddd>82</ddd>
    <siafi>2785</siafi>
  </cep>
  <cep>
    <cep>57025-060</cep>
    <logradouro>Rua Silva Sampaio</logradouro>
    <complemento/>
    <unidade/>
    <bairro>Poço</bairro>
    <localidade>Maceió</localidade>
    <uf>AL</uf>
    <estado>Alagoas</estado>
    <região/>
    <ibge>2704302</ibge>
    <gia/>
    <ddd>82</ddd>
    <siafi>2785</siafi>
  </cep>
  <cep>
    <cep>57025-030</cep>
    <logradouro>Rua Delegado Natanael Ferreira da Silva</logradouro>
    <complemento/>
    <unidade/>
    <bairro>Poço</bairro>
    <localidade>Maceió</localidade>
    <uf>AL</uf>
    <estado>Alagoas</estado>
    <região/>
    <ibge>2704302</ibge>
    <gia/>
    <ddd>82</ddd>
    <siafi>2785</siafi>
  </cep>
  <cep>
    <cep>57025-025</cep>
    <logradouro>Rua Professor Benedito Cunegundes</logradouro>
    <complemento/>
    <unidade/>
    <bairro>Poço</bairro>
    <localidade>Maceió</localidade>
    <uf>AL</uf>
    <estado>Alagoas</estado>
    <região/>
    <ibge>2704302</ibge>
    <gia/>
    <ddd>82</ddd>
    <siafi>2785</siafi>
  </cep>
  <cep>
    <cep>57025-115</cep>
    <logradouro>Rua Euclides Medeiros Gonçalves</logradouro>
    <complemento/>
    <unidade/>
    <bairro>Poço</bairro>
    <localidade>Maceió</localidade>
    <uf>AL</uf>
    <estado>Alagoas</estado>
    <região/>
    <ibge>2704302</ibge>
    <gia/>
    <ddd>82</ddd>
    <siafi>2785</siafi>
  </cep>
  <cep>
    <cep>57022-225</cep>
    <logradouro>Travessa Coronel Pedro Lima</logradouro>
    <complemento/>
    <unidade/>
    <bairro>Jaraguá</bairro>
    <localidade>Maceió</localidade>
    <uf>AL</uf>
    <estado>Alagoas</estado>
    <região/>
    <ibge>2704302</ibge>
    <gia/>
    <ddd>82</ddd>
    <siafi>2785</siafi>
  </cep>
  <cep>
    <cep>57025-125</cep>
    <logradouro>Rua Haydon Goulart</logradouro>
    <complemento/>
    <unidade/>
    <bairro>Poço</bairro>
    <localidade>Maceió</localidade>
    <uf>AL</uf>
    <estado>Alagoas</estado>
    <região/>
    <ibge>2704302</ibge>
    <gia/>
    <ddd>82</ddd>
    <siafi>2785</siafi>
  </cep>
  <cep>
    <cep>57025-119</cep>
    <logradouro>Rua Veterinário Isnaldo França Mata</logradouro>
    <complemento>(Cj Pajuçara)</complemento>
    <unidade/>
    <bairro>Poço</bairro>
    <localidade>Maceió</localidade>
    <uf>AL</uf>
    <estado>Alagoas</estado>
    <região/>
    <ibge>2704302</ibge>
    <gia/>
    <ddd>82</ddd>
    <siafi>2785</siafi>
  </cep>
  <cep>
    <cep>57025-150</cep>
    <logradouro>Rua Aurelina Lima da Silva</logradouro>
    <complemento/>
    <unidade/>
    <bairro>Poço</bairro>
    <localidade>Maceió</localidade>
    <uf>AL</uf>
    <estado>Alagoas</estado>
    <região/>
    <ibge>2704302</ibge>
    <gia/>
    <ddd>82</ddd>
    <siafi>2785</siafi>
  </cep>
  <cep>
    <cep>57025-155</cep>
    <logradouro>Rua José Pinto de Barros</logradouro>
    <complemento/>
    <unidade/>
    <bairro>Poço</bairro>
    <localidade>Maceió</localidade>
    <uf>AL</uf>
    <estado>Alagoas</estado>
    <região/>
    <ibge>2704302</ibge>
    <gia/>
    <ddd>82</ddd>
    <siafi>2785</siafi>
  </cep>
  <cep>
    <cep>57025-032</cep>
    <logradouro>Rua Luiz Campos Teixeira</logradouro>
    <complemento>até 391/392</complemento>
    <unidade/>
    <bairro>Poço</bairro>
    <localidade>Maceió</localidade>
    <uf>AL</uf>
    <estado>Alagoas</estado>
    <região/>
    <ibge>2704302</ibge>
    <gia/>
    <ddd>82</ddd>
    <siafi>2785</siafi>
  </cep>
  <cep>
    <cep>57022-280</cep>
    <logradouro>Rua Senador Barros Leite</logradouro>
    <complemento/>
    <unidade/>
    <bairro>Jaraguá</bairro>
    <localidade>Maceió</localidade>
    <uf>AL</uf>
    <estado>Alagoas</estado>
    <região/>
    <ibge>2704302</ibge>
    <gia/>
    <ddd>82</ddd>
    <siafi>2785</siafi>
  </cep>
  <cep>
    <cep>57025-196</cep>
    <logradouro>Rua Estudante Luiz Alberto Barreiros de Araujo</logradouro>
    <complemento>até 170/171</complemento>
    <unidade/>
    <bairro>Poço</bairro>
    <localidade>Maceió</localidade>
    <uf>AL</uf>
    <estado>Alagoas</estado>
    <região/>
    <ibge>2704302</ibge>
    <gia/>
    <ddd>82</ddd>
    <siafi>2785</siafi>
  </cep>
  <cep>
    <cep>57022-189</cep>
    <logradouro>Rua Elísio de Carvalho</logradouro>
    <complemento>até 88/89</complemento>
    <unidade/>
    <bairro>Jaraguá</bairro>
    <localidade>Maceió</localidade>
    <uf>AL</uf>
    <estado>Alagoas</estado>
    <região/>
    <ibge>2704302</ibge>
    <gia/>
    <ddd>82</ddd>
    <siafi>2785</siafi>
  </cep>
  <cep>
    <cep>57025-165</cep>
    <logradouro>Rua Josefa Cavalcante Suruagy</logradouro>
    <complemento/>
    <unidade/>
    <bairro>Poço</bairro>
    <localidade>Maceió</localidade>
    <uf>AL</uf>
    <estado>Alagoas</estado>
    <região/>
    <ibge>2704302</ibge>
    <gia/>
    <ddd>82</ddd>
    <siafi>2785</siafi>
  </cep>
  <cep>
    <cep>57025-034</cep>
    <logradouro>Rua Luiz Campos Teixeira</logradouro>
    <complemento>de 393/394 a 919/920</complemento>
    <unidade/>
    <bairro>Poço</bairro>
    <localidade>Maceió</localidade>
    <uf>AL</uf>
    <estado>Alagoas</estado>
    <região/>
    <ibge>2704302</ibge>
    <gia/>
    <ddd>82</ddd>
    <siafi>2785</siafi>
  </cep>
  <cep>
    <cep>57022-250</cep>
    <logradouro>Travessa Rodrigues Alves</logradouro>
    <complemento/>
    <unidade/>
    <bairro>Jaraguá</bairro>
    <localidade>Maceió</localidade>
    <uf>AL</uf>
    <estado>Alagoas</estado>
    <região/>
    <ibge>2704302</ibge>
    <gia/>
    <ddd>82</ddd>
    <siafi>2785</siafi>
  </cep>
  <cep>
    <cep>57025-027</cep>
    <logradouro>Travessa Lafayete Pacheco</logradouro>
    <complemento/>
    <unidade/>
    <bairro>Poço</bairro>
    <localidade>Maceió</localidade>
    <uf>AL</uf>
    <estado>Alagoas</estado>
    <região/>
    <ibge>2704302</ibge>
    <gia/>
    <ddd>82</ddd>
    <siafi>2785</siafi>
  </cep>
  <cep>
    <cep>57025-185</cep>
    <logradouro>Rua Leonêncio Novais de Castro</logradouro>
    <complemento/>
    <unidade/>
    <bairro>Poço</bairro>
    <localidade>Maceió</localidade>
    <uf>AL</uf>
    <estado>Alagoas</estado>
    <região/>
    <ibge>2704302</ibge>
    <gia/>
    <ddd>82</ddd>
    <siafi>2785</siafi>
  </cep>
  <cep>
    <cep>57025-055</cep>
    <logradouro>Rua Coronel Kleber Rodrigues</logradouro>
    <complemento/>
    <unidade/>
    <bairro>Poço</bairro>
    <localidade>Maceió</localidade>
    <uf>AL</uf>
    <estado>Alagoas</estado>
    <região/>
    <ibge>2704302</ibge>
    <gia/>
    <ddd>82</ddd>
    <siafi>2785</siafi>
  </cep>
  <cep>
    <cep>57022-260</cep>
    <logradouro>Rua Santa Leopoldina</logradouro>
    <complemento/>
    <unidade/>
    <bairro>Jaraguá</bairro>
    <localidade>Maceió</localidade>
    <uf>AL</uf>
    <estado>Alagoas</estado>
    <região/>
    <ibge>2704302</ibge>
    <gia/>
    <ddd>82</ddd>
    <siafi>2785</siafi>
  </cep>
  <cep>
    <cep>57025-197</cep>
    <logradouro>Rua Gastão Silva</logradouro>
    <complemento/>
    <unidade/>
    <bairro>Poço</bairro>
    <localidade>Maceió</localidade>
    <uf>AL</uf>
    <estado>Alagoas</estado>
    <região/>
    <ibge>2704302</ibge>
    <gia/>
    <ddd>82</ddd>
    <siafi>2785</siafi>
  </cep>
  <cep>
    <cep>57025-170</cep>
    <logradouro>Rua Diamantina Marques Luz</logradouro>
    <complemento/>
    <unidade/>
    <bairro>Poço</bairro>
    <localidade>Maceió</localidade>
    <uf>AL</uf>
    <estado>Alagoas</estado>
    <região/>
    <ibge>2704302</ibge>
    <gia/>
    <ddd>82</ddd>
    <siafi>2785</siafi>
  </cep>
  <cep>
    <cep>57025-200</cep>
    <logradouro>Rua Félix Lima Júnior</logradouro>
    <complemento/>
    <unidade/>
    <bairro>Poço</bairro>
    <localidade>Maceió</localidade>
    <uf>AL</uf>
    <estado>Alagoas</estado>
    <região/>
    <ibge>2704302</ibge>
    <gia/>
    <ddd>82</ddd>
    <siafi>2785</siafi>
  </cep>
  <cep>
    <cep>57025-205</cep>
    <logradouro>Rua Capitão Manoel Leite Brandão</logradouro>
    <complemento/>
    <unidade/>
    <bairro>Poço</bairro>
    <localidade>Maceió</localidade>
    <uf>AL</uf>
    <estado>Alagoas</estado>
    <região/>
    <ibge>2704302</ibge>
    <gia/>
    <ddd>82</ddd>
    <siafi>2785</siafi>
  </cep>
  <cep>
    <cep>57025-223</cep>
    <logradouro>Rua Soldado Eduardo dos Santos</logradouro>
    <complemento/>
    <unidade/>
    <bairro>Poço</bairro>
    <localidade>Maceió</localidade>
    <uf>AL</uf>
    <estado>Alagoas</estado>
    <região/>
    <ibge>2704302</ibge>
    <gia/>
    <ddd>82</ddd>
    <siafi>2785</siafi>
  </cep>
  <cep>
    <cep>57025-245</cep>
    <logradouro>Rua Presidente Agostinho da Silva Neves</logradouro>
    <complemento/>
    <unidade/>
    <bairro>Poço</bairro>
    <localidade>Maceió</localidade>
    <uf>AL</uf>
    <estado>Alagoas</estado>
    <região/>
    <ibge>2704302</ibge>
    <gia/>
    <ddd>82</ddd>
    <siafi>2785</siafi>
  </cep>
  <cep>
    <cep>57025-225</cep>
    <logradouro>Rua Pedro Alcântara Maranhão</logradouro>
    <complemento/>
    <unidade/>
    <bairro>Poço</bairro>
    <localidade>Maceió</localidade>
    <uf>AL</uf>
    <estado>Alagoas</estado>
    <região/>
    <ibge>2704302</ibge>
    <gia/>
    <ddd>82</ddd>
    <siafi>2785</siafi>
  </cep>
  <cep>
    <cep>57025-235</cep>
    <logradouro>Rua Poeta Lourival Passos</logradouro>
    <complemento/>
    <unidade/>
    <bairro>Poço</bairro>
    <localidade>Maceió</localidade>
    <uf>AL</uf>
    <estado>Alagoas</estado>
    <região/>
    <ibge>2704302</ibge>
    <gia/>
    <ddd>82</ddd>
    <siafi>2785</siafi>
  </cep>
  <cep>
    <cep>57025-261</cep>
    <logradouro>Rua Bacharel Jacinto Buarque</logradouro>
    <complemento>lado par</complemento>
    <unidade/>
    <bairro>Poço</bairro>
    <localidade>Maceió</localidade>
    <uf>AL</uf>
    <estado>Alagoas</estado>
    <região/>
    <ibge>2704302</ibge>
    <gia/>
    <ddd>82</ddd>
    <siafi>2785</siafi>
  </cep>
  <cep>
    <cep>57025-263</cep>
    <logradouro>Rua Coronel Adauto Gomes Barbosa</logradouro>
    <complemento>lado ímpar</complemento>
    <unidade/>
    <bairro>Poço</bairro>
    <localidade>Maceió</localidade>
    <uf>AL</uf>
    <estado>Alagoas</estado>
    <região/>
    <ibge>2704302</ibge>
    <gia/>
    <ddd>82</ddd>
    <siafi>2785</siafi>
  </cep>
  <cep>
    <cep>57025-260</cep>
    <logradouro>Alameda Capitão Marinho Falcão</logradouro>
    <complemento/>
    <unidade/>
    <bairro>Poço</bairro>
    <localidade>Maceió</localidade>
    <uf>AL</uf>
    <estado>Alagoas</estado>
    <região/>
    <ibge>2704302</ibge>
    <gia/>
    <ddd>82</ddd>
    <siafi>2785</siafi>
  </cep>
  <cep>
    <cep>57025-262</cep>
    <logradouro>Rua Dulce Dantas de Loureiro</logradouro>
    <complemento/>
    <unidade/>
    <bairro>Poço</bairro>
    <localidade>Maceió</localidade>
    <uf>AL</uf>
    <estado>Alagoas</estado>
    <região/>
    <ibge>2704302</ibge>
    <gia/>
    <ddd>82</ddd>
    <siafi>2785</siafi>
  </cep>
  <cep>
    <cep>57025-265</cep>
    <logradouro>Rua Professor Moreno Brandão</logradouro>
    <complemento/>
    <unidade/>
    <bairro>Poço</bairro>
    <localidade>Maceió</localidade>
    <uf>AL</uf>
    <estado>Alagoas</estado>
    <região/>
    <ibge>2704302</ibge>
    <gia/>
    <ddd>82</ddd>
    <siafi>2785</siafi>
  </cep>
  <cep>
    <cep>57025-275</cep>
    <logradouro>Avenida Deputado Humberto Mendes</logradouro>
    <complemento/>
    <unidade/>
    <bairro>Poço</bairro>
    <localidade>Maceió</localidade>
    <uf>AL</uf>
    <estado>Alagoas</estado>
    <região/>
    <ibge>2704302</ibge>
    <gia/>
    <ddd>82</ddd>
    <siafi>2785</siafi>
  </cep>
  <cep>
    <cep>57025-270</cep>
    <logradouro>Rua Álvaro Oliveira</logradouro>
    <complemento/>
    <unidade/>
    <bairro>Poço</bairro>
    <localidade>Maceió</localidade>
    <uf>AL</uf>
    <estado>Alagoas</estado>
    <região/>
    <ibge>2704302</ibge>
    <gia/>
    <ddd>82</ddd>
    <siafi>2785</siafi>
  </cep>
  <cep>
    <cep>57025-280</cep>
    <logradouro>Rua Aprígio Francisco de Souza</logradouro>
    <complemento/>
    <unidade/>
    <bairro>Poço</bairro>
    <localidade>Maceió</localidade>
    <uf>AL</uf>
    <estado>Alagoas</estado>
    <região/>
    <ibge>2704302</ibge>
    <gia/>
    <ddd>82</ddd>
    <siafi>2785</siafi>
  </cep>
  <cep>
    <cep>57025-285</cep>
    <logradouro>Rua Sargento Benevides Montes</logradouro>
    <complemento/>
    <unidade/>
    <bairro>Poço</bairro>
    <localidade>Maceió</localidade>
    <uf>AL</uf>
    <estado>Alagoas</estado>
    <região/>
    <ibge>2704302</ibge>
    <gia/>
    <ddd>82</ddd>
    <siafi>2785</siafi>
  </cep>
  <cep>
    <cep>57025-290</cep>
    <logradouro>Vila dos Bancários</logradouro>
    <complemento/>
    <unidade/>
    <bairro>Poço</bairro>
    <localidade>Maceió</localidade>
    <uf>AL</uf>
    <estado>Alagoas</estado>
    <região/>
    <ibge>2704302</ibge>
    <gia/>
    <ddd>82</ddd>
    <siafi>2785</siafi>
  </cep>
  <cep>
    <cep>57025-296</cep>
    <logradouro>Rua Sargento Alberto Melo Costa</logradouro>
    <complemento/>
    <unidade/>
    <bairro>Poço</bairro>
    <localidade>Maceió</localidade>
    <uf>AL</uf>
    <estado>Alagoas</estado>
    <região/>
    <ibge>2704302</ibge>
    <gia/>
    <ddd>82</ddd>
    <siafi>2785</siafi>
  </cep>
  <cep>
    <cep>57025-315</cep>
    <logradouro>Rua Tenente José Ferreira de Souza</logradouro>
    <complemento/>
    <unidade/>
    <bairro>Poço</bairro>
    <localidade>Maceió</localidade>
    <uf>AL</uf>
    <estado>Alagoas</estado>
    <região/>
    <ibge>2704302</ibge>
    <gia/>
    <ddd>82</ddd>
    <siafi>2785</siafi>
  </cep>
  <cep>
    <cep>57025-350</cep>
    <logradouro>Rua Pernambuco</logradouro>
    <complemento/>
    <unidade/>
    <bairro>Poço</bairro>
    <localidade>Maceió</localidade>
    <uf>AL</uf>
    <estado>Alagoas</estado>
    <região/>
    <ibge>2704302</ibge>
    <gia/>
    <ddd>82</ddd>
    <siafi>2785</siafi>
  </cep>
  <cep>
    <cep>57025-395</cep>
    <logradouro>Rua José Mendes da Silva</logradouro>
    <complemento>(Cj R da Gávea)</complemento>
    <unidade/>
    <bairro>Poço</bairro>
    <localidade>Maceió</localidade>
    <uf>AL</uf>
    <estado>Alagoas</estado>
    <região/>
    <ibge>2704302</ibge>
    <gia/>
    <ddd>82</ddd>
    <siafi>2785</siafi>
  </cep>
  <cep>
    <cep>57025-400</cep>
    <logradouro>Rua Doutor Pedro Jorge Melo e Silva</logradouro>
    <complemento/>
    <unidade/>
    <bairro>Poço</bairro>
    <localidade>Maceió</localidade>
    <uf>AL</uf>
    <estado>Alagoas</estado>
    <região/>
    <ibge>2704302</ibge>
    <gia/>
    <ddd>82</ddd>
    <siafi>2785</siafi>
  </cep>
  <cep>
    <cep>57025-420</cep>
    <logradouro>Praça Treze de Maio</logradouro>
    <complemento/>
    <unidade/>
    <bairro>Poço</bairro>
    <localidade>Maceió</localidade>
    <uf>AL</uf>
    <estado>Alagoas</estado>
    <região/>
    <ibge>2704302</ibge>
    <gia/>
    <ddd>82</ddd>
    <siafi>2785</siafi>
  </cep>
  <cep>
    <cep>57025-430</cep>
    <logradouro>Rua Bernardes Guimarães</logradouro>
    <complemento/>
    <unidade/>
    <bairro>Poço</bairro>
    <localidade>Maceió</localidade>
    <uf>AL</uf>
    <estado>Alagoas</estado>
    <região/>
    <ibge>2704302</ibge>
    <gia/>
    <ddd>82</ddd>
    <siafi>2785</siafi>
  </cep>
  <cep>
    <cep>57025-370</cep>
    <logradouro>Vila Quebrangulo</logradouro>
    <complemento/>
    <unidade/>
    <bairro>Poço</bairro>
    <localidade>Maceió</localidade>
    <uf>AL</uf>
    <estado>Alagoas</estado>
    <região/>
    <ibge>2704302</ibge>
    <gia/>
    <ddd>82</ddd>
    <siafi>2785</siafi>
  </cep>
  <cep>
    <cep>57025-450</cep>
    <logradouro>Rua Carlos Gomes</logradouro>
    <complemento/>
    <unidade/>
    <bairro>Poço</bairro>
    <localidade>Maceió</localidade>
    <uf>AL</uf>
    <estado>Alagoas</estado>
    <região/>
    <ibge>2704302</ibge>
    <gia/>
    <ddd>82</ddd>
    <siafi>2785</siafi>
  </cep>
  <cep>
    <cep>57025-330</cep>
    <logradouro>Vila Nossa Senhora do Carmo</logradouro>
    <complemento/>
    <unidade/>
    <bairro>Poço</bairro>
    <localidade>Maceió</localidade>
    <uf>AL</uf>
    <estado>Alagoas</estado>
    <região/>
    <ibge>2704302</ibge>
    <gia/>
    <ddd>82</ddd>
    <siafi>2785</siafi>
  </cep>
  <cep>
    <cep>57025-440</cep>
    <logradouro>Rua Doutor José Bezerra de Menezes</logradouro>
    <complemento/>
    <unidade/>
    <bairro>Poço</bairro>
    <localidade>Maceió</localidade>
    <uf>AL</uf>
    <estado>Alagoas</estado>
    <região/>
    <ibge>2704302</ibge>
    <gia/>
    <ddd>82</ddd>
    <siafi>2785</siafi>
  </cep>
  <cep>
    <cep>57025-550</cep>
    <logradouro>Rua Salvador Calmon</logradouro>
    <complemento/>
    <unidade/>
    <bairro>Poço</bairro>
    <localidade>Maceió</localidade>
    <uf>AL</uf>
    <estado>Alagoas</estado>
    <região/>
    <ibge>2704302</ibge>
    <gia/>
    <ddd>82</ddd>
    <siafi>2785</siafi>
  </cep>
  <cep>
    <cep>57025-560</cep>
    <logradouro>Rua Senador Bernardo Sobrinho</logradouro>
    <complemento/>
    <unidade/>
    <bairro>Poço</bairro>
    <localidade>Maceió</localidade>
    <uf>AL</uf>
    <estado>Alagoas</estado>
    <região/>
    <ibge>2704302</ibge>
    <gia/>
    <ddd>82</ddd>
    <siafi>2785</siafi>
  </cep>
  <cep>
    <cep>57025-570</cep>
    <logradouro>Rua José Maria de Lima</logradouro>
    <complemento/>
    <unidade/>
    <bairro>Poço</bairro>
    <localidade>Maceió</localidade>
    <uf>AL</uf>
    <estado>Alagoas</estado>
    <região/>
    <ibge>2704302</ibge>
    <gia/>
    <ddd>82</ddd>
    <siafi>2785</siafi>
  </cep>
  <cep>
    <cep>57025-600</cep>
    <logradouro>Travessa Senhor do Bonfim</logradouro>
    <complemento/>
    <unidade/>
    <bairro>Poço</bairro>
    <localidade>Maceió</localidade>
    <uf>AL</uf>
    <estado>Alagoas</estado>
    <região/>
    <ibge>2704302</ibge>
    <gia/>
    <ddd>82</ddd>
    <siafi>2785</siafi>
  </cep>
  <cep>
    <cep>57025-608</cep>
    <logradouro>Praça Dona Constança de Góes Monteiro</logradouro>
    <complemento/>
    <unidade/>
    <bairro>Poço</bairro>
    <localidade>Maceió</localidade>
    <uf>AL</uf>
    <estado>Alagoas</estado>
    <região/>
    <ibge>2704302</ibge>
    <gia/>
    <ddd>82</ddd>
    <siafi>2785</siafi>
  </cep>
  <cep>
    <cep>57025-568</cep>
    <logradouro>Praça Unidos do Poço</logradouro>
    <complemento/>
    <unidade/>
    <bairro>Poço</bairro>
    <localidade>Maceió</localidade>
    <uf>AL</uf>
    <estado>Alagoas</estado>
    <região/>
    <ibge>2704302</ibge>
    <gia/>
    <ddd>82</ddd>
    <siafi>2785</siafi>
  </cep>
  <cep>
    <cep>57025-294</cep>
    <logradouro>Rua Soldado José Guilherme da Silva</logradouro>
    <complemento>até 205/206</complemento>
    <unidade/>
    <bairro>Poço</bairro>
    <localidade>Maceió</localidade>
    <uf>AL</uf>
    <estado>Alagoas</estado>
    <região/>
    <ibge>2704302</ibge>
    <gia/>
    <ddd>82</ddd>
    <siafi>2785</siafi>
  </cep>
  <cep>
    <cep>57025-480</cep>
    <logradouro>Praça Guimarães Passos</logradouro>
    <complemento/>
    <unidade/>
    <bairro>Poço</bairro>
    <localidade>Maceió</localidade>
    <uf>AL</uf>
    <estado>Alagoas</estado>
    <região/>
    <ibge>2704302</ibge>
    <gia/>
    <ddd>82</ddd>
    <siafi>2785</siafi>
  </cep>
  <cep>
    <cep>57025-390</cep>
    <logradouro>Rua Santa Ana</logradouro>
    <complemento/>
    <unidade/>
    <bairro>Poço</bairro>
    <localidade>Maceió</localidade>
    <uf>AL</uf>
    <estado>Alagoas</estado>
    <região/>
    <ibge>2704302</ibge>
    <gia/>
    <ddd>82</ddd>
    <siafi>2785</siafi>
  </cep>
  <cep>
    <cep>57025-510</cep>
    <logradouro>Avenida Walter Ananias</logradouro>
    <complemento>de 528 ao fim - lado par</complemento>
    <unidade/>
    <bairro>Poço</bairro>
    <localidade>Maceió</localidade>
    <uf>AL</uf>
    <estado>Alagoas</estado>
    <região/>
    <ibge>2704302</ibge>
    <gia/>
    <ddd>82</ddd>
    <siafi>2785</siafi>
  </cep>
  <cep>
    <cep>57025-630</cep>
    <logradouro>Travessa Cipriano Jucá</logradouro>
    <complemento/>
    <unidade/>
    <bairro>Poço</bairro>
    <localidade>Maceió</localidade>
    <uf>AL</uf>
    <estado>Alagoas</estado>
    <região/>
    <ibge>2704302</ibge>
    <gia/>
    <ddd>82</ddd>
    <siafi>2785</siafi>
  </cep>
  <cep>
    <cep>57025-355</cep>
    <logradouro>Avenida Dona Constança de Góes Monteiro</logradouro>
    <complemento>até 220 - lado par</complemento>
    <unidade/>
    <bairro>Poço</bairro>
    <localidade>Maceió</localidade>
    <uf>AL</uf>
    <estado>Alagoas</estado>
    <região/>
    <ibge>2704302</ibge>
    <gia/>
    <ddd>82</ddd>
    <siafi>2785</siafi>
  </cep>
  <cep>
    <cep>57025-490</cep>
    <logradouro>Rua Inácio Calmon</logradouro>
    <complemento/>
    <unidade/>
    <bairro>Poço</bairro>
    <localidade>Maceió</localidade>
    <uf>AL</uf>
    <estado>Alagoas</estado>
    <região/>
    <ibge>2704302</ibge>
    <gia/>
    <ddd>82</ddd>
    <siafi>2785</siafi>
  </cep>
  <cep>
    <cep>57025-530</cep>
    <logradouro>Rua Marquês de Tamandaré</logradouro>
    <complemento/>
    <unidade/>
    <bairro>Poço</bairro>
    <localidade>Maceió</localidade>
    <uf>AL</uf>
    <estado>Alagoas</estado>
    <região/>
    <ibge>2704302</ibge>
    <gia/>
    <ddd>82</ddd>
    <siafi>2785</siafi>
  </cep>
  <cep>
    <cep>57025-380</cep>
    <logradouro>Rua Recife</logradouro>
    <complemento/>
    <unidade/>
    <bairro>Poço</bairro>
    <localidade>Maceió</localidade>
    <uf>AL</uf>
    <estado>Alagoas</estado>
    <região/>
    <ibge>2704302</ibge>
    <gia/>
    <ddd>82</ddd>
    <siafi>2785</siafi>
  </cep>
  <cep>
    <cep>57025-500</cep>
    <logradouro>Rua João Omena de Andrade</logradouro>
    <complemento/>
    <unidade/>
    <bairro>Poço</bairro>
    <localidade>Maceió</localidade>
    <uf>AL</uf>
    <estado>Alagoas</estado>
    <região/>
    <ibge>2704302</ibge>
    <gia/>
    <ddd>82</ddd>
    <siafi>2785</siafi>
  </cep>
  <cep>
    <cep>57025-305</cep>
    <logradouro>Rua Tenente Darcy Barbosa da Silva</logradouro>
    <complemento/>
    <unidade/>
    <bairro>Poço</bairro>
    <localidade>Maceió</localidade>
    <uf>AL</uf>
    <estado>Alagoas</estado>
    <região/>
    <ibge>2704302</ibge>
    <gia/>
    <ddd>82</ddd>
    <siafi>2785</siafi>
  </cep>
  <cep>
    <cep>57025-410</cep>
    <logradouro>Rua Treze de Maio</logradouro>
    <complemento/>
    <unidade/>
    <bairro>Poço</bairro>
    <localidade>Maceió</localidade>
    <uf>AL</uf>
    <estado>Alagoas</estado>
    <região/>
    <ibge>2704302</ibge>
    <gia/>
    <ddd>82</ddd>
    <siafi>2785</siafi>
  </cep>
  <cep>
    <cep>57025-625</cep>
    <logradouro>Travessa Waldemar Bastos</logradouro>
    <complemento/>
    <unidade/>
    <bairro>Poço</bairro>
    <localidade>Maceió</localidade>
    <uf>AL</uf>
    <estado>Alagoas</estado>
    <região/>
    <ibge>2704302</ibge>
    <gia/>
    <ddd>82</ddd>
    <siafi>2785</siafi>
  </cep>
  <cep>
    <cep>57025-470</cep>
    <logradouro>Rua Despachante João Jambo</logradouro>
    <complemento/>
    <unidade/>
    <bairro>Poço</bairro>
    <localidade>Maceió</localidade>
    <uf>AL</uf>
    <estado>Alagoas</estado>
    <região/>
    <ibge>2704302</ibge>
    <gia/>
    <ddd>82</ddd>
    <siafi>2785</siafi>
  </cep>
  <cep>
    <cep>57025-460</cep>
    <logradouro>Rua Castro Alves</logradouro>
    <complemento/>
    <unidade/>
    <bairro>Poço</bairro>
    <localidade>Maceió</localidade>
    <uf>AL</uf>
    <estado>Alagoas</estado>
    <região/>
    <ibge>2704302</ibge>
    <gia/>
    <ddd>82</ddd>
    <siafi>2785</siafi>
  </cep>
  <cep>
    <cep>57025-644</cep>
    <logradouro>Rua B</logradouro>
    <complemento>(Conjunto Melo Costa)</complemento>
    <unidade/>
    <bairro>Poço</bairro>
    <localidade>Maceió</localidade>
    <uf>AL</uf>
    <estado>Alagoas</estado>
    <região/>
    <ibge>2704302</ibge>
    <gia/>
    <ddd>82</ddd>
    <siafi>2785</siafi>
  </cep>
  <cep>
    <cep>57025-645</cep>
    <logradouro>Ladeira Jacinto de Ataíde</logradouro>
    <complemento/>
    <unidade/>
    <bairro>Poço</bairro>
    <localidade>Maceió</localidade>
    <uf>AL</uf>
    <estado>Alagoas</estado>
    <região/>
    <ibge>2704302</ibge>
    <gia/>
    <ddd>82</ddd>
    <siafi>2785</siafi>
  </cep>
  <cep>
    <cep>57025-646</cep>
    <logradouro>Rua C</logradouro>
    <complemento>(Conjunto Melo Costa)</complemento>
    <unidade/>
    <bairro>Poço</bairro>
    <localidade>Maceió</localidade>
    <uf>AL</uf>
    <estado>Alagoas</estado>
    <região/>
    <ibge>2704302</ibge>
    <gia/>
    <ddd>82</ddd>
    <siafi>2785</siafi>
  </cep>
  <cep>
    <cep>57025-641</cep>
    <logradouro>Travessa Comendador Calaça</logradouro>
    <complemento>lado ímpar</complemento>
    <unidade/>
    <bairro>Poço</bairro>
    <localidade>Maceió</localidade>
    <uf>AL</uf>
    <estado>Alagoas</estado>
    <região/>
    <ibge>2704302</ibge>
    <gia/>
    <ddd>82</ddd>
    <siafi>2785</siafi>
  </cep>
  <cep>
    <cep>57025-649</cep>
    <logradouro>Rua C - 3</logradouro>
    <complemento>(Conjunto Melo Costa)</complemento>
    <unidade/>
    <bairro>Poço</bairro>
    <localidade>Maceió</localidade>
    <uf>AL</uf>
    <estado>Alagoas</estado>
    <região/>
    <ibge>2704302</ibge>
    <gia/>
    <ddd>82</ddd>
    <siafi>2785</siafi>
  </cep>
  <cep>
    <cep>57025-650</cep>
    <logradouro>Rua Diégues Júnior</logradouro>
    <complemento>até 941/942</complemento>
    <unidade/>
    <bairro>Poço</bairro>
    <localidade>Maceió</localidade>
    <uf>AL</uf>
    <estado>Alagoas</estado>
    <região/>
    <ibge>2704302</ibge>
    <gia/>
    <ddd>82</ddd>
    <siafi>2785</siafi>
  </cep>
  <cep>
    <cep>57025-415</cep>
    <logradouro>Travessa Treze de Maio</logradouro>
    <complemento/>
    <unidade/>
    <bairro>Poço</bairro>
    <localidade>Maceió</localidade>
    <uf>AL</uf>
    <estado>Alagoas</estado>
    <região/>
    <ibge>2704302</ibge>
    <gia/>
    <ddd>82</ddd>
    <siafi>2785</siafi>
  </cep>
  <cep>
    <cep>57025-654</cep>
    <logradouro>Rua A - 2</logradouro>
    <complemento>(Conjunto Melo Costa)</complemento>
    <unidade/>
    <bairro>Poço</bairro>
    <localidade>Maceió</localidade>
    <uf>AL</uf>
    <estado>Alagoas</estado>
    <região/>
    <ibge>2704302</ibge>
    <gia/>
    <ddd>82</ddd>
    <siafi>2785</siafi>
  </cep>
  <cep>
    <cep>57025-643</cep>
    <logradouro>Rua A</logradouro>
    <complemento>(Conjunto Melo Costa)</complemento>
    <unidade/>
    <bairro>Poço</bairro>
    <localidade>Maceió</localidade>
    <uf>AL</uf>
    <estado>Alagoas</estado>
    <região/>
    <ibge>2704302</ibge>
    <gia/>
    <ddd>82</ddd>
    <siafi>2785</siafi>
  </cep>
  <cep>
    <cep>57025-640</cep>
    <logradouro>Avenida Comendador Calaça</logradouro>
    <complemento/>
    <unidade/>
    <bairro>Poço</bairro>
    <localidade>Maceió</localidade>
    <uf>AL</uf>
    <estado>Alagoas</estado>
    <região/>
    <ibge>2704302</ibge>
    <gia/>
    <ddd>82</ddd>
    <siafi>2785</siafi>
  </cep>
  <cep>
    <cep>57025-602</cep>
    <logradouro>Rua Antonio Gomes Teixeira</logradouro>
    <complemento/>
    <unidade/>
    <bairro>Poço</bairro>
    <localidade>Maceió</localidade>
    <uf>AL</uf>
    <estado>Alagoas</estado>
    <região/>
    <ibge>2704302</ibge>
    <gia/>
    <ddd>82</ddd>
    <siafi>2785</siafi>
  </cep>
  <cep>
    <cep>57025-455</cep>
    <logradouro>Rua Mariontina Morais Cavalcanti</logradouro>
    <complemento/>
    <unidade/>
    <bairro>Poço</bairro>
    <localidade>Maceió</localidade>
    <uf>AL</uf>
    <estado>Alagoas</estado>
    <região/>
    <ibge>2704302</ibge>
    <gia/>
    <ddd>82</ddd>
    <siafi>2785</siafi>
  </cep>
  <cep>
    <cep>57025-320</cep>
    <logradouro>Avenida José Omena Barbosa</logradouro>
    <complemento/>
    <unidade/>
    <bairro>Poço</bairro>
    <localidade>Maceió</localidade>
    <uf>AL</uf>
    <estado>Alagoas</estado>
    <região/>
    <ibge>2704302</ibge>
    <gia/>
    <ddd>82</ddd>
    <siafi>2785</siafi>
  </cep>
  <cep>
    <cep>57025-655</cep>
    <logradouro>1ª Travessa Diégues Júnior</logradouro>
    <complemento/>
    <unidade/>
    <bairro>Poço</bairro>
    <localidade>Maceió</localidade>
    <uf>AL</uf>
    <estado>Alagoas</estado>
    <região/>
    <ibge>2704302</ibge>
    <gia/>
    <ddd>82</ddd>
    <siafi>2785</siafi>
  </cep>
  <cep>
    <cep>57025-357</cep>
    <logradouro>Travessa Dona Constança</logradouro>
    <complemento/>
    <unidade/>
    <bairro>Poço</bairro>
    <localidade>Maceió</localidade>
    <uf>AL</uf>
    <estado>Alagoas</estado>
    <região/>
    <ibge>2704302</ibge>
    <gia/>
    <ddd>82</ddd>
    <siafi>2785</siafi>
  </cep>
  <cep>
    <cep>57025-652</cep>
    <logradouro>Rua C - 5</logradouro>
    <complemento>(Conjunto Melo Costa)</complemento>
    <unidade/>
    <bairro>Poço</bairro>
    <localidade>Maceió</localidade>
    <uf>AL</uf>
    <estado>Alagoas</estado>
    <região/>
    <ibge>2704302</ibge>
    <gia/>
    <ddd>82</ddd>
    <siafi>2785</siafi>
  </cep>
  <cep>
    <cep>57025-300</cep>
    <logradouro>Rua Esmeraldino Marinho Spíndola Sobrinho</logradouro>
    <complemento/>
    <unidade/>
    <bairro>Poço</bairro>
    <localidade>Maceió</localidade>
    <uf>AL</uf>
    <estado>Alagoas</estado>
    <região/>
    <ibge>2704302</ibge>
    <gia/>
    <ddd>82</ddd>
    <siafi>2785</siafi>
  </cep>
  <cep>
    <cep>57025-340</cep>
    <logradouro>Rua Pedro Paulino</logradouro>
    <complemento/>
    <unidade/>
    <bairro>Poço</bairro>
    <localidade>Maceió</localidade>
    <uf>AL</uf>
    <estado>Alagoas</estado>
    <região/>
    <ibge>2704302</ibge>
    <gia/>
    <ddd>82</ddd>
    <siafi>2785</siafi>
  </cep>
  <cep>
    <cep>57025-610</cep>
    <logradouro>Rua Jornalista Jaime de Amorim Miranda</logradouro>
    <complemento/>
    <unidade/>
    <bairro>Poço</bairro>
    <localidade>Maceió</localidade>
    <uf>AL</uf>
    <estado>Alagoas</estado>
    <região/>
    <ibge>2704302</ibge>
    <gia/>
    <ddd>82</ddd>
    <siafi>2785</siafi>
  </cep>
  <cep>
    <cep>57025-660</cep>
    <logradouro>Ladeira Doutor Geraldo Melo dos Santos</logradouro>
    <complemento>de 274/275 ao fim</complemento>
    <unidade/>
    <bairro>Poço</bairro>
    <localidade>Maceió</localidade>
    <uf>AL</uf>
    <estado>Alagoas</estado>
    <região/>
    <ibge>2704302</ibge>
    <gia/>
    <ddd>82</ddd>
    <siafi>2785</siafi>
  </cep>
  <cep>
    <cep>57025-345</cep>
    <logradouro>Travessa Nossa Senhora dos Prazeres</logradouro>
    <complemento/>
    <unidade/>
    <bairro>Poço</bairro>
    <localidade>Maceió</localidade>
    <uf>AL</uf>
    <estado>Alagoas</estado>
    <região/>
    <ibge>2704302</ibge>
    <gia/>
    <ddd>82</ddd>
    <siafi>2785</siafi>
  </cep>
  <cep>
    <cep>57025-520</cep>
    <logradouro>Rua Doutor José Mercoli dos Santos</logradouro>
    <complemento/>
    <unidade/>
    <bairro>Poço</bairro>
    <localidade>Maceió</localidade>
    <uf>AL</uf>
    <estado>Alagoas</estado>
    <região/>
    <ibge>2704302</ibge>
    <gia/>
    <ddd>82</ddd>
    <siafi>2785</siafi>
  </cep>
  <cep>
    <cep>57025-540</cep>
    <logradouro>Rua dos Operários</logradouro>
    <complemento/>
    <unidade/>
    <bairro>Poço</bairro>
    <localidade>Maceió</localidade>
    <uf>AL</uf>
    <estado>Alagoas</estado>
    <região/>
    <ibge>2704302</ibge>
    <gia/>
    <ddd>82</ddd>
    <siafi>2785</siafi>
  </cep>
  <cep>
    <cep>57025-360</cep>
    <logradouro>Rua Severina Fernandes dos Santos</logradouro>
    <complemento/>
    <unidade/>
    <bairro>Poço</bairro>
    <localidade>Maceió</localidade>
    <uf>AL</uf>
    <estado>Alagoas</estado>
    <região/>
    <ibge>2704302</ibge>
    <gia/>
    <ddd>82</ddd>
    <siafi>2785</siafi>
  </cep>
  <cep>
    <cep>57025-666</cep>
    <logradouro>Ladeira São Cristovão</logradouro>
    <complemento/>
    <unidade/>
    <bairro>Poço</bairro>
    <localidade>Maceió</localidade>
    <uf>AL</uf>
    <estado>Alagoas</estado>
    <região/>
    <ibge>2704302</ibge>
    <gia/>
    <ddd>82</ddd>
    <siafi>2785</siafi>
  </cep>
  <cep>
    <cep>57025-620</cep>
    <logradouro>Rua Cid Scalla</logradouro>
    <complemento/>
    <unidade/>
    <bairro>Poço</bairro>
    <localidade>Maceió</localidade>
    <uf>AL</uf>
    <estado>Alagoas</estado>
    <região/>
    <ibge>2704302</ibge>
    <gia/>
    <ddd>82</ddd>
    <siafi>2785</siafi>
  </cep>
  <cep>
    <cep>57025-665</cep>
    <logradouro>Rua Carlos Miranda</logradouro>
    <complemento/>
    <unidade/>
    <bairro>Poço</bairro>
    <localidade>Maceió</localidade>
    <uf>AL</uf>
    <estado>Alagoas</estado>
    <região/>
    <ibge>2704302</ibge>
    <gia/>
    <ddd>82</ddd>
    <siafi>2785</siafi>
  </cep>
  <cep>
    <cep>57025-491</cep>
    <logradouro>Vila Monteiro</logradouro>
    <complemento/>
    <unidade/>
    <bairro>Poço</bairro>
    <localidade>Maceió</localidade>
    <uf>AL</uf>
    <estado>Alagoas</estado>
    <região/>
    <ibge>2704302</ibge>
    <gia/>
    <ddd>82</ddd>
    <siafi>2785</siafi>
  </cep>
  <cep>
    <cep>57025-653</cep>
    <logradouro>Rua A - 1</logradouro>
    <complemento>(Conjunto Melo Costa)</complemento>
    <unidade/>
    <bairro>Poço</bairro>
    <localidade>Maceió</localidade>
    <uf>AL</uf>
    <estado>Alagoas</estado>
    <região/>
    <ibge>2704302</ibge>
    <gia/>
    <ddd>82</ddd>
    <siafi>2785</siafi>
  </cep>
  <cep>
    <cep>57025-647</cep>
    <logradouro>Rua C - 1</logradouro>
    <complemento>(Conjunto Melo Costa)</complemento>
    <unidade/>
    <bairro>Poço</bairro>
    <localidade>Maceió</localidade>
    <uf>AL</uf>
    <estado>Alagoas</estado>
    <região/>
    <ibge>2704302</ibge>
    <gia/>
    <ddd>82</ddd>
    <siafi>2785</siafi>
  </cep>
  <cep>
    <cep>57025-670</cep>
    <logradouro>Rua Doutor João Malaquias</logradouro>
    <complemento/>
    <unidade/>
    <bairro>Poço</bairro>
    <localidade>Maceió</localidade>
    <uf>AL</uf>
    <estado>Alagoas</estado>
    <região/>
    <ibge>2704302</ibge>
    <gia/>
    <ddd>82</ddd>
    <siafi>2785</siafi>
  </cep>
  <cep>
    <cep>57025-659</cep>
    <logradouro>Travessa Carlos de Miranda</logradouro>
    <complemento/>
    <unidade/>
    <bairro>Poço</bairro>
    <localidade>Maceió</localidade>
    <uf>AL</uf>
    <estado>Alagoas</estado>
    <região/>
    <ibge>2704302</ibge>
    <gia/>
    <ddd>82</ddd>
    <siafi>2785</siafi>
  </cep>
  <cep>
    <cep>57025-675</cep>
    <logradouro>Travessa Doutor João Malaquias</logradouro>
    <complemento/>
    <unidade/>
    <bairro>Poço</bairro>
    <localidade>Maceió</localidade>
    <uf>AL</uf>
    <estado>Alagoas</estado>
    <região/>
    <ibge>2704302</ibge>
    <gia/>
    <ddd>82</ddd>
    <siafi>2785</siafi>
  </cep>
  <cep>
    <cep>57025-678</cep>
    <logradouro>Ladeira do Marista</logradouro>
    <complemento/>
    <unidade/>
    <bairro>Poço</bairro>
    <localidade>Maceió</localidade>
    <uf>AL</uf>
    <estado>Alagoas</estado>
    <região/>
    <ibge>2704302</ibge>
    <gia/>
    <ddd>82</ddd>
    <siafi>2785</siafi>
  </cep>
  <cep>
    <cep>57025-671</cep>
    <logradouro>Rua A - 3</logradouro>
    <complemento>(Conjunto Melo Costa)</complemento>
    <unidade/>
    <bairro>Poço</bairro>
    <localidade>Maceió</localidade>
    <uf>AL</uf>
    <estado>Alagoas</estado>
    <região/>
    <ibge>2704302</ibge>
    <gia/>
    <ddd>82</ddd>
    <siafi>2785</siafi>
  </cep>
  <cep>
    <cep>57025-673</cep>
    <logradouro>Rua A - 5</logradouro>
    <complemento>(Conjunto Melo Costa)</complemento>
    <unidade/>
    <bairro>Poço</bairro>
    <localidade>Maceió</localidade>
    <uf>AL</uf>
    <estado>Alagoas</estado>
    <região/>
    <ibge>2704302</ibge>
    <gia/>
    <ddd>82</ddd>
    <siafi>2785</siafi>
  </cep>
  <cep>
    <cep>57025-669</cep>
    <logradouro>Vila Nossa Senhora Aparecida</logradouro>
    <complemento/>
    <unidade/>
    <bairro>Poço</bairro>
    <localidade>Maceió</localidade>
    <uf>AL</uf>
    <estado>Alagoas</estado>
    <região/>
    <ibge>2704302</ibge>
    <gia/>
    <ddd>82</ddd>
    <siafi>2785</siafi>
  </cep>
  <cep>
    <cep>57025-677</cep>
    <logradouro>Ladeira do Seminário</logradouro>
    <complemento/>
    <unidade/>
    <bairro>Poço</bairro>
    <localidade>Maceió</localidade>
    <uf>AL</uf>
    <estado>Alagoas</estado>
    <região/>
    <ibge>2704302</ibge>
    <gia/>
    <ddd>82</ddd>
    <siafi>2785</siafi>
  </cep>
  <cep>
    <cep>57025-672</cep>
    <logradouro>Rua A - 4</logradouro>
    <complemento>(Conjunto Melo Costa)</complemento>
    <unidade/>
    <bairro>Poço</bairro>
    <localidade>Maceió</localidade>
    <uf>AL</uf>
    <estado>Alagoas</estado>
    <região/>
    <ibge>2704302</ibge>
    <gia/>
    <ddd>82</ddd>
    <siafi>2785</siafi>
  </cep>
  <cep>
    <cep>57025-679</cep>
    <logradouro>Vila Oscar Peixoto</logradouro>
    <complemento/>
    <unidade/>
    <bairro>Poço</bairro>
    <localidade>Maceió</localidade>
    <uf>AL</uf>
    <estado>Alagoas</estado>
    <região/>
    <ibge>2704302</ibge>
    <gia/>
    <ddd>82</ddd>
    <siafi>2785</siafi>
  </cep>
  <cep>
    <cep>57025-690</cep>
    <logradouro>Rua Jornalista Lafaiete Belo</logradouro>
    <complemento/>
    <unidade/>
    <bairro>Poço</bairro>
    <localidade>Maceió</localidade>
    <uf>AL</uf>
    <estado>Alagoas</estado>
    <região/>
    <ibge>2704302</ibge>
    <gia/>
    <ddd>82</ddd>
    <siafi>2785</siafi>
  </cep>
  <cep>
    <cep>57025-710</cep>
    <logradouro>Conjunto Residencial José Batista de Almeida</logradouro>
    <complemento/>
    <unidade/>
    <bairro>Poço</bairro>
    <localidade>Maceió</localidade>
    <uf>AL</uf>
    <estado>Alagoas</estado>
    <região/>
    <ibge>2704302</ibge>
    <gia/>
    <ddd>82</ddd>
    <siafi>2785</siafi>
  </cep>
  <cep>
    <cep>57025-770</cep>
    <logradouro>Rua Ivan Bezerra Scala</logradouro>
    <complemento>(Lot Duas Irmãs)</complemento>
    <unidade/>
    <bairro>Poço</bairro>
    <localidade>Maceió</localidade>
    <uf>AL</uf>
    <estado>Alagoas</estado>
    <região/>
    <ibge>2704302</ibge>
    <gia/>
    <ddd>82</ddd>
    <siafi>2785</siafi>
  </cep>
  <cep>
    <cep>57025-760</cep>
    <logradouro>Rua Lauro Leite Martins</logradouro>
    <complemento/>
    <unidade/>
    <bairro>Poço</bairro>
    <localidade>Maceió</localidade>
    <uf>AL</uf>
    <estado>Alagoas</estado>
    <região/>
    <ibge>2704302</ibge>
    <gia/>
    <ddd>82</ddd>
    <siafi>2785</siafi>
  </cep>
  <cep>
    <cep>57025-720</cep>
    <logradouro>Conjunto Jardim Oriental</logradouro>
    <complemento/>
    <unidade/>
    <bairro>Poço</bairro>
    <localidade>Maceió</localidade>
    <uf>AL</uf>
    <estado>Alagoas</estado>
    <região/>
    <ibge>2704302</ibge>
    <gia/>
    <ddd>82</ddd>
    <siafi>2785</siafi>
  </cep>
  <cep>
    <cep>57025-730</cep>
    <logradouro>Conjunto Fraternidade</logradouro>
    <complemento/>
    <unidade/>
    <bairro>Poço</bairro>
    <localidade>Maceió</localidade>
    <uf>AL</uf>
    <estado>Alagoas</estado>
    <região/>
    <ibge>2704302</ibge>
    <gia/>
    <ddd>82</ddd>
    <siafi>2785</siafi>
  </cep>
  <cep>
    <cep>57025-700</cep>
    <logradouro>Rua Tito de Barros</logradouro>
    <complemento/>
    <unidade/>
    <bairro>Poço</bairro>
    <localidade>Maceió</localidade>
    <uf>AL</uf>
    <estado>Alagoas</estado>
    <região/>
    <ibge>2704302</ibge>
    <gia/>
    <ddd>82</ddd>
    <siafi>2785</siafi>
  </cep>
  <cep>
    <cep>57025-772</cep>
    <logradouro>Rua Lourenço de Souza Alencar</logradouro>
    <complemento>(Lot Duas Irmãs)</complemento>
    <unidade/>
    <bairro>Poço</bairro>
    <localidade>Maceió</localidade>
    <uf>AL</uf>
    <estado>Alagoas</estado>
    <região/>
    <ibge>2704302</ibge>
    <gia/>
    <ddd>82</ddd>
    <siafi>2785</siafi>
  </cep>
  <cep>
    <cep>57025-774</cep>
    <logradouro>Rua C</logradouro>
    <complemento>(Lot Duas Irmãs)</complemento>
    <unidade/>
    <bairro>Poço</bairro>
    <localidade>Maceió</localidade>
    <uf>AL</uf>
    <estado>Alagoas</estado>
    <região/>
    <ibge>2704302</ibge>
    <gia/>
    <ddd>82</ddd>
    <siafi>2785</siafi>
  </cep>
  <cep>
    <cep>57025-780</cep>
    <logradouro>Rua Cassiano de Albuquerque</logradouro>
    <complemento/>
    <unidade/>
    <bairro>Poço</bairro>
    <localidade>Maceió</localidade>
    <uf>AL</uf>
    <estado>Alagoas</estado>
    <região/>
    <ibge>2704302</ibge>
    <gia/>
    <ddd>82</ddd>
    <siafi>2785</siafi>
  </cep>
  <cep>
    <cep>57025-778</cep>
    <logradouro>Rua Elza Soriano</logradouro>
    <complemento/>
    <unidade/>
    <bairro>Poço</bairro>
    <localidade>Maceió</localidade>
    <uf>AL</uf>
    <estado>Alagoas</estado>
    <região/>
    <ibge>2704302</ibge>
    <gia/>
    <ddd>82</ddd>
    <siafi>2785</siafi>
  </cep>
  <cep>
    <cep>57025-776</cep>
    <logradouro>Rua Edson de Carvalho</logradouro>
    <complemento>(Lot Duas Irmãs)</complemento>
    <unidade/>
    <bairro>Poço</bairro>
    <localidade>Maceió</localidade>
    <uf>AL</uf>
    <estado>Alagoas</estado>
    <região/>
    <ibge>2704302</ibge>
    <gia/>
    <ddd>82</ddd>
    <siafi>2785</siafi>
  </cep>
  <cep>
    <cep>57025-790</cep>
    <logradouro>Rua Doutor Carlos Miranda</logradouro>
    <complemento/>
    <unidade/>
    <bairro>Poço</bairro>
    <localidade>Maceió</localidade>
    <uf>AL</uf>
    <estado>Alagoas</estado>
    <região/>
    <ibge>2704302</ibge>
    <gia/>
    <ddd>82</ddd>
    <siafi>2785</siafi>
  </cep>
  <cep>
    <cep/>
    <logradouro/>
    <complemento/>
    <unidade/>
    <bairro/>
    <localidade/>
    <uf/>
    <estado/>
    <região/>
    <ibge/>
    <gia/>
    <ddd/>
    <siafi/>
  </cep>
  <cep>
    <cep/>
    <logradouro/>
    <complemento/>
    <unidade/>
    <bairro/>
    <localidade/>
    <uf/>
    <estado/>
    <região/>
    <ibge/>
    <gia/>
    <ddd/>
    <siafi/>
  </cep>
  <cep>
    <cep/>
    <logradouro/>
    <complemento/>
    <unidade/>
    <bairro/>
    <localidade/>
    <uf/>
    <estado/>
    <região/>
    <ibge/>
    <gia/>
    <ddd/>
    <siafi/>
  </cep>
  <cep>
    <cep/>
    <logradouro/>
    <complemento/>
    <unidade/>
    <bairro/>
    <localidade/>
    <uf/>
    <estado/>
    <região/>
    <ibge/>
    <gia/>
    <ddd/>
    <siafi/>
  </cep>
  <cep>
    <cep/>
    <logradouro/>
    <complemento/>
    <unidade/>
    <bairro/>
    <localidade/>
    <uf/>
    <estado/>
    <região/>
    <ibge/>
    <gia/>
    <ddd/>
    <siafi/>
  </cep>
  <cep>
    <cep/>
    <logradouro/>
    <complemento/>
    <unidade/>
    <bairro/>
    <localidade/>
    <uf/>
    <estado/>
    <região/>
    <ibge/>
    <gia/>
    <ddd/>
    <siafi/>
  </cep>
  <cep>
    <cep/>
    <logradouro/>
    <complemento/>
    <unidade/>
    <bairro/>
    <localidade/>
    <uf/>
    <estado/>
    <região/>
    <ibge/>
    <gia/>
    <ddd/>
    <siafi/>
  </cep>
  <cep>
    <cep>57025-800</cep>
    <logradouro>Rua Escritor Paulino Santiago</logradouro>
    <complemento/>
    <unidade/>
    <bairro>Poço</bairro>
    <localidade>Maceió</localidade>
    <uf>AL</uf>
    <estado>Alagoas</estado>
    <região/>
    <ibge>2704302</ibge>
    <gia/>
    <ddd>82</ddd>
    <siafi>2785</siafi>
  </cep>
  <cep>
    <cep>57025-810</cep>
    <logradouro>Travessa Escritor Paulino Santiago</logradouro>
    <complemento/>
    <unidade/>
    <bairro>Poço</bairro>
    <localidade>Maceió</localidade>
    <uf>AL</uf>
    <estado>Alagoas</estado>
    <região/>
    <ibge>2704302</ibge>
    <gia/>
    <ddd>82</ddd>
    <siafi>2785</siafi>
  </cep>
  <cep>
    <cep>57025-820</cep>
    <logradouro>Rua Escrivão José de Souza</logradouro>
    <complemento/>
    <unidade/>
    <bairro>Poço</bairro>
    <localidade>Maceió</localidade>
    <uf>AL</uf>
    <estado>Alagoas</estado>
    <região/>
    <ibge>2704302</ibge>
    <gia/>
    <ddd>82</ddd>
    <siafi>2785</siafi>
  </cep>
  <cep>
    <cep>57025-830</cep>
    <logradouro>Rua Francisco Araújo</logradouro>
    <complemento/>
    <unidade/>
    <bairro>Poço</bairro>
    <localidade>Maceió</localidade>
    <uf>AL</uf>
    <estado>Alagoas</estado>
    <região/>
    <ibge>2704302</ibge>
    <gia/>
    <ddd>82</ddd>
    <siafi>2785</siafi>
  </cep>
  <cep>
    <cep>57025-840</cep>
    <logradouro>Rua Inácio Gracindo</logradouro>
    <complemento/>
    <unidade/>
    <bairro>Poço</bairro>
    <localidade>Maceió</localidade>
    <uf>AL</uf>
    <estado>Alagoas</estado>
    <região/>
    <ibge>2704302</ibge>
    <gia/>
    <ddd>82</ddd>
    <siafi>2785</siafi>
  </cep>
  <cep>
    <cep>57025-900</cep>
    <logradouro>Avenida Maceió</logradouro>
    <complemento>1615</complemento>
    <unidade>Condomínio Rosa dos Ventos</unidade>
    <bairro>Jaraguá</bairro>
    <localidade>Maceió</localidade>
    <uf>AL</uf>
    <estado>Alagoas</estado>
    <região/>
    <ibge>2704302</ibge>
    <gia/>
    <ddd>82</ddd>
    <siafi>2785</siafi>
  </cep>
  <cep>
    <cep>57025-901</cep>
    <logradouro>Rua Sá e Albuquerque</logradouro>
    <complemento>467</complemento>
    <unidade>Associação Comercial</unidade>
    <bairro>Jaraguá</bairro>
    <localidade>Maceió</localidade>
    <uf>AL</uf>
    <estado>Alagoas</estado>
    <região/>
    <ibge>2704302</ibge>
    <gia/>
    <ddd>82</ddd>
    <siafi>2785</siafi>
  </cep>
  <cep>
    <cep>57025-870</cep>
    <logradouro>Rua Maria Vitória de França Chaves</logradouro>
    <complemento/>
    <unidade/>
    <bairro>Poço</bairro>
    <localidade>Maceió</localidade>
    <uf>AL</uf>
    <estado>Alagoas</estado>
    <região/>
    <ibge>2704302</ibge>
    <gia/>
    <ddd>82</ddd>
    <siafi>2785</siafi>
  </cep>
  <cep>
    <cep>57025-903</cep>
    <logradouro>Rua Barão de Jaraguá</logradouro>
    <complemento>195</complemento>
    <unidade>Usina Triunfo</unidade>
    <bairro>Jaraguá</bairro>
    <localidade>Maceió</localidade>
    <uf>AL</uf>
    <estado>Alagoas</estado>
    <região/>
    <ibge>2704302</ibge>
    <gia/>
    <ddd>82</ddd>
    <siafi>2785</siafi>
  </cep>
  <cep>
    <cep>57025-904</cep>
    <logradouro>Rua Santa Leopoldina</logradouro>
    <complemento>435</complemento>
    <unidade>Usina Coruripe</unidade>
    <bairro>Jaraguá</bairro>
    <localidade>Maceió</localidade>
    <uf>AL</uf>
    <estado>Alagoas</estado>
    <região/>
    <ibge>2704302</ibge>
    <gia/>
    <ddd>82</ddd>
    <siafi>2785</siafi>
  </cep>
  <cep>
    <cep>57025-860</cep>
    <logradouro>Praça da Maravilha</logradouro>
    <complemento/>
    <unidade/>
    <bairro>Poço</bairro>
    <localidade>Maceió</localidade>
    <uf>AL</uf>
    <estado>Alagoas</estado>
    <região/>
    <ibge>2704302</ibge>
    <gia/>
    <ddd>82</ddd>
    <siafi>2785</siafi>
  </cep>
  <cep>
    <cep>57030-003</cep>
    <logradouro>Rua Júlio Plech Filho</logradouro>
    <complemento/>
    <unidade/>
    <bairro>Pajuçara</bairro>
    <localidade>Maceió</localidade>
    <uf>AL</uf>
    <estado>Alagoas</estado>
    <região/>
    <ibge>2704302</ibge>
    <gia/>
    <ddd>82</ddd>
    <siafi>2785</siafi>
  </cep>
  <cep>
    <cep>57030-000</cep>
    <logradouro>Rua Jangadeiros Alagoanos</logradouro>
    <complemento/>
    <unidade/>
    <bairro>Pajuçara</bairro>
    <localidade>Maceió</localidade>
    <uf>AL</uf>
    <estado>Alagoas</estado>
    <região/>
    <ibge>2704302</ibge>
    <gia/>
    <ddd>82</ddd>
    <siafi>2785</siafi>
  </cep>
  <cep>
    <cep>57025-971</cep>
    <logradouro>Rua Diégues Júnior</logradouro>
    <complemento>332</complemento>
    <unidade>CDD Maceió</unidade>
    <bairro>Poço</bairro>
    <localidade>Maceió</localidade>
    <uf>AL</uf>
    <estado>Alagoas</estado>
    <região/>
    <ibge>2704302</ibge>
    <gia/>
    <ddd>82</ddd>
    <siafi>2785</siafi>
  </cep>
  <cep>
    <cep>57030-005</cep>
    <logradouro>Rua Quintino Bocaiúva</logradouro>
    <complemento>até 998 - lado par</complemento>
    <unidade/>
    <bairro>Pajuçara</bairro>
    <localidade>Maceió</localidade>
    <uf>AL</uf>
    <estado>Alagoas</estado>
    <região/>
    <ibge>2704302</ibge>
    <gia/>
    <ddd>82</ddd>
    <siafi>2785</siafi>
  </cep>
  <cep>
    <cep>57030-009</cep>
    <logradouro>Praça Lions Club</logradouro>
    <complemento/>
    <unidade/>
    <bairro>Pajuçara</bairro>
    <localidade>Maceió</localidade>
    <uf>AL</uf>
    <estado>Alagoas</estado>
    <região/>
    <ibge>2704302</ibge>
    <gia/>
    <ddd>82</ddd>
    <siafi>2785</siafi>
  </cep>
  <cep>
    <cep>57030-050</cep>
    <logradouro>Rua Basileu Mendes</logradouro>
    <complemento/>
    <unidade/>
    <bairro>Pajuçara</bairro>
    <localidade>Maceió</localidade>
    <uf>AL</uf>
    <estado>Alagoas</estado>
    <região/>
    <ibge>2704302</ibge>
    <gia/>
    <ddd>82</ddd>
    <siafi>2785</siafi>
  </cep>
  <cep>
    <cep>57030-035</cep>
    <logradouro>Travessa Araújo Bivar</logradouro>
    <complemento/>
    <unidade/>
    <bairro>Pajuçara</bairro>
    <localidade>Maceió</localidade>
    <uf>AL</uf>
    <estado>Alagoas</estado>
    <região/>
    <ibge>2704302</ibge>
    <gia/>
    <ddd>82</ddd>
    <siafi>2785</siafi>
  </cep>
  <cep>
    <cep>57030-087</cep>
    <logradouro>Rua Elísio de Carvalho</logradouro>
    <complemento>de 105/106 ao fim</complemento>
    <unidade/>
    <bairro>Pajuçara</bairro>
    <localidade>Maceió</localidade>
    <uf>AL</uf>
    <estado>Alagoas</estado>
    <região/>
    <ibge>2704302</ibge>
    <gia/>
    <ddd>82</ddd>
    <siafi>2785</siafi>
  </cep>
  <cep>
    <cep>57030-105</cep>
    <logradouro>Praça Manoel Duarte</logradouro>
    <complemento/>
    <unidade/>
    <bairro>Pajuçara</bairro>
    <localidade>Maceió</localidade>
    <uf>AL</uf>
    <estado>Alagoas</estado>
    <região/>
    <ibge>2704302</ibge>
    <gia/>
    <ddd>82</ddd>
    <siafi>2785</siafi>
  </cep>
  <cep>
    <cep>57030-007</cep>
    <logradouro>Rua Teófilo Otoni</logradouro>
    <complemento>até 179/180</complemento>
    <unidade/>
    <bairro>Pajuçara</bairro>
    <localidade>Maceió</localidade>
    <uf>AL</uf>
    <estado>Alagoas</estado>
    <região/>
    <ibge>2704302</ibge>
    <gia/>
    <ddd>82</ddd>
    <siafi>2785</siafi>
  </cep>
  <cep>
    <cep>57030-101</cep>
    <logradouro>Rua Epaminondas Gracindo</logradouro>
    <complemento>até 160 - lado par</complemento>
    <unidade/>
    <bairro>Pajuçara</bairro>
    <localidade>Maceió</localidade>
    <uf>AL</uf>
    <estado>Alagoas</estado>
    <região/>
    <ibge>2704302</ibge>
    <gia/>
    <ddd>82</ddd>
    <siafi>2785</siafi>
  </cep>
  <cep>
    <cep>57025-902</cep>
    <logradouro>Rua Sá e Albuquerque</logradouro>
    <complemento>547</complemento>
    <unidade>Delegacia da Receita Federal</unidade>
    <bairro>Jaraguá</bairro>
    <localidade>Maceió</localidade>
    <uf>AL</uf>
    <estado>Alagoas</estado>
    <região/>
    <ibge>2704302</ibge>
    <gia/>
    <ddd>82</ddd>
    <siafi>2785</siafi>
  </cep>
  <cep>
    <cep>57030-010</cep>
    <logradouro>Rua Almirante Mascarenhas</logradouro>
    <complemento>lado par</complemento>
    <unidade/>
    <bairro>Pajuçara</bairro>
    <localidade>Maceió</localidade>
    <uf>AL</uf>
    <estado>Alagoas</estado>
    <região/>
    <ibge>2704302</ibge>
    <gia/>
    <ddd>82</ddd>
    <siafi>2785</siafi>
  </cep>
  <cep>
    <cep>57025-895</cep>
    <logradouro>Travessa Pedro Américo</logradouro>
    <complemento/>
    <unidade/>
    <bairro>Poço</bairro>
    <localidade>Maceió</localidade>
    <uf>AL</uf>
    <estado>Alagoas</estado>
    <região/>
    <ibge>2704302</ibge>
    <gia/>
    <ddd>82</ddd>
    <siafi>2785</siafi>
  </cep>
  <cep>
    <cep>57030-030</cep>
    <logradouro>Rua Araújo Bivar</logradouro>
    <complemento>lado ímpar</complemento>
    <unidade/>
    <bairro>Pajuçara</bairro>
    <localidade>Maceió</localidade>
    <uf>AL</uf>
    <estado>Alagoas</estado>
    <região/>
    <ibge>2704302</ibge>
    <gia/>
    <ddd>82</ddd>
    <siafi>2785</siafi>
  </cep>
  <cep>
    <cep>57030-081</cep>
    <logradouro>Rua Doutor Zeferino Rodrigues</logradouro>
    <complemento>até 650 - lado par</complemento>
    <unidade/>
    <bairro>Pajuçara</bairro>
    <localidade>Maceió</localidade>
    <uf>AL</uf>
    <estado>Alagoas</estado>
    <região/>
    <ibge>2704302</ibge>
    <gia/>
    <ddd>82</ddd>
    <siafi>2785</siafi>
  </cep>
  <cep>
    <cep>57030-020</cep>
    <logradouro>Rua Antônio Ferreira Rodrigues</logradouro>
    <complemento/>
    <unidade/>
    <bairro>Pajuçara</bairro>
    <localidade>Maceió</localidade>
    <uf>AL</uf>
    <estado>Alagoas</estado>
    <região/>
    <ibge>2704302</ibge>
    <gia/>
    <ddd>82</ddd>
    <siafi>2785</siafi>
  </cep>
  <cep>
    <cep>57030-108</cep>
    <logradouro>Travessa Tomé de Souza</logradouro>
    <complemento/>
    <unidade/>
    <bairro>Pajuçara</bairro>
    <localidade>Maceió</localidade>
    <uf>AL</uf>
    <estado>Alagoas</estado>
    <região/>
    <ibge>2704302</ibge>
    <gia/>
    <ddd>82</ddd>
    <siafi>2785</siafi>
  </cep>
  <cep>
    <cep>57030-110</cep>
    <logradouro>Rua Doutor Guedes Lins</logradouro>
    <complemento/>
    <unidade/>
    <bairro>Pajuçara</bairro>
    <localidade>Maceió</localidade>
    <uf>AL</uf>
    <estado>Alagoas</estado>
    <região/>
    <ibge>2704302</ibge>
    <gia/>
    <ddd>82</ddd>
    <siafi>2785</siafi>
  </cep>
  <cep>
    <cep>57030-040</cep>
    <logradouro>Rua Araújo Góes</logradouro>
    <complemento/>
    <unidade/>
    <bairro>Pajuçara</bairro>
    <localidade>Maceió</localidade>
    <uf>AL</uf>
    <estado>Alagoas</estado>
    <região/>
    <ibge>2704302</ibge>
    <gia/>
    <ddd>82</ddd>
    <siafi>2785</siafi>
  </cep>
  <cep>
    <cep>57030-150</cep>
    <logradouro>Rua Conde Irajá</logradouro>
    <complemento/>
    <unidade/>
    <bairro>Pajuçara</bairro>
    <localidade>Maceió</localidade>
    <uf>AL</uf>
    <estado>Alagoas</estado>
    <região/>
    <ibge>2704302</ibge>
    <gia/>
    <ddd>82</ddd>
    <siafi>2785</siafi>
  </cep>
  <cep>
    <cep>57030-085</cep>
    <logradouro>Rua Ouvidor Batalha</logradouro>
    <complemento>de 58/59 ao fim</complemento>
    <unidade/>
    <bairro>Pajuçara</bairro>
    <localidade>Maceió</localidade>
    <uf>AL</uf>
    <estado>Alagoas</estado>
    <região/>
    <ibge>2704302</ibge>
    <gia/>
    <ddd>82</ddd>
    <siafi>2785</siafi>
  </cep>
  <cep>
    <cep>57030-170</cep>
    <logradouro>Avenida Doutor Antônio Gouveia</logradouro>
    <complemento/>
    <unidade/>
    <bairro>Pajuçara</bairro>
    <localidade>Maceió</localidade>
    <uf>AL</uf>
    <estado>Alagoas</estado>
    <região/>
    <ibge>2704302</ibge>
    <gia/>
    <ddd>82</ddd>
    <siafi>2785</siafi>
  </cep>
  <cep>
    <cep>57030-175</cep>
    <logradouro>Travessa Doutor Antônio Gouveia</logradouro>
    <complemento/>
    <unidade/>
    <bairro>Pajuçara</bairro>
    <localidade>Maceió</localidade>
    <uf>AL</uf>
    <estado>Alagoas</estado>
    <região/>
    <ibge>2704302</ibge>
    <gia/>
    <ddd>82</ddd>
    <siafi>2785</siafi>
  </cep>
  <cep>
    <cep>57030-107</cep>
    <logradouro>Avenida Engenheiro Roberto Duarte Santana</logradouro>
    <complemento>lado ímpar</complemento>
    <unidade/>
    <bairro>Pajuçara</bairro>
    <localidade>Maceió</localidade>
    <uf>AL</uf>
    <estado>Alagoas</estado>
    <região/>
    <ibge>2704302</ibge>
    <gia/>
    <ddd>82</ddd>
    <siafi>2785</siafi>
  </cep>
  <cep>
    <cep>57025-850</cep>
    <logradouro>Rua Isaías Francisco de Andrade</logradouro>
    <complemento/>
    <unidade/>
    <bairro>Poço</bairro>
    <localidade>Maceió</localidade>
    <uf>AL</uf>
    <estado>Alagoas</estado>
    <região/>
    <ibge>2704302</ibge>
    <gia/>
    <ddd>82</ddd>
    <siafi>2785</siafi>
  </cep>
  <cep>
    <cep>57025-891</cep>
    <logradouro>Rua Ruthe Reis</logradouro>
    <complemento/>
    <unidade/>
    <bairro>Poço</bairro>
    <localidade>Maceió</localidade>
    <uf>AL</uf>
    <estado>Alagoas</estado>
    <região/>
    <ibge>2704302</ibge>
    <gia/>
    <ddd>82</ddd>
    <siafi>2785</siafi>
  </cep>
  <cep>
    <cep>57025-890</cep>
    <logradouro>Rua Pedro Américo</logradouro>
    <complemento>até 1298/1299</complemento>
    <unidade/>
    <bairro>Poço</bairro>
    <localidade>Maceió</localidade>
    <uf>AL</uf>
    <estado>Alagoas</estado>
    <região/>
    <ibge>2704302</ibge>
    <gia/>
    <ddd>82</ddd>
    <siafi>2785</siafi>
  </cep>
  <cep>
    <cep>57030-083</cep>
    <logradouro>Travessa João Camerino</logradouro>
    <complemento>lado par</complemento>
    <unidade/>
    <bairro>Pajuçara</bairro>
    <localidade>Maceió</localidade>
    <uf>AL</uf>
    <estado>Alagoas</estado>
    <região/>
    <ibge>2704302</ibge>
    <gia/>
    <ddd>82</ddd>
    <siafi>2785</siafi>
  </cep>
  <cep>
    <cep>57030-103</cep>
    <logradouro>Rua Epaminondas Gracindo</logradouro>
    <complemento>de 161/162 ao fim</complemento>
    <unidade/>
    <bairro>Pajuçara</bairro>
    <localidade>Maceió</localidade>
    <uf>AL</uf>
    <estado>Alagoas</estado>
    <região/>
    <ibge>2704302</ibge>
    <gia/>
    <ddd>82</ddd>
    <siafi>2785</siafi>
  </cep>
  <cep>
    <cep>57025-892</cep>
    <logradouro>Rua Doutor José Corrêa Filho</logradouro>
    <complemento>de 275/276 ao fim</complemento>
    <unidade/>
    <bairro>Poço</bairro>
    <localidade>Maceió</localidade>
    <uf>AL</uf>
    <estado>Alagoas</estado>
    <região/>
    <ibge>2704302</ibge>
    <gia/>
    <ddd>82</ddd>
    <siafi>2785</siafi>
  </cep>
  <cep>
    <cep>57030-160</cep>
    <logradouro>Rua Desembargador Almeida Guimarães</logradouro>
    <complemento/>
    <unidade/>
    <bairro>Pajuçara</bairro>
    <localidade>Maceió</localidade>
    <uf>AL</uf>
    <estado>Alagoas</estado>
    <região/>
    <ibge>2704302</ibge>
    <gia/>
    <ddd>82</ddd>
    <siafi>2785</siafi>
  </cep>
  <cep>
    <cep>57030-001</cep>
    <logradouro>Rua Engenheiro Demócrito Sarmento Barroca</logradouro>
    <complemento>lado ímpar</complemento>
    <unidade/>
    <bairro>Pajuçara</bairro>
    <localidade>Maceió</localidade>
    <uf>AL</uf>
    <estado>Alagoas</estado>
    <região/>
    <ibge>2704302</ibge>
    <gia/>
    <ddd>82</ddd>
    <siafi>2785</siafi>
  </cep>
  <cep>
    <cep>57025-893</cep>
    <logradouro>Rua José Fragoso</logradouro>
    <complemento>lado ímpar</complemento>
    <unidade/>
    <bairro>Poço</bairro>
    <localidade>Maceió</localidade>
    <uf>AL</uf>
    <estado>Alagoas</estado>
    <região/>
    <ibge>2704302</ibge>
    <gia/>
    <ddd>82</ddd>
    <siafi>2785</siafi>
  </cep>
  <cep>
    <cep>57030-075</cep>
    <logradouro>Praça do Rex</logradouro>
    <complemento/>
    <unidade/>
    <bairro>Pajuçara</bairro>
    <localidade>Maceió</localidade>
    <uf>AL</uf>
    <estado>Alagoas</estado>
    <região/>
    <ibge>2704302</ibge>
    <gia/>
    <ddd>82</ddd>
    <siafi>2785</siafi>
  </cep>
  <cep>
    <cep>57030-091</cep>
    <logradouro>Rua Doutor Antônio Pedro de Mendonça</logradouro>
    <complemento>de 150/151 ao fim</complemento>
    <unidade/>
    <bairro>Pajuçara</bairro>
    <localidade>Maceió</localidade>
    <uf>AL</uf>
    <estado>Alagoas</estado>
    <região/>
    <ibge>2704302</ibge>
    <gia/>
    <ddd>82</ddd>
    <siafi>2785</siafi>
  </cep>
  <cep>
    <cep>57030-180</cep>
    <logradouro>Rua Doutor Lessa de Azevedo</logradouro>
    <complemento/>
    <unidade/>
    <bairro>Pajuçara</bairro>
    <localidade>Maceió</localidade>
    <uf>AL</uf>
    <estado>Alagoas</estado>
    <região/>
    <ibge>2704302</ibge>
    <gia/>
    <ddd>82</ddd>
    <siafi>2785</siafi>
  </cep>
  <cep>
    <cep>57030-260</cep>
    <logradouro>Rua Domingos Lordsleen</logradouro>
    <complemento>até 269/270</complemento>
    <unidade/>
    <bairro>Pajuçara</bairro>
    <localidade>Maceió</localidade>
    <uf>AL</uf>
    <estado>Alagoas</estado>
    <região/>
    <ibge>2704302</ibge>
    <gia/>
    <ddd>82</ddd>
    <siafi>2785</siafi>
  </cep>
  <cep>
    <cep>57030-460</cep>
    <logradouro>Rua Doutor Messias de Gusmão</logradouro>
    <complemento/>
    <unidade/>
    <bairro>Pajuçara</bairro>
    <localidade>Maceió</localidade>
    <uf>AL</uf>
    <estado>Alagoas</estado>
    <região/>
    <ibge>2704302</ibge>
    <gia/>
    <ddd>82</ddd>
    <siafi>2785</siafi>
  </cep>
  <cep>
    <cep>57030-510</cep>
    <logradouro>Rua Teófilo Otoni</logradouro>
    <complemento>de 195/196 ao fim</complemento>
    <unidade/>
    <bairro>Ponta da Terra</bairro>
    <localidade>Maceió</localidade>
    <uf>AL</uf>
    <estado>Alagoas</estado>
    <região/>
    <ibge>2704302</ibge>
    <gia/>
    <ddd>82</ddd>
    <siafi>2785</siafi>
  </cep>
  <cep>
    <cep>57030-530</cep>
    <logradouro>Rua Antônio Aguiar</logradouro>
    <complemento/>
    <unidade/>
    <bairro>Ponta da Terra</bairro>
    <localidade>Maceió</localidade>
    <uf>AL</uf>
    <estado>Alagoas</estado>
    <região/>
    <ibge>2704302</ibge>
    <gia/>
    <ddd>82</ddd>
    <siafi>2785</siafi>
  </cep>
  <cep>
    <cep>57025-648</cep>
    <logradouro>Rua C - 2</logradouro>
    <complemento>(Conjunto Melo Costa)</complemento>
    <unidade/>
    <bairro>Poço</bairro>
    <localidade>Maceió</localidade>
    <uf>AL</uf>
    <estado>Alagoas</estado>
    <região/>
    <ibge>2704302</ibge>
    <gia/>
    <ddd>82</ddd>
    <siafi>2785</siafi>
  </cep>
  <cep>
    <cep>57030-532</cep>
    <logradouro>Rua Dona Alzira Aguiar</logradouro>
    <complemento/>
    <unidade/>
    <bairro>Ponta da Terra</bairro>
    <localidade>Maceió</localidade>
    <uf>AL</uf>
    <estado>Alagoas</estado>
    <região/>
    <ibge>2704302</ibge>
    <gia/>
    <ddd>82</ddd>
    <siafi>2785</siafi>
  </cep>
  <cep>
    <cep>57030-534</cep>
    <logradouro>Travessa Dona Alzira Aguiar</logradouro>
    <complemento/>
    <unidade/>
    <bairro>Ponta da Terra</bairro>
    <localidade>Maceió</localidade>
    <uf>AL</uf>
    <estado>Alagoas</estado>
    <região/>
    <ibge>2704302</ibge>
    <gia/>
    <ddd>82</ddd>
    <siafi>2785</siafi>
  </cep>
  <cep>
    <cep>57030-570</cep>
    <logradouro>Rua Quintino Bocaiúva</logradouro>
    <complemento>até 745 - lado ímpar</complemento>
    <unidade/>
    <bairro>Ponta da Terra</bairro>
    <localidade>Maceió</localidade>
    <uf>AL</uf>
    <estado>Alagoas</estado>
    <região/>
    <ibge>2704302</ibge>
    <gia/>
    <ddd>82</ddd>
    <siafi>2785</siafi>
  </cep>
  <cep>
    <cep>57030-540</cep>
    <logradouro>Rua Júlio Plech Filho</logradouro>
    <complemento/>
    <unidade/>
    <bairro>Ponta da Terra</bairro>
    <localidade>Maceió</localidade>
    <uf>AL</uf>
    <estado>Alagoas</estado>
    <região/>
    <ibge>2704302</ibge>
    <gia/>
    <ddd>82</ddd>
    <siafi>2785</siafi>
  </cep>
  <cep>
    <cep>57030-572</cep>
    <logradouro>Rua Almirante Mascarenhas</logradouro>
    <complemento>lado ímpar</complemento>
    <unidade/>
    <bairro>Ponta da Terra</bairro>
    <localidade>Maceió</localidade>
    <uf>AL</uf>
    <estado>Alagoas</estado>
    <região/>
    <ibge>2704302</ibge>
    <gia/>
    <ddd>82</ddd>
    <siafi>2785</siafi>
  </cep>
  <cep>
    <cep>57030-578</cep>
    <logradouro>Travessa Senador Firmino Vasconcelos</logradouro>
    <complemento>lado ímpar</complemento>
    <unidade/>
    <bairro>Ponta da Terra</bairro>
    <localidade>Maceió</localidade>
    <uf>AL</uf>
    <estado>Alagoas</estado>
    <região/>
    <ibge>2704302</ibge>
    <gia/>
    <ddd>82</ddd>
    <siafi>2785</siafi>
  </cep>
  <cep>
    <cep>57030-580</cep>
    <logradouro>Rua Luiz Campos Teixeira</logradouro>
    <complemento>de 921/922 a 995/996</complemento>
    <unidade/>
    <bairro>Ponta da Terra</bairro>
    <localidade>Maceió</localidade>
    <uf>AL</uf>
    <estado>Alagoas</estado>
    <região/>
    <ibge>2704302</ibge>
    <gia/>
    <ddd>82</ddd>
    <siafi>2785</siafi>
  </cep>
  <cep>
    <cep>57030-592</cep>
    <logradouro>Rua Ângelo Martins</logradouro>
    <complemento/>
    <unidade/>
    <bairro>Ponta da Terra</bairro>
    <localidade>Maceió</localidade>
    <uf>AL</uf>
    <estado>Alagoas</estado>
    <região/>
    <ibge>2704302</ibge>
    <gia/>
    <ddd>82</ddd>
    <siafi>2785</siafi>
  </cep>
  <cep>
    <cep>57030-584</cep>
    <logradouro>Rua José Fragoso</logradouro>
    <complemento>lado par</complemento>
    <unidade/>
    <bairro>Ponta da Terra</bairro>
    <localidade>Maceió</localidade>
    <uf>AL</uf>
    <estado>Alagoas</estado>
    <região/>
    <ibge>2704302</ibge>
    <gia/>
    <ddd>82</ddd>
    <siafi>2785</siafi>
  </cep>
  <cep>
    <cep>57030-582</cep>
    <logradouro>Rua Doutor José Corrêa Filho</logradouro>
    <complemento>de 160/161 a 225/226</complemento>
    <unidade/>
    <bairro>Ponta da Terra</bairro>
    <localidade>Maceió</localidade>
    <uf>AL</uf>
    <estado>Alagoas</estado>
    <região/>
    <ibge>2704302</ibge>
    <gia/>
    <ddd>82</ddd>
    <siafi>2785</siafi>
  </cep>
  <cep>
    <cep>57030-630</cep>
    <logradouro>Rua Santa Quitéria</logradouro>
    <complemento/>
    <unidade/>
    <bairro>Ponta da Terra</bairro>
    <localidade>Maceió</localidade>
    <uf>AL</uf>
    <estado>Alagoas</estado>
    <região/>
    <ibge>2704302</ibge>
    <gia/>
    <ddd>82</ddd>
    <siafi>2785</siafi>
  </cep>
  <cep>
    <cep>57030-634</cep>
    <logradouro>Rua Santa Sofia</logradouro>
    <complemento/>
    <unidade/>
    <bairro>Ponta da Terra</bairro>
    <localidade>Maceió</localidade>
    <uf>AL</uf>
    <estado>Alagoas</estado>
    <região/>
    <ibge>2704302</ibge>
    <gia/>
    <ddd>82</ddd>
    <siafi>2785</siafi>
  </cep>
  <cep>
    <cep>57030-632</cep>
    <logradouro>Rua Ana Nery</logradouro>
    <complemento/>
    <unidade/>
    <bairro>Ponta da Terra</bairro>
    <localidade>Maceió</localidade>
    <uf>AL</uf>
    <estado>Alagoas</estado>
    <região/>
    <ibge>2704302</ibge>
    <gia/>
    <ddd>82</ddd>
    <siafi>2785</siafi>
  </cep>
  <cep>
    <cep>57030-590</cep>
    <logradouro>Rua Regente Feijó</logradouro>
    <complemento/>
    <unidade/>
    <bairro>Ponta da Terra</bairro>
    <localidade>Maceió</localidade>
    <uf>AL</uf>
    <estado>Alagoas</estado>
    <região/>
    <ibge>2704302</ibge>
    <gia/>
    <ddd>82</ddd>
    <siafi>2785</siafi>
  </cep>
  <cep>
    <cep>57030-636</cep>
    <logradouro>Travessa Lafayete Pacheco</logradouro>
    <complemento/>
    <unidade/>
    <bairro>Ponta da Terra</bairro>
    <localidade>Maceió</localidade>
    <uf>AL</uf>
    <estado>Alagoas</estado>
    <região/>
    <ibge>2704302</ibge>
    <gia/>
    <ddd>82</ddd>
    <siafi>2785</siafi>
  </cep>
  <cep>
    <cep>57030-638</cep>
    <logradouro>Rua Francisco Fernandes Lins</logradouro>
    <complemento/>
    <unidade/>
    <bairro>Ponta da Terra</bairro>
    <localidade>Maceió</localidade>
    <uf>AL</uf>
    <estado>Alagoas</estado>
    <região/>
    <ibge>2704302</ibge>
    <gia/>
    <ddd>82</ddd>
    <siafi>2785</siafi>
  </cep>
  <cep>
    <cep>57030-642</cep>
    <logradouro>Avenida Professor Santos Ferraz</logradouro>
    <complemento>de 469/470 ao fim</complemento>
    <unidade/>
    <bairro>Ponta da Terra</bairro>
    <localidade>Maceió</localidade>
    <uf>AL</uf>
    <estado>Alagoas</estado>
    <região/>
    <ibge>2704302</ibge>
    <gia/>
    <ddd>82</ddd>
    <siafi>2785</siafi>
  </cep>
  <cep>
    <cep>57030-672</cep>
    <logradouro>Rua Santa Isabel</logradouro>
    <complemento/>
    <unidade/>
    <bairro>Ponta da Terra</bairro>
    <localidade>Maceió</localidade>
    <uf>AL</uf>
    <estado>Alagoas</estado>
    <região/>
    <ibge>2704302</ibge>
    <gia/>
    <ddd>82</ddd>
    <siafi>2785</siafi>
  </cep>
  <cep>
    <cep>57030-644</cep>
    <logradouro>Rua Doutor Zeferino Rodrigues</logradouro>
    <complemento>de 658 a 808 - lado par</complemento>
    <unidade/>
    <bairro>Ponta da Terra</bairro>
    <localidade>Maceió</localidade>
    <uf>AL</uf>
    <estado>Alagoas</estado>
    <região/>
    <ibge>2704302</ibge>
    <gia/>
    <ddd>82</ddd>
    <siafi>2785</siafi>
  </cep>
  <cep>
    <cep>57030-646</cep>
    <logradouro>Rua Lafayete Pacheco</logradouro>
    <complemento>lado par</complemento>
    <unidade/>
    <bairro>Ponta da Terra</bairro>
    <localidade>Maceió</localidade>
    <uf>AL</uf>
    <estado>Alagoas</estado>
    <região/>
    <ibge>2704302</ibge>
    <gia/>
    <ddd>82</ddd>
    <siafi>2785</siafi>
  </cep>
  <cep>
    <cep>57030-670</cep>
    <logradouro>Rua Domingos Lordsleen</logradouro>
    <complemento>de 281/282 ao fim</complemento>
    <unidade/>
    <bairro>Ponta da Terra</bairro>
    <localidade>Maceió</localidade>
    <uf>AL</uf>
    <estado>Alagoas</estado>
    <região/>
    <ibge>2704302</ibge>
    <gia/>
    <ddd>82</ddd>
    <siafi>2785</siafi>
  </cep>
  <cep>
    <cep>57030-674</cep>
    <logradouro>Travessa Santa Isabel</logradouro>
    <complemento/>
    <unidade/>
    <bairro>Ponta da Terra</bairro>
    <localidade>Maceió</localidade>
    <uf>AL</uf>
    <estado>Alagoas</estado>
    <região/>
    <ibge>2704302</ibge>
    <gia/>
    <ddd>82</ddd>
    <siafi>2785</siafi>
  </cep>
  <cep>
    <cep>57030-678</cep>
    <logradouro>Rua Doutor Hermínio Barroca</logradouro>
    <complemento/>
    <unidade/>
    <bairro>Ponta da Terra</bairro>
    <localidade>Maceió</localidade>
    <uf>AL</uf>
    <estado>Alagoas</estado>
    <região/>
    <ibge>2704302</ibge>
    <gia/>
    <ddd>82</ddd>
    <siafi>2785</siafi>
  </cep>
  <cep>
    <cep>57030-676</cep>
    <logradouro>Rua Araújo Bivar</logradouro>
    <complemento>lado par</complemento>
    <unidade/>
    <bairro>Ponta da Terra</bairro>
    <localidade>Maceió</localidade>
    <uf>AL</uf>
    <estado>Alagoas</estado>
    <região/>
    <ibge>2704302</ibge>
    <gia/>
    <ddd>82</ddd>
    <siafi>2785</siafi>
  </cep>
  <cep>
    <cep>57030-680</cep>
    <logradouro>Rua Firmino Vasconcelos</logradouro>
    <complemento/>
    <unidade/>
    <bairro>Ponta da Terra</bairro>
    <localidade>Maceió</localidade>
    <uf>AL</uf>
    <estado>Alagoas</estado>
    <região/>
    <ibge>2704302</ibge>
    <gia/>
    <ddd>82</ddd>
    <siafi>2785</siafi>
  </cep>
  <cep>
    <cep/>
    <logradouro/>
    <complemento/>
    <unidade/>
    <bairro/>
    <localidade/>
    <uf/>
    <estado/>
    <região/>
    <ibge/>
    <gia/>
    <ddd/>
    <siafi/>
  </cep>
  <cep>
    <cep>57035-000</cep>
    <logradouro>Avenida Engenheiro Mário de Gusmão</logradouro>
    <complemento/>
    <unidade/>
    <bairro>Ponta Verde</bairro>
    <localidade>Maceió</localidade>
    <uf>AL</uf>
    <estado>Alagoas</estado>
    <região/>
    <ibge>2704302</ibge>
    <gia/>
    <ddd>82</ddd>
    <siafi>2785</siafi>
  </cep>
  <cep>
    <cep>57035-005</cep>
    <logradouro>Rua Quintino Bocaiúva</logradouro>
    <complemento>de 747 ao fim - lado ímpar</complemento>
    <unidade/>
    <bairro>Ponta Verde</bairro>
    <localidade>Maceió</localidade>
    <uf>AL</uf>
    <estado>Alagoas</estado>
    <região/>
    <ibge>2704302</ibge>
    <gia/>
    <ddd>82</ddd>
    <siafi>2785</siafi>
  </cep>
  <cep>
    <cep>57035-010</cep>
    <logradouro>Rua Carlos Tenório</logradouro>
    <complemento/>
    <unidade/>
    <bairro>Ponta Verde</bairro>
    <localidade>Maceió</localidade>
    <uf>AL</uf>
    <estado>Alagoas</estado>
    <região/>
    <ibge>2704302</ibge>
    <gia/>
    <ddd>82</ddd>
    <siafi>2785</siafi>
  </cep>
  <cep>
    <cep>57035-120</cep>
    <logradouro>Rua Machado Lemos</logradouro>
    <complemento/>
    <unidade/>
    <bairro>Ponta Verde</bairro>
    <localidade>Maceió</localidade>
    <uf>AL</uf>
    <estado>Alagoas</estado>
    <região/>
    <ibge>2704302</ibge>
    <gia/>
    <ddd>82</ddd>
    <siafi>2785</siafi>
  </cep>
  <cep>
    <cep>57035-020</cep>
    <logradouro>Rua Desembargador Jerônimo de Albuquerque</logradouro>
    <complemento/>
    <unidade/>
    <bairro>Ponta Verde</bairro>
    <localidade>Maceió</localidade>
    <uf>AL</uf>
    <estado>Alagoas</estado>
    <região/>
    <ibge>2704302</ibge>
    <gia/>
    <ddd>82</ddd>
    <siafi>2785</siafi>
  </cep>
  <cep>
    <cep>57035-003</cep>
    <logradouro>Rua Engenheiro Demócrito Sarmento Barroca</logradouro>
    <complemento>lado par</complemento>
    <unidade/>
    <bairro>Ponta Verde</bairro>
    <localidade>Maceió</localidade>
    <uf>AL</uf>
    <estado>Alagoas</estado>
    <região/>
    <ibge>2704302</ibge>
    <gia/>
    <ddd>82</ddd>
    <siafi>2785</siafi>
  </cep>
  <cep>
    <cep>57035-060</cep>
    <logradouro>Rua Durval Guimarães</logradouro>
    <complemento/>
    <unidade/>
    <bairro>Ponta Verde</bairro>
    <localidade>Maceió</localidade>
    <uf>AL</uf>
    <estado>Alagoas</estado>
    <região/>
    <ibge>2704302</ibge>
    <gia/>
    <ddd>82</ddd>
    <siafi>2785</siafi>
  </cep>
  <cep>
    <cep>57035-170</cep>
    <logradouro>Rua Valdo Omena</logradouro>
    <complemento/>
    <unidade/>
    <bairro>Ponta Verde</bairro>
    <localidade>Maceió</localidade>
    <uf>AL</uf>
    <estado>Alagoas</estado>
    <região/>
    <ibge>2704302</ibge>
    <gia/>
    <ddd>82</ddd>
    <siafi>2785</siafi>
  </cep>
  <cep>
    <cep>57035-160</cep>
    <logradouro>Avenida Silvio Carlos Viana</logradouro>
    <complemento/>
    <unidade/>
    <bairro>Ponta Verde</bairro>
    <localidade>Maceió</localidade>
    <uf>AL</uf>
    <estado>Alagoas</estado>
    <região/>
    <ibge>2704302</ibge>
    <gia/>
    <ddd>82</ddd>
    <siafi>2785</siafi>
  </cep>
  <cep>
    <cep>57035-030</cep>
    <logradouro>Rua Desportista Humberto Guimarães</logradouro>
    <complemento/>
    <unidade/>
    <bairro>Ponta Verde</bairro>
    <localidade>Maceió</localidade>
    <uf>AL</uf>
    <estado>Alagoas</estado>
    <região/>
    <ibge>2704302</ibge>
    <gia/>
    <ddd>82</ddd>
    <siafi>2785</siafi>
  </cep>
  <cep>
    <cep>57035-070</cep>
    <logradouro>Praça Emílio de Maia</logradouro>
    <complemento/>
    <unidade/>
    <bairro>Ponta Verde</bairro>
    <localidade>Maceió</localidade>
    <uf>AL</uf>
    <estado>Alagoas</estado>
    <região/>
    <ibge>2704302</ibge>
    <gia/>
    <ddd>82</ddd>
    <siafi>2785</siafi>
  </cep>
  <cep>
    <cep>57035-180</cep>
    <logradouro>Avenida Álvaro Otacílio</logradouro>
    <complemento>até 3308/3309</complemento>
    <unidade/>
    <bairro>Ponta Verde</bairro>
    <localidade>Maceió</localidade>
    <uf>AL</uf>
    <estado>Alagoas</estado>
    <região/>
    <ibge>2704302</ibge>
    <gia/>
    <ddd>82</ddd>
    <siafi>2785</siafi>
  </cep>
  <cep>
    <cep>57035-140</cep>
    <logradouro>Rua Professora Higia Vasconcelos</logradouro>
    <complemento/>
    <unidade/>
    <bairro>Ponta Verde</bairro>
    <localidade>Maceió</localidade>
    <uf>AL</uf>
    <estado>Alagoas</estado>
    <região/>
    <ibge>2704302</ibge>
    <gia/>
    <ddd>82</ddd>
    <siafi>2785</siafi>
  </cep>
  <cep>
    <cep>57035-050</cep>
    <logradouro>Rua Doutor Pompeu de Miranda Sarmento</logradouro>
    <complemento/>
    <unidade/>
    <bairro>Ponta Verde</bairro>
    <localidade>Maceió</localidade>
    <uf>AL</uf>
    <estado>Alagoas</estado>
    <região/>
    <ibge>2704302</ibge>
    <gia/>
    <ddd>82</ddd>
    <siafi>2785</siafi>
  </cep>
  <cep>
    <cep>57035-100</cep>
    <logradouro>Rua Gaspar Ferrari</logradouro>
    <complemento/>
    <unidade/>
    <bairro>Ponta Verde</bairro>
    <localidade>Maceió</localidade>
    <uf>AL</uf>
    <estado>Alagoas</estado>
    <região/>
    <ibge>2704302</ibge>
    <gia/>
    <ddd>82</ddd>
    <siafi>2785</siafi>
  </cep>
  <cep>
    <cep>57035-110</cep>
    <logradouro>Rua José Freire Moura</logradouro>
    <complemento/>
    <unidade/>
    <bairro>Ponta Verde</bairro>
    <localidade>Maceió</localidade>
    <uf>AL</uf>
    <estado>Alagoas</estado>
    <região/>
    <ibge>2704302</ibge>
    <gia/>
    <ddd>82</ddd>
    <siafi>2785</siafi>
  </cep>
  <cep>
    <cep>57035-190</cep>
    <logradouro>Rua Doutor Antônio Cansanção</logradouro>
    <complemento/>
    <unidade/>
    <bairro>Ponta Verde</bairro>
    <localidade>Maceió</localidade>
    <uf>AL</uf>
    <estado>Alagoas</estado>
    <região/>
    <ibge>2704302</ibge>
    <gia/>
    <ddd>82</ddd>
    <siafi>2785</siafi>
  </cep>
  <cep>
    <cep>57035-090</cep>
    <logradouro>Rua Francisco Laranjeiras</logradouro>
    <complemento/>
    <unidade/>
    <bairro>Ponta Verde</bairro>
    <localidade>Maceió</localidade>
    <uf>AL</uf>
    <estado>Alagoas</estado>
    <região/>
    <ibge>2704302</ibge>
    <gia/>
    <ddd>82</ddd>
    <siafi>2785</siafi>
  </cep>
  <cep>
    <cep>57035-210</cep>
    <logradouro>Rua General João Saleiro Pitão</logradouro>
    <complemento/>
    <unidade/>
    <bairro>Ponta Verde</bairro>
    <localidade>Maceió</localidade>
    <uf>AL</uf>
    <estado>Alagoas</estado>
    <região/>
    <ibge>2704302</ibge>
    <gia/>
    <ddd>82</ddd>
    <siafi>2785</siafi>
  </cep>
  <cep>
    <cep>57035-200</cep>
    <logradouro>Rua Doutor Rubens Canuto</logradouro>
    <complemento/>
    <unidade/>
    <bairro>Ponta Verde</bairro>
    <localidade>Maceió</localidade>
    <uf>AL</uf>
    <estado>Alagoas</estado>
    <região/>
    <ibge>2704302</ibge>
    <gia/>
    <ddd>82</ddd>
    <siafi>2785</siafi>
  </cep>
  <cep>
    <cep>57035-226</cep>
    <logradouro>Rua Doutor Odilon Vasconcelos</logradouro>
    <complemento/>
    <unidade/>
    <bairro>Ponta Verde</bairro>
    <localidade>Maceió</localidade>
    <uf>AL</uf>
    <estado>Alagoas</estado>
    <região/>
    <ibge>2704302</ibge>
    <gia/>
    <ddd>82</ddd>
    <siafi>2785</siafi>
  </cep>
  <cep>
    <cep>57035-238</cep>
    <logradouro>Rua José Cabral Acioli</logradouro>
    <complemento/>
    <unidade/>
    <bairro>Ponta Verde</bairro>
    <localidade>Maceió</localidade>
    <uf>AL</uf>
    <estado>Alagoas</estado>
    <região/>
    <ibge>2704302</ibge>
    <gia/>
    <ddd>82</ddd>
    <siafi>2785</siafi>
  </cep>
  <cep>
    <cep>57035-242</cep>
    <logradouro>Rua Soldado Eduardo dos Santos</logradouro>
    <complemento/>
    <unidade/>
    <bairro>Ponta Verde</bairro>
    <localidade>Maceió</localidade>
    <uf>AL</uf>
    <estado>Alagoas</estado>
    <região/>
    <ibge>2704302</ibge>
    <gia/>
    <ddd>82</ddd>
    <siafi>2785</siafi>
  </cep>
  <cep>
    <cep>57035-250</cep>
    <logradouro>Avenida Senador Rui Palmeira</logradouro>
    <complemento/>
    <unidade/>
    <bairro>Ponta Verde</bairro>
    <localidade>Maceió</localidade>
    <uf>AL</uf>
    <estado>Alagoas</estado>
    <região/>
    <ibge>2704302</ibge>
    <gia/>
    <ddd>82</ddd>
    <siafi>2785</siafi>
  </cep>
  <cep>
    <cep>57035-270</cep>
    <logradouro>Rua João Gualberto Pereira do Carmo</logradouro>
    <complemento/>
    <unidade/>
    <bairro>Ponta Verde</bairro>
    <localidade>Maceió</localidade>
    <uf>AL</uf>
    <estado>Alagoas</estado>
    <região/>
    <ibge>2704302</ibge>
    <gia/>
    <ddd>82</ddd>
    <siafi>2785</siafi>
  </cep>
  <cep>
    <cep>57035-240</cep>
    <logradouro>Rua Deputado Eliseu Teixeira</logradouro>
    <complemento/>
    <unidade/>
    <bairro>Ponta Verde</bairro>
    <localidade>Maceió</localidade>
    <uf>AL</uf>
    <estado>Alagoas</estado>
    <região/>
    <ibge>2704302</ibge>
    <gia/>
    <ddd>82</ddd>
    <siafi>2785</siafi>
  </cep>
  <cep>
    <cep>57035-260</cep>
    <logradouro>Avenida Doutor José Sampaio Luz</logradouro>
    <complemento/>
    <unidade/>
    <bairro>Ponta Verde</bairro>
    <localidade>Maceió</localidade>
    <uf>AL</uf>
    <estado>Alagoas</estado>
    <região/>
    <ibge>2704302</ibge>
    <gia/>
    <ddd>82</ddd>
    <siafi>2785</siafi>
  </cep>
  <cep>
    <cep>57035-275</cep>
    <logradouro>Travessa Senador Firmino Vasconcelos</logradouro>
    <complemento>lado par</complemento>
    <unidade/>
    <bairro>Ponta Verde</bairro>
    <localidade>Maceió</localidade>
    <uf>AL</uf>
    <estado>Alagoas</estado>
    <região/>
    <ibge>2704302</ibge>
    <gia/>
    <ddd>82</ddd>
    <siafi>2785</siafi>
  </cep>
  <cep>
    <cep>57035-280</cep>
    <logradouro>Travessa Antônio Maciel de Oliveira</logradouro>
    <complemento/>
    <unidade/>
    <bairro>Ponta Verde</bairro>
    <localidade>Maceió</localidade>
    <uf>AL</uf>
    <estado>Alagoas</estado>
    <região/>
    <ibge>2704302</ibge>
    <gia/>
    <ddd>82</ddd>
    <siafi>2785</siafi>
  </cep>
  <cep>
    <cep>57035-360</cep>
    <logradouro>Rua Lourenço Moreira da Silva</logradouro>
    <complemento/>
    <unidade/>
    <bairro>Ponta Verde</bairro>
    <localidade>Maceió</localidade>
    <uf>AL</uf>
    <estado>Alagoas</estado>
    <região/>
    <ibge>2704302</ibge>
    <gia/>
    <ddd>82</ddd>
    <siafi>2785</siafi>
  </cep>
  <cep>
    <cep>57035-330</cep>
    <logradouro>Rua Deputado José Lages</logradouro>
    <complemento/>
    <unidade/>
    <bairro>Ponta Verde</bairro>
    <localidade>Maceió</localidade>
    <uf>AL</uf>
    <estado>Alagoas</estado>
    <região/>
    <ibge>2704302</ibge>
    <gia/>
    <ddd>82</ddd>
    <siafi>2785</siafi>
  </cep>
  <cep>
    <cep>57035-290</cep>
    <logradouro>Rua Luiz Campos Teixeira</logradouro>
    <complemento>de 997/998 ao fim</complemento>
    <unidade/>
    <bairro>Ponta Verde</bairro>
    <localidade>Maceió</localidade>
    <uf>AL</uf>
    <estado>Alagoas</estado>
    <região/>
    <ibge>2704302</ibge>
    <gia/>
    <ddd>82</ddd>
    <siafi>2785</siafi>
  </cep>
  <cep>
    <cep>57035-390</cep>
    <logradouro>Rua Doutor José Júlio Sauher</logradouro>
    <complemento/>
    <unidade/>
    <bairro>Ponta Verde</bairro>
    <localidade>Maceió</localidade>
    <uf>AL</uf>
    <estado>Alagoas</estado>
    <região/>
    <ibge>2704302</ibge>
    <gia/>
    <ddd>82</ddd>
    <siafi>2785</siafi>
  </cep>
  <cep>
    <cep>57035-285</cep>
    <logradouro>Rua Doutor José Corrêa Filho</logradouro>
    <complemento>até 112/113</complemento>
    <unidade/>
    <bairro>Ponta Verde</bairro>
    <localidade>Maceió</localidade>
    <uf>AL</uf>
    <estado>Alagoas</estado>
    <região/>
    <ibge>2704302</ibge>
    <gia/>
    <ddd>82</ddd>
    <siafi>2785</siafi>
  </cep>
  <cep>
    <cep>57035-380</cep>
    <logradouro>Rua Prefeito Abdon Arroxelas</logradouro>
    <complemento>lado ímpar</complemento>
    <unidade/>
    <bairro>Ponta Verde</bairro>
    <localidade>Maceió</localidade>
    <uf>AL</uf>
    <estado>Alagoas</estado>
    <região/>
    <ibge>2704302</ibge>
    <gia/>
    <ddd>82</ddd>
    <siafi>2785</siafi>
  </cep>
  <cep>
    <cep>57035-395</cep>
    <logradouro>Rua Manoel Ribeiro da Rocha</logradouro>
    <complemento>até 159/160</complemento>
    <unidade/>
    <bairro>Ponta Verde</bairro>
    <localidade>Maceió</localidade>
    <uf>AL</uf>
    <estado>Alagoas</estado>
    <região/>
    <ibge>2704302</ibge>
    <gia/>
    <ddd>82</ddd>
    <siafi>2785</siafi>
  </cep>
  <cep>
    <cep>57035-400</cep>
    <logradouro>Avenida Professor Victal Barbosa</logradouro>
    <complemento/>
    <unidade/>
    <bairro>Ponta Verde</bairro>
    <localidade>Maceió</localidade>
    <uf>AL</uf>
    <estado>Alagoas</estado>
    <região/>
    <ibge>2704302</ibge>
    <gia/>
    <ddd>82</ddd>
    <siafi>2785</siafi>
  </cep>
  <cep>
    <cep>57035-450</cep>
    <logradouro>Rua Doutor Noel Nutels</logradouro>
    <complemento/>
    <unidade/>
    <bairro>Ponta Verde</bairro>
    <localidade>Maceió</localidade>
    <uf>AL</uf>
    <estado>Alagoas</estado>
    <região/>
    <ibge>2704302</ibge>
    <gia/>
    <ddd>82</ddd>
    <siafi>2785</siafi>
  </cep>
  <cep>
    <cep>57035-420</cep>
    <logradouro>Praça do Turista</logradouro>
    <complemento/>
    <unidade/>
    <bairro>Ponta Verde</bairro>
    <localidade>Maceió</localidade>
    <uf>AL</uf>
    <estado>Alagoas</estado>
    <região/>
    <ibge>2704302</ibge>
    <gia/>
    <ddd>82</ddd>
    <siafi>2785</siafi>
  </cep>
  <cep>
    <cep>57035-550</cep>
    <logradouro>Rua Doutor Carlos Lôbo</logradouro>
    <complemento/>
    <unidade/>
    <bairro>Jatiúca</bairro>
    <localidade>Maceió</localidade>
    <uf>AL</uf>
    <estado>Alagoas</estado>
    <região/>
    <ibge>2704302</ibge>
    <gia/>
    <ddd>82</ddd>
    <siafi>2785</siafi>
  </cep>
  <cep>
    <cep>57035-551</cep>
    <logradouro>Rua Vereador Mironildes Vieira Peixoto</logradouro>
    <complemento/>
    <unidade/>
    <bairro>Jatiúca</bairro>
    <localidade>Maceió</localidade>
    <uf>AL</uf>
    <estado>Alagoas</estado>
    <região/>
    <ibge>2704302</ibge>
    <gia/>
    <ddd>82</ddd>
    <siafi>2785</siafi>
  </cep>
  <cep>
    <cep>57035-552</cep>
    <logradouro>Rua Doutor Roland Simon</logradouro>
    <complemento/>
    <unidade/>
    <bairro>Jatiúca</bairro>
    <localidade>Maceió</localidade>
    <uf>AL</uf>
    <estado>Alagoas</estado>
    <região/>
    <ibge>2704302</ibge>
    <gia/>
    <ddd>82</ddd>
    <siafi>2785</siafi>
  </cep>
  <cep>
    <cep>57035-554</cep>
    <logradouro>Avenida João Davino</logradouro>
    <complemento>até 697/698</complemento>
    <unidade/>
    <bairro>Jatiúca</bairro>
    <localidade>Maceió</localidade>
    <uf>AL</uf>
    <estado>Alagoas</estado>
    <região/>
    <ibge>2704302</ibge>
    <gia/>
    <ddd>82</ddd>
    <siafi>2785</siafi>
  </cep>
  <cep>
    <cep>57035-555</cep>
    <logradouro>Avenida João Davino</logradouro>
    <complemento>de 711 ao fim - lado ímpar</complemento>
    <unidade/>
    <bairro>Jatiúca</bairro>
    <localidade>Maceió</localidade>
    <uf>AL</uf>
    <estado>Alagoas</estado>
    <região/>
    <ibge>2704302</ibge>
    <gia/>
    <ddd>82</ddd>
    <siafi>2785</siafi>
  </cep>
  <cep>
    <cep>57035-557</cep>
    <logradouro>Rua Paulina Maria Mendonça</logradouro>
    <complemento>até 1149/1150</complemento>
    <unidade/>
    <bairro>Jatiúca</bairro>
    <localidade>Maceió</localidade>
    <uf>AL</uf>
    <estado>Alagoas</estado>
    <região/>
    <ibge>2704302</ibge>
    <gia/>
    <ddd>82</ddd>
    <siafi>2785</siafi>
  </cep>
  <cep>
    <cep>57035-556</cep>
    <logradouro>Avenida Desembargador Valente de Lima</logradouro>
    <complemento>de 91/92 ao fim</complemento>
    <unidade/>
    <bairro>Jatiúca</bairro>
    <localidade>Maceió</localidade>
    <uf>AL</uf>
    <estado>Alagoas</estado>
    <região/>
    <ibge>2704302</ibge>
    <gia/>
    <ddd>82</ddd>
    <siafi>2785</siafi>
  </cep>
  <cep>
    <cep>57035-553</cep>
    <logradouro>Avenida Doutor Mário Nunes Vieira</logradouro>
    <complemento>até 627/628</complemento>
    <unidade/>
    <bairro>Jatiúca</bairro>
    <localidade>Maceió</localidade>
    <uf>AL</uf>
    <estado>Alagoas</estado>
    <região/>
    <ibge>2704302</ibge>
    <gia/>
    <ddd>82</ddd>
    <siafi>2785</siafi>
  </cep>
  <cep>
    <cep>57035-558</cep>
    <logradouro>Avenida Almirante Álvaro Calheiros</logradouro>
    <complemento/>
    <unidade/>
    <bairro>Jatiúca</bairro>
    <localidade>Maceió</localidade>
    <uf>AL</uf>
    <estado>Alagoas</estado>
    <região/>
    <ibge>2704302</ibge>
    <gia/>
    <ddd>82</ddd>
    <siafi>2785</siafi>
  </cep>
  <cep>
    <cep>57035-560</cep>
    <logradouro>Avenida Pio XII</logradouro>
    <complemento/>
    <unidade/>
    <bairro>Jatiúca</bairro>
    <localidade>Maceió</localidade>
    <uf>AL</uf>
    <estado>Alagoas</estado>
    <região/>
    <ibge>2704302</ibge>
    <gia/>
    <ddd>82</ddd>
    <siafi>2785</siafi>
  </cep>
  <cep>
    <cep>57025-880</cep>
    <logradouro>Rua Pedro Bonifácio de Oliveira</logradouro>
    <complemento/>
    <unidade/>
    <bairro>Poço</bairro>
    <localidade>Maceió</localidade>
    <uf>AL</uf>
    <estado>Alagoas</estado>
    <região/>
    <ibge>2704302</ibge>
    <gia/>
    <ddd>82</ddd>
    <siafi>2785</siafi>
  </cep>
  <cep>
    <cep>57035-580</cep>
    <logradouro>Rua Maria Júlia dos Santos</logradouro>
    <complemento/>
    <unidade/>
    <bairro>Jatiúca</bairro>
    <localidade>Maceió</localidade>
    <uf>AL</uf>
    <estado>Alagoas</estado>
    <região/>
    <ibge>2704302</ibge>
    <gia/>
    <ddd>82</ddd>
    <siafi>2785</siafi>
  </cep>
  <cep>
    <cep>57035-590</cep>
    <logradouro>Rua Doutor Augusto Cardoso</logradouro>
    <complemento/>
    <unidade/>
    <bairro>Jatiúca</bairro>
    <localidade>Maceió</localidade>
    <uf>AL</uf>
    <estado>Alagoas</estado>
    <região/>
    <ibge>2704302</ibge>
    <gia/>
    <ddd>82</ddd>
    <siafi>2785</siafi>
  </cep>
  <cep>
    <cep>57035-596</cep>
    <logradouro>Rua Petes Walmour de Barros Júnior</logradouro>
    <complemento/>
    <unidade/>
    <bairro>Jatiúca</bairro>
    <localidade>Maceió</localidade>
    <uf>AL</uf>
    <estado>Alagoas</estado>
    <região/>
    <ibge>2704302</ibge>
    <gia/>
    <ddd>82</ddd>
    <siafi>2785</siafi>
  </cep>
  <cep>
    <cep>57035-595</cep>
    <logradouro>Rua José Brandão Bertoldo</logradouro>
    <complemento/>
    <unidade/>
    <bairro>Jatiúca</bairro>
    <localidade>Maceió</localidade>
    <uf>AL</uf>
    <estado>Alagoas</estado>
    <região/>
    <ibge>2704302</ibge>
    <gia/>
    <ddd>82</ddd>
    <siafi>2785</siafi>
  </cep>
  <cep>
    <cep>57035-610</cep>
    <logradouro>Parque Residencial Jatiúca</logradouro>
    <complemento/>
    <unidade/>
    <bairro>Jatiúca</bairro>
    <localidade>Maceió</localidade>
    <uf>AL</uf>
    <estado>Alagoas</estado>
    <região/>
    <ibge>2704302</ibge>
    <gia/>
    <ddd>82</ddd>
    <siafi>2785</siafi>
  </cep>
  <cep>
    <cep>57035-630</cep>
    <logradouro>Rua José Lourenço de Albuquerque</logradouro>
    <complemento/>
    <unidade/>
    <bairro>Jatiúca</bairro>
    <localidade>Maceió</localidade>
    <uf>AL</uf>
    <estado>Alagoas</estado>
    <região/>
    <ibge>2704302</ibge>
    <gia/>
    <ddd>82</ddd>
    <siafi>2785</siafi>
  </cep>
  <cep>
    <cep>57035-620</cep>
    <logradouro>Rua Desportista Cláudio da Rocha Lima</logradouro>
    <complemento/>
    <unidade/>
    <bairro>Jatiúca</bairro>
    <localidade>Maceió</localidade>
    <uf>AL</uf>
    <estado>Alagoas</estado>
    <região/>
    <ibge>2704302</ibge>
    <gia/>
    <ddd>82</ddd>
    <siafi>2785</siafi>
  </cep>
  <cep>
    <cep>57035-660</cep>
    <logradouro>Rua Doutor Odilon Vasconcelos</logradouro>
    <complemento/>
    <unidade/>
    <bairro>Jatiúca</bairro>
    <localidade>Maceió</localidade>
    <uf>AL</uf>
    <estado>Alagoas</estado>
    <região/>
    <ibge>2704302</ibge>
    <gia/>
    <ddd>82</ddd>
    <siafi>2785</siafi>
  </cep>
  <cep>
    <cep>57035-640</cep>
    <logradouro>Rua Professor Lourenço Peixoto</logradouro>
    <complemento/>
    <unidade/>
    <bairro>Jatiúca</bairro>
    <localidade>Maceió</localidade>
    <uf>AL</uf>
    <estado>Alagoas</estado>
    <região/>
    <ibge>2704302</ibge>
    <gia/>
    <ddd>82</ddd>
    <siafi>2785</siafi>
  </cep>
  <cep>
    <cep>57035-670</cep>
    <logradouro>Rua Santa Fernanda</logradouro>
    <complemento/>
    <unidade/>
    <bairro>Jatiúca</bairro>
    <localidade>Maceió</localidade>
    <uf>AL</uf>
    <estado>Alagoas</estado>
    <região/>
    <ibge>2704302</ibge>
    <gia/>
    <ddd>82</ddd>
    <siafi>2785</siafi>
  </cep>
  <cep>
    <cep>57035-673</cep>
    <logradouro>Rua Estudante Luiz Alberto Barreiros de Araujo</logradouro>
    <complemento/>
    <unidade/>
    <bairro>Jatiúca</bairro>
    <localidade>Maceió</localidade>
    <uf>AL</uf>
    <estado>Alagoas</estado>
    <região/>
    <ibge>2704302</ibge>
    <gia/>
    <ddd>82</ddd>
    <siafi>2785</siafi>
  </cep>
  <cep>
    <cep>57035-675</cep>
    <logradouro>Travessa Santa Fernanda</logradouro>
    <complemento/>
    <unidade/>
    <bairro>Jatiúca</bairro>
    <localidade>Maceió</localidade>
    <uf>AL</uf>
    <estado>Alagoas</estado>
    <região/>
    <ibge>2704302</ibge>
    <gia/>
    <ddd>82</ddd>
    <siafi>2785</siafi>
  </cep>
  <cep>
    <cep>57035-682</cep>
    <logradouro>Rua Dulce Dantas de Loureiro</logradouro>
    <complemento/>
    <unidade/>
    <bairro>Jatiúca</bairro>
    <localidade>Maceió</localidade>
    <uf>AL</uf>
    <estado>Alagoas</estado>
    <região/>
    <ibge>2704302</ibge>
    <gia/>
    <ddd>82</ddd>
    <siafi>2785</siafi>
  </cep>
  <cep>
    <cep>57035-677</cep>
    <logradouro>Rua José Cabral Acioli</logradouro>
    <complemento/>
    <unidade/>
    <bairro>Jatiúca</bairro>
    <localidade>Maceió</localidade>
    <uf>AL</uf>
    <estado>Alagoas</estado>
    <região/>
    <ibge>2704302</ibge>
    <gia/>
    <ddd>82</ddd>
    <siafi>2785</siafi>
  </cep>
  <cep>
    <cep>57035-685</cep>
    <logradouro>Rua Ângelo Martins</logradouro>
    <complemento/>
    <unidade/>
    <bairro>Jatiúca</bairro>
    <localidade>Maceió</localidade>
    <uf>AL</uf>
    <estado>Alagoas</estado>
    <região/>
    <ibge>2704302</ibge>
    <gia/>
    <ddd>82</ddd>
    <siafi>2785</siafi>
  </cep>
  <cep>
    <cep>57035-684</cep>
    <logradouro>Rua Bacharel Jacinto Buarque</logradouro>
    <complemento>lado ímpar</complemento>
    <unidade/>
    <bairro>Jatiúca</bairro>
    <localidade>Maceió</localidade>
    <uf>AL</uf>
    <estado>Alagoas</estado>
    <região/>
    <ibge>2704302</ibge>
    <gia/>
    <ddd>82</ddd>
    <siafi>2785</siafi>
  </cep>
  <cep>
    <cep>57035-687</cep>
    <logradouro>Rua Coronel Adauto Gomes Barbosa</logradouro>
    <complemento>lado par</complemento>
    <unidade/>
    <bairro>Jatiúca</bairro>
    <localidade>Maceió</localidade>
    <uf>AL</uf>
    <estado>Alagoas</estado>
    <região/>
    <ibge>2704302</ibge>
    <gia/>
    <ddd>82</ddd>
    <siafi>2785</siafi>
  </cep>
  <cep>
    <cep>57035-676</cep>
    <logradouro>Travessa Ângelo Martins</logradouro>
    <complemento/>
    <unidade/>
    <bairro>Jatiúca</bairro>
    <localidade>Maceió</localidade>
    <uf>AL</uf>
    <estado>Alagoas</estado>
    <região/>
    <ibge>2704302</ibge>
    <gia/>
    <ddd>82</ddd>
    <siafi>2785</siafi>
  </cep>
  <cep>
    <cep>57035-686</cep>
    <logradouro>Conjunto Senador Arnon de Mello</logradouro>
    <complemento/>
    <unidade/>
    <bairro>Jatiúca</bairro>
    <localidade>Maceió</localidade>
    <uf>AL</uf>
    <estado>Alagoas</estado>
    <região/>
    <ibge>2704302</ibge>
    <gia/>
    <ddd>82</ddd>
    <siafi>2785</siafi>
  </cep>
  <cep>
    <cep>57035-680</cep>
    <logradouro>Rua São Francisco de Assis</logradouro>
    <complemento/>
    <unidade/>
    <bairro>Jatiúca</bairro>
    <localidade>Maceió</localidade>
    <uf>AL</uf>
    <estado>Alagoas</estado>
    <região/>
    <ibge>2704302</ibge>
    <gia/>
    <ddd>82</ddd>
    <siafi>2785</siafi>
  </cep>
  <cep>
    <cep>57035-690</cep>
    <logradouro>Avenida Hamilton de Barros Soutinho</logradouro>
    <complemento/>
    <unidade/>
    <bairro>Jatiúca</bairro>
    <localidade>Maceió</localidade>
    <uf>AL</uf>
    <estado>Alagoas</estado>
    <região/>
    <ibge>2704302</ibge>
    <gia/>
    <ddd>82</ddd>
    <siafi>2785</siafi>
  </cep>
  <cep>
    <cep>57030-140</cep>
    <logradouro>Praça Vereador Felício Napoleão dos Santos</logradouro>
    <complemento/>
    <unidade/>
    <bairro>Pajuçara</bairro>
    <localidade>Maceió</localidade>
    <uf>AL</uf>
    <estado>Alagoas</estado>
    <região/>
    <ibge>2704302</ibge>
    <gia/>
    <ddd>82</ddd>
    <siafi>2785</siafi>
  </cep>
  <cep>
    <cep>57035-692</cep>
    <logradouro>Rua dos Arcos</logradouro>
    <complemento/>
    <unidade/>
    <bairro>Jatiúca</bairro>
    <localidade>Maceió</localidade>
    <uf>AL</uf>
    <estado>Alagoas</estado>
    <região/>
    <ibge>2704302</ibge>
    <gia/>
    <ddd>82</ddd>
    <siafi>2785</siafi>
  </cep>
  <cep>
    <cep>57035-706</cep>
    <logradouro>Rua Maria de Lourdes Alves Pinto</logradouro>
    <complemento/>
    <unidade/>
    <bairro>Jatiúca</bairro>
    <localidade>Maceió</localidade>
    <uf>AL</uf>
    <estado>Alagoas</estado>
    <região/>
    <ibge>2704302</ibge>
    <gia/>
    <ddd>82</ddd>
    <siafi>2785</siafi>
  </cep>
  <cep>
    <cep>57035-735</cep>
    <logradouro>Rua Soldado Eduardo dos Santos</logradouro>
    <complemento/>
    <unidade/>
    <bairro>Jatiúca</bairro>
    <localidade>Maceió</localidade>
    <uf>AL</uf>
    <estado>Alagoas</estado>
    <região/>
    <ibge>2704302</ibge>
    <gia/>
    <ddd>82</ddd>
    <siafi>2785</siafi>
  </cep>
  <cep>
    <cep>57035-732</cep>
    <logradouro>Rua Soldado José Guilherme da Silva</logradouro>
    <complemento/>
    <unidade/>
    <bairro>Jatiúca</bairro>
    <localidade>Maceió</localidade>
    <uf>AL</uf>
    <estado>Alagoas</estado>
    <região/>
    <ibge>2704302</ibge>
    <gia/>
    <ddd>82</ddd>
    <siafi>2785</siafi>
  </cep>
  <cep>
    <cep>57035-739</cep>
    <logradouro>Rua Doutor José Júlio Sauher</logradouro>
    <complemento/>
    <unidade/>
    <bairro>Jatiúca</bairro>
    <localidade>Maceió</localidade>
    <uf>AL</uf>
    <estado>Alagoas</estado>
    <região/>
    <ibge>2704302</ibge>
    <gia/>
    <ddd>82</ddd>
    <siafi>2785</siafi>
  </cep>
  <cep>
    <cep>57035-750</cep>
    <logradouro>Travessa Isabelle Gondim Lima</logradouro>
    <complemento/>
    <unidade/>
    <bairro>Jatiúca</bairro>
    <localidade>Maceió</localidade>
    <uf>AL</uf>
    <estado>Alagoas</estado>
    <região/>
    <ibge>2704302</ibge>
    <gia/>
    <ddd>82</ddd>
    <siafi>2785</siafi>
  </cep>
  <cep>
    <cep>57035-747</cep>
    <logradouro>Rua Deputado Eliseu Teixeira</logradouro>
    <complemento/>
    <unidade/>
    <bairro>Jatiúca</bairro>
    <localidade>Maceió</localidade>
    <uf>AL</uf>
    <estado>Alagoas</estado>
    <região/>
    <ibge>2704302</ibge>
    <gia/>
    <ddd>82</ddd>
    <siafi>2785</siafi>
  </cep>
  <cep>
    <cep>57035-745</cep>
    <logradouro>Travessa Santa Sofia</logradouro>
    <complemento/>
    <unidade/>
    <bairro>Jatiúca</bairro>
    <localidade>Maceió</localidade>
    <uf>AL</uf>
    <estado>Alagoas</estado>
    <região/>
    <ibge>2704302</ibge>
    <gia/>
    <ddd>82</ddd>
    <siafi>2785</siafi>
  </cep>
  <cep>
    <cep>57035-741</cep>
    <logradouro>Travessa Antônio Maciel de Oliveira</logradouro>
    <complemento/>
    <unidade/>
    <bairro>Jatiúca</bairro>
    <localidade>Maceió</localidade>
    <uf>AL</uf>
    <estado>Alagoas</estado>
    <região/>
    <ibge>2704302</ibge>
    <gia/>
    <ddd>82</ddd>
    <siafi>2785</siafi>
  </cep>
  <cep>
    <cep>57035-740</cep>
    <logradouro>Rua Santa Sofia</logradouro>
    <complemento/>
    <unidade/>
    <bairro>Jatiúca</bairro>
    <localidade>Maceió</localidade>
    <uf>AL</uf>
    <estado>Alagoas</estado>
    <região/>
    <ibge>2704302</ibge>
    <gia/>
    <ddd>82</ddd>
    <siafi>2785</siafi>
  </cep>
  <cep>
    <cep>57035-751</cep>
    <logradouro>Rua Lourenço Moreira da Silva</logradouro>
    <complemento/>
    <unidade/>
    <bairro>Jatiúca</bairro>
    <localidade>Maceió</localidade>
    <uf>AL</uf>
    <estado>Alagoas</estado>
    <região/>
    <ibge>2704302</ibge>
    <gia/>
    <ddd>82</ddd>
    <siafi>2785</siafi>
  </cep>
  <cep>
    <cep>57035-753</cep>
    <logradouro>Rua Doutor Noel Nutels</logradouro>
    <complemento/>
    <unidade/>
    <bairro>Jatiúca</bairro>
    <localidade>Maceió</localidade>
    <uf>AL</uf>
    <estado>Alagoas</estado>
    <região/>
    <ibge>2704302</ibge>
    <gia/>
    <ddd>82</ddd>
    <siafi>2785</siafi>
  </cep>
  <cep>
    <cep>57035-710</cep>
    <logradouro>Rua Napoleão Viana de Oliveira</logradouro>
    <complemento/>
    <unidade/>
    <bairro>Jatiúca</bairro>
    <localidade>Maceió</localidade>
    <uf>AL</uf>
    <estado>Alagoas</estado>
    <região/>
    <ibge>2704302</ibge>
    <gia/>
    <ddd>82</ddd>
    <siafi>2785</siafi>
  </cep>
  <cep>
    <cep>57035-700</cep>
    <logradouro>Avenida Doutor Júlio Marques Luz</logradouro>
    <complemento>até 2014/2015</complemento>
    <unidade/>
    <bairro>Jatiúca</bairro>
    <localidade>Maceió</localidade>
    <uf>AL</uf>
    <estado>Alagoas</estado>
    <região/>
    <ibge>2704302</ibge>
    <gia/>
    <ddd>82</ddd>
    <siafi>2785</siafi>
  </cep>
  <cep>
    <cep>57035-755</cep>
    <logradouro>Rua Prefeito Abdon Arroxelas</logradouro>
    <complemento>lado par</complemento>
    <unidade/>
    <bairro>Jatiúca</bairro>
    <localidade>Maceió</localidade>
    <uf>AL</uf>
    <estado>Alagoas</estado>
    <região/>
    <ibge>2704302</ibge>
    <gia/>
    <ddd>82</ddd>
    <siafi>2785</siafi>
  </cep>
  <cep>
    <cep>57035-705</cep>
    <logradouro>Rua Carlos de Castro Lima</logradouro>
    <complemento/>
    <unidade/>
    <bairro>Jatiúca</bairro>
    <localidade>Maceió</localidade>
    <uf>AL</uf>
    <estado>Alagoas</estado>
    <região/>
    <ibge>2704302</ibge>
    <gia/>
    <ddd>82</ddd>
    <siafi>2785</siafi>
  </cep>
  <cep>
    <cep>57035-730</cep>
    <logradouro>Travessa Santa Amália</logradouro>
    <complemento/>
    <unidade/>
    <bairro>Jatiúca</bairro>
    <localidade>Maceió</localidade>
    <uf>AL</uf>
    <estado>Alagoas</estado>
    <região/>
    <ibge>2704302</ibge>
    <gia/>
    <ddd>82</ddd>
    <siafi>2785</siafi>
  </cep>
  <cep>
    <cep>57035-770</cep>
    <logradouro>Rua Minervo Pimentel</logradouro>
    <complemento/>
    <unidade/>
    <bairro>Jatiúca</bairro>
    <localidade>Maceió</localidade>
    <uf>AL</uf>
    <estado>Alagoas</estado>
    <região/>
    <ibge>2704302</ibge>
    <gia/>
    <ddd>82</ddd>
    <siafi>2785</siafi>
  </cep>
  <cep>
    <cep>57035-743</cep>
    <logradouro>Rua Manoel Ribeiro da Rocha</logradouro>
    <complemento>de 550/551 ao fim</complemento>
    <unidade/>
    <bairro>Jatiúca</bairro>
    <localidade>Maceió</localidade>
    <uf>AL</uf>
    <estado>Alagoas</estado>
    <região/>
    <ibge>2704302</ibge>
    <gia/>
    <ddd>82</ddd>
    <siafi>2785</siafi>
  </cep>
  <cep>
    <cep>57035-780</cep>
    <logradouro>Rua Mário Palmeira Junior</logradouro>
    <complemento/>
    <unidade/>
    <bairro>Jatiúca</bairro>
    <localidade>Maceió</localidade>
    <uf>AL</uf>
    <estado>Alagoas</estado>
    <região/>
    <ibge>2704302</ibge>
    <gia/>
    <ddd>82</ddd>
    <siafi>2785</siafi>
  </cep>
  <cep>
    <cep>57035-775</cep>
    <logradouro>Rua João Paulo Pelegrino</logradouro>
    <complemento/>
    <unidade/>
    <bairro>Jatiúca</bairro>
    <localidade>Maceió</localidade>
    <uf>AL</uf>
    <estado>Alagoas</estado>
    <região/>
    <ibge>2704302</ibge>
    <gia/>
    <ddd>82</ddd>
    <siafi>2785</siafi>
  </cep>
  <cep>
    <cep>57035-800</cep>
    <logradouro>Rua Professor Eduardo da Motta Trigueiro</logradouro>
    <complemento/>
    <unidade/>
    <bairro>Jatiúca</bairro>
    <localidade>Maceió</localidade>
    <uf>AL</uf>
    <estado>Alagoas</estado>
    <região/>
    <ibge>2704302</ibge>
    <gia/>
    <ddd>82</ddd>
    <siafi>2785</siafi>
  </cep>
  <cep>
    <cep>57035-825</cep>
    <logradouro>Rua Doutora Rosa Cabús</logradouro>
    <complemento/>
    <unidade/>
    <bairro>Jatiúca</bairro>
    <localidade>Maceió</localidade>
    <uf>AL</uf>
    <estado>Alagoas</estado>
    <região/>
    <ibge>2704302</ibge>
    <gia/>
    <ddd>82</ddd>
    <siafi>2785</siafi>
  </cep>
  <cep>
    <cep>57035-851</cep>
    <logradouro>Avenida Roberto Mascarenhas de Brito</logradouro>
    <complemento/>
    <unidade/>
    <bairro>Jatiúca</bairro>
    <localidade>Maceió</localidade>
    <uf>AL</uf>
    <estado>Alagoas</estado>
    <região/>
    <ibge>2704302</ibge>
    <gia/>
    <ddd>82</ddd>
    <siafi>2785</siafi>
  </cep>
  <cep>
    <cep>57035-850</cep>
    <logradouro>Rua José Luiz Calazans</logradouro>
    <complemento/>
    <unidade/>
    <bairro>Jatiúca</bairro>
    <localidade>Maceió</localidade>
    <uf>AL</uf>
    <estado>Alagoas</estado>
    <região/>
    <ibge>2704302</ibge>
    <gia/>
    <ddd>82</ddd>
    <siafi>2785</siafi>
  </cep>
  <cep>
    <cep>57035-852</cep>
    <logradouro>Rua Ferroviário Manoel Gonçalves Filho</logradouro>
    <complemento/>
    <unidade/>
    <bairro>Jatiúca</bairro>
    <localidade>Maceió</localidade>
    <uf>AL</uf>
    <estado>Alagoas</estado>
    <região/>
    <ibge>2704302</ibge>
    <gia/>
    <ddd>82</ddd>
    <siafi>2785</siafi>
  </cep>
  <cep>
    <cep>57035-854</cep>
    <logradouro>Rua Governador Carlos Lacerda</logradouro>
    <complemento/>
    <unidade/>
    <bairro>Jatiúca</bairro>
    <localidade>Maceió</localidade>
    <uf>AL</uf>
    <estado>Alagoas</estado>
    <região/>
    <ibge>2704302</ibge>
    <gia/>
    <ddd>82</ddd>
    <siafi>2785</siafi>
  </cep>
  <cep>
    <cep>57035-860</cep>
    <logradouro>Rua Doutor Waldemiro Alencar Junior</logradouro>
    <complemento/>
    <unidade/>
    <bairro>Jatiúca</bairro>
    <localidade>Maceió</localidade>
    <uf>AL</uf>
    <estado>Alagoas</estado>
    <região/>
    <ibge>2704302</ibge>
    <gia/>
    <ddd>82</ddd>
    <siafi>2785</siafi>
  </cep>
  <cep>
    <cep>57035-858</cep>
    <logradouro>Rua Professor Dilermando Reis</logradouro>
    <complemento/>
    <unidade/>
    <bairro>Jatiúca</bairro>
    <localidade>Maceió</localidade>
    <uf>AL</uf>
    <estado>Alagoas</estado>
    <região/>
    <ibge>2704302</ibge>
    <gia/>
    <ddd>82</ddd>
    <siafi>2785</siafi>
  </cep>
  <cep>
    <cep>57035-856</cep>
    <logradouro>Rua Arthur Bulhões</logradouro>
    <complemento/>
    <unidade/>
    <bairro>Jatiúca</bairro>
    <localidade>Maceió</localidade>
    <uf>AL</uf>
    <estado>Alagoas</estado>
    <região/>
    <ibge>2704302</ibge>
    <gia/>
    <ddd>82</ddd>
    <siafi>2785</siafi>
  </cep>
  <cep>
    <cep>57035-900</cep>
    <logradouro>Avenida Álvaro Otacílio</logradouro>
    <complemento>2991</complemento>
    <unidade>Maceió Mar Hotel</unidade>
    <bairro>Ponta Verde</bairro>
    <localidade>Maceió</localidade>
    <uf>AL</uf>
    <estado>Alagoas</estado>
    <região/>
    <ibge>2704302</ibge>
    <gia/>
    <ddd>82</ddd>
    <siafi>2785</siafi>
  </cep>
  <cep>
    <cep>57035-864</cep>
    <logradouro>Rua Joaquim Marques Luz</logradouro>
    <complemento/>
    <unidade/>
    <bairro>Jatiúca</bairro>
    <localidade>Maceió</localidade>
    <uf>AL</uf>
    <estado>Alagoas</estado>
    <região/>
    <ibge>2704302</ibge>
    <gia/>
    <ddd>82</ddd>
    <siafi>2785</siafi>
  </cep>
  <cep>
    <cep>57035-862</cep>
    <logradouro>Rua Nelson de Azevedo Souza</logradouro>
    <complemento/>
    <unidade/>
    <bairro>Jatiúca</bairro>
    <localidade>Maceió</localidade>
    <uf>AL</uf>
    <estado>Alagoas</estado>
    <região/>
    <ibge>2704302</ibge>
    <gia/>
    <ddd>82</ddd>
    <siafi>2785</siafi>
  </cep>
  <cep>
    <cep>57036-001</cep>
    <logradouro>Avenida Doutor Antônio Gomes de Barros</logradouro>
    <complemento>lado ímpar</complemento>
    <unidade/>
    <bairro>Jatiúca</bairro>
    <localidade>Maceió</localidade>
    <uf>AL</uf>
    <estado>Alagoas</estado>
    <região/>
    <ibge>2704302</ibge>
    <gia/>
    <ddd>82</ddd>
    <siafi>2785</siafi>
  </cep>
  <cep>
    <cep>57036-000</cep>
    <logradouro>Avenida Doutor Antônio Gomes de Barros</logradouro>
    <complemento>lado par</complemento>
    <unidade/>
    <bairro>Jatiúca</bairro>
    <localidade>Maceió</localidade>
    <uf>AL</uf>
    <estado>Alagoas</estado>
    <região/>
    <ibge>2704302</ibge>
    <gia/>
    <ddd>82</ddd>
    <siafi>2785</siafi>
  </cep>
  <cep>
    <cep>57036-004</cep>
    <logradouro>Rua R</logradouro>
    <complemento>(Cj Castelo Branco)</complemento>
    <unidade/>
    <bairro>Jatiúca</bairro>
    <localidade>Maceió</localidade>
    <uf>AL</uf>
    <estado>Alagoas</estado>
    <região/>
    <ibge>2704302</ibge>
    <gia/>
    <ddd>82</ddd>
    <siafi>2785</siafi>
  </cep>
  <cep>
    <cep/>
    <logradouro/>
    <complemento/>
    <unidade/>
    <bairro/>
    <localidade/>
    <uf/>
    <estado/>
    <região/>
    <ibge/>
    <gia/>
    <ddd/>
    <siafi/>
  </cep>
  <cep>
    <cep>57036-020</cep>
    <logradouro>Rua Abelardo Pugliese</logradouro>
    <complemento/>
    <unidade/>
    <bairro>Jatiúca</bairro>
    <localidade>Maceió</localidade>
    <uf>AL</uf>
    <estado>Alagoas</estado>
    <região/>
    <ibge>2704302</ibge>
    <gia/>
    <ddd>82</ddd>
    <siafi>2785</siafi>
  </cep>
  <cep>
    <cep>57036-010</cep>
    <logradouro>Rua Abdon Assis Inojosa de Andrade</logradouro>
    <complemento/>
    <unidade/>
    <bairro>Jatiúca</bairro>
    <localidade>Maceió</localidade>
    <uf>AL</uf>
    <estado>Alagoas</estado>
    <região/>
    <ibge>2704302</ibge>
    <gia/>
    <ddd>82</ddd>
    <siafi>2785</siafi>
  </cep>
  <cep>
    <cep>57036-040</cep>
    <logradouro>Rua Antônia Alves Carvalho Leite</logradouro>
    <complemento/>
    <unidade/>
    <bairro>Jatiúca</bairro>
    <localidade>Maceió</localidade>
    <uf>AL</uf>
    <estado>Alagoas</estado>
    <região/>
    <ibge>2704302</ibge>
    <gia/>
    <ddd>82</ddd>
    <siafi>2785</siafi>
  </cep>
  <cep>
    <cep>57036-030</cep>
    <logradouro>Rua Alfredo Santa Rita</logradouro>
    <complemento/>
    <unidade/>
    <bairro>Jatiúca</bairro>
    <localidade>Maceió</localidade>
    <uf>AL</uf>
    <estado>Alagoas</estado>
    <região/>
    <ibge>2704302</ibge>
    <gia/>
    <ddd>82</ddd>
    <siafi>2785</siafi>
  </cep>
  <cep>
    <cep>57036-050</cep>
    <logradouro>Rua Artagnan Martins Reis</logradouro>
    <complemento/>
    <unidade/>
    <bairro>Jatiúca</bairro>
    <localidade>Maceió</localidade>
    <uf>AL</uf>
    <estado>Alagoas</estado>
    <região/>
    <ibge>2704302</ibge>
    <gia/>
    <ddd>82</ddd>
    <siafi>2785</siafi>
  </cep>
  <cep>
    <cep>57036-110</cep>
    <logradouro>Rua Deputado Luiz Gonzaga Coutinho</logradouro>
    <complemento/>
    <unidade/>
    <bairro>Jatiúca</bairro>
    <localidade>Maceió</localidade>
    <uf>AL</uf>
    <estado>Alagoas</estado>
    <região/>
    <ibge>2704302</ibge>
    <gia/>
    <ddd>82</ddd>
    <siafi>2785</siafi>
  </cep>
  <cep>
    <cep>57036-150</cep>
    <logradouro>Rua Doutor Procópio Júnior</logradouro>
    <complemento/>
    <unidade/>
    <bairro>Jatiúca</bairro>
    <localidade>Maceió</localidade>
    <uf>AL</uf>
    <estado>Alagoas</estado>
    <região/>
    <ibge>2704302</ibge>
    <gia/>
    <ddd>82</ddd>
    <siafi>2785</siafi>
  </cep>
  <cep>
    <cep>57036-130</cep>
    <logradouro>Rua Doutor Hebel Quintela</logradouro>
    <complemento/>
    <unidade/>
    <bairro>Jatiúca</bairro>
    <localidade>Maceió</localidade>
    <uf>AL</uf>
    <estado>Alagoas</estado>
    <região/>
    <ibge>2704302</ibge>
    <gia/>
    <ddd>82</ddd>
    <siafi>2785</siafi>
  </cep>
  <cep>
    <cep>57036-160</cep>
    <logradouro>Rua Doutor Sadi Carvalho</logradouro>
    <complemento/>
    <unidade/>
    <bairro>Jatiúca</bairro>
    <localidade>Maceió</localidade>
    <uf>AL</uf>
    <estado>Alagoas</estado>
    <região/>
    <ibge>2704302</ibge>
    <gia/>
    <ddd>82</ddd>
    <siafi>2785</siafi>
  </cep>
  <cep>
    <cep>57036-140</cep>
    <logradouro>Rua Doutor José Bernardino Carvalho Leite</logradouro>
    <complemento/>
    <unidade/>
    <bairro>Jatiúca</bairro>
    <localidade>Maceió</localidade>
    <uf>AL</uf>
    <estado>Alagoas</estado>
    <região/>
    <ibge>2704302</ibge>
    <gia/>
    <ddd>82</ddd>
    <siafi>2785</siafi>
  </cep>
  <cep>
    <cep>57036-120</cep>
    <logradouro>Rua Doutor Aristeu Lopes</logradouro>
    <complemento/>
    <unidade/>
    <bairro>Jatiúca</bairro>
    <localidade>Maceió</localidade>
    <uf>AL</uf>
    <estado>Alagoas</estado>
    <região/>
    <ibge>2704302</ibge>
    <gia/>
    <ddd>82</ddd>
    <siafi>2785</siafi>
  </cep>
  <cep>
    <cep>57036-070</cep>
    <logradouro>Rua Artur Charles Dorvillé</logradouro>
    <complemento/>
    <unidade/>
    <bairro>Jatiúca</bairro>
    <localidade>Maceió</localidade>
    <uf>AL</uf>
    <estado>Alagoas</estado>
    <região/>
    <ibge>2704302</ibge>
    <gia/>
    <ddd>82</ddd>
    <siafi>2785</siafi>
  </cep>
  <cep>
    <cep>57036-190</cep>
    <logradouro>Rua General José Portugal Ramalho</logradouro>
    <complemento/>
    <unidade/>
    <bairro>Jatiúca</bairro>
    <localidade>Maceió</localidade>
    <uf>AL</uf>
    <estado>Alagoas</estado>
    <região/>
    <ibge>2704302</ibge>
    <gia/>
    <ddd>82</ddd>
    <siafi>2785</siafi>
  </cep>
  <cep>
    <cep>57036-161</cep>
    <logradouro>Rua Pedro Moura</logradouro>
    <complemento>(Cj Castelo Branco)</complemento>
    <unidade/>
    <bairro>Jatiúca</bairro>
    <localidade>Maceió</localidade>
    <uf>AL</uf>
    <estado>Alagoas</estado>
    <região/>
    <ibge>2704302</ibge>
    <gia/>
    <ddd>82</ddd>
    <siafi>2785</siafi>
  </cep>
  <cep>
    <cep>57036-210</cep>
    <logradouro>Rua Industrial Breno Lins Cansanção</logradouro>
    <complemento/>
    <unidade/>
    <bairro>Jatiúca</bairro>
    <localidade>Maceió</localidade>
    <uf>AL</uf>
    <estado>Alagoas</estado>
    <região/>
    <ibge>2704302</ibge>
    <gia/>
    <ddd>82</ddd>
    <siafi>2785</siafi>
  </cep>
  <cep>
    <cep>57036-250</cep>
    <logradouro>Rua Comerciário José Pontes de Magalhães</logradouro>
    <complemento/>
    <unidade/>
    <bairro>Jatiúca</bairro>
    <localidade>Maceió</localidade>
    <uf>AL</uf>
    <estado>Alagoas</estado>
    <região/>
    <ibge>2704302</ibge>
    <gia/>
    <ddd>82</ddd>
    <siafi>2785</siafi>
  </cep>
  <cep>
    <cep>57036-230</cep>
    <logradouro>Rua Jonathan Alves de Melo</logradouro>
    <complemento/>
    <unidade/>
    <bairro>Jatiúca</bairro>
    <localidade>Maceió</localidade>
    <uf>AL</uf>
    <estado>Alagoas</estado>
    <região/>
    <ibge>2704302</ibge>
    <gia/>
    <ddd>82</ddd>
    <siafi>2785</siafi>
  </cep>
  <cep>
    <cep>57036-270</cep>
    <logradouro>Rua Luíza Medeiros</logradouro>
    <complemento/>
    <unidade/>
    <bairro>Jatiúca</bairro>
    <localidade>Maceió</localidade>
    <uf>AL</uf>
    <estado>Alagoas</estado>
    <região/>
    <ibge>2704302</ibge>
    <gia/>
    <ddd>82</ddd>
    <siafi>2785</siafi>
  </cep>
  <cep>
    <cep>57036-330</cep>
    <logradouro>Rua Vinícius de Moraes</logradouro>
    <complemento/>
    <unidade/>
    <bairro>Jatiúca</bairro>
    <localidade>Maceió</localidade>
    <uf>AL</uf>
    <estado>Alagoas</estado>
    <região/>
    <ibge>2704302</ibge>
    <gia/>
    <ddd>82</ddd>
    <siafi>2785</siafi>
  </cep>
  <cep>
    <cep>57036-450</cep>
    <logradouro>Rua Carlos Gomes da Silva</logradouro>
    <complemento/>
    <unidade/>
    <bairro>Jatiúca</bairro>
    <localidade>Maceió</localidade>
    <uf>AL</uf>
    <estado>Alagoas</estado>
    <região/>
    <ibge>2704302</ibge>
    <gia/>
    <ddd>82</ddd>
    <siafi>2785</siafi>
  </cep>
  <cep>
    <cep>57036-480</cep>
    <logradouro>Rua Coronel Alcides de Barros Ferreira</logradouro>
    <complemento/>
    <unidade/>
    <bairro>Jatiúca</bairro>
    <localidade>Maceió</localidade>
    <uf>AL</uf>
    <estado>Alagoas</estado>
    <região/>
    <ibge>2704302</ibge>
    <gia/>
    <ddd>82</ddd>
    <siafi>2785</siafi>
  </cep>
  <cep>
    <cep>57036-371</cep>
    <logradouro>Avenida Dona Constança de Góes Monteiro</logradouro>
    <complemento>de 750 ao fim - lado par</complemento>
    <unidade/>
    <bairro>Jatiúca</bairro>
    <localidade>Maceió</localidade>
    <uf>AL</uf>
    <estado>Alagoas</estado>
    <região/>
    <ibge>2704302</ibge>
    <gia/>
    <ddd>82</ddd>
    <siafi>2785</siafi>
  </cep>
  <cep>
    <cep>57036-560</cep>
    <logradouro>Rua Estudante Alexandre Gonçalves Sarmento</logradouro>
    <complemento/>
    <unidade/>
    <bairro>Jatiúca</bairro>
    <localidade>Maceió</localidade>
    <uf>AL</uf>
    <estado>Alagoas</estado>
    <região/>
    <ibge>2704302</ibge>
    <gia/>
    <ddd>82</ddd>
    <siafi>2785</siafi>
  </cep>
  <cep>
    <cep>57036-550</cep>
    <logradouro>Avenida Engenheiro Paulo Brandão Nogueira</logradouro>
    <complemento/>
    <unidade/>
    <bairro>Jatiúca</bairro>
    <localidade>Maceió</localidade>
    <uf>AL</uf>
    <estado>Alagoas</estado>
    <região/>
    <ibge>2704302</ibge>
    <gia/>
    <ddd>82</ddd>
    <siafi>2785</siafi>
  </cep>
  <cep>
    <cep>57036-410</cep>
    <logradouro>Rua Empresário Antônio Magalhães</logradouro>
    <complemento/>
    <unidade/>
    <bairro>Jatiúca</bairro>
    <localidade>Maceió</localidade>
    <uf>AL</uf>
    <estado>Alagoas</estado>
    <região/>
    <ibge>2704302</ibge>
    <gia/>
    <ddd>82</ddd>
    <siafi>2785</siafi>
  </cep>
  <cep>
    <cep>57036-590</cep>
    <logradouro>Rua Industrial Climério Sarmento</logradouro>
    <complemento/>
    <unidade/>
    <bairro>Jatiúca</bairro>
    <localidade>Maceió</localidade>
    <uf>AL</uf>
    <estado>Alagoas</estado>
    <região/>
    <ibge>2704302</ibge>
    <gia/>
    <ddd>82</ddd>
    <siafi>2785</siafi>
  </cep>
  <cep>
    <cep>57036-370</cep>
    <logradouro>Avenida Dona Constança de Góes Monteiro</logradouro>
    <complemento>de 1/2 a 719/720</complemento>
    <unidade/>
    <bairro>Jatiúca</bairro>
    <localidade>Maceió</localidade>
    <uf>AL</uf>
    <estado>Alagoas</estado>
    <região/>
    <ibge>2704302</ibge>
    <gia/>
    <ddd>82</ddd>
    <siafi>2785</siafi>
  </cep>
  <cep>
    <cep>57036-500</cep>
    <logradouro>Rua Desportista Carlos Gonzaga Brêda Júnior</logradouro>
    <complemento/>
    <unidade/>
    <bairro>Jatiúca</bairro>
    <localidade>Maceió</localidade>
    <uf>AL</uf>
    <estado>Alagoas</estado>
    <região/>
    <ibge>2704302</ibge>
    <gia/>
    <ddd>82</ddd>
    <siafi>2785</siafi>
  </cep>
  <cep>
    <cep>57036-390</cep>
    <logradouro>Avenida Paulo Falcão</logradouro>
    <complemento/>
    <unidade/>
    <bairro>Jatiúca</bairro>
    <localidade>Maceió</localidade>
    <uf>AL</uf>
    <estado>Alagoas</estado>
    <região/>
    <ibge>2704302</ibge>
    <gia/>
    <ddd>82</ddd>
    <siafi>2785</siafi>
  </cep>
  <cep>
    <cep>57036-630</cep>
    <logradouro>Rua José Carneiro da Cunha Sarmento</logradouro>
    <complemento/>
    <unidade/>
    <bairro>Jatiúca</bairro>
    <localidade>Maceió</localidade>
    <uf>AL</uf>
    <estado>Alagoas</estado>
    <região/>
    <ibge>2704302</ibge>
    <gia/>
    <ddd>82</ddd>
    <siafi>2785</siafi>
  </cep>
  <cep>
    <cep>57036-360</cep>
    <logradouro>Rua Vereador Pedro Moura</logradouro>
    <complemento/>
    <unidade/>
    <bairro>Jatiúca</bairro>
    <localidade>Maceió</localidade>
    <uf>AL</uf>
    <estado>Alagoas</estado>
    <região/>
    <ibge>2704302</ibge>
    <gia/>
    <ddd>82</ddd>
    <siafi>2785</siafi>
  </cep>
  <cep>
    <cep>57036-600</cep>
    <logradouro>Rua Industrial José Otávio Moreira</logradouro>
    <complemento/>
    <unidade/>
    <bairro>Jatiúca</bairro>
    <localidade>Maceió</localidade>
    <uf>AL</uf>
    <estado>Alagoas</estado>
    <região/>
    <ibge>2704302</ibge>
    <gia/>
    <ddd>82</ddd>
    <siafi>2785</siafi>
  </cep>
  <cep>
    <cep>57036-240</cep>
    <logradouro>Rua José Maia Gomes</logradouro>
    <complemento/>
    <unidade/>
    <bairro>Jatiúca</bairro>
    <localidade>Maceió</localidade>
    <uf>AL</uf>
    <estado>Alagoas</estado>
    <região/>
    <ibge>2704302</ibge>
    <gia/>
    <ddd>82</ddd>
    <siafi>2785</siafi>
  </cep>
  <cep>
    <cep>57036-720</cep>
    <logradouro>Rua Marechal Arthur Alvim Câmara</logradouro>
    <complemento/>
    <unidade/>
    <bairro>Jatiúca</bairro>
    <localidade>Maceió</localidade>
    <uf>AL</uf>
    <estado>Alagoas</estado>
    <região/>
    <ibge>2704302</ibge>
    <gia/>
    <ddd>82</ddd>
    <siafi>2785</siafi>
  </cep>
  <cep>
    <cep>57036-440</cep>
    <logradouro>Rua Bancário José Farias de Almeida</logradouro>
    <complemento/>
    <unidade/>
    <bairro>Jatiúca</bairro>
    <localidade>Maceió</localidade>
    <uf>AL</uf>
    <estado>Alagoas</estado>
    <região/>
    <ibge>2704302</ibge>
    <gia/>
    <ddd>82</ddd>
    <siafi>2785</siafi>
  </cep>
  <cep>
    <cep>57036-510</cep>
    <logradouro>Rua Doutor José Affonso de Mello</logradouro>
    <complemento/>
    <unidade/>
    <bairro>Jatiúca</bairro>
    <localidade>Maceió</localidade>
    <uf>AL</uf>
    <estado>Alagoas</estado>
    <região/>
    <ibge>2704302</ibge>
    <gia/>
    <ddd>82</ddd>
    <siafi>2785</siafi>
  </cep>
  <cep>
    <cep>57036-690</cep>
    <logradouro>Rua Olindina Campos Teixeira</logradouro>
    <complemento/>
    <unidade/>
    <bairro>Jatiúca</bairro>
    <localidade>Maceió</localidade>
    <uf>AL</uf>
    <estado>Alagoas</estado>
    <região/>
    <ibge>2704302</ibge>
    <gia/>
    <ddd>82</ddd>
    <siafi>2785</siafi>
  </cep>
  <cep>
    <cep>57036-650</cep>
    <logradouro>Rua Luiz Lopes Agra</logradouro>
    <complemento/>
    <unidade/>
    <bairro>Jatiúca</bairro>
    <localidade>Maceió</localidade>
    <uf>AL</uf>
    <estado>Alagoas</estado>
    <região/>
    <ibge>2704302</ibge>
    <gia/>
    <ddd>82</ddd>
    <siafi>2785</siafi>
  </cep>
  <cep>
    <cep>57036-470</cep>
    <logradouro>Rua Cônego Antônio Firmino de Vasconcelos</logradouro>
    <complemento/>
    <unidade/>
    <bairro>Jatiúca</bairro>
    <localidade>Maceió</localidade>
    <uf>AL</uf>
    <estado>Alagoas</estado>
    <região/>
    <ibge>2704302</ibge>
    <gia/>
    <ddd>82</ddd>
    <siafi>2785</siafi>
  </cep>
  <cep>
    <cep>57036-580</cep>
    <logradouro>Rua General Newton de Andrade Cavalcante</logradouro>
    <complemento/>
    <unidade/>
    <bairro>Jatiúca</bairro>
    <localidade>Maceió</localidade>
    <uf>AL</uf>
    <estado>Alagoas</estado>
    <região/>
    <ibge>2704302</ibge>
    <gia/>
    <ddd>82</ddd>
    <siafi>2785</siafi>
  </cep>
  <cep>
    <cep>57036-740</cep>
    <logradouro>Rua Professor Sílvio de Macêdo</logradouro>
    <complemento/>
    <unidade/>
    <bairro>Jatiúca</bairro>
    <localidade>Maceió</localidade>
    <uf>AL</uf>
    <estado>Alagoas</estado>
    <região/>
    <ibge>2704302</ibge>
    <gia/>
    <ddd>82</ddd>
    <siafi>2785</siafi>
  </cep>
  <cep>
    <cep>57036-780</cep>
    <logradouro>Rua Estudante Ubiracy Norberto Joazeiro de Farias Costa</logradouro>
    <complemento/>
    <unidade/>
    <bairro>Jatiúca</bairro>
    <localidade>Maceió</localidade>
    <uf>AL</uf>
    <estado>Alagoas</estado>
    <região/>
    <ibge>2704302</ibge>
    <gia/>
    <ddd>82</ddd>
    <siafi>2785</siafi>
  </cep>
  <cep>
    <cep>57036-620</cep>
    <logradouro>Rua José Alves Morgado</logradouro>
    <complemento/>
    <unidade/>
    <bairro>Jatiúca</bairro>
    <localidade>Maceió</localidade>
    <uf>AL</uf>
    <estado>Alagoas</estado>
    <região/>
    <ibge>2704302</ibge>
    <gia/>
    <ddd>82</ddd>
    <siafi>2785</siafi>
  </cep>
  <cep>
    <cep>57036-280</cep>
    <logradouro>Rua Maria Brêda</logradouro>
    <complemento/>
    <unidade/>
    <bairro>Jatiúca</bairro>
    <localidade>Maceió</localidade>
    <uf>AL</uf>
    <estado>Alagoas</estado>
    <região/>
    <ibge>2704302</ibge>
    <gia/>
    <ddd>82</ddd>
    <siafi>2785</siafi>
  </cep>
  <cep>
    <cep>57036-420</cep>
    <logradouro>Rua Escritor Antônio Saturnino de Mendonça Júnior</logradouro>
    <complemento/>
    <unidade/>
    <bairro>Jatiúca</bairro>
    <localidade>Maceió</localidade>
    <uf>AL</uf>
    <estado>Alagoas</estado>
    <região/>
    <ibge>2704302</ibge>
    <gia/>
    <ddd>82</ddd>
    <siafi>2785</siafi>
  </cep>
  <cep>
    <cep>57036-730</cep>
    <logradouro>Rua Professor Nabuco Lopes</logradouro>
    <complemento/>
    <unidade/>
    <bairro>Jatiúca</bairro>
    <localidade>Maceió</localidade>
    <uf>AL</uf>
    <estado>Alagoas</estado>
    <região/>
    <ibge>2704302</ibge>
    <gia/>
    <ddd>82</ddd>
    <siafi>2785</siafi>
  </cep>
  <cep>
    <cep>57036-816</cep>
    <logradouro>Rua Cid Scalla</logradouro>
    <complemento>lado par</complemento>
    <unidade/>
    <bairro>Jatiúca</bairro>
    <localidade>Maceió</localidade>
    <uf>AL</uf>
    <estado>Alagoas</estado>
    <região/>
    <ibge>2704302</ibge>
    <gia/>
    <ddd>82</ddd>
    <siafi>2785</siafi>
  </cep>
  <cep>
    <cep>57036-815</cep>
    <logradouro>Rua João José Pereira de Lyra Filho</logradouro>
    <complemento/>
    <unidade/>
    <bairro>Jatiúca</bairro>
    <localidade>Maceió</localidade>
    <uf>AL</uf>
    <estado>Alagoas</estado>
    <região/>
    <ibge>2704302</ibge>
    <gia/>
    <ddd>82</ddd>
    <siafi>2785</siafi>
  </cep>
  <cep>
    <cep>57036-540</cep>
    <logradouro>Avenida Empresário Carlos da Silva Nogueira</logradouro>
    <complemento/>
    <unidade/>
    <bairro>Jatiúca</bairro>
    <localidade>Maceió</localidade>
    <uf>AL</uf>
    <estado>Alagoas</estado>
    <região/>
    <ibge>2704302</ibge>
    <gia/>
    <ddd>82</ddd>
    <siafi>2785</siafi>
  </cep>
  <cep>
    <cep>57036-400</cep>
    <logradouro>Avenida Pretestato Ferreira Machado</logradouro>
    <complemento/>
    <unidade/>
    <bairro>Jatiúca</bairro>
    <localidade>Maceió</localidade>
    <uf>AL</uf>
    <estado>Alagoas</estado>
    <região/>
    <ibge>2704302</ibge>
    <gia/>
    <ddd>82</ddd>
    <siafi>2785</siafi>
  </cep>
  <cep>
    <cep>57036-430</cep>
    <logradouro>Rua Aureliano Teixeira de Vasconcelos</logradouro>
    <complemento/>
    <unidade/>
    <bairro>Jatiúca</bairro>
    <localidade>Maceió</localidade>
    <uf>AL</uf>
    <estado>Alagoas</estado>
    <região/>
    <ibge>2704302</ibge>
    <gia/>
    <ddd>82</ddd>
    <siafi>2785</siafi>
  </cep>
  <cep>
    <cep>57036-490</cep>
    <logradouro>Rua Desembargador Alfredo Gaspar de Mendonça</logradouro>
    <complemento/>
    <unidade/>
    <bairro>Jatiúca</bairro>
    <localidade>Maceió</localidade>
    <uf>AL</uf>
    <estado>Alagoas</estado>
    <região/>
    <ibge>2704302</ibge>
    <gia/>
    <ddd>82</ddd>
    <siafi>2785</siafi>
  </cep>
  <cep>
    <cep>57036-770</cep>
    <logradouro>Rua Raphael Perrelli</logradouro>
    <complemento/>
    <unidade/>
    <bairro>Jatiúca</bairro>
    <localidade>Maceió</localidade>
    <uf>AL</uf>
    <estado>Alagoas</estado>
    <região/>
    <ibge>2704302</ibge>
    <gia/>
    <ddd>82</ddd>
    <siafi>2785</siafi>
  </cep>
  <cep>
    <cep>57036-820</cep>
    <logradouro>Rua Estudante Antônio Carlos de Moura Gama</logradouro>
    <complemento/>
    <unidade/>
    <bairro>Jatiúca</bairro>
    <localidade>Maceió</localidade>
    <uf>AL</uf>
    <estado>Alagoas</estado>
    <região/>
    <ibge>2704302</ibge>
    <gia/>
    <ddd>82</ddd>
    <siafi>2785</siafi>
  </cep>
  <cep>
    <cep>57036-830</cep>
    <logradouro>Rua Olavo Macêdo Ribeiro</logradouro>
    <complemento/>
    <unidade/>
    <bairro>Jatiúca</bairro>
    <localidade>Maceió</localidade>
    <uf>AL</uf>
    <estado>Alagoas</estado>
    <região/>
    <ibge>2704302</ibge>
    <gia/>
    <ddd>82</ddd>
    <siafi>2785</siafi>
  </cep>
  <cep>
    <cep>57036-380</cep>
    <logradouro>Avenida Luiz Ramalho de Castro</logradouro>
    <complemento/>
    <unidade/>
    <bairro>Jatiúca</bairro>
    <localidade>Maceió</localidade>
    <uf>AL</uf>
    <estado>Alagoas</estado>
    <região/>
    <ibge>2704302</ibge>
    <gia/>
    <ddd>82</ddd>
    <siafi>2785</siafi>
  </cep>
  <cep>
    <cep>57036-710</cep>
    <logradouro>Rua Professor Manoel Coelho Neto</logradouro>
    <complemento/>
    <unidade/>
    <bairro>Jatiúca</bairro>
    <localidade>Maceió</localidade>
    <uf>AL</uf>
    <estado>Alagoas</estado>
    <região/>
    <ibge>2704302</ibge>
    <gia/>
    <ddd>82</ddd>
    <siafi>2785</siafi>
  </cep>
  <cep>
    <cep>57036-750</cep>
    <logradouro>Rua Professora Edith Brandão Nogueira</logradouro>
    <complemento/>
    <unidade/>
    <bairro>Jatiúca</bairro>
    <localidade>Maceió</localidade>
    <uf>AL</uf>
    <estado>Alagoas</estado>
    <região/>
    <ibge>2704302</ibge>
    <gia/>
    <ddd>82</ddd>
    <siafi>2785</siafi>
  </cep>
  <cep>
    <cep>57036-810</cep>
    <logradouro>Conjunto Climério Sarmento</logradouro>
    <complemento/>
    <unidade/>
    <bairro>Jatiúca</bairro>
    <localidade>Maceió</localidade>
    <uf>AL</uf>
    <estado>Alagoas</estado>
    <região/>
    <ibge>2704302</ibge>
    <gia/>
    <ddd>82</ddd>
    <siafi>2785</siafi>
  </cep>
  <cep>
    <cep>57036-640</cep>
    <logradouro>Rua José Soares Sobrinho</logradouro>
    <complemento/>
    <unidade/>
    <bairro>Jatiúca</bairro>
    <localidade>Maceió</localidade>
    <uf>AL</uf>
    <estado>Alagoas</estado>
    <região/>
    <ibge>2704302</ibge>
    <gia/>
    <ddd>82</ddd>
    <siafi>2785</siafi>
  </cep>
  <cep>
    <cep>57036-655</cep>
    <logradouro>Avenida Venerável João Vieira Chagas</logradouro>
    <complemento/>
    <unidade/>
    <bairro>Jatiúca</bairro>
    <localidade>Maceió</localidade>
    <uf>AL</uf>
    <estado>Alagoas</estado>
    <região/>
    <ibge>2704302</ibge>
    <gia/>
    <ddd>82</ddd>
    <siafi>2785</siafi>
  </cep>
  <cep>
    <cep>57036-460</cep>
    <logradouro>Rua Carlos Povina Cavalcanti</logradouro>
    <complemento/>
    <unidade/>
    <bairro>Jatiúca</bairro>
    <localidade>Maceió</localidade>
    <uf>AL</uf>
    <estado>Alagoas</estado>
    <região/>
    <ibge>2704302</ibge>
    <gia/>
    <ddd>82</ddd>
    <siafi>2785</siafi>
  </cep>
  <cep>
    <cep>57036-840</cep>
    <logradouro>Rua Professora Maria Esther da Costa Barros</logradouro>
    <complemento/>
    <unidade/>
    <bairro>Jatiúca</bairro>
    <localidade>Maceió</localidade>
    <uf>AL</uf>
    <estado>Alagoas</estado>
    <região/>
    <ibge>2704302</ibge>
    <gia/>
    <ddd>82</ddd>
    <siafi>2785</siafi>
  </cep>
  <cep>
    <cep>57036-760</cep>
    <logradouro>Rua Professora Nadyr Maia Gomes Rêgo</logradouro>
    <complemento/>
    <unidade/>
    <bairro>Jatiúca</bairro>
    <localidade>Maceió</localidade>
    <uf>AL</uf>
    <estado>Alagoas</estado>
    <região/>
    <ibge>2704302</ibge>
    <gia/>
    <ddd>82</ddd>
    <siafi>2785</siafi>
  </cep>
  <cep>
    <cep>57036-800</cep>
    <logradouro>Rua Walfrido Rocha</logradouro>
    <complemento/>
    <unidade/>
    <bairro>Jatiúca</bairro>
    <localidade>Maceió</localidade>
    <uf>AL</uf>
    <estado>Alagoas</estado>
    <região/>
    <ibge>2704302</ibge>
    <gia/>
    <ddd>82</ddd>
    <siafi>2785</siafi>
  </cep>
  <cep>
    <cep>57036-850</cep>
    <logradouro>Avenida Álvaro Otacílio</logradouro>
    <complemento>de 3315/3316 ao fim</complemento>
    <unidade/>
    <bairro>Jatiúca</bairro>
    <localidade>Maceió</localidade>
    <uf>AL</uf>
    <estado>Alagoas</estado>
    <região/>
    <ibge>2704302</ibge>
    <gia/>
    <ddd>82</ddd>
    <siafi>2785</siafi>
  </cep>
  <cep>
    <cep>57036-670</cep>
    <logradouro>Rua Marechal Antônio Guedes Muniz</logradouro>
    <complemento/>
    <unidade/>
    <bairro>Jatiúca</bairro>
    <localidade>Maceió</localidade>
    <uf>AL</uf>
    <estado>Alagoas</estado>
    <região/>
    <ibge>2704302</ibge>
    <gia/>
    <ddd>82</ddd>
    <siafi>2785</siafi>
  </cep>
  <cep>
    <cep>57036-680</cep>
    <logradouro>Rua Miguel Alcides de Castro</logradouro>
    <complemento/>
    <unidade/>
    <bairro>Jatiúca</bairro>
    <localidade>Maceió</localidade>
    <uf>AL</uf>
    <estado>Alagoas</estado>
    <região/>
    <ibge>2704302</ibge>
    <gia/>
    <ddd>82</ddd>
    <siafi>2785</siafi>
  </cep>
  <cep>
    <cep>57036-860</cep>
    <logradouro>Rua Ernesto Gomes Maranhão</logradouro>
    <complemento/>
    <unidade/>
    <bairro>Jatiúca</bairro>
    <localidade>Maceió</localidade>
    <uf>AL</uf>
    <estado>Alagoas</estado>
    <região/>
    <ibge>2704302</ibge>
    <gia/>
    <ddd>82</ddd>
    <siafi>2785</siafi>
  </cep>
  <cep>
    <cep>57036-900</cep>
    <logradouro>Avenida Álvaro Otacílio</logradouro>
    <complemento>4065</complemento>
    <unidade>Meliá Maceió Apart Hotel</unidade>
    <bairro>Jatiúca</bairro>
    <localidade>Maceió</localidade>
    <uf>AL</uf>
    <estado>Alagoas</estado>
    <região/>
    <ibge>2704302</ibge>
    <gia/>
    <ddd>82</ddd>
    <siafi>2785</siafi>
  </cep>
  <cep>
    <cep>57036-971</cep>
    <logradouro>Avenida Doutor Antônio Gomes de Barros</logradouro>
    <complemento>1747</complemento>
    <unidade>CDD Ponta Verde</unidade>
    <bairro>Jatiúca</bairro>
    <localidade>Maceió</localidade>
    <uf>AL</uf>
    <estado>Alagoas</estado>
    <região/>
    <ibge>2704302</ibge>
    <gia/>
    <ddd>82</ddd>
    <siafi>2785</siafi>
  </cep>
  <cep>
    <cep>57037-280</cep>
    <logradouro>Rua Olívia Miranda</logradouro>
    <complemento/>
    <unidade/>
    <bairro>Mangabeiras</bairro>
    <localidade>Maceió</localidade>
    <uf>AL</uf>
    <estado>Alagoas</estado>
    <região/>
    <ibge>2704302</ibge>
    <gia/>
    <ddd>82</ddd>
    <siafi>2785</siafi>
  </cep>
  <cep>
    <cep>57037-035</cep>
    <logradouro>Avenida Venerável João Vieira Chagas</logradouro>
    <complemento/>
    <unidade/>
    <bairro>Mangabeiras</bairro>
    <localidade>Maceió</localidade>
    <uf>AL</uf>
    <estado>Alagoas</estado>
    <região/>
    <ibge>2704302</ibge>
    <gia/>
    <ddd>82</ddd>
    <siafi>2785</siafi>
  </cep>
  <cep>
    <cep>57037-440</cep>
    <logradouro>Rua Sara II</logradouro>
    <complemento>(Lot Jussara)</complemento>
    <unidade/>
    <bairro>Mangabeiras</bairro>
    <localidade>Maceió</localidade>
    <uf>AL</uf>
    <estado>Alagoas</estado>
    <região/>
    <ibge>2704302</ibge>
    <gia/>
    <ddd>82</ddd>
    <siafi>2785</siafi>
  </cep>
  <cep>
    <cep>57037-500</cep>
    <logradouro>Rua Industrial Moacir Duarte</logradouro>
    <complemento/>
    <unidade/>
    <bairro>Mangabeiras</bairro>
    <localidade>Maceió</localidade>
    <uf>AL</uf>
    <estado>Alagoas</estado>
    <região/>
    <ibge>2704302</ibge>
    <gia/>
    <ddd>82</ddd>
    <siafi>2785</siafi>
  </cep>
  <cep>
    <cep>57037-510</cep>
    <logradouro>Rua José de Melo</logradouro>
    <complemento/>
    <unidade/>
    <bairro>Mangabeiras</bairro>
    <localidade>Maceió</localidade>
    <uf>AL</uf>
    <estado>Alagoas</estado>
    <região/>
    <ibge>2704302</ibge>
    <gia/>
    <ddd>82</ddd>
    <siafi>2785</siafi>
  </cep>
  <cep>
    <cep>57037-520</cep>
    <logradouro>Rua Leopoldo Araújo Amorim</logradouro>
    <complemento/>
    <unidade/>
    <bairro>Mangabeiras</bairro>
    <localidade>Maceió</localidade>
    <uf>AL</uf>
    <estado>Alagoas</estado>
    <região/>
    <ibge>2704302</ibge>
    <gia/>
    <ddd>82</ddd>
    <siafi>2785</siafi>
  </cep>
  <cep>
    <cep>57037-530</cep>
    <logradouro>Rua Luiz Francisco Cedrim</logradouro>
    <complemento/>
    <unidade/>
    <bairro>Mangabeiras</bairro>
    <localidade>Maceió</localidade>
    <uf>AL</uf>
    <estado>Alagoas</estado>
    <região/>
    <ibge>2704302</ibge>
    <gia/>
    <ddd>82</ddd>
    <siafi>2785</siafi>
  </cep>
  <cep>
    <cep>57037-532</cep>
    <logradouro>Avenida Comendador Gustavo Paiva</logradouro>
    <complemento>até 99998/99999</complemento>
    <unidade/>
    <bairro>Mangabeiras</bairro>
    <localidade>Maceió</localidade>
    <uf>AL</uf>
    <estado>Alagoas</estado>
    <região/>
    <ibge>2704302</ibge>
    <gia/>
    <ddd>82</ddd>
    <siafi>2785</siafi>
  </cep>
  <cep>
    <cep>57037-534</cep>
    <logradouro>Travessa da Esperança</logradouro>
    <complemento/>
    <unidade/>
    <bairro>Mangabeiras</bairro>
    <localidade>Maceió</localidade>
    <uf>AL</uf>
    <estado>Alagoas</estado>
    <região/>
    <ibge>2704302</ibge>
    <gia/>
    <ddd>82</ddd>
    <siafi>2785</siafi>
  </cep>
  <cep>
    <cep>57037-538</cep>
    <logradouro>Rua São Domingos</logradouro>
    <complemento/>
    <unidade/>
    <bairro>Mangabeiras</bairro>
    <localidade>Maceió</localidade>
    <uf>AL</uf>
    <estado>Alagoas</estado>
    <região/>
    <ibge>2704302</ibge>
    <gia/>
    <ddd>82</ddd>
    <siafi>2785</siafi>
  </cep>
  <cep>
    <cep>57037-570</cep>
    <logradouro>Conjunto Jardim Vaticano</logradouro>
    <complemento/>
    <unidade/>
    <bairro>Mangabeiras</bairro>
    <localidade>Maceió</localidade>
    <uf>AL</uf>
    <estado>Alagoas</estado>
    <região/>
    <ibge>2704302</ibge>
    <gia/>
    <ddd>82</ddd>
    <siafi>2785</siafi>
  </cep>
  <cep>
    <cep>57037-571</cep>
    <logradouro>Rua Othoniel Costa</logradouro>
    <complemento/>
    <unidade/>
    <bairro>Mangabeiras</bairro>
    <localidade>Maceió</localidade>
    <uf>AL</uf>
    <estado>Alagoas</estado>
    <região/>
    <ibge>2704302</ibge>
    <gia/>
    <ddd>82</ddd>
    <siafi>2785</siafi>
  </cep>
  <cep>
    <cep>57037-575</cep>
    <logradouro>Rua Vereador Mironildes Vieira Peixoto</logradouro>
    <complemento/>
    <unidade/>
    <bairro>Mangabeiras</bairro>
    <localidade>Maceió</localidade>
    <uf>AL</uf>
    <estado>Alagoas</estado>
    <região/>
    <ibge>2704302</ibge>
    <gia/>
    <ddd>82</ddd>
    <siafi>2785</siafi>
  </cep>
  <cep>
    <cep>57037-580</cep>
    <logradouro>Avenida Doutor Mário Nunes Vieira</logradouro>
    <complemento>de 700/701 ao fim</complemento>
    <unidade/>
    <bairro>Mangabeiras</bairro>
    <localidade>Maceió</localidade>
    <uf>AL</uf>
    <estado>Alagoas</estado>
    <região/>
    <ibge>2704302</ibge>
    <gia/>
    <ddd>82</ddd>
    <siafi>2785</siafi>
  </cep>
  <cep>
    <cep>57037-585</cep>
    <logradouro>Rua Nelson de Azevedo Souza</logradouro>
    <complemento/>
    <unidade/>
    <bairro>Mangabeiras</bairro>
    <localidade>Maceió</localidade>
    <uf>AL</uf>
    <estado>Alagoas</estado>
    <região/>
    <ibge>2704302</ibge>
    <gia/>
    <ddd>82</ddd>
    <siafi>2785</siafi>
  </cep>
  <cep>
    <cep>57037-590</cep>
    <logradouro>Avenida João Davino</logradouro>
    <complemento>de 766 ao fim - lado par</complemento>
    <unidade/>
    <bairro>Mangabeiras</bairro>
    <localidade>Maceió</localidade>
    <uf>AL</uf>
    <estado>Alagoas</estado>
    <região/>
    <ibge>2704302</ibge>
    <gia/>
    <ddd>82</ddd>
    <siafi>2785</siafi>
  </cep>
  <cep>
    <cep>57037-595</cep>
    <logradouro>Avenida Desembargador Valente de Lima</logradouro>
    <complemento>até 88/89</complemento>
    <unidade/>
    <bairro>Mangabeiras</bairro>
    <localidade>Maceió</localidade>
    <uf>AL</uf>
    <estado>Alagoas</estado>
    <região/>
    <ibge>2704302</ibge>
    <gia/>
    <ddd>82</ddd>
    <siafi>2785</siafi>
  </cep>
  <cep>
    <cep>57037-600</cep>
    <logradouro>Rua Paulina Maria Mendonça</logradouro>
    <complemento>de 1165/1166 ao fim</complemento>
    <unidade/>
    <bairro>Mangabeiras</bairro>
    <localidade>Maceió</localidade>
    <uf>AL</uf>
    <estado>Alagoas</estado>
    <região/>
    <ibge>2704302</ibge>
    <gia/>
    <ddd>82</ddd>
    <siafi>2785</siafi>
  </cep>
  <cep>
    <cep>57037-630</cep>
    <logradouro>Avenida Governador Osman Loureiro</logradouro>
    <complemento/>
    <unidade/>
    <bairro>Mangabeiras</bairro>
    <localidade>Maceió</localidade>
    <uf>AL</uf>
    <estado>Alagoas</estado>
    <região/>
    <ibge>2704302</ibge>
    <gia/>
    <ddd>82</ddd>
    <siafi>2785</siafi>
  </cep>
  <cep>
    <cep>57037-637</cep>
    <logradouro>Travessa Manoel Fontes Fontan</logradouro>
    <complemento/>
    <unidade/>
    <bairro>Mangabeiras</bairro>
    <localidade>Maceió</localidade>
    <uf>AL</uf>
    <estado>Alagoas</estado>
    <região/>
    <ibge>2704302</ibge>
    <gia/>
    <ddd>82</ddd>
    <siafi>2785</siafi>
  </cep>
  <cep>
    <cep>57037-900</cep>
    <logradouro>Avenida Roberto Mascarenhas de Brito</logradouro>
    <complemento>426</complemento>
    <unidade>Condomínio Mahatma Gandi</unidade>
    <bairro>Jatiúca</bairro>
    <localidade>Maceió</localidade>
    <uf>AL</uf>
    <estado>Alagoas</estado>
    <região/>
    <ibge>2704302</ibge>
    <gia/>
    <ddd>82</ddd>
    <siafi>2785</siafi>
  </cep>
  <cep>
    <cep>57037-970</cep>
    <logradouro>Avenida João Davino</logradouro>
    <complemento>321 Loja 01/02</complemento>
    <unidade>AGF João Davino</unidade>
    <bairro>Jatiúca</bairro>
    <localidade>Maceió</localidade>
    <uf>AL</uf>
    <estado>Alagoas</estado>
    <região/>
    <ibge>2704302</ibge>
    <gia/>
    <ddd>82</ddd>
    <siafi>2785</siafi>
  </cep>
  <cep>
    <cep>57038-000</cep>
    <logradouro>Avenida Comendador Gustavo Paiva</logradouro>
    <complemento>de 1/2 ao fim</complemento>
    <unidade/>
    <bairro>Cruz das Almas</bairro>
    <localidade>Maceió</localidade>
    <uf>AL</uf>
    <estado>Alagoas</estado>
    <região/>
    <ibge>2704302</ibge>
    <gia/>
    <ddd>82</ddd>
    <siafi>2785</siafi>
  </cep>
  <cep>
    <cep>57038-005</cep>
    <logradouro>Avenida Juca Sampaio</logradouro>
    <complemento/>
    <unidade/>
    <bairro>Cruz das Almas</bairro>
    <localidade>Maceió</localidade>
    <uf>AL</uf>
    <estado>Alagoas</estado>
    <região/>
    <ibge>2704302</ibge>
    <gia/>
    <ddd>82</ddd>
    <siafi>2785</siafi>
  </cep>
  <cep>
    <cep>57038-006</cep>
    <logradouro>Rua B</logradouro>
    <complemento>(Lot Santo Onofre)</complemento>
    <unidade/>
    <bairro>Cruz das Almas</bairro>
    <localidade>Maceió</localidade>
    <uf>AL</uf>
    <estado>Alagoas</estado>
    <região/>
    <ibge>2704302</ibge>
    <gia/>
    <ddd>82</ddd>
    <siafi>2785</siafi>
  </cep>
  <cep>
    <cep>57038-009</cep>
    <logradouro>Rua D</logradouro>
    <complemento>(Lot Santo Onofre)</complemento>
    <unidade/>
    <bairro>Cruz das Almas</bairro>
    <localidade>Maceió</localidade>
    <uf>AL</uf>
    <estado>Alagoas</estado>
    <região/>
    <ibge>2704302</ibge>
    <gia/>
    <ddd>82</ddd>
    <siafi>2785</siafi>
  </cep>
  <cep>
    <cep>57038-011</cep>
    <logradouro>Rua Ricardo Cardoso de Morais</logradouro>
    <complemento/>
    <unidade/>
    <bairro>Cruz das Almas</bairro>
    <localidade>Maceió</localidade>
    <uf>AL</uf>
    <estado>Alagoas</estado>
    <região/>
    <ibge>2704302</ibge>
    <gia/>
    <ddd>82</ddd>
    <siafi>2785</siafi>
  </cep>
  <cep>
    <cep>57038-008</cep>
    <logradouro>Rua A</logradouro>
    <complemento>(Lot Santo Onofre)</complemento>
    <unidade/>
    <bairro>Cruz das Almas</bairro>
    <localidade>Maceió</localidade>
    <uf>AL</uf>
    <estado>Alagoas</estado>
    <região/>
    <ibge>2704302</ibge>
    <gia/>
    <ddd>82</ddd>
    <siafi>2785</siafi>
  </cep>
  <cep>
    <cep>57038-007</cep>
    <logradouro>Rua H</logradouro>
    <complemento>(Lot. Santo Onofre)</complemento>
    <unidade/>
    <bairro>Cruz das Almas</bairro>
    <localidade>Maceió</localidade>
    <uf>AL</uf>
    <estado>Alagoas</estado>
    <região/>
    <ibge>2704302</ibge>
    <gia/>
    <ddd>82</ddd>
    <siafi>2785</siafi>
  </cep>
  <cep>
    <cep>57038-012</cep>
    <logradouro>Rua Bela Vista</logradouro>
    <complemento/>
    <unidade/>
    <bairro>Cruz das Almas</bairro>
    <localidade>Maceió</localidade>
    <uf>AL</uf>
    <estado>Alagoas</estado>
    <região/>
    <ibge>2704302</ibge>
    <gia/>
    <ddd>82</ddd>
    <siafi>2785</siafi>
  </cep>
  <cep>
    <cep>57038-010</cep>
    <logradouro>Rua Senador Ezechias Jerônimo da Rocha</logradouro>
    <complemento/>
    <unidade/>
    <bairro>Cruz das Almas</bairro>
    <localidade>Maceió</localidade>
    <uf>AL</uf>
    <estado>Alagoas</estado>
    <região/>
    <ibge>2704302</ibge>
    <gia/>
    <ddd>82</ddd>
    <siafi>2785</siafi>
  </cep>
  <cep>
    <cep>57038-015</cep>
    <logradouro>Rua Maria Antonieta Teixeira Leite</logradouro>
    <complemento/>
    <unidade/>
    <bairro>Cruz das Almas</bairro>
    <localidade>Maceió</localidade>
    <uf>AL</uf>
    <estado>Alagoas</estado>
    <região/>
    <ibge>2704302</ibge>
    <gia/>
    <ddd>82</ddd>
    <siafi>2785</siafi>
  </cep>
  <cep>
    <cep>57038-016</cep>
    <logradouro>1ª Travessa Bosque das Acácias</logradouro>
    <complemento/>
    <unidade/>
    <bairro>Cruz das Almas</bairro>
    <localidade>Maceió</localidade>
    <uf>AL</uf>
    <estado>Alagoas</estado>
    <região/>
    <ibge>2704302</ibge>
    <gia/>
    <ddd>82</ddd>
    <siafi>2785</siafi>
  </cep>
  <cep>
    <cep>57038-017</cep>
    <logradouro>Rua da Paz</logradouro>
    <complemento/>
    <unidade/>
    <bairro>Cruz das Almas</bairro>
    <localidade>Maceió</localidade>
    <uf>AL</uf>
    <estado>Alagoas</estado>
    <região/>
    <ibge>2704302</ibge>
    <gia/>
    <ddd>82</ddd>
    <siafi>2785</siafi>
  </cep>
  <cep>
    <cep>57038-014</cep>
    <logradouro>Avenida Bosque das Acácias</logradouro>
    <complemento/>
    <unidade/>
    <bairro>Cruz das Almas</bairro>
    <localidade>Maceió</localidade>
    <uf>AL</uf>
    <estado>Alagoas</estado>
    <região/>
    <ibge>2704302</ibge>
    <gia/>
    <ddd>82</ddd>
    <siafi>2785</siafi>
  </cep>
  <cep>
    <cep>57038-013</cep>
    <logradouro>2ª Travessa Bosque das Acácias</logradouro>
    <complemento/>
    <unidade/>
    <bairro>Cruz das Almas</bairro>
    <localidade>Maceió</localidade>
    <uf>AL</uf>
    <estado>Alagoas</estado>
    <região/>
    <ibge>2704302</ibge>
    <gia/>
    <ddd>82</ddd>
    <siafi>2785</siafi>
  </cep>
  <cep>
    <cep>57038-019</cep>
    <logradouro>3ª Travessa Bosque das Acácias</logradouro>
    <complemento/>
    <unidade/>
    <bairro>Cruz das Almas</bairro>
    <localidade>Maceió</localidade>
    <uf>AL</uf>
    <estado>Alagoas</estado>
    <região/>
    <ibge>2704302</ibge>
    <gia/>
    <ddd>82</ddd>
    <siafi>2785</siafi>
  </cep>
  <cep>
    <cep>57038-020</cep>
    <logradouro>Rua Constant Pacheco</logradouro>
    <complemento/>
    <unidade/>
    <bairro>Cruz das Almas</bairro>
    <localidade>Maceió</localidade>
    <uf>AL</uf>
    <estado>Alagoas</estado>
    <região/>
    <ibge>2704302</ibge>
    <gia/>
    <ddd>82</ddd>
    <siafi>2785</siafi>
  </cep>
  <cep>
    <cep>57038-018</cep>
    <logradouro>Travessa Santo Antônio</logradouro>
    <complemento/>
    <unidade/>
    <bairro>Cruz das Almas</bairro>
    <localidade>Maceió</localidade>
    <uf>AL</uf>
    <estado>Alagoas</estado>
    <região/>
    <ibge>2704302</ibge>
    <gia/>
    <ddd>82</ddd>
    <siafi>2785</siafi>
  </cep>
  <cep>
    <cep>57038-021</cep>
    <logradouro>Rua Rosa Maria</logradouro>
    <complemento/>
    <unidade/>
    <bairro>Cruz das Almas</bairro>
    <localidade>Maceió</localidade>
    <uf>AL</uf>
    <estado>Alagoas</estado>
    <região/>
    <ibge>2704302</ibge>
    <gia/>
    <ddd>82</ddd>
    <siafi>2785</siafi>
  </cep>
  <cep>
    <cep>57038-022</cep>
    <logradouro>Rua Princesa Isabel</logradouro>
    <complemento/>
    <unidade/>
    <bairro>Cruz das Almas</bairro>
    <localidade>Maceió</localidade>
    <uf>AL</uf>
    <estado>Alagoas</estado>
    <região/>
    <ibge>2704302</ibge>
    <gia/>
    <ddd>82</ddd>
    <siafi>2785</siafi>
  </cep>
  <cep>
    <cep>57038-023</cep>
    <logradouro>Rua Santa Maria</logradouro>
    <complemento/>
    <unidade/>
    <bairro>Cruz das Almas</bairro>
    <localidade>Maceió</localidade>
    <uf>AL</uf>
    <estado>Alagoas</estado>
    <região/>
    <ibge>2704302</ibge>
    <gia/>
    <ddd>82</ddd>
    <siafi>2785</siafi>
  </cep>
  <cep>
    <cep>57038-090</cep>
    <logradouro>Rua Doutor João Cabral Tolêdo</logradouro>
    <complemento/>
    <unidade/>
    <bairro>Cruz das Almas</bairro>
    <localidade>Maceió</localidade>
    <uf>AL</uf>
    <estado>Alagoas</estado>
    <região/>
    <ibge>2704302</ibge>
    <gia/>
    <ddd>82</ddd>
    <siafi>2785</siafi>
  </cep>
  <cep>
    <cep>57038-030</cep>
    <logradouro>Rua União dos Palmares</logradouro>
    <complemento/>
    <unidade/>
    <bairro>Cruz das Almas</bairro>
    <localidade>Maceió</localidade>
    <uf>AL</uf>
    <estado>Alagoas</estado>
    <região/>
    <ibge>2704302</ibge>
    <gia/>
    <ddd>82</ddd>
    <siafi>2785</siafi>
  </cep>
  <cep>
    <cep>57038-115</cep>
    <logradouro>Travessa Alfredo Oiticica</logradouro>
    <complemento/>
    <unidade/>
    <bairro>Cruz das Almas</bairro>
    <localidade>Maceió</localidade>
    <uf>AL</uf>
    <estado>Alagoas</estado>
    <região/>
    <ibge>2704302</ibge>
    <gia/>
    <ddd>82</ddd>
    <siafi>2785</siafi>
  </cep>
  <cep>
    <cep>57038-150</cep>
    <logradouro>Rua Professor Ernani de Figueirêdo Magalhães</logradouro>
    <complemento/>
    <unidade/>
    <bairro>Cruz das Almas</bairro>
    <localidade>Maceió</localidade>
    <uf>AL</uf>
    <estado>Alagoas</estado>
    <região/>
    <ibge>2704302</ibge>
    <gia/>
    <ddd>82</ddd>
    <siafi>2785</siafi>
  </cep>
  <cep>
    <cep>57038-025</cep>
    <logradouro>Rua Capim Santo</logradouro>
    <complemento>(Com São Rafael)</complemento>
    <unidade/>
    <bairro>Cruz das Almas</bairro>
    <localidade>Maceió</localidade>
    <uf>AL</uf>
    <estado>Alagoas</estado>
    <região/>
    <ibge>2704302</ibge>
    <gia/>
    <ddd>82</ddd>
    <siafi>2785</siafi>
  </cep>
  <cep>
    <cep>57038-125</cep>
    <logradouro>Travessa Marechal Mascarenhas de Moraes</logradouro>
    <complemento/>
    <unidade/>
    <bairro>Cruz das Almas</bairro>
    <localidade>Maceió</localidade>
    <uf>AL</uf>
    <estado>Alagoas</estado>
    <região/>
    <ibge>2704302</ibge>
    <gia/>
    <ddd>82</ddd>
    <siafi>2785</siafi>
  </cep>
  <cep>
    <cep>57038-110</cep>
    <logradouro>Rua Santa Luzia</logradouro>
    <complemento/>
    <unidade/>
    <bairro>Cruz das Almas</bairro>
    <localidade>Maceió</localidade>
    <uf>AL</uf>
    <estado>Alagoas</estado>
    <região/>
    <ibge>2704302</ibge>
    <gia/>
    <ddd>82</ddd>
    <siafi>2785</siafi>
  </cep>
  <cep>
    <cep>57038-024</cep>
    <logradouro>Rua Josué Olímpio</logradouro>
    <complemento>(Com São Rafael)</complemento>
    <unidade/>
    <bairro>Cruz das Almas</bairro>
    <localidade>Maceió</localidade>
    <uf>AL</uf>
    <estado>Alagoas</estado>
    <região/>
    <ibge>2704302</ibge>
    <gia/>
    <ddd>82</ddd>
    <siafi>2785</siafi>
  </cep>
  <cep>
    <cep>57038-080</cep>
    <logradouro>Rua Luiz Carlos Braga Neto</logradouro>
    <complemento/>
    <unidade/>
    <bairro>Cruz das Almas</bairro>
    <localidade>Maceió</localidade>
    <uf>AL</uf>
    <estado>Alagoas</estado>
    <região/>
    <ibge>2704302</ibge>
    <gia/>
    <ddd>82</ddd>
    <siafi>2785</siafi>
  </cep>
  <cep>
    <cep>57038-050</cep>
    <logradouro>Conjunto Dom Adelmo Machado</logradouro>
    <complemento/>
    <unidade/>
    <bairro>Cruz das Almas</bairro>
    <localidade>Maceió</localidade>
    <uf>AL</uf>
    <estado>Alagoas</estado>
    <região/>
    <ibge>2704302</ibge>
    <gia/>
    <ddd>82</ddd>
    <siafi>2785</siafi>
  </cep>
  <cep>
    <cep>57038-165</cep>
    <logradouro>Rua Pastor Manoel Silvino</logradouro>
    <complemento/>
    <unidade/>
    <bairro>Cruz das Almas</bairro>
    <localidade>Maceió</localidade>
    <uf>AL</uf>
    <estado>Alagoas</estado>
    <região/>
    <ibge>2704302</ibge>
    <gia/>
    <ddd>82</ddd>
    <siafi>2785</siafi>
  </cep>
  <cep>
    <cep>57038-155</cep>
    <logradouro>Travessa Professor Derval Macário dos Santos</logradouro>
    <complemento/>
    <unidade/>
    <bairro>Cruz das Almas</bairro>
    <localidade>Maceió</localidade>
    <uf>AL</uf>
    <estado>Alagoas</estado>
    <região/>
    <ibge>2704302</ibge>
    <gia/>
    <ddd>82</ddd>
    <siafi>2785</siafi>
  </cep>
  <cep>
    <cep>57038-170</cep>
    <logradouro>Rua São Francisco</logradouro>
    <complemento/>
    <unidade/>
    <bairro>Cruz das Almas</bairro>
    <localidade>Maceió</localidade>
    <uf>AL</uf>
    <estado>Alagoas</estado>
    <região/>
    <ibge>2704302</ibge>
    <gia/>
    <ddd>82</ddd>
    <siafi>2785</siafi>
  </cep>
  <cep>
    <cep>57038-168</cep>
    <logradouro>Rua Nirvana de Melo</logradouro>
    <complemento/>
    <unidade/>
    <bairro>Cruz das Almas</bairro>
    <localidade>Maceió</localidade>
    <uf>AL</uf>
    <estado>Alagoas</estado>
    <região/>
    <ibge>2704302</ibge>
    <gia/>
    <ddd>82</ddd>
    <siafi>2785</siafi>
  </cep>
  <cep>
    <cep>57038-130</cep>
    <logradouro>Rua Arnaldo Braga</logradouro>
    <complemento/>
    <unidade/>
    <bairro>Cruz das Almas</bairro>
    <localidade>Maceió</localidade>
    <uf>AL</uf>
    <estado>Alagoas</estado>
    <região/>
    <ibge>2704302</ibge>
    <gia/>
    <ddd>82</ddd>
    <siafi>2785</siafi>
  </cep>
  <cep>
    <cep>57038-100</cep>
    <logradouro>Rua Soraya Ramires Almeida</logradouro>
    <complemento/>
    <unidade/>
    <bairro>Cruz das Almas</bairro>
    <localidade>Maceió</localidade>
    <uf>AL</uf>
    <estado>Alagoas</estado>
    <região/>
    <ibge>2704302</ibge>
    <gia/>
    <ddd>82</ddd>
    <siafi>2785</siafi>
  </cep>
  <cep>
    <cep>57038-171</cep>
    <logradouro>Rua Miguel Reale</logradouro>
    <complemento/>
    <unidade/>
    <bairro>Cruz das Almas</bairro>
    <localidade>Maceió</localidade>
    <uf>AL</uf>
    <estado>Alagoas</estado>
    <região/>
    <ibge>2704302</ibge>
    <gia/>
    <ddd>82</ddd>
    <siafi>2785</siafi>
  </cep>
  <cep>
    <cep>57038-174</cep>
    <logradouro>Travessa São Francisco de Paula II</logradouro>
    <complemento/>
    <unidade/>
    <bairro>Cruz das Almas</bairro>
    <localidade>Maceió</localidade>
    <uf>AL</uf>
    <estado>Alagoas</estado>
    <região/>
    <ibge>2704302</ibge>
    <gia/>
    <ddd>82</ddd>
    <siafi>2785</siafi>
  </cep>
  <cep>
    <cep>57038-172</cep>
    <logradouro>Travessa São Francisco de Paula I</logradouro>
    <complemento/>
    <unidade/>
    <bairro>Cruz das Almas</bairro>
    <localidade>Maceió</localidade>
    <uf>AL</uf>
    <estado>Alagoas</estado>
    <região/>
    <ibge>2704302</ibge>
    <gia/>
    <ddd>82</ddd>
    <siafi>2785</siafi>
  </cep>
  <cep>
    <cep>57038-173</cep>
    <logradouro>Rua Orlando Manso</logradouro>
    <complemento/>
    <unidade/>
    <bairro>Cruz das Almas</bairro>
    <localidade>Maceió</localidade>
    <uf>AL</uf>
    <estado>Alagoas</estado>
    <região/>
    <ibge>2704302</ibge>
    <gia/>
    <ddd>82</ddd>
    <siafi>2785</siafi>
  </cep>
  <cep>
    <cep>57038-160</cep>
    <logradouro>Rua Rodolfo Abreu</logradouro>
    <complemento/>
    <unidade/>
    <bairro>Cruz das Almas</bairro>
    <localidade>Maceió</localidade>
    <uf>AL</uf>
    <estado>Alagoas</estado>
    <região/>
    <ibge>2704302</ibge>
    <gia/>
    <ddd>82</ddd>
    <siafi>2785</siafi>
  </cep>
  <cep>
    <cep>57038-175</cep>
    <logradouro>Rua Pontes de Miranda</logradouro>
    <complemento/>
    <unidade/>
    <bairro>Cruz das Almas</bairro>
    <localidade>Maceió</localidade>
    <uf>AL</uf>
    <estado>Alagoas</estado>
    <região/>
    <ibge>2704302</ibge>
    <gia/>
    <ddd>82</ddd>
    <siafi>2785</siafi>
  </cep>
  <cep>
    <cep>57038-120</cep>
    <logradouro>Rua Marechal Mascarenhas de Moraes</logradouro>
    <complemento/>
    <unidade/>
    <bairro>Cruz das Almas</bairro>
    <localidade>Maceió</localidade>
    <uf>AL</uf>
    <estado>Alagoas</estado>
    <região/>
    <ibge>2704302</ibge>
    <gia/>
    <ddd>82</ddd>
    <siafi>2785</siafi>
  </cep>
  <cep>
    <cep>57038-177</cep>
    <logradouro>Travessa Pontes de Miranda</logradouro>
    <complemento/>
    <unidade/>
    <bairro>Cruz das Almas</bairro>
    <localidade>Maceió</localidade>
    <uf>AL</uf>
    <estado>Alagoas</estado>
    <região/>
    <ibge>2704302</ibge>
    <gia/>
    <ddd>82</ddd>
    <siafi>2785</siafi>
  </cep>
  <cep>
    <cep>57038-176</cep>
    <logradouro>Travessa São José</logradouro>
    <complemento/>
    <unidade/>
    <bairro>Cruz das Almas</bairro>
    <localidade>Maceió</localidade>
    <uf>AL</uf>
    <estado>Alagoas</estado>
    <região/>
    <ibge>2704302</ibge>
    <gia/>
    <ddd>82</ddd>
    <siafi>2785</siafi>
  </cep>
  <cep>
    <cep>57038-166</cep>
    <logradouro>Avenida Rui Barbosa</logradouro>
    <complemento/>
    <unidade/>
    <bairro>Cruz das Almas</bairro>
    <localidade>Maceió</localidade>
    <uf>AL</uf>
    <estado>Alagoas</estado>
    <região/>
    <ibge>2704302</ibge>
    <gia/>
    <ddd>82</ddd>
    <siafi>2785</siafi>
  </cep>
  <cep>
    <cep>57038-178</cep>
    <logradouro>Travessa São José II</logradouro>
    <complemento/>
    <unidade/>
    <bairro>Cruz das Almas</bairro>
    <localidade>Maceió</localidade>
    <uf>AL</uf>
    <estado>Alagoas</estado>
    <região/>
    <ibge>2704302</ibge>
    <gia/>
    <ddd>82</ddd>
    <siafi>2785</siafi>
  </cep>
  <cep>
    <cep>57038-180</cep>
    <logradouro>Rua Soldado Noé</logradouro>
    <complemento/>
    <unidade/>
    <bairro>Cruz das Almas</bairro>
    <localidade>Maceió</localidade>
    <uf>AL</uf>
    <estado>Alagoas</estado>
    <região/>
    <ibge>2704302</ibge>
    <gia/>
    <ddd>82</ddd>
    <siafi>2785</siafi>
  </cep>
  <cep>
    <cep>57038-179</cep>
    <logradouro>Rua Olavo Bilac</logradouro>
    <complemento/>
    <unidade/>
    <bairro>Cruz das Almas</bairro>
    <localidade>Maceió</localidade>
    <uf>AL</uf>
    <estado>Alagoas</estado>
    <região/>
    <ibge>2704302</ibge>
    <gia/>
    <ddd>82</ddd>
    <siafi>2785</siafi>
  </cep>
  <cep>
    <cep>57038-181</cep>
    <logradouro>3ª Travessa São Francisco</logradouro>
    <complemento/>
    <unidade/>
    <bairro>Cruz das Almas</bairro>
    <localidade>Maceió</localidade>
    <uf>AL</uf>
    <estado>Alagoas</estado>
    <região/>
    <ibge>2704302</ibge>
    <gia/>
    <ddd>82</ddd>
    <siafi>2785</siafi>
  </cep>
  <cep>
    <cep>57038-182</cep>
    <logradouro>Rua São João</logradouro>
    <complemento/>
    <unidade/>
    <bairro>Cruz das Almas</bairro>
    <localidade>Maceió</localidade>
    <uf>AL</uf>
    <estado>Alagoas</estado>
    <região/>
    <ibge>2704302</ibge>
    <gia/>
    <ddd>82</ddd>
    <siafi>2785</siafi>
  </cep>
  <cep>
    <cep>57038-186</cep>
    <logradouro>Rua Beira Rio</logradouro>
    <complemento/>
    <unidade/>
    <bairro>Cruz das Almas</bairro>
    <localidade>Maceió</localidade>
    <uf>AL</uf>
    <estado>Alagoas</estado>
    <região/>
    <ibge>2704302</ibge>
    <gia/>
    <ddd>82</ddd>
    <siafi>2785</siafi>
  </cep>
  <cep>
    <cep>57038-184</cep>
    <logradouro>Rua Dona Marilene</logradouro>
    <complemento/>
    <unidade/>
    <bairro>Cruz das Almas</bairro>
    <localidade>Maceió</localidade>
    <uf>AL</uf>
    <estado>Alagoas</estado>
    <região/>
    <ibge>2704302</ibge>
    <gia/>
    <ddd>82</ddd>
    <siafi>2785</siafi>
  </cep>
  <cep>
    <cep>57038-190</cep>
    <logradouro>Rua Arapiraca</logradouro>
    <complemento/>
    <unidade/>
    <bairro>Cruz das Almas</bairro>
    <localidade>Maceió</localidade>
    <uf>AL</uf>
    <estado>Alagoas</estado>
    <região/>
    <ibge>2704302</ibge>
    <gia/>
    <ddd>82</ddd>
    <siafi>2785</siafi>
  </cep>
  <cep>
    <cep>57038-331</cep>
    <logradouro>Rua C</logradouro>
    <complemento>(Cj Jardim Beira Mar)</complemento>
    <unidade/>
    <bairro>Cruz das Almas</bairro>
    <localidade>Maceió</localidade>
    <uf>AL</uf>
    <estado>Alagoas</estado>
    <região/>
    <ibge>2704302</ibge>
    <gia/>
    <ddd>82</ddd>
    <siafi>2785</siafi>
  </cep>
  <cep>
    <cep>57038-220</cep>
    <logradouro>Rua Batalha</logradouro>
    <complemento/>
    <unidade/>
    <bairro>Cruz das Almas</bairro>
    <localidade>Maceió</localidade>
    <uf>AL</uf>
    <estado>Alagoas</estado>
    <região/>
    <ibge>2704302</ibge>
    <gia/>
    <ddd>82</ddd>
    <siafi>2785</siafi>
  </cep>
  <cep>
    <cep>57038-210</cep>
    <logradouro>Rua Bacharel Virgílio da Rocha Marques</logradouro>
    <complemento/>
    <unidade/>
    <bairro>Cruz das Almas</bairro>
    <localidade>Maceió</localidade>
    <uf>AL</uf>
    <estado>Alagoas</estado>
    <região/>
    <ibge>2704302</ibge>
    <gia/>
    <ddd>82</ddd>
    <siafi>2785</siafi>
  </cep>
  <cep>
    <cep>57038-250</cep>
    <logradouro>Rua Capela</logradouro>
    <complemento/>
    <unidade/>
    <bairro>Cruz das Almas</bairro>
    <localidade>Maceió</localidade>
    <uf>AL</uf>
    <estado>Alagoas</estado>
    <região/>
    <ibge>2704302</ibge>
    <gia/>
    <ddd>82</ddd>
    <siafi>2785</siafi>
  </cep>
  <cep>
    <cep>57038-280</cep>
    <logradouro>Rua Elias Ramos de Araújo</logradouro>
    <complemento/>
    <unidade/>
    <bairro>Cruz das Almas</bairro>
    <localidade>Maceió</localidade>
    <uf>AL</uf>
    <estado>Alagoas</estado>
    <região/>
    <ibge>2704302</ibge>
    <gia/>
    <ddd>82</ddd>
    <siafi>2785</siafi>
  </cep>
  <cep>
    <cep>57038-230</cep>
    <logradouro>Avenida Brigadeiro Eduardo Gomes</logradouro>
    <complemento/>
    <unidade/>
    <bairro>Cruz das Almas</bairro>
    <localidade>Maceió</localidade>
    <uf>AL</uf>
    <estado>Alagoas</estado>
    <região/>
    <ibge>2704302</ibge>
    <gia/>
    <ddd>82</ddd>
    <siafi>2785</siafi>
  </cep>
  <cep>
    <cep>57038-270</cep>
    <logradouro>Rua Doutor Henrique Equelman</logradouro>
    <complemento/>
    <unidade/>
    <bairro>Cruz das Almas</bairro>
    <localidade>Maceió</localidade>
    <uf>AL</uf>
    <estado>Alagoas</estado>
    <região/>
    <ibge>2704302</ibge>
    <gia/>
    <ddd>82</ddd>
    <siafi>2785</siafi>
  </cep>
  <cep>
    <cep>57038-320</cep>
    <logradouro>Travessa Elias Ramos de Araujo</logradouro>
    <complemento/>
    <unidade/>
    <bairro>Cruz das Almas</bairro>
    <localidade>Maceió</localidade>
    <uf>AL</uf>
    <estado>Alagoas</estado>
    <região/>
    <ibge>2704302</ibge>
    <gia/>
    <ddd>82</ddd>
    <siafi>2785</siafi>
  </cep>
  <cep>
    <cep>57038-240</cep>
    <logradouro>Rua Camaragibe</logradouro>
    <complemento/>
    <unidade/>
    <bairro>Cruz das Almas</bairro>
    <localidade>Maceió</localidade>
    <uf>AL</uf>
    <estado>Alagoas</estado>
    <região/>
    <ibge>2704302</ibge>
    <gia/>
    <ddd>82</ddd>
    <siafi>2785</siafi>
  </cep>
  <cep>
    <cep>57038-340</cep>
    <logradouro>Rua Maragogi</logradouro>
    <complemento/>
    <unidade/>
    <bairro>Cruz das Almas</bairro>
    <localidade>Maceió</localidade>
    <uf>AL</uf>
    <estado>Alagoas</estado>
    <região/>
    <ibge>2704302</ibge>
    <gia/>
    <ddd>82</ddd>
    <siafi>2785</siafi>
  </cep>
  <cep>
    <cep>57038-290</cep>
    <logradouro>Rua Havaí</logradouro>
    <complemento/>
    <unidade/>
    <bairro>Cruz das Almas</bairro>
    <localidade>Maceió</localidade>
    <uf>AL</uf>
    <estado>Alagoas</estado>
    <região/>
    <ibge>2704302</ibge>
    <gia/>
    <ddd>82</ddd>
    <siafi>2785</siafi>
  </cep>
  <cep>
    <cep>57038-300</cep>
    <logradouro>Rua João Canuto da Silva</logradouro>
    <complemento/>
    <unidade/>
    <bairro>Cruz das Almas</bairro>
    <localidade>Maceió</localidade>
    <uf>AL</uf>
    <estado>Alagoas</estado>
    <região/>
    <ibge>2704302</ibge>
    <gia/>
    <ddd>82</ddd>
    <siafi>2785</siafi>
  </cep>
  <cep>
    <cep>57038-350</cep>
    <logradouro>Rua Marechal Deodoro</logradouro>
    <complemento/>
    <unidade/>
    <bairro>Cruz das Almas</bairro>
    <localidade>Maceió</localidade>
    <uf>AL</uf>
    <estado>Alagoas</estado>
    <região/>
    <ibge>2704302</ibge>
    <gia/>
    <ddd>82</ddd>
    <siafi>2785</siafi>
  </cep>
  <cep>
    <cep>57038-200</cep>
    <logradouro>Rua Atalaia</logradouro>
    <complemento/>
    <unidade/>
    <bairro>Cruz das Almas</bairro>
    <localidade>Maceió</localidade>
    <uf>AL</uf>
    <estado>Alagoas</estado>
    <região/>
    <ibge>2704302</ibge>
    <gia/>
    <ddd>82</ddd>
    <siafi>2785</siafi>
  </cep>
  <cep>
    <cep>57038-360</cep>
    <logradouro>Rua A</logradouro>
    <complemento>(Cj Jardim Beira Mar)</complemento>
    <unidade/>
    <bairro>Cruz das Almas</bairro>
    <localidade>Maceió</localidade>
    <uf>AL</uf>
    <estado>Alagoas</estado>
    <região/>
    <ibge>2704302</ibge>
    <gia/>
    <ddd>82</ddd>
    <siafi>2785</siafi>
  </cep>
  <cep>
    <cep>57038-310</cep>
    <logradouro>Rua Professor João Ulysses Moreira</logradouro>
    <complemento/>
    <unidade/>
    <bairro>Cruz das Almas</bairro>
    <localidade>Maceió</localidade>
    <uf>AL</uf>
    <estado>Alagoas</estado>
    <região/>
    <ibge>2704302</ibge>
    <gia/>
    <ddd>82</ddd>
    <siafi>2785</siafi>
  </cep>
  <cep>
    <cep>57038-370</cep>
    <logradouro>Rua Murici</logradouro>
    <complemento/>
    <unidade/>
    <bairro>Cruz das Almas</bairro>
    <localidade>Maceió</localidade>
    <uf>AL</uf>
    <estado>Alagoas</estado>
    <região/>
    <ibge>2704302</ibge>
    <gia/>
    <ddd>82</ddd>
    <siafi>2785</siafi>
  </cep>
  <cep>
    <cep>57038-260</cep>
    <logradouro>Rua Delmiro Gouveia</logradouro>
    <complemento/>
    <unidade/>
    <bairro>Cruz das Almas</bairro>
    <localidade>Maceió</localidade>
    <uf>AL</uf>
    <estado>Alagoas</estado>
    <região/>
    <ibge>2704302</ibge>
    <gia/>
    <ddd>82</ddd>
    <siafi>2785</siafi>
  </cep>
  <cep>
    <cep>57038-380</cep>
    <logradouro>Rua Ouvidor Mendonça</logradouro>
    <complemento/>
    <unidade/>
    <bairro>Cruz das Almas</bairro>
    <localidade>Maceió</localidade>
    <uf>AL</uf>
    <estado>Alagoas</estado>
    <região/>
    <ibge>2704302</ibge>
    <gia/>
    <ddd>82</ddd>
    <siafi>2785</siafi>
  </cep>
  <cep>
    <cep>57038-400</cep>
    <logradouro>Rua Palmeira dos Índios</logradouro>
    <complemento/>
    <unidade/>
    <bairro>Cruz das Almas</bairro>
    <localidade>Maceió</localidade>
    <uf>AL</uf>
    <estado>Alagoas</estado>
    <região/>
    <ibge>2704302</ibge>
    <gia/>
    <ddd>82</ddd>
    <siafi>2785</siafi>
  </cep>
  <cep>
    <cep>57038-390</cep>
    <logradouro>Rua Olho D'Água das Flores</logradouro>
    <complemento/>
    <unidade/>
    <bairro>Cruz das Almas</bairro>
    <localidade>Maceió</localidade>
    <uf>AL</uf>
    <estado>Alagoas</estado>
    <região/>
    <ibge>2704302</ibge>
    <gia/>
    <ddd>82</ddd>
    <siafi>2785</siafi>
  </cep>
  <cep>
    <cep>57038-410</cep>
    <logradouro>Rua Pão de Açúcar</logradouro>
    <complemento/>
    <unidade/>
    <bairro>Cruz das Almas</bairro>
    <localidade>Maceió</localidade>
    <uf>AL</uf>
    <estado>Alagoas</estado>
    <região/>
    <ibge>2704302</ibge>
    <gia/>
    <ddd>82</ddd>
    <siafi>2785</siafi>
  </cep>
  <cep>
    <cep>57038-420</cep>
    <logradouro>Avenida Penedo</logradouro>
    <complemento/>
    <unidade/>
    <bairro>Cruz das Almas</bairro>
    <localidade>Maceió</localidade>
    <uf>AL</uf>
    <estado>Alagoas</estado>
    <região/>
    <ibge>2704302</ibge>
    <gia/>
    <ddd>82</ddd>
    <siafi>2785</siafi>
  </cep>
  <cep>
    <cep>57038-450</cep>
    <logradouro>Rua Porto Calvo</logradouro>
    <complemento/>
    <unidade/>
    <bairro>Cruz das Almas</bairro>
    <localidade>Maceió</localidade>
    <uf>AL</uf>
    <estado>Alagoas</estado>
    <região/>
    <ibge>2704302</ibge>
    <gia/>
    <ddd>82</ddd>
    <siafi>2785</siafi>
  </cep>
  <cep>
    <cep>57038-425</cep>
    <logradouro>Rua Doutor Gerson Wanderley de Oliveira</logradouro>
    <complemento/>
    <unidade/>
    <bairro>Cruz das Almas</bairro>
    <localidade>Maceió</localidade>
    <uf>AL</uf>
    <estado>Alagoas</estado>
    <região/>
    <ibge>2704302</ibge>
    <gia/>
    <ddd>82</ddd>
    <siafi>2785</siafi>
  </cep>
  <cep>
    <cep>57038-430</cep>
    <logradouro>Avenida Pilar</logradouro>
    <complemento/>
    <unidade/>
    <bairro>Cruz das Almas</bairro>
    <localidade>Maceió</localidade>
    <uf>AL</uf>
    <estado>Alagoas</estado>
    <região/>
    <ibge>2704302</ibge>
    <gia/>
    <ddd>82</ddd>
    <siafi>2785</siafi>
  </cep>
  <cep>
    <cep>57038-460</cep>
    <logradouro>Rua Quebrangulo</logradouro>
    <complemento/>
    <unidade/>
    <bairro>Cruz das Almas</bairro>
    <localidade>Maceió</localidade>
    <uf>AL</uf>
    <estado>Alagoas</estado>
    <região/>
    <ibge>2704302</ibge>
    <gia/>
    <ddd>82</ddd>
    <siafi>2785</siafi>
  </cep>
  <cep>
    <cep>57038-490</cep>
    <logradouro>Rua São Luiz do Quitunde</logradouro>
    <complemento/>
    <unidade/>
    <bairro>Cruz das Almas</bairro>
    <localidade>Maceió</localidade>
    <uf>AL</uf>
    <estado>Alagoas</estado>
    <região/>
    <ibge>2704302</ibge>
    <gia/>
    <ddd>82</ddd>
    <siafi>2785</siafi>
  </cep>
  <cep>
    <cep>57038-540</cep>
    <logradouro>Rua Arthur Benigno Lisboa Ferraz</logradouro>
    <complemento/>
    <unidade/>
    <bairro>Jacarecica</bairro>
    <localidade>Maceió</localidade>
    <uf>AL</uf>
    <estado>Alagoas</estado>
    <região/>
    <ibge>2704302</ibge>
    <gia/>
    <ddd>82</ddd>
    <siafi>2785</siafi>
  </cep>
  <cep>
    <cep>57038-600</cep>
    <logradouro>Rua Major Izidoro Jerônimo da Rocha</logradouro>
    <complemento/>
    <unidade/>
    <bairro>Jacarecica</bairro>
    <localidade>Maceió</localidade>
    <uf>AL</uf>
    <estado>Alagoas</estado>
    <região/>
    <ibge>2704302</ibge>
    <gia/>
    <ddd>82</ddd>
    <siafi>2785</siafi>
  </cep>
  <cep>
    <cep>57038-610</cep>
    <logradouro>Rua Menestrel das Alagoas</logradouro>
    <complemento/>
    <unidade/>
    <bairro>Jacarecica</bairro>
    <localidade>Maceió</localidade>
    <uf>AL</uf>
    <estado>Alagoas</estado>
    <região/>
    <ibge>2704302</ibge>
    <gia/>
    <ddd>82</ddd>
    <siafi>2785</siafi>
  </cep>
  <cep>
    <cep>57038-550</cep>
    <logradouro>Rua Engenheiro Agrônomo Paulo Christiani Peixoto Marques</logradouro>
    <complemento/>
    <unidade/>
    <bairro>Jacarecica</bairro>
    <localidade>Maceió</localidade>
    <uf>AL</uf>
    <estado>Alagoas</estado>
    <região/>
    <ibge>2704302</ibge>
    <gia/>
    <ddd>82</ddd>
    <siafi>2785</siafi>
  </cep>
  <cep>
    <cep>57038-580</cep>
    <logradouro>Avenida Josefa Vieira de Paula</logradouro>
    <complemento/>
    <unidade/>
    <bairro>Jacarecica</bairro>
    <localidade>Maceió</localidade>
    <uf>AL</uf>
    <estado>Alagoas</estado>
    <região/>
    <ibge>2704302</ibge>
    <gia/>
    <ddd>82</ddd>
    <siafi>2785</siafi>
  </cep>
  <cep>
    <cep>57038-570</cep>
    <logradouro>Avenida José Aírton Gondim Lamenha</logradouro>
    <complemento/>
    <unidade/>
    <bairro>Jacarecica</bairro>
    <localidade>Maceió</localidade>
    <uf>AL</uf>
    <estado>Alagoas</estado>
    <região/>
    <ibge>2704302</ibge>
    <gia/>
    <ddd>82</ddd>
    <siafi>2785</siafi>
  </cep>
  <cep>
    <cep>57038-470</cep>
    <logradouro>Rua Rio Largo</logradouro>
    <complemento/>
    <unidade/>
    <bairro>Cruz das Almas</bairro>
    <localidade>Maceió</localidade>
    <uf>AL</uf>
    <estado>Alagoas</estado>
    <região/>
    <ibge>2704302</ibge>
    <gia/>
    <ddd>82</ddd>
    <siafi>2785</siafi>
  </cep>
  <cep>
    <cep>57038-620</cep>
    <logradouro>Rua Noêmia Gama Ramalho</logradouro>
    <complemento/>
    <unidade/>
    <bairro>Jacarecica</bairro>
    <localidade>Maceió</localidade>
    <uf>AL</uf>
    <estado>Alagoas</estado>
    <região/>
    <ibge>2704302</ibge>
    <gia/>
    <ddd>82</ddd>
    <siafi>2785</siafi>
  </cep>
  <cep>
    <cep>57038-560</cep>
    <logradouro>Rua Igessy Marinho Rocha</logradouro>
    <complemento/>
    <unidade/>
    <bairro>Jacarecica</bairro>
    <localidade>Maceió</localidade>
    <uf>AL</uf>
    <estado>Alagoas</estado>
    <região/>
    <ibge>2704302</ibge>
    <gia/>
    <ddd>82</ddd>
    <siafi>2785</siafi>
  </cep>
  <cep>
    <cep>57038-632</cep>
    <logradouro>Rua J</logradouro>
    <complemento>(Lot Parque Miramar)</complemento>
    <unidade/>
    <bairro>Jacarecica</bairro>
    <localidade>Maceió</localidade>
    <uf>AL</uf>
    <estado>Alagoas</estado>
    <região/>
    <ibge>2704302</ibge>
    <gia/>
    <ddd>82</ddd>
    <siafi>2785</siafi>
  </cep>
  <cep>
    <cep>57038-485</cep>
    <logradouro>Rua B</logradouro>
    <complemento>(Cj Jardim Beira Mar)</complemento>
    <unidade/>
    <bairro>Cruz das Almas</bairro>
    <localidade>Maceió</localidade>
    <uf>AL</uf>
    <estado>Alagoas</estado>
    <região/>
    <ibge>2704302</ibge>
    <gia/>
    <ddd>82</ddd>
    <siafi>2785</siafi>
  </cep>
  <cep>
    <cep>57038-636</cep>
    <logradouro>Rua São Cristovão</logradouro>
    <complemento/>
    <unidade/>
    <bairro>Jacarecica</bairro>
    <localidade>Maceió</localidade>
    <uf>AL</uf>
    <estado>Alagoas</estado>
    <região/>
    <ibge>2704302</ibge>
    <gia/>
    <ddd>82</ddd>
    <siafi>2785</siafi>
  </cep>
  <cep>
    <cep>57038-510</cep>
    <logradouro>Rua Agenor Rodrigues Dória</logradouro>
    <complemento/>
    <unidade/>
    <bairro>Jacarecica</bairro>
    <localidade>Maceió</localidade>
    <uf>AL</uf>
    <estado>Alagoas</estado>
    <região/>
    <ibge>2704302</ibge>
    <gia/>
    <ddd>82</ddd>
    <siafi>2785</siafi>
  </cep>
  <cep>
    <cep>57038-530</cep>
    <logradouro>Rua Alzira de Almeida Silva</logradouro>
    <complemento/>
    <unidade/>
    <bairro>Jacarecica</bairro>
    <localidade>Maceió</localidade>
    <uf>AL</uf>
    <estado>Alagoas</estado>
    <região/>
    <ibge>2704302</ibge>
    <gia/>
    <ddd>82</ddd>
    <siafi>2785</siafi>
  </cep>
  <cep>
    <cep>57038-622</cep>
    <logradouro>Travessa Noêmia Gama Ramalho</logradouro>
    <complemento/>
    <unidade/>
    <bairro>Jacarecica</bairro>
    <localidade>Maceió</localidade>
    <uf>AL</uf>
    <estado>Alagoas</estado>
    <região/>
    <ibge>2704302</ibge>
    <gia/>
    <ddd>82</ddd>
    <siafi>2785</siafi>
  </cep>
  <cep>
    <cep>57038-480</cep>
    <logradouro>Avenida Santana do Ipanema</logradouro>
    <complemento/>
    <unidade/>
    <bairro>Cruz das Almas</bairro>
    <localidade>Maceió</localidade>
    <uf>AL</uf>
    <estado>Alagoas</estado>
    <região/>
    <ibge>2704302</ibge>
    <gia/>
    <ddd>82</ddd>
    <siafi>2785</siafi>
  </cep>
  <cep>
    <cep>57038-630</cep>
    <logradouro>Rua Maria Amanda de Medeiros Carlos</logradouro>
    <complemento/>
    <unidade/>
    <bairro>Jacarecica</bairro>
    <localidade>Maceió</localidade>
    <uf>AL</uf>
    <estado>Alagoas</estado>
    <região/>
    <ibge>2704302</ibge>
    <gia/>
    <ddd>82</ddd>
    <siafi>2785</siafi>
  </cep>
  <cep>
    <cep>57038-635</cep>
    <logradouro>Avenida Comendador Gustavo Paiva</logradouro>
    <complemento/>
    <unidade/>
    <bairro>Jacarecica</bairro>
    <localidade>Maceió</localidade>
    <uf>AL</uf>
    <estado>Alagoas</estado>
    <região/>
    <ibge>2704302</ibge>
    <gia/>
    <ddd>82</ddd>
    <siafi>2785</siafi>
  </cep>
  <cep>
    <cep>57038-637</cep>
    <logradouro>Rua Vista do Atlântico</logradouro>
    <complemento/>
    <unidade/>
    <bairro>Jacarecica</bairro>
    <localidade>Maceió</localidade>
    <uf>AL</uf>
    <estado>Alagoas</estado>
    <região/>
    <ibge>2704302</ibge>
    <gia/>
    <ddd>82</ddd>
    <siafi>2785</siafi>
  </cep>
  <cep>
    <cep>57038-638</cep>
    <logradouro>Travessa São José</logradouro>
    <complemento/>
    <unidade/>
    <bairro>Jacarecica</bairro>
    <localidade>Maceió</localidade>
    <uf>AL</uf>
    <estado>Alagoas</estado>
    <região/>
    <ibge>2704302</ibge>
    <gia/>
    <ddd>82</ddd>
    <siafi>2785</siafi>
  </cep>
  <cep>
    <cep>57038-639</cep>
    <logradouro>Rua São José</logradouro>
    <complemento/>
    <unidade/>
    <bairro>Jacarecica</bairro>
    <localidade>Maceió</localidade>
    <uf>AL</uf>
    <estado>Alagoas</estado>
    <região/>
    <ibge>2704302</ibge>
    <gia/>
    <ddd>82</ddd>
    <siafi>2785</siafi>
  </cep>
  <cep>
    <cep>57038-640</cep>
    <logradouro>Avenida General Luiz de França Albuquerque</logradouro>
    <complemento>(Rodovia AL 101 Norte)</complemento>
    <unidade/>
    <bairro>Jacarecica</bairro>
    <localidade>Maceió</localidade>
    <uf>AL</uf>
    <estado>Alagoas</estado>
    <região/>
    <ibge>2704302</ibge>
    <gia/>
    <ddd>82</ddd>
    <siafi>2785</siafi>
  </cep>
  <cep>
    <cep>57038-641</cep>
    <logradouro>Rua Vinte e Cinco de Março</logradouro>
    <complemento/>
    <unidade/>
    <bairro>Jacarecica</bairro>
    <localidade>Maceió</localidade>
    <uf>AL</uf>
    <estado>Alagoas</estado>
    <região/>
    <ibge>2704302</ibge>
    <gia/>
    <ddd>82</ddd>
    <siafi>2785</siafi>
  </cep>
  <cep>
    <cep>57038-644</cep>
    <logradouro>Rua Santo Antônio</logradouro>
    <complemento/>
    <unidade/>
    <bairro>Jacarecica</bairro>
    <localidade>Maceió</localidade>
    <uf>AL</uf>
    <estado>Alagoas</estado>
    <região/>
    <ibge>2704302</ibge>
    <gia/>
    <ddd>82</ddd>
    <siafi>2785</siafi>
  </cep>
  <cep>
    <cep>57038-642</cep>
    <logradouro>Rua do Campo</logradouro>
    <complemento/>
    <unidade/>
    <bairro>Jacarecica</bairro>
    <localidade>Maceió</localidade>
    <uf>AL</uf>
    <estado>Alagoas</estado>
    <região/>
    <ibge>2704302</ibge>
    <gia/>
    <ddd>82</ddd>
    <siafi>2785</siafi>
  </cep>
  <cep>
    <cep>57038-646</cep>
    <logradouro>Rua da Alegria</logradouro>
    <complemento/>
    <unidade/>
    <bairro>Jacarecica</bairro>
    <localidade>Maceió</localidade>
    <uf>AL</uf>
    <estado>Alagoas</estado>
    <região/>
    <ibge>2704302</ibge>
    <gia/>
    <ddd>82</ddd>
    <siafi>2785</siafi>
  </cep>
  <cep>
    <cep>57038-647</cep>
    <logradouro>Rua do Livramento</logradouro>
    <complemento/>
    <unidade/>
    <bairro>Jacarecica</bairro>
    <localidade>Maceió</localidade>
    <uf>AL</uf>
    <estado>Alagoas</estado>
    <região/>
    <ibge>2704302</ibge>
    <gia/>
    <ddd>82</ddd>
    <siafi>2785</siafi>
  </cep>
  <cep>
    <cep>57038-701</cep>
    <logradouro>Rua A1</logradouro>
    <complemento>(Cj Elias Silva Bonfim)</complemento>
    <unidade/>
    <bairro>Guaxuma</bairro>
    <localidade>Maceió</localidade>
    <uf>AL</uf>
    <estado>Alagoas</estado>
    <região/>
    <ibge>2704302</ibge>
    <gia/>
    <ddd>82</ddd>
    <siafi>2785</siafi>
  </cep>
  <cep>
    <cep>57038-643</cep>
    <logradouro>Rua Padre Cícero</logradouro>
    <complemento/>
    <unidade/>
    <bairro>Jacarecica</bairro>
    <localidade>Maceió</localidade>
    <uf>AL</uf>
    <estado>Alagoas</estado>
    <região/>
    <ibge>2704302</ibge>
    <gia/>
    <ddd>82</ddd>
    <siafi>2785</siafi>
  </cep>
  <cep>
    <cep>57038-648</cep>
    <logradouro>Travessa da Alegria</logradouro>
    <complemento/>
    <unidade/>
    <bairro>Jacarecica</bairro>
    <localidade>Maceió</localidade>
    <uf>AL</uf>
    <estado>Alagoas</estado>
    <região/>
    <ibge>2704302</ibge>
    <gia/>
    <ddd>82</ddd>
    <siafi>2785</siafi>
  </cep>
  <cep>
    <cep>57038-705</cep>
    <logradouro>Rua D</logradouro>
    <complemento>(Cj Elias Silva Bonfim)</complemento>
    <unidade/>
    <bairro>Guaxuma</bairro>
    <localidade>Maceió</localidade>
    <uf>AL</uf>
    <estado>Alagoas</estado>
    <região/>
    <ibge>2704302</ibge>
    <gia/>
    <ddd>82</ddd>
    <siafi>2785</siafi>
  </cep>
  <cep>
    <cep>57038-680</cep>
    <logradouro>Rua Jornalista José Nilton de Oliveira Correia</logradouro>
    <complemento/>
    <unidade/>
    <bairro>Jacarecica</bairro>
    <localidade>Maceió</localidade>
    <uf>AL</uf>
    <estado>Alagoas</estado>
    <região/>
    <ibge>2704302</ibge>
    <gia/>
    <ddd>82</ddd>
    <siafi>2785</siafi>
  </cep>
  <cep>
    <cep>57038-660</cep>
    <logradouro>Rua Jandaia</logradouro>
    <complemento/>
    <unidade/>
    <bairro>Jacarecica</bairro>
    <localidade>Maceió</localidade>
    <uf>AL</uf>
    <estado>Alagoas</estado>
    <região/>
    <ibge>2704302</ibge>
    <gia/>
    <ddd>82</ddd>
    <siafi>2785</siafi>
  </cep>
  <cep>
    <cep>57038-670</cep>
    <logradouro>Rua Fiscal Vera de Mello Queiroz</logradouro>
    <complemento/>
    <unidade/>
    <bairro>Jacarecica</bairro>
    <localidade>Maceió</localidade>
    <uf>AL</uf>
    <estado>Alagoas</estado>
    <região/>
    <ibge>2704302</ibge>
    <gia/>
    <ddd>82</ddd>
    <siafi>2785</siafi>
  </cep>
  <cep>
    <cep>57038-650</cep>
    <logradouro>Rua Bela Vista</logradouro>
    <complemento/>
    <unidade/>
    <bairro>Jacarecica</bairro>
    <localidade>Maceió</localidade>
    <uf>AL</uf>
    <estado>Alagoas</estado>
    <região/>
    <ibge>2704302</ibge>
    <gia/>
    <ddd>82</ddd>
    <siafi>2785</siafi>
  </cep>
  <cep>
    <cep>57038-703</cep>
    <logradouro>Rua B</logradouro>
    <complemento>(Cj Elias Silva Bonfim)</complemento>
    <unidade/>
    <bairro>Guaxuma</bairro>
    <localidade>Maceió</localidade>
    <uf>AL</uf>
    <estado>Alagoas</estado>
    <região/>
    <ibge>2704302</ibge>
    <gia/>
    <ddd>82</ddd>
    <siafi>2785</siafi>
  </cep>
  <cep>
    <cep>57038-714</cep>
    <logradouro>Rua Belo Monte</logradouro>
    <complemento/>
    <unidade/>
    <bairro>Guaxuma</bairro>
    <localidade>Maceió</localidade>
    <uf>AL</uf>
    <estado>Alagoas</estado>
    <região/>
    <ibge>2704302</ibge>
    <gia/>
    <ddd>82</ddd>
    <siafi>2785</siafi>
  </cep>
  <cep>
    <cep>57038-715</cep>
    <logradouro>Rua Vista Alegre</logradouro>
    <complemento/>
    <unidade/>
    <bairro>Guaxuma</bairro>
    <localidade>Maceió</localidade>
    <uf>AL</uf>
    <estado>Alagoas</estado>
    <região/>
    <ibge>2704302</ibge>
    <gia/>
    <ddd>82</ddd>
    <siafi>2785</siafi>
  </cep>
  <cep>
    <cep>57038-708</cep>
    <logradouro>Rua Benedito de Araújo</logradouro>
    <complemento/>
    <unidade/>
    <bairro>Guaxuma</bairro>
    <localidade>Maceió</localidade>
    <uf>AL</uf>
    <estado>Alagoas</estado>
    <região/>
    <ibge>2704302</ibge>
    <gia/>
    <ddd>82</ddd>
    <siafi>2785</siafi>
  </cep>
  <cep>
    <cep>57038-690</cep>
    <logradouro>Rua Henry Vicente Vieira de Paula</logradouro>
    <complemento/>
    <unidade/>
    <bairro>Jacarecica</bairro>
    <localidade>Maceió</localidade>
    <uf>AL</uf>
    <estado>Alagoas</estado>
    <região/>
    <ibge>2704302</ibge>
    <gia/>
    <ddd>82</ddd>
    <siafi>2785</siafi>
  </cep>
  <cep>
    <cep>57038-702</cep>
    <logradouro>Rua A2</logradouro>
    <complemento>(Cj Elias Silva Bonfim)</complemento>
    <unidade/>
    <bairro>Guaxuma</bairro>
    <localidade>Maceió</localidade>
    <uf>AL</uf>
    <estado>Alagoas</estado>
    <região/>
    <ibge>2704302</ibge>
    <gia/>
    <ddd>82</ddd>
    <siafi>2785</siafi>
  </cep>
  <cep>
    <cep>57038-649</cep>
    <logradouro>Travessa Santo Antônio</logradouro>
    <complemento/>
    <unidade/>
    <bairro>Jacarecica</bairro>
    <localidade>Maceió</localidade>
    <uf>AL</uf>
    <estado>Alagoas</estado>
    <região/>
    <ibge>2704302</ibge>
    <gia/>
    <ddd>82</ddd>
    <siafi>2785</siafi>
  </cep>
  <cep>
    <cep>57038-710</cep>
    <logradouro>Rua Pajuçara</logradouro>
    <complemento/>
    <unidade/>
    <bairro>Guaxuma</bairro>
    <localidade>Maceió</localidade>
    <uf>AL</uf>
    <estado>Alagoas</estado>
    <região/>
    <ibge>2704302</ibge>
    <gia/>
    <ddd>82</ddd>
    <siafi>2785</siafi>
  </cep>
  <cep>
    <cep>57038-695</cep>
    <logradouro>Rua Jarmelino Jorge de Souza</logradouro>
    <complemento>(Cj Jacarecica)</complemento>
    <unidade/>
    <bairro>Jacarecica</bairro>
    <localidade>Maceió</localidade>
    <uf>AL</uf>
    <estado>Alagoas</estado>
    <região/>
    <ibge>2704302</ibge>
    <gia/>
    <ddd>82</ddd>
    <siafi>2785</siafi>
  </cep>
  <cep>
    <cep>57038-704</cep>
    <logradouro>Rua C</logradouro>
    <complemento>(Cj Elias Silva Bonfim)</complemento>
    <unidade/>
    <bairro>Guaxuma</bairro>
    <localidade>Maceió</localidade>
    <uf>AL</uf>
    <estado>Alagoas</estado>
    <região/>
    <ibge>2704302</ibge>
    <gia/>
    <ddd>82</ddd>
    <siafi>2785</siafi>
  </cep>
  <cep>
    <cep>57038-711</cep>
    <logradouro>Rua Boa Vista</logradouro>
    <complemento/>
    <unidade/>
    <bairro>Guaxuma</bairro>
    <localidade>Maceió</localidade>
    <uf>AL</uf>
    <estado>Alagoas</estado>
    <região/>
    <ibge>2704302</ibge>
    <gia/>
    <ddd>82</ddd>
    <siafi>2785</siafi>
  </cep>
  <cep>
    <cep>57038-712</cep>
    <logradouro>Rua São Francisco</logradouro>
    <complemento/>
    <unidade/>
    <bairro>Guaxuma</bairro>
    <localidade>Maceió</localidade>
    <uf>AL</uf>
    <estado>Alagoas</estado>
    <região/>
    <ibge>2704302</ibge>
    <gia/>
    <ddd>82</ddd>
    <siafi>2785</siafi>
  </cep>
  <cep>
    <cep>57038-713</cep>
    <logradouro>Rua Bom Jesus</logradouro>
    <complemento/>
    <unidade/>
    <bairro>Guaxuma</bairro>
    <localidade>Maceió</localidade>
    <uf>AL</uf>
    <estado>Alagoas</estado>
    <região/>
    <ibge>2704302</ibge>
    <gia/>
    <ddd>82</ddd>
    <siafi>2785</siafi>
  </cep>
  <cep>
    <cep>57038-706</cep>
    <logradouro>Rua E</logradouro>
    <complemento>(Cj Elias Silva Bonfim)</complemento>
    <unidade/>
    <bairro>Guaxuma</bairro>
    <localidade>Maceió</localidade>
    <uf>AL</uf>
    <estado>Alagoas</estado>
    <região/>
    <ibge>2704302</ibge>
    <gia/>
    <ddd>82</ddd>
    <siafi>2785</siafi>
  </cep>
  <cep>
    <cep>57038-720</cep>
    <logradouro>Rua Xavier de Araújo</logradouro>
    <complemento/>
    <unidade/>
    <bairro>Guaxuma</bairro>
    <localidade>Maceió</localidade>
    <uf>AL</uf>
    <estado>Alagoas</estado>
    <região/>
    <ibge>2704302</ibge>
    <gia/>
    <ddd>82</ddd>
    <siafi>2785</siafi>
  </cep>
  <cep>
    <cep>57038-716</cep>
    <logradouro>Rua Porto do Céu</logradouro>
    <complemento/>
    <unidade/>
    <bairro>Guaxuma</bairro>
    <localidade>Maceió</localidade>
    <uf>AL</uf>
    <estado>Alagoas</estado>
    <região/>
    <ibge>2704302</ibge>
    <gia/>
    <ddd>82</ddd>
    <siafi>2785</siafi>
  </cep>
  <cep>
    <cep>57038-740</cep>
    <logradouro>Rua Eraldo Duarte Constant</logradouro>
    <complemento/>
    <unidade/>
    <bairro>Guaxuma</bairro>
    <localidade>Maceió</localidade>
    <uf>AL</uf>
    <estado>Alagoas</estado>
    <região/>
    <ibge>2704302</ibge>
    <gia/>
    <ddd>82</ddd>
    <siafi>2785</siafi>
  </cep>
  <cep>
    <cep>57038-731</cep>
    <logradouro>Rua Jarsen Costa</logradouro>
    <complemento/>
    <unidade/>
    <bairro>Guaxuma</bairro>
    <localidade>Maceió</localidade>
    <uf>AL</uf>
    <estado>Alagoas</estado>
    <região/>
    <ibge>2704302</ibge>
    <gia/>
    <ddd>82</ddd>
    <siafi>2785</siafi>
  </cep>
  <cep>
    <cep>57038-730</cep>
    <logradouro>Rua Tancredo Neves</logradouro>
    <complemento/>
    <unidade/>
    <bairro>Guaxuma</bairro>
    <localidade>Maceió</localidade>
    <uf>AL</uf>
    <estado>Alagoas</estado>
    <região/>
    <ibge>2704302</ibge>
    <gia/>
    <ddd>82</ddd>
    <siafi>2785</siafi>
  </cep>
  <cep>
    <cep>57038-723</cep>
    <logradouro>Rua Projetada A</logradouro>
    <complemento>(Lot Gurguri)</complemento>
    <unidade/>
    <bairro>Guaxuma</bairro>
    <localidade>Maceió</localidade>
    <uf>AL</uf>
    <estado>Alagoas</estado>
    <região/>
    <ibge>2704302</ibge>
    <gia/>
    <ddd>82</ddd>
    <siafi>2785</siafi>
  </cep>
  <cep>
    <cep>57038-760</cep>
    <logradouro>Rua Coronel Mário Saraiva</logradouro>
    <complemento/>
    <unidade/>
    <bairro>Guaxuma</bairro>
    <localidade>Maceió</localidade>
    <uf>AL</uf>
    <estado>Alagoas</estado>
    <região/>
    <ibge>2704302</ibge>
    <gia/>
    <ddd>82</ddd>
    <siafi>2785</siafi>
  </cep>
  <cep>
    <cep>57038-772</cep>
    <logradouro>Travessa Padre Odilon Lobo</logradouro>
    <complemento/>
    <unidade/>
    <bairro>Guaxuma</bairro>
    <localidade>Maceió</localidade>
    <uf>AL</uf>
    <estado>Alagoas</estado>
    <região/>
    <ibge>2704302</ibge>
    <gia/>
    <ddd>82</ddd>
    <siafi>2785</siafi>
  </cep>
  <cep>
    <cep>57038-755</cep>
    <logradouro>Rua Deputado Mendonça Braga</logradouro>
    <complemento/>
    <unidade/>
    <bairro>Guaxuma</bairro>
    <localidade>Maceió</localidade>
    <uf>AL</uf>
    <estado>Alagoas</estado>
    <região/>
    <ibge>2704302</ibge>
    <gia/>
    <ddd>82</ddd>
    <siafi>2785</siafi>
  </cep>
  <cep>
    <cep>57038-750</cep>
    <logradouro>Rua Marcial de Alencar Barreto Coelho</logradouro>
    <complemento/>
    <unidade/>
    <bairro>Guaxuma</bairro>
    <localidade>Maceió</localidade>
    <uf>AL</uf>
    <estado>Alagoas</estado>
    <região/>
    <ibge>2704302</ibge>
    <gia/>
    <ddd>82</ddd>
    <siafi>2785</siafi>
  </cep>
  <cep>
    <cep>57038-800</cep>
    <logradouro>Avenida General Luiz de França Albuquerque</logradouro>
    <complemento>(Rodovia AL 101 Norte)</complemento>
    <unidade/>
    <bairro>Guaxuma</bairro>
    <localidade>Maceió</localidade>
    <uf>AL</uf>
    <estado>Alagoas</estado>
    <região/>
    <ibge>2704302</ibge>
    <gia/>
    <ddd>82</ddd>
    <siafi>2785</siafi>
  </cep>
  <cep>
    <cep>57038-900</cep>
    <logradouro>Avenida Brigadeiro Eduardo Gomes</logradouro>
    <complemento>1205</complemento>
    <unidade>Condomínio Solaris I</unidade>
    <bairro>Cruz das Almas</bairro>
    <localidade>Maceió</localidade>
    <uf>AL</uf>
    <estado>Alagoas</estado>
    <região/>
    <ibge>2704302</ibge>
    <gia/>
    <ddd>82</ddd>
    <siafi>2785</siafi>
  </cep>
  <cep>
    <cep>57038-780</cep>
    <logradouro>Rua Manoel Lisboa de Moura</logradouro>
    <complemento/>
    <unidade/>
    <bairro>Guaxuma</bairro>
    <localidade>Maceió</localidade>
    <uf>AL</uf>
    <estado>Alagoas</estado>
    <região/>
    <ibge>2704302</ibge>
    <gia/>
    <ddd>82</ddd>
    <siafi>2785</siafi>
  </cep>
  <cep>
    <cep>57039-000</cep>
    <logradouro>Avenida General Luiz de França Albuquerque</logradouro>
    <complemento>(Rodovia AL 101 Norte)</complemento>
    <unidade/>
    <bairro>Garça Torta</bairro>
    <localidade>Maceió</localidade>
    <uf>AL</uf>
    <estado>Alagoas</estado>
    <região/>
    <ibge>2704302</ibge>
    <gia/>
    <ddd>82</ddd>
    <siafi>2785</siafi>
  </cep>
  <cep>
    <cep>57039-020</cep>
    <logradouro>Rua São Pedro</logradouro>
    <complemento/>
    <unidade/>
    <bairro>Garça Torta</bairro>
    <localidade>Maceió</localidade>
    <uf>AL</uf>
    <estado>Alagoas</estado>
    <região/>
    <ibge>2704302</ibge>
    <gia/>
    <ddd>82</ddd>
    <siafi>2785</siafi>
  </cep>
  <cep>
    <cep>57039-010</cep>
    <logradouro>Rua Doutor Mário Guimarães</logradouro>
    <complemento>lado par</complemento>
    <unidade/>
    <bairro>Garça Torta</bairro>
    <localidade>Maceió</localidade>
    <uf>AL</uf>
    <estado>Alagoas</estado>
    <região/>
    <ibge>2704302</ibge>
    <gia/>
    <ddd>82</ddd>
    <siafi>2785</siafi>
  </cep>
  <cep>
    <cep>57039-015</cep>
    <logradouro>Rua do Sossego</logradouro>
    <complemento/>
    <unidade/>
    <bairro>Garça Torta</bairro>
    <localidade>Maceió</localidade>
    <uf>AL</uf>
    <estado>Alagoas</estado>
    <região/>
    <ibge>2704302</ibge>
    <gia/>
    <ddd>82</ddd>
    <siafi>2785</siafi>
  </cep>
  <cep>
    <cep>57039-021</cep>
    <logradouro>Rua Santa Maria</logradouro>
    <complemento/>
    <unidade/>
    <bairro>Garça Torta</bairro>
    <localidade>Maceió</localidade>
    <uf>AL</uf>
    <estado>Alagoas</estado>
    <região/>
    <ibge>2704302</ibge>
    <gia/>
    <ddd>82</ddd>
    <siafi>2785</siafi>
  </cep>
  <cep>
    <cep>57039-024</cep>
    <logradouro>2ª Travessa São Pedro</logradouro>
    <complemento/>
    <unidade/>
    <bairro>Garça Torta</bairro>
    <localidade>Maceió</localidade>
    <uf>AL</uf>
    <estado>Alagoas</estado>
    <região/>
    <ibge>2704302</ibge>
    <gia/>
    <ddd>82</ddd>
    <siafi>2785</siafi>
  </cep>
  <cep>
    <cep>57039-022</cep>
    <logradouro>Rua Ednon Cezar da Cunha</logradouro>
    <complemento/>
    <unidade/>
    <bairro>Garça Torta</bairro>
    <localidade>Maceió</localidade>
    <uf>AL</uf>
    <estado>Alagoas</estado>
    <região/>
    <ibge>2704302</ibge>
    <gia/>
    <ddd>82</ddd>
    <siafi>2785</siafi>
  </cep>
  <cep>
    <cep>57039-026</cep>
    <logradouro>3ª Travessa São Pedro</logradouro>
    <complemento/>
    <unidade/>
    <bairro>Garça Torta</bairro>
    <localidade>Maceió</localidade>
    <uf>AL</uf>
    <estado>Alagoas</estado>
    <região/>
    <ibge>2704302</ibge>
    <gia/>
    <ddd>82</ddd>
    <siafi>2785</siafi>
  </cep>
  <cep>
    <cep>57039-028</cep>
    <logradouro>4ª Travessa São Pedro</logradouro>
    <complemento/>
    <unidade/>
    <bairro>Garça Torta</bairro>
    <localidade>Maceió</localidade>
    <uf>AL</uf>
    <estado>Alagoas</estado>
    <região/>
    <ibge>2704302</ibge>
    <gia/>
    <ddd>82</ddd>
    <siafi>2785</siafi>
  </cep>
  <cep>
    <cep>57039-030</cep>
    <logradouro>Rua da Coréia</logradouro>
    <complemento/>
    <unidade/>
    <bairro>Garça Torta</bairro>
    <localidade>Maceió</localidade>
    <uf>AL</uf>
    <estado>Alagoas</estado>
    <região/>
    <ibge>2704302</ibge>
    <gia/>
    <ddd>82</ddd>
    <siafi>2785</siafi>
  </cep>
  <cep>
    <cep>57039-035</cep>
    <logradouro>Rua Esperança</logradouro>
    <complemento/>
    <unidade/>
    <bairro>Garça Torta</bairro>
    <localidade>Maceió</localidade>
    <uf>AL</uf>
    <estado>Alagoas</estado>
    <região/>
    <ibge>2704302</ibge>
    <gia/>
    <ddd>82</ddd>
    <siafi>2785</siafi>
  </cep>
  <cep>
    <cep>57039-045</cep>
    <logradouro>Rua Santana</logradouro>
    <complemento/>
    <unidade/>
    <bairro>Garça Torta</bairro>
    <localidade>Maceió</localidade>
    <uf>AL</uf>
    <estado>Alagoas</estado>
    <região/>
    <ibge>2704302</ibge>
    <gia/>
    <ddd>82</ddd>
    <siafi>2785</siafi>
  </cep>
  <cep>
    <cep>57039-100</cep>
    <logradouro>Travessa General França de Albuquerque</logradouro>
    <complemento/>
    <unidade/>
    <bairro>Garça Torta</bairro>
    <localidade>Maceió</localidade>
    <uf>AL</uf>
    <estado>Alagoas</estado>
    <região/>
    <ibge>2704302</ibge>
    <gia/>
    <ddd>82</ddd>
    <siafi>2785</siafi>
  </cep>
  <cep>
    <cep>57039-050</cep>
    <logradouro>Rua Doutor Murilo Rocha Mendes</logradouro>
    <complemento/>
    <unidade/>
    <bairro>Garça Torta</bairro>
    <localidade>Maceió</localidade>
    <uf>AL</uf>
    <estado>Alagoas</estado>
    <região/>
    <ibge>2704302</ibge>
    <gia/>
    <ddd>82</ddd>
    <siafi>2785</siafi>
  </cep>
  <cep>
    <cep>57039-200</cep>
    <logradouro>Rua Boca do Rio</logradouro>
    <complemento/>
    <unidade/>
    <bairro>Riacho Doce</bairro>
    <localidade>Maceió</localidade>
    <uf>AL</uf>
    <estado>Alagoas</estado>
    <região/>
    <ibge>2704302</ibge>
    <gia/>
    <ddd>82</ddd>
    <siafi>2785</siafi>
  </cep>
  <cep>
    <cep>57039-201</cep>
    <logradouro>Rua Santa Barbara</logradouro>
    <complemento/>
    <unidade/>
    <bairro>Riacho Doce</bairro>
    <localidade>Maceió</localidade>
    <uf>AL</uf>
    <estado>Alagoas</estado>
    <região/>
    <ibge>2704302</ibge>
    <gia/>
    <ddd>82</ddd>
    <siafi>2785</siafi>
  </cep>
  <cep>
    <cep>57039-207</cep>
    <logradouro>2ª Rua Boa Vista</logradouro>
    <complemento/>
    <unidade/>
    <bairro>Riacho Doce</bairro>
    <localidade>Maceió</localidade>
    <uf>AL</uf>
    <estado>Alagoas</estado>
    <região/>
    <ibge>2704302</ibge>
    <gia/>
    <ddd>82</ddd>
    <siafi>2785</siafi>
  </cep>
  <cep>
    <cep>57039-203</cep>
    <logradouro>Travessa Antônio Felix</logradouro>
    <complemento/>
    <unidade/>
    <bairro>Riacho Doce</bairro>
    <localidade>Maceió</localidade>
    <uf>AL</uf>
    <estado>Alagoas</estado>
    <região/>
    <ibge>2704302</ibge>
    <gia/>
    <ddd>82</ddd>
    <siafi>2785</siafi>
  </cep>
  <cep>
    <cep>57039-210</cep>
    <logradouro>Rua Cinco Irmãos</logradouro>
    <complemento/>
    <unidade/>
    <bairro>Riacho Doce</bairro>
    <localidade>Maceió</localidade>
    <uf>AL</uf>
    <estado>Alagoas</estado>
    <região/>
    <ibge>2704302</ibge>
    <gia/>
    <ddd>82</ddd>
    <siafi>2785</siafi>
  </cep>
  <cep>
    <cep>57039-220</cep>
    <logradouro>Rua Doutor Artur Cláudio dos Santos Neto</logradouro>
    <complemento/>
    <unidade/>
    <bairro>Riacho Doce</bairro>
    <localidade>Maceió</localidade>
    <uf>AL</uf>
    <estado>Alagoas</estado>
    <região/>
    <ibge>2704302</ibge>
    <gia/>
    <ddd>82</ddd>
    <siafi>2785</siafi>
  </cep>
  <cep>
    <cep>57039-250</cep>
    <logradouro>Praça José Emídio de Carvalho</logradouro>
    <complemento/>
    <unidade/>
    <bairro>Riacho Doce</bairro>
    <localidade>Maceió</localidade>
    <uf>AL</uf>
    <estado>Alagoas</estado>
    <região/>
    <ibge>2704302</ibge>
    <gia/>
    <ddd>82</ddd>
    <siafi>2785</siafi>
  </cep>
  <cep>
    <cep>57039-280</cep>
    <logradouro>Rua Luigi Presta</logradouro>
    <complemento/>
    <unidade/>
    <bairro>Riacho Doce</bairro>
    <localidade>Maceió</localidade>
    <uf>AL</uf>
    <estado>Alagoas</estado>
    <região/>
    <ibge>2704302</ibge>
    <gia/>
    <ddd>82</ddd>
    <siafi>2785</siafi>
  </cep>
  <cep>
    <cep>57039-230</cep>
    <logradouro>Avenida General Luiz de França Albuquerque</logradouro>
    <complemento>(Rodovia AL 101 Norte)</complemento>
    <unidade/>
    <bairro>Riacho Doce</bairro>
    <localidade>Maceió</localidade>
    <uf>AL</uf>
    <estado>Alagoas</estado>
    <região/>
    <ibge>2704302</ibge>
    <gia/>
    <ddd>82</ddd>
    <siafi>2785</siafi>
  </cep>
  <cep>
    <cep>57039-290</cep>
    <logradouro>Rua Santa Joana</logradouro>
    <complemento/>
    <unidade/>
    <bairro>Riacho Doce</bairro>
    <localidade>Maceió</localidade>
    <uf>AL</uf>
    <estado>Alagoas</estado>
    <região/>
    <ibge>2704302</ibge>
    <gia/>
    <ddd>82</ddd>
    <siafi>2785</siafi>
  </cep>
  <cep>
    <cep>57039-310</cep>
    <logradouro>Rua Euclides Pedrosa Navarro</logradouro>
    <complemento/>
    <unidade/>
    <bairro>Riacho Doce</bairro>
    <localidade>Maceió</localidade>
    <uf>AL</uf>
    <estado>Alagoas</estado>
    <região/>
    <ibge>2704302</ibge>
    <gia/>
    <ddd>82</ddd>
    <siafi>2785</siafi>
  </cep>
  <cep>
    <cep>57039-332</cep>
    <logradouro>Rua Nereu Batista</logradouro>
    <complemento/>
    <unidade/>
    <bairro>Riacho Doce</bairro>
    <localidade>Maceió</localidade>
    <uf>AL</uf>
    <estado>Alagoas</estado>
    <região/>
    <ibge>2704302</ibge>
    <gia/>
    <ddd>82</ddd>
    <siafi>2785</siafi>
  </cep>
  <cep>
    <cep>57039-415</cep>
    <logradouro>Quadra D</logradouro>
    <complemento>(Lot Riacho Doce II)</complemento>
    <unidade/>
    <bairro>Riacho Doce</bairro>
    <localidade>Maceió</localidade>
    <uf>AL</uf>
    <estado>Alagoas</estado>
    <região/>
    <ibge>2704302</ibge>
    <gia/>
    <ddd>82</ddd>
    <siafi>2785</siafi>
  </cep>
  <cep>
    <cep>57039-315</cep>
    <logradouro>Rua Padre Cícero</logradouro>
    <complemento/>
    <unidade/>
    <bairro>Riacho Doce</bairro>
    <localidade>Maceió</localidade>
    <uf>AL</uf>
    <estado>Alagoas</estado>
    <região/>
    <ibge>2704302</ibge>
    <gia/>
    <ddd>82</ddd>
    <siafi>2785</siafi>
  </cep>
  <cep>
    <cep>57039-418</cep>
    <logradouro>Quadra I</logradouro>
    <complemento>(Lot Riacho Doce II)</complemento>
    <unidade/>
    <bairro>Riacho Doce</bairro>
    <localidade>Maceió</localidade>
    <uf>AL</uf>
    <estado>Alagoas</estado>
    <região/>
    <ibge>2704302</ibge>
    <gia/>
    <ddd>82</ddd>
    <siafi>2785</siafi>
  </cep>
  <cep>
    <cep>57039-412</cep>
    <logradouro>Quadra B</logradouro>
    <complemento>(Lot Riacho Doce II)</complemento>
    <unidade/>
    <bairro>Riacho Doce</bairro>
    <localidade>Maceió</localidade>
    <uf>AL</uf>
    <estado>Alagoas</estado>
    <região/>
    <ibge>2704302</ibge>
    <gia/>
    <ddd>82</ddd>
    <siafi>2785</siafi>
  </cep>
  <cep>
    <cep>57039-545</cep>
    <logradouro>Rua Eliderta Bittencourt de Araújo</logradouro>
    <complemento>(Mirante da Sereia)</complemento>
    <unidade/>
    <bairro>Riacho Doce</bairro>
    <localidade>Maceió</localidade>
    <uf>AL</uf>
    <estado>Alagoas</estado>
    <região/>
    <ibge>2704302</ibge>
    <gia/>
    <ddd>82</ddd>
    <siafi>2785</siafi>
  </cep>
  <cep>
    <cep>57039-540</cep>
    <logradouro>Rua Nova</logradouro>
    <complemento/>
    <unidade/>
    <bairro>Riacho Doce</bairro>
    <localidade>Maceió</localidade>
    <uf>AL</uf>
    <estado>Alagoas</estado>
    <região/>
    <ibge>2704302</ibge>
    <gia/>
    <ddd>82</ddd>
    <siafi>2785</siafi>
  </cep>
  <cep>
    <cep>57039-345</cep>
    <logradouro>Travessa Santo Amaro</logradouro>
    <complemento/>
    <unidade/>
    <bairro>Riacho Doce</bairro>
    <localidade>Maceió</localidade>
    <uf>AL</uf>
    <estado>Alagoas</estado>
    <região/>
    <ibge>2704302</ibge>
    <gia/>
    <ddd>82</ddd>
    <siafi>2785</siafi>
  </cep>
  <cep>
    <cep>57039-546</cep>
    <logradouro>Rua B</logradouro>
    <complemento>(Mirante da Sereia)</complemento>
    <unidade/>
    <bairro>Riacho Doce</bairro>
    <localidade>Maceió</localidade>
    <uf>AL</uf>
    <estado>Alagoas</estado>
    <região/>
    <ibge>2704302</ibge>
    <gia/>
    <ddd>82</ddd>
    <siafi>2785</siafi>
  </cep>
  <cep>
    <cep>57039-333</cep>
    <logradouro>1ª Travessa Nereu Batista</logradouro>
    <complemento/>
    <unidade/>
    <bairro>Riacho Doce</bairro>
    <localidade>Maceió</localidade>
    <uf>AL</uf>
    <estado>Alagoas</estado>
    <região/>
    <ibge>2704302</ibge>
    <gia/>
    <ddd>82</ddd>
    <siafi>2785</siafi>
  </cep>
  <cep>
    <cep>57039-320</cep>
    <logradouro>Rua Milton de Oliveira Santos</logradouro>
    <complemento/>
    <unidade/>
    <bairro>Riacho Doce</bairro>
    <localidade>Maceió</localidade>
    <uf>AL</uf>
    <estado>Alagoas</estado>
    <região/>
    <ibge>2704302</ibge>
    <gia/>
    <ddd>82</ddd>
    <siafi>2785</siafi>
  </cep>
  <cep>
    <cep>57039-623</cep>
    <logradouro>Rua do Sossego</logradouro>
    <complemento/>
    <unidade/>
    <bairro>Pescaria</bairro>
    <localidade>Maceió</localidade>
    <uf>AL</uf>
    <estado>Alagoas</estado>
    <região/>
    <ibge>2704302</ibge>
    <gia/>
    <ddd>82</ddd>
    <siafi>2785</siafi>
  </cep>
  <cep>
    <cep>57039-548</cep>
    <logradouro>Rua D</logradouro>
    <complemento>(Mirante da Sereia)</complemento>
    <unidade/>
    <bairro>Riacho Doce</bairro>
    <localidade>Maceió</localidade>
    <uf>AL</uf>
    <estado>Alagoas</estado>
    <região/>
    <ibge>2704302</ibge>
    <gia/>
    <ddd>82</ddd>
    <siafi>2785</siafi>
  </cep>
  <cep>
    <cep>57039-600</cep>
    <logradouro>Rodovia Gunther Frans Oliveira</logradouro>
    <complemento>(AL 101 Norte)</complemento>
    <unidade/>
    <bairro>Pescaria</bairro>
    <localidade>Maceió</localidade>
    <uf>AL</uf>
    <estado>Alagoas</estado>
    <região/>
    <ibge>2704302</ibge>
    <gia/>
    <ddd>82</ddd>
    <siafi>2785</siafi>
  </cep>
  <cep>
    <cep>57039-550</cep>
    <logradouro>Rua G</logradouro>
    <complemento>(Mirante da Sereia)</complemento>
    <unidade/>
    <bairro>Riacho Doce</bairro>
    <localidade>Maceió</localidade>
    <uf>AL</uf>
    <estado>Alagoas</estado>
    <região/>
    <ibge>2704302</ibge>
    <gia/>
    <ddd>82</ddd>
    <siafi>2785</siafi>
  </cep>
  <cep>
    <cep>57039-612</cep>
    <logradouro>Travessa Santa Luzia</logradouro>
    <complemento/>
    <unidade/>
    <bairro>Pescaria</bairro>
    <localidade>Maceió</localidade>
    <uf>AL</uf>
    <estado>Alagoas</estado>
    <região/>
    <ibge>2704302</ibge>
    <gia/>
    <ddd>82</ddd>
    <siafi>2785</siafi>
  </cep>
  <cep>
    <cep>57039-440</cep>
    <logradouro>Rua Grota do Andraújo</logradouro>
    <complemento/>
    <unidade/>
    <bairro>Riacho Doce</bairro>
    <localidade>Maceió</localidade>
    <uf>AL</uf>
    <estado>Alagoas</estado>
    <região/>
    <ibge>2704302</ibge>
    <gia/>
    <ddd>82</ddd>
    <siafi>2785</siafi>
  </cep>
  <cep>
    <cep>57039-625</cep>
    <logradouro>Rua Axé</logradouro>
    <complemento/>
    <unidade/>
    <bairro>Pescaria</bairro>
    <localidade>Maceió</localidade>
    <uf>AL</uf>
    <estado>Alagoas</estado>
    <região/>
    <ibge>2704302</ibge>
    <gia/>
    <ddd>82</ddd>
    <siafi>2785</siafi>
  </cep>
  <cep>
    <cep>57039-466</cep>
    <logradouro>Rua Almirante Andraujo</logradouro>
    <complemento/>
    <unidade/>
    <bairro>Riacho Doce</bairro>
    <localidade>Maceió</localidade>
    <uf>AL</uf>
    <estado>Alagoas</estado>
    <região/>
    <ibge>2704302</ibge>
    <gia/>
    <ddd>82</ddd>
    <siafi>2785</siafi>
  </cep>
  <cep>
    <cep>57039-420</cep>
    <logradouro>Quadra J</logradouro>
    <complemento>(Lot Riacho Doce II)</complemento>
    <unidade/>
    <bairro>Riacho Doce</bairro>
    <localidade>Maceió</localidade>
    <uf>AL</uf>
    <estado>Alagoas</estado>
    <região/>
    <ibge>2704302</ibge>
    <gia/>
    <ddd>82</ddd>
    <siafi>2785</siafi>
  </cep>
  <cep>
    <cep>57039-325</cep>
    <logradouro>Rua Boa Vista</logradouro>
    <complemento/>
    <unidade/>
    <bairro>Riacho Doce</bairro>
    <localidade>Maceió</localidade>
    <uf>AL</uf>
    <estado>Alagoas</estado>
    <região/>
    <ibge>2704302</ibge>
    <gia/>
    <ddd>82</ddd>
    <siafi>2785</siafi>
  </cep>
  <cep>
    <cep>57039-549</cep>
    <logradouro>Rua F</logradouro>
    <complemento>(Mirante da Sereia)</complemento>
    <unidade/>
    <bairro>Riacho Doce</bairro>
    <localidade>Maceió</localidade>
    <uf>AL</uf>
    <estado>Alagoas</estado>
    <região/>
    <ibge>2704302</ibge>
    <gia/>
    <ddd>82</ddd>
    <siafi>2785</siafi>
  </cep>
  <cep>
    <cep>57039-450</cep>
    <logradouro>Rua Santo Amaro</logradouro>
    <complemento/>
    <unidade/>
    <bairro>Riacho Doce</bairro>
    <localidade>Maceió</localidade>
    <uf>AL</uf>
    <estado>Alagoas</estado>
    <região/>
    <ibge>2704302</ibge>
    <gia/>
    <ddd>82</ddd>
    <siafi>2785</siafi>
  </cep>
  <cep>
    <cep>57039-547</cep>
    <logradouro>Rua C</logradouro>
    <complemento>(Mirante da Sereia)</complemento>
    <unidade/>
    <bairro>Riacho Doce</bairro>
    <localidade>Maceió</localidade>
    <uf>AL</uf>
    <estado>Alagoas</estado>
    <região/>
    <ibge>2704302</ibge>
    <gia/>
    <ddd>82</ddd>
    <siafi>2785</siafi>
  </cep>
  <cep>
    <cep>57039-627</cep>
    <logradouro>Rua Manoel Aninha</logradouro>
    <complemento/>
    <unidade/>
    <bairro>Pescaria</bairro>
    <localidade>Maceió</localidade>
    <uf>AL</uf>
    <estado>Alagoas</estado>
    <região/>
    <ibge>2704302</ibge>
    <gia/>
    <ddd>82</ddd>
    <siafi>2785</siafi>
  </cep>
  <cep>
    <cep>57039-425</cep>
    <logradouro>Quadra A</logradouro>
    <complemento>(Lot Riacho Doce II)</complemento>
    <unidade/>
    <bairro>Riacho Doce</bairro>
    <localidade>Maceió</localidade>
    <uf>AL</uf>
    <estado>Alagoas</estado>
    <região/>
    <ibge>2704302</ibge>
    <gia/>
    <ddd>82</ddd>
    <siafi>2785</siafi>
  </cep>
  <cep>
    <cep>57038-707</cep>
    <logradouro>Rua F</logradouro>
    <complemento>(Cj Elias Silva Bonfim)</complemento>
    <unidade/>
    <bairro>Guaxuma</bairro>
    <localidade>Maceió</localidade>
    <uf>AL</uf>
    <estado>Alagoas</estado>
    <região/>
    <ibge>2704302</ibge>
    <gia/>
    <ddd>82</ddd>
    <siafi>2785</siafi>
  </cep>
  <cep>
    <cep>57039-629</cep>
    <logradouro>Rua Menino Jesus</logradouro>
    <complemento/>
    <unidade/>
    <bairro>Pescaria</bairro>
    <localidade>Maceió</localidade>
    <uf>AL</uf>
    <estado>Alagoas</estado>
    <região/>
    <ibge>2704302</ibge>
    <gia/>
    <ddd>82</ddd>
    <siafi>2785</siafi>
  </cep>
  <cep>
    <cep>57039-463</cep>
    <logradouro>Rua Horizonte</logradouro>
    <complemento/>
    <unidade/>
    <bairro>Riacho Doce</bairro>
    <localidade>Maceió</localidade>
    <uf>AL</uf>
    <estado>Alagoas</estado>
    <região/>
    <ibge>2704302</ibge>
    <gia/>
    <ddd>82</ddd>
    <siafi>2785</siafi>
  </cep>
  <cep>
    <cep>57039-424</cep>
    <logradouro>Quadra H</logradouro>
    <complemento>(Lot Riacho Doce II)</complemento>
    <unidade/>
    <bairro>Riacho Doce</bairro>
    <localidade>Maceió</localidade>
    <uf>AL</uf>
    <estado>Alagoas</estado>
    <região/>
    <ibge>2704302</ibge>
    <gia/>
    <ddd>82</ddd>
    <siafi>2785</siafi>
  </cep>
  <cep>
    <cep>57039-535</cep>
    <logradouro>Rua Jurubeba</logradouro>
    <complemento/>
    <unidade/>
    <bairro>Riacho Doce</bairro>
    <localidade>Maceió</localidade>
    <uf>AL</uf>
    <estado>Alagoas</estado>
    <região/>
    <ibge>2704302</ibge>
    <gia/>
    <ddd>82</ddd>
    <siafi>2785</siafi>
  </cep>
  <cep>
    <cep>57039-335</cep>
    <logradouro>3ª Travessa Nereu Batista</logradouro>
    <complemento/>
    <unidade/>
    <bairro>Riacho Doce</bairro>
    <localidade>Maceió</localidade>
    <uf>AL</uf>
    <estado>Alagoas</estado>
    <região/>
    <ibge>2704302</ibge>
    <gia/>
    <ddd>82</ddd>
    <siafi>2785</siafi>
  </cep>
  <cep>
    <cep>57039-620</cep>
    <logradouro>Rua Santa Luzia</logradouro>
    <complemento/>
    <unidade/>
    <bairro>Pescaria</bairro>
    <localidade>Maceió</localidade>
    <uf>AL</uf>
    <estado>Alagoas</estado>
    <região/>
    <ibge>2704302</ibge>
    <gia/>
    <ddd>82</ddd>
    <siafi>2785</siafi>
  </cep>
  <cep>
    <cep>57039-640</cep>
    <logradouro>Rua Irene Cavalcante da Silva</logradouro>
    <complemento/>
    <unidade/>
    <bairro>Pescaria</bairro>
    <localidade>Maceió</localidade>
    <uf>AL</uf>
    <estado>Alagoas</estado>
    <região/>
    <ibge>2704302</ibge>
    <gia/>
    <ddd>82</ddd>
    <siafi>2785</siafi>
  </cep>
  <cep>
    <cep>57039-634</cep>
    <logradouro>Travessa Ana Omena</logradouro>
    <complemento/>
    <unidade/>
    <bairro>Pescaria</bairro>
    <localidade>Maceió</localidade>
    <uf>AL</uf>
    <estado>Alagoas</estado>
    <região/>
    <ibge>2704302</ibge>
    <gia/>
    <ddd>82</ddd>
    <siafi>2785</siafi>
  </cep>
  <cep>
    <cep>57039-330</cep>
    <logradouro>Rua Américo Vasco</logradouro>
    <complemento/>
    <unidade/>
    <bairro>Riacho Doce</bairro>
    <localidade>Maceió</localidade>
    <uf>AL</uf>
    <estado>Alagoas</estado>
    <região/>
    <ibge>2704302</ibge>
    <gia/>
    <ddd>82</ddd>
    <siafi>2785</siafi>
  </cep>
  <cep>
    <cep>57039-643</cep>
    <logradouro>Rua Deputado José Bernardo Neto</logradouro>
    <complemento/>
    <unidade/>
    <bairro>Pescaria</bairro>
    <localidade>Maceió</localidade>
    <uf>AL</uf>
    <estado>Alagoas</estado>
    <região/>
    <ibge>2704302</ibge>
    <gia/>
    <ddd>82</ddd>
    <siafi>2785</siafi>
  </cep>
  <cep>
    <cep>57039-650</cep>
    <logradouro>Rua Joventino S. Paulino</logradouro>
    <complemento/>
    <unidade/>
    <bairro>Pescaria</bairro>
    <localidade>Maceió</localidade>
    <uf>AL</uf>
    <estado>Alagoas</estado>
    <região/>
    <ibge>2704302</ibge>
    <gia/>
    <ddd>82</ddd>
    <siafi>2785</siafi>
  </cep>
  <cep>
    <cep>57039-646</cep>
    <logradouro>Loteamento Paranhos</logradouro>
    <complemento/>
    <unidade/>
    <bairro>Pescaria</bairro>
    <localidade>Maceió</localidade>
    <uf>AL</uf>
    <estado>Alagoas</estado>
    <região/>
    <ibge>2704302</ibge>
    <gia/>
    <ddd>82</ddd>
    <siafi>2785</siafi>
  </cep>
  <cep>
    <cep>57039-334</cep>
    <logradouro>2ª Travessa Nereu Batista</logradouro>
    <complemento/>
    <unidade/>
    <bairro>Riacho Doce</bairro>
    <localidade>Maceió</localidade>
    <uf>AL</uf>
    <estado>Alagoas</estado>
    <região/>
    <ibge>2704302</ibge>
    <gia/>
    <ddd>82</ddd>
    <siafi>2785</siafi>
  </cep>
  <cep>
    <cep>57039-605</cep>
    <logradouro>Rua Ana Omena</logradouro>
    <complemento/>
    <unidade/>
    <bairro>Pescaria</bairro>
    <localidade>Maceió</localidade>
    <uf>AL</uf>
    <estado>Alagoas</estado>
    <região/>
    <ibge>2704302</ibge>
    <gia/>
    <ddd>82</ddd>
    <siafi>2785</siafi>
  </cep>
  <cep>
    <cep>57039-417</cep>
    <logradouro>Quadra F</logradouro>
    <complemento>(Lot Riacho Doce II)</complemento>
    <unidade/>
    <bairro>Riacho Doce</bairro>
    <localidade>Maceió</localidade>
    <uf>AL</uf>
    <estado>Alagoas</estado>
    <região/>
    <ibge>2704302</ibge>
    <gia/>
    <ddd>82</ddd>
    <siafi>2785</siafi>
  </cep>
  <cep>
    <cep>57039-530</cep>
    <logradouro>Rua Padre Teófanes Araújo Barros</logradouro>
    <complemento/>
    <unidade/>
    <bairro>Riacho Doce</bairro>
    <localidade>Maceió</localidade>
    <uf>AL</uf>
    <estado>Alagoas</estado>
    <região/>
    <ibge>2704302</ibge>
    <gia/>
    <ddd>82</ddd>
    <siafi>2785</siafi>
  </cep>
  <cep>
    <cep>57039-652</cep>
    <logradouro>Rua José Bartolomeu</logradouro>
    <complemento/>
    <unidade/>
    <bairro>Pescaria</bairro>
    <localidade>Maceió</localidade>
    <uf>AL</uf>
    <estado>Alagoas</estado>
    <região/>
    <ibge>2704302</ibge>
    <gia/>
    <ddd>82</ddd>
    <siafi>2785</siafi>
  </cep>
  <cep>
    <cep>57039-423</cep>
    <logradouro>Quadra G</logradouro>
    <complemento>(Lot Riacho Doce II)</complemento>
    <unidade/>
    <bairro>Riacho Doce</bairro>
    <localidade>Maceió</localidade>
    <uf>AL</uf>
    <estado>Alagoas</estado>
    <região/>
    <ibge>2704302</ibge>
    <gia/>
    <ddd>82</ddd>
    <siafi>2785</siafi>
  </cep>
  <cep>
    <cep>57039-460</cep>
    <logradouro>Rua Antônio Félix</logradouro>
    <complemento/>
    <unidade/>
    <bairro>Riacho Doce</bairro>
    <localidade>Maceió</localidade>
    <uf>AL</uf>
    <estado>Alagoas</estado>
    <região/>
    <ibge>2704302</ibge>
    <gia/>
    <ddd>82</ddd>
    <siafi>2785</siafi>
  </cep>
  <cep>
    <cep>57039-525</cep>
    <logradouro>Loteamento Riacho Doce I</logradouro>
    <complemento/>
    <unidade/>
    <bairro>Riacho Doce</bairro>
    <localidade>Maceió</localidade>
    <uf>AL</uf>
    <estado>Alagoas</estado>
    <região/>
    <ibge>2704302</ibge>
    <gia/>
    <ddd>82</ddd>
    <siafi>2785</siafi>
  </cep>
  <cep>
    <cep>57039-414</cep>
    <logradouro>Quadra L</logradouro>
    <complemento>(Lot Riacho Doce II)</complemento>
    <unidade/>
    <bairro>Riacho Doce</bairro>
    <localidade>Maceió</localidade>
    <uf>AL</uf>
    <estado>Alagoas</estado>
    <região/>
    <ibge>2704302</ibge>
    <gia/>
    <ddd>82</ddd>
    <siafi>2785</siafi>
  </cep>
  <cep>
    <cep>57039-390</cep>
    <logradouro>Rua Alto da Boa Vista</logradouro>
    <complemento/>
    <unidade/>
    <bairro>Riacho Doce</bairro>
    <localidade>Maceió</localidade>
    <uf>AL</uf>
    <estado>Alagoas</estado>
    <região/>
    <ibge>2704302</ibge>
    <gia/>
    <ddd>82</ddd>
    <siafi>2785</siafi>
  </cep>
  <cep>
    <cep>57039-551</cep>
    <logradouro>Rua H</logradouro>
    <complemento>(Mirante da Sereia)</complemento>
    <unidade/>
    <bairro>Riacho Doce</bairro>
    <localidade>Maceió</localidade>
    <uf>AL</uf>
    <estado>Alagoas</estado>
    <região/>
    <ibge>2704302</ibge>
    <gia/>
    <ddd>82</ddd>
    <siafi>2785</siafi>
  </cep>
  <cep>
    <cep>57039-340</cep>
    <logradouro>Rua Terelete</logradouro>
    <complemento/>
    <unidade/>
    <bairro>Riacho Doce</bairro>
    <localidade>Maceió</localidade>
    <uf>AL</uf>
    <estado>Alagoas</estado>
    <região/>
    <ibge>2704302</ibge>
    <gia/>
    <ddd>82</ddd>
    <siafi>2785</siafi>
  </cep>
  <cep>
    <cep>57039-422</cep>
    <logradouro>Quadra O</logradouro>
    <complemento>(Lot Riacho Doce II)</complemento>
    <unidade/>
    <bairro>Riacho Doce</bairro>
    <localidade>Maceió</localidade>
    <uf>AL</uf>
    <estado>Alagoas</estado>
    <região/>
    <ibge>2704302</ibge>
    <gia/>
    <ddd>82</ddd>
    <siafi>2785</siafi>
  </cep>
  <cep>
    <cep>57039-520</cep>
    <logradouro>Rua Antônio Felinto</logradouro>
    <complemento/>
    <unidade/>
    <bairro>Riacho Doce</bairro>
    <localidade>Maceió</localidade>
    <uf>AL</uf>
    <estado>Alagoas</estado>
    <região/>
    <ibge>2704302</ibge>
    <gia/>
    <ddd>82</ddd>
    <siafi>2785</siafi>
  </cep>
  <cep>
    <cep>57039-602</cep>
    <logradouro>Rua da Paz</logradouro>
    <complemento/>
    <unidade/>
    <bairro>Pescaria</bairro>
    <localidade>Maceió</localidade>
    <uf>AL</uf>
    <estado>Alagoas</estado>
    <região/>
    <ibge>2704302</ibge>
    <gia/>
    <ddd>82</ddd>
    <siafi>2785</siafi>
  </cep>
  <cep>
    <cep>57039-532</cep>
    <logradouro>Rua Doutor Mário Guimarães</logradouro>
    <complemento>lado ímpar</complemento>
    <unidade/>
    <bairro>Riacho Doce</bairro>
    <localidade>Maceió</localidade>
    <uf>AL</uf>
    <estado>Alagoas</estado>
    <região/>
    <ibge>2704302</ibge>
    <gia/>
    <ddd>82</ddd>
    <siafi>2785</siafi>
  </cep>
  <cep>
    <cep>57039-416</cep>
    <logradouro>Quadra E</logradouro>
    <complemento>(Lot Riacho Doce II)</complemento>
    <unidade/>
    <bairro>Riacho Doce</bairro>
    <localidade>Maceió</localidade>
    <uf>AL</uf>
    <estado>Alagoas</estado>
    <região/>
    <ibge>2704302</ibge>
    <gia/>
    <ddd>82</ddd>
    <siafi>2785</siafi>
  </cep>
  <cep>
    <cep>57039-615</cep>
    <logradouro>Rua Nova</logradouro>
    <complemento/>
    <unidade/>
    <bairro>Pescaria</bairro>
    <localidade>Maceió</localidade>
    <uf>AL</uf>
    <estado>Alagoas</estado>
    <região/>
    <ibge>2704302</ibge>
    <gia/>
    <ddd>82</ddd>
    <siafi>2785</siafi>
  </cep>
  <cep>
    <cep>57039-655</cep>
    <logradouro>Rua Antônio Donas</logradouro>
    <complemento/>
    <unidade/>
    <bairro>Pescaria</bairro>
    <localidade>Maceió</localidade>
    <uf>AL</uf>
    <estado>Alagoas</estado>
    <região/>
    <ibge>2704302</ibge>
    <gia/>
    <ddd>82</ddd>
    <siafi>2785</siafi>
  </cep>
  <cep>
    <cep>57039-657</cep>
    <logradouro>Rua Januário Marques</logradouro>
    <complemento/>
    <unidade/>
    <bairro>Pescaria</bairro>
    <localidade>Maceió</localidade>
    <uf>AL</uf>
    <estado>Alagoas</estado>
    <região/>
    <ibge>2704302</ibge>
    <gia/>
    <ddd>82</ddd>
    <siafi>2785</siafi>
  </cep>
  <cep>
    <cep>57039-660</cep>
    <logradouro>2ª Rua da Paz</logradouro>
    <complemento/>
    <unidade/>
    <bairro>Pescaria</bairro>
    <localidade>Maceió</localidade>
    <uf>AL</uf>
    <estado>Alagoas</estado>
    <região/>
    <ibge>2704302</ibge>
    <gia/>
    <ddd>82</ddd>
    <siafi>2785</siafi>
  </cep>
  <cep>
    <cep>57039-700</cep>
    <logradouro>Rodovia Gunther Frans Oliveira</logradouro>
    <complemento>(AL 101 Norte)</complemento>
    <unidade/>
    <bairro>Ipioca</bairro>
    <localidade>Maceió</localidade>
    <uf>AL</uf>
    <estado>Alagoas</estado>
    <região/>
    <ibge>2704302</ibge>
    <gia/>
    <ddd>82</ddd>
    <siafi>2785</siafi>
  </cep>
  <cep>
    <cep>57039-701</cep>
    <logradouro>Estrada de Saúde</logradouro>
    <complemento/>
    <unidade/>
    <bairro>Ipioca</bairro>
    <localidade>Maceió</localidade>
    <uf>AL</uf>
    <estado>Alagoas</estado>
    <região/>
    <ibge>2704302</ibge>
    <gia/>
    <ddd>82</ddd>
    <siafi>2785</siafi>
  </cep>
  <cep>
    <cep>57039-702</cep>
    <logradouro>Alameda Sauaçuhi</logradouro>
    <complemento/>
    <unidade/>
    <bairro>Ipioca</bairro>
    <localidade>Maceió</localidade>
    <uf>AL</uf>
    <estado>Alagoas</estado>
    <região/>
    <ibge>2704302</ibge>
    <gia/>
    <ddd>82</ddd>
    <siafi>2785</siafi>
  </cep>
  <cep>
    <cep>57039-706</cep>
    <logradouro>Rua Desembargador José Xisto Gomes de Melo</logradouro>
    <complemento>(Cond Park Sauaçuhy)</complemento>
    <unidade/>
    <bairro>Ipioca</bairro>
    <localidade>Maceió</localidade>
    <uf>AL</uf>
    <estado>Alagoas</estado>
    <região/>
    <ibge>2704302</ibge>
    <gia/>
    <ddd>82</ddd>
    <siafi>2785</siafi>
  </cep>
  <cep>
    <cep>57039-705</cep>
    <logradouro>Rua Hilda de Melo Aciole</logradouro>
    <complemento/>
    <unidade/>
    <bairro>Ipioca</bairro>
    <localidade>Maceió</localidade>
    <uf>AL</uf>
    <estado>Alagoas</estado>
    <região/>
    <ibge>2704302</ibge>
    <gia/>
    <ddd>82</ddd>
    <siafi>2785</siafi>
  </cep>
  <cep>
    <cep>57039-703</cep>
    <logradouro>Rua Rosalvo Ribeiro</logradouro>
    <complemento>(Cj Otacílio Holanda)</complemento>
    <unidade/>
    <bairro>Ipioca</bairro>
    <localidade>Maceió</localidade>
    <uf>AL</uf>
    <estado>Alagoas</estado>
    <região/>
    <ibge>2704302</ibge>
    <gia/>
    <ddd>82</ddd>
    <siafi>2785</siafi>
  </cep>
  <cep>
    <cep>57039-704</cep>
    <logradouro>Rua Doutor Caio Porto</logradouro>
    <complemento>(Cond Park Sauaçuhy)</complemento>
    <unidade/>
    <bairro>Ipioca</bairro>
    <localidade>Maceió</localidade>
    <uf>AL</uf>
    <estado>Alagoas</estado>
    <região/>
    <ibge>2704302</ibge>
    <gia/>
    <ddd>82</ddd>
    <siafi>2785</siafi>
  </cep>
  <cep>
    <cep>57039-711</cep>
    <logradouro>Rua Gonçalves Dias</logradouro>
    <complemento>(Cj Otacilio Holanda)</complemento>
    <unidade/>
    <bairro>Ipioca</bairro>
    <localidade>Maceió</localidade>
    <uf>AL</uf>
    <estado>Alagoas</estado>
    <região/>
    <ibge>2704302</ibge>
    <gia/>
    <ddd>82</ddd>
    <siafi>2785</siafi>
  </cep>
  <cep>
    <cep>57039-707</cep>
    <logradouro>Rua Jorge de Lima</logradouro>
    <complemento>(Cj Otacilio Holanda)</complemento>
    <unidade/>
    <bairro>Ipioca</bairro>
    <localidade>Maceió</localidade>
    <uf>AL</uf>
    <estado>Alagoas</estado>
    <região/>
    <ibge>2704302</ibge>
    <gia/>
    <ddd>82</ddd>
    <siafi>2785</siafi>
  </cep>
  <cep>
    <cep>57039-709</cep>
    <logradouro>Rua Álvaro de Azevedo</logradouro>
    <complemento>(Cj Otacilio Holanda)</complemento>
    <unidade/>
    <bairro>Ipioca</bairro>
    <localidade>Maceió</localidade>
    <uf>AL</uf>
    <estado>Alagoas</estado>
    <região/>
    <ibge>2704302</ibge>
    <gia/>
    <ddd>82</ddd>
    <siafi>2785</siafi>
  </cep>
  <cep>
    <cep>57039-710</cep>
    <logradouro>Rua Djanira Bezerra de Omena</logradouro>
    <complemento/>
    <unidade/>
    <bairro>Ipioca</bairro>
    <localidade>Maceió</localidade>
    <uf>AL</uf>
    <estado>Alagoas</estado>
    <região/>
    <ibge>2704302</ibge>
    <gia/>
    <ddd>82</ddd>
    <siafi>2785</siafi>
  </cep>
  <cep>
    <cep>57039-708</cep>
    <logradouro>Rua Desembargador Augusto Galvão</logradouro>
    <complemento>(Cond Park Sauaçuhy)</complemento>
    <unidade/>
    <bairro>Ipioca</bairro>
    <localidade>Maceió</localidade>
    <uf>AL</uf>
    <estado>Alagoas</estado>
    <região/>
    <ibge>2704302</ibge>
    <gia/>
    <ddd>82</ddd>
    <siafi>2785</siafi>
  </cep>
  <cep>
    <cep>57039-712</cep>
    <logradouro>Rua Cinegrafista Cícero Pires Gomes</logradouro>
    <complemento/>
    <unidade/>
    <bairro>Ipioca</bairro>
    <localidade>Maceió</localidade>
    <uf>AL</uf>
    <estado>Alagoas</estado>
    <região/>
    <ibge>2704302</ibge>
    <gia/>
    <ddd>82</ddd>
    <siafi>2785</siafi>
  </cep>
  <cep>
    <cep>57039-713</cep>
    <logradouro>Rua Josefa Gomes</logradouro>
    <complemento/>
    <unidade/>
    <bairro>Ipioca</bairro>
    <localidade>Maceió</localidade>
    <uf>AL</uf>
    <estado>Alagoas</estado>
    <região/>
    <ibge>2704302</ibge>
    <gia/>
    <ddd>82</ddd>
    <siafi>2785</siafi>
  </cep>
  <cep>
    <cep>57039-714</cep>
    <logradouro>Rua João Paulo II</logradouro>
    <complemento/>
    <unidade/>
    <bairro>Ipioca</bairro>
    <localidade>Maceió</localidade>
    <uf>AL</uf>
    <estado>Alagoas</estado>
    <região/>
    <ibge>2704302</ibge>
    <gia/>
    <ddd>82</ddd>
    <siafi>2785</siafi>
  </cep>
  <cep>
    <cep>57039-715</cep>
    <logradouro>Rua Nossa Senhora do Ó</logradouro>
    <complemento/>
    <unidade/>
    <bairro>Ipioca</bairro>
    <localidade>Maceió</localidade>
    <uf>AL</uf>
    <estado>Alagoas</estado>
    <região/>
    <ibge>2704302</ibge>
    <gia/>
    <ddd>82</ddd>
    <siafi>2785</siafi>
  </cep>
  <cep>
    <cep>57039-716</cep>
    <logradouro>Rua Manuel Bandeira</logradouro>
    <complemento>(Cj Otacilio Holanda)</complemento>
    <unidade/>
    <bairro>Ipioca</bairro>
    <localidade>Maceió</localidade>
    <uf>AL</uf>
    <estado>Alagoas</estado>
    <região/>
    <ibge>2704302</ibge>
    <gia/>
    <ddd>82</ddd>
    <siafi>2785</siafi>
  </cep>
  <cep>
    <cep>57039-719</cep>
    <logradouro>Rua Castro Alves</logradouro>
    <complemento>(Cj Otacilio Holanda)</complemento>
    <unidade/>
    <bairro>Ipioca</bairro>
    <localidade>Maceió</localidade>
    <uf>AL</uf>
    <estado>Alagoas</estado>
    <região/>
    <ibge>2704302</ibge>
    <gia/>
    <ddd>82</ddd>
    <siafi>2785</siafi>
  </cep>
  <cep>
    <cep>57039-728</cep>
    <logradouro>Rua Mário de Andrade</logradouro>
    <complemento>(Cj Otacilio Holanda)</complemento>
    <unidade/>
    <bairro>Ipioca</bairro>
    <localidade>Maceió</localidade>
    <uf>AL</uf>
    <estado>Alagoas</estado>
    <região/>
    <ibge>2704302</ibge>
    <gia/>
    <ddd>82</ddd>
    <siafi>2785</siafi>
  </cep>
  <cep>
    <cep>57039-724</cep>
    <logradouro>Travessa Euclides da Cunha</logradouro>
    <complemento>(Cj Otacilio Holanda)</complemento>
    <unidade/>
    <bairro>Ipioca</bairro>
    <localidade>Maceió</localidade>
    <uf>AL</uf>
    <estado>Alagoas</estado>
    <região/>
    <ibge>2704302</ibge>
    <gia/>
    <ddd>82</ddd>
    <siafi>2785</siafi>
  </cep>
  <cep>
    <cep>57039-735</cep>
    <logradouro>Avenida João Omena de Andrade</logradouro>
    <complemento/>
    <unidade/>
    <bairro>Ipioca</bairro>
    <localidade>Maceió</localidade>
    <uf>AL</uf>
    <estado>Alagoas</estado>
    <região/>
    <ibge>2704302</ibge>
    <gia/>
    <ddd>82</ddd>
    <siafi>2785</siafi>
  </cep>
  <cep>
    <cep>57039-717</cep>
    <logradouro>Ladeira João Paulo II</logradouro>
    <complemento/>
    <unidade/>
    <bairro>Ipioca</bairro>
    <localidade>Maceió</localidade>
    <uf>AL</uf>
    <estado>Alagoas</estado>
    <região/>
    <ibge>2704302</ibge>
    <gia/>
    <ddd>82</ddd>
    <siafi>2785</siafi>
  </cep>
  <cep>
    <cep>57039-732</cep>
    <logradouro>Rua em Projeto M</logradouro>
    <complemento>(Lot Angra de Ipioca)</complemento>
    <unidade/>
    <bairro>Ipioca</bairro>
    <localidade>Maceió</localidade>
    <uf>AL</uf>
    <estado>Alagoas</estado>
    <região/>
    <ibge>2704302</ibge>
    <gia/>
    <ddd>82</ddd>
    <siafi>2785</siafi>
  </cep>
  <cep>
    <cep>57039-726</cep>
    <logradouro>Travessa Rosalvo Ribeiro</logradouro>
    <complemento>(Cj Otacilio Holanda)</complemento>
    <unidade/>
    <bairro>Ipioca</bairro>
    <localidade>Maceió</localidade>
    <uf>AL</uf>
    <estado>Alagoas</estado>
    <região/>
    <ibge>2704302</ibge>
    <gia/>
    <ddd>82</ddd>
    <siafi>2785</siafi>
  </cep>
  <cep>
    <cep>57039-738</cep>
    <logradouro>Rua em Projeto D</logradouro>
    <complemento>(Lot Angra de Ipioca)</complemento>
    <unidade/>
    <bairro>Ipioca</bairro>
    <localidade>Maceió</localidade>
    <uf>AL</uf>
    <estado>Alagoas</estado>
    <região/>
    <ibge>2704302</ibge>
    <gia/>
    <ddd>82</ddd>
    <siafi>2785</siafi>
  </cep>
  <cep>
    <cep>57039-722</cep>
    <logradouro>Rua Euclides da Cunha</logradouro>
    <complemento>(Cj Otacilio Holanda)</complemento>
    <unidade/>
    <bairro>Ipioca</bairro>
    <localidade>Maceió</localidade>
    <uf>AL</uf>
    <estado>Alagoas</estado>
    <região/>
    <ibge>2704302</ibge>
    <gia/>
    <ddd>82</ddd>
    <siafi>2785</siafi>
  </cep>
  <cep>
    <cep>57039-743</cep>
    <logradouro>Loteamento Wandercok I</logradouro>
    <complemento/>
    <unidade/>
    <bairro>Ipioca</bairro>
    <localidade>Maceió</localidade>
    <uf>AL</uf>
    <estado>Alagoas</estado>
    <região/>
    <ibge>2704302</ibge>
    <gia/>
    <ddd>82</ddd>
    <siafi>2785</siafi>
  </cep>
  <cep>
    <cep>57039-740</cep>
    <logradouro>Condomínio Residencial Park Sauaçuhy</logradouro>
    <complemento/>
    <unidade/>
    <bairro>Ipioca</bairro>
    <localidade>Maceió</localidade>
    <uf>AL</uf>
    <estado>Alagoas</estado>
    <região/>
    <ibge>2704302</ibge>
    <gia/>
    <ddd>82</ddd>
    <siafi>2785</siafi>
  </cep>
  <cep>
    <cep>57039-755</cep>
    <logradouro>Rua Deputado Zé Pedro da Arável</logradouro>
    <complemento/>
    <unidade/>
    <bairro>Ipioca</bairro>
    <localidade>Maceió</localidade>
    <uf>AL</uf>
    <estado>Alagoas</estado>
    <região/>
    <ibge>2704302</ibge>
    <gia/>
    <ddd>82</ddd>
    <siafi>2785</siafi>
  </cep>
  <cep>
    <cep>57039-718</cep>
    <logradouro>Rua Cecília Meireles</logradouro>
    <complemento>(Cj Otacilio Holanda)</complemento>
    <unidade/>
    <bairro>Ipioca</bairro>
    <localidade>Maceió</localidade>
    <uf>AL</uf>
    <estado>Alagoas</estado>
    <região/>
    <ibge>2704302</ibge>
    <gia/>
    <ddd>82</ddd>
    <siafi>2785</siafi>
  </cep>
  <cep>
    <cep>57039-750</cep>
    <logradouro>Rua Floriano Peixoto</logradouro>
    <complemento/>
    <unidade/>
    <bairro>Ipioca</bairro>
    <localidade>Maceió</localidade>
    <uf>AL</uf>
    <estado>Alagoas</estado>
    <região/>
    <ibge>2704302</ibge>
    <gia/>
    <ddd>82</ddd>
    <siafi>2785</siafi>
  </cep>
  <cep>
    <cep>57039-720</cep>
    <logradouro>Rua João Paulo Pimentel dos Santos</logradouro>
    <complemento/>
    <unidade/>
    <bairro>Ipioca</bairro>
    <localidade>Maceió</localidade>
    <uf>AL</uf>
    <estado>Alagoas</estado>
    <região/>
    <ibge>2704302</ibge>
    <gia/>
    <ddd>82</ddd>
    <siafi>2785</siafi>
  </cep>
  <cep>
    <cep>57039-739</cep>
    <logradouro>Rua em Projeto C</logradouro>
    <complemento>(Lot Angra de Ipioca)</complemento>
    <unidade/>
    <bairro>Ipioca</bairro>
    <localidade>Maceió</localidade>
    <uf>AL</uf>
    <estado>Alagoas</estado>
    <região/>
    <ibge>2704302</ibge>
    <gia/>
    <ddd>82</ddd>
    <siafi>2785</siafi>
  </cep>
  <cep>
    <cep>57039-800</cep>
    <logradouro>Rua da Igreja</logradouro>
    <complemento/>
    <unidade/>
    <bairro>Ipioca</bairro>
    <localidade>Maceió</localidade>
    <uf>AL</uf>
    <estado>Alagoas</estado>
    <região/>
    <ibge>2704302</ibge>
    <gia/>
    <ddd>82</ddd>
    <siafi>2785</siafi>
  </cep>
  <cep>
    <cep>57039-763</cep>
    <logradouro>Loteamento Wandercok II</logradouro>
    <complemento/>
    <unidade/>
    <bairro>Ipioca</bairro>
    <localidade>Maceió</localidade>
    <uf>AL</uf>
    <estado>Alagoas</estado>
    <região/>
    <ibge>2704302</ibge>
    <gia/>
    <ddd>82</ddd>
    <siafi>2785</siafi>
  </cep>
  <cep>
    <cep>57039-820</cep>
    <logradouro>Rua Alto da Boa Vista</logradouro>
    <complemento/>
    <unidade/>
    <bairro>Ipioca</bairro>
    <localidade>Maceió</localidade>
    <uf>AL</uf>
    <estado>Alagoas</estado>
    <região/>
    <ibge>2704302</ibge>
    <gia/>
    <ddd>82</ddd>
    <siafi>2785</siafi>
  </cep>
  <cep>
    <cep>57039-830</cep>
    <logradouro>Avenida Doutor Cleto Marques Luz</logradouro>
    <complemento>(Cond Park Sauaçuhy)</complemento>
    <unidade/>
    <bairro>Ipioca</bairro>
    <localidade>Maceió</localidade>
    <uf>AL</uf>
    <estado>Alagoas</estado>
    <região/>
    <ibge>2704302</ibge>
    <gia/>
    <ddd>82</ddd>
    <siafi>2785</siafi>
  </cep>
  <cep>
    <cep>57039-792</cep>
    <logradouro>Avenida Juiz Carlos Gomes de Barros</logradouro>
    <complemento>(Cond Park Sauaçuhy)</complemento>
    <unidade/>
    <bairro>Ipioca</bairro>
    <localidade>Maceió</localidade>
    <uf>AL</uf>
    <estado>Alagoas</estado>
    <região/>
    <ibge>2704302</ibge>
    <gia/>
    <ddd>82</ddd>
    <siafi>2785</siafi>
  </cep>
  <cep>
    <cep>57039-730</cep>
    <logradouro>Rua Raul Angelo</logradouro>
    <complemento/>
    <unidade/>
    <bairro>Ipioca</bairro>
    <localidade>Maceió</localidade>
    <uf>AL</uf>
    <estado>Alagoas</estado>
    <região/>
    <ibge>2704302</ibge>
    <gia/>
    <ddd>82</ddd>
    <siafi>2785</siafi>
  </cep>
  <cep>
    <cep>57039-770</cep>
    <logradouro>Rua Filadélfia</logradouro>
    <complemento/>
    <unidade/>
    <bairro>Ipioca</bairro>
    <localidade>Maceió</localidade>
    <uf>AL</uf>
    <estado>Alagoas</estado>
    <região/>
    <ibge>2704302</ibge>
    <gia/>
    <ddd>82</ddd>
    <siafi>2785</siafi>
  </cep>
  <cep>
    <cep>57039-742</cep>
    <logradouro>Rua Rosa Calheiros</logradouro>
    <complemento/>
    <unidade/>
    <bairro>Ipioca</bairro>
    <localidade>Maceió</localidade>
    <uf>AL</uf>
    <estado>Alagoas</estado>
    <região/>
    <ibge>2704302</ibge>
    <gia/>
    <ddd>82</ddd>
    <siafi>2785</siafi>
  </cep>
  <cep>
    <cep>57039-832</cep>
    <logradouro>Avenida Professor Jaime de Altavilla</logradouro>
    <complemento>(Cond Park Sauaçuhy)</complemento>
    <unidade/>
    <bairro>Ipioca</bairro>
    <localidade>Maceió</localidade>
    <uf>AL</uf>
    <estado>Alagoas</estado>
    <região/>
    <ibge>2704302</ibge>
    <gia/>
    <ddd>82</ddd>
    <siafi>2785</siafi>
  </cep>
  <cep>
    <cep>57039-760</cep>
    <logradouro>Rua José de Souza Leão</logradouro>
    <complemento/>
    <unidade/>
    <bairro>Ipioca</bairro>
    <localidade>Maceió</localidade>
    <uf>AL</uf>
    <estado>Alagoas</estado>
    <região/>
    <ibge>2704302</ibge>
    <gia/>
    <ddd>82</ddd>
    <siafi>2785</siafi>
  </cep>
  <cep>
    <cep>57039-794</cep>
    <logradouro>Avenida Desembargador Zeferino Lavenere Machado</logradouro>
    <complemento>(Cond Park Sauaçuhy)</complemento>
    <unidade/>
    <bairro>Ipioca</bairro>
    <localidade>Maceió</localidade>
    <uf>AL</uf>
    <estado>Alagoas</estado>
    <região/>
    <ibge>2704302</ibge>
    <gia/>
    <ddd>82</ddd>
    <siafi>2785</siafi>
  </cep>
  <cep>
    <cep>57039-795</cep>
    <logradouro>Avenida Ministro Lindolfo Collor</logradouro>
    <complemento>(Cond Park Sauaçuhy)</complemento>
    <unidade/>
    <bairro>Ipioca</bairro>
    <localidade>Maceió</localidade>
    <uf>AL</uf>
    <estado>Alagoas</estado>
    <região/>
    <ibge>2704302</ibge>
    <gia/>
    <ddd>82</ddd>
    <siafi>2785</siafi>
  </cep>
  <cep>
    <cep>57039-772</cep>
    <logradouro>Rua Hernande Monteiro de Carvalho</logradouro>
    <complemento/>
    <unidade/>
    <bairro>Ipioca</bairro>
    <localidade>Maceió</localidade>
    <uf>AL</uf>
    <estado>Alagoas</estado>
    <região/>
    <ibge>2704302</ibge>
    <gia/>
    <ddd>82</ddd>
    <siafi>2785</siafi>
  </cep>
  <cep>
    <cep>57039-765</cep>
    <logradouro>Rua Doutor Walter de Moura Lima</logradouro>
    <complemento/>
    <unidade/>
    <bairro>Ipioca</bairro>
    <localidade>Maceió</localidade>
    <uf>AL</uf>
    <estado>Alagoas</estado>
    <região/>
    <ibge>2704302</ibge>
    <gia/>
    <ddd>82</ddd>
    <siafi>2785</siafi>
  </cep>
  <cep>
    <cep>57039-790</cep>
    <logradouro>Avenida Francisco Rizzo</logradouro>
    <complemento>(Cond Park Sauaçuhy)</complemento>
    <unidade/>
    <bairro>Ipioca</bairro>
    <localidade>Maceió</localidade>
    <uf>AL</uf>
    <estado>Alagoas</estado>
    <região/>
    <ibge>2704302</ibge>
    <gia/>
    <ddd>82</ddd>
    <siafi>2785</siafi>
  </cep>
  <cep>
    <cep>57039-785</cep>
    <logradouro>Travessa Gameleira</logradouro>
    <complemento/>
    <unidade/>
    <bairro>Ipioca</bairro>
    <localidade>Maceió</localidade>
    <uf>AL</uf>
    <estado>Alagoas</estado>
    <região/>
    <ibge>2704302</ibge>
    <gia/>
    <ddd>82</ddd>
    <siafi>2785</siafi>
  </cep>
  <cep>
    <cep>57039-767</cep>
    <logradouro>Vila São José</logradouro>
    <complemento/>
    <unidade/>
    <bairro>Ipioca</bairro>
    <localidade>Maceió</localidade>
    <uf>AL</uf>
    <estado>Alagoas</estado>
    <região/>
    <ibge>2704302</ibge>
    <gia/>
    <ddd>82</ddd>
    <siafi>2785</siafi>
  </cep>
  <cep>
    <cep>57039-768</cep>
    <logradouro>Rua Santa Terezinha</logradouro>
    <complemento/>
    <unidade/>
    <bairro>Ipioca</bairro>
    <localidade>Maceió</localidade>
    <uf>AL</uf>
    <estado>Alagoas</estado>
    <região/>
    <ibge>2704302</ibge>
    <gia/>
    <ddd>82</ddd>
    <siafi>2785</siafi>
  </cep>
  <cep>
    <cep>57039-833</cep>
    <logradouro>2ª Travessa São Miguel</logradouro>
    <complemento/>
    <unidade/>
    <bairro>Ipioca</bairro>
    <localidade>Maceió</localidade>
    <uf>AL</uf>
    <estado>Alagoas</estado>
    <região/>
    <ibge>2704302</ibge>
    <gia/>
    <ddd>82</ddd>
    <siafi>2785</siafi>
  </cep>
  <cep>
    <cep>57039-853</cep>
    <logradouro>Rua Padre Cícero</logradouro>
    <complemento/>
    <unidade/>
    <bairro>Ipioca</bairro>
    <localidade>Maceió</localidade>
    <uf>AL</uf>
    <estado>Alagoas</estado>
    <região/>
    <ibge>2704302</ibge>
    <gia/>
    <ddd>82</ddd>
    <siafi>2785</siafi>
  </cep>
  <cep>
    <cep>57039-852</cep>
    <logradouro>Rua São Jorge</logradouro>
    <complemento/>
    <unidade/>
    <bairro>Ipioca</bairro>
    <localidade>Maceió</localidade>
    <uf>AL</uf>
    <estado>Alagoas</estado>
    <região/>
    <ibge>2704302</ibge>
    <gia/>
    <ddd>82</ddd>
    <siafi>2785</siafi>
  </cep>
  <cep>
    <cep>57039-857</cep>
    <logradouro>Rua Graciliano Ramos</logradouro>
    <complemento/>
    <unidade/>
    <bairro>Ipioca</bairro>
    <localidade>Maceió</localidade>
    <uf>AL</uf>
    <estado>Alagoas</estado>
    <região/>
    <ibge>2704302</ibge>
    <gia/>
    <ddd>82</ddd>
    <siafi>2785</siafi>
  </cep>
  <cep>
    <cep>57039-841</cep>
    <logradouro>Rua Oceano Atlântico</logradouro>
    <complemento/>
    <unidade/>
    <bairro>Ipioca</bairro>
    <localidade>Maceió</localidade>
    <uf>AL</uf>
    <estado>Alagoas</estado>
    <região/>
    <ibge>2704302</ibge>
    <gia/>
    <ddd>82</ddd>
    <siafi>2785</siafi>
  </cep>
  <cep>
    <cep>57039-842</cep>
    <logradouro>Rua Oceano Pacífico</logradouro>
    <complemento/>
    <unidade/>
    <bairro>Ipioca</bairro>
    <localidade>Maceió</localidade>
    <uf>AL</uf>
    <estado>Alagoas</estado>
    <região/>
    <ibge>2704302</ibge>
    <gia/>
    <ddd>82</ddd>
    <siafi>2785</siafi>
  </cep>
  <cep>
    <cep>57039-860</cep>
    <logradouro>Rua do Poço</logradouro>
    <complemento/>
    <unidade/>
    <bairro>Ipioca</bairro>
    <localidade>Maceió</localidade>
    <uf>AL</uf>
    <estado>Alagoas</estado>
    <região/>
    <ibge>2704302</ibge>
    <gia/>
    <ddd>82</ddd>
    <siafi>2785</siafi>
  </cep>
  <cep>
    <cep>57039-858</cep>
    <logradouro>Rua Bom Jesus</logradouro>
    <complemento/>
    <unidade/>
    <bairro>Ipioca</bairro>
    <localidade>Maceió</localidade>
    <uf>AL</uf>
    <estado>Alagoas</estado>
    <região/>
    <ibge>2704302</ibge>
    <gia/>
    <ddd>82</ddd>
    <siafi>2785</siafi>
  </cep>
  <cep>
    <cep>57039-862</cep>
    <logradouro>Travessa Machado de Assis</logradouro>
    <complemento/>
    <unidade/>
    <bairro>Ipioca</bairro>
    <localidade>Maceió</localidade>
    <uf>AL</uf>
    <estado>Alagoas</estado>
    <região/>
    <ibge>2704302</ibge>
    <gia/>
    <ddd>82</ddd>
    <siafi>2785</siafi>
  </cep>
  <cep>
    <cep>57039-855</cep>
    <logradouro>Rua do Sol</logradouro>
    <complemento/>
    <unidade/>
    <bairro>Ipioca</bairro>
    <localidade>Maceió</localidade>
    <uf>AL</uf>
    <estado>Alagoas</estado>
    <região/>
    <ibge>2704302</ibge>
    <gia/>
    <ddd>82</ddd>
    <siafi>2785</siafi>
  </cep>
  <cep>
    <cep>57039-863</cep>
    <logradouro>1ª Travessa Antônio Vieira de Barros</logradouro>
    <complemento/>
    <unidade/>
    <bairro>Ipioca</bairro>
    <localidade>Maceió</localidade>
    <uf>AL</uf>
    <estado>Alagoas</estado>
    <região/>
    <ibge>2704302</ibge>
    <gia/>
    <ddd>82</ddd>
    <siafi>2785</siafi>
  </cep>
  <cep>
    <cep>57039-834</cep>
    <logradouro>Avenida Professor Mário Broad</logradouro>
    <complemento>(Cond Park Sauaçuhy)</complemento>
    <unidade/>
    <bairro>Ipioca</bairro>
    <localidade>Maceió</localidade>
    <uf>AL</uf>
    <estado>Alagoas</estado>
    <região/>
    <ibge>2704302</ibge>
    <gia/>
    <ddd>82</ddd>
    <siafi>2785</siafi>
  </cep>
  <cep>
    <cep>57039-850</cep>
    <logradouro>Rua Manoel Lopes dos Santos</logradouro>
    <complemento/>
    <unidade/>
    <bairro>Ipioca</bairro>
    <localidade>Maceió</localidade>
    <uf>AL</uf>
    <estado>Alagoas</estado>
    <região/>
    <ibge>2704302</ibge>
    <gia/>
    <ddd>82</ddd>
    <siafi>2785</siafi>
  </cep>
  <cep>
    <cep>57039-843</cep>
    <logradouro>Rua Oceano Índico</logradouro>
    <complemento/>
    <unidade/>
    <bairro>Ipioca</bairro>
    <localidade>Maceió</localidade>
    <uf>AL</uf>
    <estado>Alagoas</estado>
    <região/>
    <ibge>2704302</ibge>
    <gia/>
    <ddd>82</ddd>
    <siafi>2785</siafi>
  </cep>
  <cep>
    <cep>57039-869</cep>
    <logradouro>Rua Padre José de Anchieta</logradouro>
    <complemento/>
    <unidade/>
    <bairro>Ipioca</bairro>
    <localidade>Maceió</localidade>
    <uf>AL</uf>
    <estado>Alagoas</estado>
    <região/>
    <ibge>2704302</ibge>
    <gia/>
    <ddd>82</ddd>
    <siafi>2785</siafi>
  </cep>
  <cep>
    <cep>57039-867</cep>
    <logradouro>Rua Antônio Vieira de Barros</logradouro>
    <complemento/>
    <unidade/>
    <bairro>Ipioca</bairro>
    <localidade>Maceió</localidade>
    <uf>AL</uf>
    <estado>Alagoas</estado>
    <região/>
    <ibge>2704302</ibge>
    <gia/>
    <ddd>82</ddd>
    <siafi>2785</siafi>
  </cep>
  <cep>
    <cep>57039-864</cep>
    <logradouro>2ª Travessa Antônio Vieira de Barros</logradouro>
    <complemento/>
    <unidade/>
    <bairro>Ipioca</bairro>
    <localidade>Maceió</localidade>
    <uf>AL</uf>
    <estado>Alagoas</estado>
    <região/>
    <ibge>2704302</ibge>
    <gia/>
    <ddd>82</ddd>
    <siafi>2785</siafi>
  </cep>
  <cep>
    <cep>57039-870</cep>
    <logradouro>Rua São José</logradouro>
    <complemento/>
    <unidade/>
    <bairro>Ipioca</bairro>
    <localidade>Maceió</localidade>
    <uf>AL</uf>
    <estado>Alagoas</estado>
    <região/>
    <ibge>2704302</ibge>
    <gia/>
    <ddd>82</ddd>
    <siafi>2785</siafi>
  </cep>
  <cep>
    <cep>57039-871</cep>
    <logradouro>1ª Travessa São José</logradouro>
    <complemento/>
    <unidade/>
    <bairro>Ipioca</bairro>
    <localidade>Maceió</localidade>
    <uf>AL</uf>
    <estado>Alagoas</estado>
    <região/>
    <ibge>2704302</ibge>
    <gia/>
    <ddd>82</ddd>
    <siafi>2785</siafi>
  </cep>
  <cep>
    <cep>57039-865</cep>
    <logradouro>Rua Projetada 550</logradouro>
    <complemento>(Lot Jeuneville)</complemento>
    <unidade/>
    <bairro>Ipioca</bairro>
    <localidade>Maceió</localidade>
    <uf>AL</uf>
    <estado>Alagoas</estado>
    <região/>
    <ibge>2704302</ibge>
    <gia/>
    <ddd>82</ddd>
    <siafi>2785</siafi>
  </cep>
  <cep>
    <cep>57039-874</cep>
    <logradouro>Rua Jorge Amado</logradouro>
    <complemento/>
    <unidade/>
    <bairro>Ipioca</bairro>
    <localidade>Maceió</localidade>
    <uf>AL</uf>
    <estado>Alagoas</estado>
    <região/>
    <ibge>2704302</ibge>
    <gia/>
    <ddd>82</ddd>
    <siafi>2785</siafi>
  </cep>
  <cep>
    <cep>57039-872</cep>
    <logradouro>Rua Padre Vieira</logradouro>
    <complemento/>
    <unidade/>
    <bairro>Ipioca</bairro>
    <localidade>Maceió</localidade>
    <uf>AL</uf>
    <estado>Alagoas</estado>
    <região/>
    <ibge>2704302</ibge>
    <gia/>
    <ddd>82</ddd>
    <siafi>2785</siafi>
  </cep>
  <cep>
    <cep>57039-868</cep>
    <logradouro>Rua Olavo Bilac</logradouro>
    <complemento/>
    <unidade/>
    <bairro>Ipioca</bairro>
    <localidade>Maceió</localidade>
    <uf>AL</uf>
    <estado>Alagoas</estado>
    <região/>
    <ibge>2704302</ibge>
    <gia/>
    <ddd>82</ddd>
    <siafi>2785</siafi>
  </cep>
  <cep>
    <cep>57039-875</cep>
    <logradouro>Beco São José</logradouro>
    <complemento/>
    <unidade/>
    <bairro>Ipioca</bairro>
    <localidade>Maceió</localidade>
    <uf>AL</uf>
    <estado>Alagoas</estado>
    <região/>
    <ibge>2704302</ibge>
    <gia/>
    <ddd>82</ddd>
    <siafi>2785</siafi>
  </cep>
  <cep>
    <cep>57039-876</cep>
    <logradouro>Rua São Lucas</logradouro>
    <complemento/>
    <unidade/>
    <bairro>Ipioca</bairro>
    <localidade>Maceió</localidade>
    <uf>AL</uf>
    <estado>Alagoas</estado>
    <região/>
    <ibge>2704302</ibge>
    <gia/>
    <ddd>82</ddd>
    <siafi>2785</siafi>
  </cep>
  <cep>
    <cep>57039-877</cep>
    <logradouro>Rua Antônio Sabino de Sá</logradouro>
    <complemento/>
    <unidade/>
    <bairro>Ipioca</bairro>
    <localidade>Maceió</localidade>
    <uf>AL</uf>
    <estado>Alagoas</estado>
    <região/>
    <ibge>2704302</ibge>
    <gia/>
    <ddd>82</ddd>
    <siafi>2785</siafi>
  </cep>
  <cep>
    <cep>57039-878</cep>
    <logradouro>Rua Machado de Assis</logradouro>
    <complemento/>
    <unidade/>
    <bairro>Ipioca</bairro>
    <localidade>Maceió</localidade>
    <uf>AL</uf>
    <estado>Alagoas</estado>
    <região/>
    <ibge>2704302</ibge>
    <gia/>
    <ddd>82</ddd>
    <siafi>2785</siafi>
  </cep>
  <cep>
    <cep/>
    <logradouro/>
    <complemento/>
    <unidade/>
    <bairro/>
    <localidade/>
    <uf/>
    <estado/>
    <região/>
    <ibge/>
    <gia/>
    <ddd/>
    <siafi/>
  </cep>
  <cep>
    <cep>57039-880</cep>
    <logradouro>Rua São Miguel</logradouro>
    <complemento/>
    <unidade/>
    <bairro>Ipioca</bairro>
    <localidade>Maceió</localidade>
    <uf>AL</uf>
    <estado>Alagoas</estado>
    <região/>
    <ibge>2704302</ibge>
    <gia/>
    <ddd>82</ddd>
    <siafi>2785</siafi>
  </cep>
  <cep>
    <cep>57039-879</cep>
    <logradouro>Rua Eça de Queiroz</logradouro>
    <complemento/>
    <unidade/>
    <bairro>Ipioca</bairro>
    <localidade>Maceió</localidade>
    <uf>AL</uf>
    <estado>Alagoas</estado>
    <região/>
    <ibge>2704302</ibge>
    <gia/>
    <ddd>82</ddd>
    <siafi>2785</siafi>
  </cep>
  <cep>
    <cep>57039-881</cep>
    <logradouro>Rua Amaro Monteiro de Carvalho</logradouro>
    <complemento/>
    <unidade/>
    <bairro>Ipioca</bairro>
    <localidade>Maceió</localidade>
    <uf>AL</uf>
    <estado>Alagoas</estado>
    <região/>
    <ibge>2704302</ibge>
    <gia/>
    <ddd>82</ddd>
    <siafi>2785</siafi>
  </cep>
  <cep>
    <cep>57039-882</cep>
    <logradouro>Rua do Meio</logradouro>
    <complemento/>
    <unidade/>
    <bairro>Ipioca</bairro>
    <localidade>Maceió</localidade>
    <uf>AL</uf>
    <estado>Alagoas</estado>
    <região/>
    <ibge>2704302</ibge>
    <gia/>
    <ddd>82</ddd>
    <siafi>2785</siafi>
  </cep>
  <cep>
    <cep>57039-883</cep>
    <logradouro>Rua Maria de Barros Carvalho</logradouro>
    <complemento/>
    <unidade/>
    <bairro>Ipioca</bairro>
    <localidade>Maceió</localidade>
    <uf>AL</uf>
    <estado>Alagoas</estado>
    <região/>
    <ibge>2704302</ibge>
    <gia/>
    <ddd>82</ddd>
    <siafi>2785</siafi>
  </cep>
  <cep>
    <cep>57039-885</cep>
    <logradouro>1ª Travessa Antônio Sabino de Sá</logradouro>
    <complemento/>
    <unidade/>
    <bairro>Ipioca</bairro>
    <localidade>Maceió</localidade>
    <uf>AL</uf>
    <estado>Alagoas</estado>
    <região/>
    <ibge>2704302</ibge>
    <gia/>
    <ddd>82</ddd>
    <siafi>2785</siafi>
  </cep>
  <cep>
    <cep>57039-886</cep>
    <logradouro>2ª Travessa Antônio Sabino de Sá</logradouro>
    <complemento/>
    <unidade/>
    <bairro>Ipioca</bairro>
    <localidade>Maceió</localidade>
    <uf>AL</uf>
    <estado>Alagoas</estado>
    <região/>
    <ibge>2704302</ibge>
    <gia/>
    <ddd>82</ddd>
    <siafi>2785</siafi>
  </cep>
  <cep>
    <cep>57039-884</cep>
    <logradouro>Travessa São Miguel</logradouro>
    <complemento/>
    <unidade/>
    <bairro>Ipioca</bairro>
    <localidade>Maceió</localidade>
    <uf>AL</uf>
    <estado>Alagoas</estado>
    <região/>
    <ibge>2704302</ibge>
    <gia/>
    <ddd>82</ddd>
    <siafi>2785</siafi>
  </cep>
  <cep>
    <cep>57039-887</cep>
    <logradouro>3ª Travessa Antônio Sabino de Sá</logradouro>
    <complemento/>
    <unidade/>
    <bairro>Ipioca</bairro>
    <localidade>Maceió</localidade>
    <uf>AL</uf>
    <estado>Alagoas</estado>
    <região/>
    <ibge>2704302</ibge>
    <gia/>
    <ddd>82</ddd>
    <siafi>2785</siafi>
  </cep>
  <cep>
    <cep>57039-890</cep>
    <logradouro>Rua Gerusa Rodrigues Bastos</logradouro>
    <complemento/>
    <unidade/>
    <bairro>Ipioca</bairro>
    <localidade>Maceió</localidade>
    <uf>AL</uf>
    <estado>Alagoas</estado>
    <região/>
    <ibge>2704302</ibge>
    <gia/>
    <ddd>82</ddd>
    <siafi>2785</siafi>
  </cep>
  <cep>
    <cep>57039-891</cep>
    <logradouro>Rua Monteiro Lobato</logradouro>
    <complemento/>
    <unidade/>
    <bairro>Ipioca</bairro>
    <localidade>Maceió</localidade>
    <uf>AL</uf>
    <estado>Alagoas</estado>
    <região/>
    <ibge>2704302</ibge>
    <gia/>
    <ddd>82</ddd>
    <siafi>2785</siafi>
  </cep>
  <cep>
    <cep>57040-000</cep>
    <logradouro>Rua Coronel Paranhos</logradouro>
    <complemento/>
    <unidade/>
    <bairro>Jacintinho</bairro>
    <localidade>Maceió</localidade>
    <uf>AL</uf>
    <estado>Alagoas</estado>
    <região/>
    <ibge>2704302</ibge>
    <gia/>
    <ddd>82</ddd>
    <siafi>2785</siafi>
  </cep>
  <cep>
    <cep>57040-005</cep>
    <logradouro>1ª Travessa Coronel Paranhos</logradouro>
    <complemento/>
    <unidade/>
    <bairro>Jacintinho</bairro>
    <localidade>Maceió</localidade>
    <uf>AL</uf>
    <estado>Alagoas</estado>
    <região/>
    <ibge>2704302</ibge>
    <gia/>
    <ddd>82</ddd>
    <siafi>2785</siafi>
  </cep>
  <cep>
    <cep>57040-010</cep>
    <logradouro>Rua Armando Wucherer</logradouro>
    <complemento/>
    <unidade/>
    <bairro>Jacintinho</bairro>
    <localidade>Maceió</localidade>
    <uf>AL</uf>
    <estado>Alagoas</estado>
    <região/>
    <ibge>2704302</ibge>
    <gia/>
    <ddd>82</ddd>
    <siafi>2785</siafi>
  </cep>
  <cep>
    <cep>57040-020</cep>
    <logradouro>Rua Belém</logradouro>
    <complemento/>
    <unidade/>
    <bairro>Jacintinho</bairro>
    <localidade>Maceió</localidade>
    <uf>AL</uf>
    <estado>Alagoas</estado>
    <região/>
    <ibge>2704302</ibge>
    <gia/>
    <ddd>82</ddd>
    <siafi>2785</siafi>
  </cep>
  <cep>
    <cep>57040-022</cep>
    <logradouro>Travessa São Pedro</logradouro>
    <complemento/>
    <unidade/>
    <bairro>Jacintinho</bairro>
    <localidade>Maceió</localidade>
    <uf>AL</uf>
    <estado>Alagoas</estado>
    <região/>
    <ibge>2704302</ibge>
    <gia/>
    <ddd>82</ddd>
    <siafi>2785</siafi>
  </cep>
  <cep>
    <cep>57040-027</cep>
    <logradouro>2ª Travessa Belém</logradouro>
    <complemento/>
    <unidade/>
    <bairro>Jacintinho</bairro>
    <localidade>Maceió</localidade>
    <uf>AL</uf>
    <estado>Alagoas</estado>
    <região/>
    <ibge>2704302</ibge>
    <gia/>
    <ddd>82</ddd>
    <siafi>2785</siafi>
  </cep>
  <cep>
    <cep>57040-042</cep>
    <logradouro>2ª Travessa Boa Vista</logradouro>
    <complemento/>
    <unidade/>
    <bairro>Jacintinho</bairro>
    <localidade>Maceió</localidade>
    <uf>AL</uf>
    <estado>Alagoas</estado>
    <região/>
    <ibge>2704302</ibge>
    <gia/>
    <ddd>82</ddd>
    <siafi>2785</siafi>
  </cep>
  <cep>
    <cep>57040-030</cep>
    <logradouro>Rua Doutor Diógenes Jucá Bernardes</logradouro>
    <complemento/>
    <unidade/>
    <bairro>Jacintinho</bairro>
    <localidade>Maceió</localidade>
    <uf>AL</uf>
    <estado>Alagoas</estado>
    <região/>
    <ibge>2704302</ibge>
    <gia/>
    <ddd>82</ddd>
    <siafi>2785</siafi>
  </cep>
  <cep>
    <cep>57040-036</cep>
    <logradouro>Ladeira Onze do Barroso</logradouro>
    <complemento/>
    <unidade/>
    <bairro>Jacintinho</bairro>
    <localidade>Maceió</localidade>
    <uf>AL</uf>
    <estado>Alagoas</estado>
    <região/>
    <ibge>2704302</ibge>
    <gia/>
    <ddd>82</ddd>
    <siafi>2785</siafi>
  </cep>
  <cep>
    <cep>57040-040</cep>
    <logradouro>Rua Boa Vista</logradouro>
    <complemento>(Por trás TV Alagoas)</complemento>
    <unidade/>
    <bairro>Jacintinho</bairro>
    <localidade>Maceió</localidade>
    <uf>AL</uf>
    <estado>Alagoas</estado>
    <região/>
    <ibge>2704302</ibge>
    <gia/>
    <ddd>82</ddd>
    <siafi>2785</siafi>
  </cep>
  <cep>
    <cep>57040-025</cep>
    <logradouro>1ª Travessa Belém</logradouro>
    <complemento/>
    <unidade/>
    <bairro>Jacintinho</bairro>
    <localidade>Maceió</localidade>
    <uf>AL</uf>
    <estado>Alagoas</estado>
    <região/>
    <ibge>2704302</ibge>
    <gia/>
    <ddd>82</ddd>
    <siafi>2785</siafi>
  </cep>
  <cep>
    <cep>57040-038</cep>
    <logradouro>Rua Manoel Afonso de Melo</logradouro>
    <complemento/>
    <unidade/>
    <bairro>Jacintinho</bairro>
    <localidade>Maceió</localidade>
    <uf>AL</uf>
    <estado>Alagoas</estado>
    <região/>
    <ibge>2704302</ibge>
    <gia/>
    <ddd>82</ddd>
    <siafi>2785</siafi>
  </cep>
  <cep>
    <cep>57040-045</cep>
    <logradouro>1ª Travessa Boa Vista</logradouro>
    <complemento/>
    <unidade/>
    <bairro>Jacintinho</bairro>
    <localidade>Maceió</localidade>
    <uf>AL</uf>
    <estado>Alagoas</estado>
    <região/>
    <ibge>2704302</ibge>
    <gia/>
    <ddd>82</ddd>
    <siafi>2785</siafi>
  </cep>
  <cep>
    <cep>57040-070</cep>
    <logradouro>Rua Campo Verde</logradouro>
    <complemento/>
    <unidade/>
    <bairro>Jacintinho</bairro>
    <localidade>Maceió</localidade>
    <uf>AL</uf>
    <estado>Alagoas</estado>
    <região/>
    <ibge>2704302</ibge>
    <gia/>
    <ddd>82</ddd>
    <siafi>2785</siafi>
  </cep>
  <cep>
    <cep>57040-110</cep>
    <logradouro>Travessa Higino Vital da Silva</logradouro>
    <complemento/>
    <unidade/>
    <bairro>Jacintinho</bairro>
    <localidade>Maceió</localidade>
    <uf>AL</uf>
    <estado>Alagoas</estado>
    <região/>
    <ibge>2704302</ibge>
    <gia/>
    <ddd>82</ddd>
    <siafi>2785</siafi>
  </cep>
  <cep>
    <cep>57040-086</cep>
    <logradouro>2ª Travessa Campo Verde</logradouro>
    <complemento/>
    <unidade/>
    <bairro>Jacintinho</bairro>
    <localidade>Maceió</localidade>
    <uf>AL</uf>
    <estado>Alagoas</estado>
    <região/>
    <ibge>2704302</ibge>
    <gia/>
    <ddd>82</ddd>
    <siafi>2785</siafi>
  </cep>
  <cep>
    <cep>57040-050</cep>
    <logradouro>Rua Alto da Boa Vista</logradouro>
    <complemento/>
    <unidade/>
    <bairro>Jacintinho</bairro>
    <localidade>Maceió</localidade>
    <uf>AL</uf>
    <estado>Alagoas</estado>
    <região/>
    <ibge>2704302</ibge>
    <gia/>
    <ddd>82</ddd>
    <siafi>2785</siafi>
  </cep>
  <cep>
    <cep>57040-060</cep>
    <logradouro>Rua Antônio Santos</logradouro>
    <complemento/>
    <unidade/>
    <bairro>Jacintinho</bairro>
    <localidade>Maceió</localidade>
    <uf>AL</uf>
    <estado>Alagoas</estado>
    <região/>
    <ibge>2704302</ibge>
    <gia/>
    <ddd>82</ddd>
    <siafi>2785</siafi>
  </cep>
  <cep>
    <cep>57040-084</cep>
    <logradouro>1ª Travessa Campo Verde</logradouro>
    <complemento/>
    <unidade/>
    <bairro>Jacintinho</bairro>
    <localidade>Maceió</localidade>
    <uf>AL</uf>
    <estado>Alagoas</estado>
    <região/>
    <ibge>2704302</ibge>
    <gia/>
    <ddd>82</ddd>
    <siafi>2785</siafi>
  </cep>
  <cep>
    <cep>57040-100</cep>
    <logradouro>Rua Manoel Porciúncula</logradouro>
    <complemento/>
    <unidade/>
    <bairro>Jacintinho</bairro>
    <localidade>Maceió</localidade>
    <uf>AL</uf>
    <estado>Alagoas</estado>
    <região/>
    <ibge>2704302</ibge>
    <gia/>
    <ddd>82</ddd>
    <siafi>2785</siafi>
  </cep>
  <cep>
    <cep>57040-047</cep>
    <logradouro>3ª Travessa Boa Vista</logradouro>
    <complemento/>
    <unidade/>
    <bairro>Jacintinho</bairro>
    <localidade>Maceió</localidade>
    <uf>AL</uf>
    <estado>Alagoas</estado>
    <região/>
    <ibge>2704302</ibge>
    <gia/>
    <ddd>82</ddd>
    <siafi>2785</siafi>
  </cep>
  <cep>
    <cep>57040-095</cep>
    <logradouro>Travessa Doutor José Joaquim de Araújo</logradouro>
    <complemento/>
    <unidade/>
    <bairro>Jacintinho</bairro>
    <localidade>Maceió</localidade>
    <uf>AL</uf>
    <estado>Alagoas</estado>
    <região/>
    <ibge>2704302</ibge>
    <gia/>
    <ddd>82</ddd>
    <siafi>2785</siafi>
  </cep>
  <cep>
    <cep>57040-090</cep>
    <logradouro>Rua Doutor José Joaquim de Araújo</logradouro>
    <complemento/>
    <unidade/>
    <bairro>Jacintinho</bairro>
    <localidade>Maceió</localidade>
    <uf>AL</uf>
    <estado>Alagoas</estado>
    <região/>
    <ibge>2704302</ibge>
    <gia/>
    <ddd>82</ddd>
    <siafi>2785</siafi>
  </cep>
  <cep>
    <cep>57040-120</cep>
    <logradouro>Rua Jardineira</logradouro>
    <complemento/>
    <unidade/>
    <bairro>Jacintinho</bairro>
    <localidade>Maceió</localidade>
    <uf>AL</uf>
    <estado>Alagoas</estado>
    <região/>
    <ibge>2704302</ibge>
    <gia/>
    <ddd>82</ddd>
    <siafi>2785</siafi>
  </cep>
  <cep>
    <cep>57040-080</cep>
    <logradouro>Rua Coaracy Fonseca</logradouro>
    <complemento/>
    <unidade/>
    <bairro>Jacintinho</bairro>
    <localidade>Maceió</localidade>
    <uf>AL</uf>
    <estado>Alagoas</estado>
    <região/>
    <ibge>2704302</ibge>
    <gia/>
    <ddd>82</ddd>
    <siafi>2785</siafi>
  </cep>
  <cep>
    <cep>57040-150</cep>
    <logradouro>Rua São Bento</logradouro>
    <complemento/>
    <unidade/>
    <bairro>Jacintinho</bairro>
    <localidade>Maceió</localidade>
    <uf>AL</uf>
    <estado>Alagoas</estado>
    <região/>
    <ibge>2704302</ibge>
    <gia/>
    <ddd>82</ddd>
    <siafi>2785</siafi>
  </cep>
  <cep>
    <cep>57040-140</cep>
    <logradouro>Rua Odilon Protásio</logradouro>
    <complemento/>
    <unidade/>
    <bairro>Jacintinho</bairro>
    <localidade>Maceió</localidade>
    <uf>AL</uf>
    <estado>Alagoas</estado>
    <região/>
    <ibge>2704302</ibge>
    <gia/>
    <ddd>82</ddd>
    <siafi>2785</siafi>
  </cep>
  <cep>
    <cep>57040-125</cep>
    <logradouro>Travessa Armando Wucherer</logradouro>
    <complemento/>
    <unidade/>
    <bairro>Jacintinho</bairro>
    <localidade>Maceió</localidade>
    <uf>AL</uf>
    <estado>Alagoas</estado>
    <região/>
    <ibge>2704302</ibge>
    <gia/>
    <ddd>82</ddd>
    <siafi>2785</siafi>
  </cep>
  <cep>
    <cep>57040-152</cep>
    <logradouro>Conjunto Padre Cícero</logradouro>
    <complemento/>
    <unidade/>
    <bairro>Jacintinho</bairro>
    <localidade>Maceió</localidade>
    <uf>AL</uf>
    <estado>Alagoas</estado>
    <região/>
    <ibge>2704302</ibge>
    <gia/>
    <ddd>82</ddd>
    <siafi>2785</siafi>
  </cep>
  <cep>
    <cep>57040-160</cep>
    <logradouro>Rua São João</logradouro>
    <complemento>(TV Alagoas)</complemento>
    <unidade/>
    <bairro>Jacintinho</bairro>
    <localidade>Maceió</localidade>
    <uf>AL</uf>
    <estado>Alagoas</estado>
    <região/>
    <ibge>2704302</ibge>
    <gia/>
    <ddd>82</ddd>
    <siafi>2785</siafi>
  </cep>
  <cep>
    <cep>57040-130</cep>
    <logradouro>Rua Joana Rodrigues da Silva</logradouro>
    <complemento/>
    <unidade/>
    <bairro>Jacintinho</bairro>
    <localidade>Maceió</localidade>
    <uf>AL</uf>
    <estado>Alagoas</estado>
    <região/>
    <ibge>2704302</ibge>
    <gia/>
    <ddd>82</ddd>
    <siafi>2785</siafi>
  </cep>
  <cep>
    <cep>57040-180</cep>
    <logradouro>Rua do Triunfo</logradouro>
    <complemento/>
    <unidade/>
    <bairro>Jacintinho</bairro>
    <localidade>Maceió</localidade>
    <uf>AL</uf>
    <estado>Alagoas</estado>
    <região/>
    <ibge>2704302</ibge>
    <gia/>
    <ddd>82</ddd>
    <siafi>2785</siafi>
  </cep>
  <cep>
    <cep>57040-187</cep>
    <logradouro>Travessa Nogueira</logradouro>
    <complemento/>
    <unidade/>
    <bairro>Jacintinho</bairro>
    <localidade>Maceió</localidade>
    <uf>AL</uf>
    <estado>Alagoas</estado>
    <região/>
    <ibge>2704302</ibge>
    <gia/>
    <ddd>82</ddd>
    <siafi>2785</siafi>
  </cep>
  <cep>
    <cep>57040-170</cep>
    <logradouro>Rua São Pedro</logradouro>
    <complemento/>
    <unidade/>
    <bairro>Jacintinho</bairro>
    <localidade>Maceió</localidade>
    <uf>AL</uf>
    <estado>Alagoas</estado>
    <região/>
    <ibge>2704302</ibge>
    <gia/>
    <ddd>82</ddd>
    <siafi>2785</siafi>
  </cep>
  <cep>
    <cep>57040-185</cep>
    <logradouro>Travessa do Triunfo</logradouro>
    <complemento/>
    <unidade/>
    <bairro>Jacintinho</bairro>
    <localidade>Maceió</localidade>
    <uf>AL</uf>
    <estado>Alagoas</estado>
    <região/>
    <ibge>2704302</ibge>
    <gia/>
    <ddd>82</ddd>
    <siafi>2785</siafi>
  </cep>
  <cep>
    <cep>57040-190</cep>
    <logradouro>Rua Antônio Correia</logradouro>
    <complemento/>
    <unidade/>
    <bairro>Jacintinho</bairro>
    <localidade>Maceió</localidade>
    <uf>AL</uf>
    <estado>Alagoas</estado>
    <região/>
    <ibge>2704302</ibge>
    <gia/>
    <ddd>82</ddd>
    <siafi>2785</siafi>
  </cep>
  <cep>
    <cep>57040-205</cep>
    <logradouro>Travessa Augusta</logradouro>
    <complemento/>
    <unidade/>
    <bairro>Jacintinho</bairro>
    <localidade>Maceió</localidade>
    <uf>AL</uf>
    <estado>Alagoas</estado>
    <região/>
    <ibge>2704302</ibge>
    <gia/>
    <ddd>82</ddd>
    <siafi>2785</siafi>
  </cep>
  <cep>
    <cep>57040-200</cep>
    <logradouro>Rua Augusta</logradouro>
    <complemento/>
    <unidade/>
    <bairro>Jacintinho</bairro>
    <localidade>Maceió</localidade>
    <uf>AL</uf>
    <estado>Alagoas</estado>
    <região/>
    <ibge>2704302</ibge>
    <gia/>
    <ddd>82</ddd>
    <siafi>2785</siafi>
  </cep>
  <cep>
    <cep>57040-215</cep>
    <logradouro>Travessa Aurora</logradouro>
    <complemento/>
    <unidade/>
    <bairro>Jacintinho</bairro>
    <localidade>Maceió</localidade>
    <uf>AL</uf>
    <estado>Alagoas</estado>
    <região/>
    <ibge>2704302</ibge>
    <gia/>
    <ddd>82</ddd>
    <siafi>2785</siafi>
  </cep>
  <cep>
    <cep>57040-220</cep>
    <logradouro>Rua Comendador José Geraldo da Silva</logradouro>
    <complemento/>
    <unidade/>
    <bairro>Jacintinho</bairro>
    <localidade>Maceió</localidade>
    <uf>AL</uf>
    <estado>Alagoas</estado>
    <região/>
    <ibge>2704302</ibge>
    <gia/>
    <ddd>82</ddd>
    <siafi>2785</siafi>
  </cep>
  <cep>
    <cep>57040-210</cep>
    <logradouro>Rua Aurora</logradouro>
    <complemento/>
    <unidade/>
    <bairro>Jacintinho</bairro>
    <localidade>Maceió</localidade>
    <uf>AL</uf>
    <estado>Alagoas</estado>
    <região/>
    <ibge>2704302</ibge>
    <gia/>
    <ddd>82</ddd>
    <siafi>2785</siafi>
  </cep>
  <cep>
    <cep>57040-230</cep>
    <logradouro>Rua Coronel Kleberon Melo Costa</logradouro>
    <complemento/>
    <unidade/>
    <bairro>Jacintinho</bairro>
    <localidade>Maceió</localidade>
    <uf>AL</uf>
    <estado>Alagoas</estado>
    <região/>
    <ibge>2704302</ibge>
    <gia/>
    <ddd>82</ddd>
    <siafi>2785</siafi>
  </cep>
  <cep>
    <cep>57040-225</cep>
    <logradouro>Travessa Bonfim</logradouro>
    <complemento/>
    <unidade/>
    <bairro>Jacintinho</bairro>
    <localidade>Maceió</localidade>
    <uf>AL</uf>
    <estado>Alagoas</estado>
    <região/>
    <ibge>2704302</ibge>
    <gia/>
    <ddd>82</ddd>
    <siafi>2785</siafi>
  </cep>
  <cep>
    <cep>57040-232</cep>
    <logradouro>2ª Travessa do Arame</logradouro>
    <complemento/>
    <unidade/>
    <bairro>Jacintinho</bairro>
    <localidade>Maceió</localidade>
    <uf>AL</uf>
    <estado>Alagoas</estado>
    <região/>
    <ibge>2704302</ibge>
    <gia/>
    <ddd>82</ddd>
    <siafi>2785</siafi>
  </cep>
  <cep>
    <cep>57040-280</cep>
    <logradouro>Rua Santa Ana</logradouro>
    <complemento/>
    <unidade/>
    <bairro>Jacintinho</bairro>
    <localidade>Maceió</localidade>
    <uf>AL</uf>
    <estado>Alagoas</estado>
    <região/>
    <ibge>2704302</ibge>
    <gia/>
    <ddd>82</ddd>
    <siafi>2785</siafi>
  </cep>
  <cep>
    <cep>57040-310</cep>
    <logradouro>Condomínio Bella Vista</logradouro>
    <complemento/>
    <unidade/>
    <bairro>Jacintinho</bairro>
    <localidade>Maceió</localidade>
    <uf>AL</uf>
    <estado>Alagoas</estado>
    <região/>
    <ibge>2704302</ibge>
    <gia/>
    <ddd>82</ddd>
    <siafi>2785</siafi>
  </cep>
  <cep>
    <cep>57040-300</cep>
    <logradouro>Rua da Feição</logradouro>
    <complemento/>
    <unidade/>
    <bairro>Jacintinho</bairro>
    <localidade>Maceió</localidade>
    <uf>AL</uf>
    <estado>Alagoas</estado>
    <região/>
    <ibge>2704302</ibge>
    <gia/>
    <ddd>82</ddd>
    <siafi>2785</siafi>
  </cep>
  <cep>
    <cep>57040-320</cep>
    <logradouro>Rua Celestino Agripino da Hora</logradouro>
    <complemento/>
    <unidade/>
    <bairro>Jacintinho</bairro>
    <localidade>Maceió</localidade>
    <uf>AL</uf>
    <estado>Alagoas</estado>
    <região/>
    <ibge>2704302</ibge>
    <gia/>
    <ddd>82</ddd>
    <siafi>2785</siafi>
  </cep>
  <cep>
    <cep>57040-315</cep>
    <logradouro>Travessa Formosa</logradouro>
    <complemento/>
    <unidade/>
    <bairro>Jacintinho</bairro>
    <localidade>Maceió</localidade>
    <uf>AL</uf>
    <estado>Alagoas</estado>
    <região/>
    <ibge>2704302</ibge>
    <gia/>
    <ddd>82</ddd>
    <siafi>2785</siafi>
  </cep>
  <cep>
    <cep>57040-250</cep>
    <logradouro>Rua Cândido Monteiro Leite</logradouro>
    <complemento/>
    <unidade/>
    <bairro>Jacintinho</bairro>
    <localidade>Maceió</localidade>
    <uf>AL</uf>
    <estado>Alagoas</estado>
    <região/>
    <ibge>2704302</ibge>
    <gia/>
    <ddd>82</ddd>
    <siafi>2785</siafi>
  </cep>
  <cep>
    <cep>57040-240</cep>
    <logradouro>Avenida Canadá</logradouro>
    <complemento/>
    <unidade/>
    <bairro>Jacintinho</bairro>
    <localidade>Maceió</localidade>
    <uf>AL</uf>
    <estado>Alagoas</estado>
    <região/>
    <ibge>2704302</ibge>
    <gia/>
    <ddd>82</ddd>
    <siafi>2785</siafi>
  </cep>
  <cep>
    <cep>57040-322</cep>
    <logradouro>Rua Raul Dias</logradouro>
    <complemento>(Lot Planalto das Mangabeiras)</complemento>
    <unidade/>
    <bairro>Jacintinho</bairro>
    <localidade>Maceió</localidade>
    <uf>AL</uf>
    <estado>Alagoas</estado>
    <região/>
    <ibge>2704302</ibge>
    <gia/>
    <ddd>82</ddd>
    <siafi>2785</siafi>
  </cep>
  <cep>
    <cep>57040-324</cep>
    <logradouro>Rua B</logradouro>
    <complemento>(Lot Planalto das Mangabeiras)</complemento>
    <unidade/>
    <bairro>Jacintinho</bairro>
    <localidade>Maceió</localidade>
    <uf>AL</uf>
    <estado>Alagoas</estado>
    <região/>
    <ibge>2704302</ibge>
    <gia/>
    <ddd>82</ddd>
    <siafi>2785</siafi>
  </cep>
  <cep>
    <cep>57040-260</cep>
    <logradouro>Rua Cláudia</logradouro>
    <complemento/>
    <unidade/>
    <bairro>Jacintinho</bairro>
    <localidade>Maceió</localidade>
    <uf>AL</uf>
    <estado>Alagoas</estado>
    <região/>
    <ibge>2704302</ibge>
    <gia/>
    <ddd>82</ddd>
    <siafi>2785</siafi>
  </cep>
  <cep>
    <cep>57040-255</cep>
    <logradouro>Rua Formosa</logradouro>
    <complemento/>
    <unidade/>
    <bairro>Jacintinho</bairro>
    <localidade>Maceió</localidade>
    <uf>AL</uf>
    <estado>Alagoas</estado>
    <região/>
    <ibge>2704302</ibge>
    <gia/>
    <ddd>82</ddd>
    <siafi>2785</siafi>
  </cep>
  <cep>
    <cep>57040-270</cep>
    <logradouro>Rua Diana</logradouro>
    <complemento/>
    <unidade/>
    <bairro>Jacintinho</bairro>
    <localidade>Maceió</localidade>
    <uf>AL</uf>
    <estado>Alagoas</estado>
    <região/>
    <ibge>2704302</ibge>
    <gia/>
    <ddd>82</ddd>
    <siafi>2785</siafi>
  </cep>
  <cep>
    <cep>57040-290</cep>
    <logradouro>Rua Doutor José Fontes Lima</logradouro>
    <complemento/>
    <unidade/>
    <bairro>Jacintinho</bairro>
    <localidade>Maceió</localidade>
    <uf>AL</uf>
    <estado>Alagoas</estado>
    <região/>
    <ibge>2704302</ibge>
    <gia/>
    <ddd>82</ddd>
    <siafi>2785</siafi>
  </cep>
  <cep>
    <cep>57040-285</cep>
    <logradouro>Travessa Santa Ana</logradouro>
    <complemento/>
    <unidade/>
    <bairro>Jacintinho</bairro>
    <localidade>Maceió</localidade>
    <uf>AL</uf>
    <estado>Alagoas</estado>
    <região/>
    <ibge>2704302</ibge>
    <gia/>
    <ddd>82</ddd>
    <siafi>2785</siafi>
  </cep>
  <cep>
    <cep>57040-292</cep>
    <logradouro>Travessa José Fontes Lima</logradouro>
    <complemento/>
    <unidade/>
    <bairro>Jacintinho</bairro>
    <localidade>Maceió</localidade>
    <uf>AL</uf>
    <estado>Alagoas</estado>
    <região/>
    <ibge>2704302</ibge>
    <gia/>
    <ddd>82</ddd>
    <siafi>2785</siafi>
  </cep>
  <cep>
    <cep>57040-275</cep>
    <logradouro>Travessa Diana</logradouro>
    <complemento/>
    <unidade/>
    <bairro>Jacintinho</bairro>
    <localidade>Maceió</localidade>
    <uf>AL</uf>
    <estado>Alagoas</estado>
    <região/>
    <ibge>2704302</ibge>
    <gia/>
    <ddd>82</ddd>
    <siafi>2785</siafi>
  </cep>
  <cep>
    <cep>57040-326</cep>
    <logradouro>Rua C</logradouro>
    <complemento>(Lot Planalto das Mangabeiras)</complemento>
    <unidade/>
    <bairro>Jacintinho</bairro>
    <localidade>Maceió</localidade>
    <uf>AL</uf>
    <estado>Alagoas</estado>
    <região/>
    <ibge>2704302</ibge>
    <gia/>
    <ddd>82</ddd>
    <siafi>2785</siafi>
  </cep>
  <cep>
    <cep>57040-327</cep>
    <logradouro>Rua D</logradouro>
    <complemento>(Lot Planalto das Mangabeiras)</complemento>
    <unidade/>
    <bairro>Jacintinho</bairro>
    <localidade>Maceió</localidade>
    <uf>AL</uf>
    <estado>Alagoas</estado>
    <região/>
    <ibge>2704302</ibge>
    <gia/>
    <ddd>82</ddd>
    <siafi>2785</siafi>
  </cep>
  <cep>
    <cep>57040-328</cep>
    <logradouro>Rua em Projeto C</logradouro>
    <complemento>(Lot Pl das Mangabeiras)</complemento>
    <unidade/>
    <bairro>Jacintinho</bairro>
    <localidade>Maceió</localidade>
    <uf>AL</uf>
    <estado>Alagoas</estado>
    <região/>
    <ibge>2704302</ibge>
    <gia/>
    <ddd>82</ddd>
    <siafi>2785</siafi>
  </cep>
  <cep>
    <cep>57040-330</cep>
    <logradouro>Rua Jaime Fragoso</logradouro>
    <complemento/>
    <unidade/>
    <bairro>Jacintinho</bairro>
    <localidade>Maceió</localidade>
    <uf>AL</uf>
    <estado>Alagoas</estado>
    <região/>
    <ibge>2704302</ibge>
    <gia/>
    <ddd>82</ddd>
    <siafi>2785</siafi>
  </cep>
  <cep>
    <cep>57040-360</cep>
    <logradouro>Rua Pau D'Arco</logradouro>
    <complemento/>
    <unidade/>
    <bairro>Jacintinho</bairro>
    <localidade>Maceió</localidade>
    <uf>AL</uf>
    <estado>Alagoas</estado>
    <região/>
    <ibge>2704302</ibge>
    <gia/>
    <ddd>82</ddd>
    <siafi>2785</siafi>
  </cep>
  <cep>
    <cep>57040-335</cep>
    <logradouro>Travessa Santo Antônio</logradouro>
    <complemento>(Prolongamento da Rua Coronel Paranh</complemento>
    <unidade/>
    <bairro>Jacintinho</bairro>
    <localidade>Maceió</localidade>
    <uf>AL</uf>
    <estado>Alagoas</estado>
    <região/>
    <ibge>2704302</ibge>
    <gia/>
    <ddd>82</ddd>
    <siafi>2785</siafi>
  </cep>
  <cep>
    <cep>57040-350</cep>
    <logradouro>Rua Padre Cícero</logradouro>
    <complemento/>
    <unidade/>
    <bairro>Jacintinho</bairro>
    <localidade>Maceió</localidade>
    <uf>AL</uf>
    <estado>Alagoas</estado>
    <região/>
    <ibge>2704302</ibge>
    <gia/>
    <ddd>82</ddd>
    <siafi>2785</siafi>
  </cep>
  <cep>
    <cep>57040-364</cep>
    <logradouro>2ª Rua Pau D'Arco</logradouro>
    <complemento/>
    <unidade/>
    <bairro>Jacintinho</bairro>
    <localidade>Maceió</localidade>
    <uf>AL</uf>
    <estado>Alagoas</estado>
    <região/>
    <ibge>2704302</ibge>
    <gia/>
    <ddd>82</ddd>
    <siafi>2785</siafi>
  </cep>
  <cep>
    <cep>57040-365</cep>
    <logradouro>Travessa Pau d'Arco</logradouro>
    <complemento/>
    <unidade/>
    <bairro>Jacintinho</bairro>
    <localidade>Maceió</localidade>
    <uf>AL</uf>
    <estado>Alagoas</estado>
    <região/>
    <ibge>2704302</ibge>
    <gia/>
    <ddd>82</ddd>
    <siafi>2785</siafi>
  </cep>
  <cep>
    <cep>57040-355</cep>
    <logradouro>Travessa Padre Cícero</logradouro>
    <complemento/>
    <unidade/>
    <bairro>Jacintinho</bairro>
    <localidade>Maceió</localidade>
    <uf>AL</uf>
    <estado>Alagoas</estado>
    <região/>
    <ibge>2704302</ibge>
    <gia/>
    <ddd>82</ddd>
    <siafi>2785</siafi>
  </cep>
  <cep>
    <cep>57040-376</cep>
    <logradouro>Rua Boa Vista</logradouro>
    <complemento/>
    <unidade/>
    <bairro>Jacintinho</bairro>
    <localidade>Maceió</localidade>
    <uf>AL</uf>
    <estado>Alagoas</estado>
    <região/>
    <ibge>2704302</ibge>
    <gia/>
    <ddd>82</ddd>
    <siafi>2785</siafi>
  </cep>
  <cep>
    <cep>57040-345</cep>
    <logradouro>Travessa Júlio Auto</logradouro>
    <complemento/>
    <unidade/>
    <bairro>Jacintinho</bairro>
    <localidade>Maceió</localidade>
    <uf>AL</uf>
    <estado>Alagoas</estado>
    <região/>
    <ibge>2704302</ibge>
    <gia/>
    <ddd>82</ddd>
    <siafi>2785</siafi>
  </cep>
  <cep>
    <cep>57040-340</cep>
    <logradouro>Rua Júlio Auto</logradouro>
    <complemento/>
    <unidade/>
    <bairro>Jacintinho</bairro>
    <localidade>Maceió</localidade>
    <uf>AL</uf>
    <estado>Alagoas</estado>
    <região/>
    <ibge>2704302</ibge>
    <gia/>
    <ddd>82</ddd>
    <siafi>2785</siafi>
  </cep>
  <cep>
    <cep>57040-390</cep>
    <logradouro>Rua Santa Isabel</logradouro>
    <complemento/>
    <unidade/>
    <bairro>Jacintinho</bairro>
    <localidade>Maceió</localidade>
    <uf>AL</uf>
    <estado>Alagoas</estado>
    <região/>
    <ibge>2704302</ibge>
    <gia/>
    <ddd>82</ddd>
    <siafi>2785</siafi>
  </cep>
  <cep>
    <cep>57040-405</cep>
    <logradouro>Travessa Santa Luzia</logradouro>
    <complemento/>
    <unidade/>
    <bairro>Jacintinho</bairro>
    <localidade>Maceió</localidade>
    <uf>AL</uf>
    <estado>Alagoas</estado>
    <região/>
    <ibge>2704302</ibge>
    <gia/>
    <ddd>82</ddd>
    <siafi>2785</siafi>
  </cep>
  <cep>
    <cep>57040-412</cep>
    <logradouro>Rua Niedja Pinheiro</logradouro>
    <complemento/>
    <unidade/>
    <bairro>Jacintinho</bairro>
    <localidade>Maceió</localidade>
    <uf>AL</uf>
    <estado>Alagoas</estado>
    <região/>
    <ibge>2704302</ibge>
    <gia/>
    <ddd>82</ddd>
    <siafi>2785</siafi>
  </cep>
  <cep>
    <cep>57040-380</cep>
    <logradouro>Rua Progresso</logradouro>
    <complemento/>
    <unidade/>
    <bairro>Jacintinho</bairro>
    <localidade>Maceió</localidade>
    <uf>AL</uf>
    <estado>Alagoas</estado>
    <região/>
    <ibge>2704302</ibge>
    <gia/>
    <ddd>82</ddd>
    <siafi>2785</siafi>
  </cep>
  <cep>
    <cep>57040-370</cep>
    <logradouro>Rua Professor Sidrônio</logradouro>
    <complemento/>
    <unidade/>
    <bairro>Jacintinho</bairro>
    <localidade>Maceió</localidade>
    <uf>AL</uf>
    <estado>Alagoas</estado>
    <região/>
    <ibge>2704302</ibge>
    <gia/>
    <ddd>82</ddd>
    <siafi>2785</siafi>
  </cep>
  <cep>
    <cep>57040-375</cep>
    <logradouro>Travessa Professor Sidrônio</logradouro>
    <complemento/>
    <unidade/>
    <bairro>Jacintinho</bairro>
    <localidade>Maceió</localidade>
    <uf>AL</uf>
    <estado>Alagoas</estado>
    <região/>
    <ibge>2704302</ibge>
    <gia/>
    <ddd>82</ddd>
    <siafi>2785</siafi>
  </cep>
  <cep>
    <cep>57040-410</cep>
    <logradouro>Rua Santa Margarida</logradouro>
    <complemento/>
    <unidade/>
    <bairro>Jacintinho</bairro>
    <localidade>Maceió</localidade>
    <uf>AL</uf>
    <estado>Alagoas</estado>
    <região/>
    <ibge>2704302</ibge>
    <gia/>
    <ddd>82</ddd>
    <siafi>2785</siafi>
  </cep>
  <cep>
    <cep>57040-420</cep>
    <logradouro>Rua São Francisco de Assis</logradouro>
    <complemento/>
    <unidade/>
    <bairro>Jacintinho</bairro>
    <localidade>Maceió</localidade>
    <uf>AL</uf>
    <estado>Alagoas</estado>
    <região/>
    <ibge>2704302</ibge>
    <gia/>
    <ddd>82</ddd>
    <siafi>2785</siafi>
  </cep>
  <cep>
    <cep>57040-437</cep>
    <logradouro>2ª Travessa São Jorge</logradouro>
    <complemento/>
    <unidade/>
    <bairro>Jacintinho</bairro>
    <localidade>Maceió</localidade>
    <uf>AL</uf>
    <estado>Alagoas</estado>
    <região/>
    <ibge>2704302</ibge>
    <gia/>
    <ddd>82</ddd>
    <siafi>2785</siafi>
  </cep>
  <cep>
    <cep>57040-450</cep>
    <logradouro>Rua São Vicente</logradouro>
    <complemento/>
    <unidade/>
    <bairro>Jacintinho</bairro>
    <localidade>Maceió</localidade>
    <uf>AL</uf>
    <estado>Alagoas</estado>
    <região/>
    <ibge>2704302</ibge>
    <gia/>
    <ddd>82</ddd>
    <siafi>2785</siafi>
  </cep>
  <cep>
    <cep>57040-440</cep>
    <logradouro>Rua São Malaquias</logradouro>
    <complemento/>
    <unidade/>
    <bairro>Jacintinho</bairro>
    <localidade>Maceió</localidade>
    <uf>AL</uf>
    <estado>Alagoas</estado>
    <região/>
    <ibge>2704302</ibge>
    <gia/>
    <ddd>82</ddd>
    <siafi>2785</siafi>
  </cep>
  <cep>
    <cep>57040-452</cep>
    <logradouro>Travessa do Sossego</logradouro>
    <complemento/>
    <unidade/>
    <bairro>Jacintinho</bairro>
    <localidade>Maceió</localidade>
    <uf>AL</uf>
    <estado>Alagoas</estado>
    <região/>
    <ibge>2704302</ibge>
    <gia/>
    <ddd>82</ddd>
    <siafi>2785</siafi>
  </cep>
  <cep>
    <cep>57040-460</cep>
    <logradouro>Rua Siqueira Campos</logradouro>
    <complemento/>
    <unidade/>
    <bairro>Jacintinho</bairro>
    <localidade>Maceió</localidade>
    <uf>AL</uf>
    <estado>Alagoas</estado>
    <região/>
    <ibge>2704302</ibge>
    <gia/>
    <ddd>82</ddd>
    <siafi>2785</siafi>
  </cep>
  <cep>
    <cep>57040-435</cep>
    <logradouro>1ª Travessa São Jorge</logradouro>
    <complemento/>
    <unidade/>
    <bairro>Jacintinho</bairro>
    <localidade>Maceió</localidade>
    <uf>AL</uf>
    <estado>Alagoas</estado>
    <região/>
    <ibge>2704302</ibge>
    <gia/>
    <ddd>82</ddd>
    <siafi>2785</siafi>
  </cep>
  <cep>
    <cep>57040-475</cep>
    <logradouro>Travessa Aureliano Duarte</logradouro>
    <complemento/>
    <unidade/>
    <bairro>Jacintinho</bairro>
    <localidade>Maceió</localidade>
    <uf>AL</uf>
    <estado>Alagoas</estado>
    <região/>
    <ibge>2704302</ibge>
    <gia/>
    <ddd>82</ddd>
    <siafi>2785</siafi>
  </cep>
  <cep>
    <cep>57040-480</cep>
    <logradouro>Avenida Governador Afrânio Lages</logradouro>
    <complemento/>
    <unidade/>
    <bairro>Jacintinho</bairro>
    <localidade>Maceió</localidade>
    <uf>AL</uf>
    <estado>Alagoas</estado>
    <região/>
    <ibge>2704302</ibge>
    <gia/>
    <ddd>82</ddd>
    <siafi>2785</siafi>
  </cep>
  <cep>
    <cep>57040-455</cep>
    <logradouro>Rua Jorge Raposo Maia</logradouro>
    <complemento/>
    <unidade/>
    <bairro>Jacintinho</bairro>
    <localidade>Maceió</localidade>
    <uf>AL</uf>
    <estado>Alagoas</estado>
    <região/>
    <ibge>2704302</ibge>
    <gia/>
    <ddd>82</ddd>
    <siafi>2785</siafi>
  </cep>
  <cep>
    <cep>57040-362</cep>
    <logradouro>Travessa E</logradouro>
    <complemento>(Cj José da Silva Peixoto)</complemento>
    <unidade/>
    <bairro>Jacintinho</bairro>
    <localidade>Maceió</localidade>
    <uf>AL</uf>
    <estado>Alagoas</estado>
    <região/>
    <ibge>2704302</ibge>
    <gia/>
    <ddd>82</ddd>
    <siafi>2785</siafi>
  </cep>
  <cep>
    <cep>57040-470</cep>
    <logradouro>Rua Aureliano Duarte</logradouro>
    <complemento/>
    <unidade/>
    <bairro>Jacintinho</bairro>
    <localidade>Maceió</localidade>
    <uf>AL</uf>
    <estado>Alagoas</estado>
    <região/>
    <ibge>2704302</ibge>
    <gia/>
    <ddd>82</ddd>
    <siafi>2785</siafi>
  </cep>
  <cep>
    <cep>57040-451</cep>
    <logradouro>Travessa São Vicente</logradouro>
    <complemento/>
    <unidade/>
    <bairro>Jacintinho</bairro>
    <localidade>Maceió</localidade>
    <uf>AL</uf>
    <estado>Alagoas</estado>
    <região/>
    <ibge>2704302</ibge>
    <gia/>
    <ddd>82</ddd>
    <siafi>2785</siafi>
  </cep>
  <cep>
    <cep>57040-430</cep>
    <logradouro>Rua São Jorge</logradouro>
    <complemento/>
    <unidade/>
    <bairro>Jacintinho</bairro>
    <localidade>Maceió</localidade>
    <uf>AL</uf>
    <estado>Alagoas</estado>
    <região/>
    <ibge>2704302</ibge>
    <gia/>
    <ddd>82</ddd>
    <siafi>2785</siafi>
  </cep>
  <cep>
    <cep>57040-485</cep>
    <logradouro>Rua em Projeto B</logradouro>
    <complemento>(Lot Jussara II)</complemento>
    <unidade/>
    <bairro>Jacintinho</bairro>
    <localidade>Maceió</localidade>
    <uf>AL</uf>
    <estado>Alagoas</estado>
    <região/>
    <ibge>2704302</ibge>
    <gia/>
    <ddd>82</ddd>
    <siafi>2785</siafi>
  </cep>
  <cep>
    <cep>57040-496</cep>
    <logradouro>Rua C</logradouro>
    <complemento>(Lot Parque dos Cajueiros)</complemento>
    <unidade/>
    <bairro>Jacintinho</bairro>
    <localidade>Maceió</localidade>
    <uf>AL</uf>
    <estado>Alagoas</estado>
    <região/>
    <ibge>2704302</ibge>
    <gia/>
    <ddd>82</ddd>
    <siafi>2785</siafi>
  </cep>
  <cep>
    <cep>57040-498</cep>
    <logradouro>Rua D</logradouro>
    <complemento>(Lot Parque dos Cajueiros)</complemento>
    <unidade/>
    <bairro>Jacintinho</bairro>
    <localidade>Maceió</localidade>
    <uf>AL</uf>
    <estado>Alagoas</estado>
    <região/>
    <ibge>2704302</ibge>
    <gia/>
    <ddd>82</ddd>
    <siafi>2785</siafi>
  </cep>
  <cep>
    <cep>57040-500</cep>
    <logradouro>Rua Santo Antônio</logradouro>
    <complemento/>
    <unidade/>
    <bairro>Jacintinho</bairro>
    <localidade>Maceió</localidade>
    <uf>AL</uf>
    <estado>Alagoas</estado>
    <região/>
    <ibge>2704302</ibge>
    <gia/>
    <ddd>82</ddd>
    <siafi>2785</siafi>
  </cep>
  <cep>
    <cep>57040-494</cep>
    <logradouro>Rua B</logradouro>
    <complemento>(Lot Parque dos Cajueiros)</complemento>
    <unidade/>
    <bairro>Jacintinho</bairro>
    <localidade>Maceió</localidade>
    <uf>AL</uf>
    <estado>Alagoas</estado>
    <região/>
    <ibge>2704302</ibge>
    <gia/>
    <ddd>82</ddd>
    <siafi>2785</siafi>
  </cep>
  <cep>
    <cep>57040-508</cep>
    <logradouro>4ª Travessa Santo Antonio</logradouro>
    <complemento/>
    <unidade/>
    <bairro>Jacintinho</bairro>
    <localidade>Maceió</localidade>
    <uf>AL</uf>
    <estado>Alagoas</estado>
    <região/>
    <ibge>2704302</ibge>
    <gia/>
    <ddd>82</ddd>
    <siafi>2785</siafi>
  </cep>
  <cep>
    <cep>57040-504</cep>
    <logradouro>Travessa Manoel Viana</logradouro>
    <complemento/>
    <unidade/>
    <bairro>Jacintinho</bairro>
    <localidade>Maceió</localidade>
    <uf>AL</uf>
    <estado>Alagoas</estado>
    <região/>
    <ibge>2704302</ibge>
    <gia/>
    <ddd>82</ddd>
    <siafi>2785</siafi>
  </cep>
  <cep>
    <cep>57040-505</cep>
    <logradouro>1ª Travessa Santo Antônio</logradouro>
    <complemento/>
    <unidade/>
    <bairro>Jacintinho</bairro>
    <localidade>Maceió</localidade>
    <uf>AL</uf>
    <estado>Alagoas</estado>
    <região/>
    <ibge>2704302</ibge>
    <gia/>
    <ddd>82</ddd>
    <siafi>2785</siafi>
  </cep>
  <cep>
    <cep>57040-492</cep>
    <logradouro>Rua A</logradouro>
    <complemento>(Lot Parque dos Cajueiros)</complemento>
    <unidade/>
    <bairro>Jacintinho</bairro>
    <localidade>Maceió</localidade>
    <uf>AL</uf>
    <estado>Alagoas</estado>
    <região/>
    <ibge>2704302</ibge>
    <gia/>
    <ddd>82</ddd>
    <siafi>2785</siafi>
  </cep>
  <cep>
    <cep>57040-507</cep>
    <logradouro>3ª Travessa Santo Antonio</logradouro>
    <complemento/>
    <unidade/>
    <bairro>Jacintinho</bairro>
    <localidade>Maceió</localidade>
    <uf>AL</uf>
    <estado>Alagoas</estado>
    <região/>
    <ibge>2704302</ibge>
    <gia/>
    <ddd>82</ddd>
    <siafi>2785</siafi>
  </cep>
  <cep>
    <cep>57040-510</cep>
    <logradouro>Rua São José</logradouro>
    <complemento/>
    <unidade/>
    <bairro>Jacintinho</bairro>
    <localidade>Maceió</localidade>
    <uf>AL</uf>
    <estado>Alagoas</estado>
    <região/>
    <ibge>2704302</ibge>
    <gia/>
    <ddd>82</ddd>
    <siafi>2785</siafi>
  </cep>
  <cep>
    <cep>57040-517</cep>
    <logradouro>2ª Travessa São José</logradouro>
    <complemento/>
    <unidade/>
    <bairro>Jacintinho</bairro>
    <localidade>Maceió</localidade>
    <uf>AL</uf>
    <estado>Alagoas</estado>
    <região/>
    <ibge>2704302</ibge>
    <gia/>
    <ddd>82</ddd>
    <siafi>2785</siafi>
  </cep>
  <cep>
    <cep>57040-490</cep>
    <logradouro>Rua Manoel Viana de Oliveira</logradouro>
    <complemento/>
    <unidade/>
    <bairro>Jacintinho</bairro>
    <localidade>Maceió</localidade>
    <uf>AL</uf>
    <estado>Alagoas</estado>
    <região/>
    <ibge>2704302</ibge>
    <gia/>
    <ddd>82</ddd>
    <siafi>2785</siafi>
  </cep>
  <cep>
    <cep>57040-509</cep>
    <logradouro>5ª Travessa Santo Antonio</logradouro>
    <complemento/>
    <unidade/>
    <bairro>Jacintinho</bairro>
    <localidade>Maceió</localidade>
    <uf>AL</uf>
    <estado>Alagoas</estado>
    <região/>
    <ibge>2704302</ibge>
    <gia/>
    <ddd>82</ddd>
    <siafi>2785</siafi>
  </cep>
  <cep>
    <cep>57040-506</cep>
    <logradouro>2ª Travessa Santo Antonio</logradouro>
    <complemento/>
    <unidade/>
    <bairro>Jacintinho</bairro>
    <localidade>Maceió</localidade>
    <uf>AL</uf>
    <estado>Alagoas</estado>
    <região/>
    <ibge>2704302</ibge>
    <gia/>
    <ddd>82</ddd>
    <siafi>2785</siafi>
  </cep>
  <cep>
    <cep>57040-515</cep>
    <logradouro>Travessa São José</logradouro>
    <complemento/>
    <unidade/>
    <bairro>Jacintinho</bairro>
    <localidade>Maceió</localidade>
    <uf>AL</uf>
    <estado>Alagoas</estado>
    <região/>
    <ibge>2704302</ibge>
    <gia/>
    <ddd>82</ddd>
    <siafi>2785</siafi>
  </cep>
  <cep>
    <cep>57040-502</cep>
    <logradouro>Rua Mirante</logradouro>
    <complemento/>
    <unidade/>
    <bairro>Jacintinho</bairro>
    <localidade>Maceió</localidade>
    <uf>AL</uf>
    <estado>Alagoas</estado>
    <região/>
    <ibge>2704302</ibge>
    <gia/>
    <ddd>82</ddd>
    <siafi>2785</siafi>
  </cep>
  <cep>
    <cep>57040-520</cep>
    <logradouro>Rua do Telégrafo</logradouro>
    <complemento/>
    <unidade/>
    <bairro>Jacintinho</bairro>
    <localidade>Maceió</localidade>
    <uf>AL</uf>
    <estado>Alagoas</estado>
    <região/>
    <ibge>2704302</ibge>
    <gia/>
    <ddd>82</ddd>
    <siafi>2785</siafi>
  </cep>
  <cep>
    <cep>57040-521</cep>
    <logradouro>Travessa do Telégrafo</logradouro>
    <complemento/>
    <unidade/>
    <bairro>Jacintinho</bairro>
    <localidade>Maceió</localidade>
    <uf>AL</uf>
    <estado>Alagoas</estado>
    <região/>
    <ibge>2704302</ibge>
    <gia/>
    <ddd>82</ddd>
    <siafi>2785</siafi>
  </cep>
  <cep>
    <cep>57040-525</cep>
    <logradouro>Travessa Manoel Fontes Fontan</logradouro>
    <complemento/>
    <unidade/>
    <bairro>Jacintinho</bairro>
    <localidade>Maceió</localidade>
    <uf>AL</uf>
    <estado>Alagoas</estado>
    <região/>
    <ibge>2704302</ibge>
    <gia/>
    <ddd>82</ddd>
    <siafi>2785</siafi>
  </cep>
  <cep>
    <cep>57040-526</cep>
    <logradouro>Rua Boa Vista</logradouro>
    <complemento>(Grota do Cigano)</complemento>
    <unidade/>
    <bairro>Jacintinho</bairro>
    <localidade>Maceió</localidade>
    <uf>AL</uf>
    <estado>Alagoas</estado>
    <região/>
    <ibge>2704302</ibge>
    <gia/>
    <ddd>82</ddd>
    <siafi>2785</siafi>
  </cep>
  <cep>
    <cep>57040-528</cep>
    <logradouro>Travessa Jussara</logradouro>
    <complemento/>
    <unidade/>
    <bairro>Jacintinho</bairro>
    <localidade>Maceió</localidade>
    <uf>AL</uf>
    <estado>Alagoas</estado>
    <região/>
    <ibge>2704302</ibge>
    <gia/>
    <ddd>82</ddd>
    <siafi>2785</siafi>
  </cep>
  <cep>
    <cep>57040-531</cep>
    <logradouro>4ª Travessa Boa Esperança</logradouro>
    <complemento/>
    <unidade/>
    <bairro>Jacintinho</bairro>
    <localidade>Maceió</localidade>
    <uf>AL</uf>
    <estado>Alagoas</estado>
    <região/>
    <ibge>2704302</ibge>
    <gia/>
    <ddd>82</ddd>
    <siafi>2785</siafi>
  </cep>
  <cep>
    <cep>57040-532</cep>
    <logradouro>5ª Travessa Boa Esperança</logradouro>
    <complemento/>
    <unidade/>
    <bairro>Jacintinho</bairro>
    <localidade>Maceió</localidade>
    <uf>AL</uf>
    <estado>Alagoas</estado>
    <região/>
    <ibge>2704302</ibge>
    <gia/>
    <ddd>82</ddd>
    <siafi>2785</siafi>
  </cep>
  <cep>
    <cep>57040-536</cep>
    <logradouro>1ª Travessa Boa Esperança</logradouro>
    <complemento/>
    <unidade/>
    <bairro>Jacintinho</bairro>
    <localidade>Maceió</localidade>
    <uf>AL</uf>
    <estado>Alagoas</estado>
    <região/>
    <ibge>2704302</ibge>
    <gia/>
    <ddd>82</ddd>
    <siafi>2785</siafi>
  </cep>
  <cep>
    <cep>57040-538</cep>
    <logradouro>2ª Travessa Boa Esperança</logradouro>
    <complemento/>
    <unidade/>
    <bairro>Jacintinho</bairro>
    <localidade>Maceió</localidade>
    <uf>AL</uf>
    <estado>Alagoas</estado>
    <região/>
    <ibge>2704302</ibge>
    <gia/>
    <ddd>82</ddd>
    <siafi>2785</siafi>
  </cep>
  <cep>
    <cep>57040-562</cep>
    <logradouro>1ª Travessa F</logradouro>
    <complemento>(Cj Claudenor Sampaio)</complemento>
    <unidade/>
    <bairro>Jacintinho</bairro>
    <localidade>Maceió</localidade>
    <uf>AL</uf>
    <estado>Alagoas</estado>
    <região/>
    <ibge>2704302</ibge>
    <gia/>
    <ddd>82</ddd>
    <siafi>2785</siafi>
  </cep>
  <cep>
    <cep>57040-566</cep>
    <logradouro>3ª Travessa F</logradouro>
    <complemento>(Cj Claudenor Sampaio)</complemento>
    <unidade/>
    <bairro>Jacintinho</bairro>
    <localidade>Maceió</localidade>
    <uf>AL</uf>
    <estado>Alagoas</estado>
    <região/>
    <ibge>2704302</ibge>
    <gia/>
    <ddd>82</ddd>
    <siafi>2785</siafi>
  </cep>
  <cep>
    <cep>57040-557</cep>
    <logradouro>Rua E</logradouro>
    <complemento>(Cj Claudenor Sampaio)</complemento>
    <unidade/>
    <bairro>Jacintinho</bairro>
    <localidade>Maceió</localidade>
    <uf>AL</uf>
    <estado>Alagoas</estado>
    <região/>
    <ibge>2704302</ibge>
    <gia/>
    <ddd>82</ddd>
    <siafi>2785</siafi>
  </cep>
  <cep>
    <cep>57040-555</cep>
    <logradouro>Rua D</logradouro>
    <complemento>(Cj Claudenor Sampaio)</complemento>
    <unidade/>
    <bairro>Jacintinho</bairro>
    <localidade>Maceió</localidade>
    <uf>AL</uf>
    <estado>Alagoas</estado>
    <região/>
    <ibge>2704302</ibge>
    <gia/>
    <ddd>82</ddd>
    <siafi>2785</siafi>
  </cep>
  <cep>
    <cep>57040-564</cep>
    <logradouro>2ª Travessa F</logradouro>
    <complemento>(Cj Claudenor Sampaio)</complemento>
    <unidade/>
    <bairro>Jacintinho</bairro>
    <localidade>Maceió</localidade>
    <uf>AL</uf>
    <estado>Alagoas</estado>
    <região/>
    <ibge>2704302</ibge>
    <gia/>
    <ddd>82</ddd>
    <siafi>2785</siafi>
  </cep>
  <cep>
    <cep>57040-535</cep>
    <logradouro>Rua Boa Esperança</logradouro>
    <complemento/>
    <unidade/>
    <bairro>Jacintinho</bairro>
    <localidade>Maceió</localidade>
    <uf>AL</uf>
    <estado>Alagoas</estado>
    <região/>
    <ibge>2704302</ibge>
    <gia/>
    <ddd>82</ddd>
    <siafi>2785</siafi>
  </cep>
  <cep>
    <cep>57040-551</cep>
    <logradouro>Rua A</logradouro>
    <complemento>(Cj Claudenor Sampaio)</complemento>
    <unidade/>
    <bairro>Jacintinho</bairro>
    <localidade>Maceió</localidade>
    <uf>AL</uf>
    <estado>Alagoas</estado>
    <região/>
    <ibge>2704302</ibge>
    <gia/>
    <ddd>82</ddd>
    <siafi>2785</siafi>
  </cep>
  <cep>
    <cep>57040-559</cep>
    <logradouro>Rua G</logradouro>
    <complemento>(Cj Claudenor Sampaio)</complemento>
    <unidade/>
    <bairro>Jacintinho</bairro>
    <localidade>Maceió</localidade>
    <uf>AL</uf>
    <estado>Alagoas</estado>
    <região/>
    <ibge>2704302</ibge>
    <gia/>
    <ddd>82</ddd>
    <siafi>2785</siafi>
  </cep>
  <cep>
    <cep>57040-560</cep>
    <logradouro>Rua Augusto Tenório dos Santos</logradouro>
    <complemento/>
    <unidade/>
    <bairro>Jacintinho</bairro>
    <localidade>Maceió</localidade>
    <uf>AL</uf>
    <estado>Alagoas</estado>
    <região/>
    <ibge>2704302</ibge>
    <gia/>
    <ddd>82</ddd>
    <siafi>2785</siafi>
  </cep>
  <cep>
    <cep>57040-570</cep>
    <logradouro>Rua Belmira Ferreira</logradouro>
    <complemento/>
    <unidade/>
    <bairro>Jacintinho</bairro>
    <localidade>Maceió</localidade>
    <uf>AL</uf>
    <estado>Alagoas</estado>
    <região/>
    <ibge>2704302</ibge>
    <gia/>
    <ddd>82</ddd>
    <siafi>2785</siafi>
  </cep>
  <cep>
    <cep>57040-550</cep>
    <logradouro>Rua Antônio Camelo Lins</logradouro>
    <complemento/>
    <unidade/>
    <bairro>Jacintinho</bairro>
    <localidade>Maceió</localidade>
    <uf>AL</uf>
    <estado>Alagoas</estado>
    <região/>
    <ibge>2704302</ibge>
    <gia/>
    <ddd>82</ddd>
    <siafi>2785</siafi>
  </cep>
  <cep>
    <cep>57040-537</cep>
    <logradouro>Rua da Esperança</logradouro>
    <complemento/>
    <unidade/>
    <bairro>Jacintinho</bairro>
    <localidade>Maceió</localidade>
    <uf>AL</uf>
    <estado>Alagoas</estado>
    <região/>
    <ibge>2704302</ibge>
    <gia/>
    <ddd>82</ddd>
    <siafi>2785</siafi>
  </cep>
  <cep>
    <cep>57040-568</cep>
    <logradouro>4ª Travessa F</logradouro>
    <complemento>(Cj Claudenor Sampaio)</complemento>
    <unidade/>
    <bairro>Jacintinho</bairro>
    <localidade>Maceió</localidade>
    <uf>AL</uf>
    <estado>Alagoas</estado>
    <região/>
    <ibge>2704302</ibge>
    <gia/>
    <ddd>82</ddd>
    <siafi>2785</siafi>
  </cep>
  <cep>
    <cep>57040-572</cep>
    <logradouro>5ª Travessa F</logradouro>
    <complemento>(Cj Claudenor Sampaio)</complemento>
    <unidade/>
    <bairro>Jacintinho</bairro>
    <localidade>Maceió</localidade>
    <uf>AL</uf>
    <estado>Alagoas</estado>
    <região/>
    <ibge>2704302</ibge>
    <gia/>
    <ddd>82</ddd>
    <siafi>2785</siafi>
  </cep>
  <cep>
    <cep>57040-534</cep>
    <logradouro>3ª Travessa Boa Esperança</logradouro>
    <complemento/>
    <unidade/>
    <bairro>Jacintinho</bairro>
    <localidade>Maceió</localidade>
    <uf>AL</uf>
    <estado>Alagoas</estado>
    <região/>
    <ibge>2704302</ibge>
    <gia/>
    <ddd>82</ddd>
    <siafi>2785</siafi>
  </cep>
  <cep>
    <cep>57040-553</cep>
    <logradouro>Rua Projetada B 1010</logradouro>
    <complemento>(Cj Claudenor Sampaio)</complemento>
    <unidade/>
    <bairro>Jacintinho</bairro>
    <localidade>Maceió</localidade>
    <uf>AL</uf>
    <estado>Alagoas</estado>
    <região/>
    <ibge>2704302</ibge>
    <gia/>
    <ddd>82</ddd>
    <siafi>2785</siafi>
  </cep>
  <cep>
    <cep>57040-574</cep>
    <logradouro>6ª Travessa F</logradouro>
    <complemento>(Cj Claudenor Sampaio)</complemento>
    <unidade/>
    <bairro>Jacintinho</bairro>
    <localidade>Maceió</localidade>
    <uf>AL</uf>
    <estado>Alagoas</estado>
    <região/>
    <ibge>2704302</ibge>
    <gia/>
    <ddd>82</ddd>
    <siafi>2785</siafi>
  </cep>
  <cep>
    <cep>57040-575</cep>
    <logradouro>Rua Novo Horizonte</logradouro>
    <complemento/>
    <unidade/>
    <bairro>Jacintinho</bairro>
    <localidade>Maceió</localidade>
    <uf>AL</uf>
    <estado>Alagoas</estado>
    <região/>
    <ibge>2704302</ibge>
    <gia/>
    <ddd>82</ddd>
    <siafi>2785</siafi>
  </cep>
  <cep>
    <cep>57040-580</cep>
    <logradouro>Rua Belo Monte</logradouro>
    <complemento/>
    <unidade/>
    <bairro>Jacintinho</bairro>
    <localidade>Maceió</localidade>
    <uf>AL</uf>
    <estado>Alagoas</estado>
    <região/>
    <ibge>2704302</ibge>
    <gia/>
    <ddd>82</ddd>
    <siafi>2785</siafi>
  </cep>
  <cep>
    <cep>57040-600</cep>
    <logradouro>Avenida Juca Sampaio</logradouro>
    <complemento/>
    <unidade/>
    <bairro>Jacintinho</bairro>
    <localidade>Maceió</localidade>
    <uf>AL</uf>
    <estado>Alagoas</estado>
    <região/>
    <ibge>2704302</ibge>
    <gia/>
    <ddd>82</ddd>
    <siafi>2785</siafi>
  </cep>
  <cep>
    <cep>57040-630</cep>
    <logradouro>Rua João Lúcio Marques</logradouro>
    <complemento/>
    <unidade/>
    <bairro>Jacintinho</bairro>
    <localidade>Maceió</localidade>
    <uf>AL</uf>
    <estado>Alagoas</estado>
    <região/>
    <ibge>2704302</ibge>
    <gia/>
    <ddd>82</ddd>
    <siafi>2785</siafi>
  </cep>
  <cep>
    <cep>57040-586</cep>
    <logradouro>Rua Claudeonor Sampaio</logradouro>
    <complemento>(Cj Claudeonor Sampaio)</complemento>
    <unidade/>
    <bairro>Jacintinho</bairro>
    <localidade>Maceió</localidade>
    <uf>AL</uf>
    <estado>Alagoas</estado>
    <região/>
    <ibge>2704302</ibge>
    <gia/>
    <ddd>82</ddd>
    <siafi>2785</siafi>
  </cep>
  <cep>
    <cep>57040-595</cep>
    <logradouro>Rua Sol Nascente</logradouro>
    <complemento/>
    <unidade/>
    <bairro>Jacintinho</bairro>
    <localidade>Maceió</localidade>
    <uf>AL</uf>
    <estado>Alagoas</estado>
    <região/>
    <ibge>2704302</ibge>
    <gia/>
    <ddd>82</ddd>
    <siafi>2785</siafi>
  </cep>
  <cep>
    <cep>57040-632</cep>
    <logradouro>1ª Travessa João Lúcio Marques</logradouro>
    <complemento/>
    <unidade/>
    <bairro>Jacintinho</bairro>
    <localidade>Maceió</localidade>
    <uf>AL</uf>
    <estado>Alagoas</estado>
    <região/>
    <ibge>2704302</ibge>
    <gia/>
    <ddd>82</ddd>
    <siafi>2785</siafi>
  </cep>
  <cep>
    <cep>57040-642</cep>
    <logradouro>Travessa Joaquim Acrônio</logradouro>
    <complemento/>
    <unidade/>
    <bairro>Jacintinho</bairro>
    <localidade>Maceió</localidade>
    <uf>AL</uf>
    <estado>Alagoas</estado>
    <região/>
    <ibge>2704302</ibge>
    <gia/>
    <ddd>82</ddd>
    <siafi>2785</siafi>
  </cep>
  <cep>
    <cep>57040-640</cep>
    <logradouro>Rua Joaquim Jerônimo</logradouro>
    <complemento/>
    <unidade/>
    <bairro>Jacintinho</bairro>
    <localidade>Maceió</localidade>
    <uf>AL</uf>
    <estado>Alagoas</estado>
    <região/>
    <ibge>2704302</ibge>
    <gia/>
    <ddd>82</ddd>
    <siafi>2785</siafi>
  </cep>
  <cep>
    <cep>57040-634</cep>
    <logradouro>Travessa João Lúcio Marques II</logradouro>
    <complemento/>
    <unidade/>
    <bairro>Jacintinho</bairro>
    <localidade>Maceió</localidade>
    <uf>AL</uf>
    <estado>Alagoas</estado>
    <região/>
    <ibge>2704302</ibge>
    <gia/>
    <ddd>82</ddd>
    <siafi>2785</siafi>
  </cep>
  <cep>
    <cep>57040-644</cep>
    <logradouro>1ª Travessa da Esperança</logradouro>
    <complemento/>
    <unidade/>
    <bairro>Jacintinho</bairro>
    <localidade>Maceió</localidade>
    <uf>AL</uf>
    <estado>Alagoas</estado>
    <região/>
    <ibge>2704302</ibge>
    <gia/>
    <ddd>82</ddd>
    <siafi>2785</siafi>
  </cep>
  <cep>
    <cep>57040-645</cep>
    <logradouro>2ª Travessa da Esperança</logradouro>
    <complemento/>
    <unidade/>
    <bairro>Jacintinho</bairro>
    <localidade>Maceió</localidade>
    <uf>AL</uf>
    <estado>Alagoas</estado>
    <região/>
    <ibge>2704302</ibge>
    <gia/>
    <ddd>82</ddd>
    <siafi>2785</siafi>
  </cep>
  <cep>
    <cep>57040-646</cep>
    <logradouro>3ª Travessa da Esperança</logradouro>
    <complemento/>
    <unidade/>
    <bairro>Jacintinho</bairro>
    <localidade>Maceió</localidade>
    <uf>AL</uf>
    <estado>Alagoas</estado>
    <região/>
    <ibge>2704302</ibge>
    <gia/>
    <ddd>82</ddd>
    <siafi>2785</siafi>
  </cep>
  <cep>
    <cep>57040-655</cep>
    <logradouro>Travessa José Laranjeiras</logradouro>
    <complemento/>
    <unidade/>
    <bairro>Jacintinho</bairro>
    <localidade>Maceió</localidade>
    <uf>AL</uf>
    <estado>Alagoas</estado>
    <região/>
    <ibge>2704302</ibge>
    <gia/>
    <ddd>82</ddd>
    <siafi>2785</siafi>
  </cep>
  <cep>
    <cep>57040-650</cep>
    <logradouro>Rua José Laranjeiras</logradouro>
    <complemento/>
    <unidade/>
    <bairro>Jacintinho</bairro>
    <localidade>Maceió</localidade>
    <uf>AL</uf>
    <estado>Alagoas</estado>
    <região/>
    <ibge>2704302</ibge>
    <gia/>
    <ddd>82</ddd>
    <siafi>2785</siafi>
  </cep>
  <cep>
    <cep>57040-647</cep>
    <logradouro>4ª Travessa da Esperança</logradouro>
    <complemento/>
    <unidade/>
    <bairro>Jacintinho</bairro>
    <localidade>Maceió</localidade>
    <uf>AL</uf>
    <estado>Alagoas</estado>
    <região/>
    <ibge>2704302</ibge>
    <gia/>
    <ddd>82</ddd>
    <siafi>2785</siafi>
  </cep>
  <cep>
    <cep>57040-660</cep>
    <logradouro>Rua Luiz Rêgo Barros</logradouro>
    <complemento/>
    <unidade/>
    <bairro>Jacintinho</bairro>
    <localidade>Maceió</localidade>
    <uf>AL</uf>
    <estado>Alagoas</estado>
    <região/>
    <ibge>2704302</ibge>
    <gia/>
    <ddd>82</ddd>
    <siafi>2785</siafi>
  </cep>
  <cep>
    <cep>57040-671</cep>
    <logradouro>Rua Manoel Mourão Filho</logradouro>
    <complemento/>
    <unidade/>
    <bairro>Jacintinho</bairro>
    <localidade>Maceió</localidade>
    <uf>AL</uf>
    <estado>Alagoas</estado>
    <região/>
    <ibge>2704302</ibge>
    <gia/>
    <ddd>82</ddd>
    <siafi>2785</siafi>
  </cep>
  <cep>
    <cep>57040-670</cep>
    <logradouro>Rua Nova</logradouro>
    <complemento/>
    <unidade/>
    <bairro>Jacintinho</bairro>
    <localidade>Maceió</localidade>
    <uf>AL</uf>
    <estado>Alagoas</estado>
    <região/>
    <ibge>2704302</ibge>
    <gia/>
    <ddd>82</ddd>
    <siafi>2785</siafi>
  </cep>
  <cep>
    <cep>57040-675</cep>
    <logradouro>Travessa Nova</logradouro>
    <complemento/>
    <unidade/>
    <bairro>Jacintinho</bairro>
    <localidade>Maceió</localidade>
    <uf>AL</uf>
    <estado>Alagoas</estado>
    <região/>
    <ibge>2704302</ibge>
    <gia/>
    <ddd>82</ddd>
    <siafi>2785</siafi>
  </cep>
  <cep>
    <cep>57040-672</cep>
    <logradouro>1ª Travessa Boa Vista</logradouro>
    <complemento>(Grota do Rafael)</complemento>
    <unidade/>
    <bairro>Jacintinho</bairro>
    <localidade>Maceió</localidade>
    <uf>AL</uf>
    <estado>Alagoas</estado>
    <região/>
    <ibge>2704302</ibge>
    <gia/>
    <ddd>82</ddd>
    <siafi>2785</siafi>
  </cep>
  <cep>
    <cep>57040-673</cep>
    <logradouro>2ª Travessa Boa Vista</logradouro>
    <complemento>(Grota do Rafael)</complemento>
    <unidade/>
    <bairro>Jacintinho</bairro>
    <localidade>Maceió</localidade>
    <uf>AL</uf>
    <estado>Alagoas</estado>
    <região/>
    <ibge>2704302</ibge>
    <gia/>
    <ddd>82</ddd>
    <siafi>2785</siafi>
  </cep>
  <cep>
    <cep>57040-680</cep>
    <logradouro>Rua Santa Terezinha</logradouro>
    <complemento/>
    <unidade/>
    <bairro>Jacintinho</bairro>
    <localidade>Maceió</localidade>
    <uf>AL</uf>
    <estado>Alagoas</estado>
    <região/>
    <ibge>2704302</ibge>
    <gia/>
    <ddd>82</ddd>
    <siafi>2785</siafi>
  </cep>
  <cep>
    <cep>57040-682</cep>
    <logradouro>Travessa Santa Terezinha</logradouro>
    <complemento/>
    <unidade/>
    <bairro>Jacintinho</bairro>
    <localidade>Maceió</localidade>
    <uf>AL</uf>
    <estado>Alagoas</estado>
    <região/>
    <ibge>2704302</ibge>
    <gia/>
    <ddd>82</ddd>
    <siafi>2785</siafi>
  </cep>
  <cep>
    <cep>57040-684</cep>
    <logradouro>Rua Santo Antônio</logradouro>
    <complemento>(Aldeia do Índio)</complemento>
    <unidade/>
    <bairro>Jacintinho</bairro>
    <localidade>Maceió</localidade>
    <uf>AL</uf>
    <estado>Alagoas</estado>
    <região/>
    <ibge>2704302</ibge>
    <gia/>
    <ddd>82</ddd>
    <siafi>2785</siafi>
  </cep>
  <cep>
    <cep>57040-676</cep>
    <logradouro>Rua Grota do Rafael</logradouro>
    <complemento/>
    <unidade/>
    <bairro>Jacintinho</bairro>
    <localidade>Maceió</localidade>
    <uf>AL</uf>
    <estado>Alagoas</estado>
    <região/>
    <ibge>2704302</ibge>
    <gia/>
    <ddd>82</ddd>
    <siafi>2785</siafi>
  </cep>
  <cep>
    <cep>57040-674</cep>
    <logradouro>Rua Boa Vista</logradouro>
    <complemento>(Com São Rafael)</complemento>
    <unidade/>
    <bairro>Jacintinho</bairro>
    <localidade>Maceió</localidade>
    <uf>AL</uf>
    <estado>Alagoas</estado>
    <região/>
    <ibge>2704302</ibge>
    <gia/>
    <ddd>82</ddd>
    <siafi>2785</siafi>
  </cep>
  <cep>
    <cep>57040-688</cep>
    <logradouro>Travessa Carlos Ferreira Lima</logradouro>
    <complemento/>
    <unidade/>
    <bairro>Jacintinho</bairro>
    <localidade>Maceió</localidade>
    <uf>AL</uf>
    <estado>Alagoas</estado>
    <região/>
    <ibge>2704302</ibge>
    <gia/>
    <ddd>82</ddd>
    <siafi>2785</siafi>
  </cep>
  <cep>
    <cep>57040-686</cep>
    <logradouro>Rua Carlos Ferreira Lima</logradouro>
    <complemento/>
    <unidade/>
    <bairro>Jacintinho</bairro>
    <localidade>Maceió</localidade>
    <uf>AL</uf>
    <estado>Alagoas</estado>
    <região/>
    <ibge>2704302</ibge>
    <gia/>
    <ddd>82</ddd>
    <siafi>2785</siafi>
  </cep>
  <cep>
    <cep>57040-692</cep>
    <logradouro>Rua Ormindo Jacinto Oliveira</logradouro>
    <complemento/>
    <unidade/>
    <bairro>Jacintinho</bairro>
    <localidade>Maceió</localidade>
    <uf>AL</uf>
    <estado>Alagoas</estado>
    <região/>
    <ibge>2704302</ibge>
    <gia/>
    <ddd>82</ddd>
    <siafi>2785</siafi>
  </cep>
  <cep>
    <cep>57040-690</cep>
    <logradouro>Rua São Domingos</logradouro>
    <complemento/>
    <unidade/>
    <bairro>Jacintinho</bairro>
    <localidade>Maceió</localidade>
    <uf>AL</uf>
    <estado>Alagoas</estado>
    <região/>
    <ibge>2704302</ibge>
    <gia/>
    <ddd>82</ddd>
    <siafi>2785</siafi>
  </cep>
  <cep>
    <cep>57040-695</cep>
    <logradouro>Travessa São Domingos</logradouro>
    <complemento/>
    <unidade/>
    <bairro>Jacintinho</bairro>
    <localidade>Maceió</localidade>
    <uf>AL</uf>
    <estado>Alagoas</estado>
    <região/>
    <ibge>2704302</ibge>
    <gia/>
    <ddd>82</ddd>
    <siafi>2785</siafi>
  </cep>
  <cep>
    <cep>57040-696</cep>
    <logradouro>2ª Travessa São Domingos</logradouro>
    <complemento/>
    <unidade/>
    <bairro>Jacintinho</bairro>
    <localidade>Maceió</localidade>
    <uf>AL</uf>
    <estado>Alagoas</estado>
    <região/>
    <ibge>2704302</ibge>
    <gia/>
    <ddd>82</ddd>
    <siafi>2785</siafi>
  </cep>
  <cep>
    <cep>57040-697</cep>
    <logradouro>3ª Travessa São Domingos</logradouro>
    <complemento/>
    <unidade/>
    <bairro>Jacintinho</bairro>
    <localidade>Maceió</localidade>
    <uf>AL</uf>
    <estado>Alagoas</estado>
    <região/>
    <ibge>2704302</ibge>
    <gia/>
    <ddd>82</ddd>
    <siafi>2785</siafi>
  </cep>
  <cep>
    <cep>57040-725</cep>
    <logradouro>Travessa Tenente Brasil</logradouro>
    <complemento/>
    <unidade/>
    <bairro>Jacintinho</bairro>
    <localidade>Maceió</localidade>
    <uf>AL</uf>
    <estado>Alagoas</estado>
    <região/>
    <ibge>2704302</ibge>
    <gia/>
    <ddd>82</ddd>
    <siafi>2785</siafi>
  </cep>
  <cep>
    <cep>57040-790</cep>
    <logradouro>Rua Santo André</logradouro>
    <complemento/>
    <unidade/>
    <bairro>Jacintinho</bairro>
    <localidade>Maceió</localidade>
    <uf>AL</uf>
    <estado>Alagoas</estado>
    <região/>
    <ibge>2704302</ibge>
    <gia/>
    <ddd>82</ddd>
    <siafi>2785</siafi>
  </cep>
  <cep>
    <cep>57040-720</cep>
    <logradouro>Rua Tenente Brasil</logradouro>
    <complemento/>
    <unidade/>
    <bairro>Jacintinho</bairro>
    <localidade>Maceió</localidade>
    <uf>AL</uf>
    <estado>Alagoas</estado>
    <região/>
    <ibge>2704302</ibge>
    <gia/>
    <ddd>82</ddd>
    <siafi>2785</siafi>
  </cep>
  <cep>
    <cep>57040-770</cep>
    <logradouro>Travessa Gomes Rodrigues</logradouro>
    <complemento/>
    <unidade/>
    <bairro>Jacintinho</bairro>
    <localidade>Maceió</localidade>
    <uf>AL</uf>
    <estado>Alagoas</estado>
    <região/>
    <ibge>2704302</ibge>
    <gia/>
    <ddd>82</ddd>
    <siafi>2785</siafi>
  </cep>
  <cep>
    <cep>57040-740</cep>
    <logradouro>Rua Muniz Falcão</logradouro>
    <complemento/>
    <unidade/>
    <bairro>Jacintinho</bairro>
    <localidade>Maceió</localidade>
    <uf>AL</uf>
    <estado>Alagoas</estado>
    <região/>
    <ibge>2704302</ibge>
    <gia/>
    <ddd>82</ddd>
    <siafi>2785</siafi>
  </cep>
  <cep>
    <cep>57040-760</cep>
    <logradouro>Rua Santo Amaro</logradouro>
    <complemento/>
    <unidade/>
    <bairro>Jacintinho</bairro>
    <localidade>Maceió</localidade>
    <uf>AL</uf>
    <estado>Alagoas</estado>
    <região/>
    <ibge>2704302</ibge>
    <gia/>
    <ddd>82</ddd>
    <siafi>2785</siafi>
  </cep>
  <cep>
    <cep>57040-840</cep>
    <logradouro>Rua C</logradouro>
    <complemento>(Cj Mutirão)</complemento>
    <unidade/>
    <bairro>Jacintinho</bairro>
    <localidade>Maceió</localidade>
    <uf>AL</uf>
    <estado>Alagoas</estado>
    <região/>
    <ibge>2704302</ibge>
    <gia/>
    <ddd>82</ddd>
    <siafi>2785</siafi>
  </cep>
  <cep>
    <cep>57040-810</cep>
    <logradouro>Rua Manoel Eriberto</logradouro>
    <complemento/>
    <unidade/>
    <bairro>Jacintinho</bairro>
    <localidade>Maceió</localidade>
    <uf>AL</uf>
    <estado>Alagoas</estado>
    <região/>
    <ibge>2704302</ibge>
    <gia/>
    <ddd>82</ddd>
    <siafi>2785</siafi>
  </cep>
  <cep>
    <cep>57040-800</cep>
    <logradouro>Rua Benjamin Moreira</logradouro>
    <complemento/>
    <unidade/>
    <bairro>Jacintinho</bairro>
    <localidade>Maceió</localidade>
    <uf>AL</uf>
    <estado>Alagoas</estado>
    <região/>
    <ibge>2704302</ibge>
    <gia/>
    <ddd>82</ddd>
    <siafi>2785</siafi>
  </cep>
  <cep>
    <cep>57040-825</cep>
    <logradouro>Rua Doutor Gomes Rodrigues</logradouro>
    <complemento/>
    <unidade/>
    <bairro>Jacintinho</bairro>
    <localidade>Maceió</localidade>
    <uf>AL</uf>
    <estado>Alagoas</estado>
    <região/>
    <ibge>2704302</ibge>
    <gia/>
    <ddd>82</ddd>
    <siafi>2785</siafi>
  </cep>
  <cep>
    <cep>57040-830</cep>
    <logradouro>Rua Paulo Neto</logradouro>
    <complemento/>
    <unidade/>
    <bairro>Jacintinho</bairro>
    <localidade>Maceió</localidade>
    <uf>AL</uf>
    <estado>Alagoas</estado>
    <região/>
    <ibge>2704302</ibge>
    <gia/>
    <ddd>82</ddd>
    <siafi>2785</siafi>
  </cep>
  <cep>
    <cep>57040-820</cep>
    <logradouro>Rua Nossa Senhora de Fátima</logradouro>
    <complemento/>
    <unidade/>
    <bairro>Jacintinho</bairro>
    <localidade>Maceió</localidade>
    <uf>AL</uf>
    <estado>Alagoas</estado>
    <região/>
    <ibge>2704302</ibge>
    <gia/>
    <ddd>82</ddd>
    <siafi>2785</siafi>
  </cep>
  <cep>
    <cep>57040-710</cep>
    <logradouro>Rua São Sebastião</logradouro>
    <complemento/>
    <unidade/>
    <bairro>Jacintinho</bairro>
    <localidade>Maceió</localidade>
    <uf>AL</uf>
    <estado>Alagoas</estado>
    <região/>
    <ibge>2704302</ibge>
    <gia/>
    <ddd>82</ddd>
    <siafi>2785</siafi>
  </cep>
  <cep>
    <cep>57040-780</cep>
    <logradouro>Rua Tenente-Coronel - Eb Pedro Jerônimo dos Santos</logradouro>
    <complemento/>
    <unidade/>
    <bairro>Jacintinho</bairro>
    <localidade>Maceió</localidade>
    <uf>AL</uf>
    <estado>Alagoas</estado>
    <região/>
    <ibge>2704302</ibge>
    <gia/>
    <ddd>82</ddd>
    <siafi>2785</siafi>
  </cep>
  <cep>
    <cep>57040-795</cep>
    <logradouro>Rua Sara Vitória</logradouro>
    <complemento>(Com São Rafael)</complemento>
    <unidade/>
    <bairro>Jacintinho</bairro>
    <localidade>Maceió</localidade>
    <uf>AL</uf>
    <estado>Alagoas</estado>
    <região/>
    <ibge>2704302</ibge>
    <gia/>
    <ddd>82</ddd>
    <siafi>2785</siafi>
  </cep>
  <cep>
    <cep>57040-842</cep>
    <logradouro>Rua A</logradouro>
    <complemento>(Cj Mutirão)</complemento>
    <unidade/>
    <bairro>Jacintinho</bairro>
    <localidade>Maceió</localidade>
    <uf>AL</uf>
    <estado>Alagoas</estado>
    <região/>
    <ibge>2704302</ibge>
    <gia/>
    <ddd>82</ddd>
    <siafi>2785</siafi>
  </cep>
  <cep>
    <cep>57040-850</cep>
    <logradouro>Rua Santa Fé</logradouro>
    <complemento/>
    <unidade/>
    <bairro>Jacintinho</bairro>
    <localidade>Maceió</localidade>
    <uf>AL</uf>
    <estado>Alagoas</estado>
    <região/>
    <ibge>2704302</ibge>
    <gia/>
    <ddd>82</ddd>
    <siafi>2785</siafi>
  </cep>
  <cep>
    <cep>57041-000</cep>
    <logradouro>Rua Cleto Campelo</logradouro>
    <complemento/>
    <unidade/>
    <bairro>Jacintinho</bairro>
    <localidade>Maceió</localidade>
    <uf>AL</uf>
    <estado>Alagoas</estado>
    <região/>
    <ibge>2704302</ibge>
    <gia/>
    <ddd>82</ddd>
    <siafi>2785</siafi>
  </cep>
  <cep>
    <cep>57041-020</cep>
    <logradouro>Rua Alcides Ramos de Lima</logradouro>
    <complemento/>
    <unidade/>
    <bairro>Jacintinho</bairro>
    <localidade>Maceió</localidade>
    <uf>AL</uf>
    <estado>Alagoas</estado>
    <região/>
    <ibge>2704302</ibge>
    <gia/>
    <ddd>82</ddd>
    <siafi>2785</siafi>
  </cep>
  <cep>
    <cep>57041-024</cep>
    <logradouro>Rua E</logradouro>
    <complemento>(Lot Bela Vista)</complemento>
    <unidade/>
    <bairro>Jacintinho</bairro>
    <localidade>Maceió</localidade>
    <uf>AL</uf>
    <estado>Alagoas</estado>
    <região/>
    <ibge>2704302</ibge>
    <gia/>
    <ddd>82</ddd>
    <siafi>2785</siafi>
  </cep>
  <cep>
    <cep>57041-040</cep>
    <logradouro>Rua Antônio Joaquim de Oliveira</logradouro>
    <complemento/>
    <unidade/>
    <bairro>Jacintinho</bairro>
    <localidade>Maceió</localidade>
    <uf>AL</uf>
    <estado>Alagoas</estado>
    <região/>
    <ibge>2704302</ibge>
    <gia/>
    <ddd>82</ddd>
    <siafi>2785</siafi>
  </cep>
  <cep>
    <cep>57041-030</cep>
    <logradouro>Rua Anésio Pereira Bastos</logradouro>
    <complemento/>
    <unidade/>
    <bairro>Jacintinho</bairro>
    <localidade>Maceió</localidade>
    <uf>AL</uf>
    <estado>Alagoas</estado>
    <região/>
    <ibge>2704302</ibge>
    <gia/>
    <ddd>82</ddd>
    <siafi>2785</siafi>
  </cep>
  <cep>
    <cep>57041-010</cep>
    <logradouro>Rua CD</logradouro>
    <complemento>(Lot Pau D'Arco - Alcides Correia)</complemento>
    <unidade/>
    <bairro>Jacintinho</bairro>
    <localidade>Maceió</localidade>
    <uf>AL</uf>
    <estado>Alagoas</estado>
    <região/>
    <ibge>2704302</ibge>
    <gia/>
    <ddd>82</ddd>
    <siafi>2785</siafi>
  </cep>
  <cep>
    <cep>57041-022</cep>
    <logradouro>Rua Projetada 1053</logradouro>
    <complemento>(Lot Bela Vista)</complemento>
    <unidade/>
    <bairro>Jacintinho</bairro>
    <localidade>Maceió</localidade>
    <uf>AL</uf>
    <estado>Alagoas</estado>
    <região/>
    <ibge>2704302</ibge>
    <gia/>
    <ddd>82</ddd>
    <siafi>2785</siafi>
  </cep>
  <cep>
    <cep>57041-026</cep>
    <logradouro>Rua B</logradouro>
    <complemento>(Lot Bela Vista)</complemento>
    <unidade/>
    <bairro>Jacintinho</bairro>
    <localidade>Maceió</localidade>
    <uf>AL</uf>
    <estado>Alagoas</estado>
    <região/>
    <ibge>2704302</ibge>
    <gia/>
    <ddd>82</ddd>
    <siafi>2785</siafi>
  </cep>
  <cep>
    <cep>57041-005</cep>
    <logradouro>Travessa Cleto Campelo</logradouro>
    <complemento/>
    <unidade/>
    <bairro>Jacintinho</bairro>
    <localidade>Maceió</localidade>
    <uf>AL</uf>
    <estado>Alagoas</estado>
    <região/>
    <ibge>2704302</ibge>
    <gia/>
    <ddd>82</ddd>
    <siafi>2785</siafi>
  </cep>
  <cep>
    <cep>57041-071</cep>
    <logradouro>Rua Projetada 1035</logradouro>
    <complemento>(Lot Pau D'Arco)</complemento>
    <unidade/>
    <bairro>Jacintinho</bairro>
    <localidade>Maceió</localidade>
    <uf>AL</uf>
    <estado>Alagoas</estado>
    <região/>
    <ibge>2704302</ibge>
    <gia/>
    <ddd>82</ddd>
    <siafi>2785</siafi>
  </cep>
  <cep>
    <cep>57041-050</cep>
    <logradouro>Rua Bela Vista</logradouro>
    <complemento/>
    <unidade/>
    <bairro>Jacintinho</bairro>
    <localidade>Maceió</localidade>
    <uf>AL</uf>
    <estado>Alagoas</estado>
    <região/>
    <ibge>2704302</ibge>
    <gia/>
    <ddd>82</ddd>
    <siafi>2785</siafi>
  </cep>
  <cep>
    <cep>57041-070</cep>
    <logradouro>Rua Demerval Macário</logradouro>
    <complemento/>
    <unidade/>
    <bairro>Jacintinho</bairro>
    <localidade>Maceió</localidade>
    <uf>AL</uf>
    <estado>Alagoas</estado>
    <região/>
    <ibge>2704302</ibge>
    <gia/>
    <ddd>82</ddd>
    <siafi>2785</siafi>
  </cep>
  <cep>
    <cep>57041-072</cep>
    <logradouro>Rua 2</logradouro>
    <complemento>(Lot Pau D'Arco)</complemento>
    <unidade/>
    <bairro>Jacintinho</bairro>
    <localidade>Maceió</localidade>
    <uf>AL</uf>
    <estado>Alagoas</estado>
    <região/>
    <ibge>2704302</ibge>
    <gia/>
    <ddd>82</ddd>
    <siafi>2785</siafi>
  </cep>
  <cep>
    <cep>57041-073</cep>
    <logradouro>Rua E</logradouro>
    <complemento>(Lot Pau D'Arco)</complemento>
    <unidade/>
    <bairro>Jacintinho</bairro>
    <localidade>Maceió</localidade>
    <uf>AL</uf>
    <estado>Alagoas</estado>
    <região/>
    <ibge>2704302</ibge>
    <gia/>
    <ddd>82</ddd>
    <siafi>2785</siafi>
  </cep>
  <cep>
    <cep>57041-074</cep>
    <logradouro>Rua F</logradouro>
    <complemento>(Lot Pau D'Arco)</complemento>
    <unidade/>
    <bairro>Jacintinho</bairro>
    <localidade>Maceió</localidade>
    <uf>AL</uf>
    <estado>Alagoas</estado>
    <região/>
    <ibge>2704302</ibge>
    <gia/>
    <ddd>82</ddd>
    <siafi>2785</siafi>
  </cep>
  <cep>
    <cep>57041-075</cep>
    <logradouro>Travessa Pau d'Arco</logradouro>
    <complemento>(Lot Pau D'Arco)</complemento>
    <unidade/>
    <bairro>Jacintinho</bairro>
    <localidade>Maceió</localidade>
    <uf>AL</uf>
    <estado>Alagoas</estado>
    <região/>
    <ibge>2704302</ibge>
    <gia/>
    <ddd>82</ddd>
    <siafi>2785</siafi>
  </cep>
  <cep>
    <cep>57041-080</cep>
    <logradouro>Rua Ster Caparica da Silva</logradouro>
    <complemento/>
    <unidade/>
    <bairro>Jacintinho</bairro>
    <localidade>Maceió</localidade>
    <uf>AL</uf>
    <estado>Alagoas</estado>
    <região/>
    <ibge>2704302</ibge>
    <gia/>
    <ddd>82</ddd>
    <siafi>2785</siafi>
  </cep>
  <cep>
    <cep>57041-085</cep>
    <logradouro>Rua C</logradouro>
    <complemento>(Cj José da Silva Peixoto)</complemento>
    <unidade/>
    <bairro>Jacintinho</bairro>
    <localidade>Maceió</localidade>
    <uf>AL</uf>
    <estado>Alagoas</estado>
    <região/>
    <ibge>2704302</ibge>
    <gia/>
    <ddd>82</ddd>
    <siafi>2785</siafi>
  </cep>
  <cep>
    <cep>57041-132</cep>
    <logradouro>Rua O</logradouro>
    <complemento>(Cj José da Silva Peixoto)</complemento>
    <unidade/>
    <bairro>Jacintinho</bairro>
    <localidade>Maceió</localidade>
    <uf>AL</uf>
    <estado>Alagoas</estado>
    <região/>
    <ibge>2704302</ibge>
    <gia/>
    <ddd>82</ddd>
    <siafi>2785</siafi>
  </cep>
  <cep>
    <cep>57041-090</cep>
    <logradouro>Rua Francisco Xavier</logradouro>
    <complemento/>
    <unidade/>
    <bairro>Jacintinho</bairro>
    <localidade>Maceió</localidade>
    <uf>AL</uf>
    <estado>Alagoas</estado>
    <região/>
    <ibge>2704302</ibge>
    <gia/>
    <ddd>82</ddd>
    <siafi>2785</siafi>
  </cep>
  <cep>
    <cep>57041-134</cep>
    <logradouro>Vila Menino Jesus</logradouro>
    <complemento/>
    <unidade/>
    <bairro>Jacintinho</bairro>
    <localidade>Maceió</localidade>
    <uf>AL</uf>
    <estado>Alagoas</estado>
    <região/>
    <ibge>2704302</ibge>
    <gia/>
    <ddd>82</ddd>
    <siafi>2785</siafi>
  </cep>
  <cep>
    <cep>57041-138</cep>
    <logradouro>Rua MN</logradouro>
    <complemento>(Cj José da Silva Peixoto)</complemento>
    <unidade/>
    <bairro>Jacintinho</bairro>
    <localidade>Maceió</localidade>
    <uf>AL</uf>
    <estado>Alagoas</estado>
    <região/>
    <ibge>2704302</ibge>
    <gia/>
    <ddd>82</ddd>
    <siafi>2785</siafi>
  </cep>
  <cep>
    <cep>57041-110</cep>
    <logradouro>Rua Joaninha Macário</logradouro>
    <complemento/>
    <unidade/>
    <bairro>Jacintinho</bairro>
    <localidade>Maceió</localidade>
    <uf>AL</uf>
    <estado>Alagoas</estado>
    <região/>
    <ibge>2704302</ibge>
    <gia/>
    <ddd>82</ddd>
    <siafi>2785</siafi>
  </cep>
  <cep>
    <cep>57041-139</cep>
    <logradouro>Rua José Jorge de Melo Gonçalves</logradouro>
    <complemento>lado ímpar</complemento>
    <unidade/>
    <bairro>Jacintinho</bairro>
    <localidade>Maceió</localidade>
    <uf>AL</uf>
    <estado>Alagoas</estado>
    <região/>
    <ibge>2704302</ibge>
    <gia/>
    <ddd>82</ddd>
    <siafi>2785</siafi>
  </cep>
  <cep>
    <cep>57041-100</cep>
    <logradouro>Rua Frei Damião</logradouro>
    <complemento/>
    <unidade/>
    <bairro>Jacintinho</bairro>
    <localidade>Maceió</localidade>
    <uf>AL</uf>
    <estado>Alagoas</estado>
    <região/>
    <ibge>2704302</ibge>
    <gia/>
    <ddd>82</ddd>
    <siafi>2785</siafi>
  </cep>
  <cep>
    <cep>57041-130</cep>
    <logradouro>Rua José Ferreira dos Santos</logradouro>
    <complemento/>
    <unidade/>
    <bairro>Jacintinho</bairro>
    <localidade>Maceió</localidade>
    <uf>AL</uf>
    <estado>Alagoas</estado>
    <região/>
    <ibge>2704302</ibge>
    <gia/>
    <ddd>82</ddd>
    <siafi>2785</siafi>
  </cep>
  <cep>
    <cep>57041-144</cep>
    <logradouro>Rua L</logradouro>
    <complemento>(Cj José da Silva Peixoto)</complemento>
    <unidade/>
    <bairro>Jacintinho</bairro>
    <localidade>Maceió</localidade>
    <uf>AL</uf>
    <estado>Alagoas</estado>
    <região/>
    <ibge>2704302</ibge>
    <gia/>
    <ddd>82</ddd>
    <siafi>2785</siafi>
  </cep>
  <cep>
    <cep>57041-143</cep>
    <logradouro>Rua M</logradouro>
    <complemento>(Cj José da Silva Peixoto)</complemento>
    <unidade/>
    <bairro>Jacintinho</bairro>
    <localidade>Maceió</localidade>
    <uf>AL</uf>
    <estado>Alagoas</estado>
    <região/>
    <ibge>2704302</ibge>
    <gia/>
    <ddd>82</ddd>
    <siafi>2785</siafi>
  </cep>
  <cep>
    <cep>57041-136</cep>
    <logradouro>Rua N</logradouro>
    <complemento>(Cj José da Silva Peixoto)</complemento>
    <unidade/>
    <bairro>Jacintinho</bairro>
    <localidade>Maceió</localidade>
    <uf>AL</uf>
    <estado>Alagoas</estado>
    <região/>
    <ibge>2704302</ibge>
    <gia/>
    <ddd>82</ddd>
    <siafi>2785</siafi>
  </cep>
  <cep>
    <cep>57041-141</cep>
    <logradouro>Rua José Jorge de Melo Gonçalves</logradouro>
    <complemento>lado par</complemento>
    <unidade/>
    <bairro>Jacintinho</bairro>
    <localidade>Maceió</localidade>
    <uf>AL</uf>
    <estado>Alagoas</estado>
    <região/>
    <ibge>2704302</ibge>
    <gia/>
    <ddd>82</ddd>
    <siafi>2785</siafi>
  </cep>
  <cep>
    <cep>57041-142</cep>
    <logradouro>Rua LM</logradouro>
    <complemento>(Cj José da Silva Peixoto)</complemento>
    <unidade/>
    <bairro>Jacintinho</bairro>
    <localidade>Maceió</localidade>
    <uf>AL</uf>
    <estado>Alagoas</estado>
    <região/>
    <ibge>2704302</ibge>
    <gia/>
    <ddd>82</ddd>
    <siafi>2785</siafi>
  </cep>
  <cep>
    <cep>57041-146</cep>
    <logradouro>Rua K</logradouro>
    <complemento>(Cj José da Silva Peixoto)</complemento>
    <unidade/>
    <bairro>Jacintinho</bairro>
    <localidade>Maceió</localidade>
    <uf>AL</uf>
    <estado>Alagoas</estado>
    <região/>
    <ibge>2704302</ibge>
    <gia/>
    <ddd>82</ddd>
    <siafi>2785</siafi>
  </cep>
  <cep>
    <cep>57041-148</cep>
    <logradouro>Rua KL</logradouro>
    <complemento>(Cj José da Silva Peixoto)</complemento>
    <unidade/>
    <bairro>Jacintinho</bairro>
    <localidade>Maceió</localidade>
    <uf>AL</uf>
    <estado>Alagoas</estado>
    <região/>
    <ibge>2704302</ibge>
    <gia/>
    <ddd>82</ddd>
    <siafi>2785</siafi>
  </cep>
  <cep>
    <cep>57041-160</cep>
    <logradouro>Rua Maria de Lourdes Moura Teixeira</logradouro>
    <complemento/>
    <unidade/>
    <bairro>Jacintinho</bairro>
    <localidade>Maceió</localidade>
    <uf>AL</uf>
    <estado>Alagoas</estado>
    <região/>
    <ibge>2704302</ibge>
    <gia/>
    <ddd>82</ddd>
    <siafi>2785</siafi>
  </cep>
  <cep>
    <cep>57041-150</cep>
    <logradouro>Rua José Macário</logradouro>
    <complemento/>
    <unidade/>
    <bairro>Jacintinho</bairro>
    <localidade>Maceió</localidade>
    <uf>AL</uf>
    <estado>Alagoas</estado>
    <região/>
    <ibge>2704302</ibge>
    <gia/>
    <ddd>82</ddd>
    <siafi>2785</siafi>
  </cep>
  <cep>
    <cep>57041-190</cep>
    <logradouro>Rua Sérgio Alves da Silva</logradouro>
    <complemento/>
    <unidade/>
    <bairro>Jacintinho</bairro>
    <localidade>Maceió</localidade>
    <uf>AL</uf>
    <estado>Alagoas</estado>
    <região/>
    <ibge>2704302</ibge>
    <gia/>
    <ddd>82</ddd>
    <siafi>2785</siafi>
  </cep>
  <cep>
    <cep>57041-207</cep>
    <logradouro>3ª Travessa São João</logradouro>
    <complemento/>
    <unidade/>
    <bairro>Jacintinho</bairro>
    <localidade>Maceió</localidade>
    <uf>AL</uf>
    <estado>Alagoas</estado>
    <região/>
    <ibge>2704302</ibge>
    <gia/>
    <ddd>82</ddd>
    <siafi>2785</siafi>
  </cep>
  <cep>
    <cep>57041-214</cep>
    <logradouro>2ª Travessa do Encanto</logradouro>
    <complemento/>
    <unidade/>
    <bairro>Jacintinho</bairro>
    <localidade>Maceió</localidade>
    <uf>AL</uf>
    <estado>Alagoas</estado>
    <região/>
    <ibge>2704302</ibge>
    <gia/>
    <ddd>82</ddd>
    <siafi>2785</siafi>
  </cep>
  <cep>
    <cep>57041-212</cep>
    <logradouro>1ª Travessa do Encanto</logradouro>
    <complemento/>
    <unidade/>
    <bairro>Jacintinho</bairro>
    <localidade>Maceió</localidade>
    <uf>AL</uf>
    <estado>Alagoas</estado>
    <região/>
    <ibge>2704302</ibge>
    <gia/>
    <ddd>82</ddd>
    <siafi>2785</siafi>
  </cep>
  <cep>
    <cep>57041-244</cep>
    <logradouro>Rua Grota do Moreira</logradouro>
    <complemento/>
    <unidade/>
    <bairro>Jacintinho</bairro>
    <localidade>Maceió</localidade>
    <uf>AL</uf>
    <estado>Alagoas</estado>
    <região/>
    <ibge>2704302</ibge>
    <gia/>
    <ddd>82</ddd>
    <siafi>2785</siafi>
  </cep>
  <cep>
    <cep>57041-205</cep>
    <logradouro>1ª Travessa São João</logradouro>
    <complemento/>
    <unidade/>
    <bairro>Jacintinho</bairro>
    <localidade>Maceió</localidade>
    <uf>AL</uf>
    <estado>Alagoas</estado>
    <região/>
    <ibge>2704302</ibge>
    <gia/>
    <ddd>82</ddd>
    <siafi>2785</siafi>
  </cep>
  <cep>
    <cep>57041-208</cep>
    <logradouro>4ª Travessa São João</logradouro>
    <complemento/>
    <unidade/>
    <bairro>Jacintinho</bairro>
    <localidade>Maceió</localidade>
    <uf>AL</uf>
    <estado>Alagoas</estado>
    <região/>
    <ibge>2704302</ibge>
    <gia/>
    <ddd>82</ddd>
    <siafi>2785</siafi>
  </cep>
  <cep>
    <cep>57041-192</cep>
    <logradouro>Rua BC</logradouro>
    <complemento>(Cj José da Silva Peixoto)</complemento>
    <unidade/>
    <bairro>Jacintinho</bairro>
    <localidade>Maceió</localidade>
    <uf>AL</uf>
    <estado>Alagoas</estado>
    <região/>
    <ibge>2704302</ibge>
    <gia/>
    <ddd>82</ddd>
    <siafi>2785</siafi>
  </cep>
  <cep>
    <cep>57041-280</cep>
    <logradouro>Rua do Sossego</logradouro>
    <complemento/>
    <unidade/>
    <bairro>Jacintinho</bairro>
    <localidade>Maceió</localidade>
    <uf>AL</uf>
    <estado>Alagoas</estado>
    <região/>
    <ibge>2704302</ibge>
    <gia/>
    <ddd>82</ddd>
    <siafi>2785</siafi>
  </cep>
  <cep>
    <cep>57041-294</cep>
    <logradouro>2ª Travessa Valdemar Ferreira</logradouro>
    <complemento/>
    <unidade/>
    <bairro>Jacintinho</bairro>
    <localidade>Maceió</localidade>
    <uf>AL</uf>
    <estado>Alagoas</estado>
    <região/>
    <ibge>2704302</ibge>
    <gia/>
    <ddd>82</ddd>
    <siafi>2785</siafi>
  </cep>
  <cep>
    <cep>57041-277</cep>
    <logradouro>Rua São Vicente</logradouro>
    <complemento>(Cj J da Silva Peixoto)</complemento>
    <unidade/>
    <bairro>Jacintinho</bairro>
    <localidade>Maceió</localidade>
    <uf>AL</uf>
    <estado>Alagoas</estado>
    <região/>
    <ibge>2704302</ibge>
    <gia/>
    <ddd>82</ddd>
    <siafi>2785</siafi>
  </cep>
  <cep>
    <cep>57041-350</cep>
    <logradouro>Rua Centro Sportivo Alagoano</logradouro>
    <complemento/>
    <unidade/>
    <bairro>Jacintinho</bairro>
    <localidade>Maceió</localidade>
    <uf>AL</uf>
    <estado>Alagoas</estado>
    <região/>
    <ibge>2704302</ibge>
    <gia/>
    <ddd>82</ddd>
    <siafi>2785</siafi>
  </cep>
  <cep>
    <cep>57041-170</cep>
    <logradouro>Rua Maria Pinheiro dos Santos</logradouro>
    <complemento/>
    <unidade/>
    <bairro>Jacintinho</bairro>
    <localidade>Maceió</localidade>
    <uf>AL</uf>
    <estado>Alagoas</estado>
    <região/>
    <ibge>2704302</ibge>
    <gia/>
    <ddd>82</ddd>
    <siafi>2785</siafi>
  </cep>
  <cep>
    <cep>57041-176</cep>
    <logradouro>Rua F</logradouro>
    <complemento>(Cj José da Silva Peixoto)</complemento>
    <unidade/>
    <bairro>Jacintinho</bairro>
    <localidade>Maceió</localidade>
    <uf>AL</uf>
    <estado>Alagoas</estado>
    <região/>
    <ibge>2704302</ibge>
    <gia/>
    <ddd>82</ddd>
    <siafi>2785</siafi>
  </cep>
  <cep>
    <cep>57041-320</cep>
    <logradouro>Rua Amaro Feitosa</logradouro>
    <complemento/>
    <unidade/>
    <bairro>Jacintinho</bairro>
    <localidade>Maceió</localidade>
    <uf>AL</uf>
    <estado>Alagoas</estado>
    <região/>
    <ibge>2704302</ibge>
    <gia/>
    <ddd>82</ddd>
    <siafi>2785</siafi>
  </cep>
  <cep>
    <cep>57041-278</cep>
    <logradouro>2ª Travessa São Vicente</logradouro>
    <complemento/>
    <unidade/>
    <bairro>Jacintinho</bairro>
    <localidade>Maceió</localidade>
    <uf>AL</uf>
    <estado>Alagoas</estado>
    <região/>
    <ibge>2704302</ibge>
    <gia/>
    <ddd>82</ddd>
    <siafi>2785</siafi>
  </cep>
  <cep>
    <cep>57041-178</cep>
    <logradouro>Rua H</logradouro>
    <complemento>(Cj José da Silva Peixoto)</complemento>
    <unidade/>
    <bairro>Jacintinho</bairro>
    <localidade>Maceió</localidade>
    <uf>AL</uf>
    <estado>Alagoas</estado>
    <região/>
    <ibge>2704302</ibge>
    <gia/>
    <ddd>82</ddd>
    <siafi>2785</siafi>
  </cep>
  <cep>
    <cep>57041-230</cep>
    <logradouro>Rua Jota Prezado</logradouro>
    <complemento/>
    <unidade/>
    <bairro>Jacintinho</bairro>
    <localidade>Maceió</localidade>
    <uf>AL</uf>
    <estado>Alagoas</estado>
    <região/>
    <ibge>2704302</ibge>
    <gia/>
    <ddd>82</ddd>
    <siafi>2785</siafi>
  </cep>
  <cep>
    <cep>57041-171</cep>
    <logradouro>Rua E</logradouro>
    <complemento>(Cj José da Silva Peixoto)</complemento>
    <unidade/>
    <bairro>Jacintinho</bairro>
    <localidade>Maceió</localidade>
    <uf>AL</uf>
    <estado>Alagoas</estado>
    <região/>
    <ibge>2704302</ibge>
    <gia/>
    <ddd>82</ddd>
    <siafi>2785</siafi>
  </cep>
  <cep>
    <cep>57041-240</cep>
    <logradouro>Rua Primeiro de Março</logradouro>
    <complemento/>
    <unidade/>
    <bairro>Jacintinho</bairro>
    <localidade>Maceió</localidade>
    <uf>AL</uf>
    <estado>Alagoas</estado>
    <região/>
    <ibge>2704302</ibge>
    <gia/>
    <ddd>82</ddd>
    <siafi>2785</siafi>
  </cep>
  <cep>
    <cep>57041-172</cep>
    <logradouro>Rua EF</logradouro>
    <complemento>(Cj José da Silva Peixoto)</complemento>
    <unidade/>
    <bairro>Jacintinho</bairro>
    <localidade>Maceió</localidade>
    <uf>AL</uf>
    <estado>Alagoas</estado>
    <região/>
    <ibge>2704302</ibge>
    <gia/>
    <ddd>82</ddd>
    <siafi>2785</siafi>
  </cep>
  <cep>
    <cep>57041-180</cep>
    <logradouro>Rua Otacílio Pereira Wanderley</logradouro>
    <complemento/>
    <unidade/>
    <bairro>Jacintinho</bairro>
    <localidade>Maceió</localidade>
    <uf>AL</uf>
    <estado>Alagoas</estado>
    <região/>
    <ibge>2704302</ibge>
    <gia/>
    <ddd>82</ddd>
    <siafi>2785</siafi>
  </cep>
  <cep>
    <cep>57041-361</cep>
    <logradouro>Rua Santa Alice</logradouro>
    <complemento/>
    <unidade/>
    <bairro>Jacintinho</bairro>
    <localidade>Maceió</localidade>
    <uf>AL</uf>
    <estado>Alagoas</estado>
    <região/>
    <ibge>2704302</ibge>
    <gia/>
    <ddd>82</ddd>
    <siafi>2785</siafi>
  </cep>
  <cep>
    <cep>57041-365</cep>
    <logradouro>Travessa Clube de Regatas Brasil</logradouro>
    <complemento/>
    <unidade/>
    <bairro>Jacintinho</bairro>
    <localidade>Maceió</localidade>
    <uf>AL</uf>
    <estado>Alagoas</estado>
    <região/>
    <ibge>2704302</ibge>
    <gia/>
    <ddd>82</ddd>
    <siafi>2785</siafi>
  </cep>
  <cep>
    <cep>57041-276</cep>
    <logradouro>3ª Travessa São Vicente</logradouro>
    <complemento/>
    <unidade/>
    <bairro>Jacintinho</bairro>
    <localidade>Maceió</localidade>
    <uf>AL</uf>
    <estado>Alagoas</estado>
    <região/>
    <ibge>2704302</ibge>
    <gia/>
    <ddd>82</ddd>
    <siafi>2785</siafi>
  </cep>
  <cep>
    <cep>57041-265</cep>
    <logradouro>Rua São João</logradouro>
    <complemento>(CSU)</complemento>
    <unidade/>
    <bairro>Jacintinho</bairro>
    <localidade>Maceió</localidade>
    <uf>AL</uf>
    <estado>Alagoas</estado>
    <região/>
    <ibge>2704302</ibge>
    <gia/>
    <ddd>82</ddd>
    <siafi>2785</siafi>
  </cep>
  <cep>
    <cep>57041-370</cep>
    <logradouro>Rua Colégio Batista Alagoano</logradouro>
    <complemento/>
    <unidade/>
    <bairro>Jacintinho</bairro>
    <localidade>Maceió</localidade>
    <uf>AL</uf>
    <estado>Alagoas</estado>
    <região/>
    <ibge>2704302</ibge>
    <gia/>
    <ddd>82</ddd>
    <siafi>2785</siafi>
  </cep>
  <cep>
    <cep>57041-210</cep>
    <logradouro>Rua do Encanto</logradouro>
    <complemento/>
    <unidade/>
    <bairro>Jacintinho</bairro>
    <localidade>Maceió</localidade>
    <uf>AL</uf>
    <estado>Alagoas</estado>
    <região/>
    <ibge>2704302</ibge>
    <gia/>
    <ddd>82</ddd>
    <siafi>2785</siafi>
  </cep>
  <cep>
    <cep>57041-232</cep>
    <logradouro>Travessa Jota Prezado</logradouro>
    <complemento/>
    <unidade/>
    <bairro>Jacintinho</bairro>
    <localidade>Maceió</localidade>
    <uf>AL</uf>
    <estado>Alagoas</estado>
    <região/>
    <ibge>2704302</ibge>
    <gia/>
    <ddd>82</ddd>
    <siafi>2785</siafi>
  </cep>
  <cep>
    <cep>57041-400</cep>
    <logradouro>Rua Doutor Farias Costa</logradouro>
    <complemento/>
    <unidade/>
    <bairro>Jacintinho</bairro>
    <localidade>Maceió</localidade>
    <uf>AL</uf>
    <estado>Alagoas</estado>
    <região/>
    <ibge>2704302</ibge>
    <gia/>
    <ddd>82</ddd>
    <siafi>2785</siafi>
  </cep>
  <cep>
    <cep>57041-410</cep>
    <logradouro>Rua Doutor José Jacinto</logradouro>
    <complemento/>
    <unidade/>
    <bairro>Jacintinho</bairro>
    <localidade>Maceió</localidade>
    <uf>AL</uf>
    <estado>Alagoas</estado>
    <região/>
    <ibge>2704302</ibge>
    <gia/>
    <ddd>82</ddd>
    <siafi>2785</siafi>
  </cep>
  <cep>
    <cep>57041-380</cep>
    <logradouro>Rua Colégio Guido de Fontgalland</logradouro>
    <complemento/>
    <unidade/>
    <bairro>Jacintinho</bairro>
    <localidade>Maceió</localidade>
    <uf>AL</uf>
    <estado>Alagoas</estado>
    <região/>
    <ibge>2704302</ibge>
    <gia/>
    <ddd>82</ddd>
    <siafi>2785</siafi>
  </cep>
  <cep>
    <cep>57041-411</cep>
    <logradouro>Rua 56</logradouro>
    <complemento>(Cj Castelo Branco)</complemento>
    <unidade/>
    <bairro>Jacintinho</bairro>
    <localidade>Maceió</localidade>
    <uf>AL</uf>
    <estado>Alagoas</estado>
    <região/>
    <ibge>2704302</ibge>
    <gia/>
    <ddd>82</ddd>
    <siafi>2785</siafi>
  </cep>
  <cep>
    <cep>57041-255</cep>
    <logradouro>Travessa Professor Divaldo Franco</logradouro>
    <complemento/>
    <unidade/>
    <bairro>Jacintinho</bairro>
    <localidade>Maceió</localidade>
    <uf>AL</uf>
    <estado>Alagoas</estado>
    <região/>
    <ibge>2704302</ibge>
    <gia/>
    <ddd>82</ddd>
    <siafi>2785</siafi>
  </cep>
  <cep>
    <cep>57041-413</cep>
    <logradouro>Rua 58</logradouro>
    <complemento>(Cj Castelo Branco)</complemento>
    <unidade/>
    <bairro>Jacintinho</bairro>
    <localidade>Maceió</localidade>
    <uf>AL</uf>
    <estado>Alagoas</estado>
    <região/>
    <ibge>2704302</ibge>
    <gia/>
    <ddd>82</ddd>
    <siafi>2785</siafi>
  </cep>
  <cep>
    <cep>57041-414</cep>
    <logradouro>Rua 62</logradouro>
    <complemento>(Cj Castelo Branco)</complemento>
    <unidade/>
    <bairro>Jacintinho</bairro>
    <localidade>Maceió</localidade>
    <uf>AL</uf>
    <estado>Alagoas</estado>
    <região/>
    <ibge>2704302</ibge>
    <gia/>
    <ddd>82</ddd>
    <siafi>2785</siafi>
  </cep>
  <cep>
    <cep>57041-412</cep>
    <logradouro>Rua 27</logradouro>
    <complemento>(Cj Castelo Branco)</complemento>
    <unidade/>
    <bairro>Jacintinho</bairro>
    <localidade>Maceió</localidade>
    <uf>AL</uf>
    <estado>Alagoas</estado>
    <região/>
    <ibge>2704302</ibge>
    <gia/>
    <ddd>82</ddd>
    <siafi>2785</siafi>
  </cep>
  <cep>
    <cep>57041-415</cep>
    <logradouro>Rua 33</logradouro>
    <complemento>(Cj Castelo Branco)</complemento>
    <unidade/>
    <bairro>Jacintinho</bairro>
    <localidade>Maceió</localidade>
    <uf>AL</uf>
    <estado>Alagoas</estado>
    <região/>
    <ibge>2704302</ibge>
    <gia/>
    <ddd>82</ddd>
    <siafi>2785</siafi>
  </cep>
  <cep>
    <cep>57041-206</cep>
    <logradouro>2ª Travessa São João</logradouro>
    <complemento/>
    <unidade/>
    <bairro>Jacintinho</bairro>
    <localidade>Maceió</localidade>
    <uf>AL</uf>
    <estado>Alagoas</estado>
    <região/>
    <ibge>2704302</ibge>
    <gia/>
    <ddd>82</ddd>
    <siafi>2785</siafi>
  </cep>
  <cep>
    <cep>57041-200</cep>
    <logradouro>Rua Ana Duarte</logradouro>
    <complemento/>
    <unidade/>
    <bairro>Jacintinho</bairro>
    <localidade>Maceió</localidade>
    <uf>AL</uf>
    <estado>Alagoas</estado>
    <região/>
    <ibge>2704302</ibge>
    <gia/>
    <ddd>82</ddd>
    <siafi>2785</siafi>
  </cep>
  <cep>
    <cep>57041-290</cep>
    <logradouro>Rua Valdemar Ferreira</logradouro>
    <complemento/>
    <unidade/>
    <bairro>Jacintinho</bairro>
    <localidade>Maceió</localidade>
    <uf>AL</uf>
    <estado>Alagoas</estado>
    <região/>
    <ibge>2704302</ibge>
    <gia/>
    <ddd>82</ddd>
    <siafi>2785</siafi>
  </cep>
  <cep>
    <cep>57041-300</cep>
    <logradouro>Rua Alfredo Marsiglia</logradouro>
    <complemento/>
    <unidade/>
    <bairro>Jacintinho</bairro>
    <localidade>Maceió</localidade>
    <uf>AL</uf>
    <estado>Alagoas</estado>
    <região/>
    <ibge>2704302</ibge>
    <gia/>
    <ddd>82</ddd>
    <siafi>2785</siafi>
  </cep>
  <cep>
    <cep>57041-417</cep>
    <logradouro>Travessa Projetada 81</logradouro>
    <complemento>(Cj Castelo Branco)</complemento>
    <unidade/>
    <bairro>Jacintinho</bairro>
    <localidade>Maceió</localidade>
    <uf>AL</uf>
    <estado>Alagoas</estado>
    <região/>
    <ibge>2704302</ibge>
    <gia/>
    <ddd>82</ddd>
    <siafi>2785</siafi>
  </cep>
  <cep>
    <cep>57041-418</cep>
    <logradouro>Rua 31</logradouro>
    <complemento>(Cj Castelo Branco)</complemento>
    <unidade/>
    <bairro>Jacintinho</bairro>
    <localidade>Maceió</localidade>
    <uf>AL</uf>
    <estado>Alagoas</estado>
    <região/>
    <ibge>2704302</ibge>
    <gia/>
    <ddd>82</ddd>
    <siafi>2785</siafi>
  </cep>
  <cep>
    <cep>57041-360</cep>
    <logradouro>Rua Clube de Regatas Brasil</logradouro>
    <complemento/>
    <unidade/>
    <bairro>Jacintinho</bairro>
    <localidade>Maceió</localidade>
    <uf>AL</uf>
    <estado>Alagoas</estado>
    <região/>
    <ibge>2704302</ibge>
    <gia/>
    <ddd>82</ddd>
    <siafi>2785</siafi>
  </cep>
  <cep>
    <cep>57041-416</cep>
    <logradouro>Rua 29</logradouro>
    <complemento>(Cj Castelo Branco)</complemento>
    <unidade/>
    <bairro>Jacintinho</bairro>
    <localidade>Maceió</localidade>
    <uf>AL</uf>
    <estado>Alagoas</estado>
    <região/>
    <ibge>2704302</ibge>
    <gia/>
    <ddd>82</ddd>
    <siafi>2785</siafi>
  </cep>
  <cep>
    <cep>57041-420</cep>
    <logradouro>Rua Prefeito Edvaldo Sena</logradouro>
    <complemento/>
    <unidade/>
    <bairro>Jacintinho</bairro>
    <localidade>Maceió</localidade>
    <uf>AL</uf>
    <estado>Alagoas</estado>
    <região/>
    <ibge>2704302</ibge>
    <gia/>
    <ddd>82</ddd>
    <siafi>2785</siafi>
  </cep>
  <cep>
    <cep>57041-162</cep>
    <logradouro>Rua J</logradouro>
    <complemento>(Cj José da Silva Peixoto)</complemento>
    <unidade/>
    <bairro>Jacintinho</bairro>
    <localidade>Maceió</localidade>
    <uf>AL</uf>
    <estado>Alagoas</estado>
    <região/>
    <ibge>2704302</ibge>
    <gia/>
    <ddd>82</ddd>
    <siafi>2785</siafi>
  </cep>
  <cep>
    <cep>57041-430</cep>
    <logradouro>Rua Enfermeiro Mariano</logradouro>
    <complemento/>
    <unidade/>
    <bairro>Jacintinho</bairro>
    <localidade>Maceió</localidade>
    <uf>AL</uf>
    <estado>Alagoas</estado>
    <região/>
    <ibge>2704302</ibge>
    <gia/>
    <ddd>82</ddd>
    <siafi>2785</siafi>
  </cep>
  <cep>
    <cep>57041-419</cep>
    <logradouro>Travessa 64</logradouro>
    <complemento>(Cj Castelo Branco)</complemento>
    <unidade/>
    <bairro>Jacintinho</bairro>
    <localidade>Maceió</localidade>
    <uf>AL</uf>
    <estado>Alagoas</estado>
    <região/>
    <ibge>2704302</ibge>
    <gia/>
    <ddd>82</ddd>
    <siafi>2785</siafi>
  </cep>
  <cep>
    <cep>57041-260</cep>
    <logradouro>Rua Professora Inêz</logradouro>
    <complemento/>
    <unidade/>
    <bairro>Jacintinho</bairro>
    <localidade>Maceió</localidade>
    <uf>AL</uf>
    <estado>Alagoas</estado>
    <região/>
    <ibge>2704302</ibge>
    <gia/>
    <ddd>82</ddd>
    <siafi>2785</siafi>
  </cep>
  <cep>
    <cep>57041-340</cep>
    <logradouro>Rua Doutor Carlindo de Miranda</logradouro>
    <complemento/>
    <unidade/>
    <bairro>Jacintinho</bairro>
    <localidade>Maceió</localidade>
    <uf>AL</uf>
    <estado>Alagoas</estado>
    <região/>
    <ibge>2704302</ibge>
    <gia/>
    <ddd>82</ddd>
    <siafi>2785</siafi>
  </cep>
  <cep>
    <cep>57041-450</cep>
    <logradouro>Rua Guilherme Rogato</logradouro>
    <complemento/>
    <unidade/>
    <bairro>Jacintinho</bairro>
    <localidade>Maceió</localidade>
    <uf>AL</uf>
    <estado>Alagoas</estado>
    <região/>
    <ibge>2704302</ibge>
    <gia/>
    <ddd>82</ddd>
    <siafi>2785</siafi>
  </cep>
  <cep>
    <cep>57041-440</cep>
    <logradouro>Rua Leão</logradouro>
    <complemento/>
    <unidade/>
    <bairro>Jacintinho</bairro>
    <localidade>Maceió</localidade>
    <uf>AL</uf>
    <estado>Alagoas</estado>
    <região/>
    <ibge>2704302</ibge>
    <gia/>
    <ddd>82</ddd>
    <siafi>2785</siafi>
  </cep>
  <cep>
    <cep>57041-275</cep>
    <logradouro>Travessa São Miguel</logradouro>
    <complemento/>
    <unidade/>
    <bairro>Jacintinho</bairro>
    <localidade>Maceió</localidade>
    <uf>AL</uf>
    <estado>Alagoas</estado>
    <região/>
    <ibge>2704302</ibge>
    <gia/>
    <ddd>82</ddd>
    <siafi>2785</siafi>
  </cep>
  <cep>
    <cep>57041-250</cep>
    <logradouro>Rua Professor Divaldo Franco</logradouro>
    <complemento/>
    <unidade/>
    <bairro>Jacintinho</bairro>
    <localidade>Maceió</localidade>
    <uf>AL</uf>
    <estado>Alagoas</estado>
    <região/>
    <ibge>2704302</ibge>
    <gia/>
    <ddd>82</ddd>
    <siafi>2785</siafi>
  </cep>
  <cep>
    <cep>57041-460</cep>
    <logradouro>Rua Guimarães Rosa</logradouro>
    <complemento/>
    <unidade/>
    <bairro>Jacintinho</bairro>
    <localidade>Maceió</localidade>
    <uf>AL</uf>
    <estado>Alagoas</estado>
    <região/>
    <ibge>2704302</ibge>
    <gia/>
    <ddd>82</ddd>
    <siafi>2785</siafi>
  </cep>
  <cep>
    <cep>57041-330</cep>
    <logradouro>Rua Breno Cansanção</logradouro>
    <complemento/>
    <unidade/>
    <bairro>Jacintinho</bairro>
    <localidade>Maceió</localidade>
    <uf>AL</uf>
    <estado>Alagoas</estado>
    <região/>
    <ibge>2704302</ibge>
    <gia/>
    <ddd>82</ddd>
    <siafi>2785</siafi>
  </cep>
  <cep>
    <cep>57041-203</cep>
    <logradouro>1ª Travessa São Vicente</logradouro>
    <complemento/>
    <unidade/>
    <bairro>Jacintinho</bairro>
    <localidade>Maceió</localidade>
    <uf>AL</uf>
    <estado>Alagoas</estado>
    <região/>
    <ibge>2704302</ibge>
    <gia/>
    <ddd>82</ddd>
    <siafi>2785</siafi>
  </cep>
  <cep>
    <cep>57041-220</cep>
    <logradouro>Rua Jaime Xavier</logradouro>
    <complemento/>
    <unidade/>
    <bairro>Jacintinho</bairro>
    <localidade>Maceió</localidade>
    <uf>AL</uf>
    <estado>Alagoas</estado>
    <região/>
    <ibge>2704302</ibge>
    <gia/>
    <ddd>82</ddd>
    <siafi>2785</siafi>
  </cep>
  <cep>
    <cep>57041-270</cep>
    <logradouro>Rua São Miguel</logradouro>
    <complemento/>
    <unidade/>
    <bairro>Jacintinho</bairro>
    <localidade>Maceió</localidade>
    <uf>AL</uf>
    <estado>Alagoas</estado>
    <região/>
    <ibge>2704302</ibge>
    <gia/>
    <ddd>82</ddd>
    <siafi>2785</siafi>
  </cep>
  <cep>
    <cep>57041-242</cep>
    <logradouro>Travessa Primeiro de Março</logradouro>
    <complemento/>
    <unidade/>
    <bairro>Jacintinho</bairro>
    <localidade>Maceió</localidade>
    <uf>AL</uf>
    <estado>Alagoas</estado>
    <região/>
    <ibge>2704302</ibge>
    <gia/>
    <ddd>82</ddd>
    <siafi>2785</siafi>
  </cep>
  <cep>
    <cep>57041-480</cep>
    <logradouro>Rua Ildefonso Pereira de Melo</logradouro>
    <complemento/>
    <unidade/>
    <bairro>Jacintinho</bairro>
    <localidade>Maceió</localidade>
    <uf>AL</uf>
    <estado>Alagoas</estado>
    <região/>
    <ibge>2704302</ibge>
    <gia/>
    <ddd>82</ddd>
    <siafi>2785</siafi>
  </cep>
  <cep>
    <cep>57041-292</cep>
    <logradouro>1ª Travessa Valdemar Ferreira</logradouro>
    <complemento/>
    <unidade/>
    <bairro>Jacintinho</bairro>
    <localidade>Maceió</localidade>
    <uf>AL</uf>
    <estado>Alagoas</estado>
    <região/>
    <ibge>2704302</ibge>
    <gia/>
    <ddd>82</ddd>
    <siafi>2785</siafi>
  </cep>
  <cep>
    <cep>57041-470</cep>
    <logradouro>Rua Haroldo José da Costa</logradouro>
    <complemento/>
    <unidade/>
    <bairro>Jacintinho</bairro>
    <localidade>Maceió</localidade>
    <uf>AL</uf>
    <estado>Alagoas</estado>
    <região/>
    <ibge>2704302</ibge>
    <gia/>
    <ddd>82</ddd>
    <siafi>2785</siafi>
  </cep>
  <cep>
    <cep>57041-310</cep>
    <logradouro>Rua Alice Monte</logradouro>
    <complemento/>
    <unidade/>
    <bairro>Jacintinho</bairro>
    <localidade>Maceió</localidade>
    <uf>AL</uf>
    <estado>Alagoas</estado>
    <região/>
    <ibge>2704302</ibge>
    <gia/>
    <ddd>82</ddd>
    <siafi>2785</siafi>
  </cep>
  <cep>
    <cep>57041-500</cep>
    <logradouro>Rua Jarbas de Andrade Cabral</logradouro>
    <complemento/>
    <unidade/>
    <bairro>Jacintinho</bairro>
    <localidade>Maceió</localidade>
    <uf>AL</uf>
    <estado>Alagoas</estado>
    <região/>
    <ibge>2704302</ibge>
    <gia/>
    <ddd>82</ddd>
    <siafi>2785</siafi>
  </cep>
  <cep>
    <cep>57041-520</cep>
    <logradouro>Rua João Farias Lôbo</logradouro>
    <complemento/>
    <unidade/>
    <bairro>Jacintinho</bairro>
    <localidade>Maceió</localidade>
    <uf>AL</uf>
    <estado>Alagoas</estado>
    <região/>
    <ibge>2704302</ibge>
    <gia/>
    <ddd>82</ddd>
    <siafi>2785</siafi>
  </cep>
  <cep>
    <cep>57041-490</cep>
    <logradouro>Rua Inácio Vespasiano Ferreira</logradouro>
    <complemento/>
    <unidade/>
    <bairro>Jacintinho</bairro>
    <localidade>Maceió</localidade>
    <uf>AL</uf>
    <estado>Alagoas</estado>
    <região/>
    <ibge>2704302</ibge>
    <gia/>
    <ddd>82</ddd>
    <siafi>2785</siafi>
  </cep>
  <cep>
    <cep>57041-202</cep>
    <logradouro>Rua Padre Cícero</logradouro>
    <complemento>(Igreja Universal)</complemento>
    <unidade/>
    <bairro>Jacintinho</bairro>
    <localidade>Maceió</localidade>
    <uf>AL</uf>
    <estado>Alagoas</estado>
    <região/>
    <ibge>2704302</ibge>
    <gia/>
    <ddd>82</ddd>
    <siafi>2785</siafi>
  </cep>
  <cep>
    <cep>57041-510</cep>
    <logradouro>Rua Joana Pontes Lima</logradouro>
    <complemento/>
    <unidade/>
    <bairro>Jacintinho</bairro>
    <localidade>Maceió</localidade>
    <uf>AL</uf>
    <estado>Alagoas</estado>
    <região/>
    <ibge>2704302</ibge>
    <gia/>
    <ddd>82</ddd>
    <siafi>2785</siafi>
  </cep>
  <cep>
    <cep>57041-530</cep>
    <logradouro>Rua Jornal de Hoje</logradouro>
    <complemento/>
    <unidade/>
    <bairro>Jacintinho</bairro>
    <localidade>Maceió</localidade>
    <uf>AL</uf>
    <estado>Alagoas</estado>
    <região/>
    <ibge>2704302</ibge>
    <gia/>
    <ddd>82</ddd>
    <siafi>2785</siafi>
  </cep>
  <cep>
    <cep>57041-540</cep>
    <logradouro>Rua José Reis de Campos</logradouro>
    <complemento/>
    <unidade/>
    <bairro>Jacintinho</bairro>
    <localidade>Maceió</localidade>
    <uf>AL</uf>
    <estado>Alagoas</estado>
    <região/>
    <ibge>2704302</ibge>
    <gia/>
    <ddd>82</ddd>
    <siafi>2785</siafi>
  </cep>
  <cep>
    <cep>57041-532</cep>
    <logradouro>Travessa Jornal de Hoje</logradouro>
    <complemento/>
    <unidade/>
    <bairro>Jacintinho</bairro>
    <localidade>Maceió</localidade>
    <uf>AL</uf>
    <estado>Alagoas</estado>
    <região/>
    <ibge>2704302</ibge>
    <gia/>
    <ddd>82</ddd>
    <siafi>2785</siafi>
  </cep>
  <cep>
    <cep>57041-550</cep>
    <logradouro>Rua José Sabino de Oliveira Filho</logradouro>
    <complemento/>
    <unidade/>
    <bairro>Jacintinho</bairro>
    <localidade>Maceió</localidade>
    <uf>AL</uf>
    <estado>Alagoas</estado>
    <região/>
    <ibge>2704302</ibge>
    <gia/>
    <ddd>82</ddd>
    <siafi>2785</siafi>
  </cep>
  <cep>
    <cep>57041-570</cep>
    <logradouro>Rua Lions Club</logradouro>
    <complemento/>
    <unidade/>
    <bairro>Jacintinho</bairro>
    <localidade>Maceió</localidade>
    <uf>AL</uf>
    <estado>Alagoas</estado>
    <região/>
    <ibge>2704302</ibge>
    <gia/>
    <ddd>82</ddd>
    <siafi>2785</siafi>
  </cep>
  <cep>
    <cep>57041-560</cep>
    <logradouro>Rua Jurandir Gomes</logradouro>
    <complemento/>
    <unidade/>
    <bairro>Jacintinho</bairro>
    <localidade>Maceió</localidade>
    <uf>AL</uf>
    <estado>Alagoas</estado>
    <região/>
    <ibge>2704302</ibge>
    <gia/>
    <ddd>82</ddd>
    <siafi>2785</siafi>
  </cep>
  <cep>
    <cep>57041-600</cep>
    <logradouro>Rua Manoel Bandeira</logradouro>
    <complemento/>
    <unidade/>
    <bairro>Jacintinho</bairro>
    <localidade>Maceió</localidade>
    <uf>AL</uf>
    <estado>Alagoas</estado>
    <região/>
    <ibge>2704302</ibge>
    <gia/>
    <ddd>82</ddd>
    <siafi>2785</siafi>
  </cep>
  <cep>
    <cep>57041-580</cep>
    <logradouro>Rua Major José Joaquim Calheiros</logradouro>
    <complemento/>
    <unidade/>
    <bairro>Jacintinho</bairro>
    <localidade>Maceió</localidade>
    <uf>AL</uf>
    <estado>Alagoas</estado>
    <região/>
    <ibge>2704302</ibge>
    <gia/>
    <ddd>82</ddd>
    <siafi>2785</siafi>
  </cep>
  <cep>
    <cep>57041-590</cep>
    <logradouro>Rua Mauro Vasconcelos</logradouro>
    <complemento/>
    <unidade/>
    <bairro>Jacintinho</bairro>
    <localidade>Maceió</localidade>
    <uf>AL</uf>
    <estado>Alagoas</estado>
    <região/>
    <ibge>2704302</ibge>
    <gia/>
    <ddd>82</ddd>
    <siafi>2785</siafi>
  </cep>
  <cep>
    <cep>57041-610</cep>
    <logradouro>Rua Padre Sizenando Silva</logradouro>
    <complemento/>
    <unidade/>
    <bairro>Jacintinho</bairro>
    <localidade>Maceió</localidade>
    <uf>AL</uf>
    <estado>Alagoas</estado>
    <região/>
    <ibge>2704302</ibge>
    <gia/>
    <ddd>82</ddd>
    <siafi>2785</siafi>
  </cep>
  <cep>
    <cep>57041-620</cep>
    <logradouro>Rua Pastor Eurico Calheiros</logradouro>
    <complemento/>
    <unidade/>
    <bairro>Jacintinho</bairro>
    <localidade>Maceió</localidade>
    <uf>AL</uf>
    <estado>Alagoas</estado>
    <região/>
    <ibge>2704302</ibge>
    <gia/>
    <ddd>82</ddd>
    <siafi>2785</siafi>
  </cep>
  <cep>
    <cep>57041-624</cep>
    <logradouro>Rua H</logradouro>
    <complemento>(Lot Tabapuã)</complemento>
    <unidade/>
    <bairro>Jacintinho</bairro>
    <localidade>Maceió</localidade>
    <uf>AL</uf>
    <estado>Alagoas</estado>
    <região/>
    <ibge>2704302</ibge>
    <gia/>
    <ddd>82</ddd>
    <siafi>2785</siafi>
  </cep>
  <cep>
    <cep>57041-622</cep>
    <logradouro>Rua G</logradouro>
    <complemento>(Lot Tabapuã)</complemento>
    <unidade/>
    <bairro>Jacintinho</bairro>
    <localidade>Maceió</localidade>
    <uf>AL</uf>
    <estado>Alagoas</estado>
    <região/>
    <ibge>2704302</ibge>
    <gia/>
    <ddd>82</ddd>
    <siafi>2785</siafi>
  </cep>
  <cep>
    <cep>57041-630</cep>
    <logradouro>Rua Paulo Ananias</logradouro>
    <complemento/>
    <unidade/>
    <bairro>Jacintinho</bairro>
    <localidade>Maceió</localidade>
    <uf>AL</uf>
    <estado>Alagoas</estado>
    <região/>
    <ibge>2704302</ibge>
    <gia/>
    <ddd>82</ddd>
    <siafi>2785</siafi>
  </cep>
  <cep>
    <cep>57041-640</cep>
    <logradouro>Rua Protógenes Ayres Moura</logradouro>
    <complemento/>
    <unidade/>
    <bairro>Jacintinho</bairro>
    <localidade>Maceió</localidade>
    <uf>AL</uf>
    <estado>Alagoas</estado>
    <região/>
    <ibge>2704302</ibge>
    <gia/>
    <ddd>82</ddd>
    <siafi>2785</siafi>
  </cep>
  <cep>
    <cep>57041-650</cep>
    <logradouro>Rua Tenente Domingos Rodas</logradouro>
    <complemento/>
    <unidade/>
    <bairro>Jacintinho</bairro>
    <localidade>Maceió</localidade>
    <uf>AL</uf>
    <estado>Alagoas</estado>
    <região/>
    <ibge>2704302</ibge>
    <gia/>
    <ddd>82</ddd>
    <siafi>2785</siafi>
  </cep>
  <cep>
    <cep>57041-660</cep>
    <logradouro>Rua Artur Silva Peixoto</logradouro>
    <complemento/>
    <unidade/>
    <bairro>Jacintinho</bairro>
    <localidade>Maceió</localidade>
    <uf>AL</uf>
    <estado>Alagoas</estado>
    <região/>
    <ibge>2704302</ibge>
    <gia/>
    <ddd>82</ddd>
    <siafi>2785</siafi>
  </cep>
  <cep>
    <cep>57041-670</cep>
    <logradouro>Rua L</logradouro>
    <complemento>(Lot Tabapuã)</complemento>
    <unidade/>
    <bairro>Jacintinho</bairro>
    <localidade>Maceió</localidade>
    <uf>AL</uf>
    <estado>Alagoas</estado>
    <região/>
    <ibge>2704302</ibge>
    <gia/>
    <ddd>82</ddd>
    <siafi>2785</siafi>
  </cep>
  <cep>
    <cep>57041-680</cep>
    <logradouro>Rua Inspetor Paulo Peixoto</logradouro>
    <complemento/>
    <unidade/>
    <bairro>Jacintinho</bairro>
    <localidade>Maceió</localidade>
    <uf>AL</uf>
    <estado>Alagoas</estado>
    <região/>
    <ibge>2704302</ibge>
    <gia/>
    <ddd>82</ddd>
    <siafi>2785</siafi>
  </cep>
  <cep>
    <cep>57041-690</cep>
    <logradouro>Rua Machado de Assis</logradouro>
    <complemento/>
    <unidade/>
    <bairro>Jacintinho</bairro>
    <localidade>Maceió</localidade>
    <uf>AL</uf>
    <estado>Alagoas</estado>
    <região/>
    <ibge>2704302</ibge>
    <gia/>
    <ddd>82</ddd>
    <siafi>2785</siafi>
  </cep>
  <cep>
    <cep>57041-700</cep>
    <logradouro>Rua Edson Ferreira dos Santos</logradouro>
    <complemento/>
    <unidade/>
    <bairro>Jacintinho</bairro>
    <localidade>Maceió</localidade>
    <uf>AL</uf>
    <estado>Alagoas</estado>
    <região/>
    <ibge>2704302</ibge>
    <gia/>
    <ddd>82</ddd>
    <siafi>2785</siafi>
  </cep>
  <cep>
    <cep>57041-710</cep>
    <logradouro>Rua Miramar</logradouro>
    <complemento/>
    <unidade/>
    <bairro>Jacintinho</bairro>
    <localidade>Maceió</localidade>
    <uf>AL</uf>
    <estado>Alagoas</estado>
    <região/>
    <ibge>2704302</ibge>
    <gia/>
    <ddd>82</ddd>
    <siafi>2785</siafi>
  </cep>
  <cep>
    <cep>57041-740</cep>
    <logradouro>Rua Manoel Coelho Neto</logradouro>
    <complemento/>
    <unidade/>
    <bairro>Jacintinho</bairro>
    <localidade>Maceió</localidade>
    <uf>AL</uf>
    <estado>Alagoas</estado>
    <região/>
    <ibge>2704302</ibge>
    <gia/>
    <ddd>82</ddd>
    <siafi>2785</siafi>
  </cep>
  <cep>
    <cep>57041-760</cep>
    <logradouro>Rua Promotor Manoel de Carvalho</logradouro>
    <complemento/>
    <unidade/>
    <bairro>Jacintinho</bairro>
    <localidade>Maceió</localidade>
    <uf>AL</uf>
    <estado>Alagoas</estado>
    <região/>
    <ibge>2704302</ibge>
    <gia/>
    <ddd>82</ddd>
    <siafi>2785</siafi>
  </cep>
  <cep>
    <cep>57041-720</cep>
    <logradouro>Rua Trinta e Um de Março</logradouro>
    <complemento/>
    <unidade/>
    <bairro>Jacintinho</bairro>
    <localidade>Maceió</localidade>
    <uf>AL</uf>
    <estado>Alagoas</estado>
    <região/>
    <ibge>2704302</ibge>
    <gia/>
    <ddd>82</ddd>
    <siafi>2785</siafi>
  </cep>
  <cep>
    <cep>57041-750</cep>
    <logradouro>Rua Melo Maia</logradouro>
    <complemento/>
    <unidade/>
    <bairro>Jacintinho</bairro>
    <localidade>Maceió</localidade>
    <uf>AL</uf>
    <estado>Alagoas</estado>
    <região/>
    <ibge>2704302</ibge>
    <gia/>
    <ddd>82</ddd>
    <siafi>2785</siafi>
  </cep>
  <cep>
    <cep>57041-730</cep>
    <logradouro>Rua Quatro de Dezembro</logradouro>
    <complemento/>
    <unidade/>
    <bairro>Jacintinho</bairro>
    <localidade>Maceió</localidade>
    <uf>AL</uf>
    <estado>Alagoas</estado>
    <região/>
    <ibge>2704302</ibge>
    <gia/>
    <ddd>82</ddd>
    <siafi>2785</siafi>
  </cep>
  <cep>
    <cep>57041-781</cep>
    <logradouro>Rua Batista dos Santos</logradouro>
    <complemento/>
    <unidade/>
    <bairro>Jacintinho</bairro>
    <localidade>Maceió</localidade>
    <uf>AL</uf>
    <estado>Alagoas</estado>
    <região/>
    <ibge>2704302</ibge>
    <gia/>
    <ddd>82</ddd>
    <siafi>2785</siafi>
  </cep>
  <cep>
    <cep>57041-790</cep>
    <logradouro>Rua Francisco Joaquim dos Santos</logradouro>
    <complemento/>
    <unidade/>
    <bairro>Jacintinho</bairro>
    <localidade>Maceió</localidade>
    <uf>AL</uf>
    <estado>Alagoas</estado>
    <região/>
    <ibge>2704302</ibge>
    <gia/>
    <ddd>82</ddd>
    <siafi>2785</siafi>
  </cep>
  <cep>
    <cep>57042-000</cep>
    <logradouro>Rua José Bandeira</logradouro>
    <complemento/>
    <unidade/>
    <bairro>Jacintinho</bairro>
    <localidade>Maceió</localidade>
    <uf>AL</uf>
    <estado>Alagoas</estado>
    <região/>
    <ibge>2704302</ibge>
    <gia/>
    <ddd>82</ddd>
    <siafi>2785</siafi>
  </cep>
  <cep>
    <cep>57042-005</cep>
    <logradouro>Travessa Leão</logradouro>
    <complemento>(Com São Rafael)</complemento>
    <unidade/>
    <bairro>Jacintinho</bairro>
    <localidade>Maceió</localidade>
    <uf>AL</uf>
    <estado>Alagoas</estado>
    <região/>
    <ibge>2704302</ibge>
    <gia/>
    <ddd>82</ddd>
    <siafi>2785</siafi>
  </cep>
  <cep>
    <cep>57042-010</cep>
    <logradouro>Rua Ana Lopes Cahet</logradouro>
    <complemento/>
    <unidade/>
    <bairro>Jacintinho</bairro>
    <localidade>Maceió</localidade>
    <uf>AL</uf>
    <estado>Alagoas</estado>
    <região/>
    <ibge>2704302</ibge>
    <gia/>
    <ddd>82</ddd>
    <siafi>2785</siafi>
  </cep>
  <cep>
    <cep>57042-020</cep>
    <logradouro>Rua Antônio Reginaldo Pontes Lima</logradouro>
    <complemento/>
    <unidade/>
    <bairro>Jacintinho</bairro>
    <localidade>Maceió</localidade>
    <uf>AL</uf>
    <estado>Alagoas</estado>
    <região/>
    <ibge>2704302</ibge>
    <gia/>
    <ddd>82</ddd>
    <siafi>2785</siafi>
  </cep>
  <cep>
    <cep>57042-035</cep>
    <logradouro>Rua Itapuã</logradouro>
    <complemento/>
    <unidade/>
    <bairro>Jacintinho</bairro>
    <localidade>Maceió</localidade>
    <uf>AL</uf>
    <estado>Alagoas</estado>
    <região/>
    <ibge>2704302</ibge>
    <gia/>
    <ddd>82</ddd>
    <siafi>2785</siafi>
  </cep>
  <cep>
    <cep>57042-086</cep>
    <logradouro>Rua Campo Verde</logradouro>
    <complemento>(Piabas)</complemento>
    <unidade/>
    <bairro>Jacintinho</bairro>
    <localidade>Maceió</localidade>
    <uf>AL</uf>
    <estado>Alagoas</estado>
    <região/>
    <ibge>2704302</ibge>
    <gia/>
    <ddd>82</ddd>
    <siafi>2785</siafi>
  </cep>
  <cep>
    <cep>57042-037</cep>
    <logradouro>Travessa Itapuã</logradouro>
    <complemento/>
    <unidade/>
    <bairro>Jacintinho</bairro>
    <localidade>Maceió</localidade>
    <uf>AL</uf>
    <estado>Alagoas</estado>
    <região/>
    <ibge>2704302</ibge>
    <gia/>
    <ddd>82</ddd>
    <siafi>2785</siafi>
  </cep>
  <cep>
    <cep>57042-100</cep>
    <logradouro>Rua Maria Cecília da Rocha</logradouro>
    <complemento/>
    <unidade/>
    <bairro>Jacintinho</bairro>
    <localidade>Maceió</localidade>
    <uf>AL</uf>
    <estado>Alagoas</estado>
    <região/>
    <ibge>2704302</ibge>
    <gia/>
    <ddd>82</ddd>
    <siafi>2785</siafi>
  </cep>
  <cep>
    <cep>57042-112</cep>
    <logradouro>1ª Travessa da Saudade</logradouro>
    <complemento/>
    <unidade/>
    <bairro>Jacintinho</bairro>
    <localidade>Maceió</localidade>
    <uf>AL</uf>
    <estado>Alagoas</estado>
    <região/>
    <ibge>2704302</ibge>
    <gia/>
    <ddd>82</ddd>
    <siafi>2785</siafi>
  </cep>
  <cep>
    <cep>57042-110</cep>
    <logradouro>Rua da Saudade</logradouro>
    <complemento/>
    <unidade/>
    <bairro>Jacintinho</bairro>
    <localidade>Maceió</localidade>
    <uf>AL</uf>
    <estado>Alagoas</estado>
    <região/>
    <ibge>2704302</ibge>
    <gia/>
    <ddd>82</ddd>
    <siafi>2785</siafi>
  </cep>
  <cep>
    <cep>57042-120</cep>
    <logradouro>Rua Ipiranga</logradouro>
    <complemento/>
    <unidade/>
    <bairro>Jacintinho</bairro>
    <localidade>Maceió</localidade>
    <uf>AL</uf>
    <estado>Alagoas</estado>
    <região/>
    <ibge>2704302</ibge>
    <gia/>
    <ddd>82</ddd>
    <siafi>2785</siafi>
  </cep>
  <cep>
    <cep>57042-030</cep>
    <logradouro>Rua Antônio Zeferino dos Santos</logradouro>
    <complemento/>
    <unidade/>
    <bairro>Jacintinho</bairro>
    <localidade>Maceió</localidade>
    <uf>AL</uf>
    <estado>Alagoas</estado>
    <região/>
    <ibge>2704302</ibge>
    <gia/>
    <ddd>82</ddd>
    <siafi>2785</siafi>
  </cep>
  <cep>
    <cep>57042-122</cep>
    <logradouro>Travessa Boa Vista</logradouro>
    <complemento>(Lot Verde Vale I)</complemento>
    <unidade/>
    <bairro>Jacintinho</bairro>
    <localidade>Maceió</localidade>
    <uf>AL</uf>
    <estado>Alagoas</estado>
    <região/>
    <ibge>2704302</ibge>
    <gia/>
    <ddd>82</ddd>
    <siafi>2785</siafi>
  </cep>
  <cep>
    <cep>57042-114</cep>
    <logradouro>2ª Travessa da Saudade</logradouro>
    <complemento/>
    <unidade/>
    <bairro>Jacintinho</bairro>
    <localidade>Maceió</localidade>
    <uf>AL</uf>
    <estado>Alagoas</estado>
    <região/>
    <ibge>2704302</ibge>
    <gia/>
    <ddd>82</ddd>
    <siafi>2785</siafi>
  </cep>
  <cep>
    <cep>57042-090</cep>
    <logradouro>Rua da Liberdade</logradouro>
    <complemento/>
    <unidade/>
    <bairro>Jacintinho</bairro>
    <localidade>Maceió</localidade>
    <uf>AL</uf>
    <estado>Alagoas</estado>
    <região/>
    <ibge>2704302</ibge>
    <gia/>
    <ddd>82</ddd>
    <siafi>2785</siafi>
  </cep>
  <cep>
    <cep>57042-124</cep>
    <logradouro>Quadra B</logradouro>
    <complemento>(Lot Verde Vale)</complemento>
    <unidade/>
    <bairro>Jacintinho</bairro>
    <localidade>Maceió</localidade>
    <uf>AL</uf>
    <estado>Alagoas</estado>
    <região/>
    <ibge>2704302</ibge>
    <gia/>
    <ddd>82</ddd>
    <siafi>2785</siafi>
  </cep>
  <cep>
    <cep>57042-125</cep>
    <logradouro>Rua C Lot Verde Vale I</logradouro>
    <complemento/>
    <unidade/>
    <bairro>Jacintinho</bairro>
    <localidade>Maceió</localidade>
    <uf>AL</uf>
    <estado>Alagoas</estado>
    <região/>
    <ibge>2704302</ibge>
    <gia/>
    <ddd>82</ddd>
    <siafi>2785</siafi>
  </cep>
  <cep>
    <cep>57042-127</cep>
    <logradouro>Quadra E</logradouro>
    <complemento>(Lot Verde Vale)</complemento>
    <unidade/>
    <bairro>Jacintinho</bairro>
    <localidade>Maceió</localidade>
    <uf>AL</uf>
    <estado>Alagoas</estado>
    <região/>
    <ibge>2704302</ibge>
    <gia/>
    <ddd>82</ddd>
    <siafi>2785</siafi>
  </cep>
  <cep>
    <cep>57042-045</cep>
    <logradouro>Rua Niterói</logradouro>
    <complemento/>
    <unidade/>
    <bairro>Jacintinho</bairro>
    <localidade>Maceió</localidade>
    <uf>AL</uf>
    <estado>Alagoas</estado>
    <região/>
    <ibge>2704302</ibge>
    <gia/>
    <ddd>82</ddd>
    <siafi>2785</siafi>
  </cep>
  <cep>
    <cep>57042-126</cep>
    <logradouro>Quadra D</logradouro>
    <complemento>(Lot Verde Vale I)</complemento>
    <unidade/>
    <bairro>Jacintinho</bairro>
    <localidade>Maceió</localidade>
    <uf>AL</uf>
    <estado>Alagoas</estado>
    <região/>
    <ibge>2704302</ibge>
    <gia/>
    <ddd>82</ddd>
    <siafi>2785</siafi>
  </cep>
  <cep>
    <cep>57042-085</cep>
    <logradouro>Travessa Doutor Ivaldo Marinho</logradouro>
    <complemento/>
    <unidade/>
    <bairro>Jacintinho</bairro>
    <localidade>Maceió</localidade>
    <uf>AL</uf>
    <estado>Alagoas</estado>
    <região/>
    <ibge>2704302</ibge>
    <gia/>
    <ddd>82</ddd>
    <siafi>2785</siafi>
  </cep>
  <cep>
    <cep>57042-128</cep>
    <logradouro>Quadra F</logradouro>
    <complemento>(Lot Verde Vale I)</complemento>
    <unidade/>
    <bairro>Jacintinho</bairro>
    <localidade>Maceió</localidade>
    <uf>AL</uf>
    <estado>Alagoas</estado>
    <região/>
    <ibge>2704302</ibge>
    <gia/>
    <ddd>82</ddd>
    <siafi>2785</siafi>
  </cep>
  <cep>
    <cep>57042-121</cep>
    <logradouro>Rua São Vicente</logradouro>
    <complemento>(Piabas)</complemento>
    <unidade/>
    <bairro>Jacintinho</bairro>
    <localidade>Maceió</localidade>
    <uf>AL</uf>
    <estado>Alagoas</estado>
    <região/>
    <ibge>2704302</ibge>
    <gia/>
    <ddd>82</ddd>
    <siafi>2785</siafi>
  </cep>
  <cep>
    <cep>57042-080</cep>
    <logradouro>Rua Doutor Ivaldo Marinho</logradouro>
    <complemento/>
    <unidade/>
    <bairro>Jacintinho</bairro>
    <localidade>Maceió</localidade>
    <uf>AL</uf>
    <estado>Alagoas</estado>
    <região/>
    <ibge>2704302</ibge>
    <gia/>
    <ddd>82</ddd>
    <siafi>2785</siafi>
  </cep>
  <cep>
    <cep>57042-040</cep>
    <logradouro>Rua Apolônia Rocha dos Santos</logradouro>
    <complemento/>
    <unidade/>
    <bairro>Jacintinho</bairro>
    <localidade>Maceió</localidade>
    <uf>AL</uf>
    <estado>Alagoas</estado>
    <região/>
    <ibge>2704302</ibge>
    <gia/>
    <ddd>82</ddd>
    <siafi>2785</siafi>
  </cep>
  <cep>
    <cep>57042-130</cep>
    <logradouro>Rua São Benedito</logradouro>
    <complemento/>
    <unidade/>
    <bairro>Jacintinho</bairro>
    <localidade>Maceió</localidade>
    <uf>AL</uf>
    <estado>Alagoas</estado>
    <região/>
    <ibge>2704302</ibge>
    <gia/>
    <ddd>82</ddd>
    <siafi>2785</siafi>
  </cep>
  <cep>
    <cep>57042-131</cep>
    <logradouro>Rua Quadra Única</logradouro>
    <complemento>(Lot Verde Vale)</complemento>
    <unidade/>
    <bairro>Jacintinho</bairro>
    <localidade>Maceió</localidade>
    <uf>AL</uf>
    <estado>Alagoas</estado>
    <região/>
    <ibge>2704302</ibge>
    <gia/>
    <ddd>82</ddd>
    <siafi>2785</siafi>
  </cep>
  <cep>
    <cep>57042-129</cep>
    <logradouro>Quadra G</logradouro>
    <complemento>(Lot Verde Vale)</complemento>
    <unidade/>
    <bairro>Jacintinho</bairro>
    <localidade>Maceió</localidade>
    <uf>AL</uf>
    <estado>Alagoas</estado>
    <região/>
    <ibge>2704302</ibge>
    <gia/>
    <ddd>82</ddd>
    <siafi>2785</siafi>
  </cep>
  <cep>
    <cep>57042-133</cep>
    <logradouro>Rua Projetada G</logradouro>
    <complemento>(Lot Verde Vale I)</complemento>
    <unidade/>
    <bairro>Jacintinho</bairro>
    <localidade>Maceió</localidade>
    <uf>AL</uf>
    <estado>Alagoas</estado>
    <região/>
    <ibge>2704302</ibge>
    <gia/>
    <ddd>82</ddd>
    <siafi>2785</siafi>
  </cep>
  <cep>
    <cep>57042-135</cep>
    <logradouro>Travessa São Benedito</logradouro>
    <complemento/>
    <unidade/>
    <bairro>Jacintinho</bairro>
    <localidade>Maceió</localidade>
    <uf>AL</uf>
    <estado>Alagoas</estado>
    <região/>
    <ibge>2704302</ibge>
    <gia/>
    <ddd>82</ddd>
    <siafi>2785</siafi>
  </cep>
  <cep>
    <cep>57042-140</cep>
    <logradouro>Rua São Luiz</logradouro>
    <complemento/>
    <unidade/>
    <bairro>Jacintinho</bairro>
    <localidade>Maceió</localidade>
    <uf>AL</uf>
    <estado>Alagoas</estado>
    <região/>
    <ibge>2704302</ibge>
    <gia/>
    <ddd>82</ddd>
    <siafi>2785</siafi>
  </cep>
  <cep>
    <cep>57042-141</cep>
    <logradouro>4ª Travessa da Saudade</logradouro>
    <complemento/>
    <unidade/>
    <bairro>Jacintinho</bairro>
    <localidade>Maceió</localidade>
    <uf>AL</uf>
    <estado>Alagoas</estado>
    <região/>
    <ibge>2704302</ibge>
    <gia/>
    <ddd>82</ddd>
    <siafi>2785</siafi>
  </cep>
  <cep>
    <cep>57042-146</cep>
    <logradouro>2ª Travessa São Luiz</logradouro>
    <complemento/>
    <unidade/>
    <bairro>Jacintinho</bairro>
    <localidade>Maceió</localidade>
    <uf>AL</uf>
    <estado>Alagoas</estado>
    <região/>
    <ibge>2704302</ibge>
    <gia/>
    <ddd>82</ddd>
    <siafi>2785</siafi>
  </cep>
  <cep>
    <cep>57042-145</cep>
    <logradouro>Travessa São Luiz</logradouro>
    <complemento/>
    <unidade/>
    <bairro>Jacintinho</bairro>
    <localidade>Maceió</localidade>
    <uf>AL</uf>
    <estado>Alagoas</estado>
    <região/>
    <ibge>2704302</ibge>
    <gia/>
    <ddd>82</ddd>
    <siafi>2785</siafi>
  </cep>
  <cep>
    <cep>57042-200</cep>
    <logradouro>Rua Arthur Mayer Leite</logradouro>
    <complemento/>
    <unidade/>
    <bairro>Feitosa</bairro>
    <localidade>Maceió</localidade>
    <uf>AL</uf>
    <estado>Alagoas</estado>
    <região/>
    <ibge>2704302</ibge>
    <gia/>
    <ddd>82</ddd>
    <siafi>2785</siafi>
  </cep>
  <cep>
    <cep>57042-220</cep>
    <logradouro>Rua Carolina Caldas Nunes</logradouro>
    <complemento/>
    <unidade/>
    <bairro>Feitosa</bairro>
    <localidade>Maceió</localidade>
    <uf>AL</uf>
    <estado>Alagoas</estado>
    <região/>
    <ibge>2704302</ibge>
    <gia/>
    <ddd>82</ddd>
    <siafi>2785</siafi>
  </cep>
  <cep>
    <cep>57042-210</cep>
    <logradouro>Rua Bancário Francisco Vicente Souza</logradouro>
    <complemento/>
    <unidade/>
    <bairro>Feitosa</bairro>
    <localidade>Maceió</localidade>
    <uf>AL</uf>
    <estado>Alagoas</estado>
    <região/>
    <ibge>2704302</ibge>
    <gia/>
    <ddd>82</ddd>
    <siafi>2785</siafi>
  </cep>
  <cep>
    <cep>57042-215</cep>
    <logradouro>Rua Monsenhor Cícero Teixeira de Vasconcelos</logradouro>
    <complemento/>
    <unidade/>
    <bairro>Feitosa</bairro>
    <localidade>Maceió</localidade>
    <uf>AL</uf>
    <estado>Alagoas</estado>
    <região/>
    <ibge>2704302</ibge>
    <gia/>
    <ddd>82</ddd>
    <siafi>2785</siafi>
  </cep>
  <cep>
    <cep>57042-225</cep>
    <logradouro>Rua Edson Moura Teixeira</logradouro>
    <complemento/>
    <unidade/>
    <bairro>Feitosa</bairro>
    <localidade>Maceió</localidade>
    <uf>AL</uf>
    <estado>Alagoas</estado>
    <região/>
    <ibge>2704302</ibge>
    <gia/>
    <ddd>82</ddd>
    <siafi>2785</siafi>
  </cep>
  <cep>
    <cep>57042-230</cep>
    <logradouro>Rua Coronel João Bezerra</logradouro>
    <complemento/>
    <unidade/>
    <bairro>Feitosa</bairro>
    <localidade>Maceió</localidade>
    <uf>AL</uf>
    <estado>Alagoas</estado>
    <região/>
    <ibge>2704302</ibge>
    <gia/>
    <ddd>82</ddd>
    <siafi>2785</siafi>
  </cep>
  <cep>
    <cep>57042-235</cep>
    <logradouro>Rua Comendador Ildefonso Nogueira</logradouro>
    <complemento/>
    <unidade/>
    <bairro>Feitosa</bairro>
    <localidade>Maceió</localidade>
    <uf>AL</uf>
    <estado>Alagoas</estado>
    <região/>
    <ibge>2704302</ibge>
    <gia/>
    <ddd>82</ddd>
    <siafi>2785</siafi>
  </cep>
  <cep>
    <cep>57042-240</cep>
    <logradouro>Rua Deputado Eraldo Malta Brandão</logradouro>
    <complemento/>
    <unidade/>
    <bairro>Feitosa</bairro>
    <localidade>Maceió</localidade>
    <uf>AL</uf>
    <estado>Alagoas</estado>
    <região/>
    <ibge>2704302</ibge>
    <gia/>
    <ddd>82</ddd>
    <siafi>2785</siafi>
  </cep>
  <cep>
    <cep>57042-260</cep>
    <logradouro>Rua Dona Maria Luíza Lyra Durval</logradouro>
    <complemento/>
    <unidade/>
    <bairro>Feitosa</bairro>
    <localidade>Maceió</localidade>
    <uf>AL</uf>
    <estado>Alagoas</estado>
    <região/>
    <ibge>2704302</ibge>
    <gia/>
    <ddd>82</ddd>
    <siafi>2785</siafi>
  </cep>
  <cep>
    <cep>57042-255</cep>
    <logradouro>Rua Júlio Cassemiro Neto</logradouro>
    <complemento/>
    <unidade/>
    <bairro>Feitosa</bairro>
    <localidade>Maceió</localidade>
    <uf>AL</uf>
    <estado>Alagoas</estado>
    <região/>
    <ibge>2704302</ibge>
    <gia/>
    <ddd>82</ddd>
    <siafi>2785</siafi>
  </cep>
  <cep>
    <cep>57042-270</cep>
    <logradouro>Rua Doutor Francisco Gazaneu</logradouro>
    <complemento/>
    <unidade/>
    <bairro>Feitosa</bairro>
    <localidade>Maceió</localidade>
    <uf>AL</uf>
    <estado>Alagoas</estado>
    <região/>
    <ibge>2704302</ibge>
    <gia/>
    <ddd>82</ddd>
    <siafi>2785</siafi>
  </cep>
  <cep>
    <cep>57042-250</cep>
    <logradouro>Rua Dona Maria Alves de Melo</logradouro>
    <complemento/>
    <unidade/>
    <bairro>Feitosa</bairro>
    <localidade>Maceió</localidade>
    <uf>AL</uf>
    <estado>Alagoas</estado>
    <região/>
    <ibge>2704302</ibge>
    <gia/>
    <ddd>82</ddd>
    <siafi>2785</siafi>
  </cep>
  <cep>
    <cep>57042-265</cep>
    <logradouro>Rua Doutor Murilo Pereira Gomes</logradouro>
    <complemento/>
    <unidade/>
    <bairro>Feitosa</bairro>
    <localidade>Maceió</localidade>
    <uf>AL</uf>
    <estado>Alagoas</estado>
    <região/>
    <ibge>2704302</ibge>
    <gia/>
    <ddd>82</ddd>
    <siafi>2785</siafi>
  </cep>
  <cep>
    <cep>57042-245</cep>
    <logradouro>Rua José Lima Rosa</logradouro>
    <complemento/>
    <unidade/>
    <bairro>Feitosa</bairro>
    <localidade>Maceió</localidade>
    <uf>AL</uf>
    <estado>Alagoas</estado>
    <região/>
    <ibge>2704302</ibge>
    <gia/>
    <ddd>82</ddd>
    <siafi>2785</siafi>
  </cep>
  <cep>
    <cep>57042-275</cep>
    <logradouro>Rua Severino Florêncio Teixeira</logradouro>
    <complemento/>
    <unidade/>
    <bairro>Feitosa</bairro>
    <localidade>Maceió</localidade>
    <uf>AL</uf>
    <estado>Alagoas</estado>
    <região/>
    <ibge>2704302</ibge>
    <gia/>
    <ddd>82</ddd>
    <siafi>2785</siafi>
  </cep>
  <cep>
    <cep>57042-280</cep>
    <logradouro>Rua Dona Maria de Araújo Santos</logradouro>
    <complemento/>
    <unidade/>
    <bairro>Feitosa</bairro>
    <localidade>Maceió</localidade>
    <uf>AL</uf>
    <estado>Alagoas</estado>
    <região/>
    <ibge>2704302</ibge>
    <gia/>
    <ddd>82</ddd>
    <siafi>2785</siafi>
  </cep>
  <cep>
    <cep>57042-285</cep>
    <logradouro>Rua Vilmar Rogério Lopes</logradouro>
    <complemento/>
    <unidade/>
    <bairro>Feitosa</bairro>
    <localidade>Maceió</localidade>
    <uf>AL</uf>
    <estado>Alagoas</estado>
    <região/>
    <ibge>2704302</ibge>
    <gia/>
    <ddd>82</ddd>
    <siafi>2785</siafi>
  </cep>
  <cep>
    <cep>57042-300</cep>
    <logradouro>Rua Empresário José Peixoto Acioli</logradouro>
    <complemento/>
    <unidade/>
    <bairro>Feitosa</bairro>
    <localidade>Maceió</localidade>
    <uf>AL</uf>
    <estado>Alagoas</estado>
    <região/>
    <ibge>2704302</ibge>
    <gia/>
    <ddd>82</ddd>
    <siafi>2785</siafi>
  </cep>
  <cep>
    <cep>57042-310</cep>
    <logradouro>Rua Emerentino Costa</logradouro>
    <complemento/>
    <unidade/>
    <bairro>Feitosa</bairro>
    <localidade>Maceió</localidade>
    <uf>AL</uf>
    <estado>Alagoas</estado>
    <região/>
    <ibge>2704302</ibge>
    <gia/>
    <ddd>82</ddd>
    <siafi>2785</siafi>
  </cep>
  <cep>
    <cep>57042-290</cep>
    <logradouro>Rua Empresário Aloísio Bezerra</logradouro>
    <complemento/>
    <unidade/>
    <bairro>Feitosa</bairro>
    <localidade>Maceió</localidade>
    <uf>AL</uf>
    <estado>Alagoas</estado>
    <região/>
    <ibge>2704302</ibge>
    <gia/>
    <ddd>82</ddd>
    <siafi>2785</siafi>
  </cep>
  <cep>
    <cep>57042-295</cep>
    <logradouro>Rua Walberdson Douglas de Albuquerque Ferreira</logradouro>
    <complemento/>
    <unidade/>
    <bairro>Feitosa</bairro>
    <localidade>Maceió</localidade>
    <uf>AL</uf>
    <estado>Alagoas</estado>
    <região/>
    <ibge>2704302</ibge>
    <gia/>
    <ddd>82</ddd>
    <siafi>2785</siafi>
  </cep>
  <cep>
    <cep>57042-320</cep>
    <logradouro>Rua Vereador José Ribeiro Barbosa</logradouro>
    <complemento/>
    <unidade/>
    <bairro>Feitosa</bairro>
    <localidade>Maceió</localidade>
    <uf>AL</uf>
    <estado>Alagoas</estado>
    <região/>
    <ibge>2704302</ibge>
    <gia/>
    <ddd>82</ddd>
    <siafi>2785</siafi>
  </cep>
  <cep>
    <cep>57042-330</cep>
    <logradouro>Rua Industrial José Fernandes Ferreira</logradouro>
    <complemento/>
    <unidade/>
    <bairro>Feitosa</bairro>
    <localidade>Maceió</localidade>
    <uf>AL</uf>
    <estado>Alagoas</estado>
    <região/>
    <ibge>2704302</ibge>
    <gia/>
    <ddd>82</ddd>
    <siafi>2785</siafi>
  </cep>
  <cep>
    <cep>57042-432</cep>
    <logradouro>Rua em Projeto A</logradouro>
    <complemento>(Lot P do Feitosa)</complemento>
    <unidade/>
    <bairro>Feitosa</bairro>
    <localidade>Maceió</localidade>
    <uf>AL</uf>
    <estado>Alagoas</estado>
    <região/>
    <ibge>2704302</ibge>
    <gia/>
    <ddd>82</ddd>
    <siafi>2785</siafi>
  </cep>
  <cep>
    <cep>57042-390</cep>
    <logradouro>Rua Maria Ramires Martins</logradouro>
    <complemento/>
    <unidade/>
    <bairro>Feitosa</bairro>
    <localidade>Maceió</localidade>
    <uf>AL</uf>
    <estado>Alagoas</estado>
    <região/>
    <ibge>2704302</ibge>
    <gia/>
    <ddd>82</ddd>
    <siafi>2785</siafi>
  </cep>
  <cep>
    <cep>57042-340</cep>
    <logradouro>Rua Joana Pontes Lins</logradouro>
    <complemento/>
    <unidade/>
    <bairro>Feitosa</bairro>
    <localidade>Maceió</localidade>
    <uf>AL</uf>
    <estado>Alagoas</estado>
    <região/>
    <ibge>2704302</ibge>
    <gia/>
    <ddd>82</ddd>
    <siafi>2785</siafi>
  </cep>
  <cep>
    <cep>57042-410</cep>
    <logradouro>Rua Ademar Francisco da Silva</logradouro>
    <complemento/>
    <unidade/>
    <bairro>Feitosa</bairro>
    <localidade>Maceió</localidade>
    <uf>AL</uf>
    <estado>Alagoas</estado>
    <região/>
    <ibge>2704302</ibge>
    <gia/>
    <ddd>82</ddd>
    <siafi>2785</siafi>
  </cep>
  <cep>
    <cep>57042-370</cep>
    <logradouro>Rua José Clarimundo Campos</logradouro>
    <complemento/>
    <unidade/>
    <bairro>Feitosa</bairro>
    <localidade>Maceió</localidade>
    <uf>AL</uf>
    <estado>Alagoas</estado>
    <região/>
    <ibge>2704302</ibge>
    <gia/>
    <ddd>82</ddd>
    <siafi>2785</siafi>
  </cep>
  <cep>
    <cep>57042-430</cep>
    <logradouro>Avenida Otoniel Pimentel Santos</logradouro>
    <complemento/>
    <unidade/>
    <bairro>Feitosa</bairro>
    <localidade>Maceió</localidade>
    <uf>AL</uf>
    <estado>Alagoas</estado>
    <região/>
    <ibge>2704302</ibge>
    <gia/>
    <ddd>82</ddd>
    <siafi>2785</siafi>
  </cep>
  <cep>
    <cep>57042-450</cep>
    <logradouro>Rua Pedro Loureiro Farias</logradouro>
    <complemento/>
    <unidade/>
    <bairro>Feitosa</bairro>
    <localidade>Maceió</localidade>
    <uf>AL</uf>
    <estado>Alagoas</estado>
    <região/>
    <ibge>2704302</ibge>
    <gia/>
    <ddd>82</ddd>
    <siafi>2785</siafi>
  </cep>
  <cep>
    <cep>57042-532</cep>
    <logradouro>Rua Vista Atlântica</logradouro>
    <complemento/>
    <unidade/>
    <bairro>Feitosa</bairro>
    <localidade>Maceió</localidade>
    <uf>AL</uf>
    <estado>Alagoas</estado>
    <região/>
    <ibge>2704302</ibge>
    <gia/>
    <ddd>82</ddd>
    <siafi>2785</siafi>
  </cep>
  <cep>
    <cep>57042-470</cep>
    <logradouro>Rua Pedro Pedrosa</logradouro>
    <complemento/>
    <unidade/>
    <bairro>Feitosa</bairro>
    <localidade>Maceió</localidade>
    <uf>AL</uf>
    <estado>Alagoas</estado>
    <região/>
    <ibge>2704302</ibge>
    <gia/>
    <ddd>82</ddd>
    <siafi>2785</siafi>
  </cep>
  <cep>
    <cep>57042-534</cep>
    <logradouro>Rua Dom Avelar Brandão Vilela</logradouro>
    <complemento/>
    <unidade/>
    <bairro>Feitosa</bairro>
    <localidade>Maceió</localidade>
    <uf>AL</uf>
    <estado>Alagoas</estado>
    <região/>
    <ibge>2704302</ibge>
    <gia/>
    <ddd>82</ddd>
    <siafi>2785</siafi>
  </cep>
  <cep>
    <cep>57042-350</cep>
    <logradouro>Rua João Xavier de Araújo</logradouro>
    <complemento/>
    <unidade/>
    <bairro>Feitosa</bairro>
    <localidade>Maceió</localidade>
    <uf>AL</uf>
    <estado>Alagoas</estado>
    <região/>
    <ibge>2704302</ibge>
    <gia/>
    <ddd>82</ddd>
    <siafi>2785</siafi>
  </cep>
  <cep>
    <cep>57042-400</cep>
    <logradouro>Rua Marinalva Lins de Oliveira</logradouro>
    <complemento/>
    <unidade/>
    <bairro>Feitosa</bairro>
    <localidade>Maceió</localidade>
    <uf>AL</uf>
    <estado>Alagoas</estado>
    <região/>
    <ibge>2704302</ibge>
    <gia/>
    <ddd>82</ddd>
    <siafi>2785</siafi>
  </cep>
  <cep>
    <cep>57042-380</cep>
    <logradouro>Rua Major Álvaro Eustórgio de Oliveira e Silva</logradouro>
    <complemento/>
    <unidade/>
    <bairro>Feitosa</bairro>
    <localidade>Maceió</localidade>
    <uf>AL</uf>
    <estado>Alagoas</estado>
    <região/>
    <ibge>2704302</ibge>
    <gia/>
    <ddd>82</ddd>
    <siafi>2785</siafi>
  </cep>
  <cep>
    <cep>57042-420</cep>
    <logradouro>Rua Rogério Machado Ferro</logradouro>
    <complemento/>
    <unidade/>
    <bairro>Feitosa</bairro>
    <localidade>Maceió</localidade>
    <uf>AL</uf>
    <estado>Alagoas</estado>
    <região/>
    <ibge>2704302</ibge>
    <gia/>
    <ddd>82</ddd>
    <siafi>2785</siafi>
  </cep>
  <cep>
    <cep>57042-425</cep>
    <logradouro>Rua Novo Jardim</logradouro>
    <complemento/>
    <unidade/>
    <bairro>Feitosa</bairro>
    <localidade>Maceió</localidade>
    <uf>AL</uf>
    <estado>Alagoas</estado>
    <região/>
    <ibge>2704302</ibge>
    <gia/>
    <ddd>82</ddd>
    <siafi>2785</siafi>
  </cep>
  <cep>
    <cep>57042-360</cep>
    <logradouro>Rua Jornalista José Renato da Silva</logradouro>
    <complemento/>
    <unidade/>
    <bairro>Feitosa</bairro>
    <localidade>Maceió</localidade>
    <uf>AL</uf>
    <estado>Alagoas</estado>
    <região/>
    <ibge>2704302</ibge>
    <gia/>
    <ddd>82</ddd>
    <siafi>2785</siafi>
  </cep>
  <cep>
    <cep>57042-440</cep>
    <logradouro>Rua Paulo Feijó da Silveira</logradouro>
    <complemento/>
    <unidade/>
    <bairro>Feitosa</bairro>
    <localidade>Maceió</localidade>
    <uf>AL</uf>
    <estado>Alagoas</estado>
    <região/>
    <ibge>2704302</ibge>
    <gia/>
    <ddd>82</ddd>
    <siafi>2785</siafi>
  </cep>
  <cep>
    <cep>57041-204</cep>
    <logradouro>Rua São João</logradouro>
    <complemento/>
    <unidade/>
    <bairro>Jacintinho</bairro>
    <localidade>Maceió</localidade>
    <uf>AL</uf>
    <estado>Alagoas</estado>
    <região/>
    <ibge>2704302</ibge>
    <gia/>
    <ddd>82</ddd>
    <siafi>2785</siafi>
  </cep>
  <cep>
    <cep>57042-460</cep>
    <logradouro>Rua Pedro Maia Nobre</logradouro>
    <complemento/>
    <unidade/>
    <bairro>Feitosa</bairro>
    <localidade>Maceió</localidade>
    <uf>AL</uf>
    <estado>Alagoas</estado>
    <região/>
    <ibge>2704302</ibge>
    <gia/>
    <ddd>82</ddd>
    <siafi>2785</siafi>
  </cep>
  <cep>
    <cep>57042-500</cep>
    <logradouro>Rua Salvador Costa</logradouro>
    <complemento/>
    <unidade/>
    <bairro>Feitosa</bairro>
    <localidade>Maceió</localidade>
    <uf>AL</uf>
    <estado>Alagoas</estado>
    <região/>
    <ibge>2704302</ibge>
    <gia/>
    <ddd>82</ddd>
    <siafi>2785</siafi>
  </cep>
  <cep>
    <cep>57042-490</cep>
    <logradouro>Rua Romeu Costa Lima</logradouro>
    <complemento/>
    <unidade/>
    <bairro>Feitosa</bairro>
    <localidade>Maceió</localidade>
    <uf>AL</uf>
    <estado>Alagoas</estado>
    <região/>
    <ibge>2704302</ibge>
    <gia/>
    <ddd>82</ddd>
    <siafi>2785</siafi>
  </cep>
  <cep>
    <cep>57042-530</cep>
    <logradouro>Avenida Juca Sampaio</logradouro>
    <complemento/>
    <unidade/>
    <bairro>Feitosa</bairro>
    <localidade>Maceió</localidade>
    <uf>AL</uf>
    <estado>Alagoas</estado>
    <região/>
    <ibge>2704302</ibge>
    <gia/>
    <ddd>82</ddd>
    <siafi>2785</siafi>
  </cep>
  <cep>
    <cep>57042-535</cep>
    <logradouro>Rua Rosalva Lessa Cabral</logradouro>
    <complemento/>
    <unidade/>
    <bairro>Feitosa</bairro>
    <localidade>Maceió</localidade>
    <uf>AL</uf>
    <estado>Alagoas</estado>
    <região/>
    <ibge>2704302</ibge>
    <gia/>
    <ddd>82</ddd>
    <siafi>2785</siafi>
  </cep>
  <cep>
    <cep>57042-536</cep>
    <logradouro>Rua Waldemiro Nunes de Alencar Barros</logradouro>
    <complemento/>
    <unidade/>
    <bairro>Feitosa</bairro>
    <localidade>Maceió</localidade>
    <uf>AL</uf>
    <estado>Alagoas</estado>
    <região/>
    <ibge>2704302</ibge>
    <gia/>
    <ddd>82</ddd>
    <siafi>2785</siafi>
  </cep>
  <cep>
    <cep>57042-539</cep>
    <logradouro>Travessa Rosalvo Lessa</logradouro>
    <complemento/>
    <unidade/>
    <bairro>Feitosa</bairro>
    <localidade>Maceió</localidade>
    <uf>AL</uf>
    <estado>Alagoas</estado>
    <região/>
    <ibge>2704302</ibge>
    <gia/>
    <ddd>82</ddd>
    <siafi>2785</siafi>
  </cep>
  <cep>
    <cep>57042-538</cep>
    <logradouro>Rua Antônio Reginaldo Pontes Lima</logradouro>
    <complemento/>
    <unidade/>
    <bairro>Feitosa</bairro>
    <localidade>Maceió</localidade>
    <uf>AL</uf>
    <estado>Alagoas</estado>
    <região/>
    <ibge>2704302</ibge>
    <gia/>
    <ddd>82</ddd>
    <siafi>2785</siafi>
  </cep>
  <cep>
    <cep>57042-541</cep>
    <logradouro>Rua São Leopoldo</logradouro>
    <complemento/>
    <unidade/>
    <bairro>Feitosa</bairro>
    <localidade>Maceió</localidade>
    <uf>AL</uf>
    <estado>Alagoas</estado>
    <região/>
    <ibge>2704302</ibge>
    <gia/>
    <ddd>82</ddd>
    <siafi>2785</siafi>
  </cep>
  <cep>
    <cep>57042-543</cep>
    <logradouro>3ª Travessa Girassol</logradouro>
    <complemento/>
    <unidade/>
    <bairro>Feitosa</bairro>
    <localidade>Maceió</localidade>
    <uf>AL</uf>
    <estado>Alagoas</estado>
    <região/>
    <ibge>2704302</ibge>
    <gia/>
    <ddd>82</ddd>
    <siafi>2785</siafi>
  </cep>
  <cep>
    <cep>57042-542</cep>
    <logradouro>2ª Travessa Girassol</logradouro>
    <complemento/>
    <unidade/>
    <bairro>Feitosa</bairro>
    <localidade>Maceió</localidade>
    <uf>AL</uf>
    <estado>Alagoas</estado>
    <região/>
    <ibge>2704302</ibge>
    <gia/>
    <ddd>82</ddd>
    <siafi>2785</siafi>
  </cep>
  <cep>
    <cep>57042-547</cep>
    <logradouro>4ª Travessa Girassol</logradouro>
    <complemento/>
    <unidade/>
    <bairro>Feitosa</bairro>
    <localidade>Maceió</localidade>
    <uf>AL</uf>
    <estado>Alagoas</estado>
    <região/>
    <ibge>2704302</ibge>
    <gia/>
    <ddd>82</ddd>
    <siafi>2785</siafi>
  </cep>
  <cep>
    <cep>57042-553</cep>
    <logradouro>Rua C</logradouro>
    <complemento>(Lot Santa Madalena)</complemento>
    <unidade/>
    <bairro>Feitosa</bairro>
    <localidade>Maceió</localidade>
    <uf>AL</uf>
    <estado>Alagoas</estado>
    <região/>
    <ibge>2704302</ibge>
    <gia/>
    <ddd>82</ddd>
    <siafi>2785</siafi>
  </cep>
  <cep>
    <cep>57042-554</cep>
    <logradouro>Rua F</logradouro>
    <complemento>(Lot Santa Madalena)</complemento>
    <unidade/>
    <bairro>Feitosa</bairro>
    <localidade>Maceió</localidade>
    <uf>AL</uf>
    <estado>Alagoas</estado>
    <região/>
    <ibge>2704302</ibge>
    <gia/>
    <ddd>82</ddd>
    <siafi>2785</siafi>
  </cep>
  <cep>
    <cep>57042-560</cep>
    <logradouro>Rua Noêmia Campos</logradouro>
    <complemento/>
    <unidade/>
    <bairro>Feitosa</bairro>
    <localidade>Maceió</localidade>
    <uf>AL</uf>
    <estado>Alagoas</estado>
    <região/>
    <ibge>2704302</ibge>
    <gia/>
    <ddd>82</ddd>
    <siafi>2785</siafi>
  </cep>
  <cep>
    <cep>57042-600</cep>
    <logradouro>Rua Inspetor Rosalvo Martins de Carvalho</logradouro>
    <complemento/>
    <unidade/>
    <bairro>Feitosa</bairro>
    <localidade>Maceió</localidade>
    <uf>AL</uf>
    <estado>Alagoas</estado>
    <região/>
    <ibge>2704302</ibge>
    <gia/>
    <ddd>82</ddd>
    <siafi>2785</siafi>
  </cep>
  <cep>
    <cep>57042-620</cep>
    <logradouro>Avenida Tenente John Richardson Cordeiro</logradouro>
    <complemento/>
    <unidade/>
    <bairro>Feitosa</bairro>
    <localidade>Maceió</localidade>
    <uf>AL</uf>
    <estado>Alagoas</estado>
    <região/>
    <ibge>2704302</ibge>
    <gia/>
    <ddd>82</ddd>
    <siafi>2785</siafi>
  </cep>
  <cep>
    <cep>57042-752</cep>
    <logradouro>Rua Projetada 371</logradouro>
    <complemento>(Lot Bariloche)</complemento>
    <unidade/>
    <bairro>Feitosa</bairro>
    <localidade>Maceió</localidade>
    <uf>AL</uf>
    <estado>Alagoas</estado>
    <região/>
    <ibge>2704302</ibge>
    <gia/>
    <ddd>82</ddd>
    <siafi>2785</siafi>
  </cep>
  <cep>
    <cep>57042-730</cep>
    <logradouro>Rua Desembargador José Pantaleão Neto</logradouro>
    <complemento/>
    <unidade/>
    <bairro>Feitosa</bairro>
    <localidade>Maceió</localidade>
    <uf>AL</uf>
    <estado>Alagoas</estado>
    <região/>
    <ibge>2704302</ibge>
    <gia/>
    <ddd>82</ddd>
    <siafi>2785</siafi>
  </cep>
  <cep>
    <cep>57042-700</cep>
    <logradouro>Rua Tenente Ruber Ivo</logradouro>
    <complemento/>
    <unidade/>
    <bairro>Feitosa</bairro>
    <localidade>Maceió</localidade>
    <uf>AL</uf>
    <estado>Alagoas</estado>
    <região/>
    <ibge>2704302</ibge>
    <gia/>
    <ddd>82</ddd>
    <siafi>2785</siafi>
  </cep>
  <cep>
    <cep>57042-680</cep>
    <logradouro>Rua São Cristóvão</logradouro>
    <complemento/>
    <unidade/>
    <bairro>Feitosa</bairro>
    <localidade>Maceió</localidade>
    <uf>AL</uf>
    <estado>Alagoas</estado>
    <região/>
    <ibge>2704302</ibge>
    <gia/>
    <ddd>82</ddd>
    <siafi>2785</siafi>
  </cep>
  <cep>
    <cep>57042-610</cep>
    <logradouro>Rua Joel Vieira dos Anjos</logradouro>
    <complemento/>
    <unidade/>
    <bairro>Feitosa</bairro>
    <localidade>Maceió</localidade>
    <uf>AL</uf>
    <estado>Alagoas</estado>
    <região/>
    <ibge>2704302</ibge>
    <gia/>
    <ddd>82</ddd>
    <siafi>2785</siafi>
  </cep>
  <cep>
    <cep>57042-758</cep>
    <logradouro>Rua Eutália da Cunha Lima</logradouro>
    <complemento>(Projetada 0368)</complemento>
    <unidade/>
    <bairro>Feitosa</bairro>
    <localidade>Maceió</localidade>
    <uf>AL</uf>
    <estado>Alagoas</estado>
    <região/>
    <ibge>2704302</ibge>
    <gia/>
    <ddd>82</ddd>
    <siafi>2785</siafi>
  </cep>
  <cep>
    <cep>57042-754</cep>
    <logradouro>Rua Ernani Bezerra Cavalcante</logradouro>
    <complemento/>
    <unidade/>
    <bairro>Feitosa</bairro>
    <localidade>Maceió</localidade>
    <uf>AL</uf>
    <estado>Alagoas</estado>
    <região/>
    <ibge>2704302</ibge>
    <gia/>
    <ddd>82</ddd>
    <siafi>2785</siafi>
  </cep>
  <cep>
    <cep>57042-764</cep>
    <logradouro>Rua Anisete Simões Navarro</logradouro>
    <complemento>(Lot Bariloche)</complemento>
    <unidade/>
    <bairro>Feitosa</bairro>
    <localidade>Maceió</localidade>
    <uf>AL</uf>
    <estado>Alagoas</estado>
    <região/>
    <ibge>2704302</ibge>
    <gia/>
    <ddd>82</ddd>
    <siafi>2785</siafi>
  </cep>
  <cep>
    <cep>57042-760</cep>
    <logradouro>Rua Projetada 366</logradouro>
    <complemento>(Lot Bariloche)</complemento>
    <unidade/>
    <bairro>Feitosa</bairro>
    <localidade>Maceió</localidade>
    <uf>AL</uf>
    <estado>Alagoas</estado>
    <região/>
    <ibge>2704302</ibge>
    <gia/>
    <ddd>82</ddd>
    <siafi>2785</siafi>
  </cep>
  <cep>
    <cep>57042-770</cep>
    <logradouro>Rua Comerciante Francisco Soares Camelo</logradouro>
    <complemento>(Lot Bariloche)</complemento>
    <unidade/>
    <bairro>Feitosa</bairro>
    <localidade>Maceió</localidade>
    <uf>AL</uf>
    <estado>Alagoas</estado>
    <região/>
    <ibge>2704302</ibge>
    <gia/>
    <ddd>82</ddd>
    <siafi>2785</siafi>
  </cep>
  <cep>
    <cep>57042-772</cep>
    <logradouro>Rua Maria Sampaio da Silva</logradouro>
    <complemento>(Lot Bariloche)</complemento>
    <unidade/>
    <bairro>Feitosa</bairro>
    <localidade>Maceió</localidade>
    <uf>AL</uf>
    <estado>Alagoas</estado>
    <região/>
    <ibge>2704302</ibge>
    <gia/>
    <ddd>82</ddd>
    <siafi>2785</siafi>
  </cep>
  <cep>
    <cep>57042-776</cep>
    <logradouro>Rua Maria Nunes da Silva</logradouro>
    <complemento>(Lot Bariloche)</complemento>
    <unidade/>
    <bairro>Feitosa</bairro>
    <localidade>Maceió</localidade>
    <uf>AL</uf>
    <estado>Alagoas</estado>
    <região/>
    <ibge>2704302</ibge>
    <gia/>
    <ddd>82</ddd>
    <siafi>2785</siafi>
  </cep>
  <cep>
    <cep>57042-778</cep>
    <logradouro>Rua Projetada 357</logradouro>
    <complemento>(Lot Bariloche)</complemento>
    <unidade/>
    <bairro>Feitosa</bairro>
    <localidade>Maceió</localidade>
    <uf>AL</uf>
    <estado>Alagoas</estado>
    <região/>
    <ibge>2704302</ibge>
    <gia/>
    <ddd>82</ddd>
    <siafi>2785</siafi>
  </cep>
  <cep>
    <cep>57042-774</cep>
    <logradouro>Rua Projetada 359</logradouro>
    <complemento>(Lot Bariloche)</complemento>
    <unidade/>
    <bairro>Feitosa</bairro>
    <localidade>Maceió</localidade>
    <uf>AL</uf>
    <estado>Alagoas</estado>
    <região/>
    <ibge>2704302</ibge>
    <gia/>
    <ddd>82</ddd>
    <siafi>2785</siafi>
  </cep>
  <cep>
    <cep>57042-779</cep>
    <logradouro>Rua Projetada 358</logradouro>
    <complemento>(Lot Bariloche)</complemento>
    <unidade/>
    <bairro>Feitosa</bairro>
    <localidade>Maceió</localidade>
    <uf>AL</uf>
    <estado>Alagoas</estado>
    <região/>
    <ibge>2704302</ibge>
    <gia/>
    <ddd>82</ddd>
    <siafi>2785</siafi>
  </cep>
  <cep>
    <cep>57042-780</cep>
    <logradouro>Rua Projetada 355</logradouro>
    <complemento>(Lot Bariloche)</complemento>
    <unidade/>
    <bairro>Feitosa</bairro>
    <localidade>Maceió</localidade>
    <uf>AL</uf>
    <estado>Alagoas</estado>
    <região/>
    <ibge>2704302</ibge>
    <gia/>
    <ddd>82</ddd>
    <siafi>2785</siafi>
  </cep>
  <cep>
    <cep>57042-783</cep>
    <logradouro>Rua Projetada 353</logradouro>
    <complemento>(Lot Bariloche)</complemento>
    <unidade/>
    <bairro>Feitosa</bairro>
    <localidade>Maceió</localidade>
    <uf>AL</uf>
    <estado>Alagoas</estado>
    <região/>
    <ibge>2704302</ibge>
    <gia/>
    <ddd>82</ddd>
    <siafi>2785</siafi>
  </cep>
  <cep>
    <cep>57042-781</cep>
    <logradouro>Rua Desportista Moisés José da Silva</logradouro>
    <complemento/>
    <unidade/>
    <bairro>Feitosa</bairro>
    <localidade>Maceió</localidade>
    <uf>AL</uf>
    <estado>Alagoas</estado>
    <região/>
    <ibge>2704302</ibge>
    <gia/>
    <ddd>82</ddd>
    <siafi>2785</siafi>
  </cep>
  <cep>
    <cep>57043-012</cep>
    <logradouro>Travessa Adelmo de Melo</logradouro>
    <complemento/>
    <unidade/>
    <bairro>Feitosa</bairro>
    <localidade>Maceió</localidade>
    <uf>AL</uf>
    <estado>Alagoas</estado>
    <região/>
    <ibge>2704302</ibge>
    <gia/>
    <ddd>82</ddd>
    <siafi>2785</siafi>
  </cep>
  <cep>
    <cep>57043-051</cep>
    <logradouro>Quadra A</logradouro>
    <complemento>(Lot Verde Vale II)</complemento>
    <unidade/>
    <bairro>Feitosa</bairro>
    <localidade>Maceió</localidade>
    <uf>AL</uf>
    <estado>Alagoas</estado>
    <região/>
    <ibge>2704302</ibge>
    <gia/>
    <ddd>82</ddd>
    <siafi>2785</siafi>
  </cep>
  <cep>
    <cep>57042-840</cep>
    <logradouro>Rua Armando de Faria Lôbo</logradouro>
    <complemento/>
    <unidade/>
    <bairro>Feitosa</bairro>
    <localidade>Maceió</localidade>
    <uf>AL</uf>
    <estado>Alagoas</estado>
    <região/>
    <ibge>2704302</ibge>
    <gia/>
    <ddd>82</ddd>
    <siafi>2785</siafi>
  </cep>
  <cep>
    <cep>57043-057</cep>
    <logradouro>Quadra G</logradouro>
    <complemento>(Lot Verde Vale II)</complemento>
    <unidade/>
    <bairro>Feitosa</bairro>
    <localidade>Maceió</localidade>
    <uf>AL</uf>
    <estado>Alagoas</estado>
    <região/>
    <ibge>2704302</ibge>
    <gia/>
    <ddd>82</ddd>
    <siafi>2785</siafi>
  </cep>
  <cep>
    <cep>57043-066</cep>
    <logradouro>Rua Arlete Mendes Freitas</logradouro>
    <complemento/>
    <unidade/>
    <bairro>Feitosa</bairro>
    <localidade>Maceió</localidade>
    <uf>AL</uf>
    <estado>Alagoas</estado>
    <região/>
    <ibge>2704302</ibge>
    <gia/>
    <ddd>82</ddd>
    <siafi>2785</siafi>
  </cep>
  <cep>
    <cep>57043-080</cep>
    <logradouro>Rua Flaviano Lisboa</logradouro>
    <complemento/>
    <unidade/>
    <bairro>Feitosa</bairro>
    <localidade>Maceió</localidade>
    <uf>AL</uf>
    <estado>Alagoas</estado>
    <região/>
    <ibge>2704302</ibge>
    <gia/>
    <ddd>82</ddd>
    <siafi>2785</siafi>
  </cep>
  <cep>
    <cep>57043-062</cep>
    <logradouro>Rua Coronel José Osmam</logradouro>
    <complemento/>
    <unidade/>
    <bairro>Feitosa</bairro>
    <localidade>Maceió</localidade>
    <uf>AL</uf>
    <estado>Alagoas</estado>
    <região/>
    <ibge>2704302</ibge>
    <gia/>
    <ddd>82</ddd>
    <siafi>2785</siafi>
  </cep>
  <cep>
    <cep>57043-058</cep>
    <logradouro>Rua Carlos Jorge Inácio da Silva</logradouro>
    <complemento/>
    <unidade/>
    <bairro>Feitosa</bairro>
    <localidade>Maceió</localidade>
    <uf>AL</uf>
    <estado>Alagoas</estado>
    <região/>
    <ibge>2704302</ibge>
    <gia/>
    <ddd>82</ddd>
    <siafi>2785</siafi>
  </cep>
  <cep>
    <cep>57043-053</cep>
    <logradouro>Quadra C</logradouro>
    <complemento>(Lot Verde Vale II)</complemento>
    <unidade/>
    <bairro>Feitosa</bairro>
    <localidade>Maceió</localidade>
    <uf>AL</uf>
    <estado>Alagoas</estado>
    <região/>
    <ibge>2704302</ibge>
    <gia/>
    <ddd>82</ddd>
    <siafi>2785</siafi>
  </cep>
  <cep>
    <cep>57043-043</cep>
    <logradouro>Ladeira Desembargador Hélio Cabral</logradouro>
    <complemento/>
    <unidade/>
    <bairro>Feitosa</bairro>
    <localidade>Maceió</localidade>
    <uf>AL</uf>
    <estado>Alagoas</estado>
    <região/>
    <ibge>2704302</ibge>
    <gia/>
    <ddd>82</ddd>
    <siafi>2785</siafi>
  </cep>
  <cep>
    <cep>57043-095</cep>
    <logradouro>Travessa das Flores</logradouro>
    <complemento/>
    <unidade/>
    <bairro>Feitosa</bairro>
    <localidade>Maceió</localidade>
    <uf>AL</uf>
    <estado>Alagoas</estado>
    <região/>
    <ibge>2704302</ibge>
    <gia/>
    <ddd>82</ddd>
    <siafi>2785</siafi>
  </cep>
  <cep>
    <cep>57043-068</cep>
    <logradouro>Rua Lily Lages</logradouro>
    <complemento/>
    <unidade/>
    <bairro>Feitosa</bairro>
    <localidade>Maceió</localidade>
    <uf>AL</uf>
    <estado>Alagoas</estado>
    <região/>
    <ibge>2704302</ibge>
    <gia/>
    <ddd>82</ddd>
    <siafi>2785</siafi>
  </cep>
  <cep>
    <cep>57043-100</cep>
    <logradouro>Rua Doutor Ivan Vasconcelos Brito</logradouro>
    <complemento/>
    <unidade/>
    <bairro>Feitosa</bairro>
    <localidade>Maceió</localidade>
    <uf>AL</uf>
    <estado>Alagoas</estado>
    <região/>
    <ibge>2704302</ibge>
    <gia/>
    <ddd>82</ddd>
    <siafi>2785</siafi>
  </cep>
  <cep>
    <cep>57043-055</cep>
    <logradouro>Quadra E</logradouro>
    <complemento>(Lot Verde Vale II)</complemento>
    <unidade/>
    <bairro>Feitosa</bairro>
    <localidade>Maceió</localidade>
    <uf>AL</uf>
    <estado>Alagoas</estado>
    <região/>
    <ibge>2704302</ibge>
    <gia/>
    <ddd>82</ddd>
    <siafi>2785</siafi>
  </cep>
  <cep>
    <cep>57043-052</cep>
    <logradouro>Quadra B</logradouro>
    <complemento>(Lot Verde Vale II)</complemento>
    <unidade/>
    <bairro>Feitosa</bairro>
    <localidade>Maceió</localidade>
    <uf>AL</uf>
    <estado>Alagoas</estado>
    <região/>
    <ibge>2704302</ibge>
    <gia/>
    <ddd>82</ddd>
    <siafi>2785</siafi>
  </cep>
  <cep>
    <cep>57043-110</cep>
    <logradouro>Rua Jerusalém</logradouro>
    <complemento/>
    <unidade/>
    <bairro>Feitosa</bairro>
    <localidade>Maceió</localidade>
    <uf>AL</uf>
    <estado>Alagoas</estado>
    <região/>
    <ibge>2704302</ibge>
    <gia/>
    <ddd>82</ddd>
    <siafi>2785</siafi>
  </cep>
  <cep>
    <cep>57042-123</cep>
    <logradouro>Quadra A</logradouro>
    <complemento>(Lot Verde Vale)</complemento>
    <unidade/>
    <bairro>Jacintinho</bairro>
    <localidade>Maceió</localidade>
    <uf>AL</uf>
    <estado>Alagoas</estado>
    <região/>
    <ibge>2704302</ibge>
    <gia/>
    <ddd>82</ddd>
    <siafi>2785</siafi>
  </cep>
  <cep>
    <cep>57043-115</cep>
    <logradouro>Travessa Jerusalém</logradouro>
    <complemento/>
    <unidade/>
    <bairro>Feitosa</bairro>
    <localidade>Maceió</localidade>
    <uf>AL</uf>
    <estado>Alagoas</estado>
    <região/>
    <ibge>2704302</ibge>
    <gia/>
    <ddd>82</ddd>
    <siafi>2785</siafi>
  </cep>
  <cep>
    <cep>57043-130</cep>
    <logradouro>Rua Monsenhor Danilo Galvão</logradouro>
    <complemento/>
    <unidade/>
    <bairro>Feitosa</bairro>
    <localidade>Maceió</localidade>
    <uf>AL</uf>
    <estado>Alagoas</estado>
    <região/>
    <ibge>2704302</ibge>
    <gia/>
    <ddd>82</ddd>
    <siafi>2785</siafi>
  </cep>
  <cep>
    <cep>57043-010</cep>
    <logradouro>Rua Adelmo de Melo</logradouro>
    <complemento/>
    <unidade/>
    <bairro>Feitosa</bairro>
    <localidade>Maceió</localidade>
    <uf>AL</uf>
    <estado>Alagoas</estado>
    <região/>
    <ibge>2704302</ibge>
    <gia/>
    <ddd>82</ddd>
    <siafi>2785</siafi>
  </cep>
  <cep>
    <cep>57043-090</cep>
    <logradouro>Rua das Flores</logradouro>
    <complemento/>
    <unidade/>
    <bairro>Feitosa</bairro>
    <localidade>Maceió</localidade>
    <uf>AL</uf>
    <estado>Alagoas</estado>
    <região/>
    <ibge>2704302</ibge>
    <gia/>
    <ddd>82</ddd>
    <siafi>2785</siafi>
  </cep>
  <cep>
    <cep>57043-056</cep>
    <logradouro>Quadra F</logradouro>
    <complemento>(Lot Verde Vale II)</complemento>
    <unidade/>
    <bairro>Feitosa</bairro>
    <localidade>Maceió</localidade>
    <uf>AL</uf>
    <estado>Alagoas</estado>
    <região/>
    <ibge>2704302</ibge>
    <gia/>
    <ddd>82</ddd>
    <siafi>2785</siafi>
  </cep>
  <cep>
    <cep>57043-175</cep>
    <logradouro>Travessa Santo Antônio</logradouro>
    <complemento/>
    <unidade/>
    <bairro>Feitosa</bairro>
    <localidade>Maceió</localidade>
    <uf>AL</uf>
    <estado>Alagoas</estado>
    <região/>
    <ibge>2704302</ibge>
    <gia/>
    <ddd>82</ddd>
    <siafi>2785</siafi>
  </cep>
  <cep>
    <cep>57043-180</cep>
    <logradouro>Rua São João</logradouro>
    <complemento/>
    <unidade/>
    <bairro>Feitosa</bairro>
    <localidade>Maceió</localidade>
    <uf>AL</uf>
    <estado>Alagoas</estado>
    <região/>
    <ibge>2704302</ibge>
    <gia/>
    <ddd>82</ddd>
    <siafi>2785</siafi>
  </cep>
  <cep>
    <cep>57042-785</cep>
    <logradouro>Rua Projetada 352</logradouro>
    <complemento>(Lot Bariloche)</complemento>
    <unidade/>
    <bairro>Feitosa</bairro>
    <localidade>Maceió</localidade>
    <uf>AL</uf>
    <estado>Alagoas</estado>
    <região/>
    <ibge>2704302</ibge>
    <gia/>
    <ddd>82</ddd>
    <siafi>2785</siafi>
  </cep>
  <cep>
    <cep>57043-170</cep>
    <logradouro>Avenida Santo Antônio</logradouro>
    <complemento/>
    <unidade/>
    <bairro>Feitosa</bairro>
    <localidade>Maceió</localidade>
    <uf>AL</uf>
    <estado>Alagoas</estado>
    <região/>
    <ibge>2704302</ibge>
    <gia/>
    <ddd>82</ddd>
    <siafi>2785</siafi>
  </cep>
  <cep>
    <cep>57043-165</cep>
    <logradouro>Travessa Santa Margarida</logradouro>
    <complemento/>
    <unidade/>
    <bairro>Feitosa</bairro>
    <localidade>Maceió</localidade>
    <uf>AL</uf>
    <estado>Alagoas</estado>
    <região/>
    <ibge>2704302</ibge>
    <gia/>
    <ddd>82</ddd>
    <siafi>2785</siafi>
  </cep>
  <cep>
    <cep>57043-046</cep>
    <logradouro>2ª Travessa Desembargador Hélio Cabral</logradouro>
    <complemento/>
    <unidade/>
    <bairro>Feitosa</bairro>
    <localidade>Maceió</localidade>
    <uf>AL</uf>
    <estado>Alagoas</estado>
    <região/>
    <ibge>2704302</ibge>
    <gia/>
    <ddd>82</ddd>
    <siafi>2785</siafi>
  </cep>
  <cep>
    <cep>57043-045</cep>
    <logradouro>1ª Travessa Desembargador Hélio Cabral</logradouro>
    <complemento/>
    <unidade/>
    <bairro>Feitosa</bairro>
    <localidade>Maceió</localidade>
    <uf>AL</uf>
    <estado>Alagoas</estado>
    <região/>
    <ibge>2704302</ibge>
    <gia/>
    <ddd>82</ddd>
    <siafi>2785</siafi>
  </cep>
  <cep>
    <cep>57043-030</cep>
    <logradouro>Rua Bancário Geraldo Gonçalves</logradouro>
    <complemento/>
    <unidade/>
    <bairro>Feitosa</bairro>
    <localidade>Maceió</localidade>
    <uf>AL</uf>
    <estado>Alagoas</estado>
    <região/>
    <ibge>2704302</ibge>
    <gia/>
    <ddd>82</ddd>
    <siafi>2785</siafi>
  </cep>
  <cep>
    <cep>57043-064</cep>
    <logradouro>Rua Milton Mendes da Silva</logradouro>
    <complemento/>
    <unidade/>
    <bairro>Feitosa</bairro>
    <localidade>Maceió</localidade>
    <uf>AL</uf>
    <estado>Alagoas</estado>
    <região/>
    <ibge>2704302</ibge>
    <gia/>
    <ddd>82</ddd>
    <siafi>2785</siafi>
  </cep>
  <cep>
    <cep>57043-190</cep>
    <logradouro>Rua São Sebastião</logradouro>
    <complemento/>
    <unidade/>
    <bairro>Feitosa</bairro>
    <localidade>Maceió</localidade>
    <uf>AL</uf>
    <estado>Alagoas</estado>
    <região/>
    <ibge>2704302</ibge>
    <gia/>
    <ddd>82</ddd>
    <siafi>2785</siafi>
  </cep>
  <cep>
    <cep>57043-054</cep>
    <logradouro>Quadra D</logradouro>
    <complemento>(Lot Verde Vale II)</complemento>
    <unidade/>
    <bairro>Feitosa</bairro>
    <localidade>Maceió</localidade>
    <uf>AL</uf>
    <estado>Alagoas</estado>
    <região/>
    <ibge>2704302</ibge>
    <gia/>
    <ddd>82</ddd>
    <siafi>2785</siafi>
  </cep>
  <cep>
    <cep>57043-070</cep>
    <logradouro>Rua Empresário Antônio Lima Morais</logradouro>
    <complemento/>
    <unidade/>
    <bairro>Feitosa</bairro>
    <localidade>Maceió</localidade>
    <uf>AL</uf>
    <estado>Alagoas</estado>
    <região/>
    <ibge>2704302</ibge>
    <gia/>
    <ddd>82</ddd>
    <siafi>2785</siafi>
  </cep>
  <cep>
    <cep>57043-050</cep>
    <logradouro>Rua Doutor Carlos Gomes de Barros</logradouro>
    <complemento/>
    <unidade/>
    <bairro>Feitosa</bairro>
    <localidade>Maceió</localidade>
    <uf>AL</uf>
    <estado>Alagoas</estado>
    <região/>
    <ibge>2704302</ibge>
    <gia/>
    <ddd>82</ddd>
    <siafi>2785</siafi>
  </cep>
  <cep>
    <cep>57043-201</cep>
    <logradouro>Travessa Artemísia</logradouro>
    <complemento/>
    <unidade/>
    <bairro>Feitosa</bairro>
    <localidade>Maceió</localidade>
    <uf>AL</uf>
    <estado>Alagoas</estado>
    <região/>
    <ibge>2704302</ibge>
    <gia/>
    <ddd>82</ddd>
    <siafi>2785</siafi>
  </cep>
  <cep>
    <cep>57043-150</cep>
    <logradouro>Rua Promotor Manoel de Carvalho</logradouro>
    <complemento/>
    <unidade/>
    <bairro>Feitosa</bairro>
    <localidade>Maceió</localidade>
    <uf>AL</uf>
    <estado>Alagoas</estado>
    <região/>
    <ibge>2704302</ibge>
    <gia/>
    <ddd>82</ddd>
    <siafi>2785</siafi>
  </cep>
  <cep>
    <cep>57043-186</cep>
    <logradouro>2ª Travessa São João</logradouro>
    <complemento/>
    <unidade/>
    <bairro>Feitosa</bairro>
    <localidade>Maceió</localidade>
    <uf>AL</uf>
    <estado>Alagoas</estado>
    <região/>
    <ibge>2704302</ibge>
    <gia/>
    <ddd>82</ddd>
    <siafi>2785</siafi>
  </cep>
  <cep>
    <cep>57043-140</cep>
    <logradouro>Rua Padre Cícero</logradouro>
    <complemento/>
    <unidade/>
    <bairro>Feitosa</bairro>
    <localidade>Maceió</localidade>
    <uf>AL</uf>
    <estado>Alagoas</estado>
    <região/>
    <ibge>2704302</ibge>
    <gia/>
    <ddd>82</ddd>
    <siafi>2785</siafi>
  </cep>
  <cep>
    <cep>57043-120</cep>
    <logradouro>Rua do Meio</logradouro>
    <complemento/>
    <unidade/>
    <bairro>Feitosa</bairro>
    <localidade>Maceió</localidade>
    <uf>AL</uf>
    <estado>Alagoas</estado>
    <região/>
    <ibge>2704302</ibge>
    <gia/>
    <ddd>82</ddd>
    <siafi>2785</siafi>
  </cep>
  <cep>
    <cep>57043-005</cep>
    <logradouro>Travessa Governador Lamenha Filho</logradouro>
    <complemento/>
    <unidade/>
    <bairro>Feitosa</bairro>
    <localidade>Maceió</localidade>
    <uf>AL</uf>
    <estado>Alagoas</estado>
    <região/>
    <ibge>2704302</ibge>
    <gia/>
    <ddd>82</ddd>
    <siafi>2785</siafi>
  </cep>
  <cep>
    <cep>57043-000</cep>
    <logradouro>Avenida Governador Lamenha Filho</logradouro>
    <complemento>até 2054/2055</complemento>
    <unidade/>
    <bairro>Feitosa</bairro>
    <localidade>Maceió</localidade>
    <uf>AL</uf>
    <estado>Alagoas</estado>
    <região/>
    <ibge>2704302</ibge>
    <gia/>
    <ddd>82</ddd>
    <siafi>2785</siafi>
  </cep>
  <cep>
    <cep>57043-160</cep>
    <logradouro>Rua Santa Margarida</logradouro>
    <complemento/>
    <unidade/>
    <bairro>Feitosa</bairro>
    <localidade>Maceió</localidade>
    <uf>AL</uf>
    <estado>Alagoas</estado>
    <região/>
    <ibge>2704302</ibge>
    <gia/>
    <ddd>82</ddd>
    <siafi>2785</siafi>
  </cep>
  <cep>
    <cep>57043-185</cep>
    <logradouro>Travessa São João I</logradouro>
    <complemento/>
    <unidade/>
    <bairro>Feitosa</bairro>
    <localidade>Maceió</localidade>
    <uf>AL</uf>
    <estado>Alagoas</estado>
    <região/>
    <ibge>2704302</ibge>
    <gia/>
    <ddd>82</ddd>
    <siafi>2785</siafi>
  </cep>
  <cep>
    <cep>57043-040</cep>
    <logradouro>Rua Desembargador Hélio Cabral</logradouro>
    <complemento/>
    <unidade/>
    <bairro>Feitosa</bairro>
    <localidade>Maceió</localidade>
    <uf>AL</uf>
    <estado>Alagoas</estado>
    <região/>
    <ibge>2704302</ibge>
    <gia/>
    <ddd>82</ddd>
    <siafi>2785</siafi>
  </cep>
  <cep>
    <cep>57043-203</cep>
    <logradouro>Vale do Artemísia</logradouro>
    <complemento/>
    <unidade/>
    <bairro>Feitosa</bairro>
    <localidade>Maceió</localidade>
    <uf>AL</uf>
    <estado>Alagoas</estado>
    <região/>
    <ibge>2704302</ibge>
    <gia/>
    <ddd>82</ddd>
    <siafi>2785</siafi>
  </cep>
  <cep>
    <cep>57043-200</cep>
    <logradouro>Rua Senador Rui Palmeira</logradouro>
    <complemento/>
    <unidade/>
    <bairro>Feitosa</bairro>
    <localidade>Maceió</localidade>
    <uf>AL</uf>
    <estado>Alagoas</estado>
    <região/>
    <ibge>2704302</ibge>
    <gia/>
    <ddd>82</ddd>
    <siafi>2785</siafi>
  </cep>
  <cep>
    <cep>57043-210</cep>
    <logradouro>Rua Tenente José Gonçalves</logradouro>
    <complemento/>
    <unidade/>
    <bairro>Feitosa</bairro>
    <localidade>Maceió</localidade>
    <uf>AL</uf>
    <estado>Alagoas</estado>
    <região/>
    <ibge>2704302</ibge>
    <gia/>
    <ddd>82</ddd>
    <siafi>2785</siafi>
  </cep>
  <cep>
    <cep>57043-235</cep>
    <logradouro>Travessa Acre</logradouro>
    <complemento/>
    <unidade/>
    <bairro>Feitosa</bairro>
    <localidade>Maceió</localidade>
    <uf>AL</uf>
    <estado>Alagoas</estado>
    <região/>
    <ibge>2704302</ibge>
    <gia/>
    <ddd>82</ddd>
    <siafi>2785</siafi>
  </cep>
  <cep>
    <cep>57043-220</cep>
    <logradouro>Rua Treze de Novembro</logradouro>
    <complemento/>
    <unidade/>
    <bairro>Feitosa</bairro>
    <localidade>Maceió</localidade>
    <uf>AL</uf>
    <estado>Alagoas</estado>
    <região/>
    <ibge>2704302</ibge>
    <gia/>
    <ddd>82</ddd>
    <siafi>2785</siafi>
  </cep>
  <cep>
    <cep>57043-230</cep>
    <logradouro>Rua Acre</logradouro>
    <complemento/>
    <unidade/>
    <bairro>Feitosa</bairro>
    <localidade>Maceió</localidade>
    <uf>AL</uf>
    <estado>Alagoas</estado>
    <região/>
    <ibge>2704302</ibge>
    <gia/>
    <ddd>82</ddd>
    <siafi>2785</siafi>
  </cep>
  <cep>
    <cep>57043-240</cep>
    <logradouro>Rua Augusto Calheiros</logradouro>
    <complemento/>
    <unidade/>
    <bairro>Feitosa</bairro>
    <localidade>Maceió</localidade>
    <uf>AL</uf>
    <estado>Alagoas</estado>
    <região/>
    <ibge>2704302</ibge>
    <gia/>
    <ddd>82</ddd>
    <siafi>2785</siafi>
  </cep>
  <cep>
    <cep>57043-250</cep>
    <logradouro>Rua Diégues Júnior</logradouro>
    <complemento>de 943/944 ao fim</complemento>
    <unidade/>
    <bairro>Feitosa</bairro>
    <localidade>Maceió</localidade>
    <uf>AL</uf>
    <estado>Alagoas</estado>
    <região/>
    <ibge>2704302</ibge>
    <gia/>
    <ddd>82</ddd>
    <siafi>2785</siafi>
  </cep>
  <cep>
    <cep>57043-255</cep>
    <logradouro>Travessa Diégues Júnior</logradouro>
    <complemento/>
    <unidade/>
    <bairro>Feitosa</bairro>
    <localidade>Maceió</localidade>
    <uf>AL</uf>
    <estado>Alagoas</estado>
    <região/>
    <ibge>2704302</ibge>
    <gia/>
    <ddd>82</ddd>
    <siafi>2785</siafi>
  </cep>
  <cep>
    <cep>57043-256</cep>
    <logradouro>2ª Travessa Diegues Júnior</logradouro>
    <complemento/>
    <unidade/>
    <bairro>Feitosa</bairro>
    <localidade>Maceió</localidade>
    <uf>AL</uf>
    <estado>Alagoas</estado>
    <região/>
    <ibge>2704302</ibge>
    <gia/>
    <ddd>82</ddd>
    <siafi>2785</siafi>
  </cep>
  <cep>
    <cep>57043-260</cep>
    <logradouro>Rua Dona Morena</logradouro>
    <complemento/>
    <unidade/>
    <bairro>Feitosa</bairro>
    <localidade>Maceió</localidade>
    <uf>AL</uf>
    <estado>Alagoas</estado>
    <região/>
    <ibge>2704302</ibge>
    <gia/>
    <ddd>82</ddd>
    <siafi>2785</siafi>
  </cep>
  <cep>
    <cep>57043-265</cep>
    <logradouro>Rua Santo Antonio</logradouro>
    <complemento>(Rodoviária)</complemento>
    <unidade/>
    <bairro>Feitosa</bairro>
    <localidade>Maceió</localidade>
    <uf>AL</uf>
    <estado>Alagoas</estado>
    <região/>
    <ibge>2704302</ibge>
    <gia/>
    <ddd>82</ddd>
    <siafi>2785</siafi>
  </cep>
  <cep>
    <cep>57043-270</cep>
    <logradouro>Rua Penedo</logradouro>
    <complemento/>
    <unidade/>
    <bairro>Feitosa</bairro>
    <localidade>Maceió</localidade>
    <uf>AL</uf>
    <estado>Alagoas</estado>
    <região/>
    <ibge>2704302</ibge>
    <gia/>
    <ddd>82</ddd>
    <siafi>2785</siafi>
  </cep>
  <cep>
    <cep>57043-280</cep>
    <logradouro>Rua Jardim Manguaba</logradouro>
    <complemento/>
    <unidade/>
    <bairro>Feitosa</bairro>
    <localidade>Maceió</localidade>
    <uf>AL</uf>
    <estado>Alagoas</estado>
    <região/>
    <ibge>2704302</ibge>
    <gia/>
    <ddd>82</ddd>
    <siafi>2785</siafi>
  </cep>
  <cep>
    <cep>57043-282</cep>
    <logradouro>Travessa Jardim Manguaba</logradouro>
    <complemento/>
    <unidade/>
    <bairro>Feitosa</bairro>
    <localidade>Maceió</localidade>
    <uf>AL</uf>
    <estado>Alagoas</estado>
    <região/>
    <ibge>2704302</ibge>
    <gia/>
    <ddd>82</ddd>
    <siafi>2785</siafi>
  </cep>
  <cep>
    <cep>57043-314</cep>
    <logradouro>Quadra F</logradouro>
    <complemento>(Cj São Pedro)</complemento>
    <unidade/>
    <bairro>Feitosa</bairro>
    <localidade>Maceió</localidade>
    <uf>AL</uf>
    <estado>Alagoas</estado>
    <região/>
    <ibge>2704302</ibge>
    <gia/>
    <ddd>82</ddd>
    <siafi>2785</siafi>
  </cep>
  <cep>
    <cep>57043-290</cep>
    <logradouro>Rua Doutor Carlos Miranda</logradouro>
    <complemento/>
    <unidade/>
    <bairro>Feitosa</bairro>
    <localidade>Maceió</localidade>
    <uf>AL</uf>
    <estado>Alagoas</estado>
    <região/>
    <ibge>2704302</ibge>
    <gia/>
    <ddd>82</ddd>
    <siafi>2785</siafi>
  </cep>
  <cep>
    <cep>57043-300</cep>
    <logradouro>Rua Manoel Getirana</logradouro>
    <complemento/>
    <unidade/>
    <bairro>Feitosa</bairro>
    <localidade>Maceió</localidade>
    <uf>AL</uf>
    <estado>Alagoas</estado>
    <região/>
    <ibge>2704302</ibge>
    <gia/>
    <ddd>82</ddd>
    <siafi>2785</siafi>
  </cep>
  <cep>
    <cep>57043-310</cep>
    <logradouro>Rua Maria de Fátima</logradouro>
    <complemento/>
    <unidade/>
    <bairro>Feitosa</bairro>
    <localidade>Maceió</localidade>
    <uf>AL</uf>
    <estado>Alagoas</estado>
    <região/>
    <ibge>2704302</ibge>
    <gia/>
    <ddd>82</ddd>
    <siafi>2785</siafi>
  </cep>
  <cep>
    <cep>57043-316</cep>
    <logradouro>Quadra D</logradouro>
    <complemento>(Cj São Pedro)</complemento>
    <unidade/>
    <bairro>Feitosa</bairro>
    <localidade>Maceió</localidade>
    <uf>AL</uf>
    <estado>Alagoas</estado>
    <região/>
    <ibge>2704302</ibge>
    <gia/>
    <ddd>82</ddd>
    <siafi>2785</siafi>
  </cep>
  <cep>
    <cep>57043-317</cep>
    <logradouro>Quadra E</logradouro>
    <complemento>(Cj São Pedro)</complemento>
    <unidade/>
    <bairro>Feitosa</bairro>
    <localidade>Maceió</localidade>
    <uf>AL</uf>
    <estado>Alagoas</estado>
    <região/>
    <ibge>2704302</ibge>
    <gia/>
    <ddd>82</ddd>
    <siafi>2785</siafi>
  </cep>
  <cep>
    <cep>57043-319</cep>
    <logradouro>Quadra B</logradouro>
    <complemento>(Cj São Pedro)</complemento>
    <unidade/>
    <bairro>Feitosa</bairro>
    <localidade>Maceió</localidade>
    <uf>AL</uf>
    <estado>Alagoas</estado>
    <região/>
    <ibge>2704302</ibge>
    <gia/>
    <ddd>82</ddd>
    <siafi>2785</siafi>
  </cep>
  <cep>
    <cep>57043-315</cep>
    <logradouro>Quadra C</logradouro>
    <complemento>(Cj São Pedro)</complemento>
    <unidade/>
    <bairro>Feitosa</bairro>
    <localidade>Maceió</localidade>
    <uf>AL</uf>
    <estado>Alagoas</estado>
    <região/>
    <ibge>2704302</ibge>
    <gia/>
    <ddd>82</ddd>
    <siafi>2785</siafi>
  </cep>
  <cep>
    <cep>57043-320</cep>
    <logradouro>Rua Niterói</logradouro>
    <complemento/>
    <unidade/>
    <bairro>Feitosa</bairro>
    <localidade>Maceió</localidade>
    <uf>AL</uf>
    <estado>Alagoas</estado>
    <região/>
    <ibge>2704302</ibge>
    <gia/>
    <ddd>82</ddd>
    <siafi>2785</siafi>
  </cep>
  <cep>
    <cep>57043-318</cep>
    <logradouro>Quadra A</logradouro>
    <complemento>(Cj São Pedro)</complemento>
    <unidade/>
    <bairro>Feitosa</bairro>
    <localidade>Maceió</localidade>
    <uf>AL</uf>
    <estado>Alagoas</estado>
    <região/>
    <ibge>2704302</ibge>
    <gia/>
    <ddd>82</ddd>
    <siafi>2785</siafi>
  </cep>
  <cep>
    <cep>57043-325</cep>
    <logradouro>Travessa Niterói</logradouro>
    <complemento/>
    <unidade/>
    <bairro>Feitosa</bairro>
    <localidade>Maceió</localidade>
    <uf>AL</uf>
    <estado>Alagoas</estado>
    <região/>
    <ibge>2704302</ibge>
    <gia/>
    <ddd>82</ddd>
    <siafi>2785</siafi>
  </cep>
  <cep>
    <cep>57043-332</cep>
    <logradouro>Travessa Pau D'Arco</logradouro>
    <complemento/>
    <unidade/>
    <bairro>Feitosa</bairro>
    <localidade>Maceió</localidade>
    <uf>AL</uf>
    <estado>Alagoas</estado>
    <região/>
    <ibge>2704302</ibge>
    <gia/>
    <ddd>82</ddd>
    <siafi>2785</siafi>
  </cep>
  <cep>
    <cep>57043-334</cep>
    <logradouro>Rua Santa Bárbara</logradouro>
    <complemento/>
    <unidade/>
    <bairro>Feitosa</bairro>
    <localidade>Maceió</localidade>
    <uf>AL</uf>
    <estado>Alagoas</estado>
    <região/>
    <ibge>2704302</ibge>
    <gia/>
    <ddd>82</ddd>
    <siafi>2785</siafi>
  </cep>
  <cep>
    <cep>57043-336</cep>
    <logradouro>Rua São Félix</logradouro>
    <complemento/>
    <unidade/>
    <bairro>Feitosa</bairro>
    <localidade>Maceió</localidade>
    <uf>AL</uf>
    <estado>Alagoas</estado>
    <região/>
    <ibge>2704302</ibge>
    <gia/>
    <ddd>82</ddd>
    <siafi>2785</siafi>
  </cep>
  <cep>
    <cep>57043-350</cep>
    <logradouro>Travessa Penedo</logradouro>
    <complemento/>
    <unidade/>
    <bairro>Feitosa</bairro>
    <localidade>Maceió</localidade>
    <uf>AL</uf>
    <estado>Alagoas</estado>
    <região/>
    <ibge>2704302</ibge>
    <gia/>
    <ddd>82</ddd>
    <siafi>2785</siafi>
  </cep>
  <cep>
    <cep>57043-360</cep>
    <logradouro>Rua Rosália Sandoval</logradouro>
    <complemento/>
    <unidade/>
    <bairro>Feitosa</bairro>
    <localidade>Maceió</localidade>
    <uf>AL</uf>
    <estado>Alagoas</estado>
    <região/>
    <ibge>2704302</ibge>
    <gia/>
    <ddd>82</ddd>
    <siafi>2785</siafi>
  </cep>
  <cep>
    <cep>57043-370</cep>
    <logradouro>Rua São José</logradouro>
    <complemento/>
    <unidade/>
    <bairro>Feitosa</bairro>
    <localidade>Maceió</localidade>
    <uf>AL</uf>
    <estado>Alagoas</estado>
    <região/>
    <ibge>2704302</ibge>
    <gia/>
    <ddd>82</ddd>
    <siafi>2785</siafi>
  </cep>
  <cep>
    <cep>57043-375</cep>
    <logradouro>Travessa São José</logradouro>
    <complemento/>
    <unidade/>
    <bairro>Feitosa</bairro>
    <localidade>Maceió</localidade>
    <uf>AL</uf>
    <estado>Alagoas</estado>
    <região/>
    <ibge>2704302</ibge>
    <gia/>
    <ddd>82</ddd>
    <siafi>2785</siafi>
  </cep>
  <cep>
    <cep>57043-380</cep>
    <logradouro>Rua São Judas Tadeu</logradouro>
    <complemento/>
    <unidade/>
    <bairro>Feitosa</bairro>
    <localidade>Maceió</localidade>
    <uf>AL</uf>
    <estado>Alagoas</estado>
    <região/>
    <ibge>2704302</ibge>
    <gia/>
    <ddd>82</ddd>
    <siafi>2785</siafi>
  </cep>
  <cep>
    <cep>57043-382</cep>
    <logradouro>Rua Bom Conselho</logradouro>
    <complemento/>
    <unidade/>
    <bairro>Feitosa</bairro>
    <localidade>Maceió</localidade>
    <uf>AL</uf>
    <estado>Alagoas</estado>
    <região/>
    <ibge>2704302</ibge>
    <gia/>
    <ddd>82</ddd>
    <siafi>2785</siafi>
  </cep>
  <cep>
    <cep>57043-384</cep>
    <logradouro>Travessa Bom Conselho</logradouro>
    <complemento/>
    <unidade/>
    <bairro>Feitosa</bairro>
    <localidade>Maceió</localidade>
    <uf>AL</uf>
    <estado>Alagoas</estado>
    <região/>
    <ibge>2704302</ibge>
    <gia/>
    <ddd>82</ddd>
    <siafi>2785</siafi>
  </cep>
  <cep>
    <cep>57043-386</cep>
    <logradouro>Rua Valderez Soares</logradouro>
    <complemento/>
    <unidade/>
    <bairro>Feitosa</bairro>
    <localidade>Maceió</localidade>
    <uf>AL</uf>
    <estado>Alagoas</estado>
    <região/>
    <ibge>2704302</ibge>
    <gia/>
    <ddd>82</ddd>
    <siafi>2785</siafi>
  </cep>
  <cep>
    <cep>57043-394</cep>
    <logradouro>Rua Penedo D</logradouro>
    <complemento>(Cj Pau D'Arco)</complemento>
    <unidade/>
    <bairro>Feitosa</bairro>
    <localidade>Maceió</localidade>
    <uf>AL</uf>
    <estado>Alagoas</estado>
    <região/>
    <ibge>2704302</ibge>
    <gia/>
    <ddd>82</ddd>
    <siafi>2785</siafi>
  </cep>
  <cep>
    <cep>57043-393</cep>
    <logradouro>Rua Penedo C</logradouro>
    <complemento>(Cj Pau D'Arco)</complemento>
    <unidade/>
    <bairro>Feitosa</bairro>
    <localidade>Maceió</localidade>
    <uf>AL</uf>
    <estado>Alagoas</estado>
    <região/>
    <ibge>2704302</ibge>
    <gia/>
    <ddd>82</ddd>
    <siafi>2785</siafi>
  </cep>
  <cep>
    <cep>57043-391</cep>
    <logradouro>Rua Penedo A</logradouro>
    <complemento>(Cj Pau D'Arco)</complemento>
    <unidade/>
    <bairro>Feitosa</bairro>
    <localidade>Maceió</localidade>
    <uf>AL</uf>
    <estado>Alagoas</estado>
    <região/>
    <ibge>2704302</ibge>
    <gia/>
    <ddd>82</ddd>
    <siafi>2785</siafi>
  </cep>
  <cep>
    <cep>57043-397</cep>
    <logradouro>2ª Travessa Pau D'Arco</logradouro>
    <complemento/>
    <unidade/>
    <bairro>Feitosa</bairro>
    <localidade>Maceió</localidade>
    <uf>AL</uf>
    <estado>Alagoas</estado>
    <região/>
    <ibge>2704302</ibge>
    <gia/>
    <ddd>82</ddd>
    <siafi>2785</siafi>
  </cep>
  <cep>
    <cep>57043-445</cep>
    <logradouro>Loteamento Pitangueiras</logradouro>
    <complemento/>
    <unidade/>
    <bairro>Feitosa</bairro>
    <localidade>Maceió</localidade>
    <uf>AL</uf>
    <estado>Alagoas</estado>
    <região/>
    <ibge>2704302</ibge>
    <gia/>
    <ddd>82</ddd>
    <siafi>2785</siafi>
  </cep>
  <cep>
    <cep>57043-450</cep>
    <logradouro>Rua Amazonas</logradouro>
    <complemento/>
    <unidade/>
    <bairro>Feitosa</bairro>
    <localidade>Maceió</localidade>
    <uf>AL</uf>
    <estado>Alagoas</estado>
    <região/>
    <ibge>2704302</ibge>
    <gia/>
    <ddd>82</ddd>
    <siafi>2785</siafi>
  </cep>
  <cep>
    <cep>57043-400</cep>
    <logradouro>Rua Sargento Gonçalves</logradouro>
    <complemento/>
    <unidade/>
    <bairro>Feitosa</bairro>
    <localidade>Maceió</localidade>
    <uf>AL</uf>
    <estado>Alagoas</estado>
    <região/>
    <ibge>2704302</ibge>
    <gia/>
    <ddd>82</ddd>
    <siafi>2785</siafi>
  </cep>
  <cep>
    <cep>57043-390</cep>
    <logradouro>Rua São Paulo</logradouro>
    <complemento/>
    <unidade/>
    <bairro>Feitosa</bairro>
    <localidade>Maceió</localidade>
    <uf>AL</uf>
    <estado>Alagoas</estado>
    <região/>
    <ibge>2704302</ibge>
    <gia/>
    <ddd>82</ddd>
    <siafi>2785</siafi>
  </cep>
  <cep>
    <cep>57043-480</cep>
    <logradouro>Rua Jari</logradouro>
    <complemento/>
    <unidade/>
    <bairro>Feitosa</bairro>
    <localidade>Maceió</localidade>
    <uf>AL</uf>
    <estado>Alagoas</estado>
    <região/>
    <ibge>2704302</ibge>
    <gia/>
    <ddd>82</ddd>
    <siafi>2785</siafi>
  </cep>
  <cep>
    <cep>57043-430</cep>
    <logradouro>Rua Santa Terezinha</logradouro>
    <complemento/>
    <unidade/>
    <bairro>Feitosa</bairro>
    <localidade>Maceió</localidade>
    <uf>AL</uf>
    <estado>Alagoas</estado>
    <região/>
    <ibge>2704302</ibge>
    <gia/>
    <ddd>82</ddd>
    <siafi>2785</siafi>
  </cep>
  <cep>
    <cep>57043-490</cep>
    <logradouro>Rua Guaporé</logradouro>
    <complemento/>
    <unidade/>
    <bairro>Feitosa</bairro>
    <localidade>Maceió</localidade>
    <uf>AL</uf>
    <estado>Alagoas</estado>
    <região/>
    <ibge>2704302</ibge>
    <gia/>
    <ddd>82</ddd>
    <siafi>2785</siafi>
  </cep>
  <cep>
    <cep>57043-440</cep>
    <logradouro>Rua Araguaia</logradouro>
    <complemento/>
    <unidade/>
    <bairro>Feitosa</bairro>
    <localidade>Maceió</localidade>
    <uf>AL</uf>
    <estado>Alagoas</estado>
    <região/>
    <ibge>2704302</ibge>
    <gia/>
    <ddd>82</ddd>
    <siafi>2785</siafi>
  </cep>
  <cep>
    <cep>57043-420</cep>
    <logradouro>Rua Professor Macário</logradouro>
    <complemento/>
    <unidade/>
    <bairro>Feitosa</bairro>
    <localidade>Maceió</localidade>
    <uf>AL</uf>
    <estado>Alagoas</estado>
    <região/>
    <ibge>2704302</ibge>
    <gia/>
    <ddd>82</ddd>
    <siafi>2785</siafi>
  </cep>
  <cep>
    <cep>57043-500</cep>
    <logradouro>Rua Wolmer de Magalhães Mauricio</logradouro>
    <complemento/>
    <unidade/>
    <bairro>Feitosa</bairro>
    <localidade>Maceió</localidade>
    <uf>AL</uf>
    <estado>Alagoas</estado>
    <região/>
    <ibge>2704302</ibge>
    <gia/>
    <ddd>82</ddd>
    <siafi>2785</siafi>
  </cep>
  <cep>
    <cep>57043-460</cep>
    <logradouro>Rua Xingu</logradouro>
    <complemento/>
    <unidade/>
    <bairro>Feitosa</bairro>
    <localidade>Maceió</localidade>
    <uf>AL</uf>
    <estado>Alagoas</estado>
    <região/>
    <ibge>2704302</ibge>
    <gia/>
    <ddd>82</ddd>
    <siafi>2785</siafi>
  </cep>
  <cep>
    <cep>57043-495</cep>
    <logradouro>Rua Tucuruvi</logradouro>
    <complemento/>
    <unidade/>
    <bairro>Feitosa</bairro>
    <localidade>Maceió</localidade>
    <uf>AL</uf>
    <estado>Alagoas</estado>
    <região/>
    <ibge>2704302</ibge>
    <gia/>
    <ddd>82</ddd>
    <siafi>2785</siafi>
  </cep>
  <cep>
    <cep>57043-470</cep>
    <logradouro>Rua Xapuri</logradouro>
    <complemento/>
    <unidade/>
    <bairro>Feitosa</bairro>
    <localidade>Maceió</localidade>
    <uf>AL</uf>
    <estado>Alagoas</estado>
    <região/>
    <ibge>2704302</ibge>
    <gia/>
    <ddd>82</ddd>
    <siafi>2785</siafi>
  </cep>
  <cep>
    <cep>57043-435</cep>
    <logradouro>Rua Edília dos Santos</logradouro>
    <complemento/>
    <unidade/>
    <bairro>Feitosa</bairro>
    <localidade>Maceió</localidade>
    <uf>AL</uf>
    <estado>Alagoas</estado>
    <região/>
    <ibge>2704302</ibge>
    <gia/>
    <ddd>82</ddd>
    <siafi>2785</siafi>
  </cep>
  <cep>
    <cep>57043-484</cep>
    <logradouro>Rua Campo Verde</logradouro>
    <complemento/>
    <unidade/>
    <bairro>Feitosa</bairro>
    <localidade>Maceió</localidade>
    <uf>AL</uf>
    <estado>Alagoas</estado>
    <região/>
    <ibge>2704302</ibge>
    <gia/>
    <ddd>82</ddd>
    <siafi>2785</siafi>
  </cep>
  <cep>
    <cep>57043-550</cep>
    <logradouro>Rua Santa Aparecida</logradouro>
    <complemento/>
    <unidade/>
    <bairro>Feitosa</bairro>
    <localidade>Maceió</localidade>
    <uf>AL</uf>
    <estado>Alagoas</estado>
    <região/>
    <ibge>2704302</ibge>
    <gia/>
    <ddd>82</ddd>
    <siafi>2785</siafi>
  </cep>
  <cep>
    <cep>57043-530</cep>
    <logradouro>Rua Solimões</logradouro>
    <complemento/>
    <unidade/>
    <bairro>Feitosa</bairro>
    <localidade>Maceió</localidade>
    <uf>AL</uf>
    <estado>Alagoas</estado>
    <região/>
    <ibge>2704302</ibge>
    <gia/>
    <ddd>82</ddd>
    <siafi>2785</siafi>
  </cep>
  <cep>
    <cep>57043-475</cep>
    <logradouro>Rua Ademar Medeiros</logradouro>
    <complemento/>
    <unidade/>
    <bairro>Feitosa</bairro>
    <localidade>Maceió</localidade>
    <uf>AL</uf>
    <estado>Alagoas</estado>
    <região/>
    <ibge>2704302</ibge>
    <gia/>
    <ddd>82</ddd>
    <siafi>2785</siafi>
  </cep>
  <cep>
    <cep>57043-520</cep>
    <logradouro>Avenida Chico Mendes</logradouro>
    <complemento/>
    <unidade/>
    <bairro>Feitosa</bairro>
    <localidade>Maceió</localidade>
    <uf>AL</uf>
    <estado>Alagoas</estado>
    <região/>
    <ibge>2704302</ibge>
    <gia/>
    <ddd>82</ddd>
    <siafi>2785</siafi>
  </cep>
  <cep>
    <cep>57043-570</cep>
    <logradouro>Rua Boa Esperança</logradouro>
    <complemento/>
    <unidade/>
    <bairro>Feitosa</bairro>
    <localidade>Maceió</localidade>
    <uf>AL</uf>
    <estado>Alagoas</estado>
    <região/>
    <ibge>2704302</ibge>
    <gia/>
    <ddd>82</ddd>
    <siafi>2785</siafi>
  </cep>
  <cep>
    <cep>57043-510</cep>
    <logradouro>Rua Tapajós</logradouro>
    <complemento/>
    <unidade/>
    <bairro>Feitosa</bairro>
    <localidade>Maceió</localidade>
    <uf>AL</uf>
    <estado>Alagoas</estado>
    <região/>
    <ibge>2704302</ibge>
    <gia/>
    <ddd>82</ddd>
    <siafi>2785</siafi>
  </cep>
  <cep>
    <cep>57043-398</cep>
    <logradouro>3ª Travessa Pau D'Arco</logradouro>
    <complemento/>
    <unidade/>
    <bairro>Feitosa</bairro>
    <localidade>Maceió</localidade>
    <uf>AL</uf>
    <estado>Alagoas</estado>
    <região/>
    <ibge>2704302</ibge>
    <gia/>
    <ddd>82</ddd>
    <siafi>2785</siafi>
  </cep>
  <cep>
    <cep>57043-560</cep>
    <logradouro>Rua Noêmia Magalhães de Oliveira</logradouro>
    <complemento/>
    <unidade/>
    <bairro>Feitosa</bairro>
    <localidade>Maceió</localidade>
    <uf>AL</uf>
    <estado>Alagoas</estado>
    <região/>
    <ibge>2704302</ibge>
    <gia/>
    <ddd>82</ddd>
    <siafi>2785</siafi>
  </cep>
  <cep>
    <cep>57043-580</cep>
    <logradouro>Rua Boa Vista</logradouro>
    <complemento/>
    <unidade/>
    <bairro>Feitosa</bairro>
    <localidade>Maceió</localidade>
    <uf>AL</uf>
    <estado>Alagoas</estado>
    <região/>
    <ibge>2704302</ibge>
    <gia/>
    <ddd>82</ddd>
    <siafi>2785</siafi>
  </cep>
  <cep>
    <cep>57043-590</cep>
    <logradouro>Rua 2</logradouro>
    <complemento>(Lot Lisboa)</complemento>
    <unidade/>
    <bairro>Feitosa</bairro>
    <localidade>Maceió</localidade>
    <uf>AL</uf>
    <estado>Alagoas</estado>
    <região/>
    <ibge>2704302</ibge>
    <gia/>
    <ddd>82</ddd>
    <siafi>2785</siafi>
  </cep>
  <cep>
    <cep>57043-610</cep>
    <logradouro>Rua Angeolino Francisco da Costa</logradouro>
    <complemento/>
    <unidade/>
    <bairro>Feitosa</bairro>
    <localidade>Maceió</localidade>
    <uf>AL</uf>
    <estado>Alagoas</estado>
    <região/>
    <ibge>2704302</ibge>
    <gia/>
    <ddd>82</ddd>
    <siafi>2785</siafi>
  </cep>
  <cep>
    <cep>57043-600</cep>
    <logradouro>Avenida Governador Lamenha Filho</logradouro>
    <complemento>de 2056/2057 ao fim</complemento>
    <unidade/>
    <bairro>Feitosa</bairro>
    <localidade>Maceió</localidade>
    <uf>AL</uf>
    <estado>Alagoas</estado>
    <região/>
    <ibge>2704302</ibge>
    <gia/>
    <ddd>82</ddd>
    <siafi>2785</siafi>
  </cep>
  <cep>
    <cep>57043-630</cep>
    <logradouro>Rua Antônio Moraes Costa</logradouro>
    <complemento/>
    <unidade/>
    <bairro>Feitosa</bairro>
    <localidade>Maceió</localidade>
    <uf>AL</uf>
    <estado>Alagoas</estado>
    <região/>
    <ibge>2704302</ibge>
    <gia/>
    <ddd>82</ddd>
    <siafi>2785</siafi>
  </cep>
  <cep>
    <cep>57044-020</cep>
    <logradouro>Condomínio Andaluz</logradouro>
    <complemento/>
    <unidade/>
    <bairro>São Jorge</bairro>
    <localidade>Maceió</localidade>
    <uf>AL</uf>
    <estado>Alagoas</estado>
    <região/>
    <ibge>2704302</ibge>
    <gia/>
    <ddd>82</ddd>
    <siafi>2785</siafi>
  </cep>
  <cep>
    <cep>57044-031</cep>
    <logradouro>Condomínio Costa Norte II</logradouro>
    <complemento/>
    <unidade/>
    <bairro>São Jorge</bairro>
    <localidade>Maceió</localidade>
    <uf>AL</uf>
    <estado>Alagoas</estado>
    <região/>
    <ibge>2704302</ibge>
    <gia/>
    <ddd>82</ddd>
    <siafi>2785</siafi>
  </cep>
  <cep>
    <cep>57043-640</cep>
    <logradouro>Rua Areny Tenório Maya</logradouro>
    <complemento/>
    <unidade/>
    <bairro>Feitosa</bairro>
    <localidade>Maceió</localidade>
    <uf>AL</uf>
    <estado>Alagoas</estado>
    <região/>
    <ibge>2704302</ibge>
    <gia/>
    <ddd>82</ddd>
    <siafi>2785</siafi>
  </cep>
  <cep>
    <cep>57044-032</cep>
    <logradouro>Condomínio Costa Norte III</logradouro>
    <complemento/>
    <unidade/>
    <bairro>São Jorge</bairro>
    <localidade>Maceió</localidade>
    <uf>AL</uf>
    <estado>Alagoas</estado>
    <região/>
    <ibge>2704302</ibge>
    <gia/>
    <ddd>82</ddd>
    <siafi>2785</siafi>
  </cep>
  <cep>
    <cep>57044-030</cep>
    <logradouro>Condomínio Costa Norte I</logradouro>
    <complemento/>
    <unidade/>
    <bairro>São Jorge</bairro>
    <localidade>Maceió</localidade>
    <uf>AL</uf>
    <estado>Alagoas</estado>
    <região/>
    <ibge>2704302</ibge>
    <gia/>
    <ddd>82</ddd>
    <siafi>2785</siafi>
  </cep>
  <cep>
    <cep>57044-050</cep>
    <logradouro>Rua Capitão Correia</logradouro>
    <complemento/>
    <unidade/>
    <bairro>São Jorge</bairro>
    <localidade>Maceió</localidade>
    <uf>AL</uf>
    <estado>Alagoas</estado>
    <região/>
    <ibge>2704302</ibge>
    <gia/>
    <ddd>82</ddd>
    <siafi>2785</siafi>
  </cep>
  <cep>
    <cep>57044-060</cep>
    <logradouro>Avenida Coronel Salustiano Sarmento</logradouro>
    <complemento/>
    <unidade/>
    <bairro>São Jorge</bairro>
    <localidade>Maceió</localidade>
    <uf>AL</uf>
    <estado>Alagoas</estado>
    <região/>
    <ibge>2704302</ibge>
    <gia/>
    <ddd>82</ddd>
    <siafi>2785</siafi>
  </cep>
  <cep>
    <cep>57044-052</cep>
    <logradouro>Travessa Capitão Correia</logradouro>
    <complemento/>
    <unidade/>
    <bairro>São Jorge</bairro>
    <localidade>Maceió</localidade>
    <uf>AL</uf>
    <estado>Alagoas</estado>
    <região/>
    <ibge>2704302</ibge>
    <gia/>
    <ddd>82</ddd>
    <siafi>2785</siafi>
  </cep>
  <cep>
    <cep>57044-066</cep>
    <logradouro>1ª Travessa Fred Stone</logradouro>
    <complemento/>
    <unidade/>
    <bairro>São Jorge</bairro>
    <localidade>Maceió</localidade>
    <uf>AL</uf>
    <estado>Alagoas</estado>
    <região/>
    <ibge>2704302</ibge>
    <gia/>
    <ddd>82</ddd>
    <siafi>2785</siafi>
  </cep>
  <cep>
    <cep>57044-064</cep>
    <logradouro>Rua Pastor Manoel Silvino</logradouro>
    <complemento/>
    <unidade/>
    <bairro>São Jorge</bairro>
    <localidade>Maceió</localidade>
    <uf>AL</uf>
    <estado>Alagoas</estado>
    <região/>
    <ibge>2704302</ibge>
    <gia/>
    <ddd>82</ddd>
    <siafi>2785</siafi>
  </cep>
  <cep>
    <cep>57044-062</cep>
    <logradouro>Rua Manguaba</logradouro>
    <complemento/>
    <unidade/>
    <bairro>São Jorge</bairro>
    <localidade>Maceió</localidade>
    <uf>AL</uf>
    <estado>Alagoas</estado>
    <região/>
    <ibge>2704302</ibge>
    <gia/>
    <ddd>82</ddd>
    <siafi>2785</siafi>
  </cep>
  <cep>
    <cep>57044-068</cep>
    <logradouro>2ª Travessa Fred Stone</logradouro>
    <complemento/>
    <unidade/>
    <bairro>São Jorge</bairro>
    <localidade>Maceió</localidade>
    <uf>AL</uf>
    <estado>Alagoas</estado>
    <região/>
    <ibge>2704302</ibge>
    <gia/>
    <ddd>82</ddd>
    <siafi>2785</siafi>
  </cep>
  <cep>
    <cep>57044-082</cep>
    <logradouro>Travessa Laerte Leão</logradouro>
    <complemento/>
    <unidade/>
    <bairro>São Jorge</bairro>
    <localidade>Maceió</localidade>
    <uf>AL</uf>
    <estado>Alagoas</estado>
    <região/>
    <ibge>2704302</ibge>
    <gia/>
    <ddd>82</ddd>
    <siafi>2785</siafi>
  </cep>
  <cep>
    <cep>57044-080</cep>
    <logradouro>Rua Laerte Leão</logradouro>
    <complemento/>
    <unidade/>
    <bairro>São Jorge</bairro>
    <localidade>Maceió</localidade>
    <uf>AL</uf>
    <estado>Alagoas</estado>
    <região/>
    <ibge>2704302</ibge>
    <gia/>
    <ddd>82</ddd>
    <siafi>2785</siafi>
  </cep>
  <cep>
    <cep>57044-086</cep>
    <logradouro>Rua Santa Amália</logradouro>
    <complemento/>
    <unidade/>
    <bairro>São Jorge</bairro>
    <localidade>Maceió</localidade>
    <uf>AL</uf>
    <estado>Alagoas</estado>
    <região/>
    <ibge>2704302</ibge>
    <gia/>
    <ddd>82</ddd>
    <siafi>2785</siafi>
  </cep>
  <cep>
    <cep>57303-815</cep>
    <logradouro>Rua Luiz Egídio Barbosa da Silva</logradouro>
    <complemento/>
    <unidade/>
    <bairro>Olho D'Água dos Cazuzinhas</bairro>
    <localidade>Arapiraca</localidade>
    <uf>AL</uf>
    <estado>Alagoas</estado>
    <região/>
    <ibge>2700300</ibge>
    <gia/>
    <ddd>82</ddd>
    <siafi>2705</siafi>
  </cep>
  <cep>
    <cep>57303-816</cep>
    <logradouro>Rua Maria Lima de Araújo</logradouro>
    <complemento/>
    <unidade/>
    <bairro>Olho D'Água dos Cazuzinhas</bairro>
    <localidade>Arapiraca</localidade>
    <uf>AL</uf>
    <estado>Alagoas</estado>
    <região/>
    <ibge>2700300</ibge>
    <gia/>
    <ddd>82</ddd>
    <siafi>2705</siafi>
  </cep>
  <cep>
    <cep>57303-817</cep>
    <logradouro>Rua Marlene Barbosa da Silva</logradouro>
    <complemento/>
    <unidade/>
    <bairro>Olho D'Água dos Cazuzinhas</bairro>
    <localidade>Arapiraca</localidade>
    <uf>AL</uf>
    <estado>Alagoas</estado>
    <região/>
    <ibge>2700300</ibge>
    <gia/>
    <ddd>82</ddd>
    <siafi>2705</siafi>
  </cep>
  <cep>
    <cep>57303-819</cep>
    <logradouro>Rua Jailma Moreira Barbosa</logradouro>
    <complemento/>
    <unidade/>
    <bairro>Olho D'Água dos Cazuzinhas</bairro>
    <localidade>Arapiraca</localidade>
    <uf>AL</uf>
    <estado>Alagoas</estado>
    <região/>
    <ibge>2700300</ibge>
    <gia/>
    <ddd>82</ddd>
    <siafi>2705</siafi>
  </cep>
  <cep>
    <cep>57303-818</cep>
    <logradouro>Rua Laura Maria da Silva</logradouro>
    <complemento/>
    <unidade/>
    <bairro>Olho D'Água dos Cazuzinhas</bairro>
    <localidade>Arapiraca</localidade>
    <uf>AL</uf>
    <estado>Alagoas</estado>
    <região/>
    <ibge>2700300</ibge>
    <gia/>
    <ddd>82</ddd>
    <siafi>2705</siafi>
  </cep>
  <cep>
    <cep>57303-820</cep>
    <logradouro>Rua João Domingos da Silva</logradouro>
    <complemento/>
    <unidade/>
    <bairro>Olho D'Água dos Cazuzinhas</bairro>
    <localidade>Arapiraca</localidade>
    <uf>AL</uf>
    <estado>Alagoas</estado>
    <região/>
    <ibge>2700300</ibge>
    <gia/>
    <ddd>82</ddd>
    <siafi>2705</siafi>
  </cep>
  <cep>
    <cep>57303-824</cep>
    <logradouro>Rua Dalila Alves Cassiano</logradouro>
    <complemento/>
    <unidade/>
    <bairro>Olho D'Água dos Cazuzinhas</bairro>
    <localidade>Arapiraca</localidade>
    <uf>AL</uf>
    <estado>Alagoas</estado>
    <região/>
    <ibge>2700300</ibge>
    <gia/>
    <ddd>82</ddd>
    <siafi>2705</siafi>
  </cep>
  <cep>
    <cep>57303-823</cep>
    <logradouro>Rua Edileuza Dantas de Farias</logradouro>
    <complemento/>
    <unidade/>
    <bairro>Olho D'Água dos Cazuzinhas</bairro>
    <localidade>Arapiraca</localidade>
    <uf>AL</uf>
    <estado>Alagoas</estado>
    <região/>
    <ibge>2700300</ibge>
    <gia/>
    <ddd>82</ddd>
    <siafi>2705</siafi>
  </cep>
  <cep>
    <cep>57303-826</cep>
    <logradouro>Rua José Tenório Cerqueira</logradouro>
    <complemento/>
    <unidade/>
    <bairro>Olho D'Água dos Cazuzinhas</bairro>
    <localidade>Arapiraca</localidade>
    <uf>AL</uf>
    <estado>Alagoas</estado>
    <região/>
    <ibge>2700300</ibge>
    <gia/>
    <ddd>82</ddd>
    <siafi>2705</siafi>
  </cep>
  <cep>
    <cep>57303-827</cep>
    <logradouro>Rua Luiz Ferreira da Silva</logradouro>
    <complemento/>
    <unidade/>
    <bairro>Olho D'Água dos Cazuzinhas</bairro>
    <localidade>Arapiraca</localidade>
    <uf>AL</uf>
    <estado>Alagoas</estado>
    <região/>
    <ibge>2700300</ibge>
    <gia/>
    <ddd>82</ddd>
    <siafi>2705</siafi>
  </cep>
  <cep>
    <cep>57303-829</cep>
    <logradouro>Rua Maria Nirce da Silva</logradouro>
    <complemento/>
    <unidade/>
    <bairro>Olho D'Água dos Cazuzinhas</bairro>
    <localidade>Arapiraca</localidade>
    <uf>AL</uf>
    <estado>Alagoas</estado>
    <região/>
    <ibge>2700300</ibge>
    <gia/>
    <ddd>82</ddd>
    <siafi>2705</siafi>
  </cep>
  <cep>
    <cep>57303-828</cep>
    <logradouro>Rua José Ariston Carvalho de Queiroz</logradouro>
    <complemento/>
    <unidade/>
    <bairro>Olho D'Água dos Cazuzinhas</bairro>
    <localidade>Arapiraca</localidade>
    <uf>AL</uf>
    <estado>Alagoas</estado>
    <região/>
    <ibge>2700300</ibge>
    <gia/>
    <ddd>82</ddd>
    <siafi>2705</siafi>
  </cep>
  <cep>
    <cep>57303-830</cep>
    <logradouro>Rua Elias Cavalcante Sampaio</logradouro>
    <complemento/>
    <unidade/>
    <bairro>Olho D'Água dos Cazuzinhas</bairro>
    <localidade>Arapiraca</localidade>
    <uf>AL</uf>
    <estado>Alagoas</estado>
    <região/>
    <ibge>2700300</ibge>
    <gia/>
    <ddd>82</ddd>
    <siafi>2705</siafi>
  </cep>
  <cep>
    <cep>57303-831</cep>
    <logradouro>Rua Pedro Francisco dos Santos</logradouro>
    <complemento/>
    <unidade/>
    <bairro>Olho D'Água dos Cazuzinhas</bairro>
    <localidade>Arapiraca</localidade>
    <uf>AL</uf>
    <estado>Alagoas</estado>
    <região/>
    <ibge>2700300</ibge>
    <gia/>
    <ddd>82</ddd>
    <siafi>2705</siafi>
  </cep>
  <cep>
    <cep>57303-832</cep>
    <logradouro>Rua Amália Lourenço de Souza</logradouro>
    <complemento/>
    <unidade/>
    <bairro>Olho D'Água dos Cazuzinhas</bairro>
    <localidade>Arapiraca</localidade>
    <uf>AL</uf>
    <estado>Alagoas</estado>
    <região/>
    <ibge>2700300</ibge>
    <gia/>
    <ddd>82</ddd>
    <siafi>2705</siafi>
  </cep>
  <cep>
    <cep>57303-833</cep>
    <logradouro>Rua Walter Carlos de Souza</logradouro>
    <complemento/>
    <unidade/>
    <bairro>Olho D'Água dos Cazuzinhas</bairro>
    <localidade>Arapiraca</localidade>
    <uf>AL</uf>
    <estado>Alagoas</estado>
    <região/>
    <ibge>2700300</ibge>
    <gia/>
    <ddd>82</ddd>
    <siafi>2705</siafi>
  </cep>
  <cep>
    <cep>57303-837</cep>
    <logradouro>Rua José Pedro da Silva</logradouro>
    <complemento/>
    <unidade/>
    <bairro>Olho D'Água dos Cazuzinhas</bairro>
    <localidade>Arapiraca</localidade>
    <uf>AL</uf>
    <estado>Alagoas</estado>
    <região/>
    <ibge>2700300</ibge>
    <gia/>
    <ddd>82</ddd>
    <siafi>2705</siafi>
  </cep>
  <cep>
    <cep>57303-835</cep>
    <logradouro>Rua Manoel Cazuzinhas</logradouro>
    <complemento/>
    <unidade/>
    <bairro>Olho D'Água dos Cazuzinhas</bairro>
    <localidade>Arapiraca</localidade>
    <uf>AL</uf>
    <estado>Alagoas</estado>
    <região/>
    <ibge>2700300</ibge>
    <gia/>
    <ddd>82</ddd>
    <siafi>2705</siafi>
  </cep>
  <cep>
    <cep>57303-836</cep>
    <logradouro>Rua José Cazuzinhas</logradouro>
    <complemento/>
    <unidade/>
    <bairro>Olho D'Água dos Cazuzinhas</bairro>
    <localidade>Arapiraca</localidade>
    <uf>AL</uf>
    <estado>Alagoas</estado>
    <região/>
    <ibge>2700300</ibge>
    <gia/>
    <ddd>82</ddd>
    <siafi>2705</siafi>
  </cep>
  <cep>
    <cep>57303-838</cep>
    <logradouro>Rua Maria Edite Tavares de Oliveira</logradouro>
    <complemento/>
    <unidade/>
    <bairro>Olho D'Água dos Cazuzinhas</bairro>
    <localidade>Arapiraca</localidade>
    <uf>AL</uf>
    <estado>Alagoas</estado>
    <região/>
    <ibge>2700300</ibge>
    <gia/>
    <ddd>82</ddd>
    <siafi>2705</siafi>
  </cep>
  <cep>
    <cep>57303-839</cep>
    <logradouro>Rua Milton Tavares</logradouro>
    <complemento/>
    <unidade/>
    <bairro>Olho D'Água dos Cazuzinhas</bairro>
    <localidade>Arapiraca</localidade>
    <uf>AL</uf>
    <estado>Alagoas</estado>
    <região/>
    <ibge>2700300</ibge>
    <gia/>
    <ddd>82</ddd>
    <siafi>2705</siafi>
  </cep>
  <cep>
    <cep>57303-840</cep>
    <logradouro>Rua Manoel Vitalino da Silva</logradouro>
    <complemento/>
    <unidade/>
    <bairro>Olho D'Água dos Cazuzinhas</bairro>
    <localidade>Arapiraca</localidade>
    <uf>AL</uf>
    <estado>Alagoas</estado>
    <região/>
    <ibge>2700300</ibge>
    <gia/>
    <ddd>82</ddd>
    <siafi>2705</siafi>
  </cep>
  <cep>
    <cep>57303-841</cep>
    <logradouro>Rua Cacilda Soares da Silva</logradouro>
    <complemento/>
    <unidade/>
    <bairro>Olho D'Água dos Cazuzinhas</bairro>
    <localidade>Arapiraca</localidade>
    <uf>AL</uf>
    <estado>Alagoas</estado>
    <região/>
    <ibge>2700300</ibge>
    <gia/>
    <ddd>82</ddd>
    <siafi>2705</siafi>
  </cep>
  <cep>
    <cep>57303-842</cep>
    <logradouro>Rua Pedro Barbosa da Silva</logradouro>
    <complemento/>
    <unidade/>
    <bairro>Olho D'Água dos Cazuzinhas</bairro>
    <localidade>Arapiraca</localidade>
    <uf>AL</uf>
    <estado>Alagoas</estado>
    <região/>
    <ibge>2700300</ibge>
    <gia/>
    <ddd>82</ddd>
    <siafi>2705</siafi>
  </cep>
  <cep>
    <cep>57303-843</cep>
    <logradouro>Rua Rejane Ferreira Berto Oliveira</logradouro>
    <complemento/>
    <unidade/>
    <bairro>Olho D'Água dos Cazuzinhas</bairro>
    <localidade>Arapiraca</localidade>
    <uf>AL</uf>
    <estado>Alagoas</estado>
    <região/>
    <ibge>2700300</ibge>
    <gia/>
    <ddd>82</ddd>
    <siafi>2705</siafi>
  </cep>
  <cep>
    <cep>57303-844</cep>
    <logradouro>Rua Deputada Josefa Santos Cunha</logradouro>
    <complemento/>
    <unidade/>
    <bairro>Olho D'Água dos Cazuzinhas</bairro>
    <localidade>Arapiraca</localidade>
    <uf>AL</uf>
    <estado>Alagoas</estado>
    <região/>
    <ibge>2700300</ibge>
    <gia/>
    <ddd>82</ddd>
    <siafi>2705</siafi>
  </cep>
  <cep>
    <cep>57303-845</cep>
    <logradouro>Rua Mayr Guedes do Amaral</logradouro>
    <complemento/>
    <unidade/>
    <bairro>Olho D'Água dos Cazuzinhas</bairro>
    <localidade>Arapiraca</localidade>
    <uf>AL</uf>
    <estado>Alagoas</estado>
    <região/>
    <ibge>2700300</ibge>
    <gia/>
    <ddd>82</ddd>
    <siafi>2705</siafi>
  </cep>
  <cep>
    <cep>57303-850</cep>
    <logradouro>Rua Presidente Café Filho</logradouro>
    <complemento/>
    <unidade/>
    <bairro>Olho D'Água dos Cazuzinhas</bairro>
    <localidade>Arapiraca</localidade>
    <uf>AL</uf>
    <estado>Alagoas</estado>
    <região/>
    <ibge>2700300</ibge>
    <gia/>
    <ddd>82</ddd>
    <siafi>2705</siafi>
  </cep>
  <cep>
    <cep>57303-855</cep>
    <logradouro>Rua José Bonifácio de Andrade e Silva</logradouro>
    <complemento/>
    <unidade/>
    <bairro>Olho D'Água dos Cazuzinhas</bairro>
    <localidade>Arapiraca</localidade>
    <uf>AL</uf>
    <estado>Alagoas</estado>
    <região/>
    <ibge>2700300</ibge>
    <gia/>
    <ddd>82</ddd>
    <siafi>2705</siafi>
  </cep>
  <cep>
    <cep>57303-860</cep>
    <logradouro>Rua Frei Henrique de Coimbra</logradouro>
    <complemento/>
    <unidade/>
    <bairro>Olho D'Água dos Cazuzinhas</bairro>
    <localidade>Arapiraca</localidade>
    <uf>AL</uf>
    <estado>Alagoas</estado>
    <região/>
    <ibge>2700300</ibge>
    <gia/>
    <ddd>82</ddd>
    <siafi>2705</siafi>
  </cep>
  <cep>
    <cep>57303-865</cep>
    <logradouro>Rua Duarte Coelho</logradouro>
    <complemento/>
    <unidade/>
    <bairro>Olho D'Água dos Cazuzinhas</bairro>
    <localidade>Arapiraca</localidade>
    <uf>AL</uf>
    <estado>Alagoas</estado>
    <região/>
    <ibge>2700300</ibge>
    <gia/>
    <ddd>82</ddd>
    <siafi>2705</siafi>
  </cep>
  <cep>
    <cep>57303-870</cep>
    <logradouro>Rua Manoel Roberto de Oliveira</logradouro>
    <complemento/>
    <unidade/>
    <bairro>Olho D'Água dos Cazuzinhas</bairro>
    <localidade>Arapiraca</localidade>
    <uf>AL</uf>
    <estado>Alagoas</estado>
    <região/>
    <ibge>2700300</ibge>
    <gia/>
    <ddd>82</ddd>
    <siafi>2705</siafi>
  </cep>
  <cep>
    <cep>57303-891</cep>
    <logradouro>Rua Agapito Magalhães</logradouro>
    <complemento>lado par</complemento>
    <unidade/>
    <bairro>Olho D'Água dos Cazuzinhas</bairro>
    <localidade>Arapiraca</localidade>
    <uf>AL</uf>
    <estado>Alagoas</estado>
    <região/>
    <ibge>2700300</ibge>
    <gia/>
    <ddd>82</ddd>
    <siafi>2705</siafi>
  </cep>
  <cep>
    <cep>57304-000</cep>
    <logradouro>Rua Paulo Afonso</logradouro>
    <complemento>de 71 a 587 - lado ímpar</complemento>
    <unidade/>
    <bairro>Primavera</bairro>
    <localidade>Arapiraca</localidade>
    <uf>AL</uf>
    <estado>Alagoas</estado>
    <região/>
    <ibge>2700300</ibge>
    <gia/>
    <ddd>82</ddd>
    <siafi>2705</siafi>
  </cep>
  <cep>
    <cep>57303-880</cep>
    <logradouro>Rua Josefa Rosa de Lira</logradouro>
    <complemento/>
    <unidade/>
    <bairro>Olho D'Água dos Cazuzinhas</bairro>
    <localidade>Arapiraca</localidade>
    <uf>AL</uf>
    <estado>Alagoas</estado>
    <região/>
    <ibge>2700300</ibge>
    <gia/>
    <ddd>82</ddd>
    <siafi>2705</siafi>
  </cep>
  <cep>
    <cep>57304-010</cep>
    <logradouro>Rua Duarte Coelho</logradouro>
    <complemento/>
    <unidade/>
    <bairro>Primavera</bairro>
    <localidade>Arapiraca</localidade>
    <uf>AL</uf>
    <estado>Alagoas</estado>
    <região/>
    <ibge>2700300</ibge>
    <gia/>
    <ddd>82</ddd>
    <siafi>2705</siafi>
  </cep>
  <cep>
    <cep>57304-040</cep>
    <logradouro>Rua Presidente Café Filho</logradouro>
    <complemento/>
    <unidade/>
    <bairro>Primavera</bairro>
    <localidade>Arapiraca</localidade>
    <uf>AL</uf>
    <estado>Alagoas</estado>
    <região/>
    <ibge>2700300</ibge>
    <gia/>
    <ddd>82</ddd>
    <siafi>2705</siafi>
  </cep>
  <cep>
    <cep>57303-875</cep>
    <logradouro>Rua Engenheiro Camilo Collier</logradouro>
    <complemento>lado par</complemento>
    <unidade/>
    <bairro>Olho D'Água dos Cazuzinhas</bairro>
    <localidade>Arapiraca</localidade>
    <uf>AL</uf>
    <estado>Alagoas</estado>
    <região/>
    <ibge>2700300</ibge>
    <gia/>
    <ddd>82</ddd>
    <siafi>2705</siafi>
  </cep>
  <cep>
    <cep>57304-020</cep>
    <logradouro>Rua Frei Henrique de Coimbra</logradouro>
    <complemento/>
    <unidade/>
    <bairro>Primavera</bairro>
    <localidade>Arapiraca</localidade>
    <uf>AL</uf>
    <estado>Alagoas</estado>
    <região/>
    <ibge>2700300</ibge>
    <gia/>
    <ddd>82</ddd>
    <siafi>2705</siafi>
  </cep>
  <cep>
    <cep>57304-070</cep>
    <logradouro>Rua Pedro Álvares Cabral</logradouro>
    <complemento/>
    <unidade/>
    <bairro>Primavera</bairro>
    <localidade>Arapiraca</localidade>
    <uf>AL</uf>
    <estado>Alagoas</estado>
    <região/>
    <ibge>2700300</ibge>
    <gia/>
    <ddd>82</ddd>
    <siafi>2705</siafi>
  </cep>
  <cep>
    <cep>57303-890</cep>
    <logradouro>Rua Josefa Clarete Santos</logradouro>
    <complemento/>
    <unidade/>
    <bairro>Olho D'Água dos Cazuzinhas</bairro>
    <localidade>Arapiraca</localidade>
    <uf>AL</uf>
    <estado>Alagoas</estado>
    <região/>
    <ibge>2700300</ibge>
    <gia/>
    <ddd>82</ddd>
    <siafi>2705</siafi>
  </cep>
  <cep>
    <cep>57304-030</cep>
    <logradouro>Rua José Bonifácio de Andrade e Silva</logradouro>
    <complemento/>
    <unidade/>
    <bairro>Primavera</bairro>
    <localidade>Arapiraca</localidade>
    <uf>AL</uf>
    <estado>Alagoas</estado>
    <região/>
    <ibge>2700300</ibge>
    <gia/>
    <ddd>82</ddd>
    <siafi>2705</siafi>
  </cep>
  <cep>
    <cep>57304-060</cep>
    <logradouro>Rua Estudante Ana Beatriz</logradouro>
    <complemento/>
    <unidade/>
    <bairro>Primavera</bairro>
    <localidade>Arapiraca</localidade>
    <uf>AL</uf>
    <estado>Alagoas</estado>
    <região/>
    <ibge>2700300</ibge>
    <gia/>
    <ddd>82</ddd>
    <siafi>2705</siafi>
  </cep>
  <cep>
    <cep>57304-050</cep>
    <logradouro>Rua Mayr Guedes do Amaral</logradouro>
    <complemento/>
    <unidade/>
    <bairro>Primavera</bairro>
    <localidade>Arapiraca</localidade>
    <uf>AL</uf>
    <estado>Alagoas</estado>
    <região/>
    <ibge>2700300</ibge>
    <gia/>
    <ddd>82</ddd>
    <siafi>2705</siafi>
  </cep>
  <cep>
    <cep>57304-065</cep>
    <logradouro>Rua José Olímpio de Magalhães</logradouro>
    <complemento/>
    <unidade/>
    <bairro>Primavera</bairro>
    <localidade>Arapiraca</localidade>
    <uf>AL</uf>
    <estado>Alagoas</estado>
    <região/>
    <ibge>2700300</ibge>
    <gia/>
    <ddd>82</ddd>
    <siafi>2705</siafi>
  </cep>
  <cep>
    <cep>57304-080</cep>
    <logradouro>Rua Agapito Magalhães</logradouro>
    <complemento>lado ímpar</complemento>
    <unidade/>
    <bairro>Primavera</bairro>
    <localidade>Arapiraca</localidade>
    <uf>AL</uf>
    <estado>Alagoas</estado>
    <região/>
    <ibge>2700300</ibge>
    <gia/>
    <ddd>82</ddd>
    <siafi>2705</siafi>
  </cep>
  <cep>
    <cep>57304-090</cep>
    <logradouro>Rua Francisco Cavalcante</logradouro>
    <complemento/>
    <unidade/>
    <bairro>Primavera</bairro>
    <localidade>Arapiraca</localidade>
    <uf>AL</uf>
    <estado>Alagoas</estado>
    <região/>
    <ibge>2700300</ibge>
    <gia/>
    <ddd>82</ddd>
    <siafi>2705</siafi>
  </cep>
  <cep>
    <cep>57304-100</cep>
    <logradouro>Rua Marechal Costa e Silva</logradouro>
    <complemento/>
    <unidade/>
    <bairro>Primavera</bairro>
    <localidade>Arapiraca</localidade>
    <uf>AL</uf>
    <estado>Alagoas</estado>
    <região/>
    <ibge>2700300</ibge>
    <gia/>
    <ddd>82</ddd>
    <siafi>2705</siafi>
  </cep>
  <cep>
    <cep>57304-110</cep>
    <logradouro>Rua Rosendo Lima</logradouro>
    <complemento/>
    <unidade/>
    <bairro>Primavera</bairro>
    <localidade>Arapiraca</localidade>
    <uf>AL</uf>
    <estado>Alagoas</estado>
    <região/>
    <ibge>2700300</ibge>
    <gia/>
    <ddd>82</ddd>
    <siafi>2705</siafi>
  </cep>
  <cep>
    <cep>57304-120</cep>
    <logradouro>Rua José Barbosa Leão</logradouro>
    <complemento/>
    <unidade/>
    <bairro>Primavera</bairro>
    <localidade>Arapiraca</localidade>
    <uf>AL</uf>
    <estado>Alagoas</estado>
    <região/>
    <ibge>2700300</ibge>
    <gia/>
    <ddd>82</ddd>
    <siafi>2705</siafi>
  </cep>
  <cep>
    <cep>57304-140</cep>
    <logradouro>Rua Francisco de Paula Magalhães</logradouro>
    <complemento/>
    <unidade/>
    <bairro>Primavera</bairro>
    <localidade>Arapiraca</localidade>
    <uf>AL</uf>
    <estado>Alagoas</estado>
    <região/>
    <ibge>2700300</ibge>
    <gia/>
    <ddd>82</ddd>
    <siafi>2705</siafi>
  </cep>
  <cep>
    <cep>57304-160</cep>
    <logradouro>Rua Walmir Novaes dos Santos</logradouro>
    <complemento/>
    <unidade/>
    <bairro>Primavera</bairro>
    <localidade>Arapiraca</localidade>
    <uf>AL</uf>
    <estado>Alagoas</estado>
    <região/>
    <ibge>2700300</ibge>
    <gia/>
    <ddd>82</ddd>
    <siafi>2705</siafi>
  </cep>
  <cep>
    <cep>57304-130</cep>
    <logradouro>Praça José Nunes Barbosa</logradouro>
    <complemento/>
    <unidade/>
    <bairro>Primavera</bairro>
    <localidade>Arapiraca</localidade>
    <uf>AL</uf>
    <estado>Alagoas</estado>
    <região/>
    <ibge>2700300</ibge>
    <gia/>
    <ddd>82</ddd>
    <siafi>2705</siafi>
  </cep>
  <cep>
    <cep>57304-150</cep>
    <logradouro>Rua Manoel Martins Lemos</logradouro>
    <complemento/>
    <unidade/>
    <bairro>Primavera</bairro>
    <localidade>Arapiraca</localidade>
    <uf>AL</uf>
    <estado>Alagoas</estado>
    <região/>
    <ibge>2700300</ibge>
    <gia/>
    <ddd>82</ddd>
    <siafi>2705</siafi>
  </cep>
  <cep>
    <cep>57304-170</cep>
    <logradouro>Rua Pio X</logradouro>
    <complemento/>
    <unidade/>
    <bairro>Primavera</bairro>
    <localidade>Arapiraca</localidade>
    <uf>AL</uf>
    <estado>Alagoas</estado>
    <região/>
    <ibge>2700300</ibge>
    <gia/>
    <ddd>82</ddd>
    <siafi>2705</siafi>
  </cep>
  <cep>
    <cep>57304-180</cep>
    <logradouro>Rua Paulo VI</logradouro>
    <complemento/>
    <unidade/>
    <bairro>Primavera</bairro>
    <localidade>Arapiraca</localidade>
    <uf>AL</uf>
    <estado>Alagoas</estado>
    <região/>
    <ibge>2700300</ibge>
    <gia/>
    <ddd>82</ddd>
    <siafi>2705</siafi>
  </cep>
  <cep>
    <cep>57304-190</cep>
    <logradouro>Rua Estudante José Acácio</logradouro>
    <complemento/>
    <unidade/>
    <bairro>Primavera</bairro>
    <localidade>Arapiraca</localidade>
    <uf>AL</uf>
    <estado>Alagoas</estado>
    <região/>
    <ibge>2700300</ibge>
    <gia/>
    <ddd>82</ddd>
    <siafi>2705</siafi>
  </cep>
  <cep>
    <cep>57304-200</cep>
    <logradouro>Rua Boa Sorte</logradouro>
    <complemento/>
    <unidade/>
    <bairro>Primavera</bairro>
    <localidade>Arapiraca</localidade>
    <uf>AL</uf>
    <estado>Alagoas</estado>
    <região/>
    <ibge>2700300</ibge>
    <gia/>
    <ddd>82</ddd>
    <siafi>2705</siafi>
  </cep>
  <cep>
    <cep>57304-240</cep>
    <logradouro>Rua Engenheiro Camilo Collier</logradouro>
    <complemento>lado par</complemento>
    <unidade/>
    <bairro>Primavera</bairro>
    <localidade>Arapiraca</localidade>
    <uf>AL</uf>
    <estado>Alagoas</estado>
    <região/>
    <ibge>2700300</ibge>
    <gia/>
    <ddd>82</ddd>
    <siafi>2705</siafi>
  </cep>
  <cep>
    <cep>57304-210</cep>
    <logradouro>Rua Primavera</logradouro>
    <complemento>de 130/131 ao fim</complemento>
    <unidade/>
    <bairro>Primavera</bairro>
    <localidade>Arapiraca</localidade>
    <uf>AL</uf>
    <estado>Alagoas</estado>
    <região/>
    <ibge>2700300</ibge>
    <gia/>
    <ddd>82</ddd>
    <siafi>2705</siafi>
  </cep>
  <cep>
    <cep>57304-230</cep>
    <logradouro>Rua Milton Ferreira de Melo</logradouro>
    <complemento/>
    <unidade/>
    <bairro>Primavera</bairro>
    <localidade>Arapiraca</localidade>
    <uf>AL</uf>
    <estado>Alagoas</estado>
    <região/>
    <ibge>2700300</ibge>
    <gia/>
    <ddd>82</ddd>
    <siafi>2705</siafi>
  </cep>
  <cep>
    <cep>57304-250</cep>
    <logradouro>Rua Costa Gama</logradouro>
    <complemento>de 111/112 a 768/769</complemento>
    <unidade/>
    <bairro>Primavera</bairro>
    <localidade>Arapiraca</localidade>
    <uf>AL</uf>
    <estado>Alagoas</estado>
    <região/>
    <ibge>2700300</ibge>
    <gia/>
    <ddd>82</ddd>
    <siafi>2705</siafi>
  </cep>
  <cep>
    <cep>57304-380</cep>
    <logradouro>Rua Professor Guedes de Miranda</logradouro>
    <complemento/>
    <unidade/>
    <bairro>Primavera</bairro>
    <localidade>Arapiraca</localidade>
    <uf>AL</uf>
    <estado>Alagoas</estado>
    <região/>
    <ibge>2700300</ibge>
    <gia/>
    <ddd>82</ddd>
    <siafi>2705</siafi>
  </cep>
  <cep>
    <cep>57304-410</cep>
    <logradouro>Rua Sargento Benevides Montes</logradouro>
    <complemento/>
    <unidade/>
    <bairro>Primavera</bairro>
    <localidade>Arapiraca</localidade>
    <uf>AL</uf>
    <estado>Alagoas</estado>
    <região/>
    <ibge>2700300</ibge>
    <gia/>
    <ddd>82</ddd>
    <siafi>2705</siafi>
  </cep>
  <cep>
    <cep>57304-270</cep>
    <logradouro>Rua Estudante Nelma Macêdo Teixeira</logradouro>
    <complemento/>
    <unidade/>
    <bairro>Primavera</bairro>
    <localidade>Arapiraca</localidade>
    <uf>AL</uf>
    <estado>Alagoas</estado>
    <região/>
    <ibge>2700300</ibge>
    <gia/>
    <ddd>82</ddd>
    <siafi>2705</siafi>
  </cep>
  <cep>
    <cep>57304-370</cep>
    <logradouro>Rua Trinta e Um de Março</logradouro>
    <complemento/>
    <unidade/>
    <bairro>Primavera</bairro>
    <localidade>Arapiraca</localidade>
    <uf>AL</uf>
    <estado>Alagoas</estado>
    <região/>
    <ibge>2700300</ibge>
    <gia/>
    <ddd>82</ddd>
    <siafi>2705</siafi>
  </cep>
  <cep>
    <cep>57304-390</cep>
    <logradouro>Rua José Honorato</logradouro>
    <complemento/>
    <unidade/>
    <bairro>Primavera</bairro>
    <localidade>Arapiraca</localidade>
    <uf>AL</uf>
    <estado>Alagoas</estado>
    <região/>
    <ibge>2700300</ibge>
    <gia/>
    <ddd>82</ddd>
    <siafi>2705</siafi>
  </cep>
  <cep>
    <cep>57304-385</cep>
    <logradouro>Rua Alda Pereira Lima</logradouro>
    <complemento/>
    <unidade/>
    <bairro>Primavera</bairro>
    <localidade>Arapiraca</localidade>
    <uf>AL</uf>
    <estado>Alagoas</estado>
    <região/>
    <ibge>2700300</ibge>
    <gia/>
    <ddd>82</ddd>
    <siafi>2705</siafi>
  </cep>
  <cep>
    <cep>57304-430</cep>
    <logradouro>Rua Braz Vieira de Santana</logradouro>
    <complemento/>
    <unidade/>
    <bairro>Primavera</bairro>
    <localidade>Arapiraca</localidade>
    <uf>AL</uf>
    <estado>Alagoas</estado>
    <região/>
    <ibge>2700300</ibge>
    <gia/>
    <ddd>82</ddd>
    <siafi>2705</siafi>
  </cep>
  <cep>
    <cep>57304-440</cep>
    <logradouro>Praça Genoíno Antônio da Silva</logradouro>
    <complemento/>
    <unidade/>
    <bairro>Primavera</bairro>
    <localidade>Arapiraca</localidade>
    <uf>AL</uf>
    <estado>Alagoas</estado>
    <região/>
    <ibge>2700300</ibge>
    <gia/>
    <ddd>82</ddd>
    <siafi>2705</siafi>
  </cep>
  <cep>
    <cep>57304-280</cep>
    <logradouro>Rua Ana Maria Mendes Lira</logradouro>
    <complemento/>
    <unidade/>
    <bairro>Primavera</bairro>
    <localidade>Arapiraca</localidade>
    <uf>AL</uf>
    <estado>Alagoas</estado>
    <região/>
    <ibge>2700300</ibge>
    <gia/>
    <ddd>82</ddd>
    <siafi>2705</siafi>
  </cep>
  <cep>
    <cep>57304-450</cep>
    <logradouro>Praça João Pedro de Aragão</logradouro>
    <complemento/>
    <unidade/>
    <bairro>Primavera</bairro>
    <localidade>Arapiraca</localidade>
    <uf>AL</uf>
    <estado>Alagoas</estado>
    <região/>
    <ibge>2700300</ibge>
    <gia/>
    <ddd>82</ddd>
    <siafi>2705</siafi>
  </cep>
  <cep>
    <cep>57304-464</cep>
    <logradouro>Rua Lino Rodrigues</logradouro>
    <complemento/>
    <unidade/>
    <bairro>Cacimbas</bairro>
    <localidade>Arapiraca</localidade>
    <uf>AL</uf>
    <estado>Alagoas</estado>
    <região/>
    <ibge>2700300</ibge>
    <gia/>
    <ddd>82</ddd>
    <siafi>2705</siafi>
  </cep>
  <cep>
    <cep>57304-420</cep>
    <logradouro>Rua Olinda</logradouro>
    <complemento>até 298/299</complemento>
    <unidade/>
    <bairro>Primavera</bairro>
    <localidade>Arapiraca</localidade>
    <uf>AL</uf>
    <estado>Alagoas</estado>
    <região/>
    <ibge>2700300</ibge>
    <gia/>
    <ddd>82</ddd>
    <siafi>2705</siafi>
  </cep>
  <cep>
    <cep>57304-350</cep>
    <logradouro>Rua Manoel Lúcio da Silva</logradouro>
    <complemento>de 648/649 ao fim</complemento>
    <unidade/>
    <bairro>Primavera</bairro>
    <localidade>Arapiraca</localidade>
    <uf>AL</uf>
    <estado>Alagoas</estado>
    <região/>
    <ibge>2700300</ibge>
    <gia/>
    <ddd>82</ddd>
    <siafi>2705</siafi>
  </cep>
  <cep>
    <cep>57304-460</cep>
    <logradouro>Rua Padre Maurício Rodrigues</logradouro>
    <complemento/>
    <unidade/>
    <bairro>Cacimbas</bairro>
    <localidade>Arapiraca</localidade>
    <uf>AL</uf>
    <estado>Alagoas</estado>
    <região/>
    <ibge>2700300</ibge>
    <gia/>
    <ddd>82</ddd>
    <siafi>2705</siafi>
  </cep>
  <cep>
    <cep>57304-400</cep>
    <logradouro>Rua São Cristóvão</logradouro>
    <complemento/>
    <unidade/>
    <bairro>Primavera</bairro>
    <localidade>Arapiraca</localidade>
    <uf>AL</uf>
    <estado>Alagoas</estado>
    <região/>
    <ibge>2700300</ibge>
    <gia/>
    <ddd>82</ddd>
    <siafi>2705</siafi>
  </cep>
  <cep>
    <cep>57304-320</cep>
    <logradouro>Rua Padre Cirilo</logradouro>
    <complemento/>
    <unidade/>
    <bairro>Primavera</bairro>
    <localidade>Arapiraca</localidade>
    <uf>AL</uf>
    <estado>Alagoas</estado>
    <região/>
    <ibge>2700300</ibge>
    <gia/>
    <ddd>82</ddd>
    <siafi>2705</siafi>
  </cep>
  <cep>
    <cep>57304-465</cep>
    <logradouro>Rua Santa Catarina</logradouro>
    <complemento/>
    <unidade/>
    <bairro>Cacimbas</bairro>
    <localidade>Arapiraca</localidade>
    <uf>AL</uf>
    <estado>Alagoas</estado>
    <região/>
    <ibge>2700300</ibge>
    <gia/>
    <ddd>82</ddd>
    <siafi>2705</siafi>
  </cep>
  <cep>
    <cep>57304-466</cep>
    <logradouro>Rua Francisco Cavalcante</logradouro>
    <complemento/>
    <unidade/>
    <bairro>Cacimbas</bairro>
    <localidade>Arapiraca</localidade>
    <uf>AL</uf>
    <estado>Alagoas</estado>
    <região/>
    <ibge>2700300</ibge>
    <gia/>
    <ddd>82</ddd>
    <siafi>2705</siafi>
  </cep>
  <cep>
    <cep>57304-467</cep>
    <logradouro>Rua Agapito Magalhães</logradouro>
    <complemento>até 99998 - lado par</complemento>
    <unidade/>
    <bairro>Cacimbas</bairro>
    <localidade>Arapiraca</localidade>
    <uf>AL</uf>
    <estado>Alagoas</estado>
    <região/>
    <ibge>2700300</ibge>
    <gia/>
    <ddd>82</ddd>
    <siafi>2705</siafi>
  </cep>
  <cep>
    <cep>57304-470</cep>
    <logradouro>Rua Izaú Lúcio da Silva</logradouro>
    <complemento/>
    <unidade/>
    <bairro>Cacimbas</bairro>
    <localidade>Arapiraca</localidade>
    <uf>AL</uf>
    <estado>Alagoas</estado>
    <região/>
    <ibge>2700300</ibge>
    <gia/>
    <ddd>82</ddd>
    <siafi>2705</siafi>
  </cep>
  <cep>
    <cep>57304-475</cep>
    <logradouro>Rua Estudante Joseane de Lima</logradouro>
    <complemento/>
    <unidade/>
    <bairro>Cacimbas</bairro>
    <localidade>Arapiraca</localidade>
    <uf>AL</uf>
    <estado>Alagoas</estado>
    <região/>
    <ibge>2700300</ibge>
    <gia/>
    <ddd>82</ddd>
    <siafi>2705</siafi>
  </cep>
  <cep>
    <cep>57304-474</cep>
    <logradouro>Rua Monsenhor José Antônio Neto</logradouro>
    <complemento/>
    <unidade/>
    <bairro>Cacimbas</bairro>
    <localidade>Arapiraca</localidade>
    <uf>AL</uf>
    <estado>Alagoas</estado>
    <região/>
    <ibge>2700300</ibge>
    <gia/>
    <ddd>82</ddd>
    <siafi>2705</siafi>
  </cep>
  <cep>
    <cep>57304-478</cep>
    <logradouro>Rua Danielle Maraísa de Oliveira Mariano</logradouro>
    <complemento/>
    <unidade/>
    <bairro>Cacimbas</bairro>
    <localidade>Arapiraca</localidade>
    <uf>AL</uf>
    <estado>Alagoas</estado>
    <região/>
    <ibge>2700300</ibge>
    <gia/>
    <ddd>82</ddd>
    <siafi>2705</siafi>
  </cep>
  <cep>
    <cep>57304-476</cep>
    <logradouro>Rua Olívia Nunes de Magalhães</logradouro>
    <complemento/>
    <unidade/>
    <bairro>Cacimbas</bairro>
    <localidade>Arapiraca</localidade>
    <uf>AL</uf>
    <estado>Alagoas</estado>
    <região/>
    <ibge>2700300</ibge>
    <gia/>
    <ddd>82</ddd>
    <siafi>2705</siafi>
  </cep>
  <cep>
    <cep>57304-479</cep>
    <logradouro>Rua Josefa Leite</logradouro>
    <complemento/>
    <unidade/>
    <bairro>Cacimbas</bairro>
    <localidade>Arapiraca</localidade>
    <uf>AL</uf>
    <estado>Alagoas</estado>
    <região/>
    <ibge>2700300</ibge>
    <gia/>
    <ddd>82</ddd>
    <siafi>2705</siafi>
  </cep>
  <cep>
    <cep>57304-500</cep>
    <logradouro>Praça Rozendo Vieira Lima</logradouro>
    <complemento/>
    <unidade/>
    <bairro>Cacimbas</bairro>
    <localidade>Arapiraca</localidade>
    <uf>AL</uf>
    <estado>Alagoas</estado>
    <região/>
    <ibge>2700300</ibge>
    <gia/>
    <ddd>82</ddd>
    <siafi>2705</siafi>
  </cep>
  <cep>
    <cep>57304-495</cep>
    <logradouro>Rua Manoel Lúcio da Silva</logradouro>
    <complemento>até 580/581</complemento>
    <unidade/>
    <bairro>Cacimbas</bairro>
    <localidade>Arapiraca</localidade>
    <uf>AL</uf>
    <estado>Alagoas</estado>
    <região/>
    <ibge>2700300</ibge>
    <gia/>
    <ddd>82</ddd>
    <siafi>2705</siafi>
  </cep>
  <cep>
    <cep>57304-482</cep>
    <logradouro>Rua Sargento Benevides Montes</logradouro>
    <complemento/>
    <unidade/>
    <bairro>Cacimbas</bairro>
    <localidade>Arapiraca</localidade>
    <uf>AL</uf>
    <estado>Alagoas</estado>
    <região/>
    <ibge>2700300</ibge>
    <gia/>
    <ddd>82</ddd>
    <siafi>2705</siafi>
  </cep>
  <cep>
    <cep>57304-480</cep>
    <logradouro>Rua Manoel Rosendo de Magalhães</logradouro>
    <complemento/>
    <unidade/>
    <bairro>Cacimbas</bairro>
    <localidade>Arapiraca</localidade>
    <uf>AL</uf>
    <estado>Alagoas</estado>
    <região/>
    <ibge>2700300</ibge>
    <gia/>
    <ddd>82</ddd>
    <siafi>2705</siafi>
  </cep>
  <cep>
    <cep>57304-484</cep>
    <logradouro>Rua José Honorato</logradouro>
    <complemento/>
    <unidade/>
    <bairro>Cacimbas</bairro>
    <localidade>Arapiraca</localidade>
    <uf>AL</uf>
    <estado>Alagoas</estado>
    <região/>
    <ibge>2700300</ibge>
    <gia/>
    <ddd>82</ddd>
    <siafi>2705</siafi>
  </cep>
  <cep>
    <cep>57304-486</cep>
    <logradouro>Rua Costa Gama</logradouro>
    <complemento>de 791/792 ao fim</complemento>
    <unidade/>
    <bairro>Cacimbas</bairro>
    <localidade>Arapiraca</localidade>
    <uf>AL</uf>
    <estado>Alagoas</estado>
    <região/>
    <ibge>2700300</ibge>
    <gia/>
    <ddd>82</ddd>
    <siafi>2705</siafi>
  </cep>
  <cep>
    <cep>57304-490</cep>
    <logradouro>Rua Santa Ana</logradouro>
    <complemento/>
    <unidade/>
    <bairro>Cacimbas</bairro>
    <localidade>Arapiraca</localidade>
    <uf>AL</uf>
    <estado>Alagoas</estado>
    <região/>
    <ibge>2700300</ibge>
    <gia/>
    <ddd>82</ddd>
    <siafi>2705</siafi>
  </cep>
  <cep>
    <cep>57304-481</cep>
    <logradouro>Rua Olinda</logradouro>
    <complemento>de 403/404 ao fim</complemento>
    <unidade/>
    <bairro>Cacimbas</bairro>
    <localidade>Arapiraca</localidade>
    <uf>AL</uf>
    <estado>Alagoas</estado>
    <região/>
    <ibge>2700300</ibge>
    <gia/>
    <ddd>82</ddd>
    <siafi>2705</siafi>
  </cep>
  <cep>
    <cep>57304-483</cep>
    <logradouro>Rua São Cristóvão</logradouro>
    <complemento/>
    <unidade/>
    <bairro>Cacimbas</bairro>
    <localidade>Arapiraca</localidade>
    <uf>AL</uf>
    <estado>Alagoas</estado>
    <região/>
    <ibge>2700300</ibge>
    <gia/>
    <ddd>82</ddd>
    <siafi>2705</siafi>
  </cep>
  <cep>
    <cep>57304-502</cep>
    <logradouro>Rua Coronel Vicente Ramos</logradouro>
    <complemento/>
    <unidade/>
    <bairro>Cacimbas</bairro>
    <localidade>Arapiraca</localidade>
    <uf>AL</uf>
    <estado>Alagoas</estado>
    <região/>
    <ibge>2700300</ibge>
    <gia/>
    <ddd>82</ddd>
    <siafi>2705</siafi>
  </cep>
  <cep>
    <cep>57304-477</cep>
    <logradouro>Rua Nossa Senhora do Carmo</logradouro>
    <complemento/>
    <unidade/>
    <bairro>Cacimbas</bairro>
    <localidade>Arapiraca</localidade>
    <uf>AL</uf>
    <estado>Alagoas</estado>
    <região/>
    <ibge>2700300</ibge>
    <gia/>
    <ddd>82</ddd>
    <siafi>2705</siafi>
  </cep>
  <cep>
    <cep>57304-504</cep>
    <logradouro>Rua Antônio José dos Santos</logradouro>
    <complemento/>
    <unidade/>
    <bairro>Cacimbas</bairro>
    <localidade>Arapiraca</localidade>
    <uf>AL</uf>
    <estado>Alagoas</estado>
    <região/>
    <ibge>2700300</ibge>
    <gia/>
    <ddd>82</ddd>
    <siafi>2705</siafi>
  </cep>
  <cep>
    <cep>57304-506</cep>
    <logradouro>Rua Pedro Álvares Cabral</logradouro>
    <complemento/>
    <unidade/>
    <bairro>Cacimbas</bairro>
    <localidade>Arapiraca</localidade>
    <uf>AL</uf>
    <estado>Alagoas</estado>
    <região/>
    <ibge>2700300</ibge>
    <gia/>
    <ddd>82</ddd>
    <siafi>2705</siafi>
  </cep>
  <cep>
    <cep>57304-520</cep>
    <logradouro>Rua Leite Neto</logradouro>
    <complemento/>
    <unidade/>
    <bairro>Cacimbas</bairro>
    <localidade>Arapiraca</localidade>
    <uf>AL</uf>
    <estado>Alagoas</estado>
    <região/>
    <ibge>2700300</ibge>
    <gia/>
    <ddd>82</ddd>
    <siafi>2705</siafi>
  </cep>
  <cep>
    <cep>57304-512</cep>
    <logradouro>Avenida Rio Branco</logradouro>
    <complemento>de 597 ao fim - lado ímpar</complemento>
    <unidade/>
    <bairro>Cacimbas</bairro>
    <localidade>Arapiraca</localidade>
    <uf>AL</uf>
    <estado>Alagoas</estado>
    <região/>
    <ibge>2700300</ibge>
    <gia/>
    <ddd>82</ddd>
    <siafi>2705</siafi>
  </cep>
  <cep>
    <cep>57304-510</cep>
    <logradouro>Rua Vereador Benício Alves de Oliveira</logradouro>
    <complemento/>
    <unidade/>
    <bairro>Cacimbas</bairro>
    <localidade>Arapiraca</localidade>
    <uf>AL</uf>
    <estado>Alagoas</estado>
    <região/>
    <ibge>2700300</ibge>
    <gia/>
    <ddd>82</ddd>
    <siafi>2705</siafi>
  </cep>
  <cep>
    <cep>57043-482</cep>
    <logradouro>Travessa Chico Mendes</logradouro>
    <complemento/>
    <unidade/>
    <bairro>Feitosa</bairro>
    <localidade>Maceió</localidade>
    <uf>AL</uf>
    <estado>Alagoas</estado>
    <região/>
    <ibge>2704302</ibge>
    <gia/>
    <ddd>82</ddd>
    <siafi>2785</siafi>
  </cep>
  <cep>
    <cep>57304-525</cep>
    <logradouro>Praça Pereira Magalhães</logradouro>
    <complemento/>
    <unidade/>
    <bairro>Cacimbas</bairro>
    <localidade>Arapiraca</localidade>
    <uf>AL</uf>
    <estado>Alagoas</estado>
    <região/>
    <ibge>2700300</ibge>
    <gia/>
    <ddd>82</ddd>
    <siafi>2705</siafi>
  </cep>
  <cep>
    <cep>57304-530</cep>
    <logradouro>Rua Vicente Leite da Silva</logradouro>
    <complemento/>
    <unidade/>
    <bairro>Cacimbas</bairro>
    <localidade>Arapiraca</localidade>
    <uf>AL</uf>
    <estado>Alagoas</estado>
    <região/>
    <ibge>2700300</ibge>
    <gia/>
    <ddd>82</ddd>
    <siafi>2705</siafi>
  </cep>
  <cep>
    <cep>57304-535</cep>
    <logradouro>Rua José Francelino Oliveira</logradouro>
    <complemento>lado par</complemento>
    <unidade/>
    <bairro>Cacimbas</bairro>
    <localidade>Arapiraca</localidade>
    <uf>AL</uf>
    <estado>Alagoas</estado>
    <região/>
    <ibge>2700300</ibge>
    <gia/>
    <ddd>82</ddd>
    <siafi>2705</siafi>
  </cep>
  <cep>
    <cep>57304-560</cep>
    <logradouro>Rua Antônio Leandro</logradouro>
    <complemento/>
    <unidade/>
    <bairro>Cacimbas</bairro>
    <localidade>Arapiraca</localidade>
    <uf>AL</uf>
    <estado>Alagoas</estado>
    <região/>
    <ibge>2700300</ibge>
    <gia/>
    <ddd>82</ddd>
    <siafi>2705</siafi>
  </cep>
  <cep>
    <cep>57304-550</cep>
    <logradouro>Rua Irineu Valeriano Magalhães</logradouro>
    <complemento/>
    <unidade/>
    <bairro>Cacimbas</bairro>
    <localidade>Arapiraca</localidade>
    <uf>AL</uf>
    <estado>Alagoas</estado>
    <região/>
    <ibge>2700300</ibge>
    <gia/>
    <ddd>82</ddd>
    <siafi>2705</siafi>
  </cep>
  <cep>
    <cep>57304-540</cep>
    <logradouro>Rua Antônio Leite</logradouro>
    <complemento/>
    <unidade/>
    <bairro>Cacimbas</bairro>
    <localidade>Arapiraca</localidade>
    <uf>AL</uf>
    <estado>Alagoas</estado>
    <região/>
    <ibge>2700300</ibge>
    <gia/>
    <ddd>82</ddd>
    <siafi>2705</siafi>
  </cep>
  <cep>
    <cep>57304-562</cep>
    <logradouro>Rua Manoel Leal</logradouro>
    <complemento>lado par</complemento>
    <unidade/>
    <bairro>Cacimbas</bairro>
    <localidade>Arapiraca</localidade>
    <uf>AL</uf>
    <estado>Alagoas</estado>
    <região/>
    <ibge>2700300</ibge>
    <gia/>
    <ddd>82</ddd>
    <siafi>2705</siafi>
  </cep>
  <cep>
    <cep>57304-563</cep>
    <logradouro>Rua João Jonas Rios</logradouro>
    <complemento/>
    <unidade/>
    <bairro>Cacimbas</bairro>
    <localidade>Arapiraca</localidade>
    <uf>AL</uf>
    <estado>Alagoas</estado>
    <região/>
    <ibge>2700300</ibge>
    <gia/>
    <ddd>82</ddd>
    <siafi>2705</siafi>
  </cep>
  <cep>
    <cep>57304-564</cep>
    <logradouro>Rua Professora Chiquinha Macêdo</logradouro>
    <complemento/>
    <unidade/>
    <bairro>Cacimbas</bairro>
    <localidade>Arapiraca</localidade>
    <uf>AL</uf>
    <estado>Alagoas</estado>
    <região/>
    <ibge>2700300</ibge>
    <gia/>
    <ddd>82</ddd>
    <siafi>2705</siafi>
  </cep>
  <cep>
    <cep>57304-570</cep>
    <logradouro>Rua Antônio Feliz Silva</logradouro>
    <complemento/>
    <unidade/>
    <bairro>Cacimbas</bairro>
    <localidade>Arapiraca</localidade>
    <uf>AL</uf>
    <estado>Alagoas</estado>
    <região/>
    <ibge>2700300</ibge>
    <gia/>
    <ddd>82</ddd>
    <siafi>2705</siafi>
  </cep>
  <cep>
    <cep>57304-662</cep>
    <logradouro>Rua Marluce Guimarães</logradouro>
    <complemento/>
    <unidade/>
    <bairro>Padre Antônio Lima Neto</bairro>
    <localidade>Arapiraca</localidade>
    <uf>AL</uf>
    <estado>Alagoas</estado>
    <região/>
    <ibge>2700300</ibge>
    <gia/>
    <ddd>82</ddd>
    <siafi>2705</siafi>
  </cep>
  <cep>
    <cep>57304-674</cep>
    <logradouro>Rua Ulisses Lopes de Oliveira</logradouro>
    <complemento/>
    <unidade/>
    <bairro>Padre Antônio Lima Neto</bairro>
    <localidade>Arapiraca</localidade>
    <uf>AL</uf>
    <estado>Alagoas</estado>
    <região/>
    <ibge>2700300</ibge>
    <gia/>
    <ddd>82</ddd>
    <siafi>2705</siafi>
  </cep>
  <cep>
    <cep>57304-678</cep>
    <logradouro>Rua João Rodrigues de Oliveira</logradouro>
    <complemento/>
    <unidade/>
    <bairro>Padre Antônio Lima Neto</bairro>
    <localidade>Arapiraca</localidade>
    <uf>AL</uf>
    <estado>Alagoas</estado>
    <região/>
    <ibge>2700300</ibge>
    <gia/>
    <ddd>82</ddd>
    <siafi>2705</siafi>
  </cep>
  <cep>
    <cep>57304-680</cep>
    <logradouro>Rua Maria José de Oliveira</logradouro>
    <complemento/>
    <unidade/>
    <bairro>Padre Antônio Lima Neto</bairro>
    <localidade>Arapiraca</localidade>
    <uf>AL</uf>
    <estado>Alagoas</estado>
    <região/>
    <ibge>2700300</ibge>
    <gia/>
    <ddd>82</ddd>
    <siafi>2705</siafi>
  </cep>
  <cep>
    <cep>57304-657</cep>
    <logradouro>Rua José Élvio Higino da Silva</logradouro>
    <complemento/>
    <unidade/>
    <bairro>Padre Antônio Lima Neto</bairro>
    <localidade>Arapiraca</localidade>
    <uf>AL</uf>
    <estado>Alagoas</estado>
    <região/>
    <ibge>2700300</ibge>
    <gia/>
    <ddd>82</ddd>
    <siafi>2705</siafi>
  </cep>
  <cep>
    <cep>57304-590</cep>
    <logradouro>Rua José Ribeiro</logradouro>
    <complemento/>
    <unidade/>
    <bairro>Cacimbas</bairro>
    <localidade>Arapiraca</localidade>
    <uf>AL</uf>
    <estado>Alagoas</estado>
    <região/>
    <ibge>2700300</ibge>
    <gia/>
    <ddd>82</ddd>
    <siafi>2705</siafi>
  </cep>
  <cep>
    <cep>57304-684</cep>
    <logradouro>Rua Pedro Rodrigues de Oliveira</logradouro>
    <complemento/>
    <unidade/>
    <bairro>Padre Antônio Lima Neto</bairro>
    <localidade>Arapiraca</localidade>
    <uf>AL</uf>
    <estado>Alagoas</estado>
    <região/>
    <ibge>2700300</ibge>
    <gia/>
    <ddd>82</ddd>
    <siafi>2705</siafi>
  </cep>
  <cep>
    <cep>57304-672</cep>
    <logradouro>Rua Otávio Lourenço de Souza</logradouro>
    <complemento/>
    <unidade/>
    <bairro>Padre Antônio Lima Neto</bairro>
    <localidade>Arapiraca</localidade>
    <uf>AL</uf>
    <estado>Alagoas</estado>
    <região/>
    <ibge>2700300</ibge>
    <gia/>
    <ddd>82</ddd>
    <siafi>2705</siafi>
  </cep>
  <cep>
    <cep>57304-688</cep>
    <logradouro>Rua João Cassimiro Monteiro</logradouro>
    <complemento/>
    <unidade/>
    <bairro>Padre Antônio Lima Neto</bairro>
    <localidade>Arapiraca</localidade>
    <uf>AL</uf>
    <estado>Alagoas</estado>
    <região/>
    <ibge>2700300</ibge>
    <gia/>
    <ddd>82</ddd>
    <siafi>2705</siafi>
  </cep>
  <cep>
    <cep>57304-656</cep>
    <logradouro>Rua Minterio Dandão</logradouro>
    <complemento/>
    <unidade/>
    <bairro>Padre Antônio Lima Neto</bairro>
    <localidade>Arapiraca</localidade>
    <uf>AL</uf>
    <estado>Alagoas</estado>
    <região/>
    <ibge>2700300</ibge>
    <gia/>
    <ddd>82</ddd>
    <siafi>2705</siafi>
  </cep>
  <cep>
    <cep>57304-652</cep>
    <logradouro>Rua José Francelino Oliveira</logradouro>
    <complemento>lado ímpar</complemento>
    <unidade/>
    <bairro>Padre Antônio Lima Neto</bairro>
    <localidade>Arapiraca</localidade>
    <uf>AL</uf>
    <estado>Alagoas</estado>
    <região/>
    <ibge>2700300</ibge>
    <gia/>
    <ddd>82</ddd>
    <siafi>2705</siafi>
  </cep>
  <cep>
    <cep>57304-600</cep>
    <logradouro>Rua Estudante Vânia Lima França</logradouro>
    <complemento/>
    <unidade/>
    <bairro>Cacimbas</bairro>
    <localidade>Arapiraca</localidade>
    <uf>AL</uf>
    <estado>Alagoas</estado>
    <região/>
    <ibge>2700300</ibge>
    <gia/>
    <ddd>82</ddd>
    <siafi>2705</siafi>
  </cep>
  <cep>
    <cep>57305-070</cep>
    <logradouro>Rua Antônio Ferreira Barbosa</logradouro>
    <complemento/>
    <unidade/>
    <bairro>Manuel Teles</bairro>
    <localidade>Arapiraca</localidade>
    <uf>AL</uf>
    <estado>Alagoas</estado>
    <região/>
    <ibge>2700300</ibge>
    <gia/>
    <ddd>82</ddd>
    <siafi>2705</siafi>
  </cep>
  <cep>
    <cep>57305-005</cep>
    <logradouro>Rua Maurício Pereira</logradouro>
    <complemento>lado ímpar</complemento>
    <unidade/>
    <bairro>Manuel Teles</bairro>
    <localidade>Arapiraca</localidade>
    <uf>AL</uf>
    <estado>Alagoas</estado>
    <região/>
    <ibge>2700300</ibge>
    <gia/>
    <ddd>82</ddd>
    <siafi>2705</siafi>
  </cep>
  <cep>
    <cep>57304-566</cep>
    <logradouro>Rua Ulisses Lopes de Oliveira</logradouro>
    <complemento/>
    <unidade/>
    <bairro>Cacimbas</bairro>
    <localidade>Arapiraca</localidade>
    <uf>AL</uf>
    <estado>Alagoas</estado>
    <região/>
    <ibge>2700300</ibge>
    <gia/>
    <ddd>82</ddd>
    <siafi>2705</siafi>
  </cep>
  <cep>
    <cep>57304-658</cep>
    <logradouro>Rua Eletricista José Monteiro da Silva</logradouro>
    <complemento/>
    <unidade/>
    <bairro>Padre Antônio Lima Neto</bairro>
    <localidade>Arapiraca</localidade>
    <uf>AL</uf>
    <estado>Alagoas</estado>
    <região/>
    <ibge>2700300</ibge>
    <gia/>
    <ddd>82</ddd>
    <siafi>2705</siafi>
  </cep>
  <cep>
    <cep>57305-120</cep>
    <logradouro>Rua Irmão Augusto Pereira</logradouro>
    <complemento/>
    <unidade/>
    <bairro>Manuel Teles</bairro>
    <localidade>Arapiraca</localidade>
    <uf>AL</uf>
    <estado>Alagoas</estado>
    <região/>
    <ibge>2700300</ibge>
    <gia/>
    <ddd>82</ddd>
    <siafi>2705</siafi>
  </cep>
  <cep>
    <cep>57305-170</cep>
    <logradouro>Rua Arizona</logradouro>
    <complemento/>
    <unidade/>
    <bairro>Manuel Teles</bairro>
    <localidade>Arapiraca</localidade>
    <uf>AL</uf>
    <estado>Alagoas</estado>
    <região/>
    <ibge>2700300</ibge>
    <gia/>
    <ddd>82</ddd>
    <siafi>2705</siafi>
  </cep>
  <cep>
    <cep>57305-130</cep>
    <logradouro>Rua Bom Conselho</logradouro>
    <complemento/>
    <unidade/>
    <bairro>Manuel Teles</bairro>
    <localidade>Arapiraca</localidade>
    <uf>AL</uf>
    <estado>Alagoas</estado>
    <região/>
    <ibge>2700300</ibge>
    <gia/>
    <ddd>82</ddd>
    <siafi>2705</siafi>
  </cep>
  <cep>
    <cep>57305-110</cep>
    <logradouro>Rua Igaci</logradouro>
    <complemento/>
    <unidade/>
    <bairro>Manuel Teles</bairro>
    <localidade>Arapiraca</localidade>
    <uf>AL</uf>
    <estado>Alagoas</estado>
    <região/>
    <ibge>2700300</ibge>
    <gia/>
    <ddd>82</ddd>
    <siafi>2705</siafi>
  </cep>
  <cep>
    <cep>57305-030</cep>
    <logradouro>Rua Manoel Teles</logradouro>
    <complemento/>
    <unidade/>
    <bairro>Manuel Teles</bairro>
    <localidade>Arapiraca</localidade>
    <uf>AL</uf>
    <estado>Alagoas</estado>
    <região/>
    <ibge>2700300</ibge>
    <gia/>
    <ddd>82</ddd>
    <siafi>2705</siafi>
  </cep>
  <cep>
    <cep>57305-160</cep>
    <logradouro>Rua Taquarana</logradouro>
    <complemento/>
    <unidade/>
    <bairro>Manuel Teles</bairro>
    <localidade>Arapiraca</localidade>
    <uf>AL</uf>
    <estado>Alagoas</estado>
    <região/>
    <ibge>2700300</ibge>
    <gia/>
    <ddd>82</ddd>
    <siafi>2705</siafi>
  </cep>
  <cep>
    <cep>57305-180</cep>
    <logradouro>Rua Manoel Lucindo da Silva</logradouro>
    <complemento/>
    <unidade/>
    <bairro>Manuel Teles</bairro>
    <localidade>Arapiraca</localidade>
    <uf>AL</uf>
    <estado>Alagoas</estado>
    <região/>
    <ibge>2700300</ibge>
    <gia/>
    <ddd>82</ddd>
    <siafi>2705</siafi>
  </cep>
  <cep>
    <cep>57304-682</cep>
    <logradouro>Rua José Benedito Rodrigues de Oliveira</logradouro>
    <complemento/>
    <unidade/>
    <bairro>Padre Antônio Lima Neto</bairro>
    <localidade>Arapiraca</localidade>
    <uf>AL</uf>
    <estado>Alagoas</estado>
    <região/>
    <ibge>2700300</ibge>
    <gia/>
    <ddd>82</ddd>
    <siafi>2705</siafi>
  </cep>
  <cep>
    <cep>57305-090</cep>
    <logradouro>Rua Ipiranga</logradouro>
    <complemento/>
    <unidade/>
    <bairro>Manuel Teles</bairro>
    <localidade>Arapiraca</localidade>
    <uf>AL</uf>
    <estado>Alagoas</estado>
    <região/>
    <ibge>2700300</ibge>
    <gia/>
    <ddd>82</ddd>
    <siafi>2705</siafi>
  </cep>
  <cep>
    <cep>57305-200</cep>
    <logradouro>Rua Manoel Correia de Macêdo</logradouro>
    <complemento/>
    <unidade/>
    <bairro>Manuel Teles</bairro>
    <localidade>Arapiraca</localidade>
    <uf>AL</uf>
    <estado>Alagoas</estado>
    <região/>
    <ibge>2700300</ibge>
    <gia/>
    <ddd>82</ddd>
    <siafi>2705</siafi>
  </cep>
  <cep>
    <cep>57305-020</cep>
    <logradouro>Rua João Doca</logradouro>
    <complemento/>
    <unidade/>
    <bairro>Manuel Teles</bairro>
    <localidade>Arapiraca</localidade>
    <uf>AL</uf>
    <estado>Alagoas</estado>
    <região/>
    <ibge>2700300</ibge>
    <gia/>
    <ddd>82</ddd>
    <siafi>2705</siafi>
  </cep>
  <cep>
    <cep>57305-242</cep>
    <logradouro>Rua Agostinho Severino dos Santos</logradouro>
    <complemento/>
    <unidade/>
    <bairro>Manuel Teles</bairro>
    <localidade>Arapiraca</localidade>
    <uf>AL</uf>
    <estado>Alagoas</estado>
    <região/>
    <ibge>2700300</ibge>
    <gia/>
    <ddd>82</ddd>
    <siafi>2705</siafi>
  </cep>
  <cep>
    <cep>57304-830</cep>
    <logradouro>Rua Marcionilio Izidoro dos Santos</logradouro>
    <complemento/>
    <unidade/>
    <bairro>Padre Antônio Lima Neto</bairro>
    <localidade>Arapiraca</localidade>
    <uf>AL</uf>
    <estado>Alagoas</estado>
    <região/>
    <ibge>2700300</ibge>
    <gia/>
    <ddd>82</ddd>
    <siafi>2705</siafi>
  </cep>
  <cep>
    <cep>57304-668</cep>
    <logradouro>Rua Valdir Oliveira e Silva</logradouro>
    <complemento/>
    <unidade/>
    <bairro>Padre Antônio Lima Neto</bairro>
    <localidade>Arapiraca</localidade>
    <uf>AL</uf>
    <estado>Alagoas</estado>
    <região/>
    <ibge>2700300</ibge>
    <gia/>
    <ddd>82</ddd>
    <siafi>2705</siafi>
  </cep>
  <cep>
    <cep>57304-580</cep>
    <logradouro>Rua Lino de Paula Magalhães</logradouro>
    <complemento/>
    <unidade/>
    <bairro>Cacimbas</bairro>
    <localidade>Arapiraca</localidade>
    <uf>AL</uf>
    <estado>Alagoas</estado>
    <região/>
    <ibge>2700300</ibge>
    <gia/>
    <ddd>82</ddd>
    <siafi>2705</siafi>
  </cep>
  <cep>
    <cep>57305-190</cep>
    <logradouro>Rua Antônio Cavalcante Gama</logradouro>
    <complemento/>
    <unidade/>
    <bairro>Manuel Teles</bairro>
    <localidade>Arapiraca</localidade>
    <uf>AL</uf>
    <estado>Alagoas</estado>
    <região/>
    <ibge>2700300</ibge>
    <gia/>
    <ddd>82</ddd>
    <siafi>2705</siafi>
  </cep>
  <cep>
    <cep>57305-060</cep>
    <logradouro>Rua Mané Garrincha</logradouro>
    <complemento/>
    <unidade/>
    <bairro>Manuel Teles</bairro>
    <localidade>Arapiraca</localidade>
    <uf>AL</uf>
    <estado>Alagoas</estado>
    <região/>
    <ibge>2700300</ibge>
    <gia/>
    <ddd>82</ddd>
    <siafi>2705</siafi>
  </cep>
  <cep>
    <cep>57305-245</cep>
    <logradouro>Avenida Miguel Correia Amorim</logradouro>
    <complemento>até 792 - lado par</complemento>
    <unidade/>
    <bairro>Manuel Teles</bairro>
    <localidade>Arapiraca</localidade>
    <uf>AL</uf>
    <estado>Alagoas</estado>
    <região/>
    <ibge>2700300</ibge>
    <gia/>
    <ddd>82</ddd>
    <siafi>2705</siafi>
  </cep>
  <cep>
    <cep>57304-654</cep>
    <logradouro>Rua José Rodrigues de Lima</logradouro>
    <complemento/>
    <unidade/>
    <bairro>Padre Antônio Lima Neto</bairro>
    <localidade>Arapiraca</localidade>
    <uf>AL</uf>
    <estado>Alagoas</estado>
    <região/>
    <ibge>2700300</ibge>
    <gia/>
    <ddd>82</ddd>
    <siafi>2705</siafi>
  </cep>
  <cep>
    <cep>57305-195</cep>
    <logradouro>Rua Porto Calvo</logradouro>
    <complemento/>
    <unidade/>
    <bairro>Manuel Teles</bairro>
    <localidade>Arapiraca</localidade>
    <uf>AL</uf>
    <estado>Alagoas</estado>
    <região/>
    <ibge>2700300</ibge>
    <gia/>
    <ddd>82</ddd>
    <siafi>2705</siafi>
  </cep>
  <cep>
    <cep>57305-205</cep>
    <logradouro>Rua Manoel Leal</logradouro>
    <complemento>lado ímpar</complemento>
    <unidade/>
    <bairro>Manuel Teles</bairro>
    <localidade>Arapiraca</localidade>
    <uf>AL</uf>
    <estado>Alagoas</estado>
    <região/>
    <ibge>2700300</ibge>
    <gia/>
    <ddd>82</ddd>
    <siafi>2705</siafi>
  </cep>
  <cep>
    <cep>57305-280</cep>
    <logradouro>Rua João Capristano Correia</logradouro>
    <complemento/>
    <unidade/>
    <bairro>Manuel Teles</bairro>
    <localidade>Arapiraca</localidade>
    <uf>AL</uf>
    <estado>Alagoas</estado>
    <região/>
    <ibge>2700300</ibge>
    <gia/>
    <ddd>82</ddd>
    <siafi>2705</siafi>
  </cep>
  <cep>
    <cep>57305-250</cep>
    <logradouro>Rua Virgínia Canuto</logradouro>
    <complemento/>
    <unidade/>
    <bairro>Manuel Teles</bairro>
    <localidade>Arapiraca</localidade>
    <uf>AL</uf>
    <estado>Alagoas</estado>
    <região/>
    <ibge>2700300</ibge>
    <gia/>
    <ddd>82</ddd>
    <siafi>2705</siafi>
  </cep>
  <cep>
    <cep>57305-300</cep>
    <logradouro>Rua Antônia Leão da Silva</logradouro>
    <complemento/>
    <unidade/>
    <bairro>Manuel Teles</bairro>
    <localidade>Arapiraca</localidade>
    <uf>AL</uf>
    <estado>Alagoas</estado>
    <região/>
    <ibge>2700300</ibge>
    <gia/>
    <ddd>82</ddd>
    <siafi>2705</siafi>
  </cep>
  <cep>
    <cep>57305-270</cep>
    <logradouro>Rua Abel Monteiro de Maia</logradouro>
    <complemento/>
    <unidade/>
    <bairro>Manuel Teles</bairro>
    <localidade>Arapiraca</localidade>
    <uf>AL</uf>
    <estado>Alagoas</estado>
    <região/>
    <ibge>2700300</ibge>
    <gia/>
    <ddd>82</ddd>
    <siafi>2705</siafi>
  </cep>
  <cep>
    <cep>57305-304</cep>
    <logradouro>Rua Manoel Caetano de Farias</logradouro>
    <complemento/>
    <unidade/>
    <bairro>Manuel Teles</bairro>
    <localidade>Arapiraca</localidade>
    <uf>AL</uf>
    <estado>Alagoas</estado>
    <região/>
    <ibge>2700300</ibge>
    <gia/>
    <ddd>82</ddd>
    <siafi>2705</siafi>
  </cep>
  <cep>
    <cep>57305-301</cep>
    <logradouro>Rua Pedro Neto dos Santos</logradouro>
    <complemento/>
    <unidade/>
    <bairro>Manuel Teles</bairro>
    <localidade>Arapiraca</localidade>
    <uf>AL</uf>
    <estado>Alagoas</estado>
    <região/>
    <ibge>2700300</ibge>
    <gia/>
    <ddd>82</ddd>
    <siafi>2705</siafi>
  </cep>
  <cep>
    <cep>57305-055</cep>
    <logradouro>Rua Antônia Leite</logradouro>
    <complemento/>
    <unidade/>
    <bairro>Manuel Teles</bairro>
    <localidade>Arapiraca</localidade>
    <uf>AL</uf>
    <estado>Alagoas</estado>
    <região/>
    <ibge>2700300</ibge>
    <gia/>
    <ddd>82</ddd>
    <siafi>2705</siafi>
  </cep>
  <cep>
    <cep>57305-315</cep>
    <logradouro>Rua São Tomé</logradouro>
    <complemento/>
    <unidade/>
    <bairro>Manuel Teles</bairro>
    <localidade>Arapiraca</localidade>
    <uf>AL</uf>
    <estado>Alagoas</estado>
    <região/>
    <ibge>2700300</ibge>
    <gia/>
    <ddd>82</ddd>
    <siafi>2705</siafi>
  </cep>
  <cep>
    <cep>57304-664</cep>
    <logradouro>Rua Siqueira Campos</logradouro>
    <complemento/>
    <unidade/>
    <bairro>Padre Antônio Lima Neto</bairro>
    <localidade>Arapiraca</localidade>
    <uf>AL</uf>
    <estado>Alagoas</estado>
    <região/>
    <ibge>2700300</ibge>
    <gia/>
    <ddd>82</ddd>
    <siafi>2705</siafi>
  </cep>
  <cep>
    <cep>57305-210</cep>
    <logradouro>Rua Abdias Francisco dos Santos</logradouro>
    <complemento/>
    <unidade/>
    <bairro>Manuel Teles</bairro>
    <localidade>Arapiraca</localidade>
    <uf>AL</uf>
    <estado>Alagoas</estado>
    <região/>
    <ibge>2700300</ibge>
    <gia/>
    <ddd>82</ddd>
    <siafi>2705</siafi>
  </cep>
  <cep>
    <cep>57305-325</cep>
    <logradouro>Avenida Pedro Leão</logradouro>
    <complemento>de 273 ao fim - lado ímpar</complemento>
    <unidade/>
    <bairro>Manuel Teles</bairro>
    <localidade>Arapiraca</localidade>
    <uf>AL</uf>
    <estado>Alagoas</estado>
    <região/>
    <ibge>2700300</ibge>
    <gia/>
    <ddd>82</ddd>
    <siafi>2705</siafi>
  </cep>
  <cep>
    <cep>57305-260</cep>
    <logradouro>Rua Pedro Zumbá</logradouro>
    <complemento/>
    <unidade/>
    <bairro>Manuel Teles</bairro>
    <localidade>Arapiraca</localidade>
    <uf>AL</uf>
    <estado>Alagoas</estado>
    <região/>
    <ibge>2700300</ibge>
    <gia/>
    <ddd>82</ddd>
    <siafi>2705</siafi>
  </cep>
  <cep>
    <cep>57305-320</cep>
    <logradouro>Rua Severino Borges</logradouro>
    <complemento/>
    <unidade/>
    <bairro>Manuel Teles</bairro>
    <localidade>Arapiraca</localidade>
    <uf>AL</uf>
    <estado>Alagoas</estado>
    <região/>
    <ibge>2700300</ibge>
    <gia/>
    <ddd>82</ddd>
    <siafi>2705</siafi>
  </cep>
  <cep>
    <cep>57305-175</cep>
    <logradouro>Rua Júlio Honorato de Miranda</logradouro>
    <complemento/>
    <unidade/>
    <bairro>Manuel Teles</bairro>
    <localidade>Arapiraca</localidade>
    <uf>AL</uf>
    <estado>Alagoas</estado>
    <região/>
    <ibge>2700300</ibge>
    <gia/>
    <ddd>82</ddd>
    <siafi>2705</siafi>
  </cep>
  <cep>
    <cep>57305-330</cep>
    <logradouro>Avenida Pedro Leão</logradouro>
    <complemento>de 294 ao fim - lado par</complemento>
    <unidade/>
    <bairro>Baixão</bairro>
    <localidade>Arapiraca</localidade>
    <uf>AL</uf>
    <estado>Alagoas</estado>
    <região/>
    <ibge>2700300</ibge>
    <gia/>
    <ddd>82</ddd>
    <siafi>2705</siafi>
  </cep>
  <cep>
    <cep>57305-310</cep>
    <logradouro>Rua Afonso Pena</logradouro>
    <complemento/>
    <unidade/>
    <bairro>Manuel Teles</bairro>
    <localidade>Arapiraca</localidade>
    <uf>AL</uf>
    <estado>Alagoas</estado>
    <região/>
    <ibge>2700300</ibge>
    <gia/>
    <ddd>82</ddd>
    <siafi>2705</siafi>
  </cep>
  <cep>
    <cep>57305-050</cep>
    <logradouro>Rua Domingos Evangelista</logradouro>
    <complemento/>
    <unidade/>
    <bairro>Manuel Teles</bairro>
    <localidade>Arapiraca</localidade>
    <uf>AL</uf>
    <estado>Alagoas</estado>
    <região/>
    <ibge>2700300</ibge>
    <gia/>
    <ddd>82</ddd>
    <siafi>2705</siafi>
  </cep>
  <cep>
    <cep>57305-075</cep>
    <logradouro>Rua Augusto José da Silva</logradouro>
    <complemento/>
    <unidade/>
    <bairro>Manuel Teles</bairro>
    <localidade>Arapiraca</localidade>
    <uf>AL</uf>
    <estado>Alagoas</estado>
    <região/>
    <ibge>2700300</ibge>
    <gia/>
    <ddd>82</ddd>
    <siafi>2705</siafi>
  </cep>
  <cep>
    <cep>57304-686</cep>
    <logradouro>Rua Vicente Severiano dos Santos</logradouro>
    <complemento/>
    <unidade/>
    <bairro>Padre Antônio Lima Neto</bairro>
    <localidade>Arapiraca</localidade>
    <uf>AL</uf>
    <estado>Alagoas</estado>
    <região/>
    <ibge>2700300</ibge>
    <gia/>
    <ddd>82</ddd>
    <siafi>2705</siafi>
  </cep>
  <cep>
    <cep>57304-690</cep>
    <logradouro>Rua Papa Francisco</logradouro>
    <complemento/>
    <unidade/>
    <bairro>Padre Antônio Lima Neto</bairro>
    <localidade>Arapiraca</localidade>
    <uf>AL</uf>
    <estado>Alagoas</estado>
    <região/>
    <ibge>2700300</ibge>
    <gia/>
    <ddd>82</ddd>
    <siafi>2705</siafi>
  </cep>
  <cep>
    <cep>57305-340</cep>
    <logradouro>Rua Tiradentes</logradouro>
    <complemento/>
    <unidade/>
    <bairro>Baixão</bairro>
    <localidade>Arapiraca</localidade>
    <uf>AL</uf>
    <estado>Alagoas</estado>
    <região/>
    <ibge>2700300</ibge>
    <gia/>
    <ddd>82</ddd>
    <siafi>2705</siafi>
  </cep>
  <cep>
    <cep>57305-025</cep>
    <logradouro>Avenida Rio Branco</logradouro>
    <complemento>de 614 ao fim - lado par</complemento>
    <unidade/>
    <bairro>Manuel Teles</bairro>
    <localidade>Arapiraca</localidade>
    <uf>AL</uf>
    <estado>Alagoas</estado>
    <região/>
    <ibge>2700300</ibge>
    <gia/>
    <ddd>82</ddd>
    <siafi>2705</siafi>
  </cep>
  <cep>
    <cep>57305-305</cep>
    <logradouro>Rua Padre Américo</logradouro>
    <complemento/>
    <unidade/>
    <bairro>Manuel Teles</bairro>
    <localidade>Arapiraca</localidade>
    <uf>AL</uf>
    <estado>Alagoas</estado>
    <região/>
    <ibge>2700300</ibge>
    <gia/>
    <ddd>82</ddd>
    <siafi>2705</siafi>
  </cep>
  <cep>
    <cep>57305-100</cep>
    <logradouro>Rua Atalaia</logradouro>
    <complemento/>
    <unidade/>
    <bairro>Manuel Teles</bairro>
    <localidade>Arapiraca</localidade>
    <uf>AL</uf>
    <estado>Alagoas</estado>
    <região/>
    <ibge>2700300</ibge>
    <gia/>
    <ddd>82</ddd>
    <siafi>2705</siafi>
  </cep>
  <cep>
    <cep>57305-040</cep>
    <logradouro>Rua Antônio Farias Leal</logradouro>
    <complemento/>
    <unidade/>
    <bairro>Manuel Teles</bairro>
    <localidade>Arapiraca</localidade>
    <uf>AL</uf>
    <estado>Alagoas</estado>
    <região/>
    <ibge>2700300</ibge>
    <gia/>
    <ddd>82</ddd>
    <siafi>2705</siafi>
  </cep>
  <cep>
    <cep>57304-666</cep>
    <logradouro>Rua Flora França Bezerra</logradouro>
    <complemento/>
    <unidade/>
    <bairro>Padre Antônio Lima Neto</bairro>
    <localidade>Arapiraca</localidade>
    <uf>AL</uf>
    <estado>Alagoas</estado>
    <região/>
    <ibge>2700300</ibge>
    <gia/>
    <ddd>82</ddd>
    <siafi>2705</siafi>
  </cep>
  <cep>
    <cep>57305-350</cep>
    <logradouro>Rua Benvinda Leão</logradouro>
    <complemento/>
    <unidade/>
    <bairro>Baixão</bairro>
    <localidade>Arapiraca</localidade>
    <uf>AL</uf>
    <estado>Alagoas</estado>
    <região/>
    <ibge>2700300</ibge>
    <gia/>
    <ddd>82</ddd>
    <siafi>2705</siafi>
  </cep>
  <cep>
    <cep>57305-360</cep>
    <logradouro>Rua Manoel Ângelo Tavares</logradouro>
    <complemento/>
    <unidade/>
    <bairro>Baixão</bairro>
    <localidade>Arapiraca</localidade>
    <uf>AL</uf>
    <estado>Alagoas</estado>
    <região/>
    <ibge>2700300</ibge>
    <gia/>
    <ddd>82</ddd>
    <siafi>2705</siafi>
  </cep>
  <cep>
    <cep>57305-365</cep>
    <logradouro>Rua Graciliano Ramos</logradouro>
    <complemento/>
    <unidade/>
    <bairro>Baixão</bairro>
    <localidade>Arapiraca</localidade>
    <uf>AL</uf>
    <estado>Alagoas</estado>
    <região/>
    <ibge>2700300</ibge>
    <gia/>
    <ddd>82</ddd>
    <siafi>2705</siafi>
  </cep>
  <cep>
    <cep>57305-400</cep>
    <logradouro>Rua José Alexandre de Albuquerque</logradouro>
    <complemento/>
    <unidade/>
    <bairro>Baixão</bairro>
    <localidade>Arapiraca</localidade>
    <uf>AL</uf>
    <estado>Alagoas</estado>
    <região/>
    <ibge>2700300</ibge>
    <gia/>
    <ddd>82</ddd>
    <siafi>2705</siafi>
  </cep>
  <cep>
    <cep>57305-410</cep>
    <logradouro>Rua Professor Pedro Reis</logradouro>
    <complemento/>
    <unidade/>
    <bairro>Baixão</bairro>
    <localidade>Arapiraca</localidade>
    <uf>AL</uf>
    <estado>Alagoas</estado>
    <região/>
    <ibge>2700300</ibge>
    <gia/>
    <ddd>82</ddd>
    <siafi>2705</siafi>
  </cep>
  <cep>
    <cep>57305-370</cep>
    <logradouro>Rua Padre Américo</logradouro>
    <complemento/>
    <unidade/>
    <bairro>Baixão</bairro>
    <localidade>Arapiraca</localidade>
    <uf>AL</uf>
    <estado>Alagoas</estado>
    <região/>
    <ibge>2700300</ibge>
    <gia/>
    <ddd>82</ddd>
    <siafi>2705</siafi>
  </cep>
  <cep>
    <cep>57305-380</cep>
    <logradouro>Rua São Tomé</logradouro>
    <complemento/>
    <unidade/>
    <bairro>Baixão</bairro>
    <localidade>Arapiraca</localidade>
    <uf>AL</uf>
    <estado>Alagoas</estado>
    <região/>
    <ibge>2700300</ibge>
    <gia/>
    <ddd>82</ddd>
    <siafi>2705</siafi>
  </cep>
  <cep>
    <cep>57305-390</cep>
    <logradouro>Rua Ângelo Tavares</logradouro>
    <complemento/>
    <unidade/>
    <bairro>Baixão</bairro>
    <localidade>Arapiraca</localidade>
    <uf>AL</uf>
    <estado>Alagoas</estado>
    <região/>
    <ibge>2700300</ibge>
    <gia/>
    <ddd>82</ddd>
    <siafi>2705</siafi>
  </cep>
  <cep>
    <cep>57305-450</cep>
    <logradouro>Rua Maria Estelina dos Santos</logradouro>
    <complemento/>
    <unidade/>
    <bairro>Baixão</bairro>
    <localidade>Arapiraca</localidade>
    <uf>AL</uf>
    <estado>Alagoas</estado>
    <região/>
    <ibge>2700300</ibge>
    <gia/>
    <ddd>82</ddd>
    <siafi>2705</siafi>
  </cep>
  <cep>
    <cep>57305-455</cep>
    <logradouro>Avenida Ventura de Farias</logradouro>
    <complemento>lado ímpar</complemento>
    <unidade/>
    <bairro>Baixão</bairro>
    <localidade>Arapiraca</localidade>
    <uf>AL</uf>
    <estado>Alagoas</estado>
    <região/>
    <ibge>2700300</ibge>
    <gia/>
    <ddd>82</ddd>
    <siafi>2705</siafi>
  </cep>
  <cep>
    <cep>57305-460</cep>
    <logradouro>Rua União dos Palmares</logradouro>
    <complemento/>
    <unidade/>
    <bairro>Baixão</bairro>
    <localidade>Arapiraca</localidade>
    <uf>AL</uf>
    <estado>Alagoas</estado>
    <região/>
    <ibge>2700300</ibge>
    <gia/>
    <ddd>82</ddd>
    <siafi>2705</siafi>
  </cep>
  <cep>
    <cep>57305-440</cep>
    <logradouro>Rua Tereza Angelina de Albuquerque</logradouro>
    <complemento/>
    <unidade/>
    <bairro>Baixão</bairro>
    <localidade>Arapiraca</localidade>
    <uf>AL</uf>
    <estado>Alagoas</estado>
    <região/>
    <ibge>2700300</ibge>
    <gia/>
    <ddd>82</ddd>
    <siafi>2705</siafi>
  </cep>
  <cep>
    <cep>57305-361</cep>
    <logradouro>Rua Maurício Pereira</logradouro>
    <complemento>lado ímpar</complemento>
    <unidade/>
    <bairro>Baixão</bairro>
    <localidade>Arapiraca</localidade>
    <uf>AL</uf>
    <estado>Alagoas</estado>
    <região/>
    <ibge>2700300</ibge>
    <gia/>
    <ddd>82</ddd>
    <siafi>2705</siafi>
  </cep>
  <cep>
    <cep>57305-420</cep>
    <logradouro>Rua Santos Dumont</logradouro>
    <complemento>de 85/86 ao fim</complemento>
    <unidade/>
    <bairro>Baixão</bairro>
    <localidade>Arapiraca</localidade>
    <uf>AL</uf>
    <estado>Alagoas</estado>
    <região/>
    <ibge>2700300</ibge>
    <gia/>
    <ddd>82</ddd>
    <siafi>2705</siafi>
  </cep>
  <cep>
    <cep>57305-470</cep>
    <logradouro>Rua Marechal Floriano Peixoto</logradouro>
    <complemento>até 497/498</complemento>
    <unidade/>
    <bairro>Baixão</bairro>
    <localidade>Arapiraca</localidade>
    <uf>AL</uf>
    <estado>Alagoas</estado>
    <região/>
    <ibge>2700300</ibge>
    <gia/>
    <ddd>82</ddd>
    <siafi>2705</siafi>
  </cep>
  <cep>
    <cep>57305-480</cep>
    <logradouro>Praça Coronel José de Farias</logradouro>
    <complemento/>
    <unidade/>
    <bairro>Baixão</bairro>
    <localidade>Arapiraca</localidade>
    <uf>AL</uf>
    <estado>Alagoas</estado>
    <região/>
    <ibge>2700300</ibge>
    <gia/>
    <ddd>82</ddd>
    <siafi>2705</siafi>
  </cep>
  <cep>
    <cep>57305-492</cep>
    <logradouro>Rua Agostinho Severino dos Santos</logradouro>
    <complemento/>
    <unidade/>
    <bairro>Baixão</bairro>
    <localidade>Arapiraca</localidade>
    <uf>AL</uf>
    <estado>Alagoas</estado>
    <região/>
    <ibge>2700300</ibge>
    <gia/>
    <ddd>82</ddd>
    <siafi>2705</siafi>
  </cep>
  <cep>
    <cep>57305-490</cep>
    <logradouro>Rua Antônio Ferreira Sampaio</logradouro>
    <complemento/>
    <unidade/>
    <bairro>Baixão</bairro>
    <localidade>Arapiraca</localidade>
    <uf>AL</uf>
    <estado>Alagoas</estado>
    <região/>
    <ibge>2700300</ibge>
    <gia/>
    <ddd>82</ddd>
    <siafi>2705</siafi>
  </cep>
  <cep>
    <cep>57305-495</cep>
    <logradouro>Avenida Miguel Correia Amorim</logradouro>
    <complemento>de 830 ao fim - lado par</complemento>
    <unidade/>
    <bairro>Baixão</bairro>
    <localidade>Arapiraca</localidade>
    <uf>AL</uf>
    <estado>Alagoas</estado>
    <região/>
    <ibge>2700300</ibge>
    <gia/>
    <ddd>82</ddd>
    <siafi>2705</siafi>
  </cep>
  <cep>
    <cep>57305-610</cep>
    <logradouro>Rua Miguel Tertuliano da Silva</logradouro>
    <complemento/>
    <unidade/>
    <bairro>Zélia Barbosa Rocha</bairro>
    <localidade>Arapiraca</localidade>
    <uf>AL</uf>
    <estado>Alagoas</estado>
    <região/>
    <ibge>2700300</ibge>
    <gia/>
    <ddd>82</ddd>
    <siafi>2705</siafi>
  </cep>
  <cep>
    <cep>57305-560</cep>
    <logradouro>Rua Izabel Teodoro dos Santos</logradouro>
    <complemento/>
    <unidade/>
    <bairro>Zélia Barbosa Rocha</bairro>
    <localidade>Arapiraca</localidade>
    <uf>AL</uf>
    <estado>Alagoas</estado>
    <região/>
    <ibge>2700300</ibge>
    <gia/>
    <ddd>82</ddd>
    <siafi>2705</siafi>
  </cep>
  <cep>
    <cep>57305-570</cep>
    <logradouro>Rua Antônio Menezes Neto</logradouro>
    <complemento/>
    <unidade/>
    <bairro>Zélia Barbosa Rocha</bairro>
    <localidade>Arapiraca</localidade>
    <uf>AL</uf>
    <estado>Alagoas</estado>
    <região/>
    <ibge>2700300</ibge>
    <gia/>
    <ddd>82</ddd>
    <siafi>2705</siafi>
  </cep>
  <cep>
    <cep>57305-615</cep>
    <logradouro>Rua Maria Matias dos Santos</logradouro>
    <complemento/>
    <unidade/>
    <bairro>Zélia Barbosa Rocha</bairro>
    <localidade>Arapiraca</localidade>
    <uf>AL</uf>
    <estado>Alagoas</estado>
    <região/>
    <ibge>2700300</ibge>
    <gia/>
    <ddd>82</ddd>
    <siafi>2705</siafi>
  </cep>
  <cep>
    <cep>57305-620</cep>
    <logradouro>Rua Costa Cavalcante</logradouro>
    <complemento/>
    <unidade/>
    <bairro>Zélia Barbosa Rocha</bairro>
    <localidade>Arapiraca</localidade>
    <uf>AL</uf>
    <estado>Alagoas</estado>
    <região/>
    <ibge>2700300</ibge>
    <gia/>
    <ddd>82</ddd>
    <siafi>2705</siafi>
  </cep>
  <cep>
    <cep>57305-625</cep>
    <logradouro>Rua Dermerval Pereira de Oliveira</logradouro>
    <complemento/>
    <unidade/>
    <bairro>Zélia Barbosa Rocha</bairro>
    <localidade>Arapiraca</localidade>
    <uf>AL</uf>
    <estado>Alagoas</estado>
    <região/>
    <ibge>2700300</ibge>
    <gia/>
    <ddd>82</ddd>
    <siafi>2705</siafi>
  </cep>
  <cep>
    <cep>57305-640</cep>
    <logradouro>Rua Maria Joana</logradouro>
    <complemento/>
    <unidade/>
    <bairro>Zélia Barbosa Rocha</bairro>
    <localidade>Arapiraca</localidade>
    <uf>AL</uf>
    <estado>Alagoas</estado>
    <região/>
    <ibge>2700300</ibge>
    <gia/>
    <ddd>82</ddd>
    <siafi>2705</siafi>
  </cep>
  <cep>
    <cep>57305-630</cep>
    <logradouro>Rua Manoel Francisco de Lima</logradouro>
    <complemento/>
    <unidade/>
    <bairro>Zélia Barbosa Rocha</bairro>
    <localidade>Arapiraca</localidade>
    <uf>AL</uf>
    <estado>Alagoas</estado>
    <região/>
    <ibge>2700300</ibge>
    <gia/>
    <ddd>82</ddd>
    <siafi>2705</siafi>
  </cep>
  <cep>
    <cep>57305-690</cep>
    <logradouro>Rua Hilda Mateus de Abreu</logradouro>
    <complemento/>
    <unidade/>
    <bairro>Zélia Barbosa Rocha</bairro>
    <localidade>Arapiraca</localidade>
    <uf>AL</uf>
    <estado>Alagoas</estado>
    <região/>
    <ibge>2700300</ibge>
    <gia/>
    <ddd>82</ddd>
    <siafi>2705</siafi>
  </cep>
  <cep>
    <cep>57305-680</cep>
    <logradouro>Rua Deoclécio Lucindo</logradouro>
    <complemento/>
    <unidade/>
    <bairro>Zélia Barbosa Rocha</bairro>
    <localidade>Arapiraca</localidade>
    <uf>AL</uf>
    <estado>Alagoas</estado>
    <região/>
    <ibge>2700300</ibge>
    <gia/>
    <ddd>82</ddd>
    <siafi>2705</siafi>
  </cep>
  <cep>
    <cep>57305-710</cep>
    <logradouro>Rua Manoel Teodoro dos Santos</logradouro>
    <complemento/>
    <unidade/>
    <bairro>Zélia Barbosa Rocha</bairro>
    <localidade>Arapiraca</localidade>
    <uf>AL</uf>
    <estado>Alagoas</estado>
    <região/>
    <ibge>2700300</ibge>
    <gia/>
    <ddd>82</ddd>
    <siafi>2705</siafi>
  </cep>
  <cep>
    <cep>57305-720</cep>
    <logradouro>Rua Doralice Fernandes dos Santos</logradouro>
    <complemento/>
    <unidade/>
    <bairro>Zélia Barbosa Rocha</bairro>
    <localidade>Arapiraca</localidade>
    <uf>AL</uf>
    <estado>Alagoas</estado>
    <região/>
    <ibge>2700300</ibge>
    <gia/>
    <ddd>82</ddd>
    <siafi>2705</siafi>
  </cep>
  <cep>
    <cep>57305-745</cep>
    <logradouro>Rua Maria Lourenço dos Santos</logradouro>
    <complemento/>
    <unidade/>
    <bairro>Zélia Barbosa Rocha</bairro>
    <localidade>Arapiraca</localidade>
    <uf>AL</uf>
    <estado>Alagoas</estado>
    <região/>
    <ibge>2700300</ibge>
    <gia/>
    <ddd>82</ddd>
    <siafi>2705</siafi>
  </cep>
  <cep>
    <cep>57305-715</cep>
    <logradouro>Rua Aloísio Borges</logradouro>
    <complemento/>
    <unidade/>
    <bairro>Zélia Barbosa Rocha</bairro>
    <localidade>Arapiraca</localidade>
    <uf>AL</uf>
    <estado>Alagoas</estado>
    <região/>
    <ibge>2700300</ibge>
    <gia/>
    <ddd>82</ddd>
    <siafi>2705</siafi>
  </cep>
  <cep>
    <cep>57305-650</cep>
    <logradouro>Rua João Ingraço da Silva</logradouro>
    <complemento/>
    <unidade/>
    <bairro>Zélia Barbosa Rocha</bairro>
    <localidade>Arapiraca</localidade>
    <uf>AL</uf>
    <estado>Alagoas</estado>
    <região/>
    <ibge>2700300</ibge>
    <gia/>
    <ddd>82</ddd>
    <siafi>2705</siafi>
  </cep>
  <cep>
    <cep>57305-740</cep>
    <logradouro>Rua Geraldo Ventura de Oliveira</logradouro>
    <complemento/>
    <unidade/>
    <bairro>Zélia Barbosa Rocha</bairro>
    <localidade>Arapiraca</localidade>
    <uf>AL</uf>
    <estado>Alagoas</estado>
    <região/>
    <ibge>2700300</ibge>
    <gia/>
    <ddd>82</ddd>
    <siafi>2705</siafi>
  </cep>
  <cep>
    <cep>57305-670</cep>
    <logradouro>Avenida Miguel Correia Amorim</logradouro>
    <complemento>lado ímpar</complemento>
    <unidade/>
    <bairro>Zélia Barbosa Rocha</bairro>
    <localidade>Arapiraca</localidade>
    <uf>AL</uf>
    <estado>Alagoas</estado>
    <região/>
    <ibge>2700300</ibge>
    <gia/>
    <ddd>82</ddd>
    <siafi>2705</siafi>
  </cep>
  <cep>
    <cep>57305-675</cep>
    <logradouro>Rua Luiz Severo Ferreira de Lima</logradouro>
    <complemento/>
    <unidade/>
    <bairro>Zélia Barbosa Rocha</bairro>
    <localidade>Arapiraca</localidade>
    <uf>AL</uf>
    <estado>Alagoas</estado>
    <região/>
    <ibge>2700300</ibge>
    <gia/>
    <ddd>82</ddd>
    <siafi>2705</siafi>
  </cep>
  <cep>
    <cep>57305-748</cep>
    <logradouro>Rua Honório Nunes</logradouro>
    <complemento>lado ímpar</complemento>
    <unidade/>
    <bairro>Zélia Barbosa Rocha</bairro>
    <localidade>Arapiraca</localidade>
    <uf>AL</uf>
    <estado>Alagoas</estado>
    <região/>
    <ibge>2700300</ibge>
    <gia/>
    <ddd>82</ddd>
    <siafi>2705</siafi>
  </cep>
  <cep>
    <cep>57305-790</cep>
    <logradouro>Rua José de Oliveira Lima</logradouro>
    <complemento/>
    <unidade/>
    <bairro>Zélia Barbosa Rocha</bairro>
    <localidade>Arapiraca</localidade>
    <uf>AL</uf>
    <estado>Alagoas</estado>
    <região/>
    <ibge>2700300</ibge>
    <gia/>
    <ddd>82</ddd>
    <siafi>2705</siafi>
  </cep>
  <cep>
    <cep>57305-750</cep>
    <logradouro>Rua Áurea Barbosa Wanderley</logradouro>
    <complemento/>
    <unidade/>
    <bairro>Zélia Barbosa Rocha</bairro>
    <localidade>Arapiraca</localidade>
    <uf>AL</uf>
    <estado>Alagoas</estado>
    <região/>
    <ibge>2700300</ibge>
    <gia/>
    <ddd>82</ddd>
    <siafi>2705</siafi>
  </cep>
  <cep>
    <cep>57305-753</cep>
    <logradouro>Rua Fernando José do Nascimento Farias</logradouro>
    <complemento/>
    <unidade/>
    <bairro>Zélia Barbosa Rocha</bairro>
    <localidade>Arapiraca</localidade>
    <uf>AL</uf>
    <estado>Alagoas</estado>
    <região/>
    <ibge>2700300</ibge>
    <gia/>
    <ddd>82</ddd>
    <siafi>2705</siafi>
  </cep>
  <cep>
    <cep>57305-817</cep>
    <logradouro>Rua José Afonso de Lima</logradouro>
    <complemento/>
    <unidade/>
    <bairro>Zélia Barbosa Rocha</bairro>
    <localidade>Arapiraca</localidade>
    <uf>AL</uf>
    <estado>Alagoas</estado>
    <região/>
    <ibge>2700300</ibge>
    <gia/>
    <ddd>82</ddd>
    <siafi>2705</siafi>
  </cep>
  <cep>
    <cep>57305-751</cep>
    <logradouro>Avenida Ventura de Farias</logradouro>
    <complemento>lado ímpar</complemento>
    <unidade/>
    <bairro>Zélia Barbosa Rocha</bairro>
    <localidade>Arapiraca</localidade>
    <uf>AL</uf>
    <estado>Alagoas</estado>
    <região/>
    <ibge>2700300</ibge>
    <gia/>
    <ddd>82</ddd>
    <siafi>2705</siafi>
  </cep>
  <cep>
    <cep>57305-821</cep>
    <logradouro>Rua João Ventura da Silva</logradouro>
    <complemento/>
    <unidade/>
    <bairro>Zélia Barbosa Rocha</bairro>
    <localidade>Arapiraca</localidade>
    <uf>AL</uf>
    <estado>Alagoas</estado>
    <região/>
    <ibge>2700300</ibge>
    <gia/>
    <ddd>82</ddd>
    <siafi>2705</siafi>
  </cep>
  <cep>
    <cep>57305-819</cep>
    <logradouro>Rua Leonilia Miguel de Albuquerque</logradouro>
    <complemento/>
    <unidade/>
    <bairro>Zélia Barbosa Rocha</bairro>
    <localidade>Arapiraca</localidade>
    <uf>AL</uf>
    <estado>Alagoas</estado>
    <região/>
    <ibge>2700300</ibge>
    <gia/>
    <ddd>82</ddd>
    <siafi>2705</siafi>
  </cep>
  <cep>
    <cep>57305-811</cep>
    <logradouro>Rua Ananias Barros da Silva</logradouro>
    <complemento/>
    <unidade/>
    <bairro>Zélia Barbosa Rocha</bairro>
    <localidade>Arapiraca</localidade>
    <uf>AL</uf>
    <estado>Alagoas</estado>
    <região/>
    <ibge>2700300</ibge>
    <gia/>
    <ddd>82</ddd>
    <siafi>2705</siafi>
  </cep>
  <cep>
    <cep>57305-823</cep>
    <logradouro>Rua Josefa Maria Mocinha de Lima</logradouro>
    <complemento/>
    <unidade/>
    <bairro>Zélia Barbosa Rocha</bairro>
    <localidade>Arapiraca</localidade>
    <uf>AL</uf>
    <estado>Alagoas</estado>
    <região/>
    <ibge>2700300</ibge>
    <gia/>
    <ddd>82</ddd>
    <siafi>2705</siafi>
  </cep>
  <cep>
    <cep>57305-851</cep>
    <logradouro>Rua Julieta Vieira Lima</logradouro>
    <complemento/>
    <unidade/>
    <bairro>Zélia Barbosa Rocha</bairro>
    <localidade>Arapiraca</localidade>
    <uf>AL</uf>
    <estado>Alagoas</estado>
    <região/>
    <ibge>2700300</ibge>
    <gia/>
    <ddd>82</ddd>
    <siafi>2705</siafi>
  </cep>
  <cep>
    <cep>57305-829</cep>
    <logradouro>Rua Rosa Ventura de Farias</logradouro>
    <complemento/>
    <unidade/>
    <bairro>Zélia Barbosa Rocha</bairro>
    <localidade>Arapiraca</localidade>
    <uf>AL</uf>
    <estado>Alagoas</estado>
    <região/>
    <ibge>2700300</ibge>
    <gia/>
    <ddd>82</ddd>
    <siafi>2705</siafi>
  </cep>
  <cep>
    <cep>57305-849</cep>
    <logradouro>Rua Rufino Malaquias da Silva</logradouro>
    <complemento>lado par</complemento>
    <unidade/>
    <bairro>Zélia Barbosa Rocha</bairro>
    <localidade>Arapiraca</localidade>
    <uf>AL</uf>
    <estado>Alagoas</estado>
    <região/>
    <ibge>2700300</ibge>
    <gia/>
    <ddd>82</ddd>
    <siafi>2705</siafi>
  </cep>
  <cep>
    <cep>57305-752</cep>
    <logradouro>Praça Antônio Ventura de Oliveira</logradouro>
    <complemento/>
    <unidade/>
    <bairro>Zélia Barbosa Rocha</bairro>
    <localidade>Arapiraca</localidade>
    <uf>AL</uf>
    <estado>Alagoas</estado>
    <região/>
    <ibge>2700300</ibge>
    <gia/>
    <ddd>82</ddd>
    <siafi>2705</siafi>
  </cep>
  <cep>
    <cep>57305-852</cep>
    <logradouro>Rua dos Nativos</logradouro>
    <complemento/>
    <unidade/>
    <bairro>Zélia Barbosa Rocha</bairro>
    <localidade>Arapiraca</localidade>
    <uf>AL</uf>
    <estado>Alagoas</estado>
    <região/>
    <ibge>2700300</ibge>
    <gia/>
    <ddd>82</ddd>
    <siafi>2705</siafi>
  </cep>
  <cep>
    <cep>57305-770</cep>
    <logradouro>Rua Manoel Nogueira Barbosa</logradouro>
    <complemento/>
    <unidade/>
    <bairro>Zélia Barbosa Rocha</bairro>
    <localidade>Arapiraca</localidade>
    <uf>AL</uf>
    <estado>Alagoas</estado>
    <região/>
    <ibge>2700300</ibge>
    <gia/>
    <ddd>82</ddd>
    <siafi>2705</siafi>
  </cep>
  <cep>
    <cep>57305-854</cep>
    <logradouro>Rua Ilda dos Anjos Malaquias</logradouro>
    <complemento/>
    <unidade/>
    <bairro>Zélia Barbosa Rocha</bairro>
    <localidade>Arapiraca</localidade>
    <uf>AL</uf>
    <estado>Alagoas</estado>
    <região/>
    <ibge>2700300</ibge>
    <gia/>
    <ddd>82</ddd>
    <siafi>2705</siafi>
  </cep>
  <cep>
    <cep>57305-825</cep>
    <logradouro>Rua Magno David Lima Silva</logradouro>
    <complemento/>
    <unidade/>
    <bairro>Zélia Barbosa Rocha</bairro>
    <localidade>Arapiraca</localidade>
    <uf>AL</uf>
    <estado>Alagoas</estado>
    <região/>
    <ibge>2700300</ibge>
    <gia/>
    <ddd>82</ddd>
    <siafi>2705</siafi>
  </cep>
  <cep>
    <cep>57305-868</cep>
    <logradouro>Rua São Benedito</logradouro>
    <complemento/>
    <unidade/>
    <bairro>Zélia Barbosa Rocha</bairro>
    <localidade>Arapiraca</localidade>
    <uf>AL</uf>
    <estado>Alagoas</estado>
    <região/>
    <ibge>2700300</ibge>
    <gia/>
    <ddd>82</ddd>
    <siafi>2705</siafi>
  </cep>
  <cep>
    <cep>57305-800</cep>
    <logradouro>Rua Maria Engrácia de Farias</logradouro>
    <complemento/>
    <unidade/>
    <bairro>Zélia Barbosa Rocha</bairro>
    <localidade>Arapiraca</localidade>
    <uf>AL</uf>
    <estado>Alagoas</estado>
    <região/>
    <ibge>2700300</ibge>
    <gia/>
    <ddd>82</ddd>
    <siafi>2705</siafi>
  </cep>
  <cep>
    <cep>57305-810</cep>
    <logradouro>Rua José Macário de Lima</logradouro>
    <complemento/>
    <unidade/>
    <bairro>Zélia Barbosa Rocha</bairro>
    <localidade>Arapiraca</localidade>
    <uf>AL</uf>
    <estado>Alagoas</estado>
    <região/>
    <ibge>2700300</ibge>
    <gia/>
    <ddd>82</ddd>
    <siafi>2705</siafi>
  </cep>
  <cep>
    <cep>57305-864</cep>
    <logradouro>Rua Pedro Álvares Cabral</logradouro>
    <complemento/>
    <unidade/>
    <bairro>Zélia Barbosa Rocha</bairro>
    <localidade>Arapiraca</localidade>
    <uf>AL</uf>
    <estado>Alagoas</estado>
    <região/>
    <ibge>2700300</ibge>
    <gia/>
    <ddd>82</ddd>
    <siafi>2705</siafi>
  </cep>
  <cep>
    <cep>57305-870</cep>
    <logradouro>Rua Manoel da Nóbrega</logradouro>
    <complemento/>
    <unidade/>
    <bairro>Zélia Barbosa Rocha</bairro>
    <localidade>Arapiraca</localidade>
    <uf>AL</uf>
    <estado>Alagoas</estado>
    <região/>
    <ibge>2700300</ibge>
    <gia/>
    <ddd>82</ddd>
    <siafi>2705</siafi>
  </cep>
  <cep>
    <cep>57305-872</cep>
    <logradouro>Rua dos Eucalíptos</logradouro>
    <complemento/>
    <unidade/>
    <bairro>Zélia Barbosa Rocha</bairro>
    <localidade>Arapiraca</localidade>
    <uf>AL</uf>
    <estado>Alagoas</estado>
    <região/>
    <ibge>2700300</ibge>
    <gia/>
    <ddd>82</ddd>
    <siafi>2705</siafi>
  </cep>
  <cep>
    <cep>57306-010</cep>
    <logradouro>Avenida Ventura de Farias</logradouro>
    <complemento>lado par</complemento>
    <unidade/>
    <bairro>Eldorado</bairro>
    <localidade>Arapiraca</localidade>
    <uf>AL</uf>
    <estado>Alagoas</estado>
    <região/>
    <ibge>2700300</ibge>
    <gia/>
    <ddd>82</ddd>
    <siafi>2705</siafi>
  </cep>
  <cep>
    <cep>57306-035</cep>
    <logradouro>Rua Maurício Pereira</logradouro>
    <complemento>lado ímpar</complemento>
    <unidade/>
    <bairro>Eldorado</bairro>
    <localidade>Arapiraca</localidade>
    <uf>AL</uf>
    <estado>Alagoas</estado>
    <região/>
    <ibge>2700300</ibge>
    <gia/>
    <ddd>82</ddd>
    <siafi>2705</siafi>
  </cep>
  <cep>
    <cep>57305-827</cep>
    <logradouro>Rua Niraldo Ventura de Lima</logradouro>
    <complemento/>
    <unidade/>
    <bairro>Zélia Barbosa Rocha</bairro>
    <localidade>Arapiraca</localidade>
    <uf>AL</uf>
    <estado>Alagoas</estado>
    <região/>
    <ibge>2700300</ibge>
    <gia/>
    <ddd>82</ddd>
    <siafi>2705</siafi>
  </cep>
  <cep>
    <cep>57305-760</cep>
    <logradouro>Rua Lindinalva Eulália de Farias</logradouro>
    <complemento/>
    <unidade/>
    <bairro>Zélia Barbosa Rocha</bairro>
    <localidade>Arapiraca</localidade>
    <uf>AL</uf>
    <estado>Alagoas</estado>
    <região/>
    <ibge>2700300</ibge>
    <gia/>
    <ddd>82</ddd>
    <siafi>2705</siafi>
  </cep>
  <cep>
    <cep>57305-856</cep>
    <logradouro>Rua Maria Quitéria dos Santos</logradouro>
    <complemento/>
    <unidade/>
    <bairro>Zélia Barbosa Rocha</bairro>
    <localidade>Arapiraca</localidade>
    <uf>AL</uf>
    <estado>Alagoas</estado>
    <região/>
    <ibge>2700300</ibge>
    <gia/>
    <ddd>82</ddd>
    <siafi>2705</siafi>
  </cep>
  <cep>
    <cep>57305-858</cep>
    <logradouro>Rua José de Anchieta</logradouro>
    <complemento/>
    <unidade/>
    <bairro>Zélia Barbosa Rocha</bairro>
    <localidade>Arapiraca</localidade>
    <uf>AL</uf>
    <estado>Alagoas</estado>
    <região/>
    <ibge>2700300</ibge>
    <gia/>
    <ddd>82</ddd>
    <siafi>2705</siafi>
  </cep>
  <cep>
    <cep>57305-814</cep>
    <logradouro>Rua Tomázia Ventura de Farias</logradouro>
    <complemento/>
    <unidade/>
    <bairro>Zélia Barbosa Rocha</bairro>
    <localidade>Arapiraca</localidade>
    <uf>AL</uf>
    <estado>Alagoas</estado>
    <região/>
    <ibge>2700300</ibge>
    <gia/>
    <ddd>82</ddd>
    <siafi>2705</siafi>
  </cep>
  <cep>
    <cep>57306-030</cep>
    <logradouro>Praça Padre Cícero</logradouro>
    <complemento/>
    <unidade/>
    <bairro>Eldorado</bairro>
    <localidade>Arapiraca</localidade>
    <uf>AL</uf>
    <estado>Alagoas</estado>
    <região/>
    <ibge>2700300</ibge>
    <gia/>
    <ddd>82</ddd>
    <siafi>2705</siafi>
  </cep>
  <cep>
    <cep>57305-866</cep>
    <logradouro>Rua Nossa Senhora da Pena</logradouro>
    <complemento/>
    <unidade/>
    <bairro>Zélia Barbosa Rocha</bairro>
    <localidade>Arapiraca</localidade>
    <uf>AL</uf>
    <estado>Alagoas</estado>
    <região/>
    <ibge>2700300</ibge>
    <gia/>
    <ddd>82</ddd>
    <siafi>2705</siafi>
  </cep>
  <cep>
    <cep>57306-000</cep>
    <logradouro>Rua Expedicionários Brasileiros</logradouro>
    <complemento/>
    <unidade/>
    <bairro>Eldorado</bairro>
    <localidade>Arapiraca</localidade>
    <uf>AL</uf>
    <estado>Alagoas</estado>
    <região/>
    <ibge>2700300</ibge>
    <gia/>
    <ddd>82</ddd>
    <siafi>2705</siafi>
  </cep>
  <cep>
    <cep>57306-020</cep>
    <logradouro>Rua Tavares Bastos</logradouro>
    <complemento/>
    <unidade/>
    <bairro>Eldorado</bairro>
    <localidade>Arapiraca</localidade>
    <uf>AL</uf>
    <estado>Alagoas</estado>
    <região/>
    <ibge>2700300</ibge>
    <gia/>
    <ddd>82</ddd>
    <siafi>2705</siafi>
  </cep>
  <cep>
    <cep>57306-050</cep>
    <logradouro>Rua José Monteiro de Maia</logradouro>
    <complemento/>
    <unidade/>
    <bairro>Eldorado</bairro>
    <localidade>Arapiraca</localidade>
    <uf>AL</uf>
    <estado>Alagoas</estado>
    <região/>
    <ibge>2700300</ibge>
    <gia/>
    <ddd>82</ddd>
    <siafi>2705</siafi>
  </cep>
  <cep>
    <cep>57306-060</cep>
    <logradouro>Rua Antônio Rochery de Lima</logradouro>
    <complemento/>
    <unidade/>
    <bairro>Eldorado</bairro>
    <localidade>Arapiraca</localidade>
    <uf>AL</uf>
    <estado>Alagoas</estado>
    <região/>
    <ibge>2700300</ibge>
    <gia/>
    <ddd>82</ddd>
    <siafi>2705</siafi>
  </cep>
  <cep>
    <cep>57306-040</cep>
    <logradouro>Rua Antônio Pereira de Albuquerque</logradouro>
    <complemento/>
    <unidade/>
    <bairro>Eldorado</bairro>
    <localidade>Arapiraca</localidade>
    <uf>AL</uf>
    <estado>Alagoas</estado>
    <região/>
    <ibge>2700300</ibge>
    <gia/>
    <ddd>82</ddd>
    <siafi>2705</siafi>
  </cep>
  <cep>
    <cep>57306-070</cep>
    <logradouro>Rua Gondim Rodrigues de Melo</logradouro>
    <complemento/>
    <unidade/>
    <bairro>Eldorado</bairro>
    <localidade>Arapiraca</localidade>
    <uf>AL</uf>
    <estado>Alagoas</estado>
    <região/>
    <ibge>2700300</ibge>
    <gia/>
    <ddd>82</ddd>
    <siafi>2705</siafi>
  </cep>
  <cep>
    <cep>57306-090</cep>
    <logradouro>Rua Luiz José de Albuquerque</logradouro>
    <complemento/>
    <unidade/>
    <bairro>Eldorado</bairro>
    <localidade>Arapiraca</localidade>
    <uf>AL</uf>
    <estado>Alagoas</estado>
    <região/>
    <ibge>2700300</ibge>
    <gia/>
    <ddd>82</ddd>
    <siafi>2705</siafi>
  </cep>
  <cep>
    <cep>57306-080</cep>
    <logradouro>Rua Mestre Totó</logradouro>
    <complemento/>
    <unidade/>
    <bairro>Eldorado</bairro>
    <localidade>Arapiraca</localidade>
    <uf>AL</uf>
    <estado>Alagoas</estado>
    <região/>
    <ibge>2700300</ibge>
    <gia/>
    <ddd>82</ddd>
    <siafi>2705</siafi>
  </cep>
  <cep>
    <cep>57306-100</cep>
    <logradouro>Rua Marechal Hermes da Fonseca</logradouro>
    <complemento/>
    <unidade/>
    <bairro>Eldorado</bairro>
    <localidade>Arapiraca</localidade>
    <uf>AL</uf>
    <estado>Alagoas</estado>
    <região/>
    <ibge>2700300</ibge>
    <gia/>
    <ddd>82</ddd>
    <siafi>2705</siafi>
  </cep>
  <cep>
    <cep>57306-110</cep>
    <logradouro>Rua Walter Bezerra</logradouro>
    <complemento/>
    <unidade/>
    <bairro>Eldorado</bairro>
    <localidade>Arapiraca</localidade>
    <uf>AL</uf>
    <estado>Alagoas</estado>
    <região/>
    <ibge>2700300</ibge>
    <gia/>
    <ddd>82</ddd>
    <siafi>2705</siafi>
  </cep>
  <cep>
    <cep>57306-120</cep>
    <logradouro>Rua Padre Daniel</logradouro>
    <complemento/>
    <unidade/>
    <bairro>Eldorado</bairro>
    <localidade>Arapiraca</localidade>
    <uf>AL</uf>
    <estado>Alagoas</estado>
    <região/>
    <ibge>2700300</ibge>
    <gia/>
    <ddd>82</ddd>
    <siafi>2705</siafi>
  </cep>
  <cep>
    <cep>57306-130</cep>
    <logradouro>Rua Ana Nery</logradouro>
    <complemento/>
    <unidade/>
    <bairro>Eldorado</bairro>
    <localidade>Arapiraca</localidade>
    <uf>AL</uf>
    <estado>Alagoas</estado>
    <região/>
    <ibge>2700300</ibge>
    <gia/>
    <ddd>82</ddd>
    <siafi>2705</siafi>
  </cep>
  <cep>
    <cep>57306-160</cep>
    <logradouro>Rua Juscelino Kubitschek de Oliveira</logradouro>
    <complemento/>
    <unidade/>
    <bairro>Eldorado</bairro>
    <localidade>Arapiraca</localidade>
    <uf>AL</uf>
    <estado>Alagoas</estado>
    <região/>
    <ibge>2700300</ibge>
    <gia/>
    <ddd>82</ddd>
    <siafi>2705</siafi>
  </cep>
  <cep>
    <cep>57306-150</cep>
    <logradouro>Rua Estudante Luiz Carlos de Aguiar Barbosa</logradouro>
    <complemento/>
    <unidade/>
    <bairro>Eldorado</bairro>
    <localidade>Arapiraca</localidade>
    <uf>AL</uf>
    <estado>Alagoas</estado>
    <região/>
    <ibge>2700300</ibge>
    <gia/>
    <ddd>82</ddd>
    <siafi>2705</siafi>
  </cep>
  <cep>
    <cep>57306-145</cep>
    <logradouro>Rua Adolfo Bispo da Silva</logradouro>
    <complemento>lado ímpar</complemento>
    <unidade/>
    <bairro>Eldorado</bairro>
    <localidade>Arapiraca</localidade>
    <uf>AL</uf>
    <estado>Alagoas</estado>
    <região/>
    <ibge>2700300</ibge>
    <gia/>
    <ddd>82</ddd>
    <siafi>2705</siafi>
  </cep>
  <cep>
    <cep>57306-170</cep>
    <logradouro>Rua Monte Castelo</logradouro>
    <complemento/>
    <unidade/>
    <bairro>Eldorado</bairro>
    <localidade>Arapiraca</localidade>
    <uf>AL</uf>
    <estado>Alagoas</estado>
    <região/>
    <ibge>2700300</ibge>
    <gia/>
    <ddd>82</ddd>
    <siafi>2705</siafi>
  </cep>
  <cep>
    <cep>57306-180</cep>
    <logradouro>Praça Câmara Júnior</logradouro>
    <complemento/>
    <unidade/>
    <bairro>Eldorado</bairro>
    <localidade>Arapiraca</localidade>
    <uf>AL</uf>
    <estado>Alagoas</estado>
    <região/>
    <ibge>2700300</ibge>
    <gia/>
    <ddd>82</ddd>
    <siafi>2705</siafi>
  </cep>
  <cep>
    <cep>57306-185</cep>
    <logradouro>Rua Marechal Floriano Peixoto</logradouro>
    <complemento>de 575/576 ao fim</complemento>
    <unidade/>
    <bairro>Eldorado</bairro>
    <localidade>Arapiraca</localidade>
    <uf>AL</uf>
    <estado>Alagoas</estado>
    <região/>
    <ibge>2700300</ibge>
    <gia/>
    <ddd>82</ddd>
    <siafi>2705</siafi>
  </cep>
  <cep>
    <cep>57306-200</cep>
    <logradouro>Rua Manoel Bernardino dos Santos</logradouro>
    <complemento/>
    <unidade/>
    <bairro>Eldorado</bairro>
    <localidade>Arapiraca</localidade>
    <uf>AL</uf>
    <estado>Alagoas</estado>
    <região/>
    <ibge>2700300</ibge>
    <gia/>
    <ddd>82</ddd>
    <siafi>2705</siafi>
  </cep>
  <cep>
    <cep>57306-190</cep>
    <logradouro>Rua Estudante Martha Régia Bispo</logradouro>
    <complemento/>
    <unidade/>
    <bairro>Eldorado</bairro>
    <localidade>Arapiraca</localidade>
    <uf>AL</uf>
    <estado>Alagoas</estado>
    <região/>
    <ibge>2700300</ibge>
    <gia/>
    <ddd>82</ddd>
    <siafi>2705</siafi>
  </cep>
  <cep>
    <cep>57306-210</cep>
    <logradouro>Rua Oséas José dos Santos</logradouro>
    <complemento/>
    <unidade/>
    <bairro>Eldorado</bairro>
    <localidade>Arapiraca</localidade>
    <uf>AL</uf>
    <estado>Alagoas</estado>
    <região/>
    <ibge>2700300</ibge>
    <gia/>
    <ddd>82</ddd>
    <siafi>2705</siafi>
  </cep>
  <cep>
    <cep>57306-230</cep>
    <logradouro>Rua Horácio Alexandre dos Santos</logradouro>
    <complemento/>
    <unidade/>
    <bairro>Eldorado</bairro>
    <localidade>Arapiraca</localidade>
    <uf>AL</uf>
    <estado>Alagoas</estado>
    <região/>
    <ibge>2700300</ibge>
    <gia/>
    <ddd>82</ddd>
    <siafi>2705</siafi>
  </cep>
  <cep>
    <cep>57306-280</cep>
    <logradouro>Rua Otília Vieira Silva</logradouro>
    <complemento/>
    <unidade/>
    <bairro>Eldorado</bairro>
    <localidade>Arapiraca</localidade>
    <uf>AL</uf>
    <estado>Alagoas</estado>
    <região/>
    <ibge>2700300</ibge>
    <gia/>
    <ddd>82</ddd>
    <siafi>2705</siafi>
  </cep>
  <cep>
    <cep>57306-240</cep>
    <logradouro>Rua Santa Mônica</logradouro>
    <complemento/>
    <unidade/>
    <bairro>Eldorado</bairro>
    <localidade>Arapiraca</localidade>
    <uf>AL</uf>
    <estado>Alagoas</estado>
    <região/>
    <ibge>2700300</ibge>
    <gia/>
    <ddd>82</ddd>
    <siafi>2705</siafi>
  </cep>
  <cep>
    <cep>57306-220</cep>
    <logradouro>Praça Professor Pedro Reis</logradouro>
    <complemento/>
    <unidade/>
    <bairro>Eldorado</bairro>
    <localidade>Arapiraca</localidade>
    <uf>AL</uf>
    <estado>Alagoas</estado>
    <região/>
    <ibge>2700300</ibge>
    <gia/>
    <ddd>82</ddd>
    <siafi>2705</siafi>
  </cep>
  <cep>
    <cep>57306-250</cep>
    <logradouro>Rua Antônio Bernardino de Sena</logradouro>
    <complemento/>
    <unidade/>
    <bairro>Eldorado</bairro>
    <localidade>Arapiraca</localidade>
    <uf>AL</uf>
    <estado>Alagoas</estado>
    <região/>
    <ibge>2700300</ibge>
    <gia/>
    <ddd>82</ddd>
    <siafi>2705</siafi>
  </cep>
  <cep>
    <cep>57306-260</cep>
    <logradouro>Rua Maria Guilhermina Barbosa</logradouro>
    <complemento/>
    <unidade/>
    <bairro>Eldorado</bairro>
    <localidade>Arapiraca</localidade>
    <uf>AL</uf>
    <estado>Alagoas</estado>
    <região/>
    <ibge>2700300</ibge>
    <gia/>
    <ddd>82</ddd>
    <siafi>2705</siafi>
  </cep>
  <cep>
    <cep>57306-335</cep>
    <logradouro>Rua José Lucimar Canuto Alves</logradouro>
    <complemento/>
    <unidade/>
    <bairro>Eldorado</bairro>
    <localidade>Arapiraca</localidade>
    <uf>AL</uf>
    <estado>Alagoas</estado>
    <região/>
    <ibge>2700300</ibge>
    <gia/>
    <ddd>82</ddd>
    <siafi>2705</siafi>
  </cep>
  <cep>
    <cep>57306-340</cep>
    <logradouro>Rua Epitácio Felisberto da Silva</logradouro>
    <complemento/>
    <unidade/>
    <bairro>Eldorado</bairro>
    <localidade>Arapiraca</localidade>
    <uf>AL</uf>
    <estado>Alagoas</estado>
    <região/>
    <ibge>2700300</ibge>
    <gia/>
    <ddd>82</ddd>
    <siafi>2705</siafi>
  </cep>
  <cep>
    <cep>57306-325</cep>
    <logradouro>Rua Olindina dos Santos</logradouro>
    <complemento/>
    <unidade/>
    <bairro>Eldorado</bairro>
    <localidade>Arapiraca</localidade>
    <uf>AL</uf>
    <estado>Alagoas</estado>
    <região/>
    <ibge>2700300</ibge>
    <gia/>
    <ddd>82</ddd>
    <siafi>2705</siafi>
  </cep>
  <cep>
    <cep>57306-270</cep>
    <logradouro>Rua Oficial de Justiça Dandão</logradouro>
    <complemento/>
    <unidade/>
    <bairro>Eldorado</bairro>
    <localidade>Arapiraca</localidade>
    <uf>AL</uf>
    <estado>Alagoas</estado>
    <região/>
    <ibge>2700300</ibge>
    <gia/>
    <ddd>82</ddd>
    <siafi>2705</siafi>
  </cep>
  <cep>
    <cep>57306-330</cep>
    <logradouro>Rua Aurília Vieira Pereira</logradouro>
    <complemento/>
    <unidade/>
    <bairro>Eldorado</bairro>
    <localidade>Arapiraca</localidade>
    <uf>AL</uf>
    <estado>Alagoas</estado>
    <região/>
    <ibge>2700300</ibge>
    <gia/>
    <ddd>82</ddd>
    <siafi>2705</siafi>
  </cep>
  <cep>
    <cep>57306-320</cep>
    <logradouro>Rua Jurandir Pereira de Miranda</logradouro>
    <complemento/>
    <unidade/>
    <bairro>Eldorado</bairro>
    <localidade>Arapiraca</localidade>
    <uf>AL</uf>
    <estado>Alagoas</estado>
    <região/>
    <ibge>2700300</ibge>
    <gia/>
    <ddd>82</ddd>
    <siafi>2705</siafi>
  </cep>
  <cep>
    <cep>57306-345</cep>
    <logradouro>Rua Benjamim Freire de Amorim</logradouro>
    <complemento>lado ímpar</complemento>
    <unidade/>
    <bairro>Eldorado</bairro>
    <localidade>Arapiraca</localidade>
    <uf>AL</uf>
    <estado>Alagoas</estado>
    <região/>
    <ibge>2700300</ibge>
    <gia/>
    <ddd>82</ddd>
    <siafi>2705</siafi>
  </cep>
  <cep>
    <cep>57306-290</cep>
    <logradouro>Rua Elvira Lúcio de Albuquerque</logradouro>
    <complemento/>
    <unidade/>
    <bairro>Eldorado</bairro>
    <localidade>Arapiraca</localidade>
    <uf>AL</uf>
    <estado>Alagoas</estado>
    <região/>
    <ibge>2700300</ibge>
    <gia/>
    <ddd>82</ddd>
    <siafi>2705</siafi>
  </cep>
  <cep>
    <cep>57306-350</cep>
    <logradouro>Rua José Ezequiel Santos</logradouro>
    <complemento/>
    <unidade/>
    <bairro>Cavaco</bairro>
    <localidade>Arapiraca</localidade>
    <uf>AL</uf>
    <estado>Alagoas</estado>
    <região/>
    <ibge>2700300</ibge>
    <gia/>
    <ddd>82</ddd>
    <siafi>2705</siafi>
  </cep>
  <cep>
    <cep>57306-360</cep>
    <logradouro>Praça Antônio Ventura Filho</logradouro>
    <complemento/>
    <unidade/>
    <bairro>Cavaco</bairro>
    <localidade>Arapiraca</localidade>
    <uf>AL</uf>
    <estado>Alagoas</estado>
    <região/>
    <ibge>2700300</ibge>
    <gia/>
    <ddd>82</ddd>
    <siafi>2705</siafi>
  </cep>
  <cep>
    <cep>57306-355</cep>
    <logradouro>Rua Luiz José de Albuquerque</logradouro>
    <complemento/>
    <unidade/>
    <bairro>Cavaco</bairro>
    <localidade>Arapiraca</localidade>
    <uf>AL</uf>
    <estado>Alagoas</estado>
    <região/>
    <ibge>2700300</ibge>
    <gia/>
    <ddd>82</ddd>
    <siafi>2705</siafi>
  </cep>
  <cep>
    <cep>57306-300</cep>
    <logradouro>Rua José Bernardino dos Santos</logradouro>
    <complemento/>
    <unidade/>
    <bairro>Eldorado</bairro>
    <localidade>Arapiraca</localidade>
    <uf>AL</uf>
    <estado>Alagoas</estado>
    <região/>
    <ibge>2700300</ibge>
    <gia/>
    <ddd>82</ddd>
    <siafi>2705</siafi>
  </cep>
  <cep>
    <cep>57306-370</cep>
    <logradouro>Rua Manoel Ferreira de Brito</logradouro>
    <complemento/>
    <unidade/>
    <bairro>Cavaco</bairro>
    <localidade>Arapiraca</localidade>
    <uf>AL</uf>
    <estado>Alagoas</estado>
    <região/>
    <ibge>2700300</ibge>
    <gia/>
    <ddd>82</ddd>
    <siafi>2705</siafi>
  </cep>
  <cep>
    <cep>57306-415</cep>
    <logradouro>Rua Expedicionários Brasileiros</logradouro>
    <complemento>lado ímpar</complemento>
    <unidade/>
    <bairro>Cavaco</bairro>
    <localidade>Arapiraca</localidade>
    <uf>AL</uf>
    <estado>Alagoas</estado>
    <região/>
    <ibge>2700300</ibge>
    <gia/>
    <ddd>82</ddd>
    <siafi>2705</siafi>
  </cep>
  <cep>
    <cep>57306-390</cep>
    <logradouro>Rua Elói Correia Bernadino</logradouro>
    <complemento/>
    <unidade/>
    <bairro>Cavaco</bairro>
    <localidade>Arapiraca</localidade>
    <uf>AL</uf>
    <estado>Alagoas</estado>
    <região/>
    <ibge>2700300</ibge>
    <gia/>
    <ddd>82</ddd>
    <siafi>2705</siafi>
  </cep>
  <cep>
    <cep>57306-380</cep>
    <logradouro>Rua Ernesto Firmino dos Santos</logradouro>
    <complemento/>
    <unidade/>
    <bairro>Cavaco</bairro>
    <localidade>Arapiraca</localidade>
    <uf>AL</uf>
    <estado>Alagoas</estado>
    <região/>
    <ibge>2700300</ibge>
    <gia/>
    <ddd>82</ddd>
    <siafi>2705</siafi>
  </cep>
  <cep>
    <cep>57306-400</cep>
    <logradouro>Rua Francisca Emiliana de Lira</logradouro>
    <complemento/>
    <unidade/>
    <bairro>Cavaco</bairro>
    <localidade>Arapiraca</localidade>
    <uf>AL</uf>
    <estado>Alagoas</estado>
    <região/>
    <ibge>2700300</ibge>
    <gia/>
    <ddd>82</ddd>
    <siafi>2705</siafi>
  </cep>
  <cep>
    <cep>57306-430</cep>
    <logradouro>Rua Justino Fausto de Oliveira</logradouro>
    <complemento/>
    <unidade/>
    <bairro>Cavaco</bairro>
    <localidade>Arapiraca</localidade>
    <uf>AL</uf>
    <estado>Alagoas</estado>
    <região/>
    <ibge>2700300</ibge>
    <gia/>
    <ddd>82</ddd>
    <siafi>2705</siafi>
  </cep>
  <cep>
    <cep>57306-410</cep>
    <logradouro>Rua Maria Xavier de Melo</logradouro>
    <complemento/>
    <unidade/>
    <bairro>Cavaco</bairro>
    <localidade>Arapiraca</localidade>
    <uf>AL</uf>
    <estado>Alagoas</estado>
    <região/>
    <ibge>2700300</ibge>
    <gia/>
    <ddd>82</ddd>
    <siafi>2705</siafi>
  </cep>
  <cep>
    <cep>57306-420</cep>
    <logradouro>Rua Costa Cavalcante</logradouro>
    <complemento/>
    <unidade/>
    <bairro>Cavaco</bairro>
    <localidade>Arapiraca</localidade>
    <uf>AL</uf>
    <estado>Alagoas</estado>
    <região/>
    <ibge>2700300</ibge>
    <gia/>
    <ddd>82</ddd>
    <siafi>2705</siafi>
  </cep>
  <cep>
    <cep>57306-450</cep>
    <logradouro>Rua José Luiz de Almeida</logradouro>
    <complemento/>
    <unidade/>
    <bairro>Cavaco</bairro>
    <localidade>Arapiraca</localidade>
    <uf>AL</uf>
    <estado>Alagoas</estado>
    <região/>
    <ibge>2700300</ibge>
    <gia/>
    <ddd>82</ddd>
    <siafi>2705</siafi>
  </cep>
  <cep>
    <cep>57306-461</cep>
    <logradouro>Rua José Sebastião Irmão</logradouro>
    <complemento/>
    <unidade/>
    <bairro>Cavaco</bairro>
    <localidade>Arapiraca</localidade>
    <uf>AL</uf>
    <estado>Alagoas</estado>
    <região/>
    <ibge>2700300</ibge>
    <gia/>
    <ddd>82</ddd>
    <siafi>2705</siafi>
  </cep>
  <cep>
    <cep>57306-464</cep>
    <logradouro>Rua Sebastião Barbosa da Silva</logradouro>
    <complemento/>
    <unidade/>
    <bairro>Cavaco</bairro>
    <localidade>Arapiraca</localidade>
    <uf>AL</uf>
    <estado>Alagoas</estado>
    <região/>
    <ibge>2700300</ibge>
    <gia/>
    <ddd>82</ddd>
    <siafi>2705</siafi>
  </cep>
  <cep>
    <cep>57306-463</cep>
    <logradouro>Rua Manoel Antônio Sobrinho</logradouro>
    <complemento/>
    <unidade/>
    <bairro>Cavaco</bairro>
    <localidade>Arapiraca</localidade>
    <uf>AL</uf>
    <estado>Alagoas</estado>
    <região/>
    <ibge>2700300</ibge>
    <gia/>
    <ddd>82</ddd>
    <siafi>2705</siafi>
  </cep>
  <cep>
    <cep>57306-480</cep>
    <logradouro>Rua Valfredo de Oliveira</logradouro>
    <complemento/>
    <unidade/>
    <bairro>Cavaco</bairro>
    <localidade>Arapiraca</localidade>
    <uf>AL</uf>
    <estado>Alagoas</estado>
    <região/>
    <ibge>2700300</ibge>
    <gia/>
    <ddd>82</ddd>
    <siafi>2705</siafi>
  </cep>
  <cep>
    <cep>57306-462</cep>
    <logradouro>Rua Estelita dos Santos Costa</logradouro>
    <complemento/>
    <unidade/>
    <bairro>Cavaco</bairro>
    <localidade>Arapiraca</localidade>
    <uf>AL</uf>
    <estado>Alagoas</estado>
    <região/>
    <ibge>2700300</ibge>
    <gia/>
    <ddd>82</ddd>
    <siafi>2705</siafi>
  </cep>
  <cep>
    <cep>57306-465</cep>
    <logradouro>Rua Dioclécio Barbosa da Silva</logradouro>
    <complemento/>
    <unidade/>
    <bairro>Cavaco</bairro>
    <localidade>Arapiraca</localidade>
    <uf>AL</uf>
    <estado>Alagoas</estado>
    <região/>
    <ibge>2700300</ibge>
    <gia/>
    <ddd>82</ddd>
    <siafi>2705</siafi>
  </cep>
  <cep>
    <cep>57306-490</cep>
    <logradouro>Rua Abraão de Oliveira</logradouro>
    <complemento/>
    <unidade/>
    <bairro>Cavaco</bairro>
    <localidade>Arapiraca</localidade>
    <uf>AL</uf>
    <estado>Alagoas</estado>
    <região/>
    <ibge>2700300</ibge>
    <gia/>
    <ddd>82</ddd>
    <siafi>2705</siafi>
  </cep>
  <cep>
    <cep>57306-440</cep>
    <logradouro>Rua Ezequiel Alexandre dos Santos</logradouro>
    <complemento/>
    <unidade/>
    <bairro>Cavaco</bairro>
    <localidade>Arapiraca</localidade>
    <uf>AL</uf>
    <estado>Alagoas</estado>
    <região/>
    <ibge>2700300</ibge>
    <gia/>
    <ddd>82</ddd>
    <siafi>2705</siafi>
  </cep>
  <cep>
    <cep>57306-505</cep>
    <logradouro>Rua Honório Nunes</logradouro>
    <complemento>lado par</complemento>
    <unidade/>
    <bairro>Cavaco</bairro>
    <localidade>Arapiraca</localidade>
    <uf>AL</uf>
    <estado>Alagoas</estado>
    <região/>
    <ibge>2700300</ibge>
    <gia/>
    <ddd>82</ddd>
    <siafi>2705</siafi>
  </cep>
  <cep>
    <cep>57306-470</cep>
    <logradouro>Rua São Domingos</logradouro>
    <complemento/>
    <unidade/>
    <bairro>Cavaco</bairro>
    <localidade>Arapiraca</localidade>
    <uf>AL</uf>
    <estado>Alagoas</estado>
    <região/>
    <ibge>2700300</ibge>
    <gia/>
    <ddd>82</ddd>
    <siafi>2705</siafi>
  </cep>
  <cep>
    <cep>57306-510</cep>
    <logradouro>Rua Pedro Alexandre</logradouro>
    <complemento/>
    <unidade/>
    <bairro>Cavaco</bairro>
    <localidade>Arapiraca</localidade>
    <uf>AL</uf>
    <estado>Alagoas</estado>
    <região/>
    <ibge>2700300</ibge>
    <gia/>
    <ddd>82</ddd>
    <siafi>2705</siafi>
  </cep>
  <cep>
    <cep>57306-520</cep>
    <logradouro>Rua Cândido José dos Santos</logradouro>
    <complemento/>
    <unidade/>
    <bairro>Cavaco</bairro>
    <localidade>Arapiraca</localidade>
    <uf>AL</uf>
    <estado>Alagoas</estado>
    <região/>
    <ibge>2700300</ibge>
    <gia/>
    <ddd>82</ddd>
    <siafi>2705</siafi>
  </cep>
  <cep>
    <cep>57306-530</cep>
    <logradouro>Rua Ângelo Sobrinho</logradouro>
    <complemento>lado par</complemento>
    <unidade/>
    <bairro>Cavaco</bairro>
    <localidade>Arapiraca</localidade>
    <uf>AL</uf>
    <estado>Alagoas</estado>
    <região/>
    <ibge>2700300</ibge>
    <gia/>
    <ddd>82</ddd>
    <siafi>2705</siafi>
  </cep>
  <cep>
    <cep>57306-500</cep>
    <logradouro>Rua José Vieira da Silva</logradouro>
    <complemento/>
    <unidade/>
    <bairro>Cavaco</bairro>
    <localidade>Arapiraca</localidade>
    <uf>AL</uf>
    <estado>Alagoas</estado>
    <região/>
    <ibge>2700300</ibge>
    <gia/>
    <ddd>82</ddd>
    <siafi>2705</siafi>
  </cep>
  <cep>
    <cep>57306-590</cep>
    <logradouro>Rua Salustiano José dos Santos</logradouro>
    <complemento/>
    <unidade/>
    <bairro>Cavaco</bairro>
    <localidade>Arapiraca</localidade>
    <uf>AL</uf>
    <estado>Alagoas</estado>
    <região/>
    <ibge>2700300</ibge>
    <gia/>
    <ddd>82</ddd>
    <siafi>2705</siafi>
  </cep>
  <cep>
    <cep>57306-550</cep>
    <logradouro>Rua Maria Lima de Araújo</logradouro>
    <complemento/>
    <unidade/>
    <bairro>Cavaco</bairro>
    <localidade>Arapiraca</localidade>
    <uf>AL</uf>
    <estado>Alagoas</estado>
    <região/>
    <ibge>2700300</ibge>
    <gia/>
    <ddd>82</ddd>
    <siafi>2705</siafi>
  </cep>
  <cep>
    <cep>57306-610</cep>
    <logradouro>Rua Odilon Ferreira Leão</logradouro>
    <complemento/>
    <unidade/>
    <bairro>Cavaco</bairro>
    <localidade>Arapiraca</localidade>
    <uf>AL</uf>
    <estado>Alagoas</estado>
    <região/>
    <ibge>2700300</ibge>
    <gia/>
    <ddd>82</ddd>
    <siafi>2705</siafi>
  </cep>
  <cep>
    <cep>57306-620</cep>
    <logradouro>Rua José Ventura de Farias</logradouro>
    <complemento/>
    <unidade/>
    <bairro>Cavaco</bairro>
    <localidade>Arapiraca</localidade>
    <uf>AL</uf>
    <estado>Alagoas</estado>
    <região/>
    <ibge>2700300</ibge>
    <gia/>
    <ddd>82</ddd>
    <siafi>2705</siafi>
  </cep>
  <cep>
    <cep>57306-630</cep>
    <logradouro>Rua Euclides de Oliveira Santos</logradouro>
    <complemento/>
    <unidade/>
    <bairro>Cavaco</bairro>
    <localidade>Arapiraca</localidade>
    <uf>AL</uf>
    <estado>Alagoas</estado>
    <região/>
    <ibge>2700300</ibge>
    <gia/>
    <ddd>82</ddd>
    <siafi>2705</siafi>
  </cep>
  <cep>
    <cep>57306-640</cep>
    <logradouro>Rua Floriano de Oliveira França</logradouro>
    <complemento/>
    <unidade/>
    <bairro>Cavaco</bairro>
    <localidade>Arapiraca</localidade>
    <uf>AL</uf>
    <estado>Alagoas</estado>
    <região/>
    <ibge>2700300</ibge>
    <gia/>
    <ddd>82</ddd>
    <siafi>2705</siafi>
  </cep>
  <cep>
    <cep>57306-680</cep>
    <logradouro>Rua Manoel Sires Nunes</logradouro>
    <complemento/>
    <unidade/>
    <bairro>Cavaco</bairro>
    <localidade>Arapiraca</localidade>
    <uf>AL</uf>
    <estado>Alagoas</estado>
    <região/>
    <ibge>2700300</ibge>
    <gia/>
    <ddd>82</ddd>
    <siafi>2705</siafi>
  </cep>
  <cep>
    <cep>57306-650</cep>
    <logradouro>Rua Joel Lindolfo de Oliveira</logradouro>
    <complemento/>
    <unidade/>
    <bairro>Cavaco</bairro>
    <localidade>Arapiraca</localidade>
    <uf>AL</uf>
    <estado>Alagoas</estado>
    <região/>
    <ibge>2700300</ibge>
    <gia/>
    <ddd>82</ddd>
    <siafi>2705</siafi>
  </cep>
  <cep>
    <cep>57306-700</cep>
    <logradouro>Rua Maria Cleonice dos Santos</logradouro>
    <complemento/>
    <unidade/>
    <bairro>Cavaco</bairro>
    <localidade>Arapiraca</localidade>
    <uf>AL</uf>
    <estado>Alagoas</estado>
    <região/>
    <ibge>2700300</ibge>
    <gia/>
    <ddd>82</ddd>
    <siafi>2705</siafi>
  </cep>
  <cep>
    <cep>57306-710</cep>
    <logradouro>Rua Messias Bernardino dos Santos</logradouro>
    <complemento/>
    <unidade/>
    <bairro>Cavaco</bairro>
    <localidade>Arapiraca</localidade>
    <uf>AL</uf>
    <estado>Alagoas</estado>
    <região/>
    <ibge>2700300</ibge>
    <gia/>
    <ddd>82</ddd>
    <siafi>2705</siafi>
  </cep>
  <cep>
    <cep>57306-720</cep>
    <logradouro>Rua Pregentina Balbina de Lima</logradouro>
    <complemento/>
    <unidade/>
    <bairro>Cavaco</bairro>
    <localidade>Arapiraca</localidade>
    <uf>AL</uf>
    <estado>Alagoas</estado>
    <região/>
    <ibge>2700300</ibge>
    <gia/>
    <ddd>82</ddd>
    <siafi>2705</siafi>
  </cep>
  <cep>
    <cep>57306-730</cep>
    <logradouro>Rua João Francisco de Souza</logradouro>
    <complemento/>
    <unidade/>
    <bairro>Cavaco</bairro>
    <localidade>Arapiraca</localidade>
    <uf>AL</uf>
    <estado>Alagoas</estado>
    <região/>
    <ibge>2700300</ibge>
    <gia/>
    <ddd>82</ddd>
    <siafi>2705</siafi>
  </cep>
  <cep>
    <cep>57306-740</cep>
    <logradouro>Rua Manoel Pedro da Silva</logradouro>
    <complemento/>
    <unidade/>
    <bairro>Cavaco</bairro>
    <localidade>Arapiraca</localidade>
    <uf>AL</uf>
    <estado>Alagoas</estado>
    <região/>
    <ibge>2700300</ibge>
    <gia/>
    <ddd>82</ddd>
    <siafi>2705</siafi>
  </cep>
  <cep>
    <cep>57306-742</cep>
    <logradouro>Rua Maria Gildete Tavares Lima</logradouro>
    <complemento/>
    <unidade/>
    <bairro>Cavaco</bairro>
    <localidade>Arapiraca</localidade>
    <uf>AL</uf>
    <estado>Alagoas</estado>
    <região/>
    <ibge>2700300</ibge>
    <gia/>
    <ddd>82</ddd>
    <siafi>2705</siafi>
  </cep>
  <cep>
    <cep>57306-750</cep>
    <logradouro>Rua Izídro Leão da Silva</logradouro>
    <complemento/>
    <unidade/>
    <bairro>Cavaco</bairro>
    <localidade>Arapiraca</localidade>
    <uf>AL</uf>
    <estado>Alagoas</estado>
    <região/>
    <ibge>2700300</ibge>
    <gia/>
    <ddd>82</ddd>
    <siafi>2705</siafi>
  </cep>
  <cep>
    <cep>57306-765</cep>
    <logradouro>Rua Andrei Kermerson</logradouro>
    <complemento/>
    <unidade/>
    <bairro>Cavaco</bairro>
    <localidade>Arapiraca</localidade>
    <uf>AL</uf>
    <estado>Alagoas</estado>
    <região/>
    <ibge>2700300</ibge>
    <gia/>
    <ddd>82</ddd>
    <siafi>2705</siafi>
  </cep>
  <cep>
    <cep>57306-754</cep>
    <logradouro>Rua Marcos Antônio Ferreira da Silva</logradouro>
    <complemento/>
    <unidade/>
    <bairro>Cavaco</bairro>
    <localidade>Arapiraca</localidade>
    <uf>AL</uf>
    <estado>Alagoas</estado>
    <região/>
    <ibge>2700300</ibge>
    <gia/>
    <ddd>82</ddd>
    <siafi>2705</siafi>
  </cep>
  <cep>
    <cep>57306-770</cep>
    <logradouro>Rua Maria Diva da Silva</logradouro>
    <complemento/>
    <unidade/>
    <bairro>Cavaco</bairro>
    <localidade>Arapiraca</localidade>
    <uf>AL</uf>
    <estado>Alagoas</estado>
    <região/>
    <ibge>2700300</ibge>
    <gia/>
    <ddd>82</ddd>
    <siafi>2705</siafi>
  </cep>
  <cep>
    <cep>57306-790</cep>
    <logradouro>Rua Marta Janaína</logradouro>
    <complemento/>
    <unidade/>
    <bairro>Cavaco</bairro>
    <localidade>Arapiraca</localidade>
    <uf>AL</uf>
    <estado>Alagoas</estado>
    <região/>
    <ibge>2700300</ibge>
    <gia/>
    <ddd>82</ddd>
    <siafi>2705</siafi>
  </cep>
  <cep>
    <cep>57307-006</cep>
    <logradouro>Rua Adolfo Bispo da Silva</logradouro>
    <complemento>lado par</complemento>
    <unidade/>
    <bairro>Baixa Grande</bairro>
    <localidade>Arapiraca</localidade>
    <uf>AL</uf>
    <estado>Alagoas</estado>
    <região/>
    <ibge>2700300</ibge>
    <gia/>
    <ddd>82</ddd>
    <siafi>2705</siafi>
  </cep>
  <cep>
    <cep>57307-010</cep>
    <logradouro>Rua Júlio Paixão da Silva</logradouro>
    <complemento/>
    <unidade/>
    <bairro>Baixa Grande</bairro>
    <localidade>Arapiraca</localidade>
    <uf>AL</uf>
    <estado>Alagoas</estado>
    <região/>
    <ibge>2700300</ibge>
    <gia/>
    <ddd>82</ddd>
    <siafi>2705</siafi>
  </cep>
  <cep>
    <cep>57307-030</cep>
    <logradouro>Rua Gaspar Ribeiro Wercelone</logradouro>
    <complemento/>
    <unidade/>
    <bairro>Baixa Grande</bairro>
    <localidade>Arapiraca</localidade>
    <uf>AL</uf>
    <estado>Alagoas</estado>
    <região/>
    <ibge>2700300</ibge>
    <gia/>
    <ddd>82</ddd>
    <siafi>2705</siafi>
  </cep>
  <cep>
    <cep>57307-060</cep>
    <logradouro>Rua Francisco Otílio dos Santos</logradouro>
    <complemento/>
    <unidade/>
    <bairro>Baixa Grande</bairro>
    <localidade>Arapiraca</localidade>
    <uf>AL</uf>
    <estado>Alagoas</estado>
    <região/>
    <ibge>2700300</ibge>
    <gia/>
    <ddd>82</ddd>
    <siafi>2705</siafi>
  </cep>
  <cep>
    <cep>57307-055</cep>
    <logradouro>Rua Ruan Diego Paiva dos Santos</logradouro>
    <complemento>(Q. J - CJ. CECI CUNHA II)</complemento>
    <unidade/>
    <bairro>Baixa Grande</bairro>
    <localidade>Arapiraca</localidade>
    <uf>AL</uf>
    <estado>Alagoas</estado>
    <região/>
    <ibge>2700300</ibge>
    <gia/>
    <ddd>82</ddd>
    <siafi>2705</siafi>
  </cep>
  <cep>
    <cep>57307-110</cep>
    <logradouro>Praça Jassom Leão Barbosa</logradouro>
    <complemento/>
    <unidade/>
    <bairro>Baixa Grande</bairro>
    <localidade>Arapiraca</localidade>
    <uf>AL</uf>
    <estado>Alagoas</estado>
    <região/>
    <ibge>2700300</ibge>
    <gia/>
    <ddd>82</ddd>
    <siafi>2705</siafi>
  </cep>
  <cep>
    <cep>57307-130</cep>
    <logradouro>Rua Agripino Damasceno Ribeiro</logradouro>
    <complemento/>
    <unidade/>
    <bairro>Baixa Grande</bairro>
    <localidade>Arapiraca</localidade>
    <uf>AL</uf>
    <estado>Alagoas</estado>
    <região/>
    <ibge>2700300</ibge>
    <gia/>
    <ddd>82</ddd>
    <siafi>2705</siafi>
  </cep>
  <cep>
    <cep>57307-150</cep>
    <logradouro>Rua Venaldo Robério Pessoa Veiga</logradouro>
    <complemento/>
    <unidade/>
    <bairro>Baixa Grande</bairro>
    <localidade>Arapiraca</localidade>
    <uf>AL</uf>
    <estado>Alagoas</estado>
    <região/>
    <ibge>2700300</ibge>
    <gia/>
    <ddd>82</ddd>
    <siafi>2705</siafi>
  </cep>
  <cep>
    <cep>57307-020</cep>
    <logradouro>Rua José Domingos dos Santos</logradouro>
    <complemento/>
    <unidade/>
    <bairro>Baixa Grande</bairro>
    <localidade>Arapiraca</localidade>
    <uf>AL</uf>
    <estado>Alagoas</estado>
    <região/>
    <ibge>2700300</ibge>
    <gia/>
    <ddd>82</ddd>
    <siafi>2705</siafi>
  </cep>
  <cep>
    <cep>57307-105</cep>
    <logradouro>Rua Leonaldo Valeriano da Silva</logradouro>
    <complemento/>
    <unidade/>
    <bairro>Baixa Grande</bairro>
    <localidade>Arapiraca</localidade>
    <uf>AL</uf>
    <estado>Alagoas</estado>
    <região/>
    <ibge>2700300</ibge>
    <gia/>
    <ddd>82</ddd>
    <siafi>2705</siafi>
  </cep>
  <cep>
    <cep>57306-760</cep>
    <logradouro>Rua Francisca Paula de Jesus Isabel</logradouro>
    <complemento>(Nhá Chica)</complemento>
    <unidade/>
    <bairro>Cavaco</bairro>
    <localidade>Arapiraca</localidade>
    <uf>AL</uf>
    <estado>Alagoas</estado>
    <região/>
    <ibge>2700300</ibge>
    <gia/>
    <ddd>82</ddd>
    <siafi>2705</siafi>
  </cep>
  <cep>
    <cep>57306-810</cep>
    <logradouro>Rua Maria José Gama</logradouro>
    <complemento/>
    <unidade/>
    <bairro>Cavaco</bairro>
    <localidade>Arapiraca</localidade>
    <uf>AL</uf>
    <estado>Alagoas</estado>
    <região/>
    <ibge>2700300</ibge>
    <gia/>
    <ddd>82</ddd>
    <siafi>2705</siafi>
  </cep>
  <cep>
    <cep>57307-135</cep>
    <logradouro>Rua José Jaldemir Tavares de Lima</logradouro>
    <complemento/>
    <unidade/>
    <bairro>Baixa Grande</bairro>
    <localidade>Arapiraca</localidade>
    <uf>AL</uf>
    <estado>Alagoas</estado>
    <região/>
    <ibge>2700300</ibge>
    <gia/>
    <ddd>82</ddd>
    <siafi>2705</siafi>
  </cep>
  <cep>
    <cep>57307-140</cep>
    <logradouro>Rua Pedro Romualdo da Silva</logradouro>
    <complemento/>
    <unidade/>
    <bairro>Baixa Grande</bairro>
    <localidade>Arapiraca</localidade>
    <uf>AL</uf>
    <estado>Alagoas</estado>
    <região/>
    <ibge>2700300</ibge>
    <gia/>
    <ddd>82</ddd>
    <siafi>2705</siafi>
  </cep>
  <cep>
    <cep>57307-070</cep>
    <logradouro>Rua Cícero Romão Batista</logradouro>
    <complemento/>
    <unidade/>
    <bairro>Baixa Grande</bairro>
    <localidade>Arapiraca</localidade>
    <uf>AL</uf>
    <estado>Alagoas</estado>
    <região/>
    <ibge>2700300</ibge>
    <gia/>
    <ddd>82</ddd>
    <siafi>2705</siafi>
  </cep>
  <cep>
    <cep>57307-090</cep>
    <logradouro>Rua Júlio Ferreira Mendonça</logradouro>
    <complemento/>
    <unidade/>
    <bairro>Baixa Grande</bairro>
    <localidade>Arapiraca</localidade>
    <uf>AL</uf>
    <estado>Alagoas</estado>
    <região/>
    <ibge>2700300</ibge>
    <gia/>
    <ddd>82</ddd>
    <siafi>2705</siafi>
  </cep>
  <cep>
    <cep>57307-145</cep>
    <logradouro>Rua Geraldo Damasceno Ferreira</logradouro>
    <complemento/>
    <unidade/>
    <bairro>Baixa Grande</bairro>
    <localidade>Arapiraca</localidade>
    <uf>AL</uf>
    <estado>Alagoas</estado>
    <região/>
    <ibge>2700300</ibge>
    <gia/>
    <ddd>82</ddd>
    <siafi>2705</siafi>
  </cep>
  <cep>
    <cep>57307-165</cep>
    <logradouro>Rua João Alexandre dos Santos</logradouro>
    <complemento/>
    <unidade/>
    <bairro>Baixa Grande</bairro>
    <localidade>Arapiraca</localidade>
    <uf>AL</uf>
    <estado>Alagoas</estado>
    <região/>
    <ibge>2700300</ibge>
    <gia/>
    <ddd>82</ddd>
    <siafi>2705</siafi>
  </cep>
  <cep>
    <cep>57307-162</cep>
    <logradouro>Rua Enoque Luiz Ferreira</logradouro>
    <complemento>(Q. I - CJ. CECI CUNHA II)</complemento>
    <unidade/>
    <bairro>Baixa Grande</bairro>
    <localidade>Arapiraca</localidade>
    <uf>AL</uf>
    <estado>Alagoas</estado>
    <região/>
    <ibge>2700300</ibge>
    <gia/>
    <ddd>82</ddd>
    <siafi>2705</siafi>
  </cep>
  <cep>
    <cep>57307-125</cep>
    <logradouro>Rua Maria Fausto Correia</logradouro>
    <complemento/>
    <unidade/>
    <bairro>Baixa Grande</bairro>
    <localidade>Arapiraca</localidade>
    <uf>AL</uf>
    <estado>Alagoas</estado>
    <região/>
    <ibge>2700300</ibge>
    <gia/>
    <ddd>82</ddd>
    <siafi>2705</siafi>
  </cep>
  <cep>
    <cep>57307-161</cep>
    <logradouro>Rua Antônio Rozendo Gomes</logradouro>
    <complemento>(Q. H/Q. O - CJ. CECI CUNHA II)</complemento>
    <unidade/>
    <bairro>Baixa Grande</bairro>
    <localidade>Arapiraca</localidade>
    <uf>AL</uf>
    <estado>Alagoas</estado>
    <região/>
    <ibge>2700300</ibge>
    <gia/>
    <ddd>82</ddd>
    <siafi>2705</siafi>
  </cep>
  <cep>
    <cep>57307-080</cep>
    <logradouro>Rua Noel Freire</logradouro>
    <complemento/>
    <unidade/>
    <bairro>Baixa Grande</bairro>
    <localidade>Arapiraca</localidade>
    <uf>AL</uf>
    <estado>Alagoas</estado>
    <região/>
    <ibge>2700300</ibge>
    <gia/>
    <ddd>82</ddd>
    <siafi>2705</siafi>
  </cep>
  <cep>
    <cep>57307-175</cep>
    <logradouro>Rua Domingos Honório da Silva</logradouro>
    <complemento/>
    <unidade/>
    <bairro>Baixa Grande</bairro>
    <localidade>Arapiraca</localidade>
    <uf>AL</uf>
    <estado>Alagoas</estado>
    <região/>
    <ibge>2700300</ibge>
    <gia/>
    <ddd>82</ddd>
    <siafi>2705</siafi>
  </cep>
  <cep>
    <cep>57306-780</cep>
    <logradouro>Rua José Chaves de Vasconcelos Filho</logradouro>
    <complemento/>
    <unidade/>
    <bairro>Cavaco</bairro>
    <localidade>Arapiraca</localidade>
    <uf>AL</uf>
    <estado>Alagoas</estado>
    <região/>
    <ibge>2700300</ibge>
    <gia/>
    <ddd>82</ddd>
    <siafi>2705</siafi>
  </cep>
  <cep>
    <cep>57307-178</cep>
    <logradouro>Rua Antônio Carlos de Oliveira</logradouro>
    <complemento/>
    <unidade/>
    <bairro>Baixa Grande</bairro>
    <localidade>Arapiraca</localidade>
    <uf>AL</uf>
    <estado>Alagoas</estado>
    <região/>
    <ibge>2700300</ibge>
    <gia/>
    <ddd>82</ddd>
    <siafi>2705</siafi>
  </cep>
  <cep>
    <cep>57307-180</cep>
    <logradouro>Rua Antônia Jovelina dos Santos</logradouro>
    <complemento/>
    <unidade/>
    <bairro>Baixa Grande</bairro>
    <localidade>Arapiraca</localidade>
    <uf>AL</uf>
    <estado>Alagoas</estado>
    <região/>
    <ibge>2700300</ibge>
    <gia/>
    <ddd>82</ddd>
    <siafi>2705</siafi>
  </cep>
  <cep>
    <cep>57307-182</cep>
    <logradouro>Rua Helena Fernandes de Souza</logradouro>
    <complemento/>
    <unidade/>
    <bairro>Baixa Grande</bairro>
    <localidade>Arapiraca</localidade>
    <uf>AL</uf>
    <estado>Alagoas</estado>
    <região/>
    <ibge>2700300</ibge>
    <gia/>
    <ddd>82</ddd>
    <siafi>2705</siafi>
  </cep>
  <cep>
    <cep>57306-745</cep>
    <logradouro>Rua Quitéria Soares de Assunção</logradouro>
    <complemento/>
    <unidade/>
    <bairro>Cavaco</bairro>
    <localidade>Arapiraca</localidade>
    <uf>AL</uf>
    <estado>Alagoas</estado>
    <região/>
    <ibge>2700300</ibge>
    <gia/>
    <ddd>82</ddd>
    <siafi>2705</siafi>
  </cep>
  <cep>
    <cep>57307-181</cep>
    <logradouro>Rua Antenor Pereira Nunes</logradouro>
    <complemento/>
    <unidade/>
    <bairro>Baixa Grande</bairro>
    <localidade>Arapiraca</localidade>
    <uf>AL</uf>
    <estado>Alagoas</estado>
    <região/>
    <ibge>2700300</ibge>
    <gia/>
    <ddd>82</ddd>
    <siafi>2705</siafi>
  </cep>
  <cep>
    <cep>57307-185</cep>
    <logradouro>Rua Manoel Afonso Maranhão</logradouro>
    <complemento>lado ímpar</complemento>
    <unidade/>
    <bairro>Baixa Grande</bairro>
    <localidade>Arapiraca</localidade>
    <uf>AL</uf>
    <estado>Alagoas</estado>
    <região/>
    <ibge>2700300</ibge>
    <gia/>
    <ddd>82</ddd>
    <siafi>2705</siafi>
  </cep>
  <cep>
    <cep>57307-050</cep>
    <logradouro>Rua Amália Gonzaga Lima</logradouro>
    <complemento/>
    <unidade/>
    <bairro>Baixa Grande</bairro>
    <localidade>Arapiraca</localidade>
    <uf>AL</uf>
    <estado>Alagoas</estado>
    <região/>
    <ibge>2700300</ibge>
    <gia/>
    <ddd>82</ddd>
    <siafi>2705</siafi>
  </cep>
  <cep>
    <cep>57307-184</cep>
    <logradouro>Rua Lino Barbosa</logradouro>
    <complemento>lado par</complemento>
    <unidade/>
    <bairro>Baixa Grande</bairro>
    <localidade>Arapiraca</localidade>
    <uf>AL</uf>
    <estado>Alagoas</estado>
    <região/>
    <ibge>2700300</ibge>
    <gia/>
    <ddd>82</ddd>
    <siafi>2705</siafi>
  </cep>
  <cep>
    <cep>57306-840</cep>
    <logradouro>Rua Joana Félix</logradouro>
    <complemento/>
    <unidade/>
    <bairro>Cavaco</bairro>
    <localidade>Arapiraca</localidade>
    <uf>AL</uf>
    <estado>Alagoas</estado>
    <região/>
    <ibge>2700300</ibge>
    <gia/>
    <ddd>82</ddd>
    <siafi>2705</siafi>
  </cep>
  <cep>
    <cep>57307-200</cep>
    <logradouro>Rua Severino Catanho</logradouro>
    <complemento/>
    <unidade/>
    <bairro>Baixa Grande</bairro>
    <localidade>Arapiraca</localidade>
    <uf>AL</uf>
    <estado>Alagoas</estado>
    <região/>
    <ibge>2700300</ibge>
    <gia/>
    <ddd>82</ddd>
    <siafi>2705</siafi>
  </cep>
  <cep>
    <cep>57307-195</cep>
    <logradouro>Rua Tecila de Oliveira Barbosa</logradouro>
    <complemento/>
    <unidade/>
    <bairro>Baixa Grande</bairro>
    <localidade>Arapiraca</localidade>
    <uf>AL</uf>
    <estado>Alagoas</estado>
    <região/>
    <ibge>2700300</ibge>
    <gia/>
    <ddd>82</ddd>
    <siafi>2705</siafi>
  </cep>
  <cep>
    <cep>57307-100</cep>
    <logradouro>Rua Felizardo Jonas Leal Araújo</logradouro>
    <complemento/>
    <unidade/>
    <bairro>Baixa Grande</bairro>
    <localidade>Arapiraca</localidade>
    <uf>AL</uf>
    <estado>Alagoas</estado>
    <região/>
    <ibge>2700300</ibge>
    <gia/>
    <ddd>82</ddd>
    <siafi>2705</siafi>
  </cep>
  <cep>
    <cep>57307-205</cep>
    <logradouro>Rua Rosendo Gama</logradouro>
    <complemento/>
    <unidade/>
    <bairro>Baixa Grande</bairro>
    <localidade>Arapiraca</localidade>
    <uf>AL</uf>
    <estado>Alagoas</estado>
    <região/>
    <ibge>2700300</ibge>
    <gia/>
    <ddd>82</ddd>
    <siafi>2705</siafi>
  </cep>
  <cep>
    <cep>57307-040</cep>
    <logradouro>Rua Antônia Angelina da Silva</logradouro>
    <complemento/>
    <unidade/>
    <bairro>Baixa Grande</bairro>
    <localidade>Arapiraca</localidade>
    <uf>AL</uf>
    <estado>Alagoas</estado>
    <região/>
    <ibge>2700300</ibge>
    <gia/>
    <ddd>82</ddd>
    <siafi>2705</siafi>
  </cep>
  <cep>
    <cep>57307-220</cep>
    <logradouro>Rua Francisco Alexandre</logradouro>
    <complemento/>
    <unidade/>
    <bairro>Baixa Grande</bairro>
    <localidade>Arapiraca</localidade>
    <uf>AL</uf>
    <estado>Alagoas</estado>
    <região/>
    <ibge>2700300</ibge>
    <gia/>
    <ddd>82</ddd>
    <siafi>2705</siafi>
  </cep>
  <cep>
    <cep>57307-210</cep>
    <logradouro>Rua João do Beijo</logradouro>
    <complemento/>
    <unidade/>
    <bairro>Baixa Grande</bairro>
    <localidade>Arapiraca</localidade>
    <uf>AL</uf>
    <estado>Alagoas</estado>
    <região/>
    <ibge>2700300</ibge>
    <gia/>
    <ddd>82</ddd>
    <siafi>2705</siafi>
  </cep>
  <cep>
    <cep>57306-800</cep>
    <logradouro>Rua Josefa Lúcio de Oliveira</logradouro>
    <complemento/>
    <unidade/>
    <bairro>Cavaco</bairro>
    <localidade>Arapiraca</localidade>
    <uf>AL</uf>
    <estado>Alagoas</estado>
    <região/>
    <ibge>2700300</ibge>
    <gia/>
    <ddd>82</ddd>
    <siafi>2705</siafi>
  </cep>
  <cep>
    <cep>57307-015</cep>
    <logradouro>Rua Josefa Gilda Pessoa de Oliveira</logradouro>
    <complemento/>
    <unidade/>
    <bairro>Baixa Grande</bairro>
    <localidade>Arapiraca</localidade>
    <uf>AL</uf>
    <estado>Alagoas</estado>
    <região/>
    <ibge>2700300</ibge>
    <gia/>
    <ddd>82</ddd>
    <siafi>2705</siafi>
  </cep>
  <cep>
    <cep>57307-230</cep>
    <logradouro>Rua Lindora Araújo</logradouro>
    <complemento/>
    <unidade/>
    <bairro>Baixa Grande</bairro>
    <localidade>Arapiraca</localidade>
    <uf>AL</uf>
    <estado>Alagoas</estado>
    <região/>
    <ibge>2700300</ibge>
    <gia/>
    <ddd>82</ddd>
    <siafi>2705</siafi>
  </cep>
  <cep>
    <cep>57306-752</cep>
    <logradouro>Rua 25 de Dezembro</logradouro>
    <complemento/>
    <unidade/>
    <bairro>Cavaco</bairro>
    <localidade>Arapiraca</localidade>
    <uf>AL</uf>
    <estado>Alagoas</estado>
    <região/>
    <ibge>2700300</ibge>
    <gia/>
    <ddd>82</ddd>
    <siafi>2705</siafi>
  </cep>
  <cep>
    <cep>57306-755</cep>
    <logradouro>Rua Edney Deschamps Carneiro</logradouro>
    <complemento/>
    <unidade/>
    <bairro>Cavaco</bairro>
    <localidade>Arapiraca</localidade>
    <uf>AL</uf>
    <estado>Alagoas</estado>
    <região/>
    <ibge>2700300</ibge>
    <gia/>
    <ddd>82</ddd>
    <siafi>2705</siafi>
  </cep>
  <cep>
    <cep>57307-240</cep>
    <logradouro>Rua Dionísio Pedro dos Santos</logradouro>
    <complemento/>
    <unidade/>
    <bairro>Baixa Grande</bairro>
    <localidade>Arapiraca</localidade>
    <uf>AL</uf>
    <estado>Alagoas</estado>
    <região/>
    <ibge>2700300</ibge>
    <gia/>
    <ddd>82</ddd>
    <siafi>2705</siafi>
  </cep>
  <cep>
    <cep>57306-871</cep>
    <logradouro>Rua Adolfo Bispo da Silva</logradouro>
    <complemento>lado par</complemento>
    <unidade/>
    <bairro>Cavaco</bairro>
    <localidade>Arapiraca</localidade>
    <uf>AL</uf>
    <estado>Alagoas</estado>
    <região/>
    <ibge>2700300</ibge>
    <gia/>
    <ddd>82</ddd>
    <siafi>2705</siafi>
  </cep>
  <cep>
    <cep>57307-245</cep>
    <logradouro>Rua Teodolino Rodrigues da Silva</logradouro>
    <complemento/>
    <unidade/>
    <bairro>Baixa Grande</bairro>
    <localidade>Arapiraca</localidade>
    <uf>AL</uf>
    <estado>Alagoas</estado>
    <região/>
    <ibge>2700300</ibge>
    <gia/>
    <ddd>82</ddd>
    <siafi>2705</siafi>
  </cep>
  <cep>
    <cep>57307-170</cep>
    <logradouro>Rua José Honório</logradouro>
    <complemento/>
    <unidade/>
    <bairro>Baixa Grande</bairro>
    <localidade>Arapiraca</localidade>
    <uf>AL</uf>
    <estado>Alagoas</estado>
    <região/>
    <ibge>2700300</ibge>
    <gia/>
    <ddd>82</ddd>
    <siafi>2705</siafi>
  </cep>
  <cep>
    <cep>57307-190</cep>
    <logradouro>Rua Carlos César Araújo</logradouro>
    <complemento/>
    <unidade/>
    <bairro>Baixa Grande</bairro>
    <localidade>Arapiraca</localidade>
    <uf>AL</uf>
    <estado>Alagoas</estado>
    <região/>
    <ibge>2700300</ibge>
    <gia/>
    <ddd>82</ddd>
    <siafi>2705</siafi>
  </cep>
  <cep>
    <cep>57307-250</cep>
    <logradouro>Rua Shallon</logradouro>
    <complemento/>
    <unidade/>
    <bairro>Baixa Grande</bairro>
    <localidade>Arapiraca</localidade>
    <uf>AL</uf>
    <estado>Alagoas</estado>
    <região/>
    <ibge>2700300</ibge>
    <gia/>
    <ddd>82</ddd>
    <siafi>2705</siafi>
  </cep>
  <cep>
    <cep>57307-160</cep>
    <logradouro>Rua Margarita Palmerina de Almeida</logradouro>
    <complemento/>
    <unidade/>
    <bairro>Baixa Grande</bairro>
    <localidade>Arapiraca</localidade>
    <uf>AL</uf>
    <estado>Alagoas</estado>
    <região/>
    <ibge>2700300</ibge>
    <gia/>
    <ddd>82</ddd>
    <siafi>2705</siafi>
  </cep>
  <cep>
    <cep>57306-855</cep>
    <logradouro>Avenida Ventura de Farias</logradouro>
    <complemento>lado par</complemento>
    <unidade/>
    <bairro>Cavaco</bairro>
    <localidade>Arapiraca</localidade>
    <uf>AL</uf>
    <estado>Alagoas</estado>
    <região/>
    <ibge>2700300</ibge>
    <gia/>
    <ddd>82</ddd>
    <siafi>2705</siafi>
  </cep>
  <cep>
    <cep>57306-860</cep>
    <logradouro>Rua Maria da Glória dos Santos Ribeiro</logradouro>
    <complemento/>
    <unidade/>
    <bairro>Cavaco</bairro>
    <localidade>Arapiraca</localidade>
    <uf>AL</uf>
    <estado>Alagoas</estado>
    <região/>
    <ibge>2700300</ibge>
    <gia/>
    <ddd>82</ddd>
    <siafi>2705</siafi>
  </cep>
  <cep>
    <cep>57306-820</cep>
    <logradouro>Rua Professor Arlindo José do Nascimento</logradouro>
    <complemento/>
    <unidade/>
    <bairro>Cavaco</bairro>
    <localidade>Arapiraca</localidade>
    <uf>AL</uf>
    <estado>Alagoas</estado>
    <região/>
    <ibge>2700300</ibge>
    <gia/>
    <ddd>82</ddd>
    <siafi>2705</siafi>
  </cep>
  <cep>
    <cep>57307-115</cep>
    <logradouro>Rua José Rufino de Paula</logradouro>
    <complemento/>
    <unidade/>
    <bairro>Baixa Grande</bairro>
    <localidade>Arapiraca</localidade>
    <uf>AL</uf>
    <estado>Alagoas</estado>
    <região/>
    <ibge>2700300</ibge>
    <gia/>
    <ddd>82</ddd>
    <siafi>2705</siafi>
  </cep>
  <cep>
    <cep>57307-120</cep>
    <logradouro>Rua Melquíades João de Deus</logradouro>
    <complemento/>
    <unidade/>
    <bairro>Baixa Grande</bairro>
    <localidade>Arapiraca</localidade>
    <uf>AL</uf>
    <estado>Alagoas</estado>
    <região/>
    <ibge>2700300</ibge>
    <gia/>
    <ddd>82</ddd>
    <siafi>2705</siafi>
  </cep>
  <cep>
    <cep>57307-265</cep>
    <logradouro>Rua el Shaadai</logradouro>
    <complemento/>
    <unidade/>
    <bairro>Baixa Grande</bairro>
    <localidade>Arapiraca</localidade>
    <uf>AL</uf>
    <estado>Alagoas</estado>
    <região/>
    <ibge>2700300</ibge>
    <gia/>
    <ddd>82</ddd>
    <siafi>2705</siafi>
  </cep>
  <cep>
    <cep>57307-260</cep>
    <logradouro>Rua Francisco Rodrigues Viana</logradouro>
    <complemento/>
    <unidade/>
    <bairro>Baixa Grande</bairro>
    <localidade>Arapiraca</localidade>
    <uf>AL</uf>
    <estado>Alagoas</estado>
    <região/>
    <ibge>2700300</ibge>
    <gia/>
    <ddd>82</ddd>
    <siafi>2705</siafi>
  </cep>
  <cep>
    <cep>57307-270</cep>
    <logradouro>Rua Renato Pereira Júnior</logradouro>
    <complemento/>
    <unidade/>
    <bairro>Baixa Grande</bairro>
    <localidade>Arapiraca</localidade>
    <uf>AL</uf>
    <estado>Alagoas</estado>
    <região/>
    <ibge>2700300</ibge>
    <gia/>
    <ddd>82</ddd>
    <siafi>2705</siafi>
  </cep>
  <cep>
    <cep>57307-280</cep>
    <logradouro>Rua Francisco Lucio da Silva</logradouro>
    <complemento/>
    <unidade/>
    <bairro>Baixa Grande</bairro>
    <localidade>Arapiraca</localidade>
    <uf>AL</uf>
    <estado>Alagoas</estado>
    <região/>
    <ibge>2700300</ibge>
    <gia/>
    <ddd>82</ddd>
    <siafi>2705</siafi>
  </cep>
  <cep>
    <cep>57307-285</cep>
    <logradouro>Rua Benjamim Freire de Amorim</logradouro>
    <complemento>lado ímpar</complemento>
    <unidade/>
    <bairro>Baixa Grande</bairro>
    <localidade>Arapiraca</localidade>
    <uf>AL</uf>
    <estado>Alagoas</estado>
    <região/>
    <ibge>2700300</ibge>
    <gia/>
    <ddd>82</ddd>
    <siafi>2705</siafi>
  </cep>
  <cep>
    <cep>57307-295</cep>
    <logradouro>Rua Expedicionários Brasileiros</logradouro>
    <complemento>lado par</complemento>
    <unidade/>
    <bairro>Baixa Grande</bairro>
    <localidade>Arapiraca</localidade>
    <uf>AL</uf>
    <estado>Alagoas</estado>
    <região/>
    <ibge>2700300</ibge>
    <gia/>
    <ddd>82</ddd>
    <siafi>2705</siafi>
  </cep>
  <cep>
    <cep>57307-300</cep>
    <logradouro>Rua Manoel Afonso Maranhão</logradouro>
    <complemento>lado par</complemento>
    <unidade/>
    <bairro>Jardim Esperança</bairro>
    <localidade>Arapiraca</localidade>
    <uf>AL</uf>
    <estado>Alagoas</estado>
    <região/>
    <ibge>2700300</ibge>
    <gia/>
    <ddd>82</ddd>
    <siafi>2705</siafi>
  </cep>
  <cep>
    <cep>57307-305</cep>
    <logradouro>Rua José Marcelo Barbosa</logradouro>
    <complemento/>
    <unidade/>
    <bairro>Jardim Esperança</bairro>
    <localidade>Arapiraca</localidade>
    <uf>AL</uf>
    <estado>Alagoas</estado>
    <região/>
    <ibge>2700300</ibge>
    <gia/>
    <ddd>82</ddd>
    <siafi>2705</siafi>
  </cep>
  <cep>
    <cep>57307-320</cep>
    <logradouro>Rua Teotônia Ventura de Farias</logradouro>
    <complemento/>
    <unidade/>
    <bairro>Jardim Esperança</bairro>
    <localidade>Arapiraca</localidade>
    <uf>AL</uf>
    <estado>Alagoas</estado>
    <região/>
    <ibge>2700300</ibge>
    <gia/>
    <ddd>82</ddd>
    <siafi>2705</siafi>
  </cep>
  <cep>
    <cep>57307-350</cep>
    <logradouro>Rua José Emídio de Lima</logradouro>
    <complemento/>
    <unidade/>
    <bairro>Jardim Esperança</bairro>
    <localidade>Arapiraca</localidade>
    <uf>AL</uf>
    <estado>Alagoas</estado>
    <região/>
    <ibge>2700300</ibge>
    <gia/>
    <ddd>82</ddd>
    <siafi>2705</siafi>
  </cep>
  <cep>
    <cep>57307-360</cep>
    <logradouro>Rua Júlio Pereira Barbosa</logradouro>
    <complemento/>
    <unidade/>
    <bairro>Jardim Esperança</bairro>
    <localidade>Arapiraca</localidade>
    <uf>AL</uf>
    <estado>Alagoas</estado>
    <região/>
    <ibge>2700300</ibge>
    <gia/>
    <ddd>82</ddd>
    <siafi>2705</siafi>
  </cep>
  <cep>
    <cep>57307-345</cep>
    <logradouro>Rua Antônio Pereira de Lima</logradouro>
    <complemento/>
    <unidade/>
    <bairro>Jardim Esperança</bairro>
    <localidade>Arapiraca</localidade>
    <uf>AL</uf>
    <estado>Alagoas</estado>
    <região/>
    <ibge>2700300</ibge>
    <gia/>
    <ddd>82</ddd>
    <siafi>2705</siafi>
  </cep>
  <cep>
    <cep>57307-400</cep>
    <logradouro>Avenida Wolfang Amadeus Mozart</logradouro>
    <complemento/>
    <unidade/>
    <bairro>Jardim Esperança</bairro>
    <localidade>Arapiraca</localidade>
    <uf>AL</uf>
    <estado>Alagoas</estado>
    <região/>
    <ibge>2700300</ibge>
    <gia/>
    <ddd>82</ddd>
    <siafi>2705</siafi>
  </cep>
  <cep>
    <cep>57307-340</cep>
    <logradouro>Rua Antônio Messias</logradouro>
    <complemento/>
    <unidade/>
    <bairro>Jardim Esperança</bairro>
    <localidade>Arapiraca</localidade>
    <uf>AL</uf>
    <estado>Alagoas</estado>
    <região/>
    <ibge>2700300</ibge>
    <gia/>
    <ddd>82</ddd>
    <siafi>2705</siafi>
  </cep>
  <cep>
    <cep>57307-410</cep>
    <logradouro>Rua Manoel João da Silva</logradouro>
    <complemento/>
    <unidade/>
    <bairro>Jardim Esperança</bairro>
    <localidade>Arapiraca</localidade>
    <uf>AL</uf>
    <estado>Alagoas</estado>
    <região/>
    <ibge>2700300</ibge>
    <gia/>
    <ddd>82</ddd>
    <siafi>2705</siafi>
  </cep>
  <cep>
    <cep>57307-455</cep>
    <logradouro>Rua João Ferreira de Albuquerque</logradouro>
    <complemento/>
    <unidade/>
    <bairro>Jardim Esperança</bairro>
    <localidade>Arapiraca</localidade>
    <uf>AL</uf>
    <estado>Alagoas</estado>
    <região/>
    <ibge>2700300</ibge>
    <gia/>
    <ddd>82</ddd>
    <siafi>2705</siafi>
  </cep>
  <cep>
    <cep>57307-390</cep>
    <logradouro>Avenida Elísio Nunes Silva</logradouro>
    <complemento/>
    <unidade/>
    <bairro>Jardim Esperança</bairro>
    <localidade>Arapiraca</localidade>
    <uf>AL</uf>
    <estado>Alagoas</estado>
    <região/>
    <ibge>2700300</ibge>
    <gia/>
    <ddd>82</ddd>
    <siafi>2705</siafi>
  </cep>
  <cep>
    <cep>57307-470</cep>
    <logradouro>Praça Ivone de Oliveira</logradouro>
    <complemento/>
    <unidade/>
    <bairro>Jardim Esperança</bairro>
    <localidade>Arapiraca</localidade>
    <uf>AL</uf>
    <estado>Alagoas</estado>
    <região/>
    <ibge>2700300</ibge>
    <gia/>
    <ddd>82</ddd>
    <siafi>2705</siafi>
  </cep>
  <cep>
    <cep>57307-450</cep>
    <logradouro>Praça Antônio de Oliveira Silva</logradouro>
    <complemento/>
    <unidade/>
    <bairro>Jardim Esperança</bairro>
    <localidade>Arapiraca</localidade>
    <uf>AL</uf>
    <estado>Alagoas</estado>
    <região/>
    <ibge>2700300</ibge>
    <gia/>
    <ddd>82</ddd>
    <siafi>2705</siafi>
  </cep>
  <cep>
    <cep>57307-475</cep>
    <logradouro>Praça José Isiano de Lima</logradouro>
    <complemento/>
    <unidade/>
    <bairro>Jardim Esperança</bairro>
    <localidade>Arapiraca</localidade>
    <uf>AL</uf>
    <estado>Alagoas</estado>
    <região/>
    <ibge>2700300</ibge>
    <gia/>
    <ddd>82</ddd>
    <siafi>2705</siafi>
  </cep>
  <cep>
    <cep>57307-440</cep>
    <logradouro>Rua Pastor José Cícero de Farias</logradouro>
    <complemento/>
    <unidade/>
    <bairro>Jardim Esperança</bairro>
    <localidade>Arapiraca</localidade>
    <uf>AL</uf>
    <estado>Alagoas</estado>
    <região/>
    <ibge>2700300</ibge>
    <gia/>
    <ddd>82</ddd>
    <siafi>2705</siafi>
  </cep>
  <cep>
    <cep>57307-480</cep>
    <logradouro>Rua Maria Zita Porto</logradouro>
    <complemento/>
    <unidade/>
    <bairro>Jardim Esperança</bairro>
    <localidade>Arapiraca</localidade>
    <uf>AL</uf>
    <estado>Alagoas</estado>
    <região/>
    <ibge>2700300</ibge>
    <gia/>
    <ddd>82</ddd>
    <siafi>2705</siafi>
  </cep>
  <cep>
    <cep>57307-430</cep>
    <logradouro>Avenida José Lúcio da Silva</logradouro>
    <complemento/>
    <unidade/>
    <bairro>Jardim Esperança</bairro>
    <localidade>Arapiraca</localidade>
    <uf>AL</uf>
    <estado>Alagoas</estado>
    <região/>
    <ibge>2700300</ibge>
    <gia/>
    <ddd>82</ddd>
    <siafi>2705</siafi>
  </cep>
  <cep>
    <cep>57307-330</cep>
    <logradouro>Avenida André Avelino da Silva</logradouro>
    <complemento/>
    <unidade/>
    <bairro>Jardim Esperança</bairro>
    <localidade>Arapiraca</localidade>
    <uf>AL</uf>
    <estado>Alagoas</estado>
    <região/>
    <ibge>2700300</ibge>
    <gia/>
    <ddd>82</ddd>
    <siafi>2705</siafi>
  </cep>
  <cep>
    <cep>57307-420</cep>
    <logradouro>Rua José Antônio dos Santos</logradouro>
    <complemento/>
    <unidade/>
    <bairro>Jardim Esperança</bairro>
    <localidade>Arapiraca</localidade>
    <uf>AL</uf>
    <estado>Alagoas</estado>
    <região/>
    <ibge>2700300</ibge>
    <gia/>
    <ddd>82</ddd>
    <siafi>2705</siafi>
  </cep>
  <cep>
    <cep>57307-490</cep>
    <logradouro>Avenida Raimundo Xavier do Nascimento</logradouro>
    <complemento/>
    <unidade/>
    <bairro>Jardim Esperança</bairro>
    <localidade>Arapiraca</localidade>
    <uf>AL</uf>
    <estado>Alagoas</estado>
    <região/>
    <ibge>2700300</ibge>
    <gia/>
    <ddd>82</ddd>
    <siafi>2705</siafi>
  </cep>
  <cep>
    <cep>57307-380</cep>
    <logradouro>Rua Joaquim Moreira da Costa</logradouro>
    <complemento/>
    <unidade/>
    <bairro>Jardim Esperança</bairro>
    <localidade>Arapiraca</localidade>
    <uf>AL</uf>
    <estado>Alagoas</estado>
    <região/>
    <ibge>2700300</ibge>
    <gia/>
    <ddd>82</ddd>
    <siafi>2705</siafi>
  </cep>
  <cep>
    <cep>57307-310</cep>
    <logradouro>Rua Lino Barbosa</logradouro>
    <complemento>lado ímpar</complemento>
    <unidade/>
    <bairro>Jardim Esperança</bairro>
    <localidade>Arapiraca</localidade>
    <uf>AL</uf>
    <estado>Alagoas</estado>
    <região/>
    <ibge>2700300</ibge>
    <gia/>
    <ddd>82</ddd>
    <siafi>2705</siafi>
  </cep>
  <cep>
    <cep>57307-460</cep>
    <logradouro>Rua Maria de Castro Tavares</logradouro>
    <complemento/>
    <unidade/>
    <bairro>Jardim Esperança</bairro>
    <localidade>Arapiraca</localidade>
    <uf>AL</uf>
    <estado>Alagoas</estado>
    <região/>
    <ibge>2700300</ibge>
    <gia/>
    <ddd>82</ddd>
    <siafi>2705</siafi>
  </cep>
  <cep>
    <cep>57307-500</cep>
    <logradouro>Praça Livino Nunes de Albuquerque</logradouro>
    <complemento/>
    <unidade/>
    <bairro>Jardim Esperança</bairro>
    <localidade>Arapiraca</localidade>
    <uf>AL</uf>
    <estado>Alagoas</estado>
    <região/>
    <ibge>2700300</ibge>
    <gia/>
    <ddd>82</ddd>
    <siafi>2705</siafi>
  </cep>
  <cep>
    <cep>57307-315</cep>
    <logradouro>Rua Helena Fernandes de Souza</logradouro>
    <complemento/>
    <unidade/>
    <bairro>Jardim Esperança</bairro>
    <localidade>Arapiraca</localidade>
    <uf>AL</uf>
    <estado>Alagoas</estado>
    <região/>
    <ibge>2700300</ibge>
    <gia/>
    <ddd>82</ddd>
    <siafi>2705</siafi>
  </cep>
  <cep>
    <cep>57307-510</cep>
    <logradouro>Rua Maria de Lourdes Ventura Manoela</logradouro>
    <complemento/>
    <unidade/>
    <bairro>Jardim Esperança</bairro>
    <localidade>Arapiraca</localidade>
    <uf>AL</uf>
    <estado>Alagoas</estado>
    <região/>
    <ibge>2700300</ibge>
    <gia/>
    <ddd>82</ddd>
    <siafi>2705</siafi>
  </cep>
  <cep>
    <cep>57307-520</cep>
    <logradouro>Rua Pedro Livino</logradouro>
    <complemento/>
    <unidade/>
    <bairro>Jardim Esperança</bairro>
    <localidade>Arapiraca</localidade>
    <uf>AL</uf>
    <estado>Alagoas</estado>
    <região/>
    <ibge>2700300</ibge>
    <gia/>
    <ddd>82</ddd>
    <siafi>2705</siafi>
  </cep>
  <cep>
    <cep>57307-540</cep>
    <logradouro>Rua José Francisco Viana</logradouro>
    <complemento/>
    <unidade/>
    <bairro>Jardim Esperança</bairro>
    <localidade>Arapiraca</localidade>
    <uf>AL</uf>
    <estado>Alagoas</estado>
    <região/>
    <ibge>2700300</ibge>
    <gia/>
    <ddd>82</ddd>
    <siafi>2705</siafi>
  </cep>
  <cep>
    <cep>57307-530</cep>
    <logradouro>Rua Isabel de Oliveira Lima</logradouro>
    <complemento/>
    <unidade/>
    <bairro>Jardim Esperança</bairro>
    <localidade>Arapiraca</localidade>
    <uf>AL</uf>
    <estado>Alagoas</estado>
    <região/>
    <ibge>2700300</ibge>
    <gia/>
    <ddd>82</ddd>
    <siafi>2705</siafi>
  </cep>
  <cep>
    <cep>57307-535</cep>
    <logradouro>Rua Raimundo dos Santos</logradouro>
    <complemento/>
    <unidade/>
    <bairro>Jardim Esperança</bairro>
    <localidade>Arapiraca</localidade>
    <uf>AL</uf>
    <estado>Alagoas</estado>
    <região/>
    <ibge>2700300</ibge>
    <gia/>
    <ddd>82</ddd>
    <siafi>2705</siafi>
  </cep>
  <cep>
    <cep>57307-670</cep>
    <logradouro>Rua Dedé Vigario</logradouro>
    <complemento/>
    <unidade/>
    <bairro>Jardim Esperança</bairro>
    <localidade>Arapiraca</localidade>
    <uf>AL</uf>
    <estado>Alagoas</estado>
    <região/>
    <ibge>2700300</ibge>
    <gia/>
    <ddd>82</ddd>
    <siafi>2705</siafi>
  </cep>
  <cep>
    <cep>57307-640</cep>
    <logradouro>Rua Antônio Rodrigues de Carvalho</logradouro>
    <complemento/>
    <unidade/>
    <bairro>Jardim Esperança</bairro>
    <localidade>Arapiraca</localidade>
    <uf>AL</uf>
    <estado>Alagoas</estado>
    <região/>
    <ibge>2700300</ibge>
    <gia/>
    <ddd>82</ddd>
    <siafi>2705</siafi>
  </cep>
  <cep>
    <cep>57307-650</cep>
    <logradouro>Rua Antenor Pereira Nunes</logradouro>
    <complemento/>
    <unidade/>
    <bairro>Jardim Esperança</bairro>
    <localidade>Arapiraca</localidade>
    <uf>AL</uf>
    <estado>Alagoas</estado>
    <região/>
    <ibge>2700300</ibge>
    <gia/>
    <ddd>82</ddd>
    <siafi>2705</siafi>
  </cep>
  <cep>
    <cep>57307-565</cep>
    <logradouro>Praça Menino Luni Carlos Lima</logradouro>
    <complemento/>
    <unidade/>
    <bairro>Jardim Esperança</bairro>
    <localidade>Arapiraca</localidade>
    <uf>AL</uf>
    <estado>Alagoas</estado>
    <região/>
    <ibge>2700300</ibge>
    <gia/>
    <ddd>82</ddd>
    <siafi>2705</siafi>
  </cep>
  <cep>
    <cep>57307-780</cep>
    <logradouro>Rua Manoel Pedro de Lima</logradouro>
    <complemento/>
    <unidade/>
    <bairro>Jardim Esperança</bairro>
    <localidade>Arapiraca</localidade>
    <uf>AL</uf>
    <estado>Alagoas</estado>
    <região/>
    <ibge>2700300</ibge>
    <gia/>
    <ddd>82</ddd>
    <siafi>2705</siafi>
  </cep>
  <cep>
    <cep>57307-760</cep>
    <logradouro>Rua Antônia Angelina da Silva</logradouro>
    <complemento>(Cohab Velha)</complemento>
    <unidade/>
    <bairro>Jardim Esperança</bairro>
    <localidade>Arapiraca</localidade>
    <uf>AL</uf>
    <estado>Alagoas</estado>
    <região/>
    <ibge>2700300</ibge>
    <gia/>
    <ddd>82</ddd>
    <siafi>2705</siafi>
  </cep>
  <cep>
    <cep>57307-545</cep>
    <logradouro>Praça Manoela Cordeiro Lima</logradouro>
    <complemento/>
    <unidade/>
    <bairro>Jardim Esperança</bairro>
    <localidade>Arapiraca</localidade>
    <uf>AL</uf>
    <estado>Alagoas</estado>
    <região/>
    <ibge>2700300</ibge>
    <gia/>
    <ddd>82</ddd>
    <siafi>2705</siafi>
  </cep>
  <cep>
    <cep>57307-660</cep>
    <logradouro>Rua Antônio Leão de Melo</logradouro>
    <complemento/>
    <unidade/>
    <bairro>Jardim Esperança</bairro>
    <localidade>Arapiraca</localidade>
    <uf>AL</uf>
    <estado>Alagoas</estado>
    <região/>
    <ibge>2700300</ibge>
    <gia/>
    <ddd>82</ddd>
    <siafi>2705</siafi>
  </cep>
  <cep>
    <cep>57307-560</cep>
    <logradouro>Rua José Raimundo</logradouro>
    <complemento/>
    <unidade/>
    <bairro>Jardim Esperança</bairro>
    <localidade>Arapiraca</localidade>
    <uf>AL</uf>
    <estado>Alagoas</estado>
    <região/>
    <ibge>2700300</ibge>
    <gia/>
    <ddd>82</ddd>
    <siafi>2705</siafi>
  </cep>
  <cep>
    <cep>57307-630</cep>
    <logradouro>Rua Antônio Romualdo Oliveira</logradouro>
    <complemento/>
    <unidade/>
    <bairro>Jardim Esperança</bairro>
    <localidade>Arapiraca</localidade>
    <uf>AL</uf>
    <estado>Alagoas</estado>
    <região/>
    <ibge>2700300</ibge>
    <gia/>
    <ddd>82</ddd>
    <siafi>2705</siafi>
  </cep>
  <cep>
    <cep>57307-570</cep>
    <logradouro>Rua Francisco Ribeiro</logradouro>
    <complemento/>
    <unidade/>
    <bairro>Jardim Esperança</bairro>
    <localidade>Arapiraca</localidade>
    <uf>AL</uf>
    <estado>Alagoas</estado>
    <região/>
    <ibge>2700300</ibge>
    <gia/>
    <ddd>82</ddd>
    <siafi>2705</siafi>
  </cep>
  <cep>
    <cep>57307-740</cep>
    <logradouro>Rua Tibúrcio Valeriano</logradouro>
    <complemento>lado par</complemento>
    <unidade/>
    <bairro>Jardim Esperança</bairro>
    <localidade>Arapiraca</localidade>
    <uf>AL</uf>
    <estado>Alagoas</estado>
    <região/>
    <ibge>2700300</ibge>
    <gia/>
    <ddd>82</ddd>
    <siafi>2705</siafi>
  </cep>
  <cep>
    <cep>57307-610</cep>
    <logradouro>Rodovia AL-220</logradouro>
    <complemento>lado ímpar</complemento>
    <unidade/>
    <bairro>Jardim Esperança</bairro>
    <localidade>Arapiraca</localidade>
    <uf>AL</uf>
    <estado>Alagoas</estado>
    <região/>
    <ibge>2700300</ibge>
    <gia/>
    <ddd>82</ddd>
    <siafi>2705</siafi>
  </cep>
  <cep>
    <cep>57307-720</cep>
    <logradouro>Rua Pedro Ferreira de Albuquerque</logradouro>
    <complemento/>
    <unidade/>
    <bairro>Jardim Esperança</bairro>
    <localidade>Arapiraca</localidade>
    <uf>AL</uf>
    <estado>Alagoas</estado>
    <região/>
    <ibge>2700300</ibge>
    <gia/>
    <ddd>82</ddd>
    <siafi>2705</siafi>
  </cep>
  <cep>
    <cep>57307-550</cep>
    <logradouro>Rua Geraldo Cavalcante de Souza</logradouro>
    <complemento/>
    <unidade/>
    <bairro>Jardim Esperança</bairro>
    <localidade>Arapiraca</localidade>
    <uf>AL</uf>
    <estado>Alagoas</estado>
    <região/>
    <ibge>2700300</ibge>
    <gia/>
    <ddd>82</ddd>
    <siafi>2705</siafi>
  </cep>
  <cep>
    <cep>57308-000</cep>
    <logradouro>Rodovia AL-220</logradouro>
    <complemento>lado par</complemento>
    <unidade/>
    <bairro>Planalto</bairro>
    <localidade>Arapiraca</localidade>
    <uf>AL</uf>
    <estado>Alagoas</estado>
    <região/>
    <ibge>2700300</ibge>
    <gia/>
    <ddd>82</ddd>
    <siafi>2705</siafi>
  </cep>
  <cep>
    <cep>57307-770</cep>
    <logradouro>Rua Marcos Valeriano</logradouro>
    <complemento/>
    <unidade/>
    <bairro>Jardim Esperança</bairro>
    <localidade>Arapiraca</localidade>
    <uf>AL</uf>
    <estado>Alagoas</estado>
    <região/>
    <ibge>2700300</ibge>
    <gia/>
    <ddd>82</ddd>
    <siafi>2705</siafi>
  </cep>
  <cep>
    <cep>57307-590</cep>
    <logradouro>Praça Jeová Caetano</logradouro>
    <complemento/>
    <unidade/>
    <bairro>Jardim Esperança</bairro>
    <localidade>Arapiraca</localidade>
    <uf>AL</uf>
    <estado>Alagoas</estado>
    <região/>
    <ibge>2700300</ibge>
    <gia/>
    <ddd>82</ddd>
    <siafi>2705</siafi>
  </cep>
  <cep>
    <cep>57308-051</cep>
    <logradouro>Avenida Pio XII</logradouro>
    <complemento>lado par</complemento>
    <unidade/>
    <bairro>Planalto</bairro>
    <localidade>Arapiraca</localidade>
    <uf>AL</uf>
    <estado>Alagoas</estado>
    <região/>
    <ibge>2700300</ibge>
    <gia/>
    <ddd>82</ddd>
    <siafi>2705</siafi>
  </cep>
  <cep>
    <cep>57307-580</cep>
    <logradouro>Rua José Geremias da Silva</logradouro>
    <complemento/>
    <unidade/>
    <bairro>Jardim Esperança</bairro>
    <localidade>Arapiraca</localidade>
    <uf>AL</uf>
    <estado>Alagoas</estado>
    <região/>
    <ibge>2700300</ibge>
    <gia/>
    <ddd>82</ddd>
    <siafi>2705</siafi>
  </cep>
  <cep>
    <cep>57308-060</cep>
    <logradouro>Rua Filadelfo Macêdo</logradouro>
    <complemento/>
    <unidade/>
    <bairro>Planalto</bairro>
    <localidade>Arapiraca</localidade>
    <uf>AL</uf>
    <estado>Alagoas</estado>
    <região/>
    <ibge>2700300</ibge>
    <gia/>
    <ddd>82</ddd>
    <siafi>2705</siafi>
  </cep>
  <cep>
    <cep>57308-055</cep>
    <logradouro>Rua Mário Dênis Silva</logradouro>
    <complemento/>
    <unidade/>
    <bairro>Planalto</bairro>
    <localidade>Arapiraca</localidade>
    <uf>AL</uf>
    <estado>Alagoas</estado>
    <região/>
    <ibge>2700300</ibge>
    <gia/>
    <ddd>82</ddd>
    <siafi>2705</siafi>
  </cep>
  <cep>
    <cep>57308-080</cep>
    <logradouro>Rua Virgílio Rodrigues da Silva</logradouro>
    <complemento/>
    <unidade/>
    <bairro>Planalto</bairro>
    <localidade>Arapiraca</localidade>
    <uf>AL</uf>
    <estado>Alagoas</estado>
    <região/>
    <ibge>2700300</ibge>
    <gia/>
    <ddd>82</ddd>
    <siafi>2705</siafi>
  </cep>
  <cep>
    <cep>57308-070</cep>
    <logradouro>Rua Olegário Leite</logradouro>
    <complemento/>
    <unidade/>
    <bairro>Planalto</bairro>
    <localidade>Arapiraca</localidade>
    <uf>AL</uf>
    <estado>Alagoas</estado>
    <região/>
    <ibge>2700300</ibge>
    <gia/>
    <ddd>82</ddd>
    <siafi>2705</siafi>
  </cep>
  <cep>
    <cep>57308-090</cep>
    <logradouro>Rua Né Firmino</logradouro>
    <complemento/>
    <unidade/>
    <bairro>Planalto</bairro>
    <localidade>Arapiraca</localidade>
    <uf>AL</uf>
    <estado>Alagoas</estado>
    <região/>
    <ibge>2700300</ibge>
    <gia/>
    <ddd>82</ddd>
    <siafi>2705</siafi>
  </cep>
  <cep>
    <cep>57308-100</cep>
    <logradouro>Rua Ademar Medeiros</logradouro>
    <complemento/>
    <unidade/>
    <bairro>Planalto</bairro>
    <localidade>Arapiraca</localidade>
    <uf>AL</uf>
    <estado>Alagoas</estado>
    <região/>
    <ibge>2700300</ibge>
    <gia/>
    <ddd>82</ddd>
    <siafi>2705</siafi>
  </cep>
  <cep>
    <cep>57308-110</cep>
    <logradouro>Rua Cícero Barbosa e Silva</logradouro>
    <complemento/>
    <unidade/>
    <bairro>Planalto</bairro>
    <localidade>Arapiraca</localidade>
    <uf>AL</uf>
    <estado>Alagoas</estado>
    <região/>
    <ibge>2700300</ibge>
    <gia/>
    <ddd>82</ddd>
    <siafi>2705</siafi>
  </cep>
  <cep>
    <cep>57308-120</cep>
    <logradouro>Rua Miguel Pedro Lima</logradouro>
    <complemento/>
    <unidade/>
    <bairro>Planalto</bairro>
    <localidade>Arapiraca</localidade>
    <uf>AL</uf>
    <estado>Alagoas</estado>
    <região/>
    <ibge>2700300</ibge>
    <gia/>
    <ddd>82</ddd>
    <siafi>2705</siafi>
  </cep>
  <cep>
    <cep>57308-130</cep>
    <logradouro>Rua Maestro Antônio de Barros Araújo</logradouro>
    <complemento/>
    <unidade/>
    <bairro>Planalto</bairro>
    <localidade>Arapiraca</localidade>
    <uf>AL</uf>
    <estado>Alagoas</estado>
    <região/>
    <ibge>2700300</ibge>
    <gia/>
    <ddd>82</ddd>
    <siafi>2705</siafi>
  </cep>
  <cep>
    <cep>57308-165</cep>
    <logradouro>Rua Santana do Ipanema</logradouro>
    <complemento/>
    <unidade/>
    <bairro>Planalto</bairro>
    <localidade>Arapiraca</localidade>
    <uf>AL</uf>
    <estado>Alagoas</estado>
    <região/>
    <ibge>2700300</ibge>
    <gia/>
    <ddd>82</ddd>
    <siafi>2705</siafi>
  </cep>
  <cep>
    <cep>57308-145</cep>
    <logradouro>Rua José Ulisses de Oliveira</logradouro>
    <complemento/>
    <unidade/>
    <bairro>Planalto</bairro>
    <localidade>Arapiraca</localidade>
    <uf>AL</uf>
    <estado>Alagoas</estado>
    <região/>
    <ibge>2700300</ibge>
    <gia/>
    <ddd>82</ddd>
    <siafi>2705</siafi>
  </cep>
  <cep>
    <cep>57308-160</cep>
    <logradouro>Rua Coité do Noia</logradouro>
    <complemento/>
    <unidade/>
    <bairro>Planalto</bairro>
    <localidade>Arapiraca</localidade>
    <uf>AL</uf>
    <estado>Alagoas</estado>
    <região/>
    <ibge>2700300</ibge>
    <gia/>
    <ddd>82</ddd>
    <siafi>2705</siafi>
  </cep>
  <cep>
    <cep>57308-150</cep>
    <logradouro>Rua São Brás</logradouro>
    <complemento/>
    <unidade/>
    <bairro>Planalto</bairro>
    <localidade>Arapiraca</localidade>
    <uf>AL</uf>
    <estado>Alagoas</estado>
    <região/>
    <ibge>2700300</ibge>
    <gia/>
    <ddd>82</ddd>
    <siafi>2705</siafi>
  </cep>
  <cep>
    <cep>57308-180</cep>
    <logradouro>Rua Monteirópolis</logradouro>
    <complemento/>
    <unidade/>
    <bairro>Planalto</bairro>
    <localidade>Arapiraca</localidade>
    <uf>AL</uf>
    <estado>Alagoas</estado>
    <região/>
    <ibge>2700300</ibge>
    <gia/>
    <ddd>82</ddd>
    <siafi>2705</siafi>
  </cep>
  <cep>
    <cep>57308-190</cep>
    <logradouro>Rua Anadia</logradouro>
    <complemento/>
    <unidade/>
    <bairro>Planalto</bairro>
    <localidade>Arapiraca</localidade>
    <uf>AL</uf>
    <estado>Alagoas</estado>
    <região/>
    <ibge>2700300</ibge>
    <gia/>
    <ddd>82</ddd>
    <siafi>2705</siafi>
  </cep>
  <cep>
    <cep>57308-200</cep>
    <logradouro>Rua São Sebastião</logradouro>
    <complemento/>
    <unidade/>
    <bairro>Planalto</bairro>
    <localidade>Arapiraca</localidade>
    <uf>AL</uf>
    <estado>Alagoas</estado>
    <região/>
    <ibge>2700300</ibge>
    <gia/>
    <ddd>82</ddd>
    <siafi>2705</siafi>
  </cep>
  <cep>
    <cep>57308-220</cep>
    <logradouro>Rua Igreja Nova</logradouro>
    <complemento/>
    <unidade/>
    <bairro>Planalto</bairro>
    <localidade>Arapiraca</localidade>
    <uf>AL</uf>
    <estado>Alagoas</estado>
    <região/>
    <ibge>2700300</ibge>
    <gia/>
    <ddd>82</ddd>
    <siafi>2705</siafi>
  </cep>
  <cep>
    <cep>57308-210</cep>
    <logradouro>Rua União dos Palmares</logradouro>
    <complemento/>
    <unidade/>
    <bairro>Planalto</bairro>
    <localidade>Arapiraca</localidade>
    <uf>AL</uf>
    <estado>Alagoas</estado>
    <região/>
    <ibge>2700300</ibge>
    <gia/>
    <ddd>82</ddd>
    <siafi>2705</siafi>
  </cep>
  <cep>
    <cep>57308-230</cep>
    <logradouro>Rua Rio Largo</logradouro>
    <complemento/>
    <unidade/>
    <bairro>Planalto</bairro>
    <localidade>Arapiraca</localidade>
    <uf>AL</uf>
    <estado>Alagoas</estado>
    <região/>
    <ibge>2700300</ibge>
    <gia/>
    <ddd>82</ddd>
    <siafi>2705</siafi>
  </cep>
  <cep>
    <cep>57308-240</cep>
    <logradouro>Rua Santa Luzia do Norte</logradouro>
    <complemento/>
    <unidade/>
    <bairro>Planalto</bairro>
    <localidade>Arapiraca</localidade>
    <uf>AL</uf>
    <estado>Alagoas</estado>
    <região/>
    <ibge>2700300</ibge>
    <gia/>
    <ddd>82</ddd>
    <siafi>2705</siafi>
  </cep>
  <cep>
    <cep>57308-250</cep>
    <logradouro>Rua Batalha</logradouro>
    <complemento/>
    <unidade/>
    <bairro>Planalto</bairro>
    <localidade>Arapiraca</localidade>
    <uf>AL</uf>
    <estado>Alagoas</estado>
    <região/>
    <ibge>2700300</ibge>
    <gia/>
    <ddd>82</ddd>
    <siafi>2705</siafi>
  </cep>
  <cep>
    <cep>57308-262</cep>
    <logradouro>Rua Maria Silva de Araujo</logradouro>
    <complemento/>
    <unidade/>
    <bairro>Planalto</bairro>
    <localidade>Arapiraca</localidade>
    <uf>AL</uf>
    <estado>Alagoas</estado>
    <região/>
    <ibge>2700300</ibge>
    <gia/>
    <ddd>82</ddd>
    <siafi>2705</siafi>
  </cep>
  <cep>
    <cep>57308-260</cep>
    <logradouro>Rua Belém</logradouro>
    <complemento/>
    <unidade/>
    <bairro>Planalto</bairro>
    <localidade>Arapiraca</localidade>
    <uf>AL</uf>
    <estado>Alagoas</estado>
    <região/>
    <ibge>2700300</ibge>
    <gia/>
    <ddd>82</ddd>
    <siafi>2705</siafi>
  </cep>
  <cep>
    <cep>57308-264</cep>
    <logradouro>Rua Aloísio Marinho do Nascimento</logradouro>
    <complemento/>
    <unidade/>
    <bairro>Planalto</bairro>
    <localidade>Arapiraca</localidade>
    <uf>AL</uf>
    <estado>Alagoas</estado>
    <região/>
    <ibge>2700300</ibge>
    <gia/>
    <ddd>82</ddd>
    <siafi>2705</siafi>
  </cep>
  <cep>
    <cep>57308-280</cep>
    <logradouro>Rua Olivença</logradouro>
    <complemento/>
    <unidade/>
    <bairro>Planalto</bairro>
    <localidade>Arapiraca</localidade>
    <uf>AL</uf>
    <estado>Alagoas</estado>
    <região/>
    <ibge>2700300</ibge>
    <gia/>
    <ddd>82</ddd>
    <siafi>2705</siafi>
  </cep>
  <cep>
    <cep>57308-285</cep>
    <logradouro>Rua Júlio Ferreira da Silva</logradouro>
    <complemento/>
    <unidade/>
    <bairro>Planalto</bairro>
    <localidade>Arapiraca</localidade>
    <uf>AL</uf>
    <estado>Alagoas</estado>
    <região/>
    <ibge>2700300</ibge>
    <gia/>
    <ddd>82</ddd>
    <siafi>2705</siafi>
  </cep>
  <cep>
    <cep>57308-287</cep>
    <logradouro>Rua Atenor Feitosa</logradouro>
    <complemento/>
    <unidade/>
    <bairro>Planalto</bairro>
    <localidade>Arapiraca</localidade>
    <uf>AL</uf>
    <estado>Alagoas</estado>
    <região/>
    <ibge>2700300</ibge>
    <gia/>
    <ddd>82</ddd>
    <siafi>2705</siafi>
  </cep>
  <cep>
    <cep>57308-289</cep>
    <logradouro>Rua Edvaldo da Silva</logradouro>
    <complemento/>
    <unidade/>
    <bairro>Planalto</bairro>
    <localidade>Arapiraca</localidade>
    <uf>AL</uf>
    <estado>Alagoas</estado>
    <região/>
    <ibge>2700300</ibge>
    <gia/>
    <ddd>82</ddd>
    <siafi>2705</siafi>
  </cep>
  <cep>
    <cep>57308-300</cep>
    <logradouro>Rua Joaquim Gomes</logradouro>
    <complemento/>
    <unidade/>
    <bairro>Planalto</bairro>
    <localidade>Arapiraca</localidade>
    <uf>AL</uf>
    <estado>Alagoas</estado>
    <região/>
    <ibge>2700300</ibge>
    <gia/>
    <ddd>82</ddd>
    <siafi>2705</siafi>
  </cep>
  <cep>
    <cep>57308-301</cep>
    <logradouro>Rua Manoel Nunes Filho</logradouro>
    <complemento/>
    <unidade/>
    <bairro>Planalto</bairro>
    <localidade>Arapiraca</localidade>
    <uf>AL</uf>
    <estado>Alagoas</estado>
    <região/>
    <ibge>2700300</ibge>
    <gia/>
    <ddd>82</ddd>
    <siafi>2705</siafi>
  </cep>
  <cep>
    <cep>57308-310</cep>
    <logradouro>Avenida Jany Camelo Lima</logradouro>
    <complemento/>
    <unidade/>
    <bairro>Planalto</bairro>
    <localidade>Arapiraca</localidade>
    <uf>AL</uf>
    <estado>Alagoas</estado>
    <região/>
    <ibge>2700300</ibge>
    <gia/>
    <ddd>82</ddd>
    <siafi>2705</siafi>
  </cep>
  <cep>
    <cep>57308-480</cep>
    <logradouro>Rua Paulo Jacinto</logradouro>
    <complemento/>
    <unidade/>
    <bairro>Planalto</bairro>
    <localidade>Arapiraca</localidade>
    <uf>AL</uf>
    <estado>Alagoas</estado>
    <região/>
    <ibge>2700300</ibge>
    <gia/>
    <ddd>82</ddd>
    <siafi>2705</siafi>
  </cep>
  <cep>
    <cep>57308-370</cep>
    <logradouro>Avenida Pão de Açúcar</logradouro>
    <complemento/>
    <unidade/>
    <bairro>Planalto</bairro>
    <localidade>Arapiraca</localidade>
    <uf>AL</uf>
    <estado>Alagoas</estado>
    <região/>
    <ibge>2700300</ibge>
    <gia/>
    <ddd>82</ddd>
    <siafi>2705</siafi>
  </cep>
  <cep>
    <cep>57308-450</cep>
    <logradouro>Avenida Vereador Alípio de Oliveira Caldas</logradouro>
    <complemento/>
    <unidade/>
    <bairro>Planalto</bairro>
    <localidade>Arapiraca</localidade>
    <uf>AL</uf>
    <estado>Alagoas</estado>
    <região/>
    <ibge>2700300</ibge>
    <gia/>
    <ddd>82</ddd>
    <siafi>2705</siafi>
  </cep>
  <cep>
    <cep>57308-410</cep>
    <logradouro>Rua Olho D'Água das Flores</logradouro>
    <complemento/>
    <unidade/>
    <bairro>Planalto</bairro>
    <localidade>Arapiraca</localidade>
    <uf>AL</uf>
    <estado>Alagoas</estado>
    <região/>
    <ibge>2700300</ibge>
    <gia/>
    <ddd>82</ddd>
    <siafi>2705</siafi>
  </cep>
  <cep>
    <cep>57308-390</cep>
    <logradouro>Rua Severino Cândido da Silva</logradouro>
    <complemento/>
    <unidade/>
    <bairro>Planalto</bairro>
    <localidade>Arapiraca</localidade>
    <uf>AL</uf>
    <estado>Alagoas</estado>
    <região/>
    <ibge>2700300</ibge>
    <gia/>
    <ddd>82</ddd>
    <siafi>2705</siafi>
  </cep>
  <cep>
    <cep>57308-380</cep>
    <logradouro>Avenida Branquinha</logradouro>
    <complemento/>
    <unidade/>
    <bairro>Planalto</bairro>
    <localidade>Arapiraca</localidade>
    <uf>AL</uf>
    <estado>Alagoas</estado>
    <região/>
    <ibge>2700300</ibge>
    <gia/>
    <ddd>82</ddd>
    <siafi>2705</siafi>
  </cep>
  <cep>
    <cep>57308-510</cep>
    <logradouro>Rua Porto de Pedras</logradouro>
    <complemento/>
    <unidade/>
    <bairro>Planalto</bairro>
    <localidade>Arapiraca</localidade>
    <uf>AL</uf>
    <estado>Alagoas</estado>
    <região/>
    <ibge>2700300</ibge>
    <gia/>
    <ddd>82</ddd>
    <siafi>2705</siafi>
  </cep>
  <cep>
    <cep>57308-420</cep>
    <logradouro>Rua Colônia de Leopoldina</logradouro>
    <complemento/>
    <unidade/>
    <bairro>Planalto</bairro>
    <localidade>Arapiraca</localidade>
    <uf>AL</uf>
    <estado>Alagoas</estado>
    <região/>
    <ibge>2700300</ibge>
    <gia/>
    <ddd>82</ddd>
    <siafi>2705</siafi>
  </cep>
  <cep>
    <cep>57308-534</cep>
    <logradouro>Rua Jaci Barbosa da Silva</logradouro>
    <complemento/>
    <unidade/>
    <bairro>Planalto</bairro>
    <localidade>Arapiraca</localidade>
    <uf>AL</uf>
    <estado>Alagoas</estado>
    <região/>
    <ibge>2700300</ibge>
    <gia/>
    <ddd>82</ddd>
    <siafi>2705</siafi>
  </cep>
  <cep>
    <cep>57308-500</cep>
    <logradouro>Rua Junqueiro</logradouro>
    <complemento/>
    <unidade/>
    <bairro>Planalto</bairro>
    <localidade>Arapiraca</localidade>
    <uf>AL</uf>
    <estado>Alagoas</estado>
    <região/>
    <ibge>2700300</ibge>
    <gia/>
    <ddd>82</ddd>
    <siafi>2705</siafi>
  </cep>
  <cep>
    <cep>57308-400</cep>
    <logradouro>Rua Palestina</logradouro>
    <complemento/>
    <unidade/>
    <bairro>Planalto</bairro>
    <localidade>Arapiraca</localidade>
    <uf>AL</uf>
    <estado>Alagoas</estado>
    <região/>
    <ibge>2700300</ibge>
    <gia/>
    <ddd>82</ddd>
    <siafi>2705</siafi>
  </cep>
  <cep>
    <cep>57308-530</cep>
    <logradouro>Avenida Antônio Lemos Palmeira</logradouro>
    <complemento/>
    <unidade/>
    <bairro>Planalto</bairro>
    <localidade>Arapiraca</localidade>
    <uf>AL</uf>
    <estado>Alagoas</estado>
    <região/>
    <ibge>2700300</ibge>
    <gia/>
    <ddd>82</ddd>
    <siafi>2705</siafi>
  </cep>
  <cep>
    <cep>57308-440</cep>
    <logradouro>Rua José Eliotério Sobrinho</logradouro>
    <complemento/>
    <unidade/>
    <bairro>Planalto</bairro>
    <localidade>Arapiraca</localidade>
    <uf>AL</uf>
    <estado>Alagoas</estado>
    <região/>
    <ibge>2700300</ibge>
    <gia/>
    <ddd>82</ddd>
    <siafi>2705</siafi>
  </cep>
  <cep>
    <cep>57308-538</cep>
    <logradouro>Avenida Pedro Balbino Sobrinho</logradouro>
    <complemento/>
    <unidade/>
    <bairro>Planalto</bairro>
    <localidade>Arapiraca</localidade>
    <uf>AL</uf>
    <estado>Alagoas</estado>
    <região/>
    <ibge>2700300</ibge>
    <gia/>
    <ddd>82</ddd>
    <siafi>2705</siafi>
  </cep>
  <cep>
    <cep>57308-535</cep>
    <logradouro>Rua Salvelina Leite</logradouro>
    <complemento/>
    <unidade/>
    <bairro>Planalto</bairro>
    <localidade>Arapiraca</localidade>
    <uf>AL</uf>
    <estado>Alagoas</estado>
    <região/>
    <ibge>2700300</ibge>
    <gia/>
    <ddd>82</ddd>
    <siafi>2705</siafi>
  </cep>
  <cep>
    <cep>57308-490</cep>
    <logradouro>Rua Cajueiro</logradouro>
    <complemento/>
    <unidade/>
    <bairro>Planalto</bairro>
    <localidade>Arapiraca</localidade>
    <uf>AL</uf>
    <estado>Alagoas</estado>
    <região/>
    <ibge>2700300</ibge>
    <gia/>
    <ddd>82</ddd>
    <siafi>2705</siafi>
  </cep>
  <cep>
    <cep>57308-522</cep>
    <logradouro>Rua Aloísio Torres de Oliveira</logradouro>
    <complemento/>
    <unidade/>
    <bairro>Planalto</bairro>
    <localidade>Arapiraca</localidade>
    <uf>AL</uf>
    <estado>Alagoas</estado>
    <região/>
    <ibge>2700300</ibge>
    <gia/>
    <ddd>82</ddd>
    <siafi>2705</siafi>
  </cep>
  <cep>
    <cep>57308-560</cep>
    <logradouro>Rua Vicente Flor Ferreira</logradouro>
    <complemento/>
    <unidade/>
    <bairro>Planalto</bairro>
    <localidade>Arapiraca</localidade>
    <uf>AL</uf>
    <estado>Alagoas</estado>
    <região/>
    <ibge>2700300</ibge>
    <gia/>
    <ddd>82</ddd>
    <siafi>2705</siafi>
  </cep>
  <cep>
    <cep>57308-570</cep>
    <logradouro>Rua Elvira Henrique da Silva</logradouro>
    <complemento/>
    <unidade/>
    <bairro>Planalto</bairro>
    <localidade>Arapiraca</localidade>
    <uf>AL</uf>
    <estado>Alagoas</estado>
    <região/>
    <ibge>2700300</ibge>
    <gia/>
    <ddd>82</ddd>
    <siafi>2705</siafi>
  </cep>
  <cep>
    <cep>57308-536</cep>
    <logradouro>Rua Rozelle Cavalcante Nunes</logradouro>
    <complemento/>
    <unidade/>
    <bairro>Planalto</bairro>
    <localidade>Arapiraca</localidade>
    <uf>AL</uf>
    <estado>Alagoas</estado>
    <região/>
    <ibge>2700300</ibge>
    <gia/>
    <ddd>82</ddd>
    <siafi>2705</siafi>
  </cep>
  <cep>
    <cep>57308-470</cep>
    <logradouro>Rua Murici</logradouro>
    <complemento/>
    <unidade/>
    <bairro>Planalto</bairro>
    <localidade>Arapiraca</localidade>
    <uf>AL</uf>
    <estado>Alagoas</estado>
    <região/>
    <ibge>2700300</ibge>
    <gia/>
    <ddd>82</ddd>
    <siafi>2705</siafi>
  </cep>
  <cep>
    <cep>57308-532</cep>
    <logradouro>Rua Maria Genusir Soares</logradouro>
    <complemento/>
    <unidade/>
    <bairro>Planalto</bairro>
    <localidade>Arapiraca</localidade>
    <uf>AL</uf>
    <estado>Alagoas</estado>
    <região/>
    <ibge>2700300</ibge>
    <gia/>
    <ddd>82</ddd>
    <siafi>2705</siafi>
  </cep>
  <cep>
    <cep>57308-595</cep>
    <logradouro>Rua Rosa Ferreira da Conceição</logradouro>
    <complemento/>
    <unidade/>
    <bairro>Planalto</bairro>
    <localidade>Arapiraca</localidade>
    <uf>AL</uf>
    <estado>Alagoas</estado>
    <região/>
    <ibge>2700300</ibge>
    <gia/>
    <ddd>82</ddd>
    <siafi>2705</siafi>
  </cep>
  <cep>
    <cep>57308-325</cep>
    <logradouro>Rua Major Isidoro</logradouro>
    <complemento/>
    <unidade/>
    <bairro>Planalto</bairro>
    <localidade>Arapiraca</localidade>
    <uf>AL</uf>
    <estado>Alagoas</estado>
    <região/>
    <ibge>2700300</ibge>
    <gia/>
    <ddd>82</ddd>
    <siafi>2705</siafi>
  </cep>
  <cep>
    <cep>57308-580</cep>
    <logradouro>Rua Heleno Castro Alves</logradouro>
    <complemento/>
    <unidade/>
    <bairro>Planalto</bairro>
    <localidade>Arapiraca</localidade>
    <uf>AL</uf>
    <estado>Alagoas</estado>
    <região/>
    <ibge>2700300</ibge>
    <gia/>
    <ddd>82</ddd>
    <siafi>2705</siafi>
  </cep>
  <cep>
    <cep>57308-600</cep>
    <logradouro>Rua São Luiz do Quitunde</logradouro>
    <complemento/>
    <unidade/>
    <bairro>Planalto</bairro>
    <localidade>Arapiraca</localidade>
    <uf>AL</uf>
    <estado>Alagoas</estado>
    <região/>
    <ibge>2700300</ibge>
    <gia/>
    <ddd>82</ddd>
    <siafi>2705</siafi>
  </cep>
  <cep>
    <cep>57308-590</cep>
    <logradouro>Rua Vereador José Oliveira e Silva</logradouro>
    <complemento/>
    <unidade/>
    <bairro>Planalto</bairro>
    <localidade>Arapiraca</localidade>
    <uf>AL</uf>
    <estado>Alagoas</estado>
    <região/>
    <ibge>2700300</ibge>
    <gia/>
    <ddd>82</ddd>
    <siafi>2705</siafi>
  </cep>
  <cep>
    <cep>57308-620</cep>
    <logradouro>Rua Passo de Camaragibe</logradouro>
    <complemento/>
    <unidade/>
    <bairro>Planalto</bairro>
    <localidade>Arapiraca</localidade>
    <uf>AL</uf>
    <estado>Alagoas</estado>
    <região/>
    <ibge>2700300</ibge>
    <gia/>
    <ddd>82</ddd>
    <siafi>2705</siafi>
  </cep>
  <cep>
    <cep>57308-610</cep>
    <logradouro>Rua Matriz de Camaragibe</logradouro>
    <complemento/>
    <unidade/>
    <bairro>Planalto</bairro>
    <localidade>Arapiraca</localidade>
    <uf>AL</uf>
    <estado>Alagoas</estado>
    <região/>
    <ibge>2700300</ibge>
    <gia/>
    <ddd>82</ddd>
    <siafi>2705</siafi>
  </cep>
  <cep>
    <cep>57308-690</cep>
    <logradouro>Rua Vera Maria de Oliveira Rezende</logradouro>
    <complemento/>
    <unidade/>
    <bairro>Planalto</bairro>
    <localidade>Arapiraca</localidade>
    <uf>AL</uf>
    <estado>Alagoas</estado>
    <região/>
    <ibge>2700300</ibge>
    <gia/>
    <ddd>82</ddd>
    <siafi>2705</siafi>
  </cep>
  <cep>
    <cep>57308-630</cep>
    <logradouro>Rua Penedo</logradouro>
    <complemento/>
    <unidade/>
    <bairro>Planalto</bairro>
    <localidade>Arapiraca</localidade>
    <uf>AL</uf>
    <estado>Alagoas</estado>
    <região/>
    <ibge>2700300</ibge>
    <gia/>
    <ddd>82</ddd>
    <siafi>2705</siafi>
  </cep>
  <cep>
    <cep>57308-700</cep>
    <logradouro>Rua Josefa Umbelina de Barros</logradouro>
    <complemento/>
    <unidade/>
    <bairro>Planalto</bairro>
    <localidade>Arapiraca</localidade>
    <uf>AL</uf>
    <estado>Alagoas</estado>
    <região/>
    <ibge>2700300</ibge>
    <gia/>
    <ddd>82</ddd>
    <siafi>2705</siafi>
  </cep>
  <cep>
    <cep>57308-640</cep>
    <logradouro>Rua Rejane Maria Camelo Alves</logradouro>
    <complemento/>
    <unidade/>
    <bairro>Planalto</bairro>
    <localidade>Arapiraca</localidade>
    <uf>AL</uf>
    <estado>Alagoas</estado>
    <região/>
    <ibge>2700300</ibge>
    <gia/>
    <ddd>82</ddd>
    <siafi>2705</siafi>
  </cep>
  <cep>
    <cep>57308-680</cep>
    <logradouro>Rua Madre Helena</logradouro>
    <complemento/>
    <unidade/>
    <bairro>Planalto</bairro>
    <localidade>Arapiraca</localidade>
    <uf>AL</uf>
    <estado>Alagoas</estado>
    <região/>
    <ibge>2700300</ibge>
    <gia/>
    <ddd>82</ddd>
    <siafi>2705</siafi>
  </cep>
  <cep>
    <cep>57308-660</cep>
    <logradouro>Rua Traipu</logradouro>
    <complemento/>
    <unidade/>
    <bairro>Planalto</bairro>
    <localidade>Arapiraca</localidade>
    <uf>AL</uf>
    <estado>Alagoas</estado>
    <região/>
    <ibge>2700300</ibge>
    <gia/>
    <ddd>82</ddd>
    <siafi>2705</siafi>
  </cep>
  <cep>
    <cep>57308-705</cep>
    <logradouro>Rua Belo Jardim</logradouro>
    <complemento/>
    <unidade/>
    <bairro>Planalto</bairro>
    <localidade>Arapiraca</localidade>
    <uf>AL</uf>
    <estado>Alagoas</estado>
    <região/>
    <ibge>2700300</ibge>
    <gia/>
    <ddd>82</ddd>
    <siafi>2705</siafi>
  </cep>
  <cep>
    <cep>57308-710</cep>
    <logradouro>Rua Alonso de Abreu Pereira Filho</logradouro>
    <complemento/>
    <unidade/>
    <bairro>Planalto</bairro>
    <localidade>Arapiraca</localidade>
    <uf>AL</uf>
    <estado>Alagoas</estado>
    <região/>
    <ibge>2700300</ibge>
    <gia/>
    <ddd>82</ddd>
    <siafi>2705</siafi>
  </cep>
  <cep>
    <cep>57308-712</cep>
    <logradouro>Rua Maria Neves dos Santos</logradouro>
    <complemento/>
    <unidade/>
    <bairro>Planalto</bairro>
    <localidade>Arapiraca</localidade>
    <uf>AL</uf>
    <estado>Alagoas</estado>
    <região/>
    <ibge>2700300</ibge>
    <gia/>
    <ddd>82</ddd>
    <siafi>2705</siafi>
  </cep>
  <cep>
    <cep>57308-714</cep>
    <logradouro>Rua Enoque Bezerra de Lima</logradouro>
    <complemento/>
    <unidade/>
    <bairro>Planalto</bairro>
    <localidade>Arapiraca</localidade>
    <uf>AL</uf>
    <estado>Alagoas</estado>
    <região/>
    <ibge>2700300</ibge>
    <gia/>
    <ddd>82</ddd>
    <siafi>2705</siafi>
  </cep>
  <cep>
    <cep>57308-716</cep>
    <logradouro>Rua Josefa Bezerra de Lima</logradouro>
    <complemento/>
    <unidade/>
    <bairro>Planalto</bairro>
    <localidade>Arapiraca</localidade>
    <uf>AL</uf>
    <estado>Alagoas</estado>
    <região/>
    <ibge>2700300</ibge>
    <gia/>
    <ddd>82</ddd>
    <siafi>2705</siafi>
  </cep>
  <cep>
    <cep>57308-715</cep>
    <logradouro>Rua Nossa Senhora Aparecida</logradouro>
    <complemento/>
    <unidade/>
    <bairro>Planalto</bairro>
    <localidade>Arapiraca</localidade>
    <uf>AL</uf>
    <estado>Alagoas</estado>
    <região/>
    <ibge>2700300</ibge>
    <gia/>
    <ddd>82</ddd>
    <siafi>2705</siafi>
  </cep>
  <cep>
    <cep>57308-718</cep>
    <logradouro>Rua Ataíde Henrique</logradouro>
    <complemento/>
    <unidade/>
    <bairro>Planalto</bairro>
    <localidade>Arapiraca</localidade>
    <uf>AL</uf>
    <estado>Alagoas</estado>
    <região/>
    <ibge>2700300</ibge>
    <gia/>
    <ddd>82</ddd>
    <siafi>2705</siafi>
  </cep>
  <cep>
    <cep>57308-720</cep>
    <logradouro>Rua Amélia Nunes Correia</logradouro>
    <complemento>até 99998 - lado par</complemento>
    <unidade/>
    <bairro>Planalto</bairro>
    <localidade>Arapiraca</localidade>
    <uf>AL</uf>
    <estado>Alagoas</estado>
    <região/>
    <ibge>2700300</ibge>
    <gia/>
    <ddd>82</ddd>
    <siafi>2705</siafi>
  </cep>
  <cep>
    <cep>57308-725</cep>
    <logradouro>Rua São José</logradouro>
    <complemento/>
    <unidade/>
    <bairro>Planalto</bairro>
    <localidade>Arapiraca</localidade>
    <uf>AL</uf>
    <estado>Alagoas</estado>
    <região/>
    <ibge>2700300</ibge>
    <gia/>
    <ddd>82</ddd>
    <siafi>2705</siafi>
  </cep>
  <cep>
    <cep>57308-730</cep>
    <logradouro>Rua José Nunes Ferreira</logradouro>
    <complemento/>
    <unidade/>
    <bairro>Planalto</bairro>
    <localidade>Arapiraca</localidade>
    <uf>AL</uf>
    <estado>Alagoas</estado>
    <região/>
    <ibge>2700300</ibge>
    <gia/>
    <ddd>82</ddd>
    <siafi>2705</siafi>
  </cep>
  <cep>
    <cep>57308-735</cep>
    <logradouro>Rua do Sol</logradouro>
    <complemento/>
    <unidade/>
    <bairro>Planalto</bairro>
    <localidade>Arapiraca</localidade>
    <uf>AL</uf>
    <estado>Alagoas</estado>
    <região/>
    <ibge>2700300</ibge>
    <gia/>
    <ddd>82</ddd>
    <siafi>2705</siafi>
  </cep>
  <cep>
    <cep>57308-745</cep>
    <logradouro>Rua José Naílton Barbosa Lins</logradouro>
    <complemento>lado par</complemento>
    <unidade/>
    <bairro>Planalto</bairro>
    <localidade>Arapiraca</localidade>
    <uf>AL</uf>
    <estado>Alagoas</estado>
    <região/>
    <ibge>2700300</ibge>
    <gia/>
    <ddd>82</ddd>
    <siafi>2705</siafi>
  </cep>
  <cep>
    <cep>57308-750</cep>
    <logradouro>Rua Benevaldo Lisboa dos Santos</logradouro>
    <complemento/>
    <unidade/>
    <bairro>Planalto</bairro>
    <localidade>Arapiraca</localidade>
    <uf>AL</uf>
    <estado>Alagoas</estado>
    <região/>
    <ibge>2700300</ibge>
    <gia/>
    <ddd>82</ddd>
    <siafi>2705</siafi>
  </cep>
  <cep>
    <cep>57308-760</cep>
    <logradouro>Rua Doutor Carlos André</logradouro>
    <complemento>(Cohab Nova)</complemento>
    <unidade/>
    <bairro>Planalto</bairro>
    <localidade>Arapiraca</localidade>
    <uf>AL</uf>
    <estado>Alagoas</estado>
    <região/>
    <ibge>2700300</ibge>
    <gia/>
    <ddd>82</ddd>
    <siafi>2705</siafi>
  </cep>
  <cep>
    <cep>57308-780</cep>
    <logradouro>Rua Juarez Pacheco da Silva</logradouro>
    <complemento/>
    <unidade/>
    <bairro>Planalto</bairro>
    <localidade>Arapiraca</localidade>
    <uf>AL</uf>
    <estado>Alagoas</estado>
    <região/>
    <ibge>2700300</ibge>
    <gia/>
    <ddd>82</ddd>
    <siafi>2705</siafi>
  </cep>
  <cep>
    <cep>57308-840</cep>
    <logradouro>Rua Estudante Diego Teodoro Soares</logradouro>
    <complemento/>
    <unidade/>
    <bairro>Planalto</bairro>
    <localidade>Arapiraca</localidade>
    <uf>AL</uf>
    <estado>Alagoas</estado>
    <região/>
    <ibge>2700300</ibge>
    <gia/>
    <ddd>82</ddd>
    <siafi>2705</siafi>
  </cep>
  <cep>
    <cep>57308-870</cep>
    <logradouro>Rua Mário de Oliveira Lima</logradouro>
    <complemento/>
    <unidade/>
    <bairro>Planalto</bairro>
    <localidade>Arapiraca</localidade>
    <uf>AL</uf>
    <estado>Alagoas</estado>
    <região/>
    <ibge>2700300</ibge>
    <gia/>
    <ddd>82</ddd>
    <siafi>2705</siafi>
  </cep>
  <cep>
    <cep>57308-830</cep>
    <logradouro>Rua Isabel Maria de Jesus</logradouro>
    <complemento>(Cohab Nova)</complemento>
    <unidade/>
    <bairro>Planalto</bairro>
    <localidade>Arapiraca</localidade>
    <uf>AL</uf>
    <estado>Alagoas</estado>
    <região/>
    <ibge>2700300</ibge>
    <gia/>
    <ddd>82</ddd>
    <siafi>2705</siafi>
  </cep>
  <cep>
    <cep>57308-800</cep>
    <logradouro>Rua Professora Eliane Rodrigues do Nascimento</logradouro>
    <complemento>(Cohab Nova)</complemento>
    <unidade/>
    <bairro>Planalto</bairro>
    <localidade>Arapiraca</localidade>
    <uf>AL</uf>
    <estado>Alagoas</estado>
    <região/>
    <ibge>2700300</ibge>
    <gia/>
    <ddd>82</ddd>
    <siafi>2705</siafi>
  </cep>
  <cep>
    <cep>57308-790</cep>
    <logradouro>Rua 08-47</logradouro>
    <complemento>(Cohab Nova)</complemento>
    <unidade/>
    <bairro>Planalto</bairro>
    <localidade>Arapiraca</localidade>
    <uf>AL</uf>
    <estado>Alagoas</estado>
    <região/>
    <ibge>2700300</ibge>
    <gia/>
    <ddd>82</ddd>
    <siafi>2705</siafi>
  </cep>
  <cep>
    <cep>57309-025</cep>
    <logradouro>Rua Júlia Lima da Silva</logradouro>
    <complemento/>
    <unidade/>
    <bairro>Bom Sucesso</bairro>
    <localidade>Arapiraca</localidade>
    <uf>AL</uf>
    <estado>Alagoas</estado>
    <região/>
    <ibge>2700300</ibge>
    <gia/>
    <ddd>82</ddd>
    <siafi>2705</siafi>
  </cep>
  <cep>
    <cep>57309-035</cep>
    <logradouro>Rodovia AL-220</logradouro>
    <complemento>lado par</complemento>
    <unidade/>
    <bairro>Bom Sucesso</bairro>
    <localidade>Arapiraca</localidade>
    <uf>AL</uf>
    <estado>Alagoas</estado>
    <região/>
    <ibge>2700300</ibge>
    <gia/>
    <ddd>82</ddd>
    <siafi>2705</siafi>
  </cep>
  <cep>
    <cep>57309-065</cep>
    <logradouro>Rua Nova</logradouro>
    <complemento/>
    <unidade/>
    <bairro>Bom Sucesso</bairro>
    <localidade>Arapiraca</localidade>
    <uf>AL</uf>
    <estado>Alagoas</estado>
    <região/>
    <ibge>2700300</ibge>
    <gia/>
    <ddd>82</ddd>
    <siafi>2705</siafi>
  </cep>
  <cep>
    <cep>57309-068</cep>
    <logradouro>Rua Eronides Alves de Lima</logradouro>
    <complemento/>
    <unidade/>
    <bairro>Bom Sucesso</bairro>
    <localidade>Arapiraca</localidade>
    <uf>AL</uf>
    <estado>Alagoas</estado>
    <região/>
    <ibge>2700300</ibge>
    <gia/>
    <ddd>82</ddd>
    <siafi>2705</siafi>
  </cep>
  <cep>
    <cep>57309-078</cep>
    <logradouro>Rua Jandira Leão Barbosa</logradouro>
    <complemento/>
    <unidade/>
    <bairro>Bom Sucesso</bairro>
    <localidade>Arapiraca</localidade>
    <uf>AL</uf>
    <estado>Alagoas</estado>
    <região/>
    <ibge>2700300</ibge>
    <gia/>
    <ddd>82</ddd>
    <siafi>2705</siafi>
  </cep>
  <cep>
    <cep>57309-130</cep>
    <logradouro>Rua João Jário Leandro</logradouro>
    <complemento/>
    <unidade/>
    <bairro>Bom Sucesso</bairro>
    <localidade>Arapiraca</localidade>
    <uf>AL</uf>
    <estado>Alagoas</estado>
    <região/>
    <ibge>2700300</ibge>
    <gia/>
    <ddd>82</ddd>
    <siafi>2705</siafi>
  </cep>
  <cep>
    <cep>57309-120</cep>
    <logradouro>Rua Carine Mércia Felix dos Santos</logradouro>
    <complemento/>
    <unidade/>
    <bairro>Bom Sucesso</bairro>
    <localidade>Arapiraca</localidade>
    <uf>AL</uf>
    <estado>Alagoas</estado>
    <região/>
    <ibge>2700300</ibge>
    <gia/>
    <ddd>82</ddd>
    <siafi>2705</siafi>
  </cep>
  <cep>
    <cep>57308-865</cep>
    <logradouro>Rua Ediel Bezerra da Silva</logradouro>
    <complemento/>
    <unidade/>
    <bairro>Planalto</bairro>
    <localidade>Arapiraca</localidade>
    <uf>AL</uf>
    <estado>Alagoas</estado>
    <região/>
    <ibge>2700300</ibge>
    <gia/>
    <ddd>82</ddd>
    <siafi>2705</siafi>
  </cep>
  <cep>
    <cep>57309-071</cep>
    <logradouro>Rua Zilda Arns Neuman</logradouro>
    <complemento/>
    <unidade/>
    <bairro>Bom Sucesso</bairro>
    <localidade>Arapiraca</localidade>
    <uf>AL</uf>
    <estado>Alagoas</estado>
    <região/>
    <ibge>2700300</ibge>
    <gia/>
    <ddd>82</ddd>
    <siafi>2705</siafi>
  </cep>
  <cep>
    <cep>57309-075</cep>
    <logradouro>Rua Maria de Lourdes dos Santos</logradouro>
    <complemento/>
    <unidade/>
    <bairro>Bom Sucesso</bairro>
    <localidade>Arapiraca</localidade>
    <uf>AL</uf>
    <estado>Alagoas</estado>
    <região/>
    <ibge>2700300</ibge>
    <gia/>
    <ddd>82</ddd>
    <siafi>2705</siafi>
  </cep>
  <cep>
    <cep>57309-020</cep>
    <logradouro>Rua Júlio Honorato da Silva</logradouro>
    <complemento/>
    <unidade/>
    <bairro>Bom Sucesso</bairro>
    <localidade>Arapiraca</localidade>
    <uf>AL</uf>
    <estado>Alagoas</estado>
    <região/>
    <ibge>2700300</ibge>
    <gia/>
    <ddd>82</ddd>
    <siafi>2705</siafi>
  </cep>
  <cep>
    <cep>57309-015</cep>
    <logradouro>Travessa Tertuliano Bernardo de Oliveira</logradouro>
    <complemento/>
    <unidade/>
    <bairro>Bom Sucesso</bairro>
    <localidade>Arapiraca</localidade>
    <uf>AL</uf>
    <estado>Alagoas</estado>
    <região/>
    <ibge>2700300</ibge>
    <gia/>
    <ddd>82</ddd>
    <siafi>2705</siafi>
  </cep>
  <cep>
    <cep>57309-128</cep>
    <logradouro>Rua Hélio José de Souza</logradouro>
    <complemento/>
    <unidade/>
    <bairro>Bom Sucesso</bairro>
    <localidade>Arapiraca</localidade>
    <uf>AL</uf>
    <estado>Alagoas</estado>
    <região/>
    <ibge>2700300</ibge>
    <gia/>
    <ddd>82</ddd>
    <siafi>2705</siafi>
  </cep>
  <cep>
    <cep>57309-100</cep>
    <logradouro>Rua José Tavares dos Santos</logradouro>
    <complemento>(Lot B Sucesso)</complemento>
    <unidade/>
    <bairro>Bom Sucesso</bairro>
    <localidade>Arapiraca</localidade>
    <uf>AL</uf>
    <estado>Alagoas</estado>
    <região/>
    <ibge>2700300</ibge>
    <gia/>
    <ddd>82</ddd>
    <siafi>2705</siafi>
  </cep>
  <cep>
    <cep>57308-850</cep>
    <logradouro>Rua Manoel Messias</logradouro>
    <complemento/>
    <unidade/>
    <bairro>Planalto</bairro>
    <localidade>Arapiraca</localidade>
    <uf>AL</uf>
    <estado>Alagoas</estado>
    <região/>
    <ibge>2700300</ibge>
    <gia/>
    <ddd>82</ddd>
    <siafi>2705</siafi>
  </cep>
  <cep>
    <cep>57308-860</cep>
    <logradouro>Rua João Chagas Freire</logradouro>
    <complemento/>
    <unidade/>
    <bairro>Planalto</bairro>
    <localidade>Arapiraca</localidade>
    <uf>AL</uf>
    <estado>Alagoas</estado>
    <região/>
    <ibge>2700300</ibge>
    <gia/>
    <ddd>82</ddd>
    <siafi>2705</siafi>
  </cep>
  <cep>
    <cep>57309-122</cep>
    <logradouro>Rua Estudante Luny Carlos Gonzaga de Lima</logradouro>
    <complemento/>
    <unidade/>
    <bairro>Bom Sucesso</bairro>
    <localidade>Arapiraca</localidade>
    <uf>AL</uf>
    <estado>Alagoas</estado>
    <região/>
    <ibge>2700300</ibge>
    <gia/>
    <ddd>82</ddd>
    <siafi>2705</siafi>
  </cep>
  <cep>
    <cep>57308-270</cep>
    <logradouro>Rua Jacaré dos Homens</logradouro>
    <complemento/>
    <unidade/>
    <bairro>Planalto</bairro>
    <localidade>Arapiraca</localidade>
    <uf>AL</uf>
    <estado>Alagoas</estado>
    <região/>
    <ibge>2700300</ibge>
    <gia/>
    <ddd>82</ddd>
    <siafi>2705</siafi>
  </cep>
  <cep>
    <cep>57308-880</cep>
    <logradouro>Rua Marciano Ferreira Albuquerque</logradouro>
    <complemento/>
    <unidade/>
    <bairro>Planalto</bairro>
    <localidade>Arapiraca</localidade>
    <uf>AL</uf>
    <estado>Alagoas</estado>
    <região/>
    <ibge>2700300</ibge>
    <gia/>
    <ddd>82</ddd>
    <siafi>2705</siafi>
  </cep>
  <cep>
    <cep>57308-820</cep>
    <logradouro>Rua José Caetano Neto</logradouro>
    <complemento/>
    <unidade/>
    <bairro>Planalto</bairro>
    <localidade>Arapiraca</localidade>
    <uf>AL</uf>
    <estado>Alagoas</estado>
    <região/>
    <ibge>2700300</ibge>
    <gia/>
    <ddd>82</ddd>
    <siafi>2705</siafi>
  </cep>
  <cep>
    <cep>57309-144</cep>
    <logradouro>Rua Maria José Vieira</logradouro>
    <complemento/>
    <unidade/>
    <bairro>Bom Sucesso</bairro>
    <localidade>Arapiraca</localidade>
    <uf>AL</uf>
    <estado>Alagoas</estado>
    <região/>
    <ibge>2700300</ibge>
    <gia/>
    <ddd>82</ddd>
    <siafi>2705</siafi>
  </cep>
  <cep>
    <cep>57309-064</cep>
    <logradouro>Rua Ozória Miguel da Silva</logradouro>
    <complemento/>
    <unidade/>
    <bairro>Bom Sucesso</bairro>
    <localidade>Arapiraca</localidade>
    <uf>AL</uf>
    <estado>Alagoas</estado>
    <região/>
    <ibge>2700300</ibge>
    <gia/>
    <ddd>82</ddd>
    <siafi>2705</siafi>
  </cep>
  <cep>
    <cep>57309-151</cep>
    <logradouro>Rua João Aureliano</logradouro>
    <complemento/>
    <unidade/>
    <bairro>Bom Sucesso</bairro>
    <localidade>Arapiraca</localidade>
    <uf>AL</uf>
    <estado>Alagoas</estado>
    <região/>
    <ibge>2700300</ibge>
    <gia/>
    <ddd>82</ddd>
    <siafi>2705</siafi>
  </cep>
  <cep>
    <cep>57309-050</cep>
    <logradouro>Rua Pedro Bispo Correia</logradouro>
    <complemento/>
    <unidade/>
    <bairro>Bom Sucesso</bairro>
    <localidade>Arapiraca</localidade>
    <uf>AL</uf>
    <estado>Alagoas</estado>
    <região/>
    <ibge>2700300</ibge>
    <gia/>
    <ddd>82</ddd>
    <siafi>2705</siafi>
  </cep>
  <cep>
    <cep>57309-072</cep>
    <logradouro>Rua Pedro Gomes da Silva</logradouro>
    <complemento/>
    <unidade/>
    <bairro>Bom Sucesso</bairro>
    <localidade>Arapiraca</localidade>
    <uf>AL</uf>
    <estado>Alagoas</estado>
    <região/>
    <ibge>2700300</ibge>
    <gia/>
    <ddd>82</ddd>
    <siafi>2705</siafi>
  </cep>
  <cep>
    <cep>57309-062</cep>
    <logradouro>Rua Edglei Ferreira de Albuquerque</logradouro>
    <complemento/>
    <unidade/>
    <bairro>Bom Sucesso</bairro>
    <localidade>Arapiraca</localidade>
    <uf>AL</uf>
    <estado>Alagoas</estado>
    <região/>
    <ibge>2700300</ibge>
    <gia/>
    <ddd>82</ddd>
    <siafi>2705</siafi>
  </cep>
  <cep>
    <cep>57308-890</cep>
    <logradouro>Rua Josefa da Rocha Barros</logradouro>
    <complemento/>
    <unidade/>
    <bairro>Planalto</bairro>
    <localidade>Arapiraca</localidade>
    <uf>AL</uf>
    <estado>Alagoas</estado>
    <região/>
    <ibge>2700300</ibge>
    <gia/>
    <ddd>82</ddd>
    <siafi>2705</siafi>
  </cep>
  <cep>
    <cep>57309-090</cep>
    <logradouro>Rua Vitoriana do Nascimento Santos</logradouro>
    <complemento>(Lot B Sucesso)</complemento>
    <unidade/>
    <bairro>Bom Sucesso</bairro>
    <localidade>Arapiraca</localidade>
    <uf>AL</uf>
    <estado>Alagoas</estado>
    <região/>
    <ibge>2700300</ibge>
    <gia/>
    <ddd>82</ddd>
    <siafi>2705</siafi>
  </cep>
  <cep>
    <cep>57309-156</cep>
    <logradouro>Rua Maximiano Freire da Silva</logradouro>
    <complemento/>
    <unidade/>
    <bairro>Bom Sucesso</bairro>
    <localidade>Arapiraca</localidade>
    <uf>AL</uf>
    <estado>Alagoas</estado>
    <região/>
    <ibge>2700300</ibge>
    <gia/>
    <ddd>82</ddd>
    <siafi>2705</siafi>
  </cep>
  <cep>
    <cep>57309-135</cep>
    <logradouro>Rua Estudante Renato H. dos Santos Silva</logradouro>
    <complemento/>
    <unidade/>
    <bairro>Bom Sucesso</bairro>
    <localidade>Arapiraca</localidade>
    <uf>AL</uf>
    <estado>Alagoas</estado>
    <região/>
    <ibge>2700300</ibge>
    <gia/>
    <ddd>82</ddd>
    <siafi>2705</siafi>
  </cep>
  <cep>
    <cep>57309-158</cep>
    <logradouro>Rua Maria Neves dos Santos</logradouro>
    <complemento/>
    <unidade/>
    <bairro>Bom Sucesso</bairro>
    <localidade>Arapiraca</localidade>
    <uf>AL</uf>
    <estado>Alagoas</estado>
    <região/>
    <ibge>2700300</ibge>
    <gia/>
    <ddd>82</ddd>
    <siafi>2705</siafi>
  </cep>
  <cep>
    <cep>57309-160</cep>
    <logradouro>Rua Noemi Pereira Lima</logradouro>
    <complemento/>
    <unidade/>
    <bairro>Bom Sucesso</bairro>
    <localidade>Arapiraca</localidade>
    <uf>AL</uf>
    <estado>Alagoas</estado>
    <região/>
    <ibge>2700300</ibge>
    <gia/>
    <ddd>82</ddd>
    <siafi>2705</siafi>
  </cep>
  <cep>
    <cep>57309-150</cep>
    <logradouro>Rua Gilberto dos Santos Silva</logradouro>
    <complemento/>
    <unidade/>
    <bairro>Bom Sucesso</bairro>
    <localidade>Arapiraca</localidade>
    <uf>AL</uf>
    <estado>Alagoas</estado>
    <região/>
    <ibge>2700300</ibge>
    <gia/>
    <ddd>82</ddd>
    <siafi>2705</siafi>
  </cep>
  <cep>
    <cep>57309-132</cep>
    <logradouro>Rua Nestor Eugênio da Silva</logradouro>
    <complemento/>
    <unidade/>
    <bairro>Bom Sucesso</bairro>
    <localidade>Arapiraca</localidade>
    <uf>AL</uf>
    <estado>Alagoas</estado>
    <região/>
    <ibge>2700300</ibge>
    <gia/>
    <ddd>82</ddd>
    <siafi>2705</siafi>
  </cep>
  <cep>
    <cep>57309-080</cep>
    <logradouro>Rua Josefa Rosa de Oliveira</logradouro>
    <complemento/>
    <unidade/>
    <bairro>Bom Sucesso</bairro>
    <localidade>Arapiraca</localidade>
    <uf>AL</uf>
    <estado>Alagoas</estado>
    <região/>
    <ibge>2700300</ibge>
    <gia/>
    <ddd>82</ddd>
    <siafi>2705</siafi>
  </cep>
  <cep>
    <cep>57309-162</cep>
    <logradouro>Rua Lela Pereira Lima</logradouro>
    <complemento/>
    <unidade/>
    <bairro>Bom Sucesso</bairro>
    <localidade>Arapiraca</localidade>
    <uf>AL</uf>
    <estado>Alagoas</estado>
    <região/>
    <ibge>2700300</ibge>
    <gia/>
    <ddd>82</ddd>
    <siafi>2705</siafi>
  </cep>
  <cep>
    <cep>57309-164</cep>
    <logradouro>Rua Josefa Augustinho da Silva</logradouro>
    <complemento/>
    <unidade/>
    <bairro>Bom Sucesso</bairro>
    <localidade>Arapiraca</localidade>
    <uf>AL</uf>
    <estado>Alagoas</estado>
    <região/>
    <ibge>2700300</ibge>
    <gia/>
    <ddd>82</ddd>
    <siafi>2705</siafi>
  </cep>
  <cep>
    <cep>57309-110</cep>
    <logradouro>Rua Flaudízio Raimundo de Lima</logradouro>
    <complemento>(Lot B Sucesso)</complemento>
    <unidade/>
    <bairro>Bom Sucesso</bairro>
    <localidade>Arapiraca</localidade>
    <uf>AL</uf>
    <estado>Alagoas</estado>
    <região/>
    <ibge>2700300</ibge>
    <gia/>
    <ddd>82</ddd>
    <siafi>2705</siafi>
  </cep>
  <cep>
    <cep>57309-168</cep>
    <logradouro>Rua Iraci Rosa da Silva</logradouro>
    <complemento/>
    <unidade/>
    <bairro>Bom Sucesso</bairro>
    <localidade>Arapiraca</localidade>
    <uf>AL</uf>
    <estado>Alagoas</estado>
    <região/>
    <ibge>2700300</ibge>
    <gia/>
    <ddd>82</ddd>
    <siafi>2705</siafi>
  </cep>
  <cep>
    <cep>57309-126</cep>
    <logradouro>Rua Maria José Rodrigues Araújo</logradouro>
    <complemento/>
    <unidade/>
    <bairro>Bom Sucesso</bairro>
    <localidade>Arapiraca</localidade>
    <uf>AL</uf>
    <estado>Alagoas</estado>
    <região/>
    <ibge>2700300</ibge>
    <gia/>
    <ddd>82</ddd>
    <siafi>2705</siafi>
  </cep>
  <cep>
    <cep>57309-066</cep>
    <logradouro>Rua Daniel Pedro dos Santos</logradouro>
    <complemento/>
    <unidade/>
    <bairro>Bom Sucesso</bairro>
    <localidade>Arapiraca</localidade>
    <uf>AL</uf>
    <estado>Alagoas</estado>
    <região/>
    <ibge>2700300</ibge>
    <gia/>
    <ddd>82</ddd>
    <siafi>2705</siafi>
  </cep>
  <cep>
    <cep>57309-067</cep>
    <logradouro>Rua José Laelson de Lima</logradouro>
    <complemento/>
    <unidade/>
    <bairro>Bom Sucesso</bairro>
    <localidade>Arapiraca</localidade>
    <uf>AL</uf>
    <estado>Alagoas</estado>
    <região/>
    <ibge>2700300</ibge>
    <gia/>
    <ddd>82</ddd>
    <siafi>2705</siafi>
  </cep>
  <cep>
    <cep>57309-124</cep>
    <logradouro>Rua Luiz Ferreira da Silva</logradouro>
    <complemento/>
    <unidade/>
    <bairro>Bom Sucesso</bairro>
    <localidade>Arapiraca</localidade>
    <uf>AL</uf>
    <estado>Alagoas</estado>
    <região/>
    <ibge>2700300</ibge>
    <gia/>
    <ddd>82</ddd>
    <siafi>2705</siafi>
  </cep>
  <cep>
    <cep>57308-810</cep>
    <logradouro>Rua Alvina de Almeida Lopes</logradouro>
    <complemento/>
    <unidade/>
    <bairro>Planalto</bairro>
    <localidade>Arapiraca</localidade>
    <uf>AL</uf>
    <estado>Alagoas</estado>
    <região/>
    <ibge>2700300</ibge>
    <gia/>
    <ddd>82</ddd>
    <siafi>2705</siafi>
  </cep>
  <cep>
    <cep>57309-159</cep>
    <logradouro>Rua Izaura de Souza Barbosa</logradouro>
    <complemento/>
    <unidade/>
    <bairro>Bom Sucesso</bairro>
    <localidade>Arapiraca</localidade>
    <uf>AL</uf>
    <estado>Alagoas</estado>
    <região/>
    <ibge>2700300</ibge>
    <gia/>
    <ddd>82</ddd>
    <siafi>2705</siafi>
  </cep>
  <cep>
    <cep>57309-154</cep>
    <logradouro>Rua Antônio Bezerra de Lima</logradouro>
    <complemento/>
    <unidade/>
    <bairro>Bom Sucesso</bairro>
    <localidade>Arapiraca</localidade>
    <uf>AL</uf>
    <estado>Alagoas</estado>
    <região/>
    <ibge>2700300</ibge>
    <gia/>
    <ddd>82</ddd>
    <siafi>2705</siafi>
  </cep>
  <cep>
    <cep>57309-076</cep>
    <logradouro>Rua Carlos Antonio Correia Costa</logradouro>
    <complemento/>
    <unidade/>
    <bairro>Bom Sucesso</bairro>
    <localidade>Arapiraca</localidade>
    <uf>AL</uf>
    <estado>Alagoas</estado>
    <região/>
    <ibge>2700300</ibge>
    <gia/>
    <ddd>82</ddd>
    <siafi>2705</siafi>
  </cep>
  <cep>
    <cep>57309-030</cep>
    <logradouro>Rua Elizabeth Umbelina da Silva</logradouro>
    <complemento/>
    <unidade/>
    <bairro>Bom Sucesso</bairro>
    <localidade>Arapiraca</localidade>
    <uf>AL</uf>
    <estado>Alagoas</estado>
    <região/>
    <ibge>2700300</ibge>
    <gia/>
    <ddd>82</ddd>
    <siafi>2705</siafi>
  </cep>
  <cep>
    <cep>57309-140</cep>
    <logradouro>Rua Professor Jadson Carlos de Amorim</logradouro>
    <complemento/>
    <unidade/>
    <bairro>Bom Sucesso</bairro>
    <localidade>Arapiraca</localidade>
    <uf>AL</uf>
    <estado>Alagoas</estado>
    <região/>
    <ibge>2700300</ibge>
    <gia/>
    <ddd>82</ddd>
    <siafi>2705</siafi>
  </cep>
  <cep>
    <cep>57309-142</cep>
    <logradouro>Rua Maria Luiza de Sena</logradouro>
    <complemento/>
    <unidade/>
    <bairro>Bom Sucesso</bairro>
    <localidade>Arapiraca</localidade>
    <uf>AL</uf>
    <estado>Alagoas</estado>
    <região/>
    <ibge>2700300</ibge>
    <gia/>
    <ddd>82</ddd>
    <siafi>2705</siafi>
  </cep>
  <cep>
    <cep>57309-152</cep>
    <logradouro>Rua José Amancio Filho</logradouro>
    <complemento/>
    <unidade/>
    <bairro>Bom Sucesso</bairro>
    <localidade>Arapiraca</localidade>
    <uf>AL</uf>
    <estado>Alagoas</estado>
    <região/>
    <ibge>2700300</ibge>
    <gia/>
    <ddd>82</ddd>
    <siafi>2705</siafi>
  </cep>
  <cep>
    <cep>57309-170</cep>
    <logradouro>Rua Elizângela de Assis da Silva</logradouro>
    <complemento/>
    <unidade/>
    <bairro>Bom Sucesso</bairro>
    <localidade>Arapiraca</localidade>
    <uf>AL</uf>
    <estado>Alagoas</estado>
    <região/>
    <ibge>2700300</ibge>
    <gia/>
    <ddd>82</ddd>
    <siafi>2705</siafi>
  </cep>
  <cep>
    <cep>57309-074</cep>
    <logradouro>Rua Professora Margarida Ozória Gomes</logradouro>
    <complemento/>
    <unidade/>
    <bairro>Bom Sucesso</bairro>
    <localidade>Arapiraca</localidade>
    <uf>AL</uf>
    <estado>Alagoas</estado>
    <região/>
    <ibge>2700300</ibge>
    <gia/>
    <ddd>82</ddd>
    <siafi>2705</siafi>
  </cep>
  <cep>
    <cep>57309-174</cep>
    <logradouro>Rua Carlos César Bezerra</logradouro>
    <complemento/>
    <unidade/>
    <bairro>Bom Sucesso</bairro>
    <localidade>Arapiraca</localidade>
    <uf>AL</uf>
    <estado>Alagoas</estado>
    <região/>
    <ibge>2700300</ibge>
    <gia/>
    <ddd>82</ddd>
    <siafi>2705</siafi>
  </cep>
  <cep>
    <cep>57309-166</cep>
    <logradouro>Rua Marinete Barbosa dos Santos</logradouro>
    <complemento/>
    <unidade/>
    <bairro>Bom Sucesso</bairro>
    <localidade>Arapiraca</localidade>
    <uf>AL</uf>
    <estado>Alagoas</estado>
    <região/>
    <ibge>2700300</ibge>
    <gia/>
    <ddd>82</ddd>
    <siafi>2705</siafi>
  </cep>
  <cep>
    <cep>57309-172</cep>
    <logradouro>Rua Joanita Gomes dos Santos</logradouro>
    <complemento/>
    <unidade/>
    <bairro>Bom Sucesso</bairro>
    <localidade>Arapiraca</localidade>
    <uf>AL</uf>
    <estado>Alagoas</estado>
    <região/>
    <ibge>2700300</ibge>
    <gia/>
    <ddd>82</ddd>
    <siafi>2705</siafi>
  </cep>
  <cep>
    <cep>57309-040</cep>
    <logradouro>Rua José Duarte Alves</logradouro>
    <complemento/>
    <unidade/>
    <bairro>Bom Sucesso</bairro>
    <localidade>Arapiraca</localidade>
    <uf>AL</uf>
    <estado>Alagoas</estado>
    <região/>
    <ibge>2700300</ibge>
    <gia/>
    <ddd>82</ddd>
    <siafi>2705</siafi>
  </cep>
  <cep>
    <cep>57309-010</cep>
    <logradouro>Rua Tertuliano Bernardo de Oliveira</logradouro>
    <complemento/>
    <unidade/>
    <bairro>Bom Sucesso</bairro>
    <localidade>Arapiraca</localidade>
    <uf>AL</uf>
    <estado>Alagoas</estado>
    <região/>
    <ibge>2700300</ibge>
    <gia/>
    <ddd>82</ddd>
    <siafi>2705</siafi>
  </cep>
  <cep>
    <cep>57309-073</cep>
    <logradouro>Rua Pedro Barbosa dos Santos</logradouro>
    <complemento/>
    <unidade/>
    <bairro>Bom Sucesso</bairro>
    <localidade>Arapiraca</localidade>
    <uf>AL</uf>
    <estado>Alagoas</estado>
    <região/>
    <ibge>2700300</ibge>
    <gia/>
    <ddd>82</ddd>
    <siafi>2705</siafi>
  </cep>
  <cep>
    <cep>57309-153</cep>
    <logradouro>Avenida Pio XII</logradouro>
    <complemento>lado ímpar</complemento>
    <unidade/>
    <bairro>Bom Sucesso</bairro>
    <localidade>Arapiraca</localidade>
    <uf>AL</uf>
    <estado>Alagoas</estado>
    <região/>
    <ibge>2700300</ibge>
    <gia/>
    <ddd>82</ddd>
    <siafi>2705</siafi>
  </cep>
  <cep>
    <cep>57309-176</cep>
    <logradouro>Rua Gerson Oliveira Lins</logradouro>
    <complemento/>
    <unidade/>
    <bairro>Bom Sucesso</bairro>
    <localidade>Arapiraca</localidade>
    <uf>AL</uf>
    <estado>Alagoas</estado>
    <região/>
    <ibge>2700300</ibge>
    <gia/>
    <ddd>82</ddd>
    <siafi>2705</siafi>
  </cep>
  <cep>
    <cep>57309-178</cep>
    <logradouro>Rua Hermes Valério da Silva</logradouro>
    <complemento/>
    <unidade/>
    <bairro>Bom Sucesso</bairro>
    <localidade>Arapiraca</localidade>
    <uf>AL</uf>
    <estado>Alagoas</estado>
    <região/>
    <ibge>2700300</ibge>
    <gia/>
    <ddd>82</ddd>
    <siafi>2705</siafi>
  </cep>
  <cep>
    <cep>57309-190</cep>
    <logradouro>Rua Enaura de Andrade Lima</logradouro>
    <complemento/>
    <unidade/>
    <bairro>Bom Sucesso</bairro>
    <localidade>Arapiraca</localidade>
    <uf>AL</uf>
    <estado>Alagoas</estado>
    <região/>
    <ibge>2700300</ibge>
    <gia/>
    <ddd>82</ddd>
    <siafi>2705</siafi>
  </cep>
  <cep>
    <cep>57309-180</cep>
    <logradouro>Rua Amélia Nunes Correia</logradouro>
    <complemento>de 2 ao fim - lado par</complemento>
    <unidade/>
    <bairro>Bom Sucesso</bairro>
    <localidade>Arapiraca</localidade>
    <uf>AL</uf>
    <estado>Alagoas</estado>
    <região/>
    <ibge>2700300</ibge>
    <gia/>
    <ddd>82</ddd>
    <siafi>2705</siafi>
  </cep>
  <cep>
    <cep>57309-200</cep>
    <logradouro>Rua Eulália Leopoldina de Oliveira</logradouro>
    <complemento/>
    <unidade/>
    <bairro>Bom Sucesso</bairro>
    <localidade>Arapiraca</localidade>
    <uf>AL</uf>
    <estado>Alagoas</estado>
    <região/>
    <ibge>2700300</ibge>
    <gia/>
    <ddd>82</ddd>
    <siafi>2705</siafi>
  </cep>
  <cep>
    <cep>57309-201</cep>
    <logradouro>Rua Antonio José de Melo</logradouro>
    <complemento/>
    <unidade/>
    <bairro>Bom Sucesso</bairro>
    <localidade>Arapiraca</localidade>
    <uf>AL</uf>
    <estado>Alagoas</estado>
    <região/>
    <ibge>2700300</ibge>
    <gia/>
    <ddd>82</ddd>
    <siafi>2705</siafi>
  </cep>
  <cep>
    <cep>57309-210</cep>
    <logradouro>Rua Luiz de Oliveira Lima</logradouro>
    <complemento/>
    <unidade/>
    <bairro>Bom Sucesso</bairro>
    <localidade>Arapiraca</localidade>
    <uf>AL</uf>
    <estado>Alagoas</estado>
    <região/>
    <ibge>2700300</ibge>
    <gia/>
    <ddd>82</ddd>
    <siafi>2705</siafi>
  </cep>
  <cep>
    <cep>57309-215</cep>
    <logradouro>Rua Ambrózio de Lima</logradouro>
    <complemento/>
    <unidade/>
    <bairro>Bom Sucesso</bairro>
    <localidade>Arapiraca</localidade>
    <uf>AL</uf>
    <estado>Alagoas</estado>
    <região/>
    <ibge>2700300</ibge>
    <gia/>
    <ddd>82</ddd>
    <siafi>2705</siafi>
  </cep>
  <cep>
    <cep>57309-216</cep>
    <logradouro>Rua Vicente André da Silva</logradouro>
    <complemento/>
    <unidade/>
    <bairro>Bom Sucesso</bairro>
    <localidade>Arapiraca</localidade>
    <uf>AL</uf>
    <estado>Alagoas</estado>
    <região/>
    <ibge>2700300</ibge>
    <gia/>
    <ddd>82</ddd>
    <siafi>2705</siafi>
  </cep>
  <cep>
    <cep>57309-218</cep>
    <logradouro>Rua Iraci André da Silva</logradouro>
    <complemento/>
    <unidade/>
    <bairro>Bom Sucesso</bairro>
    <localidade>Arapiraca</localidade>
    <uf>AL</uf>
    <estado>Alagoas</estado>
    <região/>
    <ibge>2700300</ibge>
    <gia/>
    <ddd>82</ddd>
    <siafi>2705</siafi>
  </cep>
  <cep>
    <cep>57309-220</cep>
    <logradouro>Rua Pedro Luiz da Silva</logradouro>
    <complemento/>
    <unidade/>
    <bairro>Bom Sucesso</bairro>
    <localidade>Arapiraca</localidade>
    <uf>AL</uf>
    <estado>Alagoas</estado>
    <região/>
    <ibge>2700300</ibge>
    <gia/>
    <ddd>82</ddd>
    <siafi>2705</siafi>
  </cep>
  <cep>
    <cep>57309-222</cep>
    <logradouro>Rua Salustiano Vieira de Melo</logradouro>
    <complemento/>
    <unidade/>
    <bairro>Bom Sucesso</bairro>
    <localidade>Arapiraca</localidade>
    <uf>AL</uf>
    <estado>Alagoas</estado>
    <região/>
    <ibge>2700300</ibge>
    <gia/>
    <ddd>82</ddd>
    <siafi>2705</siafi>
  </cep>
  <cep>
    <cep>57309-224</cep>
    <logradouro>Rua Isaias Bernardo de Oliveira</logradouro>
    <complemento/>
    <unidade/>
    <bairro>Bom Sucesso</bairro>
    <localidade>Arapiraca</localidade>
    <uf>AL</uf>
    <estado>Alagoas</estado>
    <região/>
    <ibge>2700300</ibge>
    <gia/>
    <ddd>82</ddd>
    <siafi>2705</siafi>
  </cep>
  <cep>
    <cep>57309-226</cep>
    <logradouro>Rua Marcos Gonçalves de Melo</logradouro>
    <complemento/>
    <unidade/>
    <bairro>Bom Sucesso</bairro>
    <localidade>Arapiraca</localidade>
    <uf>AL</uf>
    <estado>Alagoas</estado>
    <região/>
    <ibge>2700300</ibge>
    <gia/>
    <ddd>82</ddd>
    <siafi>2705</siafi>
  </cep>
  <cep>
    <cep>57309-230</cep>
    <logradouro>Rua Manoel Miguel da Silva</logradouro>
    <complemento/>
    <unidade/>
    <bairro>Bom Sucesso</bairro>
    <localidade>Arapiraca</localidade>
    <uf>AL</uf>
    <estado>Alagoas</estado>
    <região/>
    <ibge>2700300</ibge>
    <gia/>
    <ddd>82</ddd>
    <siafi>2705</siafi>
  </cep>
  <cep>
    <cep>57309-390</cep>
    <logradouro>Rua Raimundo dos Santos</logradouro>
    <complemento/>
    <unidade/>
    <bairro>Senador Nilo Coelho</bairro>
    <localidade>Arapiraca</localidade>
    <uf>AL</uf>
    <estado>Alagoas</estado>
    <região/>
    <ibge>2700300</ibge>
    <gia/>
    <ddd>82</ddd>
    <siafi>2705</siafi>
  </cep>
  <cep>
    <cep>57309-391</cep>
    <logradouro>Rua Tibúrcio Valeriano</logradouro>
    <complemento>lado ímpar</complemento>
    <unidade/>
    <bairro>Senador Nilo Coelho</bairro>
    <localidade>Arapiraca</localidade>
    <uf>AL</uf>
    <estado>Alagoas</estado>
    <região/>
    <ibge>2700300</ibge>
    <gia/>
    <ddd>82</ddd>
    <siafi>2705</siafi>
  </cep>
  <cep>
    <cep>57309-395</cep>
    <logradouro>Rodovia AL-220</logradouro>
    <complemento>lado ímpar</complemento>
    <unidade/>
    <bairro>Senador Nilo Coelho</bairro>
    <localidade>Arapiraca</localidade>
    <uf>AL</uf>
    <estado>Alagoas</estado>
    <região/>
    <ibge>2700300</ibge>
    <gia/>
    <ddd>82</ddd>
    <siafi>2705</siafi>
  </cep>
  <cep>
    <cep>57309-400</cep>
    <logradouro>Rua José Amaro da Silva</logradouro>
    <complemento/>
    <unidade/>
    <bairro>Senador Nilo Coelho</bairro>
    <localidade>Arapiraca</localidade>
    <uf>AL</uf>
    <estado>Alagoas</estado>
    <região/>
    <ibge>2700300</ibge>
    <gia/>
    <ddd>82</ddd>
    <siafi>2705</siafi>
  </cep>
  <cep>
    <cep>57309-405</cep>
    <logradouro>Rua Terezinha Vieira de Lima e Silva</logradouro>
    <complemento/>
    <unidade/>
    <bairro>Senador Nilo Coelho</bairro>
    <localidade>Arapiraca</localidade>
    <uf>AL</uf>
    <estado>Alagoas</estado>
    <região/>
    <ibge>2700300</ibge>
    <gia/>
    <ddd>82</ddd>
    <siafi>2705</siafi>
  </cep>
  <cep>
    <cep>57309-410</cep>
    <logradouro>Rua Francelino de Brito</logradouro>
    <complemento/>
    <unidade/>
    <bairro>Senador Nilo Coelho</bairro>
    <localidade>Arapiraca</localidade>
    <uf>AL</uf>
    <estado>Alagoas</estado>
    <região/>
    <ibge>2700300</ibge>
    <gia/>
    <ddd>82</ddd>
    <siafi>2705</siafi>
  </cep>
  <cep>
    <cep>57309-415</cep>
    <logradouro>Rua João Nobre de Farias</logradouro>
    <complemento/>
    <unidade/>
    <bairro>Senador Nilo Coelho</bairro>
    <localidade>Arapiraca</localidade>
    <uf>AL</uf>
    <estado>Alagoas</estado>
    <região/>
    <ibge>2700300</ibge>
    <gia/>
    <ddd>82</ddd>
    <siafi>2705</siafi>
  </cep>
  <cep>
    <cep>57309-430</cep>
    <logradouro>Rua Luiz Estevam da Silva</logradouro>
    <complemento/>
    <unidade/>
    <bairro>Senador Nilo Coelho</bairro>
    <localidade>Arapiraca</localidade>
    <uf>AL</uf>
    <estado>Alagoas</estado>
    <região/>
    <ibge>2700300</ibge>
    <gia/>
    <ddd>82</ddd>
    <siafi>2705</siafi>
  </cep>
  <cep>
    <cep>57309-420</cep>
    <logradouro>Rua Vicente Vieira dos Santos</logradouro>
    <complemento/>
    <unidade/>
    <bairro>Senador Nilo Coelho</bairro>
    <localidade>Arapiraca</localidade>
    <uf>AL</uf>
    <estado>Alagoas</estado>
    <região/>
    <ibge>2700300</ibge>
    <gia/>
    <ddd>82</ddd>
    <siafi>2705</siafi>
  </cep>
  <cep>
    <cep>57309-440</cep>
    <logradouro>Rua Antônio Nunes da Silva</logradouro>
    <complemento/>
    <unidade/>
    <bairro>Senador Nilo Coelho</bairro>
    <localidade>Arapiraca</localidade>
    <uf>AL</uf>
    <estado>Alagoas</estado>
    <região/>
    <ibge>2700300</ibge>
    <gia/>
    <ddd>82</ddd>
    <siafi>2705</siafi>
  </cep>
  <cep>
    <cep>57309-450</cep>
    <logradouro>Rua José Valeriano da Silva</logradouro>
    <complemento/>
    <unidade/>
    <bairro>Senador Nilo Coelho</bairro>
    <localidade>Arapiraca</localidade>
    <uf>AL</uf>
    <estado>Alagoas</estado>
    <região/>
    <ibge>2700300</ibge>
    <gia/>
    <ddd>82</ddd>
    <siafi>2705</siafi>
  </cep>
  <cep>
    <cep>57309-451</cep>
    <logradouro>Rua Maria Efigênia dos Santos</logradouro>
    <complemento/>
    <unidade/>
    <bairro>Senador Nilo Coelho</bairro>
    <localidade>Arapiraca</localidade>
    <uf>AL</uf>
    <estado>Alagoas</estado>
    <região/>
    <ibge>2700300</ibge>
    <gia/>
    <ddd>82</ddd>
    <siafi>2705</siafi>
  </cep>
  <cep>
    <cep>57309-452</cep>
    <logradouro>Rua Floraci Maria de Albuquerque</logradouro>
    <complemento/>
    <unidade/>
    <bairro>Senador Nilo Coelho</bairro>
    <localidade>Arapiraca</localidade>
    <uf>AL</uf>
    <estado>Alagoas</estado>
    <região/>
    <ibge>2700300</ibge>
    <gia/>
    <ddd>82</ddd>
    <siafi>2705</siafi>
  </cep>
  <cep>
    <cep>57309-454</cep>
    <logradouro>Rua Eloysa Barbosa Malaquias</logradouro>
    <complemento/>
    <unidade/>
    <bairro>Senador Nilo Coelho</bairro>
    <localidade>Arapiraca</localidade>
    <uf>AL</uf>
    <estado>Alagoas</estado>
    <região/>
    <ibge>2700300</ibge>
    <gia/>
    <ddd>82</ddd>
    <siafi>2705</siafi>
  </cep>
  <cep>
    <cep>57309-476</cep>
    <logradouro>Rua João Apolinário Neto</logradouro>
    <complemento/>
    <unidade/>
    <bairro>Senador Nilo Coelho</bairro>
    <localidade>Arapiraca</localidade>
    <uf>AL</uf>
    <estado>Alagoas</estado>
    <região/>
    <ibge>2700300</ibge>
    <gia/>
    <ddd>82</ddd>
    <siafi>2705</siafi>
  </cep>
  <cep>
    <cep>57309-456</cep>
    <logradouro>Rua Julia Ursulino da Silva</logradouro>
    <complemento/>
    <unidade/>
    <bairro>Senador Nilo Coelho</bairro>
    <localidade>Arapiraca</localidade>
    <uf>AL</uf>
    <estado>Alagoas</estado>
    <região/>
    <ibge>2700300</ibge>
    <gia/>
    <ddd>82</ddd>
    <siafi>2705</siafi>
  </cep>
  <cep>
    <cep>57309-460</cep>
    <logradouro>Rua Ângelo Sobrinho</logradouro>
    <complemento>lado ímpar</complemento>
    <unidade/>
    <bairro>Senador Nilo Coelho</bairro>
    <localidade>Arapiraca</localidade>
    <uf>AL</uf>
    <estado>Alagoas</estado>
    <região/>
    <ibge>2700300</ibge>
    <gia/>
    <ddd>82</ddd>
    <siafi>2705</siafi>
  </cep>
  <cep>
    <cep>57309-490</cep>
    <logradouro>Rua Girassol</logradouro>
    <complemento>(Cj H Jd das Paineiras)</complemento>
    <unidade/>
    <bairro>Senador Nilo Coelho</bairro>
    <localidade>Arapiraca</localidade>
    <uf>AL</uf>
    <estado>Alagoas</estado>
    <região/>
    <ibge>2700300</ibge>
    <gia/>
    <ddd>82</ddd>
    <siafi>2705</siafi>
  </cep>
  <cep>
    <cep>57309-470</cep>
    <logradouro>Rua Pedro Alexandre</logradouro>
    <complemento/>
    <unidade/>
    <bairro>Senador Nilo Coelho</bairro>
    <localidade>Arapiraca</localidade>
    <uf>AL</uf>
    <estado>Alagoas</estado>
    <região/>
    <ibge>2700300</ibge>
    <gia/>
    <ddd>82</ddd>
    <siafi>2705</siafi>
  </cep>
  <cep>
    <cep>57309-492</cep>
    <logradouro>Rua Hortelã</logradouro>
    <complemento>(Cj H Jd das Paineiras)</complemento>
    <unidade/>
    <bairro>Senador Nilo Coelho</bairro>
    <localidade>Arapiraca</localidade>
    <uf>AL</uf>
    <estado>Alagoas</estado>
    <região/>
    <ibge>2700300</ibge>
    <gia/>
    <ddd>82</ddd>
    <siafi>2705</siafi>
  </cep>
  <cep>
    <cep>57309-494</cep>
    <logradouro>Rua Ingá</logradouro>
    <complemento>(Cj H Jd das Paineiras)</complemento>
    <unidade/>
    <bairro>Senador Nilo Coelho</bairro>
    <localidade>Arapiraca</localidade>
    <uf>AL</uf>
    <estado>Alagoas</estado>
    <região/>
    <ibge>2700300</ibge>
    <gia/>
    <ddd>82</ddd>
    <siafi>2705</siafi>
  </cep>
  <cep>
    <cep>57309-474</cep>
    <logradouro>Rua Antonio Aureliano de Sousa</logradouro>
    <complemento/>
    <unidade/>
    <bairro>Senador Nilo Coelho</bairro>
    <localidade>Arapiraca</localidade>
    <uf>AL</uf>
    <estado>Alagoas</estado>
    <região/>
    <ibge>2700300</ibge>
    <gia/>
    <ddd>82</ddd>
    <siafi>2705</siafi>
  </cep>
  <cep>
    <cep>57309-478</cep>
    <logradouro>Rua José Pedro da Silva</logradouro>
    <complemento/>
    <unidade/>
    <bairro>Senador Nilo Coelho</bairro>
    <localidade>Arapiraca</localidade>
    <uf>AL</uf>
    <estado>Alagoas</estado>
    <região/>
    <ibge>2700300</ibge>
    <gia/>
    <ddd>82</ddd>
    <siafi>2705</siafi>
  </cep>
  <cep>
    <cep>57309-504</cep>
    <logradouro>Rua Arapiraca</logradouro>
    <complemento>(Cj H Jd das Paineiras)</complemento>
    <unidade/>
    <bairro>Senador Nilo Coelho</bairro>
    <localidade>Arapiraca</localidade>
    <uf>AL</uf>
    <estado>Alagoas</estado>
    <região/>
    <ibge>2700300</ibge>
    <gia/>
    <ddd>82</ddd>
    <siafi>2705</siafi>
  </cep>
  <cep>
    <cep>57309-496</cep>
    <logradouro>Rua Rufino Malaquias da Silva</logradouro>
    <complemento>(Conj. Hab. Jardim das Paineiras) -</complemento>
    <unidade/>
    <bairro>Senador Nilo Coelho</bairro>
    <localidade>Arapiraca</localidade>
    <uf>AL</uf>
    <estado>Alagoas</estado>
    <região/>
    <ibge>2700300</ibge>
    <gia/>
    <ddd>82</ddd>
    <siafi>2705</siafi>
  </cep>
  <cep>
    <cep>57309-484</cep>
    <logradouro>Rua Dantéa Maria Camilo</logradouro>
    <complemento/>
    <unidade/>
    <bairro>Senador Nilo Coelho</bairro>
    <localidade>Arapiraca</localidade>
    <uf>AL</uf>
    <estado>Alagoas</estado>
    <região/>
    <ibge>2700300</ibge>
    <gia/>
    <ddd>82</ddd>
    <siafi>2705</siafi>
  </cep>
  <cep>
    <cep>57309-500</cep>
    <logradouro>Rua Sapucaia</logradouro>
    <complemento>(Cj H Jd das Paineiras)</complemento>
    <unidade/>
    <bairro>Senador Nilo Coelho</bairro>
    <localidade>Arapiraca</localidade>
    <uf>AL</uf>
    <estado>Alagoas</estado>
    <região/>
    <ibge>2700300</ibge>
    <gia/>
    <ddd>82</ddd>
    <siafi>2705</siafi>
  </cep>
  <cep>
    <cep>57309-508</cep>
    <logradouro>Rua Angelim</logradouro>
    <complemento>(Cj H Jd das Paineiras)</complemento>
    <unidade/>
    <bairro>Senador Nilo Coelho</bairro>
    <localidade>Arapiraca</localidade>
    <uf>AL</uf>
    <estado>Alagoas</estado>
    <região/>
    <ibge>2700300</ibge>
    <gia/>
    <ddd>82</ddd>
    <siafi>2705</siafi>
  </cep>
  <cep>
    <cep>57309-497</cep>
    <logradouro>Rua Paineira Branca</logradouro>
    <complemento>(Cj H Jd das Paineiras)</complemento>
    <unidade/>
    <bairro>Senador Nilo Coelho</bairro>
    <localidade>Arapiraca</localidade>
    <uf>AL</uf>
    <estado>Alagoas</estado>
    <região/>
    <ibge>2700300</ibge>
    <gia/>
    <ddd>82</ddd>
    <siafi>2705</siafi>
  </cep>
  <cep>
    <cep>57309-499</cep>
    <logradouro>Rua Ypê Branco</logradouro>
    <complemento>(Cj H Jd das Paineiras)</complemento>
    <unidade/>
    <bairro>Senador Nilo Coelho</bairro>
    <localidade>Arapiraca</localidade>
    <uf>AL</uf>
    <estado>Alagoas</estado>
    <região/>
    <ibge>2700300</ibge>
    <gia/>
    <ddd>82</ddd>
    <siafi>2705</siafi>
  </cep>
  <cep>
    <cep>57309-612</cep>
    <logradouro>Rua José Ulisses de Oliveira</logradouro>
    <complemento/>
    <unidade/>
    <bairro>Massaranduba</bairro>
    <localidade>Arapiraca</localidade>
    <uf>AL</uf>
    <estado>Alagoas</estado>
    <região/>
    <ibge>2700300</ibge>
    <gia/>
    <ddd>82</ddd>
    <siafi>2705</siafi>
  </cep>
  <cep>
    <cep>57309-507</cep>
    <logradouro>Rua Alecrim</logradouro>
    <complemento>(Cj H Jd das Paineiras)</complemento>
    <unidade/>
    <bairro>Senador Nilo Coelho</bairro>
    <localidade>Arapiraca</localidade>
    <uf>AL</uf>
    <estado>Alagoas</estado>
    <região/>
    <ibge>2700300</ibge>
    <gia/>
    <ddd>82</ddd>
    <siafi>2705</siafi>
  </cep>
  <cep>
    <cep>57309-005</cep>
    <logradouro>Rodovia AL-115</logradouro>
    <complemento/>
    <unidade/>
    <bairro>Bom Sucesso</bairro>
    <localidade>Arapiraca</localidade>
    <uf>AL</uf>
    <estado>Alagoas</estado>
    <região/>
    <ibge>2700300</ibge>
    <gia/>
    <ddd>82</ddd>
    <siafi>2705</siafi>
  </cep>
  <cep>
    <cep>57309-620</cep>
    <logradouro>Rua Abacateiro</logradouro>
    <complemento/>
    <unidade/>
    <bairro>Massaranduba</bairro>
    <localidade>Arapiraca</localidade>
    <uf>AL</uf>
    <estado>Alagoas</estado>
    <região/>
    <ibge>2700300</ibge>
    <gia/>
    <ddd>82</ddd>
    <siafi>2705</siafi>
  </cep>
  <cep>
    <cep>57309-622</cep>
    <logradouro>Rua Cajueiro</logradouro>
    <complemento/>
    <unidade/>
    <bairro>Massaranduba</bairro>
    <localidade>Arapiraca</localidade>
    <uf>AL</uf>
    <estado>Alagoas</estado>
    <região/>
    <ibge>2700300</ibge>
    <gia/>
    <ddd>82</ddd>
    <siafi>2705</siafi>
  </cep>
  <cep>
    <cep>57309-624</cep>
    <logradouro>Rua Goiabeira</logradouro>
    <complemento/>
    <unidade/>
    <bairro>Massaranduba</bairro>
    <localidade>Arapiraca</localidade>
    <uf>AL</uf>
    <estado>Alagoas</estado>
    <região/>
    <ibge>2700300</ibge>
    <gia/>
    <ddd>82</ddd>
    <siafi>2705</siafi>
  </cep>
  <cep>
    <cep>57309-618</cep>
    <logradouro>Rua Laranjeira</logradouro>
    <complemento/>
    <unidade/>
    <bairro>Massaranduba</bairro>
    <localidade>Arapiraca</localidade>
    <uf>AL</uf>
    <estado>Alagoas</estado>
    <região/>
    <ibge>2700300</ibge>
    <gia/>
    <ddd>82</ddd>
    <siafi>2705</siafi>
  </cep>
  <cep>
    <cep>57309-510</cep>
    <logradouro>Rua Bom Nome</logradouro>
    <complemento>(Cj H Jd das Paineiras)</complemento>
    <unidade/>
    <bairro>Senador Nilo Coelho</bairro>
    <localidade>Arapiraca</localidade>
    <uf>AL</uf>
    <estado>Alagoas</estado>
    <região/>
    <ibge>2700300</ibge>
    <gia/>
    <ddd>82</ddd>
    <siafi>2705</siafi>
  </cep>
  <cep>
    <cep>57309-495</cep>
    <logradouro>Rua Pau Brasil</logradouro>
    <complemento>(Cj H Jd das Paineiras)</complemento>
    <unidade/>
    <bairro>Senador Nilo Coelho</bairro>
    <localidade>Arapiraca</localidade>
    <uf>AL</uf>
    <estado>Alagoas</estado>
    <região/>
    <ibge>2700300</ibge>
    <gia/>
    <ddd>82</ddd>
    <siafi>2705</siafi>
  </cep>
  <cep>
    <cep>57309-614</cep>
    <logradouro>Rua Senhor do Bonfim</logradouro>
    <complemento/>
    <unidade/>
    <bairro>Massaranduba</bairro>
    <localidade>Arapiraca</localidade>
    <uf>AL</uf>
    <estado>Alagoas</estado>
    <região/>
    <ibge>2700300</ibge>
    <gia/>
    <ddd>82</ddd>
    <siafi>2705</siafi>
  </cep>
  <cep>
    <cep>57309-626</cep>
    <logradouro>Rua Guabiroba</logradouro>
    <complemento/>
    <unidade/>
    <bairro>Massaranduba</bairro>
    <localidade>Arapiraca</localidade>
    <uf>AL</uf>
    <estado>Alagoas</estado>
    <região/>
    <ibge>2700300</ibge>
    <gia/>
    <ddd>82</ddd>
    <siafi>2705</siafi>
  </cep>
  <cep>
    <cep>57309-628</cep>
    <logradouro>Rua Figueira</logradouro>
    <complemento/>
    <unidade/>
    <bairro>Massaranduba</bairro>
    <localidade>Arapiraca</localidade>
    <uf>AL</uf>
    <estado>Alagoas</estado>
    <região/>
    <ibge>2700300</ibge>
    <gia/>
    <ddd>82</ddd>
    <siafi>2705</siafi>
  </cep>
  <cep>
    <cep>57309-506</cep>
    <logradouro>Rua Palmeira</logradouro>
    <complemento>(Cj H Jd das Paineiras)</complemento>
    <unidade/>
    <bairro>Senador Nilo Coelho</bairro>
    <localidade>Arapiraca</localidade>
    <uf>AL</uf>
    <estado>Alagoas</estado>
    <região/>
    <ibge>2700300</ibge>
    <gia/>
    <ddd>82</ddd>
    <siafi>2705</siafi>
  </cep>
  <cep>
    <cep>57309-482</cep>
    <logradouro>Rua José Felix de Farias</logradouro>
    <complemento/>
    <unidade/>
    <bairro>Senador Nilo Coelho</bairro>
    <localidade>Arapiraca</localidade>
    <uf>AL</uf>
    <estado>Alagoas</estado>
    <região/>
    <ibge>2700300</ibge>
    <gia/>
    <ddd>82</ddd>
    <siafi>2705</siafi>
  </cep>
  <cep>
    <cep>57309-610</cep>
    <logradouro>Rua Amélia Nunes Correia</logradouro>
    <complemento>lado ímpar</complemento>
    <unidade/>
    <bairro>Massaranduba</bairro>
    <localidade>Arapiraca</localidade>
    <uf>AL</uf>
    <estado>Alagoas</estado>
    <região/>
    <ibge>2700300</ibge>
    <gia/>
    <ddd>82</ddd>
    <siafi>2705</siafi>
  </cep>
  <cep>
    <cep>57309-616</cep>
    <logradouro>Rua Limoeiro</logradouro>
    <complemento/>
    <unidade/>
    <bairro>Massaranduba</bairro>
    <localidade>Arapiraca</localidade>
    <uf>AL</uf>
    <estado>Alagoas</estado>
    <região/>
    <ibge>2700300</ibge>
    <gia/>
    <ddd>82</ddd>
    <siafi>2705</siafi>
  </cep>
  <cep>
    <cep>57309-608</cep>
    <logradouro>Rua José Naílton Barbosa Lins</logradouro>
    <complemento>lado ímpar</complemento>
    <unidade/>
    <bairro>Massaranduba</bairro>
    <localidade>Arapiraca</localidade>
    <uf>AL</uf>
    <estado>Alagoas</estado>
    <região/>
    <ibge>2700300</ibge>
    <gia/>
    <ddd>82</ddd>
    <siafi>2705</siafi>
  </cep>
  <cep>
    <cep>57309-613</cep>
    <logradouro>Rua Maestro Antonio Leite Neto</logradouro>
    <complemento/>
    <unidade/>
    <bairro>Massaranduba</bairro>
    <localidade>Arapiraca</localidade>
    <uf>AL</uf>
    <estado>Alagoas</estado>
    <região/>
    <ibge>2700300</ibge>
    <gia/>
    <ddd>82</ddd>
    <siafi>2705</siafi>
  </cep>
  <cep>
    <cep>57309-630</cep>
    <logradouro>Rua Pitangueira</logradouro>
    <complemento/>
    <unidade/>
    <bairro>Massaranduba</bairro>
    <localidade>Arapiraca</localidade>
    <uf>AL</uf>
    <estado>Alagoas</estado>
    <região/>
    <ibge>2700300</ibge>
    <gia/>
    <ddd>82</ddd>
    <siafi>2705</siafi>
  </cep>
  <cep>
    <cep>57309-632</cep>
    <logradouro>Rua Pitombeira</logradouro>
    <complemento/>
    <unidade/>
    <bairro>Massaranduba</bairro>
    <localidade>Arapiraca</localidade>
    <uf>AL</uf>
    <estado>Alagoas</estado>
    <região/>
    <ibge>2700300</ibge>
    <gia/>
    <ddd>82</ddd>
    <siafi>2705</siafi>
  </cep>
  <cep>
    <cep>57309-502</cep>
    <logradouro>Rua Cajarana</logradouro>
    <complemento>(Cj H Jd das Paineiras)</complemento>
    <unidade/>
    <bairro>Senador Nilo Coelho</bairro>
    <localidade>Arapiraca</localidade>
    <uf>AL</uf>
    <estado>Alagoas</estado>
    <região/>
    <ibge>2700300</ibge>
    <gia/>
    <ddd>82</ddd>
    <siafi>2705</siafi>
  </cep>
  <cep>
    <cep>57309-505</cep>
    <logradouro>Rua Arueira</logradouro>
    <complemento>(Cj H Jd das Paineiras)</complemento>
    <unidade/>
    <bairro>Senador Nilo Coelho</bairro>
    <localidade>Arapiraca</localidade>
    <uf>AL</uf>
    <estado>Alagoas</estado>
    <região/>
    <ibge>2700300</ibge>
    <gia/>
    <ddd>82</ddd>
    <siafi>2705</siafi>
  </cep>
  <cep>
    <cep>57309-472</cep>
    <logradouro>Rua Valdemar Lucindo da Silva</logradouro>
    <complemento/>
    <unidade/>
    <bairro>Senador Nilo Coelho</bairro>
    <localidade>Arapiraca</localidade>
    <uf>AL</uf>
    <estado>Alagoas</estado>
    <região/>
    <ibge>2700300</ibge>
    <gia/>
    <ddd>82</ddd>
    <siafi>2705</siafi>
  </cep>
  <cep>
    <cep>57309-493</cep>
    <logradouro>Rua Paineira</logradouro>
    <complemento>(Cj H Jd das Paineiras)</complemento>
    <unidade/>
    <bairro>Senador Nilo Coelho</bairro>
    <localidade>Arapiraca</localidade>
    <uf>AL</uf>
    <estado>Alagoas</estado>
    <região/>
    <ibge>2700300</ibge>
    <gia/>
    <ddd>82</ddd>
    <siafi>2705</siafi>
  </cep>
  <cep>
    <cep>57309-501</cep>
    <logradouro>Rua Mulungú</logradouro>
    <complemento>(Cj H Jd das Paineiras)</complemento>
    <unidade/>
    <bairro>Senador Nilo Coelho</bairro>
    <localidade>Arapiraca</localidade>
    <uf>AL</uf>
    <estado>Alagoas</estado>
    <região/>
    <ibge>2700300</ibge>
    <gia/>
    <ddd>82</ddd>
    <siafi>2705</siafi>
  </cep>
  <cep>
    <cep>57309-498</cep>
    <logradouro>Rua Quaresmeira</logradouro>
    <complemento>(Cj H Jd das Paineiras)</complemento>
    <unidade/>
    <bairro>Senador Nilo Coelho</bairro>
    <localidade>Arapiraca</localidade>
    <uf>AL</uf>
    <estado>Alagoas</estado>
    <região/>
    <ibge>2700300</ibge>
    <gia/>
    <ddd>82</ddd>
    <siafi>2705</siafi>
  </cep>
  <cep>
    <cep>57309-488</cep>
    <logradouro>Rua Marlúcia Alves de Oliveira</logradouro>
    <complemento/>
    <unidade/>
    <bairro>Senador Nilo Coelho</bairro>
    <localidade>Arapiraca</localidade>
    <uf>AL</uf>
    <estado>Alagoas</estado>
    <região/>
    <ibge>2700300</ibge>
    <gia/>
    <ddd>82</ddd>
    <siafi>2705</siafi>
  </cep>
  <cep>
    <cep>57309-634</cep>
    <logradouro>Rua Cerejeira</logradouro>
    <complemento/>
    <unidade/>
    <bairro>Massaranduba</bairro>
    <localidade>Arapiraca</localidade>
    <uf>AL</uf>
    <estado>Alagoas</estado>
    <região/>
    <ibge>2700300</ibge>
    <gia/>
    <ddd>82</ddd>
    <siafi>2705</siafi>
  </cep>
  <cep>
    <cep>57309-503</cep>
    <logradouro>Rua Pitanga</logradouro>
    <complemento>(Cj H Jd das Paineiras)</complemento>
    <unidade/>
    <bairro>Senador Nilo Coelho</bairro>
    <localidade>Arapiraca</localidade>
    <uf>AL</uf>
    <estado>Alagoas</estado>
    <região/>
    <ibge>2700300</ibge>
    <gia/>
    <ddd>82</ddd>
    <siafi>2705</siafi>
  </cep>
  <cep>
    <cep>57309-509</cep>
    <logradouro>Rua Rosa Mística</logradouro>
    <complemento>(Cj H Jd das Paineiras)</complemento>
    <unidade/>
    <bairro>Senador Nilo Coelho</bairro>
    <localidade>Arapiraca</localidade>
    <uf>AL</uf>
    <estado>Alagoas</estado>
    <região/>
    <ibge>2700300</ibge>
    <gia/>
    <ddd>82</ddd>
    <siafi>2705</siafi>
  </cep>
  <cep>
    <cep>57309-480</cep>
    <logradouro>Rua Wilson Tavares da Silva</logradouro>
    <complemento/>
    <unidade/>
    <bairro>Senador Nilo Coelho</bairro>
    <localidade>Arapiraca</localidade>
    <uf>AL</uf>
    <estado>Alagoas</estado>
    <região/>
    <ibge>2700300</ibge>
    <gia/>
    <ddd>82</ddd>
    <siafi>2705</siafi>
  </cep>
  <cep>
    <cep>57309-491</cep>
    <logradouro>Rua Jasmim</logradouro>
    <complemento>(Cj H Jd das Paineiras)</complemento>
    <unidade/>
    <bairro>Senador Nilo Coelho</bairro>
    <localidade>Arapiraca</localidade>
    <uf>AL</uf>
    <estado>Alagoas</estado>
    <região/>
    <ibge>2700300</ibge>
    <gia/>
    <ddd>82</ddd>
    <siafi>2705</siafi>
  </cep>
  <cep>
    <cep>57309-636</cep>
    <logradouro>Rua Jabuticabeira</logradouro>
    <complemento/>
    <unidade/>
    <bairro>Massaranduba</bairro>
    <localidade>Arapiraca</localidade>
    <uf>AL</uf>
    <estado>Alagoas</estado>
    <região/>
    <ibge>2700300</ibge>
    <gia/>
    <ddd>82</ddd>
    <siafi>2705</siafi>
  </cep>
  <cep>
    <cep>57309-638</cep>
    <logradouro>Rua Araçá</logradouro>
    <complemento/>
    <unidade/>
    <bairro>Massaranduba</bairro>
    <localidade>Arapiraca</localidade>
    <uf>AL</uf>
    <estado>Alagoas</estado>
    <região/>
    <ibge>2700300</ibge>
    <gia/>
    <ddd>82</ddd>
    <siafi>2705</siafi>
  </cep>
  <cep>
    <cep>57309-642</cep>
    <logradouro>Rua Umbuzeiro</logradouro>
    <complemento/>
    <unidade/>
    <bairro>Massaranduba</bairro>
    <localidade>Arapiraca</localidade>
    <uf>AL</uf>
    <estado>Alagoas</estado>
    <região/>
    <ibge>2700300</ibge>
    <gia/>
    <ddd>82</ddd>
    <siafi>2705</siafi>
  </cep>
  <cep>
    <cep>57309-640</cep>
    <logradouro>Rua Sapotizeiro</logradouro>
    <complemento/>
    <unidade/>
    <bairro>Massaranduba</bairro>
    <localidade>Arapiraca</localidade>
    <uf>AL</uf>
    <estado>Alagoas</estado>
    <região/>
    <ibge>2700300</ibge>
    <gia/>
    <ddd>82</ddd>
    <siafi>2705</siafi>
  </cep>
  <cep>
    <cep>57309-644</cep>
    <logradouro>Rua Mamoeiro</logradouro>
    <complemento/>
    <unidade/>
    <bairro>Massaranduba</bairro>
    <localidade>Arapiraca</localidade>
    <uf>AL</uf>
    <estado>Alagoas</estado>
    <região/>
    <ibge>2700300</ibge>
    <gia/>
    <ddd>82</ddd>
    <siafi>2705</siafi>
  </cep>
  <cep>
    <cep>57309-646</cep>
    <logradouro>Rua Mangueira</logradouro>
    <complemento/>
    <unidade/>
    <bairro>Massaranduba</bairro>
    <localidade>Arapiraca</localidade>
    <uf>AL</uf>
    <estado>Alagoas</estado>
    <região/>
    <ibge>2700300</ibge>
    <gia/>
    <ddd>82</ddd>
    <siafi>2705</siafi>
  </cep>
  <cep>
    <cep>57309-648</cep>
    <logradouro>Rua Antonia Leonília Félix</logradouro>
    <complemento/>
    <unidade/>
    <bairro>Massaranduba</bairro>
    <localidade>Arapiraca</localidade>
    <uf>AL</uf>
    <estado>Alagoas</estado>
    <região/>
    <ibge>2700300</ibge>
    <gia/>
    <ddd>82</ddd>
    <siafi>2705</siafi>
  </cep>
  <cep>
    <cep>57309-650</cep>
    <logradouro>Rua Josefa Joselita Nunes Paulino</logradouro>
    <complemento/>
    <unidade/>
    <bairro>Massaranduba</bairro>
    <localidade>Arapiraca</localidade>
    <uf>AL</uf>
    <estado>Alagoas</estado>
    <região/>
    <ibge>2700300</ibge>
    <gia/>
    <ddd>82</ddd>
    <siafi>2705</siafi>
  </cep>
  <cep>
    <cep>57309-652</cep>
    <logradouro>Rua Terezinha de Carvalho Alencar</logradouro>
    <complemento/>
    <unidade/>
    <bairro>Massaranduba</bairro>
    <localidade>Arapiraca</localidade>
    <uf>AL</uf>
    <estado>Alagoas</estado>
    <região/>
    <ibge>2700300</ibge>
    <gia/>
    <ddd>82</ddd>
    <siafi>2705</siafi>
  </cep>
  <cep>
    <cep>57309-656</cep>
    <logradouro>Rua Professora Maria Leônia Ferreira</logradouro>
    <complemento/>
    <unidade/>
    <bairro>Massaranduba</bairro>
    <localidade>Arapiraca</localidade>
    <uf>AL</uf>
    <estado>Alagoas</estado>
    <região/>
    <ibge>2700300</ibge>
    <gia/>
    <ddd>82</ddd>
    <siafi>2705</siafi>
  </cep>
  <cep>
    <cep>57309-654</cep>
    <logradouro>Rua Severino Félix do Nascimento</logradouro>
    <complemento/>
    <unidade/>
    <bairro>Massaranduba</bairro>
    <localidade>Arapiraca</localidade>
    <uf>AL</uf>
    <estado>Alagoas</estado>
    <região/>
    <ibge>2700300</ibge>
    <gia/>
    <ddd>82</ddd>
    <siafi>2705</siafi>
  </cep>
  <cep>
    <cep>57309-660</cep>
    <logradouro>Rua Maria Augusta Nunes Paulino Silva</logradouro>
    <complemento/>
    <unidade/>
    <bairro>Massaranduba</bairro>
    <localidade>Arapiraca</localidade>
    <uf>AL</uf>
    <estado>Alagoas</estado>
    <região/>
    <ibge>2700300</ibge>
    <gia/>
    <ddd>82</ddd>
    <siafi>2705</siafi>
  </cep>
  <cep>
    <cep>57309-658</cep>
    <logradouro>Rua Professora Claudenice Oliveira Pimentel</logradouro>
    <complemento/>
    <unidade/>
    <bairro>Massaranduba</bairro>
    <localidade>Arapiraca</localidade>
    <uf>AL</uf>
    <estado>Alagoas</estado>
    <região/>
    <ibge>2700300</ibge>
    <gia/>
    <ddd>82</ddd>
    <siafi>2705</siafi>
  </cep>
  <cep>
    <cep>57309-662</cep>
    <logradouro>Rua Josefa Bastos da Silva</logradouro>
    <complemento/>
    <unidade/>
    <bairro>Massaranduba</bairro>
    <localidade>Arapiraca</localidade>
    <uf>AL</uf>
    <estado>Alagoas</estado>
    <região/>
    <ibge>2700300</ibge>
    <gia/>
    <ddd>82</ddd>
    <siafi>2705</siafi>
  </cep>
  <cep>
    <cep>57309-664</cep>
    <logradouro>Rua Gilberto José da Silva</logradouro>
    <complemento/>
    <unidade/>
    <bairro>Massaranduba</bairro>
    <localidade>Arapiraca</localidade>
    <uf>AL</uf>
    <estado>Alagoas</estado>
    <região/>
    <ibge>2700300</ibge>
    <gia/>
    <ddd>82</ddd>
    <siafi>2705</siafi>
  </cep>
  <cep>
    <cep>57309-666</cep>
    <logradouro>Rua João Maurício de Barros Filho</logradouro>
    <complemento/>
    <unidade/>
    <bairro>Massaranduba</bairro>
    <localidade>Arapiraca</localidade>
    <uf>AL</uf>
    <estado>Alagoas</estado>
    <região/>
    <ibge>2700300</ibge>
    <gia/>
    <ddd>82</ddd>
    <siafi>2705</siafi>
  </cep>
  <cep>
    <cep>57309-668</cep>
    <logradouro>Rua Carlos Alberto Félix do Nascimento</logradouro>
    <complemento/>
    <unidade/>
    <bairro>Massaranduba</bairro>
    <localidade>Arapiraca</localidade>
    <uf>AL</uf>
    <estado>Alagoas</estado>
    <região/>
    <ibge>2700300</ibge>
    <gia/>
    <ddd>82</ddd>
    <siafi>2705</siafi>
  </cep>
  <cep>
    <cep>57309-702</cep>
    <logradouro>Rua Acauã</logradouro>
    <complemento/>
    <unidade/>
    <bairro>Massaranduba</bairro>
    <localidade>Arapiraca</localidade>
    <uf>AL</uf>
    <estado>Alagoas</estado>
    <região/>
    <ibge>2700300</ibge>
    <gia/>
    <ddd>82</ddd>
    <siafi>2705</siafi>
  </cep>
  <cep>
    <cep>57309-704</cep>
    <logradouro>Rua Sanhaçu</logradouro>
    <complemento/>
    <unidade/>
    <bairro>Massaranduba</bairro>
    <localidade>Arapiraca</localidade>
    <uf>AL</uf>
    <estado>Alagoas</estado>
    <região/>
    <ibge>2700300</ibge>
    <gia/>
    <ddd>82</ddd>
    <siafi>2705</siafi>
  </cep>
  <cep>
    <cep>57309-710</cep>
    <logradouro>Rua Pintassilgo</logradouro>
    <complemento/>
    <unidade/>
    <bairro>Massaranduba</bairro>
    <localidade>Arapiraca</localidade>
    <uf>AL</uf>
    <estado>Alagoas</estado>
    <região/>
    <ibge>2700300</ibge>
    <gia/>
    <ddd>82</ddd>
    <siafi>2705</siafi>
  </cep>
  <cep>
    <cep>57309-712</cep>
    <logradouro>Rua João-de-Barro</logradouro>
    <complemento/>
    <unidade/>
    <bairro>Massaranduba</bairro>
    <localidade>Arapiraca</localidade>
    <uf>AL</uf>
    <estado>Alagoas</estado>
    <região/>
    <ibge>2700300</ibge>
    <gia/>
    <ddd>82</ddd>
    <siafi>2705</siafi>
  </cep>
  <cep>
    <cep>57309-714</cep>
    <logradouro>Rua Sabiá</logradouro>
    <complemento/>
    <unidade/>
    <bairro>Massaranduba</bairro>
    <localidade>Arapiraca</localidade>
    <uf>AL</uf>
    <estado>Alagoas</estado>
    <região/>
    <ibge>2700300</ibge>
    <gia/>
    <ddd>82</ddd>
    <siafi>2705</siafi>
  </cep>
  <cep>
    <cep>57309-670</cep>
    <logradouro>Rua Professora Jandira Pinheiro Bispo da Silva</logradouro>
    <complemento/>
    <unidade/>
    <bairro>Massaranduba</bairro>
    <localidade>Arapiraca</localidade>
    <uf>AL</uf>
    <estado>Alagoas</estado>
    <região/>
    <ibge>2700300</ibge>
    <gia/>
    <ddd>82</ddd>
    <siafi>2705</siafi>
  </cep>
  <cep>
    <cep>57309-758</cep>
    <logradouro>Rua Médico Daniel Houly de Almeida</logradouro>
    <complemento/>
    <unidade/>
    <bairro>Massaranduba</bairro>
    <localidade>Arapiraca</localidade>
    <uf>AL</uf>
    <estado>Alagoas</estado>
    <região/>
    <ibge>2700300</ibge>
    <gia/>
    <ddd>82</ddd>
    <siafi>2705</siafi>
  </cep>
  <cep>
    <cep>57309-760</cep>
    <logradouro>Rua Fundador Manoel André Correia dos Santos</logradouro>
    <complemento/>
    <unidade/>
    <bairro>Massaranduba</bairro>
    <localidade>Arapiraca</localidade>
    <uf>AL</uf>
    <estado>Alagoas</estado>
    <região/>
    <ibge>2700300</ibge>
    <gia/>
    <ddd>82</ddd>
    <siafi>2705</siafi>
  </cep>
  <cep>
    <cep>57309-734</cep>
    <logradouro>Rua Professora Maria Salete de Lira</logradouro>
    <complemento/>
    <unidade/>
    <bairro>Massaranduba</bairro>
    <localidade>Arapiraca</localidade>
    <uf>AL</uf>
    <estado>Alagoas</estado>
    <região/>
    <ibge>2700300</ibge>
    <gia/>
    <ddd>82</ddd>
    <siafi>2705</siafi>
  </cep>
  <cep>
    <cep>57309-750</cep>
    <logradouro>Rua Dicionarista Aurélio Buarque de Holanda</logradouro>
    <complemento/>
    <unidade/>
    <bairro>Massaranduba</bairro>
    <localidade>Arapiraca</localidade>
    <uf>AL</uf>
    <estado>Alagoas</estado>
    <região/>
    <ibge>2700300</ibge>
    <gia/>
    <ddd>82</ddd>
    <siafi>2705</siafi>
  </cep>
  <cep>
    <cep>57309-756</cep>
    <logradouro>Rua Comendador José de Sá</logradouro>
    <complemento/>
    <unidade/>
    <bairro>Massaranduba</bairro>
    <localidade>Arapiraca</localidade>
    <uf>AL</uf>
    <estado>Alagoas</estado>
    <região/>
    <ibge>2700300</ibge>
    <gia/>
    <ddd>82</ddd>
    <siafi>2705</siafi>
  </cep>
  <cep>
    <cep>57309-752</cep>
    <logradouro>Rua Artista Plástico Felipe Borges</logradouro>
    <complemento/>
    <unidade/>
    <bairro>Massaranduba</bairro>
    <localidade>Arapiraca</localidade>
    <uf>AL</uf>
    <estado>Alagoas</estado>
    <região/>
    <ibge>2700300</ibge>
    <gia/>
    <ddd>82</ddd>
    <siafi>2705</siafi>
  </cep>
  <cep>
    <cep>57309-762</cep>
    <logradouro>Rua Manuel Ulisses Teixeira</logradouro>
    <complemento/>
    <unidade/>
    <bairro>Massaranduba</bairro>
    <localidade>Arapiraca</localidade>
    <uf>AL</uf>
    <estado>Alagoas</estado>
    <região/>
    <ibge>2700300</ibge>
    <gia/>
    <ddd>82</ddd>
    <siafi>2705</siafi>
  </cep>
  <cep>
    <cep>57309-772</cep>
    <logradouro>Rua Helena Magalhães Leite</logradouro>
    <complemento/>
    <unidade/>
    <bairro>Massaranduba</bairro>
    <localidade>Arapiraca</localidade>
    <uf>AL</uf>
    <estado>Alagoas</estado>
    <região/>
    <ibge>2700300</ibge>
    <gia/>
    <ddd>82</ddd>
    <siafi>2705</siafi>
  </cep>
  <cep>
    <cep>57309-768</cep>
    <logradouro>Rua Artista Plástico Júnior Borges</logradouro>
    <complemento/>
    <unidade/>
    <bairro>Massaranduba</bairro>
    <localidade>Arapiraca</localidade>
    <uf>AL</uf>
    <estado>Alagoas</estado>
    <região/>
    <ibge>2700300</ibge>
    <gia/>
    <ddd>82</ddd>
    <siafi>2705</siafi>
  </cep>
  <cep>
    <cep>57309-776</cep>
    <logradouro>Rua João Miguel dos Anjos</logradouro>
    <complemento/>
    <unidade/>
    <bairro>Massaranduba</bairro>
    <localidade>Arapiraca</localidade>
    <uf>AL</uf>
    <estado>Alagoas</estado>
    <região/>
    <ibge>2700300</ibge>
    <gia/>
    <ddd>82</ddd>
    <siafi>2705</siafi>
  </cep>
  <cep>
    <cep>57309-778</cep>
    <logradouro>Rua Maria Leão de Melo</logradouro>
    <complemento/>
    <unidade/>
    <bairro>Massaranduba</bairro>
    <localidade>Arapiraca</localidade>
    <uf>AL</uf>
    <estado>Alagoas</estado>
    <região/>
    <ibge>2700300</ibge>
    <gia/>
    <ddd>82</ddd>
    <siafi>2705</siafi>
  </cep>
  <cep>
    <cep>57309-788</cep>
    <logradouro>Rua Professora Shirley Canuto Alves</logradouro>
    <complemento/>
    <unidade/>
    <bairro>Massaranduba</bairro>
    <localidade>Arapiraca</localidade>
    <uf>AL</uf>
    <estado>Alagoas</estado>
    <região/>
    <ibge>2700300</ibge>
    <gia/>
    <ddd>82</ddd>
    <siafi>2705</siafi>
  </cep>
  <cep>
    <cep>57310-100</cep>
    <logradouro>Rua Possidônio Nunes</logradouro>
    <complemento/>
    <unidade/>
    <bairro>Capiatã</bairro>
    <localidade>Arapiraca</localidade>
    <uf>AL</uf>
    <estado>Alagoas</estado>
    <região/>
    <ibge>2700300</ibge>
    <gia/>
    <ddd>82</ddd>
    <siafi>2705</siafi>
  </cep>
  <cep>
    <cep>57310-102</cep>
    <logradouro>Rua Maurício Pereira</logradouro>
    <complemento>lado par</complemento>
    <unidade/>
    <bairro>Capiatã</bairro>
    <localidade>Arapiraca</localidade>
    <uf>AL</uf>
    <estado>Alagoas</estado>
    <região/>
    <ibge>2700300</ibge>
    <gia/>
    <ddd>82</ddd>
    <siafi>2705</siafi>
  </cep>
  <cep>
    <cep>57309-784</cep>
    <logradouro>Rua Ronaldo José Victor da Silva</logradouro>
    <complemento/>
    <unidade/>
    <bairro>Massaranduba</bairro>
    <localidade>Arapiraca</localidade>
    <uf>AL</uf>
    <estado>Alagoas</estado>
    <região/>
    <ibge>2700300</ibge>
    <gia/>
    <ddd>82</ddd>
    <siafi>2705</siafi>
  </cep>
  <cep>
    <cep>57309-796</cep>
    <logradouro>Rua José Firmino da Costa</logradouro>
    <complemento/>
    <unidade/>
    <bairro>Massaranduba</bairro>
    <localidade>Arapiraca</localidade>
    <uf>AL</uf>
    <estado>Alagoas</estado>
    <região/>
    <ibge>2700300</ibge>
    <gia/>
    <ddd>82</ddd>
    <siafi>2705</siafi>
  </cep>
  <cep>
    <cep>57309-792</cep>
    <logradouro>Rua Laurita Nogueira e Silva Alcântara</logradouro>
    <complemento/>
    <unidade/>
    <bairro>Massaranduba</bairro>
    <localidade>Arapiraca</localidade>
    <uf>AL</uf>
    <estado>Alagoas</estado>
    <região/>
    <ibge>2700300</ibge>
    <gia/>
    <ddd>82</ddd>
    <siafi>2705</siafi>
  </cep>
  <cep>
    <cep>57310-110</cep>
    <logradouro>Rua Dom João VI</logradouro>
    <complemento/>
    <unidade/>
    <bairro>Capiatã</bairro>
    <localidade>Arapiraca</localidade>
    <uf>AL</uf>
    <estado>Alagoas</estado>
    <região/>
    <ibge>2700300</ibge>
    <gia/>
    <ddd>82</ddd>
    <siafi>2705</siafi>
  </cep>
  <cep>
    <cep>57310-112</cep>
    <logradouro>Rua Professor Humberto Alves Leite</logradouro>
    <complemento/>
    <unidade/>
    <bairro>Capiatã</bairro>
    <localidade>Arapiraca</localidade>
    <uf>AL</uf>
    <estado>Alagoas</estado>
    <região/>
    <ibge>2700300</ibge>
    <gia/>
    <ddd>82</ddd>
    <siafi>2705</siafi>
  </cep>
  <cep>
    <cep>57309-766</cep>
    <logradouro>Rua Alfredo Eduardo Lopez</logradouro>
    <complemento/>
    <unidade/>
    <bairro>Massaranduba</bairro>
    <localidade>Arapiraca</localidade>
    <uf>AL</uf>
    <estado>Alagoas</estado>
    <região/>
    <ibge>2700300</ibge>
    <gia/>
    <ddd>82</ddd>
    <siafi>2705</siafi>
  </cep>
  <cep>
    <cep>57310-113</cep>
    <logradouro>Rua Maria Enedina da Costa Silva</logradouro>
    <complemento/>
    <unidade/>
    <bairro>Capiatã</bairro>
    <localidade>Arapiraca</localidade>
    <uf>AL</uf>
    <estado>Alagoas</estado>
    <região/>
    <ibge>2700300</ibge>
    <gia/>
    <ddd>82</ddd>
    <siafi>2705</siafi>
  </cep>
  <cep>
    <cep>57310-116</cep>
    <logradouro>Rua Natalício Costa Nunes</logradouro>
    <complemento/>
    <unidade/>
    <bairro>Capiatã</bairro>
    <localidade>Arapiraca</localidade>
    <uf>AL</uf>
    <estado>Alagoas</estado>
    <região/>
    <ibge>2700300</ibge>
    <gia/>
    <ddd>82</ddd>
    <siafi>2705</siafi>
  </cep>
  <cep>
    <cep>57310-115</cep>
    <logradouro>Rua Professor Domingos Rodrigues</logradouro>
    <complemento/>
    <unidade/>
    <bairro>Capiatã</bairro>
    <localidade>Arapiraca</localidade>
    <uf>AL</uf>
    <estado>Alagoas</estado>
    <região/>
    <ibge>2700300</ibge>
    <gia/>
    <ddd>82</ddd>
    <siafi>2705</siafi>
  </cep>
  <cep>
    <cep>57310-105</cep>
    <logradouro>Rua Guanabara</logradouro>
    <complemento>de 170/171 ao fim</complemento>
    <unidade/>
    <bairro>Capiatã</bairro>
    <localidade>Arapiraca</localidade>
    <uf>AL</uf>
    <estado>Alagoas</estado>
    <região/>
    <ibge>2700300</ibge>
    <gia/>
    <ddd>82</ddd>
    <siafi>2705</siafi>
  </cep>
  <cep>
    <cep>57310-114</cep>
    <logradouro>Rua Sebastião Guimarães Gomes</logradouro>
    <complemento/>
    <unidade/>
    <bairro>Capiatã</bairro>
    <localidade>Arapiraca</localidade>
    <uf>AL</uf>
    <estado>Alagoas</estado>
    <região/>
    <ibge>2700300</ibge>
    <gia/>
    <ddd>82</ddd>
    <siafi>2705</siafi>
  </cep>
  <cep>
    <cep>57309-754</cep>
    <logradouro>Rua Manoel Tertuliano da Silva</logradouro>
    <complemento/>
    <unidade/>
    <bairro>Massaranduba</bairro>
    <localidade>Arapiraca</localidade>
    <uf>AL</uf>
    <estado>Alagoas</estado>
    <região/>
    <ibge>2700300</ibge>
    <gia/>
    <ddd>82</ddd>
    <siafi>2705</siafi>
  </cep>
  <cep>
    <cep>57310-117</cep>
    <logradouro>Rua Maria José Padilha de Assis</logradouro>
    <complemento/>
    <unidade/>
    <bairro>Capiatã</bairro>
    <localidade>Arapiraca</localidade>
    <uf>AL</uf>
    <estado>Alagoas</estado>
    <região/>
    <ibge>2700300</ibge>
    <gia/>
    <ddd>82</ddd>
    <siafi>2705</siafi>
  </cep>
  <cep>
    <cep>57310-118</cep>
    <logradouro>Rua Terezinha Paulino da Silva</logradouro>
    <complemento/>
    <unidade/>
    <bairro>Capiatã</bairro>
    <localidade>Arapiraca</localidade>
    <uf>AL</uf>
    <estado>Alagoas</estado>
    <região/>
    <ibge>2700300</ibge>
    <gia/>
    <ddd>82</ddd>
    <siafi>2705</siafi>
  </cep>
  <cep>
    <cep>57310-101</cep>
    <logradouro>Rua Pedro Nunes de Albuquerque</logradouro>
    <complemento/>
    <unidade/>
    <bairro>Capiatã</bairro>
    <localidade>Arapiraca</localidade>
    <uf>AL</uf>
    <estado>Alagoas</estado>
    <região/>
    <ibge>2700300</ibge>
    <gia/>
    <ddd>82</ddd>
    <siafi>2705</siafi>
  </cep>
  <cep>
    <cep>57310-120</cep>
    <logradouro>Rua Joana Pereira Azevedo</logradouro>
    <complemento/>
    <unidade/>
    <bairro>Capiatã</bairro>
    <localidade>Arapiraca</localidade>
    <uf>AL</uf>
    <estado>Alagoas</estado>
    <região/>
    <ibge>2700300</ibge>
    <gia/>
    <ddd>82</ddd>
    <siafi>2705</siafi>
  </cep>
  <cep>
    <cep>57310-140</cep>
    <logradouro>Rua Jorge de Macena</logradouro>
    <complemento/>
    <unidade/>
    <bairro>Capiatã</bairro>
    <localidade>Arapiraca</localidade>
    <uf>AL</uf>
    <estado>Alagoas</estado>
    <região/>
    <ibge>2700300</ibge>
    <gia/>
    <ddd>82</ddd>
    <siafi>2705</siafi>
  </cep>
  <cep>
    <cep>57310-130</cep>
    <logradouro>Rua Manoel Nunes Neto</logradouro>
    <complemento/>
    <unidade/>
    <bairro>Capiatã</bairro>
    <localidade>Arapiraca</localidade>
    <uf>AL</uf>
    <estado>Alagoas</estado>
    <região/>
    <ibge>2700300</ibge>
    <gia/>
    <ddd>82</ddd>
    <siafi>2705</siafi>
  </cep>
  <cep>
    <cep>57309-798</cep>
    <logradouro>Rua Vilma Leão de Oliveira</logradouro>
    <complemento/>
    <unidade/>
    <bairro>Massaranduba</bairro>
    <localidade>Arapiraca</localidade>
    <uf>AL</uf>
    <estado>Alagoas</estado>
    <região/>
    <ibge>2700300</ibge>
    <gia/>
    <ddd>82</ddd>
    <siafi>2705</siafi>
  </cep>
  <cep>
    <cep>57309-770</cep>
    <logradouro>Rua Doutora Nise da Silveira</logradouro>
    <complemento/>
    <unidade/>
    <bairro>Massaranduba</bairro>
    <localidade>Arapiraca</localidade>
    <uf>AL</uf>
    <estado>Alagoas</estado>
    <região/>
    <ibge>2700300</ibge>
    <gia/>
    <ddd>82</ddd>
    <siafi>2705</siafi>
  </cep>
  <cep>
    <cep>57309-780</cep>
    <logradouro>Rua José Praxedes de Farias</logradouro>
    <complemento/>
    <unidade/>
    <bairro>Massaranduba</bairro>
    <localidade>Arapiraca</localidade>
    <uf>AL</uf>
    <estado>Alagoas</estado>
    <região/>
    <ibge>2700300</ibge>
    <gia/>
    <ddd>82</ddd>
    <siafi>2705</siafi>
  </cep>
  <cep>
    <cep>57309-786</cep>
    <logradouro>Rua Terezinha Feitosa de Lima</logradouro>
    <complemento/>
    <unidade/>
    <bairro>Massaranduba</bairro>
    <localidade>Arapiraca</localidade>
    <uf>AL</uf>
    <estado>Alagoas</estado>
    <região/>
    <ibge>2700300</ibge>
    <gia/>
    <ddd>82</ddd>
    <siafi>2705</siafi>
  </cep>
  <cep>
    <cep>57309-782</cep>
    <logradouro>Rua Renato Victor da Silva</logradouro>
    <complemento/>
    <unidade/>
    <bairro>Massaranduba</bairro>
    <localidade>Arapiraca</localidade>
    <uf>AL</uf>
    <estado>Alagoas</estado>
    <região/>
    <ibge>2700300</ibge>
    <gia/>
    <ddd>82</ddd>
    <siafi>2705</siafi>
  </cep>
  <cep>
    <cep>57310-111</cep>
    <logradouro>Rua Dom Felício Vasconcelos</logradouro>
    <complemento>lado par</complemento>
    <unidade/>
    <bairro>Capiatã</bairro>
    <localidade>Arapiraca</localidade>
    <uf>AL</uf>
    <estado>Alagoas</estado>
    <região/>
    <ibge>2700300</ibge>
    <gia/>
    <ddd>82</ddd>
    <siafi>2705</siafi>
  </cep>
  <cep>
    <cep>57309-794</cep>
    <logradouro>Rua Edmício Oliveira Silva</logradouro>
    <complemento/>
    <unidade/>
    <bairro>Massaranduba</bairro>
    <localidade>Arapiraca</localidade>
    <uf>AL</uf>
    <estado>Alagoas</estado>
    <região/>
    <ibge>2700300</ibge>
    <gia/>
    <ddd>82</ddd>
    <siafi>2705</siafi>
  </cep>
  <cep>
    <cep>57310-150</cep>
    <logradouro>Rua Maria do Amparo Ribeiro</logradouro>
    <complemento/>
    <unidade/>
    <bairro>Capiatã</bairro>
    <localidade>Arapiraca</localidade>
    <uf>AL</uf>
    <estado>Alagoas</estado>
    <região/>
    <ibge>2700300</ibge>
    <gia/>
    <ddd>82</ddd>
    <siafi>2705</siafi>
  </cep>
  <cep>
    <cep>57309-790</cep>
    <logradouro>Rua Aurélio Freire Monteiro</logradouro>
    <complemento/>
    <unidade/>
    <bairro>Massaranduba</bairro>
    <localidade>Arapiraca</localidade>
    <uf>AL</uf>
    <estado>Alagoas</estado>
    <região/>
    <ibge>2700300</ibge>
    <gia/>
    <ddd>82</ddd>
    <siafi>2705</siafi>
  </cep>
  <cep>
    <cep>57310-160</cep>
    <logradouro>Rua José Vieira da Silva</logradouro>
    <complemento/>
    <unidade/>
    <bairro>Capiatã</bairro>
    <localidade>Arapiraca</localidade>
    <uf>AL</uf>
    <estado>Alagoas</estado>
    <região/>
    <ibge>2700300</ibge>
    <gia/>
    <ddd>82</ddd>
    <siafi>2705</siafi>
  </cep>
  <cep>
    <cep>57309-764</cep>
    <logradouro>Rua Escultor Alexandre Tito</logradouro>
    <complemento/>
    <unidade/>
    <bairro>Massaranduba</bairro>
    <localidade>Arapiraca</localidade>
    <uf>AL</uf>
    <estado>Alagoas</estado>
    <região/>
    <ibge>2700300</ibge>
    <gia/>
    <ddd>82</ddd>
    <siafi>2705</siafi>
  </cep>
  <cep>
    <cep>57310-170</cep>
    <logradouro>Rua Teodoro Pereira</logradouro>
    <complemento/>
    <unidade/>
    <bairro>Capiatã</bairro>
    <localidade>Arapiraca</localidade>
    <uf>AL</uf>
    <estado>Alagoas</estado>
    <região/>
    <ibge>2700300</ibge>
    <gia/>
    <ddd>82</ddd>
    <siafi>2705</siafi>
  </cep>
  <cep>
    <cep>57310-221</cep>
    <logradouro>Rua Luíza Maria de Olinda</logradouro>
    <complemento/>
    <unidade/>
    <bairro>Capiatã</bairro>
    <localidade>Arapiraca</localidade>
    <uf>AL</uf>
    <estado>Alagoas</estado>
    <região/>
    <ibge>2700300</ibge>
    <gia/>
    <ddd>82</ddd>
    <siafi>2705</siafi>
  </cep>
  <cep>
    <cep>57310-190</cep>
    <logradouro>Rua Ricardo Alexandre Nunes Magalhães</logradouro>
    <complemento/>
    <unidade/>
    <bairro>Capiatã</bairro>
    <localidade>Arapiraca</localidade>
    <uf>AL</uf>
    <estado>Alagoas</estado>
    <região/>
    <ibge>2700300</ibge>
    <gia/>
    <ddd>82</ddd>
    <siafi>2705</siafi>
  </cep>
  <cep>
    <cep>57310-210</cep>
    <logradouro>Rua Natalício Cavalcante Lima</logradouro>
    <complemento/>
    <unidade/>
    <bairro>Capiatã</bairro>
    <localidade>Arapiraca</localidade>
    <uf>AL</uf>
    <estado>Alagoas</estado>
    <região/>
    <ibge>2700300</ibge>
    <gia/>
    <ddd>82</ddd>
    <siafi>2705</siafi>
  </cep>
  <cep>
    <cep>57310-231</cep>
    <logradouro>Rua Manoel Francisco Cazuza</logradouro>
    <complemento/>
    <unidade/>
    <bairro>Capiatã</bairro>
    <localidade>Arapiraca</localidade>
    <uf>AL</uf>
    <estado>Alagoas</estado>
    <região/>
    <ibge>2700300</ibge>
    <gia/>
    <ddd>82</ddd>
    <siafi>2705</siafi>
  </cep>
  <cep>
    <cep>57310-233</cep>
    <logradouro>Rua Petrolina</logradouro>
    <complemento/>
    <unidade/>
    <bairro>Capiatã</bairro>
    <localidade>Arapiraca</localidade>
    <uf>AL</uf>
    <estado>Alagoas</estado>
    <região/>
    <ibge>2700300</ibge>
    <gia/>
    <ddd>82</ddd>
    <siafi>2705</siafi>
  </cep>
  <cep>
    <cep>57310-222</cep>
    <logradouro>Rua Carmelita Nunes de Albuquerque</logradouro>
    <complemento/>
    <unidade/>
    <bairro>Capiatã</bairro>
    <localidade>Arapiraca</localidade>
    <uf>AL</uf>
    <estado>Alagoas</estado>
    <região/>
    <ibge>2700300</ibge>
    <gia/>
    <ddd>82</ddd>
    <siafi>2705</siafi>
  </cep>
  <cep>
    <cep>57310-237</cep>
    <logradouro>Rua Sebastião José Martins</logradouro>
    <complemento/>
    <unidade/>
    <bairro>Capiatã</bairro>
    <localidade>Arapiraca</localidade>
    <uf>AL</uf>
    <estado>Alagoas</estado>
    <região/>
    <ibge>2700300</ibge>
    <gia/>
    <ddd>82</ddd>
    <siafi>2705</siafi>
  </cep>
  <cep>
    <cep>57310-223</cep>
    <logradouro>Rua João Ferreira de Albuquerque</logradouro>
    <complemento/>
    <unidade/>
    <bairro>Capiatã</bairro>
    <localidade>Arapiraca</localidade>
    <uf>AL</uf>
    <estado>Alagoas</estado>
    <região/>
    <ibge>2700300</ibge>
    <gia/>
    <ddd>82</ddd>
    <siafi>2705</siafi>
  </cep>
  <cep>
    <cep>57310-240</cep>
    <logradouro>Rua Pajuçara</logradouro>
    <complemento>lado ímpar</complemento>
    <unidade/>
    <bairro>Santa Edwiges</bairro>
    <localidade>Arapiraca</localidade>
    <uf>AL</uf>
    <estado>Alagoas</estado>
    <região/>
    <ibge>2700300</ibge>
    <gia/>
    <ddd>82</ddd>
    <siafi>2705</siafi>
  </cep>
  <cep>
    <cep>57310-225</cep>
    <logradouro>Rua Marinês Nunes dos Santos</logradouro>
    <complemento>lado par</complemento>
    <unidade/>
    <bairro>Capiatã</bairro>
    <localidade>Arapiraca</localidade>
    <uf>AL</uf>
    <estado>Alagoas</estado>
    <região/>
    <ibge>2700300</ibge>
    <gia/>
    <ddd>82</ddd>
    <siafi>2705</siafi>
  </cep>
  <cep>
    <cep>57310-250</cep>
    <logradouro>Rua Celestina Maria do Nascimento</logradouro>
    <complemento/>
    <unidade/>
    <bairro>Santa Edwiges</bairro>
    <localidade>Arapiraca</localidade>
    <uf>AL</uf>
    <estado>Alagoas</estado>
    <região/>
    <ibge>2700300</ibge>
    <gia/>
    <ddd>82</ddd>
    <siafi>2705</siafi>
  </cep>
  <cep>
    <cep>57310-255</cep>
    <logradouro>Rua José Jaílson Nunes</logradouro>
    <complemento/>
    <unidade/>
    <bairro>Santa Edwiges</bairro>
    <localidade>Arapiraca</localidade>
    <uf>AL</uf>
    <estado>Alagoas</estado>
    <região/>
    <ibge>2700300</ibge>
    <gia/>
    <ddd>82</ddd>
    <siafi>2705</siafi>
  </cep>
  <cep>
    <cep>57310-180</cep>
    <logradouro>Rua Maria Vicência de Albuquerque</logradouro>
    <complemento/>
    <unidade/>
    <bairro>Capiatã</bairro>
    <localidade>Arapiraca</localidade>
    <uf>AL</uf>
    <estado>Alagoas</estado>
    <região/>
    <ibge>2700300</ibge>
    <gia/>
    <ddd>82</ddd>
    <siafi>2705</siafi>
  </cep>
  <cep>
    <cep>57310-325</cep>
    <logradouro>Rua Guilherme Alcídes Moreira</logradouro>
    <complemento>lado par</complemento>
    <unidade/>
    <bairro>Santa Edwiges</bairro>
    <localidade>Arapiraca</localidade>
    <uf>AL</uf>
    <estado>Alagoas</estado>
    <região/>
    <ibge>2700300</ibge>
    <gia/>
    <ddd>82</ddd>
    <siafi>2705</siafi>
  </cep>
  <cep>
    <cep>57310-420</cep>
    <logradouro>Rua Antônio Barbosa da Silva</logradouro>
    <complemento/>
    <unidade/>
    <bairro>Brasiliana</bairro>
    <localidade>Arapiraca</localidade>
    <uf>AL</uf>
    <estado>Alagoas</estado>
    <região/>
    <ibge>2700300</ibge>
    <gia/>
    <ddd>82</ddd>
    <siafi>2705</siafi>
  </cep>
  <cep>
    <cep>57310-485</cep>
    <logradouro>Rua Zeferino Pedro da Silva</logradouro>
    <complemento/>
    <unidade/>
    <bairro>Brasiliana</bairro>
    <localidade>Arapiraca</localidade>
    <uf>AL</uf>
    <estado>Alagoas</estado>
    <região/>
    <ibge>2700300</ibge>
    <gia/>
    <ddd>82</ddd>
    <siafi>2705</siafi>
  </cep>
  <cep>
    <cep>57310-305</cep>
    <logradouro>Rua Marinete Francisca Nunes</logradouro>
    <complemento>lado par</complemento>
    <unidade/>
    <bairro>Santa Edwiges</bairro>
    <localidade>Arapiraca</localidade>
    <uf>AL</uf>
    <estado>Alagoas</estado>
    <região/>
    <ibge>2700300</ibge>
    <gia/>
    <ddd>82</ddd>
    <siafi>2705</siafi>
  </cep>
  <cep>
    <cep>57310-405</cep>
    <logradouro>Rodovia AL-220</logradouro>
    <complemento>lado ímpar</complemento>
    <unidade/>
    <bairro>Santa Edwiges</bairro>
    <localidade>Arapiraca</localidade>
    <uf>AL</uf>
    <estado>Alagoas</estado>
    <região/>
    <ibge>2700300</ibge>
    <gia/>
    <ddd>82</ddd>
    <siafi>2705</siafi>
  </cep>
  <cep>
    <cep>57310-455</cep>
    <logradouro>Rua Ernesto Leandro de Lira</logradouro>
    <complemento/>
    <unidade/>
    <bairro>Brasiliana</bairro>
    <localidade>Arapiraca</localidade>
    <uf>AL</uf>
    <estado>Alagoas</estado>
    <região/>
    <ibge>2700300</ibge>
    <gia/>
    <ddd>82</ddd>
    <siafi>2705</siafi>
  </cep>
  <cep>
    <cep>57310-502</cep>
    <logradouro>Rua José da Costa França</logradouro>
    <complemento/>
    <unidade/>
    <bairro>Brasiliana</bairro>
    <localidade>Arapiraca</localidade>
    <uf>AL</uf>
    <estado>Alagoas</estado>
    <região/>
    <ibge>2700300</ibge>
    <gia/>
    <ddd>82</ddd>
    <siafi>2705</siafi>
  </cep>
  <cep>
    <cep>57310-300</cep>
    <logradouro>Rua Tereza Albuquerque</logradouro>
    <complemento/>
    <unidade/>
    <bairro>Santa Edwiges</bairro>
    <localidade>Arapiraca</localidade>
    <uf>AL</uf>
    <estado>Alagoas</estado>
    <região/>
    <ibge>2700300</ibge>
    <gia/>
    <ddd>82</ddd>
    <siafi>2705</siafi>
  </cep>
  <cep>
    <cep>57310-380</cep>
    <logradouro>Rua Luíza Maria de Olinda</logradouro>
    <complemento/>
    <unidade/>
    <bairro>Santa Edwiges</bairro>
    <localidade>Arapiraca</localidade>
    <uf>AL</uf>
    <estado>Alagoas</estado>
    <região/>
    <ibge>2700300</ibge>
    <gia/>
    <ddd>82</ddd>
    <siafi>2705</siafi>
  </cep>
  <cep>
    <cep>57310-488</cep>
    <logradouro>Rua Estudante Jhonatan Elvys Silva dos Santos</logradouro>
    <complemento/>
    <unidade/>
    <bairro>Brasiliana</bairro>
    <localidade>Arapiraca</localidade>
    <uf>AL</uf>
    <estado>Alagoas</estado>
    <região/>
    <ibge>2700300</ibge>
    <gia/>
    <ddd>82</ddd>
    <siafi>2705</siafi>
  </cep>
  <cep>
    <cep>57310-505</cep>
    <logradouro>Rua Professora Nireide Brito Silva</logradouro>
    <complemento/>
    <unidade/>
    <bairro>Brasiliana</bairro>
    <localidade>Arapiraca</localidade>
    <uf>AL</uf>
    <estado>Alagoas</estado>
    <região/>
    <ibge>2700300</ibge>
    <gia/>
    <ddd>82</ddd>
    <siafi>2705</siafi>
  </cep>
  <cep>
    <cep>57310-495</cep>
    <logradouro>Rua Vinte e Um de Maio</logradouro>
    <complemento/>
    <unidade/>
    <bairro>Brasiliana</bairro>
    <localidade>Arapiraca</localidade>
    <uf>AL</uf>
    <estado>Alagoas</estado>
    <região/>
    <ibge>2700300</ibge>
    <gia/>
    <ddd>82</ddd>
    <siafi>2705</siafi>
  </cep>
  <cep>
    <cep>57310-507</cep>
    <logradouro>Rua Benilde Lisboa de Almeida</logradouro>
    <complemento/>
    <unidade/>
    <bairro>Brasiliana</bairro>
    <localidade>Arapiraca</localidade>
    <uf>AL</uf>
    <estado>Alagoas</estado>
    <região/>
    <ibge>2700300</ibge>
    <gia/>
    <ddd>82</ddd>
    <siafi>2705</siafi>
  </cep>
  <cep>
    <cep>57310-510</cep>
    <logradouro>Rua Marinete Francisca Nunes</logradouro>
    <complemento>lado ímpar</complemento>
    <unidade/>
    <bairro>Brasiliana</bairro>
    <localidade>Arapiraca</localidade>
    <uf>AL</uf>
    <estado>Alagoas</estado>
    <região/>
    <ibge>2700300</ibge>
    <gia/>
    <ddd>82</ddd>
    <siafi>2705</siafi>
  </cep>
  <cep>
    <cep>57310-400</cep>
    <logradouro>Rua José Leite Bezerra</logradouro>
    <complemento/>
    <unidade/>
    <bairro>Santa Edwiges</bairro>
    <localidade>Arapiraca</localidade>
    <uf>AL</uf>
    <estado>Alagoas</estado>
    <região/>
    <ibge>2700300</ibge>
    <gia/>
    <ddd>82</ddd>
    <siafi>2705</siafi>
  </cep>
  <cep>
    <cep>57310-350</cep>
    <logradouro>Rua Estudante Lúcio Flávio da Silva</logradouro>
    <complemento/>
    <unidade/>
    <bairro>Santa Edwiges</bairro>
    <localidade>Arapiraca</localidade>
    <uf>AL</uf>
    <estado>Alagoas</estado>
    <região/>
    <ibge>2700300</ibge>
    <gia/>
    <ddd>82</ddd>
    <siafi>2705</siafi>
  </cep>
  <cep>
    <cep>57310-480</cep>
    <logradouro>Rua Zemilton Celestino da Silva</logradouro>
    <complemento/>
    <unidade/>
    <bairro>Brasiliana</bairro>
    <localidade>Arapiraca</localidade>
    <uf>AL</uf>
    <estado>Alagoas</estado>
    <região/>
    <ibge>2700300</ibge>
    <gia/>
    <ddd>82</ddd>
    <siafi>2705</siafi>
  </cep>
  <cep>
    <cep>57310-265</cep>
    <logradouro>Avenida Ministro Petrônio Portela</logradouro>
    <complemento/>
    <unidade/>
    <bairro>Santa Edwiges</bairro>
    <localidade>Arapiraca</localidade>
    <uf>AL</uf>
    <estado>Alagoas</estado>
    <região/>
    <ibge>2700300</ibge>
    <gia/>
    <ddd>82</ddd>
    <siafi>2705</siafi>
  </cep>
  <cep>
    <cep>57310-515</cep>
    <logradouro>Rua Miguel Oliveira</logradouro>
    <complemento/>
    <unidade/>
    <bairro>Brasiliana</bairro>
    <localidade>Arapiraca</localidade>
    <uf>AL</uf>
    <estado>Alagoas</estado>
    <região/>
    <ibge>2700300</ibge>
    <gia/>
    <ddd>82</ddd>
    <siafi>2705</siafi>
  </cep>
  <cep>
    <cep>57310-440</cep>
    <logradouro>Rua João Crispim dos Santos</logradouro>
    <complemento/>
    <unidade/>
    <bairro>Brasiliana</bairro>
    <localidade>Arapiraca</localidade>
    <uf>AL</uf>
    <estado>Alagoas</estado>
    <região/>
    <ibge>2700300</ibge>
    <gia/>
    <ddd>82</ddd>
    <siafi>2705</siafi>
  </cep>
  <cep>
    <cep>57310-315</cep>
    <logradouro>Rua Ernesto Leandro de Lira</logradouro>
    <complemento/>
    <unidade/>
    <bairro>Santa Edwiges</bairro>
    <localidade>Arapiraca</localidade>
    <uf>AL</uf>
    <estado>Alagoas</estado>
    <região/>
    <ibge>2700300</ibge>
    <gia/>
    <ddd>82</ddd>
    <siafi>2705</siafi>
  </cep>
  <cep>
    <cep>57310-528</cep>
    <logradouro>Rua Aloísio Torres de Oliveira</logradouro>
    <complemento/>
    <unidade/>
    <bairro>Brasiliana</bairro>
    <localidade>Arapiraca</localidade>
    <uf>AL</uf>
    <estado>Alagoas</estado>
    <região/>
    <ibge>2700300</ibge>
    <gia/>
    <ddd>82</ddd>
    <siafi>2705</siafi>
  </cep>
  <cep>
    <cep>57310-530</cep>
    <logradouro>Rodovia AL-220</logradouro>
    <complemento>lado ímpar</complemento>
    <unidade/>
    <bairro>Brasiliana</bairro>
    <localidade>Arapiraca</localidade>
    <uf>AL</uf>
    <estado>Alagoas</estado>
    <região/>
    <ibge>2700300</ibge>
    <gia/>
    <ddd>82</ddd>
    <siafi>2705</siafi>
  </cep>
  <cep>
    <cep>57310-540</cep>
    <logradouro>Rua Benjamim Freire de Amorim</logradouro>
    <complemento>lado par</complemento>
    <unidade/>
    <bairro>Brasiliana</bairro>
    <localidade>Arapiraca</localidade>
    <uf>AL</uf>
    <estado>Alagoas</estado>
    <região/>
    <ibge>2700300</ibge>
    <gia/>
    <ddd>82</ddd>
    <siafi>2705</siafi>
  </cep>
  <cep>
    <cep>57310-500</cep>
    <logradouro>Rua João Medeiros de Lima</logradouro>
    <complemento/>
    <unidade/>
    <bairro>Brasiliana</bairro>
    <localidade>Arapiraca</localidade>
    <uf>AL</uf>
    <estado>Alagoas</estado>
    <região/>
    <ibge>2700300</ibge>
    <gia/>
    <ddd>82</ddd>
    <siafi>2705</siafi>
  </cep>
  <cep>
    <cep>57311-012</cep>
    <logradouro>Rua Estelita de Macêdo</logradouro>
    <complemento/>
    <unidade/>
    <bairro>Jardim de Maria</bairro>
    <localidade>Arapiraca</localidade>
    <uf>AL</uf>
    <estado>Alagoas</estado>
    <região/>
    <ibge>2700300</ibge>
    <gia/>
    <ddd>82</ddd>
    <siafi>2705</siafi>
  </cep>
  <cep>
    <cep>57310-520</cep>
    <logradouro>Rua Rosendo Maia</logradouro>
    <complemento/>
    <unidade/>
    <bairro>Brasiliana</bairro>
    <localidade>Arapiraca</localidade>
    <uf>AL</uf>
    <estado>Alagoas</estado>
    <região/>
    <ibge>2700300</ibge>
    <gia/>
    <ddd>82</ddd>
    <siafi>2705</siafi>
  </cep>
  <cep>
    <cep>57311-016</cep>
    <logradouro>Rua Pastor José Alves</logradouro>
    <complemento/>
    <unidade/>
    <bairro>Jardim de Maria</bairro>
    <localidade>Arapiraca</localidade>
    <uf>AL</uf>
    <estado>Alagoas</estado>
    <região/>
    <ibge>2700300</ibge>
    <gia/>
    <ddd>82</ddd>
    <siafi>2705</siafi>
  </cep>
  <cep>
    <cep>57310-200</cep>
    <logradouro>Rua Mauricésar Fernandes dos Santos</logradouro>
    <complemento/>
    <unidade/>
    <bairro>Capiatã</bairro>
    <localidade>Arapiraca</localidade>
    <uf>AL</uf>
    <estado>Alagoas</estado>
    <região/>
    <ibge>2700300</ibge>
    <gia/>
    <ddd>82</ddd>
    <siafi>2705</siafi>
  </cep>
  <cep>
    <cep>57311-014</cep>
    <logradouro>Rua Estudante Maria Niedja de Almeida Araújo</logradouro>
    <complemento/>
    <unidade/>
    <bairro>Jardim de Maria</bairro>
    <localidade>Arapiraca</localidade>
    <uf>AL</uf>
    <estado>Alagoas</estado>
    <região/>
    <ibge>2700300</ibge>
    <gia/>
    <ddd>82</ddd>
    <siafi>2705</siafi>
  </cep>
  <cep>
    <cep>57311-018</cep>
    <logradouro>Rua Marciano Nunes Ferreira</logradouro>
    <complemento/>
    <unidade/>
    <bairro>Jardim de Maria</bairro>
    <localidade>Arapiraca</localidade>
    <uf>AL</uf>
    <estado>Alagoas</estado>
    <região/>
    <ibge>2700300</ibge>
    <gia/>
    <ddd>82</ddd>
    <siafi>2705</siafi>
  </cep>
  <cep>
    <cep>57310-220</cep>
    <logradouro>Rua Luíza Pereira Santos</logradouro>
    <complemento/>
    <unidade/>
    <bairro>Capiatã</bairro>
    <localidade>Arapiraca</localidade>
    <uf>AL</uf>
    <estado>Alagoas</estado>
    <região/>
    <ibge>2700300</ibge>
    <gia/>
    <ddd>82</ddd>
    <siafi>2705</siafi>
  </cep>
  <cep>
    <cep>57311-020</cep>
    <logradouro>Avenida Vicente Nunes de Albuquerque</logradouro>
    <complemento/>
    <unidade/>
    <bairro>Jardim de Maria</bairro>
    <localidade>Arapiraca</localidade>
    <uf>AL</uf>
    <estado>Alagoas</estado>
    <região/>
    <ibge>2700300</ibge>
    <gia/>
    <ddd>82</ddd>
    <siafi>2705</siafi>
  </cep>
  <cep>
    <cep>57310-290</cep>
    <logradouro>Rua João Batista da Silva</logradouro>
    <complemento/>
    <unidade/>
    <bairro>Santa Edwiges</bairro>
    <localidade>Arapiraca</localidade>
    <uf>AL</uf>
    <estado>Alagoas</estado>
    <região/>
    <ibge>2700300</ibge>
    <gia/>
    <ddd>82</ddd>
    <siafi>2705</siafi>
  </cep>
  <cep>
    <cep>57310-503</cep>
    <logradouro>Rua Maria Ananias de França</logradouro>
    <complemento/>
    <unidade/>
    <bairro>Brasiliana</bairro>
    <localidade>Arapiraca</localidade>
    <uf>AL</uf>
    <estado>Alagoas</estado>
    <região/>
    <ibge>2700300</ibge>
    <gia/>
    <ddd>82</ddd>
    <siafi>2705</siafi>
  </cep>
  <cep>
    <cep>57310-450</cep>
    <logradouro>Rua Gessino José Galindo</logradouro>
    <complemento/>
    <unidade/>
    <bairro>Brasiliana</bairro>
    <localidade>Arapiraca</localidade>
    <uf>AL</uf>
    <estado>Alagoas</estado>
    <região/>
    <ibge>2700300</ibge>
    <gia/>
    <ddd>82</ddd>
    <siafi>2705</siafi>
  </cep>
  <cep>
    <cep>57310-514</cep>
    <logradouro>Rua Estudante Karlison Marques Cavalcante</logradouro>
    <complemento/>
    <unidade/>
    <bairro>Brasiliana</bairro>
    <localidade>Arapiraca</localidade>
    <uf>AL</uf>
    <estado>Alagoas</estado>
    <região/>
    <ibge>2700300</ibge>
    <gia/>
    <ddd>82</ddd>
    <siafi>2705</siafi>
  </cep>
  <cep>
    <cep>57310-430</cep>
    <logradouro>Rua Iara Alécio Barbosa</logradouro>
    <complemento/>
    <unidade/>
    <bairro>Brasiliana</bairro>
    <localidade>Arapiraca</localidade>
    <uf>AL</uf>
    <estado>Alagoas</estado>
    <região/>
    <ibge>2700300</ibge>
    <gia/>
    <ddd>82</ddd>
    <siafi>2705</siafi>
  </cep>
  <cep>
    <cep>57310-470</cep>
    <logradouro>Rua Antônia Maria da Conceição</logradouro>
    <complemento/>
    <unidade/>
    <bairro>Brasiliana</bairro>
    <localidade>Arapiraca</localidade>
    <uf>AL</uf>
    <estado>Alagoas</estado>
    <região/>
    <ibge>2700300</ibge>
    <gia/>
    <ddd>82</ddd>
    <siafi>2705</siafi>
  </cep>
  <cep>
    <cep>57311-040</cep>
    <logradouro>Rodovia AL-220</logradouro>
    <complemento>lado ímpar</complemento>
    <unidade/>
    <bairro>Jardim de Maria</bairro>
    <localidade>Arapiraca</localidade>
    <uf>AL</uf>
    <estado>Alagoas</estado>
    <região/>
    <ibge>2700300</ibge>
    <gia/>
    <ddd>82</ddd>
    <siafi>2705</siafi>
  </cep>
  <cep>
    <cep>57311-046</cep>
    <logradouro>Rua Anita Aristides da Silva</logradouro>
    <complemento/>
    <unidade/>
    <bairro>Jardim de Maria</bairro>
    <localidade>Arapiraca</localidade>
    <uf>AL</uf>
    <estado>Alagoas</estado>
    <região/>
    <ibge>2700300</ibge>
    <gia/>
    <ddd>82</ddd>
    <siafi>2705</siafi>
  </cep>
  <cep>
    <cep>57310-521</cep>
    <logradouro>Rua Sargento Milton Azevedo de Lima</logradouro>
    <complemento/>
    <unidade/>
    <bairro>Brasiliana</bairro>
    <localidade>Arapiraca</localidade>
    <uf>AL</uf>
    <estado>Alagoas</estado>
    <região/>
    <ibge>2700300</ibge>
    <gia/>
    <ddd>82</ddd>
    <siafi>2705</siafi>
  </cep>
  <cep>
    <cep>57310-236</cep>
    <logradouro>Rua Lenira Maria da Conceição</logradouro>
    <complemento/>
    <unidade/>
    <bairro>Capiatã</bairro>
    <localidade>Arapiraca</localidade>
    <uf>AL</uf>
    <estado>Alagoas</estado>
    <região/>
    <ibge>2700300</ibge>
    <gia/>
    <ddd>82</ddd>
    <siafi>2705</siafi>
  </cep>
  <cep>
    <cep>57310-410</cep>
    <logradouro>Rua José Higino de Oliveira</logradouro>
    <complemento/>
    <unidade/>
    <bairro>Brasiliana</bairro>
    <localidade>Arapiraca</localidade>
    <uf>AL</uf>
    <estado>Alagoas</estado>
    <região/>
    <ibge>2700300</ibge>
    <gia/>
    <ddd>82</ddd>
    <siafi>2705</siafi>
  </cep>
  <cep>
    <cep>57310-285</cep>
    <logradouro>Rua Marinês Nunes dos Santos</logradouro>
    <complemento>lado ímpar</complemento>
    <unidade/>
    <bairro>Santa Edwiges</bairro>
    <localidade>Arapiraca</localidade>
    <uf>AL</uf>
    <estado>Alagoas</estado>
    <região/>
    <ibge>2700300</ibge>
    <gia/>
    <ddd>82</ddd>
    <siafi>2705</siafi>
  </cep>
  <cep>
    <cep>57311-042</cep>
    <logradouro>Rua São João</logradouro>
    <complemento>lado ímpar</complemento>
    <unidade/>
    <bairro>Jardim de Maria</bairro>
    <localidade>Arapiraca</localidade>
    <uf>AL</uf>
    <estado>Alagoas</estado>
    <região/>
    <ibge>2700300</ibge>
    <gia/>
    <ddd>82</ddd>
    <siafi>2705</siafi>
  </cep>
  <cep>
    <cep>57310-435</cep>
    <logradouro>Praça Olindina Alves Brandão</logradouro>
    <complemento/>
    <unidade/>
    <bairro>Brasiliana</bairro>
    <localidade>Arapiraca</localidade>
    <uf>AL</uf>
    <estado>Alagoas</estado>
    <região/>
    <ibge>2700300</ibge>
    <gia/>
    <ddd>82</ddd>
    <siafi>2705</siafi>
  </cep>
  <cep>
    <cep>57311-190</cep>
    <logradouro>Rua Santo Amaro</logradouro>
    <complemento/>
    <unidade/>
    <bairro>Caititus</bairro>
    <localidade>Arapiraca</localidade>
    <uf>AL</uf>
    <estado>Alagoas</estado>
    <região/>
    <ibge>2700300</ibge>
    <gia/>
    <ddd>82</ddd>
    <siafi>2705</siafi>
  </cep>
  <cep>
    <cep>57310-310</cep>
    <logradouro>Praça Pedro de Lima Silva</logradouro>
    <complemento/>
    <unidade/>
    <bairro>Santa Edwiges</bairro>
    <localidade>Arapiraca</localidade>
    <uf>AL</uf>
    <estado>Alagoas</estado>
    <região/>
    <ibge>2700300</ibge>
    <gia/>
    <ddd>82</ddd>
    <siafi>2705</siafi>
  </cep>
  <cep>
    <cep>57311-052</cep>
    <logradouro>Rua Porto Real do Colégio</logradouro>
    <complemento>lado par</complemento>
    <unidade/>
    <bairro>Jardim de Maria</bairro>
    <localidade>Arapiraca</localidade>
    <uf>AL</uf>
    <estado>Alagoas</estado>
    <região/>
    <ibge>2700300</ibge>
    <gia/>
    <ddd>82</ddd>
    <siafi>2705</siafi>
  </cep>
  <cep>
    <cep>57311-205</cep>
    <logradouro>Rua São Jorge</logradouro>
    <complemento/>
    <unidade/>
    <bairro>Caititus</bairro>
    <localidade>Arapiraca</localidade>
    <uf>AL</uf>
    <estado>Alagoas</estado>
    <região/>
    <ibge>2700300</ibge>
    <gia/>
    <ddd>82</ddd>
    <siafi>2705</siafi>
  </cep>
  <cep>
    <cep>57311-200</cep>
    <logradouro>Rua Fortaleza</logradouro>
    <complemento/>
    <unidade/>
    <bairro>Caititus</bairro>
    <localidade>Arapiraca</localidade>
    <uf>AL</uf>
    <estado>Alagoas</estado>
    <região/>
    <ibge>2700300</ibge>
    <gia/>
    <ddd>82</ddd>
    <siafi>2705</siafi>
  </cep>
  <cep>
    <cep>57310-490</cep>
    <logradouro>Rua Santa Madalena</logradouro>
    <complemento/>
    <unidade/>
    <bairro>Brasiliana</bairro>
    <localidade>Arapiraca</localidade>
    <uf>AL</uf>
    <estado>Alagoas</estado>
    <região/>
    <ibge>2700300</ibge>
    <gia/>
    <ddd>82</ddd>
    <siafi>2705</siafi>
  </cep>
  <cep>
    <cep>57311-210</cep>
    <logradouro>Rua Nossa Senhora da Penha</logradouro>
    <complemento/>
    <unidade/>
    <bairro>Caititus</bairro>
    <localidade>Arapiraca</localidade>
    <uf>AL</uf>
    <estado>Alagoas</estado>
    <região/>
    <ibge>2700300</ibge>
    <gia/>
    <ddd>82</ddd>
    <siafi>2705</siafi>
  </cep>
  <cep>
    <cep>57311-044</cep>
    <logradouro>Rua Estudante José Carlos Valentino</logradouro>
    <complemento/>
    <unidade/>
    <bairro>Jardim de Maria</bairro>
    <localidade>Arapiraca</localidade>
    <uf>AL</uf>
    <estado>Alagoas</estado>
    <região/>
    <ibge>2700300</ibge>
    <gia/>
    <ddd>82</ddd>
    <siafi>2705</siafi>
  </cep>
  <cep>
    <cep>57310-522</cep>
    <logradouro>Rua Leonisa Maria de Jesus</logradouro>
    <complemento/>
    <unidade/>
    <bairro>Brasiliana</bairro>
    <localidade>Arapiraca</localidade>
    <uf>AL</uf>
    <estado>Alagoas</estado>
    <região/>
    <ibge>2700300</ibge>
    <gia/>
    <ddd>82</ddd>
    <siafi>2705</siafi>
  </cep>
  <cep>
    <cep>57311-222</cep>
    <logradouro>Rua Antônio Egídio dos Santos</logradouro>
    <complemento/>
    <unidade/>
    <bairro>Caititus</bairro>
    <localidade>Arapiraca</localidade>
    <uf>AL</uf>
    <estado>Alagoas</estado>
    <região/>
    <ibge>2700300</ibge>
    <gia/>
    <ddd>82</ddd>
    <siafi>2705</siafi>
  </cep>
  <cep>
    <cep>57311-048</cep>
    <logradouro>Rua Aristides Félix da Silva</logradouro>
    <complemento/>
    <unidade/>
    <bairro>Jardim de Maria</bairro>
    <localidade>Arapiraca</localidade>
    <uf>AL</uf>
    <estado>Alagoas</estado>
    <região/>
    <ibge>2700300</ibge>
    <gia/>
    <ddd>82</ddd>
    <siafi>2705</siafi>
  </cep>
  <cep>
    <cep>57311-230</cep>
    <logradouro>Rua Sebastião Severino dos Santos</logradouro>
    <complemento/>
    <unidade/>
    <bairro>Caititus</bairro>
    <localidade>Arapiraca</localidade>
    <uf>AL</uf>
    <estado>Alagoas</estado>
    <região/>
    <ibge>2700300</ibge>
    <gia/>
    <ddd>82</ddd>
    <siafi>2705</siafi>
  </cep>
  <cep>
    <cep>57311-225</cep>
    <logradouro>Rua São João</logradouro>
    <complemento>lado ímpar</complemento>
    <unidade/>
    <bairro>Caititus</bairro>
    <localidade>Arapiraca</localidade>
    <uf>AL</uf>
    <estado>Alagoas</estado>
    <região/>
    <ibge>2700300</ibge>
    <gia/>
    <ddd>82</ddd>
    <siafi>2705</siafi>
  </cep>
  <cep>
    <cep>57310-320</cep>
    <logradouro>Rua Lino Roberto</logradouro>
    <complemento/>
    <unidade/>
    <bairro>Santa Edwiges</bairro>
    <localidade>Arapiraca</localidade>
    <uf>AL</uf>
    <estado>Alagoas</estado>
    <região/>
    <ibge>2700300</ibge>
    <gia/>
    <ddd>82</ddd>
    <siafi>2705</siafi>
  </cep>
  <cep>
    <cep>57310-370</cep>
    <logradouro>Rua Carmelita Nunes de Albuquerque</logradouro>
    <complemento/>
    <unidade/>
    <bairro>Santa Edwiges</bairro>
    <localidade>Arapiraca</localidade>
    <uf>AL</uf>
    <estado>Alagoas</estado>
    <região/>
    <ibge>2700300</ibge>
    <gia/>
    <ddd>82</ddd>
    <siafi>2705</siafi>
  </cep>
  <cep>
    <cep>57310-260</cep>
    <logradouro>Rua Manoel Francisco Cazuza</logradouro>
    <complemento/>
    <unidade/>
    <bairro>Santa Edwiges</bairro>
    <localidade>Arapiraca</localidade>
    <uf>AL</uf>
    <estado>Alagoas</estado>
    <região/>
    <ibge>2700300</ibge>
    <gia/>
    <ddd>82</ddd>
    <siafi>2705</siafi>
  </cep>
  <cep>
    <cep>57310-512</cep>
    <logradouro>Rua Estudante Karole Marques Cavalcante</logradouro>
    <complemento/>
    <unidade/>
    <bairro>Brasiliana</bairro>
    <localidade>Arapiraca</localidade>
    <uf>AL</uf>
    <estado>Alagoas</estado>
    <região/>
    <ibge>2700300</ibge>
    <gia/>
    <ddd>82</ddd>
    <siafi>2705</siafi>
  </cep>
  <cep>
    <cep>57310-245</cep>
    <logradouro>Rua Samaritana</logradouro>
    <complemento>lado ímpar</complemento>
    <unidade/>
    <bairro>Santa Edwiges</bairro>
    <localidade>Arapiraca</localidade>
    <uf>AL</uf>
    <estado>Alagoas</estado>
    <região/>
    <ibge>2700300</ibge>
    <gia/>
    <ddd>82</ddd>
    <siafi>2705</siafi>
  </cep>
  <cep>
    <cep>57311-195</cep>
    <logradouro>Rua São Paulo</logradouro>
    <complemento>de 103 a 385 - lado ímpar</complemento>
    <unidade/>
    <bairro>Caititus</bairro>
    <localidade>Arapiraca</localidade>
    <uf>AL</uf>
    <estado>Alagoas</estado>
    <região/>
    <ibge>2700300</ibge>
    <gia/>
    <ddd>82</ddd>
    <siafi>2705</siafi>
  </cep>
  <cep>
    <cep>57311-245</cep>
    <logradouro>Rua José Francelino de Albuquerque</logradouro>
    <complemento/>
    <unidade/>
    <bairro>Caititus</bairro>
    <localidade>Arapiraca</localidade>
    <uf>AL</uf>
    <estado>Alagoas</estado>
    <região/>
    <ibge>2700300</ibge>
    <gia/>
    <ddd>82</ddd>
    <siafi>2705</siafi>
  </cep>
  <cep>
    <cep>57311-185</cep>
    <logradouro>Rua Samaritana</logradouro>
    <complemento>lado par</complemento>
    <unidade/>
    <bairro>Caititus</bairro>
    <localidade>Arapiraca</localidade>
    <uf>AL</uf>
    <estado>Alagoas</estado>
    <região/>
    <ibge>2700300</ibge>
    <gia/>
    <ddd>82</ddd>
    <siafi>2705</siafi>
  </cep>
  <cep>
    <cep>57310-270</cep>
    <logradouro>Rua João Ferreira de Albuquerque</logradouro>
    <complemento/>
    <unidade/>
    <bairro>Santa Edwiges</bairro>
    <localidade>Arapiraca</localidade>
    <uf>AL</uf>
    <estado>Alagoas</estado>
    <região/>
    <ibge>2700300</ibge>
    <gia/>
    <ddd>82</ddd>
    <siafi>2705</siafi>
  </cep>
  <cep>
    <cep>57311-247</cep>
    <logradouro>Avenida Vicente Nunes de Albuquerque</logradouro>
    <complemento/>
    <unidade/>
    <bairro>Caititus</bairro>
    <localidade>Arapiraca</localidade>
    <uf>AL</uf>
    <estado>Alagoas</estado>
    <região/>
    <ibge>2700300</ibge>
    <gia/>
    <ddd>82</ddd>
    <siafi>2705</siafi>
  </cep>
  <cep>
    <cep>57311-260</cep>
    <logradouro>Rua José Antônio de Albuquerque</logradouro>
    <complemento/>
    <unidade/>
    <bairro>Caititus</bairro>
    <localidade>Arapiraca</localidade>
    <uf>AL</uf>
    <estado>Alagoas</estado>
    <região/>
    <ibge>2700300</ibge>
    <gia/>
    <ddd>82</ddd>
    <siafi>2705</siafi>
  </cep>
  <cep>
    <cep>57311-270</cep>
    <logradouro>Rua Salustiano José dos Santos</logradouro>
    <complemento/>
    <unidade/>
    <bairro>Caititus</bairro>
    <localidade>Arapiraca</localidade>
    <uf>AL</uf>
    <estado>Alagoas</estado>
    <região/>
    <ibge>2700300</ibge>
    <gia/>
    <ddd>82</ddd>
    <siafi>2705</siafi>
  </cep>
  <cep>
    <cep>57311-275</cep>
    <logradouro>Rua Lino Roberto</logradouro>
    <complemento/>
    <unidade/>
    <bairro>Caititus</bairro>
    <localidade>Arapiraca</localidade>
    <uf>AL</uf>
    <estado>Alagoas</estado>
    <região/>
    <ibge>2700300</ibge>
    <gia/>
    <ddd>82</ddd>
    <siafi>2705</siafi>
  </cep>
  <cep>
    <cep>57311-280</cep>
    <logradouro>Rua Francisco Pereira de Albuquerque</logradouro>
    <complemento/>
    <unidade/>
    <bairro>Caititus</bairro>
    <localidade>Arapiraca</localidade>
    <uf>AL</uf>
    <estado>Alagoas</estado>
    <região/>
    <ibge>2700300</ibge>
    <gia/>
    <ddd>82</ddd>
    <siafi>2705</siafi>
  </cep>
  <cep>
    <cep>57311-290</cep>
    <logradouro>Rua José Soares Nunes</logradouro>
    <complemento/>
    <unidade/>
    <bairro>Caititus</bairro>
    <localidade>Arapiraca</localidade>
    <uf>AL</uf>
    <estado>Alagoas</estado>
    <região/>
    <ibge>2700300</ibge>
    <gia/>
    <ddd>82</ddd>
    <siafi>2705</siafi>
  </cep>
  <cep>
    <cep>57311-295</cep>
    <logradouro>Rua Pajuçara</logradouro>
    <complemento>lado par</complemento>
    <unidade/>
    <bairro>Caititus</bairro>
    <localidade>Arapiraca</localidade>
    <uf>AL</uf>
    <estado>Alagoas</estado>
    <região/>
    <ibge>2700300</ibge>
    <gia/>
    <ddd>82</ddd>
    <siafi>2705</siafi>
  </cep>
  <cep>
    <cep>57311-320</cep>
    <logradouro>Rua Palmares</logradouro>
    <complemento/>
    <unidade/>
    <bairro>Caititus</bairro>
    <localidade>Arapiraca</localidade>
    <uf>AL</uf>
    <estado>Alagoas</estado>
    <região/>
    <ibge>2700300</ibge>
    <gia/>
    <ddd>82</ddd>
    <siafi>2705</siafi>
  </cep>
  <cep>
    <cep>57311-310</cep>
    <logradouro>Praça Antônio Laurindo</logradouro>
    <complemento/>
    <unidade/>
    <bairro>Caititus</bairro>
    <localidade>Arapiraca</localidade>
    <uf>AL</uf>
    <estado>Alagoas</estado>
    <região/>
    <ibge>2700300</ibge>
    <gia/>
    <ddd>82</ddd>
    <siafi>2705</siafi>
  </cep>
  <cep>
    <cep>57311-305</cep>
    <logradouro>Rua Petrolina</logradouro>
    <complemento/>
    <unidade/>
    <bairro>Caititus</bairro>
    <localidade>Arapiraca</localidade>
    <uf>AL</uf>
    <estado>Alagoas</estado>
    <região/>
    <ibge>2700300</ibge>
    <gia/>
    <ddd>82</ddd>
    <siafi>2705</siafi>
  </cep>
  <cep>
    <cep>57311-325</cep>
    <logradouro>Praça Ivanildo Vieira Goes</logradouro>
    <complemento/>
    <unidade/>
    <bairro>Caititus</bairro>
    <localidade>Arapiraca</localidade>
    <uf>AL</uf>
    <estado>Alagoas</estado>
    <região/>
    <ibge>2700300</ibge>
    <gia/>
    <ddd>82</ddd>
    <siafi>2705</siafi>
  </cep>
  <cep>
    <cep>57311-330</cep>
    <logradouro>Rua Antônio Magalhães Barbosa</logradouro>
    <complemento/>
    <unidade/>
    <bairro>Caititus</bairro>
    <localidade>Arapiraca</localidade>
    <uf>AL</uf>
    <estado>Alagoas</estado>
    <região/>
    <ibge>2700300</ibge>
    <gia/>
    <ddd>82</ddd>
    <siafi>2705</siafi>
  </cep>
  <cep>
    <cep>57311-340</cep>
    <logradouro>Rua Porto Real do Colégio</logradouro>
    <complemento>lado ímpar</complemento>
    <unidade/>
    <bairro>Caititus</bairro>
    <localidade>Arapiraca</localidade>
    <uf>AL</uf>
    <estado>Alagoas</estado>
    <região/>
    <ibge>2700300</ibge>
    <gia/>
    <ddd>82</ddd>
    <siafi>2705</siafi>
  </cep>
  <cep>
    <cep>57311-430</cep>
    <logradouro>Rua Pedro Correia das Graças</logradouro>
    <complemento/>
    <unidade/>
    <bairro>Caititus</bairro>
    <localidade>Arapiraca</localidade>
    <uf>AL</uf>
    <estado>Alagoas</estado>
    <região/>
    <ibge>2700300</ibge>
    <gia/>
    <ddd>82</ddd>
    <siafi>2705</siafi>
  </cep>
  <cep>
    <cep>57311-460</cep>
    <logradouro>Rua Guilherme Alcídes Moreira</logradouro>
    <complemento>lado ímpar</complemento>
    <unidade/>
    <bairro>Caititus</bairro>
    <localidade>Arapiraca</localidade>
    <uf>AL</uf>
    <estado>Alagoas</estado>
    <região/>
    <ibge>2700300</ibge>
    <gia/>
    <ddd>82</ddd>
    <siafi>2705</siafi>
  </cep>
  <cep>
    <cep>57311-455</cep>
    <logradouro>Rua Tereza Albuquerque</logradouro>
    <complemento/>
    <unidade/>
    <bairro>Caititus</bairro>
    <localidade>Arapiraca</localidade>
    <uf>AL</uf>
    <estado>Alagoas</estado>
    <região/>
    <ibge>2700300</ibge>
    <gia/>
    <ddd>82</ddd>
    <siafi>2705</siafi>
  </cep>
  <cep>
    <cep>57311-440</cep>
    <logradouro>Rua Pedro Barbosa da Silva</logradouro>
    <complemento/>
    <unidade/>
    <bairro>Caititus</bairro>
    <localidade>Arapiraca</localidade>
    <uf>AL</uf>
    <estado>Alagoas</estado>
    <região/>
    <ibge>2700300</ibge>
    <gia/>
    <ddd>82</ddd>
    <siafi>2705</siafi>
  </cep>
  <cep>
    <cep>57311-490</cep>
    <logradouro>Vila Givaldo Ferreira da Silva</logradouro>
    <complemento/>
    <unidade/>
    <bairro>Caititus</bairro>
    <localidade>Arapiraca</localidade>
    <uf>AL</uf>
    <estado>Alagoas</estado>
    <região/>
    <ibge>2700300</ibge>
    <gia/>
    <ddd>82</ddd>
    <siafi>2705</siafi>
  </cep>
  <cep>
    <cep>57311-500</cep>
    <logradouro>Rua José Jaílson Nunes</logradouro>
    <complemento/>
    <unidade/>
    <bairro>Caititus</bairro>
    <localidade>Arapiraca</localidade>
    <uf>AL</uf>
    <estado>Alagoas</estado>
    <região/>
    <ibge>2700300</ibge>
    <gia/>
    <ddd>82</ddd>
    <siafi>2705</siafi>
  </cep>
  <cep>
    <cep>57311-480</cep>
    <logradouro>Vila Rosa Houly</logradouro>
    <complemento/>
    <unidade/>
    <bairro>Caititus</bairro>
    <localidade>Arapiraca</localidade>
    <uf>AL</uf>
    <estado>Alagoas</estado>
    <região/>
    <ibge>2700300</ibge>
    <gia/>
    <ddd>82</ddd>
    <siafi>2705</siafi>
  </cep>
  <cep>
    <cep>57311-510</cep>
    <logradouro>Rua Maria Roque da Silva</logradouro>
    <complemento/>
    <unidade/>
    <bairro>Caititus</bairro>
    <localidade>Arapiraca</localidade>
    <uf>AL</uf>
    <estado>Alagoas</estado>
    <região/>
    <ibge>2700300</ibge>
    <gia/>
    <ddd>82</ddd>
    <siafi>2705</siafi>
  </cep>
  <cep>
    <cep>57311-550</cep>
    <logradouro>Rua Fausto Joaquim Luciano</logradouro>
    <complemento/>
    <unidade/>
    <bairro>Senador Teotônio Vilela</bairro>
    <localidade>Arapiraca</localidade>
    <uf>AL</uf>
    <estado>Alagoas</estado>
    <região/>
    <ibge>2700300</ibge>
    <gia/>
    <ddd>82</ddd>
    <siafi>2705</siafi>
  </cep>
  <cep>
    <cep>57311-470</cep>
    <logradouro>Rua Márcia Houly</logradouro>
    <complemento/>
    <unidade/>
    <bairro>Caititus</bairro>
    <localidade>Arapiraca</localidade>
    <uf>AL</uf>
    <estado>Alagoas</estado>
    <região/>
    <ibge>2700300</ibge>
    <gia/>
    <ddd>82</ddd>
    <siafi>2705</siafi>
  </cep>
  <cep>
    <cep>57311-565</cep>
    <logradouro>Rua Delmiro Gouveia</logradouro>
    <complemento/>
    <unidade/>
    <bairro>Senador Teotônio Vilela</bairro>
    <localidade>Arapiraca</localidade>
    <uf>AL</uf>
    <estado>Alagoas</estado>
    <região/>
    <ibge>2700300</ibge>
    <gia/>
    <ddd>82</ddd>
    <siafi>2705</siafi>
  </cep>
  <cep>
    <cep>57311-555</cep>
    <logradouro>Travessa Fausto Joaquim Luciano</logradouro>
    <complemento/>
    <unidade/>
    <bairro>Senador Teotônio Vilela</bairro>
    <localidade>Arapiraca</localidade>
    <uf>AL</uf>
    <estado>Alagoas</estado>
    <região/>
    <ibge>2700300</ibge>
    <gia/>
    <ddd>82</ddd>
    <siafi>2705</siafi>
  </cep>
  <cep>
    <cep>57311-560</cep>
    <logradouro>Rua Brivaldo Joaquim</logradouro>
    <complemento/>
    <unidade/>
    <bairro>Senador Teotônio Vilela</bairro>
    <localidade>Arapiraca</localidade>
    <uf>AL</uf>
    <estado>Alagoas</estado>
    <região/>
    <ibge>2700300</ibge>
    <gia/>
    <ddd>82</ddd>
    <siafi>2705</siafi>
  </cep>
  <cep>
    <cep>57311-556</cep>
    <logradouro>Rua Professor Domingos Rodrigues</logradouro>
    <complemento/>
    <unidade/>
    <bairro>Senador Teotônio Vilela</bairro>
    <localidade>Arapiraca</localidade>
    <uf>AL</uf>
    <estado>Alagoas</estado>
    <região/>
    <ibge>2700300</ibge>
    <gia/>
    <ddd>82</ddd>
    <siafi>2705</siafi>
  </cep>
  <cep>
    <cep>57311-566</cep>
    <logradouro>Rua Sete de Setembro</logradouro>
    <complemento/>
    <unidade/>
    <bairro>Senador Teotônio Vilela</bairro>
    <localidade>Arapiraca</localidade>
    <uf>AL</uf>
    <estado>Alagoas</estado>
    <região/>
    <ibge>2700300</ibge>
    <gia/>
    <ddd>82</ddd>
    <siafi>2705</siafi>
  </cep>
  <cep>
    <cep>57311-567</cep>
    <logradouro>Rua Isaías Pereira</logradouro>
    <complemento/>
    <unidade/>
    <bairro>Senador Teotônio Vilela</bairro>
    <localidade>Arapiraca</localidade>
    <uf>AL</uf>
    <estado>Alagoas</estado>
    <região/>
    <ibge>2700300</ibge>
    <gia/>
    <ddd>82</ddd>
    <siafi>2705</siafi>
  </cep>
  <cep>
    <cep>57311-580</cep>
    <logradouro>Rua Dom Felício Vasconcelos</logradouro>
    <complemento/>
    <unidade/>
    <bairro>Senador Teotônio Vilela</bairro>
    <localidade>Arapiraca</localidade>
    <uf>AL</uf>
    <estado>Alagoas</estado>
    <região/>
    <ibge>2700300</ibge>
    <gia/>
    <ddd>82</ddd>
    <siafi>2705</siafi>
  </cep>
  <cep>
    <cep>57311-576</cep>
    <logradouro>Rua São Pedro</logradouro>
    <complemento>de 355/356 ao fim</complemento>
    <unidade/>
    <bairro>Senador Teotônio Vilela</bairro>
    <localidade>Arapiraca</localidade>
    <uf>AL</uf>
    <estado>Alagoas</estado>
    <região/>
    <ibge>2700300</ibge>
    <gia/>
    <ddd>82</ddd>
    <siafi>2705</siafi>
  </cep>
  <cep>
    <cep>57311-590</cep>
    <logradouro>Rua São Paulo</logradouro>
    <complemento>até 89/90</complemento>
    <unidade/>
    <bairro>Senador Teotônio Vilela</bairro>
    <localidade>Arapiraca</localidade>
    <uf>AL</uf>
    <estado>Alagoas</estado>
    <região/>
    <ibge>2700300</ibge>
    <gia/>
    <ddd>82</ddd>
    <siafi>2705</siafi>
  </cep>
  <cep>
    <cep>57311-575</cep>
    <logradouro>Rua Pedro Bernardino da Silva</logradouro>
    <complemento>até 56/57</complemento>
    <unidade/>
    <bairro>Senador Teotônio Vilela</bairro>
    <localidade>Arapiraca</localidade>
    <uf>AL</uf>
    <estado>Alagoas</estado>
    <região/>
    <ibge>2700300</ibge>
    <gia/>
    <ddd>82</ddd>
    <siafi>2705</siafi>
  </cep>
  <cep>
    <cep>57311-570</cep>
    <logradouro>Praça Antônio Caetano Souza</logradouro>
    <complemento/>
    <unidade/>
    <bairro>Senador Teotônio Vilela</bairro>
    <localidade>Arapiraca</localidade>
    <uf>AL</uf>
    <estado>Alagoas</estado>
    <região/>
    <ibge>2700300</ibge>
    <gia/>
    <ddd>82</ddd>
    <siafi>2705</siafi>
  </cep>
  <cep>
    <cep>57311-620</cep>
    <logradouro>Rua São Jorge</logradouro>
    <complemento/>
    <unidade/>
    <bairro>Senador Teotônio Vilela</bairro>
    <localidade>Arapiraca</localidade>
    <uf>AL</uf>
    <estado>Alagoas</estado>
    <região/>
    <ibge>2700300</ibge>
    <gia/>
    <ddd>82</ddd>
    <siafi>2705</siafi>
  </cep>
  <cep>
    <cep>57311-600</cep>
    <logradouro>Rua São Geraldo</logradouro>
    <complemento/>
    <unidade/>
    <bairro>Senador Teotônio Vilela</bairro>
    <localidade>Arapiraca</localidade>
    <uf>AL</uf>
    <estado>Alagoas</estado>
    <região/>
    <ibge>2700300</ibge>
    <gia/>
    <ddd>82</ddd>
    <siafi>2705</siafi>
  </cep>
  <cep>
    <cep>57311-610</cep>
    <logradouro>Rua Fortaleza</logradouro>
    <complemento/>
    <unidade/>
    <bairro>Senador Teotônio Vilela</bairro>
    <localidade>Arapiraca</localidade>
    <uf>AL</uf>
    <estado>Alagoas</estado>
    <região/>
    <ibge>2700300</ibge>
    <gia/>
    <ddd>82</ddd>
    <siafi>2705</siafi>
  </cep>
  <cep>
    <cep>57311-630</cep>
    <logradouro>Rua Pedro Barbosa da Silva</logradouro>
    <complemento/>
    <unidade/>
    <bairro>Senador Teotônio Vilela</bairro>
    <localidade>Arapiraca</localidade>
    <uf>AL</uf>
    <estado>Alagoas</estado>
    <região/>
    <ibge>2700300</ibge>
    <gia/>
    <ddd>82</ddd>
    <siafi>2705</siafi>
  </cep>
  <cep>
    <cep>57312-013</cep>
    <logradouro>Rua Professora Terezinha Amorim de Oliveira</logradouro>
    <complemento/>
    <unidade/>
    <bairro>Santa Esmeralda</bairro>
    <localidade>Arapiraca</localidade>
    <uf>AL</uf>
    <estado>Alagoas</estado>
    <região/>
    <ibge>2700300</ibge>
    <gia/>
    <ddd>82</ddd>
    <siafi>2705</siafi>
  </cep>
  <cep>
    <cep>57311-635</cep>
    <logradouro>Rua José Francelino de Albuquerque</logradouro>
    <complemento/>
    <unidade/>
    <bairro>Senador Teotônio Vilela</bairro>
    <localidade>Arapiraca</localidade>
    <uf>AL</uf>
    <estado>Alagoas</estado>
    <região/>
    <ibge>2700300</ibge>
    <gia/>
    <ddd>82</ddd>
    <siafi>2705</siafi>
  </cep>
  <cep>
    <cep>57312-015</cep>
    <logradouro>Rua Dias Gomes</logradouro>
    <complemento/>
    <unidade/>
    <bairro>Santa Esmeralda</bairro>
    <localidade>Arapiraca</localidade>
    <uf>AL</uf>
    <estado>Alagoas</estado>
    <região/>
    <ibge>2700300</ibge>
    <gia/>
    <ddd>82</ddd>
    <siafi>2705</siafi>
  </cep>
  <cep>
    <cep>57311-670</cep>
    <logradouro>Rua Samaritana</logradouro>
    <complemento>lado ímpar</complemento>
    <unidade/>
    <bairro>Senador Teotônio Vilela</bairro>
    <localidade>Arapiraca</localidade>
    <uf>AL</uf>
    <estado>Alagoas</estado>
    <região/>
    <ibge>2700300</ibge>
    <gia/>
    <ddd>82</ddd>
    <siafi>2705</siafi>
  </cep>
  <cep>
    <cep>57312-018</cep>
    <logradouro>Rua Deputado Federal Ulisses Guimarães</logradouro>
    <complemento/>
    <unidade/>
    <bairro>Santa Esmeralda</bairro>
    <localidade>Arapiraca</localidade>
    <uf>AL</uf>
    <estado>Alagoas</estado>
    <região/>
    <ibge>2700300</ibge>
    <gia/>
    <ddd>82</ddd>
    <siafi>2705</siafi>
  </cep>
  <cep>
    <cep>57312-011</cep>
    <logradouro>Rua Elias Rodrigues de Carvalho</logradouro>
    <complemento/>
    <unidade/>
    <bairro>Santa Esmeralda</bairro>
    <localidade>Arapiraca</localidade>
    <uf>AL</uf>
    <estado>Alagoas</estado>
    <região/>
    <ibge>2700300</ibge>
    <gia/>
    <ddd>82</ddd>
    <siafi>2705</siafi>
  </cep>
  <cep>
    <cep>57312-012</cep>
    <logradouro>Rua José Nilson Bruno da Silva</logradouro>
    <complemento/>
    <unidade/>
    <bairro>Santa Esmeralda</bairro>
    <localidade>Arapiraca</localidade>
    <uf>AL</uf>
    <estado>Alagoas</estado>
    <região/>
    <ibge>2700300</ibge>
    <gia/>
    <ddd>82</ddd>
    <siafi>2705</siafi>
  </cep>
  <cep>
    <cep>57312-014</cep>
    <logradouro>Rua Jornalista Freitas Neto</logradouro>
    <complemento/>
    <unidade/>
    <bairro>Santa Esmeralda</bairro>
    <localidade>Arapiraca</localidade>
    <uf>AL</uf>
    <estado>Alagoas</estado>
    <região/>
    <ibge>2700300</ibge>
    <gia/>
    <ddd>82</ddd>
    <siafi>2705</siafi>
  </cep>
  <cep>
    <cep>57311-640</cep>
    <logradouro>Rua José Avelino Neto</logradouro>
    <complemento/>
    <unidade/>
    <bairro>Senador Teotônio Vilela</bairro>
    <localidade>Arapiraca</localidade>
    <uf>AL</uf>
    <estado>Alagoas</estado>
    <região/>
    <ibge>2700300</ibge>
    <gia/>
    <ddd>82</ddd>
    <siafi>2705</siafi>
  </cep>
  <cep>
    <cep>57311-660</cep>
    <logradouro>Rua Nossa Senhora das Dores</logradouro>
    <complemento/>
    <unidade/>
    <bairro>Senador Teotônio Vilela</bairro>
    <localidade>Arapiraca</localidade>
    <uf>AL</uf>
    <estado>Alagoas</estado>
    <região/>
    <ibge>2700300</ibge>
    <gia/>
    <ddd>82</ddd>
    <siafi>2705</siafi>
  </cep>
  <cep>
    <cep>57312-016</cep>
    <logradouro>Rua Alexandrina Pereira de Oliveira</logradouro>
    <complemento/>
    <unidade/>
    <bairro>Santa Esmeralda</bairro>
    <localidade>Arapiraca</localidade>
    <uf>AL</uf>
    <estado>Alagoas</estado>
    <região/>
    <ibge>2700300</ibge>
    <gia/>
    <ddd>82</ddd>
    <siafi>2705</siafi>
  </cep>
  <cep>
    <cep>57311-650</cep>
    <logradouro>Rua Santa Luzia</logradouro>
    <complemento/>
    <unidade/>
    <bairro>Senador Teotônio Vilela</bairro>
    <localidade>Arapiraca</localidade>
    <uf>AL</uf>
    <estado>Alagoas</estado>
    <região/>
    <ibge>2700300</ibge>
    <gia/>
    <ddd>82</ddd>
    <siafi>2705</siafi>
  </cep>
  <cep>
    <cep>57312-019</cep>
    <logradouro>Rua Olívia Brito de Almeida</logradouro>
    <complemento/>
    <unidade/>
    <bairro>Santa Esmeralda</bairro>
    <localidade>Arapiraca</localidade>
    <uf>AL</uf>
    <estado>Alagoas</estado>
    <região/>
    <ibge>2700300</ibge>
    <gia/>
    <ddd>82</ddd>
    <siafi>2705</siafi>
  </cep>
  <cep>
    <cep>57312-020</cep>
    <logradouro>Rua Ouro Branco</logradouro>
    <complemento/>
    <unidade/>
    <bairro>Santa Esmeralda</bairro>
    <localidade>Arapiraca</localidade>
    <uf>AL</uf>
    <estado>Alagoas</estado>
    <região/>
    <ibge>2700300</ibge>
    <gia/>
    <ddd>82</ddd>
    <siafi>2705</siafi>
  </cep>
  <cep>
    <cep>57312-021</cep>
    <logradouro>Rua Maria Gomes Evangelista</logradouro>
    <complemento/>
    <unidade/>
    <bairro>Santa Esmeralda</bairro>
    <localidade>Arapiraca</localidade>
    <uf>AL</uf>
    <estado>Alagoas</estado>
    <região/>
    <ibge>2700300</ibge>
    <gia/>
    <ddd>82</ddd>
    <siafi>2705</siafi>
  </cep>
  <cep>
    <cep>57312-022</cep>
    <logradouro>Rua José Valentim dos Santos</logradouro>
    <complemento/>
    <unidade/>
    <bairro>Santa Esmeralda</bairro>
    <localidade>Arapiraca</localidade>
    <uf>AL</uf>
    <estado>Alagoas</estado>
    <região/>
    <ibge>2700300</ibge>
    <gia/>
    <ddd>82</ddd>
    <siafi>2705</siafi>
  </cep>
  <cep>
    <cep>57312-023</cep>
    <logradouro>Rua Doutor José Amaurí Canuto</logradouro>
    <complemento/>
    <unidade/>
    <bairro>Santa Esmeralda</bairro>
    <localidade>Arapiraca</localidade>
    <uf>AL</uf>
    <estado>Alagoas</estado>
    <região/>
    <ibge>2700300</ibge>
    <gia/>
    <ddd>82</ddd>
    <siafi>2705</siafi>
  </cep>
  <cep>
    <cep>57312-024</cep>
    <logradouro>Rua Luis de Albuquerque Lima</logradouro>
    <complemento/>
    <unidade/>
    <bairro>Santa Esmeralda</bairro>
    <localidade>Arapiraca</localidade>
    <uf>AL</uf>
    <estado>Alagoas</estado>
    <região/>
    <ibge>2700300</ibge>
    <gia/>
    <ddd>82</ddd>
    <siafi>2705</siafi>
  </cep>
  <cep>
    <cep>57312-025</cep>
    <logradouro>Rodovia AL-220</logradouro>
    <complemento>lado ímpar</complemento>
    <unidade/>
    <bairro>Santa Esmeralda</bairro>
    <localidade>Arapiraca</localidade>
    <uf>AL</uf>
    <estado>Alagoas</estado>
    <região/>
    <ibge>2700300</ibge>
    <gia/>
    <ddd>82</ddd>
    <siafi>2705</siafi>
  </cep>
  <cep>
    <cep>57312-028</cep>
    <logradouro>Rua Laura Viturino da Rocha</logradouro>
    <complemento/>
    <unidade/>
    <bairro>Santa Esmeralda</bairro>
    <localidade>Arapiraca</localidade>
    <uf>AL</uf>
    <estado>Alagoas</estado>
    <região/>
    <ibge>2700300</ibge>
    <gia/>
    <ddd>82</ddd>
    <siafi>2705</siafi>
  </cep>
  <cep>
    <cep>57312-027</cep>
    <logradouro>Rua Estudante Charles Fabian Barbosa Lúcio</logradouro>
    <complemento/>
    <unidade/>
    <bairro>Santa Esmeralda</bairro>
    <localidade>Arapiraca</localidade>
    <uf>AL</uf>
    <estado>Alagoas</estado>
    <região/>
    <ibge>2700300</ibge>
    <gia/>
    <ddd>82</ddd>
    <siafi>2705</siafi>
  </cep>
  <cep>
    <cep>57312-040</cep>
    <logradouro>Rua Roteiro</logradouro>
    <complemento/>
    <unidade/>
    <bairro>Santa Esmeralda</bairro>
    <localidade>Arapiraca</localidade>
    <uf>AL</uf>
    <estado>Alagoas</estado>
    <região/>
    <ibge>2700300</ibge>
    <gia/>
    <ddd>82</ddd>
    <siafi>2705</siafi>
  </cep>
  <cep>
    <cep>57312-030</cep>
    <logradouro>Rua José Neto Totó</logradouro>
    <complemento/>
    <unidade/>
    <bairro>Santa Esmeralda</bairro>
    <localidade>Arapiraca</localidade>
    <uf>AL</uf>
    <estado>Alagoas</estado>
    <região/>
    <ibge>2700300</ibge>
    <gia/>
    <ddd>82</ddd>
    <siafi>2705</siafi>
  </cep>
  <cep>
    <cep>57312-060</cep>
    <logradouro>Rua Maria de Brito Melo</logradouro>
    <complemento/>
    <unidade/>
    <bairro>Santa Esmeralda</bairro>
    <localidade>Arapiraca</localidade>
    <uf>AL</uf>
    <estado>Alagoas</estado>
    <região/>
    <ibge>2700300</ibge>
    <gia/>
    <ddd>82</ddd>
    <siafi>2705</siafi>
  </cep>
  <cep>
    <cep>57312-045</cep>
    <logradouro>Rua São Paulo</logradouro>
    <complemento>de 391 ao fim - lado ímpar</complemento>
    <unidade/>
    <bairro>Santa Esmeralda</bairro>
    <localidade>Arapiraca</localidade>
    <uf>AL</uf>
    <estado>Alagoas</estado>
    <região/>
    <ibge>2700300</ibge>
    <gia/>
    <ddd>82</ddd>
    <siafi>2705</siafi>
  </cep>
  <cep>
    <cep>57312-080</cep>
    <logradouro>Praça Menino Jesus</logradouro>
    <complemento/>
    <unidade/>
    <bairro>Santa Esmeralda</bairro>
    <localidade>Arapiraca</localidade>
    <uf>AL</uf>
    <estado>Alagoas</estado>
    <região/>
    <ibge>2700300</ibge>
    <gia/>
    <ddd>82</ddd>
    <siafi>2705</siafi>
  </cep>
  <cep>
    <cep>57312-029</cep>
    <logradouro>Rua José Timoteo de Amorim</logradouro>
    <complemento/>
    <unidade/>
    <bairro>Santa Esmeralda</bairro>
    <localidade>Arapiraca</localidade>
    <uf>AL</uf>
    <estado>Alagoas</estado>
    <região/>
    <ibge>2700300</ibge>
    <gia/>
    <ddd>82</ddd>
    <siafi>2705</siafi>
  </cep>
  <cep>
    <cep>57312-070</cep>
    <logradouro>Rua Justino Sebastião da Silva</logradouro>
    <complemento/>
    <unidade/>
    <bairro>Santa Esmeralda</bairro>
    <localidade>Arapiraca</localidade>
    <uf>AL</uf>
    <estado>Alagoas</estado>
    <região/>
    <ibge>2700300</ibge>
    <gia/>
    <ddd>82</ddd>
    <siafi>2705</siafi>
  </cep>
  <cep>
    <cep>57312-035</cep>
    <logradouro>Rua São Jorge</logradouro>
    <complemento/>
    <unidade/>
    <bairro>Santa Esmeralda</bairro>
    <localidade>Arapiraca</localidade>
    <uf>AL</uf>
    <estado>Alagoas</estado>
    <região/>
    <ibge>2700300</ibge>
    <gia/>
    <ddd>82</ddd>
    <siafi>2705</siafi>
  </cep>
  <cep>
    <cep>57312-050</cep>
    <logradouro>Rua São Miguel dos Campos</logradouro>
    <complemento/>
    <unidade/>
    <bairro>Santa Esmeralda</bairro>
    <localidade>Arapiraca</localidade>
    <uf>AL</uf>
    <estado>Alagoas</estado>
    <região/>
    <ibge>2700300</ibge>
    <gia/>
    <ddd>82</ddd>
    <siafi>2705</siafi>
  </cep>
  <cep>
    <cep>57312-090</cep>
    <logradouro>Rua Ismael Maximiano da Silva</logradouro>
    <complemento/>
    <unidade/>
    <bairro>Santa Esmeralda</bairro>
    <localidade>Arapiraca</localidade>
    <uf>AL</uf>
    <estado>Alagoas</estado>
    <região/>
    <ibge>2700300</ibge>
    <gia/>
    <ddd>82</ddd>
    <siafi>2705</siafi>
  </cep>
  <cep>
    <cep>57312-104</cep>
    <logradouro>Rua Raimundo Delmiro de Lima</logradouro>
    <complemento/>
    <unidade/>
    <bairro>Santa Esmeralda</bairro>
    <localidade>Arapiraca</localidade>
    <uf>AL</uf>
    <estado>Alagoas</estado>
    <região/>
    <ibge>2700300</ibge>
    <gia/>
    <ddd>82</ddd>
    <siafi>2705</siafi>
  </cep>
  <cep>
    <cep>57312-102</cep>
    <logradouro>Rua Alvina Lopes de Almeida</logradouro>
    <complemento/>
    <unidade/>
    <bairro>Santa Esmeralda</bairro>
    <localidade>Arapiraca</localidade>
    <uf>AL</uf>
    <estado>Alagoas</estado>
    <região/>
    <ibge>2700300</ibge>
    <gia/>
    <ddd>82</ddd>
    <siafi>2705</siafi>
  </cep>
  <cep>
    <cep>57312-100</cep>
    <logradouro>Rua Floro Gomes Novaes</logradouro>
    <complemento/>
    <unidade/>
    <bairro>Santa Esmeralda</bairro>
    <localidade>Arapiraca</localidade>
    <uf>AL</uf>
    <estado>Alagoas</estado>
    <região/>
    <ibge>2700300</ibge>
    <gia/>
    <ddd>82</ddd>
    <siafi>2705</siafi>
  </cep>
  <cep>
    <cep>57312-110</cep>
    <logradouro>Rua José Augusto Pereira</logradouro>
    <complemento/>
    <unidade/>
    <bairro>Santa Esmeralda</bairro>
    <localidade>Arapiraca</localidade>
    <uf>AL</uf>
    <estado>Alagoas</estado>
    <região/>
    <ibge>2700300</ibge>
    <gia/>
    <ddd>82</ddd>
    <siafi>2705</siafi>
  </cep>
  <cep>
    <cep>57312-120</cep>
    <logradouro>Rua Prefeito Higino Vital</logradouro>
    <complemento/>
    <unidade/>
    <bairro>Santa Esmeralda</bairro>
    <localidade>Arapiraca</localidade>
    <uf>AL</uf>
    <estado>Alagoas</estado>
    <região/>
    <ibge>2700300</ibge>
    <gia/>
    <ddd>82</ddd>
    <siafi>2705</siafi>
  </cep>
  <cep>
    <cep>57312-108</cep>
    <logradouro>Rua Matias Vieira da Silva</logradouro>
    <complemento/>
    <unidade/>
    <bairro>Santa Esmeralda</bairro>
    <localidade>Arapiraca</localidade>
    <uf>AL</uf>
    <estado>Alagoas</estado>
    <região/>
    <ibge>2700300</ibge>
    <gia/>
    <ddd>82</ddd>
    <siafi>2705</siafi>
  </cep>
  <cep>
    <cep>57312-105</cep>
    <logradouro>Rua Estelita de Macêdo</logradouro>
    <complemento/>
    <unidade/>
    <bairro>Santa Esmeralda</bairro>
    <localidade>Arapiraca</localidade>
    <uf>AL</uf>
    <estado>Alagoas</estado>
    <região/>
    <ibge>2700300</ibge>
    <gia/>
    <ddd>82</ddd>
    <siafi>2705</siafi>
  </cep>
  <cep>
    <cep>57312-106</cep>
    <logradouro>Rua Maxwel Alves dos Santos</logradouro>
    <complemento/>
    <unidade/>
    <bairro>Santa Esmeralda</bairro>
    <localidade>Arapiraca</localidade>
    <uf>AL</uf>
    <estado>Alagoas</estado>
    <região/>
    <ibge>2700300</ibge>
    <gia/>
    <ddd>82</ddd>
    <siafi>2705</siafi>
  </cep>
  <cep>
    <cep>57312-130</cep>
    <logradouro>Rua Lauro F. de Macêdo</logradouro>
    <complemento/>
    <unidade/>
    <bairro>Santa Esmeralda</bairro>
    <localidade>Arapiraca</localidade>
    <uf>AL</uf>
    <estado>Alagoas</estado>
    <região/>
    <ibge>2700300</ibge>
    <gia/>
    <ddd>82</ddd>
    <siafi>2705</siafi>
  </cep>
  <cep>
    <cep>57312-140</cep>
    <logradouro>Praça da Bíblia</logradouro>
    <complemento/>
    <unidade/>
    <bairro>Santa Esmeralda</bairro>
    <localidade>Arapiraca</localidade>
    <uf>AL</uf>
    <estado>Alagoas</estado>
    <região/>
    <ibge>2700300</ibge>
    <gia/>
    <ddd>82</ddd>
    <siafi>2705</siafi>
  </cep>
  <cep>
    <cep>57312-180</cep>
    <logradouro>Rua Manoel Lúcio Gomes</logradouro>
    <complemento>lado par</complemento>
    <unidade/>
    <bairro>Santa Esmeralda</bairro>
    <localidade>Arapiraca</localidade>
    <uf>AL</uf>
    <estado>Alagoas</estado>
    <região/>
    <ibge>2700300</ibge>
    <gia/>
    <ddd>82</ddd>
    <siafi>2705</siafi>
  </cep>
  <cep>
    <cep>57312-160</cep>
    <logradouro>Rua Marechal Rondon</logradouro>
    <complemento/>
    <unidade/>
    <bairro>Santa Esmeralda</bairro>
    <localidade>Arapiraca</localidade>
    <uf>AL</uf>
    <estado>Alagoas</estado>
    <região/>
    <ibge>2700300</ibge>
    <gia/>
    <ddd>82</ddd>
    <siafi>2705</siafi>
  </cep>
  <cep>
    <cep>57312-150</cep>
    <logradouro>Rua Cristo Redentor</logradouro>
    <complemento/>
    <unidade/>
    <bairro>Santa Esmeralda</bairro>
    <localidade>Arapiraca</localidade>
    <uf>AL</uf>
    <estado>Alagoas</estado>
    <região/>
    <ibge>2700300</ibge>
    <gia/>
    <ddd>82</ddd>
    <siafi>2705</siafi>
  </cep>
  <cep>
    <cep>57312-190</cep>
    <logradouro>Rua Ademário José Mendes Lira</logradouro>
    <complemento/>
    <unidade/>
    <bairro>Santa Esmeralda</bairro>
    <localidade>Arapiraca</localidade>
    <uf>AL</uf>
    <estado>Alagoas</estado>
    <região/>
    <ibge>2700300</ibge>
    <gia/>
    <ddd>82</ddd>
    <siafi>2705</siafi>
  </cep>
  <cep>
    <cep>57312-170</cep>
    <logradouro>Rua Sebastião Ribeiro Barbosa</logradouro>
    <complemento/>
    <unidade/>
    <bairro>Santa Esmeralda</bairro>
    <localidade>Arapiraca</localidade>
    <uf>AL</uf>
    <estado>Alagoas</estado>
    <região/>
    <ibge>2700300</ibge>
    <gia/>
    <ddd>82</ddd>
    <siafi>2705</siafi>
  </cep>
  <cep>
    <cep>57312-210</cep>
    <logradouro>Avenida Elvira Barbosa Lopes</logradouro>
    <complemento/>
    <unidade/>
    <bairro>Santa Esmeralda</bairro>
    <localidade>Arapiraca</localidade>
    <uf>AL</uf>
    <estado>Alagoas</estado>
    <região/>
    <ibge>2700300</ibge>
    <gia/>
    <ddd>82</ddd>
    <siafi>2705</siafi>
  </cep>
  <cep>
    <cep>57312-200</cep>
    <logradouro>Rua José Nunes Carnaúba</logradouro>
    <complemento/>
    <unidade/>
    <bairro>Santa Esmeralda</bairro>
    <localidade>Arapiraca</localidade>
    <uf>AL</uf>
    <estado>Alagoas</estado>
    <região/>
    <ibge>2700300</ibge>
    <gia/>
    <ddd>82</ddd>
    <siafi>2705</siafi>
  </cep>
  <cep>
    <cep>57312-215</cep>
    <logradouro>Avenida Minervina Francisca da Conceição</logradouro>
    <complemento/>
    <unidade/>
    <bairro>Santa Esmeralda</bairro>
    <localidade>Arapiraca</localidade>
    <uf>AL</uf>
    <estado>Alagoas</estado>
    <região/>
    <ibge>2700300</ibge>
    <gia/>
    <ddd>82</ddd>
    <siafi>2705</siafi>
  </cep>
  <cep>
    <cep>57312-220</cep>
    <logradouro>Rua Alan Kardec</logradouro>
    <complemento/>
    <unidade/>
    <bairro>Santa Esmeralda</bairro>
    <localidade>Arapiraca</localidade>
    <uf>AL</uf>
    <estado>Alagoas</estado>
    <região/>
    <ibge>2700300</ibge>
    <gia/>
    <ddd>82</ddd>
    <siafi>2705</siafi>
  </cep>
  <cep>
    <cep>57312-230</cep>
    <logradouro>Rua da Liberdade</logradouro>
    <complemento/>
    <unidade/>
    <bairro>Santa Esmeralda</bairro>
    <localidade>Arapiraca</localidade>
    <uf>AL</uf>
    <estado>Alagoas</estado>
    <região/>
    <ibge>2700300</ibge>
    <gia/>
    <ddd>82</ddd>
    <siafi>2705</siafi>
  </cep>
  <cep>
    <cep>57312-225</cep>
    <logradouro>Rua Ernesto Rodrigues de Souza</logradouro>
    <complemento/>
    <unidade/>
    <bairro>Santa Esmeralda</bairro>
    <localidade>Arapiraca</localidade>
    <uf>AL</uf>
    <estado>Alagoas</estado>
    <região/>
    <ibge>2700300</ibge>
    <gia/>
    <ddd>82</ddd>
    <siafi>2705</siafi>
  </cep>
  <cep>
    <cep>57312-240</cep>
    <logradouro>Rua José Cícero de Queiroz</logradouro>
    <complemento/>
    <unidade/>
    <bairro>Santa Esmeralda</bairro>
    <localidade>Arapiraca</localidade>
    <uf>AL</uf>
    <estado>Alagoas</estado>
    <região/>
    <ibge>2700300</ibge>
    <gia/>
    <ddd>82</ddd>
    <siafi>2705</siafi>
  </cep>
  <cep>
    <cep>57312-252</cep>
    <logradouro>Rua Aprígio Jacinto</logradouro>
    <complemento/>
    <unidade/>
    <bairro>Alto do Cruzeiro</bairro>
    <localidade>Arapiraca</localidade>
    <uf>AL</uf>
    <estado>Alagoas</estado>
    <região/>
    <ibge>2700300</ibge>
    <gia/>
    <ddd>82</ddd>
    <siafi>2705</siafi>
  </cep>
  <cep>
    <cep>57312-254</cep>
    <logradouro>Rua Isaías Pereira</logradouro>
    <complemento/>
    <unidade/>
    <bairro>Alto do Cruzeiro</bairro>
    <localidade>Arapiraca</localidade>
    <uf>AL</uf>
    <estado>Alagoas</estado>
    <região/>
    <ibge>2700300</ibge>
    <gia/>
    <ddd>82</ddd>
    <siafi>2705</siafi>
  </cep>
  <cep>
    <cep>57312-260</cep>
    <logradouro>Rua Presidente Tancredo de Almeida Neves</logradouro>
    <complemento/>
    <unidade/>
    <bairro>Alto do Cruzeiro</bairro>
    <localidade>Arapiraca</localidade>
    <uf>AL</uf>
    <estado>Alagoas</estado>
    <região/>
    <ibge>2700300</ibge>
    <gia/>
    <ddd>82</ddd>
    <siafi>2705</siafi>
  </cep>
  <cep>
    <cep>57312-264</cep>
    <logradouro>Rua Ouro Branco</logradouro>
    <complemento/>
    <unidade/>
    <bairro>Alto do Cruzeiro</bairro>
    <localidade>Arapiraca</localidade>
    <uf>AL</uf>
    <estado>Alagoas</estado>
    <região/>
    <ibge>2700300</ibge>
    <gia/>
    <ddd>82</ddd>
    <siafi>2705</siafi>
  </cep>
  <cep>
    <cep>57312-270</cep>
    <logradouro>Rua Governador Luiz Cavalcante</logradouro>
    <complemento/>
    <unidade/>
    <bairro>Alto do Cruzeiro</bairro>
    <localidade>Arapiraca</localidade>
    <uf>AL</uf>
    <estado>Alagoas</estado>
    <região/>
    <ibge>2700300</ibge>
    <gia/>
    <ddd>82</ddd>
    <siafi>2705</siafi>
  </cep>
  <cep>
    <cep>57312-261</cep>
    <logradouro>Rua Ademário José Mendes Lira</logradouro>
    <complemento/>
    <unidade/>
    <bairro>Alto do Cruzeiro</bairro>
    <localidade>Arapiraca</localidade>
    <uf>AL</uf>
    <estado>Alagoas</estado>
    <região/>
    <ibge>2700300</ibge>
    <gia/>
    <ddd>82</ddd>
    <siafi>2705</siafi>
  </cep>
  <cep>
    <cep>57312-265</cep>
    <logradouro>Rua São João</logradouro>
    <complemento/>
    <unidade/>
    <bairro>Alto do Cruzeiro</bairro>
    <localidade>Arapiraca</localidade>
    <uf>AL</uf>
    <estado>Alagoas</estado>
    <região/>
    <ibge>2700300</ibge>
    <gia/>
    <ddd>82</ddd>
    <siafi>2705</siafi>
  </cep>
  <cep>
    <cep>57312-266</cep>
    <logradouro>Rua Presidente Dutra</logradouro>
    <complemento>até 276/277</complemento>
    <unidade/>
    <bairro>Alto do Cruzeiro</bairro>
    <localidade>Arapiraca</localidade>
    <uf>AL</uf>
    <estado>Alagoas</estado>
    <região/>
    <ibge>2700300</ibge>
    <gia/>
    <ddd>82</ddd>
    <siafi>2705</siafi>
  </cep>
  <cep>
    <cep>57312-262</cep>
    <logradouro>Rua Sebastião Ribeiro Barbosa</logradouro>
    <complemento/>
    <unidade/>
    <bairro>Alto do Cruzeiro</bairro>
    <localidade>Arapiraca</localidade>
    <uf>AL</uf>
    <estado>Alagoas</estado>
    <região/>
    <ibge>2700300</ibge>
    <gia/>
    <ddd>82</ddd>
    <siafi>2705</siafi>
  </cep>
  <cep>
    <cep>57312-256</cep>
    <logradouro>Rua São Paulo</logradouro>
    <complemento>de 110 ao fim - lado par</complemento>
    <unidade/>
    <bairro>Alto do Cruzeiro</bairro>
    <localidade>Arapiraca</localidade>
    <uf>AL</uf>
    <estado>Alagoas</estado>
    <região/>
    <ibge>2700300</ibge>
    <gia/>
    <ddd>82</ddd>
    <siafi>2705</siafi>
  </cep>
  <cep>
    <cep>57312-250</cep>
    <logradouro>Rua Vereador Domingos Vital</logradouro>
    <complemento/>
    <unidade/>
    <bairro>Alto do Cruzeiro</bairro>
    <localidade>Arapiraca</localidade>
    <uf>AL</uf>
    <estado>Alagoas</estado>
    <região/>
    <ibge>2700300</ibge>
    <gia/>
    <ddd>82</ddd>
    <siafi>2705</siafi>
  </cep>
  <cep>
    <cep>57312-255</cep>
    <logradouro>Rua Pedro Bernardino da Silva</logradouro>
    <complemento>de 89/90 ao fim</complemento>
    <unidade/>
    <bairro>Alto do Cruzeiro</bairro>
    <localidade>Arapiraca</localidade>
    <uf>AL</uf>
    <estado>Alagoas</estado>
    <região/>
    <ibge>2700300</ibge>
    <gia/>
    <ddd>82</ddd>
    <siafi>2705</siafi>
  </cep>
  <cep>
    <cep>57312-253</cep>
    <logradouro>Rua Pedro Protenciano</logradouro>
    <complemento/>
    <unidade/>
    <bairro>Alto do Cruzeiro</bairro>
    <localidade>Arapiraca</localidade>
    <uf>AL</uf>
    <estado>Alagoas</estado>
    <região/>
    <ibge>2700300</ibge>
    <gia/>
    <ddd>82</ddd>
    <siafi>2705</siafi>
  </cep>
  <cep>
    <cep>57312-251</cep>
    <logradouro>Praça Santa Cruz</logradouro>
    <complemento/>
    <unidade/>
    <bairro>Alto do Cruzeiro</bairro>
    <localidade>Arapiraca</localidade>
    <uf>AL</uf>
    <estado>Alagoas</estado>
    <região/>
    <ibge>2700300</ibge>
    <gia/>
    <ddd>82</ddd>
    <siafi>2705</siafi>
  </cep>
  <cep>
    <cep>57312-245</cep>
    <logradouro>Rua Presidente Tancredo de Almeida Neves</logradouro>
    <complemento>de 316 ao fim - lado par</complemento>
    <unidade/>
    <bairro>Santa Esmeralda</bairro>
    <localidade>Arapiraca</localidade>
    <uf>AL</uf>
    <estado>Alagoas</estado>
    <região/>
    <ibge>2700300</ibge>
    <gia/>
    <ddd>82</ddd>
    <siafi>2705</siafi>
  </cep>
  <cep>
    <cep>57312-300</cep>
    <logradouro>Praça Lions</logradouro>
    <complemento/>
    <unidade/>
    <bairro>Alto do Cruzeiro</bairro>
    <localidade>Arapiraca</localidade>
    <uf>AL</uf>
    <estado>Alagoas</estado>
    <região/>
    <ibge>2700300</ibge>
    <gia/>
    <ddd>82</ddd>
    <siafi>2705</siafi>
  </cep>
  <cep>
    <cep>57312-280</cep>
    <logradouro>Rua Costa Rêgo</logradouro>
    <complemento/>
    <unidade/>
    <bairro>Alto do Cruzeiro</bairro>
    <localidade>Arapiraca</localidade>
    <uf>AL</uf>
    <estado>Alagoas</estado>
    <região/>
    <ibge>2700300</ibge>
    <gia/>
    <ddd>82</ddd>
    <siafi>2705</siafi>
  </cep>
  <cep>
    <cep>57312-320</cep>
    <logradouro>Rua João Paulo II</logradouro>
    <complemento/>
    <unidade/>
    <bairro>Alto do Cruzeiro</bairro>
    <localidade>Arapiraca</localidade>
    <uf>AL</uf>
    <estado>Alagoas</estado>
    <região/>
    <ibge>2700300</ibge>
    <gia/>
    <ddd>82</ddd>
    <siafi>2705</siafi>
  </cep>
  <cep>
    <cep>57312-330</cep>
    <logradouro>Rua Barão de Alagoas</logradouro>
    <complemento/>
    <unidade/>
    <bairro>Alto do Cruzeiro</bairro>
    <localidade>Arapiraca</localidade>
    <uf>AL</uf>
    <estado>Alagoas</estado>
    <região/>
    <ibge>2700300</ibge>
    <gia/>
    <ddd>82</ddd>
    <siafi>2705</siafi>
  </cep>
  <cep>
    <cep>57312-340</cep>
    <logradouro>Rua Manoel Protásio</logradouro>
    <complemento/>
    <unidade/>
    <bairro>Alto do Cruzeiro</bairro>
    <localidade>Arapiraca</localidade>
    <uf>AL</uf>
    <estado>Alagoas</estado>
    <região/>
    <ibge>2700300</ibge>
    <gia/>
    <ddd>82</ddd>
    <siafi>2705</siafi>
  </cep>
  <cep>
    <cep>57312-350</cep>
    <logradouro>Rua Manoel Francelino de Albuquerque</logradouro>
    <complemento/>
    <unidade/>
    <bairro>Alto do Cruzeiro</bairro>
    <localidade>Arapiraca</localidade>
    <uf>AL</uf>
    <estado>Alagoas</estado>
    <região/>
    <ibge>2700300</ibge>
    <gia/>
    <ddd>82</ddd>
    <siafi>2705</siafi>
  </cep>
  <cep>
    <cep>57312-362</cep>
    <logradouro>Rua Manoel Lúcio Gomes</logradouro>
    <complemento/>
    <unidade/>
    <bairro>Alto do Cruzeiro</bairro>
    <localidade>Arapiraca</localidade>
    <uf>AL</uf>
    <estado>Alagoas</estado>
    <região/>
    <ibge>2700300</ibge>
    <gia/>
    <ddd>82</ddd>
    <siafi>2705</siafi>
  </cep>
  <cep>
    <cep>57312-370</cep>
    <logradouro>Rua Givanildo Vital Silva</logradouro>
    <complemento/>
    <unidade/>
    <bairro>Alto do Cruzeiro</bairro>
    <localidade>Arapiraca</localidade>
    <uf>AL</uf>
    <estado>Alagoas</estado>
    <região/>
    <ibge>2700300</ibge>
    <gia/>
    <ddd>82</ddd>
    <siafi>2705</siafi>
  </cep>
  <cep>
    <cep>57312-390</cep>
    <logradouro>Rua Nossa Senhora da Salete</logradouro>
    <complemento>até 486 - lado par</complemento>
    <unidade/>
    <bairro>Alto do Cruzeiro</bairro>
    <localidade>Arapiraca</localidade>
    <uf>AL</uf>
    <estado>Alagoas</estado>
    <região/>
    <ibge>2700300</ibge>
    <gia/>
    <ddd>82</ddd>
    <siafi>2705</siafi>
  </cep>
  <cep>
    <cep>57312-364</cep>
    <logradouro>Rua Manoel Lúcio Gomes</logradouro>
    <complemento>lado ímpar</complemento>
    <unidade/>
    <bairro>Alto do Cruzeiro</bairro>
    <localidade>Arapiraca</localidade>
    <uf>AL</uf>
    <estado>Alagoas</estado>
    <região/>
    <ibge>2700300</ibge>
    <gia/>
    <ddd>82</ddd>
    <siafi>2705</siafi>
  </cep>
  <cep>
    <cep>57312-380</cep>
    <logradouro>Rua Samuel de Oliveira Santos</logradouro>
    <complemento/>
    <unidade/>
    <bairro>Alto do Cruzeiro</bairro>
    <localidade>Arapiraca</localidade>
    <uf>AL</uf>
    <estado>Alagoas</estado>
    <região/>
    <ibge>2700300</ibge>
    <gia/>
    <ddd>82</ddd>
    <siafi>2705</siafi>
  </cep>
  <cep>
    <cep>57312-415</cep>
    <logradouro>Rua Delmiro Gouveia</logradouro>
    <complemento/>
    <unidade/>
    <bairro>Alto do Cruzeiro</bairro>
    <localidade>Arapiraca</localidade>
    <uf>AL</uf>
    <estado>Alagoas</estado>
    <região/>
    <ibge>2700300</ibge>
    <gia/>
    <ddd>82</ddd>
    <siafi>2705</siafi>
  </cep>
  <cep>
    <cep>57312-395</cep>
    <logradouro>Rua Santa Rita</logradouro>
    <complemento>até 21/22</complemento>
    <unidade/>
    <bairro>Alto do Cruzeiro</bairro>
    <localidade>Arapiraca</localidade>
    <uf>AL</uf>
    <estado>Alagoas</estado>
    <região/>
    <ibge>2700300</ibge>
    <gia/>
    <ddd>82</ddd>
    <siafi>2705</siafi>
  </cep>
  <cep>
    <cep>57312-420</cep>
    <logradouro>Rua Marcelino Magalhães</logradouro>
    <complemento/>
    <unidade/>
    <bairro>Alto do Cruzeiro</bairro>
    <localidade>Arapiraca</localidade>
    <uf>AL</uf>
    <estado>Alagoas</estado>
    <região/>
    <ibge>2700300</ibge>
    <gia/>
    <ddd>82</ddd>
    <siafi>2705</siafi>
  </cep>
  <cep>
    <cep>57312-461</cep>
    <logradouro>Rua Nossa Senhora de Fátima</logradouro>
    <complemento>lado ímpar</complemento>
    <unidade/>
    <bairro>Alto do Cruzeiro</bairro>
    <localidade>Arapiraca</localidade>
    <uf>AL</uf>
    <estado>Alagoas</estado>
    <região/>
    <ibge>2700300</ibge>
    <gia/>
    <ddd>82</ddd>
    <siafi>2705</siafi>
  </cep>
  <cep>
    <cep>57312-470</cep>
    <logradouro>Rua Antônio Apolinário da Silva</logradouro>
    <complemento/>
    <unidade/>
    <bairro>Alto do Cruzeiro</bairro>
    <localidade>Arapiraca</localidade>
    <uf>AL</uf>
    <estado>Alagoas</estado>
    <região/>
    <ibge>2700300</ibge>
    <gia/>
    <ddd>82</ddd>
    <siafi>2705</siafi>
  </cep>
  <cep>
    <cep>57312-448</cep>
    <logradouro>Rua Doutor Marcelo Pereira Silva</logradouro>
    <complemento/>
    <unidade/>
    <bairro>Alto do Cruzeiro</bairro>
    <localidade>Arapiraca</localidade>
    <uf>AL</uf>
    <estado>Alagoas</estado>
    <região/>
    <ibge>2700300</ibge>
    <gia/>
    <ddd>82</ddd>
    <siafi>2705</siafi>
  </cep>
  <cep>
    <cep>57312-480</cep>
    <logradouro>Rua Padre Jéferson de Carvalho</logradouro>
    <complemento/>
    <unidade/>
    <bairro>Alto do Cruzeiro</bairro>
    <localidade>Arapiraca</localidade>
    <uf>AL</uf>
    <estado>Alagoas</estado>
    <região/>
    <ibge>2700300</ibge>
    <gia/>
    <ddd>82</ddd>
    <siafi>2705</siafi>
  </cep>
  <cep>
    <cep>57312-445</cep>
    <logradouro>Rua São Pedro</logradouro>
    <complemento>até 327/328</complemento>
    <unidade/>
    <bairro>Alto do Cruzeiro</bairro>
    <localidade>Arapiraca</localidade>
    <uf>AL</uf>
    <estado>Alagoas</estado>
    <região/>
    <ibge>2700300</ibge>
    <gia/>
    <ddd>82</ddd>
    <siafi>2705</siafi>
  </cep>
  <cep>
    <cep>57312-465</cep>
    <logradouro>Rua São José</logradouro>
    <complemento>até 806/807</complemento>
    <unidade/>
    <bairro>Alto do Cruzeiro</bairro>
    <localidade>Arapiraca</localidade>
    <uf>AL</uf>
    <estado>Alagoas</estado>
    <região/>
    <ibge>2700300</ibge>
    <gia/>
    <ddd>82</ddd>
    <siafi>2705</siafi>
  </cep>
  <cep>
    <cep>57312-460</cep>
    <logradouro>Rua Santa Maria</logradouro>
    <complemento/>
    <unidade/>
    <bairro>Alto do Cruzeiro</bairro>
    <localidade>Arapiraca</localidade>
    <uf>AL</uf>
    <estado>Alagoas</estado>
    <região/>
    <ibge>2700300</ibge>
    <gia/>
    <ddd>82</ddd>
    <siafi>2705</siafi>
  </cep>
  <cep>
    <cep>57312-450</cep>
    <logradouro>Rua Presidente Médici</logradouro>
    <complemento/>
    <unidade/>
    <bairro>Alto do Cruzeiro</bairro>
    <localidade>Arapiraca</localidade>
    <uf>AL</uf>
    <estado>Alagoas</estado>
    <região/>
    <ibge>2700300</ibge>
    <gia/>
    <ddd>82</ddd>
    <siafi>2705</siafi>
  </cep>
  <cep>
    <cep>57312-485</cep>
    <logradouro>Avenida Deputada Ceci Cunha</logradouro>
    <complemento>até 271 - lado ímpar</complemento>
    <unidade/>
    <bairro>Alto do Cruzeiro</bairro>
    <localidade>Arapiraca</localidade>
    <uf>AL</uf>
    <estado>Alagoas</estado>
    <região/>
    <ibge>2700300</ibge>
    <gia/>
    <ddd>82</ddd>
    <siafi>2705</siafi>
  </cep>
  <cep>
    <cep>57312-510</cep>
    <logradouro>Rua Manoel Pereira Correia</logradouro>
    <complemento/>
    <unidade/>
    <bairro>Alto do Cruzeiro</bairro>
    <localidade>Arapiraca</localidade>
    <uf>AL</uf>
    <estado>Alagoas</estado>
    <região/>
    <ibge>2700300</ibge>
    <gia/>
    <ddd>82</ddd>
    <siafi>2705</siafi>
  </cep>
  <cep>
    <cep>57312-520</cep>
    <logradouro>Rua Domingos Barbosa da Silva</logradouro>
    <complemento/>
    <unidade/>
    <bairro>Alto do Cruzeiro</bairro>
    <localidade>Arapiraca</localidade>
    <uf>AL</uf>
    <estado>Alagoas</estado>
    <região/>
    <ibge>2700300</ibge>
    <gia/>
    <ddd>82</ddd>
    <siafi>2705</siafi>
  </cep>
  <cep>
    <cep>57312-530</cep>
    <logradouro>Rua José Cloves Resende de Barros</logradouro>
    <complemento/>
    <unidade/>
    <bairro>Novo Horizonte</bairro>
    <localidade>Arapiraca</localidade>
    <uf>AL</uf>
    <estado>Alagoas</estado>
    <região/>
    <ibge>2700300</ibge>
    <gia/>
    <ddd>82</ddd>
    <siafi>2705</siafi>
  </cep>
  <cep>
    <cep>57312-500</cep>
    <logradouro>Rua Floracy da Silva Barros</logradouro>
    <complemento/>
    <unidade/>
    <bairro>Alto do Cruzeiro</bairro>
    <localidade>Arapiraca</localidade>
    <uf>AL</uf>
    <estado>Alagoas</estado>
    <região/>
    <ibge>2700300</ibge>
    <gia/>
    <ddd>82</ddd>
    <siafi>2705</siafi>
  </cep>
  <cep>
    <cep>57312-545</cep>
    <logradouro>Rua Governador Luiz Cavalcante</logradouro>
    <complemento/>
    <unidade/>
    <bairro>Novo Horizonte</bairro>
    <localidade>Arapiraca</localidade>
    <uf>AL</uf>
    <estado>Alagoas</estado>
    <região/>
    <ibge>2700300</ibge>
    <gia/>
    <ddd>82</ddd>
    <siafi>2705</siafi>
  </cep>
  <cep>
    <cep>57312-540</cep>
    <logradouro>Rua José Cavalcante Bezerra de Barros</logradouro>
    <complemento/>
    <unidade/>
    <bairro>Novo Horizonte</bairro>
    <localidade>Arapiraca</localidade>
    <uf>AL</uf>
    <estado>Alagoas</estado>
    <região/>
    <ibge>2700300</ibge>
    <gia/>
    <ddd>82</ddd>
    <siafi>2705</siafi>
  </cep>
  <cep>
    <cep>57312-550</cep>
    <logradouro>Rua José Aranda Valeriano</logradouro>
    <complemento/>
    <unidade/>
    <bairro>Novo Horizonte</bairro>
    <localidade>Arapiraca</localidade>
    <uf>AL</uf>
    <estado>Alagoas</estado>
    <região/>
    <ibge>2700300</ibge>
    <gia/>
    <ddd>82</ddd>
    <siafi>2705</siafi>
  </cep>
  <cep>
    <cep>57312-560</cep>
    <logradouro>Rua Clóvis de Barros Correia</logradouro>
    <complemento/>
    <unidade/>
    <bairro>Novo Horizonte</bairro>
    <localidade>Arapiraca</localidade>
    <uf>AL</uf>
    <estado>Alagoas</estado>
    <região/>
    <ibge>2700300</ibge>
    <gia/>
    <ddd>82</ddd>
    <siafi>2705</siafi>
  </cep>
  <cep>
    <cep>57312-570</cep>
    <logradouro>Rua Vereador Euclides Feliciano da Silva</logradouro>
    <complemento/>
    <unidade/>
    <bairro>Novo Horizonte</bairro>
    <localidade>Arapiraca</localidade>
    <uf>AL</uf>
    <estado>Alagoas</estado>
    <região/>
    <ibge>2700300</ibge>
    <gia/>
    <ddd>82</ddd>
    <siafi>2705</siafi>
  </cep>
  <cep>
    <cep>57312-580</cep>
    <logradouro>Rua José Alves Porto</logradouro>
    <complemento/>
    <unidade/>
    <bairro>Novo Horizonte</bairro>
    <localidade>Arapiraca</localidade>
    <uf>AL</uf>
    <estado>Alagoas</estado>
    <região/>
    <ibge>2700300</ibge>
    <gia/>
    <ddd>82</ddd>
    <siafi>2705</siafi>
  </cep>
  <cep>
    <cep>57312-585</cep>
    <logradouro>Rua Padre Jéferson de Carvalho</logradouro>
    <complemento/>
    <unidade/>
    <bairro>Novo Horizonte</bairro>
    <localidade>Arapiraca</localidade>
    <uf>AL</uf>
    <estado>Alagoas</estado>
    <região/>
    <ibge>2700300</ibge>
    <gia/>
    <ddd>82</ddd>
    <siafi>2705</siafi>
  </cep>
  <cep>
    <cep>57312-586</cep>
    <logradouro>Rua Nossa Senhora da Salete</logradouro>
    <complemento>até 517 - lado ímpar</complemento>
    <unidade/>
    <bairro>Novo Horizonte</bairro>
    <localidade>Arapiraca</localidade>
    <uf>AL</uf>
    <estado>Alagoas</estado>
    <região/>
    <ibge>2700300</ibge>
    <gia/>
    <ddd>82</ddd>
    <siafi>2705</siafi>
  </cep>
  <cep>
    <cep>57312-590</cep>
    <logradouro>Rua Maria de Lourdes Almeida</logradouro>
    <complemento/>
    <unidade/>
    <bairro>Novo Horizonte</bairro>
    <localidade>Arapiraca</localidade>
    <uf>AL</uf>
    <estado>Alagoas</estado>
    <região/>
    <ibge>2700300</ibge>
    <gia/>
    <ddd>82</ddd>
    <siafi>2705</siafi>
  </cep>
  <cep>
    <cep>57312-600</cep>
    <logradouro>Rua Manoel Nemézio Barbosa</logradouro>
    <complemento/>
    <unidade/>
    <bairro>Novo Horizonte</bairro>
    <localidade>Arapiraca</localidade>
    <uf>AL</uf>
    <estado>Alagoas</estado>
    <região/>
    <ibge>2700300</ibge>
    <gia/>
    <ddd>82</ddd>
    <siafi>2705</siafi>
  </cep>
  <cep>
    <cep>57312-620</cep>
    <logradouro>Avenida Minervina Francisca da Conceição</logradouro>
    <complemento/>
    <unidade/>
    <bairro>Novo Horizonte</bairro>
    <localidade>Arapiraca</localidade>
    <uf>AL</uf>
    <estado>Alagoas</estado>
    <região/>
    <ibge>2700300</ibge>
    <gia/>
    <ddd>82</ddd>
    <siafi>2705</siafi>
  </cep>
  <cep>
    <cep>57312-610</cep>
    <logradouro>Praça Antônio Barbosa</logradouro>
    <complemento/>
    <unidade/>
    <bairro>Novo Horizonte</bairro>
    <localidade>Arapiraca</localidade>
    <uf>AL</uf>
    <estado>Alagoas</estado>
    <região/>
    <ibge>2700300</ibge>
    <gia/>
    <ddd>82</ddd>
    <siafi>2705</siafi>
  </cep>
  <cep>
    <cep>57312-670</cep>
    <logradouro>Avenida José Marques Freire</logradouro>
    <complemento/>
    <unidade/>
    <bairro>Novo Horizonte</bairro>
    <localidade>Arapiraca</localidade>
    <uf>AL</uf>
    <estado>Alagoas</estado>
    <região/>
    <ibge>2700300</ibge>
    <gia/>
    <ddd>82</ddd>
    <siafi>2705</siafi>
  </cep>
  <cep>
    <cep>57312-660</cep>
    <logradouro>Rua Julita Lemos Palmeira</logradouro>
    <complemento/>
    <unidade/>
    <bairro>Novo Horizonte</bairro>
    <localidade>Arapiraca</localidade>
    <uf>AL</uf>
    <estado>Alagoas</estado>
    <região/>
    <ibge>2700300</ibge>
    <gia/>
    <ddd>82</ddd>
    <siafi>2705</siafi>
  </cep>
  <cep>
    <cep>57312-645</cep>
    <logradouro>Rodovia AL-220</logradouro>
    <complemento>lado ímpar</complemento>
    <unidade/>
    <bairro>Novo Horizonte</bairro>
    <localidade>Arapiraca</localidade>
    <uf>AL</uf>
    <estado>Alagoas</estado>
    <região/>
    <ibge>2700300</ibge>
    <gia/>
    <ddd>82</ddd>
    <siafi>2705</siafi>
  </cep>
  <cep>
    <cep>57313-000</cep>
    <logradouro>Rua Santa Rita</logradouro>
    <complemento>de 72/73 a 479/480</complemento>
    <unidade/>
    <bairro>Brasília</bairro>
    <localidade>Arapiraca</localidade>
    <uf>AL</uf>
    <estado>Alagoas</estado>
    <região/>
    <ibge>2700300</ibge>
    <gia/>
    <ddd>82</ddd>
    <siafi>2705</siafi>
  </cep>
  <cep>
    <cep>57312-690</cep>
    <logradouro>Rua José Matheus do Nascimento</logradouro>
    <complemento/>
    <unidade/>
    <bairro>Novo Horizonte</bairro>
    <localidade>Arapiraca</localidade>
    <uf>AL</uf>
    <estado>Alagoas</estado>
    <região/>
    <ibge>2700300</ibge>
    <gia/>
    <ddd>82</ddd>
    <siafi>2705</siafi>
  </cep>
  <cep>
    <cep>57313-005</cep>
    <logradouro>Rua Santa Rita</logradouro>
    <complemento>de 511/512 ao fim</complemento>
    <unidade/>
    <bairro>Brasília</bairro>
    <localidade>Arapiraca</localidade>
    <uf>AL</uf>
    <estado>Alagoas</estado>
    <região/>
    <ibge>2700300</ibge>
    <gia/>
    <ddd>82</ddd>
    <siafi>2705</siafi>
  </cep>
  <cep>
    <cep>57312-640</cep>
    <logradouro>Rua Cícero Romão da Silva</logradouro>
    <complemento/>
    <unidade/>
    <bairro>Novo Horizonte</bairro>
    <localidade>Arapiraca</localidade>
    <uf>AL</uf>
    <estado>Alagoas</estado>
    <região/>
    <ibge>2700300</ibge>
    <gia/>
    <ddd>82</ddd>
    <siafi>2705</siafi>
  </cep>
  <cep>
    <cep>57313-010</cep>
    <logradouro>Rua Marechal Deodoro da Fonseca</logradouro>
    <complemento>lado ímpar</complemento>
    <unidade/>
    <bairro>Brasília</bairro>
    <localidade>Arapiraca</localidade>
    <uf>AL</uf>
    <estado>Alagoas</estado>
    <região/>
    <ibge>2700300</ibge>
    <gia/>
    <ddd>82</ddd>
    <siafi>2705</siafi>
  </cep>
  <cep>
    <cep>57313-030</cep>
    <logradouro>Rua Leite Irmão</logradouro>
    <complemento/>
    <unidade/>
    <bairro>Brasília</bairro>
    <localidade>Arapiraca</localidade>
    <uf>AL</uf>
    <estado>Alagoas</estado>
    <região/>
    <ibge>2700300</ibge>
    <gia/>
    <ddd>82</ddd>
    <siafi>2705</siafi>
  </cep>
  <cep>
    <cep>57313-190</cep>
    <logradouro>Rua Rubens Pedro da Silva</logradouro>
    <complemento/>
    <unidade/>
    <bairro>Brasília</bairro>
    <localidade>Arapiraca</localidade>
    <uf>AL</uf>
    <estado>Alagoas</estado>
    <região/>
    <ibge>2700300</ibge>
    <gia/>
    <ddd>82</ddd>
    <siafi>2705</siafi>
  </cep>
  <cep>
    <cep>57312-650</cep>
    <logradouro>Rua André Félix da Silva</logradouro>
    <complemento/>
    <unidade/>
    <bairro>Novo Horizonte</bairro>
    <localidade>Arapiraca</localidade>
    <uf>AL</uf>
    <estado>Alagoas</estado>
    <região/>
    <ibge>2700300</ibge>
    <gia/>
    <ddd>82</ddd>
    <siafi>2705</siafi>
  </cep>
  <cep>
    <cep>57313-040</cep>
    <logradouro>Rua Nossa Senhora de Fátima</logradouro>
    <complemento>lado par</complemento>
    <unidade/>
    <bairro>Brasília</bairro>
    <localidade>Arapiraca</localidade>
    <uf>AL</uf>
    <estado>Alagoas</estado>
    <região/>
    <ibge>2700300</ibge>
    <gia/>
    <ddd>82</ddd>
    <siafi>2705</siafi>
  </cep>
  <cep>
    <cep>57313-110</cep>
    <logradouro>Rua Miguel Leite</logradouro>
    <complemento/>
    <unidade/>
    <bairro>Brasília</bairro>
    <localidade>Arapiraca</localidade>
    <uf>AL</uf>
    <estado>Alagoas</estado>
    <região/>
    <ibge>2700300</ibge>
    <gia/>
    <ddd>82</ddd>
    <siafi>2705</siafi>
  </cep>
  <cep>
    <cep>57312-700</cep>
    <logradouro>Rua Presidente Tancredo de Almeida Neves</logradouro>
    <complemento>de 389 ao fim - lado ímpar</complemento>
    <unidade/>
    <bairro>Novo Horizonte</bairro>
    <localidade>Arapiraca</localidade>
    <uf>AL</uf>
    <estado>Alagoas</estado>
    <região/>
    <ibge>2700300</ibge>
    <gia/>
    <ddd>82</ddd>
    <siafi>2705</siafi>
  </cep>
  <cep>
    <cep>57313-050</cep>
    <logradouro>Rua Antônio Oliveira Melo</logradouro>
    <complemento/>
    <unidade/>
    <bairro>Brasília</bairro>
    <localidade>Arapiraca</localidade>
    <uf>AL</uf>
    <estado>Alagoas</estado>
    <região/>
    <ibge>2700300</ibge>
    <gia/>
    <ddd>82</ddd>
    <siafi>2705</siafi>
  </cep>
  <cep>
    <cep>57313-150</cep>
    <logradouro>Rua Joana Leão de Melo</logradouro>
    <complemento/>
    <unidade/>
    <bairro>Brasília</bairro>
    <localidade>Arapiraca</localidade>
    <uf>AL</uf>
    <estado>Alagoas</estado>
    <região/>
    <ibge>2700300</ibge>
    <gia/>
    <ddd>82</ddd>
    <siafi>2705</siafi>
  </cep>
  <cep>
    <cep>57313-186</cep>
    <logradouro>Avenida João Crisóstomo Ramalho</logradouro>
    <complemento>(AL 110) - lado par</complemento>
    <unidade/>
    <bairro>Brasília</bairro>
    <localidade>Arapiraca</localidade>
    <uf>AL</uf>
    <estado>Alagoas</estado>
    <região/>
    <ibge>2700300</ibge>
    <gia/>
    <ddd>82</ddd>
    <siafi>2705</siafi>
  </cep>
  <cep>
    <cep>57313-100</cep>
    <logradouro>Rua Dácia Bezerra Cavalcante</logradouro>
    <complemento/>
    <unidade/>
    <bairro>Brasília</bairro>
    <localidade>Arapiraca</localidade>
    <uf>AL</uf>
    <estado>Alagoas</estado>
    <região/>
    <ibge>2700300</ibge>
    <gia/>
    <ddd>82</ddd>
    <siafi>2705</siafi>
  </cep>
  <cep>
    <cep>57312-675</cep>
    <logradouro>Avenida Deputada Ceci Cunha</logradouro>
    <complemento>de 435 ao fim - lado ímpar</complemento>
    <unidade/>
    <bairro>Novo Horizonte</bairro>
    <localidade>Arapiraca</localidade>
    <uf>AL</uf>
    <estado>Alagoas</estado>
    <região/>
    <ibge>2700300</ibge>
    <gia/>
    <ddd>82</ddd>
    <siafi>2705</siafi>
  </cep>
  <cep>
    <cep>57313-200</cep>
    <logradouro>Rua Vereador Pedro Aristides da Silva</logradouro>
    <complemento/>
    <unidade/>
    <bairro>Brasília</bairro>
    <localidade>Arapiraca</localidade>
    <uf>AL</uf>
    <estado>Alagoas</estado>
    <região/>
    <ibge>2700300</ibge>
    <gia/>
    <ddd>82</ddd>
    <siafi>2705</siafi>
  </cep>
  <cep>
    <cep>57313-020</cep>
    <logradouro>Rua Gazeta de Alagoas</logradouro>
    <complemento/>
    <unidade/>
    <bairro>Brasília</bairro>
    <localidade>Arapiraca</localidade>
    <uf>AL</uf>
    <estado>Alagoas</estado>
    <região/>
    <ibge>2700300</ibge>
    <gia/>
    <ddd>82</ddd>
    <siafi>2705</siafi>
  </cep>
  <cep>
    <cep>57313-180</cep>
    <logradouro>Rua Bela Vista</logradouro>
    <complemento/>
    <unidade/>
    <bairro>Brasília</bairro>
    <localidade>Arapiraca</localidade>
    <uf>AL</uf>
    <estado>Alagoas</estado>
    <região/>
    <ibge>2700300</ibge>
    <gia/>
    <ddd>82</ddd>
    <siafi>2705</siafi>
  </cep>
  <cep>
    <cep>57313-120</cep>
    <logradouro>Rua Manoel Firmino Leite</logradouro>
    <complemento/>
    <unidade/>
    <bairro>Brasília</bairro>
    <localidade>Arapiraca</localidade>
    <uf>AL</uf>
    <estado>Alagoas</estado>
    <região/>
    <ibge>2700300</ibge>
    <gia/>
    <ddd>82</ddd>
    <siafi>2705</siafi>
  </cep>
  <cep>
    <cep>57313-220</cep>
    <logradouro>Rua Juracy Camelo Santos</logradouro>
    <complemento/>
    <unidade/>
    <bairro>Brasília</bairro>
    <localidade>Arapiraca</localidade>
    <uf>AL</uf>
    <estado>Alagoas</estado>
    <região/>
    <ibge>2700300</ibge>
    <gia/>
    <ddd>82</ddd>
    <siafi>2705</siafi>
  </cep>
  <cep>
    <cep>57313-070</cep>
    <logradouro>Rua Senador Rui Palmeira</logradouro>
    <complemento/>
    <unidade/>
    <bairro>Brasília</bairro>
    <localidade>Arapiraca</localidade>
    <uf>AL</uf>
    <estado>Alagoas</estado>
    <região/>
    <ibge>2700300</ibge>
    <gia/>
    <ddd>82</ddd>
    <siafi>2705</siafi>
  </cep>
  <cep>
    <cep>57313-085</cep>
    <logradouro>Avenida Deputada Ceci Cunha</logradouro>
    <complemento>até 396 - lado par</complemento>
    <unidade/>
    <bairro>Brasília</bairro>
    <localidade>Arapiraca</localidade>
    <uf>AL</uf>
    <estado>Alagoas</estado>
    <região/>
    <ibge>2700300</ibge>
    <gia/>
    <ddd>82</ddd>
    <siafi>2705</siafi>
  </cep>
  <cep>
    <cep>57313-160</cep>
    <logradouro>Avenida André Leão</logradouro>
    <complemento/>
    <unidade/>
    <bairro>Brasília</bairro>
    <localidade>Arapiraca</localidade>
    <uf>AL</uf>
    <estado>Alagoas</estado>
    <região/>
    <ibge>2700300</ibge>
    <gia/>
    <ddd>82</ddd>
    <siafi>2705</siafi>
  </cep>
  <cep>
    <cep>57313-060</cep>
    <logradouro>Rua Dois de Fevereiro</logradouro>
    <complemento/>
    <unidade/>
    <bairro>Brasília</bairro>
    <localidade>Arapiraca</localidade>
    <uf>AL</uf>
    <estado>Alagoas</estado>
    <região/>
    <ibge>2700300</ibge>
    <gia/>
    <ddd>82</ddd>
    <siafi>2705</siafi>
  </cep>
  <cep>
    <cep>57313-210</cep>
    <logradouro>Rua Firmino Leite</logradouro>
    <complemento/>
    <unidade/>
    <bairro>Brasília</bairro>
    <localidade>Arapiraca</localidade>
    <uf>AL</uf>
    <estado>Alagoas</estado>
    <região/>
    <ibge>2700300</ibge>
    <gia/>
    <ddd>82</ddd>
    <siafi>2705</siafi>
  </cep>
  <cep>
    <cep>57313-230</cep>
    <logradouro>Rua Vereador José Protásio Neto</logradouro>
    <complemento/>
    <unidade/>
    <bairro>Brasília</bairro>
    <localidade>Arapiraca</localidade>
    <uf>AL</uf>
    <estado>Alagoas</estado>
    <região/>
    <ibge>2700300</ibge>
    <gia/>
    <ddd>82</ddd>
    <siafi>2705</siafi>
  </cep>
  <cep>
    <cep>57313-140</cep>
    <logradouro>Rua Manoel Domingos de Farias</logradouro>
    <complemento/>
    <unidade/>
    <bairro>Brasília</bairro>
    <localidade>Arapiraca</localidade>
    <uf>AL</uf>
    <estado>Alagoas</estado>
    <região/>
    <ibge>2700300</ibge>
    <gia/>
    <ddd>82</ddd>
    <siafi>2705</siafi>
  </cep>
  <cep>
    <cep>57312-680</cep>
    <logradouro>Avenida Elvira Barbosa Lopes</logradouro>
    <complemento/>
    <unidade/>
    <bairro>Novo Horizonte</bairro>
    <localidade>Arapiraca</localidade>
    <uf>AL</uf>
    <estado>Alagoas</estado>
    <região/>
    <ibge>2700300</ibge>
    <gia/>
    <ddd>82</ddd>
    <siafi>2705</siafi>
  </cep>
  <cep>
    <cep>57313-235</cep>
    <logradouro>Rua Domingos Barbosa da Silva</logradouro>
    <complemento/>
    <unidade/>
    <bairro>Brasília</bairro>
    <localidade>Arapiraca</localidade>
    <uf>AL</uf>
    <estado>Alagoas</estado>
    <região/>
    <ibge>2700300</ibge>
    <gia/>
    <ddd>82</ddd>
    <siafi>2705</siafi>
  </cep>
  <cep>
    <cep>57312-630</cep>
    <logradouro>Rua Gervásio de Oliveira Lima</logradouro>
    <complemento/>
    <unidade/>
    <bairro>Novo Horizonte</bairro>
    <localidade>Arapiraca</localidade>
    <uf>AL</uf>
    <estado>Alagoas</estado>
    <região/>
    <ibge>2700300</ibge>
    <gia/>
    <ddd>82</ddd>
    <siafi>2705</siafi>
  </cep>
  <cep>
    <cep>57313-090</cep>
    <logradouro>Rua São Nicolau</logradouro>
    <complemento/>
    <unidade/>
    <bairro>Brasília</bairro>
    <localidade>Arapiraca</localidade>
    <uf>AL</uf>
    <estado>Alagoas</estado>
    <região/>
    <ibge>2700300</ibge>
    <gia/>
    <ddd>82</ddd>
    <siafi>2705</siafi>
  </cep>
  <cep>
    <cep>57313-250</cep>
    <logradouro>Rua Aurélio Lima Pimentel</logradouro>
    <complemento/>
    <unidade/>
    <bairro>Brasília</bairro>
    <localidade>Arapiraca</localidade>
    <uf>AL</uf>
    <estado>Alagoas</estado>
    <região/>
    <ibge>2700300</ibge>
    <gia/>
    <ddd>82</ddd>
    <siafi>2705</siafi>
  </cep>
  <cep>
    <cep>57313-240</cep>
    <logradouro>Rua Antônio Torres</logradouro>
    <complemento/>
    <unidade/>
    <bairro>Brasília</bairro>
    <localidade>Arapiraca</localidade>
    <uf>AL</uf>
    <estado>Alagoas</estado>
    <região/>
    <ibge>2700300</ibge>
    <gia/>
    <ddd>82</ddd>
    <siafi>2705</siafi>
  </cep>
  <cep>
    <cep>57313-130</cep>
    <logradouro>Rua Brasília</logradouro>
    <complemento/>
    <unidade/>
    <bairro>Brasília</bairro>
    <localidade>Arapiraca</localidade>
    <uf>AL</uf>
    <estado>Alagoas</estado>
    <região/>
    <ibge>2700300</ibge>
    <gia/>
    <ddd>82</ddd>
    <siafi>2705</siafi>
  </cep>
  <cep>
    <cep>57312-750</cep>
    <logradouro>Rua Sargento Fábio Roberto Albuquerque Queiroz</logradouro>
    <complemento/>
    <unidade/>
    <bairro>Novo Horizonte</bairro>
    <localidade>Arapiraca</localidade>
    <uf>AL</uf>
    <estado>Alagoas</estado>
    <região/>
    <ibge>2700300</ibge>
    <gia/>
    <ddd>82</ddd>
    <siafi>2705</siafi>
  </cep>
  <cep>
    <cep>57313-185</cep>
    <logradouro>Rua Sipriano Gonzaga</logradouro>
    <complemento/>
    <unidade/>
    <bairro>Brasília</bairro>
    <localidade>Arapiraca</localidade>
    <uf>AL</uf>
    <estado>Alagoas</estado>
    <região/>
    <ibge>2700300</ibge>
    <gia/>
    <ddd>82</ddd>
    <siafi>2705</siafi>
  </cep>
  <cep>
    <cep>57313-170</cep>
    <logradouro>Rua Cícero Torres</logradouro>
    <complemento/>
    <unidade/>
    <bairro>Brasília</bairro>
    <localidade>Arapiraca</localidade>
    <uf>AL</uf>
    <estado>Alagoas</estado>
    <região/>
    <ibge>2700300</ibge>
    <gia/>
    <ddd>82</ddd>
    <siafi>2705</siafi>
  </cep>
  <cep>
    <cep>57313-280</cep>
    <logradouro>Rua Maria Morena Gomes</logradouro>
    <complemento/>
    <unidade/>
    <bairro>Brasília</bairro>
    <localidade>Arapiraca</localidade>
    <uf>AL</uf>
    <estado>Alagoas</estado>
    <região/>
    <ibge>2700300</ibge>
    <gia/>
    <ddd>82</ddd>
    <siafi>2705</siafi>
  </cep>
  <cep>
    <cep>57313-260</cep>
    <logradouro>Praça Vereador José Ferreira Barbosa</logradouro>
    <complemento/>
    <unidade/>
    <bairro>Brasília</bairro>
    <localidade>Arapiraca</localidade>
    <uf>AL</uf>
    <estado>Alagoas</estado>
    <região/>
    <ibge>2700300</ibge>
    <gia/>
    <ddd>82</ddd>
    <siafi>2705</siafi>
  </cep>
  <cep>
    <cep>57313-270</cep>
    <logradouro>Rua Manoel Barbosa de Medeiros</logradouro>
    <complemento/>
    <unidade/>
    <bairro>Brasília</bairro>
    <localidade>Arapiraca</localidade>
    <uf>AL</uf>
    <estado>Alagoas</estado>
    <região/>
    <ibge>2700300</ibge>
    <gia/>
    <ddd>82</ddd>
    <siafi>2705</siafi>
  </cep>
  <cep>
    <cep>57313-285</cep>
    <logradouro>Rua Nossa Senhora da Salete</logradouro>
    <complemento>de 610 ao fim - lado par</complemento>
    <unidade/>
    <bairro>Brasília</bairro>
    <localidade>Arapiraca</localidade>
    <uf>AL</uf>
    <estado>Alagoas</estado>
    <região/>
    <ibge>2700300</ibge>
    <gia/>
    <ddd>82</ddd>
    <siafi>2705</siafi>
  </cep>
  <cep>
    <cep>57313-310</cep>
    <logradouro>Rua Nossa Senhora do Ó</logradouro>
    <complemento/>
    <unidade/>
    <bairro>Brasília</bairro>
    <localidade>Arapiraca</localidade>
    <uf>AL</uf>
    <estado>Alagoas</estado>
    <região/>
    <ibge>2700300</ibge>
    <gia/>
    <ddd>82</ddd>
    <siafi>2705</siafi>
  </cep>
  <cep>
    <cep>57313-300</cep>
    <logradouro>Rua Macionilo Miguel da Silva</logradouro>
    <complemento/>
    <unidade/>
    <bairro>Brasília</bairro>
    <localidade>Arapiraca</localidade>
    <uf>AL</uf>
    <estado>Alagoas</estado>
    <região/>
    <ibge>2700300</ibge>
    <gia/>
    <ddd>82</ddd>
    <siafi>2705</siafi>
  </cep>
  <cep>
    <cep>57313-290</cep>
    <logradouro>Rua José Afonso Maranhão</logradouro>
    <complemento/>
    <unidade/>
    <bairro>Brasília</bairro>
    <localidade>Arapiraca</localidade>
    <uf>AL</uf>
    <estado>Alagoas</estado>
    <região/>
    <ibge>2700300</ibge>
    <gia/>
    <ddd>82</ddd>
    <siafi>2705</siafi>
  </cep>
  <cep>
    <cep>57313-320</cep>
    <logradouro>Rua Geraldo Alexandre dos Santos</logradouro>
    <complemento/>
    <unidade/>
    <bairro>Brasília</bairro>
    <localidade>Arapiraca</localidade>
    <uf>AL</uf>
    <estado>Alagoas</estado>
    <região/>
    <ibge>2700300</ibge>
    <gia/>
    <ddd>82</ddd>
    <siafi>2705</siafi>
  </cep>
  <cep>
    <cep>57313-330</cep>
    <logradouro>Rua José Ventura Oliveira</logradouro>
    <complemento/>
    <unidade/>
    <bairro>Brasília</bairro>
    <localidade>Arapiraca</localidade>
    <uf>AL</uf>
    <estado>Alagoas</estado>
    <região/>
    <ibge>2700300</ibge>
    <gia/>
    <ddd>82</ddd>
    <siafi>2705</siafi>
  </cep>
  <cep>
    <cep>57313-340</cep>
    <logradouro>Rua Coracy Mata Fonseca</logradouro>
    <complemento/>
    <unidade/>
    <bairro>Brasília</bairro>
    <localidade>Arapiraca</localidade>
    <uf>AL</uf>
    <estado>Alagoas</estado>
    <região/>
    <ibge>2700300</ibge>
    <gia/>
    <ddd>82</ddd>
    <siafi>2705</siafi>
  </cep>
  <cep>
    <cep>57313-350</cep>
    <logradouro>Rua Pedro Oliveira</logradouro>
    <complemento/>
    <unidade/>
    <bairro>Brasília</bairro>
    <localidade>Arapiraca</localidade>
    <uf>AL</uf>
    <estado>Alagoas</estado>
    <região/>
    <ibge>2700300</ibge>
    <gia/>
    <ddd>82</ddd>
    <siafi>2705</siafi>
  </cep>
  <cep>
    <cep>57313-360</cep>
    <logradouro>Praça Edmundo Félix da Silva</logradouro>
    <complemento/>
    <unidade/>
    <bairro>Brasília</bairro>
    <localidade>Arapiraca</localidade>
    <uf>AL</uf>
    <estado>Alagoas</estado>
    <região/>
    <ibge>2700300</ibge>
    <gia/>
    <ddd>82</ddd>
    <siafi>2705</siafi>
  </cep>
  <cep>
    <cep>57313-370</cep>
    <logradouro>Rua Vereador Antônio Juvino</logradouro>
    <complemento/>
    <unidade/>
    <bairro>Brasília</bairro>
    <localidade>Arapiraca</localidade>
    <uf>AL</uf>
    <estado>Alagoas</estado>
    <região/>
    <ibge>2700300</ibge>
    <gia/>
    <ddd>82</ddd>
    <siafi>2705</siafi>
  </cep>
  <cep>
    <cep>57313-380</cep>
    <logradouro>Rua Luiz Duarte</logradouro>
    <complemento/>
    <unidade/>
    <bairro>Brasília</bairro>
    <localidade>Arapiraca</localidade>
    <uf>AL</uf>
    <estado>Alagoas</estado>
    <região/>
    <ibge>2700300</ibge>
    <gia/>
    <ddd>82</ddd>
    <siafi>2705</siafi>
  </cep>
  <cep>
    <cep>57313-390</cep>
    <logradouro>Rua Governador Silvestre Péricles</logradouro>
    <complemento>lado ímpar</complemento>
    <unidade/>
    <bairro>Brasília</bairro>
    <localidade>Arapiraca</localidade>
    <uf>AL</uf>
    <estado>Alagoas</estado>
    <região/>
    <ibge>2700300</ibge>
    <gia/>
    <ddd>82</ddd>
    <siafi>2705</siafi>
  </cep>
  <cep>
    <cep>57313-705</cep>
    <logradouro>Rua Aderval Inácio da Silva</logradouro>
    <complemento/>
    <unidade/>
    <bairro>Brasília</bairro>
    <localidade>Arapiraca</localidade>
    <uf>AL</uf>
    <estado>Alagoas</estado>
    <região/>
    <ibge>2700300</ibge>
    <gia/>
    <ddd>82</ddd>
    <siafi>2705</siafi>
  </cep>
  <cep>
    <cep>57313-700</cep>
    <logradouro>Rua Adilson Torres de Melo</logradouro>
    <complemento/>
    <unidade/>
    <bairro>Brasília</bairro>
    <localidade>Arapiraca</localidade>
    <uf>AL</uf>
    <estado>Alagoas</estado>
    <região/>
    <ibge>2700300</ibge>
    <gia/>
    <ddd>82</ddd>
    <siafi>2705</siafi>
  </cep>
  <cep>
    <cep>57312-263</cep>
    <logradouro>Praça Janete Clair</logradouro>
    <complemento/>
    <unidade/>
    <bairro>Alto do Cruzeiro</bairro>
    <localidade>Arapiraca</localidade>
    <uf>AL</uf>
    <estado>Alagoas</estado>
    <região/>
    <ibge>2700300</ibge>
    <gia/>
    <ddd>82</ddd>
    <siafi>2705</siafi>
  </cep>
  <cep>
    <cep>57313-710</cep>
    <logradouro>Rua Coronel Ataíde de Oliveira</logradouro>
    <complemento/>
    <unidade/>
    <bairro>Brasília</bairro>
    <localidade>Arapiraca</localidade>
    <uf>AL</uf>
    <estado>Alagoas</estado>
    <região/>
    <ibge>2700300</ibge>
    <gia/>
    <ddd>82</ddd>
    <siafi>2705</siafi>
  </cep>
  <cep>
    <cep>57313-725</cep>
    <logradouro>Rua José Cardoso da Silva</logradouro>
    <complemento/>
    <unidade/>
    <bairro>Brasília</bairro>
    <localidade>Arapiraca</localidade>
    <uf>AL</uf>
    <estado>Alagoas</estado>
    <região/>
    <ibge>2700300</ibge>
    <gia/>
    <ddd>82</ddd>
    <siafi>2705</siafi>
  </cep>
  <cep>
    <cep>57313-830</cep>
    <logradouro>Rua Valfrido de Oliveira Lima</logradouro>
    <complemento/>
    <unidade/>
    <bairro>Brasília</bairro>
    <localidade>Arapiraca</localidade>
    <uf>AL</uf>
    <estado>Alagoas</estado>
    <região/>
    <ibge>2700300</ibge>
    <gia/>
    <ddd>82</ddd>
    <siafi>2705</siafi>
  </cep>
  <cep>
    <cep>57313-740</cep>
    <logradouro>Rua São Judas Tadeu</logradouro>
    <complemento/>
    <unidade/>
    <bairro>Brasília</bairro>
    <localidade>Arapiraca</localidade>
    <uf>AL</uf>
    <estado>Alagoas</estado>
    <região/>
    <ibge>2700300</ibge>
    <gia/>
    <ddd>82</ddd>
    <siafi>2705</siafi>
  </cep>
  <cep>
    <cep>57313-855</cep>
    <logradouro>Rua Costa Rica</logradouro>
    <complemento/>
    <unidade/>
    <bairro>Brasília</bairro>
    <localidade>Arapiraca</localidade>
    <uf>AL</uf>
    <estado>Alagoas</estado>
    <região/>
    <ibge>2700300</ibge>
    <gia/>
    <ddd>82</ddd>
    <siafi>2705</siafi>
  </cep>
  <cep>
    <cep>57313-780</cep>
    <logradouro>Rua José Pedro da Silva</logradouro>
    <complemento/>
    <unidade/>
    <bairro>Brasília</bairro>
    <localidade>Arapiraca</localidade>
    <uf>AL</uf>
    <estado>Alagoas</estado>
    <região/>
    <ibge>2700300</ibge>
    <gia/>
    <ddd>82</ddd>
    <siafi>2705</siafi>
  </cep>
  <cep>
    <cep>57313-825</cep>
    <logradouro>Rua Maria Francisca dos Santos</logradouro>
    <complemento/>
    <unidade/>
    <bairro>Brasília</bairro>
    <localidade>Arapiraca</localidade>
    <uf>AL</uf>
    <estado>Alagoas</estado>
    <região/>
    <ibge>2700300</ibge>
    <gia/>
    <ddd>82</ddd>
    <siafi>2705</siafi>
  </cep>
  <cep>
    <cep>57314-160</cep>
    <logradouro>Rua Claudênia Maria de Melo Lima</logradouro>
    <complemento/>
    <unidade/>
    <bairro>Itapoã</bairro>
    <localidade>Arapiraca</localidade>
    <uf>AL</uf>
    <estado>Alagoas</estado>
    <região/>
    <ibge>2700300</ibge>
    <gia/>
    <ddd>82</ddd>
    <siafi>2705</siafi>
  </cep>
  <cep>
    <cep>57313-750</cep>
    <logradouro>Rua Procópio José da Silva</logradouro>
    <complemento/>
    <unidade/>
    <bairro>Brasília</bairro>
    <localidade>Arapiraca</localidade>
    <uf>AL</uf>
    <estado>Alagoas</estado>
    <região/>
    <ibge>2700300</ibge>
    <gia/>
    <ddd>82</ddd>
    <siafi>2705</siafi>
  </cep>
  <cep>
    <cep>57313-865</cep>
    <logradouro>Rua Maria Nobre</logradouro>
    <complemento/>
    <unidade/>
    <bairro>Brasília</bairro>
    <localidade>Arapiraca</localidade>
    <uf>AL</uf>
    <estado>Alagoas</estado>
    <região/>
    <ibge>2700300</ibge>
    <gia/>
    <ddd>82</ddd>
    <siafi>2705</siafi>
  </cep>
  <cep>
    <cep>57314-105</cep>
    <logradouro>Avenida Deputada Ceci Cunha</logradouro>
    <complemento>de 670 ao fim - lado par</complemento>
    <unidade/>
    <bairro>Itapoã</bairro>
    <localidade>Arapiraca</localidade>
    <uf>AL</uf>
    <estado>Alagoas</estado>
    <região/>
    <ibge>2700300</ibge>
    <gia/>
    <ddd>82</ddd>
    <siafi>2705</siafi>
  </cep>
  <cep>
    <cep>57314-140</cep>
    <logradouro>Rua João Antônio da Silva</logradouro>
    <complemento/>
    <unidade/>
    <bairro>Itapoã</bairro>
    <localidade>Arapiraca</localidade>
    <uf>AL</uf>
    <estado>Alagoas</estado>
    <região/>
    <ibge>2700300</ibge>
    <gia/>
    <ddd>82</ddd>
    <siafi>2705</siafi>
  </cep>
  <cep>
    <cep>57314-150</cep>
    <logradouro>Rua Claudete Maria de Melo</logradouro>
    <complemento/>
    <unidade/>
    <bairro>Itapoã</bairro>
    <localidade>Arapiraca</localidade>
    <uf>AL</uf>
    <estado>Alagoas</estado>
    <região/>
    <ibge>2700300</ibge>
    <gia/>
    <ddd>82</ddd>
    <siafi>2705</siafi>
  </cep>
  <cep>
    <cep>57314-162</cep>
    <logradouro>Rua Valdemar Xavier Viana</logradouro>
    <complemento/>
    <unidade/>
    <bairro>Itapoã</bairro>
    <localidade>Arapiraca</localidade>
    <uf>AL</uf>
    <estado>Alagoas</estado>
    <região/>
    <ibge>2700300</ibge>
    <gia/>
    <ddd>82</ddd>
    <siafi>2705</siafi>
  </cep>
  <cep>
    <cep>57314-050</cep>
    <logradouro>Rua Presidente Getúlio Vargas</logradouro>
    <complemento/>
    <unidade/>
    <bairro>Itapoã</bairro>
    <localidade>Arapiraca</localidade>
    <uf>AL</uf>
    <estado>Alagoas</estado>
    <região/>
    <ibge>2700300</ibge>
    <gia/>
    <ddd>82</ddd>
    <siafi>2705</siafi>
  </cep>
  <cep>
    <cep>57314-070</cep>
    <logradouro>Rua João Francisco do Nascimento</logradouro>
    <complemento/>
    <unidade/>
    <bairro>Itapoã</bairro>
    <localidade>Arapiraca</localidade>
    <uf>AL</uf>
    <estado>Alagoas</estado>
    <região/>
    <ibge>2700300</ibge>
    <gia/>
    <ddd>82</ddd>
    <siafi>2705</siafi>
  </cep>
  <cep>
    <cep>57313-735</cep>
    <logradouro>Rua Ercília Maria de Souza</logradouro>
    <complemento/>
    <unidade/>
    <bairro>Brasília</bairro>
    <localidade>Arapiraca</localidade>
    <uf>AL</uf>
    <estado>Alagoas</estado>
    <região/>
    <ibge>2700300</ibge>
    <gia/>
    <ddd>82</ddd>
    <siafi>2705</siafi>
  </cep>
  <cep>
    <cep>57314-120</cep>
    <logradouro>Rua Né Marcelino</logradouro>
    <complemento/>
    <unidade/>
    <bairro>Itapoã</bairro>
    <localidade>Arapiraca</localidade>
    <uf>AL</uf>
    <estado>Alagoas</estado>
    <região/>
    <ibge>2700300</ibge>
    <gia/>
    <ddd>82</ddd>
    <siafi>2705</siafi>
  </cep>
  <cep>
    <cep>57314-080</cep>
    <logradouro>Rua Custódio José de Melo</logradouro>
    <complemento/>
    <unidade/>
    <bairro>Itapoã</bairro>
    <localidade>Arapiraca</localidade>
    <uf>AL</uf>
    <estado>Alagoas</estado>
    <região/>
    <ibge>2700300</ibge>
    <gia/>
    <ddd>82</ddd>
    <siafi>2705</siafi>
  </cep>
  <cep>
    <cep>57314-200</cep>
    <logradouro>Avenida João Crisóstomo Ramalho</logradouro>
    <complemento>(AL 110) - lado par</complemento>
    <unidade/>
    <bairro>Itapoã</bairro>
    <localidade>Arapiraca</localidade>
    <uf>AL</uf>
    <estado>Alagoas</estado>
    <região/>
    <ibge>2700300</ibge>
    <gia/>
    <ddd>82</ddd>
    <siafi>2705</siafi>
  </cep>
  <cep>
    <cep>57314-175</cep>
    <logradouro>Rua Nossa Senhora da Salete</logradouro>
    <complemento>de 531 ao fim - lado ímpar</complemento>
    <unidade/>
    <bairro>Itapoã</bairro>
    <localidade>Arapiraca</localidade>
    <uf>AL</uf>
    <estado>Alagoas</estado>
    <região/>
    <ibge>2700300</ibge>
    <gia/>
    <ddd>82</ddd>
    <siafi>2705</siafi>
  </cep>
  <cep>
    <cep>57314-280</cep>
    <logradouro>Rua Santa Joana D'Arc</logradouro>
    <complemento/>
    <unidade/>
    <bairro>Itapoã</bairro>
    <localidade>Arapiraca</localidade>
    <uf>AL</uf>
    <estado>Alagoas</estado>
    <região/>
    <ibge>2700300</ibge>
    <gia/>
    <ddd>82</ddd>
    <siafi>2705</siafi>
  </cep>
  <cep>
    <cep>57314-020</cep>
    <logradouro>Rua Aristeu Ferreira Queiroz</logradouro>
    <complemento/>
    <unidade/>
    <bairro>Itapoã</bairro>
    <localidade>Arapiraca</localidade>
    <uf>AL</uf>
    <estado>Alagoas</estado>
    <região/>
    <ibge>2700300</ibge>
    <gia/>
    <ddd>82</ddd>
    <siafi>2705</siafi>
  </cep>
  <cep>
    <cep>57313-870</cep>
    <logradouro>Rua Maria Júlia Ferreira de Alburquerque</logradouro>
    <complemento/>
    <unidade/>
    <bairro>Brasília</bairro>
    <localidade>Arapiraca</localidade>
    <uf>AL</uf>
    <estado>Alagoas</estado>
    <região/>
    <ibge>2700300</ibge>
    <gia/>
    <ddd>82</ddd>
    <siafi>2705</siafi>
  </cep>
  <cep>
    <cep>57314-100</cep>
    <logradouro>Rua Carlos Alberto Albuquerque Melo</logradouro>
    <complemento/>
    <unidade/>
    <bairro>Itapoã</bairro>
    <localidade>Arapiraca</localidade>
    <uf>AL</uf>
    <estado>Alagoas</estado>
    <região/>
    <ibge>2700300</ibge>
    <gia/>
    <ddd>82</ddd>
    <siafi>2705</siafi>
  </cep>
  <cep>
    <cep>57314-290</cep>
    <logradouro>Rua Amâncio Matias da Silva</logradouro>
    <complemento/>
    <unidade/>
    <bairro>Itapoã</bairro>
    <localidade>Arapiraca</localidade>
    <uf>AL</uf>
    <estado>Alagoas</estado>
    <região/>
    <ibge>2700300</ibge>
    <gia/>
    <ddd>82</ddd>
    <siafi>2705</siafi>
  </cep>
  <cep>
    <cep>57314-300</cep>
    <logradouro>Rua José Ferreira da Silva</logradouro>
    <complemento/>
    <unidade/>
    <bairro>Itapoã</bairro>
    <localidade>Arapiraca</localidade>
    <uf>AL</uf>
    <estado>Alagoas</estado>
    <região/>
    <ibge>2700300</ibge>
    <gia/>
    <ddd>82</ddd>
    <siafi>2705</siafi>
  </cep>
  <cep>
    <cep>57314-310</cep>
    <logradouro>Rua João Francisco de Almeida</logradouro>
    <complemento/>
    <unidade/>
    <bairro>Itapoã</bairro>
    <localidade>Arapiraca</localidade>
    <uf>AL</uf>
    <estado>Alagoas</estado>
    <região/>
    <ibge>2700300</ibge>
    <gia/>
    <ddd>82</ddd>
    <siafi>2705</siafi>
  </cep>
  <cep>
    <cep>57314-130</cep>
    <logradouro>Rua Francisca Gomes Farias</logradouro>
    <complemento/>
    <unidade/>
    <bairro>Itapoã</bairro>
    <localidade>Arapiraca</localidade>
    <uf>AL</uf>
    <estado>Alagoas</estado>
    <região/>
    <ibge>2700300</ibge>
    <gia/>
    <ddd>82</ddd>
    <siafi>2705</siafi>
  </cep>
  <cep>
    <cep>57314-190</cep>
    <logradouro>Rodovia AL-220</logradouro>
    <complemento>lado ímpar</complemento>
    <unidade/>
    <bairro>Itapoã</bairro>
    <localidade>Arapiraca</localidade>
    <uf>AL</uf>
    <estado>Alagoas</estado>
    <região/>
    <ibge>2700300</ibge>
    <gia/>
    <ddd>82</ddd>
    <siafi>2705</siafi>
  </cep>
  <cep>
    <cep>57314-110</cep>
    <logradouro>Rua João Nunes Barbosa</logradouro>
    <complemento/>
    <unidade/>
    <bairro>Itapoã</bairro>
    <localidade>Arapiraca</localidade>
    <uf>AL</uf>
    <estado>Alagoas</estado>
    <região/>
    <ibge>2700300</ibge>
    <gia/>
    <ddd>82</ddd>
    <siafi>2705</siafi>
  </cep>
  <cep>
    <cep>57313-805</cep>
    <logradouro>Rua Adélia Gomes Siqueira</logradouro>
    <complemento/>
    <unidade/>
    <bairro>Brasília</bairro>
    <localidade>Arapiraca</localidade>
    <uf>AL</uf>
    <estado>Alagoas</estado>
    <região/>
    <ibge>2700300</ibge>
    <gia/>
    <ddd>82</ddd>
    <siafi>2705</siafi>
  </cep>
  <cep>
    <cep>57315-120</cep>
    <logradouro>Rua Arlindo Ferreira de Aguiar</logradouro>
    <complemento/>
    <unidade/>
    <bairro>Senador Arnon de Melo</bairro>
    <localidade>Arapiraca</localidade>
    <uf>AL</uf>
    <estado>Alagoas</estado>
    <região/>
    <ibge>2700300</ibge>
    <gia/>
    <ddd>82</ddd>
    <siafi>2705</siafi>
  </cep>
  <cep>
    <cep>57313-810</cep>
    <logradouro>Rua Luíza Batista de Araújo</logradouro>
    <complemento/>
    <unidade/>
    <bairro>Brasília</bairro>
    <localidade>Arapiraca</localidade>
    <uf>AL</uf>
    <estado>Alagoas</estado>
    <região/>
    <ibge>2700300</ibge>
    <gia/>
    <ddd>82</ddd>
    <siafi>2705</siafi>
  </cep>
  <cep>
    <cep>57313-862</cep>
    <logradouro>Rua Sebastiana Dalva de Oliveira</logradouro>
    <complemento/>
    <unidade/>
    <bairro>Brasília</bairro>
    <localidade>Arapiraca</localidade>
    <uf>AL</uf>
    <estado>Alagoas</estado>
    <região/>
    <ibge>2700300</ibge>
    <gia/>
    <ddd>82</ddd>
    <siafi>2705</siafi>
  </cep>
  <cep>
    <cep>57314-040</cep>
    <logradouro>Rua José Cícero Ferreira</logradouro>
    <complemento/>
    <unidade/>
    <bairro>Itapoã</bairro>
    <localidade>Arapiraca</localidade>
    <uf>AL</uf>
    <estado>Alagoas</estado>
    <região/>
    <ibge>2700300</ibge>
    <gia/>
    <ddd>82</ddd>
    <siafi>2705</siafi>
  </cep>
  <cep>
    <cep>57315-100</cep>
    <logradouro>Rua Manoel Pereira dos Santos</logradouro>
    <complemento/>
    <unidade/>
    <bairro>Senador Arnon de Melo</bairro>
    <localidade>Arapiraca</localidade>
    <uf>AL</uf>
    <estado>Alagoas</estado>
    <região/>
    <ibge>2700300</ibge>
    <gia/>
    <ddd>82</ddd>
    <siafi>2705</siafi>
  </cep>
  <cep>
    <cep>57313-840</cep>
    <logradouro>Rua Patrocínio José</logradouro>
    <complemento/>
    <unidade/>
    <bairro>Brasília</bairro>
    <localidade>Arapiraca</localidade>
    <uf>AL</uf>
    <estado>Alagoas</estado>
    <região/>
    <ibge>2700300</ibge>
    <gia/>
    <ddd>82</ddd>
    <siafi>2705</siafi>
  </cep>
  <cep>
    <cep>57313-715</cep>
    <logradouro>Rua Antônio Barbosa da Silva</logradouro>
    <complemento/>
    <unidade/>
    <bairro>Brasília</bairro>
    <localidade>Arapiraca</localidade>
    <uf>AL</uf>
    <estado>Alagoas</estado>
    <região/>
    <ibge>2700300</ibge>
    <gia/>
    <ddd>82</ddd>
    <siafi>2705</siafi>
  </cep>
  <cep>
    <cep>57313-835</cep>
    <logradouro>Rua Geraldo Lira</logradouro>
    <complemento/>
    <unidade/>
    <bairro>Brasília</bairro>
    <localidade>Arapiraca</localidade>
    <uf>AL</uf>
    <estado>Alagoas</estado>
    <região/>
    <ibge>2700300</ibge>
    <gia/>
    <ddd>82</ddd>
    <siafi>2705</siafi>
  </cep>
  <cep>
    <cep>57314-170</cep>
    <logradouro>Praça Seresteiro Altemar Dutra</logradouro>
    <complemento/>
    <unidade/>
    <bairro>Itapoã</bairro>
    <localidade>Arapiraca</localidade>
    <uf>AL</uf>
    <estado>Alagoas</estado>
    <região/>
    <ibge>2700300</ibge>
    <gia/>
    <ddd>82</ddd>
    <siafi>2705</siafi>
  </cep>
  <cep>
    <cep>57313-770</cep>
    <logradouro>Rua Manoel Cavalcante Malta</logradouro>
    <complemento/>
    <unidade/>
    <bairro>Brasília</bairro>
    <localidade>Arapiraca</localidade>
    <uf>AL</uf>
    <estado>Alagoas</estado>
    <região/>
    <ibge>2700300</ibge>
    <gia/>
    <ddd>82</ddd>
    <siafi>2705</siafi>
  </cep>
  <cep>
    <cep>57313-815</cep>
    <logradouro>Rua Durval Pereira Moço</logradouro>
    <complemento/>
    <unidade/>
    <bairro>Brasília</bairro>
    <localidade>Arapiraca</localidade>
    <uf>AL</uf>
    <estado>Alagoas</estado>
    <região/>
    <ibge>2700300</ibge>
    <gia/>
    <ddd>82</ddd>
    <siafi>2705</siafi>
  </cep>
  <cep>
    <cep>57315-140</cep>
    <logradouro>Rua Antônio Pereira Neto</logradouro>
    <complemento/>
    <unidade/>
    <bairro>Senador Arnon de Melo</bairro>
    <localidade>Arapiraca</localidade>
    <uf>AL</uf>
    <estado>Alagoas</estado>
    <região/>
    <ibge>2700300</ibge>
    <gia/>
    <ddd>82</ddd>
    <siafi>2705</siafi>
  </cep>
  <cep>
    <cep>57315-204</cep>
    <logradouro>Alameda Asa Branca</logradouro>
    <complemento>(Lot Ouro Verde)</complemento>
    <unidade/>
    <bairro>Senador Arnon de Melo</bairro>
    <localidade>Arapiraca</localidade>
    <uf>AL</uf>
    <estado>Alagoas</estado>
    <região/>
    <ibge>2700300</ibge>
    <gia/>
    <ddd>82</ddd>
    <siafi>2705</siafi>
  </cep>
  <cep>
    <cep>57315-160</cep>
    <logradouro>Rua Alferes João da Rocha Pires</logradouro>
    <complemento/>
    <unidade/>
    <bairro>Senador Arnon de Melo</bairro>
    <localidade>Arapiraca</localidade>
    <uf>AL</uf>
    <estado>Alagoas</estado>
    <região/>
    <ibge>2700300</ibge>
    <gia/>
    <ddd>82</ddd>
    <siafi>2705</siafi>
  </cep>
  <cep>
    <cep>57315-202</cep>
    <logradouro>Alameda Patativa</logradouro>
    <complemento>(Lot Ouro Verde)</complemento>
    <unidade/>
    <bairro>Senador Arnon de Melo</bairro>
    <localidade>Arapiraca</localidade>
    <uf>AL</uf>
    <estado>Alagoas</estado>
    <região/>
    <ibge>2700300</ibge>
    <gia/>
    <ddd>82</ddd>
    <siafi>2705</siafi>
  </cep>
  <cep>
    <cep>57313-720</cep>
    <logradouro>Rua Maria de Oliveira Lima</logradouro>
    <complemento/>
    <unidade/>
    <bairro>Brasília</bairro>
    <localidade>Arapiraca</localidade>
    <uf>AL</uf>
    <estado>Alagoas</estado>
    <região/>
    <ibge>2700300</ibge>
    <gia/>
    <ddd>82</ddd>
    <siafi>2705</siafi>
  </cep>
  <cep>
    <cep>57315-092</cep>
    <logradouro>Avenida Pedro Balbino Sobrinho</logradouro>
    <complemento/>
    <unidade/>
    <bairro>Senador Arnon de Melo</bairro>
    <localidade>Arapiraca</localidade>
    <uf>AL</uf>
    <estado>Alagoas</estado>
    <região/>
    <ibge>2700300</ibge>
    <gia/>
    <ddd>82</ddd>
    <siafi>2705</siafi>
  </cep>
  <cep>
    <cep>57314-060</cep>
    <logradouro>Rua José Ferreira dos Santos</logradouro>
    <complemento/>
    <unidade/>
    <bairro>Itapoã</bairro>
    <localidade>Arapiraca</localidade>
    <uf>AL</uf>
    <estado>Alagoas</estado>
    <região/>
    <ibge>2700300</ibge>
    <gia/>
    <ddd>82</ddd>
    <siafi>2705</siafi>
  </cep>
  <cep>
    <cep>57315-208</cep>
    <logradouro>Alameda Gavião</logradouro>
    <complemento>(Lot Ouro Verde)</complemento>
    <unidade/>
    <bairro>Senador Arnon de Melo</bairro>
    <localidade>Arapiraca</localidade>
    <uf>AL</uf>
    <estado>Alagoas</estado>
    <região/>
    <ibge>2700300</ibge>
    <gia/>
    <ddd>82</ddd>
    <siafi>2705</siafi>
  </cep>
  <cep>
    <cep>57315-206</cep>
    <logradouro>Alameda Andorinha</logradouro>
    <complemento>(Lot Ouro Verde)</complemento>
    <unidade/>
    <bairro>Senador Arnon de Melo</bairro>
    <localidade>Arapiraca</localidade>
    <uf>AL</uf>
    <estado>Alagoas</estado>
    <região/>
    <ibge>2700300</ibge>
    <gia/>
    <ddd>82</ddd>
    <siafi>2705</siafi>
  </cep>
  <cep>
    <cep>57313-755</cep>
    <logradouro>Rua José Ferreira da Silva</logradouro>
    <complemento/>
    <unidade/>
    <bairro>Brasília</bairro>
    <localidade>Arapiraca</localidade>
    <uf>AL</uf>
    <estado>Alagoas</estado>
    <região/>
    <ibge>2700300</ibge>
    <gia/>
    <ddd>82</ddd>
    <siafi>2705</siafi>
  </cep>
  <cep>
    <cep>57314-095</cep>
    <logradouro>Avenida Minervina Francisca da Conceição</logradouro>
    <complemento/>
    <unidade/>
    <bairro>Itapoã</bairro>
    <localidade>Arapiraca</localidade>
    <uf>AL</uf>
    <estado>Alagoas</estado>
    <região/>
    <ibge>2700300</ibge>
    <gia/>
    <ddd>82</ddd>
    <siafi>2705</siafi>
  </cep>
  <cep>
    <cep>57313-790</cep>
    <logradouro>Rua Erondino Terto da Silva</logradouro>
    <complemento/>
    <unidade/>
    <bairro>Brasília</bairro>
    <localidade>Arapiraca</localidade>
    <uf>AL</uf>
    <estado>Alagoas</estado>
    <região/>
    <ibge>2700300</ibge>
    <gia/>
    <ddd>82</ddd>
    <siafi>2705</siafi>
  </cep>
  <cep>
    <cep>57313-760</cep>
    <logradouro>Rua Nossa Senhora do Rosário</logradouro>
    <complemento/>
    <unidade/>
    <bairro>Brasília</bairro>
    <localidade>Arapiraca</localidade>
    <uf>AL</uf>
    <estado>Alagoas</estado>
    <região/>
    <ibge>2700300</ibge>
    <gia/>
    <ddd>82</ddd>
    <siafi>2705</siafi>
  </cep>
  <cep>
    <cep>57315-222</cep>
    <logradouro>Alameda Caboclinho</logradouro>
    <complemento>(Lot Ouro verde)</complemento>
    <unidade/>
    <bairro>Senador Arnon de Melo</bairro>
    <localidade>Arapiraca</localidade>
    <uf>AL</uf>
    <estado>Alagoas</estado>
    <região/>
    <ibge>2700300</ibge>
    <gia/>
    <ddd>82</ddd>
    <siafi>2705</siafi>
  </cep>
  <cep>
    <cep>57314-090</cep>
    <logradouro>Rua Alvina Nunes da Silva</logradouro>
    <complemento/>
    <unidade/>
    <bairro>Itapoã</bairro>
    <localidade>Arapiraca</localidade>
    <uf>AL</uf>
    <estado>Alagoas</estado>
    <região/>
    <ibge>2700300</ibge>
    <gia/>
    <ddd>82</ddd>
    <siafi>2705</siafi>
  </cep>
  <cep>
    <cep>57315-216</cep>
    <logradouro>Alameda dos Pardais</logradouro>
    <complemento>(Lot Ouro verde)</complemento>
    <unidade/>
    <bairro>Senador Arnon de Melo</bairro>
    <localidade>Arapiraca</localidade>
    <uf>AL</uf>
    <estado>Alagoas</estado>
    <região/>
    <ibge>2700300</ibge>
    <gia/>
    <ddd>82</ddd>
    <siafi>2705</siafi>
  </cep>
  <cep>
    <cep>57315-212</cep>
    <logradouro>Alameda Arara Azul</logradouro>
    <complemento>(Lot Ouro Verde)</complemento>
    <unidade/>
    <bairro>Senador Arnon de Melo</bairro>
    <localidade>Arapiraca</localidade>
    <uf>AL</uf>
    <estado>Alagoas</estado>
    <região/>
    <ibge>2700300</ibge>
    <gia/>
    <ddd>82</ddd>
    <siafi>2705</siafi>
  </cep>
  <cep>
    <cep>57315-214</cep>
    <logradouro>Alameda Papagaio</logradouro>
    <complemento>(Lot Ouro verde)</complemento>
    <unidade/>
    <bairro>Senador Arnon de Melo</bairro>
    <localidade>Arapiraca</localidade>
    <uf>AL</uf>
    <estado>Alagoas</estado>
    <região/>
    <ibge>2700300</ibge>
    <gia/>
    <ddd>82</ddd>
    <siafi>2705</siafi>
  </cep>
  <cep>
    <cep>57315-224</cep>
    <logradouro>Alameda Quero-Quero</logradouro>
    <complemento>(Lot Ouro verde)</complemento>
    <unidade/>
    <bairro>Senador Arnon de Melo</bairro>
    <localidade>Arapiraca</localidade>
    <uf>AL</uf>
    <estado>Alagoas</estado>
    <região/>
    <ibge>2700300</ibge>
    <gia/>
    <ddd>82</ddd>
    <siafi>2705</siafi>
  </cep>
  <cep>
    <cep>57315-226</cep>
    <logradouro>Alameda Pica-pau</logradouro>
    <complemento>(Lot Ouro verde)</complemento>
    <unidade/>
    <bairro>Senador Arnon de Melo</bairro>
    <localidade>Arapiraca</localidade>
    <uf>AL</uf>
    <estado>Alagoas</estado>
    <região/>
    <ibge>2700300</ibge>
    <gia/>
    <ddd>82</ddd>
    <siafi>2705</siafi>
  </cep>
  <cep>
    <cep>57313-860</cep>
    <logradouro>Rua Benedito Terto da Silva</logradouro>
    <complemento/>
    <unidade/>
    <bairro>Brasília</bairro>
    <localidade>Arapiraca</localidade>
    <uf>AL</uf>
    <estado>Alagoas</estado>
    <região/>
    <ibge>2700300</ibge>
    <gia/>
    <ddd>82</ddd>
    <siafi>2705</siafi>
  </cep>
  <cep>
    <cep>57314-180</cep>
    <logradouro>Avenida Elvira Barbosa Lopes</logradouro>
    <complemento/>
    <unidade/>
    <bairro>Itapoã</bairro>
    <localidade>Arapiraca</localidade>
    <uf>AL</uf>
    <estado>Alagoas</estado>
    <região/>
    <ibge>2700300</ibge>
    <gia/>
    <ddd>82</ddd>
    <siafi>2705</siafi>
  </cep>
  <cep>
    <cep>57315-228</cep>
    <logradouro>Alameda Águia</logradouro>
    <complemento>(Lot Ouro verde)</complemento>
    <unidade/>
    <bairro>Senador Arnon de Melo</bairro>
    <localidade>Arapiraca</localidade>
    <uf>AL</uf>
    <estado>Alagoas</estado>
    <região/>
    <ibge>2700300</ibge>
    <gia/>
    <ddd>82</ddd>
    <siafi>2705</siafi>
  </cep>
  <cep>
    <cep>57315-210</cep>
    <logradouro>Alameda Arara</logradouro>
    <complemento>(Lot Ouro Verde)</complemento>
    <unidade/>
    <bairro>Senador Arnon de Melo</bairro>
    <localidade>Arapiraca</localidade>
    <uf>AL</uf>
    <estado>Alagoas</estado>
    <região/>
    <ibge>2700300</ibge>
    <gia/>
    <ddd>82</ddd>
    <siafi>2705</siafi>
  </cep>
  <cep>
    <cep>57315-200</cep>
    <logradouro>Rua Benvindo Batista de Lira</logradouro>
    <complemento/>
    <unidade/>
    <bairro>Senador Arnon de Melo</bairro>
    <localidade>Arapiraca</localidade>
    <uf>AL</uf>
    <estado>Alagoas</estado>
    <região/>
    <ibge>2700300</ibge>
    <gia/>
    <ddd>82</ddd>
    <siafi>2705</siafi>
  </cep>
  <cep>
    <cep>57315-230</cep>
    <logradouro>Alameda Azulão</logradouro>
    <complemento>(Lot Ouro verde)</complemento>
    <unidade/>
    <bairro>Senador Arnon de Melo</bairro>
    <localidade>Arapiraca</localidade>
    <uf>AL</uf>
    <estado>Alagoas</estado>
    <região/>
    <ibge>2700300</ibge>
    <gia/>
    <ddd>82</ddd>
    <siafi>2705</siafi>
  </cep>
  <cep>
    <cep>57313-820</cep>
    <logradouro>Rua José Matheus Sobrinho</logradouro>
    <complemento/>
    <unidade/>
    <bairro>Brasília</bairro>
    <localidade>Arapiraca</localidade>
    <uf>AL</uf>
    <estado>Alagoas</estado>
    <região/>
    <ibge>2700300</ibge>
    <gia/>
    <ddd>82</ddd>
    <siafi>2705</siafi>
  </cep>
  <cep>
    <cep>57315-218</cep>
    <logradouro>Alameda Rouxinol</logradouro>
    <complemento>(Lot Ouro verde)</complemento>
    <unidade/>
    <bairro>Senador Arnon de Melo</bairro>
    <localidade>Arapiraca</localidade>
    <uf>AL</uf>
    <estado>Alagoas</estado>
    <região/>
    <ibge>2700300</ibge>
    <gia/>
    <ddd>82</ddd>
    <siafi>2705</siafi>
  </cep>
  <cep>
    <cep>57315-220</cep>
    <logradouro>Alameda Tucano</logradouro>
    <complemento>(Lot Ouro verde)</complemento>
    <unidade/>
    <bairro>Senador Arnon de Melo</bairro>
    <localidade>Arapiraca</localidade>
    <uf>AL</uf>
    <estado>Alagoas</estado>
    <região/>
    <ibge>2700300</ibge>
    <gia/>
    <ddd>82</ddd>
    <siafi>2705</siafi>
  </cep>
  <cep>
    <cep>57315-234</cep>
    <logradouro>Alameda Jandaia</logradouro>
    <complemento>(Lot Ouro verde)</complemento>
    <unidade/>
    <bairro>Senador Arnon de Melo</bairro>
    <localidade>Arapiraca</localidade>
    <uf>AL</uf>
    <estado>Alagoas</estado>
    <região/>
    <ibge>2700300</ibge>
    <gia/>
    <ddd>82</ddd>
    <siafi>2705</siafi>
  </cep>
  <cep>
    <cep>57315-240</cep>
    <logradouro>Alameda Tico-Tico</logradouro>
    <complemento>(Lot Ouro verde)</complemento>
    <unidade/>
    <bairro>Senador Arnon de Melo</bairro>
    <localidade>Arapiraca</localidade>
    <uf>AL</uf>
    <estado>Alagoas</estado>
    <região/>
    <ibge>2700300</ibge>
    <gia/>
    <ddd>82</ddd>
    <siafi>2705</siafi>
  </cep>
  <cep>
    <cep>57315-236</cep>
    <logradouro>Alameda Faisão</logradouro>
    <complemento>(Lot Ouro Verde)</complemento>
    <unidade/>
    <bairro>Senador Arnon de Melo</bairro>
    <localidade>Arapiraca</localidade>
    <uf>AL</uf>
    <estado>Alagoas</estado>
    <região/>
    <ibge>2700300</ibge>
    <gia/>
    <ddd>82</ddd>
    <siafi>2705</siafi>
  </cep>
  <cep>
    <cep>57315-232</cep>
    <logradouro>Alameda Cardeal</logradouro>
    <complemento>(Lot Ouro verde)</complemento>
    <unidade/>
    <bairro>Senador Arnon de Melo</bairro>
    <localidade>Arapiraca</localidade>
    <uf>AL</uf>
    <estado>Alagoas</estado>
    <região/>
    <ibge>2700300</ibge>
    <gia/>
    <ddd>82</ddd>
    <siafi>2705</siafi>
  </cep>
  <cep>
    <cep>57315-238</cep>
    <logradouro>Alameda Galo de Campina</logradouro>
    <complemento>(Lot Ouro verde)</complemento>
    <unidade/>
    <bairro>Senador Arnon de Melo</bairro>
    <localidade>Arapiraca</localidade>
    <uf>AL</uf>
    <estado>Alagoas</estado>
    <região/>
    <ibge>2700300</ibge>
    <gia/>
    <ddd>82</ddd>
    <siafi>2705</siafi>
  </cep>
  <cep>
    <cep>57313-730</cep>
    <logradouro>Rua Arízio Lopes Marinho</logradouro>
    <complemento/>
    <unidade/>
    <bairro>Brasília</bairro>
    <localidade>Arapiraca</localidade>
    <uf>AL</uf>
    <estado>Alagoas</estado>
    <região/>
    <ibge>2700300</ibge>
    <gia/>
    <ddd>82</ddd>
    <siafi>2705</siafi>
  </cep>
  <cep>
    <cep>57315-242</cep>
    <logradouro>Alameda Carcará</logradouro>
    <complemento>(Lot Ouro verde)</complemento>
    <unidade/>
    <bairro>Senador Arnon de Melo</bairro>
    <localidade>Arapiraca</localidade>
    <uf>AL</uf>
    <estado>Alagoas</estado>
    <região/>
    <ibge>2700300</ibge>
    <gia/>
    <ddd>82</ddd>
    <siafi>2705</siafi>
  </cep>
  <cep>
    <cep>57315-700</cep>
    <logradouro>Rua Mestre Geraldo</logradouro>
    <complemento/>
    <unidade/>
    <bairro>Senador Arnon de Melo</bairro>
    <localidade>Arapiraca</localidade>
    <uf>AL</uf>
    <estado>Alagoas</estado>
    <região/>
    <ibge>2700300</ibge>
    <gia/>
    <ddd>82</ddd>
    <siafi>2705</siafi>
  </cep>
  <cep>
    <cep>57315-710</cep>
    <logradouro>Rua Joaquim Pereira Gomes</logradouro>
    <complemento/>
    <unidade/>
    <bairro>Senador Arnon de Melo</bairro>
    <localidade>Arapiraca</localidade>
    <uf>AL</uf>
    <estado>Alagoas</estado>
    <região/>
    <ibge>2700300</ibge>
    <gia/>
    <ddd>82</ddd>
    <siafi>2705</siafi>
  </cep>
  <cep>
    <cep>57315-738</cep>
    <logradouro>Rua Pedro Barbosa Bela</logradouro>
    <complemento/>
    <unidade/>
    <bairro>Senador Arnon de Melo</bairro>
    <localidade>Arapiraca</localidade>
    <uf>AL</uf>
    <estado>Alagoas</estado>
    <região/>
    <ibge>2700300</ibge>
    <gia/>
    <ddd>82</ddd>
    <siafi>2705</siafi>
  </cep>
  <cep>
    <cep>57315-734</cep>
    <logradouro>Rua Vandete de Oliveira Mota</logradouro>
    <complemento/>
    <unidade/>
    <bairro>Senador Arnon de Melo</bairro>
    <localidade>Arapiraca</localidade>
    <uf>AL</uf>
    <estado>Alagoas</estado>
    <região/>
    <ibge>2700300</ibge>
    <gia/>
    <ddd>82</ddd>
    <siafi>2705</siafi>
  </cep>
  <cep>
    <cep>57315-740</cep>
    <logradouro>Praça Luzia Suruagy</logradouro>
    <complemento/>
    <unidade/>
    <bairro>Senador Arnon de Melo</bairro>
    <localidade>Arapiraca</localidade>
    <uf>AL</uf>
    <estado>Alagoas</estado>
    <região/>
    <ibge>2700300</ibge>
    <gia/>
    <ddd>82</ddd>
    <siafi>2705</siafi>
  </cep>
  <cep>
    <cep>57315-750</cep>
    <logradouro>Rua Maria de Lourdes de Oliveira</logradouro>
    <complemento/>
    <unidade/>
    <bairro>Senador Arnon de Melo</bairro>
    <localidade>Arapiraca</localidade>
    <uf>AL</uf>
    <estado>Alagoas</estado>
    <região/>
    <ibge>2700300</ibge>
    <gia/>
    <ddd>82</ddd>
    <siafi>2705</siafi>
  </cep>
  <cep>
    <cep>57315-752</cep>
    <logradouro>Rua Floripis Barbosa da Silva</logradouro>
    <complemento/>
    <unidade/>
    <bairro>Senador Arnon de Melo</bairro>
    <localidade>Arapiraca</localidade>
    <uf>AL</uf>
    <estado>Alagoas</estado>
    <região/>
    <ibge>2700300</ibge>
    <gia/>
    <ddd>82</ddd>
    <siafi>2705</siafi>
  </cep>
  <cep>
    <cep>57315-758</cep>
    <logradouro>Rua Maria Luiza Nóbrega Lima</logradouro>
    <complemento/>
    <unidade/>
    <bairro>Senador Arnon de Melo</bairro>
    <localidade>Arapiraca</localidade>
    <uf>AL</uf>
    <estado>Alagoas</estado>
    <região/>
    <ibge>2700300</ibge>
    <gia/>
    <ddd>82</ddd>
    <siafi>2705</siafi>
  </cep>
  <cep>
    <cep>57315-748</cep>
    <logradouro>Rua José Otávio de Oliveira</logradouro>
    <complemento/>
    <unidade/>
    <bairro>Senador Arnon de Melo</bairro>
    <localidade>Arapiraca</localidade>
    <uf>AL</uf>
    <estado>Alagoas</estado>
    <região/>
    <ibge>2700300</ibge>
    <gia/>
    <ddd>82</ddd>
    <siafi>2705</siafi>
  </cep>
  <cep>
    <cep>57315-730</cep>
    <logradouro>Rua Manoel Barbosa Sobrinho</logradouro>
    <complemento/>
    <unidade/>
    <bairro>Senador Arnon de Melo</bairro>
    <localidade>Arapiraca</localidade>
    <uf>AL</uf>
    <estado>Alagoas</estado>
    <região/>
    <ibge>2700300</ibge>
    <gia/>
    <ddd>82</ddd>
    <siafi>2705</siafi>
  </cep>
  <cep>
    <cep>57315-754</cep>
    <logradouro>Rua Guilherme Ulisses Ferreira de Oliveira</logradouro>
    <complemento/>
    <unidade/>
    <bairro>Senador Arnon de Melo</bairro>
    <localidade>Arapiraca</localidade>
    <uf>AL</uf>
    <estado>Alagoas</estado>
    <região/>
    <ibge>2700300</ibge>
    <gia/>
    <ddd>82</ddd>
    <siafi>2705</siafi>
  </cep>
  <cep>
    <cep>57315-742</cep>
    <logradouro>Rua Manoel Antonio Salustiano</logradouro>
    <complemento/>
    <unidade/>
    <bairro>Senador Arnon de Melo</bairro>
    <localidade>Arapiraca</localidade>
    <uf>AL</uf>
    <estado>Alagoas</estado>
    <região/>
    <ibge>2700300</ibge>
    <gia/>
    <ddd>82</ddd>
    <siafi>2705</siafi>
  </cep>
  <cep>
    <cep>57315-760</cep>
    <logradouro>Rua José Arestides da Silva</logradouro>
    <complemento/>
    <unidade/>
    <bairro>Senador Arnon de Melo</bairro>
    <localidade>Arapiraca</localidade>
    <uf>AL</uf>
    <estado>Alagoas</estado>
    <região/>
    <ibge>2700300</ibge>
    <gia/>
    <ddd>82</ddd>
    <siafi>2705</siafi>
  </cep>
  <cep>
    <cep>57315-764</cep>
    <logradouro>Rua Ana Barbosa Vital</logradouro>
    <complemento/>
    <unidade/>
    <bairro>Senador Arnon de Melo</bairro>
    <localidade>Arapiraca</localidade>
    <uf>AL</uf>
    <estado>Alagoas</estado>
    <região/>
    <ibge>2700300</ibge>
    <gia/>
    <ddd>82</ddd>
    <siafi>2705</siafi>
  </cep>
  <cep>
    <cep>57316-010</cep>
    <logradouro>Avenida Governador Antônio Semeão Lamenha Filho</logradouro>
    <complemento/>
    <unidade/>
    <bairro>Jardim Tropical</bairro>
    <localidade>Arapiraca</localidade>
    <uf>AL</uf>
    <estado>Alagoas</estado>
    <região/>
    <ibge>2700300</ibge>
    <gia/>
    <ddd>82</ddd>
    <siafi>2705</siafi>
  </cep>
  <cep>
    <cep>57315-762</cep>
    <logradouro>Rua Cícero Ferreira da Silva</logradouro>
    <complemento/>
    <unidade/>
    <bairro>Senador Arnon de Melo</bairro>
    <localidade>Arapiraca</localidade>
    <uf>AL</uf>
    <estado>Alagoas</estado>
    <região/>
    <ibge>2700300</ibge>
    <gia/>
    <ddd>82</ddd>
    <siafi>2705</siafi>
  </cep>
  <cep>
    <cep>57315-766</cep>
    <logradouro>Rua Matilde Barbosa Paulino</logradouro>
    <complemento/>
    <unidade/>
    <bairro>Senador Arnon de Melo</bairro>
    <localidade>Arapiraca</localidade>
    <uf>AL</uf>
    <estado>Alagoas</estado>
    <região/>
    <ibge>2700300</ibge>
    <gia/>
    <ddd>82</ddd>
    <siafi>2705</siafi>
  </cep>
  <cep>
    <cep>57315-745</cep>
    <logradouro>Rodovia AL-220</logradouro>
    <complemento>lado par</complemento>
    <unidade/>
    <bairro>Senador Arnon de Melo</bairro>
    <localidade>Arapiraca</localidade>
    <uf>AL</uf>
    <estado>Alagoas</estado>
    <região/>
    <ibge>2700300</ibge>
    <gia/>
    <ddd>82</ddd>
    <siafi>2705</siafi>
  </cep>
  <cep>
    <cep>57315-778</cep>
    <logradouro>Rua Adabel Nunes da Silva</logradouro>
    <complemento/>
    <unidade/>
    <bairro>Senador Arnon de Melo</bairro>
    <localidade>Arapiraca</localidade>
    <uf>AL</uf>
    <estado>Alagoas</estado>
    <região/>
    <ibge>2700300</ibge>
    <gia/>
    <ddd>82</ddd>
    <siafi>2705</siafi>
  </cep>
  <cep>
    <cep>57316-020</cep>
    <logradouro>Rua Gerônimo Rocha Lima</logradouro>
    <complemento/>
    <unidade/>
    <bairro>Jardim Tropical</bairro>
    <localidade>Arapiraca</localidade>
    <uf>AL</uf>
    <estado>Alagoas</estado>
    <região/>
    <ibge>2700300</ibge>
    <gia/>
    <ddd>82</ddd>
    <siafi>2705</siafi>
  </cep>
  <cep>
    <cep>57316-025</cep>
    <logradouro>Rua Maragogi</logradouro>
    <complemento/>
    <unidade/>
    <bairro>Jardim Tropical</bairro>
    <localidade>Arapiraca</localidade>
    <uf>AL</uf>
    <estado>Alagoas</estado>
    <região/>
    <ibge>2700300</ibge>
    <gia/>
    <ddd>82</ddd>
    <siafi>2705</siafi>
  </cep>
  <cep>
    <cep>57315-770</cep>
    <logradouro>Rua Cândido Barbosa da Silva</logradouro>
    <complemento/>
    <unidade/>
    <bairro>Senador Arnon de Melo</bairro>
    <localidade>Arapiraca</localidade>
    <uf>AL</uf>
    <estado>Alagoas</estado>
    <região/>
    <ibge>2700300</ibge>
    <gia/>
    <ddd>82</ddd>
    <siafi>2705</siafi>
  </cep>
  <cep>
    <cep>57315-768</cep>
    <logradouro>Rua Florisvaldo Correia Magalhães</logradouro>
    <complemento/>
    <unidade/>
    <bairro>Senador Arnon de Melo</bairro>
    <localidade>Arapiraca</localidade>
    <uf>AL</uf>
    <estado>Alagoas</estado>
    <região/>
    <ibge>2700300</ibge>
    <gia/>
    <ddd>82</ddd>
    <siafi>2705</siafi>
  </cep>
  <cep>
    <cep>57316-030</cep>
    <logradouro>Rua da Saudade</logradouro>
    <complemento/>
    <unidade/>
    <bairro>Jardim Tropical</bairro>
    <localidade>Arapiraca</localidade>
    <uf>AL</uf>
    <estado>Alagoas</estado>
    <região/>
    <ibge>2700300</ibge>
    <gia/>
    <ddd>82</ddd>
    <siafi>2705</siafi>
  </cep>
  <cep>
    <cep>57315-790</cep>
    <logradouro>Rua Manoel Procópio de Oliveira</logradouro>
    <complemento/>
    <unidade/>
    <bairro>Senador Arnon de Melo</bairro>
    <localidade>Arapiraca</localidade>
    <uf>AL</uf>
    <estado>Alagoas</estado>
    <região/>
    <ibge>2700300</ibge>
    <gia/>
    <ddd>82</ddd>
    <siafi>2705</siafi>
  </cep>
  <cep>
    <cep>57316-045</cep>
    <logradouro>Rua Belo Monte</logradouro>
    <complemento/>
    <unidade/>
    <bairro>Jardim Tropical</bairro>
    <localidade>Arapiraca</localidade>
    <uf>AL</uf>
    <estado>Alagoas</estado>
    <região/>
    <ibge>2700300</ibge>
    <gia/>
    <ddd>82</ddd>
    <siafi>2705</siafi>
  </cep>
  <cep>
    <cep>57315-732</cep>
    <logradouro>Rua Marcelo Barbosa</logradouro>
    <complemento/>
    <unidade/>
    <bairro>Senador Arnon de Melo</bairro>
    <localidade>Arapiraca</localidade>
    <uf>AL</uf>
    <estado>Alagoas</estado>
    <região/>
    <ibge>2700300</ibge>
    <gia/>
    <ddd>82</ddd>
    <siafi>2705</siafi>
  </cep>
  <cep>
    <cep>57316-015</cep>
    <logradouro>Rua Maria Rogéria Brito</logradouro>
    <complemento/>
    <unidade/>
    <bairro>Jardim Tropical</bairro>
    <localidade>Arapiraca</localidade>
    <uf>AL</uf>
    <estado>Alagoas</estado>
    <região/>
    <ibge>2700300</ibge>
    <gia/>
    <ddd>82</ddd>
    <siafi>2705</siafi>
  </cep>
  <cep>
    <cep>57316-061</cep>
    <logradouro>Rua Marechal Deodoro da Fonseca</logradouro>
    <complemento>de 668 ao fim - lado par</complemento>
    <unidade/>
    <bairro>Jardim Tropical</bairro>
    <localidade>Arapiraca</localidade>
    <uf>AL</uf>
    <estado>Alagoas</estado>
    <região/>
    <ibge>2700300</ibge>
    <gia/>
    <ddd>82</ddd>
    <siafi>2705</siafi>
  </cep>
  <cep>
    <cep>57315-782</cep>
    <logradouro>Rua José Valentim de Oliveira</logradouro>
    <complemento/>
    <unidade/>
    <bairro>Senador Arnon de Melo</bairro>
    <localidade>Arapiraca</localidade>
    <uf>AL</uf>
    <estado>Alagoas</estado>
    <região/>
    <ibge>2700300</ibge>
    <gia/>
    <ddd>82</ddd>
    <siafi>2705</siafi>
  </cep>
  <cep>
    <cep>57316-046</cep>
    <logradouro>Rua Doutor José Gláucio Oliveira Gomes</logradouro>
    <complemento/>
    <unidade/>
    <bairro>Jardim Tropical</bairro>
    <localidade>Arapiraca</localidade>
    <uf>AL</uf>
    <estado>Alagoas</estado>
    <região/>
    <ibge>2700300</ibge>
    <gia/>
    <ddd>82</ddd>
    <siafi>2705</siafi>
  </cep>
  <cep>
    <cep>57316-060</cep>
    <logradouro>Rua Governador Silvestre Péricles</logradouro>
    <complemento>lado par</complemento>
    <unidade/>
    <bairro>Jardim Tropical</bairro>
    <localidade>Arapiraca</localidade>
    <uf>AL</uf>
    <estado>Alagoas</estado>
    <região/>
    <ibge>2700300</ibge>
    <gia/>
    <ddd>82</ddd>
    <siafi>2705</siafi>
  </cep>
  <cep>
    <cep>57315-784</cep>
    <logradouro>Rua José Nunes da Silva</logradouro>
    <complemento/>
    <unidade/>
    <bairro>Senador Arnon de Melo</bairro>
    <localidade>Arapiraca</localidade>
    <uf>AL</uf>
    <estado>Alagoas</estado>
    <região/>
    <ibge>2700300</ibge>
    <gia/>
    <ddd>82</ddd>
    <siafi>2705</siafi>
  </cep>
  <cep>
    <cep>57316-055</cep>
    <logradouro>Rua Universitário José Laelson de Melo</logradouro>
    <complemento/>
    <unidade/>
    <bairro>Jardim Tropical</bairro>
    <localidade>Arapiraca</localidade>
    <uf>AL</uf>
    <estado>Alagoas</estado>
    <região/>
    <ibge>2700300</ibge>
    <gia/>
    <ddd>82</ddd>
    <siafi>2705</siafi>
  </cep>
  <cep>
    <cep>57315-736</cep>
    <logradouro>Rua Manoel Bernardo da Luz</logradouro>
    <complemento/>
    <unidade/>
    <bairro>Senador Arnon de Melo</bairro>
    <localidade>Arapiraca</localidade>
    <uf>AL</uf>
    <estado>Alagoas</estado>
    <região/>
    <ibge>2700300</ibge>
    <gia/>
    <ddd>82</ddd>
    <siafi>2705</siafi>
  </cep>
  <cep>
    <cep>57316-035</cep>
    <logradouro>Rua Japaratinga</logradouro>
    <complemento/>
    <unidade/>
    <bairro>Jardim Tropical</bairro>
    <localidade>Arapiraca</localidade>
    <uf>AL</uf>
    <estado>Alagoas</estado>
    <região/>
    <ibge>2700300</ibge>
    <gia/>
    <ddd>82</ddd>
    <siafi>2705</siafi>
  </cep>
  <cep>
    <cep>57315-746</cep>
    <logradouro>Rua Antonio Otávio de Oliveira</logradouro>
    <complemento/>
    <unidade/>
    <bairro>Senador Arnon de Melo</bairro>
    <localidade>Arapiraca</localidade>
    <uf>AL</uf>
    <estado>Alagoas</estado>
    <região/>
    <ibge>2700300</ibge>
    <gia/>
    <ddd>82</ddd>
    <siafi>2705</siafi>
  </cep>
  <cep>
    <cep>57316-048</cep>
    <logradouro>Rua Professor José Mauro da Silva</logradouro>
    <complemento/>
    <unidade/>
    <bairro>Jardim Tropical</bairro>
    <localidade>Arapiraca</localidade>
    <uf>AL</uf>
    <estado>Alagoas</estado>
    <região/>
    <ibge>2700300</ibge>
    <gia/>
    <ddd>82</ddd>
    <siafi>2705</siafi>
  </cep>
  <cep>
    <cep>57316-040</cep>
    <logradouro>Rua Padre Antônio Lima Neto</logradouro>
    <complemento/>
    <unidade/>
    <bairro>Jardim Tropical</bairro>
    <localidade>Arapiraca</localidade>
    <uf>AL</uf>
    <estado>Alagoas</estado>
    <região/>
    <ibge>2700300</ibge>
    <gia/>
    <ddd>82</ddd>
    <siafi>2705</siafi>
  </cep>
  <cep>
    <cep>57315-780</cep>
    <logradouro>Rua Gilberto Félix de Menezes</logradouro>
    <complemento/>
    <unidade/>
    <bairro>Senador Arnon de Melo</bairro>
    <localidade>Arapiraca</localidade>
    <uf>AL</uf>
    <estado>Alagoas</estado>
    <região/>
    <ibge>2700300</ibge>
    <gia/>
    <ddd>82</ddd>
    <siafi>2705</siafi>
  </cep>
  <cep>
    <cep>57315-756</cep>
    <logradouro>Rua Terezinha de Jesus Vital Gomes</logradouro>
    <complemento/>
    <unidade/>
    <bairro>Senador Arnon de Melo</bairro>
    <localidade>Arapiraca</localidade>
    <uf>AL</uf>
    <estado>Alagoas</estado>
    <região/>
    <ibge>2700300</ibge>
    <gia/>
    <ddd>82</ddd>
    <siafi>2705</siafi>
  </cep>
  <cep>
    <cep>57316-065</cep>
    <logradouro>Praça Afrânio Salgado Lages</logradouro>
    <complemento/>
    <unidade/>
    <bairro>Jardim Tropical</bairro>
    <localidade>Arapiraca</localidade>
    <uf>AL</uf>
    <estado>Alagoas</estado>
    <região/>
    <ibge>2700300</ibge>
    <gia/>
    <ddd>82</ddd>
    <siafi>2705</siafi>
  </cep>
  <cep>
    <cep>57315-744</cep>
    <logradouro>Rua Josefa Gerônimo de Oliveira</logradouro>
    <complemento/>
    <unidade/>
    <bairro>Senador Arnon de Melo</bairro>
    <localidade>Arapiraca</localidade>
    <uf>AL</uf>
    <estado>Alagoas</estado>
    <região/>
    <ibge>2700300</ibge>
    <gia/>
    <ddd>82</ddd>
    <siafi>2705</siafi>
  </cep>
  <cep>
    <cep>57316-100</cep>
    <logradouro>Rua Maravilha</logradouro>
    <complemento/>
    <unidade/>
    <bairro>Jardim Tropical</bairro>
    <localidade>Arapiraca</localidade>
    <uf>AL</uf>
    <estado>Alagoas</estado>
    <região/>
    <ibge>2700300</ibge>
    <gia/>
    <ddd>82</ddd>
    <siafi>2705</siafi>
  </cep>
  <cep>
    <cep>57316-085</cep>
    <logradouro>Rua Boa Esperança</logradouro>
    <complemento/>
    <unidade/>
    <bairro>Jardim Tropical</bairro>
    <localidade>Arapiraca</localidade>
    <uf>AL</uf>
    <estado>Alagoas</estado>
    <região/>
    <ibge>2700300</ibge>
    <gia/>
    <ddd>82</ddd>
    <siafi>2705</siafi>
  </cep>
  <cep>
    <cep>57316-070</cep>
    <logradouro>Rua Santa Felicidade</logradouro>
    <complemento/>
    <unidade/>
    <bairro>Jardim Tropical</bairro>
    <localidade>Arapiraca</localidade>
    <uf>AL</uf>
    <estado>Alagoas</estado>
    <região/>
    <ibge>2700300</ibge>
    <gia/>
    <ddd>82</ddd>
    <siafi>2705</siafi>
  </cep>
  <cep>
    <cep>57316-095</cep>
    <logradouro>Rua Maria Terto da Silva</logradouro>
    <complemento/>
    <unidade/>
    <bairro>Jardim Tropical</bairro>
    <localidade>Arapiraca</localidade>
    <uf>AL</uf>
    <estado>Alagoas</estado>
    <região/>
    <ibge>2700300</ibge>
    <gia/>
    <ddd>82</ddd>
    <siafi>2705</siafi>
  </cep>
  <cep>
    <cep>57316-075</cep>
    <logradouro>Rua das Flores</logradouro>
    <complemento/>
    <unidade/>
    <bairro>Jardim Tropical</bairro>
    <localidade>Arapiraca</localidade>
    <uf>AL</uf>
    <estado>Alagoas</estado>
    <região/>
    <ibge>2700300</ibge>
    <gia/>
    <ddd>82</ddd>
    <siafi>2705</siafi>
  </cep>
  <cep>
    <cep>57316-090</cep>
    <logradouro>Rua Adrião Henrique Silva</logradouro>
    <complemento/>
    <unidade/>
    <bairro>Jardim Tropical</bairro>
    <localidade>Arapiraca</localidade>
    <uf>AL</uf>
    <estado>Alagoas</estado>
    <região/>
    <ibge>2700300</ibge>
    <gia/>
    <ddd>82</ddd>
    <siafi>2705</siafi>
  </cep>
  <cep>
    <cep>57316-110</cep>
    <logradouro>Avenida João Crisóstomo Ramalho</logradouro>
    <complemento>(AL 110) - lado par</complemento>
    <unidade/>
    <bairro>Jardim Tropical</bairro>
    <localidade>Arapiraca</localidade>
    <uf>AL</uf>
    <estado>Alagoas</estado>
    <região/>
    <ibge>2700300</ibge>
    <gia/>
    <ddd>82</ddd>
    <siafi>2705</siafi>
  </cep>
  <cep>
    <cep>57316-150</cep>
    <logradouro>Rua Fernando Antonio Pereira Ferreira</logradouro>
    <complemento/>
    <unidade/>
    <bairro>Jardim Tropical</bairro>
    <localidade>Arapiraca</localidade>
    <uf>AL</uf>
    <estado>Alagoas</estado>
    <região/>
    <ibge>2700300</ibge>
    <gia/>
    <ddd>82</ddd>
    <siafi>2705</siafi>
  </cep>
  <cep>
    <cep>57316-152</cep>
    <logradouro>Rua José Ferreira Barbosa</logradouro>
    <complemento/>
    <unidade/>
    <bairro>Jardim Tropical</bairro>
    <localidade>Arapiraca</localidade>
    <uf>AL</uf>
    <estado>Alagoas</estado>
    <região/>
    <ibge>2700300</ibge>
    <gia/>
    <ddd>82</ddd>
    <siafi>2705</siafi>
  </cep>
  <cep>
    <cep>57316-160</cep>
    <logradouro>Rua Pedro Balbino</logradouro>
    <complemento/>
    <unidade/>
    <bairro>Jardim Tropical</bairro>
    <localidade>Arapiraca</localidade>
    <uf>AL</uf>
    <estado>Alagoas</estado>
    <região/>
    <ibge>2700300</ibge>
    <gia/>
    <ddd>82</ddd>
    <siafi>2705</siafi>
  </cep>
  <cep>
    <cep>57316-155</cep>
    <logradouro>Praça Tertuliano Barbosa</logradouro>
    <complemento/>
    <unidade/>
    <bairro>Jardim Tropical</bairro>
    <localidade>Arapiraca</localidade>
    <uf>AL</uf>
    <estado>Alagoas</estado>
    <região/>
    <ibge>2700300</ibge>
    <gia/>
    <ddd>82</ddd>
    <siafi>2705</siafi>
  </cep>
  <cep>
    <cep>57316-165</cep>
    <logradouro>Rua São Roque</logradouro>
    <complemento>lado ímpar</complemento>
    <unidade/>
    <bairro>Jardim Tropical</bairro>
    <localidade>Arapiraca</localidade>
    <uf>AL</uf>
    <estado>Alagoas</estado>
    <região/>
    <ibge>2700300</ibge>
    <gia/>
    <ddd>82</ddd>
    <siafi>2705</siafi>
  </cep>
  <cep>
    <cep>57316-170</cep>
    <logradouro>Rua Dioclécio Balbino da Silva</logradouro>
    <complemento/>
    <unidade/>
    <bairro>Jardim Tropical</bairro>
    <localidade>Arapiraca</localidade>
    <uf>AL</uf>
    <estado>Alagoas</estado>
    <região/>
    <ibge>2700300</ibge>
    <gia/>
    <ddd>82</ddd>
    <siafi>2705</siafi>
  </cep>
  <cep>
    <cep>57316-180</cep>
    <logradouro>Rua Deputado José Lúcio de Melo</logradouro>
    <complemento/>
    <unidade/>
    <bairro>Jardim Tropical</bairro>
    <localidade>Arapiraca</localidade>
    <uf>AL</uf>
    <estado>Alagoas</estado>
    <região/>
    <ibge>2700300</ibge>
    <gia/>
    <ddd>82</ddd>
    <siafi>2705</siafi>
  </cep>
  <cep>
    <cep>57316-175</cep>
    <logradouro>Rua Genésio Rodrigues</logradouro>
    <complemento/>
    <unidade/>
    <bairro>Jardim Tropical</bairro>
    <localidade>Arapiraca</localidade>
    <uf>AL</uf>
    <estado>Alagoas</estado>
    <região/>
    <ibge>2700300</ibge>
    <gia/>
    <ddd>82</ddd>
    <siafi>2705</siafi>
  </cep>
  <cep>
    <cep>57316-190</cep>
    <logradouro>Rua Antônio Vital da Silva</logradouro>
    <complemento/>
    <unidade/>
    <bairro>Jardim Tropical</bairro>
    <localidade>Arapiraca</localidade>
    <uf>AL</uf>
    <estado>Alagoas</estado>
    <região/>
    <ibge>2700300</ibge>
    <gia/>
    <ddd>82</ddd>
    <siafi>2705</siafi>
  </cep>
  <cep>
    <cep>57313-800</cep>
    <logradouro>Praça Vereador Euclides Feliciano da Silva</logradouro>
    <complemento/>
    <unidade/>
    <bairro>Brasília</bairro>
    <localidade>Arapiraca</localidade>
    <uf>AL</uf>
    <estado>Alagoas</estado>
    <região/>
    <ibge>2700300</ibge>
    <gia/>
    <ddd>82</ddd>
    <siafi>2705</siafi>
  </cep>
  <cep>
    <cep>57316-305</cep>
    <logradouro>Rua Djalma Matheus Santana</logradouro>
    <complemento/>
    <unidade/>
    <bairro>Nova Esperança</bairro>
    <localidade>Arapiraca</localidade>
    <uf>AL</uf>
    <estado>Alagoas</estado>
    <região/>
    <ibge>2700300</ibge>
    <gia/>
    <ddd>82</ddd>
    <siafi>2705</siafi>
  </cep>
  <cep>
    <cep>57316-195</cep>
    <logradouro>Rua Dom Pedro II</logradouro>
    <complemento>de 594 ao fim - lado par</complemento>
    <unidade/>
    <bairro>Jardim Tropical</bairro>
    <localidade>Arapiraca</localidade>
    <uf>AL</uf>
    <estado>Alagoas</estado>
    <região/>
    <ibge>2700300</ibge>
    <gia/>
    <ddd>82</ddd>
    <siafi>2705</siafi>
  </cep>
  <cep>
    <cep>57316-185</cep>
    <logradouro>Rua José Terto</logradouro>
    <complemento/>
    <unidade/>
    <bairro>Jardim Tropical</bairro>
    <localidade>Arapiraca</localidade>
    <uf>AL</uf>
    <estado>Alagoas</estado>
    <região/>
    <ibge>2700300</ibge>
    <gia/>
    <ddd>82</ddd>
    <siafi>2705</siafi>
  </cep>
  <cep>
    <cep>57316-310</cep>
    <logradouro>Rua Dom Oscar Arnulfo Homero</logradouro>
    <complemento/>
    <unidade/>
    <bairro>Nova Esperança</bairro>
    <localidade>Arapiraca</localidade>
    <uf>AL</uf>
    <estado>Alagoas</estado>
    <região/>
    <ibge>2700300</ibge>
    <gia/>
    <ddd>82</ddd>
    <siafi>2705</siafi>
  </cep>
  <cep>
    <cep>57316-335</cep>
    <logradouro>Rua Antônio Fernandes</logradouro>
    <complemento/>
    <unidade/>
    <bairro>Nova Esperança</bairro>
    <localidade>Arapiraca</localidade>
    <uf>AL</uf>
    <estado>Alagoas</estado>
    <região/>
    <ibge>2700300</ibge>
    <gia/>
    <ddd>82</ddd>
    <siafi>2705</siafi>
  </cep>
  <cep>
    <cep>57316-320</cep>
    <logradouro>Rua Prefeito José Paulo Moura</logradouro>
    <complemento/>
    <unidade/>
    <bairro>Nova Esperança</bairro>
    <localidade>Arapiraca</localidade>
    <uf>AL</uf>
    <estado>Alagoas</estado>
    <região/>
    <ibge>2700300</ibge>
    <gia/>
    <ddd>82</ddd>
    <siafi>2705</siafi>
  </cep>
  <cep>
    <cep>57316-355</cep>
    <logradouro>Rua Francisco Firmino de Oliveira</logradouro>
    <complemento/>
    <unidade/>
    <bairro>Nova Esperança</bairro>
    <localidade>Arapiraca</localidade>
    <uf>AL</uf>
    <estado>Alagoas</estado>
    <região/>
    <ibge>2700300</ibge>
    <gia/>
    <ddd>82</ddd>
    <siafi>2705</siafi>
  </cep>
  <cep>
    <cep>57316-345</cep>
    <logradouro>Rua Maria Lopes</logradouro>
    <complemento/>
    <unidade/>
    <bairro>Nova Esperança</bairro>
    <localidade>Arapiraca</localidade>
    <uf>AL</uf>
    <estado>Alagoas</estado>
    <região/>
    <ibge>2700300</ibge>
    <gia/>
    <ddd>82</ddd>
    <siafi>2705</siafi>
  </cep>
  <cep>
    <cep>57316-360</cep>
    <logradouro>Praça Carlos Gomes</logradouro>
    <complemento/>
    <unidade/>
    <bairro>Nova Esperança</bairro>
    <localidade>Arapiraca</localidade>
    <uf>AL</uf>
    <estado>Alagoas</estado>
    <região/>
    <ibge>2700300</ibge>
    <gia/>
    <ddd>82</ddd>
    <siafi>2705</siafi>
  </cep>
  <cep>
    <cep>57316-325</cep>
    <logradouro>Rua Manoel José de Oliveira</logradouro>
    <complemento/>
    <unidade/>
    <bairro>Nova Esperança</bairro>
    <localidade>Arapiraca</localidade>
    <uf>AL</uf>
    <estado>Alagoas</estado>
    <região/>
    <ibge>2700300</ibge>
    <gia/>
    <ddd>82</ddd>
    <siafi>2705</siafi>
  </cep>
  <cep>
    <cep>57316-370</cep>
    <logradouro>Praça Edmilson da Rocha Barros</logradouro>
    <complemento/>
    <unidade/>
    <bairro>Nova Esperança</bairro>
    <localidade>Arapiraca</localidade>
    <uf>AL</uf>
    <estado>Alagoas</estado>
    <região/>
    <ibge>2700300</ibge>
    <gia/>
    <ddd>82</ddd>
    <siafi>2705</siafi>
  </cep>
  <cep>
    <cep>57316-330</cep>
    <logradouro>Rua Durval de Brito</logradouro>
    <complemento/>
    <unidade/>
    <bairro>Nova Esperança</bairro>
    <localidade>Arapiraca</localidade>
    <uf>AL</uf>
    <estado>Alagoas</estado>
    <região/>
    <ibge>2700300</ibge>
    <gia/>
    <ddd>82</ddd>
    <siafi>2705</siafi>
  </cep>
  <cep>
    <cep>57316-375</cep>
    <logradouro>Avenida Novo Nordeste</logradouro>
    <complemento>lado ímpar</complemento>
    <unidade/>
    <bairro>Nova Esperança</bairro>
    <localidade>Arapiraca</localidade>
    <uf>AL</uf>
    <estado>Alagoas</estado>
    <região/>
    <ibge>2700300</ibge>
    <gia/>
    <ddd>82</ddd>
    <siafi>2705</siafi>
  </cep>
  <cep>
    <cep>57316-385</cep>
    <logradouro>Rua Crisantino da Cunha Lima</logradouro>
    <complemento/>
    <unidade/>
    <bairro>Nova Esperança</bairro>
    <localidade>Arapiraca</localidade>
    <uf>AL</uf>
    <estado>Alagoas</estado>
    <região/>
    <ibge>2700300</ibge>
    <gia/>
    <ddd>82</ddd>
    <siafi>2705</siafi>
  </cep>
  <cep>
    <cep>57316-380</cep>
    <logradouro>Rua Josefa de Carvalho e Silva</logradouro>
    <complemento/>
    <unidade/>
    <bairro>Nova Esperança</bairro>
    <localidade>Arapiraca</localidade>
    <uf>AL</uf>
    <estado>Alagoas</estado>
    <região/>
    <ibge>2700300</ibge>
    <gia/>
    <ddd>82</ddd>
    <siafi>2705</siafi>
  </cep>
  <cep>
    <cep>57316-450</cep>
    <logradouro>Avenida Vereador João Saturnino de Almeida</logradouro>
    <complemento>lado ímpar</complemento>
    <unidade/>
    <bairro>Nova Esperança</bairro>
    <localidade>Arapiraca</localidade>
    <uf>AL</uf>
    <estado>Alagoas</estado>
    <região/>
    <ibge>2700300</ibge>
    <gia/>
    <ddd>82</ddd>
    <siafi>2705</siafi>
  </cep>
  <cep>
    <cep>57316-416</cep>
    <logradouro>Rua José Cícero Alécio da Silva</logradouro>
    <complemento/>
    <unidade/>
    <bairro>Nova Esperança</bairro>
    <localidade>Arapiraca</localidade>
    <uf>AL</uf>
    <estado>Alagoas</estado>
    <região/>
    <ibge>2700300</ibge>
    <gia/>
    <ddd>82</ddd>
    <siafi>2705</siafi>
  </cep>
  <cep>
    <cep>57316-425</cep>
    <logradouro>Rua José Barros Melo</logradouro>
    <complemento/>
    <unidade/>
    <bairro>Nova Esperança</bairro>
    <localidade>Arapiraca</localidade>
    <uf>AL</uf>
    <estado>Alagoas</estado>
    <região/>
    <ibge>2700300</ibge>
    <gia/>
    <ddd>82</ddd>
    <siafi>2705</siafi>
  </cep>
  <cep>
    <cep>57316-461</cep>
    <logradouro>Rua Argemiro Pereira</logradouro>
    <complemento/>
    <unidade/>
    <bairro>Nova Esperança</bairro>
    <localidade>Arapiraca</localidade>
    <uf>AL</uf>
    <estado>Alagoas</estado>
    <região/>
    <ibge>2700300</ibge>
    <gia/>
    <ddd>82</ddd>
    <siafi>2705</siafi>
  </cep>
  <cep>
    <cep>57316-466</cep>
    <logradouro>Rua Ceará</logradouro>
    <complemento>(Res Boa Vista II)</complemento>
    <unidade/>
    <bairro>Nova Esperança</bairro>
    <localidade>Arapiraca</localidade>
    <uf>AL</uf>
    <estado>Alagoas</estado>
    <região/>
    <ibge>2700300</ibge>
    <gia/>
    <ddd>82</ddd>
    <siafi>2705</siafi>
  </cep>
  <cep>
    <cep>57316-411</cep>
    <logradouro>Rua Natanael Batista de Oliveira</logradouro>
    <complemento/>
    <unidade/>
    <bairro>Nova Esperança</bairro>
    <localidade>Arapiraca</localidade>
    <uf>AL</uf>
    <estado>Alagoas</estado>
    <região/>
    <ibge>2700300</ibge>
    <gia/>
    <ddd>82</ddd>
    <siafi>2705</siafi>
  </cep>
  <cep>
    <cep>57316-430</cep>
    <logradouro>Rua Terezinha de Jesus Gomes</logradouro>
    <complemento/>
    <unidade/>
    <bairro>Nova Esperança</bairro>
    <localidade>Arapiraca</localidade>
    <uf>AL</uf>
    <estado>Alagoas</estado>
    <região/>
    <ibge>2700300</ibge>
    <gia/>
    <ddd>82</ddd>
    <siafi>2705</siafi>
  </cep>
  <cep>
    <cep>57316-474</cep>
    <logradouro>Rua Piauí</logradouro>
    <complemento>(Res Boa Vista II)</complemento>
    <unidade/>
    <bairro>Nova Esperança</bairro>
    <localidade>Arapiraca</localidade>
    <uf>AL</uf>
    <estado>Alagoas</estado>
    <região/>
    <ibge>2700300</ibge>
    <gia/>
    <ddd>82</ddd>
    <siafi>2705</siafi>
  </cep>
  <cep>
    <cep>57316-400</cep>
    <logradouro>Rua Carlos Alberto Vital</logradouro>
    <complemento/>
    <unidade/>
    <bairro>Nova Esperança</bairro>
    <localidade>Arapiraca</localidade>
    <uf>AL</uf>
    <estado>Alagoas</estado>
    <região/>
    <ibge>2700300</ibge>
    <gia/>
    <ddd>82</ddd>
    <siafi>2705</siafi>
  </cep>
  <cep>
    <cep>57316-476</cep>
    <logradouro>Rua Rio Grande do Norte</logradouro>
    <complemento>(Res Boa Vista II)</complemento>
    <unidade/>
    <bairro>Nova Esperança</bairro>
    <localidade>Arapiraca</localidade>
    <uf>AL</uf>
    <estado>Alagoas</estado>
    <região/>
    <ibge>2700300</ibge>
    <gia/>
    <ddd>82</ddd>
    <siafi>2705</siafi>
  </cep>
  <cep>
    <cep>57316-478</cep>
    <logradouro>Rua Bahia</logradouro>
    <complemento>(Res Boa Vista II)</complemento>
    <unidade/>
    <bairro>Nova Esperança</bairro>
    <localidade>Arapiraca</localidade>
    <uf>AL</uf>
    <estado>Alagoas</estado>
    <região/>
    <ibge>2700300</ibge>
    <gia/>
    <ddd>82</ddd>
    <siafi>2705</siafi>
  </cep>
  <cep>
    <cep>57316-468</cep>
    <logradouro>Rua Maranhão</logradouro>
    <complemento>(Res Boa Vista II)</complemento>
    <unidade/>
    <bairro>Nova Esperança</bairro>
    <localidade>Arapiraca</localidade>
    <uf>AL</uf>
    <estado>Alagoas</estado>
    <região/>
    <ibge>2700300</ibge>
    <gia/>
    <ddd>82</ddd>
    <siafi>2705</siafi>
  </cep>
  <cep>
    <cep>57316-472</cep>
    <logradouro>Rua Pernambuco</logradouro>
    <complemento>(Res Boa Vista II)</complemento>
    <unidade/>
    <bairro>Nova Esperança</bairro>
    <localidade>Arapiraca</localidade>
    <uf>AL</uf>
    <estado>Alagoas</estado>
    <região/>
    <ibge>2700300</ibge>
    <gia/>
    <ddd>82</ddd>
    <siafi>2705</siafi>
  </cep>
  <cep>
    <cep>57316-417</cep>
    <logradouro>Rua Padre Edgar Alves Santos</logradouro>
    <complemento/>
    <unidade/>
    <bairro>Nova Esperança</bairro>
    <localidade>Arapiraca</localidade>
    <uf>AL</uf>
    <estado>Alagoas</estado>
    <região/>
    <ibge>2700300</ibge>
    <gia/>
    <ddd>82</ddd>
    <siafi>2705</siafi>
  </cep>
  <cep>
    <cep>57316-482</cep>
    <logradouro>Rua Angelita Ferreira da Silva</logradouro>
    <complemento/>
    <unidade/>
    <bairro>Nova Esperança</bairro>
    <localidade>Arapiraca</localidade>
    <uf>AL</uf>
    <estado>Alagoas</estado>
    <região/>
    <ibge>2700300</ibge>
    <gia/>
    <ddd>82</ddd>
    <siafi>2705</siafi>
  </cep>
  <cep>
    <cep>57316-405</cep>
    <logradouro>Rua José Augusto Vital</logradouro>
    <complemento/>
    <unidade/>
    <bairro>Nova Esperança</bairro>
    <localidade>Arapiraca</localidade>
    <uf>AL</uf>
    <estado>Alagoas</estado>
    <região/>
    <ibge>2700300</ibge>
    <gia/>
    <ddd>82</ddd>
    <siafi>2705</siafi>
  </cep>
  <cep>
    <cep>57316-462</cep>
    <logradouro>Rua Arivaldo Pereira</logradouro>
    <complemento/>
    <unidade/>
    <bairro>Nova Esperança</bairro>
    <localidade>Arapiraca</localidade>
    <uf>AL</uf>
    <estado>Alagoas</estado>
    <região/>
    <ibge>2700300</ibge>
    <gia/>
    <ddd>82</ddd>
    <siafi>2705</siafi>
  </cep>
  <cep>
    <cep>57316-470</cep>
    <logradouro>Rua Paraíba</logradouro>
    <complemento>(Res Boa Vista II)</complemento>
    <unidade/>
    <bairro>Nova Esperança</bairro>
    <localidade>Arapiraca</localidade>
    <uf>AL</uf>
    <estado>Alagoas</estado>
    <região/>
    <ibge>2700300</ibge>
    <gia/>
    <ddd>82</ddd>
    <siafi>2705</siafi>
  </cep>
  <cep>
    <cep>57316-460</cep>
    <logradouro>Rua Severino Fernandes da Silva</logradouro>
    <complemento/>
    <unidade/>
    <bairro>Nova Esperança</bairro>
    <localidade>Arapiraca</localidade>
    <uf>AL</uf>
    <estado>Alagoas</estado>
    <região/>
    <ibge>2700300</ibge>
    <gia/>
    <ddd>82</ddd>
    <siafi>2705</siafi>
  </cep>
  <cep>
    <cep>57316-415</cep>
    <logradouro>Rua Elísio Barbosa</logradouro>
    <complemento/>
    <unidade/>
    <bairro>Nova Esperança</bairro>
    <localidade>Arapiraca</localidade>
    <uf>AL</uf>
    <estado>Alagoas</estado>
    <região/>
    <ibge>2700300</ibge>
    <gia/>
    <ddd>82</ddd>
    <siafi>2705</siafi>
  </cep>
  <cep>
    <cep>57316-395</cep>
    <logradouro>Rua Adeildo Nepomuceno Marques</logradouro>
    <complemento/>
    <unidade/>
    <bairro>Nova Esperança</bairro>
    <localidade>Arapiraca</localidade>
    <uf>AL</uf>
    <estado>Alagoas</estado>
    <região/>
    <ibge>2700300</ibge>
    <gia/>
    <ddd>82</ddd>
    <siafi>2705</siafi>
  </cep>
  <cep>
    <cep>57316-644</cep>
    <logradouro>Rua Lucila Roque de Lima</logradouro>
    <complemento>lado par</complemento>
    <unidade/>
    <bairro>João Paulo II</bairro>
    <localidade>Arapiraca</localidade>
    <uf>AL</uf>
    <estado>Alagoas</estado>
    <região/>
    <ibge>2700300</ibge>
    <gia/>
    <ddd>82</ddd>
    <siafi>2705</siafi>
  </cep>
  <cep>
    <cep>57316-648</cep>
    <logradouro>Rua Euclides Marques de Sá</logradouro>
    <complemento/>
    <unidade/>
    <bairro>João Paulo II</bairro>
    <localidade>Arapiraca</localidade>
    <uf>AL</uf>
    <estado>Alagoas</estado>
    <região/>
    <ibge>2700300</ibge>
    <gia/>
    <ddd>82</ddd>
    <siafi>2705</siafi>
  </cep>
  <cep>
    <cep>57316-454</cep>
    <logradouro>Rua Cândida Fernandes da Silva</logradouro>
    <complemento/>
    <unidade/>
    <bairro>Nova Esperança</bairro>
    <localidade>Arapiraca</localidade>
    <uf>AL</uf>
    <estado>Alagoas</estado>
    <região/>
    <ibge>2700300</ibge>
    <gia/>
    <ddd>82</ddd>
    <siafi>2705</siafi>
  </cep>
  <cep>
    <cep>57316-608</cep>
    <logradouro>Rua Estudante Maxziel Barbosa Oliveira</logradouro>
    <complemento/>
    <unidade/>
    <bairro>João Paulo II</bairro>
    <localidade>Arapiraca</localidade>
    <uf>AL</uf>
    <estado>Alagoas</estado>
    <região/>
    <ibge>2700300</ibge>
    <gia/>
    <ddd>82</ddd>
    <siafi>2705</siafi>
  </cep>
  <cep>
    <cep>57316-431</cep>
    <logradouro>Rodovia AL-115</logradouro>
    <complemento>lado ímpar</complemento>
    <unidade/>
    <bairro>Nova Esperança</bairro>
    <localidade>Arapiraca</localidade>
    <uf>AL</uf>
    <estado>Alagoas</estado>
    <região/>
    <ibge>2700300</ibge>
    <gia/>
    <ddd>82</ddd>
    <siafi>2705</siafi>
  </cep>
  <cep>
    <cep>57316-650</cep>
    <logradouro>Rua Edite Florêncio de Oliveira</logradouro>
    <complemento/>
    <unidade/>
    <bairro>João Paulo II</bairro>
    <localidade>Arapiraca</localidade>
    <uf>AL</uf>
    <estado>Alagoas</estado>
    <região/>
    <ibge>2700300</ibge>
    <gia/>
    <ddd>82</ddd>
    <siafi>2705</siafi>
  </cep>
  <cep>
    <cep>57316-616</cep>
    <logradouro>Rua Flavio Nunes Ferreira</logradouro>
    <complemento/>
    <unidade/>
    <bairro>João Paulo II</bairro>
    <localidade>Arapiraca</localidade>
    <uf>AL</uf>
    <estado>Alagoas</estado>
    <região/>
    <ibge>2700300</ibge>
    <gia/>
    <ddd>82</ddd>
    <siafi>2705</siafi>
  </cep>
  <cep>
    <cep>57316-422</cep>
    <logradouro>Rua Manoel Firmino de Oliveira</logradouro>
    <complemento/>
    <unidade/>
    <bairro>Nova Esperança</bairro>
    <localidade>Arapiraca</localidade>
    <uf>AL</uf>
    <estado>Alagoas</estado>
    <região/>
    <ibge>2700300</ibge>
    <gia/>
    <ddd>82</ddd>
    <siafi>2705</siafi>
  </cep>
  <cep>
    <cep>57316-452</cep>
    <logradouro>Rua Ignez Fernandes de Biase Wyszomirska</logradouro>
    <complemento/>
    <unidade/>
    <bairro>Nova Esperança</bairro>
    <localidade>Arapiraca</localidade>
    <uf>AL</uf>
    <estado>Alagoas</estado>
    <região/>
    <ibge>2700300</ibge>
    <gia/>
    <ddd>82</ddd>
    <siafi>2705</siafi>
  </cep>
  <cep>
    <cep>57317-000</cep>
    <logradouro>Rodovia AL-220</logradouro>
    <complemento>lado par</complemento>
    <unidade/>
    <bairro>Deputado Nezinho</bairro>
    <localidade>Arapiraca</localidade>
    <uf>AL</uf>
    <estado>Alagoas</estado>
    <região/>
    <ibge>2700300</ibge>
    <gia/>
    <ddd>82</ddd>
    <siafi>2705</siafi>
  </cep>
  <cep>
    <cep>57316-652</cep>
    <logradouro>Rua São Gonçalo</logradouro>
    <complemento/>
    <unidade/>
    <bairro>João Paulo II</bairro>
    <localidade>Arapiraca</localidade>
    <uf>AL</uf>
    <estado>Alagoas</estado>
    <região/>
    <ibge>2700300</ibge>
    <gia/>
    <ddd>82</ddd>
    <siafi>2705</siafi>
  </cep>
  <cep>
    <cep>57316-610</cep>
    <logradouro>Rua José Salú</logradouro>
    <complemento/>
    <unidade/>
    <bairro>João Paulo II</bairro>
    <localidade>Arapiraca</localidade>
    <uf>AL</uf>
    <estado>Alagoas</estado>
    <região/>
    <ibge>2700300</ibge>
    <gia/>
    <ddd>82</ddd>
    <siafi>2705</siafi>
  </cep>
  <cep>
    <cep>57316-614</cep>
    <logradouro>Rua Francisco Valdivino da Silva</logradouro>
    <complemento/>
    <unidade/>
    <bairro>João Paulo II</bairro>
    <localidade>Arapiraca</localidade>
    <uf>AL</uf>
    <estado>Alagoas</estado>
    <região/>
    <ibge>2700300</ibge>
    <gia/>
    <ddd>82</ddd>
    <siafi>2705</siafi>
  </cep>
  <cep>
    <cep>57316-390</cep>
    <logradouro>Rua Cabo Jeovane Pereira Silva</logradouro>
    <complemento>lado ímpar</complemento>
    <unidade/>
    <bairro>Nova Esperança</bairro>
    <localidade>Arapiraca</localidade>
    <uf>AL</uf>
    <estado>Alagoas</estado>
    <região/>
    <ibge>2700300</ibge>
    <gia/>
    <ddd>82</ddd>
    <siafi>2705</siafi>
  </cep>
  <cep>
    <cep>57318-400</cep>
    <logradouro/>
    <complemento/>
    <unidade/>
    <bairro>Jenipapo</bairro>
    <localidade>Arapiraca</localidade>
    <uf>AL</uf>
    <estado>Alagoas</estado>
    <região/>
    <ibge>2700300</ibge>
    <gia/>
    <ddd>82</ddd>
    <siafi>2705</siafi>
  </cep>
  <cep>
    <cep>57318-600</cep>
    <logradouro/>
    <complemento/>
    <unidade/>
    <bairro>Lagoa do Rancho</bairro>
    <localidade>Arapiraca</localidade>
    <uf>AL</uf>
    <estado>Alagoas</estado>
    <região/>
    <ibge>2700300</ibge>
    <gia/>
    <ddd>82</ddd>
    <siafi>2705</siafi>
  </cep>
  <cep>
    <cep>57318-700</cep>
    <logradouro/>
    <complemento/>
    <unidade/>
    <bairro>Laranjal</bairro>
    <localidade>Arapiraca</localidade>
    <uf>AL</uf>
    <estado>Alagoas</estado>
    <região/>
    <ibge>2700300</ibge>
    <gia/>
    <ddd>82</ddd>
    <siafi>2705</siafi>
  </cep>
  <cep>
    <cep/>
    <logradouro/>
    <complemento/>
    <unidade/>
    <bairro/>
    <localidade/>
    <uf/>
    <estado/>
    <região/>
    <ibge/>
    <gia/>
    <ddd/>
    <siafi/>
  </cep>
  <cep>
    <cep>57316-414</cep>
    <logradouro>Rua Rosa Jovelina da Silva</logradouro>
    <complemento/>
    <unidade/>
    <bairro>Nova Esperança</bairro>
    <localidade>Arapiraca</localidade>
    <uf>AL</uf>
    <estado>Alagoas</estado>
    <região/>
    <ibge>2700300</ibge>
    <gia/>
    <ddd>82</ddd>
    <siafi>2705</siafi>
  </cep>
  <cep>
    <cep/>
    <logradouro/>
    <complemento/>
    <unidade/>
    <bairro/>
    <localidade/>
    <uf/>
    <estado/>
    <região/>
    <ibge/>
    <gia/>
    <ddd/>
    <siafi/>
  </cep>
  <cep>
    <cep>57318-890</cep>
    <logradouro/>
    <complemento/>
    <unidade/>
    <bairro>Flexeiras</bairro>
    <localidade>Arapiraca</localidade>
    <uf>AL</uf>
    <estado>Alagoas</estado>
    <região/>
    <ibge>2700300</ibge>
    <gia/>
    <ddd>82</ddd>
    <siafi>2705</siafi>
  </cep>
  <cep>
    <cep>57319-100</cep>
    <logradouro/>
    <complemento/>
    <unidade/>
    <bairro>Pau D'Arco</bairro>
    <localidade>Arapiraca</localidade>
    <uf>AL</uf>
    <estado>Alagoas</estado>
    <região/>
    <ibge>2700300</ibge>
    <gia/>
    <ddd>82</ddd>
    <siafi>2705</siafi>
  </cep>
  <cep>
    <cep>57316-647</cep>
    <logradouro>Rua João Ferreira de Lima</logradouro>
    <complemento/>
    <unidade/>
    <bairro>João Paulo II</bairro>
    <localidade>Arapiraca</localidade>
    <uf>AL</uf>
    <estado>Alagoas</estado>
    <região/>
    <ibge>2700300</ibge>
    <gia/>
    <ddd>82</ddd>
    <siafi>2705</siafi>
  </cep>
  <cep>
    <cep>57316-440</cep>
    <logradouro>Rua Artur Correia da Silva</logradouro>
    <complemento/>
    <unidade/>
    <bairro>Nova Esperança</bairro>
    <localidade>Arapiraca</localidade>
    <uf>AL</uf>
    <estado>Alagoas</estado>
    <região/>
    <ibge>2700300</ibge>
    <gia/>
    <ddd>82</ddd>
    <siafi>2705</siafi>
  </cep>
  <cep>
    <cep>57319-200</cep>
    <logradouro/>
    <complemento/>
    <unidade/>
    <bairro>Pau Ferro</bairro>
    <localidade>Arapiraca</localidade>
    <uf>AL</uf>
    <estado>Alagoas</estado>
    <região/>
    <ibge>2700300</ibge>
    <gia/>
    <ddd>82</ddd>
    <siafi>2705</siafi>
  </cep>
  <cep>
    <cep>57316-435</cep>
    <logradouro>Avenida Eniraldo de Oliveira Almeida</logradouro>
    <complemento>(AL 110) - lado par</complemento>
    <unidade/>
    <bairro>Nova Esperança</bairro>
    <localidade>Arapiraca</localidade>
    <uf>AL</uf>
    <estado>Alagoas</estado>
    <região/>
    <ibge>2700300</ibge>
    <gia/>
    <ddd>82</ddd>
    <siafi>2705</siafi>
  </cep>
  <cep>
    <cep>57319-300</cep>
    <logradouro/>
    <complemento/>
    <unidade/>
    <bairro>Poção</bairro>
    <localidade>Arapiraca</localidade>
    <uf>AL</uf>
    <estado>Alagoas</estado>
    <região/>
    <ibge>2700300</ibge>
    <gia/>
    <ddd>82</ddd>
    <siafi>2705</siafi>
  </cep>
  <cep>
    <cep>57316-413</cep>
    <logradouro>Rua Abílio José Damasceno</logradouro>
    <complemento/>
    <unidade/>
    <bairro>Nova Esperança</bairro>
    <localidade>Arapiraca</localidade>
    <uf>AL</uf>
    <estado>Alagoas</estado>
    <região/>
    <ibge>2700300</ibge>
    <gia/>
    <ddd>82</ddd>
    <siafi>2705</siafi>
  </cep>
  <cep>
    <cep>57316-480</cep>
    <logradouro>Rua Alagoas</logradouro>
    <complemento>(Res Boa Vista II)</complemento>
    <unidade/>
    <bairro>Nova Esperança</bairro>
    <localidade>Arapiraca</localidade>
    <uf>AL</uf>
    <estado>Alagoas</estado>
    <região/>
    <ibge>2700300</ibge>
    <gia/>
    <ddd>82</ddd>
    <siafi>2705</siafi>
  </cep>
  <cep>
    <cep>57316-654</cep>
    <logradouro>Rua Manoel Correia de Melo</logradouro>
    <complemento/>
    <unidade/>
    <bairro>João Paulo II</bairro>
    <localidade>Arapiraca</localidade>
    <uf>AL</uf>
    <estado>Alagoas</estado>
    <região/>
    <ibge>2700300</ibge>
    <gia/>
    <ddd>82</ddd>
    <siafi>2705</siafi>
  </cep>
  <cep>
    <cep>57316-612</cep>
    <logradouro>Rua Antônio Salú</logradouro>
    <complemento/>
    <unidade/>
    <bairro>João Paulo II</bairro>
    <localidade>Arapiraca</localidade>
    <uf>AL</uf>
    <estado>Alagoas</estado>
    <região/>
    <ibge>2700300</ibge>
    <gia/>
    <ddd>82</ddd>
    <siafi>2705</siafi>
  </cep>
  <cep>
    <cep>57316-602</cep>
    <logradouro>Rua Engenheiro Camilo Collier</logradouro>
    <complemento>lado ímpar</complemento>
    <unidade/>
    <bairro>João Paulo II</bairro>
    <localidade>Arapiraca</localidade>
    <uf>AL</uf>
    <estado>Alagoas</estado>
    <região/>
    <ibge>2700300</ibge>
    <gia/>
    <ddd>82</ddd>
    <siafi>2705</siafi>
  </cep>
  <cep>
    <cep>57316-606</cep>
    <logradouro>Rua Maria Evangelista da Silva</logradouro>
    <complemento/>
    <unidade/>
    <bairro>João Paulo II</bairro>
    <localidade>Arapiraca</localidade>
    <uf>AL</uf>
    <estado>Alagoas</estado>
    <região/>
    <ibge>2700300</ibge>
    <gia/>
    <ddd>82</ddd>
    <siafi>2705</siafi>
  </cep>
  <cep>
    <cep>57318-100</cep>
    <logradouro/>
    <complemento/>
    <unidade/>
    <bairro>Cangandu</bairro>
    <localidade>Arapiraca</localidade>
    <uf>AL</uf>
    <estado>Alagoas</estado>
    <região/>
    <ibge>2700300</ibge>
    <gia/>
    <ddd>82</ddd>
    <siafi>2705</siafi>
  </cep>
  <cep>
    <cep>57316-424</cep>
    <logradouro>Rua José Horácio da Silva</logradouro>
    <complemento>(Lot Porto Rico)</complemento>
    <unidade/>
    <bairro>Nova Esperança</bairro>
    <localidade>Arapiraca</localidade>
    <uf>AL</uf>
    <estado>Alagoas</estado>
    <região/>
    <ibge>2700300</ibge>
    <gia/>
    <ddd>82</ddd>
    <siafi>2705</siafi>
  </cep>
  <cep>
    <cep>57316-646</cep>
    <logradouro>Rua Zezé Lima</logradouro>
    <complemento/>
    <unidade/>
    <bairro>João Paulo II</bairro>
    <localidade>Arapiraca</localidade>
    <uf>AL</uf>
    <estado>Alagoas</estado>
    <região/>
    <ibge>2700300</ibge>
    <gia/>
    <ddd>82</ddd>
    <siafi>2705</siafi>
  </cep>
  <cep>
    <cep/>
    <logradouro/>
    <complemento/>
    <unidade/>
    <bairro/>
    <localidade/>
    <uf/>
    <estado/>
    <região/>
    <ibge/>
    <gia/>
    <ddd/>
    <siafi/>
  </cep>
  <cep>
    <cep>57316-410</cep>
    <logradouro>Rua Pedro Amâncio Vital</logradouro>
    <complemento/>
    <unidade/>
    <bairro>Nova Esperança</bairro>
    <localidade>Arapiraca</localidade>
    <uf>AL</uf>
    <estado>Alagoas</estado>
    <região/>
    <ibge>2700300</ibge>
    <gia/>
    <ddd>82</ddd>
    <siafi>2705</siafi>
  </cep>
  <cep>
    <cep>57318-200</cep>
    <logradouro/>
    <complemento/>
    <unidade/>
    <bairro>Carrasco</bairro>
    <localidade>Arapiraca</localidade>
    <uf>AL</uf>
    <estado>Alagoas</estado>
    <região/>
    <ibge>2700300</ibge>
    <gia/>
    <ddd>82</ddd>
    <siafi>2705</siafi>
  </cep>
  <cep>
    <cep>57319-400</cep>
    <logradouro/>
    <complemento/>
    <unidade/>
    <bairro>Poço da Pedra</bairro>
    <localidade>Arapiraca</localidade>
    <uf>AL</uf>
    <estado>Alagoas</estado>
    <região/>
    <ibge>2700300</ibge>
    <gia/>
    <ddd>82</ddd>
    <siafi>2705</siafi>
  </cep>
  <cep>
    <cep>57319-410</cep>
    <logradouro/>
    <complemento/>
    <unidade/>
    <bairro>Mangabeiras</bairro>
    <localidade>Arapiraca</localidade>
    <uf>AL</uf>
    <estado>Alagoas</estado>
    <região/>
    <ibge>2700300</ibge>
    <gia/>
    <ddd>82</ddd>
    <siafi>2705</siafi>
  </cep>
  <cep>
    <cep>57319-500</cep>
    <logradouro/>
    <complemento/>
    <unidade/>
    <bairro>Sapucaia</bairro>
    <localidade>Arapiraca</localidade>
    <uf>AL</uf>
    <estado>Alagoas</estado>
    <região/>
    <ibge>2700300</ibge>
    <gia/>
    <ddd>82</ddd>
    <siafi>2705</siafi>
  </cep>
  <cep>
    <cep>57319-600</cep>
    <logradouro/>
    <complemento/>
    <unidade/>
    <bairro>Taboquinha</bairro>
    <localidade>Arapiraca</localidade>
    <uf>AL</uf>
    <estado>Alagoas</estado>
    <região/>
    <ibge>2700300</ibge>
    <gia/>
    <ddd>82</ddd>
    <siafi>2705</siafi>
  </cep>
  <cep>
    <cep>57319-700</cep>
    <logradouro/>
    <complemento/>
    <unidade/>
    <bairro>Vila Aparecida</bairro>
    <localidade>Arapiraca</localidade>
    <uf>AL</uf>
    <estado>Alagoas</estado>
    <região/>
    <ibge>2700300</ibge>
    <gia/>
    <ddd>82</ddd>
    <siafi>2705</siafi>
  </cep>
  <cep>
    <cep>57319-780</cep>
    <logradouro/>
    <complemento/>
    <unidade/>
    <bairro>Poço de Santana</bairro>
    <localidade>Arapiraca</localidade>
    <uf>AL</uf>
    <estado>Alagoas</estado>
    <região/>
    <ibge>2700300</ibge>
    <gia/>
    <ddd>82</ddd>
    <siafi>2705</siafi>
  </cep>
  <cep>
    <cep>57319-880</cep>
    <logradouro/>
    <complemento/>
    <unidade/>
    <bairro>Taquara</bairro>
    <localidade>Arapiraca</localidade>
    <uf>AL</uf>
    <estado>Alagoas</estado>
    <região/>
    <ibge>2700300</ibge>
    <gia/>
    <ddd>82</ddd>
    <siafi>2705</siafi>
  </cep>
  <cep>
    <cep>57319-800</cep>
    <logradouro/>
    <complemento/>
    <unidade/>
    <bairro>Vila São Francisco</bairro>
    <localidade>Arapiraca</localidade>
    <uf>AL</uf>
    <estado>Alagoas</estado>
    <região/>
    <ibge>2700300</ibge>
    <gia/>
    <ddd>82</ddd>
    <siafi>2705</siafi>
  </cep>
  <cep>
    <cep>57319-840</cep>
    <logradouro/>
    <complemento/>
    <unidade/>
    <bairro>Rio dos Bichos</bairro>
    <localidade>Arapiraca</localidade>
    <uf>AL</uf>
    <estado>Alagoas</estado>
    <região/>
    <ibge>2700300</ibge>
    <gia/>
    <ddd>82</ddd>
    <siafi>2705</siafi>
  </cep>
  <cep>
    <cep>57319-810</cep>
    <logradouro/>
    <complemento/>
    <unidade/>
    <bairro>Poço de Baixo</bairro>
    <localidade>Arapiraca</localidade>
    <uf>AL</uf>
    <estado>Alagoas</estado>
    <região/>
    <ibge>2700300</ibge>
    <gia/>
    <ddd>82</ddd>
    <siafi>2705</siafi>
  </cep>
  <cep>
    <cep>57319-890</cep>
    <logradouro/>
    <complemento/>
    <unidade/>
    <bairro>Varginha</bairro>
    <localidade>Arapiraca</localidade>
    <uf>AL</uf>
    <estado>Alagoas</estado>
    <região/>
    <ibge>2700300</ibge>
    <gia/>
    <ddd>82</ddd>
    <siafi>2705</siafi>
  </cep>
  <cep>
    <cep>57319-990</cep>
    <logradouro>Povoado Pau D'Arco</logradouro>
    <complemento/>
    <unidade>CPC Pau D'Arco</unidade>
    <bairro/>
    <localidade>Arapiraca</localidade>
    <uf>AL</uf>
    <estado>Alagoas</estado>
    <região/>
    <ibge>2700300</ibge>
    <gia/>
    <ddd>82</ddd>
    <siafi>2705</siafi>
  </cep>
  <cep>
    <cep/>
    <logradouro/>
    <complemento/>
    <unidade/>
    <bairro/>
    <localidade/>
    <uf/>
    <estado/>
    <região/>
    <ibge/>
    <gia/>
    <ddd/>
    <siafi/>
  </cep>
  <cep>
    <cep>57325-970</cep>
    <logradouro>Rua Governador Luiz Cavalcante</logradouro>
    <complemento>91</complemento>
    <unidade>AC Coité do Nóia</unidade>
    <bairro>Centro</bairro>
    <localidade>Coité do Nóia</localidade>
    <uf>AL</uf>
    <estado>Alagoas</estado>
    <região/>
    <ibge>2702009</ibge>
    <gia/>
    <ddd>82</ddd>
    <siafi>2739</siafi>
  </cep>
  <cep>
    <cep>57330-970</cep>
    <logradouro>Avenida Antonio Albuquerque</logradouro>
    <complemento>16</complemento>
    <unidade>AC Lagoa da Canoa</unidade>
    <bairro>Centro</bairro>
    <localidade>Lagoa da Canoa</localidade>
    <uf>AL</uf>
    <estado>Alagoas</estado>
    <região/>
    <ibge>2704104</ibge>
    <gia/>
    <ddd>82</ddd>
    <siafi>2781</siafi>
  </cep>
  <cep>
    <cep>57320-970</cep>
    <logradouro>Rua Pedro Gama</logradouro>
    <complemento>14</complemento>
    <unidade>AC Craíbas</unidade>
    <bairro>Centro</bairro>
    <localidade>Craíbas</localidade>
    <uf>AL</uf>
    <estado>Alagoas</estado>
    <região/>
    <ibge>2702355</ibge>
    <gia/>
    <ddd>82</ddd>
    <siafi>2889</siafi>
  </cep>
  <cep>
    <cep>57320-000</cep>
    <logradouro/>
    <complemento/>
    <unidade/>
    <bairro/>
    <localidade>Craíbas</localidade>
    <uf>AL</uf>
    <estado>Alagoas</estado>
    <região/>
    <ibge>2702355</ibge>
    <gia/>
    <ddd>82</ddd>
    <siafi>2889</siafi>
  </cep>
  <cep>
    <cep>57325-000</cep>
    <logradouro/>
    <complemento/>
    <unidade/>
    <bairro/>
    <localidade>Coité do Nóia</localidade>
    <uf>AL</uf>
    <estado>Alagoas</estado>
    <região/>
    <ibge>2702009</ibge>
    <gia/>
    <ddd>82</ddd>
    <siafi>2739</siafi>
  </cep>
  <cep>
    <cep>57330-000</cep>
    <logradouro/>
    <complemento/>
    <unidade/>
    <bairro/>
    <localidade>Lagoa da Canoa</localidade>
    <uf>AL</uf>
    <estado>Alagoas</estado>
    <região/>
    <ibge>2704104</ibge>
    <gia/>
    <ddd>82</ddd>
    <siafi>2781</siafi>
  </cep>
  <cep>
    <cep>57340-000</cep>
    <logradouro/>
    <complemento/>
    <unidade/>
    <bairro/>
    <localidade>Feira Grande</localidade>
    <uf>AL</uf>
    <estado>Alagoas</estado>
    <região/>
    <ibge>2702603</ibge>
    <gia/>
    <ddd>82</ddd>
    <siafi>2751</siafi>
  </cep>
  <cep>
    <cep>57340-970</cep>
    <logradouro>Avenida Teixeira de Freitas</logradouro>
    <complemento>s/n</complemento>
    <unidade>AC Feira Grande</unidade>
    <bairro>Centro</bairro>
    <localidade>Feira Grande</localidade>
    <uf>AL</uf>
    <estado>Alagoas</estado>
    <região/>
    <ibge>2702603</ibge>
    <gia/>
    <ddd>82</ddd>
    <siafi>2751</siafi>
  </cep>
  <cep>
    <cep>57350-000</cep>
    <logradouro/>
    <complemento/>
    <unidade/>
    <bairro/>
    <localidade>Campo Grande</localidade>
    <uf>AL</uf>
    <estado>Alagoas</estado>
    <região/>
    <ibge>2701506</ibge>
    <gia/>
    <ddd>82</ddd>
    <siafi>2729</siafi>
  </cep>
  <cep>
    <cep>57360-000</cep>
    <logradouro/>
    <complemento/>
    <unidade/>
    <bairro/>
    <localidade>Girau do Ponciano</localidade>
    <uf>AL</uf>
    <estado>Alagoas</estado>
    <região/>
    <ibge>2702900</ibge>
    <gia/>
    <ddd>82</ddd>
    <siafi>2757</siafi>
  </cep>
  <cep>
    <cep>57360-970</cep>
    <logradouro>Avenida Tiradentes</logradouro>
    <complemento>499</complemento>
    <unidade>AC Girau do Ponciano</unidade>
    <bairro>Progresso</bairro>
    <localidade>Girau do Ponciano</localidade>
    <uf>AL</uf>
    <estado>Alagoas</estado>
    <região/>
    <ibge>2702900</ibge>
    <gia/>
    <ddd>82</ddd>
    <siafi>2757</siafi>
  </cep>
  <cep>
    <cep>57370-000</cep>
    <logradouro/>
    <complemento/>
    <unidade/>
    <bairro/>
    <localidade>Traipu</localidade>
    <uf>AL</uf>
    <estado>Alagoas</estado>
    <região/>
    <ibge>2709202</ibge>
    <gia/>
    <ddd>82</ddd>
    <siafi>2883</siafi>
  </cep>
  <cep>
    <cep>57370-970</cep>
    <logradouro>Rua Senador Serapião</logradouro>
    <complemento>s/n</complemento>
    <unidade>AC Traipu</unidade>
    <bairro>Centro</bairro>
    <localidade>Traipu</localidade>
    <uf>AL</uf>
    <estado>Alagoas</estado>
    <região/>
    <ibge>2709202</ibge>
    <gia/>
    <ddd>82</ddd>
    <siafi>2883</siafi>
  </cep>
  <cep>
    <cep>57380-000</cep>
    <logradouro/>
    <complemento/>
    <unidade/>
    <bairro/>
    <localidade>São Brás</localidade>
    <uf>AL</uf>
    <estado>Alagoas</estado>
    <região/>
    <ibge>2708204</ibge>
    <gia/>
    <ddd>82</ddd>
    <siafi>2863</siafi>
  </cep>
  <cep>
    <cep>57380-970</cep>
    <logradouro>Rua São José</logradouro>
    <complemento>02</complemento>
    <unidade>AC São Brás</unidade>
    <bairro>Centro</bairro>
    <localidade>São Brás</localidade>
    <uf>AL</uf>
    <estado>Alagoas</estado>
    <região/>
    <ibge>2708204</ibge>
    <gia/>
    <ddd>82</ddd>
    <siafi>2863</siafi>
  </cep>
  <cep>
    <cep>57390-000</cep>
    <logradouro/>
    <complemento/>
    <unidade/>
    <bairro/>
    <localidade>Olho D'Água Grande</localidade>
    <uf>AL</uf>
    <estado>Alagoas</estado>
    <região/>
    <ibge>2705903</ibge>
    <gia/>
    <ddd>82</ddd>
    <siafi>2817</siafi>
  </cep>
  <cep>
    <cep>57390-970</cep>
    <logradouro>Rua Quatorze de Setembro</logradouro>
    <complemento>92</complemento>
    <unidade>AC Olho D'Água Grande</unidade>
    <bairro>Centro</bairro>
    <localidade>Olho D'Água Grande</localidade>
    <uf>AL</uf>
    <estado>Alagoas</estado>
    <região/>
    <ibge>2705903</ibge>
    <gia/>
    <ddd>82</ddd>
    <siafi>2817</siafi>
  </cep>
  <cep>
    <cep>57400-000</cep>
    <logradouro/>
    <complemento/>
    <unidade/>
    <bairro/>
    <localidade>Pão de Açúcar</localidade>
    <uf>AL</uf>
    <estado>Alagoas</estado>
    <região/>
    <ibge>2706406</ibge>
    <gia/>
    <ddd>82</ddd>
    <siafi>2827</siafi>
  </cep>
  <cep>
    <cep>57400-970</cep>
    <logradouro>Avenida Maestro M Bezerra Lima</logradouro>
    <complemento>763</complemento>
    <unidade>AC Pão de Açúcar</unidade>
    <bairro>Centro</bairro>
    <localidade>Pão de Açúcar</localidade>
    <uf>AL</uf>
    <estado>Alagoas</estado>
    <região/>
    <ibge>2706406</ibge>
    <gia/>
    <ddd>82</ddd>
    <siafi>2827</siafi>
  </cep>
  <cep>
    <cep>57405-000</cep>
    <logradouro/>
    <complemento/>
    <unidade/>
    <bairro>Limoeiro</bairro>
    <localidade>Pão de Açúcar</localidade>
    <uf>AL</uf>
    <estado>Alagoas</estado>
    <região/>
    <ibge>2706406</ibge>
    <gia/>
    <ddd>82</ddd>
    <siafi>2827</siafi>
  </cep>
  <cep>
    <cep>57430-000</cep>
    <logradouro/>
    <complemento/>
    <unidade/>
    <bairro/>
    <localidade>Jacaré dos Homens</localidade>
    <uf>AL</uf>
    <estado>Alagoas</estado>
    <região/>
    <ibge>2703403</ibge>
    <gia/>
    <ddd>82</ddd>
    <siafi>2767</siafi>
  </cep>
  <cep>
    <cep>57410-000</cep>
    <logradouro/>
    <complemento/>
    <unidade/>
    <bairro/>
    <localidade>Palestina</localidade>
    <uf>AL</uf>
    <estado>Alagoas</estado>
    <região/>
    <ibge>2706208</ibge>
    <gia/>
    <ddd>82</ddd>
    <siafi>2823</siafi>
  </cep>
  <cep>
    <cep>57425-970</cep>
    <logradouro>Rua do Comércio</logradouro>
    <complemento>173</complemento>
    <unidade>AC Jaramataia</unidade>
    <bairro>Centro</bairro>
    <localidade>Jaramataia</localidade>
    <uf>AL</uf>
    <estado>Alagoas</estado>
    <região/>
    <ibge>2703700</ibge>
    <gia/>
    <ddd>82</ddd>
    <siafi>2773</siafi>
  </cep>
  <cep>
    <cep>57425-000</cep>
    <logradouro/>
    <complemento/>
    <unidade/>
    <bairro/>
    <localidade>Jaramataia</localidade>
    <uf>AL</uf>
    <estado>Alagoas</estado>
    <região/>
    <ibge>2703700</ibge>
    <gia/>
    <ddd>82</ddd>
    <siafi>2773</siafi>
  </cep>
  <cep>
    <cep>57435-000</cep>
    <logradouro/>
    <complemento/>
    <unidade/>
    <bairro/>
    <localidade>Belo Monte</localidade>
    <uf>AL</uf>
    <estado>Alagoas</estado>
    <região/>
    <ibge>2700904</ibge>
    <gia/>
    <ddd>82</ddd>
    <siafi>2717</siafi>
  </cep>
  <cep>
    <cep>57435-970</cep>
    <logradouro>Travessa Cônego Jasson Souto</logradouro>
    <complemento>36</complemento>
    <unidade>AC Belo Monte</unidade>
    <bairro>Centro</bairro>
    <localidade>Belo Monte</localidade>
    <uf>AL</uf>
    <estado>Alagoas</estado>
    <região/>
    <ibge>2700904</ibge>
    <gia/>
    <ddd>82</ddd>
    <siafi>2717</siafi>
  </cep>
  <cep>
    <cep>57430-970</cep>
    <logradouro>Rua Monsenhor Freitas Machado</logradouro>
    <complemento>12</complemento>
    <unidade>AC Jacaré dos Homens</unidade>
    <bairro>Centro</bairro>
    <localidade>Jacaré dos Homens</localidade>
    <uf>AL</uf>
    <estado>Alagoas</estado>
    <região/>
    <ibge>2703403</ibge>
    <gia/>
    <ddd>82</ddd>
    <siafi>2767</siafi>
  </cep>
  <cep>
    <cep>57440-000</cep>
    <logradouro/>
    <complemento/>
    <unidade/>
    <bairro/>
    <localidade>Monteirópolis</localidade>
    <uf>AL</uf>
    <estado>Alagoas</estado>
    <região/>
    <ibge>2705408</ibge>
    <gia/>
    <ddd>82</ddd>
    <siafi>2807</siafi>
  </cep>
  <cep>
    <cep>57445-000</cep>
    <logradouro/>
    <complemento/>
    <unidade/>
    <bairro/>
    <localidade>São José da Tapera</localidade>
    <uf>AL</uf>
    <estado>Alagoas</estado>
    <região/>
    <ibge>2708402</ibge>
    <gia/>
    <ddd>82</ddd>
    <siafi>2867</siafi>
  </cep>
  <cep>
    <cep>57445-970</cep>
    <logradouro>Rua 24 de Dezembro</logradouro>
    <complemento>65</complemento>
    <unidade>AC São José da Tapera</unidade>
    <bairro>Centro</bairro>
    <localidade>São José da Tapera</localidade>
    <uf>AL</uf>
    <estado>Alagoas</estado>
    <região/>
    <ibge>2708402</ibge>
    <gia/>
    <ddd>82</ddd>
    <siafi>2867</siafi>
  </cep>
  <cep>
    <cep>57440-970</cep>
    <logradouro>Rua São Sebastião</logradouro>
    <complemento>1</complemento>
    <unidade>AC Monteirópolis</unidade>
    <bairro>Centro</bairro>
    <localidade>Monteirópolis</localidade>
    <uf>AL</uf>
    <estado>Alagoas</estado>
    <região/>
    <ibge>2705408</ibge>
    <gia/>
    <ddd>82</ddd>
    <siafi>2807</siafi>
  </cep>
  <cep>
    <cep>57442-970</cep>
    <logradouro>Rua do Comércio</logradouro>
    <complemento>191</complemento>
    <unidade>AC Olho D'Água das Flores</unidade>
    <bairro>Centro</bairro>
    <localidade>Olho D'Água das Flores</localidade>
    <uf>AL</uf>
    <estado>Alagoas</estado>
    <região/>
    <ibge>2705705</ibge>
    <gia/>
    <ddd>82</ddd>
    <siafi>2813</siafi>
  </cep>
  <cep>
    <cep>57442-000</cep>
    <logradouro/>
    <complemento/>
    <unidade/>
    <bairro/>
    <localidade>Olho D'Água das Flores</localidade>
    <uf>AL</uf>
    <estado>Alagoas</estado>
    <região/>
    <ibge>2705705</ibge>
    <gia/>
    <ddd>82</ddd>
    <siafi>2813</siafi>
  </cep>
  <cep>
    <cep>57470-000</cep>
    <logradouro/>
    <complemento/>
    <unidade/>
    <bairro/>
    <localidade>Olho D'Água do Casado</localidade>
    <uf>AL</uf>
    <estado>Alagoas</estado>
    <região/>
    <ibge>2705804</ibge>
    <gia/>
    <ddd>82</ddd>
    <siafi>2815</siafi>
  </cep>
  <cep>
    <cep>57475-000</cep>
    <logradouro/>
    <complemento/>
    <unidade/>
    <bairro/>
    <localidade>Pariconha</localidade>
    <uf>AL</uf>
    <estado>Alagoas</estado>
    <região/>
    <ibge>2706422</ibge>
    <gia/>
    <ddd>82</ddd>
    <siafi>2645</siafi>
  </cep>
  <cep>
    <cep>57475-970</cep>
    <logradouro>Praça Sagrado Coração de Jesus</logradouro>
    <complemento>07</complemento>
    <unidade>AC Pariconha</unidade>
    <bairro>Centro</bairro>
    <localidade>Pariconha</localidade>
    <uf>AL</uf>
    <estado>Alagoas</estado>
    <região/>
    <ibge>2706422</ibge>
    <gia/>
    <ddd>82</ddd>
    <siafi>2645</siafi>
  </cep>
  <cep>
    <cep>57475-971</cep>
    <logradouro>Distrito Campinhos</logradouro>
    <complemento>s/n</complemento>
    <unidade>AGC Campinhos</unidade>
    <bairro>Centro</bairro>
    <localidade>Pariconha</localidade>
    <uf>AL</uf>
    <estado>Alagoas</estado>
    <região/>
    <ibge>2706422</ibge>
    <gia/>
    <ddd>82</ddd>
    <siafi>2645</siafi>
  </cep>
  <cep>
    <cep>57480-000</cep>
    <logradouro/>
    <complemento/>
    <unidade/>
    <bairro/>
    <localidade>Delmiro Gouveia</localidade>
    <uf>AL</uf>
    <estado>Alagoas</estado>
    <região/>
    <ibge>2702405</ibge>
    <gia/>
    <ddd>82</ddd>
    <siafi>2747</siafi>
  </cep>
  <cep>
    <cep>57480-970</cep>
    <logradouro>Rua José Bonifácio</logradouro>
    <complemento>33</complemento>
    <unidade>AC Delmiro Gouveia</unidade>
    <bairro>Centro</bairro>
    <localidade>Delmiro Gouveia</localidade>
    <uf>AL</uf>
    <estado>Alagoas</estado>
    <região/>
    <ibge>2702405</ibge>
    <gia/>
    <ddd>82</ddd>
    <siafi>2747</siafi>
  </cep>
  <cep>
    <cep>57480-971</cep>
    <logradouro>Rua José Manoel da Silva</logradouro>
    <complemento>s/n</complemento>
    <unidade>AGC Barragem Leste</unidade>
    <bairro>Centro</bairro>
    <localidade>Delmiro Gouveia</localidade>
    <uf>AL</uf>
    <estado>Alagoas</estado>
    <região/>
    <ibge>2702405</ibge>
    <gia/>
    <ddd>82</ddd>
    <siafi>2747</siafi>
  </cep>
  <cep>
    <cep>57480-972</cep>
    <logradouro>Rua Projetada 008</logradouro>
    <complemento>74</complemento>
    <unidade>AGC lagoinha</unidade>
    <bairro>Lagoinha</bairro>
    <localidade>Delmiro Gouveia</localidade>
    <uf>AL</uf>
    <estado>Alagoas</estado>
    <região/>
    <ibge>2702405</ibge>
    <gia/>
    <ddd>82</ddd>
    <siafi>2747</siafi>
  </cep>
  <cep>
    <cep>57490-000</cep>
    <logradouro/>
    <complemento/>
    <unidade/>
    <bairro/>
    <localidade>Água Branca</localidade>
    <uf>AL</uf>
    <estado>Alagoas</estado>
    <região/>
    <ibge>2700102</ibge>
    <gia/>
    <ddd>82</ddd>
    <siafi>2701</siafi>
  </cep>
  <cep>
    <cep>57490-970</cep>
    <logradouro>Rua Doutor Miguel Torres</logradouro>
    <complemento>19</complemento>
    <unidade>AC Água Branca</unidade>
    <bairro>Centro</bairro>
    <localidade>Água Branca</localidade>
    <uf>AL</uf>
    <estado>Alagoas</estado>
    <região/>
    <ibge>2700102</ibge>
    <gia/>
    <ddd>82</ddd>
    <siafi>2701</siafi>
  </cep>
  <cep>
    <cep/>
    <logradouro/>
    <complemento/>
    <unidade/>
    <bairro/>
    <localidade/>
    <uf/>
    <estado/>
    <região/>
    <ibge/>
    <gia/>
    <ddd/>
    <siafi/>
  </cep>
  <cep>
    <cep>57500-000</cep>
    <logradouro/>
    <complemento/>
    <unidade/>
    <bairro/>
    <localidade>Santana do Ipanema</localidade>
    <uf>AL</uf>
    <estado>Alagoas</estado>
    <região/>
    <ibge>2708006</ibge>
    <gia/>
    <ddd>82</ddd>
    <siafi>2859</siafi>
  </cep>
  <cep>
    <cep>57500-970</cep>
    <logradouro>Avenida Doutor Arsênio Moreira</logradouro>
    <complemento>358</complemento>
    <unidade>AC Santana do Ipanema</unidade>
    <bairro>Monumento</bairro>
    <localidade>Santana do Ipanema</localidade>
    <uf>AL</uf>
    <estado>Alagoas</estado>
    <região/>
    <ibge>2708006</ibge>
    <gia/>
    <ddd>82</ddd>
    <siafi>2859</siafi>
  </cep>
  <cep>
    <cep>57515-970</cep>
    <logradouro>Rua do Comércio</logradouro>
    <complemento>482</complemento>
    <unidade>AC Senador Rui Palmeira</unidade>
    <bairro>Centro</bairro>
    <localidade>Senador Rui Palmeira</localidade>
    <uf>AL</uf>
    <estado>Alagoas</estado>
    <região/>
    <ibge>2708956</ibge>
    <gia/>
    <ddd>82</ddd>
    <siafi>2891</siafi>
  </cep>
  <cep>
    <cep>57525-970</cep>
    <logradouro>Rua Sebastião Vieira da Rocha</logradouro>
    <complemento>356</complemento>
    <unidade>AC Ouro Branco</unidade>
    <bairro>Centro</bairro>
    <localidade>Ouro Branco</localidade>
    <uf>AL</uf>
    <estado>Alagoas</estado>
    <região/>
    <ibge>2706109</ibge>
    <gia/>
    <ddd>82</ddd>
    <siafi>2821</siafi>
  </cep>
  <cep>
    <cep>57520-000</cep>
    <logradouro/>
    <complemento/>
    <unidade/>
    <bairro/>
    <localidade>Maravilha</localidade>
    <uf>AL</uf>
    <estado>Alagoas</estado>
    <região/>
    <ibge>2704609</ibge>
    <gia/>
    <ddd>82</ddd>
    <siafi>2791</siafi>
  </cep>
  <cep>
    <cep>57515-000</cep>
    <logradouro/>
    <complemento/>
    <unidade/>
    <bairro/>
    <localidade>Senador Rui Palmeira</localidade>
    <uf>AL</uf>
    <estado>Alagoas</estado>
    <região/>
    <ibge>2708956</ibge>
    <gia/>
    <ddd>82</ddd>
    <siafi>2891</siafi>
  </cep>
  <cep>
    <cep>57510-000</cep>
    <logradouro/>
    <complemento/>
    <unidade/>
    <bairro/>
    <localidade>Poço das Trincheiras</localidade>
    <uf>AL</uf>
    <estado>Alagoas</estado>
    <região/>
    <ibge>2707206</ibge>
    <gia/>
    <ddd>82</ddd>
    <siafi>2843</siafi>
  </cep>
  <cep>
    <cep>57530-970</cep>
    <logradouro>Rua Sônia Malta</logradouro>
    <complemento>10</complemento>
    <unidade>AC Canapi</unidade>
    <bairro>Centro</bairro>
    <localidade>Canapi</localidade>
    <uf>AL</uf>
    <estado>Alagoas</estado>
    <região/>
    <ibge>2701605</ibge>
    <gia/>
    <ddd>82</ddd>
    <siafi>2731</siafi>
  </cep>
  <cep>
    <cep>57530-000</cep>
    <logradouro/>
    <complemento/>
    <unidade/>
    <bairro/>
    <localidade>Canapi</localidade>
    <uf>AL</uf>
    <estado>Alagoas</estado>
    <região/>
    <ibge>2701605</ibge>
    <gia/>
    <ddd>82</ddd>
    <siafi>2731</siafi>
  </cep>
  <cep>
    <cep>57520-970</cep>
    <logradouro>Praça Pedro Fernando Brandão Alcântara</logradouro>
    <complemento>65</complemento>
    <unidade>AC Maravilha</unidade>
    <bairro>Centro</bairro>
    <localidade>Maravilha</localidade>
    <uf>AL</uf>
    <estado>Alagoas</estado>
    <região/>
    <ibge>2704609</ibge>
    <gia/>
    <ddd>82</ddd>
    <siafi>2791</siafi>
  </cep>
  <cep>
    <cep/>
    <logradouro/>
    <complemento/>
    <unidade/>
    <bairro/>
    <localidade/>
    <uf/>
    <estado/>
    <região/>
    <ibge/>
    <gia/>
    <ddd/>
    <siafi/>
  </cep>
  <cep>
    <cep>57525-000</cep>
    <logradouro/>
    <complemento/>
    <unidade/>
    <bairro/>
    <localidade>Ouro Branco</localidade>
    <uf>AL</uf>
    <estado>Alagoas</estado>
    <região/>
    <ibge>2706109</ibge>
    <gia/>
    <ddd>82</ddd>
    <siafi>2821</siafi>
  </cep>
  <cep>
    <cep>57535-970</cep>
    <logradouro>Rua Agripino Damasceno</logradouro>
    <complemento>30</complemento>
    <unidade>AC Carneiros</unidade>
    <bairro>Centro</bairro>
    <localidade>Carneiros</localidade>
    <uf>AL</uf>
    <estado>Alagoas</estado>
    <região/>
    <ibge>2701803</ibge>
    <gia/>
    <ddd>82</ddd>
    <siafi>2735</siafi>
  </cep>
  <cep>
    <cep>57535-000</cep>
    <logradouro/>
    <complemento/>
    <unidade/>
    <bairro/>
    <localidade>Carneiros</localidade>
    <uf>AL</uf>
    <estado>Alagoas</estado>
    <região/>
    <ibge>2701803</ibge>
    <gia/>
    <ddd>82</ddd>
    <siafi>2735</siafi>
  </cep>
  <cep>
    <cep>57540-970</cep>
    <logradouro>Rua Siqueira Campos</logradouro>
    <complemento>28</complemento>
    <unidade>AC Mata Grande</unidade>
    <bairro>Bom Sucesso</bairro>
    <localidade>Mata Grande</localidade>
    <uf>AL</uf>
    <estado>Alagoas</estado>
    <região/>
    <ibge>2705002</ibge>
    <gia/>
    <ddd>82</ddd>
    <siafi>2799</siafi>
  </cep>
  <cep>
    <cep>57540-000</cep>
    <logradouro/>
    <complemento/>
    <unidade/>
    <bairro/>
    <localidade>Mata Grande</localidade>
    <uf>AL</uf>
    <estado>Alagoas</estado>
    <região/>
    <ibge>2705002</ibge>
    <gia/>
    <ddd>82</ddd>
    <siafi>2799</siafi>
  </cep>
  <cep>
    <cep/>
    <logradouro/>
    <complemento/>
    <unidade/>
    <bairro/>
    <localidade/>
    <uf/>
    <estado/>
    <região/>
    <ibge/>
    <gia/>
    <ddd/>
    <siafi/>
  </cep>
  <cep>
    <cep/>
    <logradouro/>
    <complemento/>
    <unidade/>
    <bairro/>
    <localidade/>
    <uf/>
    <estado/>
    <região/>
    <ibge/>
    <gia/>
    <ddd/>
    <siafi/>
  </cep>
  <cep>
    <cep>57545-970</cep>
    <logradouro>Praça da Matriz</logradouro>
    <complemento>19</complemento>
    <unidade>AC Inhapi</unidade>
    <bairro>Monte Castelo</bairro>
    <localidade>Inhapi</localidade>
    <uf>AL</uf>
    <estado>Alagoas</estado>
    <região/>
    <ibge>2703304</ibge>
    <gia/>
    <ddd>82</ddd>
    <siafi>2765</siafi>
  </cep>
  <cep>
    <cep>57545-000</cep>
    <logradouro/>
    <complemento/>
    <unidade/>
    <bairro/>
    <localidade>Inhapi</localidade>
    <uf>AL</uf>
    <estado>Alagoas</estado>
    <região/>
    <ibge>2703304</ibge>
    <gia/>
    <ddd>82</ddd>
    <siafi>2765</siafi>
  </cep>
  <cep>
    <cep>57550-000</cep>
    <logradouro/>
    <complemento/>
    <unidade/>
    <bairro/>
    <localidade>Olivença</localidade>
    <uf>AL</uf>
    <estado>Alagoas</estado>
    <região/>
    <ibge>2706000</ibge>
    <gia/>
    <ddd>82</ddd>
    <siafi>2819</siafi>
  </cep>
  <cep>
    <cep/>
    <logradouro/>
    <complemento/>
    <unidade/>
    <bairro/>
    <localidade/>
    <uf/>
    <estado/>
    <região/>
    <ibge/>
    <gia/>
    <ddd/>
    <siafi/>
  </cep>
  <cep>
    <cep/>
    <logradouro/>
    <complemento/>
    <unidade/>
    <bairro/>
    <localidade/>
    <uf/>
    <estado/>
    <região/>
    <ibge/>
    <gia/>
    <ddd/>
    <siafi/>
  </cep>
  <cep>
    <cep>57550-970</cep>
    <logradouro>Rua Prefeito Gilberto Cavalcante</logradouro>
    <complemento>111</complemento>
    <unidade>AC Olivença</unidade>
    <bairro>Centro</bairro>
    <localidade>Olivença</localidade>
    <uf>AL</uf>
    <estado>Alagoas</estado>
    <região/>
    <ibge>2706000</ibge>
    <gia/>
    <ddd>82</ddd>
    <siafi>2819</siafi>
  </cep>
  <cep>
    <cep>57560-000</cep>
    <logradouro/>
    <complemento/>
    <unidade/>
    <bairro/>
    <localidade>Dois Riachos</localidade>
    <uf>AL</uf>
    <estado>Alagoas</estado>
    <região/>
    <ibge>2702504</ibge>
    <gia/>
    <ddd>82</ddd>
    <siafi>2749</siafi>
  </cep>
  <cep>
    <cep>57560-970</cep>
    <logradouro>Avenida Miguel Vieira de Novais</logradouro>
    <complemento>38</complemento>
    <unidade>AC Dois Riachos</unidade>
    <bairro>Centro</bairro>
    <localidade>Dois Riachos</localidade>
    <uf>AL</uf>
    <estado>Alagoas</estado>
    <região/>
    <ibge>2702504</ibge>
    <gia/>
    <ddd>82</ddd>
    <siafi>2749</siafi>
  </cep>
  <cep>
    <cep>57570-000</cep>
    <logradouro/>
    <complemento/>
    <unidade/>
    <bairro/>
    <localidade>Cacimbinhas</localidade>
    <uf>AL</uf>
    <estado>Alagoas</estado>
    <região/>
    <ibge>2701209</ibge>
    <gia/>
    <ddd>82</ddd>
    <siafi>2723</siafi>
  </cep>
  <cep>
    <cep>57570-970</cep>
    <logradouro>Praça Dezenove de Setembro</logradouro>
    <complemento>135</complemento>
    <unidade>AC Cacimbinhas</unidade>
    <bairro>Centro</bairro>
    <localidade>Cacimbinhas</localidade>
    <uf>AL</uf>
    <estado>Alagoas</estado>
    <região/>
    <ibge>2701209</ibge>
    <gia/>
    <ddd>82</ddd>
    <siafi>2723</siafi>
  </cep>
  <cep>
    <cep>57580-000</cep>
    <logradouro/>
    <complemento/>
    <unidade/>
    <bairro/>
    <localidade>Major Isidoro</localidade>
    <uf>AL</uf>
    <estado>Alagoas</estado>
    <região/>
    <ibge>2704401</ibge>
    <gia/>
    <ddd>82</ddd>
    <siafi>2787</siafi>
  </cep>
  <cep>
    <cep>57600-040</cep>
    <logradouro>Rua Duque de Caxias</logradouro>
    <complemento/>
    <unidade/>
    <bairro>Centro</bairro>
    <localidade>Palmeira dos Índios</localidade>
    <uf>AL</uf>
    <estado>Alagoas</estado>
    <região/>
    <ibge>2706307</ibge>
    <gia/>
    <ddd>82</ddd>
    <siafi>2825</siafi>
  </cep>
  <cep>
    <cep>57600-030</cep>
    <logradouro>Rua José Maria Passos</logradouro>
    <complemento/>
    <unidade/>
    <bairro>Centro</bairro>
    <localidade>Palmeira dos Índios</localidade>
    <uf>AL</uf>
    <estado>Alagoas</estado>
    <região/>
    <ibge>2706307</ibge>
    <gia/>
    <ddd>82</ddd>
    <siafi>2825</siafi>
  </cep>
  <cep>
    <cep>57585-000</cep>
    <logradouro/>
    <complemento/>
    <unidade/>
    <bairro>Riacho do Sertão</bairro>
    <localidade>Major Isidoro</localidade>
    <uf>AL</uf>
    <estado>Alagoas</estado>
    <região/>
    <ibge>2704401</ibge>
    <gia/>
    <ddd>82</ddd>
    <siafi>2787</siafi>
  </cep>
  <cep>
    <cep>57600-025</cep>
    <logradouro>Rua Luiz Silveira</logradouro>
    <complemento/>
    <unidade/>
    <bairro>Centro</bairro>
    <localidade>Palmeira dos Índios</localidade>
    <uf>AL</uf>
    <estado>Alagoas</estado>
    <região/>
    <ibge>2706307</ibge>
    <gia/>
    <ddd>82</ddd>
    <siafi>2825</siafi>
  </cep>
  <cep>
    <cep>57600-005</cep>
    <logradouro>Rua Floriano Peixoto</logradouro>
    <complemento/>
    <unidade/>
    <bairro>Centro</bairro>
    <localidade>Palmeira dos Índios</localidade>
    <uf>AL</uf>
    <estado>Alagoas</estado>
    <região/>
    <ibge>2706307</ibge>
    <gia/>
    <ddd>82</ddd>
    <siafi>2825</siafi>
  </cep>
  <cep>
    <cep>57600-060</cep>
    <logradouro>Rua Marechal Deodoro da Fonseca</logradouro>
    <complemento/>
    <unidade/>
    <bairro>Centro</bairro>
    <localidade>Palmeira dos Índios</localidade>
    <uf>AL</uf>
    <estado>Alagoas</estado>
    <região/>
    <ibge>2706307</ibge>
    <gia/>
    <ddd>82</ddd>
    <siafi>2825</siafi>
  </cep>
  <cep>
    <cep>57580-970</cep>
    <logradouro>Rua Sargento Benevides</logradouro>
    <complemento>189</complemento>
    <unidade>AC Major Isidoro</unidade>
    <bairro>Centro</bairro>
    <localidade>Major Isidoro</localidade>
    <uf>AL</uf>
    <estado>Alagoas</estado>
    <região/>
    <ibge>2704401</ibge>
    <gia/>
    <ddd>82</ddd>
    <siafi>2787</siafi>
  </cep>
  <cep>
    <cep>57600-080</cep>
    <logradouro>Rua Vereador Nilo Barros</logradouro>
    <complemento/>
    <unidade/>
    <bairro>Centro</bairro>
    <localidade>Palmeira dos Índios</localidade>
    <uf>AL</uf>
    <estado>Alagoas</estado>
    <região/>
    <ibge>2706307</ibge>
    <gia/>
    <ddd>82</ddd>
    <siafi>2825</siafi>
  </cep>
  <cep>
    <cep>57600-010</cep>
    <logradouro>Praça da Independência</logradouro>
    <complemento/>
    <unidade/>
    <bairro>Centro</bairro>
    <localidade>Palmeira dos Índios</localidade>
    <uf>AL</uf>
    <estado>Alagoas</estado>
    <região/>
    <ibge>2706307</ibge>
    <gia/>
    <ddd>82</ddd>
    <siafi>2825</siafi>
  </cep>
  <cep>
    <cep>57600-070</cep>
    <logradouro>Rua Otávio Cavalcante</logradouro>
    <complemento/>
    <unidade/>
    <bairro>Centro</bairro>
    <localidade>Palmeira dos Índios</localidade>
    <uf>AL</uf>
    <estado>Alagoas</estado>
    <região/>
    <ibge>2706307</ibge>
    <gia/>
    <ddd>82</ddd>
    <siafi>2825</siafi>
  </cep>
  <cep>
    <cep>57600-095</cep>
    <logradouro>Praça Nilo Torres</logradouro>
    <complemento/>
    <unidade/>
    <bairro>Centro</bairro>
    <localidade>Palmeira dos Índios</localidade>
    <uf>AL</uf>
    <estado>Alagoas</estado>
    <região/>
    <ibge>2706307</ibge>
    <gia/>
    <ddd>82</ddd>
    <siafi>2825</siafi>
  </cep>
  <cep>
    <cep>57600-090</cep>
    <logradouro>Rua Correia Paes</logradouro>
    <complemento/>
    <unidade/>
    <bairro>Centro</bairro>
    <localidade>Palmeira dos Índios</localidade>
    <uf>AL</uf>
    <estado>Alagoas</estado>
    <região/>
    <ibge>2706307</ibge>
    <gia/>
    <ddd>82</ddd>
    <siafi>2825</siafi>
  </cep>
  <cep>
    <cep>57600-100</cep>
    <logradouro>Rua Doutor Moreira e Silva</logradouro>
    <complemento/>
    <unidade/>
    <bairro>Centro</bairro>
    <localidade>Palmeira dos Índios</localidade>
    <uf>AL</uf>
    <estado>Alagoas</estado>
    <região/>
    <ibge>2706307</ibge>
    <gia/>
    <ddd>82</ddd>
    <siafi>2825</siafi>
  </cep>
  <cep>
    <cep>57600-050</cep>
    <logradouro>Rua Major Cícero de Góis Monteiro</logradouro>
    <complemento/>
    <unidade/>
    <bairro>Centro</bairro>
    <localidade>Palmeira dos Índios</localidade>
    <uf>AL</uf>
    <estado>Alagoas</estado>
    <região/>
    <ibge>2706307</ibge>
    <gia/>
    <ddd>82</ddd>
    <siafi>2825</siafi>
  </cep>
  <cep>
    <cep>57600-130</cep>
    <logradouro>Rua Costa Rêgo</logradouro>
    <complemento/>
    <unidade/>
    <bairro>Centro</bairro>
    <localidade>Palmeira dos Índios</localidade>
    <uf>AL</uf>
    <estado>Alagoas</estado>
    <região/>
    <ibge>2706307</ibge>
    <gia/>
    <ddd>82</ddd>
    <siafi>2825</siafi>
  </cep>
  <cep>
    <cep>57600-120</cep>
    <logradouro>Rua Fernandes Lima</logradouro>
    <complemento/>
    <unidade/>
    <bairro>Centro</bairro>
    <localidade>Palmeira dos Índios</localidade>
    <uf>AL</uf>
    <estado>Alagoas</estado>
    <região/>
    <ibge>2706307</ibge>
    <gia/>
    <ddd>82</ddd>
    <siafi>2825</siafi>
  </cep>
  <cep>
    <cep>57600-140</cep>
    <logradouro>Rua Vigário Maia</logradouro>
    <complemento/>
    <unidade/>
    <bairro>Centro</bairro>
    <localidade>Palmeira dos Índios</localidade>
    <uf>AL</uf>
    <estado>Alagoas</estado>
    <região/>
    <ibge>2706307</ibge>
    <gia/>
    <ddd>82</ddd>
    <siafi>2825</siafi>
  </cep>
  <cep>
    <cep>57600-145</cep>
    <logradouro>Praça Hélio Teixeira</logradouro>
    <complemento/>
    <unidade/>
    <bairro>Centro</bairro>
    <localidade>Palmeira dos Índios</localidade>
    <uf>AL</uf>
    <estado>Alagoas</estado>
    <região/>
    <ibge>2706307</ibge>
    <gia/>
    <ddd>82</ddd>
    <siafi>2825</siafi>
  </cep>
  <cep>
    <cep>57600-150</cep>
    <logradouro>Rua Chico Pinto</logradouro>
    <complemento/>
    <unidade/>
    <bairro>Centro</bairro>
    <localidade>Palmeira dos Índios</localidade>
    <uf>AL</uf>
    <estado>Alagoas</estado>
    <região/>
    <ibge>2706307</ibge>
    <gia/>
    <ddd>82</ddd>
    <siafi>2825</siafi>
  </cep>
  <cep>
    <cep>57600-160</cep>
    <logradouro>Rua João Valério</logradouro>
    <complemento/>
    <unidade/>
    <bairro>Centro</bairro>
    <localidade>Palmeira dos Índios</localidade>
    <uf>AL</uf>
    <estado>Alagoas</estado>
    <região/>
    <ibge>2706307</ibge>
    <gia/>
    <ddd>82</ddd>
    <siafi>2825</siafi>
  </cep>
  <cep>
    <cep>57600-170</cep>
    <logradouro>Praça Francisco Cavalcante</logradouro>
    <complemento/>
    <unidade/>
    <bairro>Centro</bairro>
    <localidade>Palmeira dos Índios</localidade>
    <uf>AL</uf>
    <estado>Alagoas</estado>
    <região/>
    <ibge>2706307</ibge>
    <gia/>
    <ddd>82</ddd>
    <siafi>2825</siafi>
  </cep>
  <cep>
    <cep>57600-180</cep>
    <logradouro>Rua Esperidião Sampaio</logradouro>
    <complemento/>
    <unidade/>
    <bairro>Centro</bairro>
    <localidade>Palmeira dos Índios</localidade>
    <uf>AL</uf>
    <estado>Alagoas</estado>
    <região/>
    <ibge>2706307</ibge>
    <gia/>
    <ddd>82</ddd>
    <siafi>2825</siafi>
  </cep>
  <cep>
    <cep>57600-190</cep>
    <logradouro>Praça Humberto Mendes</logradouro>
    <complemento/>
    <unidade/>
    <bairro>Centro</bairro>
    <localidade>Palmeira dos Índios</localidade>
    <uf>AL</uf>
    <estado>Alagoas</estado>
    <região/>
    <ibge>2706307</ibge>
    <gia/>
    <ddd>82</ddd>
    <siafi>2825</siafi>
  </cep>
  <cep>
    <cep>57600-210</cep>
    <logradouro>Rua Frei Domingos</logradouro>
    <complemento/>
    <unidade/>
    <bairro>Centro</bairro>
    <localidade>Palmeira dos Índios</localidade>
    <uf>AL</uf>
    <estado>Alagoas</estado>
    <região/>
    <ibge>2706307</ibge>
    <gia/>
    <ddd>82</ddd>
    <siafi>2825</siafi>
  </cep>
  <cep>
    <cep>57600-200</cep>
    <logradouro>Rua Luiz Pinto de Andrade</logradouro>
    <complemento>lado par</complemento>
    <unidade/>
    <bairro>Centro</bairro>
    <localidade>Palmeira dos Índios</localidade>
    <uf>AL</uf>
    <estado>Alagoas</estado>
    <região/>
    <ibge>2706307</ibge>
    <gia/>
    <ddd>82</ddd>
    <siafi>2825</siafi>
  </cep>
  <cep>
    <cep>57600-220</cep>
    <logradouro>Rua Lauro de Almeida</logradouro>
    <complemento/>
    <unidade/>
    <bairro>Centro</bairro>
    <localidade>Palmeira dos Índios</localidade>
    <uf>AL</uf>
    <estado>Alagoas</estado>
    <região/>
    <ibge>2706307</ibge>
    <gia/>
    <ddd>82</ddd>
    <siafi>2825</siafi>
  </cep>
  <cep>
    <cep>57600-205</cep>
    <logradouro>Vila Santo Inácio</logradouro>
    <complemento/>
    <unidade/>
    <bairro>Centro</bairro>
    <localidade>Palmeira dos Índios</localidade>
    <uf>AL</uf>
    <estado>Alagoas</estado>
    <região/>
    <ibge>2706307</ibge>
    <gia/>
    <ddd>82</ddd>
    <siafi>2825</siafi>
  </cep>
  <cep>
    <cep>57600-250</cep>
    <logradouro>Rua Padre Dimas</logradouro>
    <complemento/>
    <unidade/>
    <bairro>Centro</bairro>
    <localidade>Palmeira dos Índios</localidade>
    <uf>AL</uf>
    <estado>Alagoas</estado>
    <região/>
    <ibge>2706307</ibge>
    <gia/>
    <ddd>82</ddd>
    <siafi>2825</siafi>
  </cep>
  <cep>
    <cep>57600-280</cep>
    <logradouro>Rua Leopoldo Duarte</logradouro>
    <complemento/>
    <unidade/>
    <bairro>Centro</bairro>
    <localidade>Palmeira dos Índios</localidade>
    <uf>AL</uf>
    <estado>Alagoas</estado>
    <região/>
    <ibge>2706307</ibge>
    <gia/>
    <ddd>82</ddd>
    <siafi>2825</siafi>
  </cep>
  <cep>
    <cep>57600-310</cep>
    <logradouro>Rua José Pinto de Barros</logradouro>
    <complemento/>
    <unidade/>
    <bairro>Centro</bairro>
    <localidade>Palmeira dos Índios</localidade>
    <uf>AL</uf>
    <estado>Alagoas</estado>
    <região/>
    <ibge>2706307</ibge>
    <gia/>
    <ddd>82</ddd>
    <siafi>2825</siafi>
  </cep>
  <cep>
    <cep>57600-260</cep>
    <logradouro>Rua Marçal de Oliveira</logradouro>
    <complemento/>
    <unidade/>
    <bairro>Centro</bairro>
    <localidade>Palmeira dos Índios</localidade>
    <uf>AL</uf>
    <estado>Alagoas</estado>
    <região/>
    <ibge>2706307</ibge>
    <gia/>
    <ddd>82</ddd>
    <siafi>2825</siafi>
  </cep>
  <cep>
    <cep>57600-320</cep>
    <logradouro>Rua Miguel Monteiro</logradouro>
    <complemento/>
    <unidade/>
    <bairro>Centro</bairro>
    <localidade>Palmeira dos Índios</localidade>
    <uf>AL</uf>
    <estado>Alagoas</estado>
    <região/>
    <ibge>2706307</ibge>
    <gia/>
    <ddd>82</ddd>
    <siafi>2825</siafi>
  </cep>
  <cep>
    <cep>57600-300</cep>
    <logradouro>Rua Julião Paulo Silva</logradouro>
    <complemento/>
    <unidade/>
    <bairro>Centro</bairro>
    <localidade>Palmeira dos Índios</localidade>
    <uf>AL</uf>
    <estado>Alagoas</estado>
    <região/>
    <ibge>2706307</ibge>
    <gia/>
    <ddd>82</ddd>
    <siafi>2825</siafi>
  </cep>
  <cep>
    <cep>57600-330</cep>
    <logradouro>Travessa Miguel Monteiro</logradouro>
    <complemento/>
    <unidade/>
    <bairro>Centro</bairro>
    <localidade>Palmeira dos Índios</localidade>
    <uf>AL</uf>
    <estado>Alagoas</estado>
    <região/>
    <ibge>2706307</ibge>
    <gia/>
    <ddd>82</ddd>
    <siafi>2825</siafi>
  </cep>
  <cep>
    <cep>57600-240</cep>
    <logradouro>Rua Manoel Gomes da Silva</logradouro>
    <complemento>lado ímpar</complemento>
    <unidade/>
    <bairro>Centro</bairro>
    <localidade>Palmeira dos Índios</localidade>
    <uf>AL</uf>
    <estado>Alagoas</estado>
    <região/>
    <ibge>2706307</ibge>
    <gia/>
    <ddd>82</ddd>
    <siafi>2825</siafi>
  </cep>
  <cep>
    <cep>57600-340</cep>
    <logradouro>Rua Adolfo Pinto</logradouro>
    <complemento/>
    <unidade/>
    <bairro>Centro</bairro>
    <localidade>Palmeira dos Índios</localidade>
    <uf>AL</uf>
    <estado>Alagoas</estado>
    <região/>
    <ibge>2706307</ibge>
    <gia/>
    <ddd>82</ddd>
    <siafi>2825</siafi>
  </cep>
  <cep>
    <cep>57600-360</cep>
    <logradouro>1ª Travessa Antônio Matias</logradouro>
    <complemento/>
    <unidade/>
    <bairro>Centro</bairro>
    <localidade>Palmeira dos Índios</localidade>
    <uf>AL</uf>
    <estado>Alagoas</estado>
    <região/>
    <ibge>2706307</ibge>
    <gia/>
    <ddd>82</ddd>
    <siafi>2825</siafi>
  </cep>
  <cep>
    <cep>57600-390</cep>
    <logradouro>4ª Travessa Antônio Matias</logradouro>
    <complemento/>
    <unidade/>
    <bairro>Centro</bairro>
    <localidade>Palmeira dos Índios</localidade>
    <uf>AL</uf>
    <estado>Alagoas</estado>
    <região/>
    <ibge>2706307</ibge>
    <gia/>
    <ddd>82</ddd>
    <siafi>2825</siafi>
  </cep>
  <cep>
    <cep>57600-400</cep>
    <logradouro>Vila Vitória</logradouro>
    <complemento/>
    <unidade/>
    <bairro>Centro</bairro>
    <localidade>Palmeira dos Índios</localidade>
    <uf>AL</uf>
    <estado>Alagoas</estado>
    <região/>
    <ibge>2706307</ibge>
    <gia/>
    <ddd>82</ddd>
    <siafi>2825</siafi>
  </cep>
  <cep>
    <cep>57600-290</cep>
    <logradouro>Praça São Pedro</logradouro>
    <complemento/>
    <unidade/>
    <bairro>Centro</bairro>
    <localidade>Palmeira dos Índios</localidade>
    <uf>AL</uf>
    <estado>Alagoas</estado>
    <região/>
    <ibge>2706307</ibge>
    <gia/>
    <ddd>82</ddd>
    <siafi>2825</siafi>
  </cep>
  <cep>
    <cep>57600-230</cep>
    <logradouro>Rua José de Freitas Silva</logradouro>
    <complemento/>
    <unidade/>
    <bairro>Centro</bairro>
    <localidade>Palmeira dos Índios</localidade>
    <uf>AL</uf>
    <estado>Alagoas</estado>
    <região/>
    <ibge>2706307</ibge>
    <gia/>
    <ddd>82</ddd>
    <siafi>2825</siafi>
  </cep>
  <cep>
    <cep>57600-270</cep>
    <logradouro>Rua João XXIII</logradouro>
    <complemento/>
    <unidade/>
    <bairro>Centro</bairro>
    <localidade>Palmeira dos Índios</localidade>
    <uf>AL</uf>
    <estado>Alagoas</estado>
    <região/>
    <ibge>2706307</ibge>
    <gia/>
    <ddd>82</ddd>
    <siafi>2825</siafi>
  </cep>
  <cep>
    <cep>57600-380</cep>
    <logradouro>3ª Travessa Antônio Matias</logradouro>
    <complemento/>
    <unidade/>
    <bairro>Centro</bairro>
    <localidade>Palmeira dos Índios</localidade>
    <uf>AL</uf>
    <estado>Alagoas</estado>
    <região/>
    <ibge>2706307</ibge>
    <gia/>
    <ddd>82</ddd>
    <siafi>2825</siafi>
  </cep>
  <cep>
    <cep>57600-370</cep>
    <logradouro>2ª Travessa Antônio Matias</logradouro>
    <complemento/>
    <unidade/>
    <bairro>Centro</bairro>
    <localidade>Palmeira dos Índios</localidade>
    <uf>AL</uf>
    <estado>Alagoas</estado>
    <região/>
    <ibge>2706307</ibge>
    <gia/>
    <ddd>82</ddd>
    <siafi>2825</siafi>
  </cep>
  <cep>
    <cep>57600-410</cep>
    <logradouro>Praça Moreno Brandão</logradouro>
    <complemento/>
    <unidade/>
    <bairro>Centro</bairro>
    <localidade>Palmeira dos Índios</localidade>
    <uf>AL</uf>
    <estado>Alagoas</estado>
    <região/>
    <ibge>2706307</ibge>
    <gia/>
    <ddd>82</ddd>
    <siafi>2825</siafi>
  </cep>
  <cep>
    <cep>57600-420</cep>
    <logradouro>Rua Bráulio Cavalcante</logradouro>
    <complemento/>
    <unidade/>
    <bairro>Centro</bairro>
    <localidade>Palmeira dos Índios</localidade>
    <uf>AL</uf>
    <estado>Alagoas</estado>
    <região/>
    <ibge>2706307</ibge>
    <gia/>
    <ddd>82</ddd>
    <siafi>2825</siafi>
  </cep>
  <cep>
    <cep>57600-430</cep>
    <logradouro>Rua Antônio Capitulino Vasconcelos</logradouro>
    <complemento/>
    <unidade/>
    <bairro>Centro</bairro>
    <localidade>Palmeira dos Índios</localidade>
    <uf>AL</uf>
    <estado>Alagoas</estado>
    <região/>
    <ibge>2706307</ibge>
    <gia/>
    <ddd>82</ddd>
    <siafi>2825</siafi>
  </cep>
  <cep>
    <cep>57600-440</cep>
    <logradouro>Rua José Mendes Ferreira</logradouro>
    <complemento>lado par</complemento>
    <unidade/>
    <bairro>Centro</bairro>
    <localidade>Palmeira dos Índios</localidade>
    <uf>AL</uf>
    <estado>Alagoas</estado>
    <região/>
    <ibge>2706307</ibge>
    <gia/>
    <ddd>82</ddd>
    <siafi>2825</siafi>
  </cep>
  <cep>
    <cep>57600-450</cep>
    <logradouro>Travessa José Dias de Oliveira</logradouro>
    <complemento/>
    <unidade/>
    <bairro>Centro</bairro>
    <localidade>Palmeira dos Índios</localidade>
    <uf>AL</uf>
    <estado>Alagoas</estado>
    <região/>
    <ibge>2706307</ibge>
    <gia/>
    <ddd>82</ddd>
    <siafi>2825</siafi>
  </cep>
  <cep>
    <cep>57600-470</cep>
    <logradouro>Praça do Rosário</logradouro>
    <complemento/>
    <unidade/>
    <bairro>Centro</bairro>
    <localidade>Palmeira dos Índios</localidade>
    <uf>AL</uf>
    <estado>Alagoas</estado>
    <região/>
    <ibge>2706307</ibge>
    <gia/>
    <ddd>82</ddd>
    <siafi>2825</siafi>
  </cep>
  <cep>
    <cep>57600-550</cep>
    <logradouro>Rua Pio XII</logradouro>
    <complemento/>
    <unidade/>
    <bairro>Alto do Cruzeiro</bairro>
    <localidade>Palmeira dos Índios</localidade>
    <uf>AL</uf>
    <estado>Alagoas</estado>
    <região/>
    <ibge>2706307</ibge>
    <gia/>
    <ddd>82</ddd>
    <siafi>2825</siafi>
  </cep>
  <cep>
    <cep>57600-460</cep>
    <logradouro>Rua Chico Nunes</logradouro>
    <complemento/>
    <unidade/>
    <bairro>Centro</bairro>
    <localidade>Palmeira dos Índios</localidade>
    <uf>AL</uf>
    <estado>Alagoas</estado>
    <região/>
    <ibge>2706307</ibge>
    <gia/>
    <ddd>82</ddd>
    <siafi>2825</siafi>
  </cep>
  <cep>
    <cep>57600-480</cep>
    <logradouro>Praça Monsenhor Macêdo</logradouro>
    <complemento/>
    <unidade/>
    <bairro>Centro</bairro>
    <localidade>Palmeira dos Índios</localidade>
    <uf>AL</uf>
    <estado>Alagoas</estado>
    <região/>
    <ibge>2706307</ibge>
    <gia/>
    <ddd>82</ddd>
    <siafi>2825</siafi>
  </cep>
  <cep>
    <cep>57600-555</cep>
    <logradouro>1ª Travessa Pio XII</logradouro>
    <complemento/>
    <unidade/>
    <bairro>Alto do Cruzeiro</bairro>
    <localidade>Palmeira dos Índios</localidade>
    <uf>AL</uf>
    <estado>Alagoas</estado>
    <região/>
    <ibge>2706307</ibge>
    <gia/>
    <ddd>82</ddd>
    <siafi>2825</siafi>
  </cep>
  <cep>
    <cep>57600-560</cep>
    <logradouro>2ª Travessa Pio XII</logradouro>
    <complemento/>
    <unidade/>
    <bairro>Alto do Cruzeiro</bairro>
    <localidade>Palmeira dos Índios</localidade>
    <uf>AL</uf>
    <estado>Alagoas</estado>
    <região/>
    <ibge>2706307</ibge>
    <gia/>
    <ddd>82</ddd>
    <siafi>2825</siafi>
  </cep>
  <cep>
    <cep>57600-570</cep>
    <logradouro>Rua Professor Guedes de Miranda</logradouro>
    <complemento>lado par</complemento>
    <unidade/>
    <bairro>Alto do Cruzeiro</bairro>
    <localidade>Palmeira dos Índios</localidade>
    <uf>AL</uf>
    <estado>Alagoas</estado>
    <região/>
    <ibge>2706307</ibge>
    <gia/>
    <ddd>82</ddd>
    <siafi>2825</siafi>
  </cep>
  <cep>
    <cep>57600-580</cep>
    <logradouro>Travessa Zeca Paulo</logradouro>
    <complemento/>
    <unidade/>
    <bairro>Alto do Cruzeiro</bairro>
    <localidade>Palmeira dos Índios</localidade>
    <uf>AL</uf>
    <estado>Alagoas</estado>
    <região/>
    <ibge>2706307</ibge>
    <gia/>
    <ddd>82</ddd>
    <siafi>2825</siafi>
  </cep>
  <cep>
    <cep>57600-575</cep>
    <logradouro>Travessa Professor Guedes de Miranda</logradouro>
    <complemento/>
    <unidade/>
    <bairro>Alto do Cruzeiro</bairro>
    <localidade>Palmeira dos Índios</localidade>
    <uf>AL</uf>
    <estado>Alagoas</estado>
    <região/>
    <ibge>2706307</ibge>
    <gia/>
    <ddd>82</ddd>
    <siafi>2825</siafi>
  </cep>
  <cep>
    <cep>57600-590</cep>
    <logradouro>Rua Dom Bôsco</logradouro>
    <complemento/>
    <unidade/>
    <bairro>Alto do Cruzeiro</bairro>
    <localidade>Palmeira dos Índios</localidade>
    <uf>AL</uf>
    <estado>Alagoas</estado>
    <região/>
    <ibge>2706307</ibge>
    <gia/>
    <ddd>82</ddd>
    <siafi>2825</siafi>
  </cep>
  <cep>
    <cep>57600-595</cep>
    <logradouro>Travessa Dom Bôsco</logradouro>
    <complemento/>
    <unidade/>
    <bairro>Alto do Cruzeiro</bairro>
    <localidade>Palmeira dos Índios</localidade>
    <uf>AL</uf>
    <estado>Alagoas</estado>
    <região/>
    <ibge>2706307</ibge>
    <gia/>
    <ddd>82</ddd>
    <siafi>2825</siafi>
  </cep>
  <cep>
    <cep>57600-610</cep>
    <logradouro>Rua São Sebastião</logradouro>
    <complemento/>
    <unidade/>
    <bairro>Alto do Cruzeiro</bairro>
    <localidade>Palmeira dos Índios</localidade>
    <uf>AL</uf>
    <estado>Alagoas</estado>
    <região/>
    <ibge>2706307</ibge>
    <gia/>
    <ddd>82</ddd>
    <siafi>2825</siafi>
  </cep>
  <cep>
    <cep>57600-620</cep>
    <logradouro>Rua Santo Antônio</logradouro>
    <complemento/>
    <unidade/>
    <bairro>Alto do Cruzeiro</bairro>
    <localidade>Palmeira dos Índios</localidade>
    <uf>AL</uf>
    <estado>Alagoas</estado>
    <região/>
    <ibge>2706307</ibge>
    <gia/>
    <ddd>82</ddd>
    <siafi>2825</siafi>
  </cep>
  <cep>
    <cep>57600-600</cep>
    <logradouro>Rua São Geraldo</logradouro>
    <complemento/>
    <unidade/>
    <bairro>Alto do Cruzeiro</bairro>
    <localidade>Palmeira dos Índios</localidade>
    <uf>AL</uf>
    <estado>Alagoas</estado>
    <região/>
    <ibge>2706307</ibge>
    <gia/>
    <ddd>82</ddd>
    <siafi>2825</siafi>
  </cep>
  <cep>
    <cep>57600-630</cep>
    <logradouro>Rua Santa Isabel</logradouro>
    <complemento/>
    <unidade/>
    <bairro>Alto do Cruzeiro</bairro>
    <localidade>Palmeira dos Índios</localidade>
    <uf>AL</uf>
    <estado>Alagoas</estado>
    <região/>
    <ibge>2706307</ibge>
    <gia/>
    <ddd>82</ddd>
    <siafi>2825</siafi>
  </cep>
  <cep>
    <cep>57600-640</cep>
    <logradouro>Rua Vereador Emídio Tenório</logradouro>
    <complemento/>
    <unidade/>
    <bairro>Alto do Cruzeiro</bairro>
    <localidade>Palmeira dos Índios</localidade>
    <uf>AL</uf>
    <estado>Alagoas</estado>
    <região/>
    <ibge>2706307</ibge>
    <gia/>
    <ddd>82</ddd>
    <siafi>2825</siafi>
  </cep>
  <cep>
    <cep>57600-645</cep>
    <logradouro>Travessa Boa Vista</logradouro>
    <complemento/>
    <unidade/>
    <bairro>Alto do Cruzeiro</bairro>
    <localidade>Palmeira dos Índios</localidade>
    <uf>AL</uf>
    <estado>Alagoas</estado>
    <região/>
    <ibge>2706307</ibge>
    <gia/>
    <ddd>82</ddd>
    <siafi>2825</siafi>
  </cep>
  <cep>
    <cep>57600-650</cep>
    <logradouro>Rua Idalino Araújo</logradouro>
    <complemento>lado par</complemento>
    <unidade/>
    <bairro>Alto do Cruzeiro</bairro>
    <localidade>Palmeira dos Índios</localidade>
    <uf>AL</uf>
    <estado>Alagoas</estado>
    <região/>
    <ibge>2706307</ibge>
    <gia/>
    <ddd>82</ddd>
    <siafi>2825</siafi>
  </cep>
  <cep>
    <cep>57600-660</cep>
    <logradouro>Rua Dezesseis de Setembro</logradouro>
    <complemento/>
    <unidade/>
    <bairro>Alto do Cruzeiro</bairro>
    <localidade>Palmeira dos Índios</localidade>
    <uf>AL</uf>
    <estado>Alagoas</estado>
    <região/>
    <ibge>2706307</ibge>
    <gia/>
    <ddd>82</ddd>
    <siafi>2825</siafi>
  </cep>
  <cep>
    <cep>57600-680</cep>
    <logradouro>Rua Dez de Abril</logradouro>
    <complemento/>
    <unidade/>
    <bairro>Alto do Cruzeiro</bairro>
    <localidade>Palmeira dos Índios</localidade>
    <uf>AL</uf>
    <estado>Alagoas</estado>
    <região/>
    <ibge>2706307</ibge>
    <gia/>
    <ddd>82</ddd>
    <siafi>2825</siafi>
  </cep>
  <cep>
    <cep>57600-688</cep>
    <logradouro>Rua Santos Dumont</logradouro>
    <complemento/>
    <unidade/>
    <bairro>Alto do Cruzeiro</bairro>
    <localidade>Palmeira dos Índios</localidade>
    <uf>AL</uf>
    <estado>Alagoas</estado>
    <região/>
    <ibge>2706307</ibge>
    <gia/>
    <ddd>82</ddd>
    <siafi>2825</siafi>
  </cep>
  <cep>
    <cep>57600-690</cep>
    <logradouro>Rua Solidão</logradouro>
    <complemento/>
    <unidade/>
    <bairro>Alto do Cruzeiro</bairro>
    <localidade>Palmeira dos Índios</localidade>
    <uf>AL</uf>
    <estado>Alagoas</estado>
    <região/>
    <ibge>2706307</ibge>
    <gia/>
    <ddd>82</ddd>
    <siafi>2825</siafi>
  </cep>
  <cep>
    <cep>57600-700</cep>
    <logradouro>Rua José Caetano de Morais</logradouro>
    <complemento/>
    <unidade/>
    <bairro>Alto do Cruzeiro</bairro>
    <localidade>Palmeira dos Índios</localidade>
    <uf>AL</uf>
    <estado>Alagoas</estado>
    <região/>
    <ibge>2706307</ibge>
    <gia/>
    <ddd>82</ddd>
    <siafi>2825</siafi>
  </cep>
  <cep>
    <cep>57600-703</cep>
    <logradouro>3ª Travessa José Caetano de Moraes</logradouro>
    <complemento/>
    <unidade/>
    <bairro>Alto do Cruzeiro</bairro>
    <localidade>Palmeira dos Índios</localidade>
    <uf>AL</uf>
    <estado>Alagoas</estado>
    <região/>
    <ibge>2706307</ibge>
    <gia/>
    <ddd>82</ddd>
    <siafi>2825</siafi>
  </cep>
  <cep>
    <cep>57600-704</cep>
    <logradouro>2ª Travessa José Caetano de Moraes</logradouro>
    <complemento/>
    <unidade/>
    <bairro>Alto do Cruzeiro</bairro>
    <localidade>Palmeira dos Índios</localidade>
    <uf>AL</uf>
    <estado>Alagoas</estado>
    <região/>
    <ibge>2706307</ibge>
    <gia/>
    <ddd>82</ddd>
    <siafi>2825</siafi>
  </cep>
  <cep>
    <cep>57600-705</cep>
    <logradouro>Travessa José Caetano de Morais</logradouro>
    <complemento/>
    <unidade/>
    <bairro>Alto do Cruzeiro</bairro>
    <localidade>Palmeira dos Índios</localidade>
    <uf>AL</uf>
    <estado>Alagoas</estado>
    <região/>
    <ibge>2706307</ibge>
    <gia/>
    <ddd>82</ddd>
    <siafi>2825</siafi>
  </cep>
  <cep>
    <cep>57600-716</cep>
    <logradouro>2ª Travessa São Miguel</logradouro>
    <complemento/>
    <unidade/>
    <bairro>Alto do Cruzeiro</bairro>
    <localidade>Palmeira dos Índios</localidade>
    <uf>AL</uf>
    <estado>Alagoas</estado>
    <região/>
    <ibge>2706307</ibge>
    <gia/>
    <ddd>82</ddd>
    <siafi>2825</siafi>
  </cep>
  <cep>
    <cep>57600-720</cep>
    <logradouro>Rua Vereador Mário Leite</logradouro>
    <complemento/>
    <unidade/>
    <bairro>Alto do Cruzeiro</bairro>
    <localidade>Palmeira dos Índios</localidade>
    <uf>AL</uf>
    <estado>Alagoas</estado>
    <região/>
    <ibge>2706307</ibge>
    <gia/>
    <ddd>82</ddd>
    <siafi>2825</siafi>
  </cep>
  <cep>
    <cep>57600-725</cep>
    <logradouro>Rua Camara Junior</logradouro>
    <complemento/>
    <unidade/>
    <bairro>Alto do Cruzeiro</bairro>
    <localidade>Palmeira dos Índios</localidade>
    <uf>AL</uf>
    <estado>Alagoas</estado>
    <região/>
    <ibge>2706307</ibge>
    <gia/>
    <ddd>82</ddd>
    <siafi>2825</siafi>
  </cep>
  <cep>
    <cep>57600-710</cep>
    <logradouro>Rua São Miguel</logradouro>
    <complemento/>
    <unidade/>
    <bairro>Alto do Cruzeiro</bairro>
    <localidade>Palmeira dos Índios</localidade>
    <uf>AL</uf>
    <estado>Alagoas</estado>
    <região/>
    <ibge>2706307</ibge>
    <gia/>
    <ddd>82</ddd>
    <siafi>2825</siafi>
  </cep>
  <cep>
    <cep>57600-715</cep>
    <logradouro>1ª Travessa São Miguel</logradouro>
    <complemento/>
    <unidade/>
    <bairro>Alto do Cruzeiro</bairro>
    <localidade>Palmeira dos Índios</localidade>
    <uf>AL</uf>
    <estado>Alagoas</estado>
    <região/>
    <ibge>2706307</ibge>
    <gia/>
    <ddd>82</ddd>
    <siafi>2825</siafi>
  </cep>
  <cep>
    <cep>57600-730</cep>
    <logradouro>Rua Monte Bela Vista</logradouro>
    <complemento/>
    <unidade/>
    <bairro>Alto do Cruzeiro</bairro>
    <localidade>Palmeira dos Índios</localidade>
    <uf>AL</uf>
    <estado>Alagoas</estado>
    <região/>
    <ibge>2706307</ibge>
    <gia/>
    <ddd>82</ddd>
    <siafi>2825</siafi>
  </cep>
  <cep>
    <cep>57600-800</cep>
    <logradouro>Rua Gabino Besouro</logradouro>
    <complemento/>
    <unidade/>
    <bairro>Tenório Cavalcante</bairro>
    <localidade>Palmeira dos Índios</localidade>
    <uf>AL</uf>
    <estado>Alagoas</estado>
    <região/>
    <ibge>2706307</ibge>
    <gia/>
    <ddd>82</ddd>
    <siafi>2825</siafi>
  </cep>
  <cep>
    <cep>57600-806</cep>
    <logradouro>Rua Manoel Gomes da Silva</logradouro>
    <complemento>lado par</complemento>
    <unidade/>
    <bairro>Tenório Cavalcante</bairro>
    <localidade>Palmeira dos Índios</localidade>
    <uf>AL</uf>
    <estado>Alagoas</estado>
    <região/>
    <ibge>2706307</ibge>
    <gia/>
    <ddd>82</ddd>
    <siafi>2825</siafi>
  </cep>
  <cep>
    <cep>57600-810</cep>
    <logradouro>Rua Dom Armando Lombardi</logradouro>
    <complemento>lado ímpar</complemento>
    <unidade/>
    <bairro>Tenório Cavalcante</bairro>
    <localidade>Palmeira dos Índios</localidade>
    <uf>AL</uf>
    <estado>Alagoas</estado>
    <região/>
    <ibge>2706307</ibge>
    <gia/>
    <ddd>82</ddd>
    <siafi>2825</siafi>
  </cep>
  <cep>
    <cep>57600-840</cep>
    <logradouro>Rua Vicente e Zenaide Marques</logradouro>
    <complemento/>
    <unidade/>
    <bairro>Tenório Cavalcante</bairro>
    <localidade>Palmeira dos Índios</localidade>
    <uf>AL</uf>
    <estado>Alagoas</estado>
    <região/>
    <ibge>2706307</ibge>
    <gia/>
    <ddd>82</ddd>
    <siafi>2825</siafi>
  </cep>
  <cep>
    <cep>57600-830</cep>
    <logradouro>Rua Coronel Antônio Pantaleão</logradouro>
    <complemento/>
    <unidade/>
    <bairro>Tenório Cavalcante</bairro>
    <localidade>Palmeira dos Índios</localidade>
    <uf>AL</uf>
    <estado>Alagoas</estado>
    <região/>
    <ibge>2706307</ibge>
    <gia/>
    <ddd>82</ddd>
    <siafi>2825</siafi>
  </cep>
  <cep>
    <cep>57601-010</cep>
    <logradouro>Rua Pedro Soares da Mota</logradouro>
    <complemento>lado ímpar</complemento>
    <unidade/>
    <bairro>São Cristóvão</bairro>
    <localidade>Palmeira dos Índios</localidade>
    <uf>AL</uf>
    <estado>Alagoas</estado>
    <região/>
    <ibge>2706307</ibge>
    <gia/>
    <ddd>82</ddd>
    <siafi>2825</siafi>
  </cep>
  <cep>
    <cep>57601-040</cep>
    <logradouro>Vila Rejane</logradouro>
    <complemento/>
    <unidade/>
    <bairro>São Cristóvão</bairro>
    <localidade>Palmeira dos Índios</localidade>
    <uf>AL</uf>
    <estado>Alagoas</estado>
    <região/>
    <ibge>2706307</ibge>
    <gia/>
    <ddd>82</ddd>
    <siafi>2825</siafi>
  </cep>
  <cep>
    <cep>57600-970</cep>
    <logradouro>Rua Duque de Caxias</logradouro>
    <complemento>181</complemento>
    <unidade>AC Palmeira dos Índios</unidade>
    <bairro>Centro</bairro>
    <localidade>Palmeira dos Índios</localidade>
    <uf>AL</uf>
    <estado>Alagoas</estado>
    <região/>
    <ibge>2706307</ibge>
    <gia/>
    <ddd>82</ddd>
    <siafi>2825</siafi>
  </cep>
  <cep>
    <cep>57600-820</cep>
    <logradouro>Rua Doutor Fernandes de Barros</logradouro>
    <complemento/>
    <unidade/>
    <bairro>Tenório Cavalcante</bairro>
    <localidade>Palmeira dos Índios</localidade>
    <uf>AL</uf>
    <estado>Alagoas</estado>
    <região/>
    <ibge>2706307</ibge>
    <gia/>
    <ddd>82</ddd>
    <siafi>2825</siafi>
  </cep>
  <cep>
    <cep>57601-070</cep>
    <logradouro>Rua Mariano de Freitas</logradouro>
    <complemento>lado par</complemento>
    <unidade/>
    <bairro>São Cristóvão</bairro>
    <localidade>Palmeira dos Índios</localidade>
    <uf>AL</uf>
    <estado>Alagoas</estado>
    <região/>
    <ibge>2706307</ibge>
    <gia/>
    <ddd>82</ddd>
    <siafi>2825</siafi>
  </cep>
  <cep>
    <cep>57601-080</cep>
    <logradouro>Rua Pedro Barbosa</logradouro>
    <complemento/>
    <unidade/>
    <bairro>São Cristóvão</bairro>
    <localidade>Palmeira dos Índios</localidade>
    <uf>AL</uf>
    <estado>Alagoas</estado>
    <região/>
    <ibge>2706307</ibge>
    <gia/>
    <ddd>82</ddd>
    <siafi>2825</siafi>
  </cep>
  <cep>
    <cep>57601-090</cep>
    <logradouro>Rua Quinze de Novembro</logradouro>
    <complemento/>
    <unidade/>
    <bairro>São Cristóvão</bairro>
    <localidade>Palmeira dos Índios</localidade>
    <uf>AL</uf>
    <estado>Alagoas</estado>
    <região/>
    <ibge>2706307</ibge>
    <gia/>
    <ddd>82</ddd>
    <siafi>2825</siafi>
  </cep>
  <cep>
    <cep>57601-120</cep>
    <logradouro>Largo São Cristovão</logradouro>
    <complemento/>
    <unidade/>
    <bairro>São Cristóvão</bairro>
    <localidade>Palmeira dos Índios</localidade>
    <uf>AL</uf>
    <estado>Alagoas</estado>
    <região/>
    <ibge>2706307</ibge>
    <gia/>
    <ddd>82</ddd>
    <siafi>2825</siafi>
  </cep>
  <cep>
    <cep>57601-030</cep>
    <logradouro>Rua Luiza Tereza da Conceição</logradouro>
    <complemento/>
    <unidade/>
    <bairro>São Cristóvão</bairro>
    <localidade>Palmeira dos Índios</localidade>
    <uf>AL</uf>
    <estado>Alagoas</estado>
    <região/>
    <ibge>2706307</ibge>
    <gia/>
    <ddd>82</ddd>
    <siafi>2825</siafi>
  </cep>
  <cep>
    <cep>57601-100</cep>
    <logradouro>Avenida Vieira de Brito</logradouro>
    <complemento>até 978/979</complemento>
    <unidade/>
    <bairro>São Cristóvão</bairro>
    <localidade>Palmeira dos Índios</localidade>
    <uf>AL</uf>
    <estado>Alagoas</estado>
    <região/>
    <ibge>2706307</ibge>
    <gia/>
    <ddd>82</ddd>
    <siafi>2825</siafi>
  </cep>
  <cep>
    <cep>57601-020</cep>
    <logradouro>Rua Antônio Ribeiro</logradouro>
    <complemento/>
    <unidade/>
    <bairro>São Cristóvão</bairro>
    <localidade>Palmeira dos Índios</localidade>
    <uf>AL</uf>
    <estado>Alagoas</estado>
    <região/>
    <ibge>2706307</ibge>
    <gia/>
    <ddd>82</ddd>
    <siafi>2825</siafi>
  </cep>
  <cep>
    <cep>57601-050</cep>
    <logradouro>Vila Nossa Senhora de Lourdes</logradouro>
    <complemento/>
    <unidade/>
    <bairro>São Cristóvão</bairro>
    <localidade>Palmeira dos Índios</localidade>
    <uf>AL</uf>
    <estado>Alagoas</estado>
    <região/>
    <ibge>2706307</ibge>
    <gia/>
    <ddd>82</ddd>
    <siafi>2825</siafi>
  </cep>
  <cep>
    <cep>57601-060</cep>
    <logradouro>Vila do Ferreira</logradouro>
    <complemento/>
    <unidade/>
    <bairro>São Cristóvão</bairro>
    <localidade>Palmeira dos Índios</localidade>
    <uf>AL</uf>
    <estado>Alagoas</estado>
    <região/>
    <ibge>2706307</ibge>
    <gia/>
    <ddd>82</ddd>
    <siafi>2825</siafi>
  </cep>
  <cep>
    <cep>57601-140</cep>
    <logradouro>Avenida Sete de Setembro</logradouro>
    <complemento/>
    <unidade/>
    <bairro>São Cristóvão</bairro>
    <localidade>Palmeira dos Índios</localidade>
    <uf>AL</uf>
    <estado>Alagoas</estado>
    <região/>
    <ibge>2706307</ibge>
    <gia/>
    <ddd>82</ddd>
    <siafi>2825</siafi>
  </cep>
  <cep>
    <cep>57601-160</cep>
    <logradouro>Rua Manoel Augusto dos Santos</logradouro>
    <complemento/>
    <unidade/>
    <bairro>São Cristóvão</bairro>
    <localidade>Palmeira dos Índios</localidade>
    <uf>AL</uf>
    <estado>Alagoas</estado>
    <região/>
    <ibge>2706307</ibge>
    <gia/>
    <ddd>82</ddd>
    <siafi>2825</siafi>
  </cep>
  <cep>
    <cep>57601-175</cep>
    <logradouro>Rua Vinte e Sete de Julho</logradouro>
    <complemento/>
    <unidade/>
    <bairro>São Cristóvão</bairro>
    <localidade>Palmeira dos Índios</localidade>
    <uf>AL</uf>
    <estado>Alagoas</estado>
    <região/>
    <ibge>2706307</ibge>
    <gia/>
    <ddd>82</ddd>
    <siafi>2825</siafi>
  </cep>
  <cep>
    <cep>57601-190</cep>
    <logradouro>Rua Ary Alves dos Santos</logradouro>
    <complemento/>
    <unidade/>
    <bairro>São Cristóvão</bairro>
    <localidade>Palmeira dos Índios</localidade>
    <uf>AL</uf>
    <estado>Alagoas</estado>
    <região/>
    <ibge>2706307</ibge>
    <gia/>
    <ddd>82</ddd>
    <siafi>2825</siafi>
  </cep>
  <cep>
    <cep>57601-150</cep>
    <logradouro>Rua Vinte de Agosto</logradouro>
    <complemento/>
    <unidade/>
    <bairro>São Cristóvão</bairro>
    <localidade>Palmeira dos Índios</localidade>
    <uf>AL</uf>
    <estado>Alagoas</estado>
    <região/>
    <ibge>2706307</ibge>
    <gia/>
    <ddd>82</ddd>
    <siafi>2825</siafi>
  </cep>
  <cep>
    <cep>57601-200</cep>
    <logradouro>Rua Sebastião Ramos</logradouro>
    <complemento>lado par</complemento>
    <unidade/>
    <bairro>São Cristóvão</bairro>
    <localidade>Palmeira dos Índios</localidade>
    <uf>AL</uf>
    <estado>Alagoas</estado>
    <região/>
    <ibge>2706307</ibge>
    <gia/>
    <ddd>82</ddd>
    <siafi>2825</siafi>
  </cep>
  <cep>
    <cep>57601-170</cep>
    <logradouro>Rua Prefeito José Araújo</logradouro>
    <complemento/>
    <unidade/>
    <bairro>São Cristóvão</bairro>
    <localidade>Palmeira dos Índios</localidade>
    <uf>AL</uf>
    <estado>Alagoas</estado>
    <região/>
    <ibge>2706307</ibge>
    <gia/>
    <ddd>82</ddd>
    <siafi>2825</siafi>
  </cep>
  <cep>
    <cep>57601-180</cep>
    <logradouro>Rua José Tavares Rocha</logradouro>
    <complemento/>
    <unidade/>
    <bairro>São Cristóvão</bairro>
    <localidade>Palmeira dos Índios</localidade>
    <uf>AL</uf>
    <estado>Alagoas</estado>
    <região/>
    <ibge>2706307</ibge>
    <gia/>
    <ddd>82</ddd>
    <siafi>2825</siafi>
  </cep>
  <cep>
    <cep>57601-220</cep>
    <logradouro>Avenida Alagoas</logradouro>
    <complemento>até 109/110</complemento>
    <unidade/>
    <bairro>São Cristóvão</bairro>
    <localidade>Palmeira dos Índios</localidade>
    <uf>AL</uf>
    <estado>Alagoas</estado>
    <região/>
    <ibge>2706307</ibge>
    <gia/>
    <ddd>82</ddd>
    <siafi>2825</siafi>
  </cep>
  <cep>
    <cep>57601-185</cep>
    <logradouro>Praça Doutor José Valdomiro Mota</logradouro>
    <complemento/>
    <unidade/>
    <bairro>São Cristóvão</bairro>
    <localidade>Palmeira dos Índios</localidade>
    <uf>AL</uf>
    <estado>Alagoas</estado>
    <região/>
    <ibge>2706307</ibge>
    <gia/>
    <ddd>82</ddd>
    <siafi>2825</siafi>
  </cep>
  <cep>
    <cep>57601-250</cep>
    <logradouro>Rua Getúlio Vargas</logradouro>
    <complemento/>
    <unidade/>
    <bairro>São Cristóvão</bairro>
    <localidade>Palmeira dos Índios</localidade>
    <uf>AL</uf>
    <estado>Alagoas</estado>
    <região/>
    <ibge>2706307</ibge>
    <gia/>
    <ddd>82</ddd>
    <siafi>2825</siafi>
  </cep>
  <cep>
    <cep>57601-240</cep>
    <logradouro>Rua José Joaquim de Oliveira</logradouro>
    <complemento/>
    <unidade/>
    <bairro>São Cristóvão</bairro>
    <localidade>Palmeira dos Índios</localidade>
    <uf>AL</uf>
    <estado>Alagoas</estado>
    <região/>
    <ibge>2706307</ibge>
    <gia/>
    <ddd>82</ddd>
    <siafi>2825</siafi>
  </cep>
  <cep>
    <cep>57601-275</cep>
    <logradouro>Travessa Fiscal José Passos</logradouro>
    <complemento/>
    <unidade/>
    <bairro>São Cristóvão</bairro>
    <localidade>Palmeira dos Índios</localidade>
    <uf>AL</uf>
    <estado>Alagoas</estado>
    <região/>
    <ibge>2706307</ibge>
    <gia/>
    <ddd>82</ddd>
    <siafi>2825</siafi>
  </cep>
  <cep>
    <cep>57601-210</cep>
    <logradouro>Rua Estudante Márcio Emmanoel Gomes da Silva</logradouro>
    <complemento/>
    <unidade/>
    <bairro>São Cristóvão</bairro>
    <localidade>Palmeira dos Índios</localidade>
    <uf>AL</uf>
    <estado>Alagoas</estado>
    <região/>
    <ibge>2706307</ibge>
    <gia/>
    <ddd>82</ddd>
    <siafi>2825</siafi>
  </cep>
  <cep>
    <cep>57601-260</cep>
    <logradouro>Rua José Miguel Pereira</logradouro>
    <complemento/>
    <unidade/>
    <bairro>São Cristóvão</bairro>
    <localidade>Palmeira dos Índios</localidade>
    <uf>AL</uf>
    <estado>Alagoas</estado>
    <região/>
    <ibge>2706307</ibge>
    <gia/>
    <ddd>82</ddd>
    <siafi>2825</siafi>
  </cep>
  <cep>
    <cep>57601-280</cep>
    <logradouro>Avenida Holanda</logradouro>
    <complemento/>
    <unidade/>
    <bairro>São Cristóvão</bairro>
    <localidade>Palmeira dos Índios</localidade>
    <uf>AL</uf>
    <estado>Alagoas</estado>
    <região/>
    <ibge>2706307</ibge>
    <gia/>
    <ddd>82</ddd>
    <siafi>2825</siafi>
  </cep>
  <cep>
    <cep>57601-290</cep>
    <logradouro>Rua Neco Barbosa</logradouro>
    <complemento/>
    <unidade/>
    <bairro>São Cristóvão</bairro>
    <localidade>Palmeira dos Índios</localidade>
    <uf>AL</uf>
    <estado>Alagoas</estado>
    <região/>
    <ibge>2706307</ibge>
    <gia/>
    <ddd>82</ddd>
    <siafi>2825</siafi>
  </cep>
  <cep>
    <cep>57601-300</cep>
    <logradouro>Avenida Hércilio Barros Duarte</logradouro>
    <complemento/>
    <unidade/>
    <bairro>São Cristóvão</bairro>
    <localidade>Palmeira dos Índios</localidade>
    <uf>AL</uf>
    <estado>Alagoas</estado>
    <região/>
    <ibge>2706307</ibge>
    <gia/>
    <ddd>82</ddd>
    <siafi>2825</siafi>
  </cep>
  <cep>
    <cep>57601-310</cep>
    <logradouro>Rua Cacique Francelino</logradouro>
    <complemento/>
    <unidade/>
    <bairro>São Cristóvão</bairro>
    <localidade>Palmeira dos Índios</localidade>
    <uf>AL</uf>
    <estado>Alagoas</estado>
    <região/>
    <ibge>2706307</ibge>
    <gia/>
    <ddd>82</ddd>
    <siafi>2825</siafi>
  </cep>
  <cep>
    <cep>57601-315</cep>
    <logradouro>Travessa Manoel Rodrigues de Queiroz</logradouro>
    <complemento/>
    <unidade/>
    <bairro>São Cristóvão</bairro>
    <localidade>Palmeira dos Índios</localidade>
    <uf>AL</uf>
    <estado>Alagoas</estado>
    <região/>
    <ibge>2706307</ibge>
    <gia/>
    <ddd>82</ddd>
    <siafi>2825</siafi>
  </cep>
  <cep>
    <cep>57601-320</cep>
    <logradouro>Rua Prefeito Minervo Fernando Pimentel</logradouro>
    <complemento/>
    <unidade/>
    <bairro>São Cristóvão</bairro>
    <localidade>Palmeira dos Índios</localidade>
    <uf>AL</uf>
    <estado>Alagoas</estado>
    <região/>
    <ibge>2706307</ibge>
    <gia/>
    <ddd>82</ddd>
    <siafi>2825</siafi>
  </cep>
  <cep>
    <cep>57601-326</cep>
    <logradouro>Rua Vera Cruz</logradouro>
    <complemento/>
    <unidade/>
    <bairro>São Cristóvão</bairro>
    <localidade>Palmeira dos Índios</localidade>
    <uf>AL</uf>
    <estado>Alagoas</estado>
    <região/>
    <ibge>2706307</ibge>
    <gia/>
    <ddd>82</ddd>
    <siafi>2825</siafi>
  </cep>
  <cep>
    <cep>57601-324</cep>
    <logradouro>Rua Antônio Vieira Peixoto</logradouro>
    <complemento/>
    <unidade/>
    <bairro>São Cristóvão</bairro>
    <localidade>Palmeira dos Índios</localidade>
    <uf>AL</uf>
    <estado>Alagoas</estado>
    <região/>
    <ibge>2706307</ibge>
    <gia/>
    <ddd>82</ddd>
    <siafi>2825</siafi>
  </cep>
  <cep>
    <cep>57601-322</cep>
    <logradouro>Rua Tabelião Luiz Vieira de Barros</logradouro>
    <complemento/>
    <unidade/>
    <bairro>São Cristóvão</bairro>
    <localidade>Palmeira dos Índios</localidade>
    <uf>AL</uf>
    <estado>Alagoas</estado>
    <região/>
    <ibge>2706307</ibge>
    <gia/>
    <ddd>82</ddd>
    <siafi>2825</siafi>
  </cep>
  <cep>
    <cep>57601-332</cep>
    <logradouro>Rua José Elias Neves</logradouro>
    <complemento/>
    <unidade/>
    <bairro>São Cristóvão</bairro>
    <localidade>Palmeira dos Índios</localidade>
    <uf>AL</uf>
    <estado>Alagoas</estado>
    <região/>
    <ibge>2706307</ibge>
    <gia/>
    <ddd>82</ddd>
    <siafi>2825</siafi>
  </cep>
  <cep>
    <cep>57601-334</cep>
    <logradouro>Rua Aristido Roque</logradouro>
    <complemento/>
    <unidade/>
    <bairro>São Cristóvão</bairro>
    <localidade>Palmeira dos Índios</localidade>
    <uf>AL</uf>
    <estado>Alagoas</estado>
    <região/>
    <ibge>2706307</ibge>
    <gia/>
    <ddd>82</ddd>
    <siafi>2825</siafi>
  </cep>
  <cep>
    <cep>57601-340</cep>
    <logradouro>Rua Fiscal José Miguel Pereira</logradouro>
    <complemento/>
    <unidade/>
    <bairro>São Cristóvão</bairro>
    <localidade>Palmeira dos Índios</localidade>
    <uf>AL</uf>
    <estado>Alagoas</estado>
    <região/>
    <ibge>2706307</ibge>
    <gia/>
    <ddd>82</ddd>
    <siafi>2825</siafi>
  </cep>
  <cep>
    <cep>57601-350</cep>
    <logradouro>Rua Manoel Rodrigues de Queiroz</logradouro>
    <complemento/>
    <unidade/>
    <bairro>São Cristóvão</bairro>
    <localidade>Palmeira dos Índios</localidade>
    <uf>AL</uf>
    <estado>Alagoas</estado>
    <região/>
    <ibge>2706307</ibge>
    <gia/>
    <ddd>82</ddd>
    <siafi>2825</siafi>
  </cep>
  <cep>
    <cep>57601-370</cep>
    <logradouro>Avenida Deputado Medeiros Neto</logradouro>
    <complemento/>
    <unidade/>
    <bairro>São Cristóvão</bairro>
    <localidade>Palmeira dos Índios</localidade>
    <uf>AL</uf>
    <estado>Alagoas</estado>
    <região/>
    <ibge>2706307</ibge>
    <gia/>
    <ddd>82</ddd>
    <siafi>2825</siafi>
  </cep>
  <cep>
    <cep>57601-400</cep>
    <logradouro>Vila dos Milagres</logradouro>
    <complemento/>
    <unidade/>
    <bairro>São Cristóvão</bairro>
    <localidade>Palmeira dos Índios</localidade>
    <uf>AL</uf>
    <estado>Alagoas</estado>
    <região/>
    <ibge>2706307</ibge>
    <gia/>
    <ddd>82</ddd>
    <siafi>2825</siafi>
  </cep>
  <cep>
    <cep>57601-410</cep>
    <logradouro>Vila Ney</logradouro>
    <complemento/>
    <unidade/>
    <bairro>São Cristóvão</bairro>
    <localidade>Palmeira dos Índios</localidade>
    <uf>AL</uf>
    <estado>Alagoas</estado>
    <região/>
    <ibge>2706307</ibge>
    <gia/>
    <ddd>82</ddd>
    <siafi>2825</siafi>
  </cep>
  <cep>
    <cep>57601-420</cep>
    <logradouro>Rua Fiscal Muritiba</logradouro>
    <complemento/>
    <unidade/>
    <bairro>São Cristóvão</bairro>
    <localidade>Palmeira dos Índios</localidade>
    <uf>AL</uf>
    <estado>Alagoas</estado>
    <região/>
    <ibge>2706307</ibge>
    <gia/>
    <ddd>82</ddd>
    <siafi>2825</siafi>
  </cep>
  <cep>
    <cep>57601-422</cep>
    <logradouro>Rua Mariana Rodrigues de Melo</logradouro>
    <complemento/>
    <unidade/>
    <bairro>São Cristóvão</bairro>
    <localidade>Palmeira dos Índios</localidade>
    <uf>AL</uf>
    <estado>Alagoas</estado>
    <região/>
    <ibge>2706307</ibge>
    <gia/>
    <ddd>82</ddd>
    <siafi>2825</siafi>
  </cep>
  <cep>
    <cep>57601-380</cep>
    <logradouro>Rua Francisco Ferreira Barbosa</logradouro>
    <complemento>até 278/279</complemento>
    <unidade/>
    <bairro>São Cristóvão</bairro>
    <localidade>Palmeira dos Índios</localidade>
    <uf>AL</uf>
    <estado>Alagoas</estado>
    <região/>
    <ibge>2706307</ibge>
    <gia/>
    <ddd>82</ddd>
    <siafi>2825</siafi>
  </cep>
  <cep>
    <cep>57601-430</cep>
    <logradouro>Rua Major Azarias</logradouro>
    <complemento/>
    <unidade/>
    <bairro>São Cristóvão</bairro>
    <localidade>Palmeira dos Índios</localidade>
    <uf>AL</uf>
    <estado>Alagoas</estado>
    <região/>
    <ibge>2706307</ibge>
    <gia/>
    <ddd>82</ddd>
    <siafi>2825</siafi>
  </cep>
  <cep>
    <cep>57601-390</cep>
    <logradouro>Travessa Francisco Ferreira Barbosa</logradouro>
    <complemento/>
    <unidade/>
    <bairro>São Cristóvão</bairro>
    <localidade>Palmeira dos Índios</localidade>
    <uf>AL</uf>
    <estado>Alagoas</estado>
    <região/>
    <ibge>2706307</ibge>
    <gia/>
    <ddd>82</ddd>
    <siafi>2825</siafi>
  </cep>
  <cep>
    <cep>57602-000</cep>
    <logradouro>Rua Doutor Aristeu Arruda</logradouro>
    <complemento/>
    <unidade/>
    <bairro>Paraíso</bairro>
    <localidade>Palmeira dos Índios</localidade>
    <uf>AL</uf>
    <estado>Alagoas</estado>
    <região/>
    <ibge>2706307</ibge>
    <gia/>
    <ddd>82</ddd>
    <siafi>2825</siafi>
  </cep>
  <cep>
    <cep>57601-440</cep>
    <logradouro>Rua Bráulio Montenegro</logradouro>
    <complemento>até 259/260</complemento>
    <unidade/>
    <bairro>São Cristóvão</bairro>
    <localidade>Palmeira dos Índios</localidade>
    <uf>AL</uf>
    <estado>Alagoas</estado>
    <região/>
    <ibge>2706307</ibge>
    <gia/>
    <ddd>82</ddd>
    <siafi>2825</siafi>
  </cep>
  <cep>
    <cep>57602-010</cep>
    <logradouro>Rua Clodoaldo da Fonseca</logradouro>
    <complemento>de 162 ao fim - lado par</complemento>
    <unidade/>
    <bairro>Paraíso</bairro>
    <localidade>Palmeira dos Índios</localidade>
    <uf>AL</uf>
    <estado>Alagoas</estado>
    <região/>
    <ibge>2706307</ibge>
    <gia/>
    <ddd>82</ddd>
    <siafi>2825</siafi>
  </cep>
  <cep>
    <cep>57602-060</cep>
    <logradouro>Rua Pedro Carnaúba</logradouro>
    <complemento/>
    <unidade/>
    <bairro>Paraíso</bairro>
    <localidade>Palmeira dos Índios</localidade>
    <uf>AL</uf>
    <estado>Alagoas</estado>
    <região/>
    <ibge>2706307</ibge>
    <gia/>
    <ddd>82</ddd>
    <siafi>2825</siafi>
  </cep>
  <cep>
    <cep>57602-020</cep>
    <logradouro>Avenida Hermelinda Barbosa</logradouro>
    <complemento/>
    <unidade/>
    <bairro>Paraíso</bairro>
    <localidade>Palmeira dos Índios</localidade>
    <uf>AL</uf>
    <estado>Alagoas</estado>
    <região/>
    <ibge>2706307</ibge>
    <gia/>
    <ddd>82</ddd>
    <siafi>2825</siafi>
  </cep>
  <cep>
    <cep>57602-140</cep>
    <logradouro>Rua José Amaral</logradouro>
    <complemento/>
    <unidade/>
    <bairro>Paraíso</bairro>
    <localidade>Palmeira dos Índios</localidade>
    <uf>AL</uf>
    <estado>Alagoas</estado>
    <região/>
    <ibge>2706307</ibge>
    <gia/>
    <ddd>82</ddd>
    <siafi>2825</siafi>
  </cep>
  <cep>
    <cep>57602-145</cep>
    <logradouro>Travessa José Amaral</logradouro>
    <complemento/>
    <unidade/>
    <bairro>Paraíso</bairro>
    <localidade>Palmeira dos Índios</localidade>
    <uf>AL</uf>
    <estado>Alagoas</estado>
    <região/>
    <ibge>2706307</ibge>
    <gia/>
    <ddd>82</ddd>
    <siafi>2825</siafi>
  </cep>
  <cep>
    <cep>57602-180</cep>
    <logradouro>Rua Ana Adelaide Duarte</logradouro>
    <complemento/>
    <unidade/>
    <bairro>São Luiz</bairro>
    <localidade>Palmeira dos Índios</localidade>
    <uf>AL</uf>
    <estado>Alagoas</estado>
    <região/>
    <ibge>2706307</ibge>
    <gia/>
    <ddd>82</ddd>
    <siafi>2825</siafi>
  </cep>
  <cep>
    <cep>57602-150</cep>
    <logradouro>Rua José Evaristo</logradouro>
    <complemento/>
    <unidade/>
    <bairro>Paraíso</bairro>
    <localidade>Palmeira dos Índios</localidade>
    <uf>AL</uf>
    <estado>Alagoas</estado>
    <região/>
    <ibge>2706307</ibge>
    <gia/>
    <ddd>82</ddd>
    <siafi>2825</siafi>
  </cep>
  <cep>
    <cep>57602-170</cep>
    <logradouro>Rua Domingos Roque Costa</logradouro>
    <complemento/>
    <unidade/>
    <bairro>São Luiz</bairro>
    <localidade>Palmeira dos Índios</localidade>
    <uf>AL</uf>
    <estado>Alagoas</estado>
    <região/>
    <ibge>2706307</ibge>
    <gia/>
    <ddd>82</ddd>
    <siafi>2825</siafi>
  </cep>
  <cep>
    <cep>57602-230</cep>
    <logradouro>Rua Francisco Moura</logradouro>
    <complemento/>
    <unidade/>
    <bairro>São Luiz</bairro>
    <localidade>Palmeira dos Índios</localidade>
    <uf>AL</uf>
    <estado>Alagoas</estado>
    <região/>
    <ibge>2706307</ibge>
    <gia/>
    <ddd>82</ddd>
    <siafi>2825</siafi>
  </cep>
  <cep>
    <cep>57602-070</cep>
    <logradouro>Rua Maria José Maia</logradouro>
    <complemento/>
    <unidade/>
    <bairro>Paraíso</bairro>
    <localidade>Palmeira dos Índios</localidade>
    <uf>AL</uf>
    <estado>Alagoas</estado>
    <região/>
    <ibge>2706307</ibge>
    <gia/>
    <ddd>82</ddd>
    <siafi>2825</siafi>
  </cep>
  <cep>
    <cep>57602-260</cep>
    <logradouro>Rua José Julião de Melo</logradouro>
    <complemento/>
    <unidade/>
    <bairro>São Francisco</bairro>
    <localidade>Palmeira dos Índios</localidade>
    <uf>AL</uf>
    <estado>Alagoas</estado>
    <região/>
    <ibge>2706307</ibge>
    <gia/>
    <ddd>82</ddd>
    <siafi>2825</siafi>
  </cep>
  <cep>
    <cep>57602-250</cep>
    <logradouro>Rua Raimundo Roque da Costa</logradouro>
    <complemento/>
    <unidade/>
    <bairro>São Luiz</bairro>
    <localidade>Palmeira dos Índios</localidade>
    <uf>AL</uf>
    <estado>Alagoas</estado>
    <região/>
    <ibge>2706307</ibge>
    <gia/>
    <ddd>82</ddd>
    <siafi>2825</siafi>
  </cep>
  <cep>
    <cep>57602-030</cep>
    <logradouro>Rua Prefeito Miguel Lopes</logradouro>
    <complemento/>
    <unidade/>
    <bairro>Paraíso</bairro>
    <localidade>Palmeira dos Índios</localidade>
    <uf>AL</uf>
    <estado>Alagoas</estado>
    <região/>
    <ibge>2706307</ibge>
    <gia/>
    <ddd>82</ddd>
    <siafi>2825</siafi>
  </cep>
  <cep>
    <cep>57602-270</cep>
    <logradouro>Rua Genésio Moreira</logradouro>
    <complemento>até 681/682</complemento>
    <unidade/>
    <bairro>São Francisco</bairro>
    <localidade>Palmeira dos Índios</localidade>
    <uf>AL</uf>
    <estado>Alagoas</estado>
    <região/>
    <ibge>2706307</ibge>
    <gia/>
    <ddd>82</ddd>
    <siafi>2825</siafi>
  </cep>
  <cep>
    <cep>57602-290</cep>
    <logradouro>2ª Travessa Genésio Moreira</logradouro>
    <complemento/>
    <unidade/>
    <bairro>São Francisco</bairro>
    <localidade>Palmeira dos Índios</localidade>
    <uf>AL</uf>
    <estado>Alagoas</estado>
    <região/>
    <ibge>2706307</ibge>
    <gia/>
    <ddd>82</ddd>
    <siafi>2825</siafi>
  </cep>
  <cep>
    <cep>57602-275</cep>
    <logradouro>1ª Travessa Genésio Moreira</logradouro>
    <complemento/>
    <unidade/>
    <bairro>São Francisco</bairro>
    <localidade>Palmeira dos Índios</localidade>
    <uf>AL</uf>
    <estado>Alagoas</estado>
    <região/>
    <ibge>2706307</ibge>
    <gia/>
    <ddd>82</ddd>
    <siafi>2825</siafi>
  </cep>
  <cep>
    <cep>57602-220</cep>
    <logradouro>Rua Mestre Jaú</logradouro>
    <complemento/>
    <unidade/>
    <bairro>São Luiz</bairro>
    <localidade>Palmeira dos Índios</localidade>
    <uf>AL</uf>
    <estado>Alagoas</estado>
    <região/>
    <ibge>2706307</ibge>
    <gia/>
    <ddd>82</ddd>
    <siafi>2825</siafi>
  </cep>
  <cep>
    <cep>57602-285</cep>
    <logradouro>Travessa Sebastião Medeiros</logradouro>
    <complemento/>
    <unidade/>
    <bairro>São Francisco</bairro>
    <localidade>Palmeira dos Índios</localidade>
    <uf>AL</uf>
    <estado>Alagoas</estado>
    <região/>
    <ibge>2706307</ibge>
    <gia/>
    <ddd>82</ddd>
    <siafi>2825</siafi>
  </cep>
  <cep>
    <cep>57602-282</cep>
    <logradouro>Rua Dondon Tobias</logradouro>
    <complemento/>
    <unidade/>
    <bairro>São Francisco</bairro>
    <localidade>Palmeira dos Índios</localidade>
    <uf>AL</uf>
    <estado>Alagoas</estado>
    <região/>
    <ibge>2706307</ibge>
    <gia/>
    <ddd>82</ddd>
    <siafi>2825</siafi>
  </cep>
  <cep>
    <cep>57602-300</cep>
    <logradouro>Rua Leu Wanderley</logradouro>
    <complemento/>
    <unidade/>
    <bairro>São Francisco</bairro>
    <localidade>Palmeira dos Índios</localidade>
    <uf>AL</uf>
    <estado>Alagoas</estado>
    <região/>
    <ibge>2706307</ibge>
    <gia/>
    <ddd>82</ddd>
    <siafi>2825</siafi>
  </cep>
  <cep>
    <cep>57602-280</cep>
    <logradouro>Rua Sebastião Medeiros</logradouro>
    <complemento/>
    <unidade/>
    <bairro>São Francisco</bairro>
    <localidade>Palmeira dos Índios</localidade>
    <uf>AL</uf>
    <estado>Alagoas</estado>
    <região/>
    <ibge>2706307</ibge>
    <gia/>
    <ddd>82</ddd>
    <siafi>2825</siafi>
  </cep>
  <cep>
    <cep>57602-050</cep>
    <logradouro>Rua Manoel Origenes de Oliveira</logradouro>
    <complemento/>
    <unidade/>
    <bairro>Paraíso</bairro>
    <localidade>Palmeira dos Índios</localidade>
    <uf>AL</uf>
    <estado>Alagoas</estado>
    <região/>
    <ibge>2706307</ibge>
    <gia/>
    <ddd>82</ddd>
    <siafi>2825</siafi>
  </cep>
  <cep>
    <cep>57602-340</cep>
    <logradouro>Rua Tertuliano Canuto</logradouro>
    <complemento/>
    <unidade/>
    <bairro>São Francisco</bairro>
    <localidade>Palmeira dos Índios</localidade>
    <uf>AL</uf>
    <estado>Alagoas</estado>
    <região/>
    <ibge>2706307</ibge>
    <gia/>
    <ddd>82</ddd>
    <siafi>2825</siafi>
  </cep>
  <cep>
    <cep>57602-330</cep>
    <logradouro>Rua Vereador Zeca Paulo</logradouro>
    <complemento/>
    <unidade/>
    <bairro>São Francisco</bairro>
    <localidade>Palmeira dos Índios</localidade>
    <uf>AL</uf>
    <estado>Alagoas</estado>
    <região/>
    <ibge>2706307</ibge>
    <gia/>
    <ddd>82</ddd>
    <siafi>2825</siafi>
  </cep>
  <cep>
    <cep>57602-350</cep>
    <logradouro>Rua Antero Amorim</logradouro>
    <complemento/>
    <unidade/>
    <bairro>São Francisco</bairro>
    <localidade>Palmeira dos Índios</localidade>
    <uf>AL</uf>
    <estado>Alagoas</estado>
    <região/>
    <ibge>2706307</ibge>
    <gia/>
    <ddd>82</ddd>
    <siafi>2825</siafi>
  </cep>
  <cep>
    <cep>57602-040</cep>
    <logradouro>Rua Intendente Belarmino Teixeira Cavalcante</logradouro>
    <complemento/>
    <unidade/>
    <bairro>Paraíso</bairro>
    <localidade>Palmeira dos Índios</localidade>
    <uf>AL</uf>
    <estado>Alagoas</estado>
    <região/>
    <ibge>2706307</ibge>
    <gia/>
    <ddd>82</ddd>
    <siafi>2825</siafi>
  </cep>
  <cep>
    <cep>57602-100</cep>
    <logradouro>Rua Oscar Lins</logradouro>
    <complemento/>
    <unidade/>
    <bairro>Paraíso</bairro>
    <localidade>Palmeira dos Índios</localidade>
    <uf>AL</uf>
    <estado>Alagoas</estado>
    <região/>
    <ibge>2706307</ibge>
    <gia/>
    <ddd>82</ddd>
    <siafi>2825</siafi>
  </cep>
  <cep>
    <cep>57602-370</cep>
    <logradouro>Rua Manoel Higino da Costa</logradouro>
    <complemento/>
    <unidade/>
    <bairro>São Francisco</bairro>
    <localidade>Palmeira dos Índios</localidade>
    <uf>AL</uf>
    <estado>Alagoas</estado>
    <região/>
    <ibge>2706307</ibge>
    <gia/>
    <ddd>82</ddd>
    <siafi>2825</siafi>
  </cep>
  <cep>
    <cep>57602-210</cep>
    <logradouro>Rua Mestre Antônio dos Santos</logradouro>
    <complemento/>
    <unidade/>
    <bairro>São Luiz</bairro>
    <localidade>Palmeira dos Índios</localidade>
    <uf>AL</uf>
    <estado>Alagoas</estado>
    <região/>
    <ibge>2706307</ibge>
    <gia/>
    <ddd>82</ddd>
    <siafi>2825</siafi>
  </cep>
  <cep>
    <cep>57602-120</cep>
    <logradouro>Rua José Tobias da Costa Filho</logradouro>
    <complemento/>
    <unidade/>
    <bairro>Paraíso</bairro>
    <localidade>Palmeira dos Índios</localidade>
    <uf>AL</uf>
    <estado>Alagoas</estado>
    <região/>
    <ibge>2706307</ibge>
    <gia/>
    <ddd>82</ddd>
    <siafi>2825</siafi>
  </cep>
  <cep>
    <cep>57602-315</cep>
    <logradouro>Rua José Amaral</logradouro>
    <complemento/>
    <unidade/>
    <bairro>São Francisco</bairro>
    <localidade>Palmeira dos Índios</localidade>
    <uf>AL</uf>
    <estado>Alagoas</estado>
    <região/>
    <ibge>2706307</ibge>
    <gia/>
    <ddd>82</ddd>
    <siafi>2825</siafi>
  </cep>
  <cep>
    <cep>57602-255</cep>
    <logradouro>Travessa Raimundo Roque da Costa</logradouro>
    <complemento/>
    <unidade/>
    <bairro>São Luiz</bairro>
    <localidade>Palmeira dos Índios</localidade>
    <uf>AL</uf>
    <estado>Alagoas</estado>
    <região/>
    <ibge>2706307</ibge>
    <gia/>
    <ddd>82</ddd>
    <siafi>2825</siafi>
  </cep>
  <cep>
    <cep>57602-380</cep>
    <logradouro>Rua Doutor Miguel Lopes</logradouro>
    <complemento/>
    <unidade/>
    <bairro>São Francisco</bairro>
    <localidade>Palmeira dos Índios</localidade>
    <uf>AL</uf>
    <estado>Alagoas</estado>
    <região/>
    <ibge>2706307</ibge>
    <gia/>
    <ddd>82</ddd>
    <siafi>2825</siafi>
  </cep>
  <cep>
    <cep>57602-160</cep>
    <logradouro>Rua Dondon Tobias</logradouro>
    <complemento/>
    <unidade/>
    <bairro>Paraíso</bairro>
    <localidade>Palmeira dos Índios</localidade>
    <uf>AL</uf>
    <estado>Alagoas</estado>
    <região/>
    <ibge>2706307</ibge>
    <gia/>
    <ddd>82</ddd>
    <siafi>2825</siafi>
  </cep>
  <cep>
    <cep>57602-080</cep>
    <logradouro>Avenida Conselheiro Sebastião Lima</logradouro>
    <complemento>de 275/276 ao fim</complemento>
    <unidade/>
    <bairro>Paraíso</bairro>
    <localidade>Palmeira dos Índios</localidade>
    <uf>AL</uf>
    <estado>Alagoas</estado>
    <região/>
    <ibge>2706307</ibge>
    <gia/>
    <ddd>82</ddd>
    <siafi>2825</siafi>
  </cep>
  <cep>
    <cep>57602-440</cep>
    <logradouro>Rua Pedro Gaia</logradouro>
    <complemento/>
    <unidade/>
    <bairro>São Francisco</bairro>
    <localidade>Palmeira dos Índios</localidade>
    <uf>AL</uf>
    <estado>Alagoas</estado>
    <região/>
    <ibge>2706307</ibge>
    <gia/>
    <ddd>82</ddd>
    <siafi>2825</siafi>
  </cep>
  <cep>
    <cep>57602-400</cep>
    <logradouro>Rua Idalino de Araújo</logradouro>
    <complemento/>
    <unidade/>
    <bairro>São Francisco</bairro>
    <localidade>Palmeira dos Índios</localidade>
    <uf>AL</uf>
    <estado>Alagoas</estado>
    <região/>
    <ibge>2706307</ibge>
    <gia/>
    <ddd>82</ddd>
    <siafi>2825</siafi>
  </cep>
  <cep>
    <cep>57602-110</cep>
    <logradouro>Rua Professor José Limeira</logradouro>
    <complemento/>
    <unidade/>
    <bairro>Paraíso</bairro>
    <localidade>Palmeira dos Índios</localidade>
    <uf>AL</uf>
    <estado>Alagoas</estado>
    <região/>
    <ibge>2706307</ibge>
    <gia/>
    <ddd>82</ddd>
    <siafi>2825</siafi>
  </cep>
  <cep>
    <cep>57602-190</cep>
    <logradouro>Rua Antônio Marques Amorim</logradouro>
    <complemento/>
    <unidade/>
    <bairro>São Luiz</bairro>
    <localidade>Palmeira dos Índios</localidade>
    <uf>AL</uf>
    <estado>Alagoas</estado>
    <região/>
    <ibge>2706307</ibge>
    <gia/>
    <ddd>82</ddd>
    <siafi>2825</siafi>
  </cep>
  <cep>
    <cep>57602-460</cep>
    <logradouro>Rua José Leite Costa</logradouro>
    <complemento/>
    <unidade/>
    <bairro>São Francisco</bairro>
    <localidade>Palmeira dos Índios</localidade>
    <uf>AL</uf>
    <estado>Alagoas</estado>
    <região/>
    <ibge>2706307</ibge>
    <gia/>
    <ddd>82</ddd>
    <siafi>2825</siafi>
  </cep>
  <cep>
    <cep>57602-390</cep>
    <logradouro>Rua Gaudêncio Moura</logradouro>
    <complemento/>
    <unidade/>
    <bairro>São Francisco</bairro>
    <localidade>Palmeira dos Índios</localidade>
    <uf>AL</uf>
    <estado>Alagoas</estado>
    <região/>
    <ibge>2706307</ibge>
    <gia/>
    <ddd>82</ddd>
    <siafi>2825</siafi>
  </cep>
  <cep>
    <cep>57602-240</cep>
    <logradouro>Avenida Conselheiro Sebastião Lima</logradouro>
    <complemento>até 269/270</complemento>
    <unidade/>
    <bairro>São Luiz</bairro>
    <localidade>Palmeira dos Índios</localidade>
    <uf>AL</uf>
    <estado>Alagoas</estado>
    <região/>
    <ibge>2706307</ibge>
    <gia/>
    <ddd>82</ddd>
    <siafi>2825</siafi>
  </cep>
  <cep>
    <cep>57602-200</cep>
    <logradouro>Rua João Tavares Silva</logradouro>
    <complemento/>
    <unidade/>
    <bairro>São Luiz</bairro>
    <localidade>Palmeira dos Índios</localidade>
    <uf>AL</uf>
    <estado>Alagoas</estado>
    <região/>
    <ibge>2706307</ibge>
    <gia/>
    <ddd>82</ddd>
    <siafi>2825</siafi>
  </cep>
  <cep>
    <cep>57602-420</cep>
    <logradouro>Rua Fiscal Pedro Leitão</logradouro>
    <complemento/>
    <unidade/>
    <bairro>São Francisco</bairro>
    <localidade>Palmeira dos Índios</localidade>
    <uf>AL</uf>
    <estado>Alagoas</estado>
    <região/>
    <ibge>2706307</ibge>
    <gia/>
    <ddd>82</ddd>
    <siafi>2825</siafi>
  </cep>
  <cep>
    <cep>57602-130</cep>
    <logradouro>Avenida Graciliano Ramos</logradouro>
    <complemento>lado ímpar</complemento>
    <unidade/>
    <bairro>Paraíso</bairro>
    <localidade>Palmeira dos Índios</localidade>
    <uf>AL</uf>
    <estado>Alagoas</estado>
    <região/>
    <ibge>2706307</ibge>
    <gia/>
    <ddd>82</ddd>
    <siafi>2825</siafi>
  </cep>
  <cep>
    <cep>57602-320</cep>
    <logradouro>Rua Clarindo Amorim</logradouro>
    <complemento>lado ímpar</complemento>
    <unidade/>
    <bairro>São Francisco</bairro>
    <localidade>Palmeira dos Índios</localidade>
    <uf>AL</uf>
    <estado>Alagoas</estado>
    <região/>
    <ibge>2706307</ibge>
    <gia/>
    <ddd>82</ddd>
    <siafi>2825</siafi>
  </cep>
  <cep>
    <cep>57602-430</cep>
    <logradouro>Rua Vigário Lessa</logradouro>
    <complemento/>
    <unidade/>
    <bairro>São Francisco</bairro>
    <localidade>Palmeira dos Índios</localidade>
    <uf>AL</uf>
    <estado>Alagoas</estado>
    <região/>
    <ibge>2706307</ibge>
    <gia/>
    <ddd>82</ddd>
    <siafi>2825</siafi>
  </cep>
  <cep>
    <cep>57602-470</cep>
    <logradouro>Rua Vereador Elói Barbosa</logradouro>
    <complemento/>
    <unidade/>
    <bairro>São Francisco</bairro>
    <localidade>Palmeira dos Índios</localidade>
    <uf>AL</uf>
    <estado>Alagoas</estado>
    <região/>
    <ibge>2706307</ibge>
    <gia/>
    <ddd>82</ddd>
    <siafi>2825</siafi>
  </cep>
  <cep>
    <cep>57602-450</cep>
    <logradouro>Rua Fredovino Maia</logradouro>
    <complemento/>
    <unidade/>
    <bairro>São Francisco</bairro>
    <localidade>Palmeira dos Índios</localidade>
    <uf>AL</uf>
    <estado>Alagoas</estado>
    <região/>
    <ibge>2706307</ibge>
    <gia/>
    <ddd>82</ddd>
    <siafi>2825</siafi>
  </cep>
  <cep>
    <cep>57602-410</cep>
    <logradouro>Rua Leobino Mota</logradouro>
    <complemento/>
    <unidade/>
    <bairro>São Francisco</bairro>
    <localidade>Palmeira dos Índios</localidade>
    <uf>AL</uf>
    <estado>Alagoas</estado>
    <região/>
    <ibge>2706307</ibge>
    <gia/>
    <ddd>82</ddd>
    <siafi>2825</siafi>
  </cep>
  <cep>
    <cep>57602-480</cep>
    <logradouro>Rua Emerentino Costa</logradouro>
    <complemento/>
    <unidade/>
    <bairro>São Francisco</bairro>
    <localidade>Palmeira dos Índios</localidade>
    <uf>AL</uf>
    <estado>Alagoas</estado>
    <região/>
    <ibge>2706307</ibge>
    <gia/>
    <ddd>82</ddd>
    <siafi>2825</siafi>
  </cep>
  <cep>
    <cep>57602-493</cep>
    <logradouro>Rua Engenheiro José da Rocha Leite</logradouro>
    <complemento/>
    <unidade/>
    <bairro>José Maia Costa</bairro>
    <localidade>Palmeira dos Índios</localidade>
    <uf>AL</uf>
    <estado>Alagoas</estado>
    <região/>
    <ibge>2706307</ibge>
    <gia/>
    <ddd>82</ddd>
    <siafi>2825</siafi>
  </cep>
  <cep>
    <cep>57602-490</cep>
    <logradouro>Avenida Muniz Falcão</logradouro>
    <complemento/>
    <unidade/>
    <bairro>José Maia Costa</bairro>
    <localidade>Palmeira dos Índios</localidade>
    <uf>AL</uf>
    <estado>Alagoas</estado>
    <região/>
    <ibge>2706307</ibge>
    <gia/>
    <ddd>82</ddd>
    <siafi>2825</siafi>
  </cep>
  <cep>
    <cep>57602-492</cep>
    <logradouro>Rua Caracioly Soares</logradouro>
    <complemento>lado ímpar</complemento>
    <unidade/>
    <bairro>José Maia Costa</bairro>
    <localidade>Palmeira dos Índios</localidade>
    <uf>AL</uf>
    <estado>Alagoas</estado>
    <região/>
    <ibge>2706307</ibge>
    <gia/>
    <ddd>82</ddd>
    <siafi>2825</siafi>
  </cep>
  <cep>
    <cep>57602-494</cep>
    <logradouro>Rua Vereador Antônio Balbino</logradouro>
    <complemento/>
    <unidade/>
    <bairro>José Maia Costa</bairro>
    <localidade>Palmeira dos Índios</localidade>
    <uf>AL</uf>
    <estado>Alagoas</estado>
    <região/>
    <ibge>2706307</ibge>
    <gia/>
    <ddd>82</ddd>
    <siafi>2825</siafi>
  </cep>
  <cep>
    <cep>57602-495</cep>
    <logradouro>Rua Giselma Maia Costa</logradouro>
    <complemento/>
    <unidade/>
    <bairro>José Maia Costa</bairro>
    <localidade>Palmeira dos Índios</localidade>
    <uf>AL</uf>
    <estado>Alagoas</estado>
    <região/>
    <ibge>2706307</ibge>
    <gia/>
    <ddd>82</ddd>
    <siafi>2825</siafi>
  </cep>
  <cep>
    <cep>57602-496</cep>
    <logradouro>Rua Virgílio da Silva Filho</logradouro>
    <complemento/>
    <unidade/>
    <bairro>José Maia Costa</bairro>
    <localidade>Palmeira dos Índios</localidade>
    <uf>AL</uf>
    <estado>Alagoas</estado>
    <região/>
    <ibge>2706307</ibge>
    <gia/>
    <ddd>82</ddd>
    <siafi>2825</siafi>
  </cep>
  <cep>
    <cep>57602-497</cep>
    <logradouro>Rua Aristeu Cavalcante</logradouro>
    <complemento/>
    <unidade/>
    <bairro>José Maia Costa</bairro>
    <localidade>Palmeira dos Índios</localidade>
    <uf>AL</uf>
    <estado>Alagoas</estado>
    <região/>
    <ibge>2706307</ibge>
    <gia/>
    <ddd>82</ddd>
    <siafi>2825</siafi>
  </cep>
  <cep>
    <cep>57602-500</cep>
    <logradouro>Rua Valdemar Holanda Cavalcante</logradouro>
    <complemento/>
    <unidade/>
    <bairro>José Maia Costa</bairro>
    <localidade>Palmeira dos Índios</localidade>
    <uf>AL</uf>
    <estado>Alagoas</estado>
    <região/>
    <ibge>2706307</ibge>
    <gia/>
    <ddd>82</ddd>
    <siafi>2825</siafi>
  </cep>
  <cep>
    <cep>57602-498</cep>
    <logradouro>Rua Luiz Vieira de Barros</logradouro>
    <complemento/>
    <unidade/>
    <bairro>José Maia Costa</bairro>
    <localidade>Palmeira dos Índios</localidade>
    <uf>AL</uf>
    <estado>Alagoas</estado>
    <região/>
    <ibge>2706307</ibge>
    <gia/>
    <ddd>82</ddd>
    <siafi>2825</siafi>
  </cep>
  <cep>
    <cep>57602-520</cep>
    <logradouro>Rua Manoel Nicácio</logradouro>
    <complemento/>
    <unidade/>
    <bairro>Ribeira</bairro>
    <localidade>Palmeira dos Índios</localidade>
    <uf>AL</uf>
    <estado>Alagoas</estado>
    <região/>
    <ibge>2706307</ibge>
    <gia/>
    <ddd>82</ddd>
    <siafi>2825</siafi>
  </cep>
  <cep>
    <cep>57602-525</cep>
    <logradouro>Rua José Roberto Cavalcante</logradouro>
    <complemento/>
    <unidade/>
    <bairro>Ribeira</bairro>
    <localidade>Palmeira dos Índios</localidade>
    <uf>AL</uf>
    <estado>Alagoas</estado>
    <região/>
    <ibge>2706307</ibge>
    <gia/>
    <ddd>82</ddd>
    <siafi>2825</siafi>
  </cep>
  <cep>
    <cep>57602-531</cep>
    <logradouro>Rua Maria Edilia Santos</logradouro>
    <complemento/>
    <unidade/>
    <bairro>Ribeira</bairro>
    <localidade>Palmeira dos Índios</localidade>
    <uf>AL</uf>
    <estado>Alagoas</estado>
    <região/>
    <ibge>2706307</ibge>
    <gia/>
    <ddd>82</ddd>
    <siafi>2825</siafi>
  </cep>
  <cep>
    <cep>57602-532</cep>
    <logradouro>Rua Radialista Valdemar Correia</logradouro>
    <complemento/>
    <unidade/>
    <bairro>Ribeira</bairro>
    <localidade>Palmeira dos Índios</localidade>
    <uf>AL</uf>
    <estado>Alagoas</estado>
    <região/>
    <ibge>2706307</ibge>
    <gia/>
    <ddd>82</ddd>
    <siafi>2825</siafi>
  </cep>
  <cep>
    <cep>57602-533</cep>
    <logradouro>Rua Vinícius de Morais</logradouro>
    <complemento/>
    <unidade/>
    <bairro>Ribeira</bairro>
    <localidade>Palmeira dos Índios</localidade>
    <uf>AL</uf>
    <estado>Alagoas</estado>
    <região/>
    <ibge>2706307</ibge>
    <gia/>
    <ddd>82</ddd>
    <siafi>2825</siafi>
  </cep>
  <cep>
    <cep>57602-534</cep>
    <logradouro>Rua Napoleão Ricardo da Silva</logradouro>
    <complemento/>
    <unidade/>
    <bairro>Ribeira</bairro>
    <localidade>Palmeira dos Índios</localidade>
    <uf>AL</uf>
    <estado>Alagoas</estado>
    <região/>
    <ibge>2706307</ibge>
    <gia/>
    <ddd>82</ddd>
    <siafi>2825</siafi>
  </cep>
  <cep>
    <cep>57602-537</cep>
    <logradouro>Rua João Pinheiro Cavalcante</logradouro>
    <complemento/>
    <unidade/>
    <bairro>Ribeira</bairro>
    <localidade>Palmeira dos Índios</localidade>
    <uf>AL</uf>
    <estado>Alagoas</estado>
    <região/>
    <ibge>2706307</ibge>
    <gia/>
    <ddd>82</ddd>
    <siafi>2825</siafi>
  </cep>
  <cep>
    <cep>57602-640</cep>
    <logradouro>Rua Abílio Balbino</logradouro>
    <complemento/>
    <unidade/>
    <bairro>Ribeira</bairro>
    <localidade>Palmeira dos Índios</localidade>
    <uf>AL</uf>
    <estado>Alagoas</estado>
    <região/>
    <ibge>2706307</ibge>
    <gia/>
    <ddd>82</ddd>
    <siafi>2825</siafi>
  </cep>
  <cep>
    <cep>57603-010</cep>
    <logradouro>Rua George Costa Sampaio</logradouro>
    <complemento/>
    <unidade/>
    <bairro>Juca Sampaio</bairro>
    <localidade>Palmeira dos Índios</localidade>
    <uf>AL</uf>
    <estado>Alagoas</estado>
    <região/>
    <ibge>2706307</ibge>
    <gia/>
    <ddd>82</ddd>
    <siafi>2825</siafi>
  </cep>
  <cep>
    <cep>57603-016</cep>
    <logradouro>Rua Hamilton Didier</logradouro>
    <complemento/>
    <unidade/>
    <bairro>Juca Sampaio</bairro>
    <localidade>Palmeira dos Índios</localidade>
    <uf>AL</uf>
    <estado>Alagoas</estado>
    <região/>
    <ibge>2706307</ibge>
    <gia/>
    <ddd>82</ddd>
    <siafi>2825</siafi>
  </cep>
  <cep>
    <cep>57603-020</cep>
    <logradouro>Rua José Sampaio</logradouro>
    <complemento/>
    <unidade/>
    <bairro>Juca Sampaio</bairro>
    <localidade>Palmeira dos Índios</localidade>
    <uf>AL</uf>
    <estado>Alagoas</estado>
    <região/>
    <ibge>2706307</ibge>
    <gia/>
    <ddd>82</ddd>
    <siafi>2825</siafi>
  </cep>
  <cep>
    <cep>57602-680</cep>
    <logradouro>Rua Maria Tenório Cavalcante</logradouro>
    <complemento/>
    <unidade/>
    <bairro>Ribeira</bairro>
    <localidade>Palmeira dos Índios</localidade>
    <uf>AL</uf>
    <estado>Alagoas</estado>
    <região/>
    <ibge>2706307</ibge>
    <gia/>
    <ddd>82</ddd>
    <siafi>2825</siafi>
  </cep>
  <cep>
    <cep>57603-060</cep>
    <logradouro>Rua José Canuto da Gama</logradouro>
    <complemento/>
    <unidade/>
    <bairro>Juca Sampaio</bairro>
    <localidade>Palmeira dos Índios</localidade>
    <uf>AL</uf>
    <estado>Alagoas</estado>
    <região/>
    <ibge>2706307</ibge>
    <gia/>
    <ddd>82</ddd>
    <siafi>2825</siafi>
  </cep>
  <cep>
    <cep>57603-126</cep>
    <logradouro>Travessa Manoel Sampaio Luz</logradouro>
    <complemento/>
    <unidade/>
    <bairro>Juca Sampaio</bairro>
    <localidade>Palmeira dos Índios</localidade>
    <uf>AL</uf>
    <estado>Alagoas</estado>
    <região/>
    <ibge>2706307</ibge>
    <gia/>
    <ddd>82</ddd>
    <siafi>2825</siafi>
  </cep>
  <cep>
    <cep>57602-550</cep>
    <logradouro>Rua Dom Otávio Aguiar</logradouro>
    <complemento/>
    <unidade/>
    <bairro>Ribeira</bairro>
    <localidade>Palmeira dos Índios</localidade>
    <uf>AL</uf>
    <estado>Alagoas</estado>
    <região/>
    <ibge>2706307</ibge>
    <gia/>
    <ddd>82</ddd>
    <siafi>2825</siafi>
  </cep>
  <cep>
    <cep>57603-100</cep>
    <logradouro>Rua Expedicionário José Viana da Silva</logradouro>
    <complemento/>
    <unidade/>
    <bairro>Juca Sampaio</bairro>
    <localidade>Palmeira dos Índios</localidade>
    <uf>AL</uf>
    <estado>Alagoas</estado>
    <região/>
    <ibge>2706307</ibge>
    <gia/>
    <ddd>82</ddd>
    <siafi>2825</siafi>
  </cep>
  <cep>
    <cep>57602-540</cep>
    <logradouro>Rua São João</logradouro>
    <complemento/>
    <unidade/>
    <bairro>Ribeira</bairro>
    <localidade>Palmeira dos Índios</localidade>
    <uf>AL</uf>
    <estado>Alagoas</estado>
    <região/>
    <ibge>2706307</ibge>
    <gia/>
    <ddd>82</ddd>
    <siafi>2825</siafi>
  </cep>
  <cep>
    <cep>57602-650</cep>
    <logradouro>Rua Marujo Ferreira de Castro</logradouro>
    <complemento>lado par</complemento>
    <unidade/>
    <bairro>Ribeira</bairro>
    <localidade>Palmeira dos Índios</localidade>
    <uf>AL</uf>
    <estado>Alagoas</estado>
    <região/>
    <ibge>2706307</ibge>
    <gia/>
    <ddd>82</ddd>
    <siafi>2825</siafi>
  </cep>
  <cep>
    <cep>57603-130</cep>
    <logradouro>Rua Radialista Antônio Martins Filho</logradouro>
    <complemento/>
    <unidade/>
    <bairro>Juca Sampaio</bairro>
    <localidade>Palmeira dos Índios</localidade>
    <uf>AL</uf>
    <estado>Alagoas</estado>
    <região/>
    <ibge>2706307</ibge>
    <gia/>
    <ddd>82</ddd>
    <siafi>2825</siafi>
  </cep>
  <cep>
    <cep>57602-535</cep>
    <logradouro>Rua Sargento Manoel Morais Santos da Silva</logradouro>
    <complemento/>
    <unidade/>
    <bairro>Ribeira</bairro>
    <localidade>Palmeira dos Índios</localidade>
    <uf>AL</uf>
    <estado>Alagoas</estado>
    <região/>
    <ibge>2706307</ibge>
    <gia/>
    <ddd>82</ddd>
    <siafi>2825</siafi>
  </cep>
  <cep>
    <cep>57603-132</cep>
    <logradouro>Rua Doutor Alexandre Magno Gaia Duarte</logradouro>
    <complemento/>
    <unidade/>
    <bairro>Juca Sampaio</bairro>
    <localidade>Palmeira dos Índios</localidade>
    <uf>AL</uf>
    <estado>Alagoas</estado>
    <região/>
    <ibge>2706307</ibge>
    <gia/>
    <ddd>82</ddd>
    <siafi>2825</siafi>
  </cep>
  <cep>
    <cep>57603-012</cep>
    <logradouro>Rua Gerson Raimundo dos Santos</logradouro>
    <complemento/>
    <unidade/>
    <bairro>Juca Sampaio</bairro>
    <localidade>Palmeira dos Índios</localidade>
    <uf>AL</uf>
    <estado>Alagoas</estado>
    <região/>
    <ibge>2706307</ibge>
    <gia/>
    <ddd>82</ddd>
    <siafi>2825</siafi>
  </cep>
  <cep>
    <cep>57603-133</cep>
    <logradouro>Rua João Herculino Filho</logradouro>
    <complemento/>
    <unidade/>
    <bairro>Juca Sampaio</bairro>
    <localidade>Palmeira dos Índios</localidade>
    <uf>AL</uf>
    <estado>Alagoas</estado>
    <região/>
    <ibge>2706307</ibge>
    <gia/>
    <ddd>82</ddd>
    <siafi>2825</siafi>
  </cep>
  <cep>
    <cep>57603-142</cep>
    <logradouro>Rua Ataide Amaral</logradouro>
    <complemento/>
    <unidade/>
    <bairro>Juca Sampaio</bairro>
    <localidade>Palmeira dos Índios</localidade>
    <uf>AL</uf>
    <estado>Alagoas</estado>
    <região/>
    <ibge>2706307</ibge>
    <gia/>
    <ddd>82</ddd>
    <siafi>2825</siafi>
  </cep>
  <cep>
    <cep>57603-145</cep>
    <logradouro>Avenida Muniz Falcão</logradouro>
    <complemento/>
    <unidade/>
    <bairro>Juca Sampaio</bairro>
    <localidade>Palmeira dos Índios</localidade>
    <uf>AL</uf>
    <estado>Alagoas</estado>
    <região/>
    <ibge>2706307</ibge>
    <gia/>
    <ddd>82</ddd>
    <siafi>2825</siafi>
  </cep>
  <cep>
    <cep>57603-008</cep>
    <logradouro>Rua Izabel Lourenço da Silva Souza</logradouro>
    <complemento/>
    <unidade/>
    <bairro>Juca Sampaio</bairro>
    <localidade>Palmeira dos Índios</localidade>
    <uf>AL</uf>
    <estado>Alagoas</estado>
    <região/>
    <ibge>2706307</ibge>
    <gia/>
    <ddd>82</ddd>
    <siafi>2825</siafi>
  </cep>
  <cep>
    <cep>57603-140</cep>
    <logradouro>Rua Cacilda Sampaio</logradouro>
    <complemento/>
    <unidade/>
    <bairro>Juca Sampaio</bairro>
    <localidade>Palmeira dos Índios</localidade>
    <uf>AL</uf>
    <estado>Alagoas</estado>
    <região/>
    <ibge>2706307</ibge>
    <gia/>
    <ddd>82</ddd>
    <siafi>2825</siafi>
  </cep>
  <cep>
    <cep>57603-014</cep>
    <logradouro>Rua José Sineyde</logradouro>
    <complemento/>
    <unidade/>
    <bairro>Juca Sampaio</bairro>
    <localidade>Palmeira dos Índios</localidade>
    <uf>AL</uf>
    <estado>Alagoas</estado>
    <região/>
    <ibge>2706307</ibge>
    <gia/>
    <ddd>82</ddd>
    <siafi>2825</siafi>
  </cep>
  <cep>
    <cep>57602-670</cep>
    <logradouro>Rua Ulisses Tenório Cavalcante</logradouro>
    <complemento/>
    <unidade/>
    <bairro>Ribeira</bairro>
    <localidade>Palmeira dos Índios</localidade>
    <uf>AL</uf>
    <estado>Alagoas</estado>
    <região/>
    <ibge>2706307</ibge>
    <gia/>
    <ddd>82</ddd>
    <siafi>2825</siafi>
  </cep>
  <cep>
    <cep>57603-123</cep>
    <logradouro>Rua Manoel Pereira da Silva</logradouro>
    <complemento/>
    <unidade/>
    <bairro>Juca Sampaio</bairro>
    <localidade>Palmeira dos Índios</localidade>
    <uf>AL</uf>
    <estado>Alagoas</estado>
    <região/>
    <ibge>2706307</ibge>
    <gia/>
    <ddd>82</ddd>
    <siafi>2825</siafi>
  </cep>
  <cep>
    <cep>57603-134</cep>
    <logradouro>Rua Luiz Ricardo da Silva</logradouro>
    <complemento>(Lula Demó)</complemento>
    <unidade/>
    <bairro>Juca Sampaio</bairro>
    <localidade>Palmeira dos Índios</localidade>
    <uf>AL</uf>
    <estado>Alagoas</estado>
    <região/>
    <ibge>2706307</ibge>
    <gia/>
    <ddd>82</ddd>
    <siafi>2825</siafi>
  </cep>
  <cep>
    <cep>57603-128</cep>
    <logradouro>Rua Cariolando Ferreira de Alencar</logradouro>
    <complemento/>
    <unidade/>
    <bairro>Juca Sampaio</bairro>
    <localidade>Palmeira dos Índios</localidade>
    <uf>AL</uf>
    <estado>Alagoas</estado>
    <região/>
    <ibge>2706307</ibge>
    <gia/>
    <ddd>82</ddd>
    <siafi>2825</siafi>
  </cep>
  <cep>
    <cep>57603-150</cep>
    <logradouro>Rua Manoel Alves Cardoso</logradouro>
    <complemento/>
    <unidade/>
    <bairro>Juca Sampaio</bairro>
    <localidade>Palmeira dos Índios</localidade>
    <uf>AL</uf>
    <estado>Alagoas</estado>
    <região/>
    <ibge>2706307</ibge>
    <gia/>
    <ddd>82</ddd>
    <siafi>2825</siafi>
  </cep>
  <cep>
    <cep>57603-280</cep>
    <logradouro>Rua Deputado Jota Duarte</logradouro>
    <complemento/>
    <unidade/>
    <bairro>Juca Sampaio</bairro>
    <localidade>Palmeira dos Índios</localidade>
    <uf>AL</uf>
    <estado>Alagoas</estado>
    <região/>
    <ibge>2706307</ibge>
    <gia/>
    <ddd>82</ddd>
    <siafi>2825</siafi>
  </cep>
  <cep>
    <cep>57603-152</cep>
    <logradouro>Rua Coronel Petrucio de Melo</logradouro>
    <complemento/>
    <unidade/>
    <bairro>Juca Sampaio</bairro>
    <localidade>Palmeira dos Índios</localidade>
    <uf>AL</uf>
    <estado>Alagoas</estado>
    <região/>
    <ibge>2706307</ibge>
    <gia/>
    <ddd>82</ddd>
    <siafi>2825</siafi>
  </cep>
  <cep>
    <cep>57603-282</cep>
    <logradouro>Rodovia BR 316</logradouro>
    <complemento/>
    <unidade/>
    <bairro>Juca Sampaio</bairro>
    <localidade>Palmeira dos Índios</localidade>
    <uf>AL</uf>
    <estado>Alagoas</estado>
    <região/>
    <ibge>2706307</ibge>
    <gia/>
    <ddd>82</ddd>
    <siafi>2825</siafi>
  </cep>
  <cep>
    <cep>57603-030</cep>
    <logradouro>Rua Doutor Rubens Cavalcante Amorim</logradouro>
    <complemento/>
    <unidade/>
    <bairro>Juca Sampaio</bairro>
    <localidade>Palmeira dos Índios</localidade>
    <uf>AL</uf>
    <estado>Alagoas</estado>
    <região/>
    <ibge>2706307</ibge>
    <gia/>
    <ddd>82</ddd>
    <siafi>2825</siafi>
  </cep>
  <cep>
    <cep>57603-290</cep>
    <logradouro>Rua Estudante Robério Luiz Fernandes Barros</logradouro>
    <complemento/>
    <unidade/>
    <bairro>Juca Sampaio</bairro>
    <localidade>Palmeira dos Índios</localidade>
    <uf>AL</uf>
    <estado>Alagoas</estado>
    <região/>
    <ibge>2706307</ibge>
    <gia/>
    <ddd>82</ddd>
    <siafi>2825</siafi>
  </cep>
  <cep>
    <cep>57602-660</cep>
    <logradouro>Rua Vila Nova</logradouro>
    <complemento/>
    <unidade/>
    <bairro>Ribeira</bairro>
    <localidade>Palmeira dos Índios</localidade>
    <uf>AL</uf>
    <estado>Alagoas</estado>
    <região/>
    <ibge>2706307</ibge>
    <gia/>
    <ddd>82</ddd>
    <siafi>2825</siafi>
  </cep>
  <cep>
    <cep>57603-122</cep>
    <logradouro>Rua Manoel Sampaio Luz</logradouro>
    <complemento/>
    <unidade/>
    <bairro>Juca Sampaio</bairro>
    <localidade>Palmeira dos Índios</localidade>
    <uf>AL</uf>
    <estado>Alagoas</estado>
    <região/>
    <ibge>2706307</ibge>
    <gia/>
    <ddd>82</ddd>
    <siafi>2825</siafi>
  </cep>
  <cep>
    <cep>57602-710</cep>
    <logradouro>Rua Luiza Marques Luz</logradouro>
    <complemento/>
    <unidade/>
    <bairro>Ribeira</bairro>
    <localidade>Palmeira dos Índios</localidade>
    <uf>AL</uf>
    <estado>Alagoas</estado>
    <região/>
    <ibge>2706307</ibge>
    <gia/>
    <ddd>82</ddd>
    <siafi>2825</siafi>
  </cep>
  <cep>
    <cep>57603-292</cep>
    <logradouro>Rua Luiz Paciência Torres</logradouro>
    <complemento/>
    <unidade/>
    <bairro>Juca Sampaio</bairro>
    <localidade>Palmeira dos Índios</localidade>
    <uf>AL</uf>
    <estado>Alagoas</estado>
    <região/>
    <ibge>2706307</ibge>
    <gia/>
    <ddd>82</ddd>
    <siafi>2825</siafi>
  </cep>
  <cep>
    <cep>57603-110</cep>
    <logradouro>Rua Ademir Ferreira</logradouro>
    <complemento/>
    <unidade/>
    <bairro>Juca Sampaio</bairro>
    <localidade>Palmeira dos Índios</localidade>
    <uf>AL</uf>
    <estado>Alagoas</estado>
    <região/>
    <ibge>2706307</ibge>
    <gia/>
    <ddd>82</ddd>
    <siafi>2825</siafi>
  </cep>
  <cep>
    <cep>57603-090</cep>
    <logradouro>Rua Tabelião Luiz Vieira de Barros</logradouro>
    <complemento/>
    <unidade/>
    <bairro>Juca Sampaio</bairro>
    <localidade>Palmeira dos Índios</localidade>
    <uf>AL</uf>
    <estado>Alagoas</estado>
    <região/>
    <ibge>2706307</ibge>
    <gia/>
    <ddd>82</ddd>
    <siafi>2825</siafi>
  </cep>
  <cep>
    <cep>57602-730</cep>
    <logradouro>Rua Fiscal Horácio Bezerra</logradouro>
    <complemento/>
    <unidade/>
    <bairro>Ribeira</bairro>
    <localidade>Palmeira dos Índios</localidade>
    <uf>AL</uf>
    <estado>Alagoas</estado>
    <região/>
    <ibge>2706307</ibge>
    <gia/>
    <ddd>82</ddd>
    <siafi>2825</siafi>
  </cep>
  <cep>
    <cep>57603-080</cep>
    <logradouro>Rua Deputado Francisco Pimentel</logradouro>
    <complemento/>
    <unidade/>
    <bairro>Juca Sampaio</bairro>
    <localidade>Palmeira dos Índios</localidade>
    <uf>AL</uf>
    <estado>Alagoas</estado>
    <região/>
    <ibge>2706307</ibge>
    <gia/>
    <ddd>82</ddd>
    <siafi>2825</siafi>
  </cep>
  <cep>
    <cep>57602-750</cep>
    <logradouro>Rua Maria Cícera Lourenço Barbosa</logradouro>
    <complemento/>
    <unidade/>
    <bairro>Ribeira</bairro>
    <localidade>Palmeira dos Índios</localidade>
    <uf>AL</uf>
    <estado>Alagoas</estado>
    <região/>
    <ibge>2706307</ibge>
    <gia/>
    <ddd>82</ddd>
    <siafi>2825</siafi>
  </cep>
  <cep>
    <cep>57603-294</cep>
    <logradouro>Rua Radialista Josmário Silva</logradouro>
    <complemento/>
    <unidade/>
    <bairro>Juca Sampaio</bairro>
    <localidade>Palmeira dos Índios</localidade>
    <uf>AL</uf>
    <estado>Alagoas</estado>
    <região/>
    <ibge>2706307</ibge>
    <gia/>
    <ddd>82</ddd>
    <siafi>2825</siafi>
  </cep>
  <cep>
    <cep>57603-296</cep>
    <logradouro>Rua Valdemar Otávio Torres</logradouro>
    <complemento/>
    <unidade/>
    <bairro>Juca Sampaio</bairro>
    <localidade>Palmeira dos Índios</localidade>
    <uf>AL</uf>
    <estado>Alagoas</estado>
    <região/>
    <ibge>2706307</ibge>
    <gia/>
    <ddd>82</ddd>
    <siafi>2825</siafi>
  </cep>
  <cep>
    <cep>57603-085</cep>
    <logradouro>Rua Antônio Francisco</logradouro>
    <complemento/>
    <unidade/>
    <bairro>Juca Sampaio</bairro>
    <localidade>Palmeira dos Índios</localidade>
    <uf>AL</uf>
    <estado>Alagoas</estado>
    <região/>
    <ibge>2706307</ibge>
    <gia/>
    <ddd>82</ddd>
    <siafi>2825</siafi>
  </cep>
  <cep>
    <cep>57603-298</cep>
    <logradouro>Avenida Professor Raimundo Lopes</logradouro>
    <complemento/>
    <unidade/>
    <bairro>Juca Sampaio</bairro>
    <localidade>Palmeira dos Índios</localidade>
    <uf>AL</uf>
    <estado>Alagoas</estado>
    <região/>
    <ibge>2706307</ibge>
    <gia/>
    <ddd>82</ddd>
    <siafi>2825</siafi>
  </cep>
  <cep>
    <cep>57604-100</cep>
    <logradouro>Rua Hilda Honório de A. Melo</logradouro>
    <complemento/>
    <unidade/>
    <bairro>Graciliano Ramos</bairro>
    <localidade>Palmeira dos Índios</localidade>
    <uf>AL</uf>
    <estado>Alagoas</estado>
    <região/>
    <ibge>2706307</ibge>
    <gia/>
    <ddd>82</ddd>
    <siafi>2825</siafi>
  </cep>
  <cep>
    <cep>57603-124</cep>
    <logradouro>Rua Heloisa Costa Sampaio</logradouro>
    <complemento/>
    <unidade/>
    <bairro>Juca Sampaio</bairro>
    <localidade>Palmeira dos Índios</localidade>
    <uf>AL</uf>
    <estado>Alagoas</estado>
    <região/>
    <ibge>2706307</ibge>
    <gia/>
    <ddd>82</ddd>
    <siafi>2825</siafi>
  </cep>
  <cep>
    <cep>57604-110</cep>
    <logradouro>Rua António Barbosa da Fonseca</logradouro>
    <complemento/>
    <unidade/>
    <bairro>Graciliano Ramos</bairro>
    <localidade>Palmeira dos Índios</localidade>
    <uf>AL</uf>
    <estado>Alagoas</estado>
    <região/>
    <ibge>2706307</ibge>
    <gia/>
    <ddd>82</ddd>
    <siafi>2825</siafi>
  </cep>
  <cep>
    <cep>57602-536</cep>
    <logradouro>Rua Moacir Alfredo da Silva</logradouro>
    <complemento/>
    <unidade/>
    <bairro>Ribeira</bairro>
    <localidade>Palmeira dos Índios</localidade>
    <uf>AL</uf>
    <estado>Alagoas</estado>
    <região/>
    <ibge>2706307</ibge>
    <gia/>
    <ddd>82</ddd>
    <siafi>2825</siafi>
  </cep>
  <cep>
    <cep>57602-685</cep>
    <logradouro>Travessa Maria Tenório Cavalcante</logradouro>
    <complemento/>
    <unidade/>
    <bairro>Ribeira</bairro>
    <localidade>Palmeira dos Índios</localidade>
    <uf>AL</uf>
    <estado>Alagoas</estado>
    <região/>
    <ibge>2706307</ibge>
    <gia/>
    <ddd>82</ddd>
    <siafi>2825</siafi>
  </cep>
  <cep>
    <cep>57604-105</cep>
    <logradouro>Rua José Bezerra de França</logradouro>
    <complemento/>
    <unidade/>
    <bairro>Graciliano Ramos</bairro>
    <localidade>Palmeira dos Índios</localidade>
    <uf>AL</uf>
    <estado>Alagoas</estado>
    <região/>
    <ibge>2706307</ibge>
    <gia/>
    <ddd>82</ddd>
    <siafi>2825</siafi>
  </cep>
  <cep>
    <cep>57603-131</cep>
    <logradouro>Rua Doutora Remilda Caparica Maia Sarmento</logradouro>
    <complemento/>
    <unidade/>
    <bairro>Juca Sampaio</bairro>
    <localidade>Palmeira dos Índios</localidade>
    <uf>AL</uf>
    <estado>Alagoas</estado>
    <região/>
    <ibge>2706307</ibge>
    <gia/>
    <ddd>82</ddd>
    <siafi>2825</siafi>
  </cep>
  <cep>
    <cep>57604-120</cep>
    <logradouro>Rua Tereza Maria de Jesus</logradouro>
    <complemento/>
    <unidade/>
    <bairro>Graciliano Ramos</bairro>
    <localidade>Palmeira dos Índios</localidade>
    <uf>AL</uf>
    <estado>Alagoas</estado>
    <região/>
    <ibge>2706307</ibge>
    <gia/>
    <ddd>82</ddd>
    <siafi>2825</siafi>
  </cep>
  <cep>
    <cep>57603-135</cep>
    <logradouro>Rua Professora Maria de Lourdes Monteiro</logradouro>
    <complemento/>
    <unidade/>
    <bairro>Juca Sampaio</bairro>
    <localidade>Palmeira dos Índios</localidade>
    <uf>AL</uf>
    <estado>Alagoas</estado>
    <região/>
    <ibge>2706307</ibge>
    <gia/>
    <ddd>82</ddd>
    <siafi>2825</siafi>
  </cep>
  <cep>
    <cep>57604-115</cep>
    <logradouro>Rua Dorotheu Marques Luz</logradouro>
    <complemento/>
    <unidade/>
    <bairro>Graciliano Ramos</bairro>
    <localidade>Palmeira dos Índios</localidade>
    <uf>AL</uf>
    <estado>Alagoas</estado>
    <região/>
    <ibge>2706307</ibge>
    <gia/>
    <ddd>82</ddd>
    <siafi>2825</siafi>
  </cep>
  <cep>
    <cep>57602-690</cep>
    <logradouro>Rua Fiscal José Evaristo</logradouro>
    <complemento/>
    <unidade/>
    <bairro>Ribeira</bairro>
    <localidade>Palmeira dos Índios</localidade>
    <uf>AL</uf>
    <estado>Alagoas</estado>
    <região/>
    <ibge>2706307</ibge>
    <gia/>
    <ddd>82</ddd>
    <siafi>2825</siafi>
  </cep>
  <cep>
    <cep>57603-075</cep>
    <logradouro>Rua Tabelião Fernandes de Barros</logradouro>
    <complemento/>
    <unidade/>
    <bairro>Juca Sampaio</bairro>
    <localidade>Palmeira dos Índios</localidade>
    <uf>AL</uf>
    <estado>Alagoas</estado>
    <região/>
    <ibge>2706307</ibge>
    <gia/>
    <ddd>82</ddd>
    <siafi>2825</siafi>
  </cep>
  <cep>
    <cep>57604-125</cep>
    <logradouro>Rua José Martins Ferreira</logradouro>
    <complemento/>
    <unidade/>
    <bairro>Graciliano Ramos</bairro>
    <localidade>Palmeira dos Índios</localidade>
    <uf>AL</uf>
    <estado>Alagoas</estado>
    <região/>
    <ibge>2706307</ibge>
    <gia/>
    <ddd>82</ddd>
    <siafi>2825</siafi>
  </cep>
  <cep>
    <cep>57604-130</cep>
    <logradouro>Rua Doutor José Marques do Nascimento</logradouro>
    <complemento/>
    <unidade/>
    <bairro>Graciliano Ramos</bairro>
    <localidade>Palmeira dos Índios</localidade>
    <uf>AL</uf>
    <estado>Alagoas</estado>
    <região/>
    <ibge>2706307</ibge>
    <gia/>
    <ddd>82</ddd>
    <siafi>2825</siafi>
  </cep>
  <cep>
    <cep>57603-120</cep>
    <logradouro>Rua Elói Soares da Costa</logradouro>
    <complemento/>
    <unidade/>
    <bairro>Juca Sampaio</bairro>
    <localidade>Palmeira dos Índios</localidade>
    <uf>AL</uf>
    <estado>Alagoas</estado>
    <região/>
    <ibge>2706307</ibge>
    <gia/>
    <ddd>82</ddd>
    <siafi>2825</siafi>
  </cep>
  <cep>
    <cep>57604-514</cep>
    <logradouro>Rua Carteiro Gilberto Duarte de Amorim</logradouro>
    <complemento/>
    <unidade/>
    <bairro>Graciliano Ramos</bairro>
    <localidade>Palmeira dos Índios</localidade>
    <uf>AL</uf>
    <estado>Alagoas</estado>
    <região/>
    <ibge>2706307</ibge>
    <gia/>
    <ddd>82</ddd>
    <siafi>2825</siafi>
  </cep>
  <cep>
    <cep>57604-510</cep>
    <logradouro>Rua Carteiro João Martins da Silva Júnior</logradouro>
    <complemento/>
    <unidade/>
    <bairro>Graciliano Ramos</bairro>
    <localidade>Palmeira dos Índios</localidade>
    <uf>AL</uf>
    <estado>Alagoas</estado>
    <região/>
    <ibge>2706307</ibge>
    <gia/>
    <ddd>82</ddd>
    <siafi>2825</siafi>
  </cep>
  <cep>
    <cep>57604-522</cep>
    <logradouro>Rua Carteiro Sebastião Paranhos Ferro</logradouro>
    <complemento/>
    <unidade/>
    <bairro>Graciliano Ramos</bairro>
    <localidade>Palmeira dos Índios</localidade>
    <uf>AL</uf>
    <estado>Alagoas</estado>
    <região/>
    <ibge>2706307</ibge>
    <gia/>
    <ddd>82</ddd>
    <siafi>2825</siafi>
  </cep>
  <cep>
    <cep>57604-518</cep>
    <logradouro>Rua Carteiro Olegario Tertulino da Silva</logradouro>
    <complemento/>
    <unidade/>
    <bairro>Graciliano Ramos</bairro>
    <localidade>Palmeira dos Índios</localidade>
    <uf>AL</uf>
    <estado>Alagoas</estado>
    <região/>
    <ibge>2706307</ibge>
    <gia/>
    <ddd>82</ddd>
    <siafi>2825</siafi>
  </cep>
  <cep>
    <cep>57604-530</cep>
    <logradouro>Rua Carteiro José Petrucio dos Santos</logradouro>
    <complemento/>
    <unidade/>
    <bairro>Graciliano Ramos</bairro>
    <localidade>Palmeira dos Índios</localidade>
    <uf>AL</uf>
    <estado>Alagoas</estado>
    <região/>
    <ibge>2706307</ibge>
    <gia/>
    <ddd>82</ddd>
    <siafi>2825</siafi>
  </cep>
  <cep>
    <cep>57604-526</cep>
    <logradouro>Rua Carteiro José Cícero Costa</logradouro>
    <complemento/>
    <unidade/>
    <bairro>Graciliano Ramos</bairro>
    <localidade>Palmeira dos Índios</localidade>
    <uf>AL</uf>
    <estado>Alagoas</estado>
    <região/>
    <ibge>2706307</ibge>
    <gia/>
    <ddd>82</ddd>
    <siafi>2825</siafi>
  </cep>
  <cep>
    <cep>57604-650</cep>
    <logradouro>Avenida Sabiá</logradouro>
    <complemento>(Lot Recanto do Sabiá)</complemento>
    <unidade/>
    <bairro>Graciliano Ramos</bairro>
    <localidade>Palmeira dos Índios</localidade>
    <uf>AL</uf>
    <estado>Alagoas</estado>
    <região/>
    <ibge>2706307</ibge>
    <gia/>
    <ddd>82</ddd>
    <siafi>2825</siafi>
  </cep>
  <cep>
    <cep>57604-654</cep>
    <logradouro>Alameda Sabiá</logradouro>
    <complemento/>
    <unidade/>
    <bairro>Graciliano Ramos</bairro>
    <localidade>Palmeira dos Índios</localidade>
    <uf>AL</uf>
    <estado>Alagoas</estado>
    <região/>
    <ibge>2706307</ibge>
    <gia/>
    <ddd>82</ddd>
    <siafi>2825</siafi>
  </cep>
  <cep>
    <cep>57604-652</cep>
    <logradouro>Rua Professora Eliete Rodrigues</logradouro>
    <complemento>(Lot Recanto do Sabiá)</complemento>
    <unidade/>
    <bairro>Graciliano Ramos</bairro>
    <localidade>Palmeira dos Índios</localidade>
    <uf>AL</uf>
    <estado>Alagoas</estado>
    <região/>
    <ibge>2706307</ibge>
    <gia/>
    <ddd>82</ddd>
    <siafi>2825</siafi>
  </cep>
  <cep>
    <cep>57604-658</cep>
    <logradouro>Rua Shirle Maria Ferreira</logradouro>
    <complemento>(Lot Recanto do Sabiá)</complemento>
    <unidade/>
    <bairro>Graciliano Ramos</bairro>
    <localidade>Palmeira dos Índios</localidade>
    <uf>AL</uf>
    <estado>Alagoas</estado>
    <região/>
    <ibge>2706307</ibge>
    <gia/>
    <ddd>82</ddd>
    <siafi>2825</siafi>
  </cep>
  <cep>
    <cep>57604-656</cep>
    <logradouro>Rua Domingos Pereira Lima</logradouro>
    <complemento>(Lot Recanto do Sabiá)</complemento>
    <unidade/>
    <bairro>Graciliano Ramos</bairro>
    <localidade>Palmeira dos Índios</localidade>
    <uf>AL</uf>
    <estado>Alagoas</estado>
    <região/>
    <ibge>2706307</ibge>
    <gia/>
    <ddd>82</ddd>
    <siafi>2825</siafi>
  </cep>
  <cep>
    <cep>57604-660</cep>
    <logradouro>Rua Maria Eugênia Henrique da Silva</logradouro>
    <complemento>(Lot Recanto do Sabiá)</complemento>
    <unidade/>
    <bairro>Graciliano Ramos</bairro>
    <localidade>Palmeira dos Índios</localidade>
    <uf>AL</uf>
    <estado>Alagoas</estado>
    <região/>
    <ibge>2706307</ibge>
    <gia/>
    <ddd>82</ddd>
    <siafi>2825</siafi>
  </cep>
  <cep>
    <cep>57604-662</cep>
    <logradouro>Rua Antônia Cabral da Silva</logradouro>
    <complemento>(Lot Recanto do Sabiá)</complemento>
    <unidade/>
    <bairro>Graciliano Ramos</bairro>
    <localidade>Palmeira dos Índios</localidade>
    <uf>AL</uf>
    <estado>Alagoas</estado>
    <região/>
    <ibge>2706307</ibge>
    <gia/>
    <ddd>82</ddd>
    <siafi>2825</siafi>
  </cep>
  <cep>
    <cep>57604-664</cep>
    <logradouro>Rua José Delfim da Mota Branco</logradouro>
    <complemento>(Lot Recanto do Sabiá)</complemento>
    <unidade/>
    <bairro>Graciliano Ramos</bairro>
    <localidade>Palmeira dos Índios</localidade>
    <uf>AL</uf>
    <estado>Alagoas</estado>
    <região/>
    <ibge>2706307</ibge>
    <gia/>
    <ddd>82</ddd>
    <siafi>2825</siafi>
  </cep>
  <cep>
    <cep>57604-668</cep>
    <logradouro>Rua Alfredo Antônio dos Santos</logradouro>
    <complemento>(Lot Recanto do Sabiá)</complemento>
    <unidade/>
    <bairro>Graciliano Ramos</bairro>
    <localidade>Palmeira dos Índios</localidade>
    <uf>AL</uf>
    <estado>Alagoas</estado>
    <região/>
    <ibge>2706307</ibge>
    <gia/>
    <ddd>82</ddd>
    <siafi>2825</siafi>
  </cep>
  <cep>
    <cep>57604-682</cep>
    <logradouro>Rua Maria de Lourdes Oliveira dos Santos</logradouro>
    <complemento>(Lot B Vista)</complemento>
    <unidade/>
    <bairro>Graciliano Ramos</bairro>
    <localidade>Palmeira dos Índios</localidade>
    <uf>AL</uf>
    <estado>Alagoas</estado>
    <região/>
    <ibge>2706307</ibge>
    <gia/>
    <ddd>82</ddd>
    <siafi>2825</siafi>
  </cep>
  <cep>
    <cep>57604-672</cep>
    <logradouro>Rua Aurilio Barbosa da Silva</logradouro>
    <complemento>(Lot Recanto do Sabiá)</complemento>
    <unidade/>
    <bairro>Graciliano Ramos</bairro>
    <localidade>Palmeira dos Índios</localidade>
    <uf>AL</uf>
    <estado>Alagoas</estado>
    <região/>
    <ibge>2706307</ibge>
    <gia/>
    <ddd>82</ddd>
    <siafi>2825</siafi>
  </cep>
  <cep>
    <cep>57604-692</cep>
    <logradouro>Rua José Vieira Brandão</logradouro>
    <complemento>(Lot B Vista)</complemento>
    <unidade/>
    <bairro>Graciliano Ramos</bairro>
    <localidade>Palmeira dos Índios</localidade>
    <uf>AL</uf>
    <estado>Alagoas</estado>
    <região/>
    <ibge>2706307</ibge>
    <gia/>
    <ddd>82</ddd>
    <siafi>2825</siafi>
  </cep>
  <cep>
    <cep>57604-674</cep>
    <logradouro>Rua Leopoldo Virginio Torres</logradouro>
    <complemento>(Lot Recanto do Sabiá)</complemento>
    <unidade/>
    <bairro>Graciliano Ramos</bairro>
    <localidade>Palmeira dos Índios</localidade>
    <uf>AL</uf>
    <estado>Alagoas</estado>
    <região/>
    <ibge>2706307</ibge>
    <gia/>
    <ddd>82</ddd>
    <siafi>2825</siafi>
  </cep>
  <cep>
    <cep>57604-678</cep>
    <logradouro>Rua Antônio Vitório Cavalcante</logradouro>
    <complemento>(Lot B Vista)</complemento>
    <unidade/>
    <bairro>Graciliano Ramos</bairro>
    <localidade>Palmeira dos Índios</localidade>
    <uf>AL</uf>
    <estado>Alagoas</estado>
    <região/>
    <ibge>2706307</ibge>
    <gia/>
    <ddd>82</ddd>
    <siafi>2825</siafi>
  </cep>
  <cep>
    <cep>57604-696</cep>
    <logradouro>Rua Josué Luiz da Silva</logradouro>
    <complemento>(Lot B Vista)</complemento>
    <unidade/>
    <bairro>Graciliano Ramos</bairro>
    <localidade>Palmeira dos Índios</localidade>
    <uf>AL</uf>
    <estado>Alagoas</estado>
    <região/>
    <ibge>2706307</ibge>
    <gia/>
    <ddd>82</ddd>
    <siafi>2825</siafi>
  </cep>
  <cep>
    <cep>57604-686</cep>
    <logradouro>Rua Agmelo José Ribas</logradouro>
    <complemento>(Lot B Vista)</complemento>
    <unidade/>
    <bairro>Graciliano Ramos</bairro>
    <localidade>Palmeira dos Índios</localidade>
    <uf>AL</uf>
    <estado>Alagoas</estado>
    <região/>
    <ibge>2706307</ibge>
    <gia/>
    <ddd>82</ddd>
    <siafi>2825</siafi>
  </cep>
  <cep>
    <cep>57604-800</cep>
    <logradouro>Rua Francisco Farias da Silva</logradouro>
    <complemento>(Lot Recanto do Sabiá)</complemento>
    <unidade/>
    <bairro>Graciliano Ramos</bairro>
    <localidade>Palmeira dos Índios</localidade>
    <uf>AL</uf>
    <estado>Alagoas</estado>
    <região/>
    <ibge>2706307</ibge>
    <gia/>
    <ddd>82</ddd>
    <siafi>2825</siafi>
  </cep>
  <cep>
    <cep>57604-688</cep>
    <logradouro>Rua Rodrigo Fonseca da Silva</logradouro>
    <complemento>(Lot B Vista)</complemento>
    <unidade/>
    <bairro>Graciliano Ramos</bairro>
    <localidade>Palmeira dos Índios</localidade>
    <uf>AL</uf>
    <estado>Alagoas</estado>
    <região/>
    <ibge>2706307</ibge>
    <gia/>
    <ddd>82</ddd>
    <siafi>2825</siafi>
  </cep>
  <cep>
    <cep>57604-694</cep>
    <logradouro>Rua Leopoldo José Tenório Torres</logradouro>
    <complemento>(Lot B Vista)</complemento>
    <unidade/>
    <bairro>Graciliano Ramos</bairro>
    <localidade>Palmeira dos Índios</localidade>
    <uf>AL</uf>
    <estado>Alagoas</estado>
    <região/>
    <ibge>2706307</ibge>
    <gia/>
    <ddd>82</ddd>
    <siafi>2825</siafi>
  </cep>
  <cep>
    <cep>57604-690</cep>
    <logradouro>Rua Maria Aparecida Lima da Costa</logradouro>
    <complemento>(Lot B Vista)</complemento>
    <unidade/>
    <bairro>Graciliano Ramos</bairro>
    <localidade>Palmeira dos Índios</localidade>
    <uf>AL</uf>
    <estado>Alagoas</estado>
    <região/>
    <ibge>2706307</ibge>
    <gia/>
    <ddd>82</ddd>
    <siafi>2825</siafi>
  </cep>
  <cep>
    <cep>57604-676</cep>
    <logradouro>Rua Gracindo Félix da Silva</logradouro>
    <complemento>(Lot Recanto do Sabiá)</complemento>
    <unidade/>
    <bairro>Graciliano Ramos</bairro>
    <localidade>Palmeira dos Índios</localidade>
    <uf>AL</uf>
    <estado>Alagoas</estado>
    <região/>
    <ibge>2706307</ibge>
    <gia/>
    <ddd>82</ddd>
    <siafi>2825</siafi>
  </cep>
  <cep>
    <cep>57604-804</cep>
    <logradouro>Rua Matilde Rodrigues de Lima</logradouro>
    <complemento>(Lot Recanto do Sabiá)</complemento>
    <unidade/>
    <bairro>Graciliano Ramos</bairro>
    <localidade>Palmeira dos Índios</localidade>
    <uf>AL</uf>
    <estado>Alagoas</estado>
    <região/>
    <ibge>2706307</ibge>
    <gia/>
    <ddd>82</ddd>
    <siafi>2825</siafi>
  </cep>
  <cep>
    <cep>57604-684</cep>
    <logradouro>Rua Ernesto Laudelino dos Santos</logradouro>
    <complemento>(Lot B Vista)</complemento>
    <unidade/>
    <bairro>Graciliano Ramos</bairro>
    <localidade>Palmeira dos Índios</localidade>
    <uf>AL</uf>
    <estado>Alagoas</estado>
    <região/>
    <ibge>2706307</ibge>
    <gia/>
    <ddd>82</ddd>
    <siafi>2825</siafi>
  </cep>
  <cep>
    <cep>57604-698</cep>
    <logradouro>Rua Miguel Pereira de Araújo</logradouro>
    <complemento>(Lot B Vista)</complemento>
    <unidade/>
    <bairro>Graciliano Ramos</bairro>
    <localidade>Palmeira dos Índios</localidade>
    <uf>AL</uf>
    <estado>Alagoas</estado>
    <região/>
    <ibge>2706307</ibge>
    <gia/>
    <ddd>82</ddd>
    <siafi>2825</siafi>
  </cep>
  <cep>
    <cep>57604-810</cep>
    <logradouro>Rua Antônio Basílio da Costa</logradouro>
    <complemento>(Lot Recanto do Sabiá)</complemento>
    <unidade/>
    <bairro>Graciliano Ramos</bairro>
    <localidade>Palmeira dos Índios</localidade>
    <uf>AL</uf>
    <estado>Alagoas</estado>
    <região/>
    <ibge>2706307</ibge>
    <gia/>
    <ddd>82</ddd>
    <siafi>2825</siafi>
  </cep>
  <cep>
    <cep>57604-808</cep>
    <logradouro>Rua Manoel Barbosa dos Santos</logradouro>
    <complemento>(Lot Recanto do Sabiá)</complemento>
    <unidade/>
    <bairro>Graciliano Ramos</bairro>
    <localidade>Palmeira dos Índios</localidade>
    <uf>AL</uf>
    <estado>Alagoas</estado>
    <região/>
    <ibge>2706307</ibge>
    <gia/>
    <ddd>82</ddd>
    <siafi>2825</siafi>
  </cep>
  <cep>
    <cep>57604-806</cep>
    <logradouro>Rua Sara Ferro de Oliveira</logradouro>
    <complemento>(Lot Recanto do Sabiá)</complemento>
    <unidade/>
    <bairro>Graciliano Ramos</bairro>
    <localidade>Palmeira dos Índios</localidade>
    <uf>AL</uf>
    <estado>Alagoas</estado>
    <região/>
    <ibge>2706307</ibge>
    <gia/>
    <ddd>82</ddd>
    <siafi>2825</siafi>
  </cep>
  <cep>
    <cep>57604-700</cep>
    <logradouro>Rua Manoel Basílio Silva</logradouro>
    <complemento>(Lot B Vista)</complemento>
    <unidade/>
    <bairro>Graciliano Ramos</bairro>
    <localidade>Palmeira dos Índios</localidade>
    <uf>AL</uf>
    <estado>Alagoas</estado>
    <região/>
    <ibge>2706307</ibge>
    <gia/>
    <ddd>82</ddd>
    <siafi>2825</siafi>
  </cep>
  <cep>
    <cep>57604-812</cep>
    <logradouro>Rua José de Barros Moura</logradouro>
    <complemento>(Lot Recanto do Sabiá)</complemento>
    <unidade/>
    <bairro>Graciliano Ramos</bairro>
    <localidade>Palmeira dos Índios</localidade>
    <uf>AL</uf>
    <estado>Alagoas</estado>
    <região/>
    <ibge>2706307</ibge>
    <gia/>
    <ddd>82</ddd>
    <siafi>2825</siafi>
  </cep>
  <cep>
    <cep>57604-802</cep>
    <logradouro>Rua Márcio Tavares Duarte</logradouro>
    <complemento>(Lot Recanto do Sabiá)</complemento>
    <unidade/>
    <bairro>Graciliano Ramos</bairro>
    <localidade>Palmeira dos Índios</localidade>
    <uf>AL</uf>
    <estado>Alagoas</estado>
    <região/>
    <ibge>2706307</ibge>
    <gia/>
    <ddd>82</ddd>
    <siafi>2825</siafi>
  </cep>
  <cep>
    <cep>57604-816</cep>
    <logradouro>Alameda José Helenildo Ribeiro Monteiro</logradouro>
    <complemento>(Lot B Vista)</complemento>
    <unidade/>
    <bairro>Graciliano Ramos</bairro>
    <localidade>Palmeira dos Índios</localidade>
    <uf>AL</uf>
    <estado>Alagoas</estado>
    <região/>
    <ibge>2706307</ibge>
    <gia/>
    <ddd>82</ddd>
    <siafi>2825</siafi>
  </cep>
  <cep>
    <cep>57605-070</cep>
    <logradouro>Travessa José Porfírio da Silva</logradouro>
    <complemento/>
    <unidade/>
    <bairro>Xucurus</bairro>
    <localidade>Palmeira dos Índios</localidade>
    <uf>AL</uf>
    <estado>Alagoas</estado>
    <região/>
    <ibge>2706307</ibge>
    <gia/>
    <ddd>82</ddd>
    <siafi>2825</siafi>
  </cep>
  <cep>
    <cep>57605-020</cep>
    <logradouro>Rua Santa Izabel</logradouro>
    <complemento/>
    <unidade/>
    <bairro>Xucurus</bairro>
    <localidade>Palmeira dos Índios</localidade>
    <uf>AL</uf>
    <estado>Alagoas</estado>
    <região/>
    <ibge>2706307</ibge>
    <gia/>
    <ddd>82</ddd>
    <siafi>2825</siafi>
  </cep>
  <cep>
    <cep>57605-025</cep>
    <logradouro>Rua Nossa Senhora do Rosário</logradouro>
    <complemento/>
    <unidade/>
    <bairro>Xucurus</bairro>
    <localidade>Palmeira dos Índios</localidade>
    <uf>AL</uf>
    <estado>Alagoas</estado>
    <região/>
    <ibge>2706307</ibge>
    <gia/>
    <ddd>82</ddd>
    <siafi>2825</siafi>
  </cep>
  <cep>
    <cep>57605-010</cep>
    <logradouro>Rua Osório Horácio</logradouro>
    <complemento/>
    <unidade/>
    <bairro>Xucurus</bairro>
    <localidade>Palmeira dos Índios</localidade>
    <uf>AL</uf>
    <estado>Alagoas</estado>
    <região/>
    <ibge>2706307</ibge>
    <gia/>
    <ddd>82</ddd>
    <siafi>2825</siafi>
  </cep>
  <cep>
    <cep>57604-818</cep>
    <logradouro>Rua Robério Pereira Gomes</logradouro>
    <complemento>(Lot B Vista)</complemento>
    <unidade/>
    <bairro>Graciliano Ramos</bairro>
    <localidade>Palmeira dos Índios</localidade>
    <uf>AL</uf>
    <estado>Alagoas</estado>
    <região/>
    <ibge>2706307</ibge>
    <gia/>
    <ddd>82</ddd>
    <siafi>2825</siafi>
  </cep>
  <cep>
    <cep>57605-040</cep>
    <logradouro>Rua Sebastião Gonçalves</logradouro>
    <complemento/>
    <unidade/>
    <bairro>Xucurus</bairro>
    <localidade>Palmeira dos Índios</localidade>
    <uf>AL</uf>
    <estado>Alagoas</estado>
    <região/>
    <ibge>2706307</ibge>
    <gia/>
    <ddd>82</ddd>
    <siafi>2825</siafi>
  </cep>
  <cep>
    <cep>57605-060</cep>
    <logradouro>Rua Maximila Joaquina de Araujo</logradouro>
    <complemento/>
    <unidade/>
    <bairro>Xucurus</bairro>
    <localidade>Palmeira dos Índios</localidade>
    <uf>AL</uf>
    <estado>Alagoas</estado>
    <região/>
    <ibge>2706307</ibge>
    <gia/>
    <ddd>82</ddd>
    <siafi>2825</siafi>
  </cep>
  <cep>
    <cep>57605-100</cep>
    <logradouro>Rua Vereador Jaime Guimarães</logradouro>
    <complemento/>
    <unidade/>
    <bairro>Xucurus</bairro>
    <localidade>Palmeira dos Índios</localidade>
    <uf>AL</uf>
    <estado>Alagoas</estado>
    <região/>
    <ibge>2706307</ibge>
    <gia/>
    <ddd>82</ddd>
    <siafi>2825</siafi>
  </cep>
  <cep>
    <cep>57605-105</cep>
    <logradouro>Travessa Julita Machado</logradouro>
    <complemento/>
    <unidade/>
    <bairro>Xucurus</bairro>
    <localidade>Palmeira dos Índios</localidade>
    <uf>AL</uf>
    <estado>Alagoas</estado>
    <região/>
    <ibge>2706307</ibge>
    <gia/>
    <ddd>82</ddd>
    <siafi>2825</siafi>
  </cep>
  <cep>
    <cep>57605-110</cep>
    <logradouro>Praça das Cinco Chagas</logradouro>
    <complemento/>
    <unidade/>
    <bairro>Xucurus</bairro>
    <localidade>Palmeira dos Índios</localidade>
    <uf>AL</uf>
    <estado>Alagoas</estado>
    <região/>
    <ibge>2706307</ibge>
    <gia/>
    <ddd>82</ddd>
    <siafi>2825</siafi>
  </cep>
  <cep>
    <cep>57605-120</cep>
    <logradouro>Rua Adelaide Carvalho do Nascimento</logradouro>
    <complemento/>
    <unidade/>
    <bairro>Xucurus</bairro>
    <localidade>Palmeira dos Índios</localidade>
    <uf>AL</uf>
    <estado>Alagoas</estado>
    <região/>
    <ibge>2706307</ibge>
    <gia/>
    <ddd>82</ddd>
    <siafi>2825</siafi>
  </cep>
  <cep>
    <cep>57605-035</cep>
    <logradouro>Travessa Avelino Balbino da Silva</logradouro>
    <complemento/>
    <unidade/>
    <bairro>Xucurus</bairro>
    <localidade>Palmeira dos Índios</localidade>
    <uf>AL</uf>
    <estado>Alagoas</estado>
    <região/>
    <ibge>2706307</ibge>
    <gia/>
    <ddd>82</ddd>
    <siafi>2825</siafi>
  </cep>
  <cep>
    <cep>57605-090</cep>
    <logradouro>Rua Terezinha Constancia</logradouro>
    <complemento/>
    <unidade/>
    <bairro>Xucurus</bairro>
    <localidade>Palmeira dos Índios</localidade>
    <uf>AL</uf>
    <estado>Alagoas</estado>
    <região/>
    <ibge>2706307</ibge>
    <gia/>
    <ddd>82</ddd>
    <siafi>2825</siafi>
  </cep>
  <cep>
    <cep>57605-125</cep>
    <logradouro>Travessa José Hilário de Oliveira</logradouro>
    <complemento/>
    <unidade/>
    <bairro>Xucurus</bairro>
    <localidade>Palmeira dos Índios</localidade>
    <uf>AL</uf>
    <estado>Alagoas</estado>
    <região/>
    <ibge>2706307</ibge>
    <gia/>
    <ddd>82</ddd>
    <siafi>2825</siafi>
  </cep>
  <cep>
    <cep>57604-819</cep>
    <logradouro>Rua Odilon Minga da Rocha</logradouro>
    <complemento>(Lot Recanto do Sabiá)</complemento>
    <unidade/>
    <bairro>Graciliano Ramos</bairro>
    <localidade>Palmeira dos Índios</localidade>
    <uf>AL</uf>
    <estado>Alagoas</estado>
    <região/>
    <ibge>2706307</ibge>
    <gia/>
    <ddd>82</ddd>
    <siafi>2825</siafi>
  </cep>
  <cep>
    <cep>57605-015</cep>
    <logradouro>Rua Santa Ana</logradouro>
    <complemento/>
    <unidade/>
    <bairro>Xucurus</bairro>
    <localidade>Palmeira dos Índios</localidade>
    <uf>AL</uf>
    <estado>Alagoas</estado>
    <região/>
    <ibge>2706307</ibge>
    <gia/>
    <ddd>82</ddd>
    <siafi>2825</siafi>
  </cep>
  <cep>
    <cep>57605-130</cep>
    <logradouro>Rua Adélia de Souza Góes</logradouro>
    <complemento/>
    <unidade/>
    <bairro>Xucurus</bairro>
    <localidade>Palmeira dos Índios</localidade>
    <uf>AL</uf>
    <estado>Alagoas</estado>
    <região/>
    <ibge>2706307</ibge>
    <gia/>
    <ddd>82</ddd>
    <siafi>2825</siafi>
  </cep>
  <cep>
    <cep>57605-030</cep>
    <logradouro>Rua Avelino Balbino da Silva</logradouro>
    <complemento/>
    <unidade/>
    <bairro>Xucurus</bairro>
    <localidade>Palmeira dos Índios</localidade>
    <uf>AL</uf>
    <estado>Alagoas</estado>
    <região/>
    <ibge>2706307</ibge>
    <gia/>
    <ddd>82</ddd>
    <siafi>2825</siafi>
  </cep>
  <cep>
    <cep>57605-021</cep>
    <logradouro>Rua Santa Bernadete</logradouro>
    <complemento/>
    <unidade/>
    <bairro>Xucurus</bairro>
    <localidade>Palmeira dos Índios</localidade>
    <uf>AL</uf>
    <estado>Alagoas</estado>
    <região/>
    <ibge>2706307</ibge>
    <gia/>
    <ddd>82</ddd>
    <siafi>2825</siafi>
  </cep>
  <cep>
    <cep>57605-050</cep>
    <logradouro>Alameda Manoel Simplício Nascimento</logradouro>
    <complemento/>
    <unidade/>
    <bairro>Xucurus</bairro>
    <localidade>Palmeira dos Índios</localidade>
    <uf>AL</uf>
    <estado>Alagoas</estado>
    <região/>
    <ibge>2706307</ibge>
    <gia/>
    <ddd>82</ddd>
    <siafi>2825</siafi>
  </cep>
  <cep>
    <cep>57605-075</cep>
    <logradouro>Travessa José Vitório Cavalcante</logradouro>
    <complemento/>
    <unidade/>
    <bairro>Xucurus</bairro>
    <localidade>Palmeira dos Índios</localidade>
    <uf>AL</uf>
    <estado>Alagoas</estado>
    <região/>
    <ibge>2706307</ibge>
    <gia/>
    <ddd>82</ddd>
    <siafi>2825</siafi>
  </cep>
  <cep>
    <cep>57606-010</cep>
    <logradouro>Rua da Paz</logradouro>
    <complemento/>
    <unidade/>
    <bairro>Sonho Verde</bairro>
    <localidade>Palmeira dos Índios</localidade>
    <uf>AL</uf>
    <estado>Alagoas</estado>
    <região/>
    <ibge>2706307</ibge>
    <gia/>
    <ddd>82</ddd>
    <siafi>2825</siafi>
  </cep>
  <cep>
    <cep>57606-020</cep>
    <logradouro>Travessa da Paz</logradouro>
    <complemento/>
    <unidade/>
    <bairro>Sonho Verde</bairro>
    <localidade>Palmeira dos Índios</localidade>
    <uf>AL</uf>
    <estado>Alagoas</estado>
    <região/>
    <ibge>2706307</ibge>
    <gia/>
    <ddd>82</ddd>
    <siafi>2825</siafi>
  </cep>
  <cep>
    <cep>57606-030</cep>
    <logradouro>Rua João do Né</logradouro>
    <complemento/>
    <unidade/>
    <bairro>Sonho Verde</bairro>
    <localidade>Palmeira dos Índios</localidade>
    <uf>AL</uf>
    <estado>Alagoas</estado>
    <região/>
    <ibge>2706307</ibge>
    <gia/>
    <ddd>82</ddd>
    <siafi>2825</siafi>
  </cep>
  <cep>
    <cep>57606-040</cep>
    <logradouro>Travessa João do Né</logradouro>
    <complemento/>
    <unidade/>
    <bairro>Sonho Verde</bairro>
    <localidade>Palmeira dos Índios</localidade>
    <uf>AL</uf>
    <estado>Alagoas</estado>
    <região/>
    <ibge>2706307</ibge>
    <gia/>
    <ddd>82</ddd>
    <siafi>2825</siafi>
  </cep>
  <cep>
    <cep>57606-045</cep>
    <logradouro>Rodovia BR 316</logradouro>
    <complemento/>
    <unidade/>
    <bairro>Sonho Verde</bairro>
    <localidade>Palmeira dos Índios</localidade>
    <uf>AL</uf>
    <estado>Alagoas</estado>
    <região/>
    <ibge>2706307</ibge>
    <gia/>
    <ddd>82</ddd>
    <siafi>2825</siafi>
  </cep>
  <cep>
    <cep>57606-050</cep>
    <logradouro>Rua Irmãos Barbosa</logradouro>
    <complemento/>
    <unidade/>
    <bairro>Sonho Verde</bairro>
    <localidade>Palmeira dos Índios</localidade>
    <uf>AL</uf>
    <estado>Alagoas</estado>
    <região/>
    <ibge>2706307</ibge>
    <gia/>
    <ddd>82</ddd>
    <siafi>2825</siafi>
  </cep>
  <cep>
    <cep>57603-040</cep>
    <logradouro>Rua Sebastião Barbosa</logradouro>
    <complemento/>
    <unidade/>
    <bairro>Juca Sampaio</bairro>
    <localidade>Palmeira dos Índios</localidade>
    <uf>AL</uf>
    <estado>Alagoas</estado>
    <região/>
    <ibge>2706307</ibge>
    <gia/>
    <ddd>82</ddd>
    <siafi>2825</siafi>
  </cep>
  <cep>
    <cep>57606-055</cep>
    <logradouro>Rua José Pereira da Silva</logradouro>
    <complemento/>
    <unidade/>
    <bairro>Sonho Verde</bairro>
    <localidade>Palmeira dos Índios</localidade>
    <uf>AL</uf>
    <estado>Alagoas</estado>
    <região/>
    <ibge>2706307</ibge>
    <gia/>
    <ddd>82</ddd>
    <siafi>2825</siafi>
  </cep>
  <cep>
    <cep>57606-057</cep>
    <logradouro>Rodovia Girador de Acesso BR 316</logradouro>
    <complemento/>
    <unidade/>
    <bairro>Sonho Verde</bairro>
    <localidade>Palmeira dos Índios</localidade>
    <uf>AL</uf>
    <estado>Alagoas</estado>
    <região/>
    <ibge>2706307</ibge>
    <gia/>
    <ddd>82</ddd>
    <siafi>2825</siafi>
  </cep>
  <cep>
    <cep>57607-050</cep>
    <logradouro>Rua Acre</logradouro>
    <complemento/>
    <unidade/>
    <bairro>Jardim Brasil</bairro>
    <localidade>Palmeira dos Índios</localidade>
    <uf>AL</uf>
    <estado>Alagoas</estado>
    <região/>
    <ibge>2706307</ibge>
    <gia/>
    <ddd>82</ddd>
    <siafi>2825</siafi>
  </cep>
  <cep>
    <cep>57606-272</cep>
    <logradouro>Rua Fotógrafo Jornalístico Edson Silva</logradouro>
    <complemento/>
    <unidade/>
    <bairro>Sonho Verde</bairro>
    <localidade>Palmeira dos Índios</localidade>
    <uf>AL</uf>
    <estado>Alagoas</estado>
    <região/>
    <ibge>2706307</ibge>
    <gia/>
    <ddd>82</ddd>
    <siafi>2825</siafi>
  </cep>
  <cep>
    <cep>57606-070</cep>
    <logradouro>Rua José Ferreira do Nascimento</logradouro>
    <complemento/>
    <unidade/>
    <bairro>Sonho Verde</bairro>
    <localidade>Palmeira dos Índios</localidade>
    <uf>AL</uf>
    <estado>Alagoas</estado>
    <região/>
    <ibge>2706307</ibge>
    <gia/>
    <ddd>82</ddd>
    <siafi>2825</siafi>
  </cep>
  <cep>
    <cep>57607-010</cep>
    <logradouro>Avenida Brasília</logradouro>
    <complemento>de 72/73 ao fim</complemento>
    <unidade/>
    <bairro>Jardim Brasil</bairro>
    <localidade>Palmeira dos Índios</localidade>
    <uf>AL</uf>
    <estado>Alagoas</estado>
    <região/>
    <ibge>2706307</ibge>
    <gia/>
    <ddd>82</ddd>
    <siafi>2825</siafi>
  </cep>
  <cep>
    <cep>57606-110</cep>
    <logradouro>Rua Antônio Teixeira de Lima</logradouro>
    <complemento/>
    <unidade/>
    <bairro>Sonho Verde</bairro>
    <localidade>Palmeira dos Índios</localidade>
    <uf>AL</uf>
    <estado>Alagoas</estado>
    <região/>
    <ibge>2706307</ibge>
    <gia/>
    <ddd>82</ddd>
    <siafi>2825</siafi>
  </cep>
  <cep>
    <cep>57606-090</cep>
    <logradouro>Travessa Direita</logradouro>
    <complemento/>
    <unidade/>
    <bairro>Sonho Verde</bairro>
    <localidade>Palmeira dos Índios</localidade>
    <uf>AL</uf>
    <estado>Alagoas</estado>
    <região/>
    <ibge>2706307</ibge>
    <gia/>
    <ddd>82</ddd>
    <siafi>2825</siafi>
  </cep>
  <cep>
    <cep>57606-095</cep>
    <logradouro>Rua da Direita</logradouro>
    <complemento/>
    <unidade/>
    <bairro>Sonho Verde</bairro>
    <localidade>Palmeira dos Índios</localidade>
    <uf>AL</uf>
    <estado>Alagoas</estado>
    <região/>
    <ibge>2706307</ibge>
    <gia/>
    <ddd>82</ddd>
    <siafi>2825</siafi>
  </cep>
  <cep>
    <cep>57606-060</cep>
    <logradouro>Rua São José</logradouro>
    <complemento/>
    <unidade/>
    <bairro>Sonho Verde</bairro>
    <localidade>Palmeira dos Índios</localidade>
    <uf>AL</uf>
    <estado>Alagoas</estado>
    <região/>
    <ibge>2706307</ibge>
    <gia/>
    <ddd>82</ddd>
    <siafi>2825</siafi>
  </cep>
  <cep>
    <cep>57607-020</cep>
    <logradouro>Avenida Alagoas</logradouro>
    <complemento>de 111/112 ao fim</complemento>
    <unidade/>
    <bairro>Jardim Brasil</bairro>
    <localidade>Palmeira dos Índios</localidade>
    <uf>AL</uf>
    <estado>Alagoas</estado>
    <região/>
    <ibge>2706307</ibge>
    <gia/>
    <ddd>82</ddd>
    <siafi>2825</siafi>
  </cep>
  <cep>
    <cep>57606-100</cep>
    <logradouro>Rua Sonho Verde</logradouro>
    <complemento/>
    <unidade/>
    <bairro>Sonho Verde</bairro>
    <localidade>Palmeira dos Índios</localidade>
    <uf>AL</uf>
    <estado>Alagoas</estado>
    <região/>
    <ibge>2706307</ibge>
    <gia/>
    <ddd>82</ddd>
    <siafi>2825</siafi>
  </cep>
  <cep>
    <cep>57607-055</cep>
    <logradouro>Rua Getúlio Vargas</logradouro>
    <complemento/>
    <unidade/>
    <bairro>Jardim Brasil</bairro>
    <localidade>Palmeira dos Índios</localidade>
    <uf>AL</uf>
    <estado>Alagoas</estado>
    <região/>
    <ibge>2706307</ibge>
    <gia/>
    <ddd>82</ddd>
    <siafi>2825</siafi>
  </cep>
  <cep>
    <cep>57606-276</cep>
    <logradouro>Rua Empresário Pedro Gonçalves Moura</logradouro>
    <complemento/>
    <unidade/>
    <bairro>Sonho Verde</bairro>
    <localidade>Palmeira dos Índios</localidade>
    <uf>AL</uf>
    <estado>Alagoas</estado>
    <região/>
    <ibge>2706307</ibge>
    <gia/>
    <ddd>82</ddd>
    <siafi>2825</siafi>
  </cep>
  <cep>
    <cep>57607-060</cep>
    <logradouro>Rua Maranhão</logradouro>
    <complemento/>
    <unidade/>
    <bairro>Jardim Brasil</bairro>
    <localidade>Palmeira dos Índios</localidade>
    <uf>AL</uf>
    <estado>Alagoas</estado>
    <região/>
    <ibge>2706307</ibge>
    <gia/>
    <ddd>82</ddd>
    <siafi>2825</siafi>
  </cep>
  <cep>
    <cep>57607-100</cep>
    <logradouro>Rua Paraíba</logradouro>
    <complemento/>
    <unidade/>
    <bairro>Jardim Brasil</bairro>
    <localidade>Palmeira dos Índios</localidade>
    <uf>AL</uf>
    <estado>Alagoas</estado>
    <região/>
    <ibge>2706307</ibge>
    <gia/>
    <ddd>82</ddd>
    <siafi>2825</siafi>
  </cep>
  <cep>
    <cep>57607-090</cep>
    <logradouro>Rua Rio Grande do Norte</logradouro>
    <complemento/>
    <unidade/>
    <bairro>Jardim Brasil</bairro>
    <localidade>Palmeira dos Índios</localidade>
    <uf>AL</uf>
    <estado>Alagoas</estado>
    <região/>
    <ibge>2706307</ibge>
    <gia/>
    <ddd>82</ddd>
    <siafi>2825</siafi>
  </cep>
  <cep>
    <cep>57606-274</cep>
    <logradouro>Rua Lamartine Salviano</logradouro>
    <complemento/>
    <unidade/>
    <bairro>Sonho Verde</bairro>
    <localidade>Palmeira dos Índios</localidade>
    <uf>AL</uf>
    <estado>Alagoas</estado>
    <região/>
    <ibge>2706307</ibge>
    <gia/>
    <ddd>82</ddd>
    <siafi>2825</siafi>
  </cep>
  <cep>
    <cep>57606-056</cep>
    <logradouro>Travessa José Pereira da Silva</logradouro>
    <complemento/>
    <unidade/>
    <bairro>Sonho Verde</bairro>
    <localidade>Palmeira dos Índios</localidade>
    <uf>AL</uf>
    <estado>Alagoas</estado>
    <região/>
    <ibge>2706307</ibge>
    <gia/>
    <ddd>82</ddd>
    <siafi>2825</siafi>
  </cep>
  <cep>
    <cep>57607-040</cep>
    <logradouro>Rua Pará</logradouro>
    <complemento/>
    <unidade/>
    <bairro>Jardim Brasil</bairro>
    <localidade>Palmeira dos Índios</localidade>
    <uf>AL</uf>
    <estado>Alagoas</estado>
    <região/>
    <ibge>2706307</ibge>
    <gia/>
    <ddd>82</ddd>
    <siafi>2825</siafi>
  </cep>
  <cep>
    <cep>57607-070</cep>
    <logradouro>Rua Piauí</logradouro>
    <complemento/>
    <unidade/>
    <bairro>Jardim Brasil</bairro>
    <localidade>Palmeira dos Índios</localidade>
    <uf>AL</uf>
    <estado>Alagoas</estado>
    <região/>
    <ibge>2706307</ibge>
    <gia/>
    <ddd>82</ddd>
    <siafi>2825</siafi>
  </cep>
  <cep>
    <cep>57607-110</cep>
    <logradouro>Rua Pernambuco</logradouro>
    <complemento/>
    <unidade/>
    <bairro>Jardim Brasil</bairro>
    <localidade>Palmeira dos Índios</localidade>
    <uf>AL</uf>
    <estado>Alagoas</estado>
    <região/>
    <ibge>2706307</ibge>
    <gia/>
    <ddd>82</ddd>
    <siafi>2825</siafi>
  </cep>
  <cep>
    <cep>57607-130</cep>
    <logradouro>Rua Bahia</logradouro>
    <complemento/>
    <unidade/>
    <bairro>Jardim Brasil</bairro>
    <localidade>Palmeira dos Índios</localidade>
    <uf>AL</uf>
    <estado>Alagoas</estado>
    <região/>
    <ibge>2706307</ibge>
    <gia/>
    <ddd>82</ddd>
    <siafi>2825</siafi>
  </cep>
  <cep>
    <cep>57607-170</cep>
    <logradouro>Rua Goiás</logradouro>
    <complemento/>
    <unidade/>
    <bairro>Jardim Brasil</bairro>
    <localidade>Palmeira dos Índios</localidade>
    <uf>AL</uf>
    <estado>Alagoas</estado>
    <região/>
    <ibge>2706307</ibge>
    <gia/>
    <ddd>82</ddd>
    <siafi>2825</siafi>
  </cep>
  <cep>
    <cep>57607-140</cep>
    <logradouro>Rua Espírito Santo</logradouro>
    <complemento/>
    <unidade/>
    <bairro>Jardim Brasil</bairro>
    <localidade>Palmeira dos Índios</localidade>
    <uf>AL</uf>
    <estado>Alagoas</estado>
    <região/>
    <ibge>2706307</ibge>
    <gia/>
    <ddd>82</ddd>
    <siafi>2825</siafi>
  </cep>
  <cep>
    <cep>57607-180</cep>
    <logradouro>Rua Mato Grosso</logradouro>
    <complemento/>
    <unidade/>
    <bairro>Jardim Brasil</bairro>
    <localidade>Palmeira dos Índios</localidade>
    <uf>AL</uf>
    <estado>Alagoas</estado>
    <região/>
    <ibge>2706307</ibge>
    <gia/>
    <ddd>82</ddd>
    <siafi>2825</siafi>
  </cep>
  <cep>
    <cep>57607-080</cep>
    <logradouro>Rua Ceará</logradouro>
    <complemento/>
    <unidade/>
    <bairro>Jardim Brasil</bairro>
    <localidade>Palmeira dos Índios</localidade>
    <uf>AL</uf>
    <estado>Alagoas</estado>
    <região/>
    <ibge>2706307</ibge>
    <gia/>
    <ddd>82</ddd>
    <siafi>2825</siafi>
  </cep>
  <cep>
    <cep>57607-120</cep>
    <logradouro>Rua Sergipe</logradouro>
    <complemento/>
    <unidade/>
    <bairro>Jardim Brasil</bairro>
    <localidade>Palmeira dos Índios</localidade>
    <uf>AL</uf>
    <estado>Alagoas</estado>
    <região/>
    <ibge>2706307</ibge>
    <gia/>
    <ddd>82</ddd>
    <siafi>2825</siafi>
  </cep>
  <cep>
    <cep>57607-160</cep>
    <logradouro>Rua Santa Catarina</logradouro>
    <complemento/>
    <unidade/>
    <bairro>Jardim Brasil</bairro>
    <localidade>Palmeira dos Índios</localidade>
    <uf>AL</uf>
    <estado>Alagoas</estado>
    <região/>
    <ibge>2706307</ibge>
    <gia/>
    <ddd>82</ddd>
    <siafi>2825</siafi>
  </cep>
  <cep>
    <cep>57607-190</cep>
    <logradouro>Rua Rio Grande do Sul</logradouro>
    <complemento/>
    <unidade/>
    <bairro>Jardim Brasil</bairro>
    <localidade>Palmeira dos Índios</localidade>
    <uf>AL</uf>
    <estado>Alagoas</estado>
    <região/>
    <ibge>2706307</ibge>
    <gia/>
    <ddd>82</ddd>
    <siafi>2825</siafi>
  </cep>
  <cep>
    <cep>57607-201</cep>
    <logradouro>Rua José Cabral das Graças</logradouro>
    <complemento/>
    <unidade/>
    <bairro>Jardim Brasil</bairro>
    <localidade>Palmeira dos Índios</localidade>
    <uf>AL</uf>
    <estado>Alagoas</estado>
    <região/>
    <ibge>2706307</ibge>
    <gia/>
    <ddd>82</ddd>
    <siafi>2825</siafi>
  </cep>
  <cep>
    <cep>57607-200</cep>
    <logradouro>Rua Estudante Eraldo Malta</logradouro>
    <complemento/>
    <unidade/>
    <bairro>Jardim Brasil</bairro>
    <localidade>Palmeira dos Índios</localidade>
    <uf>AL</uf>
    <estado>Alagoas</estado>
    <região/>
    <ibge>2706307</ibge>
    <gia/>
    <ddd>82</ddd>
    <siafi>2825</siafi>
  </cep>
  <cep>
    <cep>57607-202</cep>
    <logradouro>Rua Narciso Torres</logradouro>
    <complemento/>
    <unidade/>
    <bairro>Jardim Brasil</bairro>
    <localidade>Palmeira dos Índios</localidade>
    <uf>AL</uf>
    <estado>Alagoas</estado>
    <região/>
    <ibge>2706307</ibge>
    <gia/>
    <ddd>82</ddd>
    <siafi>2825</siafi>
  </cep>
  <cep>
    <cep>57607-206</cep>
    <logradouro>Rua Belarmino José da Silva</logradouro>
    <complemento/>
    <unidade/>
    <bairro>Jardim Brasil</bairro>
    <localidade>Palmeira dos Índios</localidade>
    <uf>AL</uf>
    <estado>Alagoas</estado>
    <região/>
    <ibge>2706307</ibge>
    <gia/>
    <ddd>82</ddd>
    <siafi>2825</siafi>
  </cep>
  <cep>
    <cep>57607-205</cep>
    <logradouro>Rua Vereador José Tobias de Almeida</logradouro>
    <complemento>(Loteamento Valdeci Mota)</complemento>
    <unidade/>
    <bairro>Jardim Brasil</bairro>
    <localidade>Palmeira dos Índios</localidade>
    <uf>AL</uf>
    <estado>Alagoas</estado>
    <região/>
    <ibge>2706307</ibge>
    <gia/>
    <ddd>82</ddd>
    <siafi>2825</siafi>
  </cep>
  <cep>
    <cep>57607-203</cep>
    <logradouro>Rua Padre Luiz Farias Torres</logradouro>
    <complemento/>
    <unidade/>
    <bairro>Jardim Brasil</bairro>
    <localidade>Palmeira dos Índios</localidade>
    <uf>AL</uf>
    <estado>Alagoas</estado>
    <região/>
    <ibge>2706307</ibge>
    <gia/>
    <ddd>82</ddd>
    <siafi>2825</siafi>
  </cep>
  <cep>
    <cep>57607-220</cep>
    <logradouro>Rua Doutora Aline Ana Leal</logradouro>
    <complemento/>
    <unidade/>
    <bairro>Jardim Brasil</bairro>
    <localidade>Palmeira dos Índios</localidade>
    <uf>AL</uf>
    <estado>Alagoas</estado>
    <região/>
    <ibge>2706307</ibge>
    <gia/>
    <ddd>82</ddd>
    <siafi>2825</siafi>
  </cep>
  <cep>
    <cep>57607-255</cep>
    <logradouro>Travessa Israel Teixeira</logradouro>
    <complemento/>
    <unidade/>
    <bairro>Jardim Brasil</bairro>
    <localidade>Palmeira dos Índios</localidade>
    <uf>AL</uf>
    <estado>Alagoas</estado>
    <região/>
    <ibge>2706307</ibge>
    <gia/>
    <ddd>82</ddd>
    <siafi>2825</siafi>
  </cep>
  <cep>
    <cep>57607-230</cep>
    <logradouro>Rua Antônio Eliziário</logradouro>
    <complemento/>
    <unidade/>
    <bairro>Jardim Brasil</bairro>
    <localidade>Palmeira dos Índios</localidade>
    <uf>AL</uf>
    <estado>Alagoas</estado>
    <região/>
    <ibge>2706307</ibge>
    <gia/>
    <ddd>82</ddd>
    <siafi>2825</siafi>
  </cep>
  <cep>
    <cep>57607-290</cep>
    <logradouro>Rua da Fraternidade</logradouro>
    <complemento/>
    <unidade/>
    <bairro>Jardim Brasil</bairro>
    <localidade>Palmeira dos Índios</localidade>
    <uf>AL</uf>
    <estado>Alagoas</estado>
    <região/>
    <ibge>2706307</ibge>
    <gia/>
    <ddd>82</ddd>
    <siafi>2825</siafi>
  </cep>
  <cep>
    <cep>57607-280</cep>
    <logradouro>Rua Brasil Novo</logradouro>
    <complemento/>
    <unidade/>
    <bairro>Jardim Brasil</bairro>
    <localidade>Palmeira dos Índios</localidade>
    <uf>AL</uf>
    <estado>Alagoas</estado>
    <região/>
    <ibge>2706307</ibge>
    <gia/>
    <ddd>82</ddd>
    <siafi>2825</siafi>
  </cep>
  <cep>
    <cep>57607-207</cep>
    <logradouro>Rua Leonardo Pinto</logradouro>
    <complemento/>
    <unidade/>
    <bairro>Jardim Brasil</bairro>
    <localidade>Palmeira dos Índios</localidade>
    <uf>AL</uf>
    <estado>Alagoas</estado>
    <região/>
    <ibge>2706307</ibge>
    <gia/>
    <ddd>82</ddd>
    <siafi>2825</siafi>
  </cep>
  <cep>
    <cep>57607-305</cep>
    <logradouro>Travessa Jardim das Flores</logradouro>
    <complemento/>
    <unidade/>
    <bairro>Vila Maria</bairro>
    <localidade>Palmeira dos Índios</localidade>
    <uf>AL</uf>
    <estado>Alagoas</estado>
    <região/>
    <ibge>2706307</ibge>
    <gia/>
    <ddd>82</ddd>
    <siafi>2825</siafi>
  </cep>
  <cep>
    <cep>57607-250</cep>
    <logradouro>Rua Israel Teixeira</logradouro>
    <complemento/>
    <unidade/>
    <bairro>Jardim Brasil</bairro>
    <localidade>Palmeira dos Índios</localidade>
    <uf>AL</uf>
    <estado>Alagoas</estado>
    <região/>
    <ibge>2706307</ibge>
    <gia/>
    <ddd>82</ddd>
    <siafi>2825</siafi>
  </cep>
  <cep>
    <cep>57607-300</cep>
    <logradouro>Rua Jardim das Flores</logradouro>
    <complemento/>
    <unidade/>
    <bairro>Vila Maria</bairro>
    <localidade>Palmeira dos Índios</localidade>
    <uf>AL</uf>
    <estado>Alagoas</estado>
    <região/>
    <ibge>2706307</ibge>
    <gia/>
    <ddd>82</ddd>
    <siafi>2825</siafi>
  </cep>
  <cep>
    <cep>57607-260</cep>
    <logradouro>Rua Ezequiel Pereira</logradouro>
    <complemento/>
    <unidade/>
    <bairro>Jardim Brasil</bairro>
    <localidade>Palmeira dos Índios</localidade>
    <uf>AL</uf>
    <estado>Alagoas</estado>
    <região/>
    <ibge>2706307</ibge>
    <gia/>
    <ddd>82</ddd>
    <siafi>2825</siafi>
  </cep>
  <cep>
    <cep>57607-240</cep>
    <logradouro>Condomínio Narciso Torres</logradouro>
    <complemento/>
    <unidade/>
    <bairro>Jardim Brasil</bairro>
    <localidade>Palmeira dos Índios</localidade>
    <uf>AL</uf>
    <estado>Alagoas</estado>
    <região/>
    <ibge>2706307</ibge>
    <gia/>
    <ddd>82</ddd>
    <siafi>2825</siafi>
  </cep>
  <cep>
    <cep>57607-320</cep>
    <logradouro>Rua Pedro Neto</logradouro>
    <complemento/>
    <unidade/>
    <bairro>Vila Maria</bairro>
    <localidade>Palmeira dos Índios</localidade>
    <uf>AL</uf>
    <estado>Alagoas</estado>
    <região/>
    <ibge>2706307</ibge>
    <gia/>
    <ddd>82</ddd>
    <siafi>2825</siafi>
  </cep>
  <cep>
    <cep>57607-330</cep>
    <logradouro>Rua Rosendo Rodrigues de Oliveira</logradouro>
    <complemento/>
    <unidade/>
    <bairro>Vila Maria</bairro>
    <localidade>Palmeira dos Índios</localidade>
    <uf>AL</uf>
    <estado>Alagoas</estado>
    <região/>
    <ibge>2706307</ibge>
    <gia/>
    <ddd>82</ddd>
    <siafi>2825</siafi>
  </cep>
  <cep>
    <cep>57607-340</cep>
    <logradouro>Rua Luiz Amorim</logradouro>
    <complemento/>
    <unidade/>
    <bairro>Vila Maria</bairro>
    <localidade>Palmeira dos Índios</localidade>
    <uf>AL</uf>
    <estado>Alagoas</estado>
    <região/>
    <ibge>2706307</ibge>
    <gia/>
    <ddd>82</ddd>
    <siafi>2825</siafi>
  </cep>
  <cep>
    <cep>57607-350</cep>
    <logradouro>Rua Nair Rodrigues</logradouro>
    <complemento/>
    <unidade/>
    <bairro>Vila Maria</bairro>
    <localidade>Palmeira dos Índios</localidade>
    <uf>AL</uf>
    <estado>Alagoas</estado>
    <região/>
    <ibge>2706307</ibge>
    <gia/>
    <ddd>82</ddd>
    <siafi>2825</siafi>
  </cep>
  <cep>
    <cep>57607-360</cep>
    <logradouro>Rua Cláudio Barbosa de Lima</logradouro>
    <complemento/>
    <unidade/>
    <bairro>Vila Maria</bairro>
    <localidade>Palmeira dos Índios</localidade>
    <uf>AL</uf>
    <estado>Alagoas</estado>
    <região/>
    <ibge>2706307</ibge>
    <gia/>
    <ddd>82</ddd>
    <siafi>2825</siafi>
  </cep>
  <cep>
    <cep>57607-370</cep>
    <logradouro>Rua Raimundo de Assis Maia</logradouro>
    <complemento/>
    <unidade/>
    <bairro>Vila Maria</bairro>
    <localidade>Palmeira dos Índios</localidade>
    <uf>AL</uf>
    <estado>Alagoas</estado>
    <região/>
    <ibge>2706307</ibge>
    <gia/>
    <ddd>82</ddd>
    <siafi>2825</siafi>
  </cep>
  <cep>
    <cep>57607-400</cep>
    <logradouro>Rua Sebastiana Mendes</logradouro>
    <complemento/>
    <unidade/>
    <bairro>Vila Maria</bairro>
    <localidade>Palmeira dos Índios</localidade>
    <uf>AL</uf>
    <estado>Alagoas</estado>
    <região/>
    <ibge>2706307</ibge>
    <gia/>
    <ddd>82</ddd>
    <siafi>2825</siafi>
  </cep>
  <cep>
    <cep>57607-430</cep>
    <logradouro>Rua Antônia Marques Luz</logradouro>
    <complemento/>
    <unidade/>
    <bairro>Vila Maria</bairro>
    <localidade>Palmeira dos Índios</localidade>
    <uf>AL</uf>
    <estado>Alagoas</estado>
    <região/>
    <ibge>2706307</ibge>
    <gia/>
    <ddd>82</ddd>
    <siafi>2825</siafi>
  </cep>
  <cep>
    <cep>57607-410</cep>
    <logradouro>Rua Alvino Correia Gama</logradouro>
    <complemento/>
    <unidade/>
    <bairro>Vila Maria</bairro>
    <localidade>Palmeira dos Índios</localidade>
    <uf>AL</uf>
    <estado>Alagoas</estado>
    <região/>
    <ibge>2706307</ibge>
    <gia/>
    <ddd>82</ddd>
    <siafi>2825</siafi>
  </cep>
  <cep>
    <cep>57607-375</cep>
    <logradouro>Rua José Alves Bezerra</logradouro>
    <complemento/>
    <unidade/>
    <bairro>Vila Maria</bairro>
    <localidade>Palmeira dos Índios</localidade>
    <uf>AL</uf>
    <estado>Alagoas</estado>
    <região/>
    <ibge>2706307</ibge>
    <gia/>
    <ddd>82</ddd>
    <siafi>2825</siafi>
  </cep>
  <cep>
    <cep>57607-385</cep>
    <logradouro>Travessa Manoel Tenório de Albuquerque</logradouro>
    <complemento/>
    <unidade/>
    <bairro>Vila Maria</bairro>
    <localidade>Palmeira dos Índios</localidade>
    <uf>AL</uf>
    <estado>Alagoas</estado>
    <região/>
    <ibge>2706307</ibge>
    <gia/>
    <ddd>82</ddd>
    <siafi>2825</siafi>
  </cep>
  <cep>
    <cep>57607-465</cep>
    <logradouro>Travessa Francisco Barbosa</logradouro>
    <complemento/>
    <unidade/>
    <bairro>Vila Maria</bairro>
    <localidade>Palmeira dos Índios</localidade>
    <uf>AL</uf>
    <estado>Alagoas</estado>
    <região/>
    <ibge>2706307</ibge>
    <gia/>
    <ddd>82</ddd>
    <siafi>2825</siafi>
  </cep>
  <cep>
    <cep>57607-520</cep>
    <logradouro>Rua Bráulio Montenegro</logradouro>
    <complemento>de 285/286 ao fim</complemento>
    <unidade/>
    <bairro>Vila Maria</bairro>
    <localidade>Palmeira dos Índios</localidade>
    <uf>AL</uf>
    <estado>Alagoas</estado>
    <região/>
    <ibge>2706307</ibge>
    <gia/>
    <ddd>82</ddd>
    <siafi>2825</siafi>
  </cep>
  <cep>
    <cep>57607-405</cep>
    <logradouro>Travessa Sebastiana Mendes</logradouro>
    <complemento/>
    <unidade/>
    <bairro>Vila Maria</bairro>
    <localidade>Palmeira dos Índios</localidade>
    <uf>AL</uf>
    <estado>Alagoas</estado>
    <região/>
    <ibge>2706307</ibge>
    <gia/>
    <ddd>82</ddd>
    <siafi>2825</siafi>
  </cep>
  <cep>
    <cep>57607-525</cep>
    <logradouro>Travessa Bráulio Montenegro</logradouro>
    <complemento/>
    <unidade/>
    <bairro>Vila Maria</bairro>
    <localidade>Palmeira dos Índios</localidade>
    <uf>AL</uf>
    <estado>Alagoas</estado>
    <região/>
    <ibge>2706307</ibge>
    <gia/>
    <ddd>82</ddd>
    <siafi>2825</siafi>
  </cep>
  <cep>
    <cep>57607-515</cep>
    <logradouro>Rua José Nunes Ferro</logradouro>
    <complemento/>
    <unidade/>
    <bairro>Vila Maria</bairro>
    <localidade>Palmeira dos Índios</localidade>
    <uf>AL</uf>
    <estado>Alagoas</estado>
    <região/>
    <ibge>2706307</ibge>
    <gia/>
    <ddd>82</ddd>
    <siafi>2825</siafi>
  </cep>
  <cep>
    <cep>57607-540</cep>
    <logradouro>Rua Silvano Araújo</logradouro>
    <complemento/>
    <unidade/>
    <bairro>Vila Maria</bairro>
    <localidade>Palmeira dos Índios</localidade>
    <uf>AL</uf>
    <estado>Alagoas</estado>
    <região/>
    <ibge>2706307</ibge>
    <gia/>
    <ddd>82</ddd>
    <siafi>2825</siafi>
  </cep>
  <cep>
    <cep>57607-440</cep>
    <logradouro>Praça Tabelião Margarida Leite</logradouro>
    <complemento/>
    <unidade/>
    <bairro>Vila Maria</bairro>
    <localidade>Palmeira dos Índios</localidade>
    <uf>AL</uf>
    <estado>Alagoas</estado>
    <região/>
    <ibge>2706307</ibge>
    <gia/>
    <ddd>82</ddd>
    <siafi>2825</siafi>
  </cep>
  <cep>
    <cep>57607-460</cep>
    <logradouro>Rua Francisco Barbosa</logradouro>
    <complemento/>
    <unidade/>
    <bairro>Vila Maria</bairro>
    <localidade>Palmeira dos Índios</localidade>
    <uf>AL</uf>
    <estado>Alagoas</estado>
    <região/>
    <ibge>2706307</ibge>
    <gia/>
    <ddd>82</ddd>
    <siafi>2825</siafi>
  </cep>
  <cep>
    <cep>57607-500</cep>
    <logradouro>Rua Getúlio Vargas</logradouro>
    <complemento/>
    <unidade/>
    <bairro>Vila Maria</bairro>
    <localidade>Palmeira dos Índios</localidade>
    <uf>AL</uf>
    <estado>Alagoas</estado>
    <região/>
    <ibge>2706307</ibge>
    <gia/>
    <ddd>82</ddd>
    <siafi>2825</siafi>
  </cep>
  <cep>
    <cep>57607-550</cep>
    <logradouro>Rua Castelo Branco</logradouro>
    <complemento/>
    <unidade/>
    <bairro>Vila Maria</bairro>
    <localidade>Palmeira dos Índios</localidade>
    <uf>AL</uf>
    <estado>Alagoas</estado>
    <região/>
    <ibge>2706307</ibge>
    <gia/>
    <ddd>82</ddd>
    <siafi>2825</siafi>
  </cep>
  <cep>
    <cep>57607-556</cep>
    <logradouro>Rua Isidoro Maia Barros</logradouro>
    <complemento/>
    <unidade/>
    <bairro>Vila Maria</bairro>
    <localidade>Palmeira dos Índios</localidade>
    <uf>AL</uf>
    <estado>Alagoas</estado>
    <região/>
    <ibge>2706307</ibge>
    <gia/>
    <ddd>82</ddd>
    <siafi>2825</siafi>
  </cep>
  <cep>
    <cep>57607-450</cep>
    <logradouro>Rua Padre Antônio Lima</logradouro>
    <complemento/>
    <unidade/>
    <bairro>Vila Maria</bairro>
    <localidade>Palmeira dos Índios</localidade>
    <uf>AL</uf>
    <estado>Alagoas</estado>
    <região/>
    <ibge>2706307</ibge>
    <gia/>
    <ddd>82</ddd>
    <siafi>2825</siafi>
  </cep>
  <cep>
    <cep>57607-560</cep>
    <logradouro>Rua Tenente Júlio Amorim</logradouro>
    <complemento>até 319/320</complemento>
    <unidade/>
    <bairro>Vila Maria</bairro>
    <localidade>Palmeira dos Índios</localidade>
    <uf>AL</uf>
    <estado>Alagoas</estado>
    <região/>
    <ibge>2706307</ibge>
    <gia/>
    <ddd>82</ddd>
    <siafi>2825</siafi>
  </cep>
  <cep>
    <cep>57607-580</cep>
    <logradouro>Rua Francisco Ferreira Barbosa</logradouro>
    <complemento>de 338 ao fim - lado par</complemento>
    <unidade/>
    <bairro>Vila Maria</bairro>
    <localidade>Palmeira dos Índios</localidade>
    <uf>AL</uf>
    <estado>Alagoas</estado>
    <região/>
    <ibge>2706307</ibge>
    <gia/>
    <ddd>82</ddd>
    <siafi>2825</siafi>
  </cep>
  <cep>
    <cep>57607-650</cep>
    <logradouro>Rua Zuleide Gaia</logradouro>
    <complemento/>
    <unidade/>
    <bairro>Vila Maria</bairro>
    <localidade>Palmeira dos Índios</localidade>
    <uf>AL</uf>
    <estado>Alagoas</estado>
    <região/>
    <ibge>2706307</ibge>
    <gia/>
    <ddd>82</ddd>
    <siafi>2825</siafi>
  </cep>
  <cep>
    <cep>57607-655</cep>
    <logradouro>Rua Claudina J. Almeida</logradouro>
    <complemento/>
    <unidade/>
    <bairro>Vila Maria</bairro>
    <localidade>Palmeira dos Índios</localidade>
    <uf>AL</uf>
    <estado>Alagoas</estado>
    <região/>
    <ibge>2706307</ibge>
    <gia/>
    <ddd>82</ddd>
    <siafi>2825</siafi>
  </cep>
  <cep>
    <cep>57607-630</cep>
    <logradouro>Rua São Jorge</logradouro>
    <complemento/>
    <unidade/>
    <bairro>Vila Maria</bairro>
    <localidade>Palmeira dos Índios</localidade>
    <uf>AL</uf>
    <estado>Alagoas</estado>
    <região/>
    <ibge>2706307</ibge>
    <gia/>
    <ddd>82</ddd>
    <siafi>2825</siafi>
  </cep>
  <cep>
    <cep>57607-720</cep>
    <logradouro>Rua Manoel Leandro da Silva</logradouro>
    <complemento/>
    <unidade/>
    <bairro>Vila Maria</bairro>
    <localidade>Palmeira dos Índios</localidade>
    <uf>AL</uf>
    <estado>Alagoas</estado>
    <região/>
    <ibge>2706307</ibge>
    <gia/>
    <ddd>82</ddd>
    <siafi>2825</siafi>
  </cep>
  <cep>
    <cep>57607-510</cep>
    <logradouro>Rua Bom Jesus dos Passos</logradouro>
    <complemento/>
    <unidade/>
    <bairro>Vila Maria</bairro>
    <localidade>Palmeira dos Índios</localidade>
    <uf>AL</uf>
    <estado>Alagoas</estado>
    <região/>
    <ibge>2706307</ibge>
    <gia/>
    <ddd>82</ddd>
    <siafi>2825</siafi>
  </cep>
  <cep>
    <cep>57607-555</cep>
    <logradouro>1ª Travessa Castelo Branco</logradouro>
    <complemento/>
    <unidade/>
    <bairro>Vila Maria</bairro>
    <localidade>Palmeira dos Índios</localidade>
    <uf>AL</uf>
    <estado>Alagoas</estado>
    <região/>
    <ibge>2706307</ibge>
    <gia/>
    <ddd>82</ddd>
    <siafi>2825</siafi>
  </cep>
  <cep>
    <cep>57607-600</cep>
    <logradouro>Rua Padre Cícero</logradouro>
    <complemento/>
    <unidade/>
    <bairro>Vila Maria</bairro>
    <localidade>Palmeira dos Índios</localidade>
    <uf>AL</uf>
    <estado>Alagoas</estado>
    <região/>
    <ibge>2706307</ibge>
    <gia/>
    <ddd>82</ddd>
    <siafi>2825</siafi>
  </cep>
  <cep>
    <cep>57608-070</cep>
    <logradouro>Rua Antônio Pau Ferro</logradouro>
    <complemento/>
    <unidade/>
    <bairro>Palmeira de Fora</bairro>
    <localidade>Palmeira dos Índios</localidade>
    <uf>AL</uf>
    <estado>Alagoas</estado>
    <região/>
    <ibge>2706307</ibge>
    <gia/>
    <ddd>82</ddd>
    <siafi>2825</siafi>
  </cep>
  <cep>
    <cep>57607-640</cep>
    <logradouro>Rua Otávio Barbosa</logradouro>
    <complemento/>
    <unidade/>
    <bairro>Vila Maria</bairro>
    <localidade>Palmeira dos Índios</localidade>
    <uf>AL</uf>
    <estado>Alagoas</estado>
    <região/>
    <ibge>2706307</ibge>
    <gia/>
    <ddd>82</ddd>
    <siafi>2825</siafi>
  </cep>
  <cep>
    <cep>57608-050</cep>
    <logradouro>Rua Sebastião Ferreira</logradouro>
    <complemento/>
    <unidade/>
    <bairro>Palmeira de Fora</bairro>
    <localidade>Palmeira dos Índios</localidade>
    <uf>AL</uf>
    <estado>Alagoas</estado>
    <região/>
    <ibge>2706307</ibge>
    <gia/>
    <ddd>82</ddd>
    <siafi>2825</siafi>
  </cep>
  <cep>
    <cep>57607-420</cep>
    <logradouro>Rua Cleto Marques Luz</logradouro>
    <complemento/>
    <unidade/>
    <bairro>Vila Maria</bairro>
    <localidade>Palmeira dos Índios</localidade>
    <uf>AL</uf>
    <estado>Alagoas</estado>
    <região/>
    <ibge>2706307</ibge>
    <gia/>
    <ddd>82</ddd>
    <siafi>2825</siafi>
  </cep>
  <cep>
    <cep>57607-680</cep>
    <logradouro>Rua Paulo Silas</logradouro>
    <complemento/>
    <unidade/>
    <bairro>Vila Maria</bairro>
    <localidade>Palmeira dos Índios</localidade>
    <uf>AL</uf>
    <estado>Alagoas</estado>
    <região/>
    <ibge>2706307</ibge>
    <gia/>
    <ddd>82</ddd>
    <siafi>2825</siafi>
  </cep>
  <cep>
    <cep>57608-010</cep>
    <logradouro>Rua Fernando Calixto</logradouro>
    <complemento/>
    <unidade/>
    <bairro>Palmeira de Fora</bairro>
    <localidade>Palmeira dos Índios</localidade>
    <uf>AL</uf>
    <estado>Alagoas</estado>
    <região/>
    <ibge>2706307</ibge>
    <gia/>
    <ddd>82</ddd>
    <siafi>2825</siafi>
  </cep>
  <cep>
    <cep>57608-045</cep>
    <logradouro>Rua Guarani</logradouro>
    <complemento/>
    <unidade/>
    <bairro>Palmeira de Fora</bairro>
    <localidade>Palmeira dos Índios</localidade>
    <uf>AL</uf>
    <estado>Alagoas</estado>
    <região/>
    <ibge>2706307</ibge>
    <gia/>
    <ddd>82</ddd>
    <siafi>2825</siafi>
  </cep>
  <cep>
    <cep>57607-490</cep>
    <logradouro>Rua José Barbosa da Silva</logradouro>
    <complemento/>
    <unidade/>
    <bairro>Vila Maria</bairro>
    <localidade>Palmeira dos Índios</localidade>
    <uf>AL</uf>
    <estado>Alagoas</estado>
    <região/>
    <ibge>2706307</ibge>
    <gia/>
    <ddd>82</ddd>
    <siafi>2825</siafi>
  </cep>
  <cep>
    <cep>57607-670</cep>
    <logradouro>Rua Antônio Laurindo dos Santos</logradouro>
    <complemento/>
    <unidade/>
    <bairro>Vila Maria</bairro>
    <localidade>Palmeira dos Índios</localidade>
    <uf>AL</uf>
    <estado>Alagoas</estado>
    <região/>
    <ibge>2706307</ibge>
    <gia/>
    <ddd>82</ddd>
    <siafi>2825</siafi>
  </cep>
  <cep>
    <cep>57607-530</cep>
    <logradouro>Rua Armando Soares Vilarins</logradouro>
    <complemento/>
    <unidade/>
    <bairro>Vila Maria</bairro>
    <localidade>Palmeira dos Índios</localidade>
    <uf>AL</uf>
    <estado>Alagoas</estado>
    <região/>
    <ibge>2706307</ibge>
    <gia/>
    <ddd>82</ddd>
    <siafi>2825</siafi>
  </cep>
  <cep>
    <cep>57607-380</cep>
    <logradouro>Rua Manoel Tenório de Albuquerque</logradouro>
    <complemento/>
    <unidade/>
    <bairro>Vila Maria</bairro>
    <localidade>Palmeira dos Índios</localidade>
    <uf>AL</uf>
    <estado>Alagoas</estado>
    <região/>
    <ibge>2706307</ibge>
    <gia/>
    <ddd>82</ddd>
    <siafi>2825</siafi>
  </cep>
  <cep>
    <cep>57607-570</cep>
    <logradouro>Avenida Vieira de Brito</logradouro>
    <complemento>de 1020/1021 a 1077/1078</complemento>
    <unidade/>
    <bairro>Vila Maria</bairro>
    <localidade>Palmeira dos Índios</localidade>
    <uf>AL</uf>
    <estado>Alagoas</estado>
    <região/>
    <ibge>2706307</ibge>
    <gia/>
    <ddd>82</ddd>
    <siafi>2825</siafi>
  </cep>
  <cep>
    <cep>57607-415</cep>
    <logradouro>Rua José Leite Filho</logradouro>
    <complemento/>
    <unidade/>
    <bairro>Vila Maria</bairro>
    <localidade>Palmeira dos Índios</localidade>
    <uf>AL</uf>
    <estado>Alagoas</estado>
    <região/>
    <ibge>2706307</ibge>
    <gia/>
    <ddd>82</ddd>
    <siafi>2825</siafi>
  </cep>
  <cep>
    <cep>57608-040</cep>
    <logradouro>Rua José Palmeira</logradouro>
    <complemento>(Loteamento Guarani)</complemento>
    <unidade/>
    <bairro>Palmeira de Fora</bairro>
    <localidade>Palmeira dos Índios</localidade>
    <uf>AL</uf>
    <estado>Alagoas</estado>
    <região/>
    <ibge>2706307</ibge>
    <gia/>
    <ddd>82</ddd>
    <siafi>2825</siafi>
  </cep>
  <cep>
    <cep>57607-665</cep>
    <logradouro>Rodovia BR 316</logradouro>
    <complemento/>
    <unidade/>
    <bairro>Vila Maria</bairro>
    <localidade>Palmeira dos Índios</localidade>
    <uf>AL</uf>
    <estado>Alagoas</estado>
    <região/>
    <ibge>2706307</ibge>
    <gia/>
    <ddd>82</ddd>
    <siafi>2825</siafi>
  </cep>
  <cep>
    <cep>57608-060</cep>
    <logradouro>Rua João Elói</logradouro>
    <complemento/>
    <unidade/>
    <bairro>Palmeira de Fora</bairro>
    <localidade>Palmeira dos Índios</localidade>
    <uf>AL</uf>
    <estado>Alagoas</estado>
    <região/>
    <ibge>2706307</ibge>
    <gia/>
    <ddd>82</ddd>
    <siafi>2825</siafi>
  </cep>
  <cep>
    <cep>57607-660</cep>
    <logradouro>Rua Vereador Pajeu</logradouro>
    <complemento/>
    <unidade/>
    <bairro>Vila Maria</bairro>
    <localidade>Palmeira dos Índios</localidade>
    <uf>AL</uf>
    <estado>Alagoas</estado>
    <região/>
    <ibge>2706307</ibge>
    <gia/>
    <ddd>82</ddd>
    <siafi>2825</siafi>
  </cep>
  <cep>
    <cep>57607-470</cep>
    <logradouro>Rua Nova Jerusalém</logradouro>
    <complemento/>
    <unidade/>
    <bairro>Vila Maria</bairro>
    <localidade>Palmeira dos Índios</localidade>
    <uf>AL</uf>
    <estado>Alagoas</estado>
    <região/>
    <ibge>2706307</ibge>
    <gia/>
    <ddd>82</ddd>
    <siafi>2825</siafi>
  </cep>
  <cep>
    <cep>57607-480</cep>
    <logradouro>Rua Irmãs Holandesas</logradouro>
    <complemento/>
    <unidade/>
    <bairro>Vila Maria</bairro>
    <localidade>Palmeira dos Índios</localidade>
    <uf>AL</uf>
    <estado>Alagoas</estado>
    <região/>
    <ibge>2706307</ibge>
    <gia/>
    <ddd>82</ddd>
    <siafi>2825</siafi>
  </cep>
  <cep>
    <cep>57607-620</cep>
    <logradouro>Rua Severino Cordeiro de Souza</logradouro>
    <complemento/>
    <unidade/>
    <bairro>Vila Maria</bairro>
    <localidade>Palmeira dos Índios</localidade>
    <uf>AL</uf>
    <estado>Alagoas</estado>
    <região/>
    <ibge>2706307</ibge>
    <gia/>
    <ddd>82</ddd>
    <siafi>2825</siafi>
  </cep>
  <cep>
    <cep>57607-535</cep>
    <logradouro>Rua Manoel Simões</logradouro>
    <complemento/>
    <unidade/>
    <bairro>Vila Maria</bairro>
    <localidade>Palmeira dos Índios</localidade>
    <uf>AL</uf>
    <estado>Alagoas</estado>
    <região/>
    <ibge>2706307</ibge>
    <gia/>
    <ddd>82</ddd>
    <siafi>2825</siafi>
  </cep>
  <cep>
    <cep>57608-080</cep>
    <logradouro>Rua Anita Ferreira</logradouro>
    <complemento/>
    <unidade/>
    <bairro>Palmeira de Fora</bairro>
    <localidade>Palmeira dos Índios</localidade>
    <uf>AL</uf>
    <estado>Alagoas</estado>
    <região/>
    <ibge>2706307</ibge>
    <gia/>
    <ddd>82</ddd>
    <siafi>2825</siafi>
  </cep>
  <cep>
    <cep>57608-090</cep>
    <logradouro>Rua José Tobias Duarte</logradouro>
    <complemento/>
    <unidade/>
    <bairro>Palmeira de Fora</bairro>
    <localidade>Palmeira dos Índios</localidade>
    <uf>AL</uf>
    <estado>Alagoas</estado>
    <região/>
    <ibge>2706307</ibge>
    <gia/>
    <ddd>82</ddd>
    <siafi>2825</siafi>
  </cep>
  <cep>
    <cep>57608-110</cep>
    <logradouro>Rua Lindolfo Passos</logradouro>
    <complemento/>
    <unidade/>
    <bairro>Palmeira de Fora</bairro>
    <localidade>Palmeira dos Índios</localidade>
    <uf>AL</uf>
    <estado>Alagoas</estado>
    <região/>
    <ibge>2706307</ibge>
    <gia/>
    <ddd>82</ddd>
    <siafi>2825</siafi>
  </cep>
  <cep>
    <cep>57608-150</cep>
    <logradouro>Rua José Duarte</logradouro>
    <complemento/>
    <unidade/>
    <bairro>Palmeira de Fora</bairro>
    <localidade>Palmeira dos Índios</localidade>
    <uf>AL</uf>
    <estado>Alagoas</estado>
    <região/>
    <ibge>2706307</ibge>
    <gia/>
    <ddd>82</ddd>
    <siafi>2825</siafi>
  </cep>
  <cep>
    <cep>57608-120</cep>
    <logradouro>Rua Marcelino Tavares</logradouro>
    <complemento/>
    <unidade/>
    <bairro>Palmeira de Fora</bairro>
    <localidade>Palmeira dos Índios</localidade>
    <uf>AL</uf>
    <estado>Alagoas</estado>
    <região/>
    <ibge>2706307</ibge>
    <gia/>
    <ddd>82</ddd>
    <siafi>2825</siafi>
  </cep>
  <cep>
    <cep>57608-170</cep>
    <logradouro>Rua Zafira Menezes</logradouro>
    <complemento/>
    <unidade/>
    <bairro>Palmeira de Fora</bairro>
    <localidade>Palmeira dos Índios</localidade>
    <uf>AL</uf>
    <estado>Alagoas</estado>
    <região/>
    <ibge>2706307</ibge>
    <gia/>
    <ddd>82</ddd>
    <siafi>2825</siafi>
  </cep>
  <cep>
    <cep>57608-180</cep>
    <logradouro>Avenida Alagoas</logradouro>
    <complemento/>
    <unidade/>
    <bairro>Palmeira de Fora</bairro>
    <localidade>Palmeira dos Índios</localidade>
    <uf>AL</uf>
    <estado>Alagoas</estado>
    <região/>
    <ibge>2706307</ibge>
    <gia/>
    <ddd>82</ddd>
    <siafi>2825</siafi>
  </cep>
  <cep>
    <cep>57608-185</cep>
    <logradouro>Rua Dornião</logradouro>
    <complemento/>
    <unidade/>
    <bairro>Palmeira de Fora</bairro>
    <localidade>Palmeira dos Índios</localidade>
    <uf>AL</uf>
    <estado>Alagoas</estado>
    <região/>
    <ibge>2706307</ibge>
    <gia/>
    <ddd>82</ddd>
    <siafi>2825</siafi>
  </cep>
  <cep>
    <cep>57608-190</cep>
    <logradouro>Rua Maria Júlia</logradouro>
    <complemento/>
    <unidade/>
    <bairro>Palmeira de Fora</bairro>
    <localidade>Palmeira dos Índios</localidade>
    <uf>AL</uf>
    <estado>Alagoas</estado>
    <região/>
    <ibge>2706307</ibge>
    <gia/>
    <ddd>82</ddd>
    <siafi>2825</siafi>
  </cep>
  <cep>
    <cep>57608-200</cep>
    <logradouro>Rua José Caboclo</logradouro>
    <complemento/>
    <unidade/>
    <bairro>Palmeira de Fora</bairro>
    <localidade>Palmeira dos Índios</localidade>
    <uf>AL</uf>
    <estado>Alagoas</estado>
    <região/>
    <ibge>2706307</ibge>
    <gia/>
    <ddd>82</ddd>
    <siafi>2825</siafi>
  </cep>
  <cep>
    <cep>57608-210</cep>
    <logradouro>Rua Martiniano Correia</logradouro>
    <complemento/>
    <unidade/>
    <bairro>Palmeira de Fora</bairro>
    <localidade>Palmeira dos Índios</localidade>
    <uf>AL</uf>
    <estado>Alagoas</estado>
    <região/>
    <ibge>2706307</ibge>
    <gia/>
    <ddd>82</ddd>
    <siafi>2825</siafi>
  </cep>
  <cep>
    <cep>57608-220</cep>
    <logradouro>Rua José Firmino</logradouro>
    <complemento/>
    <unidade/>
    <bairro>Palmeira de Fora</bairro>
    <localidade>Palmeira dos Índios</localidade>
    <uf>AL</uf>
    <estado>Alagoas</estado>
    <região/>
    <ibge>2706307</ibge>
    <gia/>
    <ddd>82</ddd>
    <siafi>2825</siafi>
  </cep>
  <cep>
    <cep>57608-230</cep>
    <logradouro>Rua José Franca</logradouro>
    <complemento/>
    <unidade/>
    <bairro>Palmeira de Fora</bairro>
    <localidade>Palmeira dos Índios</localidade>
    <uf>AL</uf>
    <estado>Alagoas</estado>
    <região/>
    <ibge>2706307</ibge>
    <gia/>
    <ddd>82</ddd>
    <siafi>2825</siafi>
  </cep>
  <cep>
    <cep>57608-240</cep>
    <logradouro>Rua José Queiroz</logradouro>
    <complemento/>
    <unidade/>
    <bairro>Palmeira de Fora</bairro>
    <localidade>Palmeira dos Índios</localidade>
    <uf>AL</uf>
    <estado>Alagoas</estado>
    <região/>
    <ibge>2706307</ibge>
    <gia/>
    <ddd>82</ddd>
    <siafi>2825</siafi>
  </cep>
  <cep>
    <cep>57608-250</cep>
    <logradouro>Rua José Luiz</logradouro>
    <complemento/>
    <unidade/>
    <bairro>Palmeira de Fora</bairro>
    <localidade>Palmeira dos Índios</localidade>
    <uf>AL</uf>
    <estado>Alagoas</estado>
    <região/>
    <ibge>2706307</ibge>
    <gia/>
    <ddd>82</ddd>
    <siafi>2825</siafi>
  </cep>
  <cep>
    <cep>57608-260</cep>
    <logradouro>Rua João Fabiano</logradouro>
    <complemento/>
    <unidade/>
    <bairro>Palmeira de Fora</bairro>
    <localidade>Palmeira dos Índios</localidade>
    <uf>AL</uf>
    <estado>Alagoas</estado>
    <região/>
    <ibge>2706307</ibge>
    <gia/>
    <ddd>82</ddd>
    <siafi>2825</siafi>
  </cep>
  <cep>
    <cep>57608-270</cep>
    <logradouro>Rua José Jupí</logradouro>
    <complemento/>
    <unidade/>
    <bairro>Palmeira de Fora</bairro>
    <localidade>Palmeira dos Índios</localidade>
    <uf>AL</uf>
    <estado>Alagoas</estado>
    <região/>
    <ibge>2706307</ibge>
    <gia/>
    <ddd>82</ddd>
    <siafi>2825</siafi>
  </cep>
  <cep>
    <cep>57608-280</cep>
    <logradouro>Rua Bonifácio Pinto</logradouro>
    <complemento/>
    <unidade/>
    <bairro>Palmeira de Fora</bairro>
    <localidade>Palmeira dos Índios</localidade>
    <uf>AL</uf>
    <estado>Alagoas</estado>
    <região/>
    <ibge>2706307</ibge>
    <gia/>
    <ddd>82</ddd>
    <siafi>2825</siafi>
  </cep>
  <cep>
    <cep>57608-290</cep>
    <logradouro>Rua Ernesto Soares</logradouro>
    <complemento/>
    <unidade/>
    <bairro>Palmeira de Fora</bairro>
    <localidade>Palmeira dos Índios</localidade>
    <uf>AL</uf>
    <estado>Alagoas</estado>
    <região/>
    <ibge>2706307</ibge>
    <gia/>
    <ddd>82</ddd>
    <siafi>2825</siafi>
  </cep>
  <cep>
    <cep>57608-310</cep>
    <logradouro>Rua José Correia</logradouro>
    <complemento/>
    <unidade/>
    <bairro>Palmeira de Fora</bairro>
    <localidade>Palmeira dos Índios</localidade>
    <uf>AL</uf>
    <estado>Alagoas</estado>
    <região/>
    <ibge>2706307</ibge>
    <gia/>
    <ddd>82</ddd>
    <siafi>2825</siafi>
  </cep>
  <cep>
    <cep>57608-320</cep>
    <logradouro>Rua Francisco Gomes</logradouro>
    <complemento/>
    <unidade/>
    <bairro>Palmeira de Fora</bairro>
    <localidade>Palmeira dos Índios</localidade>
    <uf>AL</uf>
    <estado>Alagoas</estado>
    <região/>
    <ibge>2706307</ibge>
    <gia/>
    <ddd>82</ddd>
    <siafi>2825</siafi>
  </cep>
  <cep>
    <cep>57608-340</cep>
    <logradouro>Rua Rosa Guedes</logradouro>
    <complemento/>
    <unidade/>
    <bairro>Palmeira de Fora</bairro>
    <localidade>Palmeira dos Índios</localidade>
    <uf>AL</uf>
    <estado>Alagoas</estado>
    <região/>
    <ibge>2706307</ibge>
    <gia/>
    <ddd>82</ddd>
    <siafi>2825</siafi>
  </cep>
  <cep>
    <cep>57608-360</cep>
    <logradouro>Rua Manoel Timóteo</logradouro>
    <complemento/>
    <unidade/>
    <bairro>Palmeira de Fora</bairro>
    <localidade>Palmeira dos Índios</localidade>
    <uf>AL</uf>
    <estado>Alagoas</estado>
    <região/>
    <ibge>2706307</ibge>
    <gia/>
    <ddd>82</ddd>
    <siafi>2825</siafi>
  </cep>
  <cep>
    <cep>57608-372</cep>
    <logradouro>Rua Carteiro Genivaldo dos Santos</logradouro>
    <complemento/>
    <unidade/>
    <bairro>Palmeira de Fora</bairro>
    <localidade>Palmeira dos Índios</localidade>
    <uf>AL</uf>
    <estado>Alagoas</estado>
    <região/>
    <ibge>2706307</ibge>
    <gia/>
    <ddd>82</ddd>
    <siafi>2825</siafi>
  </cep>
  <cep>
    <cep>57608-300</cep>
    <logradouro>Rua Francisco Pinto</logradouro>
    <complemento/>
    <unidade/>
    <bairro>Palmeira de Fora</bairro>
    <localidade>Palmeira dos Índios</localidade>
    <uf>AL</uf>
    <estado>Alagoas</estado>
    <região/>
    <ibge>2706307</ibge>
    <gia/>
    <ddd>82</ddd>
    <siafi>2825</siafi>
  </cep>
  <cep>
    <cep>57608-330</cep>
    <logradouro>Rua José Quirino</logradouro>
    <complemento/>
    <unidade/>
    <bairro>Palmeira de Fora</bairro>
    <localidade>Palmeira dos Índios</localidade>
    <uf>AL</uf>
    <estado>Alagoas</estado>
    <região/>
    <ibge>2706307</ibge>
    <gia/>
    <ddd>82</ddd>
    <siafi>2825</siafi>
  </cep>
  <cep>
    <cep>57608-376</cep>
    <logradouro>Rua Leopoldino Virgínio Torres</logradouro>
    <complemento/>
    <unidade/>
    <bairro>Palmeira de Fora</bairro>
    <localidade>Palmeira dos Índios</localidade>
    <uf>AL</uf>
    <estado>Alagoas</estado>
    <região/>
    <ibge>2706307</ibge>
    <gia/>
    <ddd>82</ddd>
    <siafi>2825</siafi>
  </cep>
  <cep>
    <cep>57608-375</cep>
    <logradouro>Rua Lagoa Nova</logradouro>
    <complemento/>
    <unidade/>
    <bairro>Palmeira de Fora</bairro>
    <localidade>Palmeira dos Índios</localidade>
    <uf>AL</uf>
    <estado>Alagoas</estado>
    <região/>
    <ibge>2706307</ibge>
    <gia/>
    <ddd>82</ddd>
    <siafi>2825</siafi>
  </cep>
  <cep>
    <cep>57608-382</cep>
    <logradouro>Rua Atendente Luiz Alves da Silva</logradouro>
    <complemento/>
    <unidade/>
    <bairro>Palmeira de Fora</bairro>
    <localidade>Palmeira dos Índios</localidade>
    <uf>AL</uf>
    <estado>Alagoas</estado>
    <região/>
    <ibge>2706307</ibge>
    <gia/>
    <ddd>82</ddd>
    <siafi>2825</siafi>
  </cep>
  <cep>
    <cep>57608-380</cep>
    <logradouro>Travessa Baixa Fria</logradouro>
    <complemento/>
    <unidade/>
    <bairro>Palmeira de Fora</bairro>
    <localidade>Palmeira dos Índios</localidade>
    <uf>AL</uf>
    <estado>Alagoas</estado>
    <região/>
    <ibge>2706307</ibge>
    <gia/>
    <ddd>82</ddd>
    <siafi>2825</siafi>
  </cep>
  <cep>
    <cep>57608-378</cep>
    <logradouro>Rua Abelardo Gomes da Silva</logradouro>
    <complemento/>
    <unidade/>
    <bairro>Palmeira de Fora</bairro>
    <localidade>Palmeira dos Índios</localidade>
    <uf>AL</uf>
    <estado>Alagoas</estado>
    <região/>
    <ibge>2706307</ibge>
    <gia/>
    <ddd>82</ddd>
    <siafi>2825</siafi>
  </cep>
  <cep>
    <cep>57608-383</cep>
    <logradouro>Travessa Luiz Alves</logradouro>
    <complemento/>
    <unidade/>
    <bairro>Palmeira de Fora</bairro>
    <localidade>Palmeira dos Índios</localidade>
    <uf>AL</uf>
    <estado>Alagoas</estado>
    <região/>
    <ibge>2706307</ibge>
    <gia/>
    <ddd>82</ddd>
    <siafi>2825</siafi>
  </cep>
  <cep>
    <cep>57608-385</cep>
    <logradouro>Rua Padre Odilon Amador dos Santos</logradouro>
    <complemento/>
    <unidade/>
    <bairro>Palmeira de Fora</bairro>
    <localidade>Palmeira dos Índios</localidade>
    <uf>AL</uf>
    <estado>Alagoas</estado>
    <região/>
    <ibge>2706307</ibge>
    <gia/>
    <ddd>82</ddd>
    <siafi>2825</siafi>
  </cep>
  <cep>
    <cep>57608-387</cep>
    <logradouro>Rua João Tenório Cavalcante</logradouro>
    <complemento>(Janjão Tenório)</complemento>
    <unidade/>
    <bairro>Palmeira de Fora</bairro>
    <localidade>Palmeira dos Índios</localidade>
    <uf>AL</uf>
    <estado>Alagoas</estado>
    <região/>
    <ibge>2706307</ibge>
    <gia/>
    <ddd>82</ddd>
    <siafi>2825</siafi>
  </cep>
  <cep>
    <cep>57608-390</cep>
    <logradouro>Rua do Campo</logradouro>
    <complemento/>
    <unidade/>
    <bairro>Palmeira de Fora</bairro>
    <localidade>Palmeira dos Índios</localidade>
    <uf>AL</uf>
    <estado>Alagoas</estado>
    <região/>
    <ibge>2706307</ibge>
    <gia/>
    <ddd>82</ddd>
    <siafi>2825</siafi>
  </cep>
  <cep>
    <cep>57608-388</cep>
    <logradouro>Rua José Pereira da Silva</logradouro>
    <complemento/>
    <unidade/>
    <bairro>Palmeira de Fora</bairro>
    <localidade>Palmeira dos Índios</localidade>
    <uf>AL</uf>
    <estado>Alagoas</estado>
    <região/>
    <ibge>2706307</ibge>
    <gia/>
    <ddd>82</ddd>
    <siafi>2825</siafi>
  </cep>
  <cep>
    <cep>57608-400</cep>
    <logradouro>Avenida Rotary</logradouro>
    <complemento/>
    <unidade/>
    <bairro>Palmeira de Fora</bairro>
    <localidade>Palmeira dos Índios</localidade>
    <uf>AL</uf>
    <estado>Alagoas</estado>
    <região/>
    <ibge>2706307</ibge>
    <gia/>
    <ddd>82</ddd>
    <siafi>2825</siafi>
  </cep>
  <cep>
    <cep>57608-405</cep>
    <logradouro>Rua Canaã</logradouro>
    <complemento/>
    <unidade/>
    <bairro>Palmeira de Fora</bairro>
    <localidade>Palmeira dos Índios</localidade>
    <uf>AL</uf>
    <estado>Alagoas</estado>
    <região/>
    <ibge>2706307</ibge>
    <gia/>
    <ddd>82</ddd>
    <siafi>2825</siafi>
  </cep>
  <cep>
    <cep>57608-410</cep>
    <logradouro>Rua Fiscal Antônio Cirino</logradouro>
    <complemento/>
    <unidade/>
    <bairro>Palmeira de Fora</bairro>
    <localidade>Palmeira dos Índios</localidade>
    <uf>AL</uf>
    <estado>Alagoas</estado>
    <região/>
    <ibge>2706307</ibge>
    <gia/>
    <ddd>82</ddd>
    <siafi>2825</siafi>
  </cep>
  <cep>
    <cep>57608-415</cep>
    <logradouro>Rua Carteiro Pedro dos Santos</logradouro>
    <complemento/>
    <unidade/>
    <bairro>Palmeira de Fora</bairro>
    <localidade>Palmeira dos Índios</localidade>
    <uf>AL</uf>
    <estado>Alagoas</estado>
    <região/>
    <ibge>2706307</ibge>
    <gia/>
    <ddd>82</ddd>
    <siafi>2825</siafi>
  </cep>
  <cep>
    <cep>57608-420</cep>
    <logradouro>Rua Jesus de Nazaré</logradouro>
    <complemento/>
    <unidade/>
    <bairro>Palmeira de Fora</bairro>
    <localidade>Palmeira dos Índios</localidade>
    <uf>AL</uf>
    <estado>Alagoas</estado>
    <região/>
    <ibge>2706307</ibge>
    <gia/>
    <ddd>82</ddd>
    <siafi>2825</siafi>
  </cep>
  <cep>
    <cep>57608-374</cep>
    <logradouro>Rua José Leite Filho</logradouro>
    <complemento/>
    <unidade/>
    <bairro>Palmeira de Fora</bairro>
    <localidade>Palmeira dos Índios</localidade>
    <uf>AL</uf>
    <estado>Alagoas</estado>
    <região/>
    <ibge>2706307</ibge>
    <gia/>
    <ddd>82</ddd>
    <siafi>2825</siafi>
  </cep>
  <cep>
    <cep>57608-350</cep>
    <logradouro>Rua Pedro Estevão</logradouro>
    <complemento/>
    <unidade/>
    <bairro>Palmeira de Fora</bairro>
    <localidade>Palmeira dos Índios</localidade>
    <uf>AL</uf>
    <estado>Alagoas</estado>
    <região/>
    <ibge>2706307</ibge>
    <gia/>
    <ddd>82</ddd>
    <siafi>2825</siafi>
  </cep>
  <cep>
    <cep>57608-440</cep>
    <logradouro>Rua Irmã Marcela</logradouro>
    <complemento/>
    <unidade/>
    <bairro>Palmeira de Fora</bairro>
    <localidade>Palmeira dos Índios</localidade>
    <uf>AL</uf>
    <estado>Alagoas</estado>
    <região/>
    <ibge>2706307</ibge>
    <gia/>
    <ddd>82</ddd>
    <siafi>2825</siafi>
  </cep>
  <cep>
    <cep>57608-430</cep>
    <logradouro>Rua Irmã Ana</logradouro>
    <complemento/>
    <unidade/>
    <bairro>Palmeira de Fora</bairro>
    <localidade>Palmeira dos Índios</localidade>
    <uf>AL</uf>
    <estado>Alagoas</estado>
    <região/>
    <ibge>2706307</ibge>
    <gia/>
    <ddd>82</ddd>
    <siafi>2825</siafi>
  </cep>
  <cep>
    <cep>57608-470</cep>
    <logradouro>Travessa Lili Barros</logradouro>
    <complemento/>
    <unidade/>
    <bairro>Palmeira de Fora</bairro>
    <localidade>Palmeira dos Índios</localidade>
    <uf>AL</uf>
    <estado>Alagoas</estado>
    <região/>
    <ibge>2706307</ibge>
    <gia/>
    <ddd>82</ddd>
    <siafi>2825</siafi>
  </cep>
  <cep>
    <cep>57608-475</cep>
    <logradouro>Rua José Aguiar</logradouro>
    <complemento/>
    <unidade/>
    <bairro>Palmeira de Fora</bairro>
    <localidade>Palmeira dos Índios</localidade>
    <uf>AL</uf>
    <estado>Alagoas</estado>
    <região/>
    <ibge>2706307</ibge>
    <gia/>
    <ddd>82</ddd>
    <siafi>2825</siafi>
  </cep>
  <cep>
    <cep>57608-473</cep>
    <logradouro>Rua Neilson Costa Barros</logradouro>
    <complemento/>
    <unidade/>
    <bairro>Palmeira de Fora</bairro>
    <localidade>Palmeira dos Índios</localidade>
    <uf>AL</uf>
    <estado>Alagoas</estado>
    <região/>
    <ibge>2706307</ibge>
    <gia/>
    <ddd>82</ddd>
    <siafi>2825</siafi>
  </cep>
  <cep>
    <cep>57608-477</cep>
    <logradouro>Rua Paulo Duarte Pinto</logradouro>
    <complemento/>
    <unidade/>
    <bairro>Palmeira de Fora</bairro>
    <localidade>Palmeira dos Índios</localidade>
    <uf>AL</uf>
    <estado>Alagoas</estado>
    <região/>
    <ibge>2706307</ibge>
    <gia/>
    <ddd>82</ddd>
    <siafi>2825</siafi>
  </cep>
  <cep>
    <cep>57608-480</cep>
    <logradouro>Rua São Vicente de Paula</logradouro>
    <complemento/>
    <unidade/>
    <bairro>Palmeira de Fora</bairro>
    <localidade>Palmeira dos Índios</localidade>
    <uf>AL</uf>
    <estado>Alagoas</estado>
    <região/>
    <ibge>2706307</ibge>
    <gia/>
    <ddd>82</ddd>
    <siafi>2825</siafi>
  </cep>
  <cep>
    <cep>57608-450</cep>
    <logradouro>Rua Irmã Bernadete</logradouro>
    <complemento/>
    <unidade/>
    <bairro>Palmeira de Fora</bairro>
    <localidade>Palmeira dos Índios</localidade>
    <uf>AL</uf>
    <estado>Alagoas</estado>
    <região/>
    <ibge>2706307</ibge>
    <gia/>
    <ddd>82</ddd>
    <siafi>2825</siafi>
  </cep>
  <cep>
    <cep>57608-460</cep>
    <logradouro>Praça Lili Barros</logradouro>
    <complemento/>
    <unidade/>
    <bairro>Palmeira de Fora</bairro>
    <localidade>Palmeira dos Índios</localidade>
    <uf>AL</uf>
    <estado>Alagoas</estado>
    <região/>
    <ibge>2706307</ibge>
    <gia/>
    <ddd>82</ddd>
    <siafi>2825</siafi>
  </cep>
  <cep>
    <cep>57608-510</cep>
    <logradouro>Rua São José</logradouro>
    <complemento/>
    <unidade/>
    <bairro>Palmeira de Fora</bairro>
    <localidade>Palmeira dos Índios</localidade>
    <uf>AL</uf>
    <estado>Alagoas</estado>
    <região/>
    <ibge>2706307</ibge>
    <gia/>
    <ddd>82</ddd>
    <siafi>2825</siafi>
  </cep>
  <cep>
    <cep>57608-495</cep>
    <logradouro>Rua Milton Alvino</logradouro>
    <complemento>(Cj Santa Helena)</complemento>
    <unidade/>
    <bairro>Palmeira de Fora</bairro>
    <localidade>Palmeira dos Índios</localidade>
    <uf>AL</uf>
    <estado>Alagoas</estado>
    <região/>
    <ibge>2706307</ibge>
    <gia/>
    <ddd>82</ddd>
    <siafi>2825</siafi>
  </cep>
  <cep>
    <cep>57608-500</cep>
    <logradouro>Rua Santa Quitéria</logradouro>
    <complemento/>
    <unidade/>
    <bairro>Palmeira de Fora</bairro>
    <localidade>Palmeira dos Índios</localidade>
    <uf>AL</uf>
    <estado>Alagoas</estado>
    <região/>
    <ibge>2706307</ibge>
    <gia/>
    <ddd>82</ddd>
    <siafi>2825</siafi>
  </cep>
  <cep>
    <cep>57608-490</cep>
    <logradouro>Rua Heleno Nonato de Sá</logradouro>
    <complemento/>
    <unidade/>
    <bairro>Palmeira de Fora</bairro>
    <localidade>Palmeira dos Índios</localidade>
    <uf>AL</uf>
    <estado>Alagoas</estado>
    <região/>
    <ibge>2706307</ibge>
    <gia/>
    <ddd>82</ddd>
    <siafi>2825</siafi>
  </cep>
  <cep>
    <cep>57608-505</cep>
    <logradouro>Rua Antônio Oliveira de Souza</logradouro>
    <complemento>(Cj Santa Helena)</complemento>
    <unidade/>
    <bairro>Palmeira de Fora</bairro>
    <localidade>Palmeira dos Índios</localidade>
    <uf>AL</uf>
    <estado>Alagoas</estado>
    <região/>
    <ibge>2706307</ibge>
    <gia/>
    <ddd>82</ddd>
    <siafi>2825</siafi>
  </cep>
  <cep>
    <cep>57608-525</cep>
    <logradouro>Rua Antônio Firmino de Sá</logradouro>
    <complemento>(Cj Santa Helena)</complemento>
    <unidade/>
    <bairro>Palmeira de Fora</bairro>
    <localidade>Palmeira dos Índios</localidade>
    <uf>AL</uf>
    <estado>Alagoas</estado>
    <região/>
    <ibge>2706307</ibge>
    <gia/>
    <ddd>82</ddd>
    <siafi>2825</siafi>
  </cep>
  <cep>
    <cep>57608-515</cep>
    <logradouro>Rua Domingo Clarindo da Silva</logradouro>
    <complemento>(Cj Santa Helena)</complemento>
    <unidade/>
    <bairro>Palmeira de Fora</bairro>
    <localidade>Palmeira dos Índios</localidade>
    <uf>AL</uf>
    <estado>Alagoas</estado>
    <região/>
    <ibge>2706307</ibge>
    <gia/>
    <ddd>82</ddd>
    <siafi>2825</siafi>
  </cep>
  <cep>
    <cep>57608-535</cep>
    <logradouro>2ª Travessa Santo Antônio</logradouro>
    <complemento/>
    <unidade/>
    <bairro>Palmeira de Fora</bairro>
    <localidade>Palmeira dos Índios</localidade>
    <uf>AL</uf>
    <estado>Alagoas</estado>
    <região/>
    <ibge>2706307</ibge>
    <gia/>
    <ddd>82</ddd>
    <siafi>2825</siafi>
  </cep>
  <cep>
    <cep>57608-520</cep>
    <logradouro>Rua Santo Antônio</logradouro>
    <complemento/>
    <unidade/>
    <bairro>Palmeira de Fora</bairro>
    <localidade>Palmeira dos Índios</localidade>
    <uf>AL</uf>
    <estado>Alagoas</estado>
    <região/>
    <ibge>2706307</ibge>
    <gia/>
    <ddd>82</ddd>
    <siafi>2825</siafi>
  </cep>
  <cep>
    <cep>57608-545</cep>
    <logradouro>Rua Julião de Aquino</logradouro>
    <complemento>(Cj Santa Helena)</complemento>
    <unidade/>
    <bairro>Palmeira de Fora</bairro>
    <localidade>Palmeira dos Índios</localidade>
    <uf>AL</uf>
    <estado>Alagoas</estado>
    <região/>
    <ibge>2706307</ibge>
    <gia/>
    <ddd>82</ddd>
    <siafi>2825</siafi>
  </cep>
  <cep>
    <cep>57608-550</cep>
    <logradouro>Praça Manoel Pereira da Silva</logradouro>
    <complemento/>
    <unidade/>
    <bairro>Palmeira de Fora</bairro>
    <localidade>Palmeira dos Índios</localidade>
    <uf>AL</uf>
    <estado>Alagoas</estado>
    <região/>
    <ibge>2706307</ibge>
    <gia/>
    <ddd>82</ddd>
    <siafi>2825</siafi>
  </cep>
  <cep>
    <cep>57608-560</cep>
    <logradouro>Rua Miguel Jerônimo da Rocha</logradouro>
    <complemento>(Cj Santa Helena)</complemento>
    <unidade/>
    <bairro>Palmeira de Fora</bairro>
    <localidade>Palmeira dos Índios</localidade>
    <uf>AL</uf>
    <estado>Alagoas</estado>
    <região/>
    <ibge>2706307</ibge>
    <gia/>
    <ddd>82</ddd>
    <siafi>2825</siafi>
  </cep>
  <cep>
    <cep>57608-555</cep>
    <logradouro>Praça Liberalina Nonato</logradouro>
    <complemento>(Cj Santa Helena)</complemento>
    <unidade/>
    <bairro>Palmeira de Fora</bairro>
    <localidade>Palmeira dos Índios</localidade>
    <uf>AL</uf>
    <estado>Alagoas</estado>
    <região/>
    <ibge>2706307</ibge>
    <gia/>
    <ddd>82</ddd>
    <siafi>2825</siafi>
  </cep>
  <cep>
    <cep>57610-100</cep>
    <logradouro/>
    <complemento/>
    <unidade/>
    <bairro>Anum Novo</bairro>
    <localidade>Palmeira dos Índios</localidade>
    <uf>AL</uf>
    <estado>Alagoas</estado>
    <região/>
    <ibge>2706307</ibge>
    <gia/>
    <ddd>82</ddd>
    <siafi>2825</siafi>
  </cep>
  <cep>
    <cep>57610-200</cep>
    <logradouro/>
    <complemento/>
    <unidade/>
    <bairro>Anum Velho</bairro>
    <localidade>Palmeira dos Índios</localidade>
    <uf>AL</uf>
    <estado>Alagoas</estado>
    <região/>
    <ibge>2706307</ibge>
    <gia/>
    <ddd>82</ddd>
    <siafi>2825</siafi>
  </cep>
  <cep>
    <cep>57610-300</cep>
    <logradouro/>
    <complemento/>
    <unidade/>
    <bairro>Barra do Bonifácio</bairro>
    <localidade>Palmeira dos Índios</localidade>
    <uf>AL</uf>
    <estado>Alagoas</estado>
    <região/>
    <ibge>2706307</ibge>
    <gia/>
    <ddd>82</ddd>
    <siafi>2825</siafi>
  </cep>
  <cep>
    <cep>57610-400</cep>
    <logradouro/>
    <complemento/>
    <unidade/>
    <bairro>Boa Sorte</bairro>
    <localidade>Palmeira dos Índios</localidade>
    <uf>AL</uf>
    <estado>Alagoas</estado>
    <região/>
    <ibge>2706307</ibge>
    <gia/>
    <ddd>82</ddd>
    <siafi>2825</siafi>
  </cep>
  <cep>
    <cep>57610-500</cep>
    <logradouro/>
    <complemento/>
    <unidade/>
    <bairro>Boa Vista</bairro>
    <localidade>Palmeira dos Índios</localidade>
    <uf>AL</uf>
    <estado>Alagoas</estado>
    <região/>
    <ibge>2706307</ibge>
    <gia/>
    <ddd>82</ddd>
    <siafi>2825</siafi>
  </cep>
  <cep>
    <cep>57611-400</cep>
    <logradouro/>
    <complemento/>
    <unidade/>
    <bairro>Lagoa do Canto</bairro>
    <localidade>Palmeira dos Índios</localidade>
    <uf>AL</uf>
    <estado>Alagoas</estado>
    <região/>
    <ibge>2706307</ibge>
    <gia/>
    <ddd>82</ddd>
    <siafi>2825</siafi>
  </cep>
  <cep>
    <cep>57610-900</cep>
    <logradouro/>
    <complemento/>
    <unidade/>
    <bairro>Coruripe da Cal</bairro>
    <localidade>Palmeira dos Índios</localidade>
    <uf>AL</uf>
    <estado>Alagoas</estado>
    <região/>
    <ibge>2706307</ibge>
    <gia/>
    <ddd>82</ddd>
    <siafi>2825</siafi>
  </cep>
  <cep>
    <cep>57610-600</cep>
    <logradouro/>
    <complemento/>
    <unidade/>
    <bairro>Bonifácio</bairro>
    <localidade>Palmeira dos Índios</localidade>
    <uf>AL</uf>
    <estado>Alagoas</estado>
    <região/>
    <ibge>2706307</ibge>
    <gia/>
    <ddd>82</ddd>
    <siafi>2825</siafi>
  </cep>
  <cep>
    <cep>57611-200</cep>
    <logradouro/>
    <complemento/>
    <unidade/>
    <bairro>Lagoa da Areia</bairro>
    <localidade>Palmeira dos Índios</localidade>
    <uf>AL</uf>
    <estado>Alagoas</estado>
    <região/>
    <ibge>2706307</ibge>
    <gia/>
    <ddd>82</ddd>
    <siafi>2825</siafi>
  </cep>
  <cep>
    <cep>57611-000</cep>
    <logradouro/>
    <complemento/>
    <unidade/>
    <bairro>Riacho Fundo de Cima</bairro>
    <localidade>Palmeira dos Índios</localidade>
    <uf>AL</uf>
    <estado>Alagoas</estado>
    <região/>
    <ibge>2706307</ibge>
    <gia/>
    <ddd>82</ddd>
    <siafi>2825</siafi>
  </cep>
  <cep>
    <cep>57611-300</cep>
    <logradouro/>
    <complemento/>
    <unidade/>
    <bairro>Lagoa do Caldeirão</bairro>
    <localidade>Palmeira dos Índios</localidade>
    <uf>AL</uf>
    <estado>Alagoas</estado>
    <região/>
    <ibge>2706307</ibge>
    <gia/>
    <ddd>82</ddd>
    <siafi>2825</siafi>
  </cep>
  <cep>
    <cep>57611-500</cep>
    <logradouro/>
    <complemento/>
    <unidade/>
    <bairro>Lagoa Dantas</bairro>
    <localidade>Palmeira dos Índios</localidade>
    <uf>AL</uf>
    <estado>Alagoas</estado>
    <região/>
    <ibge>2706307</ibge>
    <gia/>
    <ddd>82</ddd>
    <siafi>2825</siafi>
  </cep>
  <cep>
    <cep>57611-800</cep>
    <logradouro/>
    <complemento/>
    <unidade/>
    <bairro>Lajes do Caldeirão</bairro>
    <localidade>Palmeira dos Índios</localidade>
    <uf>AL</uf>
    <estado>Alagoas</estado>
    <região/>
    <ibge>2706307</ibge>
    <gia/>
    <ddd>82</ddd>
    <siafi>2825</siafi>
  </cep>
  <cep>
    <cep>57612-000</cep>
    <logradouro/>
    <complemento/>
    <unidade/>
    <bairro>Serra da Mandioca</bairro>
    <localidade>Palmeira dos Índios</localidade>
    <uf>AL</uf>
    <estado>Alagoas</estado>
    <região/>
    <ibge>2706307</ibge>
    <gia/>
    <ddd>82</ddd>
    <siafi>2825</siafi>
  </cep>
  <cep>
    <cep>57611-100</cep>
    <logradouro/>
    <complemento/>
    <unidade/>
    <bairro>Santo Antônio</bairro>
    <localidade>Palmeira dos Índios</localidade>
    <uf>AL</uf>
    <estado>Alagoas</estado>
    <região/>
    <ibge>2706307</ibge>
    <gia/>
    <ddd>82</ddd>
    <siafi>2825</siafi>
  </cep>
  <cep>
    <cep>57611-700</cep>
    <logradouro/>
    <complemento/>
    <unidade/>
    <bairro>Lagoa do Rancho</bairro>
    <localidade>Palmeira dos Índios</localidade>
    <uf>AL</uf>
    <estado>Alagoas</estado>
    <região/>
    <ibge>2706307</ibge>
    <gia/>
    <ddd>82</ddd>
    <siafi>2825</siafi>
  </cep>
  <cep>
    <cep>57612-500</cep>
    <logradouro/>
    <complemento/>
    <unidade/>
    <bairro>Serra do São José</bairro>
    <localidade>Palmeira dos Índios</localidade>
    <uf>AL</uf>
    <estado>Alagoas</estado>
    <região/>
    <ibge>2706307</ibge>
    <gia/>
    <ddd>82</ddd>
    <siafi>2825</siafi>
  </cep>
  <cep>
    <cep>57611-600</cep>
    <logradouro/>
    <complemento/>
    <unidade/>
    <bairro>Lagoa do Exú</bairro>
    <localidade>Palmeira dos Índios</localidade>
    <uf>AL</uf>
    <estado>Alagoas</estado>
    <região/>
    <ibge>2706307</ibge>
    <gia/>
    <ddd>82</ddd>
    <siafi>2825</siafi>
  </cep>
  <cep>
    <cep>57613-500</cep>
    <logradouro/>
    <complemento/>
    <unidade/>
    <bairro>Palmeira de Fora</bairro>
    <localidade>Palmeira dos Índios</localidade>
    <uf>AL</uf>
    <estado>Alagoas</estado>
    <região/>
    <ibge>2706307</ibge>
    <gia/>
    <ddd>82</ddd>
    <siafi>2825</siafi>
  </cep>
  <cep>
    <cep>57613-000</cep>
    <logradouro/>
    <complemento/>
    <unidade/>
    <bairro>Canafístula</bairro>
    <localidade>Palmeira dos Índios</localidade>
    <uf>AL</uf>
    <estado>Alagoas</estado>
    <região/>
    <ibge>2706307</ibge>
    <gia/>
    <ddd>82</ddd>
    <siafi>2825</siafi>
  </cep>
  <cep>
    <cep>57614-000</cep>
    <logradouro/>
    <complemento/>
    <unidade/>
    <bairro>Caldeirões de Cima</bairro>
    <localidade>Palmeira dos Índios</localidade>
    <uf>AL</uf>
    <estado>Alagoas</estado>
    <região/>
    <ibge>2706307</ibge>
    <gia/>
    <ddd>82</ddd>
    <siafi>2825</siafi>
  </cep>
  <cep>
    <cep>57613-970</cep>
    <logradouro>Rua Padre Cícero</logradouro>
    <complemento>s/n</complemento>
    <unidade>AGC Canafístula</unidade>
    <bairro>Canafístula</bairro>
    <localidade>Palmeira dos Índios</localidade>
    <uf>AL</uf>
    <estado>Alagoas</estado>
    <região/>
    <ibge>2706307</ibge>
    <gia/>
    <ddd>82</ddd>
    <siafi>2825</siafi>
  </cep>
  <cep>
    <cep>57620-000</cep>
    <logradouro/>
    <complemento/>
    <unidade/>
    <bairro/>
    <localidade>Igaci</localidade>
    <uf>AL</uf>
    <estado>Alagoas</estado>
    <região/>
    <ibge>2703106</ibge>
    <gia/>
    <ddd>82</ddd>
    <siafi>2761</siafi>
  </cep>
  <cep>
    <cep>57620-970</cep>
    <logradouro>Praça Antônio Toledo</logradouro>
    <complemento>166</complemento>
    <unidade>AC Igaci</unidade>
    <bairro>Centro</bairro>
    <localidade>Igaci</localidade>
    <uf>AL</uf>
    <estado>Alagoas</estado>
    <região/>
    <ibge>2703106</ibge>
    <gia/>
    <ddd>82</ddd>
    <siafi>2761</siafi>
  </cep>
  <cep>
    <cep>57615-000</cep>
    <logradouro/>
    <complemento/>
    <unidade/>
    <bairro/>
    <localidade>Minador do Negrão</localidade>
    <uf>AL</uf>
    <estado>Alagoas</estado>
    <região/>
    <ibge>2705309</ibge>
    <gia/>
    <ddd>82</ddd>
    <siafi>2805</siafi>
  </cep>
  <cep>
    <cep>57625-971</cep>
    <logradouro>Praça Luiz Duarte</logradouro>
    <complemento>78</complemento>
    <unidade>AC Estrela de Alagoas</unidade>
    <bairro>Centro</bairro>
    <localidade>Estrela de Alagoas</localidade>
    <uf>AL</uf>
    <estado>Alagoas</estado>
    <região/>
    <ibge>2702553</ibge>
    <gia/>
    <ddd>82</ddd>
    <siafi>2643</siafi>
  </cep>
  <cep>
    <cep>57630-000</cep>
    <logradouro/>
    <complemento/>
    <unidade/>
    <bairro/>
    <localidade>Belém</localidade>
    <uf>AL</uf>
    <estado>Alagoas</estado>
    <região/>
    <ibge>2700805</ibge>
    <gia/>
    <ddd>82</ddd>
    <siafi>2715</siafi>
  </cep>
  <cep>
    <cep>57630-970</cep>
    <logradouro>Rua do Comércio</logradouro>
    <complemento>123</complemento>
    <unidade>AC Belém</unidade>
    <bairro>Centro</bairro>
    <localidade>Belém</localidade>
    <uf>AL</uf>
    <estado>Alagoas</estado>
    <região/>
    <ibge>2700805</ibge>
    <gia/>
    <ddd>82</ddd>
    <siafi>2715</siafi>
  </cep>
  <cep>
    <cep/>
    <logradouro/>
    <complemento/>
    <unidade/>
    <bairro/>
    <localidade/>
    <uf/>
    <estado/>
    <região/>
    <ibge/>
    <gia/>
    <ddd/>
    <siafi/>
  </cep>
  <cep>
    <cep>57635-970</cep>
    <logradouro>Rua da Paz</logradouro>
    <complemento>1</complemento>
    <unidade>AC Tanque D'Arca</unidade>
    <bairro>Centro</bairro>
    <localidade>Tanque D'Arca</localidade>
    <uf>AL</uf>
    <estado>Alagoas</estado>
    <região/>
    <ibge>2709004</ibge>
    <gia/>
    <ddd>82</ddd>
    <siafi>2879</siafi>
  </cep>
  <cep>
    <cep>57640-000</cep>
    <logradouro/>
    <complemento/>
    <unidade/>
    <bairro/>
    <localidade>Taquarana</localidade>
    <uf>AL</uf>
    <estado>Alagoas</estado>
    <região/>
    <ibge>2709103</ibge>
    <gia/>
    <ddd>82</ddd>
    <siafi>2881</siafi>
  </cep>
  <cep>
    <cep>57658-000</cep>
    <logradouro/>
    <complemento/>
    <unidade/>
    <bairro>Lagoa Grande</bairro>
    <localidade>Taquarana</localidade>
    <uf>AL</uf>
    <estado>Alagoas</estado>
    <região/>
    <ibge>2709103</ibge>
    <gia/>
    <ddd>82</ddd>
    <siafi>2881</siafi>
  </cep>
  <cep>
    <cep>57660-970</cep>
    <logradouro>Rua Doutor Fernandes Lima</logradouro>
    <complemento>105</complemento>
    <unidade>AC Anadia</unidade>
    <bairro>Centro</bairro>
    <localidade>Anadia</localidade>
    <uf>AL</uf>
    <estado>Alagoas</estado>
    <região/>
    <ibge>2700201</ibge>
    <gia/>
    <ddd>82</ddd>
    <siafi>2703</siafi>
  </cep>
  <cep>
    <cep>57640-990</cep>
    <logradouro>Rua Principal</logradouro>
    <complemento>s/n - Lagoa Grande</complemento>
    <unidade>CPC Povoado Lagoa Grande</unidade>
    <bairro/>
    <localidade>Taquarana</localidade>
    <uf>AL</uf>
    <estado>Alagoas</estado>
    <região/>
    <ibge>2709103</ibge>
    <gia/>
    <ddd>82</ddd>
    <siafi>2881</siafi>
  </cep>
  <cep>
    <cep>57640-970</cep>
    <logradouro>Praça Manoel Rodrigues</logradouro>
    <complemento>72</complemento>
    <unidade>AC Taquarana</unidade>
    <bairro>Centro</bairro>
    <localidade>Taquarana</localidade>
    <uf>AL</uf>
    <estado>Alagoas</estado>
    <região/>
    <ibge>2709103</ibge>
    <gia/>
    <ddd>82</ddd>
    <siafi>2881</siafi>
  </cep>
  <cep>
    <cep/>
    <logradouro/>
    <complemento/>
    <unidade/>
    <bairro/>
    <localidade/>
    <uf/>
    <estado/>
    <região/>
    <ibge/>
    <gia/>
    <ddd/>
    <siafi/>
  </cep>
  <cep>
    <cep/>
    <logradouro/>
    <complemento/>
    <unidade/>
    <bairro/>
    <localidade/>
    <uf/>
    <estado/>
    <região/>
    <ibge/>
    <gia/>
    <ddd/>
    <siafi/>
  </cep>
  <cep>
    <cep>57680-000</cep>
    <logradouro/>
    <complemento/>
    <unidade/>
    <bairro/>
    <localidade>Boca da Mata</localidade>
    <uf>AL</uf>
    <estado>Alagoas</estado>
    <região/>
    <ibge>2701001</ibge>
    <gia/>
    <ddd>82</ddd>
    <siafi>2719</siafi>
  </cep>
  <cep>
    <cep>57670-970</cep>
    <logradouro>Rua do Comércio</logradouro>
    <complemento>474</complemento>
    <unidade>AC Maribondo</unidade>
    <bairro>Centro</bairro>
    <localidade>Maribondo</localidade>
    <uf>AL</uf>
    <estado>Alagoas</estado>
    <região/>
    <ibge>2704807</ibge>
    <gia/>
    <ddd>82</ddd>
    <siafi>2795</siafi>
  </cep>
  <cep>
    <cep>57670-000</cep>
    <logradouro/>
    <complemento/>
    <unidade/>
    <bairro/>
    <localidade>Maribondo</localidade>
    <uf>AL</uf>
    <estado>Alagoas</estado>
    <região/>
    <ibge>2704807</ibge>
    <gia/>
    <ddd>82</ddd>
    <siafi>2795</siafi>
  </cep>
  <cep>
    <cep>57680-970</cep>
    <logradouro>Rua Vereador Artidorio Pinto Dâmaso</logradouro>
    <complemento>20</complemento>
    <unidade>AC Boca da Mata</unidade>
    <bairro>Centro</bairro>
    <localidade>Boca da Mata</localidade>
    <uf>AL</uf>
    <estado>Alagoas</estado>
    <região/>
    <ibge>2701001</ibge>
    <gia/>
    <ddd>82</ddd>
    <siafi>2719</siafi>
  </cep>
  <cep>
    <cep>57693-000</cep>
    <logradouro/>
    <complemento/>
    <unidade/>
    <bairro>Sapucaia</bairro>
    <localidade>Atalaia</localidade>
    <uf>AL</uf>
    <estado>Alagoas</estado>
    <região/>
    <ibge>2700409</ibge>
    <gia/>
    <ddd>82</ddd>
    <siafi>2707</siafi>
  </cep>
  <cep>
    <cep>57690-992</cep>
    <logradouro>Rua Manoel Francisco</logradouro>
    <complemento>s/n</complemento>
    <unidade>CPC Povoado Genipapeiro</unidade>
    <bairro/>
    <localidade>Atalaia</localidade>
    <uf>AL</uf>
    <estado>Alagoas</estado>
    <região/>
    <ibge>2700409</ibge>
    <gia/>
    <ddd>82</ddd>
    <siafi>2707</siafi>
  </cep>
  <cep>
    <cep>57690-991</cep>
    <logradouro>Rua Joaquim Vieira 27</logradouro>
    <complemento/>
    <unidade>CPC Alto do Cruzeiro</unidade>
    <bairro/>
    <localidade>Atalaia</localidade>
    <uf>AL</uf>
    <estado>Alagoas</estado>
    <região/>
    <ibge>2700409</ibge>
    <gia/>
    <ddd>82</ddd>
    <siafi>2707</siafi>
  </cep>
  <cep>
    <cep>57710-000</cep>
    <logradouro/>
    <complemento/>
    <unidade/>
    <bairro>Anel</bairro>
    <localidade>Viçosa</localidade>
    <uf>AL</uf>
    <estado>Alagoas</estado>
    <região/>
    <ibge>2709400</ibge>
    <gia/>
    <ddd>82</ddd>
    <siafi>2887</siafi>
  </cep>
  <cep>
    <cep>57690-970</cep>
    <logradouro>Avenida Silvestre Péricles</logradouro>
    <complemento>622</complemento>
    <unidade>AC Atalaia</unidade>
    <bairro>Centro</bairro>
    <localidade>Atalaia</localidade>
    <uf>AL</uf>
    <estado>Alagoas</estado>
    <região/>
    <ibge>2700409</ibge>
    <gia/>
    <ddd>82</ddd>
    <siafi>2707</siafi>
  </cep>
  <cep>
    <cep>57720-000</cep>
    <logradouro/>
    <complemento/>
    <unidade/>
    <bairro/>
    <localidade>Pindoba</localidade>
    <uf>AL</uf>
    <estado>Alagoas</estado>
    <região/>
    <ibge>2707008</ibge>
    <gia/>
    <ddd>82</ddd>
    <siafi>2839</siafi>
  </cep>
  <cep>
    <cep>57700-970</cep>
    <logradouro>Avenida Firmino Maia</logradouro>
    <complemento>50</complemento>
    <unidade>AC Viçosa</unidade>
    <bairro>Centro</bairro>
    <localidade>Viçosa</localidade>
    <uf>AL</uf>
    <estado>Alagoas</estado>
    <região/>
    <ibge>2709400</ibge>
    <gia/>
    <ddd>82</ddd>
    <siafi>2887</siafi>
  </cep>
  <cep>
    <cep>57720-970</cep>
    <logradouro>Rua do Comércio</logradouro>
    <complemento>33</complemento>
    <unidade>AC Pindoba</unidade>
    <bairro>Centro</bairro>
    <localidade>Pindoba</localidade>
    <uf>AL</uf>
    <estado>Alagoas</estado>
    <região/>
    <ibge>2707008</ibge>
    <gia/>
    <ddd>82</ddd>
    <siafi>2839</siafi>
  </cep>
  <cep>
    <cep>57690-990</cep>
    <logradouro>Rua Professor Genário Cardoso</logradouro>
    <complemento>s/n</complemento>
    <unidade>CPC Vila José Paulino</unidade>
    <bairro/>
    <localidade>Atalaia</localidade>
    <uf>AL</uf>
    <estado>Alagoas</estado>
    <região/>
    <ibge>2700409</ibge>
    <gia/>
    <ddd>82</ddd>
    <siafi>2707</siafi>
  </cep>
  <cep>
    <cep>57690-000</cep>
    <logradouro/>
    <complemento/>
    <unidade/>
    <bairro/>
    <localidade>Atalaia</localidade>
    <uf>AL</uf>
    <estado>Alagoas</estado>
    <região/>
    <ibge>2700409</ibge>
    <gia/>
    <ddd>82</ddd>
    <siafi>2707</siafi>
  </cep>
  <cep>
    <cep>57700-000</cep>
    <logradouro/>
    <complemento/>
    <unidade/>
    <bairro/>
    <localidade>Viçosa</localidade>
    <uf>AL</uf>
    <estado>Alagoas</estado>
    <região/>
    <ibge>2709400</ibge>
    <gia/>
    <ddd>82</ddd>
    <siafi>2887</siafi>
  </cep>
  <cep>
    <cep>57730-970</cep>
    <logradouro>Rua Coronel Álvaro Almeida</logradouro>
    <complemento>60</complemento>
    <unidade>AC Mar Vermelho</unidade>
    <bairro>Centro</bairro>
    <localidade>Mar Vermelho</localidade>
    <uf>AL</uf>
    <estado>Alagoas</estado>
    <região/>
    <ibge>2704906</ibge>
    <gia/>
    <ddd>82</ddd>
    <siafi>2797</siafi>
  </cep>
  <cep>
    <cep>57740-000</cep>
    <logradouro/>
    <complemento/>
    <unidade/>
    <bairro/>
    <localidade>Paulo Jacinto</localidade>
    <uf>AL</uf>
    <estado>Alagoas</estado>
    <região/>
    <ibge>2706604</ibge>
    <gia/>
    <ddd>82</ddd>
    <siafi>2831</siafi>
  </cep>
  <cep>
    <cep>57750-000</cep>
    <logradouro/>
    <complemento/>
    <unidade/>
    <bairro/>
    <localidade>Quebrangulo</localidade>
    <uf>AL</uf>
    <estado>Alagoas</estado>
    <região/>
    <ibge>2707602</ibge>
    <gia/>
    <ddd>82</ddd>
    <siafi>2851</siafi>
  </cep>
  <cep>
    <cep>57760-000</cep>
    <logradouro/>
    <complemento/>
    <unidade/>
    <bairro/>
    <localidade>Chã Preta</localidade>
    <uf>AL</uf>
    <estado>Alagoas</estado>
    <região/>
    <ibge>2701902</ibge>
    <gia/>
    <ddd>82</ddd>
    <siafi>2737</siafi>
  </cep>
  <cep>
    <cep>57760-970</cep>
    <logradouro>Rua Coronel Pedro Teixeira</logradouro>
    <complemento>215</complemento>
    <unidade>AC Chã Preta</unidade>
    <bairro>Centro</bairro>
    <localidade>Chã Preta</localidade>
    <uf>AL</uf>
    <estado>Alagoas</estado>
    <região/>
    <ibge>2701902</ibge>
    <gia/>
    <ddd>82</ddd>
    <siafi>2737</siafi>
  </cep>
  <cep>
    <cep>57740-970</cep>
    <logradouro>Rua João Cassiano Costa</logradouro>
    <complemento>s/n</complemento>
    <unidade>AC Paulo Jacinto</unidade>
    <bairro>Centro</bairro>
    <localidade>Paulo Jacinto</localidade>
    <uf>AL</uf>
    <estado>Alagoas</estado>
    <região/>
    <ibge>2706604</ibge>
    <gia/>
    <ddd>82</ddd>
    <siafi>2831</siafi>
  </cep>
  <cep>
    <cep>57770-000</cep>
    <logradouro/>
    <complemento/>
    <unidade/>
    <bairro/>
    <localidade>Cajueiro</localidade>
    <uf>AL</uf>
    <estado>Alagoas</estado>
    <região/>
    <ibge>2701308</ibge>
    <gia/>
    <ddd>82</ddd>
    <siafi>2725</siafi>
  </cep>
  <cep>
    <cep>57780-000</cep>
    <logradouro/>
    <complemento/>
    <unidade/>
    <bairro/>
    <localidade>Capela</localidade>
    <uf>AL</uf>
    <estado>Alagoas</estado>
    <região/>
    <ibge>2701704</ibge>
    <gia/>
    <ddd>82</ddd>
    <siafi>2733</siafi>
  </cep>
  <cep>
    <cep>57750-970</cep>
    <logradouro>Praça Major Cícero de Góes Monteiro</logradouro>
    <complemento>152</complemento>
    <unidade>AC Quebrangulo</unidade>
    <bairro>Centro</bairro>
    <localidade>Quebrangulo</localidade>
    <uf>AL</uf>
    <estado>Alagoas</estado>
    <região/>
    <ibge>2707602</ibge>
    <gia/>
    <ddd>82</ddd>
    <siafi>2851</siafi>
  </cep>
  <cep>
    <cep>57780-970</cep>
    <logradouro>Rua Doutor Horácio Gomes de Melo</logradouro>
    <complemento>613</complemento>
    <unidade>AC Capela</unidade>
    <bairro>Centro</bairro>
    <localidade>Capela</localidade>
    <uf>AL</uf>
    <estado>Alagoas</estado>
    <região/>
    <ibge>2701704</ibge>
    <gia/>
    <ddd>82</ddd>
    <siafi>2733</siafi>
  </cep>
  <cep>
    <cep>57800-000</cep>
    <logradouro/>
    <complemento/>
    <unidade/>
    <bairro/>
    <localidade>União dos Palmares</localidade>
    <uf>AL</uf>
    <estado>Alagoas</estado>
    <região/>
    <ibge>2709301</ibge>
    <gia/>
    <ddd>82</ddd>
    <siafi>2885</siafi>
  </cep>
  <cep>
    <cep>57800-970</cep>
    <logradouro>Avenida Monsenhor Clovis Duarte de Barros</logradouro>
    <complemento>02</complemento>
    <unidade>AC União dos Palmares</unidade>
    <bairro>Centro</bairro>
    <localidade>União dos Palmares</localidade>
    <uf>AL</uf>
    <estado>Alagoas</estado>
    <região/>
    <ibge>2709301</ibge>
    <gia/>
    <ddd>82</ddd>
    <siafi>2885</siafi>
  </cep>
  <cep>
    <cep>57790-000</cep>
    <logradouro/>
    <complemento/>
    <unidade/>
    <bairro>Santa Efigênia</bairro>
    <localidade>Capela</localidade>
    <uf>AL</uf>
    <estado>Alagoas</estado>
    <região/>
    <ibge>2701704</ibge>
    <gia/>
    <ddd>82</ddd>
    <siafi>2733</siafi>
  </cep>
  <cep>
    <cep>57860-000</cep>
    <logradouro/>
    <complemento/>
    <unidade/>
    <bairro/>
    <localidade>São José da Laje</localidade>
    <uf>AL</uf>
    <estado>Alagoas</estado>
    <região/>
    <ibge>2708303</ibge>
    <gia/>
    <ddd>82</ddd>
    <siafi>2865</siafi>
  </cep>
  <cep>
    <cep>57840-970</cep>
    <logradouro>Rua Silvestre Péricles</logradouro>
    <complemento>s/n</complemento>
    <unidade>AC Santana do Mundaú</unidade>
    <bairro>Centro</bairro>
    <localidade>Santana do Mundaú</localidade>
    <uf>AL</uf>
    <estado>Alagoas</estado>
    <região/>
    <ibge>2708105</ibge>
    <gia/>
    <ddd>82</ddd>
    <siafi>2861</siafi>
  </cep>
  <cep>
    <cep>57810-971</cep>
    <logradouro>Rua Joaquim Cardoso</logradouro>
    <complemento>s/n</complemento>
    <unidade>AGC Rocha Cavalcante</unidade>
    <bairro>Distrito de Rocha Cavalcante</bairro>
    <localidade>União dos Palmares</localidade>
    <uf>AL</uf>
    <estado>Alagoas</estado>
    <região/>
    <ibge>2709301</ibge>
    <gia/>
    <ddd>82</ddd>
    <siafi>2885</siafi>
  </cep>
  <cep>
    <cep/>
    <logradouro/>
    <complemento/>
    <unidade/>
    <bairro/>
    <localidade/>
    <uf/>
    <estado/>
    <região/>
    <ibge/>
    <gia/>
    <ddd/>
    <siafi/>
  </cep>
  <cep>
    <cep>57820-970</cep>
    <logradouro>Avenida Presidente Vargas</logradouro>
    <complemento>23</complemento>
    <unidade>AC Murici</unidade>
    <bairro>Centro</bairro>
    <localidade>Murici</localidade>
    <uf>AL</uf>
    <estado>Alagoas</estado>
    <região/>
    <ibge>2705507</ibge>
    <gia/>
    <ddd>82</ddd>
    <siafi>2809</siafi>
  </cep>
  <cep>
    <cep>57850-000</cep>
    <logradouro/>
    <complemento/>
    <unidade/>
    <bairro>Munguba</bairro>
    <localidade>Santana do Mundaú</localidade>
    <uf>AL</uf>
    <estado>Alagoas</estado>
    <região/>
    <ibge>2708105</ibge>
    <gia/>
    <ddd>82</ddd>
    <siafi>2861</siafi>
  </cep>
  <cep>
    <cep>57890-000</cep>
    <logradouro/>
    <complemento/>
    <unidade/>
    <bairro/>
    <localidade>Ibateguara</localidade>
    <uf>AL</uf>
    <estado>Alagoas</estado>
    <região/>
    <ibge>2703007</ibge>
    <gia/>
    <ddd>82</ddd>
    <siafi>2759</siafi>
  </cep>
  <cep>
    <cep>57900-000</cep>
    <logradouro/>
    <complemento/>
    <unidade/>
    <bairro/>
    <localidade>Porto Calvo</localidade>
    <uf>AL</uf>
    <estado>Alagoas</estado>
    <região/>
    <ibge>2707305</ibge>
    <gia/>
    <ddd>82</ddd>
    <siafi>2845</siafi>
  </cep>
  <cep>
    <cep>57860-970</cep>
    <logradouro>Avenida Valdemar Pontes</logradouro>
    <complemento>s/n</complemento>
    <unidade>AC São José da Laje</unidade>
    <bairro>Centro</bairro>
    <localidade>São José da Laje</localidade>
    <uf>AL</uf>
    <estado>Alagoas</estado>
    <região/>
    <ibge>2708303</ibge>
    <gia/>
    <ddd>82</ddd>
    <siafi>2865</siafi>
  </cep>
  <cep>
    <cep>57890-970</cep>
    <logradouro>Rua do Comércio</logradouro>
    <complemento>92</complemento>
    <unidade>AC Ibateguara</unidade>
    <bairro>Centro</bairro>
    <localidade>Ibateguara</localidade>
    <uf>AL</uf>
    <estado>Alagoas</estado>
    <região/>
    <ibge>2703007</ibge>
    <gia/>
    <ddd>82</ddd>
    <siafi>2759</siafi>
  </cep>
  <cep>
    <cep>57830-970</cep>
    <logradouro>Conjunto Residencial Raimundo Nonato Lopes</logradouro>
    <complemento>Plator III Quadra 7 Lote 03 A</complemento>
    <unidade>AC Branquinha</unidade>
    <bairro>Urbano</bairro>
    <localidade>Branquinha</localidade>
    <uf>AL</uf>
    <estado>Alagoas</estado>
    <região/>
    <ibge>2701100</ibge>
    <gia/>
    <ddd>82</ddd>
    <siafi>2721</siafi>
  </cep>
  <cep>
    <cep>57840-000</cep>
    <logradouro/>
    <complemento/>
    <unidade/>
    <bairro/>
    <localidade>Santana do Mundaú</localidade>
    <uf>AL</uf>
    <estado>Alagoas</estado>
    <região/>
    <ibge>2708105</ibge>
    <gia/>
    <ddd>82</ddd>
    <siafi>2861</siafi>
  </cep>
  <cep>
    <cep>57820-000</cep>
    <logradouro/>
    <complemento/>
    <unidade/>
    <bairro/>
    <localidade>Murici</localidade>
    <uf>AL</uf>
    <estado>Alagoas</estado>
    <região/>
    <ibge>2705507</ibge>
    <gia/>
    <ddd>82</ddd>
    <siafi>2809</siafi>
  </cep>
  <cep>
    <cep>57810-000</cep>
    <logradouro/>
    <complemento/>
    <unidade/>
    <bairro>Rocha Cavalcante</bairro>
    <localidade>União dos Palmares</localidade>
    <uf>AL</uf>
    <estado>Alagoas</estado>
    <região/>
    <ibge>2709301</ibge>
    <gia/>
    <ddd>82</ddd>
    <siafi>2885</siafi>
  </cep>
  <cep>
    <cep>57830-000</cep>
    <logradouro/>
    <complemento/>
    <unidade/>
    <bairro/>
    <localidade>Branquinha</localidade>
    <uf>AL</uf>
    <estado>Alagoas</estado>
    <região/>
    <ibge>2701100</ibge>
    <gia/>
    <ddd>82</ddd>
    <siafi>2721</siafi>
  </cep>
  <cep>
    <cep>57895-000</cep>
    <logradouro/>
    <complemento/>
    <unidade/>
    <bairro>Canastra</bairro>
    <localidade>Ibateguara</localidade>
    <uf>AL</uf>
    <estado>Alagoas</estado>
    <região/>
    <ibge>2703007</ibge>
    <gia/>
    <ddd>82</ddd>
    <siafi>2759</siafi>
  </cep>
  <cep>
    <cep>57910-000</cep>
    <logradouro/>
    <complemento/>
    <unidade/>
    <bairro/>
    <localidade>Matriz de Camaragibe</localidade>
    <uf>AL</uf>
    <estado>Alagoas</estado>
    <região/>
    <ibge>2705101</ibge>
    <gia/>
    <ddd>82</ddd>
    <siafi>2801</siafi>
  </cep>
  <cep>
    <cep>57910-970</cep>
    <logradouro>Rua Capitão José de Barros Pimentel</logradouro>
    <complemento>137</complemento>
    <unidade>AC Matriz de Camaragibe</unidade>
    <bairro>Centro</bairro>
    <localidade>Matriz de Camaragibe</localidade>
    <uf>AL</uf>
    <estado>Alagoas</estado>
    <região/>
    <ibge>2705101</ibge>
    <gia/>
    <ddd>82</ddd>
    <siafi>2801</siafi>
  </cep>
  <cep>
    <cep>57920-970</cep>
    <logradouro>Rua Doutor Fernando Sarmento</logradouro>
    <complemento>s/n</complemento>
    <unidade>AC São Luís do Quitunde</unidade>
    <bairro>Centro</bairro>
    <localidade>São Luís do Quitunde</localidade>
    <uf>AL</uf>
    <estado>Alagoas</estado>
    <região/>
    <ibge>2708501</ibge>
    <gia/>
    <ddd>82</ddd>
    <siafi>2869</siafi>
  </cep>
  <cep>
    <cep>57920-000</cep>
    <logradouro/>
    <complemento/>
    <unidade/>
    <bairro/>
    <localidade>São Luís do Quitunde</localidade>
    <uf>AL</uf>
    <estado>Alagoas</estado>
    <região/>
    <ibge>2708501</ibge>
    <gia/>
    <ddd>82</ddd>
    <siafi>2869</siafi>
  </cep>
  <cep>
    <cep>57920-991</cep>
    <logradouro>Rua George José da Silva</logradouro>
    <complemento>s/n</complemento>
    <unidade>CPC Alto Cristo Redentor</unidade>
    <bairro/>
    <localidade>São Luís do Quitunde</localidade>
    <uf>AL</uf>
    <estado>Alagoas</estado>
    <região/>
    <ibge>2708501</ibge>
    <gia/>
    <ddd>82</ddd>
    <siafi>2869</siafi>
  </cep>
  <cep>
    <cep>57920-990</cep>
    <logradouro>Escola Monteiro Lobato - Povoado Quitunde</logradouro>
    <complemento/>
    <unidade>CPC Povoado Quitunde</unidade>
    <bairro/>
    <localidade>São Luís do Quitunde</localidade>
    <uf>AL</uf>
    <estado>Alagoas</estado>
    <região/>
    <ibge>2708501</ibge>
    <gia/>
    <ddd>82</ddd>
    <siafi>2869</siafi>
  </cep>
  <cep>
    <cep>57925-000</cep>
    <logradouro/>
    <complemento/>
    <unidade/>
    <bairro/>
    <localidade>Barra de Santo Antônio</localidade>
    <uf>AL</uf>
    <estado>Alagoas</estado>
    <região/>
    <ibge>2700508</ibge>
    <gia/>
    <ddd>82</ddd>
    <siafi>2709</siafi>
  </cep>
  <cep>
    <cep>57925-970</cep>
    <logradouro>Avenida Benedito Casado</logradouro>
    <complemento>s/n</complemento>
    <unidade>AC Barra de Santo Antônio</unidade>
    <bairro>Centro</bairro>
    <localidade>Barra de Santo Antônio</localidade>
    <uf>AL</uf>
    <estado>Alagoas</estado>
    <região/>
    <ibge>2700508</ibge>
    <gia/>
    <ddd>82</ddd>
    <siafi>2709</siafi>
  </cep>
  <cep>
    <cep>57930-970</cep>
    <logradouro>Rua Fernandes Lima</logradouro>
    <complemento>64</complemento>
    <unidade>AC Passo de Camaragibe</unidade>
    <bairro>Centro</bairro>
    <localidade>Passo de Camaragibe</localidade>
    <uf>AL</uf>
    <estado>Alagoas</estado>
    <região/>
    <ibge>2706505</ibge>
    <gia/>
    <ddd>82</ddd>
    <siafi>2829</siafi>
  </cep>
  <cep>
    <cep>57935-000</cep>
    <logradouro/>
    <complemento/>
    <unidade/>
    <bairro/>
    <localidade>Paripueira</localidade>
    <uf>AL</uf>
    <estado>Alagoas</estado>
    <região/>
    <ibge>2706448</ibge>
    <gia/>
    <ddd>82</ddd>
    <siafi>2641</siafi>
  </cep>
  <cep>
    <cep>57935-970</cep>
    <logradouro>Avenida Antonio Reinaldo</logradouro>
    <complemento>45</complemento>
    <unidade>AC Paripueira</unidade>
    <bairro>Centro</bairro>
    <localidade>Paripueira</localidade>
    <uf>AL</uf>
    <estado>Alagoas</estado>
    <região/>
    <ibge>2706448</ibge>
    <gia/>
    <ddd>82</ddd>
    <siafi>2641</siafi>
  </cep>
  <cep>
    <cep>57940-970</cep>
    <logradouro>Rua Vereador Lamenha Couto</logradouro>
    <complemento>119</complemento>
    <unidade>AC São Miguel dos Milagres</unidade>
    <bairro>Centro</bairro>
    <localidade>São Miguel dos Milagres</localidade>
    <uf>AL</uf>
    <estado>Alagoas</estado>
    <região/>
    <ibge>2708709</ibge>
    <gia/>
    <ddd>82</ddd>
    <siafi>2873</siafi>
  </cep>
  <cep>
    <cep>57945-000</cep>
    <logradouro/>
    <complemento/>
    <unidade/>
    <bairro/>
    <localidade>Porto de Pedras</localidade>
    <uf>AL</uf>
    <estado>Alagoas</estado>
    <região/>
    <ibge>2707404</ibge>
    <gia/>
    <ddd>82</ddd>
    <siafi>2847</siafi>
  </cep>
  <cep>
    <cep>57948-000</cep>
    <logradouro/>
    <complemento/>
    <unidade/>
    <bairro>Tatuamunha</bairro>
    <localidade>Porto de Pedras</localidade>
    <uf>AL</uf>
    <estado>Alagoas</estado>
    <região/>
    <ibge>2707404</ibge>
    <gia/>
    <ddd>82</ddd>
    <siafi>2847</siafi>
  </cep>
  <cep>
    <cep>57950-970</cep>
    <logradouro>Praça Nossa Senhora das Candeias</logradouro>
    <complemento>172</complemento>
    <unidade>AC Japaratinga</unidade>
    <bairro>Centro</bairro>
    <localidade>Japaratinga</localidade>
    <uf>AL</uf>
    <estado>Alagoas</estado>
    <região/>
    <ibge>2703601</ibge>
    <gia/>
    <ddd>82</ddd>
    <siafi>2771</siafi>
  </cep>
  <cep>
    <cep>57955-000</cep>
    <logradouro/>
    <complemento/>
    <unidade/>
    <bairro/>
    <localidade>Maragogi</localidade>
    <uf>AL</uf>
    <estado>Alagoas</estado>
    <região/>
    <ibge>2704500</ibge>
    <gia/>
    <ddd>82</ddd>
    <siafi>2789</siafi>
  </cep>
  <cep>
    <cep>57955-970</cep>
    <logradouro>Rua Luiz Holanda Cavalcante</logradouro>
    <complemento>61</complemento>
    <unidade>AC Maragogi</unidade>
    <bairro>Centro</bairro>
    <localidade>Maragogi</localidade>
    <uf>AL</uf>
    <estado>Alagoas</estado>
    <região/>
    <ibge>2704500</ibge>
    <gia/>
    <ddd>82</ddd>
    <siafi>2789</siafi>
  </cep>
  <cep>
    <cep>57940-000</cep>
    <logradouro/>
    <complemento/>
    <unidade/>
    <bairro/>
    <localidade>São Miguel dos Milagres</localidade>
    <uf>AL</uf>
    <estado>Alagoas</estado>
    <região/>
    <ibge>2708709</ibge>
    <gia/>
    <ddd>82</ddd>
    <siafi>2873</siafi>
  </cep>
  <cep>
    <cep>57958-000</cep>
    <logradouro/>
    <complemento/>
    <unidade/>
    <bairro>Barra Grande</bairro>
    <localidade>Maragogi</localidade>
    <uf>AL</uf>
    <estado>Alagoas</estado>
    <região/>
    <ibge>2704500</ibge>
    <gia/>
    <ddd>82</ddd>
    <siafi>2789</siafi>
  </cep>
  <cep>
    <cep>57930-000</cep>
    <logradouro/>
    <complemento/>
    <unidade/>
    <bairro/>
    <localidade>Passo de Camaragibe</localidade>
    <uf>AL</uf>
    <estado>Alagoas</estado>
    <região/>
    <ibge>2706505</ibge>
    <gia/>
    <ddd>82</ddd>
    <siafi>2829</siafi>
  </cep>
  <cep>
    <cep>57958-970</cep>
    <logradouro>Rua do Lemos</logradouro>
    <complemento>s/n</complemento>
    <unidade>AGC Barra Grande</unidade>
    <bairro>Barra Grande</bairro>
    <localidade>Maragogi</localidade>
    <uf>AL</uf>
    <estado>Alagoas</estado>
    <região/>
    <ibge>2704500</ibge>
    <gia/>
    <ddd>82</ddd>
    <siafi>2789</siafi>
  </cep>
  <cep>
    <cep>57953-000</cep>
    <logradouro/>
    <complemento/>
    <unidade/>
    <bairro>Boqueirão</bairro>
    <localidade>Japaratinga</localidade>
    <uf>AL</uf>
    <estado>Alagoas</estado>
    <região/>
    <ibge>2703601</ibge>
    <gia/>
    <ddd>82</ddd>
    <siafi>2771</siafi>
  </cep>
  <cep>
    <cep>57945-970</cep>
    <logradouro>Rua Doutor Sebastião da Hora</logradouro>
    <complemento>281</complemento>
    <unidade>AC Porto de Pedras</unidade>
    <bairro>Centro</bairro>
    <localidade>Porto de Pedras</localidade>
    <uf>AL</uf>
    <estado>Alagoas</estado>
    <região/>
    <ibge>2707404</ibge>
    <gia/>
    <ddd>82</ddd>
    <siafi>2847</siafi>
  </cep>
  <cep>
    <cep>57965-970</cep>
    <logradouro>Rua Nossa Senhora da Conceição</logradouro>
    <complemento>37</complemento>
    <unidade>AC Jundiá</unidade>
    <bairro>Centro</bairro>
    <localidade>Jundiá</localidade>
    <uf>AL</uf>
    <estado>Alagoas</estado>
    <região/>
    <ibge>2703908</ibge>
    <gia/>
    <ddd>82</ddd>
    <siafi>2777</siafi>
  </cep>
  <cep>
    <cep>57960-000</cep>
    <logradouro/>
    <complemento/>
    <unidade/>
    <bairro/>
    <localidade>Jacuípe</localidade>
    <uf>AL</uf>
    <estado>Alagoas</estado>
    <região/>
    <ibge>2703502</ibge>
    <gia/>
    <ddd>82</ddd>
    <siafi>2769</siafi>
  </cep>
  <cep>
    <cep>57959-000</cep>
    <logradouro/>
    <complemento/>
    <unidade/>
    <bairro>Peroba</bairro>
    <localidade>Maragogi</localidade>
    <uf>AL</uf>
    <estado>Alagoas</estado>
    <região/>
    <ibge>2704500</ibge>
    <gia/>
    <ddd>82</ddd>
    <siafi>2789</siafi>
  </cep>
  <cep>
    <cep>57960-970</cep>
    <logradouro>Rua do Comércio</logradouro>
    <complemento>s/n</complemento>
    <unidade>AC Jacuípe</unidade>
    <bairro>Centro</bairro>
    <localidade>Jacuípe</localidade>
    <uf>AL</uf>
    <estado>Alagoas</estado>
    <região/>
    <ibge>2703502</ibge>
    <gia/>
    <ddd>82</ddd>
    <siafi>2769</siafi>
  </cep>
  <cep>
    <cep>57968-000</cep>
    <logradouro/>
    <complemento/>
    <unidade/>
    <bairro/>
    <localidade>Campestre</localidade>
    <uf>AL</uf>
    <estado>Alagoas</estado>
    <região/>
    <ibge>2701357</ibge>
    <gia/>
    <ddd>82</ddd>
    <siafi>0560</siafi>
  </cep>
  <cep>
    <cep/>
    <logradouro/>
    <complemento/>
    <unidade/>
    <bairro/>
    <localidade/>
    <uf/>
    <estado/>
    <região/>
    <ibge/>
    <gia/>
    <ddd/>
    <siafi/>
  </cep>
  <cep>
    <cep/>
    <logradouro/>
    <complemento/>
    <unidade/>
    <bairro/>
    <localidade/>
    <uf/>
    <estado/>
    <região/>
    <ibge/>
    <gia/>
    <ddd/>
    <siafi/>
  </cep>
  <cep>
    <cep>57968-970</cep>
    <logradouro>Rua Epitácio Pessoa</logradouro>
    <complemento>s/n</complemento>
    <unidade>AC Campestre</unidade>
    <bairro>Centro</bairro>
    <localidade>Campestre</localidade>
    <uf>AL</uf>
    <estado>Alagoas</estado>
    <região/>
    <ibge>2701357</ibge>
    <gia/>
    <ddd>82</ddd>
    <siafi>0560</siafi>
  </cep>
  <cep>
    <cep/>
    <logradouro/>
    <complemento/>
    <unidade/>
    <bairro/>
    <localidade/>
    <uf/>
    <estado/>
    <região/>
    <ibge/>
    <gia/>
    <ddd/>
    <siafi/>
  </cep>
  <cep>
    <cep>57970-970</cep>
    <logradouro>Rua do Comércio</logradouro>
    <complemento>288</complemento>
    <unidade>AC Novo Lino</unidade>
    <bairro>Centro</bairro>
    <localidade>Novo Lino</localidade>
    <uf>AL</uf>
    <estado>Alagoas</estado>
    <região/>
    <ibge>2705606</ibge>
    <gia/>
    <ddd>82</ddd>
    <siafi>2811</siafi>
  </cep>
  <cep>
    <cep>57975-000</cep>
    <logradouro/>
    <complemento/>
    <unidade/>
    <bairro/>
    <localidade>Colônia Leopoldina</localidade>
    <uf>AL</uf>
    <estado>Alagoas</estado>
    <região/>
    <ibge>2702108</ibge>
    <gia/>
    <ddd>82</ddd>
    <siafi>2741</siafi>
  </cep>
  <cep>
    <cep>57975-970</cep>
    <logradouro>Praça Dom Pedro II</logradouro>
    <complemento>226</complemento>
    <unidade>AC Colônia Leopoldina</unidade>
    <bairro>Centro</bairro>
    <localidade>Colônia Leopoldina</localidade>
    <uf>AL</uf>
    <estado>Alagoas</estado>
    <região/>
    <ibge>2702108</ibge>
    <gia/>
    <ddd>82</ddd>
    <siafi>2741</siafi>
  </cep>
  <cep>
    <cep>57980-000</cep>
    <logradouro/>
    <complemento/>
    <unidade/>
    <bairro/>
    <localidade>Joaquim Gomes</localidade>
    <uf>AL</uf>
    <estado>Alagoas</estado>
    <região/>
    <ibge>2703809</ibge>
    <gia/>
    <ddd>82</ddd>
    <siafi>2775</siafi>
  </cep>
  <cep>
    <cep>57010-730</cep>
    <logradouro>Rua José Marques Ribeiro</logradouro>
    <complemento/>
    <unidade/>
    <bairro>Trapiche da Barra</bairro>
    <localidade>Maceió</localidade>
    <uf>AL</uf>
    <estado>Alagoas</estado>
    <região/>
    <ibge>2704302</ibge>
    <gia/>
    <ddd>82</ddd>
    <siafi>2785</siafi>
  </cep>
  <cep>
    <cep>57990-000</cep>
    <logradouro/>
    <complemento/>
    <unidade/>
    <bairro/>
    <localidade>Messias</localidade>
    <uf>AL</uf>
    <estado>Alagoas</estado>
    <região/>
    <ibge>2705200</ibge>
    <gia/>
    <ddd>82</ddd>
    <siafi>2803</siafi>
  </cep>
  <cep>
    <cep>57014-274</cep>
    <logradouro>Rua Jardim Boa Esperança</logradouro>
    <complemento/>
    <unidade/>
    <bairro>Ponta Grossa</bairro>
    <localidade>Maceió</localidade>
    <uf>AL</uf>
    <estado>Alagoas</estado>
    <região/>
    <ibge>2704302</ibge>
    <gia/>
    <ddd>82</ddd>
    <siafi>2785</siafi>
  </cep>
  <cep>
    <cep>57014-335</cep>
    <logradouro>Vila Maragogi</logradouro>
    <complemento/>
    <unidade/>
    <bairro>Ponta Grossa</bairro>
    <localidade>Maceió</localidade>
    <uf>AL</uf>
    <estado>Alagoas</estado>
    <região/>
    <ibge>2704302</ibge>
    <gia/>
    <ddd>82</ddd>
    <siafi>2785</siafi>
  </cep>
  <cep>
    <cep>57014-276</cep>
    <logradouro>Travessa Felix Bandeira</logradouro>
    <complemento/>
    <unidade/>
    <bairro>Ponta Grossa</bairro>
    <localidade>Maceió</localidade>
    <uf>AL</uf>
    <estado>Alagoas</estado>
    <região/>
    <ibge>2704302</ibge>
    <gia/>
    <ddd>82</ddd>
    <siafi>2785</siafi>
  </cep>
  <cep>
    <cep>57010-002</cep>
    <logradouro>Avenida Siqueira Campos</logradouro>
    <complemento>até 944 - lado par</complemento>
    <unidade/>
    <bairro>Prado</bairro>
    <localidade>Maceió</localidade>
    <uf>AL</uf>
    <estado>Alagoas</estado>
    <região/>
    <ibge>2704302</ibge>
    <gia/>
    <ddd>82</ddd>
    <siafi>2785</siafi>
  </cep>
  <cep>
    <cep>57014-015</cep>
    <logradouro>Rua Boa Vista</logradouro>
    <complemento/>
    <unidade/>
    <bairro>Ponta Grossa</bairro>
    <localidade>Maceió</localidade>
    <uf>AL</uf>
    <estado>Alagoas</estado>
    <região/>
    <ibge>2704302</ibge>
    <gia/>
    <ddd>82</ddd>
    <siafi>2785</siafi>
  </cep>
  <cep>
    <cep>57014-206</cep>
    <logradouro>Rua Comendador Teixeira Bastos</logradouro>
    <complemento>de 742 ao fim - lado par</complemento>
    <unidade/>
    <bairro>Ponta Grossa</bairro>
    <localidade>Maceió</localidade>
    <uf>AL</uf>
    <estado>Alagoas</estado>
    <região/>
    <ibge>2704302</ibge>
    <gia/>
    <ddd>82</ddd>
    <siafi>2785</siafi>
  </cep>
  <cep>
    <cep>57990-970</cep>
    <logradouro>Rua Rosalvo Calheiros Melo</logradouro>
    <complemento>141</complemento>
    <unidade>AC Messias</unidade>
    <bairro>Centro</bairro>
    <localidade>Messias</localidade>
    <uf>AL</uf>
    <estado>Alagoas</estado>
    <região/>
    <ibge>2705200</ibge>
    <gia/>
    <ddd>82</ddd>
    <siafi>2803</siafi>
  </cep>
  <cep>
    <cep>57014-480</cep>
    <logradouro>Rua Messias de Gusmão</logradouro>
    <complemento/>
    <unidade/>
    <bairro>Ponta Grossa</bairro>
    <localidade>Maceió</localidade>
    <uf>AL</uf>
    <estado>Alagoas</estado>
    <região/>
    <ibge>2704302</ibge>
    <gia/>
    <ddd>82</ddd>
    <siafi>2785</siafi>
  </cep>
  <cep>
    <cep>57010-280</cep>
    <logradouro>Rua Rodrigues Alves</logradouro>
    <complemento/>
    <unidade/>
    <bairro>Prado</bairro>
    <localidade>Maceió</localidade>
    <uf>AL</uf>
    <estado>Alagoas</estado>
    <região/>
    <ibge>2704302</ibge>
    <gia/>
    <ddd>82</ddd>
    <siafi>2785</siafi>
  </cep>
  <cep>
    <cep>57014-460</cep>
    <logradouro>Avenida Senador Rui Palmeira</logradouro>
    <complemento>(campo do botinha)</complemento>
    <unidade/>
    <bairro>Ponta Grossa</bairro>
    <localidade>Maceió</localidade>
    <uf>AL</uf>
    <estado>Alagoas</estado>
    <região/>
    <ibge>2704302</ibge>
    <gia/>
    <ddd>82</ddd>
    <siafi>2785</siafi>
  </cep>
  <cep>
    <cep>57014-532</cep>
    <logradouro>Avenida Professor Corintho da Paz</logradouro>
    <complemento/>
    <unidade/>
    <bairro>Ponta Grossa</bairro>
    <localidade>Maceió</localidade>
    <uf>AL</uf>
    <estado>Alagoas</estado>
    <região/>
    <ibge>2704302</ibge>
    <gia/>
    <ddd>82</ddd>
    <siafi>2785</siafi>
  </cep>
  <cep>
    <cep>57010-868</cep>
    <logradouro>Rua Alto de Santa Tercília</logradouro>
    <complemento/>
    <unidade/>
    <bairro>Pontal da Barra</bairro>
    <localidade>Maceió</localidade>
    <uf>AL</uf>
    <estado>Alagoas</estado>
    <região/>
    <ibge>2704302</ibge>
    <gia/>
    <ddd>82</ddd>
    <siafi>2785</siafi>
  </cep>
  <cep>
    <cep>57980-970</cep>
    <logradouro>Rua José Correia de Araújo</logradouro>
    <complemento>13</complemento>
    <unidade>AC Joaquim Gomes</unidade>
    <bairro>Centro</bairro>
    <localidade>Joaquim Gomes</localidade>
    <uf>AL</uf>
    <estado>Alagoas</estado>
    <região/>
    <ibge>2703809</ibge>
    <gia/>
    <ddd>82</ddd>
    <siafi>2775</siafi>
  </cep>
  <cep>
    <cep>57010-855</cep>
    <logradouro>3ª Travessa Ernandes Bastos</logradouro>
    <complemento/>
    <unidade/>
    <bairro>Pontal da Barra</bairro>
    <localidade>Maceió</localidade>
    <uf>AL</uf>
    <estado>Alagoas</estado>
    <região/>
    <ibge>2704302</ibge>
    <gia/>
    <ddd>82</ddd>
    <siafi>2785</siafi>
  </cep>
  <cep>
    <cep>57014-609</cep>
    <logradouro>Rua Nova</logradouro>
    <complemento>(Cj dos Pescadores)</complemento>
    <unidade/>
    <bairro>Ponta Grossa</bairro>
    <localidade>Maceió</localidade>
    <uf>AL</uf>
    <estado>Alagoas</estado>
    <região/>
    <ibge>2704302</ibge>
    <gia/>
    <ddd>82</ddd>
    <siafi>2785</siafi>
  </cep>
  <cep>
    <cep>57015-014</cep>
    <logradouro>Travessa Abelardo Pontes Lima</logradouro>
    <complemento/>
    <unidade/>
    <bairro>Vergel do Lago</bairro>
    <localidade>Maceió</localidade>
    <uf>AL</uf>
    <estado>Alagoas</estado>
    <região/>
    <ibge>2704302</ibge>
    <gia/>
    <ddd>82</ddd>
    <siafi>2785</siafi>
  </cep>
  <cep>
    <cep>57014-614</cep>
    <logradouro>Vila do Amparo</logradouro>
    <complemento/>
    <unidade/>
    <bairro>Ponta Grossa</bairro>
    <localidade>Maceió</localidade>
    <uf>AL</uf>
    <estado>Alagoas</estado>
    <região/>
    <ibge>2704302</ibge>
    <gia/>
    <ddd>82</ddd>
    <siafi>2785</siafi>
  </cep>
  <cep>
    <cep>57995-970</cep>
    <logradouro>Rua Coronel Alcântara</logradouro>
    <complemento>s/n</complemento>
    <unidade>AC Flexeiras</unidade>
    <bairro>Centro</bairro>
    <localidade>Flexeiras</localidade>
    <uf>AL</uf>
    <estado>Alagoas</estado>
    <região/>
    <ibge>2702801</ibge>
    <gia/>
    <ddd>82</ddd>
    <siafi>2755</siafi>
  </cep>
  <cep>
    <cep>57014-272</cep>
    <logradouro>Rua Centenária Benedita Maria da Conceição</logradouro>
    <complemento/>
    <unidade/>
    <bairro>Ponta Grossa</bairro>
    <localidade>Maceió</localidade>
    <uf>AL</uf>
    <estado>Alagoas</estado>
    <região/>
    <ibge>2704302</ibge>
    <gia/>
    <ddd>82</ddd>
    <siafi>2785</siafi>
  </cep>
  <cep>
    <cep>57015-561</cep>
    <logradouro>Rua F</logradouro>
    <complemento>(Cj Joaquim Leão)</complemento>
    <unidade/>
    <bairro>Vergel do Lago</bairro>
    <localidade>Maceió</localidade>
    <uf>AL</uf>
    <estado>Alagoas</estado>
    <região/>
    <ibge>2704302</ibge>
    <gia/>
    <ddd>82</ddd>
    <siafi>2785</siafi>
  </cep>
  <cep>
    <cep>57015-252</cep>
    <logradouro>2ª Travessa Campo Verde</logradouro>
    <complemento/>
    <unidade/>
    <bairro>Vergel do Lago</bairro>
    <localidade>Maceió</localidade>
    <uf>AL</uf>
    <estado>Alagoas</estado>
    <região/>
    <ibge>2704302</ibge>
    <gia/>
    <ddd>82</ddd>
    <siafi>2785</siafi>
  </cep>
  <cep>
    <cep>57010-770</cep>
    <logradouro>Rua Chile</logradouro>
    <complemento/>
    <unidade/>
    <bairro>Trapiche da Barra</bairro>
    <localidade>Maceió</localidade>
    <uf>AL</uf>
    <estado>Alagoas</estado>
    <região/>
    <ibge>2704302</ibge>
    <gia/>
    <ddd>82</ddd>
    <siafi>2785</siafi>
  </cep>
  <cep>
    <cep>57015-105</cep>
    <logradouro>Travessa José Cavalcante</logradouro>
    <complemento>lado ímpar</complemento>
    <unidade/>
    <bairro>Vergel do Lago</bairro>
    <localidade>Maceió</localidade>
    <uf>AL</uf>
    <estado>Alagoas</estado>
    <região/>
    <ibge>2704302</ibge>
    <gia/>
    <ddd>82</ddd>
    <siafi>2785</siafi>
  </cep>
  <cep>
    <cep>57015-575</cep>
    <logradouro>Rua Pastor Saulo</logradouro>
    <complemento>(Cj Virgem dos Pobres I)</complemento>
    <unidade/>
    <bairro>Vergel do Lago</bairro>
    <localidade>Maceió</localidade>
    <uf>AL</uf>
    <estado>Alagoas</estado>
    <região/>
    <ibge>2704302</ibge>
    <gia/>
    <ddd>82</ddd>
    <siafi>2785</siafi>
  </cep>
  <cep>
    <cep>57995-000</cep>
    <logradouro/>
    <complemento/>
    <unidade/>
    <bairro/>
    <localidade>Flexeiras</localidade>
    <uf>AL</uf>
    <estado>Alagoas</estado>
    <região/>
    <ibge>2702801</ibge>
    <gia/>
    <ddd>82</ddd>
    <siafi>2755</siafi>
  </cep>
  <cep>
    <cep>57015-580</cep>
    <logradouro>Rua M</logradouro>
    <complemento>(Cj Virgem dos Pobres I)</complemento>
    <unidade/>
    <bairro>Vergel do Lago</bairro>
    <localidade>Maceió</localidade>
    <uf>AL</uf>
    <estado>Alagoas</estado>
    <região/>
    <ibge>2704302</ibge>
    <gia/>
    <ddd>82</ddd>
    <siafi>2785</siafi>
  </cep>
  <cep>
    <cep>57010-861</cep>
    <logradouro>Vila Santa Helena</logradouro>
    <complemento/>
    <unidade/>
    <bairro>Pontal da Barra</bairro>
    <localidade>Maceió</localidade>
    <uf>AL</uf>
    <estado>Alagoas</estado>
    <região/>
    <ibge>2704302</ibge>
    <gia/>
    <ddd>82</ddd>
    <siafi>2785</siafi>
  </cep>
  <cep>
    <cep>57015-070</cep>
    <logradouro>Rua Doutor Luiz de Barros</logradouro>
    <complemento/>
    <unidade/>
    <bairro>Vergel do Lago</bairro>
    <localidade>Maceió</localidade>
    <uf>AL</uf>
    <estado>Alagoas</estado>
    <região/>
    <ibge>2704302</ibge>
    <gia/>
    <ddd>82</ddd>
    <siafi>2785</siafi>
  </cep>
  <cep>
    <cep>57014-270</cep>
    <logradouro>Rua Boa Esperança</logradouro>
    <complemento/>
    <unidade/>
    <bairro>Ponta Grossa</bairro>
    <localidade>Maceió</localidade>
    <uf>AL</uf>
    <estado>Alagoas</estado>
    <região/>
    <ibge>2704302</ibge>
    <gia/>
    <ddd>82</ddd>
    <siafi>2785</siafi>
  </cep>
  <cep>
    <cep>57017-041</cep>
    <logradouro>Rua Novo Horizonte</logradouro>
    <complemento/>
    <unidade/>
    <bairro>Levada</bairro>
    <localidade>Maceió</localidade>
    <uf>AL</uf>
    <estado>Alagoas</estado>
    <região/>
    <ibge>2704302</ibge>
    <gia/>
    <ddd>82</ddd>
    <siafi>2785</siafi>
  </cep>
  <cep>
    <cep>57015-592</cep>
    <logradouro>Rua A-A</logradouro>
    <complemento>(Cj Virgem dos Pobres I)</complemento>
    <unidade/>
    <bairro>Vergel do Lago</bairro>
    <localidade>Maceió</localidade>
    <uf>AL</uf>
    <estado>Alagoas</estado>
    <região/>
    <ibge>2704302</ibge>
    <gia/>
    <ddd>82</ddd>
    <siafi>2785</siafi>
  </cep>
  <cep>
    <cep>57015-594</cep>
    <logradouro>Rua C-C</logradouro>
    <complemento>(Cj Virgem dos Pobres I)</complemento>
    <unidade/>
    <bairro>Vergel do Lago</bairro>
    <localidade>Maceió</localidade>
    <uf>AL</uf>
    <estado>Alagoas</estado>
    <região/>
    <ibge>2704302</ibge>
    <gia/>
    <ddd>82</ddd>
    <siafi>2785</siafi>
  </cep>
  <cep>
    <cep>57017-012</cep>
    <logradouro>Rua Ceará</logradouro>
    <complemento/>
    <unidade/>
    <bairro>Levada</bairro>
    <localidade>Maceió</localidade>
    <uf>AL</uf>
    <estado>Alagoas</estado>
    <região/>
    <ibge>2704302</ibge>
    <gia/>
    <ddd>82</ddd>
    <siafi>2785</siafi>
  </cep>
  <cep>
    <cep>57017-189</cep>
    <logradouro>Travessa Francisco de Menezes</logradouro>
    <complemento>(Vila Narciso)</complemento>
    <unidade/>
    <bairro>Levada</bairro>
    <localidade>Maceió</localidade>
    <uf>AL</uf>
    <estado>Alagoas</estado>
    <região/>
    <ibge>2704302</ibge>
    <gia/>
    <ddd>82</ddd>
    <siafi>2785</siafi>
  </cep>
  <cep>
    <cep>57017-167</cep>
    <logradouro>Travessa Bela Vista</logradouro>
    <complemento>(Brejal)</complemento>
    <unidade/>
    <bairro>Levada</bairro>
    <localidade>Maceió</localidade>
    <uf>AL</uf>
    <estado>Alagoas</estado>
    <região/>
    <ibge>2704302</ibge>
    <gia/>
    <ddd>82</ddd>
    <siafi>2785</siafi>
  </cep>
  <cep>
    <cep>57017-170</cep>
    <logradouro>Travessa Joana D'Arc</logradouro>
    <complemento>(Brejal)</complemento>
    <unidade/>
    <bairro>Levada</bairro>
    <localidade>Maceió</localidade>
    <uf>AL</uf>
    <estado>Alagoas</estado>
    <região/>
    <ibge>2704302</ibge>
    <gia/>
    <ddd>82</ddd>
    <siafi>2785</siafi>
  </cep>
  <cep>
    <cep>57017-192</cep>
    <logradouro>Vila Santo Antônio</logradouro>
    <complemento>(Brejal)</complemento>
    <unidade/>
    <bairro>Levada</bairro>
    <localidade>Maceió</localidade>
    <uf>AL</uf>
    <estado>Alagoas</estado>
    <região/>
    <ibge>2704302</ibge>
    <gia/>
    <ddd>82</ddd>
    <siafi>2785</siafi>
  </cep>
  <cep>
    <cep>57017-191</cep>
    <logradouro>Vila Padre Cicero</logradouro>
    <complemento>(Brejal)</complemento>
    <unidade/>
    <bairro>Levada</bairro>
    <localidade>Maceió</localidade>
    <uf>AL</uf>
    <estado>Alagoas</estado>
    <região/>
    <ibge>2704302</ibge>
    <gia/>
    <ddd>82</ddd>
    <siafi>2785</siafi>
  </cep>
  <cep>
    <cep>57017-255</cep>
    <logradouro>Rua Doutor Leite Júnior</logradouro>
    <complemento/>
    <unidade/>
    <bairro>Bom Parto</bairro>
    <localidade>Maceió</localidade>
    <uf>AL</uf>
    <estado>Alagoas</estado>
    <região/>
    <ibge>2704302</ibge>
    <gia/>
    <ddd>82</ddd>
    <siafi>2785</siafi>
  </cep>
  <cep>
    <cep>57017-320</cep>
    <logradouro>Rua São José</logradouro>
    <complemento/>
    <unidade/>
    <bairro>Bom Parto</bairro>
    <localidade>Maceió</localidade>
    <uf>AL</uf>
    <estado>Alagoas</estado>
    <região/>
    <ibge>2704302</ibge>
    <gia/>
    <ddd>82</ddd>
    <siafi>2785</siafi>
  </cep>
  <cep>
    <cep>57017-560</cep>
    <logradouro>1ª Rua do Arame</logradouro>
    <complemento/>
    <unidade/>
    <bairro>Mutange</bairro>
    <localidade>Maceió</localidade>
    <uf>AL</uf>
    <estado>Alagoas</estado>
    <região/>
    <ibge>2704302</ibge>
    <gia/>
    <ddd>82</ddd>
    <siafi>2785</siafi>
  </cep>
  <cep>
    <cep>57017-650</cep>
    <logradouro>Travessa Santa Luzia</logradouro>
    <complemento/>
    <unidade/>
    <bairro>Bebedouro</bairro>
    <localidade>Maceió</localidade>
    <uf>AL</uf>
    <estado>Alagoas</estado>
    <região/>
    <ibge>2704302</ibge>
    <gia/>
    <ddd>82</ddd>
    <siafi>2785</siafi>
  </cep>
  <cep>
    <cep>57017-610</cep>
    <logradouro>Rua João Leite Sobrinho</logradouro>
    <complemento/>
    <unidade/>
    <bairro>Bebedouro</bairro>
    <localidade>Maceió</localidade>
    <uf>AL</uf>
    <estado>Alagoas</estado>
    <região/>
    <ibge>2704302</ibge>
    <gia/>
    <ddd>82</ddd>
    <siafi>2785</siafi>
  </cep>
  <cep>
    <cep>57018-070</cep>
    <logradouro>2ª Travessa Augusto Barreto</logradouro>
    <complemento/>
    <unidade/>
    <bairro>Bebedouro</bairro>
    <localidade>Maceió</localidade>
    <uf>AL</uf>
    <estado>Alagoas</estado>
    <região/>
    <ibge>2704302</ibge>
    <gia/>
    <ddd>82</ddd>
    <siafi>2785</siafi>
  </cep>
  <cep>
    <cep>57018-080</cep>
    <logradouro>Travessa Belarmino Barbosa</logradouro>
    <complemento/>
    <unidade/>
    <bairro>Bebedouro</bairro>
    <localidade>Maceió</localidade>
    <uf>AL</uf>
    <estado>Alagoas</estado>
    <região/>
    <ibge>2704302</ibge>
    <gia/>
    <ddd>82</ddd>
    <siafi>2785</siafi>
  </cep>
  <cep>
    <cep>57018-401</cep>
    <logradouro>Travessa Djalma</logradouro>
    <complemento/>
    <unidade/>
    <bairro>Chã da Jaqueira</bairro>
    <localidade>Maceió</localidade>
    <uf>AL</uf>
    <estado>Alagoas</estado>
    <região/>
    <ibge>2704302</ibge>
    <gia/>
    <ddd>82</ddd>
    <siafi>2785</siafi>
  </cep>
  <cep>
    <cep>57018-486</cep>
    <logradouro>2ª Travessa da Paz</logradouro>
    <complemento/>
    <unidade/>
    <bairro>Chã da Jaqueira</bairro>
    <localidade>Maceió</localidade>
    <uf>AL</uf>
    <estado>Alagoas</estado>
    <região/>
    <ibge>2704302</ibge>
    <gia/>
    <ddd>82</ddd>
    <siafi>2785</siafi>
  </cep>
  <cep>
    <cep>57018-478</cep>
    <logradouro>Avenida Empresário Lourival Lobo Ferreira</logradouro>
    <complemento/>
    <unidade/>
    <bairro>Chã da Jaqueira</bairro>
    <localidade>Maceió</localidade>
    <uf>AL</uf>
    <estado>Alagoas</estado>
    <região/>
    <ibge>2704302</ibge>
    <gia/>
    <ddd>82</ddd>
    <siafi>2785</siafi>
  </cep>
  <cep>
    <cep>57018-488</cep>
    <logradouro>Rua Largo Verde</logradouro>
    <complemento/>
    <unidade/>
    <bairro>Chã da Jaqueira</bairro>
    <localidade>Maceió</localidade>
    <uf>AL</uf>
    <estado>Alagoas</estado>
    <região/>
    <ibge>2704302</ibge>
    <gia/>
    <ddd>82</ddd>
    <siafi>2785</siafi>
  </cep>
  <cep>
    <cep>57018-539</cep>
    <logradouro>5ª Travessa Senhor do Bonfim</logradouro>
    <complemento/>
    <unidade/>
    <bairro>Chã da Jaqueira</bairro>
    <localidade>Maceió</localidade>
    <uf>AL</uf>
    <estado>Alagoas</estado>
    <região/>
    <ibge>2704302</ibge>
    <gia/>
    <ddd>82</ddd>
    <siafi>2785</siafi>
  </cep>
  <cep>
    <cep>57018-537</cep>
    <logradouro>4ª Travessa Senhor do Bonfim</logradouro>
    <complemento/>
    <unidade/>
    <bairro>Chã da Jaqueira</bairro>
    <localidade>Maceió</localidade>
    <uf>AL</uf>
    <estado>Alagoas</estado>
    <região/>
    <ibge>2704302</ibge>
    <gia/>
    <ddd>82</ddd>
    <siafi>2785</siafi>
  </cep>
  <cep>
    <cep>57018-543</cep>
    <logradouro>Rua Jonacy</logradouro>
    <complemento/>
    <unidade/>
    <bairro>Chã da Jaqueira</bairro>
    <localidade>Maceió</localidade>
    <uf>AL</uf>
    <estado>Alagoas</estado>
    <região/>
    <ibge>2704302</ibge>
    <gia/>
    <ddd>82</ddd>
    <siafi>2785</siafi>
  </cep>
  <cep>
    <cep>57018-547</cep>
    <logradouro>Rua Seringueira</logradouro>
    <complemento/>
    <unidade/>
    <bairro>Chã da Jaqueira</bairro>
    <localidade>Maceió</localidade>
    <uf>AL</uf>
    <estado>Alagoas</estado>
    <região/>
    <ibge>2704302</ibge>
    <gia/>
    <ddd>82</ddd>
    <siafi>2785</siafi>
  </cep>
  <cep>
    <cep>57018-688</cep>
    <logradouro>Rua Santo Antônio</logradouro>
    <complemento>(Cj N Sra do Amparo)</complemento>
    <unidade/>
    <bairro>Chã de Bebedouro</bairro>
    <localidade>Maceió</localidade>
    <uf>AL</uf>
    <estado>Alagoas</estado>
    <região/>
    <ibge>2704302</ibge>
    <gia/>
    <ddd>82</ddd>
    <siafi>2785</siafi>
  </cep>
  <cep>
    <cep>57018-696</cep>
    <logradouro>1ª Travessa Santo Antônio</logradouro>
    <complemento>(Cj N Sra do Amparo)</complemento>
    <unidade/>
    <bairro>Chã de Bebedouro</bairro>
    <localidade>Maceió</localidade>
    <uf>AL</uf>
    <estado>Alagoas</estado>
    <região/>
    <ibge>2704302</ibge>
    <gia/>
    <ddd>82</ddd>
    <siafi>2785</siafi>
  </cep>
  <cep>
    <cep>57018-638</cep>
    <logradouro>Travessa Boa Vista</logradouro>
    <complemento/>
    <unidade/>
    <bairro>Chã de Bebedouro</bairro>
    <localidade>Maceió</localidade>
    <uf>AL</uf>
    <estado>Alagoas</estado>
    <região/>
    <ibge>2704302</ibge>
    <gia/>
    <ddd>82</ddd>
    <siafi>2785</siafi>
  </cep>
  <cep>
    <cep>57018-694</cep>
    <logradouro>2ª Travessa Santo Antônio</logradouro>
    <complemento>(Cj N Sra do Amparo)</complemento>
    <unidade/>
    <bairro>Chã de Bebedouro</bairro>
    <localidade>Maceió</localidade>
    <uf>AL</uf>
    <estado>Alagoas</estado>
    <região/>
    <ibge>2704302</ibge>
    <gia/>
    <ddd>82</ddd>
    <siafi>2785</siafi>
  </cep>
  <cep>
    <cep>57018-815</cep>
    <logradouro>2ª Travessa dos Prazeres</logradouro>
    <complemento/>
    <unidade/>
    <bairro>Chã de Bebedouro</bairro>
    <localidade>Maceió</localidade>
    <uf>AL</uf>
    <estado>Alagoas</estado>
    <região/>
    <ibge>2704302</ibge>
    <gia/>
    <ddd>82</ddd>
    <siafi>2785</siafi>
  </cep>
  <cep>
    <cep>57020-090</cep>
    <logradouro>Praça Marechal Floriano Peixoto</logradouro>
    <complemento/>
    <unidade/>
    <bairro>Centro</bairro>
    <localidade>Maceió</localidade>
    <uf>AL</uf>
    <estado>Alagoas</estado>
    <região/>
    <ibge>2704302</ibge>
    <gia/>
    <ddd>82</ddd>
    <siafi>2785</siafi>
  </cep>
  <cep>
    <cep>57018-786</cep>
    <logradouro>Rua Santa Maria</logradouro>
    <complemento/>
    <unidade/>
    <bairro>Chã de Bebedouro</bairro>
    <localidade>Maceió</localidade>
    <uf>AL</uf>
    <estado>Alagoas</estado>
    <região/>
    <ibge>2704302</ibge>
    <gia/>
    <ddd>82</ddd>
    <siafi>2785</siafi>
  </cep>
  <cep>
    <cep>57018-825</cep>
    <logradouro>3ª Travessa dos Prazeres</logradouro>
    <complemento/>
    <unidade/>
    <bairro>Chã de Bebedouro</bairro>
    <localidade>Maceió</localidade>
    <uf>AL</uf>
    <estado>Alagoas</estado>
    <região/>
    <ibge>2704302</ibge>
    <gia/>
    <ddd>82</ddd>
    <siafi>2785</siafi>
  </cep>
  <cep>
    <cep>57018-650</cep>
    <logradouro>Rua José Ovídio da Costa Braga</logradouro>
    <complemento/>
    <unidade/>
    <bairro>Chã de Bebedouro</bairro>
    <localidade>Maceió</localidade>
    <uf>AL</uf>
    <estado>Alagoas</estado>
    <região/>
    <ibge>2704302</ibge>
    <gia/>
    <ddd>82</ddd>
    <siafi>2785</siafi>
  </cep>
  <cep>
    <cep>57018-533</cep>
    <logradouro>3ª Travessa Senhor do Bonfim</logradouro>
    <complemento/>
    <unidade/>
    <bairro>Chã da Jaqueira</bairro>
    <localidade>Maceió</localidade>
    <uf>AL</uf>
    <estado>Alagoas</estado>
    <região/>
    <ibge>2704302</ibge>
    <gia/>
    <ddd>82</ddd>
    <siafi>2785</siafi>
  </cep>
  <cep>
    <cep>57020-917</cep>
    <logradouro>Travessa São Luiz</logradouro>
    <complemento>79</complemento>
    <unidade>Edifício F Soares</unidade>
    <bairro>Centro</bairro>
    <localidade>Maceió</localidade>
    <uf>AL</uf>
    <estado>Alagoas</estado>
    <região/>
    <ibge>2704302</ibge>
    <gia/>
    <ddd>82</ddd>
    <siafi>2785</siafi>
  </cep>
  <cep>
    <cep>57018-692</cep>
    <logradouro>Rua São João</logradouro>
    <complemento>(Cj N Sra do Amparo)</complemento>
    <unidade/>
    <bairro>Chã de Bebedouro</bairro>
    <localidade>Maceió</localidade>
    <uf>AL</uf>
    <estado>Alagoas</estado>
    <região/>
    <ibge>2704302</ibge>
    <gia/>
    <ddd>82</ddd>
    <siafi>2785</siafi>
  </cep>
  <cep>
    <cep>57020-620</cep>
    <logradouro>Rua Valdimir de Miranda</logradouro>
    <complemento/>
    <unidade/>
    <bairro>Centro</bairro>
    <localidade>Maceió</localidade>
    <uf>AL</uf>
    <estado>Alagoas</estado>
    <região/>
    <ibge>2704302</ibge>
    <gia/>
    <ddd>82</ddd>
    <siafi>2785</siafi>
  </cep>
  <cep>
    <cep>57018-766</cep>
    <logradouro>2ª Travessa Manoel Parentes</logradouro>
    <complemento/>
    <unidade/>
    <bairro>Chã de Bebedouro</bairro>
    <localidade>Maceió</localidade>
    <uf>AL</uf>
    <estado>Alagoas</estado>
    <região/>
    <ibge>2704302</ibge>
    <gia/>
    <ddd>82</ddd>
    <siafi>2785</siafi>
  </cep>
  <cep>
    <cep>57032-004</cep>
    <logradouro>Rua Antenor Cândido da Silva</logradouro>
    <complemento>(Cj José A Vilela)</complemento>
    <unidade/>
    <bairro>Jacarecica</bairro>
    <localidade>Maceió</localidade>
    <uf>AL</uf>
    <estado>Alagoas</estado>
    <região/>
    <ibge>2704302</ibge>
    <gia/>
    <ddd>82</ddd>
    <siafi>2785</siafi>
  </cep>
  <cep>
    <cep>57032-008</cep>
    <logradouro>Rua João Cândido da Silva</logradouro>
    <complemento>(Cj José A Vilela)</complemento>
    <unidade/>
    <bairro>Jacarecica</bairro>
    <localidade>Maceió</localidade>
    <uf>AL</uf>
    <estado>Alagoas</estado>
    <região/>
    <ibge>2704302</ibge>
    <gia/>
    <ddd>82</ddd>
    <siafi>2785</siafi>
  </cep>
  <cep>
    <cep>57020-640</cep>
    <logradouro>Rua Desembargador Artur Jucá</logradouro>
    <complemento/>
    <unidade/>
    <bairro>Centro</bairro>
    <localidade>Maceió</localidade>
    <uf>AL</uf>
    <estado>Alagoas</estado>
    <região/>
    <ibge>2704302</ibge>
    <gia/>
    <ddd>82</ddd>
    <siafi>2785</siafi>
  </cep>
  <cep>
    <cep>57032-027</cep>
    <logradouro>Rua Antonio Porto Filho</logradouro>
    <complemento>(Cj José A Vilela)</complemento>
    <unidade/>
    <bairro>Jacarecica</bairro>
    <localidade>Maceió</localidade>
    <uf>AL</uf>
    <estado>Alagoas</estado>
    <região/>
    <ibge>2704302</ibge>
    <gia/>
    <ddd>82</ddd>
    <siafi>2785</siafi>
  </cep>
  <cep>
    <cep>57032-009</cep>
    <logradouro>Rua Projetada Z-1 X-1</logradouro>
    <complemento>(Cj José A Vilela)</complemento>
    <unidade/>
    <bairro>Jacarecica</bairro>
    <localidade>Maceió</localidade>
    <uf>AL</uf>
    <estado>Alagoas</estado>
    <região/>
    <ibge>2704302</ibge>
    <gia/>
    <ddd>82</ddd>
    <siafi>2785</siafi>
  </cep>
  <cep>
    <cep>57032-013</cep>
    <logradouro>Rua Anisio da Silva</logradouro>
    <complemento>(Cj José A Vilela)</complemento>
    <unidade/>
    <bairro>Jacarecica</bairro>
    <localidade>Maceió</localidade>
    <uf>AL</uf>
    <estado>Alagoas</estado>
    <região/>
    <ibge>2704302</ibge>
    <gia/>
    <ddd>82</ddd>
    <siafi>2785</siafi>
  </cep>
  <cep>
    <cep>57032-001</cep>
    <logradouro>Avenida Genilda da Silva Porto</logradouro>
    <complemento>(Cj José A Vilela)</complemento>
    <unidade/>
    <bairro>Jacarecica</bairro>
    <localidade>Maceió</localidade>
    <uf>AL</uf>
    <estado>Alagoas</estado>
    <região/>
    <ibge>2704302</ibge>
    <gia/>
    <ddd>82</ddd>
    <siafi>2785</siafi>
  </cep>
  <cep>
    <cep>57032-026</cep>
    <logradouro>Rua Eloísio Barbosa Lopes</logradouro>
    <complemento>(Cj José A Vilela)</complemento>
    <unidade/>
    <bairro>Jacarecica</bairro>
    <localidade>Maceió</localidade>
    <uf>AL</uf>
    <estado>Alagoas</estado>
    <região/>
    <ibge>2704302</ibge>
    <gia/>
    <ddd>82</ddd>
    <siafi>2785</siafi>
  </cep>
  <cep>
    <cep>57032-007</cep>
    <logradouro>Rua Dandara</logradouro>
    <complemento>(Cj José A Vilela)</complemento>
    <unidade/>
    <bairro>Jacarecica</bairro>
    <localidade>Maceió</localidade>
    <uf>AL</uf>
    <estado>Alagoas</estado>
    <região/>
    <ibge>2704302</ibge>
    <gia/>
    <ddd>82</ddd>
    <siafi>2785</siafi>
  </cep>
  <cep>
    <cep>57032-006</cep>
    <logradouro>Rua Benedito Amaro de Moura</logradouro>
    <complemento>(Cj José A Vilela)</complemento>
    <unidade/>
    <bairro>Jacarecica</bairro>
    <localidade>Maceió</localidade>
    <uf>AL</uf>
    <estado>Alagoas</estado>
    <região/>
    <ibge>2704302</ibge>
    <gia/>
    <ddd>82</ddd>
    <siafi>2785</siafi>
  </cep>
  <cep>
    <cep>57025-190</cep>
    <logradouro>Rua Professor Jonas Calheiros</logradouro>
    <complemento/>
    <unidade/>
    <bairro>Poço</bairro>
    <localidade>Maceió</localidade>
    <uf>AL</uf>
    <estado>Alagoas</estado>
    <região/>
    <ibge>2704302</ibge>
    <gia/>
    <ddd>82</ddd>
    <siafi>2785</siafi>
  </cep>
  <cep>
    <cep>57025-651</cep>
    <logradouro>Rua C - 4</logradouro>
    <complemento>(Conjunto Melo Costa)</complemento>
    <unidade/>
    <bairro>Poço</bairro>
    <localidade>Maceió</localidade>
    <uf>AL</uf>
    <estado>Alagoas</estado>
    <região/>
    <ibge>2704302</ibge>
    <gia/>
    <ddd>82</ddd>
    <siafi>2785</siafi>
  </cep>
  <cep>
    <cep>57018-885</cep>
    <logradouro>2ª Travessa São José</logradouro>
    <complemento/>
    <unidade/>
    <bairro>Chã de Bebedouro</bairro>
    <localidade>Maceió</localidade>
    <uf>AL</uf>
    <estado>Alagoas</estado>
    <região/>
    <ibge>2704302</ibge>
    <gia/>
    <ddd>82</ddd>
    <siafi>2785</siafi>
  </cep>
  <cep>
    <cep>57032-002</cep>
    <logradouro>Rua Elza Cansanção Medeiros</logradouro>
    <complemento>(Cj José A Vilela)</complemento>
    <unidade/>
    <bairro>Jacarecica</bairro>
    <localidade>Maceió</localidade>
    <uf>AL</uf>
    <estado>Alagoas</estado>
    <região/>
    <ibge>2704302</ibge>
    <gia/>
    <ddd>82</ddd>
    <siafi>2785</siafi>
  </cep>
  <cep>
    <cep>57032-010</cep>
    <logradouro>Rua Maria do Carmo Pimentel Silva</logradouro>
    <complemento>(Cj José A Vilela)</complemento>
    <unidade/>
    <bairro>Jacarecica</bairro>
    <localidade>Maceió</localidade>
    <uf>AL</uf>
    <estado>Alagoas</estado>
    <região/>
    <ibge>2704302</ibge>
    <gia/>
    <ddd>82</ddd>
    <siafi>2785</siafi>
  </cep>
  <cep>
    <cep>57032-029</cep>
    <logradouro>Rua Elza Pascoal Moura Teixeira da Silva</logradouro>
    <complemento>(Cj José A Vilela)</complemento>
    <unidade/>
    <bairro>Jacarecica</bairro>
    <localidade>Maceió</localidade>
    <uf>AL</uf>
    <estado>Alagoas</estado>
    <região/>
    <ibge>2704302</ibge>
    <gia/>
    <ddd>82</ddd>
    <siafi>2785</siafi>
  </cep>
  <cep>
    <cep>57032-032</cep>
    <logradouro>Rua Jornalista José Árabes Dias Filho</logradouro>
    <complemento>(Cj José A Vilela)</complemento>
    <unidade/>
    <bairro>Jacarecica</bairro>
    <localidade>Maceió</localidade>
    <uf>AL</uf>
    <estado>Alagoas</estado>
    <região/>
    <ibge>2704302</ibge>
    <gia/>
    <ddd>82</ddd>
    <siafi>2785</siafi>
  </cep>
  <cep>
    <cep>57032-005</cep>
    <logradouro>Rua Clarice Lispector</logradouro>
    <complemento>(Cj José A Vilela)</complemento>
    <unidade/>
    <bairro>Jacarecica</bairro>
    <localidade>Maceió</localidade>
    <uf>AL</uf>
    <estado>Alagoas</estado>
    <região/>
    <ibge>2704302</ibge>
    <gia/>
    <ddd>82</ddd>
    <siafi>2785</siafi>
  </cep>
  <cep>
    <cep>57020-680</cep>
    <logradouro>Rua Engenheiro Roberto Gonçalves Menezes</logradouro>
    <complemento/>
    <unidade/>
    <bairro>Centro</bairro>
    <localidade>Maceió</localidade>
    <uf>AL</uf>
    <estado>Alagoas</estado>
    <região/>
    <ibge>2704302</ibge>
    <gia/>
    <ddd>82</ddd>
    <siafi>2785</siafi>
  </cep>
  <cep>
    <cep>57018-708</cep>
    <logradouro>Rua Projetada 1068</logradouro>
    <complemento>(Cj Bruno Ferrari)</complemento>
    <unidade/>
    <bairro>Chã de Bebedouro</bairro>
    <localidade>Maceió</localidade>
    <uf>AL</uf>
    <estado>Alagoas</estado>
    <região/>
    <ibge>2704302</ibge>
    <gia/>
    <ddd>82</ddd>
    <siafi>2785</siafi>
  </cep>
  <cep>
    <cep>57032-025</cep>
    <logradouro>Rua Williams Ferreira Tabozza</logradouro>
    <complemento>(Cj José A Vilela)</complemento>
    <unidade/>
    <bairro>Jacarecica</bairro>
    <localidade>Maceió</localidade>
    <uf>AL</uf>
    <estado>Alagoas</estado>
    <região/>
    <ibge>2704302</ibge>
    <gia/>
    <ddd>82</ddd>
    <siafi>2785</siafi>
  </cep>
  <cep>
    <cep>57020-290</cep>
    <logradouro>Rua Santos Pacheco</logradouro>
    <complemento>até 277/278</complemento>
    <unidade/>
    <bairro>Centro</bairro>
    <localidade>Maceió</localidade>
    <uf>AL</uf>
    <estado>Alagoas</estado>
    <região/>
    <ibge>2704302</ibge>
    <gia/>
    <ddd>82</ddd>
    <siafi>2785</siafi>
  </cep>
  <cep>
    <cep>57032-011</cep>
    <logradouro>Rua Cônego Luiz Geraldo Wanderley Sarmento</logradouro>
    <complemento>(Cj José A Vilela)</complemento>
    <unidade/>
    <bairro>Jacarecica</bairro>
    <localidade>Maceió</localidade>
    <uf>AL</uf>
    <estado>Alagoas</estado>
    <região/>
    <ibge>2704302</ibge>
    <gia/>
    <ddd>82</ddd>
    <siafi>2785</siafi>
  </cep>
  <cep>
    <cep>57018-784</cep>
    <logradouro>Vila Santa Maria</logradouro>
    <complemento/>
    <unidade/>
    <bairro>Chã de Bebedouro</bairro>
    <localidade>Maceió</localidade>
    <uf>AL</uf>
    <estado>Alagoas</estado>
    <região/>
    <ibge>2704302</ibge>
    <gia/>
    <ddd>82</ddd>
    <siafi>2785</siafi>
  </cep>
  <cep>
    <cep>57032-016</cep>
    <logradouro>Rua Virgínia de Moraes</logradouro>
    <complemento>(Mta Reisado)</complemento>
    <unidade/>
    <bairro>Jacarecica</bairro>
    <localidade>Maceió</localidade>
    <uf>AL</uf>
    <estado>Alagoas</estado>
    <região/>
    <ibge>2704302</ibge>
    <gia/>
    <ddd>82</ddd>
    <siafi>2785</siafi>
  </cep>
  <cep>
    <cep>57020-905</cep>
    <logradouro>Rua Engenheiro Roberto Gonçalves Menezes</logradouro>
    <complemento>149</complemento>
    <unidade>INSS</unidade>
    <bairro>Centro</bairro>
    <localidade>Maceió</localidade>
    <uf>AL</uf>
    <estado>Alagoas</estado>
    <região/>
    <ibge>2704302</ibge>
    <gia/>
    <ddd>82</ddd>
    <siafi>2785</siafi>
  </cep>
  <cep>
    <cep>57018-559</cep>
    <logradouro>Rua Paulo Soares de Melo</logradouro>
    <complemento>(Cj Mutirão)</complemento>
    <unidade/>
    <bairro>Chã da Jaqueira</bairro>
    <localidade>Maceió</localidade>
    <uf>AL</uf>
    <estado>Alagoas</estado>
    <região/>
    <ibge>2704302</ibge>
    <gia/>
    <ddd>82</ddd>
    <siafi>2785</siafi>
  </cep>
  <cep>
    <cep>57032-050</cep>
    <logradouro>Rua Paulo Valente Jucá</logradouro>
    <complemento>(Cj José A Vilela)</complemento>
    <unidade/>
    <bairro>Jacarecica</bairro>
    <localidade>Maceió</localidade>
    <uf>AL</uf>
    <estado>Alagoas</estado>
    <região/>
    <ibge>2704302</ibge>
    <gia/>
    <ddd>82</ddd>
    <siafi>2785</siafi>
  </cep>
  <cep>
    <cep>57032-028</cep>
    <logradouro>Rua Beatriz Maria da Conceição</logradouro>
    <complemento>(Cj José A Vilela)</complemento>
    <unidade/>
    <bairro>Jacarecica</bairro>
    <localidade>Maceió</localidade>
    <uf>AL</uf>
    <estado>Alagoas</estado>
    <região/>
    <ibge>2704302</ibge>
    <gia/>
    <ddd>82</ddd>
    <siafi>2785</siafi>
  </cep>
  <cep>
    <cep>57032-055</cep>
    <logradouro>Rua Nelson Francisco Arruda</logradouro>
    <complemento>(Cj José A Vilela)</complemento>
    <unidade/>
    <bairro>Jacarecica</bairro>
    <localidade>Maceió</localidade>
    <uf>AL</uf>
    <estado>Alagoas</estado>
    <região/>
    <ibge>2704302</ibge>
    <gia/>
    <ddd>82</ddd>
    <siafi>2785</siafi>
  </cep>
  <cep>
    <cep>57032-056</cep>
    <logradouro>Rua Projetada RQ</logradouro>
    <complemento>(Cj José A Vilela)</complemento>
    <unidade/>
    <bairro>Jacarecica</bairro>
    <localidade>Maceió</localidade>
    <uf>AL</uf>
    <estado>Alagoas</estado>
    <região/>
    <ibge>2704302</ibge>
    <gia/>
    <ddd>82</ddd>
    <siafi>2785</siafi>
  </cep>
  <cep>
    <cep>57032-058</cep>
    <logradouro>Rua José Enoque de Barros</logradouro>
    <complemento>(Cj José A Vilela)</complemento>
    <unidade/>
    <bairro>Jacarecica</bairro>
    <localidade>Maceió</localidade>
    <uf>AL</uf>
    <estado>Alagoas</estado>
    <região/>
    <ibge>2704302</ibge>
    <gia/>
    <ddd>82</ddd>
    <siafi>2785</siafi>
  </cep>
  <cep>
    <cep>57032-059</cep>
    <logradouro>Rua Gilson Barros Santos</logradouro>
    <complemento>(Cj José A Vilela)</complemento>
    <unidade/>
    <bairro>Jacarecica</bairro>
    <localidade>Maceió</localidade>
    <uf>AL</uf>
    <estado>Alagoas</estado>
    <região/>
    <ibge>2704302</ibge>
    <gia/>
    <ddd>82</ddd>
    <siafi>2785</siafi>
  </cep>
  <cep>
    <cep>57032-061</cep>
    <logradouro>Rua Projetada J</logradouro>
    <complemento>(Cj José A Vilela)</complemento>
    <unidade/>
    <bairro>Jacarecica</bairro>
    <localidade>Maceió</localidade>
    <uf>AL</uf>
    <estado>Alagoas</estado>
    <região/>
    <ibge>2704302</ibge>
    <gia/>
    <ddd>82</ddd>
    <siafi>2785</siafi>
  </cep>
  <cep>
    <cep>57032-067</cep>
    <logradouro>Rua Doutor Luciano Shuartz Lessa</logradouro>
    <complemento>(Cj José A Vilela)</complemento>
    <unidade/>
    <bairro>Jacarecica</bairro>
    <localidade>Maceió</localidade>
    <uf>AL</uf>
    <estado>Alagoas</estado>
    <região/>
    <ibge>2704302</ibge>
    <gia/>
    <ddd>82</ddd>
    <siafi>2785</siafi>
  </cep>
  <cep>
    <cep>57032-069</cep>
    <logradouro>Rua Deputado Federal Gerônimo Ciqueira</logradouro>
    <complemento>(Cj José A Vilela)</complemento>
    <unidade/>
    <bairro>Jacarecica</bairro>
    <localidade>Maceió</localidade>
    <uf>AL</uf>
    <estado>Alagoas</estado>
    <região/>
    <ibge>2704302</ibge>
    <gia/>
    <ddd>82</ddd>
    <siafi>2785</siafi>
  </cep>
  <cep>
    <cep>57032-065</cep>
    <logradouro>Rua Guiomar de Araújo Pessoa</logradouro>
    <complemento>(Cj José A Vilela)</complemento>
    <unidade/>
    <bairro>Jacarecica</bairro>
    <localidade>Maceió</localidade>
    <uf>AL</uf>
    <estado>Alagoas</estado>
    <região/>
    <ibge>2704302</ibge>
    <gia/>
    <ddd>82</ddd>
    <siafi>2785</siafi>
  </cep>
  <cep>
    <cep>57032-062</cep>
    <logradouro>Rua Wilton Amorim de Miranda</logradouro>
    <complemento>(Cj José A Vilela)</complemento>
    <unidade/>
    <bairro>Jacarecica</bairro>
    <localidade>Maceió</localidade>
    <uf>AL</uf>
    <estado>Alagoas</estado>
    <região/>
    <ibge>2704302</ibge>
    <gia/>
    <ddd>82</ddd>
    <siafi>2785</siafi>
  </cep>
  <cep>
    <cep>57032-060</cep>
    <logradouro>Rua Roberto Barros de Souza</logradouro>
    <complemento>(Cj José A Vilela)</complemento>
    <unidade/>
    <bairro>Jacarecica</bairro>
    <localidade>Maceió</localidade>
    <uf>AL</uf>
    <estado>Alagoas</estado>
    <região/>
    <ibge>2704302</ibge>
    <gia/>
    <ddd>82</ddd>
    <siafi>2785</siafi>
  </cep>
  <cep>
    <cep>57032-070</cep>
    <logradouro>Rua Chico Anisio</logradouro>
    <complemento>(Cj José A Vilela)</complemento>
    <unidade/>
    <bairro>Jacarecica</bairro>
    <localidade>Maceió</localidade>
    <uf>AL</uf>
    <estado>Alagoas</estado>
    <região/>
    <ibge>2704302</ibge>
    <gia/>
    <ddd>82</ddd>
    <siafi>2785</siafi>
  </cep>
  <cep>
    <cep>57032-071</cep>
    <logradouro>Rua Projetada M</logradouro>
    <complemento>(Cj José A Vilela)</complemento>
    <unidade/>
    <bairro>Jacarecica</bairro>
    <localidade>Maceió</localidade>
    <uf>AL</uf>
    <estado>Alagoas</estado>
    <região/>
    <ibge>2704302</ibge>
    <gia/>
    <ddd>82</ddd>
    <siafi>2785</siafi>
  </cep>
  <cep>
    <cep>57032-068</cep>
    <logradouro>Rua Doutor Marcos André de Deus Félix</logradouro>
    <complemento>(Cj José A Vilela)</complemento>
    <unidade/>
    <bairro>Jacarecica</bairro>
    <localidade>Maceió</localidade>
    <uf>AL</uf>
    <estado>Alagoas</estado>
    <região/>
    <ibge>2704302</ibge>
    <gia/>
    <ddd>82</ddd>
    <siafi>2785</siafi>
  </cep>
  <cep>
    <cep>57032-063</cep>
    <logradouro>Rua Maria Thereza Lins Santos</logradouro>
    <complemento>(Cj José A Vilela)</complemento>
    <unidade/>
    <bairro>Jacarecica</bairro>
    <localidade>Maceió</localidade>
    <uf>AL</uf>
    <estado>Alagoas</estado>
    <região/>
    <ibge>2704302</ibge>
    <gia/>
    <ddd>82</ddd>
    <siafi>2785</siafi>
  </cep>
  <cep>
    <cep>57032-064</cep>
    <logradouro>Rua Doutor Daniel Araujo Monteiro</logradouro>
    <complemento>(Cj José A Vilela)</complemento>
    <unidade/>
    <bairro>Jacarecica</bairro>
    <localidade>Maceió</localidade>
    <uf>AL</uf>
    <estado>Alagoas</estado>
    <região/>
    <ibge>2704302</ibge>
    <gia/>
    <ddd>82</ddd>
    <siafi>2785</siafi>
  </cep>
  <cep>
    <cep>57032-066</cep>
    <logradouro>Rua Charles Chaplin</logradouro>
    <complemento>(Cj José A Vilela)</complemento>
    <unidade/>
    <bairro>Jacarecica</bairro>
    <localidade>Maceió</localidade>
    <uf>AL</uf>
    <estado>Alagoas</estado>
    <região/>
    <ibge>2704302</ibge>
    <gia/>
    <ddd>82</ddd>
    <siafi>2785</siafi>
  </cep>
  <cep>
    <cep>57032-072</cep>
    <logradouro>Rua Doutor Anthony Menezes Leahy</logradouro>
    <complemento>(Cj José A Vilela)</complemento>
    <unidade/>
    <bairro>Jacarecica</bairro>
    <localidade>Maceió</localidade>
    <uf>AL</uf>
    <estado>Alagoas</estado>
    <região/>
    <ibge>2704302</ibge>
    <gia/>
    <ddd>82</ddd>
    <siafi>2785</siafi>
  </cep>
  <cep>
    <cep>57032-081</cep>
    <logradouro>Avenida Geraldo Sampaio</logradouro>
    <complemento>até 9998/9999</complemento>
    <unidade/>
    <bairro>Jacarecica</bairro>
    <localidade>Maceió</localidade>
    <uf>AL</uf>
    <estado>Alagoas</estado>
    <região/>
    <ibge>2704302</ibge>
    <gia/>
    <ddd>82</ddd>
    <siafi>2785</siafi>
  </cep>
  <cep>
    <cep>57032-084</cep>
    <logradouro>Rua Carmem Lúcia Barbosa de Omena</logradouro>
    <complemento>(Cj José A Vilela)</complemento>
    <unidade/>
    <bairro>Jacarecica</bairro>
    <localidade>Maceió</localidade>
    <uf>AL</uf>
    <estado>Alagoas</estado>
    <região/>
    <ibge>2704302</ibge>
    <gia/>
    <ddd>82</ddd>
    <siafi>2785</siafi>
  </cep>
  <cep>
    <cep>57032-083</cep>
    <logradouro>Rua Empresário Lauro Guedes Nogueira</logradouro>
    <complemento>(Cj José A Vilela)</complemento>
    <unidade/>
    <bairro>Jacarecica</bairro>
    <localidade>Maceió</localidade>
    <uf>AL</uf>
    <estado>Alagoas</estado>
    <região/>
    <ibge>2704302</ibge>
    <gia/>
    <ddd>82</ddd>
    <siafi>2785</siafi>
  </cep>
  <cep>
    <cep>57032-085</cep>
    <logradouro>Rua Jose Luis Rodrigues Calazans</logradouro>
    <complemento>(Jararaca)</complemento>
    <unidade/>
    <bairro>Jacarecica</bairro>
    <localidade>Maceió</localidade>
    <uf>AL</uf>
    <estado>Alagoas</estado>
    <região/>
    <ibge>2704302</ibge>
    <gia/>
    <ddd>82</ddd>
    <siafi>2785</siafi>
  </cep>
  <cep>
    <cep>57032-086</cep>
    <logradouro>Rua José Severino Tenório</logradouro>
    <complemento>(Cj José A Vilela)</complemento>
    <unidade/>
    <bairro>Jacarecica</bairro>
    <localidade>Maceió</localidade>
    <uf>AL</uf>
    <estado>Alagoas</estado>
    <região/>
    <ibge>2704302</ibge>
    <gia/>
    <ddd>82</ddd>
    <siafi>2785</siafi>
  </cep>
  <cep>
    <cep>57032-088</cep>
    <logradouro>Rua Prefeito José Soares Camêlo</logradouro>
    <complemento>(Cj José A Vilela)</complemento>
    <unidade/>
    <bairro>Jacarecica</bairro>
    <localidade>Maceió</localidade>
    <uf>AL</uf>
    <estado>Alagoas</estado>
    <região/>
    <ibge>2704302</ibge>
    <gia/>
    <ddd>82</ddd>
    <siafi>2785</siafi>
  </cep>
  <cep>
    <cep>57036-100</cep>
    <logradouro>Rua Deoclécio Barreto</logradouro>
    <complemento/>
    <unidade/>
    <bairro>Jatiúca</bairro>
    <localidade>Maceió</localidade>
    <uf>AL</uf>
    <estado>Alagoas</estado>
    <região/>
    <ibge>2704302</ibge>
    <gia/>
    <ddd>82</ddd>
    <siafi>2785</siafi>
  </cep>
  <cep>
    <cep>57035-220</cep>
    <logradouro>Rua Hélio Pradines</logradouro>
    <complemento/>
    <unidade/>
    <bairro>Ponta Verde</bairro>
    <localidade>Maceió</localidade>
    <uf>AL</uf>
    <estado>Alagoas</estado>
    <região/>
    <ibge>2704302</ibge>
    <gia/>
    <ddd>82</ddd>
    <siafi>2785</siafi>
  </cep>
  <cep>
    <cep>57035-230</cep>
    <logradouro>Avenida Professor Sandoval Arroxelas</logradouro>
    <complemento/>
    <unidade/>
    <bairro>Ponta Verde</bairro>
    <localidade>Maceió</localidade>
    <uf>AL</uf>
    <estado>Alagoas</estado>
    <região/>
    <ibge>2704302</ibge>
    <gia/>
    <ddd>82</ddd>
    <siafi>2785</siafi>
  </cep>
  <cep>
    <cep>57036-200</cep>
    <logradouro>Rua Gregório Fontan Blanco</logradouro>
    <complemento/>
    <unidade/>
    <bairro>Jatiúca</bairro>
    <localidade>Maceió</localidade>
    <uf>AL</uf>
    <estado>Alagoas</estado>
    <região/>
    <ibge>2704302</ibge>
    <gia/>
    <ddd>82</ddd>
    <siafi>2785</siafi>
  </cep>
  <cep>
    <cep>57037-366</cep>
    <logradouro>Travessa Comendador Calaça</logradouro>
    <complemento>lado par</complemento>
    <unidade/>
    <bairro>Mangabeiras</bairro>
    <localidade>Maceió</localidade>
    <uf>AL</uf>
    <estado>Alagoas</estado>
    <região/>
    <ibge>2704302</ibge>
    <gia/>
    <ddd>82</ddd>
    <siafi>2785</siafi>
  </cep>
  <cep>
    <cep>57036-610</cep>
    <logradouro>Rua Estudante Jader Izídio Malta de Araújo</logradouro>
    <complemento/>
    <unidade/>
    <bairro>Jatiúca</bairro>
    <localidade>Maceió</localidade>
    <uf>AL</uf>
    <estado>Alagoas</estado>
    <região/>
    <ibge>2704302</ibge>
    <gia/>
    <ddd>82</ddd>
    <siafi>2785</siafi>
  </cep>
  <cep>
    <cep>57037-635</cep>
    <logradouro>Avenida Governador Afrânio Lages</logradouro>
    <complemento/>
    <unidade/>
    <bairro>Mangabeiras</bairro>
    <localidade>Maceió</localidade>
    <uf>AL</uf>
    <estado>Alagoas</estado>
    <região/>
    <ibge>2704302</ibge>
    <gia/>
    <ddd>82</ddd>
    <siafi>2785</siafi>
  </cep>
  <cep>
    <cep>57037-573</cep>
    <logradouro>Rua Flávius Durval Lessa Braga</logradouro>
    <complemento/>
    <unidade/>
    <bairro>Mangabeiras</bairro>
    <localidade>Maceió</localidade>
    <uf>AL</uf>
    <estado>Alagoas</estado>
    <região/>
    <ibge>2704302</ibge>
    <gia/>
    <ddd>82</ddd>
    <siafi>2785</siafi>
  </cep>
  <cep>
    <cep>57038-111</cep>
    <logradouro>Rua Jesus de Nazaré</logradouro>
    <complemento/>
    <unidade/>
    <bairro>Cruz das Almas</bairro>
    <localidade>Maceió</localidade>
    <uf>AL</uf>
    <estado>Alagoas</estado>
    <região/>
    <ibge>2704302</ibge>
    <gia/>
    <ddd>82</ddd>
    <siafi>2785</siafi>
  </cep>
  <cep>
    <cep>57038-626</cep>
    <logradouro>Rua I</logradouro>
    <complemento>(Lot Parque Miramar)</complemento>
    <unidade/>
    <bairro>Jacarecica</bairro>
    <localidade>Maceió</localidade>
    <uf>AL</uf>
    <estado>Alagoas</estado>
    <região/>
    <ibge>2704302</ibge>
    <gia/>
    <ddd>82</ddd>
    <siafi>2785</siafi>
  </cep>
  <cep>
    <cep>57038-624</cep>
    <logradouro>Rua A</logradouro>
    <complemento>(Lot Parque Miramar)</complemento>
    <unidade/>
    <bairro>Jacarecica</bairro>
    <localidade>Maceió</localidade>
    <uf>AL</uf>
    <estado>Alagoas</estado>
    <região/>
    <ibge>2704302</ibge>
    <gia/>
    <ddd>82</ddd>
    <siafi>2785</siafi>
  </cep>
  <cep>
    <cep>57038-628</cep>
    <logradouro>Rua L</logradouro>
    <complemento>(Lot Parque Miramar)</complemento>
    <unidade/>
    <bairro>Jacarecica</bairro>
    <localidade>Maceió</localidade>
    <uf>AL</uf>
    <estado>Alagoas</estado>
    <região/>
    <ibge>2704302</ibge>
    <gia/>
    <ddd>82</ddd>
    <siafi>2785</siafi>
  </cep>
  <cep>
    <cep>57038-662</cep>
    <logradouro>Rua Jacu</logradouro>
    <complemento/>
    <unidade/>
    <bairro>Jacarecica</bairro>
    <localidade>Maceió</localidade>
    <uf>AL</uf>
    <estado>Alagoas</estado>
    <região/>
    <ibge>2704302</ibge>
    <gia/>
    <ddd>82</ddd>
    <siafi>2785</siafi>
  </cep>
  <cep>
    <cep>57038-664</cep>
    <logradouro>Rua Socó</logradouro>
    <complemento/>
    <unidade/>
    <bairro>Jacarecica</bairro>
    <localidade>Maceió</localidade>
    <uf>AL</uf>
    <estado>Alagoas</estado>
    <região/>
    <ibge>2704302</ibge>
    <gia/>
    <ddd>82</ddd>
    <siafi>2785</siafi>
  </cep>
  <cep>
    <cep>57038-666</cep>
    <logradouro>Rua Bem-te-vi</logradouro>
    <complemento/>
    <unidade/>
    <bairro>Jacarecica</bairro>
    <localidade>Maceió</localidade>
    <uf>AL</uf>
    <estado>Alagoas</estado>
    <região/>
    <ibge>2704302</ibge>
    <gia/>
    <ddd>82</ddd>
    <siafi>2785</siafi>
  </cep>
  <cep>
    <cep>57038-668</cep>
    <logradouro>Rua Mutum</logradouro>
    <complemento/>
    <unidade/>
    <bairro>Jacarecica</bairro>
    <localidade>Maceió</localidade>
    <uf>AL</uf>
    <estado>Alagoas</estado>
    <região/>
    <ibge>2704302</ibge>
    <gia/>
    <ddd>82</ddd>
    <siafi>2785</siafi>
  </cep>
  <cep>
    <cep>57038-770</cep>
    <logradouro>Rua Padre Odilon Lôbo</logradouro>
    <complemento/>
    <unidade/>
    <bairro>Guaxuma</bairro>
    <localidade>Maceió</localidade>
    <uf>AL</uf>
    <estado>Alagoas</estado>
    <região/>
    <ibge>2704302</ibge>
    <gia/>
    <ddd>82</ddd>
    <siafi>2785</siafi>
  </cep>
  <cep>
    <cep>57039-040</cep>
    <logradouro>Rua Martins</logradouro>
    <complemento/>
    <unidade/>
    <bairro>Garça Torta</bairro>
    <localidade>Maceió</localidade>
    <uf>AL</uf>
    <estado>Alagoas</estado>
    <região/>
    <ibge>2704302</ibge>
    <gia/>
    <ddd>82</ddd>
    <siafi>2785</siafi>
  </cep>
  <cep>
    <cep>57039-744</cep>
    <logradouro>Rua em Projeto F</logradouro>
    <complemento>(Lot Angra de Ipioca)</complemento>
    <unidade/>
    <bairro>Ipioca</bairro>
    <localidade>Maceió</localidade>
    <uf>AL</uf>
    <estado>Alagoas</estado>
    <região/>
    <ibge>2704302</ibge>
    <gia/>
    <ddd>82</ddd>
    <siafi>2785</siafi>
  </cep>
  <cep>
    <cep>57040-054</cep>
    <logradouro>Rua Diegues Junior</logradouro>
    <complemento/>
    <unidade/>
    <bairro>Jacintinho</bairro>
    <localidade>Maceió</localidade>
    <uf>AL</uf>
    <estado>Alagoas</estado>
    <região/>
    <ibge>2704302</ibge>
    <gia/>
    <ddd>82</ddd>
    <siafi>2785</siafi>
  </cep>
  <cep>
    <cep>57040-064</cep>
    <logradouro>Travessa Doutor João Malaquias</logradouro>
    <complemento/>
    <unidade/>
    <bairro>Jacintinho</bairro>
    <localidade>Maceió</localidade>
    <uf>AL</uf>
    <estado>Alagoas</estado>
    <região/>
    <ibge>2704302</ibge>
    <gia/>
    <ddd>82</ddd>
    <siafi>2785</siafi>
  </cep>
  <cep>
    <cep>57040-056</cep>
    <logradouro>Travessa Diegues Junior</logradouro>
    <complemento/>
    <unidade/>
    <bairro>Jacintinho</bairro>
    <localidade>Maceió</localidade>
    <uf>AL</uf>
    <estado>Alagoas</estado>
    <região/>
    <ibge>2704302</ibge>
    <gia/>
    <ddd>82</ddd>
    <siafi>2785</siafi>
  </cep>
  <cep>
    <cep>57040-066</cep>
    <logradouro>Travessa Carlos de Miranda</logradouro>
    <complemento>(Cj Melo Costa)</complemento>
    <unidade/>
    <bairro>Jacintinho</bairro>
    <localidade>Maceió</localidade>
    <uf>AL</uf>
    <estado>Alagoas</estado>
    <região/>
    <ibge>2704302</ibge>
    <gia/>
    <ddd>82</ddd>
    <siafi>2785</siafi>
  </cep>
  <cep>
    <cep>57040-052</cep>
    <logradouro>Vila Diegues Junior</logradouro>
    <complemento/>
    <unidade/>
    <bairro>Jacintinho</bairro>
    <localidade>Maceió</localidade>
    <uf>AL</uf>
    <estado>Alagoas</estado>
    <região/>
    <ibge>2704302</ibge>
    <gia/>
    <ddd>82</ddd>
    <siafi>2785</siafi>
  </cep>
  <cep>
    <cep>57040-062</cep>
    <logradouro>Rua Doutor João Malaquias</logradouro>
    <complemento/>
    <unidade/>
    <bairro>Jacintinho</bairro>
    <localidade>Maceió</localidade>
    <uf>AL</uf>
    <estado>Alagoas</estado>
    <região/>
    <ibge>2704302</ibge>
    <gia/>
    <ddd>82</ddd>
    <siafi>2785</siafi>
  </cep>
  <cep>
    <cep>57040-003</cep>
    <logradouro>Travessa Coronel Paranhos</logradouro>
    <complemento/>
    <unidade/>
    <bairro>Jacintinho</bairro>
    <localidade>Maceió</localidade>
    <uf>AL</uf>
    <estado>Alagoas</estado>
    <região/>
    <ibge>2704302</ibge>
    <gia/>
    <ddd>82</ddd>
    <siafi>2785</siafi>
  </cep>
  <cep>
    <cep>57039-837</cep>
    <logradouro>Rua São Pedro</logradouro>
    <complemento/>
    <unidade/>
    <bairro>Ipioca</bairro>
    <localidade>Maceió</localidade>
    <uf>AL</uf>
    <estado>Alagoas</estado>
    <região/>
    <ibge>2704302</ibge>
    <gia/>
    <ddd>82</ddd>
    <siafi>2785</siafi>
  </cep>
  <cep>
    <cep>57039-542</cep>
    <logradouro>Avenida Beira Mar</logradouro>
    <complemento/>
    <unidade/>
    <bairro>Riacho Doce</bairro>
    <localidade>Maceió</localidade>
    <uf>AL</uf>
    <estado>Alagoas</estado>
    <região/>
    <ibge>2704302</ibge>
    <gia/>
    <ddd>82</ddd>
    <siafi>2785</siafi>
  </cep>
  <cep>
    <cep>57039-866</cep>
    <logradouro>Rua Ana Maria Vieira de Barros</logradouro>
    <complemento/>
    <unidade/>
    <bairro>Ipioca</bairro>
    <localidade>Maceió</localidade>
    <uf>AL</uf>
    <estado>Alagoas</estado>
    <região/>
    <ibge>2704302</ibge>
    <gia/>
    <ddd>82</ddd>
    <siafi>2785</siafi>
  </cep>
  <cep>
    <cep>57040-154</cep>
    <logradouro>Travessa São Bento</logradouro>
    <complemento/>
    <unidade/>
    <bairro>Jacintinho</bairro>
    <localidade>Maceió</localidade>
    <uf>AL</uf>
    <estado>Alagoas</estado>
    <região/>
    <ibge>2704302</ibge>
    <gia/>
    <ddd>82</ddd>
    <siafi>2785</siafi>
  </cep>
  <cep>
    <cep>57040-402</cep>
    <logradouro>2ª Travessa Coronel Paranhos</logradouro>
    <complemento/>
    <unidade/>
    <bairro>Jacintinho</bairro>
    <localidade>Maceió</localidade>
    <uf>AL</uf>
    <estado>Alagoas</estado>
    <região/>
    <ibge>2704302</ibge>
    <gia/>
    <ddd>82</ddd>
    <siafi>2785</siafi>
  </cep>
  <cep>
    <cep>57040-342</cep>
    <logradouro>Rua São Jorge</logradouro>
    <complemento>(Transversal da Julio Alto)</complemento>
    <unidade/>
    <bairro>Jacintinho</bairro>
    <localidade>Maceió</localidade>
    <uf>AL</uf>
    <estado>Alagoas</estado>
    <região/>
    <ibge>2704302</ibge>
    <gia/>
    <ddd>82</ddd>
    <siafi>2785</siafi>
  </cep>
  <cep>
    <cep>57040-587</cep>
    <logradouro>Travessa Contorno</logradouro>
    <complemento/>
    <unidade/>
    <bairro>Jacintinho</bairro>
    <localidade>Maceió</localidade>
    <uf>AL</uf>
    <estado>Alagoas</estado>
    <região/>
    <ibge>2704302</ibge>
    <gia/>
    <ddd>82</ddd>
    <siafi>2785</siafi>
  </cep>
  <cep>
    <cep>57040-175</cep>
    <logradouro>2ª Travessa Diegues Júnior</logradouro>
    <complemento/>
    <unidade/>
    <bairro>Jacintinho</bairro>
    <localidade>Maceió</localidade>
    <uf>AL</uf>
    <estado>Alagoas</estado>
    <região/>
    <ibge>2704302</ibge>
    <gia/>
    <ddd>82</ddd>
    <siafi>2785</siafi>
  </cep>
  <cep>
    <cep>57040-439</cep>
    <logradouro>6ª Travessa São Jorge</logradouro>
    <complemento/>
    <unidade/>
    <bairro>Jacintinho</bairro>
    <localidade>Maceió</localidade>
    <uf>AL</uf>
    <estado>Alagoas</estado>
    <região/>
    <ibge>2704302</ibge>
    <gia/>
    <ddd>82</ddd>
    <siafi>2785</siafi>
  </cep>
  <cep>
    <cep>57040-434</cep>
    <logradouro>3ª Travessa São Jorge</logradouro>
    <complemento/>
    <unidade/>
    <bairro>Jacintinho</bairro>
    <localidade>Maceió</localidade>
    <uf>AL</uf>
    <estado>Alagoas</estado>
    <região/>
    <ibge>2704302</ibge>
    <gia/>
    <ddd>82</ddd>
    <siafi>2785</siafi>
  </cep>
  <cep>
    <cep>57041-246</cep>
    <logradouro>Rua Sérgio Alves</logradouro>
    <complemento/>
    <unidade/>
    <bairro>Jacintinho</bairro>
    <localidade>Maceió</localidade>
    <uf>AL</uf>
    <estado>Alagoas</estado>
    <região/>
    <ibge>2704302</ibge>
    <gia/>
    <ddd>82</ddd>
    <siafi>2785</siafi>
  </cep>
  <cep>
    <cep>57040-678</cep>
    <logradouro>Rua Bela Vista</logradouro>
    <complemento>(Com São Rafael)</complemento>
    <unidade/>
    <bairro>Jacintinho</bairro>
    <localidade>Maceió</localidade>
    <uf>AL</uf>
    <estado>Alagoas</estado>
    <região/>
    <ibge>2704302</ibge>
    <gia/>
    <ddd>82</ddd>
    <siafi>2785</siafi>
  </cep>
  <cep>
    <cep>57040-835</cep>
    <logradouro>Rua B</logradouro>
    <complemento>(Cj Mutirão)</complemento>
    <unidade/>
    <bairro>Jacintinho</bairro>
    <localidade>Maceió</localidade>
    <uf>AL</uf>
    <estado>Alagoas</estado>
    <região/>
    <ibge>2704302</ibge>
    <gia/>
    <ddd>82</ddd>
    <siafi>2785</siafi>
  </cep>
  <cep>
    <cep>57040-344</cep>
    <logradouro>Travessa São Jorge</logradouro>
    <complemento>(Final da Caetés)</complemento>
    <unidade/>
    <bairro>Jacintinho</bairro>
    <localidade>Maceió</localidade>
    <uf>AL</uf>
    <estado>Alagoas</estado>
    <região/>
    <ibge>2704302</ibge>
    <gia/>
    <ddd>82</ddd>
    <siafi>2785</siafi>
  </cep>
  <cep>
    <cep>57040-643</cep>
    <logradouro>Travessa Santo Antônio</logradouro>
    <complemento>(Grota do Cigano)</complemento>
    <unidade/>
    <bairro>Jacintinho</bairro>
    <localidade>Maceió</localidade>
    <uf>AL</uf>
    <estado>Alagoas</estado>
    <região/>
    <ibge>2704302</ibge>
    <gia/>
    <ddd>82</ddd>
    <siafi>2785</siafi>
  </cep>
  <cep>
    <cep>57041-252</cep>
    <logradouro>Travessa Professor Antônio Joaquim de Oliveira</logradouro>
    <complemento/>
    <unidade/>
    <bairro>Jacintinho</bairro>
    <localidade>Maceió</localidade>
    <uf>AL</uf>
    <estado>Alagoas</estado>
    <região/>
    <ibge>2704302</ibge>
    <gia/>
    <ddd>82</ddd>
    <siafi>2785</siafi>
  </cep>
  <cep>
    <cep>57040-436</cep>
    <logradouro>4ª Travessa São Jorge</logradouro>
    <complemento/>
    <unidade/>
    <bairro>Jacintinho</bairro>
    <localidade>Maceió</localidade>
    <uf>AL</uf>
    <estado>Alagoas</estado>
    <região/>
    <ibge>2704302</ibge>
    <gia/>
    <ddd>82</ddd>
    <siafi>2785</siafi>
  </cep>
  <cep>
    <cep>57040-438</cep>
    <logradouro>5ª Travessa São Jorge</logradouro>
    <complemento/>
    <unidade/>
    <bairro>Jacintinho</bairro>
    <localidade>Maceió</localidade>
    <uf>AL</uf>
    <estado>Alagoas</estado>
    <região/>
    <ibge>2704302</ibge>
    <gia/>
    <ddd>82</ddd>
    <siafi>2785</siafi>
  </cep>
  <cep>
    <cep>57040-400</cep>
    <logradouro>Rua Santa Luzia</logradouro>
    <complemento/>
    <unidade/>
    <bairro>Jacintinho</bairro>
    <localidade>Maceió</localidade>
    <uf>AL</uf>
    <estado>Alagoas</estado>
    <região/>
    <ibge>2704302</ibge>
    <gia/>
    <ddd>82</ddd>
    <siafi>2785</siafi>
  </cep>
  <cep>
    <cep>57040-478</cep>
    <logradouro>Travessa Amaro Feitosa</logradouro>
    <complemento/>
    <unidade/>
    <bairro>Jacintinho</bairro>
    <localidade>Maceió</localidade>
    <uf>AL</uf>
    <estado>Alagoas</estado>
    <região/>
    <ibge>2704302</ibge>
    <gia/>
    <ddd>82</ddd>
    <siafi>2785</siafi>
  </cep>
  <cep>
    <cep>57041-060</cep>
    <logradouro>Rua Pau D'Arco</logradouro>
    <complemento>(Lot Pau D'Arco)</complemento>
    <unidade/>
    <bairro>Jacintinho</bairro>
    <localidade>Maceió</localidade>
    <uf>AL</uf>
    <estado>Alagoas</estado>
    <região/>
    <ibge>2704302</ibge>
    <gia/>
    <ddd>82</ddd>
    <siafi>2785</siafi>
  </cep>
  <cep>
    <cep>57040-530</cep>
    <logradouro>Rua da Vitória</logradouro>
    <complemento/>
    <unidade/>
    <bairro>Jacintinho</bairro>
    <localidade>Maceió</localidade>
    <uf>AL</uf>
    <estado>Alagoas</estado>
    <região/>
    <ibge>2704302</ibge>
    <gia/>
    <ddd>82</ddd>
    <siafi>2785</siafi>
  </cep>
  <cep>
    <cep>57041-196</cep>
    <logradouro>Beco do Sossego</logradouro>
    <complemento/>
    <unidade/>
    <bairro>Jacintinho</bairro>
    <localidade>Maceió</localidade>
    <uf>AL</uf>
    <estado>Alagoas</estado>
    <região/>
    <ibge>2704302</ibge>
    <gia/>
    <ddd>82</ddd>
    <siafi>2785</siafi>
  </cep>
  <cep>
    <cep>57041-274</cep>
    <logradouro>Conjunto São Vicente</logradouro>
    <complemento/>
    <unidade/>
    <bairro>Jacintinho</bairro>
    <localidade>Maceió</localidade>
    <uf>AL</uf>
    <estado>Alagoas</estado>
    <região/>
    <ibge>2704302</ibge>
    <gia/>
    <ddd>82</ddd>
    <siafi>2785</siafi>
  </cep>
  <cep>
    <cep>57041-268</cep>
    <logradouro>Rua Pedro Monteiro</logradouro>
    <complemento/>
    <unidade/>
    <bairro>Jacintinho</bairro>
    <localidade>Maceió</localidade>
    <uf>AL</uf>
    <estado>Alagoas</estado>
    <região/>
    <ibge>2704302</ibge>
    <gia/>
    <ddd>82</ddd>
    <siafi>2785</siafi>
  </cep>
  <cep>
    <cep>57041-273</cep>
    <logradouro>Travessa São Vicente</logradouro>
    <complemento>(Cj São Vicente)</complemento>
    <unidade/>
    <bairro>Jacintinho</bairro>
    <localidade>Maceió</localidade>
    <uf>AL</uf>
    <estado>Alagoas</estado>
    <região/>
    <ibge>2704302</ibge>
    <gia/>
    <ddd>82</ddd>
    <siafi>2785</siafi>
  </cep>
  <cep>
    <cep>57042-050</cep>
    <logradouro>Rua Armando de Faria Lôbo</logradouro>
    <complemento/>
    <unidade/>
    <bairro>Jacintinho</bairro>
    <localidade>Maceió</localidade>
    <uf>AL</uf>
    <estado>Alagoas</estado>
    <região/>
    <ibge>2704302</ibge>
    <gia/>
    <ddd>82</ddd>
    <siafi>2785</siafi>
  </cep>
  <cep>
    <cep>57041-534</cep>
    <logradouro>Vila Santa Alice</logradouro>
    <complemento/>
    <unidade/>
    <bairro>Jacintinho</bairro>
    <localidade>Maceió</localidade>
    <uf>AL</uf>
    <estado>Alagoas</estado>
    <região/>
    <ibge>2704302</ibge>
    <gia/>
    <ddd>82</ddd>
    <siafi>2785</siafi>
  </cep>
  <cep>
    <cep>57042-116</cep>
    <logradouro>3ª Travessa da Saudade</logradouro>
    <complemento/>
    <unidade/>
    <bairro>Jacintinho</bairro>
    <localidade>Maceió</localidade>
    <uf>AL</uf>
    <estado>Alagoas</estado>
    <região/>
    <ibge>2704302</ibge>
    <gia/>
    <ddd>82</ddd>
    <siafi>2785</siafi>
  </cep>
  <cep>
    <cep>57041-445</cep>
    <logradouro>2ª Rua Leão</logradouro>
    <complemento/>
    <unidade/>
    <bairro>Jacintinho</bairro>
    <localidade>Maceió</localidade>
    <uf>AL</uf>
    <estado>Alagoas</estado>
    <região/>
    <ibge>2704302</ibge>
    <gia/>
    <ddd>82</ddd>
    <siafi>2785</siafi>
  </cep>
  <cep>
    <cep>57042-148</cep>
    <logradouro>Travessa Pau d'Arco</logradouro>
    <complemento>(Piabas)</complemento>
    <unidade/>
    <bairro>Jacintinho</bairro>
    <localidade>Maceió</localidade>
    <uf>AL</uf>
    <estado>Alagoas</estado>
    <região/>
    <ibge>2704302</ibge>
    <gia/>
    <ddd>82</ddd>
    <siafi>2785</siafi>
  </cep>
  <cep>
    <cep>57042-423</cep>
    <logradouro>Travessa Novo Jardim</logradouro>
    <complemento/>
    <unidade/>
    <bairro>Feitosa</bairro>
    <localidade>Maceió</localidade>
    <uf>AL</uf>
    <estado>Alagoas</estado>
    <região/>
    <ibge>2704302</ibge>
    <gia/>
    <ddd>82</ddd>
    <siafi>2785</siafi>
  </cep>
  <cep>
    <cep>57042-556</cep>
    <logradouro>Rua E</logradouro>
    <complemento>(Lot Santa Madalena)</complemento>
    <unidade/>
    <bairro>Feitosa</bairro>
    <localidade>Maceió</localidade>
    <uf>AL</uf>
    <estado>Alagoas</estado>
    <região/>
    <ibge>2704302</ibge>
    <gia/>
    <ddd>82</ddd>
    <siafi>2785</siafi>
  </cep>
  <cep>
    <cep>57042-630</cep>
    <logradouro>Rua Ipanema</logradouro>
    <complemento/>
    <unidade/>
    <bairro>Feitosa</bairro>
    <localidade>Maceió</localidade>
    <uf>AL</uf>
    <estado>Alagoas</estado>
    <região/>
    <ibge>2704302</ibge>
    <gia/>
    <ddd>82</ddd>
    <siafi>2785</siafi>
  </cep>
  <cep>
    <cep>57042-558</cep>
    <logradouro>Rua Santa Isabel</logradouro>
    <complemento>(Lot Santa Madalena)</complemento>
    <unidade/>
    <bairro>Feitosa</bairro>
    <localidade>Maceió</localidade>
    <uf>AL</uf>
    <estado>Alagoas</estado>
    <região/>
    <ibge>2704302</ibge>
    <gia/>
    <ddd>82</ddd>
    <siafi>2785</siafi>
  </cep>
  <cep>
    <cep>57042-782</cep>
    <logradouro>Rua Projetada 356</logradouro>
    <complemento>(Lot Bariloche)</complemento>
    <unidade/>
    <bairro>Feitosa</bairro>
    <localidade>Maceió</localidade>
    <uf>AL</uf>
    <estado>Alagoas</estado>
    <região/>
    <ibge>2704302</ibge>
    <gia/>
    <ddd>82</ddd>
    <siafi>2785</siafi>
  </cep>
  <cep>
    <cep>57042-800</cep>
    <logradouro>Rua Projetada 374</logradouro>
    <complemento>(Lot Bariloche)</complemento>
    <unidade/>
    <bairro>Feitosa</bairro>
    <localidade>Maceió</localidade>
    <uf>AL</uf>
    <estado>Alagoas</estado>
    <região/>
    <ibge>2704302</ibge>
    <gia/>
    <ddd>82</ddd>
    <siafi>2785</siafi>
  </cep>
  <cep>
    <cep>57043-155</cep>
    <logradouro>Travessa Promotor Manoel de Carvalho</logradouro>
    <complemento/>
    <unidade/>
    <bairro>Feitosa</bairro>
    <localidade>Maceió</localidade>
    <uf>AL</uf>
    <estado>Alagoas</estado>
    <região/>
    <ibge>2704302</ibge>
    <gia/>
    <ddd>82</ddd>
    <siafi>2785</siafi>
  </cep>
  <cep>
    <cep>57043-205</cep>
    <logradouro>Travessa Senador Rui Palmeira</logradouro>
    <complemento/>
    <unidade/>
    <bairro>Feitosa</bairro>
    <localidade>Maceió</localidade>
    <uf>AL</uf>
    <estado>Alagoas</estado>
    <região/>
    <ibge>2704302</ibge>
    <gia/>
    <ddd>82</ddd>
    <siafi>2785</siafi>
  </cep>
  <cep>
    <cep>57043-312</cep>
    <logradouro>Travessa Maria de Fátima</logradouro>
    <complemento/>
    <unidade/>
    <bairro>Feitosa</bairro>
    <localidade>Maceió</localidade>
    <uf>AL</uf>
    <estado>Alagoas</estado>
    <região/>
    <ibge>2704302</ibge>
    <gia/>
    <ddd>82</ddd>
    <siafi>2785</siafi>
  </cep>
  <cep>
    <cep>57043-245</cep>
    <logradouro>Travessa Penedo</logradouro>
    <complemento>(Por trás garagem Real)</complemento>
    <unidade/>
    <bairro>Feitosa</bairro>
    <localidade>Maceió</localidade>
    <uf>AL</uf>
    <estado>Alagoas</estado>
    <região/>
    <ibge>2704302</ibge>
    <gia/>
    <ddd>82</ddd>
    <siafi>2785</siafi>
  </cep>
  <cep>
    <cep>57043-330</cep>
    <logradouro>Rua Pau D'Arco</logradouro>
    <complemento/>
    <unidade/>
    <bairro>Feitosa</bairro>
    <localidade>Maceió</localidade>
    <uf>AL</uf>
    <estado>Alagoas</estado>
    <região/>
    <ibge>2704302</ibge>
    <gia/>
    <ddd>82</ddd>
    <siafi>2785</siafi>
  </cep>
  <cep>
    <cep>57043-338</cep>
    <logradouro>Vila Santa Luzia</logradouro>
    <complemento/>
    <unidade/>
    <bairro>Feitosa</bairro>
    <localidade>Maceió</localidade>
    <uf>AL</uf>
    <estado>Alagoas</estado>
    <região/>
    <ibge>2704302</ibge>
    <gia/>
    <ddd>82</ddd>
    <siafi>2785</siafi>
  </cep>
  <cep>
    <cep>57032-012</cep>
    <logradouro>Rua Antônio Carlos Lopes de Oliveira</logradouro>
    <complemento>(Cj José A Vilela)</complemento>
    <unidade/>
    <bairro>Jacarecica</bairro>
    <localidade>Maceió</localidade>
    <uf>AL</uf>
    <estado>Alagoas</estado>
    <região/>
    <ibge>2704302</ibge>
    <gia/>
    <ddd>82</ddd>
    <siafi>2785</siafi>
  </cep>
  <cep>
    <cep>57043-378</cep>
    <logradouro>2ª Travessa Penedo</logradouro>
    <complemento/>
    <unidade/>
    <bairro>Feitosa</bairro>
    <localidade>Maceió</localidade>
    <uf>AL</uf>
    <estado>Alagoas</estado>
    <região/>
    <ibge>2704302</ibge>
    <gia/>
    <ddd>82</ddd>
    <siafi>2785</siafi>
  </cep>
  <cep>
    <cep>57044-040</cep>
    <logradouro>Rua Gaspar Luiz Rodrigues Costa</logradouro>
    <complemento>(Res Oceanis)</complemento>
    <unidade/>
    <bairro>São Jorge</bairro>
    <localidade>Maceió</localidade>
    <uf>AL</uf>
    <estado>Alagoas</estado>
    <região/>
    <ibge>2704302</ibge>
    <gia/>
    <ddd>82</ddd>
    <siafi>2785</siafi>
  </cep>
  <cep>
    <cep>57044-046</cep>
    <logradouro>Rua Escritora Clea Marsiglia</logradouro>
    <complemento>(Res Oceanis)</complemento>
    <unidade/>
    <bairro>São Jorge</bairro>
    <localidade>Maceió</localidade>
    <uf>AL</uf>
    <estado>Alagoas</estado>
    <região/>
    <ibge>2704302</ibge>
    <gia/>
    <ddd>82</ddd>
    <siafi>2785</siafi>
  </cep>
  <cep>
    <cep>57044-084</cep>
    <logradouro>2ª Travessa Laerte Leão</logradouro>
    <complemento/>
    <unidade/>
    <bairro>São Jorge</bairro>
    <localidade>Maceió</localidade>
    <uf>AL</uf>
    <estado>Alagoas</estado>
    <região/>
    <ibge>2704302</ibge>
    <gia/>
    <ddd>82</ddd>
    <siafi>2785</siafi>
  </cep>
  <cep>
    <cep>57045-366</cep>
    <logradouro>Travessa São Aluízio</logradouro>
    <complemento/>
    <unidade/>
    <bairro>Barro Duro</bairro>
    <localidade>Maceió</localidade>
    <uf>AL</uf>
    <estado>Alagoas</estado>
    <região/>
    <ibge>2704302</ibge>
    <gia/>
    <ddd>82</ddd>
    <siafi>2785</siafi>
  </cep>
  <cep>
    <cep>57044-038</cep>
    <logradouro>Rua Allan Loureiro Portela</logradouro>
    <complemento>(Res Oceanis)</complemento>
    <unidade/>
    <bairro>São Jorge</bairro>
    <localidade>Maceió</localidade>
    <uf>AL</uf>
    <estado>Alagoas</estado>
    <região/>
    <ibge>2704302</ibge>
    <gia/>
    <ddd>82</ddd>
    <siafi>2785</siafi>
  </cep>
  <cep>
    <cep>57045-567</cep>
    <logradouro>Rua Doutor Manoel Marques Luz</logradouro>
    <complemento/>
    <unidade/>
    <bairro>Barro Duro</bairro>
    <localidade>Maceió</localidade>
    <uf>AL</uf>
    <estado>Alagoas</estado>
    <região/>
    <ibge>2704302</ibge>
    <gia/>
    <ddd>82</ddd>
    <siafi>2785</siafi>
  </cep>
  <cep>
    <cep>57044-238</cep>
    <logradouro>Rua Ipanema</logradouro>
    <complemento/>
    <unidade/>
    <bairro>São Jorge</bairro>
    <localidade>Maceió</localidade>
    <uf>AL</uf>
    <estado>Alagoas</estado>
    <região/>
    <ibge>2704302</ibge>
    <gia/>
    <ddd>82</ddd>
    <siafi>2785</siafi>
  </cep>
  <cep>
    <cep>57045-480</cep>
    <logradouro>Rua Dom Adelmo Machado</logradouro>
    <complemento/>
    <unidade/>
    <bairro>Barro Duro</bairro>
    <localidade>Maceió</localidade>
    <uf>AL</uf>
    <estado>Alagoas</estado>
    <região/>
    <ibge>2704302</ibge>
    <gia/>
    <ddd>82</ddd>
    <siafi>2785</siafi>
  </cep>
  <cep>
    <cep>57045-680</cep>
    <logradouro>Rua Adelaide de Melo Mota</logradouro>
    <complemento/>
    <unidade/>
    <bairro>Barro Duro</bairro>
    <localidade>Maceió</localidade>
    <uf>AL</uf>
    <estado>Alagoas</estado>
    <região/>
    <ibge>2704302</ibge>
    <gia/>
    <ddd>82</ddd>
    <siafi>2785</siafi>
  </cep>
  <cep>
    <cep>57046-384</cep>
    <logradouro>Rua Acácias</logradouro>
    <complemento>(Res San Nícolas)</complemento>
    <unidade/>
    <bairro>Serraria</bairro>
    <localidade>Maceió</localidade>
    <uf>AL</uf>
    <estado>Alagoas</estado>
    <região/>
    <ibge>2704302</ibge>
    <gia/>
    <ddd>82</ddd>
    <siafi>2785</siafi>
  </cep>
  <cep>
    <cep>57046-000</cep>
    <logradouro>Avenida Menino Marcelo</logradouro>
    <complemento>lado ímpar</complemento>
    <unidade/>
    <bairro>Serraria</bairro>
    <localidade>Maceió</localidade>
    <uf>AL</uf>
    <estado>Alagoas</estado>
    <região/>
    <ibge>2704302</ibge>
    <gia/>
    <ddd>82</ddd>
    <siafi>2785</siafi>
  </cep>
  <cep>
    <cep>57045-754</cep>
    <logradouro>Travessa Boa Vista</logradouro>
    <complemento/>
    <unidade/>
    <bairro>Barro Duro</bairro>
    <localidade>Maceió</localidade>
    <uf>AL</uf>
    <estado>Alagoas</estado>
    <região/>
    <ibge>2704302</ibge>
    <gia/>
    <ddd>82</ddd>
    <siafi>2785</siafi>
  </cep>
  <cep>
    <cep>57045-640</cep>
    <logradouro>Rua Princesa Isabel</logradouro>
    <complemento/>
    <unidade/>
    <bairro>Barro Duro</bairro>
    <localidade>Maceió</localidade>
    <uf>AL</uf>
    <estado>Alagoas</estado>
    <região/>
    <ibge>2704302</ibge>
    <gia/>
    <ddd>82</ddd>
    <siafi>2785</siafi>
  </cep>
  <cep>
    <cep>57044-107</cep>
    <logradouro>Rua Projetada H</logradouro>
    <complemento>(Lot Prq Miramar)</complemento>
    <unidade/>
    <bairro>São Jorge</bairro>
    <localidade>Maceió</localidade>
    <uf>AL</uf>
    <estado>Alagoas</estado>
    <região/>
    <ibge>2704302</ibge>
    <gia/>
    <ddd>82</ddd>
    <siafi>2785</siafi>
  </cep>
  <cep>
    <cep>57044-044</cep>
    <logradouro>Rua Doutor Raimundo Campos</logradouro>
    <complemento>(Res Oceanis)</complemento>
    <unidade/>
    <bairro>São Jorge</bairro>
    <localidade>Maceió</localidade>
    <uf>AL</uf>
    <estado>Alagoas</estado>
    <região/>
    <ibge>2704302</ibge>
    <gia/>
    <ddd>82</ddd>
    <siafi>2785</siafi>
  </cep>
  <cep>
    <cep>57044-042</cep>
    <logradouro>Rua Doutor José Verres Domingues</logradouro>
    <complemento>(Res Oceanis)</complemento>
    <unidade/>
    <bairro>São Jorge</bairro>
    <localidade>Maceió</localidade>
    <uf>AL</uf>
    <estado>Alagoas</estado>
    <região/>
    <ibge>2704302</ibge>
    <gia/>
    <ddd>82</ddd>
    <siafi>2785</siafi>
  </cep>
  <cep>
    <cep>57046-130</cep>
    <logradouro>Rua Tapuraí</logradouro>
    <complemento/>
    <unidade/>
    <bairro>Serraria</bairro>
    <localidade>Maceió</localidade>
    <uf>AL</uf>
    <estado>Alagoas</estado>
    <região/>
    <ibge>2704302</ibge>
    <gia/>
    <ddd>82</ddd>
    <siafi>2785</siafi>
  </cep>
  <cep>
    <cep>57046-388</cep>
    <logradouro>Avenida Doutor Hebel Ferreira</logradouro>
    <complemento>(Res San Nícolas)</complemento>
    <unidade/>
    <bairro>Serraria</bairro>
    <localidade>Maceió</localidade>
    <uf>AL</uf>
    <estado>Alagoas</estado>
    <região/>
    <ibge>2704302</ibge>
    <gia/>
    <ddd>82</ddd>
    <siafi>2785</siafi>
  </cep>
  <cep>
    <cep>57046-420</cep>
    <logradouro>Rua Doutor Gilberto de Macedo</logradouro>
    <complemento/>
    <unidade/>
    <bairro>Serraria</bairro>
    <localidade>Maceió</localidade>
    <uf>AL</uf>
    <estado>Alagoas</estado>
    <região/>
    <ibge>2704302</ibge>
    <gia/>
    <ddd>82</ddd>
    <siafi>2785</siafi>
  </cep>
  <cep>
    <cep>57046-390</cep>
    <logradouro>Rua Jatobá</logradouro>
    <complemento>(Res San Nícolas)</complemento>
    <unidade/>
    <bairro>Serraria</bairro>
    <localidade>Maceió</localidade>
    <uf>AL</uf>
    <estado>Alagoas</estado>
    <região/>
    <ibge>2704302</ibge>
    <gia/>
    <ddd>82</ddd>
    <siafi>2785</siafi>
  </cep>
  <cep>
    <cep>57046-396</cep>
    <logradouro>Rua Doutor Jarbas Elias da Rosa Oiticica</logradouro>
    <complemento>(Res San Nícolas)</complemento>
    <unidade/>
    <bairro>Serraria</bairro>
    <localidade>Maceió</localidade>
    <uf>AL</uf>
    <estado>Alagoas</estado>
    <região/>
    <ibge>2704302</ibge>
    <gia/>
    <ddd>82</ddd>
    <siafi>2785</siafi>
  </cep>
  <cep>
    <cep>57046-424</cep>
    <logradouro>Rua Doutor Francisco Valois</logradouro>
    <complemento/>
    <unidade/>
    <bairro>Serraria</bairro>
    <localidade>Maceió</localidade>
    <uf>AL</uf>
    <estado>Alagoas</estado>
    <região/>
    <ibge>2704302</ibge>
    <gia/>
    <ddd>82</ddd>
    <siafi>2785</siafi>
  </cep>
  <cep>
    <cep>57046-478</cep>
    <logradouro>Rua Dulce Cavalcante de Azevedo</logradouro>
    <complemento/>
    <unidade/>
    <bairro>Serraria</bairro>
    <localidade>Maceió</localidade>
    <uf>AL</uf>
    <estado>Alagoas</estado>
    <região/>
    <ibge>2704302</ibge>
    <gia/>
    <ddd>82</ddd>
    <siafi>2785</siafi>
  </cep>
  <cep>
    <cep>57046-385</cep>
    <logradouro>Rua Sucupira</logradouro>
    <complemento>(Res San Nícolas)</complemento>
    <unidade/>
    <bairro>Serraria</bairro>
    <localidade>Maceió</localidade>
    <uf>AL</uf>
    <estado>Alagoas</estado>
    <região/>
    <ibge>2704302</ibge>
    <gia/>
    <ddd>82</ddd>
    <siafi>2785</siafi>
  </cep>
  <cep>
    <cep>57046-712</cep>
    <logradouro>Rua Projetada G</logradouro>
    <complemento>(Lot Carajás II)</complemento>
    <unidade/>
    <bairro>Serraria</bairro>
    <localidade>Maceió</localidade>
    <uf>AL</uf>
    <estado>Alagoas</estado>
    <região/>
    <ibge>2704302</ibge>
    <gia/>
    <ddd>82</ddd>
    <siafi>2785</siafi>
  </cep>
  <cep>
    <cep>57046-418</cep>
    <logradouro>Rua Vereador Pedro Marinho Muniz Falcão</logradouro>
    <complemento/>
    <unidade/>
    <bairro>Serraria</bairro>
    <localidade>Maceió</localidade>
    <uf>AL</uf>
    <estado>Alagoas</estado>
    <região/>
    <ibge>2704302</ibge>
    <gia/>
    <ddd>82</ddd>
    <siafi>2785</siafi>
  </cep>
  <cep>
    <cep>57046-572</cep>
    <logradouro>Rua Major Elza Cansanção Medeiros</logradouro>
    <complemento/>
    <unidade/>
    <bairro>Serraria</bairro>
    <localidade>Maceió</localidade>
    <uf>AL</uf>
    <estado>Alagoas</estado>
    <região/>
    <ibge>2704302</ibge>
    <gia/>
    <ddd>82</ddd>
    <siafi>2785</siafi>
  </cep>
  <cep>
    <cep>57046-685</cep>
    <logradouro>Travessa Palmeira dos Índios</logradouro>
    <complemento/>
    <unidade/>
    <bairro>Serraria</bairro>
    <localidade>Maceió</localidade>
    <uf>AL</uf>
    <estado>Alagoas</estado>
    <região/>
    <ibge>2704302</ibge>
    <gia/>
    <ddd>82</ddd>
    <siafi>2785</siafi>
  </cep>
  <cep>
    <cep>57046-422</cep>
    <logradouro>Rua Doutor Robson Vieira</logradouro>
    <complemento/>
    <unidade/>
    <bairro>Serraria</bairro>
    <localidade>Maceió</localidade>
    <uf>AL</uf>
    <estado>Alagoas</estado>
    <região/>
    <ibge>2704302</ibge>
    <gia/>
    <ddd>82</ddd>
    <siafi>2785</siafi>
  </cep>
  <cep>
    <cep>57046-389</cep>
    <logradouro>Rua Laranjeiras</logradouro>
    <complemento>(Res San Nícolas)</complemento>
    <unidade/>
    <bairro>Serraria</bairro>
    <localidade>Maceió</localidade>
    <uf>AL</uf>
    <estado>Alagoas</estado>
    <região/>
    <ibge>2704302</ibge>
    <gia/>
    <ddd>82</ddd>
    <siafi>2785</siafi>
  </cep>
  <cep>
    <cep>57046-574</cep>
    <logradouro>Rua Maria Rocha Cavalcanti Accioly</logradouro>
    <complemento/>
    <unidade/>
    <bairro>Serraria</bairro>
    <localidade>Maceió</localidade>
    <uf>AL</uf>
    <estado>Alagoas</estado>
    <região/>
    <ibge>2704302</ibge>
    <gia/>
    <ddd>82</ddd>
    <siafi>2785</siafi>
  </cep>
  <cep>
    <cep>57046-428</cep>
    <logradouro>Rua Escritora Ilza Porto</logradouro>
    <complemento/>
    <unidade/>
    <bairro>Serraria</bairro>
    <localidade>Maceió</localidade>
    <uf>AL</uf>
    <estado>Alagoas</estado>
    <região/>
    <ibge>2704302</ibge>
    <gia/>
    <ddd>82</ddd>
    <siafi>2785</siafi>
  </cep>
  <cep>
    <cep>57046-488</cep>
    <logradouro>Rua Promotor de Justiça Luiz Alberto de Barros</logradouro>
    <complemento>(Lot Vale da Serraria III)</complemento>
    <unidade/>
    <bairro>Serraria</bairro>
    <localidade>Maceió</localidade>
    <uf>AL</uf>
    <estado>Alagoas</estado>
    <região/>
    <ibge>2704302</ibge>
    <gia/>
    <ddd>82</ddd>
    <siafi>2785</siafi>
  </cep>
  <cep>
    <cep>57046-415</cep>
    <logradouro>Rua 2</logradouro>
    <complemento/>
    <unidade/>
    <bairro>Serraria</bairro>
    <localidade>Maceió</localidade>
    <uf>AL</uf>
    <estado>Alagoas</estado>
    <região/>
    <ibge>2704302</ibge>
    <gia/>
    <ddd>82</ddd>
    <siafi>2785</siafi>
  </cep>
  <cep>
    <cep>57044-144</cep>
    <logradouro>Rua Jasmim</logradouro>
    <complemento/>
    <unidade/>
    <bairro>São Jorge</bairro>
    <localidade>Maceió</localidade>
    <uf>AL</uf>
    <estado>Alagoas</estado>
    <região/>
    <ibge>2704302</ibge>
    <gia/>
    <ddd>82</ddd>
    <siafi>2785</siafi>
  </cep>
  <cep>
    <cep>57046-576</cep>
    <logradouro>Rua Bartyra Rocha Cavalcanti Nogueira</logradouro>
    <complemento/>
    <unidade/>
    <bairro>Serraria</bairro>
    <localidade>Maceió</localidade>
    <uf>AL</uf>
    <estado>Alagoas</estado>
    <região/>
    <ibge>2704302</ibge>
    <gia/>
    <ddd>82</ddd>
    <siafi>2785</siafi>
  </cep>
  <cep>
    <cep>57046-426</cep>
    <logradouro>Rua Deputado Oséas Cardoso</logradouro>
    <complemento/>
    <unidade/>
    <bairro>Serraria</bairro>
    <localidade>Maceió</localidade>
    <uf>AL</uf>
    <estado>Alagoas</estado>
    <região/>
    <ibge>2704302</ibge>
    <gia/>
    <ddd>82</ddd>
    <siafi>2785</siafi>
  </cep>
  <cep>
    <cep>57048-045</cep>
    <logradouro>Rua Daniel Machado da Silva</logradouro>
    <complemento/>
    <unidade/>
    <bairro>Antares</bairro>
    <localidade>Maceió</localidade>
    <uf>AL</uf>
    <estado>Alagoas</estado>
    <região/>
    <ibge>2704302</ibge>
    <gia/>
    <ddd>82</ddd>
    <siafi>2785</siafi>
  </cep>
  <cep>
    <cep>57046-392</cep>
    <logradouro>Rua Juazeiro</logradouro>
    <complemento>(Res San Nícolas)</complemento>
    <unidade/>
    <bairro>Serraria</bairro>
    <localidade>Maceió</localidade>
    <uf>AL</uf>
    <estado>Alagoas</estado>
    <região/>
    <ibge>2704302</ibge>
    <gia/>
    <ddd>82</ddd>
    <siafi>2785</siafi>
  </cep>
  <cep>
    <cep>57046-566</cep>
    <logradouro>Rua Celina Maria Paes Barreto e Mendes</logradouro>
    <complemento/>
    <unidade/>
    <bairro>Serraria</bairro>
    <localidade>Maceió</localidade>
    <uf>AL</uf>
    <estado>Alagoas</estado>
    <região/>
    <ibge>2704302</ibge>
    <gia/>
    <ddd>82</ddd>
    <siafi>2785</siafi>
  </cep>
  <cep>
    <cep>57046-470</cep>
    <logradouro>Rua dos Tupis</logradouro>
    <complemento/>
    <unidade/>
    <bairro>Serraria</bairro>
    <localidade>Maceió</localidade>
    <uf>AL</uf>
    <estado>Alagoas</estado>
    <região/>
    <ibge>2704302</ibge>
    <gia/>
    <ddd>82</ddd>
    <siafi>2785</siafi>
  </cep>
  <cep>
    <cep>57046-393</cep>
    <logradouro>Rua Craibeiras</logradouro>
    <complemento>(Res San Nícolas)</complemento>
    <unidade/>
    <bairro>Serraria</bairro>
    <localidade>Maceió</localidade>
    <uf>AL</uf>
    <estado>Alagoas</estado>
    <região/>
    <ibge>2704302</ibge>
    <gia/>
    <ddd>82</ddd>
    <siafi>2785</siafi>
  </cep>
  <cep>
    <cep>57048-086</cep>
    <logradouro>Rua Escritora Anilda Leão Moliterno</logradouro>
    <complemento/>
    <unidade/>
    <bairro>Antares</bairro>
    <localidade>Maceió</localidade>
    <uf>AL</uf>
    <estado>Alagoas</estado>
    <região/>
    <ibge>2704302</ibge>
    <gia/>
    <ddd>82</ddd>
    <siafi>2785</siafi>
  </cep>
  <cep>
    <cep>57048-041</cep>
    <logradouro>Rua Nilo Moraes Amorim</logradouro>
    <complemento/>
    <unidade/>
    <bairro>Antares</bairro>
    <localidade>Maceió</localidade>
    <uf>AL</uf>
    <estado>Alagoas</estado>
    <região/>
    <ibge>2704302</ibge>
    <gia/>
    <ddd>82</ddd>
    <siafi>2785</siafi>
  </cep>
  <cep>
    <cep>57048-090</cep>
    <logradouro>Rua Maria José Barbosa Romeiro</logradouro>
    <complemento/>
    <unidade/>
    <bairro>Antares</bairro>
    <localidade>Maceió</localidade>
    <uf>AL</uf>
    <estado>Alagoas</estado>
    <região/>
    <ibge>2704302</ibge>
    <gia/>
    <ddd>82</ddd>
    <siafi>2785</siafi>
  </cep>
  <cep>
    <cep>57046-698</cep>
    <logradouro>Rua Projetada J</logradouro>
    <complemento>(Lot Carajás II)</complemento>
    <unidade/>
    <bairro>Serraria</bairro>
    <localidade>Maceió</localidade>
    <uf>AL</uf>
    <estado>Alagoas</estado>
    <região/>
    <ibge>2704302</ibge>
    <gia/>
    <ddd>82</ddd>
    <siafi>2785</siafi>
  </cep>
  <cep>
    <cep>57046-568</cep>
    <logradouro>Rua Doutor José Luiz Jardim Pedrosa</logradouro>
    <complemento/>
    <unidade/>
    <bairro>Serraria</bairro>
    <localidade>Maceió</localidade>
    <uf>AL</uf>
    <estado>Alagoas</estado>
    <região/>
    <ibge>2704302</ibge>
    <gia/>
    <ddd>82</ddd>
    <siafi>2785</siafi>
  </cep>
  <cep>
    <cep>57048-096</cep>
    <logradouro>Rua Kleber Barros de Oliveira</logradouro>
    <complemento/>
    <unidade/>
    <bairro>Antares</bairro>
    <localidade>Maceió</localidade>
    <uf>AL</uf>
    <estado>Alagoas</estado>
    <região/>
    <ibge>2704302</ibge>
    <gia/>
    <ddd>82</ddd>
    <siafi>2785</siafi>
  </cep>
  <cep>
    <cep>57048-100</cep>
    <logradouro>Rua Cláudio de Amorim Camerino</logradouro>
    <complemento/>
    <unidade/>
    <bairro>Antares</bairro>
    <localidade>Maceió</localidade>
    <uf>AL</uf>
    <estado>Alagoas</estado>
    <região/>
    <ibge>2704302</ibge>
    <gia/>
    <ddd>82</ddd>
    <siafi>2785</siafi>
  </cep>
  <cep>
    <cep>57048-098</cep>
    <logradouro>Rua Josenilda Rogério da Silva</logradouro>
    <complemento/>
    <unidade/>
    <bairro>Antares</bairro>
    <localidade>Maceió</localidade>
    <uf>AL</uf>
    <estado>Alagoas</estado>
    <região/>
    <ibge>2704302</ibge>
    <gia/>
    <ddd>82</ddd>
    <siafi>2785</siafi>
  </cep>
  <cep>
    <cep>57048-102</cep>
    <logradouro>Rua Helena Azevedo Menezes</logradouro>
    <complemento/>
    <unidade/>
    <bairro>Antares</bairro>
    <localidade>Maceió</localidade>
    <uf>AL</uf>
    <estado>Alagoas</estado>
    <região/>
    <ibge>2704302</ibge>
    <gia/>
    <ddd>82</ddd>
    <siafi>2785</siafi>
  </cep>
  <cep>
    <cep>57048-108</cep>
    <logradouro>Rua Regis Reyner Cansanção Mota</logradouro>
    <complemento/>
    <unidade/>
    <bairro>Antares</bairro>
    <localidade>Maceió</localidade>
    <uf>AL</uf>
    <estado>Alagoas</estado>
    <região/>
    <ibge>2704302</ibge>
    <gia/>
    <ddd>82</ddd>
    <siafi>2785</siafi>
  </cep>
  <cep>
    <cep>57048-104</cep>
    <logradouro>Rua Anacleto Soares da Silva</logradouro>
    <complemento/>
    <unidade/>
    <bairro>Antares</bairro>
    <localidade>Maceió</localidade>
    <uf>AL</uf>
    <estado>Alagoas</estado>
    <região/>
    <ibge>2704302</ibge>
    <gia/>
    <ddd>82</ddd>
    <siafi>2785</siafi>
  </cep>
  <cep>
    <cep>57048-109</cep>
    <logradouro>Rua Suboficial Jurandir Novais de Medeiros</logradouro>
    <complemento>(Res Jardim Europa)</complemento>
    <unidade/>
    <bairro>Antares</bairro>
    <localidade>Maceió</localidade>
    <uf>AL</uf>
    <estado>Alagoas</estado>
    <região/>
    <ibge>2704302</ibge>
    <gia/>
    <ddd>82</ddd>
    <siafi>2785</siafi>
  </cep>
  <cep>
    <cep>57048-110</cep>
    <logradouro>Rua Escritor Fernando Galvão Pontes</logradouro>
    <complemento>(Res Jardim Europa)</complemento>
    <unidade/>
    <bairro>Antares</bairro>
    <localidade>Maceió</localidade>
    <uf>AL</uf>
    <estado>Alagoas</estado>
    <região/>
    <ibge>2704302</ibge>
    <gia/>
    <ddd>82</ddd>
    <siafi>2785</siafi>
  </cep>
  <cep>
    <cep>57048-111</cep>
    <logradouro>Rua Empresário José Avelino Torres</logradouro>
    <complemento>(Res Jardim Europa)</complemento>
    <unidade/>
    <bairro>Antares</bairro>
    <localidade>Maceió</localidade>
    <uf>AL</uf>
    <estado>Alagoas</estado>
    <região/>
    <ibge>2704302</ibge>
    <gia/>
    <ddd>82</ddd>
    <siafi>2785</siafi>
  </cep>
  <cep>
    <cep>57048-106</cep>
    <logradouro>Rua José João de Moura</logradouro>
    <complemento/>
    <unidade/>
    <bairro>Antares</bairro>
    <localidade>Maceió</localidade>
    <uf>AL</uf>
    <estado>Alagoas</estado>
    <região/>
    <ibge>2704302</ibge>
    <gia/>
    <ddd>82</ddd>
    <siafi>2785</siafi>
  </cep>
  <cep>
    <cep>57048-112</cep>
    <logradouro>Rua José Clemente da Silva</logradouro>
    <complemento>(Res Jardim Europa)</complemento>
    <unidade/>
    <bairro>Antares</bairro>
    <localidade>Maceió</localidade>
    <uf>AL</uf>
    <estado>Alagoas</estado>
    <região/>
    <ibge>2704302</ibge>
    <gia/>
    <ddd>82</ddd>
    <siafi>2785</siafi>
  </cep>
  <cep>
    <cep>57048-114</cep>
    <logradouro>Rua Empresário José Fernandes Mequita Tenório</logradouro>
    <complemento>(Res Jardim Europa)</complemento>
    <unidade/>
    <bairro>Antares</bairro>
    <localidade>Maceió</localidade>
    <uf>AL</uf>
    <estado>Alagoas</estado>
    <região/>
    <ibge>2704302</ibge>
    <gia/>
    <ddd>82</ddd>
    <siafi>2785</siafi>
  </cep>
  <cep>
    <cep>57048-116</cep>
    <logradouro>Rua Marcelo Lopes de Lima</logradouro>
    <complemento>(Res Jardim Europa)</complemento>
    <unidade/>
    <bairro>Antares</bairro>
    <localidade>Maceió</localidade>
    <uf>AL</uf>
    <estado>Alagoas</estado>
    <região/>
    <ibge>2704302</ibge>
    <gia/>
    <ddd>82</ddd>
    <siafi>2785</siafi>
  </cep>
  <cep>
    <cep>57048-151</cep>
    <logradouro>Rua Doutor Elísio Alves Peroba</logradouro>
    <complemento/>
    <unidade/>
    <bairro>Antares</bairro>
    <localidade>Maceió</localidade>
    <uf>AL</uf>
    <estado>Alagoas</estado>
    <região/>
    <ibge>2704302</ibge>
    <gia/>
    <ddd>82</ddd>
    <siafi>2785</siafi>
  </cep>
  <cep>
    <cep>57048-120</cep>
    <logradouro>Rua Empresário Antônio de Oliveira Melo</logradouro>
    <complemento>(Res Jardim Europa)</complemento>
    <unidade/>
    <bairro>Antares</bairro>
    <localidade>Maceió</localidade>
    <uf>AL</uf>
    <estado>Alagoas</estado>
    <região/>
    <ibge>2704302</ibge>
    <gia/>
    <ddd>82</ddd>
    <siafi>2785</siafi>
  </cep>
  <cep>
    <cep>57048-179</cep>
    <logradouro>Rua em Projeto P</logradouro>
    <complemento>(Lot Casa Forte)</complemento>
    <unidade/>
    <bairro>Antares</bairro>
    <localidade>Maceió</localidade>
    <uf>AL</uf>
    <estado>Alagoas</estado>
    <região/>
    <ibge>2704302</ibge>
    <gia/>
    <ddd>82</ddd>
    <siafi>2785</siafi>
  </cep>
  <cep>
    <cep>57048-400</cep>
    <logradouro>Rua Frederico Guilherme Borch</logradouro>
    <complemento/>
    <unidade/>
    <bairro>Antares</bairro>
    <localidade>Maceió</localidade>
    <uf>AL</uf>
    <estado>Alagoas</estado>
    <região/>
    <ibge>2704302</ibge>
    <gia/>
    <ddd>82</ddd>
    <siafi>2785</siafi>
  </cep>
  <cep>
    <cep>57048-122</cep>
    <logradouro>Rua Senhora Laura Paiva Wanderley Duarte</logradouro>
    <complemento>(Res Jardim Europa)</complemento>
    <unidade/>
    <bairro>Antares</bairro>
    <localidade>Maceió</localidade>
    <uf>AL</uf>
    <estado>Alagoas</estado>
    <região/>
    <ibge>2704302</ibge>
    <gia/>
    <ddd>82</ddd>
    <siafi>2785</siafi>
  </cep>
  <cep>
    <cep>57048-152</cep>
    <logradouro>Rua Lenira Marques Barreto</logradouro>
    <complemento/>
    <unidade/>
    <bairro>Antares</bairro>
    <localidade>Maceió</localidade>
    <uf>AL</uf>
    <estado>Alagoas</estado>
    <região/>
    <ibge>2704302</ibge>
    <gia/>
    <ddd>82</ddd>
    <siafi>2785</siafi>
  </cep>
  <cep>
    <cep>57048-404</cep>
    <logradouro>Rua Vereador Claudio Farias</logradouro>
    <complemento/>
    <unidade/>
    <bairro>Antares</bairro>
    <localidade>Maceió</localidade>
    <uf>AL</uf>
    <estado>Alagoas</estado>
    <região/>
    <ibge>2704302</ibge>
    <gia/>
    <ddd>82</ddd>
    <siafi>2785</siafi>
  </cep>
  <cep>
    <cep>57048-402</cep>
    <logradouro>Rua Maria Amélia Peixoto Patury Galvão</logradouro>
    <complemento/>
    <unidade/>
    <bairro>Antares</bairro>
    <localidade>Maceió</localidade>
    <uf>AL</uf>
    <estado>Alagoas</estado>
    <região/>
    <ibge>2704302</ibge>
    <gia/>
    <ddd>82</ddd>
    <siafi>2785</siafi>
  </cep>
  <cep>
    <cep>57048-406</cep>
    <logradouro>Rua Vereadora Jarede Viana</logradouro>
    <complemento/>
    <unidade/>
    <bairro>Antares</bairro>
    <localidade>Maceió</localidade>
    <uf>AL</uf>
    <estado>Alagoas</estado>
    <região/>
    <ibge>2704302</ibge>
    <gia/>
    <ddd>82</ddd>
    <siafi>2785</siafi>
  </cep>
  <cep>
    <cep>57048-820</cep>
    <logradouro>Rua José Alves de Oliveira</logradouro>
    <complemento/>
    <unidade/>
    <bairro>Antares</bairro>
    <localidade>Maceió</localidade>
    <uf>AL</uf>
    <estado>Alagoas</estado>
    <região/>
    <ibge>2704302</ibge>
    <gia/>
    <ddd>82</ddd>
    <siafi>2785</siafi>
  </cep>
  <cep>
    <cep>57050-095</cep>
    <logradouro>Rua Hugo Jobim</logradouro>
    <complemento>até 38 - lado par</complemento>
    <unidade/>
    <bairro>Farol</bairro>
    <localidade>Maceió</localidade>
    <uf>AL</uf>
    <estado>Alagoas</estado>
    <região/>
    <ibge>2704302</ibge>
    <gia/>
    <ddd>82</ddd>
    <siafi>2785</siafi>
  </cep>
  <cep>
    <cep>57051-466</cep>
    <logradouro>5ª Travessa Manoel Barbosa Calheiros</logradouro>
    <complemento/>
    <unidade/>
    <bairro>Farol</bairro>
    <localidade>Maceió</localidade>
    <uf>AL</uf>
    <estado>Alagoas</estado>
    <região/>
    <ibge>2704302</ibge>
    <gia/>
    <ddd>82</ddd>
    <siafi>2785</siafi>
  </cep>
  <cep>
    <cep>57052-401</cep>
    <logradouro>Rua Coronel Murilo Otávio de Barros</logradouro>
    <complemento>lado ímpar</complemento>
    <unidade/>
    <bairro>Gruta de Lourdes</bairro>
    <localidade>Maceió</localidade>
    <uf>AL</uf>
    <estado>Alagoas</estado>
    <região/>
    <ibge>2704302</ibge>
    <gia/>
    <ddd>82</ddd>
    <siafi>2785</siafi>
  </cep>
  <cep>
    <cep>57052-720</cep>
    <logradouro>Rua Arquiteto Asdrúbal Sarmento</logradouro>
    <complemento/>
    <unidade/>
    <bairro>Gruta de Lourdes</bairro>
    <localidade>Maceió</localidade>
    <uf>AL</uf>
    <estado>Alagoas</estado>
    <região/>
    <ibge>2704302</ibge>
    <gia/>
    <ddd>82</ddd>
    <siafi>2785</siafi>
  </cep>
  <cep>
    <cep>57052-350</cep>
    <logradouro>Rua São Domingos</logradouro>
    <complemento/>
    <unidade/>
    <bairro>Pitanguinha</bairro>
    <localidade>Maceió</localidade>
    <uf>AL</uf>
    <estado>Alagoas</estado>
    <região/>
    <ibge>2704302</ibge>
    <gia/>
    <ddd>82</ddd>
    <siafi>2785</siafi>
  </cep>
  <cep>
    <cep>57055-500</cep>
    <logradouro>Rua Luiz de Cerqueira Cotrim</logradouro>
    <complemento/>
    <unidade/>
    <bairro>Pinheiro</bairro>
    <localidade>Maceió</localidade>
    <uf>AL</uf>
    <estado>Alagoas</estado>
    <região/>
    <ibge>2704302</ibge>
    <gia/>
    <ddd>82</ddd>
    <siafi>2785</siafi>
  </cep>
  <cep>
    <cep>57055-604</cep>
    <logradouro>Travessa Bela Vista</logradouro>
    <complemento>(Gruta do Padre)</complemento>
    <unidade/>
    <bairro>Pinheiro</bairro>
    <localidade>Maceió</localidade>
    <uf>AL</uf>
    <estado>Alagoas</estado>
    <região/>
    <ibge>2704302</ibge>
    <gia/>
    <ddd>82</ddd>
    <siafi>2785</siafi>
  </cep>
  <cep>
    <cep>57055-650</cep>
    <logradouro>Rua Projetada 0862 do Conjunto Divaldo Suruagy</logradouro>
    <complemento>(Conjunto Divaldo Suruagy)</complemento>
    <unidade/>
    <bairro>Pinheiro</bairro>
    <localidade>Maceió</localidade>
    <uf>AL</uf>
    <estado>Alagoas</estado>
    <região/>
    <ibge>2704302</ibge>
    <gia/>
    <ddd>82</ddd>
    <siafi>2785</siafi>
  </cep>
  <cep>
    <cep>57055-090</cep>
    <logradouro>Rua Manoel Leal</logradouro>
    <complemento/>
    <unidade/>
    <bairro>Farol</bairro>
    <localidade>Maceió</localidade>
    <uf>AL</uf>
    <estado>Alagoas</estado>
    <região/>
    <ibge>2704302</ibge>
    <gia/>
    <ddd>82</ddd>
    <siafi>2785</siafi>
  </cep>
  <cep>
    <cep>57052-607</cep>
    <logradouro>Rua Professor Aldo Cardoso</logradouro>
    <complemento/>
    <unidade/>
    <bairro>Gruta de Lourdes</bairro>
    <localidade>Maceió</localidade>
    <uf>AL</uf>
    <estado>Alagoas</estado>
    <região/>
    <ibge>2704302</ibge>
    <gia/>
    <ddd>82</ddd>
    <siafi>2785</siafi>
  </cep>
  <cep>
    <cep>57051-590</cep>
    <logradouro>Rua Santa Cruz</logradouro>
    <complemento/>
    <unidade/>
    <bairro>Farol</bairro>
    <localidade>Maceió</localidade>
    <uf>AL</uf>
    <estado>Alagoas</estado>
    <região/>
    <ibge>2704302</ibge>
    <gia/>
    <ddd>82</ddd>
    <siafi>2785</siafi>
  </cep>
  <cep>
    <cep>57052-625</cep>
    <logradouro>Rua João Norberto de Lima</logradouro>
    <complemento/>
    <unidade/>
    <bairro>Gruta de Lourdes</bairro>
    <localidade>Maceió</localidade>
    <uf>AL</uf>
    <estado>Alagoas</estado>
    <região/>
    <ibge>2704302</ibge>
    <gia/>
    <ddd>82</ddd>
    <siafi>2785</siafi>
  </cep>
  <cep>
    <cep>57055-845</cep>
    <logradouro>Travessa Penedo</logradouro>
    <complemento/>
    <unidade/>
    <bairro>Pinheiro</bairro>
    <localidade>Maceió</localidade>
    <uf>AL</uf>
    <estado>Alagoas</estado>
    <região/>
    <ibge>2704302</ibge>
    <gia/>
    <ddd>82</ddd>
    <siafi>2785</siafi>
  </cep>
  <cep>
    <cep>57057-130</cep>
    <logradouro>Rua da Lira</logradouro>
    <complemento>lado par</complemento>
    <unidade/>
    <bairro>Pinheiro</bairro>
    <localidade>Maceió</localidade>
    <uf>AL</uf>
    <estado>Alagoas</estado>
    <região/>
    <ibge>2704302</ibge>
    <gia/>
    <ddd>82</ddd>
    <siafi>2785</siafi>
  </cep>
  <cep>
    <cep>57052-344</cep>
    <logradouro>2ª Travessa Reginaldo</logradouro>
    <complemento/>
    <unidade/>
    <bairro>Pitanguinha</bairro>
    <localidade>Maceió</localidade>
    <uf>AL</uf>
    <estado>Alagoas</estado>
    <região/>
    <ibge>2704302</ibge>
    <gia/>
    <ddd>82</ddd>
    <siafi>2785</siafi>
  </cep>
  <cep>
    <cep>57060-086</cep>
    <logradouro>3ª Travessa da Floresta</logradouro>
    <complemento/>
    <unidade/>
    <bairro>Tabuleiro do Martins</bairro>
    <localidade>Maceió</localidade>
    <uf>AL</uf>
    <estado>Alagoas</estado>
    <região/>
    <ibge>2704302</ibge>
    <gia/>
    <ddd>82</ddd>
    <siafi>2785</siafi>
  </cep>
  <cep>
    <cep>57057-400</cep>
    <logradouro>Rua Paulo de Andrade Joazeiro</logradouro>
    <complemento/>
    <unidade/>
    <bairro>Pinheiro</bairro>
    <localidade>Maceió</localidade>
    <uf>AL</uf>
    <estado>Alagoas</estado>
    <região/>
    <ibge>2704302</ibge>
    <gia/>
    <ddd>82</ddd>
    <siafi>2785</siafi>
  </cep>
  <cep>
    <cep>57057-132</cep>
    <logradouro>Rua Anahy</logradouro>
    <complemento/>
    <unidade/>
    <bairro>Pinheiro</bairro>
    <localidade>Maceió</localidade>
    <uf>AL</uf>
    <estado>Alagoas</estado>
    <região/>
    <ibge>2704302</ibge>
    <gia/>
    <ddd>82</ddd>
    <siafi>2785</siafi>
  </cep>
  <cep>
    <cep>57060-125</cep>
    <logradouro>Rua Esperança</logradouro>
    <complemento/>
    <unidade/>
    <bairro>Tabuleiro do Martins</bairro>
    <localidade>Maceió</localidade>
    <uf>AL</uf>
    <estado>Alagoas</estado>
    <região/>
    <ibge>2704302</ibge>
    <gia/>
    <ddd>82</ddd>
    <siafi>2785</siafi>
  </cep>
  <cep>
    <cep>57060-731</cep>
    <logradouro>2ª Rua Santo Antônio</logradouro>
    <complemento>(Lot São Geraldo)</complemento>
    <unidade/>
    <bairro>Tabuleiro do Martins</bairro>
    <localidade>Maceió</localidade>
    <uf>AL</uf>
    <estado>Alagoas</estado>
    <região/>
    <ibge>2704302</ibge>
    <gia/>
    <ddd>82</ddd>
    <siafi>2785</siafi>
  </cep>
  <cep>
    <cep>57051-445</cep>
    <logradouro>2ª Travessa Diegues Júnior</logradouro>
    <complemento>(Paraguaçu)</complemento>
    <unidade/>
    <bairro>Farol</bairro>
    <localidade>Maceió</localidade>
    <uf>AL</uf>
    <estado>Alagoas</estado>
    <região/>
    <ibge>2704302</ibge>
    <gia/>
    <ddd>82</ddd>
    <siafi>2785</siafi>
  </cep>
  <cep>
    <cep>57061-654</cep>
    <logradouro>Rua Campo dos Pardais</logradouro>
    <complemento/>
    <unidade/>
    <bairro>Tabuleiro do Martins</bairro>
    <localidade>Maceió</localidade>
    <uf>AL</uf>
    <estado>Alagoas</estado>
    <região/>
    <ibge>2704302</ibge>
    <gia/>
    <ddd>82</ddd>
    <siafi>2785</siafi>
  </cep>
  <cep>
    <cep>57061-104</cep>
    <logradouro>Beco João Calheiros</logradouro>
    <complemento/>
    <unidade/>
    <bairro>Tabuleiro do Martins</bairro>
    <localidade>Maceió</localidade>
    <uf>AL</uf>
    <estado>Alagoas</estado>
    <região/>
    <ibge>2704302</ibge>
    <gia/>
    <ddd>82</ddd>
    <siafi>2785</siafi>
  </cep>
  <cep>
    <cep>57052-348</cep>
    <logradouro>Travessa Martins Murta</logradouro>
    <complemento/>
    <unidade/>
    <bairro>Pitanguinha</bairro>
    <localidade>Maceió</localidade>
    <uf>AL</uf>
    <estado>Alagoas</estado>
    <região/>
    <ibge>2704302</ibge>
    <gia/>
    <ddd>82</ddd>
    <siafi>2785</siafi>
  </cep>
  <cep>
    <cep>57062-330</cep>
    <logradouro>Alameda Júlio Leite</logradouro>
    <complemento/>
    <unidade/>
    <bairro>Petrópolis</bairro>
    <localidade>Maceió</localidade>
    <uf>AL</uf>
    <estado>Alagoas</estado>
    <região/>
    <ibge>2704302</ibge>
    <gia/>
    <ddd>82</ddd>
    <siafi>2785</siafi>
  </cep>
  <cep>
    <cep>57057-680</cep>
    <logradouro>Rua Euclides José Leite</logradouro>
    <complemento/>
    <unidade/>
    <bairro>Pinheiro</bairro>
    <localidade>Maceió</localidade>
    <uf>AL</uf>
    <estado>Alagoas</estado>
    <região/>
    <ibge>2704302</ibge>
    <gia/>
    <ddd>82</ddd>
    <siafi>2785</siafi>
  </cep>
  <cep>
    <cep>57062-423</cep>
    <logradouro>Alameda Secundária D1</logradouro>
    <complemento/>
    <unidade/>
    <bairro>Petrópolis</bairro>
    <localidade>Maceió</localidade>
    <uf>AL</uf>
    <estado>Alagoas</estado>
    <região/>
    <ibge>2704302</ibge>
    <gia/>
    <ddd>82</ddd>
    <siafi>2785</siafi>
  </cep>
  <cep>
    <cep>57062-468</cep>
    <logradouro>Rua Rafaela Omena</logradouro>
    <complemento>(Lot Jardinópolis)</complemento>
    <unidade/>
    <bairro>Petrópolis</bairro>
    <localidade>Maceió</localidade>
    <uf>AL</uf>
    <estado>Alagoas</estado>
    <região/>
    <ibge>2704302</ibge>
    <gia/>
    <ddd>82</ddd>
    <siafi>2785</siafi>
  </cep>
  <cep>
    <cep>57062-421</cep>
    <logradouro>Alameda G-1</logradouro>
    <complemento/>
    <unidade/>
    <bairro>Petrópolis</bairro>
    <localidade>Maceió</localidade>
    <uf>AL</uf>
    <estado>Alagoas</estado>
    <região/>
    <ibge>2704302</ibge>
    <gia/>
    <ddd>82</ddd>
    <siafi>2785</siafi>
  </cep>
  <cep>
    <cep>57051-450</cep>
    <logradouro>Travessa Diegues Júnior</logradouro>
    <complemento/>
    <unidade/>
    <bairro>Farol</bairro>
    <localidade>Maceió</localidade>
    <uf>AL</uf>
    <estado>Alagoas</estado>
    <região/>
    <ibge>2704302</ibge>
    <gia/>
    <ddd>82</ddd>
    <siafi>2785</siafi>
  </cep>
  <cep>
    <cep>57055-570</cep>
    <logradouro>Rua Santo Amaro</logradouro>
    <complemento/>
    <unidade/>
    <bairro>Pinheiro</bairro>
    <localidade>Maceió</localidade>
    <uf>AL</uf>
    <estado>Alagoas</estado>
    <região/>
    <ibge>2704302</ibge>
    <gia/>
    <ddd>82</ddd>
    <siafi>2785</siafi>
  </cep>
  <cep>
    <cep>57055-840</cep>
    <logradouro>Rua Penedo</logradouro>
    <complemento/>
    <unidade/>
    <bairro>Pinheiro</bairro>
    <localidade>Maceió</localidade>
    <uf>AL</uf>
    <estado>Alagoas</estado>
    <região/>
    <ibge>2704302</ibge>
    <gia/>
    <ddd>82</ddd>
    <siafi>2785</siafi>
  </cep>
  <cep>
    <cep>57063-060</cep>
    <logradouro>Rua em Projeto A</logradouro>
    <complemento>(Lot Santa Amélia)</complemento>
    <unidade/>
    <bairro>Santa Amélia</bairro>
    <localidade>Maceió</localidade>
    <uf>AL</uf>
    <estado>Alagoas</estado>
    <região/>
    <ibge>2704302</ibge>
    <gia/>
    <ddd>82</ddd>
    <siafi>2785</siafi>
  </cep>
  <cep>
    <cep>57070-440</cep>
    <logradouro>Estrada das Goiabeiras</logradouro>
    <complemento/>
    <unidade/>
    <bairro>Fernão Velho</bairro>
    <localidade>Maceió</localidade>
    <uf>AL</uf>
    <estado>Alagoas</estado>
    <região/>
    <ibge>2704302</ibge>
    <gia/>
    <ddd>82</ddd>
    <siafi>2785</siafi>
  </cep>
  <cep>
    <cep>57070-480</cep>
    <logradouro>Rua da Estação</logradouro>
    <complemento>(Vila ABC)</complemento>
    <unidade/>
    <bairro>Fernão Velho</bairro>
    <localidade>Maceió</localidade>
    <uf>AL</uf>
    <estado>Alagoas</estado>
    <região/>
    <ibge>2704302</ibge>
    <gia/>
    <ddd>82</ddd>
    <siafi>2785</siafi>
  </cep>
  <cep>
    <cep>57052-696</cep>
    <logradouro>Travessa Doutor Abelardo Pontes Lima</logradouro>
    <complemento/>
    <unidade/>
    <bairro>Gruta de Lourdes</bairro>
    <localidade>Maceió</localidade>
    <uf>AL</uf>
    <estado>Alagoas</estado>
    <região/>
    <ibge>2704302</ibge>
    <gia/>
    <ddd>82</ddd>
    <siafi>2785</siafi>
  </cep>
  <cep>
    <cep>57052-025</cep>
    <logradouro>Rua Oldemburgo da Silva Paranhos</logradouro>
    <complemento>até 180 - lado par</complemento>
    <unidade/>
    <bairro>Pitanguinha</bairro>
    <localidade>Maceió</localidade>
    <uf>AL</uf>
    <estado>Alagoas</estado>
    <região/>
    <ibge>2704302</ibge>
    <gia/>
    <ddd>82</ddd>
    <siafi>2785</siafi>
  </cep>
  <cep>
    <cep>57060-618</cep>
    <logradouro>5ª Travessa São Bento</logradouro>
    <complemento/>
    <unidade/>
    <bairro>Tabuleiro do Martins</bairro>
    <localidade>Maceió</localidade>
    <uf>AL</uf>
    <estado>Alagoas</estado>
    <região/>
    <ibge>2704302</ibge>
    <gia/>
    <ddd>82</ddd>
    <siafi>2785</siafi>
  </cep>
  <cep>
    <cep>57070-075</cep>
    <logradouro>Rua Artur Machado</logradouro>
    <complemento/>
    <unidade/>
    <bairro>Fernão Velho</bairro>
    <localidade>Maceió</localidade>
    <uf>AL</uf>
    <estado>Alagoas</estado>
    <região/>
    <ibge>2704302</ibge>
    <gia/>
    <ddd>82</ddd>
    <siafi>2785</siafi>
  </cep>
  <cep>
    <cep>57052-095</cep>
    <logradouro>Rua Hugo Jobim</logradouro>
    <complemento>até 35 - lado ímpar</complemento>
    <unidade/>
    <bairro>Pitanguinha</bairro>
    <localidade>Maceió</localidade>
    <uf>AL</uf>
    <estado>Alagoas</estado>
    <região/>
    <ibge>2704302</ibge>
    <gia/>
    <ddd>82</ddd>
    <siafi>2785</siafi>
  </cep>
  <cep>
    <cep>57070-490</cep>
    <logradouro>Rua do Braço Frio</logradouro>
    <complemento/>
    <unidade/>
    <bairro>Fernão Velho</bairro>
    <localidade>Maceió</localidade>
    <uf>AL</uf>
    <estado>Alagoas</estado>
    <região/>
    <ibge>2704302</ibge>
    <gia/>
    <ddd>82</ddd>
    <siafi>2785</siafi>
  </cep>
  <cep>
    <cep>57052-820</cep>
    <logradouro>Rua Cedro</logradouro>
    <complemento/>
    <unidade/>
    <bairro>Gruta de Lourdes</bairro>
    <localidade>Maceió</localidade>
    <uf>AL</uf>
    <estado>Alagoas</estado>
    <região/>
    <ibge>2704302</ibge>
    <gia/>
    <ddd>82</ddd>
    <siafi>2785</siafi>
  </cep>
  <cep>
    <cep>57061-650</cep>
    <logradouro>Rua Judson Roosevelt Cabral</logradouro>
    <complemento/>
    <unidade/>
    <bairro>Tabuleiro do Martins</bairro>
    <localidade>Maceió</localidade>
    <uf>AL</uf>
    <estado>Alagoas</estado>
    <região/>
    <ibge>2704302</ibge>
    <gia/>
    <ddd>82</ddd>
    <siafi>2785</siafi>
  </cep>
  <cep>
    <cep>57062-800</cep>
    <logradouro>Rua Santo Amaro</logradouro>
    <complemento/>
    <unidade/>
    <bairro>Santo Amaro</bairro>
    <localidade>Maceió</localidade>
    <uf>AL</uf>
    <estado>Alagoas</estado>
    <região/>
    <ibge>2704302</ibge>
    <gia/>
    <ddd>82</ddd>
    <siafi>2785</siafi>
  </cep>
  <cep>
    <cep>57062-654</cep>
    <logradouro>Rua 15-A</logradouro>
    <complemento>(Cj João Sampaio I)</complemento>
    <unidade/>
    <bairro>Petrópolis</bairro>
    <localidade>Maceió</localidade>
    <uf>AL</uf>
    <estado>Alagoas</estado>
    <região/>
    <ibge>2704302</ibge>
    <gia/>
    <ddd>82</ddd>
    <siafi>2785</siafi>
  </cep>
  <cep>
    <cep>57055-612</cep>
    <logradouro>Rua Clementino do Monte</logradouro>
    <complemento/>
    <unidade/>
    <bairro>Pinheiro</bairro>
    <localidade>Maceió</localidade>
    <uf>AL</uf>
    <estado>Alagoas</estado>
    <região/>
    <ibge>2704302</ibge>
    <gia/>
    <ddd>82</ddd>
    <siafi>2785</siafi>
  </cep>
  <cep>
    <cep>57070-340</cep>
    <logradouro>Rua Doutor Edvaldo Crispim</logradouro>
    <complemento/>
    <unidade/>
    <bairro>Fernão Velho</bairro>
    <localidade>Maceió</localidade>
    <uf>AL</uf>
    <estado>Alagoas</estado>
    <região/>
    <ibge>2704302</ibge>
    <gia/>
    <ddd>82</ddd>
    <siafi>2785</siafi>
  </cep>
  <cep>
    <cep>57070-509</cep>
    <logradouro>Quadra A</logradouro>
    <complemento>(Lot Alto Boa Vista)</complemento>
    <unidade/>
    <bairro>Rio Novo</bairro>
    <localidade>Maceió</localidade>
    <uf>AL</uf>
    <estado>Alagoas</estado>
    <região/>
    <ibge>2704302</ibge>
    <gia/>
    <ddd>82</ddd>
    <siafi>2785</siafi>
  </cep>
  <cep>
    <cep>57057-658</cep>
    <logradouro>Rua São Paulo</logradouro>
    <complemento>(Lot Jardim Alagoas)</complemento>
    <unidade/>
    <bairro>Pinheiro</bairro>
    <localidade>Maceió</localidade>
    <uf>AL</uf>
    <estado>Alagoas</estado>
    <região/>
    <ibge>2704302</ibge>
    <gia/>
    <ddd>82</ddd>
    <siafi>2785</siafi>
  </cep>
  <cep>
    <cep>57063-214</cep>
    <logradouro>Alameda B9</logradouro>
    <complemento>(Lot Jd Petropolis II E)</complemento>
    <unidade/>
    <bairro>Santa Amélia</bairro>
    <localidade>Maceió</localidade>
    <uf>AL</uf>
    <estado>Alagoas</estado>
    <região/>
    <ibge>2704302</ibge>
    <gia/>
    <ddd>82</ddd>
    <siafi>2785</siafi>
  </cep>
  <cep>
    <cep>57060-616</cep>
    <logradouro>4ª Travessa São Bento</logradouro>
    <complemento/>
    <unidade/>
    <bairro>Tabuleiro do Martins</bairro>
    <localidade>Maceió</localidade>
    <uf>AL</uf>
    <estado>Alagoas</estado>
    <região/>
    <ibge>2704302</ibge>
    <gia/>
    <ddd>82</ddd>
    <siafi>2785</siafi>
  </cep>
  <cep>
    <cep>57070-511</cep>
    <logradouro>Quadra B</logradouro>
    <complemento>(Lot Alto Boa Vista)</complemento>
    <unidade/>
    <bairro>Rio Novo</bairro>
    <localidade>Maceió</localidade>
    <uf>AL</uf>
    <estado>Alagoas</estado>
    <região/>
    <ibge>2704302</ibge>
    <gia/>
    <ddd>82</ddd>
    <siafi>2785</siafi>
  </cep>
  <cep>
    <cep>57070-515</cep>
    <logradouro>Rodovia BR 101</logradouro>
    <complemento>Norte</complemento>
    <unidade/>
    <bairro>Rio Novo</bairro>
    <localidade>Maceió</localidade>
    <uf>AL</uf>
    <estado>Alagoas</estado>
    <região/>
    <ibge>2704302</ibge>
    <gia/>
    <ddd>82</ddd>
    <siafi>2785</siafi>
  </cep>
  <cep>
    <cep>57070-516</cep>
    <logradouro>Quadra E</logradouro>
    <complemento>(Lot Alto Boa Vista)</complemento>
    <unidade/>
    <bairro>Rio Novo</bairro>
    <localidade>Maceió</localidade>
    <uf>AL</uf>
    <estado>Alagoas</estado>
    <região/>
    <ibge>2704302</ibge>
    <gia/>
    <ddd>82</ddd>
    <siafi>2785</siafi>
  </cep>
  <cep>
    <cep>57070-717</cep>
    <logradouro>Quadra R</logradouro>
    <complemento>(Lot Rio Novo)</complemento>
    <unidade/>
    <bairro>Rio Novo</bairro>
    <localidade>Maceió</localidade>
    <uf>AL</uf>
    <estado>Alagoas</estado>
    <região/>
    <ibge>2704302</ibge>
    <gia/>
    <ddd>82</ddd>
    <siafi>2785</siafi>
  </cep>
  <cep>
    <cep>57070-592</cep>
    <logradouro>Rua Leonardo Vinicius</logradouro>
    <complemento/>
    <unidade/>
    <bairro>Rio Novo</bairro>
    <localidade>Maceió</localidade>
    <uf>AL</uf>
    <estado>Alagoas</estado>
    <região/>
    <ibge>2704302</ibge>
    <gia/>
    <ddd>82</ddd>
    <siafi>2785</siafi>
  </cep>
  <cep>
    <cep>57070-705</cep>
    <logradouro>Quadra F</logradouro>
    <complemento>(Lot Rio Novo)</complemento>
    <unidade/>
    <bairro>Rio Novo</bairro>
    <localidade>Maceió</localidade>
    <uf>AL</uf>
    <estado>Alagoas</estado>
    <região/>
    <ibge>2704302</ibge>
    <gia/>
    <ddd>82</ddd>
    <siafi>2785</siafi>
  </cep>
  <cep>
    <cep>57071-007</cep>
    <logradouro>5ª Travessa Teotônio Vilela</logradouro>
    <complemento/>
    <unidade/>
    <bairro>Clima Bom</bairro>
    <localidade>Maceió</localidade>
    <uf>AL</uf>
    <estado>Alagoas</estado>
    <região/>
    <ibge>2704302</ibge>
    <gia/>
    <ddd>82</ddd>
    <siafi>2785</siafi>
  </cep>
  <cep>
    <cep>57071-013</cep>
    <logradouro>1ª Travessa Firmo Correia Araújo</logradouro>
    <complemento/>
    <unidade/>
    <bairro>Clima Bom</bairro>
    <localidade>Maceió</localidade>
    <uf>AL</uf>
    <estado>Alagoas</estado>
    <região/>
    <ibge>2704302</ibge>
    <gia/>
    <ddd>82</ddd>
    <siafi>2785</siafi>
  </cep>
  <cep>
    <cep>57070-795</cep>
    <logradouro>Avenida Valdemar Rufino dos Santos</logradouro>
    <complemento>lado par</complemento>
    <unidade/>
    <bairro>Rio Novo</bairro>
    <localidade>Maceió</localidade>
    <uf>AL</uf>
    <estado>Alagoas</estado>
    <região/>
    <ibge>2704302</ibge>
    <gia/>
    <ddd>82</ddd>
    <siafi>2785</siafi>
  </cep>
  <cep>
    <cep>57071-159</cep>
    <logradouro>6ª Travessa Muniz Falcão</logradouro>
    <complemento/>
    <unidade/>
    <bairro>Clima Bom</bairro>
    <localidade>Maceió</localidade>
    <uf>AL</uf>
    <estado>Alagoas</estado>
    <região/>
    <ibge>2704302</ibge>
    <gia/>
    <ddd>82</ddd>
    <siafi>2785</siafi>
  </cep>
  <cep>
    <cep>57071-148</cep>
    <logradouro>6ª Travessa Nossa Senhora da Conceição</logradouro>
    <complemento/>
    <unidade/>
    <bairro>Clima Bom</bairro>
    <localidade>Maceió</localidade>
    <uf>AL</uf>
    <estado>Alagoas</estado>
    <região/>
    <ibge>2704302</ibge>
    <gia/>
    <ddd>82</ddd>
    <siafi>2785</siafi>
  </cep>
  <cep>
    <cep>57071-198</cep>
    <logradouro>1ª Travessa Colibri</logradouro>
    <complemento/>
    <unidade/>
    <bairro>Clima Bom</bairro>
    <localidade>Maceió</localidade>
    <uf>AL</uf>
    <estado>Alagoas</estado>
    <região/>
    <ibge>2704302</ibge>
    <gia/>
    <ddd>82</ddd>
    <siafi>2785</siafi>
  </cep>
  <cep>
    <cep>57071-232</cep>
    <logradouro>Rua Xingó</logradouro>
    <complemento/>
    <unidade/>
    <bairro>Clima Bom</bairro>
    <localidade>Maceió</localidade>
    <uf>AL</uf>
    <estado>Alagoas</estado>
    <região/>
    <ibge>2704302</ibge>
    <gia/>
    <ddd>82</ddd>
    <siafi>2785</siafi>
  </cep>
  <cep>
    <cep>57071-192</cep>
    <logradouro>Rua Márcio Pinto de Araújo</logradouro>
    <complemento/>
    <unidade/>
    <bairro>Clima Bom</bairro>
    <localidade>Maceió</localidade>
    <uf>AL</uf>
    <estado>Alagoas</estado>
    <região/>
    <ibge>2704302</ibge>
    <gia/>
    <ddd>82</ddd>
    <siafi>2785</siafi>
  </cep>
  <cep>
    <cep>57071-264</cep>
    <logradouro>Travessa Epitácio Pessoa</logradouro>
    <complemento/>
    <unidade/>
    <bairro>Clima Bom</bairro>
    <localidade>Maceió</localidade>
    <uf>AL</uf>
    <estado>Alagoas</estado>
    <região/>
    <ibge>2704302</ibge>
    <gia/>
    <ddd>82</ddd>
    <siafi>2785</siafi>
  </cep>
  <cep>
    <cep>57071-736</cep>
    <logradouro>Rua Manoel Gomes</logradouro>
    <complemento/>
    <unidade/>
    <bairro>Clima Bom</bairro>
    <localidade>Maceió</localidade>
    <uf>AL</uf>
    <estado>Alagoas</estado>
    <região/>
    <ibge>2704302</ibge>
    <gia/>
    <ddd>82</ddd>
    <siafi>2785</siafi>
  </cep>
  <cep>
    <cep>57071-382</cep>
    <logradouro>Avenida Walfrido Gerônimo da Rocha</logradouro>
    <complemento/>
    <unidade/>
    <bairro>Clima Bom</bairro>
    <localidade>Maceió</localidade>
    <uf>AL</uf>
    <estado>Alagoas</estado>
    <região/>
    <ibge>2704302</ibge>
    <gia/>
    <ddd>82</ddd>
    <siafi>2785</siafi>
  </cep>
  <cep>
    <cep>57071-874</cep>
    <logradouro>Rua Jordânia</logradouro>
    <complemento/>
    <unidade/>
    <bairro>Clima Bom</bairro>
    <localidade>Maceió</localidade>
    <uf>AL</uf>
    <estado>Alagoas</estado>
    <região/>
    <ibge>2704302</ibge>
    <gia/>
    <ddd>82</ddd>
    <siafi>2785</siafi>
  </cep>
  <cep>
    <cep>57071-884</cep>
    <logradouro>11ª Travessa da Saudade</logradouro>
    <complemento/>
    <unidade/>
    <bairro>Clima Bom</bairro>
    <localidade>Maceió</localidade>
    <uf>AL</uf>
    <estado>Alagoas</estado>
    <região/>
    <ibge>2704302</ibge>
    <gia/>
    <ddd>82</ddd>
    <siafi>2785</siafi>
  </cep>
  <cep>
    <cep>57071-890</cep>
    <logradouro>Avenida Valdemar Rufino dos Santos</logradouro>
    <complemento>lado ímpar</complemento>
    <unidade/>
    <bairro>Clima Bom</bairro>
    <localidade>Maceió</localidade>
    <uf>AL</uf>
    <estado>Alagoas</estado>
    <região/>
    <ibge>2704302</ibge>
    <gia/>
    <ddd>82</ddd>
    <siafi>2785</siafi>
  </cep>
  <cep>
    <cep>57072-016</cep>
    <logradouro>Rua C</logradouro>
    <complemento>(Cj INOCOOP)</complemento>
    <unidade/>
    <bairro>Cidade Universitária</bairro>
    <localidade>Maceió</localidade>
    <uf>AL</uf>
    <estado>Alagoas</estado>
    <região/>
    <ibge>2704302</ibge>
    <gia/>
    <ddd>82</ddd>
    <siafi>2785</siafi>
  </cep>
  <cep>
    <cep>57072-070</cep>
    <logradouro>Rua Augusta Matias do Nascimento</logradouro>
    <complemento/>
    <unidade/>
    <bairro>Cidade Universitária</bairro>
    <localidade>Maceió</localidade>
    <uf>AL</uf>
    <estado>Alagoas</estado>
    <região/>
    <ibge>2704302</ibge>
    <gia/>
    <ddd>82</ddd>
    <siafi>2785</siafi>
  </cep>
  <cep>
    <cep>57072-029</cep>
    <logradouro>Rua M</logradouro>
    <complemento>(Cj INOCOOP)</complemento>
    <unidade/>
    <bairro>Cidade Universitária</bairro>
    <localidade>Maceió</localidade>
    <uf>AL</uf>
    <estado>Alagoas</estado>
    <região/>
    <ibge>2704302</ibge>
    <gia/>
    <ddd>82</ddd>
    <siafi>2785</siafi>
  </cep>
  <cep>
    <cep>57072-090</cep>
    <logradouro>Rua Desportista Cláudio da Rocha Lima</logradouro>
    <complemento/>
    <unidade/>
    <bairro>Cidade Universitária</bairro>
    <localidade>Maceió</localidade>
    <uf>AL</uf>
    <estado>Alagoas</estado>
    <região/>
    <ibge>2704302</ibge>
    <gia/>
    <ddd>82</ddd>
    <siafi>2785</siafi>
  </cep>
  <cep>
    <cep>57072-372</cep>
    <logradouro>Rua D-1</logradouro>
    <complemento>(Cj Eustáquio Gomes 2)</complemento>
    <unidade/>
    <bairro>Cidade Universitária</bairro>
    <localidade>Maceió</localidade>
    <uf>AL</uf>
    <estado>Alagoas</estado>
    <região/>
    <ibge>2704302</ibge>
    <gia/>
    <ddd>82</ddd>
    <siafi>2785</siafi>
  </cep>
  <cep>
    <cep>57072-299</cep>
    <logradouro>Conjunto Oscar Brasileiro</logradouro>
    <complemento/>
    <unidade/>
    <bairro>Cidade Universitária</bairro>
    <localidade>Maceió</localidade>
    <uf>AL</uf>
    <estado>Alagoas</estado>
    <região/>
    <ibge>2704302</ibge>
    <gia/>
    <ddd>82</ddd>
    <siafi>2785</siafi>
  </cep>
  <cep>
    <cep>57072-273</cep>
    <logradouro>Quadra C</logradouro>
    <complemento>(Lot São Caetano II)</complemento>
    <unidade/>
    <bairro>Cidade Universitária</bairro>
    <localidade>Maceió</localidade>
    <uf>AL</uf>
    <estado>Alagoas</estado>
    <região/>
    <ibge>2704302</ibge>
    <gia/>
    <ddd>82</ddd>
    <siafi>2785</siafi>
  </cep>
  <cep>
    <cep>57072-306</cep>
    <logradouro>Avenida Olímpio Faustino</logradouro>
    <complemento/>
    <unidade/>
    <bairro>Cidade Universitária</bairro>
    <localidade>Maceió</localidade>
    <uf>AL</uf>
    <estado>Alagoas</estado>
    <região/>
    <ibge>2704302</ibge>
    <gia/>
    <ddd>82</ddd>
    <siafi>2785</siafi>
  </cep>
  <cep>
    <cep>57073-047</cep>
    <logradouro>Rua 24</logradouro>
    <complemento>(Cj Village Campestre I)</complemento>
    <unidade/>
    <bairro>Cidade Universitária</bairro>
    <localidade>Maceió</localidade>
    <uf>AL</uf>
    <estado>Alagoas</estado>
    <região/>
    <ibge>2704302</ibge>
    <gia/>
    <ddd>82</ddd>
    <siafi>2785</siafi>
  </cep>
  <cep>
    <cep>57072-377</cep>
    <logradouro>Rua Projetada 1306</logradouro>
    <complemento>(Bloco A)</complemento>
    <unidade/>
    <bairro>Cidade Universitária</bairro>
    <localidade>Maceió</localidade>
    <uf>AL</uf>
    <estado>Alagoas</estado>
    <região/>
    <ibge>2704302</ibge>
    <gia/>
    <ddd>82</ddd>
    <siafi>2785</siafi>
  </cep>
  <cep>
    <cep>57072-445</cep>
    <logradouro>Rua Projetada 458</logradouro>
    <complemento>(Lot Jardim Saúde)</complemento>
    <unidade/>
    <bairro>Cidade Universitária</bairro>
    <localidade>Maceió</localidade>
    <uf>AL</uf>
    <estado>Alagoas</estado>
    <região/>
    <ibge>2704302</ibge>
    <gia/>
    <ddd>82</ddd>
    <siafi>2785</siafi>
  </cep>
  <cep>
    <cep>57073-031</cep>
    <logradouro>Rua 10</logradouro>
    <complemento>(Cj Village Campestre I)</complemento>
    <unidade/>
    <bairro>Cidade Universitária</bairro>
    <localidade>Maceió</localidade>
    <uf>AL</uf>
    <estado>Alagoas</estado>
    <região/>
    <ibge>2704302</ibge>
    <gia/>
    <ddd>82</ddd>
    <siafi>2785</siafi>
  </cep>
  <cep>
    <cep>57073-120</cep>
    <logradouro>Rua Maria Vitória Calheiros Gatto</logradouro>
    <complemento/>
    <unidade/>
    <bairro>Cidade Universitária</bairro>
    <localidade>Maceió</localidade>
    <uf>AL</uf>
    <estado>Alagoas</estado>
    <região/>
    <ibge>2704302</ibge>
    <gia/>
    <ddd>82</ddd>
    <siafi>2785</siafi>
  </cep>
  <cep>
    <cep>57073-096</cep>
    <logradouro>Rua 9</logradouro>
    <complemento>(Cj Graciliano Ramos)</complemento>
    <unidade/>
    <bairro>Cidade Universitária</bairro>
    <localidade>Maceió</localidade>
    <uf>AL</uf>
    <estado>Alagoas</estado>
    <região/>
    <ibge>2704302</ibge>
    <gia/>
    <ddd>82</ddd>
    <siafi>2785</siafi>
  </cep>
  <cep>
    <cep>57073-281</cep>
    <logradouro>Rua Nova</logradouro>
    <complemento>(Gama Lins)</complemento>
    <unidade/>
    <bairro>Cidade Universitária</bairro>
    <localidade>Maceió</localidade>
    <uf>AL</uf>
    <estado>Alagoas</estado>
    <região/>
    <ibge>2704302</ibge>
    <gia/>
    <ddd>82</ddd>
    <siafi>2785</siafi>
  </cep>
  <cep>
    <cep>57073-103</cep>
    <logradouro>Condomínio Debora Talita</logradouro>
    <complemento/>
    <unidade/>
    <bairro>Cidade Universitária</bairro>
    <localidade>Maceió</localidade>
    <uf>AL</uf>
    <estado>Alagoas</estado>
    <região/>
    <ibge>2704302</ibge>
    <gia/>
    <ddd>82</ddd>
    <siafi>2785</siafi>
  </cep>
  <cep>
    <cep>57073-086</cep>
    <logradouro>Rua 4</logradouro>
    <complemento>(Cj Graciliano Ramos)</complemento>
    <unidade/>
    <bairro>Cidade Universitária</bairro>
    <localidade>Maceió</localidade>
    <uf>AL</uf>
    <estado>Alagoas</estado>
    <região/>
    <ibge>2704302</ibge>
    <gia/>
    <ddd>82</ddd>
    <siafi>2785</siafi>
  </cep>
  <cep>
    <cep>57073-400</cep>
    <logradouro>Avenida Ator Marques Júnior</logradouro>
    <complemento/>
    <unidade/>
    <bairro>Cidade Universitária</bairro>
    <localidade>Maceió</localidade>
    <uf>AL</uf>
    <estado>Alagoas</estado>
    <região/>
    <ibge>2704302</ibge>
    <gia/>
    <ddd>82</ddd>
    <siafi>2785</siafi>
  </cep>
  <cep>
    <cep>57073-330</cep>
    <logradouro>Rua Lisete Teixeira</logradouro>
    <complemento/>
    <unidade/>
    <bairro>Cidade Universitária</bairro>
    <localidade>Maceió</localidade>
    <uf>AL</uf>
    <estado>Alagoas</estado>
    <região/>
    <ibge>2704302</ibge>
    <gia/>
    <ddd>82</ddd>
    <siafi>2785</siafi>
  </cep>
  <cep>
    <cep>57073-419</cep>
    <logradouro>2ª Travessa Ministro Lindolfo Collor</logradouro>
    <complemento/>
    <unidade/>
    <bairro>Cidade Universitária</bairro>
    <localidade>Maceió</localidade>
    <uf>AL</uf>
    <estado>Alagoas</estado>
    <região/>
    <ibge>2704302</ibge>
    <gia/>
    <ddd>82</ddd>
    <siafi>2785</siafi>
  </cep>
  <cep>
    <cep>57073-325</cep>
    <logradouro>Rua 28</logradouro>
    <complemento>(Cj Graciliano Ramos)</complemento>
    <unidade/>
    <bairro>Cidade Universitária</bairro>
    <localidade>Maceió</localidade>
    <uf>AL</uf>
    <estado>Alagoas</estado>
    <região/>
    <ibge>2704302</ibge>
    <gia/>
    <ddd>82</ddd>
    <siafi>2785</siafi>
  </cep>
  <cep>
    <cep>57073-383</cep>
    <logradouro>Avenida Tancredo Neves</logradouro>
    <complemento>(Cj Village Campestre II)</complemento>
    <unidade/>
    <bairro>Cidade Universitária</bairro>
    <localidade>Maceió</localidade>
    <uf>AL</uf>
    <estado>Alagoas</estado>
    <região/>
    <ibge>2704302</ibge>
    <gia/>
    <ddd>82</ddd>
    <siafi>2785</siafi>
  </cep>
  <cep>
    <cep>57073-436</cep>
    <logradouro>Quadra 03</logradouro>
    <complemento>(Res Dr Carile A Oliveira)</complemento>
    <unidade/>
    <bairro>Cidade Universitária</bairro>
    <localidade>Maceió</localidade>
    <uf>AL</uf>
    <estado>Alagoas</estado>
    <região/>
    <ibge>2704302</ibge>
    <gia/>
    <ddd>82</ddd>
    <siafi>2785</siafi>
  </cep>
  <cep>
    <cep>57073-453</cep>
    <logradouro>Rua Corretor J Marcelo Silva</logradouro>
    <complemento/>
    <unidade/>
    <bairro>Cidade Universitária</bairro>
    <localidade>Maceió</localidade>
    <uf>AL</uf>
    <estado>Alagoas</estado>
    <região/>
    <ibge>2704302</ibge>
    <gia/>
    <ddd>82</ddd>
    <siafi>2785</siafi>
  </cep>
  <cep>
    <cep>57073-476</cep>
    <logradouro>Rua F</logradouro>
    <complemento>(Lot Canto do Mainá)</complemento>
    <unidade/>
    <bairro>Cidade Universitária</bairro>
    <localidade>Maceió</localidade>
    <uf>AL</uf>
    <estado>Alagoas</estado>
    <região/>
    <ibge>2704302</ibge>
    <gia/>
    <ddd>82</ddd>
    <siafi>2785</siafi>
  </cep>
  <cep>
    <cep>57073-471</cep>
    <logradouro>Rua A</logradouro>
    <complemento>(Lot Canto do Mainá)</complemento>
    <unidade/>
    <bairro>Cidade Universitária</bairro>
    <localidade>Maceió</localidade>
    <uf>AL</uf>
    <estado>Alagoas</estado>
    <região/>
    <ibge>2704302</ibge>
    <gia/>
    <ddd>82</ddd>
    <siafi>2785</siafi>
  </cep>
  <cep>
    <cep>57073-540</cep>
    <logradouro>Rua Costa Nabal</logradouro>
    <complemento/>
    <unidade/>
    <bairro>Cidade Universitária</bairro>
    <localidade>Maceió</localidade>
    <uf>AL</uf>
    <estado>Alagoas</estado>
    <região/>
    <ibge>2704302</ibge>
    <gia/>
    <ddd>82</ddd>
    <siafi>2785</siafi>
  </cep>
  <cep>
    <cep>57073-492</cep>
    <logradouro>1ª Travessa Pajuçara</logradouro>
    <complemento/>
    <unidade/>
    <bairro>Cidade Universitária</bairro>
    <localidade>Maceió</localidade>
    <uf>AL</uf>
    <estado>Alagoas</estado>
    <região/>
    <ibge>2704302</ibge>
    <gia/>
    <ddd>82</ddd>
    <siafi>2785</siafi>
  </cep>
  <cep>
    <cep>57073-539</cep>
    <logradouro>9ª Travessa Padre Cícero</logradouro>
    <complemento>(Cj Village Campestre)</complemento>
    <unidade/>
    <bairro>Cidade Universitária</bairro>
    <localidade>Maceió</localidade>
    <uf>AL</uf>
    <estado>Alagoas</estado>
    <região/>
    <ibge>2704302</ibge>
    <gia/>
    <ddd>82</ddd>
    <siafi>2785</siafi>
  </cep>
  <cep>
    <cep>57073-490</cep>
    <logradouro>Rua Pajuçara</logradouro>
    <complemento/>
    <unidade/>
    <bairro>Cidade Universitária</bairro>
    <localidade>Maceió</localidade>
    <uf>AL</uf>
    <estado>Alagoas</estado>
    <região/>
    <ibge>2704302</ibge>
    <gia/>
    <ddd>82</ddd>
    <siafi>2785</siafi>
  </cep>
  <cep>
    <cep>57073-629</cep>
    <logradouro>6ª Travessa Teotônio Vilela</logradouro>
    <complemento/>
    <unidade/>
    <bairro>Cidade Universitária</bairro>
    <localidade>Maceió</localidade>
    <uf>AL</uf>
    <estado>Alagoas</estado>
    <região/>
    <ibge>2704302</ibge>
    <gia/>
    <ddd>82</ddd>
    <siafi>2785</siafi>
  </cep>
  <cep>
    <cep>57073-687</cep>
    <logradouro>Quadra C</logradouro>
    <complemento>(Desmembr Palmares)</complemento>
    <unidade/>
    <bairro>Cidade Universitária</bairro>
    <localidade>Maceió</localidade>
    <uf>AL</uf>
    <estado>Alagoas</estado>
    <região/>
    <ibge>2704302</ibge>
    <gia/>
    <ddd>82</ddd>
    <siafi>2785</siafi>
  </cep>
  <cep>
    <cep>57073-712</cep>
    <logradouro>22ª Travessa Pajuçara</logradouro>
    <complemento>(Cj Village Campestre)</complemento>
    <unidade/>
    <bairro>Cidade Universitária</bairro>
    <localidade>Maceió</localidade>
    <uf>AL</uf>
    <estado>Alagoas</estado>
    <região/>
    <ibge>2704302</ibge>
    <gia/>
    <ddd>82</ddd>
    <siafi>2785</siafi>
  </cep>
  <cep>
    <cep>57073-710</cep>
    <logradouro>Rua Érico Veríssimo</logradouro>
    <complemento/>
    <unidade/>
    <bairro>Cidade Universitária</bairro>
    <localidade>Maceió</localidade>
    <uf>AL</uf>
    <estado>Alagoas</estado>
    <região/>
    <ibge>2704302</ibge>
    <gia/>
    <ddd>82</ddd>
    <siafi>2785</siafi>
  </cep>
  <cep>
    <cep>57075-034</cep>
    <logradouro>Quadra E</logradouro>
    <complemento>(Cj São Luiz)</complemento>
    <unidade/>
    <bairro>Santos Dumont</bairro>
    <localidade>Maceió</localidade>
    <uf>AL</uf>
    <estado>Alagoas</estado>
    <região/>
    <ibge>2704302</ibge>
    <gia/>
    <ddd>82</ddd>
    <siafi>2785</siafi>
  </cep>
  <cep>
    <cep>57075-420</cep>
    <logradouro>Rua Santa Terezinha</logradouro>
    <complemento/>
    <unidade/>
    <bairro>Santos Dumont</bairro>
    <localidade>Maceió</localidade>
    <uf>AL</uf>
    <estado>Alagoas</estado>
    <região/>
    <ibge>2704302</ibge>
    <gia/>
    <ddd>82</ddd>
    <siafi>2785</siafi>
  </cep>
  <cep>
    <cep>57075-407</cep>
    <logradouro>2ª Rua São Domingos</logradouro>
    <complemento/>
    <unidade/>
    <bairro>Santos Dumont</bairro>
    <localidade>Maceió</localidade>
    <uf>AL</uf>
    <estado>Alagoas</estado>
    <região/>
    <ibge>2704302</ibge>
    <gia/>
    <ddd>82</ddd>
    <siafi>2785</siafi>
  </cep>
  <cep>
    <cep>57075-418</cep>
    <logradouro>Rua Parque Cidade Universitária</logradouro>
    <complemento/>
    <unidade/>
    <bairro>Santos Dumont</bairro>
    <localidade>Maceió</localidade>
    <uf>AL</uf>
    <estado>Alagoas</estado>
    <região/>
    <ibge>2704302</ibge>
    <gia/>
    <ddd>82</ddd>
    <siafi>2785</siafi>
  </cep>
  <cep>
    <cep>57073-736</cep>
    <logradouro>4ª Travessa Arnon de Mello</logradouro>
    <complemento/>
    <unidade/>
    <bairro>Cidade Universitária</bairro>
    <localidade>Maceió</localidade>
    <uf>AL</uf>
    <estado>Alagoas</estado>
    <região/>
    <ibge>2704302</ibge>
    <gia/>
    <ddd>82</ddd>
    <siafi>2785</siafi>
  </cep>
  <cep>
    <cep>57073-730</cep>
    <logradouro>6ª Travessa João Paulo VI</logradouro>
    <complemento/>
    <unidade/>
    <bairro>Cidade Universitária</bairro>
    <localidade>Maceió</localidade>
    <uf>AL</uf>
    <estado>Alagoas</estado>
    <região/>
    <ibge>2704302</ibge>
    <gia/>
    <ddd>82</ddd>
    <siafi>2785</siafi>
  </cep>
  <cep>
    <cep>57075-504</cep>
    <logradouro>Rua B</logradouro>
    <complemento>(Cj Gentil Malta)</complemento>
    <unidade/>
    <bairro>Santos Dumont</bairro>
    <localidade>Maceió</localidade>
    <uf>AL</uf>
    <estado>Alagoas</estado>
    <região/>
    <ibge>2704302</ibge>
    <gia/>
    <ddd>82</ddd>
    <siafi>2785</siafi>
  </cep>
  <cep>
    <cep>57080-034</cep>
    <logradouro>2ª Travessa Piaçabuçu</logradouro>
    <complemento/>
    <unidade/>
    <bairro>Canaã</bairro>
    <localidade>Maceió</localidade>
    <uf>AL</uf>
    <estado>Alagoas</estado>
    <região/>
    <ibge>2704302</ibge>
    <gia/>
    <ddd>82</ddd>
    <siafi>2785</siafi>
  </cep>
  <cep>
    <cep>57080-044</cep>
    <logradouro>2ª Travessa Taquarana</logradouro>
    <complemento/>
    <unidade/>
    <bairro>Canaã</bairro>
    <localidade>Maceió</localidade>
    <uf>AL</uf>
    <estado>Alagoas</estado>
    <região/>
    <ibge>2704302</ibge>
    <gia/>
    <ddd>82</ddd>
    <siafi>2785</siafi>
  </cep>
  <cep>
    <cep>57080-606</cep>
    <logradouro>Rua Deputada Ceci Cunha</logradouro>
    <complemento>(Aldebaran Alfa)</complemento>
    <unidade/>
    <bairro>Jardim Petrópolis</bairro>
    <localidade>Maceió</localidade>
    <uf>AL</uf>
    <estado>Alagoas</estado>
    <região/>
    <ibge>2704302</ibge>
    <gia/>
    <ddd>82</ddd>
    <siafi>2785</siafi>
  </cep>
  <cep>
    <cep>57080-625</cep>
    <logradouro>Avenida Nações Unidas</logradouro>
    <complemento/>
    <unidade/>
    <bairro>Jardim Petrópolis</bairro>
    <localidade>Maceió</localidade>
    <uf>AL</uf>
    <estado>Alagoas</estado>
    <região/>
    <ibge>2704302</ibge>
    <gia/>
    <ddd>82</ddd>
    <siafi>2785</siafi>
  </cep>
  <cep>
    <cep>57080-060</cep>
    <logradouro>Rua Traipu</logradouro>
    <complemento/>
    <unidade/>
    <bairro>Canaã</bairro>
    <localidade>Maceió</localidade>
    <uf>AL</uf>
    <estado>Alagoas</estado>
    <região/>
    <ibge>2704302</ibge>
    <gia/>
    <ddd>82</ddd>
    <siafi>2785</siafi>
  </cep>
  <cep>
    <cep>57080-720</cep>
    <logradouro>Rua Empresário Carlos Cansanção Guimarães</logradouro>
    <complemento/>
    <unidade/>
    <bairro>Jardim Petrópolis</bairro>
    <localidade>Maceió</localidade>
    <uf>AL</uf>
    <estado>Alagoas</estado>
    <região/>
    <ibge>2704302</ibge>
    <gia/>
    <ddd>82</ddd>
    <siafi>2785</siafi>
  </cep>
  <cep>
    <cep>57080-800</cep>
    <logradouro>Rua Doutor Jorge de Melo e Silva</logradouro>
    <complemento/>
    <unidade/>
    <bairro>Jardim Petrópolis</bairro>
    <localidade>Maceió</localidade>
    <uf>AL</uf>
    <estado>Alagoas</estado>
    <região/>
    <ibge>2704302</ibge>
    <gia/>
    <ddd>82</ddd>
    <siafi>2785</siafi>
  </cep>
  <cep>
    <cep>57081-030</cep>
    <logradouro>Rua em Projeto C</logradouro>
    <complemento>(Lot Cargo Center)</complemento>
    <unidade/>
    <bairro>Tabuleiro do Martins</bairro>
    <localidade>Maceió</localidade>
    <uf>AL</uf>
    <estado>Alagoas</estado>
    <região/>
    <ibge>2704302</ibge>
    <gia/>
    <ddd>82</ddd>
    <siafi>2785</siafi>
  </cep>
  <cep>
    <cep>57081-140</cep>
    <logradouro>Quadra A</logradouro>
    <complemento>(Lot Jardim Tropical)</complemento>
    <unidade/>
    <bairro>Tabuleiro do Martins</bairro>
    <localidade>Maceió</localidade>
    <uf>AL</uf>
    <estado>Alagoas</estado>
    <região/>
    <ibge>2704302</ibge>
    <gia/>
    <ddd>82</ddd>
    <siafi>2785</siafi>
  </cep>
  <cep>
    <cep>57081-162</cep>
    <logradouro>Travessa Padre Cícero</logradouro>
    <complemento/>
    <unidade/>
    <bairro>Tabuleiro do Martins</bairro>
    <localidade>Maceió</localidade>
    <uf>AL</uf>
    <estado>Alagoas</estado>
    <região/>
    <ibge>2704302</ibge>
    <gia/>
    <ddd>82</ddd>
    <siafi>2785</siafi>
  </cep>
  <cep>
    <cep>57081-309</cep>
    <logradouro>Rua W</logradouro>
    <complemento>(Cj José Maria de Melo)</complemento>
    <unidade/>
    <bairro>Tabuleiro do Martins</bairro>
    <localidade>Maceió</localidade>
    <uf>AL</uf>
    <estado>Alagoas</estado>
    <região/>
    <ibge>2704302</ibge>
    <gia/>
    <ddd>82</ddd>
    <siafi>2785</siafi>
  </cep>
  <cep>
    <cep>57081-202</cep>
    <logradouro>Rua C</logradouro>
    <complemento>(Lot Vida Nova)</complemento>
    <unidade/>
    <bairro>Tabuleiro do Martins</bairro>
    <localidade>Maceió</localidade>
    <uf>AL</uf>
    <estado>Alagoas</estado>
    <região/>
    <ibge>2704302</ibge>
    <gia/>
    <ddd>82</ddd>
    <siafi>2785</siafi>
  </cep>
  <cep>
    <cep>57081-358</cep>
    <logradouro>Rua E</logradouro>
    <complemento>(Cj José Maria de Melo)</complemento>
    <unidade/>
    <bairro>Tabuleiro do Martins</bairro>
    <localidade>Maceió</localidade>
    <uf>AL</uf>
    <estado>Alagoas</estado>
    <região/>
    <ibge>2704302</ibge>
    <gia/>
    <ddd>82</ddd>
    <siafi>2785</siafi>
  </cep>
  <cep>
    <cep>57082-055</cep>
    <logradouro>Rua Elinelma Oliveira Santos</logradouro>
    <complemento/>
    <unidade/>
    <bairro>Santa Lúcia</bairro>
    <localidade>Maceió</localidade>
    <uf>AL</uf>
    <estado>Alagoas</estado>
    <região/>
    <ibge>2704302</ibge>
    <gia/>
    <ddd>82</ddd>
    <siafi>2785</siafi>
  </cep>
  <cep>
    <cep>57082-208</cep>
    <logradouro>Rua Helena Costa Tenório</logradouro>
    <complemento/>
    <unidade/>
    <bairro>Santa Lúcia</bairro>
    <localidade>Maceió</localidade>
    <uf>AL</uf>
    <estado>Alagoas</estado>
    <região/>
    <ibge>2704302</ibge>
    <gia/>
    <ddd>82</ddd>
    <siafi>2785</siafi>
  </cep>
  <cep>
    <cep>57081-385</cep>
    <logradouro>Avenida Menino Marcelo</logradouro>
    <complemento>lado par</complemento>
    <unidade/>
    <bairro>Tabuleiro do Martins</bairro>
    <localidade>Maceió</localidade>
    <uf>AL</uf>
    <estado>Alagoas</estado>
    <região/>
    <ibge>2704302</ibge>
    <gia/>
    <ddd>82</ddd>
    <siafi>2785</siafi>
  </cep>
  <cep>
    <cep>57082-635</cep>
    <logradouro>Rua Maria do Socorro Queiroz</logradouro>
    <complemento/>
    <unidade/>
    <bairro>Santa Lúcia</bairro>
    <localidade>Maceió</localidade>
    <uf>AL</uf>
    <estado>Alagoas</estado>
    <região/>
    <ibge>2704302</ibge>
    <gia/>
    <ddd>82</ddd>
    <siafi>2785</siafi>
  </cep>
  <cep>
    <cep>57083-012</cep>
    <logradouro>Rua 03</logradouro>
    <complemento>(Lot Paraíso da Serraria)</complemento>
    <unidade/>
    <bairro>Antares</bairro>
    <localidade>Maceió</localidade>
    <uf>AL</uf>
    <estado>Alagoas</estado>
    <região/>
    <ibge>2704302</ibge>
    <gia/>
    <ddd>82</ddd>
    <siafi>2785</siafi>
  </cep>
  <cep>
    <cep>57081-710</cep>
    <logradouro>Rua A</logradouro>
    <complemento>(Cj Moura Castro I)</complemento>
    <unidade/>
    <bairro>Tabuleiro do Martins</bairro>
    <localidade>Maceió</localidade>
    <uf>AL</uf>
    <estado>Alagoas</estado>
    <região/>
    <ibge>2704302</ibge>
    <gia/>
    <ddd>82</ddd>
    <siafi>2785</siafi>
  </cep>
  <cep>
    <cep>57083-656</cep>
    <logradouro>Quadra C</logradouro>
    <complemento>(Lot Stela Rosa)</complemento>
    <unidade/>
    <bairro>Antares</bairro>
    <localidade>Maceió</localidade>
    <uf>AL</uf>
    <estado>Alagoas</estado>
    <região/>
    <ibge>2704302</ibge>
    <gia/>
    <ddd>82</ddd>
    <siafi>2785</siafi>
  </cep>
  <cep>
    <cep>57082-168</cep>
    <logradouro>Rua São José</logradouro>
    <complemento/>
    <unidade/>
    <bairro>Santa Lúcia</bairro>
    <localidade>Maceió</localidade>
    <uf>AL</uf>
    <estado>Alagoas</estado>
    <região/>
    <ibge>2704302</ibge>
    <gia/>
    <ddd>82</ddd>
    <siafi>2785</siafi>
  </cep>
  <cep>
    <cep>57084-080</cep>
    <logradouro>Avenida Pratagy</logradouro>
    <complemento>lado par</complemento>
    <unidade/>
    <bairro>Benedito Bentes</bairro>
    <localidade>Maceió</localidade>
    <uf>AL</uf>
    <estado>Alagoas</estado>
    <região/>
    <ibge>2704302</ibge>
    <gia/>
    <ddd>82</ddd>
    <siafi>2785</siafi>
  </cep>
  <cep>
    <cep>57083-133</cep>
    <logradouro>Quadra 14</logradouro>
    <complemento>(Lot Pouso da Garça 2)</complemento>
    <unidade/>
    <bairro>Antares</bairro>
    <localidade>Maceió</localidade>
    <uf>AL</uf>
    <estado>Alagoas</estado>
    <região/>
    <ibge>2704302</ibge>
    <gia/>
    <ddd>82</ddd>
    <siafi>2785</siafi>
  </cep>
  <cep>
    <cep>57083-061</cep>
    <logradouro>Rua Deputado Jorge Quintella</logradouro>
    <complemento>(Res Monte Carlos)</complemento>
    <unidade/>
    <bairro>Antares</bairro>
    <localidade>Maceió</localidade>
    <uf>AL</uf>
    <estado>Alagoas</estado>
    <região/>
    <ibge>2704302</ibge>
    <gia/>
    <ddd>82</ddd>
    <siafi>2785</siafi>
  </cep>
  <cep>
    <cep>57084-102</cep>
    <logradouro>Rua C-28</logradouro>
    <complemento>(Cj Benedito Bentes)</complemento>
    <unidade/>
    <bairro>Benedito Bentes</bairro>
    <localidade>Maceió</localidade>
    <uf>AL</uf>
    <estado>Alagoas</estado>
    <região/>
    <ibge>2704302</ibge>
    <gia/>
    <ddd>82</ddd>
    <siafi>2785</siafi>
  </cep>
  <cep>
    <cep>57084-087</cep>
    <logradouro>1ª Travessa Boa Esperança</logradouro>
    <complemento/>
    <unidade/>
    <bairro>Benedito Bentes</bairro>
    <localidade>Maceió</localidade>
    <uf>AL</uf>
    <estado>Alagoas</estado>
    <região/>
    <ibge>2704302</ibge>
    <gia/>
    <ddd>82</ddd>
    <siafi>2785</siafi>
  </cep>
  <cep>
    <cep>57084-152</cep>
    <logradouro>Condomínio Village das Fontes</logradouro>
    <complemento/>
    <unidade/>
    <bairro>Benedito Bentes</bairro>
    <localidade>Maceió</localidade>
    <uf>AL</uf>
    <estado>Alagoas</estado>
    <região/>
    <ibge>2704302</ibge>
    <gia/>
    <ddd>82</ddd>
    <siafi>2785</siafi>
  </cep>
  <cep>
    <cep>57084-419</cep>
    <logradouro>Avenida de Contorno</logradouro>
    <complemento>(Lot Cely Loureiro)</complemento>
    <unidade/>
    <bairro>Benedito Bentes</bairro>
    <localidade>Maceió</localidade>
    <uf>AL</uf>
    <estado>Alagoas</estado>
    <região/>
    <ibge>2704302</ibge>
    <gia/>
    <ddd>82</ddd>
    <siafi>2785</siafi>
  </cep>
  <cep>
    <cep>57084-560</cep>
    <logradouro>Rua Caina</logradouro>
    <complemento/>
    <unidade/>
    <bairro>Benedito Bentes</bairro>
    <localidade>Maceió</localidade>
    <uf>AL</uf>
    <estado>Alagoas</estado>
    <região/>
    <ibge>2704302</ibge>
    <gia/>
    <ddd>82</ddd>
    <siafi>2785</siafi>
  </cep>
  <cep>
    <cep>57084-615</cep>
    <logradouro>Travessa Garça Torta</logradouro>
    <complemento/>
    <unidade/>
    <bairro>Benedito Bentes</bairro>
    <localidade>Maceió</localidade>
    <uf>AL</uf>
    <estado>Alagoas</estado>
    <região/>
    <ibge>2704302</ibge>
    <gia/>
    <ddd>82</ddd>
    <siafi>2785</siafi>
  </cep>
  <cep>
    <cep>57084-420</cep>
    <logradouro>Avenida 03</logradouro>
    <complemento>(Cj João Sampaio II)</complemento>
    <unidade/>
    <bairro>Benedito Bentes</bairro>
    <localidade>Maceió</localidade>
    <uf>AL</uf>
    <estado>Alagoas</estado>
    <região/>
    <ibge>2704302</ibge>
    <gia/>
    <ddd>82</ddd>
    <siafi>2785</siafi>
  </cep>
  <cep>
    <cep>57084-626</cep>
    <logradouro>Avenida 04</logradouro>
    <complemento>(Cj João Sampaio II)</complemento>
    <unidade/>
    <bairro>Benedito Bentes</bairro>
    <localidade>Maceió</localidade>
    <uf>AL</uf>
    <estado>Alagoas</estado>
    <região/>
    <ibge>2704302</ibge>
    <gia/>
    <ddd>82</ddd>
    <siafi>2785</siafi>
  </cep>
  <cep>
    <cep>57084-632</cep>
    <logradouro>Rua 5-E</logradouro>
    <complemento>(Cj João Sampaio II)</complemento>
    <unidade/>
    <bairro>Benedito Bentes</bairro>
    <localidade>Maceió</localidade>
    <uf>AL</uf>
    <estado>Alagoas</estado>
    <região/>
    <ibge>2704302</ibge>
    <gia/>
    <ddd>82</ddd>
    <siafi>2785</siafi>
  </cep>
  <cep>
    <cep>57084-669</cep>
    <logradouro>Rua C-17</logradouro>
    <complemento>(Cj Benedito Bentes)</complemento>
    <unidade/>
    <bairro>Benedito Bentes</bairro>
    <localidade>Maceió</localidade>
    <uf>AL</uf>
    <estado>Alagoas</estado>
    <região/>
    <ibge>2704302</ibge>
    <gia/>
    <ddd>82</ddd>
    <siafi>2785</siafi>
  </cep>
  <cep>
    <cep>57084-700</cep>
    <logradouro>Avenida Meirim</logradouro>
    <complemento/>
    <unidade/>
    <bairro>Benedito Bentes</bairro>
    <localidade>Maceió</localidade>
    <uf>AL</uf>
    <estado>Alagoas</estado>
    <região/>
    <ibge>2704302</ibge>
    <gia/>
    <ddd>82</ddd>
    <siafi>2785</siafi>
  </cep>
  <cep>
    <cep>57084-628</cep>
    <logradouro>Avenida 05</logradouro>
    <complemento>(Cj João Sampaio II)</complemento>
    <unidade/>
    <bairro>Benedito Bentes</bairro>
    <localidade>Maceió</localidade>
    <uf>AL</uf>
    <estado>Alagoas</estado>
    <região/>
    <ibge>2704302</ibge>
    <gia/>
    <ddd>82</ddd>
    <siafi>2785</siafi>
  </cep>
  <cep>
    <cep>57060-110</cep>
    <logradouro>4ª Travessa da Floresta</logradouro>
    <complemento/>
    <unidade/>
    <bairro>Tabuleiro do Martins</bairro>
    <localidade>Maceió</localidade>
    <uf>AL</uf>
    <estado>Alagoas</estado>
    <região/>
    <ibge>2704302</ibge>
    <gia/>
    <ddd>82</ddd>
    <siafi>2785</siafi>
  </cep>
  <cep>
    <cep>57084-631</cep>
    <logradouro>Rua 4-E</logradouro>
    <complemento>(Cj João Sampaio II)</complemento>
    <unidade/>
    <bairro>Benedito Bentes</bairro>
    <localidade>Maceió</localidade>
    <uf>AL</uf>
    <estado>Alagoas</estado>
    <região/>
    <ibge>2704302</ibge>
    <gia/>
    <ddd>82</ddd>
    <siafi>2785</siafi>
  </cep>
  <cep>
    <cep>57085-045</cep>
    <logradouro>Rua C-75</logradouro>
    <complemento>(Cj Frei Damião)</complemento>
    <unidade/>
    <bairro>Benedito Bentes</bairro>
    <localidade>Maceió</localidade>
    <uf>AL</uf>
    <estado>Alagoas</estado>
    <região/>
    <ibge>2704302</ibge>
    <gia/>
    <ddd>82</ddd>
    <siafi>2785</siafi>
  </cep>
  <cep>
    <cep>57085-068</cep>
    <logradouro>Rua C-55</logradouro>
    <complemento>(Cj Frei Damião)</complemento>
    <unidade/>
    <bairro>Benedito Bentes</bairro>
    <localidade>Maceió</localidade>
    <uf>AL</uf>
    <estado>Alagoas</estado>
    <região/>
    <ibge>2704302</ibge>
    <gia/>
    <ddd>82</ddd>
    <siafi>2785</siafi>
  </cep>
  <cep>
    <cep>57085-360</cep>
    <logradouro>Rua Jatobá</logradouro>
    <complemento/>
    <unidade/>
    <bairro>Benedito Bentes</bairro>
    <localidade>Maceió</localidade>
    <uf>AL</uf>
    <estado>Alagoas</estado>
    <região/>
    <ibge>2704302</ibge>
    <gia/>
    <ddd>82</ddd>
    <siafi>2785</siafi>
  </cep>
  <cep>
    <cep>57085-230</cep>
    <logradouro>Rua Arueira</logradouro>
    <complemento/>
    <unidade/>
    <bairro>Benedito Bentes</bairro>
    <localidade>Maceió</localidade>
    <uf>AL</uf>
    <estado>Alagoas</estado>
    <região/>
    <ibge>2704302</ibge>
    <gia/>
    <ddd>82</ddd>
    <siafi>2785</siafi>
  </cep>
  <cep>
    <cep>57085-490</cep>
    <logradouro>Rua Sapucarana</logradouro>
    <complemento/>
    <unidade/>
    <bairro>Benedito Bentes</bairro>
    <localidade>Maceió</localidade>
    <uf>AL</uf>
    <estado>Alagoas</estado>
    <região/>
    <ibge>2704302</ibge>
    <gia/>
    <ddd>82</ddd>
    <siafi>2785</siafi>
  </cep>
  <cep>
    <cep>57085-608</cep>
    <logradouro>Quadra E-3</logradouro>
    <complemento>(Cj Carminha)</complemento>
    <unidade/>
    <bairro>Benedito Bentes</bairro>
    <localidade>Maceió</localidade>
    <uf>AL</uf>
    <estado>Alagoas</estado>
    <região/>
    <ibge>2704302</ibge>
    <gia/>
    <ddd>82</ddd>
    <siafi>2785</siafi>
  </cep>
  <cep>
    <cep>57085-603</cep>
    <logradouro>Quadra A</logradouro>
    <complemento>(Cj Carminha)</complemento>
    <unidade/>
    <bairro>Benedito Bentes</bairro>
    <localidade>Maceió</localidade>
    <uf>AL</uf>
    <estado>Alagoas</estado>
    <região/>
    <ibge>2704302</ibge>
    <gia/>
    <ddd>82</ddd>
    <siafi>2785</siafi>
  </cep>
  <cep>
    <cep>57086-296</cep>
    <logradouro>Quadra 8</logradouro>
    <complemento>(Cj Paulo Bandeira)</complemento>
    <unidade/>
    <bairro>Benedito Bentes</bairro>
    <localidade>Maceió</localidade>
    <uf>AL</uf>
    <estado>Alagoas</estado>
    <região/>
    <ibge>2704302</ibge>
    <gia/>
    <ddd>82</ddd>
    <siafi>2785</siafi>
  </cep>
  <cep>
    <cep>57086-148</cep>
    <logradouro>Quadra 24</logradouro>
    <complemento>(Lot Bela Vista II)</complemento>
    <unidade/>
    <bairro>Benedito Bentes</bairro>
    <localidade>Maceió</localidade>
    <uf>AL</uf>
    <estado>Alagoas</estado>
    <região/>
    <ibge>2704302</ibge>
    <gia/>
    <ddd>82</ddd>
    <siafi>2785</siafi>
  </cep>
  <cep>
    <cep>57279-000</cep>
    <logradouro/>
    <complemento/>
    <unidade/>
    <bairro>Cana Brava</bairro>
    <localidade>São Sebastião</localidade>
    <uf>AL</uf>
    <estado>Alagoas</estado>
    <região/>
    <ibge>2708808</ibge>
    <gia/>
    <ddd>82</ddd>
    <siafi>2875</siafi>
  </cep>
  <cep>
    <cep>57085-710</cep>
    <logradouro>Rua Filadélfia</logradouro>
    <complemento/>
    <unidade/>
    <bairro>Benedito Bentes</bairro>
    <localidade>Maceió</localidade>
    <uf>AL</uf>
    <estado>Alagoas</estado>
    <região/>
    <ibge>2704302</ibge>
    <gia/>
    <ddd>82</ddd>
    <siafi>2785</siafi>
  </cep>
  <cep>
    <cep>57220-970</cep>
    <logradouro>Praça Domingos Mendes</logradouro>
    <complemento>65</complemento>
    <unidade>AC Feliz Deserto</unidade>
    <bairro>Centro</bairro>
    <localidade>Feliz Deserto</localidade>
    <uf>AL</uf>
    <estado>Alagoas</estado>
    <região/>
    <ibge>2702702</ibge>
    <gia/>
    <ddd>82</ddd>
    <siafi>2753</siafi>
  </cep>
  <cep>
    <cep>57086-292</cep>
    <logradouro>Quadra 6</logradouro>
    <complemento>(Cj Paulo Bandeira)</complemento>
    <unidade/>
    <bairro>Benedito Bentes</bairro>
    <localidade>Maceió</localidade>
    <uf>AL</uf>
    <estado>Alagoas</estado>
    <região/>
    <ibge>2704302</ibge>
    <gia/>
    <ddd>82</ddd>
    <siafi>2785</siafi>
  </cep>
  <cep>
    <cep>57300-100</cep>
    <logradouro>Rua Engenheiro Godilho de Castro</logradouro>
    <complemento/>
    <unidade/>
    <bairro>Centro</bairro>
    <localidade>Arapiraca</localidade>
    <uf>AL</uf>
    <estado>Alagoas</estado>
    <região/>
    <ibge>2700300</ibge>
    <gia/>
    <ddd>82</ddd>
    <siafi>2705</siafi>
  </cep>
  <cep>
    <cep>57300-160</cep>
    <logradouro>Rua Manoel Leão</logradouro>
    <complemento/>
    <unidade/>
    <bairro>Centro</bairro>
    <localidade>Arapiraca</localidade>
    <uf>AL</uf>
    <estado>Alagoas</estado>
    <região/>
    <ibge>2700300</ibge>
    <gia/>
    <ddd>82</ddd>
    <siafi>2705</siafi>
  </cep>
  <cep>
    <cep>57302-627</cep>
    <logradouro>Rua Julio Tibúrcio da Silva</logradouro>
    <complemento/>
    <unidade/>
    <bairro>Canafístula</bairro>
    <localidade>Arapiraca</localidade>
    <uf>AL</uf>
    <estado>Alagoas</estado>
    <região/>
    <ibge>2700300</ibge>
    <gia/>
    <ddd>82</ddd>
    <siafi>2705</siafi>
  </cep>
  <cep>
    <cep>57301-419</cep>
    <logradouro>Rua Danielle Balbino de Melo</logradouro>
    <complemento/>
    <unidade/>
    <bairro>São Luiz</bairro>
    <localidade>Arapiraca</localidade>
    <uf>AL</uf>
    <estado>Alagoas</estado>
    <região/>
    <ibge>2700300</ibge>
    <gia/>
    <ddd>82</ddd>
    <siafi>2705</siafi>
  </cep>
  <cep>
    <cep>57301-260</cep>
    <logradouro>Rua Osman Loureiro</logradouro>
    <complemento/>
    <unidade/>
    <bairro>São Luiz</bairro>
    <localidade>Arapiraca</localidade>
    <uf>AL</uf>
    <estado>Alagoas</estado>
    <região/>
    <ibge>2700300</ibge>
    <gia/>
    <ddd>82</ddd>
    <siafi>2705</siafi>
  </cep>
  <cep>
    <cep>57301-428</cep>
    <logradouro>Rua Aureliano Luiz Pereira</logradouro>
    <complemento/>
    <unidade/>
    <bairro>São Luiz</bairro>
    <localidade>Arapiraca</localidade>
    <uf>AL</uf>
    <estado>Alagoas</estado>
    <região/>
    <ibge>2700300</ibge>
    <gia/>
    <ddd>82</ddd>
    <siafi>2705</siafi>
  </cep>
  <cep>
    <cep>57302-629</cep>
    <logradouro>Rua Júlia de Magalhães Nunes</logradouro>
    <complemento/>
    <unidade/>
    <bairro>Canafístula</bairro>
    <localidade>Arapiraca</localidade>
    <uf>AL</uf>
    <estado>Alagoas</estado>
    <região/>
    <ibge>2700300</ibge>
    <gia/>
    <ddd>82</ddd>
    <siafi>2705</siafi>
  </cep>
  <cep>
    <cep>57302-722</cep>
    <logradouro>Rua José Helder Melo de Lima</logradouro>
    <complemento/>
    <unidade/>
    <bairro>Canafístula</bairro>
    <localidade>Arapiraca</localidade>
    <uf>AL</uf>
    <estado>Alagoas</estado>
    <região/>
    <ibge>2700300</ibge>
    <gia/>
    <ddd>82</ddd>
    <siafi>2705</siafi>
  </cep>
  <cep>
    <cep>57302-776</cep>
    <logradouro>Rua Miguel Gomes da Silva</logradouro>
    <complemento/>
    <unidade/>
    <bairro>Canafístula</bairro>
    <localidade>Arapiraca</localidade>
    <uf>AL</uf>
    <estado>Alagoas</estado>
    <região/>
    <ibge>2700300</ibge>
    <gia/>
    <ddd>82</ddd>
    <siafi>2705</siafi>
  </cep>
  <cep>
    <cep/>
    <logradouro/>
    <complemento/>
    <unidade/>
    <bairro/>
    <localidade/>
    <uf/>
    <estado/>
    <região/>
    <ibge/>
    <gia/>
    <ddd/>
    <siafi/>
  </cep>
  <cep>
    <cep>57302-791</cep>
    <logradouro>Rua Herbert Motta Câmara</logradouro>
    <complemento/>
    <unidade/>
    <bairro>Canafístula</bairro>
    <localidade>Arapiraca</localidade>
    <uf>AL</uf>
    <estado>Alagoas</estado>
    <região/>
    <ibge>2700300</ibge>
    <gia/>
    <ddd>82</ddd>
    <siafi>2705</siafi>
  </cep>
  <cep>
    <cep/>
    <logradouro/>
    <complemento/>
    <unidade/>
    <bairro/>
    <localidade/>
    <uf/>
    <estado/>
    <região/>
    <ibge/>
    <gia/>
    <ddd/>
    <siafi/>
  </cep>
  <cep>
    <cep>57303-206</cep>
    <logradouro>Rua Maria Araújo Cavalcante</logradouro>
    <complemento/>
    <unidade/>
    <bairro>Boa Vista</bairro>
    <localidade>Arapiraca</localidade>
    <uf>AL</uf>
    <estado>Alagoas</estado>
    <região/>
    <ibge>2700300</ibge>
    <gia/>
    <ddd>82</ddd>
    <siafi>2705</siafi>
  </cep>
  <cep>
    <cep>57302-798</cep>
    <logradouro>Rua Santa Clara</logradouro>
    <complemento/>
    <unidade/>
    <bairro>Canafístula</bairro>
    <localidade>Arapiraca</localidade>
    <uf>AL</uf>
    <estado>Alagoas</estado>
    <região/>
    <ibge>2700300</ibge>
    <gia/>
    <ddd>82</ddd>
    <siafi>2705</siafi>
  </cep>
  <cep>
    <cep>57303-201</cep>
    <logradouro>Rua Aurélia Gouveira Alves</logradouro>
    <complemento/>
    <unidade/>
    <bairro>Boa Vista</bairro>
    <localidade>Arapiraca</localidade>
    <uf>AL</uf>
    <estado>Alagoas</estado>
    <região/>
    <ibge>2700300</ibge>
    <gia/>
    <ddd>82</ddd>
    <siafi>2705</siafi>
  </cep>
  <cep>
    <cep>57302-630</cep>
    <logradouro>Rua José Amaro de Barros</logradouro>
    <complemento/>
    <unidade/>
    <bairro>Canafístula</bairro>
    <localidade>Arapiraca</localidade>
    <uf>AL</uf>
    <estado>Alagoas</estado>
    <região/>
    <ibge>2700300</ibge>
    <gia/>
    <ddd>82</ddd>
    <siafi>2705</siafi>
  </cep>
  <cep>
    <cep>57302-850</cep>
    <logradouro>Rua Sólon Barrozo Barreto</logradouro>
    <complemento/>
    <unidade/>
    <bairro>Canafístula</bairro>
    <localidade>Arapiraca</localidade>
    <uf>AL</uf>
    <estado>Alagoas</estado>
    <região/>
    <ibge>2700300</ibge>
    <gia/>
    <ddd>82</ddd>
    <siafi>2705</siafi>
  </cep>
  <cep>
    <cep>57302-688</cep>
    <logradouro>Rua João de Magalhães Barbosa</logradouro>
    <complemento/>
    <unidade/>
    <bairro>Canafístula</bairro>
    <localidade>Arapiraca</localidade>
    <uf>AL</uf>
    <estado>Alagoas</estado>
    <região/>
    <ibge>2700300</ibge>
    <gia/>
    <ddd>82</ddd>
    <siafi>2705</siafi>
  </cep>
  <cep>
    <cep>57303-205</cep>
    <logradouro>Rua Edileuza de Castro Chagas</logradouro>
    <complemento/>
    <unidade/>
    <bairro>Boa Vista</bairro>
    <localidade>Arapiraca</localidade>
    <uf>AL</uf>
    <estado>Alagoas</estado>
    <região/>
    <ibge>2700300</ibge>
    <gia/>
    <ddd>82</ddd>
    <siafi>2705</siafi>
  </cep>
  <cep>
    <cep>57303-203</cep>
    <logradouro>Rua Maria Iná Andrade Silva</logradouro>
    <complemento/>
    <unidade/>
    <bairro>Boa Vista</bairro>
    <localidade>Arapiraca</localidade>
    <uf>AL</uf>
    <estado>Alagoas</estado>
    <região/>
    <ibge>2700300</ibge>
    <gia/>
    <ddd>82</ddd>
    <siafi>2705</siafi>
  </cep>
  <cep>
    <cep/>
    <logradouro/>
    <complemento/>
    <unidade/>
    <bairro/>
    <localidade/>
    <uf/>
    <estado/>
    <região/>
    <ibge/>
    <gia/>
    <ddd/>
    <siafi/>
  </cep>
  <cep>
    <cep>57303-208</cep>
    <logradouro>Rua Maria Betânia de Oliveira Lima</logradouro>
    <complemento/>
    <unidade/>
    <bairro>Boa Vista</bairro>
    <localidade>Arapiraca</localidade>
    <uf>AL</uf>
    <estado>Alagoas</estado>
    <região/>
    <ibge>2700300</ibge>
    <gia/>
    <ddd>82</ddd>
    <siafi>2705</siafi>
  </cep>
  <cep>
    <cep>57302-208</cep>
    <logradouro>Rua Alberto Jorge Balbino dos Santos</logradouro>
    <complemento>(Lot Bandeirante)</complemento>
    <unidade/>
    <bairro>Canafístula</bairro>
    <localidade>Arapiraca</localidade>
    <uf>AL</uf>
    <estado>Alagoas</estado>
    <região/>
    <ibge>2700300</ibge>
    <gia/>
    <ddd>82</ddd>
    <siafi>2705</siafi>
  </cep>
  <cep>
    <cep>57302-705</cep>
    <logradouro>Rua Antônio Pio da Silva</logradouro>
    <complemento/>
    <unidade/>
    <bairro>Canafístula</bairro>
    <localidade>Arapiraca</localidade>
    <uf>AL</uf>
    <estado>Alagoas</estado>
    <região/>
    <ibge>2700300</ibge>
    <gia/>
    <ddd>82</ddd>
    <siafi>2705</siafi>
  </cep>
  <cep>
    <cep>57303-211</cep>
    <logradouro>Rua Quitéria Lins de Moura</logradouro>
    <complemento/>
    <unidade/>
    <bairro>Boa Vista</bairro>
    <localidade>Arapiraca</localidade>
    <uf>AL</uf>
    <estado>Alagoas</estado>
    <região/>
    <ibge>2700300</ibge>
    <gia/>
    <ddd>82</ddd>
    <siafi>2705</siafi>
  </cep>
  <cep>
    <cep>57302-160</cep>
    <logradouro>Rua Tertuliano Barbosa Leite</logradouro>
    <complemento/>
    <unidade/>
    <bairro>Canafístula</bairro>
    <localidade>Arapiraca</localidade>
    <uf>AL</uf>
    <estado>Alagoas</estado>
    <região/>
    <ibge>2700300</ibge>
    <gia/>
    <ddd>82</ddd>
    <siafi>2705</siafi>
  </cep>
  <cep>
    <cep>57303-213</cep>
    <logradouro>Rua Cecília Pereira de Macedo</logradouro>
    <complemento/>
    <unidade/>
    <bairro>Boa Vista</bairro>
    <localidade>Arapiraca</localidade>
    <uf>AL</uf>
    <estado>Alagoas</estado>
    <região/>
    <ibge>2700300</ibge>
    <gia/>
    <ddd>82</ddd>
    <siafi>2705</siafi>
  </cep>
  <cep>
    <cep/>
    <logradouro/>
    <complemento/>
    <unidade/>
    <bairro/>
    <localidade/>
    <uf/>
    <estado/>
    <região/>
    <ibge/>
    <gia/>
    <ddd/>
    <siafi/>
  </cep>
  <cep>
    <cep>57303-212</cep>
    <logradouro>Rua Josefa Bastos Silva</logradouro>
    <complemento/>
    <unidade/>
    <bairro>Boa Vista</bairro>
    <localidade>Arapiraca</localidade>
    <uf>AL</uf>
    <estado>Alagoas</estado>
    <região/>
    <ibge>2700300</ibge>
    <gia/>
    <ddd>82</ddd>
    <siafi>2705</siafi>
  </cep>
  <cep>
    <cep>57303-102</cep>
    <logradouro>Rua Estudante Paulo Edvaldo Tenório Cavalcante</logradouro>
    <complemento/>
    <unidade/>
    <bairro>Verdes Campos</bairro>
    <localidade>Arapiraca</localidade>
    <uf>AL</uf>
    <estado>Alagoas</estado>
    <região/>
    <ibge>2700300</ibge>
    <gia/>
    <ddd>82</ddd>
    <siafi>2705</siafi>
  </cep>
  <cep>
    <cep>57303-216</cep>
    <logradouro>Rua Ruth Fernandes Gonçalves</logradouro>
    <complemento/>
    <unidade/>
    <bairro>Boa Vista</bairro>
    <localidade>Arapiraca</localidade>
    <uf>AL</uf>
    <estado>Alagoas</estado>
    <região/>
    <ibge>2700300</ibge>
    <gia/>
    <ddd>82</ddd>
    <siafi>2705</siafi>
  </cep>
  <cep>
    <cep>57302-786</cep>
    <logradouro>Rua Santa Inês</logradouro>
    <complemento/>
    <unidade/>
    <bairro>Canafístula</bairro>
    <localidade>Arapiraca</localidade>
    <uf>AL</uf>
    <estado>Alagoas</estado>
    <região/>
    <ibge>2700300</ibge>
    <gia/>
    <ddd>82</ddd>
    <siafi>2705</siafi>
  </cep>
  <cep>
    <cep>57303-250</cep>
    <logradouro>Rua Adjalma Silva</logradouro>
    <complemento/>
    <unidade/>
    <bairro>Boa Vista</bairro>
    <localidade>Arapiraca</localidade>
    <uf>AL</uf>
    <estado>Alagoas</estado>
    <região/>
    <ibge>2700300</ibge>
    <gia/>
    <ddd>82</ddd>
    <siafi>2705</siafi>
  </cep>
  <cep>
    <cep>57303-219</cep>
    <logradouro>Rua Marinalva dos Santos</logradouro>
    <complemento/>
    <unidade/>
    <bairro>Boa Vista</bairro>
    <localidade>Arapiraca</localidade>
    <uf>AL</uf>
    <estado>Alagoas</estado>
    <região/>
    <ibge>2700300</ibge>
    <gia/>
    <ddd>82</ddd>
    <siafi>2705</siafi>
  </cep>
  <cep>
    <cep>57303-215</cep>
    <logradouro>Rua Luciana Rodrigues de Araújo</logradouro>
    <complemento/>
    <unidade/>
    <bairro>Boa Vista</bairro>
    <localidade>Arapiraca</localidade>
    <uf>AL</uf>
    <estado>Alagoas</estado>
    <região/>
    <ibge>2700300</ibge>
    <gia/>
    <ddd>82</ddd>
    <siafi>2705</siafi>
  </cep>
  <cep>
    <cep>57303-214</cep>
    <logradouro>Rua Tereza Barbosa da Silva</logradouro>
    <complemento/>
    <unidade/>
    <bairro>Boa Vista</bairro>
    <localidade>Arapiraca</localidade>
    <uf>AL</uf>
    <estado>Alagoas</estado>
    <região/>
    <ibge>2700300</ibge>
    <gia/>
    <ddd>82</ddd>
    <siafi>2705</siafi>
  </cep>
  <cep>
    <cep>57302-628</cep>
    <logradouro>Rua Francisco Paulino da Silva</logradouro>
    <complemento/>
    <unidade/>
    <bairro>Canafístula</bairro>
    <localidade>Arapiraca</localidade>
    <uf>AL</uf>
    <estado>Alagoas</estado>
    <região/>
    <ibge>2700300</ibge>
    <gia/>
    <ddd>82</ddd>
    <siafi>2705</siafi>
  </cep>
  <cep>
    <cep>57303-217</cep>
    <logradouro>Rua Maria Iêda de Almeida Barbosa Fernandes</logradouro>
    <complemento/>
    <unidade/>
    <bairro>Boa Vista</bairro>
    <localidade>Arapiraca</localidade>
    <uf>AL</uf>
    <estado>Alagoas</estado>
    <região/>
    <ibge>2700300</ibge>
    <gia/>
    <ddd>82</ddd>
    <siafi>2705</siafi>
  </cep>
  <cep>
    <cep>57303-271</cep>
    <logradouro>Rua Laura Félix de Menezes</logradouro>
    <complemento>(Res Morada do Sol)</complemento>
    <unidade/>
    <bairro>Boa Vista</bairro>
    <localidade>Arapiraca</localidade>
    <uf>AL</uf>
    <estado>Alagoas</estado>
    <região/>
    <ibge>2700300</ibge>
    <gia/>
    <ddd>82</ddd>
    <siafi>2705</siafi>
  </cep>
  <cep>
    <cep>57303-272</cep>
    <logradouro>Rua Ilda de Góis Magalhães</logradouro>
    <complemento>(Res Morada do Sol)</complemento>
    <unidade/>
    <bairro>Boa Vista</bairro>
    <localidade>Arapiraca</localidade>
    <uf>AL</uf>
    <estado>Alagoas</estado>
    <região/>
    <ibge>2700300</ibge>
    <gia/>
    <ddd>82</ddd>
    <siafi>2705</siafi>
  </cep>
  <cep>
    <cep>57303-331</cep>
    <logradouro>Rua Olímpio Carvalho da Paixão</logradouro>
    <complemento/>
    <unidade/>
    <bairro>Boa Vista</bairro>
    <localidade>Arapiraca</localidade>
    <uf>AL</uf>
    <estado>Alagoas</estado>
    <região/>
    <ibge>2700300</ibge>
    <gia/>
    <ddd>82</ddd>
    <siafi>2705</siafi>
  </cep>
  <cep>
    <cep>57303-334</cep>
    <logradouro>Rua Vicentina Izabel do Espírito Santo</logradouro>
    <complemento>(Res Casa Bela) - lado par</complemento>
    <unidade/>
    <bairro>Boa Vista</bairro>
    <localidade>Arapiraca</localidade>
    <uf>AL</uf>
    <estado>Alagoas</estado>
    <região/>
    <ibge>2700300</ibge>
    <gia/>
    <ddd>82</ddd>
    <siafi>2705</siafi>
  </cep>
  <cep>
    <cep>57303-420</cep>
    <logradouro>Rua Joaquim Peixoto da Silva</logradouro>
    <complemento/>
    <unidade/>
    <bairro>Guaribas</bairro>
    <localidade>Arapiraca</localidade>
    <uf>AL</uf>
    <estado>Alagoas</estado>
    <região/>
    <ibge>2700300</ibge>
    <gia/>
    <ddd>82</ddd>
    <siafi>2705</siafi>
  </cep>
  <cep>
    <cep>57303-752</cep>
    <logradouro>Rua Framboesa</logradouro>
    <complemento/>
    <unidade/>
    <bairro>Guaribas</bairro>
    <localidade>Arapiraca</localidade>
    <uf>AL</uf>
    <estado>Alagoas</estado>
    <região/>
    <ibge>2700300</ibge>
    <gia/>
    <ddd>82</ddd>
    <siafi>2705</siafi>
  </cep>
  <cep>
    <cep>57303-751</cep>
    <logradouro>Rua 24 de Junho</logradouro>
    <complemento/>
    <unidade/>
    <bairro>Guaribas</bairro>
    <localidade>Arapiraca</localidade>
    <uf>AL</uf>
    <estado>Alagoas</estado>
    <região/>
    <ibge>2700300</ibge>
    <gia/>
    <ddd>82</ddd>
    <siafi>2705</siafi>
  </cep>
  <cep>
    <cep>57303-332</cep>
    <logradouro>Rua Calmina Izabel do Espírito Santo</logradouro>
    <complemento>(Res Casa Bela) - até 99/100</complemento>
    <unidade/>
    <bairro>Boa Vista</bairro>
    <localidade>Arapiraca</localidade>
    <uf>AL</uf>
    <estado>Alagoas</estado>
    <região/>
    <ibge>2700300</ibge>
    <gia/>
    <ddd>82</ddd>
    <siafi>2705</siafi>
  </cep>
  <cep>
    <cep>57303-736</cep>
    <logradouro>Rua Juvita Pereira Lima</logradouro>
    <complemento/>
    <unidade/>
    <bairro>Guaribas</bairro>
    <localidade>Arapiraca</localidade>
    <uf>AL</uf>
    <estado>Alagoas</estado>
    <região/>
    <ibge>2700300</ibge>
    <gia/>
    <ddd>82</ddd>
    <siafi>2705</siafi>
  </cep>
  <cep>
    <cep>57303-385</cep>
    <logradouro>Rodovia AL-115</logradouro>
    <complemento>lado par</complemento>
    <unidade/>
    <bairro>Boa Vista</bairro>
    <localidade>Arapiraca</localidade>
    <uf>AL</uf>
    <estado>Alagoas</estado>
    <região/>
    <ibge>2700300</ibge>
    <gia/>
    <ddd>82</ddd>
    <siafi>2705</siafi>
  </cep>
  <cep>
    <cep>57303-333</cep>
    <logradouro>Rua Ivoneide Izabel Araújo de Almeida</logradouro>
    <complemento>(Res Casa Bela) - lado par</complemento>
    <unidade/>
    <bairro>Boa Vista</bairro>
    <localidade>Arapiraca</localidade>
    <uf>AL</uf>
    <estado>Alagoas</estado>
    <região/>
    <ibge>2700300</ibge>
    <gia/>
    <ddd>82</ddd>
    <siafi>2705</siafi>
  </cep>
  <cep>
    <cep>57303-753</cep>
    <logradouro>Rua Cravo Branco</logradouro>
    <complemento/>
    <unidade/>
    <bairro>Guaribas</bairro>
    <localidade>Arapiraca</localidade>
    <uf>AL</uf>
    <estado>Alagoas</estado>
    <região/>
    <ibge>2700300</ibge>
    <gia/>
    <ddd>82</ddd>
    <siafi>2705</siafi>
  </cep>
  <cep>
    <cep>57303-754</cep>
    <logradouro>Rua 06 de Janeiro</logradouro>
    <complemento/>
    <unidade/>
    <bairro>Guaribas</bairro>
    <localidade>Arapiraca</localidade>
    <uf>AL</uf>
    <estado>Alagoas</estado>
    <região/>
    <ibge>2700300</ibge>
    <gia/>
    <ddd>82</ddd>
    <siafi>2705</siafi>
  </cep>
  <cep>
    <cep>57303-761</cep>
    <logradouro>Rua Maria Alves de Queiroz</logradouro>
    <complemento/>
    <unidade/>
    <bairro>Olho D'Água dos Cazuzinhas</bairro>
    <localidade>Arapiraca</localidade>
    <uf>AL</uf>
    <estado>Alagoas</estado>
    <região/>
    <ibge>2700300</ibge>
    <gia/>
    <ddd>82</ddd>
    <siafi>2705</siafi>
  </cep>
  <cep>
    <cep>57303-769</cep>
    <logradouro>Rua Nossa Senhora da Saúde</logradouro>
    <complemento>(Lot Lagoas do Sul)</complemento>
    <unidade/>
    <bairro>Olho D'Água dos Cazuzinhas</bairro>
    <localidade>Arapiraca</localidade>
    <uf>AL</uf>
    <estado>Alagoas</estado>
    <região/>
    <ibge>2700300</ibge>
    <gia/>
    <ddd>82</ddd>
    <siafi>2705</siafi>
  </cep>
  <cep>
    <cep>57303-771</cep>
    <logradouro>Rua São Caetano</logradouro>
    <complemento>(Lot Lagoas do Sul)</complemento>
    <unidade/>
    <bairro>Olho D'Água dos Cazuzinhas</bairro>
    <localidade>Arapiraca</localidade>
    <uf>AL</uf>
    <estado>Alagoas</estado>
    <região/>
    <ibge>2700300</ibge>
    <gia/>
    <ddd>82</ddd>
    <siafi>2705</siafi>
  </cep>
  <cep>
    <cep>57303-777</cep>
    <logradouro>Rua Santo Felipe Benício</logradouro>
    <complemento>(Lot Lagoas do Sul)</complemento>
    <unidade/>
    <bairro>Olho D'Água dos Cazuzinhas</bairro>
    <localidade>Arapiraca</localidade>
    <uf>AL</uf>
    <estado>Alagoas</estado>
    <região/>
    <ibge>2700300</ibge>
    <gia/>
    <ddd>82</ddd>
    <siafi>2705</siafi>
  </cep>
  <cep>
    <cep>57303-781</cep>
    <logradouro>Rua Imaculada Conceição</logradouro>
    <complemento>(Lot Lagoas do Sul)</complemento>
    <unidade/>
    <bairro>Olho D'Água dos Cazuzinhas</bairro>
    <localidade>Arapiraca</localidade>
    <uf>AL</uf>
    <estado>Alagoas</estado>
    <região/>
    <ibge>2700300</ibge>
    <gia/>
    <ddd>82</ddd>
    <siafi>2705</siafi>
  </cep>
  <cep>
    <cep>57303-779</cep>
    <logradouro>Rua Santa Águeda</logradouro>
    <complemento>(Lot Lagoas do Sul)</complemento>
    <unidade/>
    <bairro>Olho D'Água dos Cazuzinhas</bairro>
    <localidade>Arapiraca</localidade>
    <uf>AL</uf>
    <estado>Alagoas</estado>
    <região/>
    <ibge>2700300</ibge>
    <gia/>
    <ddd>82</ddd>
    <siafi>2705</siafi>
  </cep>
  <cep>
    <cep>57303-787</cep>
    <logradouro>Rua Santa Ana</logradouro>
    <complemento>(Lot Lagoas do Sul)</complemento>
    <unidade/>
    <bairro>Olho D'Água dos Cazuzinhas</bairro>
    <localidade>Arapiraca</localidade>
    <uf>AL</uf>
    <estado>Alagoas</estado>
    <região/>
    <ibge>2700300</ibge>
    <gia/>
    <ddd>82</ddd>
    <siafi>2705</siafi>
  </cep>
  <cep>
    <cep>57303-789</cep>
    <logradouro>Rua Vereador Nascimento Leão</logradouro>
    <complemento>(Lot Lagoas do Sul)</complemento>
    <unidade/>
    <bairro>Olho D'Água dos Cazuzinhas</bairro>
    <localidade>Arapiraca</localidade>
    <uf>AL</uf>
    <estado>Alagoas</estado>
    <região/>
    <ibge>2700300</ibge>
    <gia/>
    <ddd>82</ddd>
    <siafi>2705</siafi>
  </cep>
  <cep>
    <cep>57303-773</cep>
    <logradouro>Rua Nossa Senhora do Perpétuo Socorro</logradouro>
    <complemento>(Lot Lagoas do Sul)</complemento>
    <unidade/>
    <bairro>Olho D'Água dos Cazuzinhas</bairro>
    <localidade>Arapiraca</localidade>
    <uf>AL</uf>
    <estado>Alagoas</estado>
    <região/>
    <ibge>2700300</ibge>
    <gia/>
    <ddd>82</ddd>
    <siafi>2705</siafi>
  </cep>
  <cep>
    <cep>57303-782</cep>
    <logradouro>Rua Nossa Senhora do Sagrado Coração de Jesus</logradouro>
    <complemento>(Lot Lagoas do Sul)</complemento>
    <unidade/>
    <bairro>Olho D'Água dos Cazuzinhas</bairro>
    <localidade>Arapiraca</localidade>
    <uf>AL</uf>
    <estado>Alagoas</estado>
    <região/>
    <ibge>2700300</ibge>
    <gia/>
    <ddd>82</ddd>
    <siafi>2705</siafi>
  </cep>
  <cep>
    <cep>57303-791</cep>
    <logradouro>Rua Papa Bento XVI</logradouro>
    <complemento/>
    <unidade/>
    <bairro>Olho D'Água dos Cazuzinhas</bairro>
    <localidade>Arapiraca</localidade>
    <uf>AL</uf>
    <estado>Alagoas</estado>
    <região/>
    <ibge>2700300</ibge>
    <gia/>
    <ddd>82</ddd>
    <siafi>2705</siafi>
  </cep>
  <cep>
    <cep>57303-795</cep>
    <logradouro>Rua Maria José dos Santos</logradouro>
    <complemento/>
    <unidade/>
    <bairro>Olho D'Água dos Cazuzinhas</bairro>
    <localidade>Arapiraca</localidade>
    <uf>AL</uf>
    <estado>Alagoas</estado>
    <região/>
    <ibge>2700300</ibge>
    <gia/>
    <ddd>82</ddd>
    <siafi>2705</siafi>
  </cep>
  <cep>
    <cep>57303-793</cep>
    <logradouro>Rua Nossa Senhora do Bom Conselho</logradouro>
    <complemento>(Lot Lagoas do Sul)</complemento>
    <unidade/>
    <bairro>Olho D'Água dos Cazuzinhas</bairro>
    <localidade>Arapiraca</localidade>
    <uf>AL</uf>
    <estado>Alagoas</estado>
    <região/>
    <ibge>2700300</ibge>
    <gia/>
    <ddd>82</ddd>
    <siafi>2705</siafi>
  </cep>
  <cep>
    <cep>57303-834</cep>
    <logradouro>Rua Francisco Cazuzinhas</logradouro>
    <complemento/>
    <unidade/>
    <bairro>Olho D'Água dos Cazuzinhas</bairro>
    <localidade>Arapiraca</localidade>
    <uf>AL</uf>
    <estado>Alagoas</estado>
    <região/>
    <ibge>2700300</ibge>
    <gia/>
    <ddd>82</ddd>
    <siafi>2705</siafi>
  </cep>
  <cep>
    <cep>57303-797</cep>
    <logradouro>Rua Santa Clara</logradouro>
    <complemento>(Lot Lagoas do Sul)</complemento>
    <unidade/>
    <bairro>Olho D'Água dos Cazuzinhas</bairro>
    <localidade>Arapiraca</localidade>
    <uf>AL</uf>
    <estado>Alagoas</estado>
    <região/>
    <ibge>2700300</ibge>
    <gia/>
    <ddd>82</ddd>
    <siafi>2705</siafi>
  </cep>
  <cep>
    <cep>57303-848</cep>
    <logradouro>Rua Eduardo Alves da Silva</logradouro>
    <complemento>(Lot Vale da Perucaba)</complemento>
    <unidade/>
    <bairro>Olho D'Água dos Cazuzinhas</bairro>
    <localidade>Arapiraca</localidade>
    <uf>AL</uf>
    <estado>Alagoas</estado>
    <região/>
    <ibge>2700300</ibge>
    <gia/>
    <ddd>82</ddd>
    <siafi>2705</siafi>
  </cep>
  <cep>
    <cep>57303-849</cep>
    <logradouro>Rua Antônio Ribeiro Pacheco</logradouro>
    <complemento>(Lot Vale da Perucaba)</complemento>
    <unidade/>
    <bairro>Olho D'Água dos Cazuzinhas</bairro>
    <localidade>Arapiraca</localidade>
    <uf>AL</uf>
    <estado>Alagoas</estado>
    <região/>
    <ibge>2700300</ibge>
    <gia/>
    <ddd>82</ddd>
    <siafi>2705</siafi>
  </cep>
  <cep>
    <cep>57303-852</cep>
    <logradouro>Rua João Antônio da Silva</logradouro>
    <complemento>(Lot Vale da Perucaba)</complemento>
    <unidade/>
    <bairro>Olho D'Água dos Cazuzinhas</bairro>
    <localidade>Arapiraca</localidade>
    <uf>AL</uf>
    <estado>Alagoas</estado>
    <região/>
    <ibge>2700300</ibge>
    <gia/>
    <ddd>82</ddd>
    <siafi>2705</siafi>
  </cep>
  <cep>
    <cep>57303-851</cep>
    <logradouro>Rua Deocleciano Aurélio de Souza</logradouro>
    <complemento>(Lot Vale da Perucaba)</complemento>
    <unidade/>
    <bairro>Olho D'Água dos Cazuzinhas</bairro>
    <localidade>Arapiraca</localidade>
    <uf>AL</uf>
    <estado>Alagoas</estado>
    <região/>
    <ibge>2700300</ibge>
    <gia/>
    <ddd>82</ddd>
    <siafi>2705</siafi>
  </cep>
  <cep>
    <cep>57303-847</cep>
    <logradouro>Rua Francisco Pereira Lima</logradouro>
    <complemento>(Lot Vale da Perucaba)</complemento>
    <unidade/>
    <bairro>Olho D'Água dos Cazuzinhas</bairro>
    <localidade>Arapiraca</localidade>
    <uf>AL</uf>
    <estado>Alagoas</estado>
    <região/>
    <ibge>2700300</ibge>
    <gia/>
    <ddd>82</ddd>
    <siafi>2705</siafi>
  </cep>
  <cep>
    <cep>57303-853</cep>
    <logradouro>Rua Januário Leite da Silva</logradouro>
    <complemento>(Lot Vale da Perucaba)</complemento>
    <unidade/>
    <bairro>Olho D'Água dos Cazuzinhas</bairro>
    <localidade>Arapiraca</localidade>
    <uf>AL</uf>
    <estado>Alagoas</estado>
    <região/>
    <ibge>2700300</ibge>
    <gia/>
    <ddd>82</ddd>
    <siafi>2705</siafi>
  </cep>
  <cep>
    <cep>57303-858</cep>
    <logradouro>Rua Antônio Vital Sobrinho</logradouro>
    <complemento>(Lot Vale da Perucaba)</complemento>
    <unidade/>
    <bairro>Olho D'Água dos Cazuzinhas</bairro>
    <localidade>Arapiraca</localidade>
    <uf>AL</uf>
    <estado>Alagoas</estado>
    <região/>
    <ibge>2700300</ibge>
    <gia/>
    <ddd>82</ddd>
    <siafi>2705</siafi>
  </cep>
  <cep>
    <cep>57303-854</cep>
    <logradouro>Rua José Lima Mota</logradouro>
    <complemento>(Lot Vale da Perucaba)</complemento>
    <unidade/>
    <bairro>Olho D'Água dos Cazuzinhas</bairro>
    <localidade>Arapiraca</localidade>
    <uf>AL</uf>
    <estado>Alagoas</estado>
    <região/>
    <ibge>2700300</ibge>
    <gia/>
    <ddd>82</ddd>
    <siafi>2705</siafi>
  </cep>
  <cep>
    <cep>57303-856</cep>
    <logradouro>Rua Manoel Ângelo Sobrinho</logradouro>
    <complemento>(Lot Vale da Perucaba)</complemento>
    <unidade/>
    <bairro>Olho D'Água dos Cazuzinhas</bairro>
    <localidade>Arapiraca</localidade>
    <uf>AL</uf>
    <estado>Alagoas</estado>
    <região/>
    <ibge>2700300</ibge>
    <gia/>
    <ddd>82</ddd>
    <siafi>2705</siafi>
  </cep>
  <cep>
    <cep>57303-867</cep>
    <logradouro>Rua Girson Olímpio da Silva</logradouro>
    <complemento>(Lot Vale da Perucaba)</complemento>
    <unidade/>
    <bairro>Olho D'Água dos Cazuzinhas</bairro>
    <localidade>Arapiraca</localidade>
    <uf>AL</uf>
    <estado>Alagoas</estado>
    <região/>
    <ibge>2700300</ibge>
    <gia/>
    <ddd>82</ddd>
    <siafi>2705</siafi>
  </cep>
  <cep>
    <cep>57303-862</cep>
    <logradouro>Rua Jorge Valença Neves</logradouro>
    <complemento>(Lot Vale da Perucaba)</complemento>
    <unidade/>
    <bairro>Olho D'Água dos Cazuzinhas</bairro>
    <localidade>Arapiraca</localidade>
    <uf>AL</uf>
    <estado>Alagoas</estado>
    <região/>
    <ibge>2700300</ibge>
    <gia/>
    <ddd>82</ddd>
    <siafi>2705</siafi>
  </cep>
  <cep>
    <cep>57303-866</cep>
    <logradouro>Rua Edelzito Carvalho Castelo Branco</logradouro>
    <complemento>(Lot Vale da Perucaba)</complemento>
    <unidade/>
    <bairro>Olho D'Água dos Cazuzinhas</bairro>
    <localidade>Arapiraca</localidade>
    <uf>AL</uf>
    <estado>Alagoas</estado>
    <região/>
    <ibge>2700300</ibge>
    <gia/>
    <ddd>82</ddd>
    <siafi>2705</siafi>
  </cep>
  <cep>
    <cep>57303-863</cep>
    <logradouro>Rua Epitácio Rodrigues</logradouro>
    <complemento>(Lot Vale da Perucaba)</complemento>
    <unidade/>
    <bairro>Olho D'Água dos Cazuzinhas</bairro>
    <localidade>Arapiraca</localidade>
    <uf>AL</uf>
    <estado>Alagoas</estado>
    <região/>
    <ibge>2700300</ibge>
    <gia/>
    <ddd>82</ddd>
    <siafi>2705</siafi>
  </cep>
  <cep>
    <cep>57303-869</cep>
    <logradouro>Rua José Henrique Filho</logradouro>
    <complemento>(Lot Vale da Perucaba)</complemento>
    <unidade/>
    <bairro>Olho D'Água dos Cazuzinhas</bairro>
    <localidade>Arapiraca</localidade>
    <uf>AL</uf>
    <estado>Alagoas</estado>
    <região/>
    <ibge>2700300</ibge>
    <gia/>
    <ddd>82</ddd>
    <siafi>2705</siafi>
  </cep>
  <cep>
    <cep>57303-864</cep>
    <logradouro>Rua Rafaelito Alves Pereira</logradouro>
    <complemento>(Lot Vale da Perucaba)</complemento>
    <unidade/>
    <bairro>Olho D'Água dos Cazuzinhas</bairro>
    <localidade>Arapiraca</localidade>
    <uf>AL</uf>
    <estado>Alagoas</estado>
    <região/>
    <ibge>2700300</ibge>
    <gia/>
    <ddd>82</ddd>
    <siafi>2705</siafi>
  </cep>
  <cep>
    <cep>57305-010</cep>
    <logradouro>Rua Graciliano Ramos</logradouro>
    <complemento/>
    <unidade/>
    <bairro>Manuel Teles</bairro>
    <localidade>Arapiraca</localidade>
    <uf>AL</uf>
    <estado>Alagoas</estado>
    <região/>
    <ibge>2700300</ibge>
    <gia/>
    <ddd>82</ddd>
    <siafi>2705</siafi>
  </cep>
  <cep>
    <cep>57305-430</cep>
    <logradouro>Rua Antônio Marroquim</logradouro>
    <complemento/>
    <unidade/>
    <bairro>Baixão</bairro>
    <localidade>Arapiraca</localidade>
    <uf>AL</uf>
    <estado>Alagoas</estado>
    <região/>
    <ibge>2700300</ibge>
    <gia/>
    <ddd>82</ddd>
    <siafi>2705</siafi>
  </cep>
  <cep>
    <cep>57303-859</cep>
    <logradouro>Rua Lourival Ferreira Silva</logradouro>
    <complemento>(Lot Vale da Perucaba)</complemento>
    <unidade/>
    <bairro>Olho D'Água dos Cazuzinhas</bairro>
    <localidade>Arapiraca</localidade>
    <uf>AL</uf>
    <estado>Alagoas</estado>
    <região/>
    <ibge>2700300</ibge>
    <gia/>
    <ddd>82</ddd>
    <siafi>2705</siafi>
  </cep>
  <cep>
    <cep>57305-705</cep>
    <logradouro>Rua Agnelo Leite</logradouro>
    <complemento/>
    <unidade/>
    <bairro>Zélia Barbosa Rocha</bairro>
    <localidade>Arapiraca</localidade>
    <uf>AL</uf>
    <estado>Alagoas</estado>
    <região/>
    <ibge>2700300</ibge>
    <gia/>
    <ddd>82</ddd>
    <siafi>2705</siafi>
  </cep>
  <cep>
    <cep>57305-303</cep>
    <logradouro>Rua Gregório Neves da Silva</logradouro>
    <complemento/>
    <unidade/>
    <bairro>Manuel Teles</bairro>
    <localidade>Arapiraca</localidade>
    <uf>AL</uf>
    <estado>Alagoas</estado>
    <região/>
    <ibge>2700300</ibge>
    <gia/>
    <ddd>82</ddd>
    <siafi>2705</siafi>
  </cep>
  <cep>
    <cep>57303-868</cep>
    <logradouro>Rua Pascoal Barbosa dos Santos</logradouro>
    <complemento>(Lot Vale da Perucaba)</complemento>
    <unidade/>
    <bairro>Olho D'Água dos Cazuzinhas</bairro>
    <localidade>Arapiraca</localidade>
    <uf>AL</uf>
    <estado>Alagoas</estado>
    <região/>
    <ibge>2700300</ibge>
    <gia/>
    <ddd>82</ddd>
    <siafi>2705</siafi>
  </cep>
  <cep>
    <cep>57303-857</cep>
    <logradouro>Rua Cleones Macenas</logradouro>
    <complemento>(Lot Vale da Perucaba)</complemento>
    <unidade/>
    <bairro>Olho D'Água dos Cazuzinhas</bairro>
    <localidade>Arapiraca</localidade>
    <uf>AL</uf>
    <estado>Alagoas</estado>
    <região/>
    <ibge>2700300</ibge>
    <gia/>
    <ddd>82</ddd>
    <siafi>2705</siafi>
  </cep>
  <cep>
    <cep>57305-754</cep>
    <logradouro>Rua Rosa Macário de Lima</logradouro>
    <complemento/>
    <unidade/>
    <bairro>Zélia Barbosa Rocha</bairro>
    <localidade>Arapiraca</localidade>
    <uf>AL</uf>
    <estado>Alagoas</estado>
    <região/>
    <ibge>2700300</ibge>
    <gia/>
    <ddd>82</ddd>
    <siafi>2705</siafi>
  </cep>
  <cep>
    <cep>57082-113</cep>
    <logradouro>Rua Venezuela</logradouro>
    <complemento/>
    <unidade/>
    <bairro>Santa Lúcia</bairro>
    <localidade>Maceió</localidade>
    <uf>AL</uf>
    <estado>Alagoas</estado>
    <região/>
    <ibge>2704302</ibge>
    <gia/>
    <ddd>82</ddd>
    <siafi>2785</siafi>
  </cep>
  <cep>
    <cep>57305-755</cep>
    <logradouro>Rua Manoel Rolim Nunes</logradouro>
    <complemento/>
    <unidade/>
    <bairro>Zélia Barbosa Rocha</bairro>
    <localidade>Arapiraca</localidade>
    <uf>AL</uf>
    <estado>Alagoas</estado>
    <região/>
    <ibge>2700300</ibge>
    <gia/>
    <ddd>82</ddd>
    <siafi>2705</siafi>
  </cep>
  <cep>
    <cep>57305-756</cep>
    <logradouro>Rua Mário Quintana</logradouro>
    <complemento/>
    <unidade/>
    <bairro>Zélia Barbosa Rocha</bairro>
    <localidade>Arapiraca</localidade>
    <uf>AL</uf>
    <estado>Alagoas</estado>
    <região/>
    <ibge>2700300</ibge>
    <gia/>
    <ddd>82</ddd>
    <siafi>2705</siafi>
  </cep>
  <cep>
    <cep>57307-004</cep>
    <logradouro>Rua Geraldina Raimunda Lustosa</logradouro>
    <complemento/>
    <unidade/>
    <bairro>Baixa Grande</bairro>
    <localidade>Arapiraca</localidade>
    <uf>AL</uf>
    <estado>Alagoas</estado>
    <região/>
    <ibge>2700300</ibge>
    <gia/>
    <ddd>82</ddd>
    <siafi>2705</siafi>
  </cep>
  <cep>
    <cep>57307-002</cep>
    <logradouro>Rua Miguel Ferreira Lustosa</logradouro>
    <complemento/>
    <unidade/>
    <bairro>Baixa Grande</bairro>
    <localidade>Arapiraca</localidade>
    <uf>AL</uf>
    <estado>Alagoas</estado>
    <região/>
    <ibge>2700300</ibge>
    <gia/>
    <ddd>82</ddd>
    <siafi>2705</siafi>
  </cep>
  <cep>
    <cep>57305-860</cep>
    <logradouro>Rua José Alves da Silva</logradouro>
    <complemento>(Lot Porto Seguro)</complemento>
    <unidade/>
    <bairro>Zélia Barbosa Rocha</bairro>
    <localidade>Arapiraca</localidade>
    <uf>AL</uf>
    <estado>Alagoas</estado>
    <região/>
    <ibge>2700300</ibge>
    <gia/>
    <ddd>82</ddd>
    <siafi>2705</siafi>
  </cep>
  <cep>
    <cep>57307-008</cep>
    <logradouro>Rua José de Oliveira Silva</logradouro>
    <complemento/>
    <unidade/>
    <bairro>Baixa Grande</bairro>
    <localidade>Arapiraca</localidade>
    <uf>AL</uf>
    <estado>Alagoas</estado>
    <região/>
    <ibge>2700300</ibge>
    <gia/>
    <ddd>82</ddd>
    <siafi>2705</siafi>
  </cep>
  <cep>
    <cep>57306-460</cep>
    <logradouro>Rua Plácido José da Costa</logradouro>
    <complemento/>
    <unidade/>
    <bairro>Cavaco</bairro>
    <localidade>Arapiraca</localidade>
    <uf>AL</uf>
    <estado>Alagoas</estado>
    <região/>
    <ibge>2700300</ibge>
    <gia/>
    <ddd>82</ddd>
    <siafi>2705</siafi>
  </cep>
  <cep>
    <cep>57305-758</cep>
    <logradouro>Rua Antonio Ventura Sobrinho</logradouro>
    <complemento/>
    <unidade/>
    <bairro>Zélia Barbosa Rocha</bairro>
    <localidade>Arapiraca</localidade>
    <uf>AL</uf>
    <estado>Alagoas</estado>
    <região/>
    <ibge>2700300</ibge>
    <gia/>
    <ddd>82</ddd>
    <siafi>2705</siafi>
  </cep>
  <cep>
    <cep>57307-370</cep>
    <logradouro>Praça Maria das Dores Carvalho Lima</logradouro>
    <complemento/>
    <unidade/>
    <bairro>Jardim Esperança</bairro>
    <localidade>Arapiraca</localidade>
    <uf>AL</uf>
    <estado>Alagoas</estado>
    <região/>
    <ibge>2700300</ibge>
    <gia/>
    <ddd>82</ddd>
    <siafi>2705</siafi>
  </cep>
  <cep>
    <cep>57307-155</cep>
    <logradouro>Rua Santa Tereza</logradouro>
    <complemento/>
    <unidade/>
    <bairro>Baixa Grande</bairro>
    <localidade>Arapiraca</localidade>
    <uf>AL</uf>
    <estado>Alagoas</estado>
    <região/>
    <ibge>2700300</ibge>
    <gia/>
    <ddd>82</ddd>
    <siafi>2705</siafi>
  </cep>
  <cep>
    <cep>57307-600</cep>
    <logradouro>Rua Antônio Estevão da Silva</logradouro>
    <complemento/>
    <unidade/>
    <bairro>Jardim Esperança</bairro>
    <localidade>Arapiraca</localidade>
    <uf>AL</uf>
    <estado>Alagoas</estado>
    <região/>
    <ibge>2700300</ibge>
    <gia/>
    <ddd>82</ddd>
    <siafi>2705</siafi>
  </cep>
  <cep>
    <cep>57307-762</cep>
    <logradouro>Rua João Lucas Farias Pereira</logradouro>
    <complemento>(Lot Novo Jardim)</complemento>
    <unidade/>
    <bairro>Jardim Esperança</bairro>
    <localidade>Arapiraca</localidade>
    <uf>AL</uf>
    <estado>Alagoas</estado>
    <região/>
    <ibge>2700300</ibge>
    <gia/>
    <ddd>82</ddd>
    <siafi>2705</siafi>
  </cep>
  <cep>
    <cep>57307-768</cep>
    <logradouro>Rua Severino de Vasconcelos Oliveira</logradouro>
    <complemento>(Lot Novo Jardim)</complemento>
    <unidade/>
    <bairro>Jardim Esperança</bairro>
    <localidade>Arapiraca</localidade>
    <uf>AL</uf>
    <estado>Alagoas</estado>
    <região/>
    <ibge>2700300</ibge>
    <gia/>
    <ddd>82</ddd>
    <siafi>2705</siafi>
  </cep>
  <cep>
    <cep>57307-766</cep>
    <logradouro>Rua Severino de Oliveira Barbosa</logradouro>
    <complemento>(Lot Novo Jardim)</complemento>
    <unidade/>
    <bairro>Jardim Esperança</bairro>
    <localidade>Arapiraca</localidade>
    <uf>AL</uf>
    <estado>Alagoas</estado>
    <região/>
    <ibge>2700300</ibge>
    <gia/>
    <ddd>82</ddd>
    <siafi>2705</siafi>
  </cep>
  <cep>
    <cep>57307-764</cep>
    <logradouro>Rua José Roberto Teles de Oliveira</logradouro>
    <complemento>(Lot Novo Jardim)</complemento>
    <unidade/>
    <bairro>Jardim Esperança</bairro>
    <localidade>Arapiraca</localidade>
    <uf>AL</uf>
    <estado>Alagoas</estado>
    <região/>
    <ibge>2700300</ibge>
    <gia/>
    <ddd>82</ddd>
    <siafi>2705</siafi>
  </cep>
  <cep>
    <cep>57308-540</cep>
    <logradouro>Rua Aroldo Júlio da Silva</logradouro>
    <complemento/>
    <unidade/>
    <bairro>Planalto</bairro>
    <localidade>Arapiraca</localidade>
    <uf>AL</uf>
    <estado>Alagoas</estado>
    <região/>
    <ibge>2700300</ibge>
    <gia/>
    <ddd>82</ddd>
    <siafi>2705</siafi>
  </cep>
  <cep>
    <cep>57309-458</cep>
    <logradouro>Rua Aurélio Ursulino Malaquias</logradouro>
    <complemento/>
    <unidade/>
    <bairro>Senador Nilo Coelho</bairro>
    <localidade>Arapiraca</localidade>
    <uf>AL</uf>
    <estado>Alagoas</estado>
    <região/>
    <ibge>2700300</ibge>
    <gia/>
    <ddd>82</ddd>
    <siafi>2705</siafi>
  </cep>
  <cep>
    <cep>57309-806</cep>
    <logradouro>Rua José de Castro Tavares</logradouro>
    <complemento>(Lot Aroeiras)</complemento>
    <unidade/>
    <bairro>Massaranduba</bairro>
    <localidade>Arapiraca</localidade>
    <uf>AL</uf>
    <estado>Alagoas</estado>
    <região/>
    <ibge>2700300</ibge>
    <gia/>
    <ddd>82</ddd>
    <siafi>2705</siafi>
  </cep>
  <cep>
    <cep>57309-708</cep>
    <logradouro>Rua Bem-ti-vi</logradouro>
    <complemento/>
    <unidade/>
    <bairro>Massaranduba</bairro>
    <localidade>Arapiraca</localidade>
    <uf>AL</uf>
    <estado>Alagoas</estado>
    <região/>
    <ibge>2700300</ibge>
    <gia/>
    <ddd>82</ddd>
    <siafi>2705</siafi>
  </cep>
  <cep>
    <cep>57309-817</cep>
    <logradouro>Rua Flávio Ramon de Almeida Filho</logradouro>
    <complemento>(Lot Aroeiras)</complemento>
    <unidade/>
    <bairro>Massaranduba</bairro>
    <localidade>Arapiraca</localidade>
    <uf>AL</uf>
    <estado>Alagoas</estado>
    <região/>
    <ibge>2700300</ibge>
    <gia/>
    <ddd>82</ddd>
    <siafi>2705</siafi>
  </cep>
  <cep>
    <cep>57309-801</cep>
    <logradouro>Rua Domingos da Fonseca Sobrinho</logradouro>
    <complemento>(Lot Aroeiras)</complemento>
    <unidade/>
    <bairro>Massaranduba</bairro>
    <localidade>Arapiraca</localidade>
    <uf>AL</uf>
    <estado>Alagoas</estado>
    <região/>
    <ibge>2700300</ibge>
    <gia/>
    <ddd>82</ddd>
    <siafi>2705</siafi>
  </cep>
  <cep>
    <cep>57309-060</cep>
    <logradouro>Rua Elita Barros de Oliveira</logradouro>
    <complemento/>
    <unidade/>
    <bairro>Bom Sucesso</bairro>
    <localidade>Arapiraca</localidade>
    <uf>AL</uf>
    <estado>Alagoas</estado>
    <região/>
    <ibge>2700300</ibge>
    <gia/>
    <ddd>82</ddd>
    <siafi>2705</siafi>
  </cep>
  <cep>
    <cep>57308-460</cep>
    <logradouro>Rua Viçosa</logradouro>
    <complemento/>
    <unidade/>
    <bairro>Planalto</bairro>
    <localidade>Arapiraca</localidade>
    <uf>AL</uf>
    <estado>Alagoas</estado>
    <região/>
    <ibge>2700300</ibge>
    <gia/>
    <ddd>82</ddd>
    <siafi>2705</siafi>
  </cep>
  <cep>
    <cep>57309-803</cep>
    <logradouro>Rua Antônio Machado Neto</logradouro>
    <complemento>(Lot Aroeiras)</complemento>
    <unidade/>
    <bairro>Massaranduba</bairro>
    <localidade>Arapiraca</localidade>
    <uf>AL</uf>
    <estado>Alagoas</estado>
    <região/>
    <ibge>2700300</ibge>
    <gia/>
    <ddd>82</ddd>
    <siafi>2705</siafi>
  </cep>
  <cep>
    <cep>57309-827</cep>
    <logradouro>Rua Alexandre Tito</logradouro>
    <complemento>(Lot N S Aparecida)</complemento>
    <unidade/>
    <bairro>Massaranduba</bairro>
    <localidade>Arapiraca</localidade>
    <uf>AL</uf>
    <estado>Alagoas</estado>
    <região/>
    <ibge>2700300</ibge>
    <gia/>
    <ddd>82</ddd>
    <siafi>2705</siafi>
  </cep>
  <cep>
    <cep>57309-829</cep>
    <logradouro>Rua Miguel Vieira Dules</logradouro>
    <complemento>(Lot N S Aparecida)</complemento>
    <unidade/>
    <bairro>Massaranduba</bairro>
    <localidade>Arapiraca</localidade>
    <uf>AL</uf>
    <estado>Alagoas</estado>
    <região/>
    <ibge>2700300</ibge>
    <gia/>
    <ddd>82</ddd>
    <siafi>2705</siafi>
  </cep>
  <cep>
    <cep>57309-706</cep>
    <logradouro>Rua Mutum</logradouro>
    <complemento/>
    <unidade/>
    <bairro>Massaranduba</bairro>
    <localidade>Arapiraca</localidade>
    <uf>AL</uf>
    <estado>Alagoas</estado>
    <região/>
    <ibge>2700300</ibge>
    <gia/>
    <ddd>82</ddd>
    <siafi>2705</siafi>
  </cep>
  <cep>
    <cep>57309-844</cep>
    <logradouro>Rua João do Pife</logradouro>
    <complemento>(Lot N S Aparecida)</complemento>
    <unidade/>
    <bairro>Massaranduba</bairro>
    <localidade>Arapiraca</localidade>
    <uf>AL</uf>
    <estado>Alagoas</estado>
    <região/>
    <ibge>2700300</ibge>
    <gia/>
    <ddd>82</ddd>
    <siafi>2705</siafi>
  </cep>
  <cep>
    <cep>57309-841</cep>
    <logradouro>Rua Jorge de Lima</logradouro>
    <complemento>(Lot N S Aparecida)</complemento>
    <unidade/>
    <bairro>Massaranduba</bairro>
    <localidade>Arapiraca</localidade>
    <uf>AL</uf>
    <estado>Alagoas</estado>
    <região/>
    <ibge>2700300</ibge>
    <gia/>
    <ddd>82</ddd>
    <siafi>2705</siafi>
  </cep>
  <cep>
    <cep>57309-847</cep>
    <logradouro>Rua Afrísio Acácio</logradouro>
    <complemento>(Lot N S Aparecida)</complemento>
    <unidade/>
    <bairro>Massaranduba</bairro>
    <localidade>Arapiraca</localidade>
    <uf>AL</uf>
    <estado>Alagoas</estado>
    <região/>
    <ibge>2700300</ibge>
    <gia/>
    <ddd>82</ddd>
    <siafi>2705</siafi>
  </cep>
  <cep>
    <cep>57310-230</cep>
    <logradouro>Avenida Ministro Petrônio Portela</logradouro>
    <complemento/>
    <unidade/>
    <bairro>Capiatã</bairro>
    <localidade>Arapiraca</localidade>
    <uf>AL</uf>
    <estado>Alagoas</estado>
    <região/>
    <ibge>2700300</ibge>
    <gia/>
    <ddd>82</ddd>
    <siafi>2705</siafi>
  </cep>
  <cep>
    <cep>57310-234</cep>
    <logradouro>Rua Professor Antonio Tenório</logradouro>
    <complemento>lado ímpar</complemento>
    <unidade/>
    <bairro>Capiatã</bairro>
    <localidade>Arapiraca</localidade>
    <uf>AL</uf>
    <estado>Alagoas</estado>
    <região/>
    <ibge>2700300</ibge>
    <gia/>
    <ddd>82</ddd>
    <siafi>2705</siafi>
  </cep>
  <cep>
    <cep>57311-450</cep>
    <logradouro>Rua Francisco Carlos Barbosa Rocha</logradouro>
    <complemento/>
    <unidade/>
    <bairro>Caititus</bairro>
    <localidade>Arapiraca</localidade>
    <uf>AL</uf>
    <estado>Alagoas</estado>
    <região/>
    <ibge>2700300</ibge>
    <gia/>
    <ddd>82</ddd>
    <siafi>2705</siafi>
  </cep>
  <cep>
    <cep>57310-525</cep>
    <logradouro>Rua Professora Branca Leite</logradouro>
    <complemento/>
    <unidade/>
    <bairro>Brasiliana</bairro>
    <localidade>Arapiraca</localidade>
    <uf>AL</uf>
    <estado>Alagoas</estado>
    <região/>
    <ibge>2700300</ibge>
    <gia/>
    <ddd>82</ddd>
    <siafi>2705</siafi>
  </cep>
  <cep>
    <cep>57311-315</cep>
    <logradouro>Rua Professor Antonio Tenório</logradouro>
    <complemento>lado par</complemento>
    <unidade/>
    <bairro>Caititus</bairro>
    <localidade>Arapiraca</localidade>
    <uf>AL</uf>
    <estado>Alagoas</estado>
    <região/>
    <ibge>2700300</ibge>
    <gia/>
    <ddd>82</ddd>
    <siafi>2705</siafi>
  </cep>
  <cep>
    <cep>57310-275</cep>
    <logradouro>Rua Antônio Freire da Costa</logradouro>
    <complemento/>
    <unidade/>
    <bairro>Santa Edwiges</bairro>
    <localidade>Arapiraca</localidade>
    <uf>AL</uf>
    <estado>Alagoas</estado>
    <região/>
    <ibge>2700300</ibge>
    <gia/>
    <ddd>82</ddd>
    <siafi>2705</siafi>
  </cep>
  <cep>
    <cep>57311-220</cep>
    <logradouro>Rua Presidente Dutra</logradouro>
    <complemento>de 297/298 ao fim</complemento>
    <unidade/>
    <bairro>Caititus</bairro>
    <localidade>Arapiraca</localidade>
    <uf>AL</uf>
    <estado>Alagoas</estado>
    <região/>
    <ibge>2700300</ibge>
    <gia/>
    <ddd>82</ddd>
    <siafi>2705</siafi>
  </cep>
  <cep>
    <cep>57312-010</cep>
    <logradouro>Rua São João</logradouro>
    <complemento>lado par</complemento>
    <unidade/>
    <bairro>Santa Esmeralda</bairro>
    <localidade>Arapiraca</localidade>
    <uf>AL</uf>
    <estado>Alagoas</estado>
    <região/>
    <ibge>2700300</ibge>
    <gia/>
    <ddd>82</ddd>
    <siafi>2705</siafi>
  </cep>
  <cep>
    <cep>57312-440</cep>
    <logradouro>Rua Florêncio Apolinário</logradouro>
    <complemento/>
    <unidade/>
    <bairro>Alto do Cruzeiro</bairro>
    <localidade>Arapiraca</localidade>
    <uf>AL</uf>
    <estado>Alagoas</estado>
    <região/>
    <ibge>2700300</ibge>
    <gia/>
    <ddd>82</ddd>
    <siafi>2705</siafi>
  </cep>
  <cep>
    <cep>57312-026</cep>
    <logradouro>Rua José Machado Sobrinho</logradouro>
    <complemento/>
    <unidade/>
    <bairro>Santa Esmeralda</bairro>
    <localidade>Arapiraca</localidade>
    <uf>AL</uf>
    <estado>Alagoas</estado>
    <região/>
    <ibge>2700300</ibge>
    <gia/>
    <ddd>82</ddd>
    <siafi>2705</siafi>
  </cep>
  <cep>
    <cep>57313-080</cep>
    <logradouro>Rua Santa Efigênia</logradouro>
    <complemento/>
    <unidade/>
    <bairro>Brasília</bairro>
    <localidade>Arapiraca</localidade>
    <uf>AL</uf>
    <estado>Alagoas</estado>
    <região/>
    <ibge>2700300</ibge>
    <gia/>
    <ddd>82</ddd>
    <siafi>2705</siafi>
  </cep>
  <cep>
    <cep>57316-080</cep>
    <logradouro>Rua Formosa</logradouro>
    <complemento/>
    <unidade/>
    <bairro>Jardim Tropical</bairro>
    <localidade>Arapiraca</localidade>
    <uf>AL</uf>
    <estado>Alagoas</estado>
    <região/>
    <ibge>2700300</ibge>
    <gia/>
    <ddd>82</ddd>
    <siafi>2705</siafi>
  </cep>
  <cep>
    <cep>57315-720</cep>
    <logradouro>Rua Claudeci Gregório da Silva</logradouro>
    <complemento/>
    <unidade/>
    <bairro>Senador Arnon de Melo</bairro>
    <localidade>Arapiraca</localidade>
    <uf>AL</uf>
    <estado>Alagoas</estado>
    <região/>
    <ibge>2700300</ibge>
    <gia/>
    <ddd>82</ddd>
    <siafi>2705</siafi>
  </cep>
  <cep>
    <cep>57314-285</cep>
    <logradouro>Rua Alfredo Alves da Silva</logradouro>
    <complemento/>
    <unidade/>
    <bairro>Itapoã</bairro>
    <localidade>Arapiraca</localidade>
    <uf>AL</uf>
    <estado>Alagoas</estado>
    <região/>
    <ibge>2700300</ibge>
    <gia/>
    <ddd>82</ddd>
    <siafi>2705</siafi>
  </cep>
  <cep>
    <cep>57316-105</cep>
    <logradouro>Rua Antônio Evangelista da Silva</logradouro>
    <complemento/>
    <unidade/>
    <bairro>Jardim Tropical</bairro>
    <localidade>Arapiraca</localidade>
    <uf>AL</uf>
    <estado>Alagoas</estado>
    <região/>
    <ibge>2700300</ibge>
    <gia/>
    <ddd>82</ddd>
    <siafi>2705</siafi>
  </cep>
  <cep>
    <cep>57314-115</cep>
    <logradouro>Rua Josival Gomes de Oliveira</logradouro>
    <complemento/>
    <unidade/>
    <bairro>Itapoã</bairro>
    <localidade>Arapiraca</localidade>
    <uf>AL</uf>
    <estado>Alagoas</estado>
    <região/>
    <ibge>2700300</ibge>
    <gia/>
    <ddd>82</ddd>
    <siafi>2705</siafi>
  </cep>
  <cep>
    <cep>57312-490</cep>
    <logradouro>Rua Francisco Chagas</logradouro>
    <complemento/>
    <unidade/>
    <bairro>Alto do Cruzeiro</bairro>
    <localidade>Arapiraca</localidade>
    <uf>AL</uf>
    <estado>Alagoas</estado>
    <região/>
    <ibge>2700300</ibge>
    <gia/>
    <ddd>82</ddd>
    <siafi>2705</siafi>
  </cep>
  <cep>
    <cep>57312-400</cep>
    <logradouro>Rua Maria José da Silva</logradouro>
    <complemento/>
    <unidade/>
    <bairro>Alto do Cruzeiro</bairro>
    <localidade>Arapiraca</localidade>
    <uf>AL</uf>
    <estado>Alagoas</estado>
    <região/>
    <ibge>2700300</ibge>
    <gia/>
    <ddd>82</ddd>
    <siafi>2705</siafi>
  </cep>
  <cep>
    <cep>57316-365</cep>
    <logradouro>Rua Manoel Gama Farias</logradouro>
    <complemento/>
    <unidade/>
    <bairro>Nova Esperança</bairro>
    <localidade>Arapiraca</localidade>
    <uf>AL</uf>
    <estado>Alagoas</estado>
    <região/>
    <ibge>2700300</ibge>
    <gia/>
    <ddd>82</ddd>
    <siafi>2705</siafi>
  </cep>
  <cep>
    <cep>57316-412</cep>
    <logradouro>Rua Olívia Leão Barbosa</logradouro>
    <complemento/>
    <unidade/>
    <bairro>Nova Esperança</bairro>
    <localidade>Arapiraca</localidade>
    <uf>AL</uf>
    <estado>Alagoas</estado>
    <região/>
    <ibge>2700300</ibge>
    <gia/>
    <ddd>82</ddd>
    <siafi>2705</siafi>
  </cep>
  <cep>
    <cep>57316-458</cep>
    <logradouro>Rua Otilina Fernandes da Silva</logradouro>
    <complemento/>
    <unidade/>
    <bairro>Nova Esperança</bairro>
    <localidade>Arapiraca</localidade>
    <uf>AL</uf>
    <estado>Alagoas</estado>
    <região/>
    <ibge>2700300</ibge>
    <gia/>
    <ddd>82</ddd>
    <siafi>2705</siafi>
  </cep>
  <cep>
    <cep>57316-456</cep>
    <logradouro>Rua Professora Odete Fernandes da Silva</logradouro>
    <complemento/>
    <unidade/>
    <bairro>Nova Esperança</bairro>
    <localidade>Arapiraca</localidade>
    <uf>AL</uf>
    <estado>Alagoas</estado>
    <região/>
    <ibge>2700300</ibge>
    <gia/>
    <ddd>82</ddd>
    <siafi>2705</siafi>
  </cep>
  <cep>
    <cep>57318-900</cep>
    <logradouro/>
    <complemento/>
    <unidade/>
    <bairro>Olho D'Água de Cima</bairro>
    <localidade>Arapiraca</localidade>
    <uf>AL</uf>
    <estado>Alagoas</estado>
    <região/>
    <ibge>2700300</ibge>
    <gia/>
    <ddd>82</ddd>
    <siafi>2705</siafi>
  </cep>
  <cep>
    <cep>57600-020</cep>
    <logradouro>Rua Tobias Costa</logradouro>
    <complemento/>
    <unidade/>
    <bairro>Centro</bairro>
    <localidade>Palmeira dos Índios</localidade>
    <uf>AL</uf>
    <estado>Alagoas</estado>
    <região/>
    <ibge>2706307</ibge>
    <gia/>
    <ddd>82</ddd>
    <siafi>2825</siafi>
  </cep>
  <cep>
    <cep>57600-110</cep>
    <logradouro>Rua São Vicente</logradouro>
    <complemento/>
    <unidade/>
    <bairro>Centro</bairro>
    <localidade>Palmeira dos Índios</localidade>
    <uf>AL</uf>
    <estado>Alagoas</estado>
    <região/>
    <ibge>2706307</ibge>
    <gia/>
    <ddd>82</ddd>
    <siafi>2825</siafi>
  </cep>
  <cep>
    <cep/>
    <logradouro/>
    <complemento/>
    <unidade/>
    <bairro/>
    <localidade/>
    <uf/>
    <estado/>
    <região/>
    <ibge/>
    <gia/>
    <ddd/>
    <siafi/>
  </cep>
  <cep>
    <cep>57600-670</cep>
    <logradouro>Rua Treze de Maio</logradouro>
    <complemento/>
    <unidade/>
    <bairro>Alto do Cruzeiro</bairro>
    <localidade>Palmeira dos Índios</localidade>
    <uf>AL</uf>
    <estado>Alagoas</estado>
    <região/>
    <ibge>2706307</ibge>
    <gia/>
    <ddd>82</ddd>
    <siafi>2825</siafi>
  </cep>
  <cep>
    <cep>57601-328</cep>
    <logradouro>Rua Prefeito Enéas Simplício do Nascimento</logradouro>
    <complemento/>
    <unidade/>
    <bairro>São Cristóvão</bairro>
    <localidade>Palmeira dos Índios</localidade>
    <uf>AL</uf>
    <estado>Alagoas</estado>
    <região/>
    <ibge>2706307</ibge>
    <gia/>
    <ddd>82</ddd>
    <siafi>2825</siafi>
  </cep>
  <cep>
    <cep>57601-330</cep>
    <logradouro>Rua Oseas Eliziário Rodrigues</logradouro>
    <complemento/>
    <unidade/>
    <bairro>São Cristóvão</bairro>
    <localidade>Palmeira dos Índios</localidade>
    <uf>AL</uf>
    <estado>Alagoas</estado>
    <região/>
    <ibge>2706307</ibge>
    <gia/>
    <ddd>82</ddd>
    <siafi>2825</siafi>
  </cep>
  <cep>
    <cep>57601-130</cep>
    <logradouro>Rua Professora Lourdes Barreto</logradouro>
    <complemento/>
    <unidade/>
    <bairro>São Cristóvão</bairro>
    <localidade>Palmeira dos Índios</localidade>
    <uf>AL</uf>
    <estado>Alagoas</estado>
    <região/>
    <ibge>2706307</ibge>
    <gia/>
    <ddd>82</ddd>
    <siafi>2825</siafi>
  </cep>
  <cep>
    <cep>57602-090</cep>
    <logradouro>Rua Rosalvo Damião</logradouro>
    <complemento/>
    <unidade/>
    <bairro>Paraíso</bairro>
    <localidade>Palmeira dos Índios</localidade>
    <uf>AL</uf>
    <estado>Alagoas</estado>
    <região/>
    <ibge>2706307</ibge>
    <gia/>
    <ddd>82</ddd>
    <siafi>2825</siafi>
  </cep>
  <cep>
    <cep>57602-499</cep>
    <logradouro>Rua Arconço Teixeira de Assunção</logradouro>
    <complemento/>
    <unidade/>
    <bairro>José Maia Costa</bairro>
    <localidade>Palmeira dos Índios</localidade>
    <uf>AL</uf>
    <estado>Alagoas</estado>
    <região/>
    <ibge>2706307</ibge>
    <gia/>
    <ddd>82</ddd>
    <siafi>2825</siafi>
  </cep>
  <cep>
    <cep>57602-530</cep>
    <logradouro>Rua Luiz Duarte</logradouro>
    <complemento/>
    <unidade/>
    <bairro>Ribeira</bairro>
    <localidade>Palmeira dos Índios</localidade>
    <uf>AL</uf>
    <estado>Alagoas</estado>
    <região/>
    <ibge>2706307</ibge>
    <gia/>
    <ddd>82</ddd>
    <siafi>2825</siafi>
  </cep>
  <cep>
    <cep>57601-360</cep>
    <logradouro>Avenida Salú Branco</logradouro>
    <complemento/>
    <unidade/>
    <bairro>São Cristóvão</bairro>
    <localidade>Palmeira dos Índios</localidade>
    <uf>AL</uf>
    <estado>Alagoas</estado>
    <região/>
    <ibge>2706307</ibge>
    <gia/>
    <ddd>82</ddd>
    <siafi>2825</siafi>
  </cep>
  <cep>
    <cep>57602-740</cep>
    <logradouro>Rua Francisco Manoel Pinto</logradouro>
    <complemento/>
    <unidade/>
    <bairro>Ribeira</bairro>
    <localidade>Palmeira dos Índios</localidade>
    <uf>AL</uf>
    <estado>Alagoas</estado>
    <região/>
    <ibge>2706307</ibge>
    <gia/>
    <ddd>82</ddd>
    <siafi>2825</siafi>
  </cep>
  <cep>
    <cep>57603-050</cep>
    <logradouro>Rua Dona Lourdes Galindo Pimentel</logradouro>
    <complemento/>
    <unidade/>
    <bairro>Juca Sampaio</bairro>
    <localidade>Palmeira dos Índios</localidade>
    <uf>AL</uf>
    <estado>Alagoas</estado>
    <região/>
    <ibge>2706307</ibge>
    <gia/>
    <ddd>82</ddd>
    <siafi>2825</siafi>
  </cep>
  <cep>
    <cep>57605-080</cep>
    <logradouro>Rua Ananete Lima de Macêdo</logradouro>
    <complemento/>
    <unidade/>
    <bairro>Xucurus</bairro>
    <localidade>Palmeira dos Índios</localidade>
    <uf>AL</uf>
    <estado>Alagoas</estado>
    <região/>
    <ibge>2706307</ibge>
    <gia/>
    <ddd>82</ddd>
    <siafi>2825</siafi>
  </cep>
  <cep>
    <cep>57603-070</cep>
    <logradouro>Rua Desportista Aloísio Guimarães de Albuquerque</logradouro>
    <complemento/>
    <unidade/>
    <bairro>Juca Sampaio</bairro>
    <localidade>Palmeira dos Índios</localidade>
    <uf>AL</uf>
    <estado>Alagoas</estado>
    <região/>
    <ibge>2706307</ibge>
    <gia/>
    <ddd>82</ddd>
    <siafi>2825</siafi>
  </cep>
  <cep>
    <cep>57604-670</cep>
    <logradouro>Rua Professora Célia Margarida</logradouro>
    <complemento>(Lot Recanto do Sabiá)</complemento>
    <unidade/>
    <bairro>Graciliano Ramos</bairro>
    <localidade>Palmeira dos Índios</localidade>
    <uf>AL</uf>
    <estado>Alagoas</estado>
    <região/>
    <ibge>2706307</ibge>
    <gia/>
    <ddd>82</ddd>
    <siafi>2825</siafi>
  </cep>
  <cep>
    <cep>57607-150</cep>
    <logradouro>Rua Rio de Janeiro</logradouro>
    <complemento/>
    <unidade/>
    <bairro>Jardim Brasil</bairro>
    <localidade>Palmeira dos Índios</localidade>
    <uf>AL</uf>
    <estado>Alagoas</estado>
    <região/>
    <ibge>2706307</ibge>
    <gia/>
    <ddd>82</ddd>
    <siafi>2825</siafi>
  </cep>
  <cep>
    <cep>57608-370</cep>
    <logradouro>Rua Canuto Pinto</logradouro>
    <complemento/>
    <unidade/>
    <bairro>Palmeira de Fora</bairro>
    <localidade>Palmeira dos Índios</localidade>
    <uf>AL</uf>
    <estado>Alagoas</estado>
    <região/>
    <ibge>2706307</ibge>
    <gia/>
    <ddd>82</ddd>
    <siafi>2825</siafi>
  </cep>
  <cep>
    <cep>57608-540</cep>
    <logradouro>Rua João Donato de Almeida</logradouro>
    <complemento>(Cj Santa Helena)</complemento>
    <unidade/>
    <bairro>Palmeira de Fora</bairro>
    <localidade>Palmeira dos Índios</localidade>
    <uf>AL</uf>
    <estado>Alagoas</estado>
    <região/>
    <ibge>2706307</ibge>
    <gia/>
    <ddd>82</ddd>
    <siafi>2825</siafi>
  </cep>
  <cep>
    <cep>57608-530</cep>
    <logradouro>1ª Travessa Santo Antônio</logradouro>
    <complemento/>
    <unidade/>
    <bairro>Palmeira de Fora</bairro>
    <localidade>Palmeira dos Índios</localidade>
    <uf>AL</uf>
    <estado>Alagoas</estado>
    <região/>
    <ibge>2706307</ibge>
    <gia/>
    <ddd>82</ddd>
    <siafi>2825</siafi>
  </cep>
  <cep>
    <cep>57611-900</cep>
    <logradouro/>
    <complemento/>
    <unidade/>
    <bairro>Moreira</bairro>
    <localidade>Palmeira dos Índios</localidade>
    <uf>AL</uf>
    <estado>Alagoas</estado>
    <região/>
    <ibge>2706307</ibge>
    <gia/>
    <ddd>82</ddd>
    <siafi>2825</siafi>
  </cep>
  <cep>
    <cep>57635-000</cep>
    <logradouro/>
    <complemento/>
    <unidade/>
    <bairro/>
    <localidade>Tanque D'Arca</localidade>
    <uf>AL</uf>
    <estado>Alagoas</estado>
    <região/>
    <ibge>2709004</ibge>
    <gia/>
    <ddd>82</ddd>
    <siafi>2879</siafi>
  </cep>
  <cep>
    <cep>57607-740</cep>
    <logradouro>Rua Dona Moça</logradouro>
    <complemento/>
    <unidade/>
    <bairro>Vila Maria</bairro>
    <localidade>Palmeira dos Índios</localidade>
    <uf>AL</uf>
    <estado>Alagoas</estado>
    <região/>
    <ibge>2706307</ibge>
    <gia/>
    <ddd>82</ddd>
    <siafi>2825</siafi>
  </cep>
  <cep>
    <cep>57604-680</cep>
    <logradouro>Rua José Medeiros Silva</logradouro>
    <complemento>(Lot B Vista)</complemento>
    <unidade/>
    <bairro>Graciliano Ramos</bairro>
    <localidade>Palmeira dos Índios</localidade>
    <uf>AL</uf>
    <estado>Alagoas</estado>
    <região/>
    <ibge>2706307</ibge>
    <gia/>
    <ddd>82</ddd>
    <siafi>2825</siafi>
  </cep>
  <cep>
    <cep>57607-030</cep>
    <logradouro>Rua Amazonas</logradouro>
    <complemento/>
    <unidade/>
    <bairro>Jardim Brasil</bairro>
    <localidade>Palmeira dos Índios</localidade>
    <uf>AL</uf>
    <estado>Alagoas</estado>
    <região/>
    <ibge>2706307</ibge>
    <gia/>
    <ddd>82</ddd>
    <siafi>2825</siafi>
  </cep>
  <cep>
    <cep>57660-000</cep>
    <logradouro/>
    <complemento/>
    <unidade/>
    <bairro/>
    <localidade>Anadia</localidade>
    <uf>AL</uf>
    <estado>Alagoas</estado>
    <região/>
    <ibge>2700201</ibge>
    <gia/>
    <ddd>82</ddd>
    <siafi>2703</siafi>
  </cep>
  <cep>
    <cep>57950-000</cep>
    <logradouro/>
    <complemento/>
    <unidade/>
    <bairro/>
    <localidade>Japaratinga</localidade>
    <uf>AL</uf>
    <estado>Alagoas</estado>
    <região/>
    <ibge>2703601</ibge>
    <gia/>
    <ddd>82</ddd>
    <siafi>2771</siafi>
  </cep>
  <cep>
    <cep>57603-270</cep>
    <logradouro>Rua Soldado Júlio Ferro</logradouro>
    <complemento/>
    <unidade/>
    <bairro>Juca Sampaio</bairro>
    <localidade>Palmeira dos Índios</localidade>
    <uf>AL</uf>
    <estado>Alagoas</estado>
    <região/>
    <ibge>2706307</ibge>
    <gia/>
    <ddd>82</ddd>
    <siafi>2825</siafi>
  </cep>
  <cep>
    <cep>57604-595</cep>
    <logradouro>Rodovia AL 115</logradouro>
    <complemento/>
    <unidade/>
    <bairro>Graciliano Ramos</bairro>
    <localidade>Palmeira dos Índios</localidade>
    <uf>AL</uf>
    <estado>Alagoas</estado>
    <região/>
    <ibge>2706307</ibge>
    <gia/>
    <ddd>82</ddd>
    <siafi>2825</siafi>
  </cep>
  <cep>
    <cep>57900-970</cep>
    <logradouro>Rua Doutor Antonio Dorta</logradouro>
    <complemento>16 Andar Térreo</complemento>
    <unidade>AC Porto Calvo</unidade>
    <bairro>Centro</bairro>
    <localidade>Porto Calvo</localidade>
    <uf>AL</uf>
    <estado>Alagoas</estado>
    <região/>
    <ibge>2707305</ibge>
    <gia/>
    <ddd>82</ddd>
    <siafi>2845</siafi>
  </cep>
  <cep>
    <cep>57606-085</cep>
    <logradouro>Avenida Vieira de Brito</logradouro>
    <complemento>de 1089/1090 ao fim</complemento>
    <unidade/>
    <bairro>Sonho Verde</bairro>
    <localidade>Palmeira dos Índios</localidade>
    <uf>AL</uf>
    <estado>Alagoas</estado>
    <região/>
    <ibge>2706307</ibge>
    <gia/>
    <ddd>82</ddd>
    <siafi>2825</siafi>
  </cep>
  <cep>
    <cep>57965-000</cep>
    <logradouro/>
    <complemento/>
    <unidade/>
    <bairro/>
    <localidade>Jundiá</localidade>
    <uf>AL</uf>
    <estado>Alagoas</estado>
    <região/>
    <ibge>2703908</ibge>
    <gia/>
    <ddd>82</ddd>
    <siafi>2777</siafi>
  </cep>
  <cep>
    <cep>57730-000</cep>
    <logradouro/>
    <complemento/>
    <unidade/>
    <bairro/>
    <localidade>Mar Vermelho</localidade>
    <uf>AL</uf>
    <estado>Alagoas</estado>
    <região/>
    <ibge>2704906</ibge>
    <gia/>
    <ddd>82</ddd>
    <siafi>2797</siafi>
  </cep>
  <cep>
    <cep>57010-267</cep>
    <logradouro>Travessa Boa Esperança</logradouro>
    <complemento/>
    <unidade/>
    <bairro>Prado</bairro>
    <localidade>Maceió</localidade>
    <uf>AL</uf>
    <estado>Alagoas</estado>
    <região/>
    <ibge>2704302</ibge>
    <gia/>
    <ddd>82</ddd>
    <siafi>2785</siafi>
  </cep>
  <cep>
    <cep>57970-000</cep>
    <logradouro/>
    <complemento/>
    <unidade/>
    <bairro/>
    <localidade>Novo Lino</localidade>
    <uf>AL</uf>
    <estado>Alagoas</estado>
    <região/>
    <ibge>2705606</ibge>
    <gia/>
    <ddd>82</ddd>
    <siafi>2811</siafi>
  </cep>
  <cep>
    <cep>57607-565</cep>
    <logradouro>Travessa João de Barros</logradouro>
    <complemento/>
    <unidade/>
    <bairro>Vila Maria</bairro>
    <localidade>Palmeira dos Índios</localidade>
    <uf>AL</uf>
    <estado>Alagoas</estado>
    <região/>
    <ibge>2706307</ibge>
    <gia/>
    <ddd>82</ddd>
    <siafi>2825</siafi>
  </cep>
  <cep>
    <cep>57010-276</cep>
    <logradouro>Condomínio São Luiz</logradouro>
    <complemento/>
    <unidade/>
    <bairro>Prado</bairro>
    <localidade>Maceió</localidade>
    <uf>AL</uf>
    <estado>Alagoas</estado>
    <região/>
    <ibge>2704302</ibge>
    <gia/>
    <ddd>82</ddd>
    <siafi>2785</siafi>
  </cep>
  <cep>
    <cep>57010-125</cep>
    <logradouro>Rua Dias Cabral</logradouro>
    <complemento>de 566 ao fim - lado par</complemento>
    <unidade/>
    <bairro>Prado</bairro>
    <localidade>Maceió</localidade>
    <uf>AL</uf>
    <estado>Alagoas</estado>
    <região/>
    <ibge>2704302</ibge>
    <gia/>
    <ddd>82</ddd>
    <siafi>2785</siafi>
  </cep>
  <cep>
    <cep>57010-278</cep>
    <logradouro>Vila Nova Esperança</logradouro>
    <complemento/>
    <unidade/>
    <bairro>Prado</bairro>
    <localidade>Maceió</localidade>
    <uf>AL</uf>
    <estado>Alagoas</estado>
    <região/>
    <ibge>2704302</ibge>
    <gia/>
    <ddd>82</ddd>
    <siafi>2785</siafi>
  </cep>
  <cep>
    <cep>57010-271</cep>
    <logradouro>3ª Travessa Franco Jatobá</logradouro>
    <complemento/>
    <unidade/>
    <bairro>Prado</bairro>
    <localidade>Maceió</localidade>
    <uf>AL</uf>
    <estado>Alagoas</estado>
    <região/>
    <ibge>2704302</ibge>
    <gia/>
    <ddd>82</ddd>
    <siafi>2785</siafi>
  </cep>
  <cep>
    <cep/>
    <logradouro/>
    <complemento/>
    <unidade/>
    <bairro/>
    <localidade/>
    <uf/>
    <estado/>
    <região/>
    <ibge/>
    <gia/>
    <ddd/>
    <siafi/>
  </cep>
  <cep>
    <cep>57010-731</cep>
    <logradouro>Travessa José Marques Ribeiro</logradouro>
    <complemento/>
    <unidade/>
    <bairro>Trapiche da Barra</bairro>
    <localidade>Maceió</localidade>
    <uf>AL</uf>
    <estado>Alagoas</estado>
    <região/>
    <ibge>2704302</ibge>
    <gia/>
    <ddd>82</ddd>
    <siafi>2785</siafi>
  </cep>
  <cep>
    <cep>57010-705</cep>
    <logradouro>Travessa Santa Margarida</logradouro>
    <complemento/>
    <unidade/>
    <bairro>Trapiche da Barra</bairro>
    <localidade>Maceió</localidade>
    <uf>AL</uf>
    <estado>Alagoas</estado>
    <região/>
    <ibge>2704302</ibge>
    <gia/>
    <ddd>82</ddd>
    <siafi>2785</siafi>
  </cep>
  <cep>
    <cep/>
    <logradouro/>
    <complemento/>
    <unidade/>
    <bairro/>
    <localidade/>
    <uf/>
    <estado/>
    <região/>
    <ibge/>
    <gia/>
    <ddd/>
    <siafi/>
  </cep>
  <cep>
    <cep>57303-778</cep>
    <logradouro>Rua Assunção de Nossa Senhora</logradouro>
    <complemento>(Lot Lagoas do Sul)</complemento>
    <unidade/>
    <bairro>Olho D'Água dos Cazuzinhas</bairro>
    <localidade>Arapiraca</localidade>
    <uf>AL</uf>
    <estado>Alagoas</estado>
    <região/>
    <ibge>2700300</ibge>
    <gia/>
    <ddd>82</ddd>
    <siafi>2705</siafi>
  </cep>
  <cep>
    <cep>57014-268</cep>
    <logradouro>Avenida Senador Rui Palmeira</logradouro>
    <complemento/>
    <unidade/>
    <bairro>Ponta Grossa</bairro>
    <localidade>Maceió</localidade>
    <uf>AL</uf>
    <estado>Alagoas</estado>
    <região/>
    <ibge>2704302</ibge>
    <gia/>
    <ddd>82</ddd>
    <siafi>2785</siafi>
  </cep>
  <cep>
    <cep>57014-530</cep>
    <logradouro>Avenida General Alacir Werner</logradouro>
    <complemento>(Cj Joaquim Leão)</complemento>
    <unidade/>
    <bairro>Ponta Grossa</bairro>
    <localidade>Maceió</localidade>
    <uf>AL</uf>
    <estado>Alagoas</estado>
    <região/>
    <ibge>2704302</ibge>
    <gia/>
    <ddd>82</ddd>
    <siafi>2785</siafi>
  </cep>
  <cep>
    <cep>57014-613</cep>
    <logradouro>Rua Projetada 1093</logradouro>
    <complemento/>
    <unidade/>
    <bairro>Ponta Grossa</bairro>
    <localidade>Maceió</localidade>
    <uf>AL</uf>
    <estado>Alagoas</estado>
    <região/>
    <ibge>2704302</ibge>
    <gia/>
    <ddd>82</ddd>
    <siafi>2785</siafi>
  </cep>
  <cep>
    <cep>57015-265</cep>
    <logradouro>Rua Cruzeiro do Sul</logradouro>
    <complemento/>
    <unidade/>
    <bairro>Vergel do Lago</bairro>
    <localidade>Maceió</localidade>
    <uf>AL</uf>
    <estado>Alagoas</estado>
    <região/>
    <ibge>2704302</ibge>
    <gia/>
    <ddd>82</ddd>
    <siafi>2785</siafi>
  </cep>
  <cep>
    <cep>57017-075</cep>
    <logradouro>Avenida Doutor Francisco de Menezes</logradouro>
    <complemento>até 951 - lado ímpar</complemento>
    <unidade/>
    <bairro>Levada</bairro>
    <localidade>Maceió</localidade>
    <uf>AL</uf>
    <estado>Alagoas</estado>
    <região/>
    <ibge>2704302</ibge>
    <gia/>
    <ddd>82</ddd>
    <siafi>2785</siafi>
  </cep>
  <cep>
    <cep>57017-077</cep>
    <logradouro>Travessa Doutor Francisco de Menezes</logradouro>
    <complemento/>
    <unidade/>
    <bairro>Levada</bairro>
    <localidade>Maceió</localidade>
    <uf>AL</uf>
    <estado>Alagoas</estado>
    <região/>
    <ibge>2704302</ibge>
    <gia/>
    <ddd>82</ddd>
    <siafi>2785</siafi>
  </cep>
  <cep>
    <cep>57017-169</cep>
    <logradouro>2ª Travessa Senador Rui Palmeira</logradouro>
    <complemento/>
    <unidade/>
    <bairro>Levada</bairro>
    <localidade>Maceió</localidade>
    <uf>AL</uf>
    <estado>Alagoas</estado>
    <região/>
    <ibge>2704302</ibge>
    <gia/>
    <ddd>82</ddd>
    <siafi>2785</siafi>
  </cep>
  <cep>
    <cep>57018-490</cep>
    <logradouro>Rua Santa Marta</logradouro>
    <complemento/>
    <unidade/>
    <bairro>Chã da Jaqueira</bairro>
    <localidade>Maceió</localidade>
    <uf>AL</uf>
    <estado>Alagoas</estado>
    <região/>
    <ibge>2704302</ibge>
    <gia/>
    <ddd>82</ddd>
    <siafi>2785</siafi>
  </cep>
  <cep>
    <cep>57018-567</cep>
    <logradouro>Conjunto Mutirão</logradouro>
    <complemento>(CL 200533)</complemento>
    <unidade/>
    <bairro>Chã da Jaqueira</bairro>
    <localidade>Maceió</localidade>
    <uf>AL</uf>
    <estado>Alagoas</estado>
    <região/>
    <ibge>2704302</ibge>
    <gia/>
    <ddd>82</ddd>
    <siafi>2785</siafi>
  </cep>
  <cep>
    <cep>57018-782</cep>
    <logradouro>2ª Travessa Nova</logradouro>
    <complemento/>
    <unidade/>
    <bairro>Chã de Bebedouro</bairro>
    <localidade>Maceió</localidade>
    <uf>AL</uf>
    <estado>Alagoas</estado>
    <região/>
    <ibge>2704302</ibge>
    <gia/>
    <ddd>82</ddd>
    <siafi>2785</siafi>
  </cep>
  <cep>
    <cep>57018-768</cep>
    <logradouro>Rua 15 de Setembro</logradouro>
    <complemento/>
    <unidade/>
    <bairro>Chã de Bebedouro</bairro>
    <localidade>Maceió</localidade>
    <uf>AL</uf>
    <estado>Alagoas</estado>
    <região/>
    <ibge>2704302</ibge>
    <gia/>
    <ddd>82</ddd>
    <siafi>2785</siafi>
  </cep>
  <cep>
    <cep>57018-714</cep>
    <logradouro>Travessa do Cajueiro</logradouro>
    <complemento/>
    <unidade/>
    <bairro>Chã de Bebedouro</bairro>
    <localidade>Maceió</localidade>
    <uf>AL</uf>
    <estado>Alagoas</estado>
    <região/>
    <ibge>2704302</ibge>
    <gia/>
    <ddd>82</ddd>
    <siafi>2785</siafi>
  </cep>
  <cep>
    <cep>57020-245</cep>
    <logradouro>Rua Dias Cabral</logradouro>
    <complemento>de 569 ao fim - lado ímpar</complemento>
    <unidade/>
    <bairro>Centro</bairro>
    <localidade>Maceió</localidade>
    <uf>AL</uf>
    <estado>Alagoas</estado>
    <região/>
    <ibge>2704302</ibge>
    <gia/>
    <ddd>82</ddd>
    <siafi>2785</siafi>
  </cep>
  <cep>
    <cep>57020-904</cep>
    <logradouro>Rua General Hermes</logradouro>
    <complemento>80</complemento>
    <unidade>Secretaria da Fazenda</unidade>
    <bairro>Centro</bairro>
    <localidade>Maceió</localidade>
    <uf>AL</uf>
    <estado>Alagoas</estado>
    <região/>
    <ibge>2704302</ibge>
    <gia/>
    <ddd>82</ddd>
    <siafi>2785</siafi>
  </cep>
  <cep>
    <cep>57025-845</cep>
    <logradouro>Rua Valdemar Bastos</logradouro>
    <complemento/>
    <unidade/>
    <bairro>Poço</bairro>
    <localidade>Maceió</localidade>
    <uf>AL</uf>
    <estado>Alagoas</estado>
    <região/>
    <ibge>2704302</ibge>
    <gia/>
    <ddd>82</ddd>
    <siafi>2785</siafi>
  </cep>
  <cep>
    <cep>57030-536</cep>
    <logradouro>Rua Professor Theonilo Cravo Gama</logradouro>
    <complemento/>
    <unidade/>
    <bairro>Ponta da Terra</bairro>
    <localidade>Maceió</localidade>
    <uf>AL</uf>
    <estado>Alagoas</estado>
    <região/>
    <ibge>2704302</ibge>
    <gia/>
    <ddd>82</ddd>
    <siafi>2785</siafi>
  </cep>
  <cep>
    <cep>57032-003</cep>
    <logradouro>Rua Lêdo Ivo</logradouro>
    <complemento>(Cj José A Vilela)</complemento>
    <unidade/>
    <bairro>Jacarecica</bairro>
    <localidade>Maceió</localidade>
    <uf>AL</uf>
    <estado>Alagoas</estado>
    <região/>
    <ibge>2704302</ibge>
    <gia/>
    <ddd>82</ddd>
    <siafi>2785</siafi>
  </cep>
  <cep>
    <cep>57035-683</cep>
    <logradouro>Travessa São José</logradouro>
    <complemento/>
    <unidade/>
    <bairro>Jatiúca</bairro>
    <localidade>Maceió</localidade>
    <uf>AL</uf>
    <estado>Alagoas</estado>
    <região/>
    <ibge>2704302</ibge>
    <gia/>
    <ddd>82</ddd>
    <siafi>2785</siafi>
  </cep>
  <cep>
    <cep>57037-285</cep>
    <logradouro>Avenida Comendador Gustavo Paiva</logradouro>
    <complemento>de 3303/3304 a 4290/4291</complemento>
    <unidade/>
    <bairro>Mangabeiras</bairro>
    <localidade>Maceió</localidade>
    <uf>AL</uf>
    <estado>Alagoas</estado>
    <região/>
    <ibge>2704302</ibge>
    <gia/>
    <ddd>82</ddd>
    <siafi>2785</siafi>
  </cep>
  <cep>
    <cep>57032-087</cep>
    <logradouro>Rua Ganga Zumba</logradouro>
    <complemento>(Cj José A Vilela)</complemento>
    <unidade/>
    <bairro>Jacarecica</bairro>
    <localidade>Maceió</localidade>
    <uf>AL</uf>
    <estado>Alagoas</estado>
    <região/>
    <ibge>2704302</ibge>
    <gia/>
    <ddd>82</ddd>
    <siafi>2785</siafi>
  </cep>
  <cep>
    <cep>57037-290</cep>
    <logradouro>Avenida Dona Constança de Góes Monteiro</logradouro>
    <complemento>de 751 ao fim - lado ímpar</complemento>
    <unidade/>
    <bairro>Mangabeiras</bairro>
    <localidade>Maceió</localidade>
    <uf>AL</uf>
    <estado>Alagoas</estado>
    <região/>
    <ibge>2704302</ibge>
    <gia/>
    <ddd>82</ddd>
    <siafi>2785</siafi>
  </cep>
  <cep>
    <cep>57036-350</cep>
    <logradouro>Rua Doutor Fernando Aranha Saraiva Barbosa</logradouro>
    <complemento/>
    <unidade/>
    <bairro>Jatiúca</bairro>
    <localidade>Maceió</localidade>
    <uf>AL</uf>
    <estado>Alagoas</estado>
    <região/>
    <ibge>2704302</ibge>
    <gia/>
    <ddd>82</ddd>
    <siafi>2785</siafi>
  </cep>
  <cep>
    <cep>57037-295</cep>
    <logradouro>Avenida Doutor Júlio Marques Luz</logradouro>
    <complemento>de 2210/2211 ao fim</complemento>
    <unidade/>
    <bairro>Mangabeiras</bairro>
    <localidade>Maceió</localidade>
    <uf>AL</uf>
    <estado>Alagoas</estado>
    <região/>
    <ibge>2704302</ibge>
    <gia/>
    <ddd>82</ddd>
    <siafi>2785</siafi>
  </cep>
  <cep>
    <cep>57037-305</cep>
    <logradouro>Rua Cid Scalla</logradouro>
    <complemento>lado ímpar</complemento>
    <unidade/>
    <bairro>Mangabeiras</bairro>
    <localidade>Maceió</localidade>
    <uf>AL</uf>
    <estado>Alagoas</estado>
    <região/>
    <ibge>2704302</ibge>
    <gia/>
    <ddd>82</ddd>
    <siafi>2785</siafi>
  </cep>
  <cep>
    <cep>57037-300</cep>
    <logradouro>Rua Santa Ana</logradouro>
    <complemento/>
    <unidade/>
    <bairro>Mangabeiras</bairro>
    <localidade>Maceió</localidade>
    <uf>AL</uf>
    <estado>Alagoas</estado>
    <região/>
    <ibge>2704302</ibge>
    <gia/>
    <ddd>82</ddd>
    <siafi>2785</siafi>
  </cep>
  <cep>
    <cep>57037-310</cep>
    <logradouro>Rua dos Pardais</logradouro>
    <complemento/>
    <unidade/>
    <bairro>Mangabeiras</bairro>
    <localidade>Maceió</localidade>
    <uf>AL</uf>
    <estado>Alagoas</estado>
    <região/>
    <ibge>2704302</ibge>
    <gia/>
    <ddd>82</ddd>
    <siafi>2785</siafi>
  </cep>
  <cep>
    <cep>57037-312</cep>
    <logradouro>Rua Deputado Lopes de Farias</logradouro>
    <complemento/>
    <unidade/>
    <bairro>Mangabeiras</bairro>
    <localidade>Maceió</localidade>
    <uf>AL</uf>
    <estado>Alagoas</estado>
    <região/>
    <ibge>2704302</ibge>
    <gia/>
    <ddd>82</ddd>
    <siafi>2785</siafi>
  </cep>
  <cep>
    <cep>57037-345</cep>
    <logradouro>Travessa Comendador Gustavo Paiva</logradouro>
    <complemento/>
    <unidade/>
    <bairro>Mangabeiras</bairro>
    <localidade>Maceió</localidade>
    <uf>AL</uf>
    <estado>Alagoas</estado>
    <região/>
    <ibge>2704302</ibge>
    <gia/>
    <ddd>82</ddd>
    <siafi>2785</siafi>
  </cep>
  <cep>
    <cep>57037-320</cep>
    <logradouro>Rua Waldemar Loureiro Bernardes</logradouro>
    <complemento/>
    <unidade/>
    <bairro>Mangabeiras</bairro>
    <localidade>Maceió</localidade>
    <uf>AL</uf>
    <estado>Alagoas</estado>
    <região/>
    <ibge>2704302</ibge>
    <gia/>
    <ddd>82</ddd>
    <siafi>2785</siafi>
  </cep>
  <cep>
    <cep>57037-325</cep>
    <logradouro>Rua Delfino Cavalcante</logradouro>
    <complemento/>
    <unidade/>
    <bairro>Mangabeiras</bairro>
    <localidade>Maceió</localidade>
    <uf>AL</uf>
    <estado>Alagoas</estado>
    <região/>
    <ibge>2704302</ibge>
    <gia/>
    <ddd>82</ddd>
    <siafi>2785</siafi>
  </cep>
  <cep>
    <cep>57037-330</cep>
    <logradouro>Rua Doutor Antônio de Góes Barbosa</logradouro>
    <complemento/>
    <unidade/>
    <bairro>Mangabeiras</bairro>
    <localidade>Maceió</localidade>
    <uf>AL</uf>
    <estado>Alagoas</estado>
    <região/>
    <ibge>2704302</ibge>
    <gia/>
    <ddd>82</ddd>
    <siafi>2785</siafi>
  </cep>
  <cep>
    <cep>57038-140</cep>
    <logradouro>Rua Padre Luiz Américo Galvão</logradouro>
    <complemento/>
    <unidade/>
    <bairro>Cruz das Almas</bairro>
    <localidade>Maceió</localidade>
    <uf>AL</uf>
    <estado>Alagoas</estado>
    <região/>
    <ibge>2704302</ibge>
    <gia/>
    <ddd>82</ddd>
    <siafi>2785</siafi>
  </cep>
  <cep>
    <cep>57037-550</cep>
    <logradouro>Avenida Penedo</logradouro>
    <complemento/>
    <unidade/>
    <bairro>Mangabeiras</bairro>
    <localidade>Maceió</localidade>
    <uf>AL</uf>
    <estado>Alagoas</estado>
    <região/>
    <ibge>2704302</ibge>
    <gia/>
    <ddd>82</ddd>
    <siafi>2785</siafi>
  </cep>
  <cep>
    <cep>57038-145</cep>
    <logradouro>Rua Padre Luiz Américo Galvão</logradouro>
    <complemento>lado par</complemento>
    <unidade/>
    <bairro>Cruz das Almas</bairro>
    <localidade>Maceió</localidade>
    <uf>AL</uf>
    <estado>Alagoas</estado>
    <região/>
    <ibge>2704302</ibge>
    <gia/>
    <ddd>82</ddd>
    <siafi>2785</siafi>
  </cep>
  <cep>
    <cep>57037-350</cep>
    <logradouro>Praça Aloísio Branco</logradouro>
    <complemento/>
    <unidade/>
    <bairro>Mangabeiras</bairro>
    <localidade>Maceió</localidade>
    <uf>AL</uf>
    <estado>Alagoas</estado>
    <região/>
    <ibge>2704302</ibge>
    <gia/>
    <ddd>82</ddd>
    <siafi>2785</siafi>
  </cep>
  <cep>
    <cep>57037-540</cep>
    <logradouro>Rua Padre Luiz Américo Galvão</logradouro>
    <complemento/>
    <unidade/>
    <bairro>Mangabeiras</bairro>
    <localidade>Maceió</localidade>
    <uf>AL</uf>
    <estado>Alagoas</estado>
    <região/>
    <ibge>2704302</ibge>
    <gia/>
    <ddd>82</ddd>
    <siafi>2785</siafi>
  </cep>
  <cep>
    <cep>57037-335</cep>
    <logradouro>Praça Cipriano Jucá</logradouro>
    <complemento/>
    <unidade/>
    <bairro>Mangabeiras</bairro>
    <localidade>Maceió</localidade>
    <uf>AL</uf>
    <estado>Alagoas</estado>
    <região/>
    <ibge>2704302</ibge>
    <gia/>
    <ddd>82</ddd>
    <siafi>2785</siafi>
  </cep>
  <cep>
    <cep>57039-090</cep>
    <logradouro>Rua Padre Cícero</logradouro>
    <complemento/>
    <unidade/>
    <bairro>Garça Torta</bairro>
    <localidade>Maceió</localidade>
    <uf>AL</uf>
    <estado>Alagoas</estado>
    <região/>
    <ibge>2704302</ibge>
    <gia/>
    <ddd>82</ddd>
    <siafi>2785</siafi>
  </cep>
  <cep>
    <cep>57309-070</cep>
    <logradouro>Rua Manoel Claudino da Silva</logradouro>
    <complemento>(Cohab Nova)</complemento>
    <unidade/>
    <bairro>Bom Sucesso</bairro>
    <localidade>Arapiraca</localidade>
    <uf>AL</uf>
    <estado>Alagoas</estado>
    <região/>
    <ibge>2700300</ibge>
    <gia/>
    <ddd>82</ddd>
    <siafi>2705</siafi>
  </cep>
  <cep>
    <cep>57039-080</cep>
    <logradouro>5ª Travessa São Pedro</logradouro>
    <complemento/>
    <unidade/>
    <bairro>Garça Torta</bairro>
    <localidade>Maceió</localidade>
    <uf>AL</uf>
    <estado>Alagoas</estado>
    <região/>
    <ibge>2704302</ibge>
    <gia/>
    <ddd>82</ddd>
    <siafi>2785</siafi>
  </cep>
  <cep>
    <cep>57038-627</cep>
    <logradouro>Rua Ebenezer de Oliveira Frias</logradouro>
    <complemento>lado par</complemento>
    <unidade/>
    <bairro>Jacarecica</bairro>
    <localidade>Maceió</localidade>
    <uf>AL</uf>
    <estado>Alagoas</estado>
    <região/>
    <ibge>2704302</ibge>
    <gia/>
    <ddd>82</ddd>
    <siafi>2785</siafi>
  </cep>
  <cep>
    <cep>57039-610</cep>
    <logradouro>Rua Edson Luiz da Silva</logradouro>
    <complemento/>
    <unidade/>
    <bairro>Pescaria</bairro>
    <localidade>Maceió</localidade>
    <uf>AL</uf>
    <estado>Alagoas</estado>
    <região/>
    <ibge>2704302</ibge>
    <gia/>
    <ddd>82</ddd>
    <siafi>2785</siafi>
  </cep>
  <cep>
    <cep>57039-642</cep>
    <logradouro>Rua Milton Bezerra da Silva</logradouro>
    <complemento/>
    <unidade/>
    <bairro>Pescaria</bairro>
    <localidade>Maceió</localidade>
    <uf>AL</uf>
    <estado>Alagoas</estado>
    <região/>
    <ibge>2704302</ibge>
    <gia/>
    <ddd>82</ddd>
    <siafi>2785</siafi>
  </cep>
  <cep>
    <cep>57039-836</cep>
    <logradouro>Rua Campo Verde</logradouro>
    <complemento/>
    <unidade/>
    <bairro>Ipioca</bairro>
    <localidade>Maceió</localidade>
    <uf>AL</uf>
    <estado>Alagoas</estado>
    <região/>
    <ibge>2704302</ibge>
    <gia/>
    <ddd>82</ddd>
    <siafi>2785</siafi>
  </cep>
  <cep>
    <cep>57040-524</cep>
    <logradouro>2ª Travessa do Telégrafo</logradouro>
    <complemento/>
    <unidade/>
    <bairro>Jacintinho</bairro>
    <localidade>Maceió</localidade>
    <uf>AL</uf>
    <estado>Alagoas</estado>
    <região/>
    <ibge>2704302</ibge>
    <gia/>
    <ddd>82</ddd>
    <siafi>2785</siafi>
  </cep>
  <cep>
    <cep>57039-892</cep>
    <logradouro>Rua Novo Brasil</logradouro>
    <complemento/>
    <unidade/>
    <bairro>Ipioca</bairro>
    <localidade>Maceió</localidade>
    <uf>AL</uf>
    <estado>Alagoas</estado>
    <região/>
    <ibge>2704302</ibge>
    <gia/>
    <ddd>82</ddd>
    <siafi>2785</siafi>
  </cep>
  <cep>
    <cep>57039-641</cep>
    <logradouro>Rua Amaro Felipe</logradouro>
    <complemento/>
    <unidade/>
    <bairro>Pescaria</bairro>
    <localidade>Maceió</localidade>
    <uf>AL</uf>
    <estado>Alagoas</estado>
    <região/>
    <ibge>2704302</ibge>
    <gia/>
    <ddd>82</ddd>
    <siafi>2785</siafi>
  </cep>
  <cep>
    <cep>57040-442</cep>
    <logradouro>7ª Travessa São Jorge</logradouro>
    <complemento/>
    <unidade/>
    <bairro>Jacintinho</bairro>
    <localidade>Maceió</localidade>
    <uf>AL</uf>
    <estado>Alagoas</estado>
    <região/>
    <ibge>2704302</ibge>
    <gia/>
    <ddd>82</ddd>
    <siafi>2785</siafi>
  </cep>
  <cep>
    <cep>57039-413</cep>
    <logradouro>Quadra C</logradouro>
    <complemento>(Lot Riacho Doce II)</complemento>
    <unidade/>
    <bairro>Riacho Doce</bairro>
    <localidade>Maceió</localidade>
    <uf>AL</uf>
    <estado>Alagoas</estado>
    <região/>
    <ibge>2704302</ibge>
    <gia/>
    <ddd>82</ddd>
    <siafi>2785</siafi>
  </cep>
  <cep>
    <cep>57039-305</cep>
    <logradouro>Travessa São Benedito</logradouro>
    <complemento/>
    <unidade/>
    <bairro>Riacho Doce</bairro>
    <localidade>Maceió</localidade>
    <uf>AL</uf>
    <estado>Alagoas</estado>
    <região/>
    <ibge>2704302</ibge>
    <gia/>
    <ddd>82</ddd>
    <siafi>2785</siafi>
  </cep>
  <cep>
    <cep>57039-721</cep>
    <logradouro>Rua São Benedito</logradouro>
    <complemento/>
    <unidade/>
    <bairro>Ipioca</bairro>
    <localidade>Maceió</localidade>
    <uf>AL</uf>
    <estado>Alagoas</estado>
    <região/>
    <ibge>2704302</ibge>
    <gia/>
    <ddd>82</ddd>
    <siafi>2785</siafi>
  </cep>
  <cep>
    <cep>57040-540</cep>
    <logradouro>Rua Joana Rodrigues</logradouro>
    <complemento>(Grota do Cigano)</complemento>
    <unidade/>
    <bairro>Jacintinho</bairro>
    <localidade>Maceió</localidade>
    <uf>AL</uf>
    <estado>Alagoas</estado>
    <região/>
    <ibge>2704302</ibge>
    <gia/>
    <ddd>82</ddd>
    <siafi>2785</siafi>
  </cep>
  <cep>
    <cep>57040-648</cep>
    <logradouro>5ª Travessa da Esperança</logradouro>
    <complemento/>
    <unidade/>
    <bairro>Jacintinho</bairro>
    <localidade>Maceió</localidade>
    <uf>AL</uf>
    <estado>Alagoas</estado>
    <região/>
    <ibge>2704302</ibge>
    <gia/>
    <ddd>82</ddd>
    <siafi>2785</siafi>
  </cep>
  <cep>
    <cep>57040-649</cep>
    <logradouro>Travessa da Arame</logradouro>
    <complemento>(Grota do Cigano)</complemento>
    <unidade/>
    <bairro>Jacintinho</bairro>
    <localidade>Maceió</localidade>
    <uf>AL</uf>
    <estado>Alagoas</estado>
    <região/>
    <ibge>2704302</ibge>
    <gia/>
    <ddd>82</ddd>
    <siafi>2785</siafi>
  </cep>
  <cep>
    <cep>57040-665</cep>
    <logradouro>Travessa Luiz Rêgo Barros</logradouro>
    <complemento/>
    <unidade/>
    <bairro>Jacintinho</bairro>
    <localidade>Maceió</localidade>
    <uf>AL</uf>
    <estado>Alagoas</estado>
    <região/>
    <ibge>2704302</ibge>
    <gia/>
    <ddd>82</ddd>
    <siafi>2785</siafi>
  </cep>
  <cep>
    <cep>57040-677</cep>
    <logradouro>Rua Tigre</logradouro>
    <complemento>(Com São Rafael)</complemento>
    <unidade/>
    <bairro>Jacintinho</bairro>
    <localidade>Maceió</localidade>
    <uf>AL</uf>
    <estado>Alagoas</estado>
    <região/>
    <ibge>2704302</ibge>
    <gia/>
    <ddd>82</ddd>
    <siafi>2785</siafi>
  </cep>
  <cep>
    <cep>57040-679</cep>
    <logradouro>3ª Travessa Leão</logradouro>
    <complemento/>
    <unidade/>
    <bairro>Jacintinho</bairro>
    <localidade>Maceió</localidade>
    <uf>AL</uf>
    <estado>Alagoas</estado>
    <região/>
    <ibge>2704302</ibge>
    <gia/>
    <ddd>82</ddd>
    <siafi>2785</siafi>
  </cep>
  <cep>
    <cep>57040-691</cep>
    <logradouro>Rua José Aldo Ribeiro</logradouro>
    <complemento/>
    <unidade/>
    <bairro>Jacintinho</bairro>
    <localidade>Maceió</localidade>
    <uf>AL</uf>
    <estado>Alagoas</estado>
    <região/>
    <ibge>2704302</ibge>
    <gia/>
    <ddd>82</ddd>
    <siafi>2785</siafi>
  </cep>
  <cep>
    <cep>57040-844</cep>
    <logradouro>Rua Durval Guimarães</logradouro>
    <complemento/>
    <unidade/>
    <bairro>Jacintinho</bairro>
    <localidade>Maceió</localidade>
    <uf>AL</uf>
    <estado>Alagoas</estado>
    <região/>
    <ibge>2704302</ibge>
    <gia/>
    <ddd>82</ddd>
    <siafi>2785</siafi>
  </cep>
  <cep>
    <cep>57040-846</cep>
    <logradouro>Rua São Marcos</logradouro>
    <complemento/>
    <unidade/>
    <bairro>Jacintinho</bairro>
    <localidade>Maceió</localidade>
    <uf>AL</uf>
    <estado>Alagoas</estado>
    <região/>
    <ibge>2704302</ibge>
    <gia/>
    <ddd>82</ddd>
    <siafi>2785</siafi>
  </cep>
  <cep>
    <cep>57040-848</cep>
    <logradouro>Rua do Sossego</logradouro>
    <complemento>(Cj Mutirão)</complemento>
    <unidade/>
    <bairro>Jacintinho</bairro>
    <localidade>Maceió</localidade>
    <uf>AL</uf>
    <estado>Alagoas</estado>
    <região/>
    <ibge>2704302</ibge>
    <gia/>
    <ddd>82</ddd>
    <siafi>2785</siafi>
  </cep>
  <cep>
    <cep>57041-198</cep>
    <logradouro>4ª Travessa São Vicente</logradouro>
    <complemento/>
    <unidade/>
    <bairro>Jacintinho</bairro>
    <localidade>Maceió</localidade>
    <uf>AL</uf>
    <estado>Alagoas</estado>
    <região/>
    <ibge>2704302</ibge>
    <gia/>
    <ddd>82</ddd>
    <siafi>2785</siafi>
  </cep>
  <cep>
    <cep>57041-076</cep>
    <logradouro>Travessa Dermerval Macário</logradouro>
    <complemento/>
    <unidade/>
    <bairro>Jacintinho</bairro>
    <localidade>Maceió</localidade>
    <uf>AL</uf>
    <estado>Alagoas</estado>
    <região/>
    <ibge>2704302</ibge>
    <gia/>
    <ddd>82</ddd>
    <siafi>2785</siafi>
  </cep>
  <cep>
    <cep>57041-115</cep>
    <logradouro>Rua José Jorge de Melo Gonçalves</logradouro>
    <complemento/>
    <unidade/>
    <bairro>Jacintinho</bairro>
    <localidade>Maceió</localidade>
    <uf>AL</uf>
    <estado>Alagoas</estado>
    <região/>
    <ibge>2704302</ibge>
    <gia/>
    <ddd>82</ddd>
    <siafi>2785</siafi>
  </cep>
  <cep>
    <cep>57041-218</cep>
    <logradouro>Travessa Santo Antônio</logradouro>
    <complemento/>
    <unidade/>
    <bairro>Jacintinho</bairro>
    <localidade>Maceió</localidade>
    <uf>AL</uf>
    <estado>Alagoas</estado>
    <região/>
    <ibge>2704302</ibge>
    <gia/>
    <ddd>82</ddd>
    <siafi>2785</siafi>
  </cep>
  <cep>
    <cep>57042-055</cep>
    <logradouro>Rua Lourenço</logradouro>
    <complemento>(Lot Vale do Jacintinho)</complemento>
    <unidade/>
    <bairro>Jacintinho</bairro>
    <localidade>Maceió</localidade>
    <uf>AL</uf>
    <estado>Alagoas</estado>
    <região/>
    <ibge>2704302</ibge>
    <gia/>
    <ddd>82</ddd>
    <siafi>2785</siafi>
  </cep>
  <cep>
    <cep>57041-248</cep>
    <logradouro>Travessa Sérgio Alves</logradouro>
    <complemento/>
    <unidade/>
    <bairro>Jacintinho</bairro>
    <localidade>Maceió</localidade>
    <uf>AL</uf>
    <estado>Alagoas</estado>
    <região/>
    <ibge>2704302</ibge>
    <gia/>
    <ddd>82</ddd>
    <siafi>2785</siafi>
  </cep>
  <cep>
    <cep>57042-065</cep>
    <logradouro>Travessa São Vicente</logradouro>
    <complemento>(Piabas)</complemento>
    <unidade/>
    <bairro>Jacintinho</bairro>
    <localidade>Maceió</localidade>
    <uf>AL</uf>
    <estado>Alagoas</estado>
    <região/>
    <ibge>2704302</ibge>
    <gia/>
    <ddd>82</ddd>
    <siafi>2785</siafi>
  </cep>
  <cep>
    <cep>57042-060</cep>
    <logradouro>Rua Mário Balbino</logradouro>
    <complemento>(Lot Vale do Jacintinho)</complemento>
    <unidade/>
    <bairro>Jacintinho</bairro>
    <localidade>Maceió</localidade>
    <uf>AL</uf>
    <estado>Alagoas</estado>
    <região/>
    <ibge>2704302</ibge>
    <gia/>
    <ddd>82</ddd>
    <siafi>2785</siafi>
  </cep>
  <cep>
    <cep>57042-070</cep>
    <logradouro>Rua Santa Isabel</logradouro>
    <complemento>(Lot Vale do Jacintinho)</complemento>
    <unidade/>
    <bairro>Jacintinho</bairro>
    <localidade>Maceió</localidade>
    <uf>AL</uf>
    <estado>Alagoas</estado>
    <região/>
    <ibge>2704302</ibge>
    <gia/>
    <ddd>82</ddd>
    <siafi>2785</siafi>
  </cep>
  <cep>
    <cep>57042-775</cep>
    <logradouro>Rua André Cardoso Borba</logradouro>
    <complemento>(Lot Bariloche)</complemento>
    <unidade/>
    <bairro>Feitosa</bairro>
    <localidade>Maceió</localidade>
    <uf>AL</uf>
    <estado>Alagoas</estado>
    <região/>
    <ibge>2704302</ibge>
    <gia/>
    <ddd>82</ddd>
    <siafi>2785</siafi>
  </cep>
  <cep>
    <cep>57043-242</cep>
    <logradouro>Travessa Augusto Calheiros</logradouro>
    <complemento/>
    <unidade/>
    <bairro>Feitosa</bairro>
    <localidade>Maceió</localidade>
    <uf>AL</uf>
    <estado>Alagoas</estado>
    <região/>
    <ibge>2704302</ibge>
    <gia/>
    <ddd>82</ddd>
    <siafi>2785</siafi>
  </cep>
  <cep>
    <cep>57044-152</cep>
    <logradouro>Rua Lírio</logradouro>
    <complemento/>
    <unidade/>
    <bairro>São Jorge</bairro>
    <localidade>Maceió</localidade>
    <uf>AL</uf>
    <estado>Alagoas</estado>
    <região/>
    <ibge>2704302</ibge>
    <gia/>
    <ddd>82</ddd>
    <siafi>2785</siafi>
  </cep>
  <cep>
    <cep>57601-230</cep>
    <logradouro>Rua Luiz Mota dos Santos</logradouro>
    <complemento/>
    <unidade/>
    <bairro>São Cristóvão</bairro>
    <localidade>Palmeira dos Índios</localidade>
    <uf>AL</uf>
    <estado>Alagoas</estado>
    <região/>
    <ibge>2706307</ibge>
    <gia/>
    <ddd>82</ddd>
    <siafi>2825</siafi>
  </cep>
  <cep>
    <cep>57044-105</cep>
    <logradouro>Rua Ebenezer de Oliveira Frias</logradouro>
    <complemento>lado ímpar</complemento>
    <unidade/>
    <bairro>São Jorge</bairro>
    <localidade>Maceió</localidade>
    <uf>AL</uf>
    <estado>Alagoas</estado>
    <região/>
    <ibge>2704302</ibge>
    <gia/>
    <ddd>82</ddd>
    <siafi>2785</siafi>
  </cep>
  <cep>
    <cep>57046-391</cep>
    <logradouro>Rua Alecrim</logradouro>
    <complemento>(Res San Nícolas)</complemento>
    <unidade/>
    <bairro>Serraria</bairro>
    <localidade>Maceió</localidade>
    <uf>AL</uf>
    <estado>Alagoas</estado>
    <região/>
    <ibge>2704302</ibge>
    <gia/>
    <ddd>82</ddd>
    <siafi>2785</siafi>
  </cep>
  <cep>
    <cep>57048-029</cep>
    <logradouro>Rua em Projeto H</logradouro>
    <complemento>(Lot Monte Verde)</complemento>
    <unidade/>
    <bairro>Antares</bairro>
    <localidade>Maceió</localidade>
    <uf>AL</uf>
    <estado>Alagoas</estado>
    <região/>
    <ibge>2704302</ibge>
    <gia/>
    <ddd>82</ddd>
    <siafi>2785</siafi>
  </cep>
  <cep>
    <cep>57048-578</cep>
    <logradouro>Rua Projetada 898</logradouro>
    <complemento>(Lot Antares I)</complemento>
    <unidade/>
    <bairro>Antares</bairro>
    <localidade>Maceió</localidade>
    <uf>AL</uf>
    <estado>Alagoas</estado>
    <região/>
    <ibge>2704302</ibge>
    <gia/>
    <ddd>82</ddd>
    <siafi>2785</siafi>
  </cep>
  <cep>
    <cep>57048-354</cep>
    <logradouro>Rua Juiz Helder Costa Loureiro</logradouro>
    <complemento/>
    <unidade/>
    <bairro>Antares</bairro>
    <localidade>Maceió</localidade>
    <uf>AL</uf>
    <estado>Alagoas</estado>
    <região/>
    <ibge>2704302</ibge>
    <gia/>
    <ddd>82</ddd>
    <siafi>2785</siafi>
  </cep>
  <cep>
    <cep>57052-374</cep>
    <logradouro>Vila Lima Rocha</logradouro>
    <complemento/>
    <unidade/>
    <bairro>Pitanguinha</bairro>
    <localidade>Maceió</localidade>
    <uf>AL</uf>
    <estado>Alagoas</estado>
    <região/>
    <ibge>2704302</ibge>
    <gia/>
    <ddd>82</ddd>
    <siafi>2785</siafi>
  </cep>
  <cep>
    <cep>57057-135</cep>
    <logradouro>Rua Carteiro João Firmino</logradouro>
    <complemento/>
    <unidade/>
    <bairro>Pinheiro</bairro>
    <localidade>Maceió</localidade>
    <uf>AL</uf>
    <estado>Alagoas</estado>
    <região/>
    <ibge>2704302</ibge>
    <gia/>
    <ddd>82</ddd>
    <siafi>2785</siafi>
  </cep>
  <cep>
    <cep>57055-042</cep>
    <logradouro>2ª Travessa Frei Caneca</logradouro>
    <complemento/>
    <unidade/>
    <bairro>Farol</bairro>
    <localidade>Maceió</localidade>
    <uf>AL</uf>
    <estado>Alagoas</estado>
    <região/>
    <ibge>2704302</ibge>
    <gia/>
    <ddd>82</ddd>
    <siafi>2785</siafi>
  </cep>
  <cep>
    <cep>57061-070</cep>
    <logradouro>Rua Eliete Rolemberg de Figueirêdo</logradouro>
    <complemento>lado par</complemento>
    <unidade/>
    <bairro>Tabuleiro do Martins</bairro>
    <localidade>Maceió</localidade>
    <uf>AL</uf>
    <estado>Alagoas</estado>
    <região/>
    <ibge>2704302</ibge>
    <gia/>
    <ddd>82</ddd>
    <siafi>2785</siafi>
  </cep>
  <cep>
    <cep>57046-808</cep>
    <logradouro>Rua Betavile</logradouro>
    <complemento/>
    <unidade/>
    <bairro>Serraria</bairro>
    <localidade>Maceió</localidade>
    <uf>AL</uf>
    <estado>Alagoas</estado>
    <região/>
    <ibge>2704302</ibge>
    <gia/>
    <ddd>82</ddd>
    <siafi>2785</siafi>
  </cep>
  <cep>
    <cep>57063-235</cep>
    <logradouro>Alameda C10</logradouro>
    <complemento>(Lot Jd Petropolis II E)</complemento>
    <unidade/>
    <bairro>Santa Amélia</bairro>
    <localidade>Maceió</localidade>
    <uf>AL</uf>
    <estado>Alagoas</estado>
    <região/>
    <ibge>2704302</ibge>
    <gia/>
    <ddd>82</ddd>
    <siafi>2785</siafi>
  </cep>
  <cep>
    <cep>57071-028</cep>
    <logradouro>Travessa Cariri</logradouro>
    <complemento/>
    <unidade/>
    <bairro>Clima Bom</bairro>
    <localidade>Maceió</localidade>
    <uf>AL</uf>
    <estado>Alagoas</estado>
    <região/>
    <ibge>2704302</ibge>
    <gia/>
    <ddd>82</ddd>
    <siafi>2785</siafi>
  </cep>
  <cep>
    <cep>57071-710</cep>
    <logradouro>7ª Travessa da Floresta</logradouro>
    <complemento/>
    <unidade/>
    <bairro>Clima Bom</bairro>
    <localidade>Maceió</localidade>
    <uf>AL</uf>
    <estado>Alagoas</estado>
    <região/>
    <ibge>2704302</ibge>
    <gia/>
    <ddd>82</ddd>
    <siafi>2785</siafi>
  </cep>
  <cep>
    <cep>57071-160</cep>
    <logradouro>Rua Deputado João Dionísio de Góis</logradouro>
    <complemento/>
    <unidade/>
    <bairro>Clima Bom</bairro>
    <localidade>Maceió</localidade>
    <uf>AL</uf>
    <estado>Alagoas</estado>
    <região/>
    <ibge>2704302</ibge>
    <gia/>
    <ddd>82</ddd>
    <siafi>2785</siafi>
  </cep>
  <cep>
    <cep>57055-611</cep>
    <logradouro>Rua São José</logradouro>
    <complemento/>
    <unidade/>
    <bairro>Pinheiro</bairro>
    <localidade>Maceió</localidade>
    <uf>AL</uf>
    <estado>Alagoas</estado>
    <região/>
    <ibge>2704302</ibge>
    <gia/>
    <ddd>82</ddd>
    <siafi>2785</siafi>
  </cep>
  <cep>
    <cep>57071-100</cep>
    <logradouro>Rua Eliete Rolemberg de Figueirêdo</logradouro>
    <complemento>lado ímpar</complemento>
    <unidade/>
    <bairro>Clima Bom</bairro>
    <localidade>Maceió</localidade>
    <uf>AL</uf>
    <estado>Alagoas</estado>
    <região/>
    <ibge>2704302</ibge>
    <gia/>
    <ddd>82</ddd>
    <siafi>2785</siafi>
  </cep>
  <cep>
    <cep>57071-045</cep>
    <logradouro>Travessa Santa Clara</logradouro>
    <complemento/>
    <unidade/>
    <bairro>Clima Bom</bairro>
    <localidade>Maceió</localidade>
    <uf>AL</uf>
    <estado>Alagoas</estado>
    <região/>
    <ibge>2704302</ibge>
    <gia/>
    <ddd>82</ddd>
    <siafi>2785</siafi>
  </cep>
  <cep>
    <cep>57048-725</cep>
    <logradouro>Rua Projetada 928</logradouro>
    <complemento>(Lot Terra de Antares I)</complemento>
    <unidade/>
    <bairro>Antares</bairro>
    <localidade>Maceió</localidade>
    <uf>AL</uf>
    <estado>Alagoas</estado>
    <região/>
    <ibge>2704302</ibge>
    <gia/>
    <ddd>82</ddd>
    <siafi>2785</siafi>
  </cep>
  <cep>
    <cep>57072-111</cep>
    <logradouro>Rua Projetada A</logradouro>
    <complemento>(Res Jardim Royal)</complemento>
    <unidade/>
    <bairro>Cidade Universitária</bairro>
    <localidade>Maceió</localidade>
    <uf>AL</uf>
    <estado>Alagoas</estado>
    <região/>
    <ibge>2704302</ibge>
    <gia/>
    <ddd>82</ddd>
    <siafi>2785</siafi>
  </cep>
  <cep>
    <cep/>
    <logradouro/>
    <complemento/>
    <unidade/>
    <bairro/>
    <localidade/>
    <uf/>
    <estado/>
    <região/>
    <ibge/>
    <gia/>
    <ddd/>
    <siafi/>
  </cep>
  <cep>
    <cep>57071-027</cep>
    <logradouro>Travessa da Paz</logradouro>
    <complemento/>
    <unidade/>
    <bairro>Clima Bom</bairro>
    <localidade>Maceió</localidade>
    <uf>AL</uf>
    <estado>Alagoas</estado>
    <região/>
    <ibge>2704302</ibge>
    <gia/>
    <ddd>82</ddd>
    <siafi>2785</siafi>
  </cep>
  <cep>
    <cep>57062-282</cep>
    <logradouro>Rua Raul Aguiar</logradouro>
    <complemento/>
    <unidade/>
    <bairro>Petrópolis</bairro>
    <localidade>Maceió</localidade>
    <uf>AL</uf>
    <estado>Alagoas</estado>
    <região/>
    <ibge>2704302</ibge>
    <gia/>
    <ddd>82</ddd>
    <siafi>2785</siafi>
  </cep>
  <cep>
    <cep>57071-026</cep>
    <logradouro>Travessa Nova Esperança</logradouro>
    <complemento/>
    <unidade/>
    <bairro>Clima Bom</bairro>
    <localidade>Maceió</localidade>
    <uf>AL</uf>
    <estado>Alagoas</estado>
    <região/>
    <ibge>2704302</ibge>
    <gia/>
    <ddd>82</ddd>
    <siafi>2785</siafi>
  </cep>
  <cep>
    <cep>57071-625</cep>
    <logradouro>Rua 17</logradouro>
    <complemento>(Cj Osman Loureiro)</complemento>
    <unidade/>
    <bairro>Clima Bom</bairro>
    <localidade>Maceió</localidade>
    <uf>AL</uf>
    <estado>Alagoas</estado>
    <região/>
    <ibge>2704302</ibge>
    <gia/>
    <ddd>82</ddd>
    <siafi>2785</siafi>
  </cep>
  <cep>
    <cep>57071-811</cep>
    <logradouro>Rua Cairo</logradouro>
    <complemento/>
    <unidade/>
    <bairro>Clima Bom</bairro>
    <localidade>Maceió</localidade>
    <uf>AL</uf>
    <estado>Alagoas</estado>
    <região/>
    <ibge>2704302</ibge>
    <gia/>
    <ddd>82</ddd>
    <siafi>2785</siafi>
  </cep>
  <cep>
    <cep>57052-424</cep>
    <logradouro>Parque Nossa Senhora de Lourdes</logradouro>
    <complemento/>
    <unidade/>
    <bairro>Gruta de Lourdes</bairro>
    <localidade>Maceió</localidade>
    <uf>AL</uf>
    <estado>Alagoas</estado>
    <região/>
    <ibge>2704302</ibge>
    <gia/>
    <ddd>82</ddd>
    <siafi>2785</siafi>
  </cep>
  <cep>
    <cep>57071-024</cep>
    <logradouro>3ª Travessa Poeta Luiz Gonzaga Barroso</logradouro>
    <complemento/>
    <unidade/>
    <bairro>Clima Bom</bairro>
    <localidade>Maceió</localidade>
    <uf>AL</uf>
    <estado>Alagoas</estado>
    <região/>
    <ibge>2704302</ibge>
    <gia/>
    <ddd>82</ddd>
    <siafi>2785</siafi>
  </cep>
  <cep>
    <cep>57071-111</cep>
    <logradouro>Rua Maranata</logradouro>
    <complemento/>
    <unidade/>
    <bairro>Clima Bom</bairro>
    <localidade>Maceió</localidade>
    <uf>AL</uf>
    <estado>Alagoas</estado>
    <região/>
    <ibge>2704302</ibge>
    <gia/>
    <ddd>82</ddd>
    <siafi>2785</siafi>
  </cep>
  <cep>
    <cep>57072-108</cep>
    <logradouro>Rua O-P</logradouro>
    <complemento>(Cj Eustáquio Gomes)</complemento>
    <unidade/>
    <bairro>Cidade Universitária</bairro>
    <localidade>Maceió</localidade>
    <uf>AL</uf>
    <estado>Alagoas</estado>
    <região/>
    <ibge>2704302</ibge>
    <gia/>
    <ddd>82</ddd>
    <siafi>2785</siafi>
  </cep>
  <cep>
    <cep>57071-015</cep>
    <logradouro>1ª Travessa Poeta Luiz Gonzaga Barroso</logradouro>
    <complemento/>
    <unidade/>
    <bairro>Clima Bom</bairro>
    <localidade>Maceió</localidade>
    <uf>AL</uf>
    <estado>Alagoas</estado>
    <região/>
    <ibge>2704302</ibge>
    <gia/>
    <ddd>82</ddd>
    <siafi>2785</siafi>
  </cep>
  <cep>
    <cep>57071-268</cep>
    <logradouro>Travessa São Mateus</logradouro>
    <complemento/>
    <unidade/>
    <bairro>Clima Bom</bairro>
    <localidade>Maceió</localidade>
    <uf>AL</uf>
    <estado>Alagoas</estado>
    <região/>
    <ibge>2704302</ibge>
    <gia/>
    <ddd>82</ddd>
    <siafi>2785</siafi>
  </cep>
  <cep>
    <cep>57071-039</cep>
    <logradouro>Travessa Renascer</logradouro>
    <complemento/>
    <unidade/>
    <bairro>Clima Bom</bairro>
    <localidade>Maceió</localidade>
    <uf>AL</uf>
    <estado>Alagoas</estado>
    <região/>
    <ibge>2704302</ibge>
    <gia/>
    <ddd>82</ddd>
    <siafi>2785</siafi>
  </cep>
  <cep>
    <cep>57062-586</cep>
    <logradouro>Avenida Doutor Sebastião Correia da Rocha</logradouro>
    <complemento/>
    <unidade/>
    <bairro>Petrópolis</bairro>
    <localidade>Maceió</localidade>
    <uf>AL</uf>
    <estado>Alagoas</estado>
    <região/>
    <ibge>2704302</ibge>
    <gia/>
    <ddd>82</ddd>
    <siafi>2785</siafi>
  </cep>
  <cep>
    <cep>57071-618</cep>
    <logradouro>2ª Travessa Maria Osana</logradouro>
    <complemento/>
    <unidade/>
    <bairro>Clima Bom</bairro>
    <localidade>Maceió</localidade>
    <uf>AL</uf>
    <estado>Alagoas</estado>
    <região/>
    <ibge>2704302</ibge>
    <gia/>
    <ddd>82</ddd>
    <siafi>2785</siafi>
  </cep>
  <cep>
    <cep>57071-562</cep>
    <logradouro>3ª Travessa Walfrido Rocha</logradouro>
    <complemento/>
    <unidade/>
    <bairro>Clima Bom</bairro>
    <localidade>Maceió</localidade>
    <uf>AL</uf>
    <estado>Alagoas</estado>
    <região/>
    <ibge>2704302</ibge>
    <gia/>
    <ddd>82</ddd>
    <siafi>2785</siafi>
  </cep>
  <cep>
    <cep>57055-613</cep>
    <logradouro>2ª Rua Bela Vista</logradouro>
    <complemento/>
    <unidade/>
    <bairro>Pinheiro</bairro>
    <localidade>Maceió</localidade>
    <uf>AL</uf>
    <estado>Alagoas</estado>
    <região/>
    <ibge>2704302</ibge>
    <gia/>
    <ddd>82</ddd>
    <siafi>2785</siafi>
  </cep>
  <cep>
    <cep>57052-481</cep>
    <logradouro>Rua João Correia de Araújo</logradouro>
    <complemento>até 412/413</complemento>
    <unidade/>
    <bairro>Gruta de Lourdes</bairro>
    <localidade>Maceió</localidade>
    <uf>AL</uf>
    <estado>Alagoas</estado>
    <região/>
    <ibge>2704302</ibge>
    <gia/>
    <ddd>82</ddd>
    <siafi>2785</siafi>
  </cep>
  <cep>
    <cep>57071-094</cep>
    <logradouro>Rua Aloísio Bezerra</logradouro>
    <complemento/>
    <unidade/>
    <bairro>Clima Bom</bairro>
    <localidade>Maceió</localidade>
    <uf>AL</uf>
    <estado>Alagoas</estado>
    <região/>
    <ibge>2704302</ibge>
    <gia/>
    <ddd>82</ddd>
    <siafi>2785</siafi>
  </cep>
  <cep>
    <cep>57071-205</cep>
    <logradouro>Travessa Muniz Falcão</logradouro>
    <complemento>(Quadra 11)</complemento>
    <unidade/>
    <bairro>Clima Bom</bairro>
    <localidade>Maceió</localidade>
    <uf>AL</uf>
    <estado>Alagoas</estado>
    <região/>
    <ibge>2704302</ibge>
    <gia/>
    <ddd>82</ddd>
    <siafi>2785</siafi>
  </cep>
  <cep>
    <cep>57052-623</cep>
    <logradouro>Rua do Aterro</logradouro>
    <complemento/>
    <unidade/>
    <bairro>Gruta de Lourdes</bairro>
    <localidade>Maceió</localidade>
    <uf>AL</uf>
    <estado>Alagoas</estado>
    <região/>
    <ibge>2704302</ibge>
    <gia/>
    <ddd>82</ddd>
    <siafi>2785</siafi>
  </cep>
  <cep>
    <cep>57071-025</cep>
    <logradouro>4ª Travessa Poeta Luiz Gonzaga Barroso</logradouro>
    <complemento/>
    <unidade/>
    <bairro>Clima Bom</bairro>
    <localidade>Maceió</localidade>
    <uf>AL</uf>
    <estado>Alagoas</estado>
    <região/>
    <ibge>2704302</ibge>
    <gia/>
    <ddd>82</ddd>
    <siafi>2785</siafi>
  </cep>
  <cep>
    <cep>57071-265</cep>
    <logradouro>Travessa Ivanildo Marques</logradouro>
    <complemento/>
    <unidade/>
    <bairro>Clima Bom</bairro>
    <localidade>Maceió</localidade>
    <uf>AL</uf>
    <estado>Alagoas</estado>
    <região/>
    <ibge>2704302</ibge>
    <gia/>
    <ddd>82</ddd>
    <siafi>2785</siafi>
  </cep>
  <cep>
    <cep>57052-735</cep>
    <logradouro>Rua Maria Nuza Gomes Barreto</logradouro>
    <complemento/>
    <unidade/>
    <bairro>Gruta de Lourdes</bairro>
    <localidade>Maceió</localidade>
    <uf>AL</uf>
    <estado>Alagoas</estado>
    <região/>
    <ibge>2704302</ibge>
    <gia/>
    <ddd>82</ddd>
    <siafi>2785</siafi>
  </cep>
  <cep>
    <cep>57048-084</cep>
    <logradouro>Rua José Valtemir Mendes de Freitas</logradouro>
    <complemento/>
    <unidade/>
    <bairro>Antares</bairro>
    <localidade>Maceió</localidade>
    <uf>AL</uf>
    <estado>Alagoas</estado>
    <região/>
    <ibge>2704302</ibge>
    <gia/>
    <ddd>82</ddd>
    <siafi>2785</siafi>
  </cep>
  <cep>
    <cep>57071-029</cep>
    <logradouro>Travessa São João</logradouro>
    <complemento/>
    <unidade/>
    <bairro>Clima Bom</bairro>
    <localidade>Maceió</localidade>
    <uf>AL</uf>
    <estado>Alagoas</estado>
    <região/>
    <ibge>2704302</ibge>
    <gia/>
    <ddd>82</ddd>
    <siafi>2785</siafi>
  </cep>
  <cep>
    <cep>57051-005</cep>
    <logradouro>Avenida Tomás Espíndola</logradouro>
    <complemento>lado ímpar</complemento>
    <unidade/>
    <bairro>Farol</bairro>
    <localidade>Maceió</localidade>
    <uf>AL</uf>
    <estado>Alagoas</estado>
    <região/>
    <ibge>2704302</ibge>
    <gia/>
    <ddd>82</ddd>
    <siafi>2785</siafi>
  </cep>
  <cep>
    <cep>57072-112</cep>
    <logradouro>Rua Projetada B</logradouro>
    <complemento>(Res Jardim Royal)</complemento>
    <unidade/>
    <bairro>Cidade Universitária</bairro>
    <localidade>Maceió</localidade>
    <uf>AL</uf>
    <estado>Alagoas</estado>
    <região/>
    <ibge>2704302</ibge>
    <gia/>
    <ddd>82</ddd>
    <siafi>2785</siafi>
  </cep>
  <cep>
    <cep>57072-113</cep>
    <logradouro>Rua Projetada C</logradouro>
    <complemento>(Res Jardim Royal)</complemento>
    <unidade/>
    <bairro>Cidade Universitária</bairro>
    <localidade>Maceió</localidade>
    <uf>AL</uf>
    <estado>Alagoas</estado>
    <região/>
    <ibge>2704302</ibge>
    <gia/>
    <ddd>82</ddd>
    <siafi>2785</siafi>
  </cep>
  <cep>
    <cep>57072-115</cep>
    <logradouro>Rua Projetada F</logradouro>
    <complemento>(Res Jardim Royal)</complemento>
    <unidade/>
    <bairro>Cidade Universitária</bairro>
    <localidade>Maceió</localidade>
    <uf>AL</uf>
    <estado>Alagoas</estado>
    <região/>
    <ibge>2704302</ibge>
    <gia/>
    <ddd>82</ddd>
    <siafi>2785</siafi>
  </cep>
  <cep>
    <cep>57072-114</cep>
    <logradouro>Rua Projetada D</logradouro>
    <complemento>(Res Jardim Royal)</complemento>
    <unidade/>
    <bairro>Cidade Universitária</bairro>
    <localidade>Maceió</localidade>
    <uf>AL</uf>
    <estado>Alagoas</estado>
    <região/>
    <ibge>2704302</ibge>
    <gia/>
    <ddd>82</ddd>
    <siafi>2785</siafi>
  </cep>
  <cep>
    <cep>57072-119</cep>
    <logradouro>Rua Projetada AE</logradouro>
    <complemento>(Res Jardim Royal)</complemento>
    <unidade/>
    <bairro>Cidade Universitária</bairro>
    <localidade>Maceió</localidade>
    <uf>AL</uf>
    <estado>Alagoas</estado>
    <região/>
    <ibge>2704302</ibge>
    <gia/>
    <ddd>82</ddd>
    <siafi>2785</siafi>
  </cep>
  <cep>
    <cep>57072-118</cep>
    <logradouro>Rua Projetada AB</logradouro>
    <complemento>(Res Jardim Royal)</complemento>
    <unidade/>
    <bairro>Cidade Universitária</bairro>
    <localidade>Maceió</localidade>
    <uf>AL</uf>
    <estado>Alagoas</estado>
    <região/>
    <ibge>2704302</ibge>
    <gia/>
    <ddd>82</ddd>
    <siafi>2785</siafi>
  </cep>
  <cep>
    <cep>57072-123</cep>
    <logradouro>Rua Projetada Y</logradouro>
    <complemento>(Res Jardim Royal)</complemento>
    <unidade/>
    <bairro>Cidade Universitária</bairro>
    <localidade>Maceió</localidade>
    <uf>AL</uf>
    <estado>Alagoas</estado>
    <região/>
    <ibge>2704302</ibge>
    <gia/>
    <ddd>82</ddd>
    <siafi>2785</siafi>
  </cep>
  <cep>
    <cep>57072-124</cep>
    <logradouro>Rua Projetada L</logradouro>
    <complemento>(Res Jardim Royal)</complemento>
    <unidade/>
    <bairro>Cidade Universitária</bairro>
    <localidade>Maceió</localidade>
    <uf>AL</uf>
    <estado>Alagoas</estado>
    <região/>
    <ibge>2704302</ibge>
    <gia/>
    <ddd>82</ddd>
    <siafi>2785</siafi>
  </cep>
  <cep>
    <cep>57072-122</cep>
    <logradouro>Rua Projetada Z</logradouro>
    <complemento>(Res Jardim Royal)</complemento>
    <unidade/>
    <bairro>Cidade Universitária</bairro>
    <localidade>Maceió</localidade>
    <uf>AL</uf>
    <estado>Alagoas</estado>
    <região/>
    <ibge>2704302</ibge>
    <gia/>
    <ddd>82</ddd>
    <siafi>2785</siafi>
  </cep>
  <cep>
    <cep>57072-116</cep>
    <logradouro>Rua Projetada H</logradouro>
    <complemento>(Res Jardim Royal)</complemento>
    <unidade/>
    <bairro>Cidade Universitária</bairro>
    <localidade>Maceió</localidade>
    <uf>AL</uf>
    <estado>Alagoas</estado>
    <região/>
    <ibge>2704302</ibge>
    <gia/>
    <ddd>82</ddd>
    <siafi>2785</siafi>
  </cep>
  <cep>
    <cep>57072-117</cep>
    <logradouro>Rua Projetada I</logradouro>
    <complemento>(Res Jardim Royal)</complemento>
    <unidade/>
    <bairro>Cidade Universitária</bairro>
    <localidade>Maceió</localidade>
    <uf>AL</uf>
    <estado>Alagoas</estado>
    <região/>
    <ibge>2704302</ibge>
    <gia/>
    <ddd>82</ddd>
    <siafi>2785</siafi>
  </cep>
  <cep>
    <cep>57072-121</cep>
    <logradouro>Rua Projetada K</logradouro>
    <complemento>(Res Jardim Royal)</complemento>
    <unidade/>
    <bairro>Cidade Universitária</bairro>
    <localidade>Maceió</localidade>
    <uf>AL</uf>
    <estado>Alagoas</estado>
    <região/>
    <ibge>2704302</ibge>
    <gia/>
    <ddd>82</ddd>
    <siafi>2785</siafi>
  </cep>
  <cep>
    <cep>57072-126</cep>
    <logradouro>Rua Projetada M</logradouro>
    <complemento>(Res Jardim Royal)</complemento>
    <unidade/>
    <bairro>Cidade Universitária</bairro>
    <localidade>Maceió</localidade>
    <uf>AL</uf>
    <estado>Alagoas</estado>
    <região/>
    <ibge>2704302</ibge>
    <gia/>
    <ddd>82</ddd>
    <siafi>2785</siafi>
  </cep>
  <cep>
    <cep>57072-127</cep>
    <logradouro>Rua Projetada V</logradouro>
    <complemento>(Res Jardim Royal)</complemento>
    <unidade/>
    <bairro>Cidade Universitária</bairro>
    <localidade>Maceió</localidade>
    <uf>AL</uf>
    <estado>Alagoas</estado>
    <região/>
    <ibge>2704302</ibge>
    <gia/>
    <ddd>82</ddd>
    <siafi>2785</siafi>
  </cep>
  <cep>
    <cep>57072-128</cep>
    <logradouro>Rua Projetada N</logradouro>
    <complemento>(Res Jardim Royal)</complemento>
    <unidade/>
    <bairro>Cidade Universitária</bairro>
    <localidade>Maceió</localidade>
    <uf>AL</uf>
    <estado>Alagoas</estado>
    <região/>
    <ibge>2704302</ibge>
    <gia/>
    <ddd>82</ddd>
    <siafi>2785</siafi>
  </cep>
  <cep>
    <cep>57072-129</cep>
    <logradouro>Rua Projetada O</logradouro>
    <complemento>(Res Jardim Royal)</complemento>
    <unidade/>
    <bairro>Cidade Universitária</bairro>
    <localidade>Maceió</localidade>
    <uf>AL</uf>
    <estado>Alagoas</estado>
    <região/>
    <ibge>2704302</ibge>
    <gia/>
    <ddd>82</ddd>
    <siafi>2785</siafi>
  </cep>
  <cep>
    <cep>57072-131</cep>
    <logradouro>Rua Projetada U</logradouro>
    <complemento>(Res Jardim Royal)</complemento>
    <unidade/>
    <bairro>Cidade Universitária</bairro>
    <localidade>Maceió</localidade>
    <uf>AL</uf>
    <estado>Alagoas</estado>
    <região/>
    <ibge>2704302</ibge>
    <gia/>
    <ddd>82</ddd>
    <siafi>2785</siafi>
  </cep>
  <cep>
    <cep>57072-135</cep>
    <logradouro>Rua Projetada Q</logradouro>
    <complemento>(Res Jardim Royal)</complemento>
    <unidade/>
    <bairro>Cidade Universitária</bairro>
    <localidade>Maceió</localidade>
    <uf>AL</uf>
    <estado>Alagoas</estado>
    <região/>
    <ibge>2704302</ibge>
    <gia/>
    <ddd>82</ddd>
    <siafi>2785</siafi>
  </cep>
  <cep>
    <cep>57072-144</cep>
    <logradouro>Rua Projetada 7447</logradouro>
    <complemento>(Res Jardim Royal - Mod I)</complemento>
    <unidade/>
    <bairro>Cidade Universitária</bairro>
    <localidade>Maceió</localidade>
    <uf>AL</uf>
    <estado>Alagoas</estado>
    <região/>
    <ibge>2704302</ibge>
    <gia/>
    <ddd>82</ddd>
    <siafi>2785</siafi>
  </cep>
  <cep>
    <cep>57072-143</cep>
    <logradouro>Rua Projetada D-1</logradouro>
    <complemento>(Res Jardim Royal - Mod I)</complemento>
    <unidade/>
    <bairro>Cidade Universitária</bairro>
    <localidade>Maceió</localidade>
    <uf>AL</uf>
    <estado>Alagoas</estado>
    <região/>
    <ibge>2704302</ibge>
    <gia/>
    <ddd>82</ddd>
    <siafi>2785</siafi>
  </cep>
  <cep>
    <cep>57072-153</cep>
    <logradouro>Rua Projetada 7496</logradouro>
    <complemento>(Res Jrd Royal II - Mod I)</complemento>
    <unidade/>
    <bairro>Cidade Universitária</bairro>
    <localidade>Maceió</localidade>
    <uf>AL</uf>
    <estado>Alagoas</estado>
    <região/>
    <ibge>2704302</ibge>
    <gia/>
    <ddd>82</ddd>
    <siafi>2785</siafi>
  </cep>
  <cep>
    <cep>57072-161</cep>
    <logradouro>Rua Projetada O-1</logradouro>
    <complemento>(Res Jardim Royal - Mod I)</complemento>
    <unidade/>
    <bairro>Cidade Universitária</bairro>
    <localidade>Maceió</localidade>
    <uf>AL</uf>
    <estado>Alagoas</estado>
    <região/>
    <ibge>2704302</ibge>
    <gia/>
    <ddd>82</ddd>
    <siafi>2785</siafi>
  </cep>
  <cep>
    <cep>57072-202</cep>
    <logradouro>Rua Projetada 7454</logradouro>
    <complemento>(Res Jardim Royal- Mod III)</complemento>
    <unidade/>
    <bairro>Cidade Universitária</bairro>
    <localidade>Maceió</localidade>
    <uf>AL</uf>
    <estado>Alagoas</estado>
    <região/>
    <ibge>2704302</ibge>
    <gia/>
    <ddd>82</ddd>
    <siafi>2785</siafi>
  </cep>
  <cep>
    <cep/>
    <logradouro/>
    <complemento/>
    <unidade/>
    <bairro/>
    <localidade/>
    <uf/>
    <estado/>
    <região/>
    <ibge/>
    <gia/>
    <ddd/>
    <siafi/>
  </cep>
  <cep>
    <cep>57072-201</cep>
    <logradouro>Rua Projetada B-3</logradouro>
    <complemento>(Res Jardim Royal- Mod III)</complemento>
    <unidade/>
    <bairro>Cidade Universitária</bairro>
    <localidade>Maceió</localidade>
    <uf>AL</uf>
    <estado>Alagoas</estado>
    <região/>
    <ibge>2704302</ibge>
    <gia/>
    <ddd>82</ddd>
    <siafi>2785</siafi>
  </cep>
  <cep>
    <cep>57072-171</cep>
    <logradouro>Rua Projetada 7449</logradouro>
    <complemento>(Res Jd Royal - Mod II)</complemento>
    <unidade/>
    <bairro>Cidade Universitária</bairro>
    <localidade>Maceió</localidade>
    <uf>AL</uf>
    <estado>Alagoas</estado>
    <região/>
    <ibge>2704302</ibge>
    <gia/>
    <ddd>82</ddd>
    <siafi>2785</siafi>
  </cep>
  <cep>
    <cep/>
    <logradouro/>
    <complemento/>
    <unidade/>
    <bairro/>
    <localidade/>
    <uf/>
    <estado/>
    <região/>
    <ibge/>
    <gia/>
    <ddd/>
    <siafi/>
  </cep>
  <cep>
    <cep>57072-133</cep>
    <logradouro>Rua Projetada S</logradouro>
    <complemento>(Res Jardim Royal)</complemento>
    <unidade/>
    <bairro>Cidade Universitária</bairro>
    <localidade>Maceió</localidade>
    <uf>AL</uf>
    <estado>Alagoas</estado>
    <região/>
    <ibge>2704302</ibge>
    <gia/>
    <ddd>82</ddd>
    <siafi>2785</siafi>
  </cep>
  <cep>
    <cep>57072-152</cep>
    <logradouro>Rua Projetada 7495</logradouro>
    <complemento>(Res Jardim Royal - Mod I)</complemento>
    <unidade/>
    <bairro>Cidade Universitária</bairro>
    <localidade>Maceió</localidade>
    <uf>AL</uf>
    <estado>Alagoas</estado>
    <região/>
    <ibge>2704302</ibge>
    <gia/>
    <ddd>82</ddd>
    <siafi>2785</siafi>
  </cep>
  <cep>
    <cep>57072-132</cep>
    <logradouro>Rua Projetada T</logradouro>
    <complemento>(Res Jardim Royal)</complemento>
    <unidade/>
    <bairro>Cidade Universitária</bairro>
    <localidade>Maceió</localidade>
    <uf>AL</uf>
    <estado>Alagoas</estado>
    <região/>
    <ibge>2704302</ibge>
    <gia/>
    <ddd>82</ddd>
    <siafi>2785</siafi>
  </cep>
  <cep>
    <cep>57072-199</cep>
    <logradouro>Rua Projetada 7466</logradouro>
    <complemento>(Res Jardim Royal - Mod II)</complemento>
    <unidade/>
    <bairro>Cidade Universitária</bairro>
    <localidade>Maceió</localidade>
    <uf>AL</uf>
    <estado>Alagoas</estado>
    <região/>
    <ibge>2704302</ibge>
    <gia/>
    <ddd>82</ddd>
    <siafi>2785</siafi>
  </cep>
  <cep>
    <cep>57072-164</cep>
    <logradouro>Rua Projetada R-1</logradouro>
    <complemento>(Res Jardim Royal - Mod I)</complemento>
    <unidade/>
    <bairro>Cidade Universitária</bairro>
    <localidade>Maceió</localidade>
    <uf>AL</uf>
    <estado>Alagoas</estado>
    <região/>
    <ibge>2704302</ibge>
    <gia/>
    <ddd>82</ddd>
    <siafi>2785</siafi>
  </cep>
  <cep>
    <cep>57072-205</cep>
    <logradouro>Rua Projetada 7456</logradouro>
    <complemento>(Res Jd Royal II)</complemento>
    <unidade/>
    <bairro>Cidade Universitária</bairro>
    <localidade>Maceió</localidade>
    <uf>AL</uf>
    <estado>Alagoas</estado>
    <região/>
    <ibge>2704302</ibge>
    <gia/>
    <ddd>82</ddd>
    <siafi>2785</siafi>
  </cep>
  <cep>
    <cep>57072-193</cep>
    <logradouro>Rua Projetada N-2</logradouro>
    <complemento>(Res Jardim Royal - Mod II)</complemento>
    <unidade/>
    <bairro>Cidade Universitária</bairro>
    <localidade>Maceió</localidade>
    <uf>AL</uf>
    <estado>Alagoas</estado>
    <região/>
    <ibge>2704302</ibge>
    <gia/>
    <ddd>82</ddd>
    <siafi>2785</siafi>
  </cep>
  <cep>
    <cep/>
    <logradouro/>
    <complemento/>
    <unidade/>
    <bairro/>
    <localidade/>
    <uf/>
    <estado/>
    <região/>
    <ibge/>
    <gia/>
    <ddd/>
    <siafi/>
  </cep>
  <cep>
    <cep>57072-162</cep>
    <logradouro>Rua Projetada 7465</logradouro>
    <complemento>(Res Jardim Royal - Mod I)</complemento>
    <unidade/>
    <bairro>Cidade Universitária</bairro>
    <localidade>Maceió</localidade>
    <uf>AL</uf>
    <estado>Alagoas</estado>
    <região/>
    <ibge>2704302</ibge>
    <gia/>
    <ddd>82</ddd>
    <siafi>2785</siafi>
  </cep>
  <cep>
    <cep/>
    <logradouro/>
    <complemento/>
    <unidade/>
    <bairro/>
    <localidade/>
    <uf/>
    <estado/>
    <região/>
    <ibge/>
    <gia/>
    <ddd/>
    <siafi/>
  </cep>
  <cep>
    <cep>57072-142</cep>
    <logradouro>Rua Projetada C-1</logradouro>
    <complemento>(Res Jardim Royal - Mod I)</complemento>
    <unidade/>
    <bairro>Cidade Universitária</bairro>
    <localidade>Maceió</localidade>
    <uf>AL</uf>
    <estado>Alagoas</estado>
    <região/>
    <ibge>2704302</ibge>
    <gia/>
    <ddd>82</ddd>
    <siafi>2785</siafi>
  </cep>
  <cep>
    <cep>57072-146</cep>
    <logradouro>Rua Projetada 7485</logradouro>
    <complemento>(Res Jardim Royal II)</complemento>
    <unidade/>
    <bairro>Cidade Universitária</bairro>
    <localidade>Maceió</localidade>
    <uf>AL</uf>
    <estado>Alagoas</estado>
    <região/>
    <ibge>2704302</ibge>
    <gia/>
    <ddd>82</ddd>
    <siafi>2785</siafi>
  </cep>
  <cep>
    <cep/>
    <logradouro/>
    <complemento/>
    <unidade/>
    <bairro/>
    <localidade/>
    <uf/>
    <estado/>
    <região/>
    <ibge/>
    <gia/>
    <ddd/>
    <siafi/>
  </cep>
  <cep>
    <cep/>
    <logradouro/>
    <complemento/>
    <unidade/>
    <bairro/>
    <localidade/>
    <uf/>
    <estado/>
    <região/>
    <ibge/>
    <gia/>
    <ddd/>
    <siafi/>
  </cep>
  <cep>
    <cep>57072-212</cep>
    <logradouro>Rua Projetada Z-3</logradouro>
    <complemento>(Res Jardim Royal- Mod III)</complemento>
    <unidade/>
    <bairro>Cidade Universitária</bairro>
    <localidade>Maceió</localidade>
    <uf>AL</uf>
    <estado>Alagoas</estado>
    <região/>
    <ibge>2704302</ibge>
    <gia/>
    <ddd>82</ddd>
    <siafi>2785</siafi>
  </cep>
  <cep>
    <cep>57072-194</cep>
    <logradouro>Rua Projetada V-2</logradouro>
    <complemento>(Res Jardim Royal - Mod II)</complemento>
    <unidade/>
    <bairro>Cidade Universitária</bairro>
    <localidade>Maceió</localidade>
    <uf>AL</uf>
    <estado>Alagoas</estado>
    <região/>
    <ibge>2704302</ibge>
    <gia/>
    <ddd>82</ddd>
    <siafi>2785</siafi>
  </cep>
  <cep>
    <cep>57072-186</cep>
    <logradouro>Rua Projetada K-2</logradouro>
    <complemento>(Res Jardim Royal - Mod II)</complemento>
    <unidade/>
    <bairro>Cidade Universitária</bairro>
    <localidade>Maceió</localidade>
    <uf>AL</uf>
    <estado>Alagoas</estado>
    <região/>
    <ibge>2704302</ibge>
    <gia/>
    <ddd>82</ddd>
    <siafi>2785</siafi>
  </cep>
  <cep>
    <cep>57072-209</cep>
    <logradouro>Rua Projetada 7493</logradouro>
    <complemento>(Res Jardim Royal II)</complemento>
    <unidade/>
    <bairro>Cidade Universitária</bairro>
    <localidade>Maceió</localidade>
    <uf>AL</uf>
    <estado>Alagoas</estado>
    <região/>
    <ibge>2704302</ibge>
    <gia/>
    <ddd>82</ddd>
    <siafi>2785</siafi>
  </cep>
  <cep>
    <cep>57072-172</cep>
    <logradouro>Rua Projetada C-2</logradouro>
    <complemento>(Res Jardim Royal - Mod II)</complemento>
    <unidade/>
    <bairro>Cidade Universitária</bairro>
    <localidade>Maceió</localidade>
    <uf>AL</uf>
    <estado>Alagoas</estado>
    <região/>
    <ibge>2704302</ibge>
    <gia/>
    <ddd>82</ddd>
    <siafi>2785</siafi>
  </cep>
  <cep>
    <cep>57072-198</cep>
    <logradouro>Rua Projetada R-2</logradouro>
    <complemento>(Res Jardim Royal - Mod II)</complemento>
    <unidade/>
    <bairro>Cidade Universitária</bairro>
    <localidade>Maceió</localidade>
    <uf>AL</uf>
    <estado>Alagoas</estado>
    <região/>
    <ibge>2704302</ibge>
    <gia/>
    <ddd>82</ddd>
    <siafi>2785</siafi>
  </cep>
  <cep>
    <cep>57072-213</cep>
    <logradouro>Rua Projetada 7498</logradouro>
    <complemento>(Res Jardim Royal- Mod III)</complemento>
    <unidade/>
    <bairro>Cidade Universitária</bairro>
    <localidade>Maceió</localidade>
    <uf>AL</uf>
    <estado>Alagoas</estado>
    <região/>
    <ibge>2704302</ibge>
    <gia/>
    <ddd>82</ddd>
    <siafi>2785</siafi>
  </cep>
  <cep>
    <cep>57072-163</cep>
    <logradouro>Rua Projetada Q-1</logradouro>
    <complemento>(Res Jardim Royal - Mod I)</complemento>
    <unidade/>
    <bairro>Cidade Universitária</bairro>
    <localidade>Maceió</localidade>
    <uf>AL</uf>
    <estado>Alagoas</estado>
    <região/>
    <ibge>2704302</ibge>
    <gia/>
    <ddd>82</ddd>
    <siafi>2785</siafi>
  </cep>
  <cep>
    <cep>57072-196</cep>
    <logradouro>Rua Projetada 7471</logradouro>
    <complemento>(Res Jardim Royal - Mod II)</complemento>
    <unidade/>
    <bairro>Cidade Universitária</bairro>
    <localidade>Maceió</localidade>
    <uf>AL</uf>
    <estado>Alagoas</estado>
    <região/>
    <ibge>2704302</ibge>
    <gia/>
    <ddd>82</ddd>
    <siafi>2785</siafi>
  </cep>
  <cep>
    <cep>57072-204</cep>
    <logradouro>Rua Projetada E-3</logradouro>
    <complemento>(Res Jardim Royal- Mod III)</complemento>
    <unidade/>
    <bairro>Cidade Universitária</bairro>
    <localidade>Maceió</localidade>
    <uf>AL</uf>
    <estado>Alagoas</estado>
    <região/>
    <ibge>2704302</ibge>
    <gia/>
    <ddd>82</ddd>
    <siafi>2785</siafi>
  </cep>
  <cep>
    <cep/>
    <logradouro/>
    <complemento/>
    <unidade/>
    <bairro/>
    <localidade/>
    <uf/>
    <estado/>
    <região/>
    <ibge/>
    <gia/>
    <ddd/>
    <siafi/>
  </cep>
  <cep>
    <cep>57072-159</cep>
    <logradouro>Rua Projetada V-1</logradouro>
    <complemento>(Res Jardim Royal - Mod I)</complemento>
    <unidade/>
    <bairro>Cidade Universitária</bairro>
    <localidade>Maceió</localidade>
    <uf>AL</uf>
    <estado>Alagoas</estado>
    <região/>
    <ibge>2704302</ibge>
    <gia/>
    <ddd>82</ddd>
    <siafi>2785</siafi>
  </cep>
  <cep>
    <cep>57072-195</cep>
    <logradouro>Rua Projetada O-2</logradouro>
    <complemento>(Res Jardim Royal - Mod II)</complemento>
    <unidade/>
    <bairro>Cidade Universitária</bairro>
    <localidade>Maceió</localidade>
    <uf>AL</uf>
    <estado>Alagoas</estado>
    <região/>
    <ibge>2704302</ibge>
    <gia/>
    <ddd>82</ddd>
    <siafi>2785</siafi>
  </cep>
  <cep>
    <cep>57072-182</cep>
    <logradouro>Rua Projetada 7492</logradouro>
    <complemento>(Res Jardim Royal)</complemento>
    <unidade/>
    <bairro>Cidade Universitária</bairro>
    <localidade>Maceió</localidade>
    <uf>AL</uf>
    <estado>Alagoas</estado>
    <região/>
    <ibge>2704302</ibge>
    <gia/>
    <ddd>82</ddd>
    <siafi>2785</siafi>
  </cep>
  <cep>
    <cep>57072-151</cep>
    <logradouro>Rua Projetada AE-1</logradouro>
    <complemento>(Res Jardim Royal - Mod I)</complemento>
    <unidade/>
    <bairro>Cidade Universitária</bairro>
    <localidade>Maceió</localidade>
    <uf>AL</uf>
    <estado>Alagoas</estado>
    <região/>
    <ibge>2704302</ibge>
    <gia/>
    <ddd>82</ddd>
    <siafi>2785</siafi>
  </cep>
  <cep>
    <cep>57072-218</cep>
    <logradouro>Rua Projetada N-3</logradouro>
    <complemento>(Res Jardim Royal- Mod III)</complemento>
    <unidade/>
    <bairro>Cidade Universitária</bairro>
    <localidade>Maceió</localidade>
    <uf>AL</uf>
    <estado>Alagoas</estado>
    <região/>
    <ibge>2704302</ibge>
    <gia/>
    <ddd>82</ddd>
    <siafi>2785</siafi>
  </cep>
  <cep>
    <cep>57072-177</cep>
    <logradouro>Rua Projetada 7452</logradouro>
    <complemento>(Res Jardim Royal - Mod II)</complemento>
    <unidade/>
    <bairro>Cidade Universitária</bairro>
    <localidade>Maceió</localidade>
    <uf>AL</uf>
    <estado>Alagoas</estado>
    <região/>
    <ibge>2704302</ibge>
    <gia/>
    <ddd>82</ddd>
    <siafi>2785</siafi>
  </cep>
  <cep>
    <cep>57072-221</cep>
    <logradouro>Rua Projetada O-3</logradouro>
    <complemento>(Res Jardim Royal- Mod III)</complemento>
    <unidade/>
    <bairro>Cidade Universitária</bairro>
    <localidade>Maceió</localidade>
    <uf>AL</uf>
    <estado>Alagoas</estado>
    <região/>
    <ibge>2704302</ibge>
    <gia/>
    <ddd>82</ddd>
    <siafi>2785</siafi>
  </cep>
  <cep>
    <cep>57072-222</cep>
    <logradouro>Rua Projetada P-3</logradouro>
    <complemento>(Res Jardim Royal- Mod III)</complemento>
    <unidade/>
    <bairro>Cidade Universitária</bairro>
    <localidade>Maceió</localidade>
    <uf>AL</uf>
    <estado>Alagoas</estado>
    <região/>
    <ibge>2704302</ibge>
    <gia/>
    <ddd>82</ddd>
    <siafi>2785</siafi>
  </cep>
  <cep>
    <cep>57072-147</cep>
    <logradouro>Rua Projetada 7489</logradouro>
    <complemento>(Res Jardim Royal II)</complemento>
    <unidade/>
    <bairro>Cidade Universitária</bairro>
    <localidade>Maceió</localidade>
    <uf>AL</uf>
    <estado>Alagoas</estado>
    <região/>
    <ibge>2704302</ibge>
    <gia/>
    <ddd>82</ddd>
    <siafi>2785</siafi>
  </cep>
  <cep>
    <cep>57072-223</cep>
    <logradouro>Rua Projetada Q-3</logradouro>
    <complemento>(Res Jardim Royal- Mod III)</complemento>
    <unidade/>
    <bairro>Cidade Universitária</bairro>
    <localidade>Maceió</localidade>
    <uf>AL</uf>
    <estado>Alagoas</estado>
    <região/>
    <ibge>2704302</ibge>
    <gia/>
    <ddd>82</ddd>
    <siafi>2785</siafi>
  </cep>
  <cep>
    <cep>57072-141</cep>
    <logradouro>Rua Projetada B-1</logradouro>
    <complemento>(Res Jardim Royal - Mod I)</complemento>
    <unidade/>
    <bairro>Cidade Universitária</bairro>
    <localidade>Maceió</localidade>
    <uf>AL</uf>
    <estado>Alagoas</estado>
    <região/>
    <ibge>2704302</ibge>
    <gia/>
    <ddd>82</ddd>
    <siafi>2785</siafi>
  </cep>
  <cep>
    <cep/>
    <logradouro/>
    <complemento/>
    <unidade/>
    <bairro/>
    <localidade/>
    <uf/>
    <estado/>
    <região/>
    <ibge/>
    <gia/>
    <ddd/>
    <siafi/>
  </cep>
  <cep>
    <cep>57072-155</cep>
    <logradouro>Rua Projetada 7500</logradouro>
    <complemento>(Res Jardim Royal Il)</complemento>
    <unidade/>
    <bairro>Cidade Universitária</bairro>
    <localidade>Maceió</localidade>
    <uf>AL</uf>
    <estado>Alagoas</estado>
    <região/>
    <ibge>2704302</ibge>
    <gia/>
    <ddd>82</ddd>
    <siafi>2785</siafi>
  </cep>
  <cep>
    <cep>57072-224</cep>
    <logradouro>Rua Projetada R-3</logradouro>
    <complemento>(Res Jardim Royal- Mod III)</complemento>
    <unidade/>
    <bairro>Cidade Universitária</bairro>
    <localidade>Maceió</localidade>
    <uf>AL</uf>
    <estado>Alagoas</estado>
    <região/>
    <ibge>2704302</ibge>
    <gia/>
    <ddd>82</ddd>
    <siafi>2785</siafi>
  </cep>
  <cep>
    <cep>57072-176</cep>
    <logradouro>Rua Projetada E-2</logradouro>
    <complemento>(Res Jardim Royal - Mod II)</complemento>
    <unidade/>
    <bairro>Cidade Universitária</bairro>
    <localidade>Maceió</localidade>
    <uf>AL</uf>
    <estado>Alagoas</estado>
    <região/>
    <ibge>2704302</ibge>
    <gia/>
    <ddd>82</ddd>
    <siafi>2785</siafi>
  </cep>
  <cep>
    <cep>57072-149</cep>
    <logradouro>Rua Projetada 7491</logradouro>
    <complemento>(Res Jardim Royal)</complemento>
    <unidade/>
    <bairro>Cidade Universitária</bairro>
    <localidade>Maceió</localidade>
    <uf>AL</uf>
    <estado>Alagoas</estado>
    <região/>
    <ibge>2704302</ibge>
    <gia/>
    <ddd>82</ddd>
    <siafi>2785</siafi>
  </cep>
  <cep>
    <cep>57072-134</cep>
    <logradouro>Rua Projetada P</logradouro>
    <complemento>(Res Jardim Royal)</complemento>
    <unidade/>
    <bairro>Cidade Universitária</bairro>
    <localidade>Maceió</localidade>
    <uf>AL</uf>
    <estado>Alagoas</estado>
    <região/>
    <ibge>2704302</ibge>
    <gia/>
    <ddd>82</ddd>
    <siafi>2785</siafi>
  </cep>
  <cep>
    <cep>57072-158</cep>
    <logradouro>Rua Projetada N-1</logradouro>
    <complemento>(Res Jardim Royal - Mod I)</complemento>
    <unidade/>
    <bairro>Cidade Universitária</bairro>
    <localidade>Maceió</localidade>
    <uf>AL</uf>
    <estado>Alagoas</estado>
    <região/>
    <ibge>2704302</ibge>
    <gia/>
    <ddd>82</ddd>
    <siafi>2785</siafi>
  </cep>
  <cep>
    <cep>57072-156</cep>
    <logradouro>Rua Projetada 7501</logradouro>
    <complemento>(Res Jardim Royal II)</complemento>
    <unidade/>
    <bairro>Cidade Universitária</bairro>
    <localidade>Maceió</localidade>
    <uf>AL</uf>
    <estado>Alagoas</estado>
    <região/>
    <ibge>2704302</ibge>
    <gia/>
    <ddd>82</ddd>
    <siafi>2785</siafi>
  </cep>
  <cep>
    <cep>57072-197</cep>
    <logradouro>Rua Projetada Q-2</logradouro>
    <complemento>(Res Jardim Royal - Mod II)</complemento>
    <unidade/>
    <bairro>Cidade Universitária</bairro>
    <localidade>Maceió</localidade>
    <uf>AL</uf>
    <estado>Alagoas</estado>
    <região/>
    <ibge>2704302</ibge>
    <gia/>
    <ddd>82</ddd>
    <siafi>2785</siafi>
  </cep>
  <cep>
    <cep>57072-165</cep>
    <logradouro>Rua Projetada S-1</logradouro>
    <complemento>(Res Jardim Royal - Mod I)</complemento>
    <unidade/>
    <bairro>Cidade Universitária</bairro>
    <localidade>Maceió</localidade>
    <uf>AL</uf>
    <estado>Alagoas</estado>
    <região/>
    <ibge>2704302</ibge>
    <gia/>
    <ddd>82</ddd>
    <siafi>2785</siafi>
  </cep>
  <cep>
    <cep>57072-225</cep>
    <logradouro>Rua Projetada S-3</logradouro>
    <complemento>(Res Jardim Royal- Mod III)</complemento>
    <unidade/>
    <bairro>Cidade Universitária</bairro>
    <localidade>Maceió</localidade>
    <uf>AL</uf>
    <estado>Alagoas</estado>
    <região/>
    <ibge>2704302</ibge>
    <gia/>
    <ddd>82</ddd>
    <siafi>2785</siafi>
  </cep>
  <cep>
    <cep>57072-219</cep>
    <logradouro>Rua Projetada V-3</logradouro>
    <complemento>(Res Jardim Royal- Mod III)</complemento>
    <unidade/>
    <bairro>Cidade Universitária</bairro>
    <localidade>Maceió</localidade>
    <uf>AL</uf>
    <estado>Alagoas</estado>
    <região/>
    <ibge>2704302</ibge>
    <gia/>
    <ddd>82</ddd>
    <siafi>2785</siafi>
  </cep>
  <cep>
    <cep>57072-178</cep>
    <logradouro>Rua Projetada H-2</logradouro>
    <complemento>(Res Jardim Royal - Mod II)</complemento>
    <unidade/>
    <bairro>Cidade Universitária</bairro>
    <localidade>Maceió</localidade>
    <uf>AL</uf>
    <estado>Alagoas</estado>
    <região/>
    <ibge>2704302</ibge>
    <gia/>
    <ddd>82</ddd>
    <siafi>2785</siafi>
  </cep>
  <cep>
    <cep>57072-206</cep>
    <logradouro>Rua Projetada H-3</logradouro>
    <complemento>(Res Jardim Royal- Mod III)</complemento>
    <unidade/>
    <bairro>Cidade Universitária</bairro>
    <localidade>Maceió</localidade>
    <uf>AL</uf>
    <estado>Alagoas</estado>
    <região/>
    <ibge>2704302</ibge>
    <gia/>
    <ddd>82</ddd>
    <siafi>2785</siafi>
  </cep>
  <cep>
    <cep>57072-227</cep>
    <logradouro>Rua Projetada 7458</logradouro>
    <complemento>(Res Jardim Royal - Mod IV)</complemento>
    <unidade/>
    <bairro>Cidade Universitária</bairro>
    <localidade>Maceió</localidade>
    <uf>AL</uf>
    <estado>Alagoas</estado>
    <região/>
    <ibge>2704302</ibge>
    <gia/>
    <ddd>82</ddd>
    <siafi>2785</siafi>
  </cep>
  <cep>
    <cep>57072-226</cep>
    <logradouro>Rua Projetada B-4</logradouro>
    <complemento>(Res Jardim Royal - Mod IV)</complemento>
    <unidade/>
    <bairro>Cidade Universitária</bairro>
    <localidade>Maceió</localidade>
    <uf>AL</uf>
    <estado>Alagoas</estado>
    <região/>
    <ibge>2704302</ibge>
    <gia/>
    <ddd>82</ddd>
    <siafi>2785</siafi>
  </cep>
  <cep>
    <cep>57072-237</cep>
    <logradouro>Rua Projetada J-4</logradouro>
    <complemento>(Res Jardim Royal - Mod IV)</complemento>
    <unidade/>
    <bairro>Cidade Universitária</bairro>
    <localidade>Maceió</localidade>
    <uf>AL</uf>
    <estado>Alagoas</estado>
    <região/>
    <ibge>2704302</ibge>
    <gia/>
    <ddd>82</ddd>
    <siafi>2785</siafi>
  </cep>
  <cep>
    <cep>57072-145</cep>
    <logradouro>Rua Projetada 7448</logradouro>
    <complemento>(Res Jd Royal)</complemento>
    <unidade/>
    <bairro>Cidade Universitária</bairro>
    <localidade>Maceió</localidade>
    <uf>AL</uf>
    <estado>Alagoas</estado>
    <região/>
    <ibge>2704302</ibge>
    <gia/>
    <ddd>82</ddd>
    <siafi>2785</siafi>
  </cep>
  <cep>
    <cep/>
    <logradouro/>
    <complemento/>
    <unidade/>
    <bairro/>
    <localidade/>
    <uf/>
    <estado/>
    <região/>
    <ibge/>
    <gia/>
    <ddd/>
    <siafi/>
  </cep>
  <cep>
    <cep/>
    <logradouro/>
    <complemento/>
    <unidade/>
    <bairro/>
    <localidade/>
    <uf/>
    <estado/>
    <região/>
    <ibge/>
    <gia/>
    <ddd/>
    <siafi/>
  </cep>
  <cep>
    <cep>57072-229</cep>
    <logradouro>Rua Projetada E-4</logradouro>
    <complemento>(Res Jardim Royal - Mod IV)</complemento>
    <unidade/>
    <bairro>Cidade Universitária</bairro>
    <localidade>Maceió</localidade>
    <uf>AL</uf>
    <estado>Alagoas</estado>
    <região/>
    <ibge>2704302</ibge>
    <gia/>
    <ddd>82</ddd>
    <siafi>2785</siafi>
  </cep>
  <cep>
    <cep/>
    <logradouro/>
    <complemento/>
    <unidade/>
    <bairro/>
    <localidade/>
    <uf/>
    <estado/>
    <região/>
    <ibge/>
    <gia/>
    <ddd/>
    <siafi/>
  </cep>
  <cep>
    <cep/>
    <logradouro/>
    <complemento/>
    <unidade/>
    <bairro/>
    <localidade/>
    <uf/>
    <estado/>
    <região/>
    <ibge/>
    <gia/>
    <ddd/>
    <siafi/>
  </cep>
  <cep>
    <cep>57072-233</cep>
    <logradouro>Rua Projetada H-4</logradouro>
    <complemento>(Res Jardim Royal - Mod IV)</complemento>
    <unidade/>
    <bairro>Cidade Universitária</bairro>
    <localidade>Maceió</localidade>
    <uf>AL</uf>
    <estado>Alagoas</estado>
    <região/>
    <ibge>2704302</ibge>
    <gia/>
    <ddd>82</ddd>
    <siafi>2785</siafi>
  </cep>
  <cep>
    <cep>57072-231</cep>
    <logradouro>Rua Projetada 7563</logradouro>
    <complemento>(Res Jardim Royal II - Mod IV)</complemento>
    <unidade/>
    <bairro>Cidade Universitária</bairro>
    <localidade>Maceió</localidade>
    <uf>AL</uf>
    <estado>Alagoas</estado>
    <região/>
    <ibge>2704302</ibge>
    <gia/>
    <ddd>82</ddd>
    <siafi>2785</siafi>
  </cep>
  <cep>
    <cep/>
    <logradouro/>
    <complemento/>
    <unidade/>
    <bairro/>
    <localidade/>
    <uf/>
    <estado/>
    <região/>
    <ibge/>
    <gia/>
    <ddd/>
    <siafi/>
  </cep>
  <cep>
    <cep/>
    <logradouro/>
    <complemento/>
    <unidade/>
    <bairro/>
    <localidade/>
    <uf/>
    <estado/>
    <região/>
    <ibge/>
    <gia/>
    <ddd/>
    <siafi/>
  </cep>
  <cep>
    <cep/>
    <logradouro/>
    <complemento/>
    <unidade/>
    <bairro/>
    <localidade/>
    <uf/>
    <estado/>
    <região/>
    <ibge/>
    <gia/>
    <ddd/>
    <siafi/>
  </cep>
  <cep>
    <cep>57072-241</cep>
    <logradouro>Rua Projetada 7499</logradouro>
    <complemento>(Res Jardim Royal - Mod IV)</complemento>
    <unidade/>
    <bairro>Cidade Universitária</bairro>
    <localidade>Maceió</localidade>
    <uf>AL</uf>
    <estado>Alagoas</estado>
    <região/>
    <ibge>2704302</ibge>
    <gia/>
    <ddd>82</ddd>
    <siafi>2785</siafi>
  </cep>
  <cep>
    <cep>57072-248</cep>
    <logradouro>Rua Projetada V-4</logradouro>
    <complemento>(Res Jardim Royal - Mod IV)</complemento>
    <unidade/>
    <bairro>Cidade Universitária</bairro>
    <localidade>Maceió</localidade>
    <uf>AL</uf>
    <estado>Alagoas</estado>
    <região/>
    <ibge>2704302</ibge>
    <gia/>
    <ddd>82</ddd>
    <siafi>2785</siafi>
  </cep>
  <cep>
    <cep>57072-247</cep>
    <logradouro>Rua Projetada N-4</logradouro>
    <complemento>(Res Jardim Royal - Mod IV)</complemento>
    <unidade/>
    <bairro>Cidade Universitária</bairro>
    <localidade>Maceió</localidade>
    <uf>AL</uf>
    <estado>Alagoas</estado>
    <região/>
    <ibge>2704302</ibge>
    <gia/>
    <ddd>82</ddd>
    <siafi>2785</siafi>
  </cep>
  <cep>
    <cep>57072-253</cep>
    <logradouro>Rua Projetada R-4</logradouro>
    <complemento>(Res Jardim Royal - Mod IV)</complemento>
    <unidade/>
    <bairro>Cidade Universitária</bairro>
    <localidade>Maceió</localidade>
    <uf>AL</uf>
    <estado>Alagoas</estado>
    <região/>
    <ibge>2704302</ibge>
    <gia/>
    <ddd>82</ddd>
    <siafi>2785</siafi>
  </cep>
  <cep>
    <cep>57072-249</cep>
    <logradouro>Rua Projetada O-4</logradouro>
    <complemento>(Res Jardim Royal - mod IV)</complemento>
    <unidade/>
    <bairro>Cidade Universitária</bairro>
    <localidade>Maceió</localidade>
    <uf>AL</uf>
    <estado>Alagoas</estado>
    <região/>
    <ibge>2704302</ibge>
    <gia/>
    <ddd>82</ddd>
    <siafi>2785</siafi>
  </cep>
  <cep>
    <cep>57072-304</cep>
    <logradouro>Rua Olímpio Faustino</logradouro>
    <complemento/>
    <unidade/>
    <bairro>Cidade Universitária</bairro>
    <localidade>Maceió</localidade>
    <uf>AL</uf>
    <estado>Alagoas</estado>
    <região/>
    <ibge>2704302</ibge>
    <gia/>
    <ddd>82</ddd>
    <siafi>2785</siafi>
  </cep>
  <cep>
    <cep>57072-252</cep>
    <logradouro>Rua Projetada Q-4</logradouro>
    <complemento>(Res Jardim Royal - Mod IV)</complemento>
    <unidade/>
    <bairro>Cidade Universitária</bairro>
    <localidade>Maceió</localidade>
    <uf>AL</uf>
    <estado>Alagoas</estado>
    <região/>
    <ibge>2704302</ibge>
    <gia/>
    <ddd>82</ddd>
    <siafi>2785</siafi>
  </cep>
  <cep>
    <cep>57072-251</cep>
    <logradouro>Rua Projetada P-4</logradouro>
    <complemento>(Res Jardim Royal - Mod IV)</complemento>
    <unidade/>
    <bairro>Cidade Universitária</bairro>
    <localidade>Maceió</localidade>
    <uf>AL</uf>
    <estado>Alagoas</estado>
    <região/>
    <ibge>2704302</ibge>
    <gia/>
    <ddd>82</ddd>
    <siafi>2785</siafi>
  </cep>
  <cep>
    <cep>57072-254</cep>
    <logradouro>Rua Projetada S-4</logradouro>
    <complemento>(Res Jardim Royal - Mod IV)</complemento>
    <unidade/>
    <bairro>Cidade Universitária</bairro>
    <localidade>Maceió</localidade>
    <uf>AL</uf>
    <estado>Alagoas</estado>
    <região/>
    <ibge>2704302</ibge>
    <gia/>
    <ddd>82</ddd>
    <siafi>2785</siafi>
  </cep>
  <cep>
    <cep/>
    <logradouro/>
    <complemento/>
    <unidade/>
    <bairro/>
    <localidade/>
    <uf/>
    <estado/>
    <região/>
    <ibge/>
    <gia/>
    <ddd/>
    <siafi/>
  </cep>
  <cep>
    <cep>57072-367</cep>
    <logradouro>Rua JK</logradouro>
    <complemento>(Cj Eustáquio Gomes)</complemento>
    <unidade/>
    <bairro>Cidade Universitária</bairro>
    <localidade>Maceió</localidade>
    <uf>AL</uf>
    <estado>Alagoas</estado>
    <região/>
    <ibge>2704302</ibge>
    <gia/>
    <ddd>82</ddd>
    <siafi>2785</siafi>
  </cep>
  <cep>
    <cep>57072-369</cep>
    <logradouro>Rua A1-J1</logradouro>
    <complemento>(Cj Eustáquio Gomes)</complemento>
    <unidade/>
    <bairro>Cidade Universitária</bairro>
    <localidade>Maceió</localidade>
    <uf>AL</uf>
    <estado>Alagoas</estado>
    <região/>
    <ibge>2704302</ibge>
    <gia/>
    <ddd>82</ddd>
    <siafi>2785</siafi>
  </cep>
  <cep>
    <cep>57072-379</cep>
    <logradouro>Rua B1-C1</logradouro>
    <complemento>(Cj Eustáquio Gomes de Melo)</complemento>
    <unidade/>
    <bairro>Cidade Universitária</bairro>
    <localidade>Maceió</localidade>
    <uf>AL</uf>
    <estado>Alagoas</estado>
    <região/>
    <ibge>2704302</ibge>
    <gia/>
    <ddd>82</ddd>
    <siafi>2785</siafi>
  </cep>
  <cep>
    <cep>57072-368</cep>
    <logradouro>Rua H1-G1</logradouro>
    <complemento>(Cj Eustáquio Gomes)</complemento>
    <unidade/>
    <bairro>Cidade Universitária</bairro>
    <localidade>Maceió</localidade>
    <uf>AL</uf>
    <estado>Alagoas</estado>
    <região/>
    <ibge>2704302</ibge>
    <gia/>
    <ddd>82</ddd>
    <siafi>2785</siafi>
  </cep>
  <cep>
    <cep>57072-384</cep>
    <logradouro>Rua D1-E1</logradouro>
    <complemento>(Cj Eustáquio Gomes)</complemento>
    <unidade/>
    <bairro>Cidade Universitária</bairro>
    <localidade>Maceió</localidade>
    <uf>AL</uf>
    <estado>Alagoas</estado>
    <região/>
    <ibge>2704302</ibge>
    <gia/>
    <ddd>82</ddd>
    <siafi>2785</siafi>
  </cep>
  <cep>
    <cep>57072-398</cep>
    <logradouro>Rua S1-T1</logradouro>
    <complemento>(Cj Eustáquio Gomes)</complemento>
    <unidade/>
    <bairro>Cidade Universitária</bairro>
    <localidade>Maceió</localidade>
    <uf>AL</uf>
    <estado>Alagoas</estado>
    <região/>
    <ibge>2704302</ibge>
    <gia/>
    <ddd>82</ddd>
    <siafi>2785</siafi>
  </cep>
  <cep>
    <cep>57072-456</cep>
    <logradouro>Rua Maria de Lourdes Silva Galvão</logradouro>
    <complemento/>
    <unidade/>
    <bairro>Cidade Universitária</bairro>
    <localidade>Maceió</localidade>
    <uf>AL</uf>
    <estado>Alagoas</estado>
    <região/>
    <ibge>2704302</ibge>
    <gia/>
    <ddd>82</ddd>
    <siafi>2785</siafi>
  </cep>
  <cep>
    <cep>57072-696</cep>
    <logradouro>Rua A-32</logradouro>
    <complemento>(Res Novo Jardim)</complemento>
    <unidade/>
    <bairro>Cidade Universitária</bairro>
    <localidade>Maceió</localidade>
    <uf>AL</uf>
    <estado>Alagoas</estado>
    <região/>
    <ibge>2704302</ibge>
    <gia/>
    <ddd>82</ddd>
    <siafi>2785</siafi>
  </cep>
  <cep>
    <cep>57072-458</cep>
    <logradouro>Rua Elizabete Guimarães</logradouro>
    <complemento/>
    <unidade/>
    <bairro>Cidade Universitária</bairro>
    <localidade>Maceió</localidade>
    <uf>AL</uf>
    <estado>Alagoas</estado>
    <região/>
    <ibge>2704302</ibge>
    <gia/>
    <ddd>82</ddd>
    <siafi>2785</siafi>
  </cep>
  <cep>
    <cep>57072-693</cep>
    <logradouro>Rua A-06</logradouro>
    <complemento>(Res Novo Jardim)</complemento>
    <unidade/>
    <bairro>Cidade Universitária</bairro>
    <localidade>Maceió</localidade>
    <uf>AL</uf>
    <estado>Alagoas</estado>
    <região/>
    <ibge>2704302</ibge>
    <gia/>
    <ddd>82</ddd>
    <siafi>2785</siafi>
  </cep>
  <cep>
    <cep>57072-692</cep>
    <logradouro>Rua A-05</logradouro>
    <complemento>(Res Novo Jardim)</complemento>
    <unidade/>
    <bairro>Cidade Universitária</bairro>
    <localidade>Maceió</localidade>
    <uf>AL</uf>
    <estado>Alagoas</estado>
    <região/>
    <ibge>2704302</ibge>
    <gia/>
    <ddd>82</ddd>
    <siafi>2785</siafi>
  </cep>
  <cep>
    <cep>57072-694</cep>
    <logradouro>Rua A-35</logradouro>
    <complemento>(Res Novo Jardim)</complemento>
    <unidade/>
    <bairro>Cidade Universitária</bairro>
    <localidade>Maceió</localidade>
    <uf>AL</uf>
    <estado>Alagoas</estado>
    <região/>
    <ibge>2704302</ibge>
    <gia/>
    <ddd>82</ddd>
    <siafi>2785</siafi>
  </cep>
  <cep>
    <cep>57072-691</cep>
    <logradouro>Rua A-04</logradouro>
    <complemento>(Res Novo Jardim)</complemento>
    <unidade/>
    <bairro>Cidade Universitária</bairro>
    <localidade>Maceió</localidade>
    <uf>AL</uf>
    <estado>Alagoas</estado>
    <região/>
    <ibge>2704302</ibge>
    <gia/>
    <ddd>82</ddd>
    <siafi>2785</siafi>
  </cep>
  <cep>
    <cep>57072-695</cep>
    <logradouro>Rua A-34</logradouro>
    <complemento>(Res Novo Jardim)</complemento>
    <unidade/>
    <bairro>Cidade Universitária</bairro>
    <localidade>Maceió</localidade>
    <uf>AL</uf>
    <estado>Alagoas</estado>
    <região/>
    <ibge>2704302</ibge>
    <gia/>
    <ddd>82</ddd>
    <siafi>2785</siafi>
  </cep>
  <cep>
    <cep>57072-698</cep>
    <logradouro>Rua A-30</logradouro>
    <complemento>(Res Novo Jardim)</complemento>
    <unidade/>
    <bairro>Cidade Universitária</bairro>
    <localidade>Maceió</localidade>
    <uf>AL</uf>
    <estado>Alagoas</estado>
    <região/>
    <ibge>2704302</ibge>
    <gia/>
    <ddd>82</ddd>
    <siafi>2785</siafi>
  </cep>
  <cep>
    <cep>57072-697</cep>
    <logradouro>Rua A-31</logradouro>
    <complemento>(Res Novo Jardim)</complemento>
    <unidade/>
    <bairro>Cidade Universitária</bairro>
    <localidade>Maceió</localidade>
    <uf>AL</uf>
    <estado>Alagoas</estado>
    <região/>
    <ibge>2704302</ibge>
    <gia/>
    <ddd>82</ddd>
    <siafi>2785</siafi>
  </cep>
  <cep>
    <cep>57072-701</cep>
    <logradouro>Rua A-28</logradouro>
    <complemento>(Res Novo Jardim)</complemento>
    <unidade/>
    <bairro>Cidade Universitária</bairro>
    <localidade>Maceió</localidade>
    <uf>AL</uf>
    <estado>Alagoas</estado>
    <região/>
    <ibge>2704302</ibge>
    <gia/>
    <ddd>82</ddd>
    <siafi>2785</siafi>
  </cep>
  <cep>
    <cep>57072-704</cep>
    <logradouro>Rua A-24</logradouro>
    <complemento>(Res Novo Jardim)</complemento>
    <unidade/>
    <bairro>Cidade Universitária</bairro>
    <localidade>Maceió</localidade>
    <uf>AL</uf>
    <estado>Alagoas</estado>
    <região/>
    <ibge>2704302</ibge>
    <gia/>
    <ddd>82</ddd>
    <siafi>2785</siafi>
  </cep>
  <cep>
    <cep>57072-703</cep>
    <logradouro>Rua A-26</logradouro>
    <complemento>(Res Novo Jardim)</complemento>
    <unidade/>
    <bairro>Cidade Universitária</bairro>
    <localidade>Maceió</localidade>
    <uf>AL</uf>
    <estado>Alagoas</estado>
    <região/>
    <ibge>2704302</ibge>
    <gia/>
    <ddd>82</ddd>
    <siafi>2785</siafi>
  </cep>
  <cep>
    <cep>57072-699</cep>
    <logradouro>Rua A-29</logradouro>
    <complemento>(Res Novo Jardim)</complemento>
    <unidade/>
    <bairro>Cidade Universitária</bairro>
    <localidade>Maceió</localidade>
    <uf>AL</uf>
    <estado>Alagoas</estado>
    <região/>
    <ibge>2704302</ibge>
    <gia/>
    <ddd>82</ddd>
    <siafi>2785</siafi>
  </cep>
  <cep>
    <cep>57072-702</cep>
    <logradouro>Rua A-27</logradouro>
    <complemento>(Res Novo Jardim)</complemento>
    <unidade/>
    <bairro>Cidade Universitária</bairro>
    <localidade>Maceió</localidade>
    <uf>AL</uf>
    <estado>Alagoas</estado>
    <região/>
    <ibge>2704302</ibge>
    <gia/>
    <ddd>82</ddd>
    <siafi>2785</siafi>
  </cep>
  <cep>
    <cep>57072-707</cep>
    <logradouro>Rua A-22</logradouro>
    <complemento>(Res Novo Jardim)</complemento>
    <unidade/>
    <bairro>Cidade Universitária</bairro>
    <localidade>Maceió</localidade>
    <uf>AL</uf>
    <estado>Alagoas</estado>
    <região/>
    <ibge>2704302</ibge>
    <gia/>
    <ddd>82</ddd>
    <siafi>2785</siafi>
  </cep>
  <cep>
    <cep>57072-706</cep>
    <logradouro>Rua A-23</logradouro>
    <complemento>(Res Novo Jardim)</complemento>
    <unidade/>
    <bairro>Cidade Universitária</bairro>
    <localidade>Maceió</localidade>
    <uf>AL</uf>
    <estado>Alagoas</estado>
    <região/>
    <ibge>2704302</ibge>
    <gia/>
    <ddd>82</ddd>
    <siafi>2785</siafi>
  </cep>
  <cep>
    <cep>57072-705</cep>
    <logradouro>Rua A-25</logradouro>
    <complemento>(Res Novo Jardim)</complemento>
    <unidade/>
    <bairro>Cidade Universitária</bairro>
    <localidade>Maceió</localidade>
    <uf>AL</uf>
    <estado>Alagoas</estado>
    <região/>
    <ibge>2704302</ibge>
    <gia/>
    <ddd>82</ddd>
    <siafi>2785</siafi>
  </cep>
  <cep>
    <cep/>
    <logradouro/>
    <complemento/>
    <unidade/>
    <bairro/>
    <localidade/>
    <uf/>
    <estado/>
    <região/>
    <ibge/>
    <gia/>
    <ddd/>
    <siafi/>
  </cep>
  <cep>
    <cep/>
    <logradouro/>
    <complemento/>
    <unidade/>
    <bairro/>
    <localidade/>
    <uf/>
    <estado/>
    <região/>
    <ibge/>
    <gia/>
    <ddd/>
    <siafi/>
  </cep>
  <cep>
    <cep/>
    <logradouro/>
    <complemento/>
    <unidade/>
    <bairro/>
    <localidade/>
    <uf/>
    <estado/>
    <região/>
    <ibge/>
    <gia/>
    <ddd/>
    <siafi/>
  </cep>
  <cep>
    <cep>57072-713</cep>
    <logradouro>Rua A-15</logradouro>
    <complemento>(Res Novo Jardim)</complemento>
    <unidade/>
    <bairro>Cidade Universitária</bairro>
    <localidade>Maceió</localidade>
    <uf>AL</uf>
    <estado>Alagoas</estado>
    <região/>
    <ibge>2704302</ibge>
    <gia/>
    <ddd>82</ddd>
    <siafi>2785</siafi>
  </cep>
  <cep>
    <cep>57072-711</cep>
    <logradouro>Rua A-18</logradouro>
    <complemento>(Res Novo Jardim)</complemento>
    <unidade/>
    <bairro>Cidade Universitária</bairro>
    <localidade>Maceió</localidade>
    <uf>AL</uf>
    <estado>Alagoas</estado>
    <região/>
    <ibge>2704302</ibge>
    <gia/>
    <ddd>82</ddd>
    <siafi>2785</siafi>
  </cep>
  <cep>
    <cep>57072-708</cep>
    <logradouro>Rua A-21</logradouro>
    <complemento>(Res Novo Jardim)</complemento>
    <unidade/>
    <bairro>Cidade Universitária</bairro>
    <localidade>Maceió</localidade>
    <uf>AL</uf>
    <estado>Alagoas</estado>
    <região/>
    <ibge>2704302</ibge>
    <gia/>
    <ddd>82</ddd>
    <siafi>2785</siafi>
  </cep>
  <cep>
    <cep>57072-721</cep>
    <logradouro>Rua B-01</logradouro>
    <complemento>(Res Novo Jardim)</complemento>
    <unidade/>
    <bairro>Cidade Universitária</bairro>
    <localidade>Maceió</localidade>
    <uf>AL</uf>
    <estado>Alagoas</estado>
    <região/>
    <ibge>2704302</ibge>
    <gia/>
    <ddd>82</ddd>
    <siafi>2785</siafi>
  </cep>
  <cep>
    <cep>57072-722</cep>
    <logradouro>Rua B-02</logradouro>
    <complemento>(Res Novo Jardim)</complemento>
    <unidade/>
    <bairro>Cidade Universitária</bairro>
    <localidade>Maceió</localidade>
    <uf>AL</uf>
    <estado>Alagoas</estado>
    <região/>
    <ibge>2704302</ibge>
    <gia/>
    <ddd>82</ddd>
    <siafi>2785</siafi>
  </cep>
  <cep>
    <cep>57072-715</cep>
    <logradouro>Rua A-13</logradouro>
    <complemento>(Res Novo Jardim)</complemento>
    <unidade/>
    <bairro>Cidade Universitária</bairro>
    <localidade>Maceió</localidade>
    <uf>AL</uf>
    <estado>Alagoas</estado>
    <região/>
    <ibge>2704302</ibge>
    <gia/>
    <ddd>82</ddd>
    <siafi>2785</siafi>
  </cep>
  <cep>
    <cep>57072-712</cep>
    <logradouro>Rua A-16</logradouro>
    <complemento>(Res Novo Jardim)</complemento>
    <unidade/>
    <bairro>Cidade Universitária</bairro>
    <localidade>Maceió</localidade>
    <uf>AL</uf>
    <estado>Alagoas</estado>
    <região/>
    <ibge>2704302</ibge>
    <gia/>
    <ddd>82</ddd>
    <siafi>2785</siafi>
  </cep>
  <cep>
    <cep>57072-716</cep>
    <logradouro>Rua A-12</logradouro>
    <complemento>(Res Novo Jardim)</complemento>
    <unidade/>
    <bairro>Cidade Universitária</bairro>
    <localidade>Maceió</localidade>
    <uf>AL</uf>
    <estado>Alagoas</estado>
    <região/>
    <ibge>2704302</ibge>
    <gia/>
    <ddd>82</ddd>
    <siafi>2785</siafi>
  </cep>
  <cep>
    <cep>57072-709</cep>
    <logradouro>Rua A-20</logradouro>
    <complemento>(Res Novo Jardim)</complemento>
    <unidade/>
    <bairro>Cidade Universitária</bairro>
    <localidade>Maceió</localidade>
    <uf>AL</uf>
    <estado>Alagoas</estado>
    <região/>
    <ibge>2704302</ibge>
    <gia/>
    <ddd>82</ddd>
    <siafi>2785</siafi>
  </cep>
  <cep>
    <cep>57072-714</cep>
    <logradouro>Rua A-14</logradouro>
    <complemento>(Res Novo Jardim)</complemento>
    <unidade/>
    <bairro>Cidade Universitária</bairro>
    <localidade>Maceió</localidade>
    <uf>AL</uf>
    <estado>Alagoas</estado>
    <região/>
    <ibge>2704302</ibge>
    <gia/>
    <ddd>82</ddd>
    <siafi>2785</siafi>
  </cep>
  <cep>
    <cep>57072-717</cep>
    <logradouro>Rua A-11</logradouro>
    <complemento>(Res Novo Jardim)</complemento>
    <unidade/>
    <bairro>Cidade Universitária</bairro>
    <localidade>Maceió</localidade>
    <uf>AL</uf>
    <estado>Alagoas</estado>
    <região/>
    <ibge>2704302</ibge>
    <gia/>
    <ddd>82</ddd>
    <siafi>2785</siafi>
  </cep>
  <cep>
    <cep>57072-724</cep>
    <logradouro>Rua B-04</logradouro>
    <complemento>(Res Novo Jardim)</complemento>
    <unidade/>
    <bairro>Cidade Universitária</bairro>
    <localidade>Maceió</localidade>
    <uf>AL</uf>
    <estado>Alagoas</estado>
    <região/>
    <ibge>2704302</ibge>
    <gia/>
    <ddd>82</ddd>
    <siafi>2785</siafi>
  </cep>
  <cep>
    <cep>57072-723</cep>
    <logradouro>Rua B-03</logradouro>
    <complemento>(Res Novo Jardim)</complemento>
    <unidade/>
    <bairro>Cidade Universitária</bairro>
    <localidade>Maceió</localidade>
    <uf>AL</uf>
    <estado>Alagoas</estado>
    <região/>
    <ibge>2704302</ibge>
    <gia/>
    <ddd>82</ddd>
    <siafi>2785</siafi>
  </cep>
  <cep>
    <cep>57072-726</cep>
    <logradouro>Rua B-25</logradouro>
    <complemento>(Res Novo Jardim)</complemento>
    <unidade/>
    <bairro>Cidade Universitária</bairro>
    <localidade>Maceió</localidade>
    <uf>AL</uf>
    <estado>Alagoas</estado>
    <região/>
    <ibge>2704302</ibge>
    <gia/>
    <ddd>82</ddd>
    <siafi>2785</siafi>
  </cep>
  <cep>
    <cep>57072-725</cep>
    <logradouro>Rua B-05</logradouro>
    <complemento>(Res Novo Jardim)</complemento>
    <unidade/>
    <bairro>Cidade Universitária</bairro>
    <localidade>Maceió</localidade>
    <uf>AL</uf>
    <estado>Alagoas</estado>
    <região/>
    <ibge>2704302</ibge>
    <gia/>
    <ddd>82</ddd>
    <siafi>2785</siafi>
  </cep>
  <cep>
    <cep>57072-727</cep>
    <logradouro>Rua B-23</logradouro>
    <complemento>(Res Novo Jardim)</complemento>
    <unidade/>
    <bairro>Cidade Universitária</bairro>
    <localidade>Maceió</localidade>
    <uf>AL</uf>
    <estado>Alagoas</estado>
    <região/>
    <ibge>2704302</ibge>
    <gia/>
    <ddd>82</ddd>
    <siafi>2785</siafi>
  </cep>
  <cep>
    <cep>57072-729</cep>
    <logradouro>Rua B-22</logradouro>
    <complemento>(Res Novo Jardim)</complemento>
    <unidade/>
    <bairro>Cidade Universitária</bairro>
    <localidade>Maceió</localidade>
    <uf>AL</uf>
    <estado>Alagoas</estado>
    <região/>
    <ibge>2704302</ibge>
    <gia/>
    <ddd>82</ddd>
    <siafi>2785</siafi>
  </cep>
  <cep>
    <cep>57072-728</cep>
    <logradouro>Rua B-24</logradouro>
    <complemento>(Res Novo Jardim)</complemento>
    <unidade/>
    <bairro>Cidade Universitária</bairro>
    <localidade>Maceió</localidade>
    <uf>AL</uf>
    <estado>Alagoas</estado>
    <região/>
    <ibge>2704302</ibge>
    <gia/>
    <ddd>82</ddd>
    <siafi>2785</siafi>
  </cep>
  <cep>
    <cep>57072-751</cep>
    <logradouro>Rua B-09</logradouro>
    <complemento>(Res Novo Jardim)</complemento>
    <unidade/>
    <bairro>Cidade Universitária</bairro>
    <localidade>Maceió</localidade>
    <uf>AL</uf>
    <estado>Alagoas</estado>
    <região/>
    <ibge>2704302</ibge>
    <gia/>
    <ddd>82</ddd>
    <siafi>2785</siafi>
  </cep>
  <cep>
    <cep>57072-735</cep>
    <logradouro>Rua B-19</logradouro>
    <complemento>(Res Novo Jardim)</complemento>
    <unidade/>
    <bairro>Cidade Universitária</bairro>
    <localidade>Maceió</localidade>
    <uf>AL</uf>
    <estado>Alagoas</estado>
    <região/>
    <ibge>2704302</ibge>
    <gia/>
    <ddd>82</ddd>
    <siafi>2785</siafi>
  </cep>
  <cep>
    <cep>57072-731</cep>
    <logradouro>Rua B-21</logradouro>
    <complemento>(Res Novo Jardim)</complemento>
    <unidade/>
    <bairro>Cidade Universitária</bairro>
    <localidade>Maceió</localidade>
    <uf>AL</uf>
    <estado>Alagoas</estado>
    <região/>
    <ibge>2704302</ibge>
    <gia/>
    <ddd>82</ddd>
    <siafi>2785</siafi>
  </cep>
  <cep>
    <cep>57072-771</cep>
    <logradouro>Rua C-20</logradouro>
    <complemento>(Res Novo Jardim)</complemento>
    <unidade/>
    <bairro>Cidade Universitária</bairro>
    <localidade>Maceió</localidade>
    <uf>AL</uf>
    <estado>Alagoas</estado>
    <região/>
    <ibge>2704302</ibge>
    <gia/>
    <ddd>82</ddd>
    <siafi>2785</siafi>
  </cep>
  <cep>
    <cep>57072-769</cep>
    <logradouro>Rua C-22</logradouro>
    <complemento>(Res Novo Jardim)</complemento>
    <unidade/>
    <bairro>Cidade Universitária</bairro>
    <localidade>Maceió</localidade>
    <uf>AL</uf>
    <estado>Alagoas</estado>
    <região/>
    <ibge>2704302</ibge>
    <gia/>
    <ddd>82</ddd>
    <siafi>2785</siafi>
  </cep>
  <cep>
    <cep>57072-766</cep>
    <logradouro>Rua C-25</logradouro>
    <complemento>(Res Novo Jardim)</complemento>
    <unidade/>
    <bairro>Cidade Universitária</bairro>
    <localidade>Maceió</localidade>
    <uf>AL</uf>
    <estado>Alagoas</estado>
    <região/>
    <ibge>2704302</ibge>
    <gia/>
    <ddd>82</ddd>
    <siafi>2785</siafi>
  </cep>
  <cep>
    <cep>57072-762</cep>
    <logradouro>Rua C-02</logradouro>
    <complemento>(Res Novo Jardim)</complemento>
    <unidade/>
    <bairro>Cidade Universitária</bairro>
    <localidade>Maceió</localidade>
    <uf>AL</uf>
    <estado>Alagoas</estado>
    <região/>
    <ibge>2704302</ibge>
    <gia/>
    <ddd>82</ddd>
    <siafi>2785</siafi>
  </cep>
  <cep>
    <cep>57072-776</cep>
    <logradouro>Rua C-17</logradouro>
    <complemento>(Res Novo Jardim)</complemento>
    <unidade/>
    <bairro>Cidade Universitária</bairro>
    <localidade>Maceió</localidade>
    <uf>AL</uf>
    <estado>Alagoas</estado>
    <região/>
    <ibge>2704302</ibge>
    <gia/>
    <ddd>82</ddd>
    <siafi>2785</siafi>
  </cep>
  <cep>
    <cep>57072-773</cep>
    <logradouro>Rua C-19</logradouro>
    <complemento>(Res Novo Jardim)</complemento>
    <unidade/>
    <bairro>Cidade Universitária</bairro>
    <localidade>Maceió</localidade>
    <uf>AL</uf>
    <estado>Alagoas</estado>
    <região/>
    <ibge>2704302</ibge>
    <gia/>
    <ddd>82</ddd>
    <siafi>2785</siafi>
  </cep>
  <cep>
    <cep>57072-775</cep>
    <logradouro>Rua C-08</logradouro>
    <complemento>(Res Novo Jardim)</complemento>
    <unidade/>
    <bairro>Cidade Universitária</bairro>
    <localidade>Maceió</localidade>
    <uf>AL</uf>
    <estado>Alagoas</estado>
    <região/>
    <ibge>2704302</ibge>
    <gia/>
    <ddd>82</ddd>
    <siafi>2785</siafi>
  </cep>
  <cep>
    <cep>57072-761</cep>
    <logradouro>Rua C-01</logradouro>
    <complemento>(Res Novo Jardim)</complemento>
    <unidade/>
    <bairro>Cidade Universitária</bairro>
    <localidade>Maceió</localidade>
    <uf>AL</uf>
    <estado>Alagoas</estado>
    <região/>
    <ibge>2704302</ibge>
    <gia/>
    <ddd>82</ddd>
    <siafi>2785</siafi>
  </cep>
  <cep>
    <cep>57072-781</cep>
    <logradouro>Rua C-11</logradouro>
    <complemento>(Res Novo Jardim)</complemento>
    <unidade/>
    <bairro>Cidade Universitária</bairro>
    <localidade>Maceió</localidade>
    <uf>AL</uf>
    <estado>Alagoas</estado>
    <região/>
    <ibge>2704302</ibge>
    <gia/>
    <ddd>82</ddd>
    <siafi>2785</siafi>
  </cep>
  <cep>
    <cep>57072-782</cep>
    <logradouro>Rua C-09</logradouro>
    <complemento>(Res Novo Jardim)</complemento>
    <unidade/>
    <bairro>Cidade Universitária</bairro>
    <localidade>Maceió</localidade>
    <uf>AL</uf>
    <estado>Alagoas</estado>
    <região/>
    <ibge>2704302</ibge>
    <gia/>
    <ddd>82</ddd>
    <siafi>2785</siafi>
  </cep>
  <cep>
    <cep>57072-774</cep>
    <logradouro>Rua C-18</logradouro>
    <complemento>(Res Novo Jardim)</complemento>
    <unidade/>
    <bairro>Cidade Universitária</bairro>
    <localidade>Maceió</localidade>
    <uf>AL</uf>
    <estado>Alagoas</estado>
    <região/>
    <ibge>2704302</ibge>
    <gia/>
    <ddd>82</ddd>
    <siafi>2785</siafi>
  </cep>
  <cep>
    <cep>57072-736</cep>
    <logradouro>Rua B-14</logradouro>
    <complemento>(Res Novo Jardim)</complemento>
    <unidade/>
    <bairro>Cidade Universitária</bairro>
    <localidade>Maceió</localidade>
    <uf>AL</uf>
    <estado>Alagoas</estado>
    <região/>
    <ibge>2704302</ibge>
    <gia/>
    <ddd>82</ddd>
    <siafi>2785</siafi>
  </cep>
  <cep>
    <cep>57072-778</cep>
    <logradouro>Rua C-15</logradouro>
    <complemento>(Res Novo Jardim)</complemento>
    <unidade/>
    <bairro>Cidade Universitária</bairro>
    <localidade>Maceió</localidade>
    <uf>AL</uf>
    <estado>Alagoas</estado>
    <região/>
    <ibge>2704302</ibge>
    <gia/>
    <ddd>82</ddd>
    <siafi>2785</siafi>
  </cep>
  <cep>
    <cep>57072-779</cep>
    <logradouro>Rua C-12</logradouro>
    <complemento>(Res Novo Jardim)</complemento>
    <unidade/>
    <bairro>Cidade Universitária</bairro>
    <localidade>Maceió</localidade>
    <uf>AL</uf>
    <estado>Alagoas</estado>
    <região/>
    <ibge>2704302</ibge>
    <gia/>
    <ddd>82</ddd>
    <siafi>2785</siafi>
  </cep>
  <cep>
    <cep>57072-733</cep>
    <logradouro>Rua B-20</logradouro>
    <complemento>(Res Novo Jardim)</complemento>
    <unidade/>
    <bairro>Cidade Universitária</bairro>
    <localidade>Maceió</localidade>
    <uf>AL</uf>
    <estado>Alagoas</estado>
    <região/>
    <ibge>2704302</ibge>
    <gia/>
    <ddd>82</ddd>
    <siafi>2785</siafi>
  </cep>
  <cep>
    <cep>57072-763</cep>
    <logradouro>Rua C-03</logradouro>
    <complemento>(Res Novo Jardim)</complemento>
    <unidade/>
    <bairro>Cidade Universitária</bairro>
    <localidade>Maceió</localidade>
    <uf>AL</uf>
    <estado>Alagoas</estado>
    <região/>
    <ibge>2704302</ibge>
    <gia/>
    <ddd>82</ddd>
    <siafi>2785</siafi>
  </cep>
  <cep>
    <cep>57072-739</cep>
    <logradouro>Rua B-07</logradouro>
    <complemento>(Res Novo Jardim)</complemento>
    <unidade/>
    <bairro>Cidade Universitária</bairro>
    <localidade>Maceió</localidade>
    <uf>AL</uf>
    <estado>Alagoas</estado>
    <região/>
    <ibge>2704302</ibge>
    <gia/>
    <ddd>82</ddd>
    <siafi>2785</siafi>
  </cep>
  <cep>
    <cep>57072-784</cep>
    <logradouro>Rua D-01</logradouro>
    <complemento>(Res Novo Jardim)</complemento>
    <unidade/>
    <bairro>Cidade Universitária</bairro>
    <localidade>Maceió</localidade>
    <uf>AL</uf>
    <estado>Alagoas</estado>
    <região/>
    <ibge>2704302</ibge>
    <gia/>
    <ddd>82</ddd>
    <siafi>2785</siafi>
  </cep>
  <cep>
    <cep>57072-783</cep>
    <logradouro>Rua C-07</logradouro>
    <complemento>(Res Novo Jardim)</complemento>
    <unidade/>
    <bairro>Cidade Universitária</bairro>
    <localidade>Maceió</localidade>
    <uf>AL</uf>
    <estado>Alagoas</estado>
    <região/>
    <ibge>2704302</ibge>
    <gia/>
    <ddd>82</ddd>
    <siafi>2785</siafi>
  </cep>
  <cep>
    <cep>57072-786</cep>
    <logradouro>Rua Acadêmico Allan dos Anjos Soares</logradouro>
    <complemento>(Res Novo Jardim)</complemento>
    <unidade/>
    <bairro>Cidade Universitária</bairro>
    <localidade>Maceió</localidade>
    <uf>AL</uf>
    <estado>Alagoas</estado>
    <região/>
    <ibge>2704302</ibge>
    <gia/>
    <ddd>82</ddd>
    <siafi>2785</siafi>
  </cep>
  <cep>
    <cep>57072-789</cep>
    <logradouro>Rua D-25</logradouro>
    <complemento>(Res Novo Jardim)</complemento>
    <unidade/>
    <bairro>Cidade Universitária</bairro>
    <localidade>Maceió</localidade>
    <uf>AL</uf>
    <estado>Alagoas</estado>
    <região/>
    <ibge>2704302</ibge>
    <gia/>
    <ddd>82</ddd>
    <siafi>2785</siafi>
  </cep>
  <cep>
    <cep>57072-795</cep>
    <logradouro>Rua D-21</logradouro>
    <complemento>(Res Novo Jardim)</complemento>
    <unidade/>
    <bairro>Cidade Universitária</bairro>
    <localidade>Maceió</localidade>
    <uf>AL</uf>
    <estado>Alagoas</estado>
    <região/>
    <ibge>2704302</ibge>
    <gia/>
    <ddd>82</ddd>
    <siafi>2785</siafi>
  </cep>
  <cep>
    <cep>57072-768</cep>
    <logradouro>Rua C-24</logradouro>
    <complemento>(Res Novo Jardim)</complemento>
    <unidade/>
    <bairro>Cidade Universitária</bairro>
    <localidade>Maceió</localidade>
    <uf>AL</uf>
    <estado>Alagoas</estado>
    <região/>
    <ibge>2704302</ibge>
    <gia/>
    <ddd>82</ddd>
    <siafi>2785</siafi>
  </cep>
  <cep>
    <cep>57072-798</cep>
    <logradouro>Rua D-06</logradouro>
    <complemento>(Res Novo Jardim)</complemento>
    <unidade/>
    <bairro>Cidade Universitária</bairro>
    <localidade>Maceió</localidade>
    <uf>AL</uf>
    <estado>Alagoas</estado>
    <região/>
    <ibge>2704302</ibge>
    <gia/>
    <ddd>82</ddd>
    <siafi>2785</siafi>
  </cep>
  <cep>
    <cep>57072-791</cep>
    <logradouro>Rua D-23</logradouro>
    <complemento>(Res Novo Jardim)</complemento>
    <unidade/>
    <bairro>Cidade Universitária</bairro>
    <localidade>Maceió</localidade>
    <uf>AL</uf>
    <estado>Alagoas</estado>
    <região/>
    <ibge>2704302</ibge>
    <gia/>
    <ddd>82</ddd>
    <siafi>2785</siafi>
  </cep>
  <cep>
    <cep>57072-738</cep>
    <logradouro>Rua B-06</logradouro>
    <complemento>(Res Novo Jardim)</complemento>
    <unidade/>
    <bairro>Cidade Universitária</bairro>
    <localidade>Maceió</localidade>
    <uf>AL</uf>
    <estado>Alagoas</estado>
    <região/>
    <ibge>2704302</ibge>
    <gia/>
    <ddd>82</ddd>
    <siafi>2785</siafi>
  </cep>
  <cep>
    <cep>57072-767</cep>
    <logradouro>Rua C-23</logradouro>
    <complemento>(Res Novo Jardim)</complemento>
    <unidade/>
    <bairro>Cidade Universitária</bairro>
    <localidade>Maceió</localidade>
    <uf>AL</uf>
    <estado>Alagoas</estado>
    <região/>
    <ibge>2704302</ibge>
    <gia/>
    <ddd>82</ddd>
    <siafi>2785</siafi>
  </cep>
  <cep>
    <cep>57072-796</cep>
    <logradouro>Rua D-19</logradouro>
    <complemento>(Res Novo Jardim)</complemento>
    <unidade/>
    <bairro>Cidade Universitária</bairro>
    <localidade>Maceió</localidade>
    <uf>AL</uf>
    <estado>Alagoas</estado>
    <região/>
    <ibge>2704302</ibge>
    <gia/>
    <ddd>82</ddd>
    <siafi>2785</siafi>
  </cep>
  <cep>
    <cep>57072-785</cep>
    <logradouro>Rua Jornalista Waldemir Santos Rodrigues</logradouro>
    <complemento>(Res Novo Jardim)</complemento>
    <unidade/>
    <bairro>Cidade Universitária</bairro>
    <localidade>Maceió</localidade>
    <uf>AL</uf>
    <estado>Alagoas</estado>
    <região/>
    <ibge>2704302</ibge>
    <gia/>
    <ddd>82</ddd>
    <siafi>2785</siafi>
  </cep>
  <cep>
    <cep>57072-765</cep>
    <logradouro>Rua C-05</logradouro>
    <complemento>(Res Novo Jardim)</complemento>
    <unidade/>
    <bairro>Cidade Universitária</bairro>
    <localidade>Maceió</localidade>
    <uf>AL</uf>
    <estado>Alagoas</estado>
    <região/>
    <ibge>2704302</ibge>
    <gia/>
    <ddd>82</ddd>
    <siafi>2785</siafi>
  </cep>
  <cep>
    <cep>57072-777</cep>
    <logradouro>Rua C-14</logradouro>
    <complemento>(Res Novo Jardim)</complemento>
    <unidade/>
    <bairro>Cidade Universitária</bairro>
    <localidade>Maceió</localidade>
    <uf>AL</uf>
    <estado>Alagoas</estado>
    <região/>
    <ibge>2704302</ibge>
    <gia/>
    <ddd>82</ddd>
    <siafi>2785</siafi>
  </cep>
  <cep>
    <cep>57072-799</cep>
    <logradouro>Rua D-17</logradouro>
    <complemento>(Res Novo Jardim)</complemento>
    <unidade/>
    <bairro>Cidade Universitária</bairro>
    <localidade>Maceió</localidade>
    <uf>AL</uf>
    <estado>Alagoas</estado>
    <região/>
    <ibge>2704302</ibge>
    <gia/>
    <ddd>82</ddd>
    <siafi>2785</siafi>
  </cep>
  <cep>
    <cep>57072-737</cep>
    <logradouro>Rua B-17</logradouro>
    <complemento>(Res Novo Jardim)</complemento>
    <unidade/>
    <bairro>Cidade Universitária</bairro>
    <localidade>Maceió</localidade>
    <uf>AL</uf>
    <estado>Alagoas</estado>
    <região/>
    <ibge>2704302</ibge>
    <gia/>
    <ddd>82</ddd>
    <siafi>2785</siafi>
  </cep>
  <cep>
    <cep>57072-764</cep>
    <logradouro>Rua C-04</logradouro>
    <complemento>(Res Novo Jardim)</complemento>
    <unidade/>
    <bairro>Cidade Universitária</bairro>
    <localidade>Maceió</localidade>
    <uf>AL</uf>
    <estado>Alagoas</estado>
    <região/>
    <ibge>2704302</ibge>
    <gia/>
    <ddd>82</ddd>
    <siafi>2785</siafi>
  </cep>
  <cep>
    <cep>57072-794</cep>
    <logradouro>Rua D-20</logradouro>
    <complemento>(Res Novo Jardim)</complemento>
    <unidade/>
    <bairro>Cidade Universitária</bairro>
    <localidade>Maceió</localidade>
    <uf>AL</uf>
    <estado>Alagoas</estado>
    <região/>
    <ibge>2704302</ibge>
    <gia/>
    <ddd>82</ddd>
    <siafi>2785</siafi>
  </cep>
  <cep>
    <cep>57072-734</cep>
    <logradouro>Rua B-18</logradouro>
    <complemento>(Res Novo Jardim)</complemento>
    <unidade/>
    <bairro>Cidade Universitária</bairro>
    <localidade>Maceió</localidade>
    <uf>AL</uf>
    <estado>Alagoas</estado>
    <região/>
    <ibge>2704302</ibge>
    <gia/>
    <ddd>82</ddd>
    <siafi>2785</siafi>
  </cep>
  <cep>
    <cep>57072-787</cep>
    <logradouro>Rua Escritora Ana Cristins Quixabeira Rosa e Silva</logradouro>
    <complemento>(Res Novo Jardim)</complemento>
    <unidade/>
    <bairro>Cidade Universitária</bairro>
    <localidade>Maceió</localidade>
    <uf>AL</uf>
    <estado>Alagoas</estado>
    <região/>
    <ibge>2704302</ibge>
    <gia/>
    <ddd>82</ddd>
    <siafi>2785</siafi>
  </cep>
  <cep>
    <cep>57072-792</cep>
    <logradouro>Rua D-24</logradouro>
    <complemento>(Res Novo Jardim)</complemento>
    <unidade/>
    <bairro>Cidade Universitária</bairro>
    <localidade>Maceió</localidade>
    <uf>AL</uf>
    <estado>Alagoas</estado>
    <região/>
    <ibge>2704302</ibge>
    <gia/>
    <ddd>82</ddd>
    <siafi>2785</siafi>
  </cep>
  <cep>
    <cep>57072-788</cep>
    <logradouro>Rua Nelson Peixoto Feijó</logradouro>
    <complemento>(Res Novo Jardim)</complemento>
    <unidade/>
    <bairro>Cidade Universitária</bairro>
    <localidade>Maceió</localidade>
    <uf>AL</uf>
    <estado>Alagoas</estado>
    <região/>
    <ibge>2704302</ibge>
    <gia/>
    <ddd>82</ddd>
    <siafi>2785</siafi>
  </cep>
  <cep>
    <cep>57072-752</cep>
    <logradouro>Rua B-11</logradouro>
    <complemento>(Res Novo Jardim)</complemento>
    <unidade/>
    <bairro>Cidade Universitária</bairro>
    <localidade>Maceió</localidade>
    <uf>AL</uf>
    <estado>Alagoas</estado>
    <região/>
    <ibge>2704302</ibge>
    <gia/>
    <ddd>82</ddd>
    <siafi>2785</siafi>
  </cep>
  <cep>
    <cep>57072-753</cep>
    <logradouro>Rua B-15</logradouro>
    <complemento>(Res Novo Jardim)</complemento>
    <unidade/>
    <bairro>Cidade Universitária</bairro>
    <localidade>Maceió</localidade>
    <uf>AL</uf>
    <estado>Alagoas</estado>
    <região/>
    <ibge>2704302</ibge>
    <gia/>
    <ddd>82</ddd>
    <siafi>2785</siafi>
  </cep>
  <cep>
    <cep>57072-803</cep>
    <logradouro>Rua D-12</logradouro>
    <complemento>(Res Novo Jardim)</complemento>
    <unidade/>
    <bairro>Cidade Universitária</bairro>
    <localidade>Maceió</localidade>
    <uf>AL</uf>
    <estado>Alagoas</estado>
    <região/>
    <ibge>2704302</ibge>
    <gia/>
    <ddd>82</ddd>
    <siafi>2785</siafi>
  </cep>
  <cep>
    <cep>57072-806</cep>
    <logradouro>Rua D-07</logradouro>
    <complemento>(Res Novo Jardim)</complemento>
    <unidade/>
    <bairro>Cidade Universitária</bairro>
    <localidade>Maceió</localidade>
    <uf>AL</uf>
    <estado>Alagoas</estado>
    <região/>
    <ibge>2704302</ibge>
    <gia/>
    <ddd>82</ddd>
    <siafi>2785</siafi>
  </cep>
  <cep>
    <cep>57072-801</cep>
    <logradouro>Rua D-14</logradouro>
    <complemento>(Res Novo Jardim)</complemento>
    <unidade/>
    <bairro>Cidade Universitária</bairro>
    <localidade>Maceió</localidade>
    <uf>AL</uf>
    <estado>Alagoas</estado>
    <região/>
    <ibge>2704302</ibge>
    <gia/>
    <ddd>82</ddd>
    <siafi>2785</siafi>
  </cep>
  <cep>
    <cep>57072-802</cep>
    <logradouro>Rua D-15</logradouro>
    <complemento>(Res Novo Jardim)</complemento>
    <unidade/>
    <bairro>Cidade Universitária</bairro>
    <localidade>Maceió</localidade>
    <uf>AL</uf>
    <estado>Alagoas</estado>
    <região/>
    <ibge>2704302</ibge>
    <gia/>
    <ddd>82</ddd>
    <siafi>2785</siafi>
  </cep>
  <cep>
    <cep>57072-772</cep>
    <logradouro>Rua C-21</logradouro>
    <complemento>(Res Novo Jardim)</complemento>
    <unidade/>
    <bairro>Cidade Universitária</bairro>
    <localidade>Maceió</localidade>
    <uf>AL</uf>
    <estado>Alagoas</estado>
    <região/>
    <ibge>2704302</ibge>
    <gia/>
    <ddd>82</ddd>
    <siafi>2785</siafi>
  </cep>
  <cep>
    <cep>57072-797</cep>
    <logradouro>Rua D-18</logradouro>
    <complemento>(Res Novo Jardim)</complemento>
    <unidade/>
    <bairro>Cidade Universitária</bairro>
    <localidade>Maceió</localidade>
    <uf>AL</uf>
    <estado>Alagoas</estado>
    <região/>
    <ibge>2704302</ibge>
    <gia/>
    <ddd>82</ddd>
    <siafi>2785</siafi>
  </cep>
  <cep>
    <cep>57072-811</cep>
    <logradouro>Rua Doutor Rubens Camelo Almeida</logradouro>
    <complemento>(Res Novo Jardim)</complemento>
    <unidade/>
    <bairro>Cidade Universitária</bairro>
    <localidade>Maceió</localidade>
    <uf>AL</uf>
    <estado>Alagoas</estado>
    <região/>
    <ibge>2704302</ibge>
    <gia/>
    <ddd>82</ddd>
    <siafi>2785</siafi>
  </cep>
  <cep>
    <cep>57072-816</cep>
    <logradouro>Rua E-16</logradouro>
    <complemento>(Res Novo Jardim)</complemento>
    <unidade/>
    <bairro>Cidade Universitária</bairro>
    <localidade>Maceió</localidade>
    <uf>AL</uf>
    <estado>Alagoas</estado>
    <região/>
    <ibge>2704302</ibge>
    <gia/>
    <ddd>82</ddd>
    <siafi>2785</siafi>
  </cep>
  <cep>
    <cep>57072-814</cep>
    <logradouro>Rua Maria José Soares Cota</logradouro>
    <complemento>(Res Novo Jardim)</complemento>
    <unidade/>
    <bairro>Cidade Universitária</bairro>
    <localidade>Maceió</localidade>
    <uf>AL</uf>
    <estado>Alagoas</estado>
    <região/>
    <ibge>2704302</ibge>
    <gia/>
    <ddd>82</ddd>
    <siafi>2785</siafi>
  </cep>
  <cep>
    <cep>57072-804</cep>
    <logradouro>Rua D-11</logradouro>
    <complemento>(Res Novo Jardim)</complemento>
    <unidade/>
    <bairro>Cidade Universitária</bairro>
    <localidade>Maceió</localidade>
    <uf>AL</uf>
    <estado>Alagoas</estado>
    <região/>
    <ibge>2704302</ibge>
    <gia/>
    <ddd>82</ddd>
    <siafi>2785</siafi>
  </cep>
  <cep>
    <cep>57072-813</cep>
    <logradouro>Rua Mirka Botelho de Medeiros Gualter Kropf</logradouro>
    <complemento/>
    <unidade/>
    <bairro>Cidade Universitária</bairro>
    <localidade>Maceió</localidade>
    <uf>AL</uf>
    <estado>Alagoas</estado>
    <região/>
    <ibge>2704302</ibge>
    <gia/>
    <ddd>82</ddd>
    <siafi>2785</siafi>
  </cep>
  <cep>
    <cep>57072-812</cep>
    <logradouro>Rua Professor Benedito Olegário dos Santos</logradouro>
    <complemento>(Res Novo Jardim)</complemento>
    <unidade/>
    <bairro>Cidade Universitária</bairro>
    <localidade>Maceió</localidade>
    <uf>AL</uf>
    <estado>Alagoas</estado>
    <região/>
    <ibge>2704302</ibge>
    <gia/>
    <ddd>82</ddd>
    <siafi>2785</siafi>
  </cep>
  <cep>
    <cep>57072-793</cep>
    <logradouro>Rua D-22</logradouro>
    <complemento>(Res Novo Jardim)</complemento>
    <unidade/>
    <bairro>Cidade Universitária</bairro>
    <localidade>Maceió</localidade>
    <uf>AL</uf>
    <estado>Alagoas</estado>
    <região/>
    <ibge>2704302</ibge>
    <gia/>
    <ddd>82</ddd>
    <siafi>2785</siafi>
  </cep>
  <cep>
    <cep>57072-805</cep>
    <logradouro>Rua D-09</logradouro>
    <complemento>(Res Novo Jardim)</complemento>
    <unidade/>
    <bairro>Cidade Universitária</bairro>
    <localidade>Maceió</localidade>
    <uf>AL</uf>
    <estado>Alagoas</estado>
    <região/>
    <ibge>2704302</ibge>
    <gia/>
    <ddd>82</ddd>
    <siafi>2785</siafi>
  </cep>
  <cep>
    <cep>57072-818</cep>
    <logradouro>Rua Maria do Amparo Ribeiro</logradouro>
    <complemento>(Res Novo Jardim)</complemento>
    <unidade/>
    <bairro>Cidade Universitária</bairro>
    <localidade>Maceió</localidade>
    <uf>AL</uf>
    <estado>Alagoas</estado>
    <região/>
    <ibge>2704302</ibge>
    <gia/>
    <ddd>82</ddd>
    <siafi>2785</siafi>
  </cep>
  <cep>
    <cep>57072-819</cep>
    <logradouro>Rua E-06</logradouro>
    <complemento>(Res Novo Jardim)</complemento>
    <unidade/>
    <bairro>Cidade Universitária</bairro>
    <localidade>Maceió</localidade>
    <uf>AL</uf>
    <estado>Alagoas</estado>
    <região/>
    <ibge>2704302</ibge>
    <gia/>
    <ddd>82</ddd>
    <siafi>2785</siafi>
  </cep>
  <cep>
    <cep>57072-822</cep>
    <logradouro>Rua E-07</logradouro>
    <complemento>(Res Novo Jardim)</complemento>
    <unidade/>
    <bairro>Cidade Universitária</bairro>
    <localidade>Maceió</localidade>
    <uf>AL</uf>
    <estado>Alagoas</estado>
    <região/>
    <ibge>2704302</ibge>
    <gia/>
    <ddd>82</ddd>
    <siafi>2785</siafi>
  </cep>
  <cep>
    <cep>57072-817</cep>
    <logradouro>Rua E-15</logradouro>
    <complemento>(Res Novo Jardim)</complemento>
    <unidade/>
    <bairro>Cidade Universitária</bairro>
    <localidade>Maceió</localidade>
    <uf>AL</uf>
    <estado>Alagoas</estado>
    <região/>
    <ibge>2704302</ibge>
    <gia/>
    <ddd>82</ddd>
    <siafi>2785</siafi>
  </cep>
  <cep>
    <cep>57072-815</cep>
    <logradouro>Rua Doutor Cleantho de Moura Rizzo</logradouro>
    <complemento>(Res Novo Jardim)</complemento>
    <unidade/>
    <bairro>Cidade Universitária</bairro>
    <localidade>Maceió</localidade>
    <uf>AL</uf>
    <estado>Alagoas</estado>
    <região/>
    <ibge>2704302</ibge>
    <gia/>
    <ddd>82</ddd>
    <siafi>2785</siafi>
  </cep>
  <cep>
    <cep>57072-823</cep>
    <logradouro>Rua E-10</logradouro>
    <complemento>(Res Novo Jardim)</complemento>
    <unidade/>
    <bairro>Cidade Universitária</bairro>
    <localidade>Maceió</localidade>
    <uf>AL</uf>
    <estado>Alagoas</estado>
    <região/>
    <ibge>2704302</ibge>
    <gia/>
    <ddd>82</ddd>
    <siafi>2785</siafi>
  </cep>
  <cep>
    <cep>57072-825</cep>
    <logradouro>Rua E-12</logradouro>
    <complemento>(Res Novo Jardim)</complemento>
    <unidade/>
    <bairro>Cidade Universitária</bairro>
    <localidade>Maceió</localidade>
    <uf>AL</uf>
    <estado>Alagoas</estado>
    <região/>
    <ibge>2704302</ibge>
    <gia/>
    <ddd>82</ddd>
    <siafi>2785</siafi>
  </cep>
  <cep>
    <cep>57073-019</cep>
    <logradouro>Via Secundária N</logradouro>
    <complemento>(Cj Village Campestre I)</complemento>
    <unidade/>
    <bairro>Cidade Universitária</bairro>
    <localidade>Maceió</localidade>
    <uf>AL</uf>
    <estado>Alagoas</estado>
    <região/>
    <ibge>2704302</ibge>
    <gia/>
    <ddd>82</ddd>
    <siafi>2785</siafi>
  </cep>
  <cep>
    <cep>57072-824</cep>
    <logradouro>Rua E-11</logradouro>
    <complemento>(Res Novo Jardim)</complemento>
    <unidade/>
    <bairro>Cidade Universitária</bairro>
    <localidade>Maceió</localidade>
    <uf>AL</uf>
    <estado>Alagoas</estado>
    <região/>
    <ibge>2704302</ibge>
    <gia/>
    <ddd>82</ddd>
    <siafi>2785</siafi>
  </cep>
  <cep>
    <cep>57073-020</cep>
    <logradouro>Avenida José Hailton dos Santos</logradouro>
    <complemento>(Cj Village Campestre I)</complemento>
    <unidade/>
    <bairro>Cidade Universitária</bairro>
    <localidade>Maceió</localidade>
    <uf>AL</uf>
    <estado>Alagoas</estado>
    <região/>
    <ibge>2704302</ibge>
    <gia/>
    <ddd>82</ddd>
    <siafi>2785</siafi>
  </cep>
  <cep>
    <cep>57072-521</cep>
    <logradouro>Rua Projetada X</logradouro>
    <complemento>(Res Jardim Royal)</complemento>
    <unidade/>
    <bairro>Cidade Universitária</bairro>
    <localidade>Maceió</localidade>
    <uf>AL</uf>
    <estado>Alagoas</estado>
    <região/>
    <ibge>2704302</ibge>
    <gia/>
    <ddd>82</ddd>
    <siafi>2785</siafi>
  </cep>
  <cep>
    <cep>57073-350</cep>
    <logradouro>Travessa Jardim Paulo VI</logradouro>
    <complemento/>
    <unidade/>
    <bairro>Cidade Universitária</bairro>
    <localidade>Maceió</localidade>
    <uf>AL</uf>
    <estado>Alagoas</estado>
    <região/>
    <ibge>2704302</ibge>
    <gia/>
    <ddd>82</ddd>
    <siafi>2785</siafi>
  </cep>
  <cep>
    <cep>57073-218</cep>
    <logradouro>Avenida José Camelo de Freitas</logradouro>
    <complemento/>
    <unidade/>
    <bairro>Cidade Universitária</bairro>
    <localidade>Maceió</localidade>
    <uf>AL</uf>
    <estado>Alagoas</estado>
    <região/>
    <ibge>2704302</ibge>
    <gia/>
    <ddd>82</ddd>
    <siafi>2785</siafi>
  </cep>
  <cep>
    <cep>57073-230</cep>
    <logradouro>Rua José Martins de Oliveira</logradouro>
    <complemento/>
    <unidade/>
    <bairro>Cidade Universitária</bairro>
    <localidade>Maceió</localidade>
    <uf>AL</uf>
    <estado>Alagoas</estado>
    <região/>
    <ibge>2704302</ibge>
    <gia/>
    <ddd>82</ddd>
    <siafi>2785</siafi>
  </cep>
  <cep>
    <cep>57073-300</cep>
    <logradouro>Rua Josefa Holanda Carvalho</logradouro>
    <complemento/>
    <unidade/>
    <bairro>Cidade Universitária</bairro>
    <localidade>Maceió</localidade>
    <uf>AL</uf>
    <estado>Alagoas</estado>
    <região/>
    <ibge>2704302</ibge>
    <gia/>
    <ddd>82</ddd>
    <siafi>2785</siafi>
  </cep>
  <cep>
    <cep>57073-217</cep>
    <logradouro>Rua 57 A</logradouro>
    <complemento>(Cj Graciliano Ramos)</complemento>
    <unidade/>
    <bairro>Cidade Universitária</bairro>
    <localidade>Maceió</localidade>
    <uf>AL</uf>
    <estado>Alagoas</estado>
    <região/>
    <ibge>2704302</ibge>
    <gia/>
    <ddd>82</ddd>
    <siafi>2785</siafi>
  </cep>
  <cep>
    <cep>57073-598</cep>
    <logradouro>10ª Travessa Benedito Calaça Loureiro</logradouro>
    <complemento/>
    <unidade/>
    <bairro>Cidade Universitária</bairro>
    <localidade>Maceió</localidade>
    <uf>AL</uf>
    <estado>Alagoas</estado>
    <região/>
    <ibge>2704302</ibge>
    <gia/>
    <ddd>82</ddd>
    <siafi>2785</siafi>
  </cep>
  <cep>
    <cep>57073-673</cep>
    <logradouro>Rua Projetada 682</logradouro>
    <complemento>(Lot 065)</complemento>
    <unidade/>
    <bairro>Cidade Universitária</bairro>
    <localidade>Maceió</localidade>
    <uf>AL</uf>
    <estado>Alagoas</estado>
    <região/>
    <ibge>2704302</ibge>
    <gia/>
    <ddd>82</ddd>
    <siafi>2785</siafi>
  </cep>
  <cep>
    <cep>57074-035</cep>
    <logradouro>Rua Desembargador Carlos de Gusmão</logradouro>
    <complemento/>
    <unidade/>
    <bairro>Cidade Universitária</bairro>
    <localidade>Maceió</localidade>
    <uf>AL</uf>
    <estado>Alagoas</estado>
    <região/>
    <ibge>2704302</ibge>
    <gia/>
    <ddd>82</ddd>
    <siafi>2785</siafi>
  </cep>
  <cep>
    <cep>57073-677</cep>
    <logradouro>Rua Projetada 683</logradouro>
    <complemento>(Lot 065)</complemento>
    <unidade/>
    <bairro>Cidade Universitária</bairro>
    <localidade>Maceió</localidade>
    <uf>AL</uf>
    <estado>Alagoas</estado>
    <região/>
    <ibge>2704302</ibge>
    <gia/>
    <ddd>82</ddd>
    <siafi>2785</siafi>
  </cep>
  <cep>
    <cep>57074-031</cep>
    <logradouro>Rua Mestre Manoel Soares da Silva</logradouro>
    <complemento/>
    <unidade/>
    <bairro>Cidade Universitária</bairro>
    <localidade>Maceió</localidade>
    <uf>AL</uf>
    <estado>Alagoas</estado>
    <região/>
    <ibge>2704302</ibge>
    <gia/>
    <ddd>82</ddd>
    <siafi>2785</siafi>
  </cep>
  <cep>
    <cep>57074-208</cep>
    <logradouro>Rua Vereador José Raimundo dos Santos</logradouro>
    <complemento/>
    <unidade/>
    <bairro>Cidade Universitária</bairro>
    <localidade>Maceió</localidade>
    <uf>AL</uf>
    <estado>Alagoas</estado>
    <região/>
    <ibge>2704302</ibge>
    <gia/>
    <ddd>82</ddd>
    <siafi>2785</siafi>
  </cep>
  <cep>
    <cep>57075-450</cep>
    <logradouro>4ª Travessa Corinto Campelo da Paz</logradouro>
    <complemento/>
    <unidade/>
    <bairro>Santos Dumont</bairro>
    <localidade>Maceió</localidade>
    <uf>AL</uf>
    <estado>Alagoas</estado>
    <região/>
    <ibge>2704302</ibge>
    <gia/>
    <ddd>82</ddd>
    <siafi>2785</siafi>
  </cep>
  <cep>
    <cep>57074-206</cep>
    <logradouro>2ª Rua Vereador José Raimundo dos Santos</logradouro>
    <complemento/>
    <unidade/>
    <bairro>Cidade Universitária</bairro>
    <localidade>Maceió</localidade>
    <uf>AL</uf>
    <estado>Alagoas</estado>
    <região/>
    <ibge>2704302</ibge>
    <gia/>
    <ddd>82</ddd>
    <siafi>2785</siafi>
  </cep>
  <cep>
    <cep>57075-320</cep>
    <logradouro>Travessa Raio do Sol</logradouro>
    <complemento/>
    <unidade/>
    <bairro>Santos Dumont</bairro>
    <localidade>Maceió</localidade>
    <uf>AL</uf>
    <estado>Alagoas</estado>
    <região/>
    <ibge>2704302</ibge>
    <gia/>
    <ddd>82</ddd>
    <siafi>2785</siafi>
  </cep>
  <cep>
    <cep>57075-561</cep>
    <logradouro>Rua Tancredo Neves</logradouro>
    <complemento/>
    <unidade/>
    <bairro>Santos Dumont</bairro>
    <localidade>Maceió</localidade>
    <uf>AL</uf>
    <estado>Alagoas</estado>
    <região/>
    <ibge>2704302</ibge>
    <gia/>
    <ddd>82</ddd>
    <siafi>2785</siafi>
  </cep>
  <cep>
    <cep>57081-290</cep>
    <logradouro>Rua S</logradouro>
    <complemento>(Lot Tabuleiro Novo)</complemento>
    <unidade/>
    <bairro>Tabuleiro do Martins</bairro>
    <localidade>Maceió</localidade>
    <uf>AL</uf>
    <estado>Alagoas</estado>
    <região/>
    <ibge>2704302</ibge>
    <gia/>
    <ddd>82</ddd>
    <siafi>2785</siafi>
  </cep>
  <cep>
    <cep>57081-053</cep>
    <logradouro>Rua Sargento Marciel Raimundo dos Santos</logradouro>
    <complemento/>
    <unidade/>
    <bairro>Tabuleiro do Martins</bairro>
    <localidade>Maceió</localidade>
    <uf>AL</uf>
    <estado>Alagoas</estado>
    <região/>
    <ibge>2704302</ibge>
    <gia/>
    <ddd>82</ddd>
    <siafi>2785</siafi>
  </cep>
  <cep>
    <cep>57075-681</cep>
    <logradouro>2ª Travessa Inailda Félix</logradouro>
    <complemento/>
    <unidade/>
    <bairro>Santos Dumont</bairro>
    <localidade>Maceió</localidade>
    <uf>AL</uf>
    <estado>Alagoas</estado>
    <região/>
    <ibge>2704302</ibge>
    <gia/>
    <ddd>82</ddd>
    <siafi>2785</siafi>
  </cep>
  <cep>
    <cep>57080-559</cep>
    <logradouro>Rua Doutor Abelardo Duarte</logradouro>
    <complemento>(Aldebaran Beta)</complemento>
    <unidade/>
    <bairro>Jardim Petrópolis</bairro>
    <localidade>Maceió</localidade>
    <uf>AL</uf>
    <estado>Alagoas</estado>
    <região/>
    <ibge>2704302</ibge>
    <gia/>
    <ddd>82</ddd>
    <siafi>2785</siafi>
  </cep>
  <cep>
    <cep>57081-058</cep>
    <logradouro>Rua Sargento Genival Raimundo dos Santos</logradouro>
    <complemento/>
    <unidade/>
    <bairro>Tabuleiro do Martins</bairro>
    <localidade>Maceió</localidade>
    <uf>AL</uf>
    <estado>Alagoas</estado>
    <região/>
    <ibge>2704302</ibge>
    <gia/>
    <ddd>82</ddd>
    <siafi>2785</siafi>
  </cep>
  <cep>
    <cep>57081-052</cep>
    <logradouro>Rua em Projeto I</logradouro>
    <complemento>(Lot Cargo Center)</complemento>
    <unidade/>
    <bairro>Tabuleiro do Martins</bairro>
    <localidade>Maceió</localidade>
    <uf>AL</uf>
    <estado>Alagoas</estado>
    <região/>
    <ibge>2704302</ibge>
    <gia/>
    <ddd>82</ddd>
    <siafi>2785</siafi>
  </cep>
  <cep>
    <cep>57081-054</cep>
    <logradouro>Rua Luzinete Alves Timoteo</logradouro>
    <complemento/>
    <unidade/>
    <bairro>Tabuleiro do Martins</bairro>
    <localidade>Maceió</localidade>
    <uf>AL</uf>
    <estado>Alagoas</estado>
    <região/>
    <ibge>2704302</ibge>
    <gia/>
    <ddd>82</ddd>
    <siafi>2785</siafi>
  </cep>
  <cep>
    <cep>57082-175</cep>
    <logradouro>Travessa Nossa Senhora de Fátima</logradouro>
    <complemento/>
    <unidade/>
    <bairro>Santa Lúcia</bairro>
    <localidade>Maceió</localidade>
    <uf>AL</uf>
    <estado>Alagoas</estado>
    <região/>
    <ibge>2704302</ibge>
    <gia/>
    <ddd>82</ddd>
    <siafi>2785</siafi>
  </cep>
  <cep>
    <cep>57075-839</cep>
    <logradouro>3ª Travessa Rosa Cruz</logradouro>
    <complemento/>
    <unidade/>
    <bairro>Santos Dumont</bairro>
    <localidade>Maceió</localidade>
    <uf>AL</uf>
    <estado>Alagoas</estado>
    <região/>
    <ibge>2704302</ibge>
    <gia/>
    <ddd>82</ddd>
    <siafi>2785</siafi>
  </cep>
  <cep>
    <cep>57081-056</cep>
    <logradouro>Rua Manoel Pereira de Lima</logradouro>
    <complemento/>
    <unidade/>
    <bairro>Tabuleiro do Martins</bairro>
    <localidade>Maceió</localidade>
    <uf>AL</uf>
    <estado>Alagoas</estado>
    <região/>
    <ibge>2704302</ibge>
    <gia/>
    <ddd>82</ddd>
    <siafi>2785</siafi>
  </cep>
  <cep>
    <cep>57083-014</cep>
    <logradouro>Rua 05</logradouro>
    <complemento>(Lot Paraiso da Serraria)</complemento>
    <unidade/>
    <bairro>Antares</bairro>
    <localidade>Maceió</localidade>
    <uf>AL</uf>
    <estado>Alagoas</estado>
    <região/>
    <ibge>2704302</ibge>
    <gia/>
    <ddd>82</ddd>
    <siafi>2785</siafi>
  </cep>
  <cep>
    <cep>57084-162</cep>
    <logradouro>Residencial Bosque das Acácias</logradouro>
    <complemento/>
    <unidade/>
    <bairro>Benedito Bentes</bairro>
    <localidade>Maceió</localidade>
    <uf>AL</uf>
    <estado>Alagoas</estado>
    <região/>
    <ibge>2704302</ibge>
    <gia/>
    <ddd>82</ddd>
    <siafi>2785</siafi>
  </cep>
  <cep>
    <cep>57085-580</cep>
    <logradouro>Rua Pedro Joaquim de Lima</logradouro>
    <complemento/>
    <unidade/>
    <bairro>Benedito Bentes</bairro>
    <localidade>Maceió</localidade>
    <uf>AL</uf>
    <estado>Alagoas</estado>
    <região/>
    <ibge>2704302</ibge>
    <gia/>
    <ddd>82</ddd>
    <siafi>2785</siafi>
  </cep>
  <cep>
    <cep>57099-899</cep>
    <logradouro>Área Rural</logradouro>
    <complemento/>
    <unidade/>
    <bairro>Área Rural de Maceió</bairro>
    <localidade>Maceió</localidade>
    <uf>AL</uf>
    <estado>Alagoas</estado>
    <região/>
    <ibge>2704302</ibge>
    <gia/>
    <ddd>82</ddd>
    <siafi>2785</siafi>
  </cep>
  <cep>
    <cep>57083-040</cep>
    <logradouro>Rua Vereador José Raimundo dos Santos</logradouro>
    <complemento>lado par</complemento>
    <unidade/>
    <bairro>Antares</bairro>
    <localidade>Maceió</localidade>
    <uf>AL</uf>
    <estado>Alagoas</estado>
    <região/>
    <ibge>2704302</ibge>
    <gia/>
    <ddd>82</ddd>
    <siafi>2785</siafi>
  </cep>
  <cep>
    <cep>57086-400</cep>
    <logradouro>Rua B</logradouro>
    <complemento>(Cj Freitas Neto)</complemento>
    <unidade/>
    <bairro>Benedito Bentes</bairro>
    <localidade>Maceió</localidade>
    <uf>AL</uf>
    <estado>Alagoas</estado>
    <região/>
    <ibge>2704302</ibge>
    <gia/>
    <ddd>82</ddd>
    <siafi>2785</siafi>
  </cep>
  <cep>
    <cep>57085-574</cep>
    <logradouro>Rua Emilia Mata Fonseca</logradouro>
    <complemento/>
    <unidade/>
    <bairro>Benedito Bentes</bairro>
    <localidade>Maceió</localidade>
    <uf>AL</uf>
    <estado>Alagoas</estado>
    <região/>
    <ibge>2704302</ibge>
    <gia/>
    <ddd>82</ddd>
    <siafi>2785</siafi>
  </cep>
  <cep>
    <cep>57302-132</cep>
    <logradouro>Rua Irineu Gomes Maranhão</logradouro>
    <complemento>(Res Center Parc)</complemento>
    <unidade/>
    <bairro>Canafístula</bairro>
    <localidade>Arapiraca</localidade>
    <uf>AL</uf>
    <estado>Alagoas</estado>
    <região/>
    <ibge>2700300</ibge>
    <gia/>
    <ddd>82</ddd>
    <siafi>2705</siafi>
  </cep>
  <cep>
    <cep>57302-134</cep>
    <logradouro>Rua Cacilda Esposo Menezes</logradouro>
    <complemento>(Res Center Parc)</complemento>
    <unidade/>
    <bairro>Canafístula</bairro>
    <localidade>Arapiraca</localidade>
    <uf>AL</uf>
    <estado>Alagoas</estado>
    <região/>
    <ibge>2700300</ibge>
    <gia/>
    <ddd>82</ddd>
    <siafi>2705</siafi>
  </cep>
  <cep>
    <cep>57085-588</cep>
    <logradouro>Rua Ana Carla Alves Paes</logradouro>
    <complemento>(Cj José Aprígio Vilela)</complemento>
    <unidade/>
    <bairro>Benedito Bentes</bairro>
    <localidade>Maceió</localidade>
    <uf>AL</uf>
    <estado>Alagoas</estado>
    <região/>
    <ibge>2704302</ibge>
    <gia/>
    <ddd>82</ddd>
    <siafi>2785</siafi>
  </cep>
  <cep>
    <cep/>
    <logradouro/>
    <complemento/>
    <unidade/>
    <bairro/>
    <localidade/>
    <uf/>
    <estado/>
    <região/>
    <ibge/>
    <gia/>
    <ddd/>
    <siafi/>
  </cep>
  <cep>
    <cep>57302-138</cep>
    <logradouro>Rua Rita Xavier do Nascimento</logradouro>
    <complemento>(Res Center Parc)</complemento>
    <unidade/>
    <bairro>Canafístula</bairro>
    <localidade>Arapiraca</localidade>
    <uf>AL</uf>
    <estado>Alagoas</estado>
    <região/>
    <ibge>2700300</ibge>
    <gia/>
    <ddd>82</ddd>
    <siafi>2705</siafi>
  </cep>
  <cep>
    <cep>57302-631</cep>
    <logradouro>Rua Floraci Amâncio de Souza</logradouro>
    <complemento/>
    <unidade/>
    <bairro>Canafístula</bairro>
    <localidade>Arapiraca</localidade>
    <uf>AL</uf>
    <estado>Alagoas</estado>
    <região/>
    <ibge>2700300</ibge>
    <gia/>
    <ddd>82</ddd>
    <siafi>2705</siafi>
  </cep>
  <cep>
    <cep>57240-990</cep>
    <logradouro>Rodovia Municipal Aureo Cesar Teixeira</logradouro>
    <complemento/>
    <unidade>CPC Coité de São Miguel</unidade>
    <bairro/>
    <localidade>São Miguel dos Campos</localidade>
    <uf>AL</uf>
    <estado>Alagoas</estado>
    <região/>
    <ibge>2708600</ibge>
    <gia/>
    <ddd>82</ddd>
    <siafi>2871</siafi>
  </cep>
  <cep>
    <cep>57085-578</cep>
    <logradouro>Rua Jornalista Tamal Zaidan</logradouro>
    <complemento/>
    <unidade/>
    <bairro>Benedito Bentes</bairro>
    <localidade>Maceió</localidade>
    <uf>AL</uf>
    <estado>Alagoas</estado>
    <região/>
    <ibge>2704302</ibge>
    <gia/>
    <ddd>82</ddd>
    <siafi>2785</siafi>
  </cep>
  <cep>
    <cep>57302-634</cep>
    <logradouro>Rua Ester de Oliveira Barbosa</logradouro>
    <complemento/>
    <unidade/>
    <bairro>Canafístula</bairro>
    <localidade>Arapiraca</localidade>
    <uf>AL</uf>
    <estado>Alagoas</estado>
    <região/>
    <ibge>2700300</ibge>
    <gia/>
    <ddd>82</ddd>
    <siafi>2705</siafi>
  </cep>
  <cep>
    <cep>57085-576</cep>
    <logradouro>Rua Arthur Amorim Santos</logradouro>
    <complemento/>
    <unidade/>
    <bairro>Benedito Bentes</bairro>
    <localidade>Maceió</localidade>
    <uf>AL</uf>
    <estado>Alagoas</estado>
    <região/>
    <ibge>2704302</ibge>
    <gia/>
    <ddd>82</ddd>
    <siafi>2785</siafi>
  </cep>
  <cep>
    <cep>57302-633</cep>
    <logradouro>Rua Régia Leonoura Alves Santos Nascimento</logradouro>
    <complemento/>
    <unidade/>
    <bairro>Canafístula</bairro>
    <localidade>Arapiraca</localidade>
    <uf>AL</uf>
    <estado>Alagoas</estado>
    <região/>
    <ibge>2700300</ibge>
    <gia/>
    <ddd>82</ddd>
    <siafi>2705</siafi>
  </cep>
  <cep>
    <cep>57085-582</cep>
    <logradouro>Rua Nair Barros Méro</logradouro>
    <complemento/>
    <unidade/>
    <bairro>Benedito Bentes</bairro>
    <localidade>Maceió</localidade>
    <uf>AL</uf>
    <estado>Alagoas</estado>
    <região/>
    <ibge>2704302</ibge>
    <gia/>
    <ddd>82</ddd>
    <siafi>2785</siafi>
  </cep>
  <cep>
    <cep>57160-990</cep>
    <logradouro>Rua Principal</logradouro>
    <complemento/>
    <unidade>CPC Povoado Tuquanduba</unidade>
    <bairro/>
    <localidade>Marechal Deodoro</localidade>
    <uf>AL</uf>
    <estado>Alagoas</estado>
    <região/>
    <ibge>2704708</ibge>
    <gia/>
    <ddd>82</ddd>
    <siafi>2793</siafi>
  </cep>
  <cep>
    <cep>57085-584</cep>
    <logradouro>Rua Projetada Y</logradouro>
    <complemento>(Cj José Aprígio Vilela)</complemento>
    <unidade/>
    <bairro>Benedito Bentes</bairro>
    <localidade>Maceió</localidade>
    <uf>AL</uf>
    <estado>Alagoas</estado>
    <região/>
    <ibge>2704302</ibge>
    <gia/>
    <ddd>82</ddd>
    <siafi>2785</siafi>
  </cep>
  <cep>
    <cep>57085-590</cep>
    <logradouro>Rua Josenildo Ferreira Aleixo</logradouro>
    <complemento>(Cj José A Vilela)</complemento>
    <unidade/>
    <bairro>Benedito Bentes</bairro>
    <localidade>Maceió</localidade>
    <uf>AL</uf>
    <estado>Alagoas</estado>
    <região/>
    <ibge>2704302</ibge>
    <gia/>
    <ddd>82</ddd>
    <siafi>2785</siafi>
  </cep>
  <cep>
    <cep>57302-639</cep>
    <logradouro>Rua Adriana Maria de Lima</logradouro>
    <complemento/>
    <unidade/>
    <bairro>Canafístula</bairro>
    <localidade>Arapiraca</localidade>
    <uf>AL</uf>
    <estado>Alagoas</estado>
    <região/>
    <ibge>2700300</ibge>
    <gia/>
    <ddd>82</ddd>
    <siafi>2705</siafi>
  </cep>
  <cep>
    <cep>57085-586</cep>
    <logradouro>Rua Gregorio de Matos</logradouro>
    <complemento>(Cj José Aprígio Vilela)</complemento>
    <unidade/>
    <bairro>Benedito Bentes</bairro>
    <localidade>Maceió</localidade>
    <uf>AL</uf>
    <estado>Alagoas</estado>
    <região/>
    <ibge>2704302</ibge>
    <gia/>
    <ddd>82</ddd>
    <siafi>2785</siafi>
  </cep>
  <cep>
    <cep>57302-128</cep>
    <logradouro>Rua Amãncio Ferreira Lima</logradouro>
    <complemento>(Res Center Parc)</complemento>
    <unidade/>
    <bairro>Canafístula</bairro>
    <localidade>Arapiraca</localidade>
    <uf>AL</uf>
    <estado>Alagoas</estado>
    <região/>
    <ibge>2700300</ibge>
    <gia/>
    <ddd>82</ddd>
    <siafi>2705</siafi>
  </cep>
  <cep>
    <cep>57302-789</cep>
    <logradouro>Rua José Marcolino Júnior</logradouro>
    <complemento/>
    <unidade/>
    <bairro>Canafístula</bairro>
    <localidade>Arapiraca</localidade>
    <uf>AL</uf>
    <estado>Alagoas</estado>
    <região/>
    <ibge>2700300</ibge>
    <gia/>
    <ddd>82</ddd>
    <siafi>2705</siafi>
  </cep>
  <cep>
    <cep>57302-632</cep>
    <logradouro>Rua Maria Verônica de Melo Almeida</logradouro>
    <complemento/>
    <unidade/>
    <bairro>Canafístula</bairro>
    <localidade>Arapiraca</localidade>
    <uf>AL</uf>
    <estado>Alagoas</estado>
    <região/>
    <ibge>2700300</ibge>
    <gia/>
    <ddd>82</ddd>
    <siafi>2705</siafi>
  </cep>
  <cep>
    <cep>57085-570</cep>
    <logradouro>Rua Deputado Albérico Cordeiro</logradouro>
    <complemento/>
    <unidade/>
    <bairro>Benedito Bentes</bairro>
    <localidade>Maceió</localidade>
    <uf>AL</uf>
    <estado>Alagoas</estado>
    <região/>
    <ibge>2704302</ibge>
    <gia/>
    <ddd>82</ddd>
    <siafi>2785</siafi>
  </cep>
  <cep>
    <cep>57301-320</cep>
    <logradouro>Rua João Fárzio</logradouro>
    <complemento/>
    <unidade/>
    <bairro>São Luiz</bairro>
    <localidade>Arapiraca</localidade>
    <uf>AL</uf>
    <estado>Alagoas</estado>
    <região/>
    <ibge>2700300</ibge>
    <gia/>
    <ddd>82</ddd>
    <siafi>2705</siafi>
  </cep>
  <cep>
    <cep>57302-638</cep>
    <logradouro>Rua Josefa Maria Sandes</logradouro>
    <complemento/>
    <unidade/>
    <bairro>Canafístula</bairro>
    <localidade>Arapiraca</localidade>
    <uf>AL</uf>
    <estado>Alagoas</estado>
    <região/>
    <ibge>2700300</ibge>
    <gia/>
    <ddd>82</ddd>
    <siafi>2705</siafi>
  </cep>
  <cep>
    <cep>57302-637</cep>
    <logradouro>Rua Ivanilda Barbosa Salsa</logradouro>
    <complemento/>
    <unidade/>
    <bairro>Canafístula</bairro>
    <localidade>Arapiraca</localidade>
    <uf>AL</uf>
    <estado>Alagoas</estado>
    <região/>
    <ibge>2700300</ibge>
    <gia/>
    <ddd>82</ddd>
    <siafi>2705</siafi>
  </cep>
  <cep>
    <cep>57085-572</cep>
    <logradouro>Rua Manoel Fonsêca</logradouro>
    <complemento/>
    <unidade/>
    <bairro>Benedito Bentes</bairro>
    <localidade>Maceió</localidade>
    <uf>AL</uf>
    <estado>Alagoas</estado>
    <região/>
    <ibge>2704302</ibge>
    <gia/>
    <ddd>82</ddd>
    <siafi>2785</siafi>
  </cep>
  <cep>
    <cep>57100-990</cep>
    <logradouro>Quadra 1 nº 37 - Conj.Mutirão - Rio Largo</logradouro>
    <complemento/>
    <unidade>CPC Conjunto Mutirão</unidade>
    <bairro/>
    <localidade>Rio Largo</localidade>
    <uf>AL</uf>
    <estado>Alagoas</estado>
    <região/>
    <ibge>2707701</ibge>
    <gia/>
    <ddd>82</ddd>
    <siafi>2853</siafi>
  </cep>
  <cep>
    <cep>57302-641</cep>
    <logradouro>Rua Maria Eurides Filha</logradouro>
    <complemento/>
    <unidade/>
    <bairro>Canafístula</bairro>
    <localidade>Arapiraca</localidade>
    <uf>AL</uf>
    <estado>Alagoas</estado>
    <região/>
    <ibge>2700300</ibge>
    <gia/>
    <ddd>82</ddd>
    <siafi>2705</siafi>
  </cep>
  <cep>
    <cep>57302-636</cep>
    <logradouro>Rua Joana Batista de Moura</logradouro>
    <complemento/>
    <unidade/>
    <bairro>Canafístula</bairro>
    <localidade>Arapiraca</localidade>
    <uf>AL</uf>
    <estado>Alagoas</estado>
    <região/>
    <ibge>2700300</ibge>
    <gia/>
    <ddd>82</ddd>
    <siafi>2705</siafi>
  </cep>
  <cep>
    <cep>57301-426</cep>
    <logradouro>Rua Sebastião da Silva Oliveira</logradouro>
    <complemento/>
    <unidade/>
    <bairro>São Luiz</bairro>
    <localidade>Arapiraca</localidade>
    <uf>AL</uf>
    <estado>Alagoas</estado>
    <região/>
    <ibge>2700300</ibge>
    <gia/>
    <ddd>82</ddd>
    <siafi>2705</siafi>
  </cep>
  <cep>
    <cep>57302-216</cep>
    <logradouro>Rua João Gomes de Oliveira</logradouro>
    <complemento/>
    <unidade/>
    <bairro>Canafístula</bairro>
    <localidade>Arapiraca</localidade>
    <uf>AL</uf>
    <estado>Alagoas</estado>
    <região/>
    <ibge>2700300</ibge>
    <gia/>
    <ddd>82</ddd>
    <siafi>2705</siafi>
  </cep>
  <cep>
    <cep>57084-160</cep>
    <logradouro>Rua Projetada C</logradouro>
    <complemento>(Bosque dos Flamboiães)</complemento>
    <unidade/>
    <bairro>Benedito Bentes</bairro>
    <localidade>Maceió</localidade>
    <uf>AL</uf>
    <estado>Alagoas</estado>
    <região/>
    <ibge>2704302</ibge>
    <gia/>
    <ddd>82</ddd>
    <siafi>2785</siafi>
  </cep>
  <cep>
    <cep>57302-136</cep>
    <logradouro>Rua Antônio Esposo de Menezes</logradouro>
    <complemento>(Res Center Parc)</complemento>
    <unidade/>
    <bairro>Canafístula</bairro>
    <localidade>Arapiraca</localidade>
    <uf>AL</uf>
    <estado>Alagoas</estado>
    <região/>
    <ibge>2700300</ibge>
    <gia/>
    <ddd>82</ddd>
    <siafi>2705</siafi>
  </cep>
  <cep>
    <cep/>
    <logradouro/>
    <complemento/>
    <unidade/>
    <bairro/>
    <localidade/>
    <uf/>
    <estado/>
    <região/>
    <ibge/>
    <gia/>
    <ddd/>
    <siafi/>
  </cep>
  <cep>
    <cep>57303-132</cep>
    <logradouro>Rua Antônio Ferreira Loz</logradouro>
    <complemento/>
    <unidade/>
    <bairro>Verdes Campos</bairro>
    <localidade>Arapiraca</localidade>
    <uf>AL</uf>
    <estado>Alagoas</estado>
    <região/>
    <ibge>2700300</ibge>
    <gia/>
    <ddd>82</ddd>
    <siafi>2705</siafi>
  </cep>
  <cep>
    <cep>57303-134</cep>
    <logradouro>Rua Maria Pereira Rocha</logradouro>
    <complemento/>
    <unidade/>
    <bairro>Verdes Campos</bairro>
    <localidade>Arapiraca</localidade>
    <uf>AL</uf>
    <estado>Alagoas</estado>
    <região/>
    <ibge>2700300</ibge>
    <gia/>
    <ddd>82</ddd>
    <siafi>2705</siafi>
  </cep>
  <cep>
    <cep>57303-136</cep>
    <logradouro>Rua Pedro Genuíno da Silva</logradouro>
    <complemento/>
    <unidade/>
    <bairro>Verdes Campos</bairro>
    <localidade>Arapiraca</localidade>
    <uf>AL</uf>
    <estado>Alagoas</estado>
    <região/>
    <ibge>2700300</ibge>
    <gia/>
    <ddd>82</ddd>
    <siafi>2705</siafi>
  </cep>
  <cep>
    <cep>57303-138</cep>
    <logradouro>Rua Josefa Ferreira Lima</logradouro>
    <complemento/>
    <unidade/>
    <bairro>Verdes Campos</bairro>
    <localidade>Arapiraca</localidade>
    <uf>AL</uf>
    <estado>Alagoas</estado>
    <região/>
    <ibge>2700300</ibge>
    <gia/>
    <ddd>82</ddd>
    <siafi>2705</siafi>
  </cep>
  <cep>
    <cep>57303-221</cep>
    <logradouro>Rua José Barbosa Bela</logradouro>
    <complemento/>
    <unidade/>
    <bairro>Boa Vista</bairro>
    <localidade>Arapiraca</localidade>
    <uf>AL</uf>
    <estado>Alagoas</estado>
    <região/>
    <ibge>2700300</ibge>
    <gia/>
    <ddd>82</ddd>
    <siafi>2705</siafi>
  </cep>
  <cep>
    <cep>57303-223</cep>
    <logradouro>Rua Maria José Nunes Lima</logradouro>
    <complemento/>
    <unidade/>
    <bairro>Boa Vista</bairro>
    <localidade>Arapiraca</localidade>
    <uf>AL</uf>
    <estado>Alagoas</estado>
    <região/>
    <ibge>2700300</ibge>
    <gia/>
    <ddd>82</ddd>
    <siafi>2705</siafi>
  </cep>
  <cep>
    <cep>57303-224</cep>
    <logradouro>Rua Umbelina Ferreira do Nascimento</logradouro>
    <complemento/>
    <unidade/>
    <bairro>Boa Vista</bairro>
    <localidade>Arapiraca</localidade>
    <uf>AL</uf>
    <estado>Alagoas</estado>
    <região/>
    <ibge>2700300</ibge>
    <gia/>
    <ddd>82</ddd>
    <siafi>2705</siafi>
  </cep>
  <cep>
    <cep>57303-207</cep>
    <logradouro>Praça Almira Gouveia Alves Fernandes</logradouro>
    <complemento/>
    <unidade/>
    <bairro>Boa Vista</bairro>
    <localidade>Arapiraca</localidade>
    <uf>AL</uf>
    <estado>Alagoas</estado>
    <região/>
    <ibge>2700300</ibge>
    <gia/>
    <ddd>82</ddd>
    <siafi>2705</siafi>
  </cep>
  <cep>
    <cep>57303-222</cep>
    <logradouro>Rua Maria de Lourdes Tenório da Silva</logradouro>
    <complemento/>
    <unidade/>
    <bairro>Boa Vista</bairro>
    <localidade>Arapiraca</localidade>
    <uf>AL</uf>
    <estado>Alagoas</estado>
    <região/>
    <ibge>2700300</ibge>
    <gia/>
    <ddd>82</ddd>
    <siafi>2705</siafi>
  </cep>
  <cep>
    <cep>57303-210</cep>
    <logradouro>Rua Maria Madalena Barros de Menezes</logradouro>
    <complemento/>
    <unidade/>
    <bairro>Boa Vista</bairro>
    <localidade>Arapiraca</localidade>
    <uf>AL</uf>
    <estado>Alagoas</estado>
    <região/>
    <ibge>2700300</ibge>
    <gia/>
    <ddd>82</ddd>
    <siafi>2705</siafi>
  </cep>
  <cep>
    <cep>57303-142</cep>
    <logradouro>Rua Terezinha Alves de Almeida</logradouro>
    <complemento/>
    <unidade/>
    <bairro>Verdes Campos</bairro>
    <localidade>Arapiraca</localidade>
    <uf>AL</uf>
    <estado>Alagoas</estado>
    <região/>
    <ibge>2700300</ibge>
    <gia/>
    <ddd>82</ddd>
    <siafi>2705</siafi>
  </cep>
  <cep>
    <cep>57303-218</cep>
    <logradouro>Rua Lisete Oliveira de França</logradouro>
    <complemento/>
    <unidade/>
    <bairro>Boa Vista</bairro>
    <localidade>Arapiraca</localidade>
    <uf>AL</uf>
    <estado>Alagoas</estado>
    <região/>
    <ibge>2700300</ibge>
    <gia/>
    <ddd>82</ddd>
    <siafi>2705</siafi>
  </cep>
  <cep>
    <cep>57303-226</cep>
    <logradouro>Rua Igor José da Silva</logradouro>
    <complemento/>
    <unidade/>
    <bairro>Boa Vista</bairro>
    <localidade>Arapiraca</localidade>
    <uf>AL</uf>
    <estado>Alagoas</estado>
    <região/>
    <ibge>2700300</ibge>
    <gia/>
    <ddd>82</ddd>
    <siafi>2705</siafi>
  </cep>
  <cep>
    <cep>57303-227</cep>
    <logradouro>Rua Erundino Gonçalves Lima</logradouro>
    <complemento/>
    <unidade/>
    <bairro>Boa Vista</bairro>
    <localidade>Arapiraca</localidade>
    <uf>AL</uf>
    <estado>Alagoas</estado>
    <região/>
    <ibge>2700300</ibge>
    <gia/>
    <ddd>82</ddd>
    <siafi>2705</siafi>
  </cep>
  <cep>
    <cep>57303-228</cep>
    <logradouro>Rua Artur Bezerra Lima</logradouro>
    <complemento/>
    <unidade/>
    <bairro>Boa Vista</bairro>
    <localidade>Arapiraca</localidade>
    <uf>AL</uf>
    <estado>Alagoas</estado>
    <região/>
    <ibge>2700300</ibge>
    <gia/>
    <ddd>82</ddd>
    <siafi>2705</siafi>
  </cep>
  <cep>
    <cep>57303-229</cep>
    <logradouro>Rua João Bezerra de Lima</logradouro>
    <complemento/>
    <unidade/>
    <bairro>Boa Vista</bairro>
    <localidade>Arapiraca</localidade>
    <uf>AL</uf>
    <estado>Alagoas</estado>
    <região/>
    <ibge>2700300</ibge>
    <gia/>
    <ddd>82</ddd>
    <siafi>2705</siafi>
  </cep>
  <cep>
    <cep>57303-231</cep>
    <logradouro>Rua Maria Alzira Gonçalves Lima</logradouro>
    <complemento/>
    <unidade/>
    <bairro>Boa Vista</bairro>
    <localidade>Arapiraca</localidade>
    <uf>AL</uf>
    <estado>Alagoas</estado>
    <região/>
    <ibge>2700300</ibge>
    <gia/>
    <ddd>82</ddd>
    <siafi>2705</siafi>
  </cep>
  <cep>
    <cep>57303-232</cep>
    <logradouro>Rua Iracema Belarmino Brito</logradouro>
    <complemento/>
    <unidade/>
    <bairro>Boa Vista</bairro>
    <localidade>Arapiraca</localidade>
    <uf>AL</uf>
    <estado>Alagoas</estado>
    <região/>
    <ibge>2700300</ibge>
    <gia/>
    <ddd>82</ddd>
    <siafi>2705</siafi>
  </cep>
  <cep>
    <cep>57303-233</cep>
    <logradouro>Rua Manoel Francisco de Brito</logradouro>
    <complemento/>
    <unidade/>
    <bairro>Boa Vista</bairro>
    <localidade>Arapiraca</localidade>
    <uf>AL</uf>
    <estado>Alagoas</estado>
    <região/>
    <ibge>2700300</ibge>
    <gia/>
    <ddd>82</ddd>
    <siafi>2705</siafi>
  </cep>
  <cep>
    <cep>57303-236</cep>
    <logradouro>Rua Leonardo Quincas de Oliveira</logradouro>
    <complemento>(Res Da Carmélia)</complemento>
    <unidade/>
    <bairro>Boa Vista</bairro>
    <localidade>Arapiraca</localidade>
    <uf>AL</uf>
    <estado>Alagoas</estado>
    <região/>
    <ibge>2700300</ibge>
    <gia/>
    <ddd>82</ddd>
    <siafi>2705</siafi>
  </cep>
  <cep>
    <cep>57303-238</cep>
    <logradouro>Rua Professor Manoel de Oliveira Barbosa</logradouro>
    <complemento>(Res Da Carmélia)</complemento>
    <unidade/>
    <bairro>Boa Vista</bairro>
    <localidade>Arapiraca</localidade>
    <uf>AL</uf>
    <estado>Alagoas</estado>
    <região/>
    <ibge>2700300</ibge>
    <gia/>
    <ddd>82</ddd>
    <siafi>2705</siafi>
  </cep>
  <cep>
    <cep>57303-235</cep>
    <logradouro>Rua Conceição Canuto</logradouro>
    <complemento/>
    <unidade/>
    <bairro>Boa Vista</bairro>
    <localidade>Arapiraca</localidade>
    <uf>AL</uf>
    <estado>Alagoas</estado>
    <região/>
    <ibge>2700300</ibge>
    <gia/>
    <ddd>82</ddd>
    <siafi>2705</siafi>
  </cep>
  <cep>
    <cep>57303-242</cep>
    <logradouro>Rua João Praxedes Sobrinho</logradouro>
    <complemento>(Res Da Carmélia)</complemento>
    <unidade/>
    <bairro>Boa Vista</bairro>
    <localidade>Arapiraca</localidade>
    <uf>AL</uf>
    <estado>Alagoas</estado>
    <região/>
    <ibge>2700300</ibge>
    <gia/>
    <ddd>82</ddd>
    <siafi>2705</siafi>
  </cep>
  <cep>
    <cep>57303-244</cep>
    <logradouro>Rua Maria Silvânia Vital da Silva</logradouro>
    <complemento>(Res Da Carmélia)</complemento>
    <unidade/>
    <bairro>Boa Vista</bairro>
    <localidade>Arapiraca</localidade>
    <uf>AL</uf>
    <estado>Alagoas</estado>
    <região/>
    <ibge>2700300</ibge>
    <gia/>
    <ddd>82</ddd>
    <siafi>2705</siafi>
  </cep>
  <cep>
    <cep>57303-246</cep>
    <logradouro>Rua Luiz Costa Ferro</logradouro>
    <complemento>(Res Da Carmélia)</complemento>
    <unidade/>
    <bairro>Boa Vista</bairro>
    <localidade>Arapiraca</localidade>
    <uf>AL</uf>
    <estado>Alagoas</estado>
    <região/>
    <ibge>2700300</ibge>
    <gia/>
    <ddd>82</ddd>
    <siafi>2705</siafi>
  </cep>
  <cep>
    <cep>57303-273</cep>
    <logradouro>Rua Elísio Coelho Lima</logradouro>
    <complemento>(Res Morada do Sol)</complemento>
    <unidade/>
    <bairro>Boa Vista</bairro>
    <localidade>Arapiraca</localidade>
    <uf>AL</uf>
    <estado>Alagoas</estado>
    <região/>
    <ibge>2700300</ibge>
    <gia/>
    <ddd>82</ddd>
    <siafi>2705</siafi>
  </cep>
  <cep>
    <cep>57303-274</cep>
    <logradouro>Rua Sóstens Luis Caetano Cavalcante</logradouro>
    <complemento>(Res Morada do Sol)</complemento>
    <unidade/>
    <bairro>Boa Vista</bairro>
    <localidade>Arapiraca</localidade>
    <uf>AL</uf>
    <estado>Alagoas</estado>
    <região/>
    <ibge>2700300</ibge>
    <gia/>
    <ddd>82</ddd>
    <siafi>2705</siafi>
  </cep>
  <cep>
    <cep>57303-275</cep>
    <logradouro>Rua José Moacir da Silva</logradouro>
    <complemento>(Res Morada do Sol)</complemento>
    <unidade/>
    <bairro>Boa Vista</bairro>
    <localidade>Arapiraca</localidade>
    <uf>AL</uf>
    <estado>Alagoas</estado>
    <região/>
    <ibge>2700300</ibge>
    <gia/>
    <ddd>82</ddd>
    <siafi>2705</siafi>
  </cep>
  <cep>
    <cep>57303-301</cep>
    <logradouro>Rua Ulisses Lino da Silva</logradouro>
    <complemento/>
    <unidade/>
    <bairro>Boa Vista</bairro>
    <localidade>Arapiraca</localidade>
    <uf>AL</uf>
    <estado>Alagoas</estado>
    <região/>
    <ibge>2700300</ibge>
    <gia/>
    <ddd>82</ddd>
    <siafi>2705</siafi>
  </cep>
  <cep>
    <cep>57303-276</cep>
    <logradouro>Rua Antonio Matias Pinheiro</logradouro>
    <complemento>(Res Morada do Sol)</complemento>
    <unidade/>
    <bairro>Boa Vista</bairro>
    <localidade>Arapiraca</localidade>
    <uf>AL</uf>
    <estado>Alagoas</estado>
    <região/>
    <ibge>2700300</ibge>
    <gia/>
    <ddd>82</ddd>
    <siafi>2705</siafi>
  </cep>
  <cep>
    <cep>57303-303</cep>
    <logradouro>Rua Dulcineia Maria da Silva</logradouro>
    <complemento/>
    <unidade/>
    <bairro>Boa Vista</bairro>
    <localidade>Arapiraca</localidade>
    <uf>AL</uf>
    <estado>Alagoas</estado>
    <região/>
    <ibge>2700300</ibge>
    <gia/>
    <ddd>82</ddd>
    <siafi>2705</siafi>
  </cep>
  <cep>
    <cep>57303-311</cep>
    <logradouro>Rua Josina da Penha Azevedo</logradouro>
    <complemento/>
    <unidade/>
    <bairro>Boa Vista</bairro>
    <localidade>Arapiraca</localidade>
    <uf>AL</uf>
    <estado>Alagoas</estado>
    <região/>
    <ibge>2700300</ibge>
    <gia/>
    <ddd>82</ddd>
    <siafi>2705</siafi>
  </cep>
  <cep>
    <cep>57303-314</cep>
    <logradouro>Rua Ranufo Menezes da Silva</logradouro>
    <complemento/>
    <unidade/>
    <bairro>Boa Vista</bairro>
    <localidade>Arapiraca</localidade>
    <uf>AL</uf>
    <estado>Alagoas</estado>
    <região/>
    <ibge>2700300</ibge>
    <gia/>
    <ddd>82</ddd>
    <siafi>2705</siafi>
  </cep>
  <cep>
    <cep>57303-312</cep>
    <logradouro>Rua Ivoneide Almeida Araújo</logradouro>
    <complemento/>
    <unidade/>
    <bairro>Boa Vista</bairro>
    <localidade>Arapiraca</localidade>
    <uf>AL</uf>
    <estado>Alagoas</estado>
    <região/>
    <ibge>2700300</ibge>
    <gia/>
    <ddd>82</ddd>
    <siafi>2705</siafi>
  </cep>
  <cep>
    <cep>57303-315</cep>
    <logradouro>Rua Pedro Duarte de Azevedo</logradouro>
    <complemento/>
    <unidade/>
    <bairro>Boa Vista</bairro>
    <localidade>Arapiraca</localidade>
    <uf>AL</uf>
    <estado>Alagoas</estado>
    <região/>
    <ibge>2700300</ibge>
    <gia/>
    <ddd>82</ddd>
    <siafi>2705</siafi>
  </cep>
  <cep>
    <cep>57303-316</cep>
    <logradouro>Rua Manoel Honorato da Silva</logradouro>
    <complemento/>
    <unidade/>
    <bairro>Boa Vista</bairro>
    <localidade>Arapiraca</localidade>
    <uf>AL</uf>
    <estado>Alagoas</estado>
    <região/>
    <ibge>2700300</ibge>
    <gia/>
    <ddd>82</ddd>
    <siafi>2705</siafi>
  </cep>
  <cep>
    <cep>57303-318</cep>
    <logradouro>Rua Beatriz Barbosa de Oliveira</logradouro>
    <complemento/>
    <unidade/>
    <bairro>Boa Vista</bairro>
    <localidade>Arapiraca</localidade>
    <uf>AL</uf>
    <estado>Alagoas</estado>
    <região/>
    <ibge>2700300</ibge>
    <gia/>
    <ddd>82</ddd>
    <siafi>2705</siafi>
  </cep>
  <cep>
    <cep>57303-321</cep>
    <logradouro>Rua João Durval do Nascimento</logradouro>
    <complemento/>
    <unidade/>
    <bairro>Boa Vista</bairro>
    <localidade>Arapiraca</localidade>
    <uf>AL</uf>
    <estado>Alagoas</estado>
    <região/>
    <ibge>2700300</ibge>
    <gia/>
    <ddd>82</ddd>
    <siafi>2705</siafi>
  </cep>
  <cep>
    <cep>57303-322</cep>
    <logradouro>Rua Artur Rocha Silva</logradouro>
    <complemento/>
    <unidade/>
    <bairro>Boa Vista</bairro>
    <localidade>Arapiraca</localidade>
    <uf>AL</uf>
    <estado>Alagoas</estado>
    <região/>
    <ibge>2700300</ibge>
    <gia/>
    <ddd>82</ddd>
    <siafi>2705</siafi>
  </cep>
  <cep>
    <cep>57303-319</cep>
    <logradouro>Rua João Marques de Messias</logradouro>
    <complemento/>
    <unidade/>
    <bairro>Boa Vista</bairro>
    <localidade>Arapiraca</localidade>
    <uf>AL</uf>
    <estado>Alagoas</estado>
    <região/>
    <ibge>2700300</ibge>
    <gia/>
    <ddd>82</ddd>
    <siafi>2705</siafi>
  </cep>
  <cep>
    <cep>57303-323</cep>
    <logradouro>Rua Marlene Messias de Lemos</logradouro>
    <complemento/>
    <unidade/>
    <bairro>Boa Vista</bairro>
    <localidade>Arapiraca</localidade>
    <uf>AL</uf>
    <estado>Alagoas</estado>
    <região/>
    <ibge>2700300</ibge>
    <gia/>
    <ddd>82</ddd>
    <siafi>2705</siafi>
  </cep>
  <cep>
    <cep>57303-324</cep>
    <logradouro>Rua Natalício Domingos dos Santos</logradouro>
    <complemento/>
    <unidade/>
    <bairro>Boa Vista</bairro>
    <localidade>Arapiraca</localidade>
    <uf>AL</uf>
    <estado>Alagoas</estado>
    <região/>
    <ibge>2700300</ibge>
    <gia/>
    <ddd>82</ddd>
    <siafi>2705</siafi>
  </cep>
  <cep>
    <cep>57303-325</cep>
    <logradouro>Rua João Batista da Silva</logradouro>
    <complemento/>
    <unidade/>
    <bairro>Boa Vista</bairro>
    <localidade>Arapiraca</localidade>
    <uf>AL</uf>
    <estado>Alagoas</estado>
    <região/>
    <ibge>2700300</ibge>
    <gia/>
    <ddd>82</ddd>
    <siafi>2705</siafi>
  </cep>
  <cep>
    <cep>57303-349</cep>
    <logradouro>Rua Estudante Isaelle Cristine dos Anjos Souza</logradouro>
    <complemento/>
    <unidade/>
    <bairro>Boa Vista</bairro>
    <localidade>Arapiraca</localidade>
    <uf>AL</uf>
    <estado>Alagoas</estado>
    <região/>
    <ibge>2700300</ibge>
    <gia/>
    <ddd>82</ddd>
    <siafi>2705</siafi>
  </cep>
  <cep>
    <cep>57303-326</cep>
    <logradouro>Rua Vicente Joventino Silva</logradouro>
    <complemento/>
    <unidade/>
    <bairro>Boa Vista</bairro>
    <localidade>Arapiraca</localidade>
    <uf>AL</uf>
    <estado>Alagoas</estado>
    <região/>
    <ibge>2700300</ibge>
    <gia/>
    <ddd>82</ddd>
    <siafi>2705</siafi>
  </cep>
  <cep>
    <cep>57303-872</cep>
    <logradouro>Rua Tarcisio Raimundo de Lima Pereira</logradouro>
    <complemento/>
    <unidade/>
    <bairro>Olho D'Água dos Cazuzinhas</bairro>
    <localidade>Arapiraca</localidade>
    <uf>AL</uf>
    <estado>Alagoas</estado>
    <região/>
    <ibge>2700300</ibge>
    <gia/>
    <ddd>82</ddd>
    <siafi>2705</siafi>
  </cep>
  <cep>
    <cep>57303-871</cep>
    <logradouro>Rua Juarez Pereira Valões</logradouro>
    <complemento>(Lot Vale da Perucaba)</complemento>
    <unidade/>
    <bairro>Olho D'Água dos Cazuzinhas</bairro>
    <localidade>Arapiraca</localidade>
    <uf>AL</uf>
    <estado>Alagoas</estado>
    <região/>
    <ibge>2700300</ibge>
    <gia/>
    <ddd>82</ddd>
    <siafi>2705</siafi>
  </cep>
  <cep>
    <cep>57305-757</cep>
    <logradouro>Rua Antonio Salustiano da Silva</logradouro>
    <complemento/>
    <unidade/>
    <bairro>Zélia Barbosa Rocha</bairro>
    <localidade>Arapiraca</localidade>
    <uf>AL</uf>
    <estado>Alagoas</estado>
    <região/>
    <ibge>2700300</ibge>
    <gia/>
    <ddd>82</ddd>
    <siafi>2705</siafi>
  </cep>
  <cep>
    <cep>57303-861</cep>
    <logradouro>Rua José Santos da Silva</logradouro>
    <complemento>(Lot Vale da Perucaba)</complemento>
    <unidade/>
    <bairro>Olho D'Água dos Cazuzinhas</bairro>
    <localidade>Arapiraca</localidade>
    <uf>AL</uf>
    <estado>Alagoas</estado>
    <região/>
    <ibge>2700300</ibge>
    <gia/>
    <ddd>82</ddd>
    <siafi>2705</siafi>
  </cep>
  <cep>
    <cep>57307-012</cep>
    <logradouro>Rua José Lindolfo de Oliveira</logradouro>
    <complemento/>
    <unidade/>
    <bairro>Baixa Grande</bairro>
    <localidade>Arapiraca</localidade>
    <uf>AL</uf>
    <estado>Alagoas</estado>
    <região/>
    <ibge>2700300</ibge>
    <gia/>
    <ddd>82</ddd>
    <siafi>2705</siafi>
  </cep>
  <cep>
    <cep>57303-776</cep>
    <logradouro>Rua Dalvina Salustiano da Silva</logradouro>
    <complemento/>
    <unidade/>
    <bairro>Olho D'Água dos Cazuzinhas</bairro>
    <localidade>Arapiraca</localidade>
    <uf>AL</uf>
    <estado>Alagoas</estado>
    <região/>
    <ibge>2700300</ibge>
    <gia/>
    <ddd>82</ddd>
    <siafi>2705</siafi>
  </cep>
  <cep>
    <cep>57303-846</cep>
    <logradouro>Rua Jean Charles Davi Barbosa</logradouro>
    <complemento/>
    <unidade/>
    <bairro>Olho D'Água dos Cazuzinhas</bairro>
    <localidade>Arapiraca</localidade>
    <uf>AL</uf>
    <estado>Alagoas</estado>
    <região/>
    <ibge>2700300</ibge>
    <gia/>
    <ddd>82</ddd>
    <siafi>2705</siafi>
  </cep>
  <cep>
    <cep>57309-069</cep>
    <logradouro>Rua Rosalvo Eduardo</logradouro>
    <complemento/>
    <unidade/>
    <bairro>Bom Sucesso</bairro>
    <localidade>Arapiraca</localidade>
    <uf>AL</uf>
    <estado>Alagoas</estado>
    <região/>
    <ibge>2700300</ibge>
    <gia/>
    <ddd>82</ddd>
    <siafi>2705</siafi>
  </cep>
  <cep>
    <cep>57309-676</cep>
    <logradouro>Rua Maria Ferreira de Souza</logradouro>
    <complemento/>
    <unidade/>
    <bairro>Massaranduba</bairro>
    <localidade>Arapiraca</localidade>
    <uf>AL</uf>
    <estado>Alagoas</estado>
    <região/>
    <ibge>2700300</ibge>
    <gia/>
    <ddd>82</ddd>
    <siafi>2705</siafi>
  </cep>
  <cep>
    <cep>57309-808</cep>
    <logradouro>Rua Roberto Lúcio Barboza</logradouro>
    <complemento>(Lot Aroeiras)</complemento>
    <unidade/>
    <bairro>Massaranduba</bairro>
    <localidade>Arapiraca</localidade>
    <uf>AL</uf>
    <estado>Alagoas</estado>
    <região/>
    <ibge>2700300</ibge>
    <gia/>
    <ddd>82</ddd>
    <siafi>2705</siafi>
  </cep>
  <cep>
    <cep>57309-208</cep>
    <logradouro>Rua José Pedro dos Santos</logradouro>
    <complemento/>
    <unidade/>
    <bairro>Bom Sucesso</bairro>
    <localidade>Arapiraca</localidade>
    <uf>AL</uf>
    <estado>Alagoas</estado>
    <região/>
    <ibge>2700300</ibge>
    <gia/>
    <ddd>82</ddd>
    <siafi>2705</siafi>
  </cep>
  <cep>
    <cep>57309-672</cep>
    <logradouro>Rua Manoel Ferreira Sobrinho</logradouro>
    <complemento/>
    <unidade/>
    <bairro>Massaranduba</bairro>
    <localidade>Arapiraca</localidade>
    <uf>AL</uf>
    <estado>Alagoas</estado>
    <região/>
    <ibge>2700300</ibge>
    <gia/>
    <ddd>82</ddd>
    <siafi>2705</siafi>
  </cep>
  <cep>
    <cep>57309-805</cep>
    <logradouro>Rua Zeca Madeiro</logradouro>
    <complemento>(Lot Aroeiras)</complemento>
    <unidade/>
    <bairro>Massaranduba</bairro>
    <localidade>Arapiraca</localidade>
    <uf>AL</uf>
    <estado>Alagoas</estado>
    <região/>
    <ibge>2700300</ibge>
    <gia/>
    <ddd>82</ddd>
    <siafi>2705</siafi>
  </cep>
  <cep>
    <cep>57309-804</cep>
    <logradouro>Rua Abelardo Leite Cavalcante</logradouro>
    <complemento>(Lot Aroeiras)</complemento>
    <unidade/>
    <bairro>Massaranduba</bairro>
    <localidade>Arapiraca</localidade>
    <uf>AL</uf>
    <estado>Alagoas</estado>
    <região/>
    <ibge>2700300</ibge>
    <gia/>
    <ddd>82</ddd>
    <siafi>2705</siafi>
  </cep>
  <cep>
    <cep>57309-807</cep>
    <logradouro>Rua Maria José Bastos Teles</logradouro>
    <complemento>(Lot Aroeiras)</complemento>
    <unidade/>
    <bairro>Massaranduba</bairro>
    <localidade>Arapiraca</localidade>
    <uf>AL</uf>
    <estado>Alagoas</estado>
    <região/>
    <ibge>2700300</ibge>
    <gia/>
    <ddd>82</ddd>
    <siafi>2705</siafi>
  </cep>
  <cep>
    <cep>57309-809</cep>
    <logradouro>Rua Leozita Santos Neves</logradouro>
    <complemento>(Lot Aroeiras)</complemento>
    <unidade/>
    <bairro>Massaranduba</bairro>
    <localidade>Arapiraca</localidade>
    <uf>AL</uf>
    <estado>Alagoas</estado>
    <região/>
    <ibge>2700300</ibge>
    <gia/>
    <ddd>82</ddd>
    <siafi>2705</siafi>
  </cep>
  <cep>
    <cep>57309-674</cep>
    <logradouro>Rua Renato Marques de Brito</logradouro>
    <complemento/>
    <unidade/>
    <bairro>Massaranduba</bairro>
    <localidade>Arapiraca</localidade>
    <uf>AL</uf>
    <estado>Alagoas</estado>
    <região/>
    <ibge>2700300</ibge>
    <gia/>
    <ddd>82</ddd>
    <siafi>2705</siafi>
  </cep>
  <cep>
    <cep>57309-802</cep>
    <logradouro>Rua Adalberon de Castro Tavares</logradouro>
    <complemento>(Lot Aroeiras)</complemento>
    <unidade/>
    <bairro>Massaranduba</bairro>
    <localidade>Arapiraca</localidade>
    <uf>AL</uf>
    <estado>Alagoas</estado>
    <região/>
    <ibge>2700300</ibge>
    <gia/>
    <ddd>82</ddd>
    <siafi>2705</siafi>
  </cep>
  <cep>
    <cep>57309-228</cep>
    <logradouro>Rua Antônio Bernardo de Oliveira</logradouro>
    <complemento/>
    <unidade/>
    <bairro>Bom Sucesso</bairro>
    <localidade>Arapiraca</localidade>
    <uf>AL</uf>
    <estado>Alagoas</estado>
    <região/>
    <ibge>2700300</ibge>
    <gia/>
    <ddd>82</ddd>
    <siafi>2705</siafi>
  </cep>
  <cep>
    <cep>57309-810</cep>
    <logradouro>Rua Leonidas Abreu Silva</logradouro>
    <complemento>(Lot Aroeiras)</complemento>
    <unidade/>
    <bairro>Massaranduba</bairro>
    <localidade>Arapiraca</localidade>
    <uf>AL</uf>
    <estado>Alagoas</estado>
    <região/>
    <ibge>2700300</ibge>
    <gia/>
    <ddd>82</ddd>
    <siafi>2705</siafi>
  </cep>
  <cep>
    <cep>57309-811</cep>
    <logradouro>Rua Manoel Fernandes de Lima</logradouro>
    <complemento>(Lot Aroeiras)</complemento>
    <unidade/>
    <bairro>Massaranduba</bairro>
    <localidade>Arapiraca</localidade>
    <uf>AL</uf>
    <estado>Alagoas</estado>
    <região/>
    <ibge>2700300</ibge>
    <gia/>
    <ddd>82</ddd>
    <siafi>2705</siafi>
  </cep>
  <cep>
    <cep>57309-813</cep>
    <logradouro>Rua José Pedro dos Santos</logradouro>
    <complemento>(Lot Aroeiras)</complemento>
    <unidade/>
    <bairro>Massaranduba</bairro>
    <localidade>Arapiraca</localidade>
    <uf>AL</uf>
    <estado>Alagoas</estado>
    <região/>
    <ibge>2700300</ibge>
    <gia/>
    <ddd>82</ddd>
    <siafi>2705</siafi>
  </cep>
  <cep>
    <cep>57309-814</cep>
    <logradouro>Rua Manoel Severino Filho</logradouro>
    <complemento>(Lot Aroeiras)</complemento>
    <unidade/>
    <bairro>Massaranduba</bairro>
    <localidade>Arapiraca</localidade>
    <uf>AL</uf>
    <estado>Alagoas</estado>
    <região/>
    <ibge>2700300</ibge>
    <gia/>
    <ddd>82</ddd>
    <siafi>2705</siafi>
  </cep>
  <cep>
    <cep>57309-812</cep>
    <logradouro>Rua José Inácio da Silva</logradouro>
    <complemento>(Lot Aroeiras)</complemento>
    <unidade/>
    <bairro>Massaranduba</bairro>
    <localidade>Arapiraca</localidade>
    <uf>AL</uf>
    <estado>Alagoas</estado>
    <região/>
    <ibge>2700300</ibge>
    <gia/>
    <ddd>82</ddd>
    <siafi>2705</siafi>
  </cep>
  <cep>
    <cep>57309-819</cep>
    <logradouro>Rua Geraldo Amorim Ferro</logradouro>
    <complemento>(Lot Aroeiras)</complemento>
    <unidade/>
    <bairro>Massaranduba</bairro>
    <localidade>Arapiraca</localidade>
    <uf>AL</uf>
    <estado>Alagoas</estado>
    <região/>
    <ibge>2700300</ibge>
    <gia/>
    <ddd>82</ddd>
    <siafi>2705</siafi>
  </cep>
  <cep>
    <cep>57309-820</cep>
    <logradouro>Rua José Firmino de Oliveira</logradouro>
    <complemento>(Lot N S Aparecida)</complemento>
    <unidade/>
    <bairro>Massaranduba</bairro>
    <localidade>Arapiraca</localidade>
    <uf>AL</uf>
    <estado>Alagoas</estado>
    <região/>
    <ibge>2700300</ibge>
    <gia/>
    <ddd>82</ddd>
    <siafi>2705</siafi>
  </cep>
  <cep>
    <cep>57309-816</cep>
    <logradouro>Rua João Fernandes da Costa</logradouro>
    <complemento>(Lot Aroeiras)</complemento>
    <unidade/>
    <bairro>Massaranduba</bairro>
    <localidade>Arapiraca</localidade>
    <uf>AL</uf>
    <estado>Alagoas</estado>
    <região/>
    <ibge>2700300</ibge>
    <gia/>
    <ddd>82</ddd>
    <siafi>2705</siafi>
  </cep>
  <cep>
    <cep>57309-815</cep>
    <logradouro>Rua Valdemar Oliveira de Macêdo</logradouro>
    <complemento>(Lot Aroeiras)</complemento>
    <unidade/>
    <bairro>Massaranduba</bairro>
    <localidade>Arapiraca</localidade>
    <uf>AL</uf>
    <estado>Alagoas</estado>
    <região/>
    <ibge>2700300</ibge>
    <gia/>
    <ddd>82</ddd>
    <siafi>2705</siafi>
  </cep>
  <cep>
    <cep>57309-818</cep>
    <logradouro>Rua Manuel Gonçalves Filho</logradouro>
    <complemento>(Lot Aroeiras)</complemento>
    <unidade/>
    <bairro>Massaranduba</bairro>
    <localidade>Arapiraca</localidade>
    <uf>AL</uf>
    <estado>Alagoas</estado>
    <região/>
    <ibge>2700300</ibge>
    <gia/>
    <ddd>82</ddd>
    <siafi>2705</siafi>
  </cep>
  <cep>
    <cep>57309-822</cep>
    <logradouro>Rua Rosendo Correia de Macêdo</logradouro>
    <complemento>(Lot N S Aparecida)</complemento>
    <unidade/>
    <bairro>Massaranduba</bairro>
    <localidade>Arapiraca</localidade>
    <uf>AL</uf>
    <estado>Alagoas</estado>
    <região/>
    <ibge>2700300</ibge>
    <gia/>
    <ddd>82</ddd>
    <siafi>2705</siafi>
  </cep>
  <cep>
    <cep>57309-821</cep>
    <logradouro>Rua Manoel Tenório Sobrinho</logradouro>
    <complemento>(Lot N S Aparecida)</complemento>
    <unidade/>
    <bairro>Massaranduba</bairro>
    <localidade>Arapiraca</localidade>
    <uf>AL</uf>
    <estado>Alagoas</estado>
    <região/>
    <ibge>2700300</ibge>
    <gia/>
    <ddd>82</ddd>
    <siafi>2705</siafi>
  </cep>
  <cep>
    <cep>57309-823</cep>
    <logradouro>Rua Manoel André de Melo</logradouro>
    <complemento>(Lot N S Aparecida)</complemento>
    <unidade/>
    <bairro>Massaranduba</bairro>
    <localidade>Arapiraca</localidade>
    <uf>AL</uf>
    <estado>Alagoas</estado>
    <região/>
    <ibge>2700300</ibge>
    <gia/>
    <ddd>82</ddd>
    <siafi>2705</siafi>
  </cep>
  <cep>
    <cep>57309-825</cep>
    <logradouro>Rua Geraldo Evaristo da Rocha</logradouro>
    <complemento>(Lot N S Aparecida)</complemento>
    <unidade/>
    <bairro>Massaranduba</bairro>
    <localidade>Arapiraca</localidade>
    <uf>AL</uf>
    <estado>Alagoas</estado>
    <região/>
    <ibge>2700300</ibge>
    <gia/>
    <ddd>82</ddd>
    <siafi>2705</siafi>
  </cep>
  <cep>
    <cep>57309-828</cep>
    <logradouro>Rua Jovelino Lima</logradouro>
    <complemento>(Lot N S Aparecida)</complemento>
    <unidade/>
    <bairro>Massaranduba</bairro>
    <localidade>Arapiraca</localidade>
    <uf>AL</uf>
    <estado>Alagoas</estado>
    <região/>
    <ibge>2700300</ibge>
    <gia/>
    <ddd>82</ddd>
    <siafi>2705</siafi>
  </cep>
  <cep>
    <cep>57309-824</cep>
    <logradouro>Rua José Amaro Filho</logradouro>
    <complemento>(Lot N S Aparecida)</complemento>
    <unidade/>
    <bairro>Massaranduba</bairro>
    <localidade>Arapiraca</localidade>
    <uf>AL</uf>
    <estado>Alagoas</estado>
    <região/>
    <ibge>2700300</ibge>
    <gia/>
    <ddd>82</ddd>
    <siafi>2705</siafi>
  </cep>
  <cep>
    <cep>57309-830</cep>
    <logradouro>Rua José Carmo de Sá</logradouro>
    <complemento>(Lot N S Aparecida)</complemento>
    <unidade/>
    <bairro>Massaranduba</bairro>
    <localidade>Arapiraca</localidade>
    <uf>AL</uf>
    <estado>Alagoas</estado>
    <região/>
    <ibge>2700300</ibge>
    <gia/>
    <ddd>82</ddd>
    <siafi>2705</siafi>
  </cep>
  <cep>
    <cep>57309-831</cep>
    <logradouro>Rua Zé do Rojão</logradouro>
    <complemento>(Lot N S Aparecida)</complemento>
    <unidade/>
    <bairro>Massaranduba</bairro>
    <localidade>Arapiraca</localidade>
    <uf>AL</uf>
    <estado>Alagoas</estado>
    <região/>
    <ibge>2700300</ibge>
    <gia/>
    <ddd>82</ddd>
    <siafi>2705</siafi>
  </cep>
  <cep>
    <cep>57309-832</cep>
    <logradouro>Rua Joran Prado Vasconcelos</logradouro>
    <complemento>(Lot N S Aparecida)</complemento>
    <unidade/>
    <bairro>Massaranduba</bairro>
    <localidade>Arapiraca</localidade>
    <uf>AL</uf>
    <estado>Alagoas</estado>
    <região/>
    <ibge>2700300</ibge>
    <gia/>
    <ddd>82</ddd>
    <siafi>2705</siafi>
  </cep>
  <cep>
    <cep>57309-833</cep>
    <logradouro>Rua Assis Gondim</logradouro>
    <complemento>(Lot N S Aparecida)</complemento>
    <unidade/>
    <bairro>Massaranduba</bairro>
    <localidade>Arapiraca</localidade>
    <uf>AL</uf>
    <estado>Alagoas</estado>
    <região/>
    <ibge>2700300</ibge>
    <gia/>
    <ddd>82</ddd>
    <siafi>2705</siafi>
  </cep>
  <cep>
    <cep>57309-834</cep>
    <logradouro>Rua Emanoel Fay Mata da Fonseca</logradouro>
    <complemento>(Lot N S Aparecida)</complemento>
    <unidade/>
    <bairro>Massaranduba</bairro>
    <localidade>Arapiraca</localidade>
    <uf>AL</uf>
    <estado>Alagoas</estado>
    <região/>
    <ibge>2700300</ibge>
    <gia/>
    <ddd>82</ddd>
    <siafi>2705</siafi>
  </cep>
  <cep>
    <cep>57309-845</cep>
    <logradouro>Rua Ari de Queiroz</logradouro>
    <complemento>(Lot N S Aparecida)</complemento>
    <unidade/>
    <bairro>Massaranduba</bairro>
    <localidade>Arapiraca</localidade>
    <uf>AL</uf>
    <estado>Alagoas</estado>
    <região/>
    <ibge>2700300</ibge>
    <gia/>
    <ddd>82</ddd>
    <siafi>2705</siafi>
  </cep>
  <cep>
    <cep>57309-846</cep>
    <logradouro>Rua Nelson Vicente Rosa</logradouro>
    <complemento>(Lot N S aparecida)</complemento>
    <unidade/>
    <bairro>Massaranduba</bairro>
    <localidade>Arapiraca</localidade>
    <uf>AL</uf>
    <estado>Alagoas</estado>
    <região/>
    <ibge>2700300</ibge>
    <gia/>
    <ddd>82</ddd>
    <siafi>2705</siafi>
  </cep>
  <cep>
    <cep>57309-837</cep>
    <logradouro>Rua Guimarães Passos</logradouro>
    <complemento>(Lot N S Aparecida)</complemento>
    <unidade/>
    <bairro>Massaranduba</bairro>
    <localidade>Arapiraca</localidade>
    <uf>AL</uf>
    <estado>Alagoas</estado>
    <região/>
    <ibge>2700300</ibge>
    <gia/>
    <ddd>82</ddd>
    <siafi>2705</siafi>
  </cep>
  <cep>
    <cep>57309-835</cep>
    <logradouro>Rua Ledo Ivo</logradouro>
    <complemento>(Lot N S Aparecida)</complemento>
    <unidade/>
    <bairro>Massaranduba</bairro>
    <localidade>Arapiraca</localidade>
    <uf>AL</uf>
    <estado>Alagoas</estado>
    <região/>
    <ibge>2700300</ibge>
    <gia/>
    <ddd>82</ddd>
    <siafi>2705</siafi>
  </cep>
  <cep>
    <cep>57309-840</cep>
    <logradouro>Rua Doutor Geraldo Cajueiro Cavalcante</logradouro>
    <complemento>(Lot S N Aparecida)</complemento>
    <unidade/>
    <bairro>Massaranduba</bairro>
    <localidade>Arapiraca</localidade>
    <uf>AL</uf>
    <estado>Alagoas</estado>
    <região/>
    <ibge>2700300</ibge>
    <gia/>
    <ddd>82</ddd>
    <siafi>2705</siafi>
  </cep>
  <cep>
    <cep>57315-101</cep>
    <logradouro>Rua João Ferreira de Lima</logradouro>
    <complemento/>
    <unidade/>
    <bairro>Senador Arnon de Melo</bairro>
    <localidade>Arapiraca</localidade>
    <uf>AL</uf>
    <estado>Alagoas</estado>
    <região/>
    <ibge>2700300</ibge>
    <gia/>
    <ddd>82</ddd>
    <siafi>2705</siafi>
  </cep>
  <cep>
    <cep>57315-102</cep>
    <logradouro>Rua Zezito Alexandre da Silva</logradouro>
    <complemento/>
    <unidade/>
    <bairro>Senador Arnon de Melo</bairro>
    <localidade>Arapiraca</localidade>
    <uf>AL</uf>
    <estado>Alagoas</estado>
    <região/>
    <ibge>2700300</ibge>
    <gia/>
    <ddd>82</ddd>
    <siafi>2705</siafi>
  </cep>
  <cep>
    <cep>57315-103</cep>
    <logradouro>Rua Alfredo Eduardo Lopes</logradouro>
    <complemento/>
    <unidade/>
    <bairro>Senador Arnon de Melo</bairro>
    <localidade>Arapiraca</localidade>
    <uf>AL</uf>
    <estado>Alagoas</estado>
    <região/>
    <ibge>2700300</ibge>
    <gia/>
    <ddd>82</ddd>
    <siafi>2705</siafi>
  </cep>
  <cep>
    <cep>57315-104</cep>
    <logradouro>Rua Padre Mário Narte dos Santos Gomes</logradouro>
    <complemento/>
    <unidade/>
    <bairro>Senador Arnon de Melo</bairro>
    <localidade>Arapiraca</localidade>
    <uf>AL</uf>
    <estado>Alagoas</estado>
    <região/>
    <ibge>2700300</ibge>
    <gia/>
    <ddd>82</ddd>
    <siafi>2705</siafi>
  </cep>
  <cep>
    <cep>57315-106</cep>
    <logradouro>Rua Josefa Cavalcante de Albuquerque</logradouro>
    <complemento/>
    <unidade/>
    <bairro>Senador Arnon de Melo</bairro>
    <localidade>Arapiraca</localidade>
    <uf>AL</uf>
    <estado>Alagoas</estado>
    <região/>
    <ibge>2700300</ibge>
    <gia/>
    <ddd>82</ddd>
    <siafi>2705</siafi>
  </cep>
  <cep>
    <cep>57315-105</cep>
    <logradouro>Rua Carlos José Oliveira Magalhães</logradouro>
    <complemento/>
    <unidade/>
    <bairro>Senador Arnon de Melo</bairro>
    <localidade>Arapiraca</localidade>
    <uf>AL</uf>
    <estado>Alagoas</estado>
    <região/>
    <ibge>2700300</ibge>
    <gia/>
    <ddd>82</ddd>
    <siafi>2705</siafi>
  </cep>
  <cep>
    <cep>57315-107</cep>
    <logradouro>Rua Edson Ferreira da Silva</logradouro>
    <complemento/>
    <unidade/>
    <bairro>Senador Arnon de Melo</bairro>
    <localidade>Arapiraca</localidade>
    <uf>AL</uf>
    <estado>Alagoas</estado>
    <região/>
    <ibge>2700300</ibge>
    <gia/>
    <ddd>82</ddd>
    <siafi>2705</siafi>
  </cep>
  <cep>
    <cep>57315-109</cep>
    <logradouro>Rua Maria Sampaio da Silva</logradouro>
    <complemento/>
    <unidade/>
    <bairro>Senador Arnon de Melo</bairro>
    <localidade>Arapiraca</localidade>
    <uf>AL</uf>
    <estado>Alagoas</estado>
    <região/>
    <ibge>2700300</ibge>
    <gia/>
    <ddd>82</ddd>
    <siafi>2705</siafi>
  </cep>
  <cep>
    <cep>57315-110</cep>
    <logradouro>Rua José Pereira dos Santos</logradouro>
    <complemento/>
    <unidade/>
    <bairro>Senador Arnon de Melo</bairro>
    <localidade>Arapiraca</localidade>
    <uf>AL</uf>
    <estado>Alagoas</estado>
    <região/>
    <ibge>2700300</ibge>
    <gia/>
    <ddd>82</ddd>
    <siafi>2705</siafi>
  </cep>
  <cep>
    <cep>57315-111</cep>
    <logradouro>Rua Professora Maria Zilma Barbosa da Silva Oliveira</logradouro>
    <complemento/>
    <unidade/>
    <bairro>Senador Arnon de Melo</bairro>
    <localidade>Arapiraca</localidade>
    <uf>AL</uf>
    <estado>Alagoas</estado>
    <região/>
    <ibge>2700300</ibge>
    <gia/>
    <ddd>82</ddd>
    <siafi>2705</siafi>
  </cep>
  <cep>
    <cep>57315-114</cep>
    <logradouro>Rua Iolanda Alves Ferreira</logradouro>
    <complemento/>
    <unidade/>
    <bairro>Senador Arnon de Melo</bairro>
    <localidade>Arapiraca</localidade>
    <uf>AL</uf>
    <estado>Alagoas</estado>
    <região/>
    <ibge>2700300</ibge>
    <gia/>
    <ddd>82</ddd>
    <siafi>2705</siafi>
  </cep>
  <cep>
    <cep>57315-118</cep>
    <logradouro>Rua Ulisses Pereira de Lima</logradouro>
    <complemento/>
    <unidade/>
    <bairro>Senador Arnon de Melo</bairro>
    <localidade>Arapiraca</localidade>
    <uf>AL</uf>
    <estado>Alagoas</estado>
    <região/>
    <ibge>2700300</ibge>
    <gia/>
    <ddd>82</ddd>
    <siafi>2705</siafi>
  </cep>
  <cep>
    <cep>57315-112</cep>
    <logradouro>Rua Professora Maria Vilma Barbosa Lúcio</logradouro>
    <complemento/>
    <unidade/>
    <bairro>Senador Arnon de Melo</bairro>
    <localidade>Arapiraca</localidade>
    <uf>AL</uf>
    <estado>Alagoas</estado>
    <região/>
    <ibge>2700300</ibge>
    <gia/>
    <ddd>82</ddd>
    <siafi>2705</siafi>
  </cep>
  <cep>
    <cep>57315-196</cep>
    <logradouro>Rua Afra Gomes de França</logradouro>
    <complemento/>
    <unidade/>
    <bairro>Senador Arnon de Melo</bairro>
    <localidade>Arapiraca</localidade>
    <uf>AL</uf>
    <estado>Alagoas</estado>
    <região/>
    <ibge>2700300</ibge>
    <gia/>
    <ddd>82</ddd>
    <siafi>2705</siafi>
  </cep>
  <cep>
    <cep>57315-194</cep>
    <logradouro>Rua José Fonseca da Silva</logradouro>
    <complemento/>
    <unidade/>
    <bairro>Senador Arnon de Melo</bairro>
    <localidade>Arapiraca</localidade>
    <uf>AL</uf>
    <estado>Alagoas</estado>
    <região/>
    <ibge>2700300</ibge>
    <gia/>
    <ddd>82</ddd>
    <siafi>2705</siafi>
  </cep>
  <cep>
    <cep>57315-201</cep>
    <logradouro>Alameda Curió</logradouro>
    <complemento>(Lot Ouro Verde)</complemento>
    <unidade/>
    <bairro>Senador Arnon de Melo</bairro>
    <localidade>Arapiraca</localidade>
    <uf>AL</uf>
    <estado>Alagoas</estado>
    <região/>
    <ibge>2700300</ibge>
    <gia/>
    <ddd>82</ddd>
    <siafi>2705</siafi>
  </cep>
  <cep>
    <cep>57315-215</cep>
    <logradouro>Alameda Falcão</logradouro>
    <complemento>(Lot Ouro Verde)</complemento>
    <unidade/>
    <bairro>Senador Arnon de Melo</bairro>
    <localidade>Arapiraca</localidade>
    <uf>AL</uf>
    <estado>Alagoas</estado>
    <região/>
    <ibge>2700300</ibge>
    <gia/>
    <ddd>82</ddd>
    <siafi>2705</siafi>
  </cep>
  <cep>
    <cep>57315-692</cep>
    <logradouro>Rua Suit Bert Guimarães Lima</logradouro>
    <complemento>(Res Sierra)</complemento>
    <unidade/>
    <bairro>Senador Arnon de Melo</bairro>
    <localidade>Arapiraca</localidade>
    <uf>AL</uf>
    <estado>Alagoas</estado>
    <região/>
    <ibge>2700300</ibge>
    <gia/>
    <ddd>82</ddd>
    <siafi>2705</siafi>
  </cep>
  <cep>
    <cep>57315-690</cep>
    <logradouro>Rua Júlio César de Oliveira Cavalcante</logradouro>
    <complemento>(Res Sierra)</complemento>
    <unidade/>
    <bairro>Senador Arnon de Melo</bairro>
    <localidade>Arapiraca</localidade>
    <uf>AL</uf>
    <estado>Alagoas</estado>
    <região/>
    <ibge>2700300</ibge>
    <gia/>
    <ddd>82</ddd>
    <siafi>2705</siafi>
  </cep>
  <cep>
    <cep>57315-113</cep>
    <logradouro>Rua José Nilton Oliveira de Almeida</logradouro>
    <complemento/>
    <unidade/>
    <bairro>Senador Arnon de Melo</bairro>
    <localidade>Arapiraca</localidade>
    <uf>AL</uf>
    <estado>Alagoas</estado>
    <região/>
    <ibge>2700300</ibge>
    <gia/>
    <ddd>82</ddd>
    <siafi>2705</siafi>
  </cep>
  <cep>
    <cep>57315-691</cep>
    <logradouro>Rua Maria Nina de Araújo</logradouro>
    <complemento>(Res Sierra)</complemento>
    <unidade/>
    <bairro>Senador Arnon de Melo</bairro>
    <localidade>Arapiraca</localidade>
    <uf>AL</uf>
    <estado>Alagoas</estado>
    <região/>
    <ibge>2700300</ibge>
    <gia/>
    <ddd>82</ddd>
    <siafi>2705</siafi>
  </cep>
  <cep>
    <cep>57315-108</cep>
    <logradouro>Rua Maria Silvânia de Lima Lira</logradouro>
    <complemento/>
    <unidade/>
    <bairro>Senador Arnon de Melo</bairro>
    <localidade>Arapiraca</localidade>
    <uf>AL</uf>
    <estado>Alagoas</estado>
    <região/>
    <ibge>2700300</ibge>
    <gia/>
    <ddd>82</ddd>
    <siafi>2705</siafi>
  </cep>
  <cep>
    <cep>57315-209</cep>
    <logradouro>Alameda Beija-Flor</logradouro>
    <complemento>(Lot Ouro Verde)</complemento>
    <unidade/>
    <bairro>Senador Arnon de Melo</bairro>
    <localidade>Arapiraca</localidade>
    <uf>AL</uf>
    <estado>Alagoas</estado>
    <região/>
    <ibge>2700300</ibge>
    <gia/>
    <ddd>82</ddd>
    <siafi>2705</siafi>
  </cep>
  <cep>
    <cep>57315-693</cep>
    <logradouro>Rua Maria Manuelita Fagundes</logradouro>
    <complemento>(Res Sierra)</complemento>
    <unidade/>
    <bairro>Senador Arnon de Melo</bairro>
    <localidade>Arapiraca</localidade>
    <uf>AL</uf>
    <estado>Alagoas</estado>
    <região/>
    <ibge>2700300</ibge>
    <gia/>
    <ddd>82</ddd>
    <siafi>2705</siafi>
  </cep>
  <cep>
    <cep>57315-213</cep>
    <logradouro>Alameda Sanhaçu do Coqueiro</logradouro>
    <complemento>(Lot Ouro Verde)</complemento>
    <unidade/>
    <bairro>Senador Arnon de Melo</bairro>
    <localidade>Arapiraca</localidade>
    <uf>AL</uf>
    <estado>Alagoas</estado>
    <região/>
    <ibge>2700300</ibge>
    <gia/>
    <ddd>82</ddd>
    <siafi>2705</siafi>
  </cep>
  <cep>
    <cep>57315-694</cep>
    <logradouro>Rua Zenilda Maria dos Santos Silva</logradouro>
    <complemento>(Res Sierra)</complemento>
    <unidade/>
    <bairro>Senador Arnon de Melo</bairro>
    <localidade>Arapiraca</localidade>
    <uf>AL</uf>
    <estado>Alagoas</estado>
    <região/>
    <ibge>2700300</ibge>
    <gia/>
    <ddd>82</ddd>
    <siafi>2705</siafi>
  </cep>
  <cep>
    <cep>57315-697</cep>
    <logradouro>Rua Edite Tavares da Silva</logradouro>
    <complemento>(Res Sierra)</complemento>
    <unidade/>
    <bairro>Senador Arnon de Melo</bairro>
    <localidade>Arapiraca</localidade>
    <uf>AL</uf>
    <estado>Alagoas</estado>
    <região/>
    <ibge>2700300</ibge>
    <gia/>
    <ddd>82</ddd>
    <siafi>2705</siafi>
  </cep>
  <cep>
    <cep>57315-698</cep>
    <logradouro>Rua Terezinha Jovelina da Silva</logradouro>
    <complemento>(Res Sierra)</complemento>
    <unidade/>
    <bairro>Senador Arnon de Melo</bairro>
    <localidade>Arapiraca</localidade>
    <uf>AL</uf>
    <estado>Alagoas</estado>
    <região/>
    <ibge>2700300</ibge>
    <gia/>
    <ddd>82</ddd>
    <siafi>2705</siafi>
  </cep>
  <cep>
    <cep>57315-695</cep>
    <logradouro>Rua Elias Tertuliano da Silva</logradouro>
    <complemento>(Res Sierra)</complemento>
    <unidade/>
    <bairro>Senador Arnon de Melo</bairro>
    <localidade>Arapiraca</localidade>
    <uf>AL</uf>
    <estado>Alagoas</estado>
    <região/>
    <ibge>2700300</ibge>
    <gia/>
    <ddd>82</ddd>
    <siafi>2705</siafi>
  </cep>
  <cep>
    <cep>57315-701</cep>
    <logradouro>Rua Zilda Gomes Carnaúba</logradouro>
    <complemento>(Res Sierra)</complemento>
    <unidade/>
    <bairro>Senador Arnon de Melo</bairro>
    <localidade>Arapiraca</localidade>
    <uf>AL</uf>
    <estado>Alagoas</estado>
    <região/>
    <ibge>2700300</ibge>
    <gia/>
    <ddd>82</ddd>
    <siafi>2705</siafi>
  </cep>
  <cep>
    <cep>57315-696</cep>
    <logradouro>Rua Justino José da Silva</logradouro>
    <complemento>(Res Sierra)</complemento>
    <unidade/>
    <bairro>Senador Arnon de Melo</bairro>
    <localidade>Arapiraca</localidade>
    <uf>AL</uf>
    <estado>Alagoas</estado>
    <região/>
    <ibge>2700300</ibge>
    <gia/>
    <ddd>82</ddd>
    <siafi>2705</siafi>
  </cep>
  <cep>
    <cep>57315-699</cep>
    <logradouro>Rua Gessy Pereira da Silva</logradouro>
    <complemento>(Res Sierra)</complemento>
    <unidade/>
    <bairro>Senador Arnon de Melo</bairro>
    <localidade>Arapiraca</localidade>
    <uf>AL</uf>
    <estado>Alagoas</estado>
    <região/>
    <ibge>2700300</ibge>
    <gia/>
    <ddd>82</ddd>
    <siafi>2705</siafi>
  </cep>
  <cep>
    <cep>57315-702</cep>
    <logradouro>Rua Darcy Roque da Silva</logradouro>
    <complemento>(Res Sierra)</complemento>
    <unidade/>
    <bairro>Senador Arnon de Melo</bairro>
    <localidade>Arapiraca</localidade>
    <uf>AL</uf>
    <estado>Alagoas</estado>
    <região/>
    <ibge>2700300</ibge>
    <gia/>
    <ddd>82</ddd>
    <siafi>2705</siafi>
  </cep>
  <cep>
    <cep>57315-704</cep>
    <logradouro>Rua Manoel Alexandre da Silva</logradouro>
    <complemento>(Res Sierra)</complemento>
    <unidade/>
    <bairro>Senador Arnon de Melo</bairro>
    <localidade>Arapiraca</localidade>
    <uf>AL</uf>
    <estado>Alagoas</estado>
    <região/>
    <ibge>2700300</ibge>
    <gia/>
    <ddd>82</ddd>
    <siafi>2705</siafi>
  </cep>
  <cep>
    <cep>57315-703</cep>
    <logradouro>Rua Guida Santos Brito</logradouro>
    <complemento>(Res Sierra)</complemento>
    <unidade/>
    <bairro>Senador Arnon de Melo</bairro>
    <localidade>Arapiraca</localidade>
    <uf>AL</uf>
    <estado>Alagoas</estado>
    <região/>
    <ibge>2700300</ibge>
    <gia/>
    <ddd>82</ddd>
    <siafi>2705</siafi>
  </cep>
  <cep>
    <cep>57315-706</cep>
    <logradouro>Rua José Florentino de Oliveira</logradouro>
    <complemento>(Res Sierra)</complemento>
    <unidade/>
    <bairro>Senador Arnon de Melo</bairro>
    <localidade>Arapiraca</localidade>
    <uf>AL</uf>
    <estado>Alagoas</estado>
    <região/>
    <ibge>2700300</ibge>
    <gia/>
    <ddd>82</ddd>
    <siafi>2705</siafi>
  </cep>
  <cep>
    <cep>57315-705</cep>
    <logradouro>Rua Músico Miguel de Oliveira Santos</logradouro>
    <complemento>(Res Sierra)</complemento>
    <unidade/>
    <bairro>Senador Arnon de Melo</bairro>
    <localidade>Arapiraca</localidade>
    <uf>AL</uf>
    <estado>Alagoas</estado>
    <região/>
    <ibge>2700300</ibge>
    <gia/>
    <ddd>82</ddd>
    <siafi>2705</siafi>
  </cep>
  <cep>
    <cep>57316-899</cep>
    <logradouro>Área Rural</logradouro>
    <complemento/>
    <unidade/>
    <bairro>Área Rural de Arapiraca</bairro>
    <localidade>Arapiraca</localidade>
    <uf>AL</uf>
    <estado>Alagoas</estado>
    <região/>
    <ibge>2700300</ibge>
    <gia/>
    <ddd>82</ddd>
    <siafi>2705</siafi>
  </cep>
  <cep>
    <cep>57350-970</cep>
    <logradouro>Avenida Liberdade</logradouro>
    <complemento>13</complemento>
    <unidade>AC Campo Grande</unidade>
    <bairro>Centro</bairro>
    <localidade>Campo Grande</localidade>
    <uf>AL</uf>
    <estado>Alagoas</estado>
    <região/>
    <ibge>2701506</ibge>
    <gia/>
    <ddd>82</ddd>
    <siafi>2729</siafi>
  </cep>
  <cep>
    <cep>57410-970</cep>
    <logradouro>Praça José Thomas Nonô Neto</logradouro>
    <complemento>16</complemento>
    <unidade>AC Palestina</unidade>
    <bairro>Centro</bairro>
    <localidade>Palestina</localidade>
    <uf>AL</uf>
    <estado>Alagoas</estado>
    <região/>
    <ibge>2706208</ibge>
    <gia/>
    <ddd>82</ddd>
    <siafi>2823</siafi>
  </cep>
  <cep>
    <cep>57470-970</cep>
    <logradouro>Rua do Comércio</logradouro>
    <complemento>255</complemento>
    <unidade>AC Olho D'Água do Casado</unidade>
    <bairro>Centro</bairro>
    <localidade>Olho D'Água do Casado</localidade>
    <uf>AL</uf>
    <estado>Alagoas</estado>
    <região/>
    <ibge>2705804</ibge>
    <gia/>
    <ddd>82</ddd>
    <siafi>2815</siafi>
  </cep>
  <cep>
    <cep>57510-970</cep>
    <logradouro>Rua São Sebastião</logradouro>
    <complemento>95</complemento>
    <unidade>AC Poço das Trincheiras</unidade>
    <bairro>Centro</bairro>
    <localidade>Poço das Trincheiras</localidade>
    <uf>AL</uf>
    <estado>Alagoas</estado>
    <região/>
    <ibge>2707206</ibge>
    <gia/>
    <ddd>82</ddd>
    <siafi>2843</siafi>
  </cep>
  <cep>
    <cep>57600-350</cep>
    <logradouro>Rua Antônio Matias</logradouro>
    <complemento/>
    <unidade/>
    <bairro>Centro</bairro>
    <localidade>Palmeira dos Índios</localidade>
    <uf>AL</uf>
    <estado>Alagoas</estado>
    <região/>
    <ibge>2706307</ibge>
    <gia/>
    <ddd>82</ddd>
    <siafi>2825</siafi>
  </cep>
  <cep>
    <cep>57603-065</cep>
    <logradouro>Rua Virgílio Ferreira dos Santos</logradouro>
    <complemento/>
    <unidade/>
    <bairro>Juca Sampaio</bairro>
    <localidade>Palmeira dos Índios</localidade>
    <uf>AL</uf>
    <estado>Alagoas</estado>
    <região/>
    <ibge>2706307</ibge>
    <gia/>
    <ddd>82</ddd>
    <siafi>2825</siafi>
  </cep>
  <cep>
    <cep>57609-899</cep>
    <logradouro>Área Rural</logradouro>
    <complemento/>
    <unidade/>
    <bairro>Área Rural de Palmeira dos Índios</bairro>
    <localidade>Palmeira dos Índios</localidade>
    <uf>AL</uf>
    <estado>Alagoas</estado>
    <região/>
    <ibge>2706307</ibge>
    <gia/>
    <ddd>82</ddd>
    <siafi>2825</siafi>
  </cep>
  <cep>
    <cep>57052-416</cep>
    <logradouro>Quadra G</logradouro>
    <complemento>(Prq N Sra de Lourdes)</complemento>
    <unidade/>
    <bairro>Gruta de Lourdes</bairro>
    <localidade>Maceió</localidade>
    <uf>AL</uf>
    <estado>Alagoas</estado>
    <região/>
    <ibge>2704302</ibge>
    <gia/>
    <ddd>82</ddd>
    <siafi>2785</siafi>
  </cep>
  <cep>
    <cep>57072-136</cep>
    <logradouro>Rua Projetada R</logradouro>
    <complemento>(Res Jardim Royal)</complemento>
    <unidade/>
    <bairro>Cidade Universitária</bairro>
    <localidade>Maceió</localidade>
    <uf>AL</uf>
    <estado>Alagoas</estado>
    <região/>
    <ibge>2704302</ibge>
    <gia/>
    <ddd>82</ddd>
    <siafi>2785</siafi>
  </cep>
  <cep>
    <cep>57770-970</cep>
    <logradouro>Rua Luis Teixeira Costa</logradouro>
    <complemento>181</complemento>
    <unidade>AC Cajueiro</unidade>
    <bairro>Centro</bairro>
    <localidade>Cajueiro</localidade>
    <uf>AL</uf>
    <estado>Alagoas</estado>
    <região/>
    <ibge>2701308</ibge>
    <gia/>
    <ddd>82</ddd>
    <siafi>2725</siafi>
  </cep>
  <cep>
    <cep>57073-347</cep>
    <logradouro>Travessa José Camelo de Freitas</logradouro>
    <complemento/>
    <unidade/>
    <bairro>Cidade Universitária</bairro>
    <localidade>Maceió</localidade>
    <uf>AL</uf>
    <estado>Alagoas</estado>
    <região/>
    <ibge>2704302</ibge>
    <gia/>
    <ddd>82</ddd>
    <siafi>2785</siafi>
  </cep>
  <cep>
    <cep>57073-348</cep>
    <logradouro>2ª Travessa Paulo VI</logradouro>
    <complemento/>
    <unidade/>
    <bairro>Cidade Universitária</bairro>
    <localidade>Maceió</localidade>
    <uf>AL</uf>
    <estado>Alagoas</estado>
    <região/>
    <ibge>2704302</ibge>
    <gia/>
    <ddd>82</ddd>
    <siafi>2785</siafi>
  </cep>
  <cep>
    <cep>57073-349</cep>
    <logradouro>8ª Travessa São Pedro</logradouro>
    <complemento/>
    <unidade/>
    <bairro>Cidade Universitária</bairro>
    <localidade>Maceió</localidade>
    <uf>AL</uf>
    <estado>Alagoas</estado>
    <região/>
    <ibge>2704302</ibge>
    <gia/>
    <ddd>82</ddd>
    <siafi>2785</siafi>
  </cep>
  <cep>
    <cep>57073-734</cep>
    <logradouro>Travessa Paulo VI</logradouro>
    <complemento/>
    <unidade/>
    <bairro>Cidade Universitária</bairro>
    <localidade>Maceió</localidade>
    <uf>AL</uf>
    <estado>Alagoas</estado>
    <região/>
    <ibge>2704302</ibge>
    <gia/>
    <ddd>82</ddd>
    <siafi>2785</siafi>
  </cep>
  <cep>
    <cep>57081-074</cep>
    <logradouro>2ª Travessa Codeal</logradouro>
    <complemento/>
    <unidade/>
    <bairro>Tabuleiro do Martins</bairro>
    <localidade>Maceió</localidade>
    <uf>AL</uf>
    <estado>Alagoas</estado>
    <região/>
    <ibge>2704302</ibge>
    <gia/>
    <ddd>82</ddd>
    <siafi>2785</siafi>
  </cep>
  <cep>
    <cep>57081-118</cep>
    <logradouro>Rua Francisco Alves</logradouro>
    <complemento/>
    <unidade/>
    <bairro>Tabuleiro do Martins</bairro>
    <localidade>Maceió</localidade>
    <uf>AL</uf>
    <estado>Alagoas</estado>
    <região/>
    <ibge>2704302</ibge>
    <gia/>
    <ddd>82</ddd>
    <siafi>2785</siafi>
  </cep>
  <cep>
    <cep>57081-160</cep>
    <logradouro>Residencial Marechais</logradouro>
    <complemento/>
    <unidade/>
    <bairro>Tabuleiro do Martins</bairro>
    <localidade>Maceió</localidade>
    <uf>AL</uf>
    <estado>Alagoas</estado>
    <região/>
    <ibge>2704302</ibge>
    <gia/>
    <ddd>82</ddd>
    <siafi>2785</siafi>
  </cep>
  <cep>
    <cep>57010-878</cep>
    <logradouro>3ª Travessa São Sebastião</logradouro>
    <complemento/>
    <unidade/>
    <bairro>Pontal da Barra</bairro>
    <localidade>Maceió</localidade>
    <uf>AL</uf>
    <estado>Alagoas</estado>
    <região/>
    <ibge>2704302</ibge>
    <gia/>
    <ddd>82</ddd>
    <siafi>2785</siafi>
  </cep>
  <cep>
    <cep>57082-185</cep>
    <logradouro>Travessa Nossa Senhora de Lourdes</logradouro>
    <complemento/>
    <unidade/>
    <bairro>Santa Lúcia</bairro>
    <localidade>Maceió</localidade>
    <uf>AL</uf>
    <estado>Alagoas</estado>
    <região/>
    <ibge>2704302</ibge>
    <gia/>
    <ddd>82</ddd>
    <siafi>2785</siafi>
  </cep>
  <cep>
    <cep>57082-101</cep>
    <logradouro>Rua Nápoles</logradouro>
    <complemento/>
    <unidade/>
    <bairro>Santa Lúcia</bairro>
    <localidade>Maceió</localidade>
    <uf>AL</uf>
    <estado>Alagoas</estado>
    <região/>
    <ibge>2704302</ibge>
    <gia/>
    <ddd>82</ddd>
    <siafi>2785</siafi>
  </cep>
  <cep>
    <cep>57014-198</cep>
    <logradouro>Rua Projetada B</logradouro>
    <complemento>(Cj Cardoso da Silva)</complemento>
    <unidade/>
    <bairro>Ponta Grossa</bairro>
    <localidade>Maceió</localidade>
    <uf>AL</uf>
    <estado>Alagoas</estado>
    <região/>
    <ibge>2704302</ibge>
    <gia/>
    <ddd>82</ddd>
    <siafi>2785</siafi>
  </cep>
  <cep>
    <cep>57308-135</cep>
    <logradouro>Rua Professor Fernando Jacinto</logradouro>
    <complemento/>
    <unidade/>
    <bairro>Planalto</bairro>
    <localidade>Arapiraca</localidade>
    <uf>AL</uf>
    <estado>Alagoas</estado>
    <região/>
    <ibge>2700300</ibge>
    <gia/>
    <ddd>82</ddd>
    <siafi>2705</siafi>
  </cep>
  <cep>
    <cep>57017-578</cep>
    <logradouro>Alameda Coronel Antônio Pantaleão da Silva</logradouro>
    <complemento/>
    <unidade/>
    <bairro>Mutange</bairro>
    <localidade>Maceió</localidade>
    <uf>AL</uf>
    <estado>Alagoas</estado>
    <região/>
    <ibge>2704302</ibge>
    <gia/>
    <ddd>82</ddd>
    <siafi>2785</siafi>
  </cep>
  <cep>
    <cep>57017-715</cep>
    <logradouro>Rua Santa Luzia</logradouro>
    <complemento/>
    <unidade/>
    <bairro>Bebedouro</bairro>
    <localidade>Maceió</localidade>
    <uf>AL</uf>
    <estado>Alagoas</estado>
    <região/>
    <ibge>2704302</ibge>
    <gia/>
    <ddd>82</ddd>
    <siafi>2785</siafi>
  </cep>
  <cep>
    <cep>57082-088</cep>
    <logradouro>Travessa Manoel Araújo</logradouro>
    <complemento/>
    <unidade/>
    <bairro>Santa Lúcia</bairro>
    <localidade>Maceió</localidade>
    <uf>AL</uf>
    <estado>Alagoas</estado>
    <região/>
    <ibge>2704302</ibge>
    <gia/>
    <ddd>82</ddd>
    <siafi>2785</siafi>
  </cep>
  <cep>
    <cep>57018-443</cep>
    <logradouro>Alameda Almirante Manoel Mendes</logradouro>
    <complemento/>
    <unidade/>
    <bairro>Chã da Jaqueira</bairro>
    <localidade>Maceió</localidade>
    <uf>AL</uf>
    <estado>Alagoas</estado>
    <região/>
    <ibge>2704302</ibge>
    <gia/>
    <ddd>82</ddd>
    <siafi>2785</siafi>
  </cep>
  <cep>
    <cep>57018-447</cep>
    <logradouro>Alameda Projetada 961</logradouro>
    <complemento/>
    <unidade/>
    <bairro>Chã da Jaqueira</bairro>
    <localidade>Maceió</localidade>
    <uf>AL</uf>
    <estado>Alagoas</estado>
    <região/>
    <ibge>2704302</ibge>
    <gia/>
    <ddd>82</ddd>
    <siafi>2785</siafi>
  </cep>
  <cep>
    <cep>57018-449</cep>
    <logradouro>Travessa da Liberdade</logradouro>
    <complemento/>
    <unidade/>
    <bairro>Chã da Jaqueira</bairro>
    <localidade>Maceió</localidade>
    <uf>AL</uf>
    <estado>Alagoas</estado>
    <região/>
    <ibge>2704302</ibge>
    <gia/>
    <ddd>82</ddd>
    <siafi>2785</siafi>
  </cep>
  <cep>
    <cep>57018-468</cep>
    <logradouro>Alameda Doutor Teógenes Augusto de Barros</logradouro>
    <complemento/>
    <unidade/>
    <bairro>Chã da Jaqueira</bairro>
    <localidade>Maceió</localidade>
    <uf>AL</uf>
    <estado>Alagoas</estado>
    <região/>
    <ibge>2704302</ibge>
    <gia/>
    <ddd>82</ddd>
    <siafi>2785</siafi>
  </cep>
  <cep>
    <cep>57037-442</cep>
    <logradouro>Rua Santo Antônio</logradouro>
    <complemento>(Lot Jussara)</complemento>
    <unidade/>
    <bairro>Mangabeiras</bairro>
    <localidade>Maceió</localidade>
    <uf>AL</uf>
    <estado>Alagoas</estado>
    <região/>
    <ibge>2704302</ibge>
    <gia/>
    <ddd>82</ddd>
    <siafi>2785</siafi>
  </cep>
  <cep>
    <cep>57030-095</cep>
    <logradouro>Travessa dos Guajararas</logradouro>
    <complemento>de 2 a 99998 - lado par</complemento>
    <unidade/>
    <bairro>Pajuçara</bairro>
    <localidade>Maceió</localidade>
    <uf>AL</uf>
    <estado>Alagoas</estado>
    <região/>
    <ibge>2704302</ibge>
    <gia/>
    <ddd>82</ddd>
    <siafi>2785</siafi>
  </cep>
  <cep>
    <cep>57037-444</cep>
    <logradouro>Rua Projetada 3583</logradouro>
    <complemento>(Lot Jussara)</complemento>
    <unidade/>
    <bairro>Mangabeiras</bairro>
    <localidade>Maceió</localidade>
    <uf>AL</uf>
    <estado>Alagoas</estado>
    <região/>
    <ibge>2704302</ibge>
    <gia/>
    <ddd>82</ddd>
    <siafi>2785</siafi>
  </cep>
  <cep>
    <cep>57038-295</cep>
    <logradouro>Avenida Pontes de Miranda</logradouro>
    <complemento/>
    <unidade/>
    <bairro>Cruz das Almas</bairro>
    <localidade>Maceió</localidade>
    <uf>AL</uf>
    <estado>Alagoas</estado>
    <região/>
    <ibge>2704302</ibge>
    <gia/>
    <ddd>82</ddd>
    <siafi>2785</siafi>
  </cep>
  <cep>
    <cep>57038-055</cep>
    <logradouro>Rua Mauro Vasconcelos</logradouro>
    <complemento/>
    <unidade/>
    <bairro>Cruz das Almas</bairro>
    <localidade>Maceió</localidade>
    <uf>AL</uf>
    <estado>Alagoas</estado>
    <região/>
    <ibge>2704302</ibge>
    <gia/>
    <ddd>82</ddd>
    <siafi>2785</siafi>
  </cep>
  <cep>
    <cep>57037-901</cep>
    <logradouro>Avenida Comendador Gustavo Paiva</logradouro>
    <complemento>2990</complemento>
    <unidade>Maceió Shopping</unidade>
    <bairro>Mangabeiras</bairro>
    <localidade>Maceió</localidade>
    <uf>AL</uf>
    <estado>Alagoas</estado>
    <região/>
    <ibge>2704302</ibge>
    <gia/>
    <ddd>82</ddd>
    <siafi>2785</siafi>
  </cep>
  <cep>
    <cep>57038-585</cep>
    <logradouro>Rua Raisa Cabus</logradouro>
    <complemento/>
    <unidade/>
    <bairro>Jacarecica</bairro>
    <localidade>Maceió</localidade>
    <uf>AL</uf>
    <estado>Alagoas</estado>
    <região/>
    <ibge>2704302</ibge>
    <gia/>
    <ddd>82</ddd>
    <siafi>2785</siafi>
  </cep>
  <cep>
    <cep>57035-545</cep>
    <logradouro>Rua Flávius Durval Lessa Braga</logradouro>
    <complemento/>
    <unidade/>
    <bairro>Jatiúca</bairro>
    <localidade>Maceió</localidade>
    <uf>AL</uf>
    <estado>Alagoas</estado>
    <região/>
    <ibge>2704302</ibge>
    <gia/>
    <ddd>82</ddd>
    <siafi>2785</siafi>
  </cep>
  <cep>
    <cep>57036-145</cep>
    <logradouro>Travessa Jatiúca</logradouro>
    <complemento/>
    <unidade/>
    <bairro>Jatiúca</bairro>
    <localidade>Maceió</localidade>
    <uf>AL</uf>
    <estado>Alagoas</estado>
    <região/>
    <ibge>2704302</ibge>
    <gia/>
    <ddd>82</ddd>
    <siafi>2785</siafi>
  </cep>
  <cep>
    <cep>57037-972</cep>
    <logradouro>Avenida Comendador Gustavo Paiva</logradouro>
    <complemento>2990 Loja 177-D</complemento>
    <unidade>AC Ponta Grossa</unidade>
    <bairro>Mangabeiras</bairro>
    <localidade>Maceió</localidade>
    <uf>AL</uf>
    <estado>Alagoas</estado>
    <região/>
    <ibge>2704302</ibge>
    <gia/>
    <ddd>82</ddd>
    <siafi>2785</siafi>
  </cep>
  <cep>
    <cep>57037-971</cep>
    <logradouro>Avenida Comendador Gustavo Paiva</logradouro>
    <complemento>1851 Sala 02</complemento>
    <unidade>AGF Mangabeiras</unidade>
    <bairro>Mangabeiras</bairro>
    <localidade>Maceió</localidade>
    <uf>AL</uf>
    <estado>Alagoas</estado>
    <região/>
    <ibge>2704302</ibge>
    <gia/>
    <ddd>82</ddd>
    <siafi>2785</siafi>
  </cep>
  <cep>
    <cep>57038-789</cep>
    <logradouro>Rua em Projeto C</logradouro>
    <complemento>(Lot Green Park)</complemento>
    <unidade/>
    <bairro>Guaxuma</bairro>
    <localidade>Maceió</localidade>
    <uf>AL</uf>
    <estado>Alagoas</estado>
    <região/>
    <ibge>2704302</ibge>
    <gia/>
    <ddd>82</ddd>
    <siafi>2785</siafi>
  </cep>
  <cep>
    <cep>57022-192</cep>
    <logradouro>Travessa dos Guajararas</logradouro>
    <complemento>de 1 a 99999 - lado ímpar</complemento>
    <unidade/>
    <bairro>Jaraguá</bairro>
    <localidade>Maceió</localidade>
    <uf>AL</uf>
    <estado>Alagoas</estado>
    <região/>
    <ibge>2704302</ibge>
    <gia/>
    <ddd>82</ddd>
    <siafi>2785</siafi>
  </cep>
  <cep>
    <cep>57038-685</cep>
    <logradouro>Rua Mozart Ramos de Albuquerque</logradouro>
    <complemento/>
    <unidade/>
    <bairro>Jacarecica</bairro>
    <localidade>Maceió</localidade>
    <uf>AL</uf>
    <estado>Alagoas</estado>
    <região/>
    <ibge>2704302</ibge>
    <gia/>
    <ddd>82</ddd>
    <siafi>2785</siafi>
  </cep>
  <cep>
    <cep>57020-906</cep>
    <logradouro>Rua do Sol</logradouro>
    <complemento>57 Andar 1</complemento>
    <unidade>Arquivo Central</unidade>
    <bairro>Centro</bairro>
    <localidade>Maceió</localidade>
    <uf>AL</uf>
    <estado>Alagoas</estado>
    <região/>
    <ibge>2704302</ibge>
    <gia/>
    <ddd>82</ddd>
    <siafi>2785</siafi>
  </cep>
  <cep>
    <cep>57018-469</cep>
    <logradouro>Vila do Capim</logradouro>
    <complemento/>
    <unidade/>
    <bairro>Chã da Jaqueira</bairro>
    <localidade>Maceió</localidade>
    <uf>AL</uf>
    <estado>Alagoas</estado>
    <região/>
    <ibge>2704302</ibge>
    <gia/>
    <ddd>82</ddd>
    <siafi>2785</siafi>
  </cep>
  <cep>
    <cep>57038-500</cep>
    <logradouro>Avenida Josepha Hollanda de Mello</logradouro>
    <complemento/>
    <unidade/>
    <bairro>Jacarecica</bairro>
    <localidade>Maceió</localidade>
    <uf>AL</uf>
    <estado>Alagoas</estado>
    <região/>
    <ibge>2704302</ibge>
    <gia/>
    <ddd>82</ddd>
    <siafi>2785</siafi>
  </cep>
  <cep>
    <cep>57038-791</cep>
    <logradouro>Rua em Projeto E</logradouro>
    <complemento>(Lot Green Park)</complemento>
    <unidade/>
    <bairro>Guaxuma</bairro>
    <localidade>Maceió</localidade>
    <uf>AL</uf>
    <estado>Alagoas</estado>
    <região/>
    <ibge>2704302</ibge>
    <gia/>
    <ddd>82</ddd>
    <siafi>2785</siafi>
  </cep>
  <cep>
    <cep>57035-688</cep>
    <logradouro>Rua Deputado José Lages</logradouro>
    <complemento/>
    <unidade/>
    <bairro>Jatiúca</bairro>
    <localidade>Maceió</localidade>
    <uf>AL</uf>
    <estado>Alagoas</estado>
    <região/>
    <ibge>2704302</ibge>
    <gia/>
    <ddd>82</ddd>
    <siafi>2785</siafi>
  </cep>
  <cep>
    <cep>57038-792</cep>
    <logradouro>Rua em Projeto F</logradouro>
    <complemento>(Lot Green Park)</complemento>
    <unidade/>
    <bairro>Guaxuma</bairro>
    <localidade>Maceió</localidade>
    <uf>AL</uf>
    <estado>Alagoas</estado>
    <região/>
    <ibge>2704302</ibge>
    <gia/>
    <ddd>82</ddd>
    <siafi>2785</siafi>
  </cep>
  <cep>
    <cep>57038-790</cep>
    <logradouro>Rua em Projeto D</logradouro>
    <complemento>(Lot Green Park)</complemento>
    <unidade/>
    <bairro>Guaxuma</bairro>
    <localidade>Maceió</localidade>
    <uf>AL</uf>
    <estado>Alagoas</estado>
    <região/>
    <ibge>2704302</ibge>
    <gia/>
    <ddd>82</ddd>
    <siafi>2785</siafi>
  </cep>
  <cep>
    <cep>57038-788</cep>
    <logradouro>Rua em Projeto B</logradouro>
    <complemento>(Lot Green Park)</complemento>
    <unidade/>
    <bairro>Guaxuma</bairro>
    <localidade>Maceió</localidade>
    <uf>AL</uf>
    <estado>Alagoas</estado>
    <região/>
    <ibge>2704302</ibge>
    <gia/>
    <ddd>82</ddd>
    <siafi>2785</siafi>
  </cep>
  <cep>
    <cep>57038-793</cep>
    <logradouro>Rua em Projeto G</logradouro>
    <complemento>(Lot Green Park)</complemento>
    <unidade/>
    <bairro>Guaxuma</bairro>
    <localidade>Maceió</localidade>
    <uf>AL</uf>
    <estado>Alagoas</estado>
    <região/>
    <ibge>2704302</ibge>
    <gia/>
    <ddd>82</ddd>
    <siafi>2785</siafi>
  </cep>
  <cep>
    <cep>57038-794</cep>
    <logradouro>Rua em Projeto H</logradouro>
    <complemento>(Lot Green Park)</complemento>
    <unidade/>
    <bairro>Guaxuma</bairro>
    <localidade>Maceió</localidade>
    <uf>AL</uf>
    <estado>Alagoas</estado>
    <região/>
    <ibge>2704302</ibge>
    <gia/>
    <ddd>82</ddd>
    <siafi>2785</siafi>
  </cep>
  <cep>
    <cep>57038-787</cep>
    <logradouro>Rua em Projeto A</logradouro>
    <complemento>(Lot Green Park)</complemento>
    <unidade/>
    <bairro>Guaxuma</bairro>
    <localidade>Maceió</localidade>
    <uf>AL</uf>
    <estado>Alagoas</estado>
    <região/>
    <ibge>2704302</ibge>
    <gia/>
    <ddd>82</ddd>
    <siafi>2785</siafi>
  </cep>
  <cep>
    <cep>57037-574</cep>
    <logradouro>Rua Doutor Waldemiro Alencar Junior</logradouro>
    <complemento/>
    <unidade/>
    <bairro>Mangabeiras</bairro>
    <localidade>Maceió</localidade>
    <uf>AL</uf>
    <estado>Alagoas</estado>
    <região/>
    <ibge>2704302</ibge>
    <gia/>
    <ddd>82</ddd>
    <siafi>2785</siafi>
  </cep>
  <cep>
    <cep>57038-795</cep>
    <logradouro>Rua em Projeto I</logradouro>
    <complemento>(Lot Green Park)</complemento>
    <unidade/>
    <bairro>Guaxuma</bairro>
    <localidade>Maceió</localidade>
    <uf>AL</uf>
    <estado>Alagoas</estado>
    <região/>
    <ibge>2704302</ibge>
    <gia/>
    <ddd>82</ddd>
    <siafi>2785</siafi>
  </cep>
  <cep>
    <cep>57038-797</cep>
    <logradouro>Rua em Projeto K</logradouro>
    <complemento>(Lot Green Park)</complemento>
    <unidade/>
    <bairro>Guaxuma</bairro>
    <localidade>Maceió</localidade>
    <uf>AL</uf>
    <estado>Alagoas</estado>
    <região/>
    <ibge>2704302</ibge>
    <gia/>
    <ddd>82</ddd>
    <siafi>2785</siafi>
  </cep>
  <cep>
    <cep>57038-796</cep>
    <logradouro>Rua em Projeto J</logradouro>
    <complemento>(Lot Green Park)</complemento>
    <unidade/>
    <bairro>Guaxuma</bairro>
    <localidade>Maceió</localidade>
    <uf>AL</uf>
    <estado>Alagoas</estado>
    <região/>
    <ibge>2704302</ibge>
    <gia/>
    <ddd>82</ddd>
    <siafi>2785</siafi>
  </cep>
  <cep>
    <cep>57038-798</cep>
    <logradouro>Rua em Projeto L</logradouro>
    <complemento>(Lot Green Park)</complemento>
    <unidade/>
    <bairro>Guaxuma</bairro>
    <localidade>Maceió</localidade>
    <uf>AL</uf>
    <estado>Alagoas</estado>
    <região/>
    <ibge>2704302</ibge>
    <gia/>
    <ddd>82</ddd>
    <siafi>2785</siafi>
  </cep>
  <cep>
    <cep>57038-890</cep>
    <logradouro>Rua Projetada 1287</logradouro>
    <complemento/>
    <unidade/>
    <bairro>Guaxuma</bairro>
    <localidade>Maceió</localidade>
    <uf>AL</uf>
    <estado>Alagoas</estado>
    <região/>
    <ibge>2704302</ibge>
    <gia/>
    <ddd>82</ddd>
    <siafi>2785</siafi>
  </cep>
  <cep>
    <cep>57039-092</cep>
    <logradouro>Rua em Projeto 3263</logradouro>
    <complemento/>
    <unidade/>
    <bairro>Garça Torta</bairro>
    <localidade>Maceió</localidade>
    <uf>AL</uf>
    <estado>Alagoas</estado>
    <região/>
    <ibge>2704302</ibge>
    <gia/>
    <ddd>82</ddd>
    <siafi>2785</siafi>
  </cep>
  <cep>
    <cep>57039-322</cep>
    <logradouro>Rua do Sossego</logradouro>
    <complemento>(Grota Andraujo)</complemento>
    <unidade/>
    <bairro>Riacho Doce</bairro>
    <localidade>Maceió</localidade>
    <uf>AL</uf>
    <estado>Alagoas</estado>
    <região/>
    <ibge>2704302</ibge>
    <gia/>
    <ddd>82</ddd>
    <siafi>2785</siafi>
  </cep>
  <cep>
    <cep>57039-400</cep>
    <logradouro>Rua do Carmelo</logradouro>
    <complemento/>
    <unidade/>
    <bairro>Riacho Doce</bairro>
    <localidade>Maceió</localidade>
    <uf>AL</uf>
    <estado>Alagoas</estado>
    <região/>
    <ibge>2704302</ibge>
    <gia/>
    <ddd>82</ddd>
    <siafi>2785</siafi>
  </cep>
  <cep>
    <cep>57039-326</cep>
    <logradouro>Travessa Boa Vista</logradouro>
    <complemento/>
    <unidade/>
    <bairro>Riacho Doce</bairro>
    <localidade>Maceió</localidade>
    <uf>AL</uf>
    <estado>Alagoas</estado>
    <região/>
    <ibge>2704302</ibge>
    <gia/>
    <ddd>82</ddd>
    <siafi>2785</siafi>
  </cep>
  <cep>
    <cep>57039-465</cep>
    <logradouro>Rua Alisson Lima da Silva</logradouro>
    <complemento/>
    <unidade/>
    <bairro>Riacho Doce</bairro>
    <localidade>Maceió</localidade>
    <uf>AL</uf>
    <estado>Alagoas</estado>
    <região/>
    <ibge>2704302</ibge>
    <gia/>
    <ddd>82</ddd>
    <siafi>2785</siafi>
  </cep>
  <cep>
    <cep>57039-328</cep>
    <logradouro>Rua da Assembléia</logradouro>
    <complemento/>
    <unidade/>
    <bairro>Riacho Doce</bairro>
    <localidade>Maceió</localidade>
    <uf>AL</uf>
    <estado>Alagoas</estado>
    <região/>
    <ibge>2704302</ibge>
    <gia/>
    <ddd>82</ddd>
    <siafi>2785</siafi>
  </cep>
  <cep>
    <cep>57039-468</cep>
    <logradouro>Rua B</logradouro>
    <complemento>(Sonho de A Duarte)</complemento>
    <unidade/>
    <bairro>Riacho Doce</bairro>
    <localidade>Maceió</localidade>
    <uf>AL</uf>
    <estado>Alagoas</estado>
    <região/>
    <ibge>2704302</ibge>
    <gia/>
    <ddd>82</ddd>
    <siafi>2785</siafi>
  </cep>
  <cep>
    <cep>57039-470</cep>
    <logradouro>Rua Doutor Marêncio Ediel Lima de Albuquerque</logradouro>
    <complemento>(Sonho de A Duarte)</complemento>
    <unidade/>
    <bairro>Riacho Doce</bairro>
    <localidade>Maceió</localidade>
    <uf>AL</uf>
    <estado>Alagoas</estado>
    <região/>
    <ibge>2704302</ibge>
    <gia/>
    <ddd>82</ddd>
    <siafi>2785</siafi>
  </cep>
  <cep>
    <cep>57039-731</cep>
    <logradouro>Rua em Projeto B</logradouro>
    <complemento>(Lot Angra de Ipioca)</complemento>
    <unidade/>
    <bairro>Ipioca</bairro>
    <localidade>Maceió</localidade>
    <uf>AL</uf>
    <estado>Alagoas</estado>
    <região/>
    <ibge>2704302</ibge>
    <gia/>
    <ddd>82</ddd>
    <siafi>2785</siafi>
  </cep>
  <cep>
    <cep>57039-723</cep>
    <logradouro>Rua E</logradouro>
    <complemento>(Lot Ipiópolis)</complemento>
    <unidade/>
    <bairro>Ipioca</bairro>
    <localidade>Maceió</localidade>
    <uf>AL</uf>
    <estado>Alagoas</estado>
    <região/>
    <ibge>2704302</ibge>
    <gia/>
    <ddd>82</ddd>
    <siafi>2785</siafi>
  </cep>
  <cep>
    <cep>57039-734</cep>
    <logradouro>Rua em Projeto G</logradouro>
    <complemento>(Lot Angra de Ipioca)</complemento>
    <unidade/>
    <bairro>Ipioca</bairro>
    <localidade>Maceió</localidade>
    <uf>AL</uf>
    <estado>Alagoas</estado>
    <região/>
    <ibge>2704302</ibge>
    <gia/>
    <ddd>82</ddd>
    <siafi>2785</siafi>
  </cep>
  <cep>
    <cep>57039-736</cep>
    <logradouro>Rua em Projeto A</logradouro>
    <complemento>(Lot Angra de Ipioca)</complemento>
    <unidade/>
    <bairro>Ipioca</bairro>
    <localidade>Maceió</localidade>
    <uf>AL</uf>
    <estado>Alagoas</estado>
    <região/>
    <ibge>2704302</ibge>
    <gia/>
    <ddd>82</ddd>
    <siafi>2785</siafi>
  </cep>
  <cep>
    <cep>57039-745</cep>
    <logradouro>Rua em Projeto K</logradouro>
    <complemento>(Lot Angra de Ipioca)</complemento>
    <unidade/>
    <bairro>Ipioca</bairro>
    <localidade>Maceió</localidade>
    <uf>AL</uf>
    <estado>Alagoas</estado>
    <região/>
    <ibge>2704302</ibge>
    <gia/>
    <ddd>82</ddd>
    <siafi>2785</siafi>
  </cep>
  <cep>
    <cep>57039-733</cep>
    <logradouro>Rua em Projeto E</logradouro>
    <complemento>(Lot Angra de Ipioca)</complemento>
    <unidade/>
    <bairro>Ipioca</bairro>
    <localidade>Maceió</localidade>
    <uf>AL</uf>
    <estado>Alagoas</estado>
    <região/>
    <ibge>2704302</ibge>
    <gia/>
    <ddd>82</ddd>
    <siafi>2785</siafi>
  </cep>
  <cep>
    <cep>57039-741</cep>
    <logradouro>Rua em Projeto J</logradouro>
    <complemento>(Lot Angra de Ipioca)</complemento>
    <unidade/>
    <bairro>Ipioca</bairro>
    <localidade>Maceió</localidade>
    <uf>AL</uf>
    <estado>Alagoas</estado>
    <região/>
    <ibge>2704302</ibge>
    <gia/>
    <ddd>82</ddd>
    <siafi>2785</siafi>
  </cep>
  <cep>
    <cep>57039-746</cep>
    <logradouro>Rua em Projeto L</logradouro>
    <complemento>(Lot Angra de Ipioca)</complemento>
    <unidade/>
    <bairro>Ipioca</bairro>
    <localidade>Maceió</localidade>
    <uf>AL</uf>
    <estado>Alagoas</estado>
    <região/>
    <ibge>2704302</ibge>
    <gia/>
    <ddd>82</ddd>
    <siafi>2785</siafi>
  </cep>
  <cep>
    <cep>57039-747</cep>
    <logradouro>Rua em Projeto N</logradouro>
    <complemento>(Lot Angra de Ipioca)</complemento>
    <unidade/>
    <bairro>Ipioca</bairro>
    <localidade>Maceió</localidade>
    <uf>AL</uf>
    <estado>Alagoas</estado>
    <região/>
    <ibge>2704302</ibge>
    <gia/>
    <ddd>82</ddd>
    <siafi>2785</siafi>
  </cep>
  <cep>
    <cep>57039-752</cep>
    <logradouro>Rua em Projeto 4893</logradouro>
    <complemento/>
    <unidade/>
    <bairro>Ipioca</bairro>
    <localidade>Maceió</localidade>
    <uf>AL</uf>
    <estado>Alagoas</estado>
    <região/>
    <ibge>2704302</ibge>
    <gia/>
    <ddd>82</ddd>
    <siafi>2785</siafi>
  </cep>
  <cep>
    <cep>57039-845</cep>
    <logradouro>Rua Projetada 548</logradouro>
    <complemento>(Lot Jeuneville)</complemento>
    <unidade/>
    <bairro>Ipioca</bairro>
    <localidade>Maceió</localidade>
    <uf>AL</uf>
    <estado>Alagoas</estado>
    <região/>
    <ibge>2704302</ibge>
    <gia/>
    <ddd>82</ddd>
    <siafi>2785</siafi>
  </cep>
  <cep>
    <cep>57039-776</cep>
    <logradouro>Rua Trifônio Francisco de Lima</logradouro>
    <complemento/>
    <unidade/>
    <bairro>Ipioca</bairro>
    <localidade>Maceió</localidade>
    <uf>AL</uf>
    <estado>Alagoas</estado>
    <região/>
    <ibge>2704302</ibge>
    <gia/>
    <ddd>82</ddd>
    <siafi>2785</siafi>
  </cep>
  <cep>
    <cep>57040-058</cep>
    <logradouro>2ª Rua Alto da Boa Vista</logradouro>
    <complemento/>
    <unidade/>
    <bairro>Jacintinho</bairro>
    <localidade>Maceió</localidade>
    <uf>AL</uf>
    <estado>Alagoas</estado>
    <região/>
    <ibge>2704302</ibge>
    <gia/>
    <ddd>82</ddd>
    <siafi>2785</siafi>
  </cep>
  <cep>
    <cep>57040-654</cep>
    <logradouro>Rua Vista Belo Mar</logradouro>
    <complemento>(Com São Rafael)</complemento>
    <unidade/>
    <bairro>Jacintinho</bairro>
    <localidade>Maceió</localidade>
    <uf>AL</uf>
    <estado>Alagoas</estado>
    <região/>
    <ibge>2704302</ibge>
    <gia/>
    <ddd>82</ddd>
    <siafi>2785</siafi>
  </cep>
  <cep>
    <cep>57040-658</cep>
    <logradouro>Rua São José</logradouro>
    <complemento>(Com São Rafael)</complemento>
    <unidade/>
    <bairro>Jacintinho</bairro>
    <localidade>Maceió</localidade>
    <uf>AL</uf>
    <estado>Alagoas</estado>
    <região/>
    <ibge>2704302</ibge>
    <gia/>
    <ddd>82</ddd>
    <siafi>2785</siafi>
  </cep>
  <cep>
    <cep>57040-663</cep>
    <logradouro>Rua São Francisco</logradouro>
    <complemento>(Com São Rafael)</complemento>
    <unidade/>
    <bairro>Jacintinho</bairro>
    <localidade>Maceió</localidade>
    <uf>AL</uf>
    <estado>Alagoas</estado>
    <região/>
    <ibge>2704302</ibge>
    <gia/>
    <ddd>82</ddd>
    <siafi>2785</siafi>
  </cep>
  <cep>
    <cep>57040-683</cep>
    <logradouro>Rua Josué Olímpio</logradouro>
    <complemento>(Com São Rafael)</complemento>
    <unidade/>
    <bairro>Jacintinho</bairro>
    <localidade>Maceió</localidade>
    <uf>AL</uf>
    <estado>Alagoas</estado>
    <região/>
    <ibge>2704302</ibge>
    <gia/>
    <ddd>82</ddd>
    <siafi>2785</siafi>
  </cep>
  <cep>
    <cep>57040-662</cep>
    <logradouro>Travessa Reginaldo Pontes Lima</logradouro>
    <complemento>(Com São Rafael)</complemento>
    <unidade/>
    <bairro>Jacintinho</bairro>
    <localidade>Maceió</localidade>
    <uf>AL</uf>
    <estado>Alagoas</estado>
    <região/>
    <ibge>2704302</ibge>
    <gia/>
    <ddd>82</ddd>
    <siafi>2785</siafi>
  </cep>
  <cep>
    <cep>57040-667</cep>
    <logradouro>Rua São Leopoldo</logradouro>
    <complemento/>
    <unidade/>
    <bairro>Jacintinho</bairro>
    <localidade>Maceió</localidade>
    <uf>AL</uf>
    <estado>Alagoas</estado>
    <região/>
    <ibge>2704302</ibge>
    <gia/>
    <ddd>82</ddd>
    <siafi>2785</siafi>
  </cep>
  <cep>
    <cep>57315-198</cep>
    <logradouro>Rua Luiz Jose de França</logradouro>
    <complemento/>
    <unidade/>
    <bairro>Senador Arnon de Melo</bairro>
    <localidade>Arapiraca</localidade>
    <uf>AL</uf>
    <estado>Alagoas</estado>
    <região/>
    <ibge>2700300</ibge>
    <gia/>
    <ddd>82</ddd>
    <siafi>2705</siafi>
  </cep>
  <cep>
    <cep>57042-555</cep>
    <logradouro>Rua D</logradouro>
    <complemento>(Lot Santa Madalena) - lado ímpar</complemento>
    <unidade/>
    <bairro>Feitosa</bairro>
    <localidade>Maceió</localidade>
    <uf>AL</uf>
    <estado>Alagoas</estado>
    <região/>
    <ibge>2704302</ibge>
    <gia/>
    <ddd>82</ddd>
    <siafi>2785</siafi>
  </cep>
  <cep>
    <cep>57040-659</cep>
    <logradouro>Rua Vista Atlântica</logradouro>
    <complemento>(Com São Rafael)</complemento>
    <unidade/>
    <bairro>Jacintinho</bairro>
    <localidade>Maceió</localidade>
    <uf>AL</uf>
    <estado>Alagoas</estado>
    <região/>
    <ibge>2704302</ibge>
    <gia/>
    <ddd>82</ddd>
    <siafi>2785</siafi>
  </cep>
  <cep>
    <cep>57040-699</cep>
    <logradouro>Travessa São Francisco</logradouro>
    <complemento>(Com São Rafael)</complemento>
    <unidade/>
    <bairro>Jacintinho</bairro>
    <localidade>Maceió</localidade>
    <uf>AL</uf>
    <estado>Alagoas</estado>
    <região/>
    <ibge>2704302</ibge>
    <gia/>
    <ddd>82</ddd>
    <siafi>2785</siafi>
  </cep>
  <cep>
    <cep>57040-653</cep>
    <logradouro>Rua Girassol</logradouro>
    <complemento>(Com São Rafael)</complemento>
    <unidade/>
    <bairro>Jacintinho</bairro>
    <localidade>Maceió</localidade>
    <uf>AL</uf>
    <estado>Alagoas</estado>
    <região/>
    <ibge>2704302</ibge>
    <gia/>
    <ddd>82</ddd>
    <siafi>2785</siafi>
  </cep>
  <cep>
    <cep>57040-162</cep>
    <logradouro>Vila Nossa Senhora Aparecida</logradouro>
    <complemento/>
    <unidade/>
    <bairro>Jacintinho</bairro>
    <localidade>Maceió</localidade>
    <uf>AL</uf>
    <estado>Alagoas</estado>
    <região/>
    <ibge>2704302</ibge>
    <gia/>
    <ddd>82</ddd>
    <siafi>2785</siafi>
  </cep>
  <cep>
    <cep>57040-858</cep>
    <logradouro>Rua A</logradouro>
    <complemento>(Lot Sto Onofre)</complemento>
    <unidade/>
    <bairro>Jacintinho</bairro>
    <localidade>Maceió</localidade>
    <uf>AL</uf>
    <estado>Alagoas</estado>
    <região/>
    <ibge>2704302</ibge>
    <gia/>
    <ddd>82</ddd>
    <siafi>2785</siafi>
  </cep>
  <cep>
    <cep>57042-625</cep>
    <logradouro>Rua Cid Moreira</logradouro>
    <complemento/>
    <unidade/>
    <bairro>Feitosa</bairro>
    <localidade>Maceió</localidade>
    <uf>AL</uf>
    <estado>Alagoas</estado>
    <região/>
    <ibge>2704302</ibge>
    <gia/>
    <ddd>82</ddd>
    <siafi>2785</siafi>
  </cep>
  <cep>
    <cep>57040-689</cep>
    <logradouro>Rua Projetada 1150</logradouro>
    <complemento>(Cond S Domingos)</complemento>
    <unidade/>
    <bairro>Jacintinho</bairro>
    <localidade>Maceió</localidade>
    <uf>AL</uf>
    <estado>Alagoas</estado>
    <região/>
    <ibge>2704302</ibge>
    <gia/>
    <ddd>82</ddd>
    <siafi>2785</siafi>
  </cep>
  <cep>
    <cep>57039-888</cep>
    <logradouro>Rua Projetada 1729</logradouro>
    <complemento/>
    <unidade/>
    <bairro>Ipioca</bairro>
    <localidade>Maceió</localidade>
    <uf>AL</uf>
    <estado>Alagoas</estado>
    <região/>
    <ibge>2704302</ibge>
    <gia/>
    <ddd>82</ddd>
    <siafi>2785</siafi>
  </cep>
  <cep>
    <cep>57040-664</cep>
    <logradouro>Rua São Paulo</logradouro>
    <complemento>(Com São Rafael)</complemento>
    <unidade/>
    <bairro>Jacintinho</bairro>
    <localidade>Maceió</localidade>
    <uf>AL</uf>
    <estado>Alagoas</estado>
    <região/>
    <ibge>2704302</ibge>
    <gia/>
    <ddd>82</ddd>
    <siafi>2785</siafi>
  </cep>
  <cep>
    <cep>57040-681</cep>
    <logradouro>Rua Capim Santo</logradouro>
    <complemento>(Com São Rafael)</complemento>
    <unidade/>
    <bairro>Jacintinho</bairro>
    <localidade>Maceió</localidade>
    <uf>AL</uf>
    <estado>Alagoas</estado>
    <região/>
    <ibge>2704302</ibge>
    <gia/>
    <ddd>82</ddd>
    <siafi>2785</siafi>
  </cep>
  <cep>
    <cep>57042-528</cep>
    <logradouro>Rua Projetada 1243</logradouro>
    <complemento>(Lot Santa Rita)</complemento>
    <unidade/>
    <bairro>Feitosa</bairro>
    <localidade>Maceió</localidade>
    <uf>AL</uf>
    <estado>Alagoas</estado>
    <região/>
    <ibge>2704302</ibge>
    <gia/>
    <ddd>82</ddd>
    <siafi>2785</siafi>
  </cep>
  <cep>
    <cep>57045-777</cep>
    <logradouro>Travessa Penedo</logradouro>
    <complemento/>
    <unidade/>
    <bairro>Barro Duro</bairro>
    <localidade>Maceió</localidade>
    <uf>AL</uf>
    <estado>Alagoas</estado>
    <região/>
    <ibge>2704302</ibge>
    <gia/>
    <ddd>82</ddd>
    <siafi>2785</siafi>
  </cep>
  <cep>
    <cep>57042-537</cep>
    <logradouro>Rua Maria Dolores Pontes Lima</logradouro>
    <complemento/>
    <unidade/>
    <bairro>Feitosa</bairro>
    <localidade>Maceió</localidade>
    <uf>AL</uf>
    <estado>Alagoas</estado>
    <região/>
    <ibge>2704302</ibge>
    <gia/>
    <ddd>82</ddd>
    <siafi>2785</siafi>
  </cep>
  <cep>
    <cep>57046-187</cep>
    <logradouro>Rua Projetada I</logradouro>
    <complemento>(CJ José T de A Lins)</complemento>
    <unidade/>
    <bairro>Serraria</bairro>
    <localidade>Maceió</localidade>
    <uf>AL</uf>
    <estado>Alagoas</estado>
    <região/>
    <ibge>2704302</ibge>
    <gia/>
    <ddd>82</ddd>
    <siafi>2785</siafi>
  </cep>
  <cep>
    <cep>57046-338</cep>
    <logradouro>Rua Projetada 1221</logradouro>
    <complemento>(Cj Rui Palmeira)</complemento>
    <unidade/>
    <bairro>Serraria</bairro>
    <localidade>Maceió</localidade>
    <uf>AL</uf>
    <estado>Alagoas</estado>
    <região/>
    <ibge>2704302</ibge>
    <gia/>
    <ddd>82</ddd>
    <siafi>2785</siafi>
  </cep>
  <cep>
    <cep>57045-263</cep>
    <logradouro>Travessa Ceará</logradouro>
    <complemento/>
    <unidade/>
    <bairro>Barro Duro</bairro>
    <localidade>Maceió</localidade>
    <uf>AL</uf>
    <estado>Alagoas</estado>
    <região/>
    <ibge>2704302</ibge>
    <gia/>
    <ddd>82</ddd>
    <siafi>2785</siafi>
  </cep>
  <cep>
    <cep>57040-403</cep>
    <logradouro>5ª Travessa São Vicente</logradouro>
    <complemento/>
    <unidade/>
    <bairro>Jacintinho</bairro>
    <localidade>Maceió</localidade>
    <uf>AL</uf>
    <estado>Alagoas</estado>
    <região/>
    <ibge>2704302</ibge>
    <gia/>
    <ddd>82</ddd>
    <siafi>2785</siafi>
  </cep>
  <cep>
    <cep>57046-336</cep>
    <logradouro>Rua Projetada 1220</logradouro>
    <complemento>(Cj Rui Palmeira)</complemento>
    <unidade/>
    <bairro>Serraria</bairro>
    <localidade>Maceió</localidade>
    <uf>AL</uf>
    <estado>Alagoas</estado>
    <região/>
    <ibge>2704302</ibge>
    <gia/>
    <ddd>82</ddd>
    <siafi>2785</siafi>
  </cep>
  <cep>
    <cep>57040-668</cep>
    <logradouro>Rua Augusto T Santos</logradouro>
    <complemento/>
    <unidade/>
    <bairro>Jacintinho</bairro>
    <localidade>Maceió</localidade>
    <uf>AL</uf>
    <estado>Alagoas</estado>
    <região/>
    <ibge>2704302</ibge>
    <gia/>
    <ddd>82</ddd>
    <siafi>2785</siafi>
  </cep>
  <cep>
    <cep>57045-244</cep>
    <logradouro>4ª Travessa Boa Esperança</logradouro>
    <complemento/>
    <unidade/>
    <bairro>Barro Duro</bairro>
    <localidade>Maceió</localidade>
    <uf>AL</uf>
    <estado>Alagoas</estado>
    <região/>
    <ibge>2704302</ibge>
    <gia/>
    <ddd>82</ddd>
    <siafi>2785</siafi>
  </cep>
  <cep>
    <cep>57046-492</cep>
    <logradouro>Rua Projetada 1275</logradouro>
    <complemento>(Lot Vale da Serraria III)</complemento>
    <unidade/>
    <bairro>Serraria</bairro>
    <localidade>Maceió</localidade>
    <uf>AL</uf>
    <estado>Alagoas</estado>
    <região/>
    <ibge>2704302</ibge>
    <gia/>
    <ddd>82</ddd>
    <siafi>2785</siafi>
  </cep>
  <cep>
    <cep>57041-177</cep>
    <logradouro>Rua GH</logradouro>
    <complemento>(CJ José da Silva Peixoto)</complemento>
    <unidade/>
    <bairro>Jacintinho</bairro>
    <localidade>Maceió</localidade>
    <uf>AL</uf>
    <estado>Alagoas</estado>
    <região/>
    <ibge>2704302</ibge>
    <gia/>
    <ddd>82</ddd>
    <siafi>2785</siafi>
  </cep>
  <cep>
    <cep>57046-564</cep>
    <logradouro>Rua Nabal I</logradouro>
    <complemento/>
    <unidade/>
    <bairro>Serraria</bairro>
    <localidade>Maceió</localidade>
    <uf>AL</uf>
    <estado>Alagoas</estado>
    <região/>
    <ibge>2704302</ibge>
    <gia/>
    <ddd>82</ddd>
    <siafi>2785</siafi>
  </cep>
  <cep>
    <cep>57046-159</cep>
    <logradouro>Via Pedestre 02</logradouro>
    <complemento>(CJ JOSE T DE A LINS)</complemento>
    <unidade/>
    <bairro>Serraria</bairro>
    <localidade>Maceió</localidade>
    <uf>AL</uf>
    <estado>Alagoas</estado>
    <região/>
    <ibge>2704302</ibge>
    <gia/>
    <ddd>82</ddd>
    <siafi>2785</siafi>
  </cep>
  <cep>
    <cep>57046-549</cep>
    <logradouro>Rua Florival Britto</logradouro>
    <complemento>(Res Serra Mar)</complemento>
    <unidade/>
    <bairro>Serraria</bairro>
    <localidade>Maceió</localidade>
    <uf>AL</uf>
    <estado>Alagoas</estado>
    <região/>
    <ibge>2704302</ibge>
    <gia/>
    <ddd>82</ddd>
    <siafi>2785</siafi>
  </cep>
  <cep>
    <cep>57046-575</cep>
    <logradouro>Rua Nelson Marinho de Araujo</logradouro>
    <complemento/>
    <unidade/>
    <bairro>Serraria</bairro>
    <localidade>Maceió</localidade>
    <uf>AL</uf>
    <estado>Alagoas</estado>
    <região/>
    <ibge>2704302</ibge>
    <gia/>
    <ddd>82</ddd>
    <siafi>2785</siafi>
  </cep>
  <cep>
    <cep>57048-015</cep>
    <logradouro>Avenida Menino Marcelo</logradouro>
    <complemento>de 1/2 ao fim</complemento>
    <unidade/>
    <bairro>Antares</bairro>
    <localidade>Maceió</localidade>
    <uf>AL</uf>
    <estado>Alagoas</estado>
    <região/>
    <ibge>2704302</ibge>
    <gia/>
    <ddd>82</ddd>
    <siafi>2785</siafi>
  </cep>
  <cep>
    <cep>57040-657</cep>
    <logradouro>Travessa Josué Olímpio</logradouro>
    <complemento>(Com São Rafael)</complemento>
    <unidade/>
    <bairro>Jacintinho</bairro>
    <localidade>Maceió</localidade>
    <uf>AL</uf>
    <estado>Alagoas</estado>
    <região/>
    <ibge>2704302</ibge>
    <gia/>
    <ddd>82</ddd>
    <siafi>2785</siafi>
  </cep>
  <cep>
    <cep>57046-544</cep>
    <logradouro>Avenida Pierre Chalita</logradouro>
    <complemento/>
    <unidade/>
    <bairro>Serraria</bairro>
    <localidade>Maceió</localidade>
    <uf>AL</uf>
    <estado>Alagoas</estado>
    <região/>
    <ibge>2704302</ibge>
    <gia/>
    <ddd>82</ddd>
    <siafi>2785</siafi>
  </cep>
  <cep>
    <cep>57039-839</cep>
    <logradouro>Rua Projetada 560</logradouro>
    <complemento>(Cond Park Sauaçuhy)</complemento>
    <unidade/>
    <bairro>Ipioca</bairro>
    <localidade>Maceió</localidade>
    <uf>AL</uf>
    <estado>Alagoas</estado>
    <região/>
    <ibge>2704302</ibge>
    <gia/>
    <ddd>82</ddd>
    <siafi>2785</siafi>
  </cep>
  <cep>
    <cep>57048-039</cep>
    <logradouro>Rua em Projeto U</logradouro>
    <complemento>(Lot Monte Verde)</complemento>
    <unidade/>
    <bairro>Antares</bairro>
    <localidade>Maceió</localidade>
    <uf>AL</uf>
    <estado>Alagoas</estado>
    <região/>
    <ibge>2704302</ibge>
    <gia/>
    <ddd>82</ddd>
    <siafi>2785</siafi>
  </cep>
  <cep>
    <cep>57046-260</cep>
    <logradouro>Travessa João Passos Accioly</logradouro>
    <complemento/>
    <unidade/>
    <bairro>Serraria</bairro>
    <localidade>Maceió</localidade>
    <uf>AL</uf>
    <estado>Alagoas</estado>
    <região/>
    <ibge>2704302</ibge>
    <gia/>
    <ddd>82</ddd>
    <siafi>2785</siafi>
  </cep>
  <cep>
    <cep>57048-088</cep>
    <logradouro>Rua Roberto Beckér</logradouro>
    <complemento>(Res Reserva B Vista)</complemento>
    <unidade/>
    <bairro>Antares</bairro>
    <localidade>Maceió</localidade>
    <uf>AL</uf>
    <estado>Alagoas</estado>
    <região/>
    <ibge>2704302</ibge>
    <gia/>
    <ddd>82</ddd>
    <siafi>2785</siafi>
  </cep>
  <cep>
    <cep>57048-043</cep>
    <logradouro>Rua EE</logradouro>
    <complemento>(Res Reserva B Vista)</complemento>
    <unidade/>
    <bairro>Antares</bairro>
    <localidade>Maceió</localidade>
    <uf>AL</uf>
    <estado>Alagoas</estado>
    <região/>
    <ibge>2704302</ibge>
    <gia/>
    <ddd>82</ddd>
    <siafi>2785</siafi>
  </cep>
  <cep>
    <cep>57040-661</cep>
    <logradouro>Travessa São Luiz</logradouro>
    <complemento>(Com São Rafael)</complemento>
    <unidade/>
    <bairro>Jacintinho</bairro>
    <localidade>Maceió</localidade>
    <uf>AL</uf>
    <estado>Alagoas</estado>
    <região/>
    <ibge>2704302</ibge>
    <gia/>
    <ddd>82</ddd>
    <siafi>2785</siafi>
  </cep>
  <cep>
    <cep>57048-092</cep>
    <logradouro>Rua F-1</logradouro>
    <complemento>(Res Reserva B Vista)</complemento>
    <unidade/>
    <bairro>Antares</bairro>
    <localidade>Maceió</localidade>
    <uf>AL</uf>
    <estado>Alagoas</estado>
    <região/>
    <ibge>2704302</ibge>
    <gia/>
    <ddd>82</ddd>
    <siafi>2785</siafi>
  </cep>
  <cep>
    <cep>57042-075</cep>
    <logradouro>Rua D</logradouro>
    <complemento>(Lot Santa Madalena) - lado par</complemento>
    <unidade/>
    <bairro>Jacintinho</bairro>
    <localidade>Maceió</localidade>
    <uf>AL</uf>
    <estado>Alagoas</estado>
    <região/>
    <ibge>2704302</ibge>
    <gia/>
    <ddd>82</ddd>
    <siafi>2785</siafi>
  </cep>
  <cep>
    <cep>57040-651</cep>
    <logradouro>Rua São Rafael</logradouro>
    <complemento>(Com São Rafael)</complemento>
    <unidade/>
    <bairro>Jacintinho</bairro>
    <localidade>Maceió</localidade>
    <uf>AL</uf>
    <estado>Alagoas</estado>
    <região/>
    <ibge>2704302</ibge>
    <gia/>
    <ddd>82</ddd>
    <siafi>2785</siafi>
  </cep>
  <cep>
    <cep>57046-287</cep>
    <logradouro>Estrada Vicinal 3126</logradouro>
    <complemento/>
    <unidade/>
    <bairro>Serraria</bairro>
    <localidade>Maceió</localidade>
    <uf>AL</uf>
    <estado>Alagoas</estado>
    <região/>
    <ibge>2704302</ibge>
    <gia/>
    <ddd>82</ddd>
    <siafi>2785</siafi>
  </cep>
  <cep>
    <cep>57048-094</cep>
    <logradouro>Rua G-1</logradouro>
    <complemento>(Res Reserva B Vista)</complemento>
    <unidade/>
    <bairro>Antares</bairro>
    <localidade>Maceió</localidade>
    <uf>AL</uf>
    <estado>Alagoas</estado>
    <região/>
    <ibge>2704302</ibge>
    <gia/>
    <ddd>82</ddd>
    <siafi>2785</siafi>
  </cep>
  <cep>
    <cep>57044-085</cep>
    <logradouro>Travessa Santa Amália</logradouro>
    <complemento/>
    <unidade/>
    <bairro>São Jorge</bairro>
    <localidade>Maceió</localidade>
    <uf>AL</uf>
    <estado>Alagoas</estado>
    <região/>
    <ibge>2704302</ibge>
    <gia/>
    <ddd>82</ddd>
    <siafi>2785</siafi>
  </cep>
  <cep>
    <cep>57040-656</cep>
    <logradouro>Rua Manoel Vicente</logradouro>
    <complemento>(Com São Rafael)</complemento>
    <unidade/>
    <bairro>Jacintinho</bairro>
    <localidade>Maceió</localidade>
    <uf>AL</uf>
    <estado>Alagoas</estado>
    <região/>
    <ibge>2704302</ibge>
    <gia/>
    <ddd>82</ddd>
    <siafi>2785</siafi>
  </cep>
  <cep>
    <cep>57044-542</cep>
    <logradouro>Rua em Projeto A</logradouro>
    <complemento>(Lot B das Orquídeas)</complemento>
    <unidade/>
    <bairro>São Jorge</bairro>
    <localidade>Maceió</localidade>
    <uf>AL</uf>
    <estado>Alagoas</estado>
    <região/>
    <ibge>2704302</ibge>
    <gia/>
    <ddd>82</ddd>
    <siafi>2785</siafi>
  </cep>
  <cep>
    <cep>57046-490</cep>
    <logradouro>Rua Projetada 1280</logradouro>
    <complemento>(Lot V Serraria II)</complemento>
    <unidade/>
    <bairro>Serraria</bairro>
    <localidade>Maceió</localidade>
    <uf>AL</uf>
    <estado>Alagoas</estado>
    <região/>
    <ibge>2704302</ibge>
    <gia/>
    <ddd>82</ddd>
    <siafi>2785</siafi>
  </cep>
  <cep>
    <cep>57048-105</cep>
    <logradouro>Rua Projetada II</logradouro>
    <complemento>(Cond Via Expressa II)</complemento>
    <unidade/>
    <bairro>Antares</bairro>
    <localidade>Maceió</localidade>
    <uf>AL</uf>
    <estado>Alagoas</estado>
    <região/>
    <ibge>2704302</ibge>
    <gia/>
    <ddd>82</ddd>
    <siafi>2785</siafi>
  </cep>
  <cep>
    <cep>57040-652</cep>
    <logradouro>Rua São Pedro</logradouro>
    <complemento>(Com São Rafael)</complemento>
    <unidade/>
    <bairro>Jacintinho</bairro>
    <localidade>Maceió</localidade>
    <uf>AL</uf>
    <estado>Alagoas</estado>
    <região/>
    <ibge>2704302</ibge>
    <gia/>
    <ddd>82</ddd>
    <siafi>2785</siafi>
  </cep>
  <cep>
    <cep>57048-117</cep>
    <logradouro>Rua I</logradouro>
    <complemento>(Res Jardim Europa)</complemento>
    <unidade/>
    <bairro>Antares</bairro>
    <localidade>Maceió</localidade>
    <uf>AL</uf>
    <estado>Alagoas</estado>
    <região/>
    <ibge>2704302</ibge>
    <gia/>
    <ddd>82</ddd>
    <siafi>2785</siafi>
  </cep>
  <cep>
    <cep>57046-189</cep>
    <logradouro>Rua Projetada G</logradouro>
    <complemento>(CJ José T de A Lins)</complemento>
    <unidade/>
    <bairro>Serraria</bairro>
    <localidade>Maceió</localidade>
    <uf>AL</uf>
    <estado>Alagoas</estado>
    <região/>
    <ibge>2704302</ibge>
    <gia/>
    <ddd>82</ddd>
    <siafi>2785</siafi>
  </cep>
  <cep>
    <cep>57045-236</cep>
    <logradouro>4ª Travessa Bom Destino</logradouro>
    <complemento/>
    <unidade/>
    <bairro>Barro Duro</bairro>
    <localidade>Maceió</localidade>
    <uf>AL</uf>
    <estado>Alagoas</estado>
    <região/>
    <ibge>2704302</ibge>
    <gia/>
    <ddd>82</ddd>
    <siafi>2785</siafi>
  </cep>
  <cep>
    <cep>57048-113</cep>
    <logradouro>Rua em Projeto H</logradouro>
    <complemento>(Res Jardim Europa)</complemento>
    <unidade/>
    <bairro>Antares</bairro>
    <localidade>Maceió</localidade>
    <uf>AL</uf>
    <estado>Alagoas</estado>
    <região/>
    <ibge>2704302</ibge>
    <gia/>
    <ddd>82</ddd>
    <siafi>2785</siafi>
  </cep>
  <cep>
    <cep>57048-353</cep>
    <logradouro>Rua Projetada 7217</logradouro>
    <complemento/>
    <unidade/>
    <bairro>Antares</bairro>
    <localidade>Maceió</localidade>
    <uf>AL</uf>
    <estado>Alagoas</estado>
    <região/>
    <ibge>2704302</ibge>
    <gia/>
    <ddd>82</ddd>
    <siafi>2785</siafi>
  </cep>
  <cep>
    <cep>57048-351</cep>
    <logradouro>Rua Projetada 1138</logradouro>
    <complemento/>
    <unidade/>
    <bairro>Antares</bairro>
    <localidade>Maceió</localidade>
    <uf>AL</uf>
    <estado>Alagoas</estado>
    <região/>
    <ibge>2704302</ibge>
    <gia/>
    <ddd>82</ddd>
    <siafi>2785</siafi>
  </cep>
  <cep>
    <cep>57048-118</cep>
    <logradouro>Rua J</logradouro>
    <complemento>(Res Jardim Europa)</complemento>
    <unidade/>
    <bairro>Antares</bairro>
    <localidade>Maceió</localidade>
    <uf>AL</uf>
    <estado>Alagoas</estado>
    <região/>
    <ibge>2704302</ibge>
    <gia/>
    <ddd>82</ddd>
    <siafi>2785</siafi>
  </cep>
  <cep>
    <cep>57048-119</cep>
    <logradouro>Rua Projetada 2044</logradouro>
    <complemento>(Lot Via Expressa)</complemento>
    <unidade/>
    <bairro>Antares</bairro>
    <localidade>Maceió</localidade>
    <uf>AL</uf>
    <estado>Alagoas</estado>
    <região/>
    <ibge>2704302</ibge>
    <gia/>
    <ddd>82</ddd>
    <siafi>2785</siafi>
  </cep>
  <cep>
    <cep>57048-359</cep>
    <logradouro>Rua Doutora Nise da Silveira</logradouro>
    <complemento/>
    <unidade/>
    <bairro>Antares</bairro>
    <localidade>Maceió</localidade>
    <uf>AL</uf>
    <estado>Alagoas</estado>
    <região/>
    <ibge>2704302</ibge>
    <gia/>
    <ddd>82</ddd>
    <siafi>2785</siafi>
  </cep>
  <cep>
    <cep>57048-381</cep>
    <logradouro>Rua em Projeto C</logradouro>
    <complemento>(Lot Vert Paradiso)</complemento>
    <unidade/>
    <bairro>Antares</bairro>
    <localidade>Maceió</localidade>
    <uf>AL</uf>
    <estado>Alagoas</estado>
    <região/>
    <ibge>2704302</ibge>
    <gia/>
    <ddd>82</ddd>
    <siafi>2785</siafi>
  </cep>
  <cep>
    <cep>57048-382</cep>
    <logradouro>Rua em Projeto D</logradouro>
    <complemento>(Lot Vert Paradiso)</complemento>
    <unidade/>
    <bairro>Antares</bairro>
    <localidade>Maceió</localidade>
    <uf>AL</uf>
    <estado>Alagoas</estado>
    <região/>
    <ibge>2704302</ibge>
    <gia/>
    <ddd>82</ddd>
    <siafi>2785</siafi>
  </cep>
  <cep>
    <cep>57048-380</cep>
    <logradouro>Rua em Projeto B</logradouro>
    <complemento>(Lot Vert Paradiso)</complemento>
    <unidade/>
    <bairro>Antares</bairro>
    <localidade>Maceió</localidade>
    <uf>AL</uf>
    <estado>Alagoas</estado>
    <região/>
    <ibge>2704302</ibge>
    <gia/>
    <ddd>82</ddd>
    <siafi>2785</siafi>
  </cep>
  <cep>
    <cep>57048-383</cep>
    <logradouro>Rua em Projeto E</logradouro>
    <complemento>(Lot Vert Paradiso)</complemento>
    <unidade/>
    <bairro>Antares</bairro>
    <localidade>Maceió</localidade>
    <uf>AL</uf>
    <estado>Alagoas</estado>
    <região/>
    <ibge>2704302</ibge>
    <gia/>
    <ddd>82</ddd>
    <siafi>2785</siafi>
  </cep>
  <cep>
    <cep>57048-384</cep>
    <logradouro>Rua em Projeto F</logradouro>
    <complemento>(Lot Vert Paradiso)</complemento>
    <unidade/>
    <bairro>Antares</bairro>
    <localidade>Maceió</localidade>
    <uf>AL</uf>
    <estado>Alagoas</estado>
    <região/>
    <ibge>2704302</ibge>
    <gia/>
    <ddd>82</ddd>
    <siafi>2785</siafi>
  </cep>
  <cep>
    <cep>57048-385</cep>
    <logradouro>Rua em Projeto G</logradouro>
    <complemento>(Lot Vert Paradiso)</complemento>
    <unidade/>
    <bairro>Antares</bairro>
    <localidade>Maceió</localidade>
    <uf>AL</uf>
    <estado>Alagoas</estado>
    <região/>
    <ibge>2704302</ibge>
    <gia/>
    <ddd>82</ddd>
    <siafi>2785</siafi>
  </cep>
  <cep>
    <cep>57048-387</cep>
    <logradouro>Rua em Projeto I</logradouro>
    <complemento>(Lot Vert Paradiso)</complemento>
    <unidade/>
    <bairro>Antares</bairro>
    <localidade>Maceió</localidade>
    <uf>AL</uf>
    <estado>Alagoas</estado>
    <região/>
    <ibge>2704302</ibge>
    <gia/>
    <ddd>82</ddd>
    <siafi>2785</siafi>
  </cep>
  <cep>
    <cep>57048-386</cep>
    <logradouro>Rua em Projeto H</logradouro>
    <complemento>(Lot Vert Paradiso)</complemento>
    <unidade/>
    <bairro>Antares</bairro>
    <localidade>Maceió</localidade>
    <uf>AL</uf>
    <estado>Alagoas</estado>
    <região/>
    <ibge>2704302</ibge>
    <gia/>
    <ddd>82</ddd>
    <siafi>2785</siafi>
  </cep>
  <cep>
    <cep>57048-388</cep>
    <logradouro>Rua em Projeto J</logradouro>
    <complemento>(Lot Vert Paradiso)</complemento>
    <unidade/>
    <bairro>Antares</bairro>
    <localidade>Maceió</localidade>
    <uf>AL</uf>
    <estado>Alagoas</estado>
    <região/>
    <ibge>2704302</ibge>
    <gia/>
    <ddd>82</ddd>
    <siafi>2785</siafi>
  </cep>
  <cep>
    <cep>57048-389</cep>
    <logradouro>Rua em Projeto K</logradouro>
    <complemento>(Lot Vert Paradiso)</complemento>
    <unidade/>
    <bairro>Antares</bairro>
    <localidade>Maceió</localidade>
    <uf>AL</uf>
    <estado>Alagoas</estado>
    <região/>
    <ibge>2704302</ibge>
    <gia/>
    <ddd>82</ddd>
    <siafi>2785</siafi>
  </cep>
  <cep>
    <cep>57048-715</cep>
    <logradouro>Rua em Projeto 7161</logradouro>
    <complemento>(Lot Antares I)</complemento>
    <unidade/>
    <bairro>Antares</bairro>
    <localidade>Maceió</localidade>
    <uf>AL</uf>
    <estado>Alagoas</estado>
    <região/>
    <ibge>2704302</ibge>
    <gia/>
    <ddd>82</ddd>
    <siafi>2785</siafi>
  </cep>
  <cep>
    <cep>57051-085</cep>
    <logradouro>Rua Industrial Sidrack Costa</logradouro>
    <complemento/>
    <unidade/>
    <bairro>Farol</bairro>
    <localidade>Maceió</localidade>
    <uf>AL</uf>
    <estado>Alagoas</estado>
    <região/>
    <ibge>2704302</ibge>
    <gia/>
    <ddd>82</ddd>
    <siafi>2785</siafi>
  </cep>
  <cep>
    <cep>57052-335</cep>
    <logradouro>Travessa São José</logradouro>
    <complemento/>
    <unidade/>
    <bairro>Pitanguinha</bairro>
    <localidade>Maceió</localidade>
    <uf>AL</uf>
    <estado>Alagoas</estado>
    <região/>
    <ibge>2704302</ibge>
    <gia/>
    <ddd>82</ddd>
    <siafi>2785</siafi>
  </cep>
  <cep>
    <cep>57052-425</cep>
    <logradouro>Travessa Projetada 85</logradouro>
    <complemento>(Prq N Sra de Lourdes)</complemento>
    <unidade/>
    <bairro>Gruta de Lourdes</bairro>
    <localidade>Maceió</localidade>
    <uf>AL</uf>
    <estado>Alagoas</estado>
    <região/>
    <ibge>2704302</ibge>
    <gia/>
    <ddd>82</ddd>
    <siafi>2785</siafi>
  </cep>
  <cep>
    <cep>57052-730</cep>
    <logradouro>Rua Roberval Montenegro do Nascimento</logradouro>
    <complemento>(Rua G)</complemento>
    <unidade/>
    <bairro>Gruta de Lourdes</bairro>
    <localidade>Maceió</localidade>
    <uf>AL</uf>
    <estado>Alagoas</estado>
    <região/>
    <ibge>2704302</ibge>
    <gia/>
    <ddd>82</ddd>
    <siafi>2785</siafi>
  </cep>
  <cep>
    <cep>57055-302</cep>
    <logradouro>Rua Manoel Menezes</logradouro>
    <complemento/>
    <unidade/>
    <bairro>Farol</bairro>
    <localidade>Maceió</localidade>
    <uf>AL</uf>
    <estado>Alagoas</estado>
    <região/>
    <ibge>2704302</ibge>
    <gia/>
    <ddd>82</ddd>
    <siafi>2785</siafi>
  </cep>
  <cep>
    <cep>57052-902</cep>
    <logradouro>Avenida Fernandes Lima</logradouro>
    <complemento>3349</complemento>
    <unidade>EQUATORIAL</unidade>
    <bairro>Gruta de Lourdes</bairro>
    <localidade>Maceió</localidade>
    <uf>AL</uf>
    <estado>Alagoas</estado>
    <região/>
    <ibge>2704302</ibge>
    <gia/>
    <ddd>82</ddd>
    <siafi>2785</siafi>
  </cep>
  <cep>
    <cep>57055-575</cep>
    <logradouro>Travessa Santo Amaro</logradouro>
    <complemento/>
    <unidade/>
    <bairro>Pinheiro</bairro>
    <localidade>Maceió</localidade>
    <uf>AL</uf>
    <estado>Alagoas</estado>
    <região/>
    <ibge>2704302</ibge>
    <gia/>
    <ddd>82</ddd>
    <siafi>2785</siafi>
  </cep>
  <cep>
    <cep>57057-275</cep>
    <logradouro>Vila São João</logradouro>
    <complemento/>
    <unidade/>
    <bairro>Pinheiro</bairro>
    <localidade>Maceió</localidade>
    <uf>AL</uf>
    <estado>Alagoas</estado>
    <região/>
    <ibge>2704302</ibge>
    <gia/>
    <ddd>82</ddd>
    <siafi>2785</siafi>
  </cep>
  <cep>
    <cep>57060-724</cep>
    <logradouro>Travessa José Henrique do Nascimento 2680</logradouro>
    <complemento/>
    <unidade/>
    <bairro>Tabuleiro do Martins</bairro>
    <localidade>Maceió</localidade>
    <uf>AL</uf>
    <estado>Alagoas</estado>
    <região/>
    <ibge>2704302</ibge>
    <gia/>
    <ddd>82</ddd>
    <siafi>2785</siafi>
  </cep>
  <cep>
    <cep>57061-656</cep>
    <logradouro>Rua Projetada 0889</logradouro>
    <complemento/>
    <unidade/>
    <bairro>Tabuleiro do Martins</bairro>
    <localidade>Maceió</localidade>
    <uf>AL</uf>
    <estado>Alagoas</estado>
    <região/>
    <ibge>2704302</ibge>
    <gia/>
    <ddd>82</ddd>
    <siafi>2785</siafi>
  </cep>
  <cep>
    <cep>57060-722</cep>
    <logradouro>Travessa José Henrique do Nascimento 2678</logradouro>
    <complemento/>
    <unidade/>
    <bairro>Tabuleiro do Martins</bairro>
    <localidade>Maceió</localidade>
    <uf>AL</uf>
    <estado>Alagoas</estado>
    <região/>
    <ibge>2704302</ibge>
    <gia/>
    <ddd>82</ddd>
    <siafi>2785</siafi>
  </cep>
  <cep>
    <cep>57060-723</cep>
    <logradouro>Travessa José Henrique do Nascimento 2679</logradouro>
    <complemento/>
    <unidade/>
    <bairro>Tabuleiro do Martins</bairro>
    <localidade>Maceió</localidade>
    <uf>AL</uf>
    <estado>Alagoas</estado>
    <região/>
    <ibge>2704302</ibge>
    <gia/>
    <ddd>82</ddd>
    <siafi>2785</siafi>
  </cep>
  <cep>
    <cep>57060-727</cep>
    <logradouro>Travessa José Henrique do Nascimento 2682</logradouro>
    <complemento/>
    <unidade/>
    <bairro>Tabuleiro do Martins</bairro>
    <localidade>Maceió</localidade>
    <uf>AL</uf>
    <estado>Alagoas</estado>
    <região/>
    <ibge>2704302</ibge>
    <gia/>
    <ddd>82</ddd>
    <siafi>2785</siafi>
  </cep>
  <cep>
    <cep>57060-725</cep>
    <logradouro>Travessa José Henrique do Nascimento 2681</logradouro>
    <complemento/>
    <unidade/>
    <bairro>Tabuleiro do Martins</bairro>
    <localidade>Maceió</localidade>
    <uf>AL</uf>
    <estado>Alagoas</estado>
    <região/>
    <ibge>2704302</ibge>
    <gia/>
    <ddd>82</ddd>
    <siafi>2785</siafi>
  </cep>
  <cep>
    <cep>57062-271</cep>
    <logradouro>Rua em Projeto A</logradouro>
    <complemento>(Lot Res Alamedas do Horto)</complemento>
    <unidade/>
    <bairro>Petrópolis</bairro>
    <localidade>Maceió</localidade>
    <uf>AL</uf>
    <estado>Alagoas</estado>
    <região/>
    <ibge>2704302</ibge>
    <gia/>
    <ddd>82</ddd>
    <siafi>2785</siafi>
  </cep>
  <cep>
    <cep>57061-971</cep>
    <logradouro>Avenida Doutor Durval de Góis Monteiro</logradouro>
    <complemento>2217</complemento>
    <unidade>CDD Tabuleiro dos Martins</unidade>
    <bairro>Tabuleiro do Martins</bairro>
    <localidade>Maceió</localidade>
    <uf>AL</uf>
    <estado>Alagoas</estado>
    <região/>
    <ibge>2704302</ibge>
    <gia/>
    <ddd>82</ddd>
    <siafi>2785</siafi>
  </cep>
  <cep>
    <cep>57062-235</cep>
    <logradouro>Rua Projetada 960</logradouro>
    <complemento>(Lot Jardim Petrópolis II)</complemento>
    <unidade/>
    <bairro>Petrópolis</bairro>
    <localidade>Maceió</localidade>
    <uf>AL</uf>
    <estado>Alagoas</estado>
    <região/>
    <ibge>2704302</ibge>
    <gia/>
    <ddd>82</ddd>
    <siafi>2785</siafi>
  </cep>
  <cep>
    <cep>57062-272</cep>
    <logradouro>Rua em Projeto B</logradouro>
    <complemento>(Lot Res Alamedas do Horto)</complemento>
    <unidade/>
    <bairro>Petrópolis</bairro>
    <localidade>Maceió</localidade>
    <uf>AL</uf>
    <estado>Alagoas</estado>
    <região/>
    <ibge>2704302</ibge>
    <gia/>
    <ddd>82</ddd>
    <siafi>2785</siafi>
  </cep>
  <cep>
    <cep>57062-274</cep>
    <logradouro>Rua D</logradouro>
    <complemento>(Lot Res Alamedas do Horto)</complemento>
    <unidade/>
    <bairro>Petrópolis</bairro>
    <localidade>Maceió</localidade>
    <uf>AL</uf>
    <estado>Alagoas</estado>
    <região/>
    <ibge>2704302</ibge>
    <gia/>
    <ddd>82</ddd>
    <siafi>2785</siafi>
  </cep>
  <cep>
    <cep>57062-273</cep>
    <logradouro>Rua em Projeto C</logradouro>
    <complemento>(Lot Res Alamedas do Horto)</complemento>
    <unidade/>
    <bairro>Petrópolis</bairro>
    <localidade>Maceió</localidade>
    <uf>AL</uf>
    <estado>Alagoas</estado>
    <região/>
    <ibge>2704302</ibge>
    <gia/>
    <ddd>82</ddd>
    <siafi>2785</siafi>
  </cep>
  <cep>
    <cep>57062-276</cep>
    <logradouro>Rua em Projeto F</logradouro>
    <complemento>(Lot Res Alamedas do Horto)</complemento>
    <unidade/>
    <bairro>Petrópolis</bairro>
    <localidade>Maceió</localidade>
    <uf>AL</uf>
    <estado>Alagoas</estado>
    <região/>
    <ibge>2704302</ibge>
    <gia/>
    <ddd>82</ddd>
    <siafi>2785</siafi>
  </cep>
  <cep>
    <cep>57062-277</cep>
    <logradouro>Rua em Projeto H</logradouro>
    <complemento>(Lot Res Alamedas do Horto)</complemento>
    <unidade/>
    <bairro>Petrópolis</bairro>
    <localidade>Maceió</localidade>
    <uf>AL</uf>
    <estado>Alagoas</estado>
    <região/>
    <ibge>2704302</ibge>
    <gia/>
    <ddd>82</ddd>
    <siafi>2785</siafi>
  </cep>
  <cep>
    <cep>57062-275</cep>
    <logradouro>Rua em Projeto E</logradouro>
    <complemento>(Lot Res Alamedas do Horto)</complemento>
    <unidade/>
    <bairro>Petrópolis</bairro>
    <localidade>Maceió</localidade>
    <uf>AL</uf>
    <estado>Alagoas</estado>
    <região/>
    <ibge>2704302</ibge>
    <gia/>
    <ddd>82</ddd>
    <siafi>2785</siafi>
  </cep>
  <cep>
    <cep>57062-281</cep>
    <logradouro>Rua em Projeto K</logradouro>
    <complemento>(Lot Res Alamedas do Horto)</complemento>
    <unidade/>
    <bairro>Petrópolis</bairro>
    <localidade>Maceió</localidade>
    <uf>AL</uf>
    <estado>Alagoas</estado>
    <região/>
    <ibge>2704302</ibge>
    <gia/>
    <ddd>82</ddd>
    <siafi>2785</siafi>
  </cep>
  <cep>
    <cep>57062-278</cep>
    <logradouro>Rua em Projeto I</logradouro>
    <complemento>(Lot Res Alamedas do Horto)</complemento>
    <unidade/>
    <bairro>Petrópolis</bairro>
    <localidade>Maceió</localidade>
    <uf>AL</uf>
    <estado>Alagoas</estado>
    <região/>
    <ibge>2704302</ibge>
    <gia/>
    <ddd>82</ddd>
    <siafi>2785</siafi>
  </cep>
  <cep>
    <cep>57062-279</cep>
    <logradouro>Rua em Projeto J</logradouro>
    <complemento>(Lot Res Alamedas do Horto)</complemento>
    <unidade/>
    <bairro>Petrópolis</bairro>
    <localidade>Maceió</localidade>
    <uf>AL</uf>
    <estado>Alagoas</estado>
    <região/>
    <ibge>2704302</ibge>
    <gia/>
    <ddd>82</ddd>
    <siafi>2785</siafi>
  </cep>
  <cep>
    <cep>57062-283</cep>
    <logradouro>Rua em Projeto L</logradouro>
    <complemento>(Lot Res Alamedas do Horto)</complemento>
    <unidade/>
    <bairro>Petrópolis</bairro>
    <localidade>Maceió</localidade>
    <uf>AL</uf>
    <estado>Alagoas</estado>
    <região/>
    <ibge>2704302</ibge>
    <gia/>
    <ddd>82</ddd>
    <siafi>2785</siafi>
  </cep>
  <cep>
    <cep>57062-477</cep>
    <logradouro>Rua Projetada 0207</logradouro>
    <complemento/>
    <unidade/>
    <bairro>Petrópolis</bairro>
    <localidade>Maceió</localidade>
    <uf>AL</uf>
    <estado>Alagoas</estado>
    <região/>
    <ibge>2704302</ibge>
    <gia/>
    <ddd>82</ddd>
    <siafi>2785</siafi>
  </cep>
  <cep>
    <cep>57063-210</cep>
    <logradouro>Rua José Rocha Lima</logradouro>
    <complemento/>
    <unidade/>
    <bairro>Santa Amélia</bairro>
    <localidade>Maceió</localidade>
    <uf>AL</uf>
    <estado>Alagoas</estado>
    <região/>
    <ibge>2704302</ibge>
    <gia/>
    <ddd>82</ddd>
    <siafi>2785</siafi>
  </cep>
  <cep>
    <cep>57070-125</cep>
    <logradouro>Rua São José</logradouro>
    <complemento/>
    <unidade/>
    <bairro>Fernão Velho</bairro>
    <localidade>Maceió</localidade>
    <uf>AL</uf>
    <estado>Alagoas</estado>
    <região/>
    <ibge>2704302</ibge>
    <gia/>
    <ddd>82</ddd>
    <siafi>2785</siafi>
  </cep>
  <cep>
    <cep>57063-835</cep>
    <logradouro>Rua em Projeto A</logradouro>
    <complemento>(Medeiros Neto)</complemento>
    <unidade/>
    <bairro>Santa Amélia</bairro>
    <localidade>Maceió</localidade>
    <uf>AL</uf>
    <estado>Alagoas</estado>
    <região/>
    <ibge>2704302</ibge>
    <gia/>
    <ddd>82</ddd>
    <siafi>2785</siafi>
  </cep>
  <cep>
    <cep>57070-467</cep>
    <logradouro>Rua do Campo 2668</logradouro>
    <complemento/>
    <unidade/>
    <bairro>Fernão Velho</bairro>
    <localidade>Maceió</localidade>
    <uf>AL</uf>
    <estado>Alagoas</estado>
    <região/>
    <ibge>2704302</ibge>
    <gia/>
    <ddd>82</ddd>
    <siafi>2785</siafi>
  </cep>
  <cep>
    <cep>57070-413</cep>
    <logradouro>Rua do Meio 2654</logradouro>
    <complemento/>
    <unidade/>
    <bairro>Fernão Velho</bairro>
    <localidade>Maceió</localidade>
    <uf>AL</uf>
    <estado>Alagoas</estado>
    <região/>
    <ibge>2704302</ibge>
    <gia/>
    <ddd>82</ddd>
    <siafi>2785</siafi>
  </cep>
  <cep>
    <cep>57070-473</cep>
    <logradouro>Rua do Campo 2656</logradouro>
    <complemento/>
    <unidade/>
    <bairro>Fernão Velho</bairro>
    <localidade>Maceió</localidade>
    <uf>AL</uf>
    <estado>Alagoas</estado>
    <região/>
    <ibge>2704302</ibge>
    <gia/>
    <ddd>82</ddd>
    <siafi>2785</siafi>
  </cep>
  <cep>
    <cep>57070-507</cep>
    <logradouro>Conjunto Residencial São Francisco</logradouro>
    <complemento/>
    <unidade/>
    <bairro>Rio Novo</bairro>
    <localidade>Maceió</localidade>
    <uf>AL</uf>
    <estado>Alagoas</estado>
    <região/>
    <ibge>2704302</ibge>
    <gia/>
    <ddd>82</ddd>
    <siafi>2785</siafi>
  </cep>
  <cep>
    <cep>57070-475</cep>
    <logradouro>Rua do Campo 2655</logradouro>
    <complemento/>
    <unidade/>
    <bairro>Fernão Velho</bairro>
    <localidade>Maceió</localidade>
    <uf>AL</uf>
    <estado>Alagoas</estado>
    <região/>
    <ibge>2704302</ibge>
    <gia/>
    <ddd>82</ddd>
    <siafi>2785</siafi>
  </cep>
  <cep>
    <cep>57070-508</cep>
    <logradouro>Quadra H</logradouro>
    <complemento>(Lot Alto Boa Vista)</complemento>
    <unidade/>
    <bairro>Rio Novo</bairro>
    <localidade>Maceió</localidade>
    <uf>AL</uf>
    <estado>Alagoas</estado>
    <região/>
    <ibge>2704302</ibge>
    <gia/>
    <ddd>82</ddd>
    <siafi>2785</siafi>
  </cep>
  <cep>
    <cep>57070-710</cep>
    <logradouro>Quadra T</logradouro>
    <complemento>(Lot Rio Novo)</complemento>
    <unidade/>
    <bairro>Rio Novo</bairro>
    <localidade>Maceió</localidade>
    <uf>AL</uf>
    <estado>Alagoas</estado>
    <região/>
    <ibge>2704302</ibge>
    <gia/>
    <ddd>82</ddd>
    <siafi>2785</siafi>
  </cep>
  <cep>
    <cep>57070-505</cep>
    <logradouro>Conjunto Residencial Amazonas</logradouro>
    <complemento/>
    <unidade/>
    <bairro>Rio Novo</bairro>
    <localidade>Maceió</localidade>
    <uf>AL</uf>
    <estado>Alagoas</estado>
    <região/>
    <ibge>2704302</ibge>
    <gia/>
    <ddd>82</ddd>
    <siafi>2785</siafi>
  </cep>
  <cep>
    <cep>57070-506</cep>
    <logradouro>Conjunto Residencial Tocantins</logradouro>
    <complemento/>
    <unidade/>
    <bairro>Rio Novo</bairro>
    <localidade>Maceió</localidade>
    <uf>AL</uf>
    <estado>Alagoas</estado>
    <região/>
    <ibge>2704302</ibge>
    <gia/>
    <ddd>82</ddd>
    <siafi>2785</siafi>
  </cep>
  <cep>
    <cep>57070-465</cep>
    <logradouro>Rua do Campo 2667</logradouro>
    <complemento/>
    <unidade/>
    <bairro>Fernão Velho</bairro>
    <localidade>Maceió</localidade>
    <uf>AL</uf>
    <estado>Alagoas</estado>
    <região/>
    <ibge>2704302</ibge>
    <gia/>
    <ddd>82</ddd>
    <siafi>2785</siafi>
  </cep>
  <cep>
    <cep>57070-729</cep>
    <logradouro>Quadra U</logradouro>
    <complemento>(Lot Rio Novo)</complemento>
    <unidade/>
    <bairro>Rio Novo</bairro>
    <localidade>Maceió</localidade>
    <uf>AL</uf>
    <estado>Alagoas</estado>
    <região/>
    <ibge>2704302</ibge>
    <gia/>
    <ddd>82</ddd>
    <siafi>2785</siafi>
  </cep>
  <cep>
    <cep>57071-033</cep>
    <logradouro>Travessa Anderival Santos</logradouro>
    <complemento/>
    <unidade/>
    <bairro>Clima Bom</bairro>
    <localidade>Maceió</localidade>
    <uf>AL</uf>
    <estado>Alagoas</estado>
    <região/>
    <ibge>2704302</ibge>
    <gia/>
    <ddd>82</ddd>
    <siafi>2785</siafi>
  </cep>
  <cep>
    <cep>57071-034</cep>
    <logradouro>Travessa Januário Silva</logradouro>
    <complemento/>
    <unidade/>
    <bairro>Clima Bom</bairro>
    <localidade>Maceió</localidade>
    <uf>AL</uf>
    <estado>Alagoas</estado>
    <região/>
    <ibge>2704302</ibge>
    <gia/>
    <ddd>82</ddd>
    <siafi>2785</siafi>
  </cep>
  <cep>
    <cep>57071-104</cep>
    <logradouro>2ª Rua Nova</logradouro>
    <complemento/>
    <unidade/>
    <bairro>Clima Bom</bairro>
    <localidade>Maceió</localidade>
    <uf>AL</uf>
    <estado>Alagoas</estado>
    <região/>
    <ibge>2704302</ibge>
    <gia/>
    <ddd>82</ddd>
    <siafi>2785</siafi>
  </cep>
  <cep>
    <cep>57071-241</cep>
    <logradouro>8ª Travessa Recanto do Sol</logradouro>
    <complemento/>
    <unidade/>
    <bairro>Clima Bom</bairro>
    <localidade>Maceió</localidade>
    <uf>AL</uf>
    <estado>Alagoas</estado>
    <região/>
    <ibge>2704302</ibge>
    <gia/>
    <ddd>82</ddd>
    <siafi>2785</siafi>
  </cep>
  <cep>
    <cep>57071-619</cep>
    <logradouro>Avenida Doutor Hamilton Falcão</logradouro>
    <complemento/>
    <unidade/>
    <bairro>Clima Bom</bairro>
    <localidade>Maceió</localidade>
    <uf>AL</uf>
    <estado>Alagoas</estado>
    <região/>
    <ibge>2704302</ibge>
    <gia/>
    <ddd>82</ddd>
    <siafi>2785</siafi>
  </cep>
  <cep>
    <cep>57071-243</cep>
    <logradouro>9ª Travessa Recanto do Sol</logradouro>
    <complemento/>
    <unidade/>
    <bairro>Clima Bom</bairro>
    <localidade>Maceió</localidade>
    <uf>AL</uf>
    <estado>Alagoas</estado>
    <região/>
    <ibge>2704302</ibge>
    <gia/>
    <ddd>82</ddd>
    <siafi>2785</siafi>
  </cep>
  <cep>
    <cep>57071-696</cep>
    <logradouro>Rua Projetada 943</logradouro>
    <complemento>(Cj Rosane Collor)</complemento>
    <unidade/>
    <bairro>Clima Bom</bairro>
    <localidade>Maceió</localidade>
    <uf>AL</uf>
    <estado>Alagoas</estado>
    <região/>
    <ibge>2704302</ibge>
    <gia/>
    <ddd>82</ddd>
    <siafi>2785</siafi>
  </cep>
  <cep>
    <cep>57072-245</cep>
    <logradouro>Avenida Doutor Manoel Valente de Lima</logradouro>
    <complemento>(Lot Grand Jardim)</complemento>
    <unidade/>
    <bairro>Cidade Universitária</bairro>
    <localidade>Maceió</localidade>
    <uf>AL</uf>
    <estado>Alagoas</estado>
    <região/>
    <ibge>2704302</ibge>
    <gia/>
    <ddd>82</ddd>
    <siafi>2785</siafi>
  </cep>
  <cep>
    <cep>57072-170</cep>
    <logradouro>Rua I Lot 357</logradouro>
    <complemento>(Res Maceió I)</complemento>
    <unidade/>
    <bairro>Cidade Universitária</bairro>
    <localidade>Maceió</localidade>
    <uf>AL</uf>
    <estado>Alagoas</estado>
    <região/>
    <ibge>2704302</ibge>
    <gia/>
    <ddd>82</ddd>
    <siafi>2785</siafi>
  </cep>
  <cep>
    <cep>57072-255</cep>
    <logradouro>Condomínio Residencial Jardim das Palmeiras</logradouro>
    <complemento/>
    <unidade/>
    <bairro>Cidade Universitária</bairro>
    <localidade>Maceió</localidade>
    <uf>AL</uf>
    <estado>Alagoas</estado>
    <região/>
    <ibge>2704302</ibge>
    <gia/>
    <ddd>82</ddd>
    <siafi>2785</siafi>
  </cep>
  <cep>
    <cep>57072-256</cep>
    <logradouro>Condomínio Residencial Jardim Pinheiros</logradouro>
    <complemento/>
    <unidade/>
    <bairro>Cidade Universitária</bairro>
    <localidade>Maceió</localidade>
    <uf>AL</uf>
    <estado>Alagoas</estado>
    <região/>
    <ibge>2704302</ibge>
    <gia/>
    <ddd>82</ddd>
    <siafi>2785</siafi>
  </cep>
  <cep>
    <cep>57072-257</cep>
    <logradouro>Condomínio Residencial Jardim dos Eucalíptos</logradouro>
    <complemento/>
    <unidade/>
    <bairro>Cidade Universitária</bairro>
    <localidade>Maceió</localidade>
    <uf>AL</uf>
    <estado>Alagoas</estado>
    <região/>
    <ibge>2704302</ibge>
    <gia/>
    <ddd>82</ddd>
    <siafi>2785</siafi>
  </cep>
  <cep>
    <cep>57072-258</cep>
    <logradouro>Rua Maestro Ivanildo Rafael</logradouro>
    <complemento>(Lot Grand Jardim)</complemento>
    <unidade/>
    <bairro>Cidade Universitária</bairro>
    <localidade>Maceió</localidade>
    <uf>AL</uf>
    <estado>Alagoas</estado>
    <região/>
    <ibge>2704302</ibge>
    <gia/>
    <ddd>82</ddd>
    <siafi>2785</siafi>
  </cep>
  <cep>
    <cep>57072-259</cep>
    <logradouro>Condomínio Jardim dos Flamboyants</logradouro>
    <complemento/>
    <unidade/>
    <bairro>Cidade Universitária</bairro>
    <localidade>Maceió</localidade>
    <uf>AL</uf>
    <estado>Alagoas</estado>
    <região/>
    <ibge>2704302</ibge>
    <gia/>
    <ddd>82</ddd>
    <siafi>2785</siafi>
  </cep>
  <cep>
    <cep>57072-286</cep>
    <logradouro>Rua Projetada 453</logradouro>
    <complemento>(Lot J Saúde)</complemento>
    <unidade/>
    <bairro>Cidade Universitária</bairro>
    <localidade>Maceió</localidade>
    <uf>AL</uf>
    <estado>Alagoas</estado>
    <região/>
    <ibge>2704302</ibge>
    <gia/>
    <ddd>82</ddd>
    <siafi>2785</siafi>
  </cep>
  <cep>
    <cep>57072-471</cep>
    <logradouro>Alameda dos Antúrios</logradouro>
    <complemento/>
    <unidade/>
    <bairro>Cidade Universitária</bairro>
    <localidade>Maceió</localidade>
    <uf>AL</uf>
    <estado>Alagoas</estado>
    <região/>
    <ibge>2704302</ibge>
    <gia/>
    <ddd>82</ddd>
    <siafi>2785</siafi>
  </cep>
  <cep>
    <cep>57072-587</cep>
    <logradouro>Rua Ladislau Vieira Sarmento</logradouro>
    <complemento/>
    <unidade/>
    <bairro>Cidade Universitária</bairro>
    <localidade>Maceió</localidade>
    <uf>AL</uf>
    <estado>Alagoas</estado>
    <região/>
    <ibge>2704302</ibge>
    <gia/>
    <ddd>82</ddd>
    <siafi>2785</siafi>
  </cep>
  <cep>
    <cep>57073-461</cep>
    <logradouro>Rua em Projeto 7667</logradouro>
    <complemento>(Cond R P Shopping I)</complemento>
    <unidade/>
    <bairro>Cidade Universitária</bairro>
    <localidade>Maceió</localidade>
    <uf>AL</uf>
    <estado>Alagoas</estado>
    <região/>
    <ibge>2704302</ibge>
    <gia/>
    <ddd>82</ddd>
    <siafi>2785</siafi>
  </cep>
  <cep>
    <cep>57073-078</cep>
    <logradouro>2ª Rua Iolanda Gomes de Moura</logradouro>
    <complemento/>
    <unidade/>
    <bairro>Cidade Universitária</bairro>
    <localidade>Maceió</localidade>
    <uf>AL</uf>
    <estado>Alagoas</estado>
    <região/>
    <ibge>2704302</ibge>
    <gia/>
    <ddd>82</ddd>
    <siafi>2785</siafi>
  </cep>
  <cep>
    <cep>57074-072</cep>
    <logradouro>Rua Santa Fé</logradouro>
    <complemento>(Lot Pq da Árvores)</complemento>
    <unidade/>
    <bairro>Cidade Universitária</bairro>
    <localidade>Maceió</localidade>
    <uf>AL</uf>
    <estado>Alagoas</estado>
    <região/>
    <ibge>2704302</ibge>
    <gia/>
    <ddd>82</ddd>
    <siafi>2785</siafi>
  </cep>
  <cep>
    <cep>57074-200</cep>
    <logradouro>Rua Projetada 678</logradouro>
    <complemento>de 501/502 ao fim</complemento>
    <unidade/>
    <bairro>Cidade Universitária</bairro>
    <localidade>Maceió</localidade>
    <uf>AL</uf>
    <estado>Alagoas</estado>
    <região/>
    <ibge>2704302</ibge>
    <gia/>
    <ddd>82</ddd>
    <siafi>2785</siafi>
  </cep>
  <cep>
    <cep>57072-835</cep>
    <logradouro>Travessa 3</logradouro>
    <complemento>(Cj Lucila Toledo)</complemento>
    <unidade/>
    <bairro>Cidade Universitária</bairro>
    <localidade>Maceió</localidade>
    <uf>AL</uf>
    <estado>Alagoas</estado>
    <região/>
    <ibge>2704302</ibge>
    <gia/>
    <ddd>82</ddd>
    <siafi>2785</siafi>
  </cep>
  <cep>
    <cep>57073-620</cep>
    <logradouro>Rua G</logradouro>
    <complemento>(Cj Denisson Menezes)</complemento>
    <unidade/>
    <bairro>Cidade Universitária</bairro>
    <localidade>Maceió</localidade>
    <uf>AL</uf>
    <estado>Alagoas</estado>
    <região/>
    <ibge>2704302</ibge>
    <gia/>
    <ddd>82</ddd>
    <siafi>2785</siafi>
  </cep>
  <cep>
    <cep>57074-500</cep>
    <logradouro>Alameda das Amendoeiras</logradouro>
    <complemento/>
    <unidade/>
    <bairro>Cidade Universitária</bairro>
    <localidade>Maceió</localidade>
    <uf>AL</uf>
    <estado>Alagoas</estado>
    <região/>
    <ibge>2704302</ibge>
    <gia/>
    <ddd>82</ddd>
    <siafi>2785</siafi>
  </cep>
  <cep>
    <cep>57074-215</cep>
    <logradouro>Condomínio Recanto das Estrelas</logradouro>
    <complemento/>
    <unidade/>
    <bairro>Cidade Universitária</bairro>
    <localidade>Maceió</localidade>
    <uf>AL</uf>
    <estado>Alagoas</estado>
    <região/>
    <ibge>2704302</ibge>
    <gia/>
    <ddd>82</ddd>
    <siafi>2785</siafi>
  </cep>
  <cep>
    <cep>57074-530</cep>
    <logradouro>Avenida Bosque da Cimeira</logradouro>
    <complemento/>
    <unidade/>
    <bairro>Cidade Universitária</bairro>
    <localidade>Maceió</localidade>
    <uf>AL</uf>
    <estado>Alagoas</estado>
    <região/>
    <ibge>2704302</ibge>
    <gia/>
    <ddd>82</ddd>
    <siafi>2785</siafi>
  </cep>
  <cep>
    <cep>57074-550</cep>
    <logradouro>Avenida Grand Jardim</logradouro>
    <complemento/>
    <unidade/>
    <bairro>Cidade Universitária</bairro>
    <localidade>Maceió</localidade>
    <uf>AL</uf>
    <estado>Alagoas</estado>
    <região/>
    <ibge>2704302</ibge>
    <gia/>
    <ddd>82</ddd>
    <siafi>2785</siafi>
  </cep>
  <cep>
    <cep>57075-291</cep>
    <logradouro>Vila Formosa</logradouro>
    <complemento/>
    <unidade/>
    <bairro>Santos Dumont</bairro>
    <localidade>Maceió</localidade>
    <uf>AL</uf>
    <estado>Alagoas</estado>
    <região/>
    <ibge>2704302</ibge>
    <gia/>
    <ddd>82</ddd>
    <siafi>2785</siafi>
  </cep>
  <cep>
    <cep>57075-015</cep>
    <logradouro>Rua Silvino José dos Santos</logradouro>
    <complemento/>
    <unidade/>
    <bairro>Santos Dumont</bairro>
    <localidade>Maceió</localidade>
    <uf>AL</uf>
    <estado>Alagoas</estado>
    <região/>
    <ibge>2704302</ibge>
    <gia/>
    <ddd>82</ddd>
    <siafi>2785</siafi>
  </cep>
  <cep>
    <cep>57075-042</cep>
    <logradouro>Travessa José Tenório</logradouro>
    <complemento/>
    <unidade/>
    <bairro>Santos Dumont</bairro>
    <localidade>Maceió</localidade>
    <uf>AL</uf>
    <estado>Alagoas</estado>
    <região/>
    <ibge>2704302</ibge>
    <gia/>
    <ddd>82</ddd>
    <siafi>2785</siafi>
  </cep>
  <cep>
    <cep>57075-726</cep>
    <logradouro>Rua C</logradouro>
    <complemento>(Lot Caribe III)</complemento>
    <unidade/>
    <bairro>Santos Dumont</bairro>
    <localidade>Maceió</localidade>
    <uf>AL</uf>
    <estado>Alagoas</estado>
    <região/>
    <ibge>2704302</ibge>
    <gia/>
    <ddd>82</ddd>
    <siafi>2785</siafi>
  </cep>
  <cep>
    <cep>57073-901</cep>
    <logradouro>Avenida Menino Marcelo</logradouro>
    <complemento>s/n</complemento>
    <unidade>Departamento de Trânsito do Estado de Alagoas - DETRAN</unidade>
    <bairro>Cidade Universitária</bairro>
    <localidade>Maceió</localidade>
    <uf>AL</uf>
    <estado>Alagoas</estado>
    <região/>
    <ibge>2704302</ibge>
    <gia/>
    <ddd>82</ddd>
    <siafi>2785</siafi>
  </cep>
  <cep>
    <cep>57075-900</cep>
    <logradouro>Avenida Lourival Melo Mota</logradouro>
    <complemento>s/n Quadra A Lote 8</complemento>
    <unidade>Supervisão de bens e móveis</unidade>
    <bairro>Santos Dumont</bairro>
    <localidade>Maceió</localidade>
    <uf>AL</uf>
    <estado>Alagoas</estado>
    <região/>
    <ibge>2704302</ibge>
    <gia/>
    <ddd>82</ddd>
    <siafi>2785</siafi>
  </cep>
  <cep>
    <cep>57080-573</cep>
    <logradouro>Rua em Projeto 62</logradouro>
    <complemento>(Aldebaran Ômega)</complemento>
    <unidade/>
    <bairro>Jardim Petrópolis</bairro>
    <localidade>Maceió</localidade>
    <uf>AL</uf>
    <estado>Alagoas</estado>
    <região/>
    <ibge>2704302</ibge>
    <gia/>
    <ddd>82</ddd>
    <siafi>2785</siafi>
  </cep>
  <cep>
    <cep>57080-574</cep>
    <logradouro>Rua em Projeto 73</logradouro>
    <complemento>(Aldebaran Ômega)</complemento>
    <unidade/>
    <bairro>Jardim Petrópolis</bairro>
    <localidade>Maceió</localidade>
    <uf>AL</uf>
    <estado>Alagoas</estado>
    <região/>
    <ibge>2704302</ibge>
    <gia/>
    <ddd>82</ddd>
    <siafi>2785</siafi>
  </cep>
  <cep>
    <cep>57080-588</cep>
    <logradouro>Rua em Projeto 56</logradouro>
    <complemento>(Aldebaran Ômega)</complemento>
    <unidade/>
    <bairro>Jardim Petrópolis</bairro>
    <localidade>Maceió</localidade>
    <uf>AL</uf>
    <estado>Alagoas</estado>
    <região/>
    <ibge>2704302</ibge>
    <gia/>
    <ddd>82</ddd>
    <siafi>2785</siafi>
  </cep>
  <cep>
    <cep>57080-592</cep>
    <logradouro>Rua em Projeto 53</logradouro>
    <complemento>(Aldebaran Ômega)</complemento>
    <unidade/>
    <bairro>Jardim Petrópolis</bairro>
    <localidade>Maceió</localidade>
    <uf>AL</uf>
    <estado>Alagoas</estado>
    <região/>
    <ibge>2704302</ibge>
    <gia/>
    <ddd>82</ddd>
    <siafi>2785</siafi>
  </cep>
  <cep>
    <cep>57081-028</cep>
    <logradouro>Rua em Projeto D</logradouro>
    <complemento>(Lot Cargo Center)</complemento>
    <unidade/>
    <bairro>Tabuleiro do Martins</bairro>
    <localidade>Maceió</localidade>
    <uf>AL</uf>
    <estado>Alagoas</estado>
    <região/>
    <ibge>2704302</ibge>
    <gia/>
    <ddd>82</ddd>
    <siafi>2785</siafi>
  </cep>
  <cep>
    <cep>57081-026</cep>
    <logradouro>Rua em Projeto F</logradouro>
    <complemento>(Lot Cargo Center)</complemento>
    <unidade/>
    <bairro>Tabuleiro do Martins</bairro>
    <localidade>Maceió</localidade>
    <uf>AL</uf>
    <estado>Alagoas</estado>
    <região/>
    <ibge>2704302</ibge>
    <gia/>
    <ddd>82</ddd>
    <siafi>2785</siafi>
  </cep>
  <cep>
    <cep>57081-032</cep>
    <logradouro>Rua em Projeto H</logradouro>
    <complemento>(Lot Cargo Center)</complemento>
    <unidade/>
    <bairro>Tabuleiro do Martins</bairro>
    <localidade>Maceió</localidade>
    <uf>AL</uf>
    <estado>Alagoas</estado>
    <região/>
    <ibge>2704302</ibge>
    <gia/>
    <ddd>82</ddd>
    <siafi>2785</siafi>
  </cep>
  <cep>
    <cep>57081-036</cep>
    <logradouro>Rua em Projeto G</logradouro>
    <complemento>(Lot Cargo Center)</complemento>
    <unidade/>
    <bairro>Tabuleiro do Martins</bairro>
    <localidade>Maceió</localidade>
    <uf>AL</uf>
    <estado>Alagoas</estado>
    <região/>
    <ibge>2704302</ibge>
    <gia/>
    <ddd>82</ddd>
    <siafi>2785</siafi>
  </cep>
  <cep>
    <cep>57081-034</cep>
    <logradouro>Rua em Projeto J</logradouro>
    <complemento>(Lot Cargo Center)</complemento>
    <unidade/>
    <bairro>Tabuleiro do Martins</bairro>
    <localidade>Maceió</localidade>
    <uf>AL</uf>
    <estado>Alagoas</estado>
    <região/>
    <ibge>2704302</ibge>
    <gia/>
    <ddd>82</ddd>
    <siafi>2785</siafi>
  </cep>
  <cep>
    <cep>57081-091</cep>
    <logradouro>2ª Rua Brasiliano Aprígio</logradouro>
    <complemento/>
    <unidade/>
    <bairro>Tabuleiro do Martins</bairro>
    <localidade>Maceió</localidade>
    <uf>AL</uf>
    <estado>Alagoas</estado>
    <região/>
    <ibge>2704302</ibge>
    <gia/>
    <ddd>82</ddd>
    <siafi>2785</siafi>
  </cep>
  <cep>
    <cep>57081-106</cep>
    <logradouro>3ª Travessa Castro Alves</logradouro>
    <complemento/>
    <unidade/>
    <bairro>Tabuleiro do Martins</bairro>
    <localidade>Maceió</localidade>
    <uf>AL</uf>
    <estado>Alagoas</estado>
    <região/>
    <ibge>2704302</ibge>
    <gia/>
    <ddd>82</ddd>
    <siafi>2785</siafi>
  </cep>
  <cep>
    <cep>57081-097</cep>
    <logradouro>Rua das Patativas</logradouro>
    <complemento>(Lot Rec dos Pássaros)</complemento>
    <unidade/>
    <bairro>Tabuleiro do Martins</bairro>
    <localidade>Maceió</localidade>
    <uf>AL</uf>
    <estado>Alagoas</estado>
    <região/>
    <ibge>2704302</ibge>
    <gia/>
    <ddd>82</ddd>
    <siafi>2785</siafi>
  </cep>
  <cep>
    <cep>57081-104</cep>
    <logradouro>2ª Travessa Castro Alves</logradouro>
    <complemento/>
    <unidade/>
    <bairro>Tabuleiro do Martins</bairro>
    <localidade>Maceió</localidade>
    <uf>AL</uf>
    <estado>Alagoas</estado>
    <região/>
    <ibge>2704302</ibge>
    <gia/>
    <ddd>82</ddd>
    <siafi>2785</siafi>
  </cep>
  <cep>
    <cep>57081-102</cep>
    <logradouro>1ª Travessa Castro Alves</logradouro>
    <complemento/>
    <unidade/>
    <bairro>Tabuleiro do Martins</bairro>
    <localidade>Maceió</localidade>
    <uf>AL</uf>
    <estado>Alagoas</estado>
    <região/>
    <ibge>2704302</ibge>
    <gia/>
    <ddd>82</ddd>
    <siafi>2785</siafi>
  </cep>
  <cep>
    <cep>57081-108</cep>
    <logradouro>4ª Travessa Castro Alves</logradouro>
    <complemento/>
    <unidade/>
    <bairro>Tabuleiro do Martins</bairro>
    <localidade>Maceió</localidade>
    <uf>AL</uf>
    <estado>Alagoas</estado>
    <região/>
    <ibge>2704302</ibge>
    <gia/>
    <ddd>82</ddd>
    <siafi>2785</siafi>
  </cep>
  <cep>
    <cep>57081-101</cep>
    <logradouro>Rua Mensageiro João Sarmento</logradouro>
    <complemento/>
    <unidade/>
    <bairro>Tabuleiro do Martins</bairro>
    <localidade>Maceió</localidade>
    <uf>AL</uf>
    <estado>Alagoas</estado>
    <região/>
    <ibge>2704302</ibge>
    <gia/>
    <ddd>82</ddd>
    <siafi>2785</siafi>
  </cep>
  <cep>
    <cep>57081-099</cep>
    <logradouro>Rua das Garças</logradouro>
    <complemento>(Lot Rec dos Pássaros)</complemento>
    <unidade/>
    <bairro>Tabuleiro do Martins</bairro>
    <localidade>Maceió</localidade>
    <uf>AL</uf>
    <estado>Alagoas</estado>
    <região/>
    <ibge>2704302</ibge>
    <gia/>
    <ddd>82</ddd>
    <siafi>2785</siafi>
  </cep>
  <cep>
    <cep>57081-362</cep>
    <logradouro>Avenida Antônio Lisboa de Amorim</logradouro>
    <complemento>lado ímpar</complemento>
    <unidade/>
    <bairro>Tabuleiro do Martins</bairro>
    <localidade>Maceió</localidade>
    <uf>AL</uf>
    <estado>Alagoas</estado>
    <região/>
    <ibge>2704302</ibge>
    <gia/>
    <ddd>82</ddd>
    <siafi>2785</siafi>
  </cep>
  <cep>
    <cep>57081-113</cep>
    <logradouro>Rua Brasiliano Aprígio de Oliveira</logradouro>
    <complemento/>
    <unidade/>
    <bairro>Tabuleiro do Martins</bairro>
    <localidade>Maceió</localidade>
    <uf>AL</uf>
    <estado>Alagoas</estado>
    <região/>
    <ibge>2704302</ibge>
    <gia/>
    <ddd>82</ddd>
    <siafi>2785</siafi>
  </cep>
  <cep>
    <cep>57081-755</cep>
    <logradouro>Avenida Hilda Félix de Oliveira</logradouro>
    <complemento/>
    <unidade/>
    <bairro>Tabuleiro do Martins</bairro>
    <localidade>Maceió</localidade>
    <uf>AL</uf>
    <estado>Alagoas</estado>
    <região/>
    <ibge>2704302</ibge>
    <gia/>
    <ddd>82</ddd>
    <siafi>2785</siafi>
  </cep>
  <cep>
    <cep>57081-581</cep>
    <logradouro>Travessa Antônio Alves</logradouro>
    <complemento/>
    <unidade/>
    <bairro>Tabuleiro do Martins</bairro>
    <localidade>Maceió</localidade>
    <uf>AL</uf>
    <estado>Alagoas</estado>
    <região/>
    <ibge>2704302</ibge>
    <gia/>
    <ddd>82</ddd>
    <siafi>2785</siafi>
  </cep>
  <cep>
    <cep>57081-795</cep>
    <logradouro>2ª Travessa Josué Alves Marques</logradouro>
    <complemento/>
    <unidade/>
    <bairro>Tabuleiro do Martins</bairro>
    <localidade>Maceió</localidade>
    <uf>AL</uf>
    <estado>Alagoas</estado>
    <região/>
    <ibge>2704302</ibge>
    <gia/>
    <ddd>82</ddd>
    <siafi>2785</siafi>
  </cep>
  <cep>
    <cep>57081-972</cep>
    <logradouro>Rua João José Pereira Filho</logradouro>
    <complemento>1776</complemento>
    <unidade>CEE Maceió</unidade>
    <bairro>Tabuleiro do Martins</bairro>
    <localidade>Maceió</localidade>
    <uf>AL</uf>
    <estado>Alagoas</estado>
    <região/>
    <ibge>2704302</ibge>
    <gia/>
    <ddd>82</ddd>
    <siafi>2785</siafi>
  </cep>
  <cep>
    <cep>57081-971</cep>
    <logradouro>Rua João José Pereira Filho</logradouro>
    <complemento>1776</complemento>
    <unidade>CTCE Maceió</unidade>
    <bairro>Tabuleiro do Martins</bairro>
    <localidade>Maceió</localidade>
    <uf>AL</uf>
    <estado>Alagoas</estado>
    <região/>
    <ibge>2704302</ibge>
    <gia/>
    <ddd>82</ddd>
    <siafi>2785</siafi>
  </cep>
  <cep>
    <cep>57081-970</cep>
    <logradouro>Rua João José Pereira Filho</logradouro>
    <complemento>1776</complemento>
    <unidade>CTO Maceió</unidade>
    <bairro>Tabuleiro do Martins</bairro>
    <localidade>Maceió</localidade>
    <uf>AL</uf>
    <estado>Alagoas</estado>
    <região/>
    <ibge>2704302</ibge>
    <gia/>
    <ddd>82</ddd>
    <siafi>2785</siafi>
  </cep>
  <cep>
    <cep>57081-650</cep>
    <logradouro>Rua Theodomiro Deodato</logradouro>
    <complemento/>
    <unidade/>
    <bairro>Tabuleiro do Martins</bairro>
    <localidade>Maceió</localidade>
    <uf>AL</uf>
    <estado>Alagoas</estado>
    <região/>
    <ibge>2704302</ibge>
    <gia/>
    <ddd>82</ddd>
    <siafi>2785</siafi>
  </cep>
  <cep>
    <cep>57081-975</cep>
    <logradouro>Rua João José Pereira Filho</logradouro>
    <complemento>1776</complemento>
    <unidade>CLI Maceió</unidade>
    <bairro>Tabuleiro do Martins</bairro>
    <localidade>Maceió</localidade>
    <uf>AL</uf>
    <estado>Alagoas</estado>
    <região/>
    <ibge>2704302</ibge>
    <gia/>
    <ddd>82</ddd>
    <siafi>2785</siafi>
  </cep>
  <cep>
    <cep>57082-086</cep>
    <logradouro>2ª Travessa José Barbosa da Silva</logradouro>
    <complemento/>
    <unidade/>
    <bairro>Santa Lúcia</bairro>
    <localidade>Maceió</localidade>
    <uf>AL</uf>
    <estado>Alagoas</estado>
    <região/>
    <ibge>2704302</ibge>
    <gia/>
    <ddd>82</ddd>
    <siafi>2785</siafi>
  </cep>
  <cep>
    <cep>57082-092</cep>
    <logradouro>1ª Travessa Telma Leão</logradouro>
    <complemento/>
    <unidade/>
    <bairro>Santa Lúcia</bairro>
    <localidade>Maceió</localidade>
    <uf>AL</uf>
    <estado>Alagoas</estado>
    <região/>
    <ibge>2704302</ibge>
    <gia/>
    <ddd>82</ddd>
    <siafi>2785</siafi>
  </cep>
  <cep>
    <cep>57082-082</cep>
    <logradouro>Travessa Luiz Santos de Carvalho</logradouro>
    <complemento/>
    <unidade/>
    <bairro>Santa Lúcia</bairro>
    <localidade>Maceió</localidade>
    <uf>AL</uf>
    <estado>Alagoas</estado>
    <região/>
    <ibge>2704302</ibge>
    <gia/>
    <ddd>82</ddd>
    <siafi>2785</siafi>
  </cep>
  <cep>
    <cep>57082-094</cep>
    <logradouro>2ª Travessa Telma Leão</logradouro>
    <complemento/>
    <unidade/>
    <bairro>Santa Lúcia</bairro>
    <localidade>Maceió</localidade>
    <uf>AL</uf>
    <estado>Alagoas</estado>
    <região/>
    <ibge>2704302</ibge>
    <gia/>
    <ddd>82</ddd>
    <siafi>2785</siafi>
  </cep>
  <cep>
    <cep>57082-134</cep>
    <logradouro>Travessa Gilvan Araújo</logradouro>
    <complemento/>
    <unidade/>
    <bairro>Santa Lúcia</bairro>
    <localidade>Maceió</localidade>
    <uf>AL</uf>
    <estado>Alagoas</estado>
    <região/>
    <ibge>2704302</ibge>
    <gia/>
    <ddd>82</ddd>
    <siafi>2785</siafi>
  </cep>
  <cep>
    <cep>57082-863</cep>
    <logradouro>2ª Travessa Manoel Afonso de Melo</logradouro>
    <complemento/>
    <unidade/>
    <bairro>Santa Lúcia</bairro>
    <localidade>Maceió</localidade>
    <uf>AL</uf>
    <estado>Alagoas</estado>
    <região/>
    <ibge>2704302</ibge>
    <gia/>
    <ddd>82</ddd>
    <siafi>2785</siafi>
  </cep>
  <cep>
    <cep>57082-084</cep>
    <logradouro>1ª Travessa José Barbosa da Silva</logradouro>
    <complemento/>
    <unidade/>
    <bairro>Santa Lúcia</bairro>
    <localidade>Maceió</localidade>
    <uf>AL</uf>
    <estado>Alagoas</estado>
    <região/>
    <ibge>2704302</ibge>
    <gia/>
    <ddd>82</ddd>
    <siafi>2785</siafi>
  </cep>
  <cep>
    <cep>57082-878</cep>
    <logradouro>Rua Theodomiro Deodato</logradouro>
    <complemento/>
    <unidade/>
    <bairro>Santa Lúcia</bairro>
    <localidade>Maceió</localidade>
    <uf>AL</uf>
    <estado>Alagoas</estado>
    <região/>
    <ibge>2704302</ibge>
    <gia/>
    <ddd>82</ddd>
    <siafi>2785</siafi>
  </cep>
  <cep>
    <cep>57082-879</cep>
    <logradouro>Rua Eraldo Ferreira da Costa</logradouro>
    <complemento/>
    <unidade/>
    <bairro>Santa Lúcia</bairro>
    <localidade>Maceió</localidade>
    <uf>AL</uf>
    <estado>Alagoas</estado>
    <região/>
    <ibge>2704302</ibge>
    <gia/>
    <ddd>82</ddd>
    <siafi>2785</siafi>
  </cep>
  <cep>
    <cep>57083-114</cep>
    <logradouro>Rua Theodomiro Deodato</logradouro>
    <complemento/>
    <unidade/>
    <bairro>Antares</bairro>
    <localidade>Maceió</localidade>
    <uf>AL</uf>
    <estado>Alagoas</estado>
    <região/>
    <ibge>2704302</ibge>
    <gia/>
    <ddd>82</ddd>
    <siafi>2785</siafi>
  </cep>
  <cep>
    <cep>57083-037</cep>
    <logradouro>Rua Projetada 678</logradouro>
    <complemento>até 499/500</complemento>
    <unidade/>
    <bairro>Antares</bairro>
    <localidade>Maceió</localidade>
    <uf>AL</uf>
    <estado>Alagoas</estado>
    <região/>
    <ibge>2704302</ibge>
    <gia/>
    <ddd>82</ddd>
    <siafi>2785</siafi>
  </cep>
  <cep>
    <cep>57082-865</cep>
    <logradouro>3ª Travessa Manoel Afonso de Melo</logradouro>
    <complemento/>
    <unidade/>
    <bairro>Santa Lúcia</bairro>
    <localidade>Maceió</localidade>
    <uf>AL</uf>
    <estado>Alagoas</estado>
    <região/>
    <ibge>2704302</ibge>
    <gia/>
    <ddd>82</ddd>
    <siafi>2785</siafi>
  </cep>
  <cep>
    <cep>57083-169</cep>
    <logradouro>Rua D</logradouro>
    <complemento>(Res Jardim América)</complemento>
    <unidade/>
    <bairro>Antares</bairro>
    <localidade>Maceió</localidade>
    <uf>AL</uf>
    <estado>Alagoas</estado>
    <região/>
    <ibge>2704302</ibge>
    <gia/>
    <ddd>82</ddd>
    <siafi>2785</siafi>
  </cep>
  <cep>
    <cep>57083-141</cep>
    <logradouro>Rua em Projeto E</logradouro>
    <complemento>(Lot Pouso da Garça 2)</complemento>
    <unidade/>
    <bairro>Antares</bairro>
    <localidade>Maceió</localidade>
    <uf>AL</uf>
    <estado>Alagoas</estado>
    <região/>
    <ibge>2704302</ibge>
    <gia/>
    <ddd>82</ddd>
    <siafi>2785</siafi>
  </cep>
  <cep>
    <cep>57083-679</cep>
    <logradouro>Rua Projetada 672</logradouro>
    <complemento>(Lot Alvorada)</complemento>
    <unidade/>
    <bairro>Antares</bairro>
    <localidade>Maceió</localidade>
    <uf>AL</uf>
    <estado>Alagoas</estado>
    <região/>
    <ibge>2704302</ibge>
    <gia/>
    <ddd>82</ddd>
    <siafi>2785</siafi>
  </cep>
  <cep>
    <cep>57083-164</cep>
    <logradouro>Rua A</logradouro>
    <complemento>(Jd América)</complemento>
    <unidade/>
    <bairro>Antares</bairro>
    <localidade>Maceió</localidade>
    <uf>AL</uf>
    <estado>Alagoas</estado>
    <região/>
    <ibge>2704302</ibge>
    <gia/>
    <ddd>82</ddd>
    <siafi>2785</siafi>
  </cep>
  <cep>
    <cep>57084-140</cep>
    <logradouro>Rua em Projeto E</logradouro>
    <complemento>(Cond Res Recanto dos Contos)</complemento>
    <unidade/>
    <bairro>Benedito Bentes</bairro>
    <localidade>Maceió</localidade>
    <uf>AL</uf>
    <estado>Alagoas</estado>
    <região/>
    <ibge>2704302</ibge>
    <gia/>
    <ddd>82</ddd>
    <siafi>2785</siafi>
  </cep>
  <cep>
    <cep>57084-775</cep>
    <logradouro>Rua Principe da Paz</logradouro>
    <complemento/>
    <unidade/>
    <bairro>Benedito Bentes</bairro>
    <localidade>Maceió</localidade>
    <uf>AL</uf>
    <estado>Alagoas</estado>
    <região/>
    <ibge>2704302</ibge>
    <gia/>
    <ddd>82</ddd>
    <siafi>2785</siafi>
  </cep>
  <cep>
    <cep>57084-670</cep>
    <logradouro>Rua C 16</logradouro>
    <complemento>(Cj Benedito Bentes II)</complemento>
    <unidade/>
    <bairro>Benedito Bentes</bairro>
    <localidade>Maceió</localidade>
    <uf>AL</uf>
    <estado>Alagoas</estado>
    <região/>
    <ibge>2704302</ibge>
    <gia/>
    <ddd>82</ddd>
    <siafi>2785</siafi>
  </cep>
  <cep>
    <cep>57084-166</cep>
    <logradouro>Travessa Santa Juliana</logradouro>
    <complemento/>
    <unidade/>
    <bairro>Benedito Bentes</bairro>
    <localidade>Maceió</localidade>
    <uf>AL</uf>
    <estado>Alagoas</estado>
    <região/>
    <ibge>2704302</ibge>
    <gia/>
    <ddd>82</ddd>
    <siafi>2785</siafi>
  </cep>
  <cep>
    <cep>57084-673</cep>
    <logradouro>Rua C-21</logradouro>
    <complemento>(Cj B Bentes)</complemento>
    <unidade/>
    <bairro>Benedito Bentes</bairro>
    <localidade>Maceió</localidade>
    <uf>AL</uf>
    <estado>Alagoas</estado>
    <região/>
    <ibge>2704302</ibge>
    <gia/>
    <ddd>82</ddd>
    <siafi>2785</siafi>
  </cep>
  <cep>
    <cep>57084-164</cep>
    <logradouro>Rua Manaus</logradouro>
    <complemento>(Alto da Alegria)</complemento>
    <unidade/>
    <bairro>Benedito Bentes</bairro>
    <localidade>Maceió</localidade>
    <uf>AL</uf>
    <estado>Alagoas</estado>
    <região/>
    <ibge>2704302</ibge>
    <gia/>
    <ddd>82</ddd>
    <siafi>2785</siafi>
  </cep>
  <cep>
    <cep>57084-150</cep>
    <logradouro>Avenida Projetada 7293</logradouro>
    <complemento/>
    <unidade/>
    <bairro>Benedito Bentes</bairro>
    <localidade>Maceió</localidade>
    <uf>AL</uf>
    <estado>Alagoas</estado>
    <região/>
    <ibge>2704302</ibge>
    <gia/>
    <ddd>82</ddd>
    <siafi>2785</siafi>
  </cep>
  <cep>
    <cep>57084-815</cep>
    <logradouro>Rua São Pedro</logradouro>
    <complemento>(Alto da Alegria)</complemento>
    <unidade/>
    <bairro>Benedito Bentes</bairro>
    <localidade>Maceió</localidade>
    <uf>AL</uf>
    <estado>Alagoas</estado>
    <região/>
    <ibge>2704302</ibge>
    <gia/>
    <ddd>82</ddd>
    <siafi>2785</siafi>
  </cep>
  <cep>
    <cep>57085-019</cep>
    <logradouro>Rua Projetada 1654</logradouro>
    <complemento>(Cj Geraldo Bulhões)</complemento>
    <unidade/>
    <bairro>Benedito Bentes</bairro>
    <localidade>Maceió</localidade>
    <uf>AL</uf>
    <estado>Alagoas</estado>
    <região/>
    <ibge>2704302</ibge>
    <gia/>
    <ddd>82</ddd>
    <siafi>2785</siafi>
  </cep>
  <cep>
    <cep>57085-592</cep>
    <logradouro>Avenida Genilda da Silva Porto</logradouro>
    <complemento>(Cj José Aprígio Vilela)</complemento>
    <unidade/>
    <bairro>Benedito Bentes</bairro>
    <localidade>Maceió</localidade>
    <uf>AL</uf>
    <estado>Alagoas</estado>
    <região/>
    <ibge>2704302</ibge>
    <gia/>
    <ddd>82</ddd>
    <siafi>2785</siafi>
  </cep>
  <cep>
    <cep>57085-029</cep>
    <logradouro>Rua em Projeto 7257</logradouro>
    <complemento/>
    <unidade/>
    <bairro>Benedito Bentes</bairro>
    <localidade>Maceió</localidade>
    <uf>AL</uf>
    <estado>Alagoas</estado>
    <região/>
    <ibge>2704302</ibge>
    <gia/>
    <ddd>82</ddd>
    <siafi>2785</siafi>
  </cep>
  <cep>
    <cep>57086-037</cep>
    <logradouro>Rua 01</logradouro>
    <complemento>(Cj Cidade Sorriso I)</complemento>
    <unidade/>
    <bairro>Benedito Bentes</bairro>
    <localidade>Maceió</localidade>
    <uf>AL</uf>
    <estado>Alagoas</estado>
    <região/>
    <ibge>2704302</ibge>
    <gia/>
    <ddd>82</ddd>
    <siafi>2785</siafi>
  </cep>
  <cep>
    <cep>57084-786</cep>
    <logradouro>Rua Santo Amaro</logradouro>
    <complemento/>
    <unidade/>
    <bairro>Benedito Bentes</bairro>
    <localidade>Maceió</localidade>
    <uf>AL</uf>
    <estado>Alagoas</estado>
    <região/>
    <ibge>2704302</ibge>
    <gia/>
    <ddd>82</ddd>
    <siafi>2785</siafi>
  </cep>
  <cep>
    <cep>57085-668</cep>
    <logradouro>Rua D</logradouro>
    <complemento>(CJ Carminha)</complemento>
    <unidade/>
    <bairro>Benedito Bentes</bairro>
    <localidade>Maceió</localidade>
    <uf>AL</uf>
    <estado>Alagoas</estado>
    <região/>
    <ibge>2704302</ibge>
    <gia/>
    <ddd>82</ddd>
    <siafi>2785</siafi>
  </cep>
  <cep>
    <cep>57086-431</cep>
    <logradouro>Rua 2</logradouro>
    <complemento>(Lot Arquimaram)</complemento>
    <unidade/>
    <bairro>Benedito Bentes</bairro>
    <localidade>Maceió</localidade>
    <uf>AL</uf>
    <estado>Alagoas</estado>
    <região/>
    <ibge>2704302</ibge>
    <gia/>
    <ddd>82</ddd>
    <siafi>2785</siafi>
  </cep>
  <cep>
    <cep>57086-433</cep>
    <logradouro>Rua 4</logradouro>
    <complemento>(Lot Arquimaram)</complemento>
    <unidade/>
    <bairro>Benedito Bentes</bairro>
    <localidade>Maceió</localidade>
    <uf>AL</uf>
    <estado>Alagoas</estado>
    <região/>
    <ibge>2704302</ibge>
    <gia/>
    <ddd>82</ddd>
    <siafi>2785</siafi>
  </cep>
  <cep>
    <cep>57086-435</cep>
    <logradouro>Rua 6</logradouro>
    <complemento>(Lot Arquimaram)</complemento>
    <unidade/>
    <bairro>Benedito Bentes</bairro>
    <localidade>Maceió</localidade>
    <uf>AL</uf>
    <estado>Alagoas</estado>
    <região/>
    <ibge>2704302</ibge>
    <gia/>
    <ddd>82</ddd>
    <siafi>2785</siafi>
  </cep>
  <cep>
    <cep>57086-437</cep>
    <logradouro>Rua J-2</logradouro>
    <complemento>(Cj Res C Sorriso II)</complemento>
    <unidade/>
    <bairro>Benedito Bentes</bairro>
    <localidade>Maceió</localidade>
    <uf>AL</uf>
    <estado>Alagoas</estado>
    <região/>
    <ibge>2704302</ibge>
    <gia/>
    <ddd>82</ddd>
    <siafi>2785</siafi>
  </cep>
  <cep>
    <cep>57086-439</cep>
    <logradouro>Rua 12</logradouro>
    <complemento>(Lot Arquimaram)</complemento>
    <unidade/>
    <bairro>Benedito Bentes</bairro>
    <localidade>Maceió</localidade>
    <uf>AL</uf>
    <estado>Alagoas</estado>
    <região/>
    <ibge>2704302</ibge>
    <gia/>
    <ddd>82</ddd>
    <siafi>2785</siafi>
  </cep>
  <cep>
    <cep>57086-478</cep>
    <logradouro>Conjunto Parque dos Caetés</logradouro>
    <complemento/>
    <unidade/>
    <bairro>Benedito Bentes</bairro>
    <localidade>Maceió</localidade>
    <uf>AL</uf>
    <estado>Alagoas</estado>
    <região/>
    <ibge>2704302</ibge>
    <gia/>
    <ddd>82</ddd>
    <siafi>2785</siafi>
  </cep>
  <cep>
    <cep>57234-700</cep>
    <logradouro/>
    <complemento/>
    <unidade/>
    <bairro>Lagoa do Pau</bairro>
    <localidade>Coruripe</localidade>
    <uf>AL</uf>
    <estado>Alagoas</estado>
    <região/>
    <ibge>2702306</ibge>
    <gia/>
    <ddd>82</ddd>
    <siafi>2745</siafi>
  </cep>
  <cep>
    <cep>57086-479</cep>
    <logradouro>Residencial Morada do Planalto</logradouro>
    <complemento/>
    <unidade/>
    <bairro>Benedito Bentes</bairro>
    <localidade>Maceió</localidade>
    <uf>AL</uf>
    <estado>Alagoas</estado>
    <região/>
    <ibge>2704302</ibge>
    <gia/>
    <ddd>82</ddd>
    <siafi>2785</siafi>
  </cep>
  <cep>
    <cep>57086-441</cep>
    <logradouro>Rua J-4</logradouro>
    <complemento>(Cj Res Cidade Sorriso II)</complemento>
    <unidade/>
    <bairro>Benedito Bentes</bairro>
    <localidade>Maceió</localidade>
    <uf>AL</uf>
    <estado>Alagoas</estado>
    <região/>
    <ibge>2704302</ibge>
    <gia/>
    <ddd>82</ddd>
    <siafi>2785</siafi>
  </cep>
  <cep>
    <cep>57236-500</cep>
    <logradouro/>
    <complemento/>
    <unidade/>
    <bairro>Miaí de Cima</bairro>
    <localidade>Coruripe</localidade>
    <uf>AL</uf>
    <estado>Alagoas</estado>
    <região/>
    <ibge>2702306</ibge>
    <gia/>
    <ddd>82</ddd>
    <siafi>2745</siafi>
  </cep>
  <cep>
    <cep>57236-700</cep>
    <logradouro/>
    <complemento/>
    <unidade/>
    <bairro>Miaí de Baixo</bairro>
    <localidade>Coruripe</localidade>
    <uf>AL</uf>
    <estado>Alagoas</estado>
    <região/>
    <ibge>2702306</ibge>
    <gia/>
    <ddd>82</ddd>
    <siafi>2745</siafi>
  </cep>
  <cep>
    <cep>57086-480</cep>
    <logradouro>Rua Assentamento Vida para Cristo</logradouro>
    <complemento/>
    <unidade/>
    <bairro>Benedito Bentes</bairro>
    <localidade>Maceió</localidade>
    <uf>AL</uf>
    <estado>Alagoas</estado>
    <região/>
    <ibge>2704302</ibge>
    <gia/>
    <ddd>82</ddd>
    <siafi>2785</siafi>
  </cep>
  <cep>
    <cep>57238-400</cep>
    <logradouro/>
    <complemento/>
    <unidade/>
    <bairro>Colônia Pindorama</bairro>
    <localidade>Coruripe</localidade>
    <uf>AL</uf>
    <estado>Alagoas</estado>
    <região/>
    <ibge>2702306</ibge>
    <gia/>
    <ddd>82</ddd>
    <siafi>2745</siafi>
  </cep>
  <cep>
    <cep>57239-400</cep>
    <logradouro/>
    <complemento/>
    <unidade/>
    <bairro>Santa Terezinha</bairro>
    <localidade>Coruripe</localidade>
    <uf>AL</uf>
    <estado>Alagoas</estado>
    <região/>
    <ibge>2702306</ibge>
    <gia/>
    <ddd>82</ddd>
    <siafi>2745</siafi>
  </cep>
  <cep>
    <cep>57240-002</cep>
    <logradouro>Avenida Sampaio Marques</logradouro>
    <complemento>lado ímpar</complemento>
    <unidade/>
    <bairro>Centro</bairro>
    <localidade>São Miguel dos Campos</localidade>
    <uf>AL</uf>
    <estado>Alagoas</estado>
    <região/>
    <ibge>2708600</ibge>
    <gia/>
    <ddd>82</ddd>
    <siafi>2871</siafi>
  </cep>
  <cep>
    <cep>57240-004</cep>
    <logradouro>Rua Doutor Miguel Lopes</logradouro>
    <complemento>de 72 ao fim - lado par</complemento>
    <unidade/>
    <bairro>Centro</bairro>
    <localidade>São Miguel dos Campos</localidade>
    <uf>AL</uf>
    <estado>Alagoas</estado>
    <região/>
    <ibge>2708600</ibge>
    <gia/>
    <ddd>82</ddd>
    <siafi>2871</siafi>
  </cep>
  <cep>
    <cep>57240-006</cep>
    <logradouro>Rua Doutor Miguel Lopes</logradouro>
    <complemento>até 69/70</complemento>
    <unidade/>
    <bairro>Centro</bairro>
    <localidade>São Miguel dos Campos</localidade>
    <uf>AL</uf>
    <estado>Alagoas</estado>
    <região/>
    <ibge>2708600</ibge>
    <gia/>
    <ddd>82</ddd>
    <siafi>2871</siafi>
  </cep>
  <cep>
    <cep/>
    <logradouro/>
    <complemento/>
    <unidade/>
    <bairro/>
    <localidade/>
    <uf/>
    <estado/>
    <região/>
    <ibge/>
    <gia/>
    <ddd/>
    <siafi/>
  </cep>
  <cep>
    <cep/>
    <logradouro/>
    <complemento/>
    <unidade/>
    <bairro/>
    <localidade/>
    <uf/>
    <estado/>
    <região/>
    <ibge/>
    <gia/>
    <ddd/>
    <siafi/>
  </cep>
  <cep>
    <cep>57240-007</cep>
    <logradouro>Praça Coronel Miguel Cesar Teixeira</logradouro>
    <complemento/>
    <unidade/>
    <bairro>Centro</bairro>
    <localidade>São Miguel dos Campos</localidade>
    <uf>AL</uf>
    <estado>Alagoas</estado>
    <região/>
    <ibge>2708600</ibge>
    <gia/>
    <ddd>82</ddd>
    <siafi>2871</siafi>
  </cep>
  <cep>
    <cep>57240-008</cep>
    <logradouro>Rua Visconde de Sinimbú</logradouro>
    <complemento/>
    <unidade/>
    <bairro>Centro</bairro>
    <localidade>São Miguel dos Campos</localidade>
    <uf>AL</uf>
    <estado>Alagoas</estado>
    <região/>
    <ibge>2708600</ibge>
    <gia/>
    <ddd>82</ddd>
    <siafi>2871</siafi>
  </cep>
  <cep>
    <cep>57240-014</cep>
    <logradouro>Avenida Vera Cruz</logradouro>
    <complemento/>
    <unidade/>
    <bairro>Centro</bairro>
    <localidade>São Miguel dos Campos</localidade>
    <uf>AL</uf>
    <estado>Alagoas</estado>
    <região/>
    <ibge>2708600</ibge>
    <gia/>
    <ddd>82</ddd>
    <siafi>2871</siafi>
  </cep>
  <cep>
    <cep>57240-020</cep>
    <logradouro>Rua Doutor Costa Barros</logradouro>
    <complemento/>
    <unidade/>
    <bairro>Centro</bairro>
    <localidade>São Miguel dos Campos</localidade>
    <uf>AL</uf>
    <estado>Alagoas</estado>
    <região/>
    <ibge>2708600</ibge>
    <gia/>
    <ddd>82</ddd>
    <siafi>2871</siafi>
  </cep>
  <cep>
    <cep>57240-022</cep>
    <logradouro>Rua Doutor Rômulo de Almeida</logradouro>
    <complemento/>
    <unidade/>
    <bairro>Centro</bairro>
    <localidade>São Miguel dos Campos</localidade>
    <uf>AL</uf>
    <estado>Alagoas</estado>
    <região/>
    <ibge>2708600</ibge>
    <gia/>
    <ddd>82</ddd>
    <siafi>2871</siafi>
  </cep>
  <cep>
    <cep>57240-016</cep>
    <logradouro>Avenida Vera Cruz</logradouro>
    <complemento>lado par</complemento>
    <unidade/>
    <bairro>Centro</bairro>
    <localidade>São Miguel dos Campos</localidade>
    <uf>AL</uf>
    <estado>Alagoas</estado>
    <região/>
    <ibge>2708600</ibge>
    <gia/>
    <ddd>82</ddd>
    <siafi>2871</siafi>
  </cep>
  <cep>
    <cep>57240-018</cep>
    <logradouro>Praça Centenário</logradouro>
    <complemento/>
    <unidade/>
    <bairro>Centro</bairro>
    <localidade>São Miguel dos Campos</localidade>
    <uf>AL</uf>
    <estado>Alagoas</estado>
    <região/>
    <ibge>2708600</ibge>
    <gia/>
    <ddd>82</ddd>
    <siafi>2871</siafi>
  </cep>
  <cep>
    <cep>57240-032</cep>
    <logradouro>Travessa Vinte e Nove de Setembro</logradouro>
    <complemento>até 90 - lado par</complemento>
    <unidade/>
    <bairro>Centro</bairro>
    <localidade>São Miguel dos Campos</localidade>
    <uf>AL</uf>
    <estado>Alagoas</estado>
    <região/>
    <ibge>2708600</ibge>
    <gia/>
    <ddd>82</ddd>
    <siafi>2871</siafi>
  </cep>
  <cep>
    <cep>57240-012</cep>
    <logradouro>Rua Coronel José Alexandrino</logradouro>
    <complemento>até 108 - lado par</complemento>
    <unidade/>
    <bairro>Centro</bairro>
    <localidade>São Miguel dos Campos</localidade>
    <uf>AL</uf>
    <estado>Alagoas</estado>
    <região/>
    <ibge>2708600</ibge>
    <gia/>
    <ddd>82</ddd>
    <siafi>2871</siafi>
  </cep>
  <cep>
    <cep>57240-034</cep>
    <logradouro>Rua Salvador Aprato</logradouro>
    <complemento>até 85/86</complemento>
    <unidade/>
    <bairro>Centro</bairro>
    <localidade>São Miguel dos Campos</localidade>
    <uf>AL</uf>
    <estado>Alagoas</estado>
    <região/>
    <ibge>2708600</ibge>
    <gia/>
    <ddd>82</ddd>
    <siafi>2871</siafi>
  </cep>
  <cep>
    <cep>57240-024</cep>
    <logradouro>Rua Alcides Sá</logradouro>
    <complemento/>
    <unidade/>
    <bairro>Centro</bairro>
    <localidade>São Miguel dos Campos</localidade>
    <uf>AL</uf>
    <estado>Alagoas</estado>
    <região/>
    <ibge>2708600</ibge>
    <gia/>
    <ddd>82</ddd>
    <siafi>2871</siafi>
  </cep>
  <cep>
    <cep>57240-026</cep>
    <logradouro>Rua Júlio Plech</logradouro>
    <complemento/>
    <unidade/>
    <bairro>Centro</bairro>
    <localidade>São Miguel dos Campos</localidade>
    <uf>AL</uf>
    <estado>Alagoas</estado>
    <região/>
    <ibge>2708600</ibge>
    <gia/>
    <ddd>82</ddd>
    <siafi>2871</siafi>
  </cep>
  <cep>
    <cep>57240-010</cep>
    <logradouro>Rua Coronel Rocha Santos</logradouro>
    <complemento>lado ímpar</complemento>
    <unidade/>
    <bairro>Centro</bairro>
    <localidade>São Miguel dos Campos</localidade>
    <uf>AL</uf>
    <estado>Alagoas</estado>
    <região/>
    <ibge>2708600</ibge>
    <gia/>
    <ddd>82</ddd>
    <siafi>2871</siafi>
  </cep>
  <cep>
    <cep>57240-028</cep>
    <logradouro>Praça Padre Júlio de Albuquerque</logradouro>
    <complemento/>
    <unidade/>
    <bairro>Centro</bairro>
    <localidade>São Miguel dos Campos</localidade>
    <uf>AL</uf>
    <estado>Alagoas</estado>
    <região/>
    <ibge>2708600</ibge>
    <gia/>
    <ddd>82</ddd>
    <siafi>2871</siafi>
  </cep>
  <cep>
    <cep>57240-030</cep>
    <logradouro>Rua Vinte e Nove de Setembro</logradouro>
    <complemento>lado ímpar</complemento>
    <unidade/>
    <bairro>Centro</bairro>
    <localidade>São Miguel dos Campos</localidade>
    <uf>AL</uf>
    <estado>Alagoas</estado>
    <região/>
    <ibge>2708600</ibge>
    <gia/>
    <ddd>82</ddd>
    <siafi>2871</siafi>
  </cep>
  <cep>
    <cep>57240-036</cep>
    <logradouro>Rua Salvador Aprato</logradouro>
    <complemento>de 87 ao fim - lado ímpar</complemento>
    <unidade/>
    <bairro>Centro</bairro>
    <localidade>São Miguel dos Campos</localidade>
    <uf>AL</uf>
    <estado>Alagoas</estado>
    <região/>
    <ibge>2708600</ibge>
    <gia/>
    <ddd>82</ddd>
    <siafi>2871</siafi>
  </cep>
  <cep>
    <cep>57240-038</cep>
    <logradouro>Rua Jeremias de Menezes</logradouro>
    <complemento/>
    <unidade/>
    <bairro>Centro</bairro>
    <localidade>São Miguel dos Campos</localidade>
    <uf>AL</uf>
    <estado>Alagoas</estado>
    <região/>
    <ibge>2708600</ibge>
    <gia/>
    <ddd>82</ddd>
    <siafi>2871</siafi>
  </cep>
  <cep>
    <cep>57240-040</cep>
    <logradouro>Rua Doutor Francisco Duarte</logradouro>
    <complemento/>
    <unidade/>
    <bairro>Centro</bairro>
    <localidade>São Miguel dos Campos</localidade>
    <uf>AL</uf>
    <estado>Alagoas</estado>
    <região/>
    <ibge>2708600</ibge>
    <gia/>
    <ddd>82</ddd>
    <siafi>2871</siafi>
  </cep>
  <cep>
    <cep>57240-046</cep>
    <logradouro>Rua Sizenando Amorim</logradouro>
    <complemento/>
    <unidade/>
    <bairro>Centro</bairro>
    <localidade>São Miguel dos Campos</localidade>
    <uf>AL</uf>
    <estado>Alagoas</estado>
    <região/>
    <ibge>2708600</ibge>
    <gia/>
    <ddd>82</ddd>
    <siafi>2871</siafi>
  </cep>
  <cep>
    <cep>57240-044</cep>
    <logradouro>Rua Bernardo Lopes</logradouro>
    <complemento/>
    <unidade/>
    <bairro>Centro</bairro>
    <localidade>São Miguel dos Campos</localidade>
    <uf>AL</uf>
    <estado>Alagoas</estado>
    <região/>
    <ibge>2708600</ibge>
    <gia/>
    <ddd>82</ddd>
    <siafi>2871</siafi>
  </cep>
  <cep>
    <cep>57240-050</cep>
    <logradouro>Quadra E</logradouro>
    <complemento>(Lot José Alves)</complemento>
    <unidade/>
    <bairro>Centro</bairro>
    <localidade>São Miguel dos Campos</localidade>
    <uf>AL</uf>
    <estado>Alagoas</estado>
    <região/>
    <ibge>2708600</ibge>
    <gia/>
    <ddd>82</ddd>
    <siafi>2871</siafi>
  </cep>
  <cep>
    <cep>57240-042</cep>
    <logradouro>Rua Prefeito Moacir Cavalcante</logradouro>
    <complemento/>
    <unidade/>
    <bairro>Centro</bairro>
    <localidade>São Miguel dos Campos</localidade>
    <uf>AL</uf>
    <estado>Alagoas</estado>
    <região/>
    <ibge>2708600</ibge>
    <gia/>
    <ddd>82</ddd>
    <siafi>2871</siafi>
  </cep>
  <cep>
    <cep>57240-048</cep>
    <logradouro>Rua José Elias Almeida</logradouro>
    <complemento/>
    <unidade/>
    <bairro>Centro</bairro>
    <localidade>São Miguel dos Campos</localidade>
    <uf>AL</uf>
    <estado>Alagoas</estado>
    <região/>
    <ibge>2708600</ibge>
    <gia/>
    <ddd>82</ddd>
    <siafi>2871</siafi>
  </cep>
  <cep>
    <cep>57240-052</cep>
    <logradouro>Rua Barão de Jequiá</logradouro>
    <complemento/>
    <unidade/>
    <bairro>Centro</bairro>
    <localidade>São Miguel dos Campos</localidade>
    <uf>AL</uf>
    <estado>Alagoas</estado>
    <região/>
    <ibge>2708600</ibge>
    <gia/>
    <ddd>82</ddd>
    <siafi>2871</siafi>
  </cep>
  <cep>
    <cep>57240-064</cep>
    <logradouro>Rua Senador Máximo</logradouro>
    <complemento/>
    <unidade/>
    <bairro>Centro</bairro>
    <localidade>São Miguel dos Campos</localidade>
    <uf>AL</uf>
    <estado>Alagoas</estado>
    <região/>
    <ibge>2708600</ibge>
    <gia/>
    <ddd>82</ddd>
    <siafi>2871</siafi>
  </cep>
  <cep>
    <cep>57240-060</cep>
    <logradouro>Rua Coronel José Calazans</logradouro>
    <complemento>até 142/143</complemento>
    <unidade/>
    <bairro>Centro</bairro>
    <localidade>São Miguel dos Campos</localidade>
    <uf>AL</uf>
    <estado>Alagoas</estado>
    <região/>
    <ibge>2708600</ibge>
    <gia/>
    <ddd>82</ddd>
    <siafi>2871</siafi>
  </cep>
  <cep>
    <cep>57240-055</cep>
    <logradouro>Travessa Coronel José Calazans</logradouro>
    <complemento/>
    <unidade/>
    <bairro>Centro</bairro>
    <localidade>São Miguel dos Campos</localidade>
    <uf>AL</uf>
    <estado>Alagoas</estado>
    <região/>
    <ibge>2708600</ibge>
    <gia/>
    <ddd>82</ddd>
    <siafi>2871</siafi>
  </cep>
  <cep>
    <cep>57240-054</cep>
    <logradouro>Rua Coronel José Calazans</logradouro>
    <complemento>de 144 ao fim - lado par</complemento>
    <unidade/>
    <bairro>Centro</bairro>
    <localidade>São Miguel dos Campos</localidade>
    <uf>AL</uf>
    <estado>Alagoas</estado>
    <região/>
    <ibge>2708600</ibge>
    <gia/>
    <ddd>82</ddd>
    <siafi>2871</siafi>
  </cep>
  <cep>
    <cep>57240-058</cep>
    <logradouro>Vila Adriana</logradouro>
    <complemento/>
    <unidade/>
    <bairro>Centro</bairro>
    <localidade>São Miguel dos Campos</localidade>
    <uf>AL</uf>
    <estado>Alagoas</estado>
    <região/>
    <ibge>2708600</ibge>
    <gia/>
    <ddd>82</ddd>
    <siafi>2871</siafi>
  </cep>
  <cep>
    <cep>57240-057</cep>
    <logradouro>Rua Adailton Barbosa de Carvalho</logradouro>
    <complemento/>
    <unidade/>
    <bairro>Centro</bairro>
    <localidade>São Miguel dos Campos</localidade>
    <uf>AL</uf>
    <estado>Alagoas</estado>
    <região/>
    <ibge>2708600</ibge>
    <gia/>
    <ddd>82</ddd>
    <siafi>2871</siafi>
  </cep>
  <cep>
    <cep>57240-062</cep>
    <logradouro>Travessa Humberto Alves</logradouro>
    <complemento/>
    <unidade/>
    <bairro>Centro</bairro>
    <localidade>São Miguel dos Campos</localidade>
    <uf>AL</uf>
    <estado>Alagoas</estado>
    <região/>
    <ibge>2708600</ibge>
    <gia/>
    <ddd>82</ddd>
    <siafi>2871</siafi>
  </cep>
  <cep>
    <cep>57240-066</cep>
    <logradouro>Rua André Bastos</logradouro>
    <complemento>até 149/150</complemento>
    <unidade/>
    <bairro>Centro</bairro>
    <localidade>São Miguel dos Campos</localidade>
    <uf>AL</uf>
    <estado>Alagoas</estado>
    <região/>
    <ibge>2708600</ibge>
    <gia/>
    <ddd>82</ddd>
    <siafi>2871</siafi>
  </cep>
  <cep>
    <cep>57240-068</cep>
    <logradouro>Rua José Soares</logradouro>
    <complemento>lado par</complemento>
    <unidade/>
    <bairro>Centro</bairro>
    <localidade>São Miguel dos Campos</localidade>
    <uf>AL</uf>
    <estado>Alagoas</estado>
    <região/>
    <ibge>2708600</ibge>
    <gia/>
    <ddd>82</ddd>
    <siafi>2871</siafi>
  </cep>
  <cep>
    <cep>57240-078</cep>
    <logradouro>Rua Coronel Francisco Cavalcante</logradouro>
    <complemento>até 124/125</complemento>
    <unidade/>
    <bairro>Centro</bairro>
    <localidade>São Miguel dos Campos</localidade>
    <uf>AL</uf>
    <estado>Alagoas</estado>
    <região/>
    <ibge>2708600</ibge>
    <gia/>
    <ddd>82</ddd>
    <siafi>2871</siafi>
  </cep>
  <cep>
    <cep>57240-082</cep>
    <logradouro>Rua João Correia de Albuquerque</logradouro>
    <complemento/>
    <unidade/>
    <bairro>Centro</bairro>
    <localidade>São Miguel dos Campos</localidade>
    <uf>AL</uf>
    <estado>Alagoas</estado>
    <região/>
    <ibge>2708600</ibge>
    <gia/>
    <ddd>82</ddd>
    <siafi>2871</siafi>
  </cep>
  <cep>
    <cep>57240-080</cep>
    <logradouro>Rua Coronel Francisco Cavalcante</logradouro>
    <complemento>de 127 ao fim - lado ímpar</complemento>
    <unidade/>
    <bairro>Centro</bairro>
    <localidade>São Miguel dos Campos</localidade>
    <uf>AL</uf>
    <estado>Alagoas</estado>
    <região/>
    <ibge>2708600</ibge>
    <gia/>
    <ddd>82</ddd>
    <siafi>2871</siafi>
  </cep>
  <cep>
    <cep>57240-084</cep>
    <logradouro>Travessa Aristides de Castro</logradouro>
    <complemento/>
    <unidade/>
    <bairro>Centro</bairro>
    <localidade>São Miguel dos Campos</localidade>
    <uf>AL</uf>
    <estado>Alagoas</estado>
    <região/>
    <ibge>2708600</ibge>
    <gia/>
    <ddd>82</ddd>
    <siafi>2871</siafi>
  </cep>
  <cep>
    <cep>57240-076</cep>
    <logradouro>Rua Cecília de Sá</logradouro>
    <complemento/>
    <unidade/>
    <bairro>Centro</bairro>
    <localidade>São Miguel dos Campos</localidade>
    <uf>AL</uf>
    <estado>Alagoas</estado>
    <região/>
    <ibge>2708600</ibge>
    <gia/>
    <ddd>82</ddd>
    <siafi>2871</siafi>
  </cep>
  <cep>
    <cep>57240-070</cep>
    <logradouro>Rua Coronel Francisco Jatobá</logradouro>
    <complemento>lado par</complemento>
    <unidade/>
    <bairro>Centro</bairro>
    <localidade>São Miguel dos Campos</localidade>
    <uf>AL</uf>
    <estado>Alagoas</estado>
    <região/>
    <ibge>2708600</ibge>
    <gia/>
    <ddd>82</ddd>
    <siafi>2871</siafi>
  </cep>
  <cep>
    <cep>57240-072</cep>
    <logradouro>Rua Manoel Teixeira Leite</logradouro>
    <complemento/>
    <unidade/>
    <bairro>Centro</bairro>
    <localidade>São Miguel dos Campos</localidade>
    <uf>AL</uf>
    <estado>Alagoas</estado>
    <região/>
    <ibge>2708600</ibge>
    <gia/>
    <ddd>82</ddd>
    <siafi>2871</siafi>
  </cep>
  <cep>
    <cep>57240-074</cep>
    <logradouro>Vila Padre Cícero</logradouro>
    <complemento/>
    <unidade/>
    <bairro>Centro</bairro>
    <localidade>São Miguel dos Campos</localidade>
    <uf>AL</uf>
    <estado>Alagoas</estado>
    <região/>
    <ibge>2708600</ibge>
    <gia/>
    <ddd>82</ddd>
    <siafi>2871</siafi>
  </cep>
  <cep>
    <cep>57240-086</cep>
    <logradouro>Rua Aristides de Castro</logradouro>
    <complemento/>
    <unidade/>
    <bairro>Centro</bairro>
    <localidade>São Miguel dos Campos</localidade>
    <uf>AL</uf>
    <estado>Alagoas</estado>
    <região/>
    <ibge>2708600</ibge>
    <gia/>
    <ddd>82</ddd>
    <siafi>2871</siafi>
  </cep>
  <cep>
    <cep>57240-088</cep>
    <logradouro>Travessa Coronel Francisco Cavalcante</logradouro>
    <complemento/>
    <unidade/>
    <bairro>Centro</bairro>
    <localidade>São Miguel dos Campos</localidade>
    <uf>AL</uf>
    <estado>Alagoas</estado>
    <região/>
    <ibge>2708600</ibge>
    <gia/>
    <ddd>82</ddd>
    <siafi>2871</siafi>
  </cep>
  <cep>
    <cep>57240-090</cep>
    <logradouro>Rua José Antônio da Cruz</logradouro>
    <complemento>lado ímpar</complemento>
    <unidade/>
    <bairro>Centro</bairro>
    <localidade>São Miguel dos Campos</localidade>
    <uf>AL</uf>
    <estado>Alagoas</estado>
    <região/>
    <ibge>2708600</ibge>
    <gia/>
    <ddd>82</ddd>
    <siafi>2871</siafi>
  </cep>
  <cep>
    <cep>57240-092</cep>
    <logradouro>Travessa José Antônio da Cruz</logradouro>
    <complemento/>
    <unidade/>
    <bairro>Centro</bairro>
    <localidade>São Miguel dos Campos</localidade>
    <uf>AL</uf>
    <estado>Alagoas</estado>
    <região/>
    <ibge>2708600</ibge>
    <gia/>
    <ddd>82</ddd>
    <siafi>2871</siafi>
  </cep>
  <cep>
    <cep>57240-094</cep>
    <logradouro>Rua Gasparino Cavalcante Pessoa</logradouro>
    <complemento>lado par</complemento>
    <unidade/>
    <bairro>Centro</bairro>
    <localidade>São Miguel dos Campos</localidade>
    <uf>AL</uf>
    <estado>Alagoas</estado>
    <região/>
    <ibge>2708600</ibge>
    <gia/>
    <ddd>82</ddd>
    <siafi>2871</siafi>
  </cep>
  <cep>
    <cep>57240-150</cep>
    <logradouro>Rua Coronel José Calazans</logradouro>
    <complemento>de 145 ao fim - lado ímpar</complemento>
    <unidade/>
    <bairro>Paraíso</bairro>
    <localidade>São Miguel dos Campos</localidade>
    <uf>AL</uf>
    <estado>Alagoas</estado>
    <região/>
    <ibge>2708600</ibge>
    <gia/>
    <ddd>82</ddd>
    <siafi>2871</siafi>
  </cep>
  <cep>
    <cep>57240-096</cep>
    <logradouro>Avenida Deputado Diney Torres</logradouro>
    <complemento>até 24/25</complemento>
    <unidade/>
    <bairro>Centro</bairro>
    <localidade>São Miguel dos Campos</localidade>
    <uf>AL</uf>
    <estado>Alagoas</estado>
    <região/>
    <ibge>2708600</ibge>
    <gia/>
    <ddd>82</ddd>
    <siafi>2871</siafi>
  </cep>
  <cep>
    <cep>57240-152</cep>
    <logradouro>Quadra A</logradouro>
    <complemento>(Lot José Alves)</complemento>
    <unidade/>
    <bairro>Paraíso</bairro>
    <localidade>São Miguel dos Campos</localidade>
    <uf>AL</uf>
    <estado>Alagoas</estado>
    <região/>
    <ibge>2708600</ibge>
    <gia/>
    <ddd>82</ddd>
    <siafi>2871</siafi>
  </cep>
  <cep>
    <cep>57240-154</cep>
    <logradouro>Quadra B</logradouro>
    <complemento>(Lot José Alves)</complemento>
    <unidade/>
    <bairro>Paraíso</bairro>
    <localidade>São Miguel dos Campos</localidade>
    <uf>AL</uf>
    <estado>Alagoas</estado>
    <região/>
    <ibge>2708600</ibge>
    <gia/>
    <ddd>82</ddd>
    <siafi>2871</siafi>
  </cep>
  <cep>
    <cep>57240-156</cep>
    <logradouro>Quadra C</logradouro>
    <complemento>(Lot José Alves)</complemento>
    <unidade/>
    <bairro>Paraíso</bairro>
    <localidade>São Miguel dos Campos</localidade>
    <uf>AL</uf>
    <estado>Alagoas</estado>
    <região/>
    <ibge>2708600</ibge>
    <gia/>
    <ddd>82</ddd>
    <siafi>2871</siafi>
  </cep>
  <cep>
    <cep>57240-158</cep>
    <logradouro>Quadra D</logradouro>
    <complemento>(Lot José Alves)</complemento>
    <unidade/>
    <bairro>Paraíso</bairro>
    <localidade>São Miguel dos Campos</localidade>
    <uf>AL</uf>
    <estado>Alagoas</estado>
    <região/>
    <ibge>2708600</ibge>
    <gia/>
    <ddd>82</ddd>
    <siafi>2871</siafi>
  </cep>
  <cep>
    <cep>57240-160</cep>
    <logradouro>Quadra A</logradouro>
    <complemento>(Lot José Torres Filho)</complemento>
    <unidade/>
    <bairro>Paraíso</bairro>
    <localidade>São Miguel dos Campos</localidade>
    <uf>AL</uf>
    <estado>Alagoas</estado>
    <região/>
    <ibge>2708600</ibge>
    <gia/>
    <ddd>82</ddd>
    <siafi>2871</siafi>
  </cep>
  <cep>
    <cep>57240-162</cep>
    <logradouro>Quadra B</logradouro>
    <complemento>(Lot José Torres Filho)</complemento>
    <unidade/>
    <bairro>Paraíso</bairro>
    <localidade>São Miguel dos Campos</localidade>
    <uf>AL</uf>
    <estado>Alagoas</estado>
    <região/>
    <ibge>2708600</ibge>
    <gia/>
    <ddd>82</ddd>
    <siafi>2871</siafi>
  </cep>
  <cep>
    <cep>57240-164</cep>
    <logradouro>Quadra C</logradouro>
    <complemento>(Lot José Torres Filho)</complemento>
    <unidade/>
    <bairro>Paraíso</bairro>
    <localidade>São Miguel dos Campos</localidade>
    <uf>AL</uf>
    <estado>Alagoas</estado>
    <região/>
    <ibge>2708600</ibge>
    <gia/>
    <ddd>82</ddd>
    <siafi>2871</siafi>
  </cep>
  <cep>
    <cep>57081-112</cep>
    <logradouro>Rua Castro Alves</logradouro>
    <complemento/>
    <unidade/>
    <bairro>Tabuleiro do Martins</bairro>
    <localidade>Maceió</localidade>
    <uf>AL</uf>
    <estado>Alagoas</estado>
    <região/>
    <ibge>2704302</ibge>
    <gia/>
    <ddd>82</ddd>
    <siafi>2785</siafi>
  </cep>
  <cep>
    <cep>57240-166</cep>
    <logradouro>Quadra D</logradouro>
    <complemento>(Lot José Torres Filho)</complemento>
    <unidade/>
    <bairro>Paraíso</bairro>
    <localidade>São Miguel dos Campos</localidade>
    <uf>AL</uf>
    <estado>Alagoas</estado>
    <região/>
    <ibge>2708600</ibge>
    <gia/>
    <ddd>82</ddd>
    <siafi>2871</siafi>
  </cep>
  <cep>
    <cep>57240-168</cep>
    <logradouro>Quadra E</logradouro>
    <complemento>(Lot José Torres Filho)</complemento>
    <unidade/>
    <bairro>Paraíso</bairro>
    <localidade>São Miguel dos Campos</localidade>
    <uf>AL</uf>
    <estado>Alagoas</estado>
    <região/>
    <ibge>2708600</ibge>
    <gia/>
    <ddd>82</ddd>
    <siafi>2871</siafi>
  </cep>
  <cep>
    <cep>57240-172</cep>
    <logradouro>Quadra G</logradouro>
    <complemento>(Lot José Torres Filho)</complemento>
    <unidade/>
    <bairro>Paraíso</bairro>
    <localidade>São Miguel dos Campos</localidade>
    <uf>AL</uf>
    <estado>Alagoas</estado>
    <região/>
    <ibge>2708600</ibge>
    <gia/>
    <ddd>82</ddd>
    <siafi>2871</siafi>
  </cep>
  <cep>
    <cep>57240-174</cep>
    <logradouro>Quadra H</logradouro>
    <complemento>(Lot José Torres Filho)</complemento>
    <unidade/>
    <bairro>Paraíso</bairro>
    <localidade>São Miguel dos Campos</localidade>
    <uf>AL</uf>
    <estado>Alagoas</estado>
    <região/>
    <ibge>2708600</ibge>
    <gia/>
    <ddd>82</ddd>
    <siafi>2871</siafi>
  </cep>
  <cep>
    <cep>57240-176</cep>
    <logradouro>Rua Pedro Fernandes da Costa</logradouro>
    <complemento/>
    <unidade/>
    <bairro>Paraíso</bairro>
    <localidade>São Miguel dos Campos</localidade>
    <uf>AL</uf>
    <estado>Alagoas</estado>
    <região/>
    <ibge>2708600</ibge>
    <gia/>
    <ddd>82</ddd>
    <siafi>2871</siafi>
  </cep>
  <cep>
    <cep>57240-190</cep>
    <logradouro>Rua Coronel Francisco Cavalcante</logradouro>
    <complemento>de 126 ao fim - lado par</complemento>
    <unidade/>
    <bairro>Paraíso</bairro>
    <localidade>São Miguel dos Campos</localidade>
    <uf>AL</uf>
    <estado>Alagoas</estado>
    <região/>
    <ibge>2708600</ibge>
    <gia/>
    <ddd>82</ddd>
    <siafi>2871</siafi>
  </cep>
  <cep>
    <cep>57240-194</cep>
    <logradouro>Rua Manoel Ferreira de Sá</logradouro>
    <complemento/>
    <unidade/>
    <bairro>Paraíso</bairro>
    <localidade>São Miguel dos Campos</localidade>
    <uf>AL</uf>
    <estado>Alagoas</estado>
    <região/>
    <ibge>2708600</ibge>
    <gia/>
    <ddd>82</ddd>
    <siafi>2871</siafi>
  </cep>
  <cep>
    <cep>57240-192</cep>
    <logradouro>Rua Manoel Pascoal da Costa</logradouro>
    <complemento/>
    <unidade/>
    <bairro>Paraíso</bairro>
    <localidade>São Miguel dos Campos</localidade>
    <uf>AL</uf>
    <estado>Alagoas</estado>
    <região/>
    <ibge>2708600</ibge>
    <gia/>
    <ddd>82</ddd>
    <siafi>2871</siafi>
  </cep>
  <cep>
    <cep>57240-196</cep>
    <logradouro>Rua Geraldo Palmeira Sampaio</logradouro>
    <complemento/>
    <unidade/>
    <bairro>Paraíso</bairro>
    <localidade>São Miguel dos Campos</localidade>
    <uf>AL</uf>
    <estado>Alagoas</estado>
    <região/>
    <ibge>2708600</ibge>
    <gia/>
    <ddd>82</ddd>
    <siafi>2871</siafi>
  </cep>
  <cep>
    <cep>57240-170</cep>
    <logradouro>Quadra F</logradouro>
    <complemento>(Lot José Torres Filho)</complemento>
    <unidade/>
    <bairro>Paraíso</bairro>
    <localidade>São Miguel dos Campos</localidade>
    <uf>AL</uf>
    <estado>Alagoas</estado>
    <região/>
    <ibge>2708600</ibge>
    <gia/>
    <ddd>82</ddd>
    <siafi>2871</siafi>
  </cep>
  <cep>
    <cep>57240-198</cep>
    <logradouro>Rodovia BR-101</logradouro>
    <complemento/>
    <unidade/>
    <bairro>Paraíso</bairro>
    <localidade>São Miguel dos Campos</localidade>
    <uf>AL</uf>
    <estado>Alagoas</estado>
    <região/>
    <ibge>2708600</ibge>
    <gia/>
    <ddd>82</ddd>
    <siafi>2871</siafi>
  </cep>
  <cep>
    <cep>57240-200</cep>
    <logradouro>Rua Dirceu Ribas Macedo</logradouro>
    <complemento/>
    <unidade/>
    <bairro>Paraíso</bairro>
    <localidade>São Miguel dos Campos</localidade>
    <uf>AL</uf>
    <estado>Alagoas</estado>
    <região/>
    <ibge>2708600</ibge>
    <gia/>
    <ddd>82</ddd>
    <siafi>2871</siafi>
  </cep>
  <cep>
    <cep>57240-202</cep>
    <logradouro>Rua Sartírio Brandão</logradouro>
    <complemento/>
    <unidade/>
    <bairro>Paraíso</bairro>
    <localidade>São Miguel dos Campos</localidade>
    <uf>AL</uf>
    <estado>Alagoas</estado>
    <região/>
    <ibge>2708600</ibge>
    <gia/>
    <ddd>82</ddd>
    <siafi>2871</siafi>
  </cep>
  <cep>
    <cep>57240-205</cep>
    <logradouro>Rua Manoel Moreira de Albuquerque</logradouro>
    <complemento/>
    <unidade/>
    <bairro>Paraíso</bairro>
    <localidade>São Miguel dos Campos</localidade>
    <uf>AL</uf>
    <estado>Alagoas</estado>
    <região/>
    <ibge>2708600</ibge>
    <gia/>
    <ddd>82</ddd>
    <siafi>2871</siafi>
  </cep>
  <cep>
    <cep>57240-204</cep>
    <logradouro>Rua Oscar Palmeira Ferro</logradouro>
    <complemento/>
    <unidade/>
    <bairro>Paraíso</bairro>
    <localidade>São Miguel dos Campos</localidade>
    <uf>AL</uf>
    <estado>Alagoas</estado>
    <região/>
    <ibge>2708600</ibge>
    <gia/>
    <ddd>82</ddd>
    <siafi>2871</siafi>
  </cep>
  <cep>
    <cep>57240-208</cep>
    <logradouro>Rua José Medeiros Aprato</logradouro>
    <complemento/>
    <unidade/>
    <bairro>Paraíso</bairro>
    <localidade>São Miguel dos Campos</localidade>
    <uf>AL</uf>
    <estado>Alagoas</estado>
    <região/>
    <ibge>2708600</ibge>
    <gia/>
    <ddd>82</ddd>
    <siafi>2871</siafi>
  </cep>
  <cep>
    <cep>57240-206</cep>
    <logradouro>Rua Antônio José da Silva</logradouro>
    <complemento/>
    <unidade/>
    <bairro>Paraíso</bairro>
    <localidade>São Miguel dos Campos</localidade>
    <uf>AL</uf>
    <estado>Alagoas</estado>
    <região/>
    <ibge>2708600</ibge>
    <gia/>
    <ddd>82</ddd>
    <siafi>2871</siafi>
  </cep>
  <cep>
    <cep>57240-212</cep>
    <logradouro>Rua José Paulino da Costa</logradouro>
    <complemento/>
    <unidade/>
    <bairro>Paraíso</bairro>
    <localidade>São Miguel dos Campos</localidade>
    <uf>AL</uf>
    <estado>Alagoas</estado>
    <região/>
    <ibge>2708600</ibge>
    <gia/>
    <ddd>82</ddd>
    <siafi>2871</siafi>
  </cep>
  <cep>
    <cep>57240-210</cep>
    <logradouro>Rua Severino dos Santos</logradouro>
    <complemento/>
    <unidade/>
    <bairro>Paraíso</bairro>
    <localidade>São Miguel dos Campos</localidade>
    <uf>AL</uf>
    <estado>Alagoas</estado>
    <região/>
    <ibge>2708600</ibge>
    <gia/>
    <ddd>82</ddd>
    <siafi>2871</siafi>
  </cep>
  <cep>
    <cep>57240-214</cep>
    <logradouro>Rua Minervino dos Santos</logradouro>
    <complemento/>
    <unidade/>
    <bairro>Paraíso</bairro>
    <localidade>São Miguel dos Campos</localidade>
    <uf>AL</uf>
    <estado>Alagoas</estado>
    <região/>
    <ibge>2708600</ibge>
    <gia/>
    <ddd>82</ddd>
    <siafi>2871</siafi>
  </cep>
  <cep>
    <cep>57240-300</cep>
    <logradouro>Avenida Deputado Diney Torres</logradouro>
    <complemento>de 26/27 ao fim</complemento>
    <unidade/>
    <bairro>Geraldo Sampaio</bairro>
    <localidade>São Miguel dos Campos</localidade>
    <uf>AL</uf>
    <estado>Alagoas</estado>
    <região/>
    <ibge>2708600</ibge>
    <gia/>
    <ddd>82</ddd>
    <siafi>2871</siafi>
  </cep>
  <cep>
    <cep>57240-304</cep>
    <logradouro>Rua Olinto de Andrade Lima</logradouro>
    <complemento/>
    <unidade/>
    <bairro>Geraldo Sampaio</bairro>
    <localidade>São Miguel dos Campos</localidade>
    <uf>AL</uf>
    <estado>Alagoas</estado>
    <região/>
    <ibge>2708600</ibge>
    <gia/>
    <ddd>82</ddd>
    <siafi>2871</siafi>
  </cep>
  <cep>
    <cep>57240-306</cep>
    <logradouro>Rua Miguel Moreira Torres</logradouro>
    <complemento/>
    <unidade/>
    <bairro>Geraldo Sampaio</bairro>
    <localidade>São Miguel dos Campos</localidade>
    <uf>AL</uf>
    <estado>Alagoas</estado>
    <região/>
    <ibge>2708600</ibge>
    <gia/>
    <ddd>82</ddd>
    <siafi>2871</siafi>
  </cep>
  <cep>
    <cep>57240-302</cep>
    <logradouro>Rua Gasparino Cavalcante Pessoa</logradouro>
    <complemento>lado ímpar</complemento>
    <unidade/>
    <bairro>Geraldo Sampaio</bairro>
    <localidade>São Miguel dos Campos</localidade>
    <uf>AL</uf>
    <estado>Alagoas</estado>
    <região/>
    <ibge>2708600</ibge>
    <gia/>
    <ddd>82</ddd>
    <siafi>2871</siafi>
  </cep>
  <cep>
    <cep>57240-308</cep>
    <logradouro>Rua Girlene Amorim de Carvalho</logradouro>
    <complemento/>
    <unidade/>
    <bairro>Geraldo Sampaio</bairro>
    <localidade>São Miguel dos Campos</localidade>
    <uf>AL</uf>
    <estado>Alagoas</estado>
    <região/>
    <ibge>2708600</ibge>
    <gia/>
    <ddd>82</ddd>
    <siafi>2871</siafi>
  </cep>
  <cep>
    <cep>57240-310</cep>
    <logradouro>Rua José Antônio da Cruz</logradouro>
    <complemento>lado par</complemento>
    <unidade/>
    <bairro>Geraldo Sampaio</bairro>
    <localidade>São Miguel dos Campos</localidade>
    <uf>AL</uf>
    <estado>Alagoas</estado>
    <região/>
    <ibge>2708600</ibge>
    <gia/>
    <ddd>82</ddd>
    <siafi>2871</siafi>
  </cep>
  <cep>
    <cep>57240-312</cep>
    <logradouro>Rua Vereador Antônio Pugliese Bitencourt</logradouro>
    <complemento/>
    <unidade/>
    <bairro>Geraldo Sampaio</bairro>
    <localidade>São Miguel dos Campos</localidade>
    <uf>AL</uf>
    <estado>Alagoas</estado>
    <região/>
    <ibge>2708600</ibge>
    <gia/>
    <ddd>82</ddd>
    <siafi>2871</siafi>
  </cep>
  <cep>
    <cep>57240-314</cep>
    <logradouro>Travessa Vereador Antônio Pugliese Bitencourt</logradouro>
    <complemento/>
    <unidade/>
    <bairro>Geraldo Sampaio</bairro>
    <localidade>São Miguel dos Campos</localidade>
    <uf>AL</uf>
    <estado>Alagoas</estado>
    <região/>
    <ibge>2708600</ibge>
    <gia/>
    <ddd>82</ddd>
    <siafi>2871</siafi>
  </cep>
  <cep>
    <cep>57240-316</cep>
    <logradouro>Travessa Vereador Antonino Pereira Lima</logradouro>
    <complemento/>
    <unidade/>
    <bairro>Geraldo Sampaio</bairro>
    <localidade>São Miguel dos Campos</localidade>
    <uf>AL</uf>
    <estado>Alagoas</estado>
    <região/>
    <ibge>2708600</ibge>
    <gia/>
    <ddd>82</ddd>
    <siafi>2871</siafi>
  </cep>
  <cep>
    <cep>57240-334</cep>
    <logradouro>Quadra A</logradouro>
    <complemento>(Cj Diógenes Celestino)</complemento>
    <unidade/>
    <bairro>Geraldo Sampaio</bairro>
    <localidade>São Miguel dos Campos</localidade>
    <uf>AL</uf>
    <estado>Alagoas</estado>
    <região/>
    <ibge>2708600</ibge>
    <gia/>
    <ddd>82</ddd>
    <siafi>2871</siafi>
  </cep>
  <cep>
    <cep>57240-336</cep>
    <logradouro>Quadra B</logradouro>
    <complemento>(Cj Diógenes Celestino)</complemento>
    <unidade/>
    <bairro>Geraldo Sampaio</bairro>
    <localidade>São Miguel dos Campos</localidade>
    <uf>AL</uf>
    <estado>Alagoas</estado>
    <região/>
    <ibge>2708600</ibge>
    <gia/>
    <ddd>82</ddd>
    <siafi>2871</siafi>
  </cep>
  <cep>
    <cep>57240-346</cep>
    <logradouro>Quadra G</logradouro>
    <complemento>(Cj Diógenes Celestino)</complemento>
    <unidade/>
    <bairro>Geraldo Sampaio</bairro>
    <localidade>São Miguel dos Campos</localidade>
    <uf>AL</uf>
    <estado>Alagoas</estado>
    <região/>
    <ibge>2708600</ibge>
    <gia/>
    <ddd>82</ddd>
    <siafi>2871</siafi>
  </cep>
  <cep>
    <cep>57240-344</cep>
    <logradouro>Quadra F</logradouro>
    <complemento>(Cj Diógenes Celestino)</complemento>
    <unidade/>
    <bairro>Geraldo Sampaio</bairro>
    <localidade>São Miguel dos Campos</localidade>
    <uf>AL</uf>
    <estado>Alagoas</estado>
    <região/>
    <ibge>2708600</ibge>
    <gia/>
    <ddd>82</ddd>
    <siafi>2871</siafi>
  </cep>
  <cep>
    <cep>57240-338</cep>
    <logradouro>Quadra C</logradouro>
    <complemento>(Cj Diógenes Celestino)</complemento>
    <unidade/>
    <bairro>Geraldo Sampaio</bairro>
    <localidade>São Miguel dos Campos</localidade>
    <uf>AL</uf>
    <estado>Alagoas</estado>
    <região/>
    <ibge>2708600</ibge>
    <gia/>
    <ddd>82</ddd>
    <siafi>2871</siafi>
  </cep>
  <cep>
    <cep>57240-320</cep>
    <logradouro>Rua Vereador José de Aquino</logradouro>
    <complemento/>
    <unidade/>
    <bairro>Geraldo Sampaio</bairro>
    <localidade>São Miguel dos Campos</localidade>
    <uf>AL</uf>
    <estado>Alagoas</estado>
    <região/>
    <ibge>2708600</ibge>
    <gia/>
    <ddd>82</ddd>
    <siafi>2871</siafi>
  </cep>
  <cep>
    <cep>57240-332</cep>
    <logradouro>Rua José Quintela Cavalcante</logradouro>
    <complemento/>
    <unidade/>
    <bairro>Geraldo Sampaio</bairro>
    <localidade>São Miguel dos Campos</localidade>
    <uf>AL</uf>
    <estado>Alagoas</estado>
    <região/>
    <ibge>2708600</ibge>
    <gia/>
    <ddd>82</ddd>
    <siafi>2871</siafi>
  </cep>
  <cep>
    <cep>57240-322</cep>
    <logradouro>Rua João Cesar Teixeira</logradouro>
    <complemento/>
    <unidade/>
    <bairro>Geraldo Sampaio</bairro>
    <localidade>São Miguel dos Campos</localidade>
    <uf>AL</uf>
    <estado>Alagoas</estado>
    <região/>
    <ibge>2708600</ibge>
    <gia/>
    <ddd>82</ddd>
    <siafi>2871</siafi>
  </cep>
  <cep>
    <cep>57240-350</cep>
    <logradouro>Quadra I</logradouro>
    <complemento>(Cj Diógenes Celestino)</complemento>
    <unidade/>
    <bairro>Geraldo Sampaio</bairro>
    <localidade>São Miguel dos Campos</localidade>
    <uf>AL</uf>
    <estado>Alagoas</estado>
    <região/>
    <ibge>2708600</ibge>
    <gia/>
    <ddd>82</ddd>
    <siafi>2871</siafi>
  </cep>
  <cep>
    <cep>57240-324</cep>
    <logradouro>Rua Adolfo Correia de Oliveira</logradouro>
    <complemento/>
    <unidade/>
    <bairro>Geraldo Sampaio</bairro>
    <localidade>São Miguel dos Campos</localidade>
    <uf>AL</uf>
    <estado>Alagoas</estado>
    <região/>
    <ibge>2708600</ibge>
    <gia/>
    <ddd>82</ddd>
    <siafi>2871</siafi>
  </cep>
  <cep>
    <cep>57240-352</cep>
    <logradouro>Quadra J</logradouro>
    <complemento>(Cj Diógenes Celestino)</complemento>
    <unidade/>
    <bairro>Geraldo Sampaio</bairro>
    <localidade>São Miguel dos Campos</localidade>
    <uf>AL</uf>
    <estado>Alagoas</estado>
    <região/>
    <ibge>2708600</ibge>
    <gia/>
    <ddd>82</ddd>
    <siafi>2871</siafi>
  </cep>
  <cep>
    <cep>57240-326</cep>
    <logradouro>Rua Manoel Marcolino Santos</logradouro>
    <complemento/>
    <unidade/>
    <bairro>Geraldo Sampaio</bairro>
    <localidade>São Miguel dos Campos</localidade>
    <uf>AL</uf>
    <estado>Alagoas</estado>
    <região/>
    <ibge>2708600</ibge>
    <gia/>
    <ddd>82</ddd>
    <siafi>2871</siafi>
  </cep>
  <cep>
    <cep>57240-348</cep>
    <logradouro>Quadra H</logradouro>
    <complemento>(Cj Diógenes Celestino)</complemento>
    <unidade/>
    <bairro>Geraldo Sampaio</bairro>
    <localidade>São Miguel dos Campos</localidade>
    <uf>AL</uf>
    <estado>Alagoas</estado>
    <região/>
    <ibge>2708600</ibge>
    <gia/>
    <ddd>82</ddd>
    <siafi>2871</siafi>
  </cep>
  <cep>
    <cep>57240-330</cep>
    <logradouro>Rua Desembargador Moura Castro</logradouro>
    <complemento/>
    <unidade/>
    <bairro>Geraldo Sampaio</bairro>
    <localidade>São Miguel dos Campos</localidade>
    <uf>AL</uf>
    <estado>Alagoas</estado>
    <região/>
    <ibge>2708600</ibge>
    <gia/>
    <ddd>82</ddd>
    <siafi>2871</siafi>
  </cep>
  <cep>
    <cep>57240-354</cep>
    <logradouro>Quadra K</logradouro>
    <complemento>(Cj Diógenes Celestino)</complemento>
    <unidade/>
    <bairro>Geraldo Sampaio</bairro>
    <localidade>São Miguel dos Campos</localidade>
    <uf>AL</uf>
    <estado>Alagoas</estado>
    <região/>
    <ibge>2708600</ibge>
    <gia/>
    <ddd>82</ddd>
    <siafi>2871</siafi>
  </cep>
  <cep>
    <cep>57240-360</cep>
    <logradouro>Quadra A</logradouro>
    <complemento>(Cj Geraldo Sampaio)</complemento>
    <unidade/>
    <bairro>Geraldo Sampaio</bairro>
    <localidade>São Miguel dos Campos</localidade>
    <uf>AL</uf>
    <estado>Alagoas</estado>
    <região/>
    <ibge>2708600</ibge>
    <gia/>
    <ddd>82</ddd>
    <siafi>2871</siafi>
  </cep>
  <cep>
    <cep>57240-318</cep>
    <logradouro>Rua Vereador Antonino Pereira Lima</logradouro>
    <complemento/>
    <unidade/>
    <bairro>Geraldo Sampaio</bairro>
    <localidade>São Miguel dos Campos</localidade>
    <uf>AL</uf>
    <estado>Alagoas</estado>
    <região/>
    <ibge>2708600</ibge>
    <gia/>
    <ddd>82</ddd>
    <siafi>2871</siafi>
  </cep>
  <cep>
    <cep>57240-340</cep>
    <logradouro>Quadra D</logradouro>
    <complemento>(Cj Diógenes Celestino)</complemento>
    <unidade/>
    <bairro>Geraldo Sampaio</bairro>
    <localidade>São Miguel dos Campos</localidade>
    <uf>AL</uf>
    <estado>Alagoas</estado>
    <região/>
    <ibge>2708600</ibge>
    <gia/>
    <ddd>82</ddd>
    <siafi>2871</siafi>
  </cep>
  <cep>
    <cep>57240-358</cep>
    <logradouro>Quadra B</logradouro>
    <complemento>(Cj Geraldo Sampaio)</complemento>
    <unidade/>
    <bairro>Geraldo Sampaio</bairro>
    <localidade>São Miguel dos Campos</localidade>
    <uf>AL</uf>
    <estado>Alagoas</estado>
    <região/>
    <ibge>2708600</ibge>
    <gia/>
    <ddd>82</ddd>
    <siafi>2871</siafi>
  </cep>
  <cep>
    <cep>57241-001</cep>
    <logradouro>Rua José Antônio da Cruz</logradouro>
    <complemento>lado ímpar</complemento>
    <unidade/>
    <bairro>Canto da Saudade</bairro>
    <localidade>São Miguel dos Campos</localidade>
    <uf>AL</uf>
    <estado>Alagoas</estado>
    <região/>
    <ibge>2708600</ibge>
    <gia/>
    <ddd>82</ddd>
    <siafi>2871</siafi>
  </cep>
  <cep>
    <cep>57241-010</cep>
    <logradouro>Rua Adelaide de Sá</logradouro>
    <complemento/>
    <unidade/>
    <bairro>Canto da Saudade</bairro>
    <localidade>São Miguel dos Campos</localidade>
    <uf>AL</uf>
    <estado>Alagoas</estado>
    <região/>
    <ibge>2708600</ibge>
    <gia/>
    <ddd>82</ddd>
    <siafi>2871</siafi>
  </cep>
  <cep>
    <cep>57240-342</cep>
    <logradouro>Quadra E</logradouro>
    <complemento>(Cj Diógenes Celestino)</complemento>
    <unidade/>
    <bairro>Geraldo Sampaio</bairro>
    <localidade>São Miguel dos Campos</localidade>
    <uf>AL</uf>
    <estado>Alagoas</estado>
    <região/>
    <ibge>2708600</ibge>
    <gia/>
    <ddd>82</ddd>
    <siafi>2871</siafi>
  </cep>
  <cep>
    <cep>57241-020</cep>
    <logradouro>Praça Antonieta Teixeira Leite</logradouro>
    <complemento/>
    <unidade/>
    <bairro>Canto da Saudade</bairro>
    <localidade>São Miguel dos Campos</localidade>
    <uf>AL</uf>
    <estado>Alagoas</estado>
    <região/>
    <ibge>2708600</ibge>
    <gia/>
    <ddd>82</ddd>
    <siafi>2871</siafi>
  </cep>
  <cep>
    <cep>57241-043</cep>
    <logradouro>Quadra 20</logradouro>
    <complemento>(Lot José Calazans)</complemento>
    <unidade/>
    <bairro>Canto da Saudade</bairro>
    <localidade>São Miguel dos Campos</localidade>
    <uf>AL</uf>
    <estado>Alagoas</estado>
    <região/>
    <ibge>2708600</ibge>
    <gia/>
    <ddd>82</ddd>
    <siafi>2871</siafi>
  </cep>
  <cep>
    <cep>57241-046</cep>
    <logradouro>Quadra 21</logradouro>
    <complemento>(Lot José Calazans)</complemento>
    <unidade/>
    <bairro>Canto da Saudade</bairro>
    <localidade>São Miguel dos Campos</localidade>
    <uf>AL</uf>
    <estado>Alagoas</estado>
    <região/>
    <ibge>2708600</ibge>
    <gia/>
    <ddd>82</ddd>
    <siafi>2871</siafi>
  </cep>
  <cep>
    <cep>57241-052</cep>
    <logradouro>Quadra 23</logradouro>
    <complemento>(Lot José Calazans)</complemento>
    <unidade/>
    <bairro>Canto da Saudade</bairro>
    <localidade>São Miguel dos Campos</localidade>
    <uf>AL</uf>
    <estado>Alagoas</estado>
    <região/>
    <ibge>2708600</ibge>
    <gia/>
    <ddd>82</ddd>
    <siafi>2871</siafi>
  </cep>
  <cep>
    <cep>57240-328</cep>
    <logradouro>Rua Sérgio Rocha Lima</logradouro>
    <complemento/>
    <unidade/>
    <bairro>Geraldo Sampaio</bairro>
    <localidade>São Miguel dos Campos</localidade>
    <uf>AL</uf>
    <estado>Alagoas</estado>
    <região/>
    <ibge>2708600</ibge>
    <gia/>
    <ddd>82</ddd>
    <siafi>2871</siafi>
  </cep>
  <cep>
    <cep>57241-007</cep>
    <logradouro>Rua Coronel Francisco Jatobá</logradouro>
    <complemento>de 97 ao fim - lado ímpar</complemento>
    <unidade/>
    <bairro>Canto da Saudade</bairro>
    <localidade>São Miguel dos Campos</localidade>
    <uf>AL</uf>
    <estado>Alagoas</estado>
    <região/>
    <ibge>2708600</ibge>
    <gia/>
    <ddd>82</ddd>
    <siafi>2871</siafi>
  </cep>
  <cep>
    <cep>57241-025</cep>
    <logradouro>Rua José Carlos Monteiro</logradouro>
    <complemento/>
    <unidade/>
    <bairro>Canto da Saudade</bairro>
    <localidade>São Miguel dos Campos</localidade>
    <uf>AL</uf>
    <estado>Alagoas</estado>
    <região/>
    <ibge>2708600</ibge>
    <gia/>
    <ddd>82</ddd>
    <siafi>2871</siafi>
  </cep>
  <cep>
    <cep>57241-036</cep>
    <logradouro>Quadra 29</logradouro>
    <complemento>(Lot José Calazans)</complemento>
    <unidade/>
    <bairro>Canto da Saudade</bairro>
    <localidade>São Miguel dos Campos</localidade>
    <uf>AL</uf>
    <estado>Alagoas</estado>
    <região/>
    <ibge>2708600</ibge>
    <gia/>
    <ddd>82</ddd>
    <siafi>2871</siafi>
  </cep>
  <cep>
    <cep>57241-016</cep>
    <logradouro>Rua José de Sá Teixeira</logradouro>
    <complemento/>
    <unidade/>
    <bairro>Canto da Saudade</bairro>
    <localidade>São Miguel dos Campos</localidade>
    <uf>AL</uf>
    <estado>Alagoas</estado>
    <região/>
    <ibge>2708600</ibge>
    <gia/>
    <ddd>82</ddd>
    <siafi>2871</siafi>
  </cep>
  <cep>
    <cep>57241-037</cep>
    <logradouro>Quadra 26</logradouro>
    <complemento>(Lot José Calazans)</complemento>
    <unidade/>
    <bairro>Canto da Saudade</bairro>
    <localidade>São Miguel dos Campos</localidade>
    <uf>AL</uf>
    <estado>Alagoas</estado>
    <região/>
    <ibge>2708600</ibge>
    <gia/>
    <ddd>82</ddd>
    <siafi>2871</siafi>
  </cep>
  <cep>
    <cep>57241-013</cep>
    <logradouro>Avenida Rotary</logradouro>
    <complemento/>
    <unidade/>
    <bairro>Canto da Saudade</bairro>
    <localidade>São Miguel dos Campos</localidade>
    <uf>AL</uf>
    <estado>Alagoas</estado>
    <região/>
    <ibge>2708600</ibge>
    <gia/>
    <ddd>82</ddd>
    <siafi>2871</siafi>
  </cep>
  <cep>
    <cep>57241-031</cep>
    <logradouro>Quadra 28</logradouro>
    <complemento>(Lot José Calazans)</complemento>
    <unidade/>
    <bairro>Canto da Saudade</bairro>
    <localidade>São Miguel dos Campos</localidade>
    <uf>AL</uf>
    <estado>Alagoas</estado>
    <região/>
    <ibge>2708600</ibge>
    <gia/>
    <ddd>82</ddd>
    <siafi>2871</siafi>
  </cep>
  <cep>
    <cep>57241-022</cep>
    <logradouro>Rua Albérico Cavalcante Pessoa</logradouro>
    <complemento/>
    <unidade/>
    <bairro>Canto da Saudade</bairro>
    <localidade>São Miguel dos Campos</localidade>
    <uf>AL</uf>
    <estado>Alagoas</estado>
    <região/>
    <ibge>2708600</ibge>
    <gia/>
    <ddd>82</ddd>
    <siafi>2871</siafi>
  </cep>
  <cep>
    <cep>57241-040</cep>
    <logradouro>Quadra 19</logradouro>
    <complemento>(Lot José Calazans)</complemento>
    <unidade/>
    <bairro>Canto da Saudade</bairro>
    <localidade>São Miguel dos Campos</localidade>
    <uf>AL</uf>
    <estado>Alagoas</estado>
    <região/>
    <ibge>2708600</ibge>
    <gia/>
    <ddd>82</ddd>
    <siafi>2871</siafi>
  </cep>
  <cep>
    <cep>57240-356</cep>
    <logradouro>Quadra C</logradouro>
    <complemento>(Cj Geraldo Sampaio)</complemento>
    <unidade/>
    <bairro>Geraldo Sampaio</bairro>
    <localidade>São Miguel dos Campos</localidade>
    <uf>AL</uf>
    <estado>Alagoas</estado>
    <região/>
    <ibge>2708600</ibge>
    <gia/>
    <ddd>82</ddd>
    <siafi>2871</siafi>
  </cep>
  <cep>
    <cep>57241-039</cep>
    <logradouro>Quadra 27</logradouro>
    <complemento>(Lot José Calazans)</complemento>
    <unidade/>
    <bairro>Canto da Saudade</bairro>
    <localidade>São Miguel dos Campos</localidade>
    <uf>AL</uf>
    <estado>Alagoas</estado>
    <região/>
    <ibge>2708600</ibge>
    <gia/>
    <ddd>82</ddd>
    <siafi>2871</siafi>
  </cep>
  <cep>
    <cep>57241-049</cep>
    <logradouro>Quadra 22</logradouro>
    <complemento>(Lot José Calazans)</complemento>
    <unidade/>
    <bairro>Canto da Saudade</bairro>
    <localidade>São Miguel dos Campos</localidade>
    <uf>AL</uf>
    <estado>Alagoas</estado>
    <região/>
    <ibge>2708600</ibge>
    <gia/>
    <ddd>82</ddd>
    <siafi>2871</siafi>
  </cep>
  <cep>
    <cep>57241-033</cep>
    <logradouro>Quadra 30</logradouro>
    <complemento>(Lot José Calazans)</complemento>
    <unidade/>
    <bairro>Canto da Saudade</bairro>
    <localidade>São Miguel dos Campos</localidade>
    <uf>AL</uf>
    <estado>Alagoas</estado>
    <região/>
    <ibge>2708600</ibge>
    <gia/>
    <ddd>82</ddd>
    <siafi>2871</siafi>
  </cep>
  <cep>
    <cep>57241-028</cep>
    <logradouro>Rua João Epaminondas</logradouro>
    <complemento/>
    <unidade/>
    <bairro>Canto da Saudade</bairro>
    <localidade>São Miguel dos Campos</localidade>
    <uf>AL</uf>
    <estado>Alagoas</estado>
    <região/>
    <ibge>2708600</ibge>
    <gia/>
    <ddd>82</ddd>
    <siafi>2871</siafi>
  </cep>
  <cep>
    <cep>57241-019</cep>
    <logradouro>Rua Pastor José de Moraes Alves</logradouro>
    <complemento/>
    <unidade/>
    <bairro>Canto da Saudade</bairro>
    <localidade>São Miguel dos Campos</localidade>
    <uf>AL</uf>
    <estado>Alagoas</estado>
    <região/>
    <ibge>2708600</ibge>
    <gia/>
    <ddd>82</ddd>
    <siafi>2871</siafi>
  </cep>
  <cep>
    <cep>57241-004</cep>
    <logradouro>Rua Juca Calazans</logradouro>
    <complemento/>
    <unidade/>
    <bairro>Canto da Saudade</bairro>
    <localidade>São Miguel dos Campos</localidade>
    <uf>AL</uf>
    <estado>Alagoas</estado>
    <região/>
    <ibge>2708600</ibge>
    <gia/>
    <ddd>82</ddd>
    <siafi>2871</siafi>
  </cep>
  <cep>
    <cep>57241-034</cep>
    <logradouro>Quadra 25</logradouro>
    <complemento>(Lot José Calazans)</complemento>
    <unidade/>
    <bairro>Canto da Saudade</bairro>
    <localidade>São Miguel dos Campos</localidade>
    <uf>AL</uf>
    <estado>Alagoas</estado>
    <região/>
    <ibge>2708600</ibge>
    <gia/>
    <ddd>82</ddd>
    <siafi>2871</siafi>
  </cep>
  <cep>
    <cep>57241-054</cep>
    <logradouro>Quadra 24</logradouro>
    <complemento>(Lot José Calazans)</complemento>
    <unidade/>
    <bairro>Canto da Saudade</bairro>
    <localidade>São Miguel dos Campos</localidade>
    <uf>AL</uf>
    <estado>Alagoas</estado>
    <região/>
    <ibge>2708600</ibge>
    <gia/>
    <ddd>82</ddd>
    <siafi>2871</siafi>
  </cep>
  <cep>
    <cep>57241-055</cep>
    <logradouro>Quadra 13</logradouro>
    <complemento>(Lot José Calazans)</complemento>
    <unidade/>
    <bairro>Canto da Saudade</bairro>
    <localidade>São Miguel dos Campos</localidade>
    <uf>AL</uf>
    <estado>Alagoas</estado>
    <região/>
    <ibge>2708600</ibge>
    <gia/>
    <ddd>82</ddd>
    <siafi>2871</siafi>
  </cep>
  <cep>
    <cep>57241-058</cep>
    <logradouro>Quadra 14</logradouro>
    <complemento>(Lot José Calazans)</complemento>
    <unidade/>
    <bairro>Canto da Saudade</bairro>
    <localidade>São Miguel dos Campos</localidade>
    <uf>AL</uf>
    <estado>Alagoas</estado>
    <região/>
    <ibge>2708600</ibge>
    <gia/>
    <ddd>82</ddd>
    <siafi>2871</siafi>
  </cep>
  <cep>
    <cep>57241-061</cep>
    <logradouro>Quadra 15</logradouro>
    <complemento>(Lot José Calazans)</complemento>
    <unidade/>
    <bairro>Canto da Saudade</bairro>
    <localidade>São Miguel dos Campos</localidade>
    <uf>AL</uf>
    <estado>Alagoas</estado>
    <região/>
    <ibge>2708600</ibge>
    <gia/>
    <ddd>82</ddd>
    <siafi>2871</siafi>
  </cep>
  <cep>
    <cep>57241-064</cep>
    <logradouro>Quadra 16</logradouro>
    <complemento>(Lot José Calazans)</complemento>
    <unidade/>
    <bairro>Canto da Saudade</bairro>
    <localidade>São Miguel dos Campos</localidade>
    <uf>AL</uf>
    <estado>Alagoas</estado>
    <região/>
    <ibge>2708600</ibge>
    <gia/>
    <ddd>82</ddd>
    <siafi>2871</siafi>
  </cep>
  <cep>
    <cep>57240-056</cep>
    <logradouro>Rua Pedro Fernandes da Costa</logradouro>
    <complemento/>
    <unidade/>
    <bairro>Centro</bairro>
    <localidade>São Miguel dos Campos</localidade>
    <uf>AL</uf>
    <estado>Alagoas</estado>
    <região/>
    <ibge>2708600</ibge>
    <gia/>
    <ddd>82</ddd>
    <siafi>2871</siafi>
  </cep>
  <cep>
    <cep>57241-067</cep>
    <logradouro>Quadra 17</logradouro>
    <complemento>(Lot José Calazans)</complemento>
    <unidade/>
    <bairro>Canto da Saudade</bairro>
    <localidade>São Miguel dos Campos</localidade>
    <uf>AL</uf>
    <estado>Alagoas</estado>
    <região/>
    <ibge>2708600</ibge>
    <gia/>
    <ddd>82</ddd>
    <siafi>2871</siafi>
  </cep>
  <cep>
    <cep>57241-073</cep>
    <logradouro>Quadra 12</logradouro>
    <complemento>(Lot José Calazans)</complemento>
    <unidade/>
    <bairro>Canto da Saudade</bairro>
    <localidade>São Miguel dos Campos</localidade>
    <uf>AL</uf>
    <estado>Alagoas</estado>
    <região/>
    <ibge>2708600</ibge>
    <gia/>
    <ddd>82</ddd>
    <siafi>2871</siafi>
  </cep>
  <cep>
    <cep>57241-085</cep>
    <logradouro>Quadra 8</logradouro>
    <complemento>(Lot José Calazans)</complemento>
    <unidade/>
    <bairro>Canto da Saudade</bairro>
    <localidade>São Miguel dos Campos</localidade>
    <uf>AL</uf>
    <estado>Alagoas</estado>
    <região/>
    <ibge>2708600</ibge>
    <gia/>
    <ddd>82</ddd>
    <siafi>2871</siafi>
  </cep>
  <cep>
    <cep>57241-070</cep>
    <logradouro>Quadra 18</logradouro>
    <complemento>(Lot José Calazans)</complemento>
    <unidade/>
    <bairro>Canto da Saudade</bairro>
    <localidade>São Miguel dos Campos</localidade>
    <uf>AL</uf>
    <estado>Alagoas</estado>
    <região/>
    <ibge>2708600</ibge>
    <gia/>
    <ddd>82</ddd>
    <siafi>2871</siafi>
  </cep>
  <cep>
    <cep>57241-088</cep>
    <logradouro>Quadra 7</logradouro>
    <complemento>(Lot José Calazans)</complemento>
    <unidade/>
    <bairro>Canto da Saudade</bairro>
    <localidade>São Miguel dos Campos</localidade>
    <uf>AL</uf>
    <estado>Alagoas</estado>
    <região/>
    <ibge>2708600</ibge>
    <gia/>
    <ddd>82</ddd>
    <siafi>2871</siafi>
  </cep>
  <cep>
    <cep>57241-201</cep>
    <logradouro>Rua Coronel Francisco Jatobá</logradouro>
    <complemento>até 95 - lado ímpar</complemento>
    <unidade/>
    <bairro>Lourdes</bairro>
    <localidade>São Miguel dos Campos</localidade>
    <uf>AL</uf>
    <estado>Alagoas</estado>
    <região/>
    <ibge>2708600</ibge>
    <gia/>
    <ddd>82</ddd>
    <siafi>2871</siafi>
  </cep>
  <cep>
    <cep>57241-091</cep>
    <logradouro>Rua São José</logradouro>
    <complemento>lado ímpar</complemento>
    <unidade/>
    <bairro>Canto da Saudade</bairro>
    <localidade>São Miguel dos Campos</localidade>
    <uf>AL</uf>
    <estado>Alagoas</estado>
    <região/>
    <ibge>2708600</ibge>
    <gia/>
    <ddd>82</ddd>
    <siafi>2871</siafi>
  </cep>
  <cep>
    <cep>57241-207</cep>
    <logradouro>Rua José de Sá Teixeira</logradouro>
    <complemento/>
    <unidade/>
    <bairro>Lourdes</bairro>
    <localidade>São Miguel dos Campos</localidade>
    <uf>AL</uf>
    <estado>Alagoas</estado>
    <região/>
    <ibge>2708600</ibge>
    <gia/>
    <ddd>82</ddd>
    <siafi>2871</siafi>
  </cep>
  <cep>
    <cep>57241-094</cep>
    <logradouro>Rua Santa Mônica</logradouro>
    <complemento>lado ímpar</complemento>
    <unidade/>
    <bairro>Canto da Saudade</bairro>
    <localidade>São Miguel dos Campos</localidade>
    <uf>AL</uf>
    <estado>Alagoas</estado>
    <região/>
    <ibge>2708600</ibge>
    <gia/>
    <ddd>82</ddd>
    <siafi>2871</siafi>
  </cep>
  <cep>
    <cep>57241-205</cep>
    <logradouro>Quadra 36</logradouro>
    <complemento>(Lot José Calazans)</complemento>
    <unidade/>
    <bairro>Lourdes</bairro>
    <localidade>São Miguel dos Campos</localidade>
    <uf>AL</uf>
    <estado>Alagoas</estado>
    <região/>
    <ibge>2708600</ibge>
    <gia/>
    <ddd>82</ddd>
    <siafi>2871</siafi>
  </cep>
  <cep>
    <cep>57241-079</cep>
    <logradouro>Quadra 10</logradouro>
    <complemento>(Lot José Calazans)</complemento>
    <unidade/>
    <bairro>Canto da Saudade</bairro>
    <localidade>São Miguel dos Campos</localidade>
    <uf>AL</uf>
    <estado>Alagoas</estado>
    <região/>
    <ibge>2708600</ibge>
    <gia/>
    <ddd>82</ddd>
    <siafi>2871</siafi>
  </cep>
  <cep>
    <cep>57241-082</cep>
    <logradouro>Quadra 9</logradouro>
    <complemento>(Lot José Calazans)</complemento>
    <unidade/>
    <bairro>Canto da Saudade</bairro>
    <localidade>São Miguel dos Campos</localidade>
    <uf>AL</uf>
    <estado>Alagoas</estado>
    <região/>
    <ibge>2708600</ibge>
    <gia/>
    <ddd>82</ddd>
    <siafi>2871</siafi>
  </cep>
  <cep>
    <cep>57241-203</cep>
    <logradouro>Quadra 32</logradouro>
    <complemento>(Lot José Calazans)</complemento>
    <unidade/>
    <bairro>Lourdes</bairro>
    <localidade>São Miguel dos Campos</localidade>
    <uf>AL</uf>
    <estado>Alagoas</estado>
    <região/>
    <ibge>2708600</ibge>
    <gia/>
    <ddd>82</ddd>
    <siafi>2871</siafi>
  </cep>
  <cep>
    <cep>57241-204</cep>
    <logradouro>Avenida Rotary</logradouro>
    <complemento/>
    <unidade/>
    <bairro>Lourdes</bairro>
    <localidade>São Miguel dos Campos</localidade>
    <uf>AL</uf>
    <estado>Alagoas</estado>
    <região/>
    <ibge>2708600</ibge>
    <gia/>
    <ddd>82</ddd>
    <siafi>2871</siafi>
  </cep>
  <cep>
    <cep>57241-076</cep>
    <logradouro>Quadra 11</logradouro>
    <complemento>(Lot José Calazans)</complemento>
    <unidade/>
    <bairro>Canto da Saudade</bairro>
    <localidade>São Miguel dos Campos</localidade>
    <uf>AL</uf>
    <estado>Alagoas</estado>
    <região/>
    <ibge>2708600</ibge>
    <gia/>
    <ddd>82</ddd>
    <siafi>2871</siafi>
  </cep>
  <cep>
    <cep>57241-209</cep>
    <logradouro>Quadra 35</logradouro>
    <complemento>(Lot José Calazans)</complemento>
    <unidade/>
    <bairro>Lourdes</bairro>
    <localidade>São Miguel dos Campos</localidade>
    <uf>AL</uf>
    <estado>Alagoas</estado>
    <região/>
    <ibge>2708600</ibge>
    <gia/>
    <ddd>82</ddd>
    <siafi>2871</siafi>
  </cep>
  <cep>
    <cep>57241-213</cep>
    <logradouro>Travessa Pitu</logradouro>
    <complemento/>
    <unidade/>
    <bairro>Lourdes</bairro>
    <localidade>São Miguel dos Campos</localidade>
    <uf>AL</uf>
    <estado>Alagoas</estado>
    <região/>
    <ibge>2708600</ibge>
    <gia/>
    <ddd>82</ddd>
    <siafi>2871</siafi>
  </cep>
  <cep>
    <cep>57241-211</cep>
    <logradouro>Quadra 34</logradouro>
    <complemento>(Lot José Calazans)</complemento>
    <unidade/>
    <bairro>Lourdes</bairro>
    <localidade>São Miguel dos Campos</localidade>
    <uf>AL</uf>
    <estado>Alagoas</estado>
    <região/>
    <ibge>2708600</ibge>
    <gia/>
    <ddd>82</ddd>
    <siafi>2871</siafi>
  </cep>
  <cep>
    <cep>57241-216</cep>
    <logradouro>Rua Carlos Monteiro</logradouro>
    <complemento/>
    <unidade/>
    <bairro>Lourdes</bairro>
    <localidade>São Miguel dos Campos</localidade>
    <uf>AL</uf>
    <estado>Alagoas</estado>
    <região/>
    <ibge>2708600</ibge>
    <gia/>
    <ddd>82</ddd>
    <siafi>2871</siafi>
  </cep>
  <cep>
    <cep>57241-215</cep>
    <logradouro>Quadra 33</logradouro>
    <complemento>(Lot José Calazans)</complemento>
    <unidade/>
    <bairro>Lourdes</bairro>
    <localidade>São Miguel dos Campos</localidade>
    <uf>AL</uf>
    <estado>Alagoas</estado>
    <região/>
    <ibge>2708600</ibge>
    <gia/>
    <ddd>82</ddd>
    <siafi>2871</siafi>
  </cep>
  <cep>
    <cep>57241-217</cep>
    <logradouro>Quadra 37</logradouro>
    <complemento>(Lot José Calazans)</complemento>
    <unidade/>
    <bairro>Lourdes</bairro>
    <localidade>São Miguel dos Campos</localidade>
    <uf>AL</uf>
    <estado>Alagoas</estado>
    <região/>
    <ibge>2708600</ibge>
    <gia/>
    <ddd>82</ddd>
    <siafi>2871</siafi>
  </cep>
  <cep>
    <cep>57241-225</cep>
    <logradouro>Rua Leocádio Rocha Silva</logradouro>
    <complemento/>
    <unidade/>
    <bairro>Lourdes</bairro>
    <localidade>São Miguel dos Campos</localidade>
    <uf>AL</uf>
    <estado>Alagoas</estado>
    <região/>
    <ibge>2708600</ibge>
    <gia/>
    <ddd>82</ddd>
    <siafi>2871</siafi>
  </cep>
  <cep>
    <cep>57241-240</cep>
    <logradouro>Avenida Sampaio Marques</logradouro>
    <complemento>lado par</complemento>
    <unidade/>
    <bairro>Lourdes</bairro>
    <localidade>São Miguel dos Campos</localidade>
    <uf>AL</uf>
    <estado>Alagoas</estado>
    <região/>
    <ibge>2708600</ibge>
    <gia/>
    <ddd>82</ddd>
    <siafi>2871</siafi>
  </cep>
  <cep>
    <cep>57241-231</cep>
    <logradouro>Travessa José Irineu Campos</logradouro>
    <complemento/>
    <unidade/>
    <bairro>Lourdes</bairro>
    <localidade>São Miguel dos Campos</localidade>
    <uf>AL</uf>
    <estado>Alagoas</estado>
    <região/>
    <ibge>2708600</ibge>
    <gia/>
    <ddd>82</ddd>
    <siafi>2871</siafi>
  </cep>
  <cep>
    <cep>57241-219</cep>
    <logradouro>Rua André Bastos</logradouro>
    <complemento>de 151/152 ao fim</complemento>
    <unidade/>
    <bairro>Lourdes</bairro>
    <localidade>São Miguel dos Campos</localidade>
    <uf>AL</uf>
    <estado>Alagoas</estado>
    <região/>
    <ibge>2708600</ibge>
    <gia/>
    <ddd>82</ddd>
    <siafi>2871</siafi>
  </cep>
  <cep>
    <cep>57241-249</cep>
    <logradouro>Rua Diógenes Almeida Celestino</logradouro>
    <complemento/>
    <unidade/>
    <bairro>Lourdes</bairro>
    <localidade>São Miguel dos Campos</localidade>
    <uf>AL</uf>
    <estado>Alagoas</estado>
    <região/>
    <ibge>2708600</ibge>
    <gia/>
    <ddd>82</ddd>
    <siafi>2871</siafi>
  </cep>
  <cep>
    <cep>57241-258</cep>
    <logradouro>Rua Ezequiel Quintela Cavalcante</logradouro>
    <complemento/>
    <unidade/>
    <bairro>Lourdes</bairro>
    <localidade>São Miguel dos Campos</localidade>
    <uf>AL</uf>
    <estado>Alagoas</estado>
    <região/>
    <ibge>2708600</ibge>
    <gia/>
    <ddd>82</ddd>
    <siafi>2871</siafi>
  </cep>
  <cep>
    <cep>57241-430</cep>
    <logradouro>Quadra B</logradouro>
    <complemento>(Lot Bela Vista II)</complemento>
    <unidade/>
    <bairro>Bela Vista</bairro>
    <localidade>São Miguel dos Campos</localidade>
    <uf>AL</uf>
    <estado>Alagoas</estado>
    <região/>
    <ibge>2708600</ibge>
    <gia/>
    <ddd>82</ddd>
    <siafi>2871</siafi>
  </cep>
  <cep>
    <cep>57241-412</cep>
    <logradouro>Rua Mário Palmeira</logradouro>
    <complemento/>
    <unidade/>
    <bairro>Bela Vista</bairro>
    <localidade>São Miguel dos Campos</localidade>
    <uf>AL</uf>
    <estado>Alagoas</estado>
    <região/>
    <ibge>2708600</ibge>
    <gia/>
    <ddd>82</ddd>
    <siafi>2871</siafi>
  </cep>
  <cep>
    <cep>57241-234</cep>
    <logradouro>Praça José Inácio</logradouro>
    <complemento/>
    <unidade/>
    <bairro>Lourdes</bairro>
    <localidade>São Miguel dos Campos</localidade>
    <uf>AL</uf>
    <estado>Alagoas</estado>
    <região/>
    <ibge>2708600</ibge>
    <gia/>
    <ddd>82</ddd>
    <siafi>2871</siafi>
  </cep>
  <cep>
    <cep>57241-436</cep>
    <logradouro>Quadra D</logradouro>
    <complemento>(Lot Bela Vista II)</complemento>
    <unidade/>
    <bairro>Bela Vista</bairro>
    <localidade>São Miguel dos Campos</localidade>
    <uf>AL</uf>
    <estado>Alagoas</estado>
    <região/>
    <ibge>2708600</ibge>
    <gia/>
    <ddd>82</ddd>
    <siafi>2871</siafi>
  </cep>
  <cep>
    <cep>57241-252</cep>
    <logradouro>Rua Eurico Tenório</logradouro>
    <complemento/>
    <unidade/>
    <bairro>Lourdes</bairro>
    <localidade>São Miguel dos Campos</localidade>
    <uf>AL</uf>
    <estado>Alagoas</estado>
    <região/>
    <ibge>2708600</ibge>
    <gia/>
    <ddd>82</ddd>
    <siafi>2871</siafi>
  </cep>
  <cep>
    <cep>57241-243</cep>
    <logradouro>Rua João Palmeira Sampaio</logradouro>
    <complemento/>
    <unidade/>
    <bairro>Lourdes</bairro>
    <localidade>São Miguel dos Campos</localidade>
    <uf>AL</uf>
    <estado>Alagoas</estado>
    <região/>
    <ibge>2708600</ibge>
    <gia/>
    <ddd>82</ddd>
    <siafi>2871</siafi>
  </cep>
  <cep>
    <cep>57241-421</cep>
    <logradouro>Quadra C</logradouro>
    <complemento>(Lot Bela Vista III)</complemento>
    <unidade/>
    <bairro>Bela Vista</bairro>
    <localidade>São Miguel dos Campos</localidade>
    <uf>AL</uf>
    <estado>Alagoas</estado>
    <região/>
    <ibge>2708600</ibge>
    <gia/>
    <ddd>82</ddd>
    <siafi>2871</siafi>
  </cep>
  <cep>
    <cep>57241-439</cep>
    <logradouro>Quadra E</logradouro>
    <complemento>(Lot Bela Vista II)</complemento>
    <unidade/>
    <bairro>Bela Vista</bairro>
    <localidade>São Miguel dos Campos</localidade>
    <uf>AL</uf>
    <estado>Alagoas</estado>
    <região/>
    <ibge>2708600</ibge>
    <gia/>
    <ddd>82</ddd>
    <siafi>2871</siafi>
  </cep>
  <cep>
    <cep>57241-427</cep>
    <logradouro>Quadra A</logradouro>
    <complemento>(Lot Bela Vista II)</complemento>
    <unidade/>
    <bairro>Bela Vista</bairro>
    <localidade>São Miguel dos Campos</localidade>
    <uf>AL</uf>
    <estado>Alagoas</estado>
    <região/>
    <ibge>2708600</ibge>
    <gia/>
    <ddd>82</ddd>
    <siafi>2871</siafi>
  </cep>
  <cep>
    <cep>57241-445</cep>
    <logradouro>Quadra G</logradouro>
    <complemento>(Lot Bela Vista I)</complemento>
    <unidade/>
    <bairro>Bela Vista</bairro>
    <localidade>São Miguel dos Campos</localidade>
    <uf>AL</uf>
    <estado>Alagoas</estado>
    <região/>
    <ibge>2708600</ibge>
    <gia/>
    <ddd>82</ddd>
    <siafi>2871</siafi>
  </cep>
  <cep>
    <cep>57241-448</cep>
    <logradouro>Quadra H</logradouro>
    <complemento>(Lot Bela Vista I)</complemento>
    <unidade/>
    <bairro>Bela Vista</bairro>
    <localidade>São Miguel dos Campos</localidade>
    <uf>AL</uf>
    <estado>Alagoas</estado>
    <região/>
    <ibge>2708600</ibge>
    <gia/>
    <ddd>82</ddd>
    <siafi>2871</siafi>
  </cep>
  <cep>
    <cep>57242-007</cep>
    <logradouro>Rua Coronel Rocha Santos</logradouro>
    <complemento>lado par</complemento>
    <unidade/>
    <bairro>Humberto Alves</bairro>
    <localidade>São Miguel dos Campos</localidade>
    <uf>AL</uf>
    <estado>Alagoas</estado>
    <região/>
    <ibge>2708600</ibge>
    <gia/>
    <ddd>82</ddd>
    <siafi>2871</siafi>
  </cep>
  <cep>
    <cep>57241-451</cep>
    <logradouro>Quadra I</logradouro>
    <complemento>(Lot Bela Vista I)</complemento>
    <unidade/>
    <bairro>Bela Vista</bairro>
    <localidade>São Miguel dos Campos</localidade>
    <uf>AL</uf>
    <estado>Alagoas</estado>
    <região/>
    <ibge>2708600</ibge>
    <gia/>
    <ddd>82</ddd>
    <siafi>2871</siafi>
  </cep>
  <cep>
    <cep>57241-237</cep>
    <logradouro>Rua Doutor Miguel Lopes</logradouro>
    <complemento>de 71 ao fim - lado ímpar</complemento>
    <unidade/>
    <bairro>Lourdes</bairro>
    <localidade>São Miguel dos Campos</localidade>
    <uf>AL</uf>
    <estado>Alagoas</estado>
    <região/>
    <ibge>2708600</ibge>
    <gia/>
    <ddd>82</ddd>
    <siafi>2871</siafi>
  </cep>
  <cep>
    <cep>57241-457</cep>
    <logradouro>Quadra E</logradouro>
    <complemento>(Lot Bela Vista I)</complemento>
    <unidade/>
    <bairro>Bela Vista</bairro>
    <localidade>São Miguel dos Campos</localidade>
    <uf>AL</uf>
    <estado>Alagoas</estado>
    <região/>
    <ibge>2708600</ibge>
    <gia/>
    <ddd>82</ddd>
    <siafi>2871</siafi>
  </cep>
  <cep>
    <cep>57242-004</cep>
    <logradouro>Rua Sampaio Marques</logradouro>
    <complemento>lado ímpar</complemento>
    <unidade/>
    <bairro>Humberto Alves</bairro>
    <localidade>São Miguel dos Campos</localidade>
    <uf>AL</uf>
    <estado>Alagoas</estado>
    <região/>
    <ibge>2708600</ibge>
    <gia/>
    <ddd>82</ddd>
    <siafi>2871</siafi>
  </cep>
  <cep>
    <cep>57242-028</cep>
    <logradouro>Rua Vinte e Nove de Setembro</logradouro>
    <complemento/>
    <unidade/>
    <bairro>Humberto Alves</bairro>
    <localidade>São Miguel dos Campos</localidade>
    <uf>AL</uf>
    <estado>Alagoas</estado>
    <região/>
    <ibge>2708600</ibge>
    <gia/>
    <ddd>82</ddd>
    <siafi>2871</siafi>
  </cep>
  <cep>
    <cep>57241-255</cep>
    <logradouro>Rua Dalton Tenório</logradouro>
    <complemento/>
    <unidade/>
    <bairro>Lourdes</bairro>
    <localidade>São Miguel dos Campos</localidade>
    <uf>AL</uf>
    <estado>Alagoas</estado>
    <região/>
    <ibge>2708600</ibge>
    <gia/>
    <ddd>82</ddd>
    <siafi>2871</siafi>
  </cep>
  <cep>
    <cep>57241-442</cep>
    <logradouro>Quadra F</logradouro>
    <complemento>(Lot Bela Vista I)</complemento>
    <unidade/>
    <bairro>Bela Vista</bairro>
    <localidade>São Miguel dos Campos</localidade>
    <uf>AL</uf>
    <estado>Alagoas</estado>
    <região/>
    <ibge>2708600</ibge>
    <gia/>
    <ddd>82</ddd>
    <siafi>2871</siafi>
  </cep>
  <cep>
    <cep>57241-403</cep>
    <logradouro>Avenida Sampaio Marques</logradouro>
    <complemento>lado par</complemento>
    <unidade/>
    <bairro>Bela Vista</bairro>
    <localidade>São Miguel dos Campos</localidade>
    <uf>AL</uf>
    <estado>Alagoas</estado>
    <região/>
    <ibge>2708600</ibge>
    <gia/>
    <ddd>82</ddd>
    <siafi>2871</siafi>
  </cep>
  <cep>
    <cep>57241-433</cep>
    <logradouro>Quadra C</logradouro>
    <complemento>(Lot Bela Vista II)</complemento>
    <unidade/>
    <bairro>Bela Vista</bairro>
    <localidade>São Miguel dos Campos</localidade>
    <uf>AL</uf>
    <estado>Alagoas</estado>
    <região/>
    <ibge>2708600</ibge>
    <gia/>
    <ddd>82</ddd>
    <siafi>2871</siafi>
  </cep>
  <cep>
    <cep>57241-424</cep>
    <logradouro>Quadra D</logradouro>
    <complemento>(Lot Bela Vista III)</complemento>
    <unidade/>
    <bairro>Bela Vista</bairro>
    <localidade>São Miguel dos Campos</localidade>
    <uf>AL</uf>
    <estado>Alagoas</estado>
    <região/>
    <ibge>2708600</ibge>
    <gia/>
    <ddd>82</ddd>
    <siafi>2871</siafi>
  </cep>
  <cep>
    <cep>57241-222</cep>
    <logradouro>Rua José Soares</logradouro>
    <complemento>lado ímpar</complemento>
    <unidade/>
    <bairro>Lourdes</bairro>
    <localidade>São Miguel dos Campos</localidade>
    <uf>AL</uf>
    <estado>Alagoas</estado>
    <região/>
    <ibge>2708600</ibge>
    <gia/>
    <ddd>82</ddd>
    <siafi>2871</siafi>
  </cep>
  <cep>
    <cep>57242-016</cep>
    <logradouro>Avenida Vera Cruz</logradouro>
    <complemento>lado ímpar</complemento>
    <unidade/>
    <bairro>Humberto Alves</bairro>
    <localidade>São Miguel dos Campos</localidade>
    <uf>AL</uf>
    <estado>Alagoas</estado>
    <região/>
    <ibge>2708600</ibge>
    <gia/>
    <ddd>82</ddd>
    <siafi>2871</siafi>
  </cep>
  <cep>
    <cep>57241-409</cep>
    <logradouro>Avenida Albuquerque Lins</logradouro>
    <complemento>lado par</complemento>
    <unidade/>
    <bairro>Bela Vista</bairro>
    <localidade>São Miguel dos Campos</localidade>
    <uf>AL</uf>
    <estado>Alagoas</estado>
    <região/>
    <ibge>2708600</ibge>
    <gia/>
    <ddd>82</ddd>
    <siafi>2871</siafi>
  </cep>
  <cep>
    <cep>57241-400</cep>
    <logradouro>Rua do Mercado</logradouro>
    <complemento/>
    <unidade/>
    <bairro>Bela Vista</bairro>
    <localidade>São Miguel dos Campos</localidade>
    <uf>AL</uf>
    <estado>Alagoas</estado>
    <região/>
    <ibge>2708600</ibge>
    <gia/>
    <ddd>82</ddd>
    <siafi>2871</siafi>
  </cep>
  <cep>
    <cep>57241-246</cep>
    <logradouro>Rua Amabílio Cavalcante</logradouro>
    <complemento/>
    <unidade/>
    <bairro>Lourdes</bairro>
    <localidade>São Miguel dos Campos</localidade>
    <uf>AL</uf>
    <estado>Alagoas</estado>
    <região/>
    <ibge>2708600</ibge>
    <gia/>
    <ddd>82</ddd>
    <siafi>2871</siafi>
  </cep>
  <cep>
    <cep>57242-019</cep>
    <logradouro>Rua Virgílio Palmeira</logradouro>
    <complemento/>
    <unidade/>
    <bairro>Humberto Alves</bairro>
    <localidade>São Miguel dos Campos</localidade>
    <uf>AL</uf>
    <estado>Alagoas</estado>
    <região/>
    <ibge>2708600</ibge>
    <gia/>
    <ddd>82</ddd>
    <siafi>2871</siafi>
  </cep>
  <cep>
    <cep>57242-031</cep>
    <logradouro>Travessa Vinte e Nove de Setembro</logradouro>
    <complemento>até 91 - lado ímpar</complemento>
    <unidade/>
    <bairro>Humberto Alves</bairro>
    <localidade>São Miguel dos Campos</localidade>
    <uf>AL</uf>
    <estado>Alagoas</estado>
    <região/>
    <ibge>2708600</ibge>
    <gia/>
    <ddd>82</ddd>
    <siafi>2871</siafi>
  </cep>
  <cep>
    <cep>57242-013</cep>
    <logradouro>Rua Coronel José Alexandrino</logradouro>
    <complemento>até 107 - lado ímpar</complemento>
    <unidade/>
    <bairro>Humberto Alves</bairro>
    <localidade>São Miguel dos Campos</localidade>
    <uf>AL</uf>
    <estado>Alagoas</estado>
    <região/>
    <ibge>2708600</ibge>
    <gia/>
    <ddd>82</ddd>
    <siafi>2871</siafi>
  </cep>
  <cep>
    <cep>57242-043</cep>
    <logradouro>Rua Antonio Gonçalves Ferreira</logradouro>
    <complemento/>
    <unidade/>
    <bairro>Humberto Alves</bairro>
    <localidade>São Miguel dos Campos</localidade>
    <uf>AL</uf>
    <estado>Alagoas</estado>
    <região/>
    <ibge>2708600</ibge>
    <gia/>
    <ddd>82</ddd>
    <siafi>2871</siafi>
  </cep>
  <cep>
    <cep>57242-025</cep>
    <logradouro>Travessa Vinte e Nove de Setembro</logradouro>
    <complemento>de 92/93 ao fim</complemento>
    <unidade/>
    <bairro>Humberto Alves</bairro>
    <localidade>São Miguel dos Campos</localidade>
    <uf>AL</uf>
    <estado>Alagoas</estado>
    <região/>
    <ibge>2708600</ibge>
    <gia/>
    <ddd>82</ddd>
    <siafi>2871</siafi>
  </cep>
  <cep>
    <cep>57241-415</cep>
    <logradouro>Quadra A</logradouro>
    <complemento>(Lot Bela Vista III)</complemento>
    <unidade/>
    <bairro>Bela Vista</bairro>
    <localidade>São Miguel dos Campos</localidade>
    <uf>AL</uf>
    <estado>Alagoas</estado>
    <região/>
    <ibge>2708600</ibge>
    <gia/>
    <ddd>82</ddd>
    <siafi>2871</siafi>
  </cep>
  <cep>
    <cep>57242-022</cep>
    <logradouro>Rua Vinte e Nove de Setembro</logradouro>
    <complemento>lado par</complemento>
    <unidade/>
    <bairro>Humberto Alves</bairro>
    <localidade>São Miguel dos Campos</localidade>
    <uf>AL</uf>
    <estado>Alagoas</estado>
    <região/>
    <ibge>2708600</ibge>
    <gia/>
    <ddd>82</ddd>
    <siafi>2871</siafi>
  </cep>
  <cep>
    <cep>57242-046</cep>
    <logradouro>Rua José Torres Filho</logradouro>
    <complemento/>
    <unidade/>
    <bairro>Humberto Alves</bairro>
    <localidade>São Miguel dos Campos</localidade>
    <uf>AL</uf>
    <estado>Alagoas</estado>
    <região/>
    <ibge>2708600</ibge>
    <gia/>
    <ddd>82</ddd>
    <siafi>2871</siafi>
  </cep>
  <cep>
    <cep>57241-228</cep>
    <logradouro>Rua José Irineu Campos</logradouro>
    <complemento/>
    <unidade/>
    <bairro>Lourdes</bairro>
    <localidade>São Miguel dos Campos</localidade>
    <uf>AL</uf>
    <estado>Alagoas</estado>
    <região/>
    <ibge>2708600</ibge>
    <gia/>
    <ddd>82</ddd>
    <siafi>2871</siafi>
  </cep>
  <cep>
    <cep>57242-034</cep>
    <logradouro>Rua Salvador Aprato</logradouro>
    <complemento>de 88 ao fim - lado par</complemento>
    <unidade/>
    <bairro>Humberto Alves</bairro>
    <localidade>São Miguel dos Campos</localidade>
    <uf>AL</uf>
    <estado>Alagoas</estado>
    <região/>
    <ibge>2708600</ibge>
    <gia/>
    <ddd>82</ddd>
    <siafi>2871</siafi>
  </cep>
  <cep>
    <cep>57241-406</cep>
    <logradouro>Rua Sampaio Marques</logradouro>
    <complemento>lado par</complemento>
    <unidade/>
    <bairro>Bela Vista</bairro>
    <localidade>São Miguel dos Campos</localidade>
    <uf>AL</uf>
    <estado>Alagoas</estado>
    <região/>
    <ibge>2708600</ibge>
    <gia/>
    <ddd>82</ddd>
    <siafi>2871</siafi>
  </cep>
  <cep>
    <cep>57242-010</cep>
    <logradouro>Rua Coronel José Alexandrino</logradouro>
    <complemento>de 109/110 ao fim</complemento>
    <unidade/>
    <bairro>Humberto Alves</bairro>
    <localidade>São Miguel dos Campos</localidade>
    <uf>AL</uf>
    <estado>Alagoas</estado>
    <região/>
    <ibge>2708600</ibge>
    <gia/>
    <ddd>82</ddd>
    <siafi>2871</siafi>
  </cep>
  <cep>
    <cep>57242-037</cep>
    <logradouro>Travessa Salvador Aprato</logradouro>
    <complemento/>
    <unidade/>
    <bairro>Humberto Alves</bairro>
    <localidade>São Miguel dos Campos</localidade>
    <uf>AL</uf>
    <estado>Alagoas</estado>
    <região/>
    <ibge>2708600</ibge>
    <gia/>
    <ddd>82</ddd>
    <siafi>2871</siafi>
  </cep>
  <cep>
    <cep>57242-040</cep>
    <logradouro>Rua João Batista de Messias</logradouro>
    <complemento/>
    <unidade/>
    <bairro>Humberto Alves</bairro>
    <localidade>São Miguel dos Campos</localidade>
    <uf>AL</uf>
    <estado>Alagoas</estado>
    <região/>
    <ibge>2708600</ibge>
    <gia/>
    <ddd>82</ddd>
    <siafi>2871</siafi>
  </cep>
  <cep>
    <cep>57242-001</cep>
    <logradouro>Travessa Sampaio Marques</logradouro>
    <complemento/>
    <unidade/>
    <bairro>Humberto Alves</bairro>
    <localidade>São Miguel dos Campos</localidade>
    <uf>AL</uf>
    <estado>Alagoas</estado>
    <região/>
    <ibge>2708600</ibge>
    <gia/>
    <ddd>82</ddd>
    <siafi>2871</siafi>
  </cep>
  <cep>
    <cep>57241-418</cep>
    <logradouro>Quadra B</logradouro>
    <complemento>(Lot Bela Vista III)</complemento>
    <unidade/>
    <bairro>Bela Vista</bairro>
    <localidade>São Miguel dos Campos</localidade>
    <uf>AL</uf>
    <estado>Alagoas</estado>
    <região/>
    <ibge>2708600</ibge>
    <gia/>
    <ddd>82</ddd>
    <siafi>2871</siafi>
  </cep>
  <cep>
    <cep>57241-454</cep>
    <logradouro>Quadra J</logradouro>
    <complemento>(Lot Bela Vista I)</complemento>
    <unidade/>
    <bairro>Bela Vista</bairro>
    <localidade>São Miguel dos Campos</localidade>
    <uf>AL</uf>
    <estado>Alagoas</estado>
    <região/>
    <ibge>2708600</ibge>
    <gia/>
    <ddd>82</ddd>
    <siafi>2871</siafi>
  </cep>
  <cep>
    <cep>57242-049</cep>
    <logradouro>Rua Doutor José César Sobrinho</logradouro>
    <complemento/>
    <unidade/>
    <bairro>Humberto Alves</bairro>
    <localidade>São Miguel dos Campos</localidade>
    <uf>AL</uf>
    <estado>Alagoas</estado>
    <região/>
    <ibge>2708600</ibge>
    <gia/>
    <ddd>82</ddd>
    <siafi>2871</siafi>
  </cep>
  <cep>
    <cep>57242-052</cep>
    <logradouro>Rua Vicente Ferreira Bonfim</logradouro>
    <complemento/>
    <unidade/>
    <bairro>Humberto Alves</bairro>
    <localidade>São Miguel dos Campos</localidade>
    <uf>AL</uf>
    <estado>Alagoas</estado>
    <região/>
    <ibge>2708600</ibge>
    <gia/>
    <ddd>82</ddd>
    <siafi>2871</siafi>
  </cep>
  <cep>
    <cep>57242-067</cep>
    <logradouro>Rua Miguel Augusto de Barros</logradouro>
    <complemento/>
    <unidade/>
    <bairro>Humberto Alves</bairro>
    <localidade>São Miguel dos Campos</localidade>
    <uf>AL</uf>
    <estado>Alagoas</estado>
    <região/>
    <ibge>2708600</ibge>
    <gia/>
    <ddd>82</ddd>
    <siafi>2871</siafi>
  </cep>
  <cep>
    <cep>57242-061</cep>
    <logradouro>Rua Miguel Marques de Moura</logradouro>
    <complemento/>
    <unidade/>
    <bairro>Humberto Alves</bairro>
    <localidade>São Miguel dos Campos</localidade>
    <uf>AL</uf>
    <estado>Alagoas</estado>
    <região/>
    <ibge>2708600</ibge>
    <gia/>
    <ddd>82</ddd>
    <siafi>2871</siafi>
  </cep>
  <cep>
    <cep>57242-064</cep>
    <logradouro>Rua Sandoval Cavalcante</logradouro>
    <complemento/>
    <unidade/>
    <bairro>Humberto Alves</bairro>
    <localidade>São Miguel dos Campos</localidade>
    <uf>AL</uf>
    <estado>Alagoas</estado>
    <região/>
    <ibge>2708600</ibge>
    <gia/>
    <ddd>82</ddd>
    <siafi>2871</siafi>
  </cep>
  <cep>
    <cep>57242-055</cep>
    <logradouro>Rua Otacílio Marques de Sá</logradouro>
    <complemento/>
    <unidade/>
    <bairro>Humberto Alves</bairro>
    <localidade>São Miguel dos Campos</localidade>
    <uf>AL</uf>
    <estado>Alagoas</estado>
    <região/>
    <ibge>2708600</ibge>
    <gia/>
    <ddd>82</ddd>
    <siafi>2871</siafi>
  </cep>
  <cep>
    <cep>57242-058</cep>
    <logradouro>Rua Aminadabe de Abreu</logradouro>
    <complemento/>
    <unidade/>
    <bairro>Humberto Alves</bairro>
    <localidade>São Miguel dos Campos</localidade>
    <uf>AL</uf>
    <estado>Alagoas</estado>
    <região/>
    <ibge>2708600</ibge>
    <gia/>
    <ddd>82</ddd>
    <siafi>2871</siafi>
  </cep>
  <cep>
    <cep>57242-070</cep>
    <logradouro>Avenida Vera Cruz</logradouro>
    <complemento/>
    <unidade/>
    <bairro>Humberto Alves</bairro>
    <localidade>São Miguel dos Campos</localidade>
    <uf>AL</uf>
    <estado>Alagoas</estado>
    <região/>
    <ibge>2708600</ibge>
    <gia/>
    <ddd>82</ddd>
    <siafi>2871</siafi>
  </cep>
  <cep>
    <cep>57242-072</cep>
    <logradouro>Quadra I</logradouro>
    <complemento>(Lot V Cruz)</complemento>
    <unidade/>
    <bairro>Humberto Alves</bairro>
    <localidade>São Miguel dos Campos</localidade>
    <uf>AL</uf>
    <estado>Alagoas</estado>
    <região/>
    <ibge>2708600</ibge>
    <gia/>
    <ddd>82</ddd>
    <siafi>2871</siafi>
  </cep>
  <cep>
    <cep>57242-078</cep>
    <logradouro>Quadra D</logradouro>
    <complemento>(Lot V Cruz)</complemento>
    <unidade/>
    <bairro>Humberto Alves</bairro>
    <localidade>São Miguel dos Campos</localidade>
    <uf>AL</uf>
    <estado>Alagoas</estado>
    <região/>
    <ibge>2708600</ibge>
    <gia/>
    <ddd>82</ddd>
    <siafi>2871</siafi>
  </cep>
  <cep>
    <cep>57242-074</cep>
    <logradouro>Quadra G</logradouro>
    <complemento>(Lot V Cruz)</complemento>
    <unidade/>
    <bairro>Humberto Alves</bairro>
    <localidade>São Miguel dos Campos</localidade>
    <uf>AL</uf>
    <estado>Alagoas</estado>
    <região/>
    <ibge>2708600</ibge>
    <gia/>
    <ddd>82</ddd>
    <siafi>2871</siafi>
  </cep>
  <cep>
    <cep>57242-073</cep>
    <logradouro>Rua Vulpiano Júnior</logradouro>
    <complemento/>
    <unidade/>
    <bairro>Humberto Alves</bairro>
    <localidade>São Miguel dos Campos</localidade>
    <uf>AL</uf>
    <estado>Alagoas</estado>
    <região/>
    <ibge>2708600</ibge>
    <gia/>
    <ddd>82</ddd>
    <siafi>2871</siafi>
  </cep>
  <cep>
    <cep>57242-077</cep>
    <logradouro>Quadra E</logradouro>
    <complemento>(Lot V Cruz)</complemento>
    <unidade/>
    <bairro>Humberto Alves</bairro>
    <localidade>São Miguel dos Campos</localidade>
    <uf>AL</uf>
    <estado>Alagoas</estado>
    <região/>
    <ibge>2708600</ibge>
    <gia/>
    <ddd>82</ddd>
    <siafi>2871</siafi>
  </cep>
  <cep>
    <cep>57242-082</cep>
    <logradouro>Rua Vereador Miguel Cavalcante</logradouro>
    <complemento/>
    <unidade/>
    <bairro>Humberto Alves</bairro>
    <localidade>São Miguel dos Campos</localidade>
    <uf>AL</uf>
    <estado>Alagoas</estado>
    <região/>
    <ibge>2708600</ibge>
    <gia/>
    <ddd>82</ddd>
    <siafi>2871</siafi>
  </cep>
  <cep>
    <cep>57242-079</cep>
    <logradouro>Rua Rodrigo Correia de Araújo</logradouro>
    <complemento/>
    <unidade/>
    <bairro>Humberto Alves</bairro>
    <localidade>São Miguel dos Campos</localidade>
    <uf>AL</uf>
    <estado>Alagoas</estado>
    <região/>
    <ibge>2708600</ibge>
    <gia/>
    <ddd>82</ddd>
    <siafi>2871</siafi>
  </cep>
  <cep>
    <cep>57242-085</cep>
    <logradouro>Avenida Albuquerque Lins</logradouro>
    <complemento>lado ímpar</complemento>
    <unidade/>
    <bairro>Humberto Alves</bairro>
    <localidade>São Miguel dos Campos</localidade>
    <uf>AL</uf>
    <estado>Alagoas</estado>
    <região/>
    <ibge>2708600</ibge>
    <gia/>
    <ddd>82</ddd>
    <siafi>2871</siafi>
  </cep>
  <cep>
    <cep>57242-088</cep>
    <logradouro>Rua França Júnior</logradouro>
    <complemento/>
    <unidade/>
    <bairro>Humberto Alves</bairro>
    <localidade>São Miguel dos Campos</localidade>
    <uf>AL</uf>
    <estado>Alagoas</estado>
    <região/>
    <ibge>2708600</ibge>
    <gia/>
    <ddd>82</ddd>
    <siafi>2871</siafi>
  </cep>
  <cep>
    <cep>57242-094</cep>
    <logradouro>Rua Mário Palmeira</logradouro>
    <complemento/>
    <unidade/>
    <bairro>Humberto Alves</bairro>
    <localidade>São Miguel dos Campos</localidade>
    <uf>AL</uf>
    <estado>Alagoas</estado>
    <região/>
    <ibge>2708600</ibge>
    <gia/>
    <ddd>82</ddd>
    <siafi>2871</siafi>
  </cep>
  <cep>
    <cep>57242-105</cep>
    <logradouro>Quadra F</logradouro>
    <complemento>(Lot V Cruz)</complemento>
    <unidade/>
    <bairro>Humberto Alves</bairro>
    <localidade>São Miguel dos Campos</localidade>
    <uf>AL</uf>
    <estado>Alagoas</estado>
    <região/>
    <ibge>2708600</ibge>
    <gia/>
    <ddd>82</ddd>
    <siafi>2871</siafi>
  </cep>
  <cep>
    <cep>57242-091</cep>
    <logradouro>Rua José Cesar Teixeira</logradouro>
    <complemento/>
    <unidade/>
    <bairro>Humberto Alves</bairro>
    <localidade>São Miguel dos Campos</localidade>
    <uf>AL</uf>
    <estado>Alagoas</estado>
    <região/>
    <ibge>2708600</ibge>
    <gia/>
    <ddd>82</ddd>
    <siafi>2871</siafi>
  </cep>
  <cep>
    <cep>57242-099</cep>
    <logradouro>Quadra B</logradouro>
    <complemento>(Lot V Cruz)</complemento>
    <unidade/>
    <bairro>Humberto Alves</bairro>
    <localidade>São Miguel dos Campos</localidade>
    <uf>AL</uf>
    <estado>Alagoas</estado>
    <região/>
    <ibge>2708600</ibge>
    <gia/>
    <ddd>82</ddd>
    <siafi>2871</siafi>
  </cep>
  <cep>
    <cep>57242-112</cep>
    <logradouro>Quadra K</logradouro>
    <complemento>(Lot V Cruz)</complemento>
    <unidade/>
    <bairro>Humberto Alves</bairro>
    <localidade>São Miguel dos Campos</localidade>
    <uf>AL</uf>
    <estado>Alagoas</estado>
    <região/>
    <ibge>2708600</ibge>
    <gia/>
    <ddd>82</ddd>
    <siafi>2871</siafi>
  </cep>
  <cep>
    <cep>57242-108</cep>
    <logradouro>Quadra H</logradouro>
    <complemento>(Lot V Cruz)</complemento>
    <unidade/>
    <bairro>Humberto Alves</bairro>
    <localidade>São Miguel dos Campos</localidade>
    <uf>AL</uf>
    <estado>Alagoas</estado>
    <região/>
    <ibge>2708600</ibge>
    <gia/>
    <ddd>82</ddd>
    <siafi>2871</siafi>
  </cep>
  <cep>
    <cep>57242-097</cep>
    <logradouro>Rua João Correia da SIlva</logradouro>
    <complemento/>
    <unidade/>
    <bairro>Humberto Alves</bairro>
    <localidade>São Miguel dos Campos</localidade>
    <uf>AL</uf>
    <estado>Alagoas</estado>
    <região/>
    <ibge>2708600</ibge>
    <gia/>
    <ddd>82</ddd>
    <siafi>2871</siafi>
  </cep>
  <cep>
    <cep>57242-114</cep>
    <logradouro>Quadra L</logradouro>
    <complemento>(Lot V Cruz)</complemento>
    <unidade/>
    <bairro>Humberto Alves</bairro>
    <localidade>São Miguel dos Campos</localidade>
    <uf>AL</uf>
    <estado>Alagoas</estado>
    <região/>
    <ibge>2708600</ibge>
    <gia/>
    <ddd>82</ddd>
    <siafi>2871</siafi>
  </cep>
  <cep>
    <cep>57242-095</cep>
    <logradouro>Quadra A</logradouro>
    <complemento>(Lot V Cruz)</complemento>
    <unidade/>
    <bairro>Humberto Alves</bairro>
    <localidade>São Miguel dos Campos</localidade>
    <uf>AL</uf>
    <estado>Alagoas</estado>
    <região/>
    <ibge>2708600</ibge>
    <gia/>
    <ddd>82</ddd>
    <siafi>2871</siafi>
  </cep>
  <cep>
    <cep>57242-110</cep>
    <logradouro>Quadra J</logradouro>
    <complemento>(Lot V Cruz)</complemento>
    <unidade/>
    <bairro>Humberto Alves</bairro>
    <localidade>São Miguel dos Campos</localidade>
    <uf>AL</uf>
    <estado>Alagoas</estado>
    <região/>
    <ibge>2708600</ibge>
    <gia/>
    <ddd>82</ddd>
    <siafi>2871</siafi>
  </cep>
  <cep>
    <cep>57245-004</cep>
    <logradouro>Rua José Antônio da Cruz</logradouro>
    <complemento>lado par</complemento>
    <unidade/>
    <bairro>Fátima</bairro>
    <localidade>São Miguel dos Campos</localidade>
    <uf>AL</uf>
    <estado>Alagoas</estado>
    <região/>
    <ibge>2708600</ibge>
    <gia/>
    <ddd>82</ddd>
    <siafi>2871</siafi>
  </cep>
  <cep>
    <cep>57245-001</cep>
    <logradouro>Rodovia BR-101</logradouro>
    <complemento/>
    <unidade/>
    <bairro>Fátima</bairro>
    <localidade>São Miguel dos Campos</localidade>
    <uf>AL</uf>
    <estado>Alagoas</estado>
    <região/>
    <ibge>2708600</ibge>
    <gia/>
    <ddd>82</ddd>
    <siafi>2871</siafi>
  </cep>
  <cep>
    <cep>57242-200</cep>
    <logradouro>Rodovia Municipal Áureo César Teixeira</logradouro>
    <complemento/>
    <unidade/>
    <bairro>Coité</bairro>
    <localidade>São Miguel dos Campos</localidade>
    <uf>AL</uf>
    <estado>Alagoas</estado>
    <região/>
    <ibge>2708600</ibge>
    <gia/>
    <ddd>82</ddd>
    <siafi>2871</siafi>
  </cep>
  <cep>
    <cep>57245-013</cep>
    <logradouro>Quadra J</logradouro>
    <complemento>(Lot Ester S Torres)</complemento>
    <unidade/>
    <bairro>Fátima</bairro>
    <localidade>São Miguel dos Campos</localidade>
    <uf>AL</uf>
    <estado>Alagoas</estado>
    <região/>
    <ibge>2708600</ibge>
    <gia/>
    <ddd>82</ddd>
    <siafi>2871</siafi>
  </cep>
  <cep>
    <cep>57242-102</cep>
    <logradouro>Quadra C</logradouro>
    <complemento>(Lot V Cruz)</complemento>
    <unidade/>
    <bairro>Humberto Alves</bairro>
    <localidade>São Miguel dos Campos</localidade>
    <uf>AL</uf>
    <estado>Alagoas</estado>
    <região/>
    <ibge>2708600</ibge>
    <gia/>
    <ddd>82</ddd>
    <siafi>2871</siafi>
  </cep>
  <cep>
    <cep>57245-007</cep>
    <logradouro>Quadra P</logradouro>
    <complemento>(Lot Ester S Torres)</complemento>
    <unidade/>
    <bairro>Fátima</bairro>
    <localidade>São Miguel dos Campos</localidade>
    <uf>AL</uf>
    <estado>Alagoas</estado>
    <região/>
    <ibge>2708600</ibge>
    <gia/>
    <ddd>82</ddd>
    <siafi>2871</siafi>
  </cep>
  <cep>
    <cep>57245-010</cep>
    <logradouro>Quadra M</logradouro>
    <complemento>(Lot Ester S Torres)</complemento>
    <unidade/>
    <bairro>Fátima</bairro>
    <localidade>São Miguel dos Campos</localidade>
    <uf>AL</uf>
    <estado>Alagoas</estado>
    <região/>
    <ibge>2708600</ibge>
    <gia/>
    <ddd>82</ddd>
    <siafi>2871</siafi>
  </cep>
  <cep>
    <cep>57245-016</cep>
    <logradouro>Quadra L</logradouro>
    <complemento>(Lot Ester S Torres)</complemento>
    <unidade/>
    <bairro>Fátima</bairro>
    <localidade>São Miguel dos Campos</localidade>
    <uf>AL</uf>
    <estado>Alagoas</estado>
    <região/>
    <ibge>2708600</ibge>
    <gia/>
    <ddd>82</ddd>
    <siafi>2871</siafi>
  </cep>
  <cep>
    <cep>57245-019</cep>
    <logradouro>Quadra O</logradouro>
    <complemento>(Lot Ester S Torres)</complemento>
    <unidade/>
    <bairro>Fátima</bairro>
    <localidade>São Miguel dos Campos</localidade>
    <uf>AL</uf>
    <estado>Alagoas</estado>
    <região/>
    <ibge>2708600</ibge>
    <gia/>
    <ddd>82</ddd>
    <siafi>2871</siafi>
  </cep>
  <cep>
    <cep>57245-028</cep>
    <logradouro>Quadra R</logradouro>
    <complemento>(Lot Ester S Torres)</complemento>
    <unidade/>
    <bairro>Fátima</bairro>
    <localidade>São Miguel dos Campos</localidade>
    <uf>AL</uf>
    <estado>Alagoas</estado>
    <região/>
    <ibge>2708600</ibge>
    <gia/>
    <ddd>82</ddd>
    <siafi>2871</siafi>
  </cep>
  <cep>
    <cep>57245-025</cep>
    <logradouro>Quadra K</logradouro>
    <complemento>(Lot Ester S Torres)</complemento>
    <unidade/>
    <bairro>Fátima</bairro>
    <localidade>São Miguel dos Campos</localidade>
    <uf>AL</uf>
    <estado>Alagoas</estado>
    <região/>
    <ibge>2708600</ibge>
    <gia/>
    <ddd>82</ddd>
    <siafi>2871</siafi>
  </cep>
  <cep>
    <cep>57245-022</cep>
    <logradouro>Quadra N</logradouro>
    <complemento>(Lot Ester S Torres)</complemento>
    <unidade/>
    <bairro>Fátima</bairro>
    <localidade>São Miguel dos Campos</localidade>
    <uf>AL</uf>
    <estado>Alagoas</estado>
    <região/>
    <ibge>2708600</ibge>
    <gia/>
    <ddd>82</ddd>
    <siafi>2871</siafi>
  </cep>
  <cep>
    <cep>57245-031</cep>
    <logradouro>Quadra U</logradouro>
    <complemento>(Lot Ester S Torres)</complemento>
    <unidade/>
    <bairro>Fátima</bairro>
    <localidade>São Miguel dos Campos</localidade>
    <uf>AL</uf>
    <estado>Alagoas</estado>
    <região/>
    <ibge>2708600</ibge>
    <gia/>
    <ddd>82</ddd>
    <siafi>2871</siafi>
  </cep>
  <cep>
    <cep>57245-034</cep>
    <logradouro>Quadra T</logradouro>
    <complemento>(Lot Ester S Torres)</complemento>
    <unidade/>
    <bairro>Fátima</bairro>
    <localidade>São Miguel dos Campos</localidade>
    <uf>AL</uf>
    <estado>Alagoas</estado>
    <região/>
    <ibge>2708600</ibge>
    <gia/>
    <ddd>82</ddd>
    <siafi>2871</siafi>
  </cep>
  <cep>
    <cep>57245-037</cep>
    <logradouro>Quadra Q</logradouro>
    <complemento>(Lot Ester S Torres)</complemento>
    <unidade/>
    <bairro>Fátima</bairro>
    <localidade>São Miguel dos Campos</localidade>
    <uf>AL</uf>
    <estado>Alagoas</estado>
    <região/>
    <ibge>2708600</ibge>
    <gia/>
    <ddd>82</ddd>
    <siafi>2871</siafi>
  </cep>
  <cep>
    <cep>57245-035</cep>
    <logradouro>Quadra Z</logradouro>
    <complemento>(Lot Ester S Torres)</complemento>
    <unidade/>
    <bairro>Fátima</bairro>
    <localidade>São Miguel dos Campos</localidade>
    <uf>AL</uf>
    <estado>Alagoas</estado>
    <região/>
    <ibge>2708600</ibge>
    <gia/>
    <ddd>82</ddd>
    <siafi>2871</siafi>
  </cep>
  <cep>
    <cep>57245-064</cep>
    <logradouro>Quadra F</logradouro>
    <complemento>(Lot Ester S Torres)</complemento>
    <unidade/>
    <bairro>Fátima</bairro>
    <localidade>São Miguel dos Campos</localidade>
    <uf>AL</uf>
    <estado>Alagoas</estado>
    <região/>
    <ibge>2708600</ibge>
    <gia/>
    <ddd>82</ddd>
    <siafi>2871</siafi>
  </cep>
  <cep>
    <cep>57245-061</cep>
    <logradouro>Quadra C</logradouro>
    <complemento>(Lot Ester S Torres)</complemento>
    <unidade/>
    <bairro>Fátima</bairro>
    <localidade>São Miguel dos Campos</localidade>
    <uf>AL</uf>
    <estado>Alagoas</estado>
    <região/>
    <ibge>2708600</ibge>
    <gia/>
    <ddd>82</ddd>
    <siafi>2871</siafi>
  </cep>
  <cep>
    <cep>57245-052</cep>
    <logradouro>Quadra A</logradouro>
    <complemento>(Lot Ester S Torres)</complemento>
    <unidade/>
    <bairro>Fátima</bairro>
    <localidade>São Miguel dos Campos</localidade>
    <uf>AL</uf>
    <estado>Alagoas</estado>
    <região/>
    <ibge>2708600</ibge>
    <gia/>
    <ddd>82</ddd>
    <siafi>2871</siafi>
  </cep>
  <cep>
    <cep>57245-070</cep>
    <logradouro>Quadra I</logradouro>
    <complemento>(Lot Ester S Torres)</complemento>
    <unidade/>
    <bairro>Fátima</bairro>
    <localidade>São Miguel dos Campos</localidade>
    <uf>AL</uf>
    <estado>Alagoas</estado>
    <região/>
    <ibge>2708600</ibge>
    <gia/>
    <ddd>82</ddd>
    <siafi>2871</siafi>
  </cep>
  <cep>
    <cep>57245-043</cep>
    <logradouro>Quadra V</logradouro>
    <complemento>(Lot Ester S Torres)</complemento>
    <unidade/>
    <bairro>Fátima</bairro>
    <localidade>São Miguel dos Campos</localidade>
    <uf>AL</uf>
    <estado>Alagoas</estado>
    <região/>
    <ibge>2708600</ibge>
    <gia/>
    <ddd>82</ddd>
    <siafi>2871</siafi>
  </cep>
  <cep>
    <cep>57245-067</cep>
    <logradouro>Quadra H</logradouro>
    <complemento>(Lot Ester S Torres)</complemento>
    <unidade/>
    <bairro>Fátima</bairro>
    <localidade>São Miguel dos Campos</localidade>
    <uf>AL</uf>
    <estado>Alagoas</estado>
    <região/>
    <ibge>2708600</ibge>
    <gia/>
    <ddd>82</ddd>
    <siafi>2871</siafi>
  </cep>
  <cep>
    <cep>57245-058</cep>
    <logradouro>Quadra E</logradouro>
    <complemento>(Lot Ester S Torres)</complemento>
    <unidade/>
    <bairro>Fátima</bairro>
    <localidade>São Miguel dos Campos</localidade>
    <uf>AL</uf>
    <estado>Alagoas</estado>
    <região/>
    <ibge>2708600</ibge>
    <gia/>
    <ddd>82</ddd>
    <siafi>2871</siafi>
  </cep>
  <cep>
    <cep>57245-094</cep>
    <logradouro>Rua Santa Izabel</logradouro>
    <complemento/>
    <unidade/>
    <bairro>Fátima</bairro>
    <localidade>São Miguel dos Campos</localidade>
    <uf>AL</uf>
    <estado>Alagoas</estado>
    <região/>
    <ibge>2708600</ibge>
    <gia/>
    <ddd>82</ddd>
    <siafi>2871</siafi>
  </cep>
  <cep>
    <cep>57245-073</cep>
    <logradouro>Rua São José</logradouro>
    <complemento/>
    <unidade/>
    <bairro>Fátima</bairro>
    <localidade>São Miguel dos Campos</localidade>
    <uf>AL</uf>
    <estado>Alagoas</estado>
    <região/>
    <ibge>2708600</ibge>
    <gia/>
    <ddd>82</ddd>
    <siafi>2871</siafi>
  </cep>
  <cep>
    <cep>57245-100</cep>
    <logradouro>Rua São Pedro</logradouro>
    <complemento/>
    <unidade/>
    <bairro>Fátima</bairro>
    <localidade>São Miguel dos Campos</localidade>
    <uf>AL</uf>
    <estado>Alagoas</estado>
    <região/>
    <ibge>2708600</ibge>
    <gia/>
    <ddd>82</ddd>
    <siafi>2871</siafi>
  </cep>
  <cep>
    <cep>57245-091</cep>
    <logradouro>Rua São Paulo</logradouro>
    <complemento/>
    <unidade/>
    <bairro>Fátima</bairro>
    <localidade>São Miguel dos Campos</localidade>
    <uf>AL</uf>
    <estado>Alagoas</estado>
    <região/>
    <ibge>2708600</ibge>
    <gia/>
    <ddd>82</ddd>
    <siafi>2871</siafi>
  </cep>
  <cep>
    <cep>57245-097</cep>
    <logradouro>Rua São Lucas</logradouro>
    <complemento/>
    <unidade/>
    <bairro>Fátima</bairro>
    <localidade>São Miguel dos Campos</localidade>
    <uf>AL</uf>
    <estado>Alagoas</estado>
    <região/>
    <ibge>2708600</ibge>
    <gia/>
    <ddd>82</ddd>
    <siafi>2871</siafi>
  </cep>
  <cep>
    <cep>57245-040</cep>
    <logradouro>Quadra S</logradouro>
    <complemento>(Lot Ester S Torres)</complemento>
    <unidade/>
    <bairro>Fátima</bairro>
    <localidade>São Miguel dos Campos</localidade>
    <uf>AL</uf>
    <estado>Alagoas</estado>
    <região/>
    <ibge>2708600</ibge>
    <gia/>
    <ddd>82</ddd>
    <siafi>2871</siafi>
  </cep>
  <cep>
    <cep>57245-055</cep>
    <logradouro>Quadra B</logradouro>
    <complemento>(Lot Ester S Torres)</complemento>
    <unidade/>
    <bairro>Fátima</bairro>
    <localidade>São Miguel dos Campos</localidade>
    <uf>AL</uf>
    <estado>Alagoas</estado>
    <região/>
    <ibge>2708600</ibge>
    <gia/>
    <ddd>82</ddd>
    <siafi>2871</siafi>
  </cep>
  <cep>
    <cep>57245-085</cep>
    <logradouro>Rua Santa Inêz</logradouro>
    <complemento/>
    <unidade/>
    <bairro>Fátima</bairro>
    <localidade>São Miguel dos Campos</localidade>
    <uf>AL</uf>
    <estado>Alagoas</estado>
    <região/>
    <ibge>2708600</ibge>
    <gia/>
    <ddd>82</ddd>
    <siafi>2871</siafi>
  </cep>
  <cep>
    <cep>57245-046</cep>
    <logradouro>Quadra G</logradouro>
    <complemento>(Lot Ester S Torres)</complemento>
    <unidade/>
    <bairro>Fátima</bairro>
    <localidade>São Miguel dos Campos</localidade>
    <uf>AL</uf>
    <estado>Alagoas</estado>
    <região/>
    <ibge>2708600</ibge>
    <gia/>
    <ddd>82</ddd>
    <siafi>2871</siafi>
  </cep>
  <cep>
    <cep>57245-079</cep>
    <logradouro>Avenida São Sebastião</logradouro>
    <complemento/>
    <unidade/>
    <bairro>Fátima</bairro>
    <localidade>São Miguel dos Campos</localidade>
    <uf>AL</uf>
    <estado>Alagoas</estado>
    <região/>
    <ibge>2708600</ibge>
    <gia/>
    <ddd>82</ddd>
    <siafi>2871</siafi>
  </cep>
  <cep>
    <cep>57245-049</cep>
    <logradouro>Quadra D</logradouro>
    <complemento>(Lot Ester S Torres)</complemento>
    <unidade/>
    <bairro>Fátima</bairro>
    <localidade>São Miguel dos Campos</localidade>
    <uf>AL</uf>
    <estado>Alagoas</estado>
    <região/>
    <ibge>2708600</ibge>
    <gia/>
    <ddd>82</ddd>
    <siafi>2871</siafi>
  </cep>
  <cep>
    <cep>57245-076</cep>
    <logradouro>Rua São José</logradouro>
    <complemento>lado par</complemento>
    <unidade/>
    <bairro>Fátima</bairro>
    <localidade>São Miguel dos Campos</localidade>
    <uf>AL</uf>
    <estado>Alagoas</estado>
    <região/>
    <ibge>2708600</ibge>
    <gia/>
    <ddd>82</ddd>
    <siafi>2871</siafi>
  </cep>
  <cep>
    <cep>57245-082</cep>
    <logradouro>Rua Santa Mônica</logradouro>
    <complemento>lado par</complemento>
    <unidade/>
    <bairro>Fátima</bairro>
    <localidade>São Miguel dos Campos</localidade>
    <uf>AL</uf>
    <estado>Alagoas</estado>
    <região/>
    <ibge>2708600</ibge>
    <gia/>
    <ddd>82</ddd>
    <siafi>2871</siafi>
  </cep>
  <cep>
    <cep>57245-103</cep>
    <logradouro>Rua Santa Lúcia</logradouro>
    <complemento/>
    <unidade/>
    <bairro>Fátima</bairro>
    <localidade>São Miguel dos Campos</localidade>
    <uf>AL</uf>
    <estado>Alagoas</estado>
    <região/>
    <ibge>2708600</ibge>
    <gia/>
    <ddd>82</ddd>
    <siafi>2871</siafi>
  </cep>
  <cep>
    <cep>57245-088</cep>
    <logradouro>Rua São Francisco</logradouro>
    <complemento/>
    <unidade/>
    <bairro>Fátima</bairro>
    <localidade>São Miguel dos Campos</localidade>
    <uf>AL</uf>
    <estado>Alagoas</estado>
    <região/>
    <ibge>2708600</ibge>
    <gia/>
    <ddd>82</ddd>
    <siafi>2871</siafi>
  </cep>
  <cep>
    <cep>57245-112</cep>
    <logradouro>Rua São Vicente</logradouro>
    <complemento/>
    <unidade/>
    <bairro>Fátima</bairro>
    <localidade>São Miguel dos Campos</localidade>
    <uf>AL</uf>
    <estado>Alagoas</estado>
    <região/>
    <ibge>2708600</ibge>
    <gia/>
    <ddd>82</ddd>
    <siafi>2871</siafi>
  </cep>
  <cep>
    <cep>57245-109</cep>
    <logradouro>Rua Padre Cícero</logradouro>
    <complemento/>
    <unidade/>
    <bairro>Fátima</bairro>
    <localidade>São Miguel dos Campos</localidade>
    <uf>AL</uf>
    <estado>Alagoas</estado>
    <região/>
    <ibge>2708600</ibge>
    <gia/>
    <ddd>82</ddd>
    <siafi>2871</siafi>
  </cep>
  <cep>
    <cep>57245-106</cep>
    <logradouro>Rua Santa Terezinha</logradouro>
    <complemento/>
    <unidade/>
    <bairro>Fátima</bairro>
    <localidade>São Miguel dos Campos</localidade>
    <uf>AL</uf>
    <estado>Alagoas</estado>
    <região/>
    <ibge>2708600</ibge>
    <gia/>
    <ddd>82</ddd>
    <siafi>2871</siafi>
  </cep>
  <cep>
    <cep>57245-118</cep>
    <logradouro>Rua São Geraldo</logradouro>
    <complemento/>
    <unidade/>
    <bairro>Fátima</bairro>
    <localidade>São Miguel dos Campos</localidade>
    <uf>AL</uf>
    <estado>Alagoas</estado>
    <região/>
    <ibge>2708600</ibge>
    <gia/>
    <ddd>82</ddd>
    <siafi>2871</siafi>
  </cep>
  <cep>
    <cep>57245-119</cep>
    <logradouro>Quadra 4</logradouro>
    <complemento>(Lot José Calazans)</complemento>
    <unidade/>
    <bairro>Fátima</bairro>
    <localidade>São Miguel dos Campos</localidade>
    <uf>AL</uf>
    <estado>Alagoas</estado>
    <região/>
    <ibge>2708600</ibge>
    <gia/>
    <ddd>82</ddd>
    <siafi>2871</siafi>
  </cep>
  <cep>
    <cep>57245-120</cep>
    <logradouro>Quadra 6</logradouro>
    <complemento>(Lot José Calazans)</complemento>
    <unidade/>
    <bairro>Fátima</bairro>
    <localidade>São Miguel dos Campos</localidade>
    <uf>AL</uf>
    <estado>Alagoas</estado>
    <região/>
    <ibge>2708600</ibge>
    <gia/>
    <ddd>82</ddd>
    <siafi>2871</siafi>
  </cep>
  <cep>
    <cep>57245-124</cep>
    <logradouro>Rua Santo Antonio</logradouro>
    <complemento/>
    <unidade/>
    <bairro>Fátima</bairro>
    <localidade>São Miguel dos Campos</localidade>
    <uf>AL</uf>
    <estado>Alagoas</estado>
    <região/>
    <ibge>2708600</ibge>
    <gia/>
    <ddd>82</ddd>
    <siafi>2871</siafi>
  </cep>
  <cep>
    <cep>57245-115</cep>
    <logradouro>Rua Nossa Senhora do Ó</logradouro>
    <complemento/>
    <unidade/>
    <bairro>Fátima</bairro>
    <localidade>São Miguel dos Campos</localidade>
    <uf>AL</uf>
    <estado>Alagoas</estado>
    <região/>
    <ibge>2708600</ibge>
    <gia/>
    <ddd>82</ddd>
    <siafi>2871</siafi>
  </cep>
  <cep>
    <cep>57245-122</cep>
    <logradouro>Quadra 3</logradouro>
    <complemento>(Lot José Calazans)</complemento>
    <unidade/>
    <bairro>Fátima</bairro>
    <localidade>São Miguel dos Campos</localidade>
    <uf>AL</uf>
    <estado>Alagoas</estado>
    <região/>
    <ibge>2708600</ibge>
    <gia/>
    <ddd>82</ddd>
    <siafi>2871</siafi>
  </cep>
  <cep>
    <cep>57245-121</cep>
    <logradouro>Rua Santa Luzia</logradouro>
    <complemento/>
    <unidade/>
    <bairro>Fátima</bairro>
    <localidade>São Miguel dos Campos</localidade>
    <uf>AL</uf>
    <estado>Alagoas</estado>
    <região/>
    <ibge>2708600</ibge>
    <gia/>
    <ddd>82</ddd>
    <siafi>2871</siafi>
  </cep>
  <cep>
    <cep>57245-127</cep>
    <logradouro>Rua São João</logradouro>
    <complemento/>
    <unidade/>
    <bairro>Fátima</bairro>
    <localidade>São Miguel dos Campos</localidade>
    <uf>AL</uf>
    <estado>Alagoas</estado>
    <região/>
    <ibge>2708600</ibge>
    <gia/>
    <ddd>82</ddd>
    <siafi>2871</siafi>
  </cep>
  <cep>
    <cep>57245-130</cep>
    <logradouro>Rua dos Prazeres</logradouro>
    <complemento/>
    <unidade/>
    <bairro>Fátima</bairro>
    <localidade>São Miguel dos Campos</localidade>
    <uf>AL</uf>
    <estado>Alagoas</estado>
    <região/>
    <ibge>2708600</ibge>
    <gia/>
    <ddd>82</ddd>
    <siafi>2871</siafi>
  </cep>
  <cep>
    <cep>57245-136</cep>
    <logradouro>Rua São Benedito</logradouro>
    <complemento/>
    <unidade/>
    <bairro>Fátima</bairro>
    <localidade>São Miguel dos Campos</localidade>
    <uf>AL</uf>
    <estado>Alagoas</estado>
    <região/>
    <ibge>2708600</ibge>
    <gia/>
    <ddd>82</ddd>
    <siafi>2871</siafi>
  </cep>
  <cep>
    <cep>57245-135</cep>
    <logradouro>Quadra 2</logradouro>
    <complemento>(Lot José Calazans)</complemento>
    <unidade/>
    <bairro>Fátima</bairro>
    <localidade>São Miguel dos Campos</localidade>
    <uf>AL</uf>
    <estado>Alagoas</estado>
    <região/>
    <ibge>2708600</ibge>
    <gia/>
    <ddd>82</ddd>
    <siafi>2871</siafi>
  </cep>
  <cep>
    <cep>57245-142</cep>
    <logradouro>Quadra B</logradouro>
    <complemento>(Lot Wellington Torres)</complemento>
    <unidade/>
    <bairro>Fátima</bairro>
    <localidade>São Miguel dos Campos</localidade>
    <uf>AL</uf>
    <estado>Alagoas</estado>
    <região/>
    <ibge>2708600</ibge>
    <gia/>
    <ddd>82</ddd>
    <siafi>2871</siafi>
  </cep>
  <cep>
    <cep>57245-154</cep>
    <logradouro>Quadra J</logradouro>
    <complemento>(Lot Wellington Torres)</complemento>
    <unidade/>
    <bairro>Fátima</bairro>
    <localidade>São Miguel dos Campos</localidade>
    <uf>AL</uf>
    <estado>Alagoas</estado>
    <região/>
    <ibge>2708600</ibge>
    <gia/>
    <ddd>82</ddd>
    <siafi>2871</siafi>
  </cep>
  <cep>
    <cep>57245-137</cep>
    <logradouro>Quadra 5</logradouro>
    <complemento>(Lot José Calazans)</complemento>
    <unidade/>
    <bairro>Fátima</bairro>
    <localidade>São Miguel dos Campos</localidade>
    <uf>AL</uf>
    <estado>Alagoas</estado>
    <região/>
    <ibge>2708600</ibge>
    <gia/>
    <ddd>82</ddd>
    <siafi>2871</siafi>
  </cep>
  <cep>
    <cep>57245-151</cep>
    <logradouro>Quadra H</logradouro>
    <complemento>(Lot Wellington Torres)</complemento>
    <unidade/>
    <bairro>Fátima</bairro>
    <localidade>São Miguel dos Campos</localidade>
    <uf>AL</uf>
    <estado>Alagoas</estado>
    <região/>
    <ibge>2708600</ibge>
    <gia/>
    <ddd>82</ddd>
    <siafi>2871</siafi>
  </cep>
  <cep>
    <cep>57245-145</cep>
    <logradouro>Quadra D</logradouro>
    <complemento>(Lot Wellington Torres)</complemento>
    <unidade/>
    <bairro>Fátima</bairro>
    <localidade>São Miguel dos Campos</localidade>
    <uf>AL</uf>
    <estado>Alagoas</estado>
    <região/>
    <ibge>2708600</ibge>
    <gia/>
    <ddd>82</ddd>
    <siafi>2871</siafi>
  </cep>
  <cep>
    <cep>57245-139</cep>
    <logradouro>Avenida São Cristóvão</logradouro>
    <complemento>(Hélio Jatobá)</complemento>
    <unidade/>
    <bairro>Fátima</bairro>
    <localidade>São Miguel dos Campos</localidade>
    <uf>AL</uf>
    <estado>Alagoas</estado>
    <região/>
    <ibge>2708600</ibge>
    <gia/>
    <ddd>82</ddd>
    <siafi>2871</siafi>
  </cep>
  <cep>
    <cep>57245-133</cep>
    <logradouro>Rua Santa Rita</logradouro>
    <complemento/>
    <unidade/>
    <bairro>Fátima</bairro>
    <localidade>São Miguel dos Campos</localidade>
    <uf>AL</uf>
    <estado>Alagoas</estado>
    <região/>
    <ibge>2708600</ibge>
    <gia/>
    <ddd>82</ddd>
    <siafi>2871</siafi>
  </cep>
  <cep>
    <cep>57245-166</cep>
    <logradouro>Quadra C</logradouro>
    <complemento>(Lot Wellington Torres)</complemento>
    <unidade/>
    <bairro>Fátima</bairro>
    <localidade>São Miguel dos Campos</localidade>
    <uf>AL</uf>
    <estado>Alagoas</estado>
    <região/>
    <ibge>2708600</ibge>
    <gia/>
    <ddd>82</ddd>
    <siafi>2871</siafi>
  </cep>
  <cep>
    <cep>57245-163</cep>
    <logradouro>Quadra E</logradouro>
    <complemento>(Lot Wellington Torres)</complemento>
    <unidade/>
    <bairro>Fátima</bairro>
    <localidade>São Miguel dos Campos</localidade>
    <uf>AL</uf>
    <estado>Alagoas</estado>
    <região/>
    <ibge>2708600</ibge>
    <gia/>
    <ddd>82</ddd>
    <siafi>2871</siafi>
  </cep>
  <cep>
    <cep>57245-140</cep>
    <logradouro>Rua Nossa Senhora dos Prazeres</logradouro>
    <complemento/>
    <unidade/>
    <bairro>Fátima</bairro>
    <localidade>São Miguel dos Campos</localidade>
    <uf>AL</uf>
    <estado>Alagoas</estado>
    <região/>
    <ibge>2708600</ibge>
    <gia/>
    <ddd>82</ddd>
    <siafi>2871</siafi>
  </cep>
  <cep>
    <cep>57245-169</cep>
    <logradouro>Quadra A</logradouro>
    <complemento>(Lot Wellington Torres)</complemento>
    <unidade/>
    <bairro>Fátima</bairro>
    <localidade>São Miguel dos Campos</localidade>
    <uf>AL</uf>
    <estado>Alagoas</estado>
    <região/>
    <ibge>2708600</ibge>
    <gia/>
    <ddd>82</ddd>
    <siafi>2871</siafi>
  </cep>
  <cep>
    <cep>57245-134</cep>
    <logradouro>Quadra 1</logradouro>
    <complemento>(Lot José Calazans)</complemento>
    <unidade/>
    <bairro>Fátima</bairro>
    <localidade>São Miguel dos Campos</localidade>
    <uf>AL</uf>
    <estado>Alagoas</estado>
    <região/>
    <ibge>2708600</ibge>
    <gia/>
    <ddd>82</ddd>
    <siafi>2871</siafi>
  </cep>
  <cep>
    <cep>57245-157</cep>
    <logradouro>Quadra I</logradouro>
    <complemento>(Lot Wellington Torres)</complemento>
    <unidade/>
    <bairro>Fátima</bairro>
    <localidade>São Miguel dos Campos</localidade>
    <uf>AL</uf>
    <estado>Alagoas</estado>
    <região/>
    <ibge>2708600</ibge>
    <gia/>
    <ddd>82</ddd>
    <siafi>2871</siafi>
  </cep>
  <cep>
    <cep>57245-160</cep>
    <logradouro>Quadra G</logradouro>
    <complemento>(Lot Wellington Torres)</complemento>
    <unidade/>
    <bairro>Fátima</bairro>
    <localidade>São Miguel dos Campos</localidade>
    <uf>AL</uf>
    <estado>Alagoas</estado>
    <região/>
    <ibge>2708600</ibge>
    <gia/>
    <ddd>82</ddd>
    <siafi>2871</siafi>
  </cep>
  <cep>
    <cep>57245-172</cep>
    <logradouro>Quadra A</logradouro>
    <complemento>(Lot Edgar Palmeira)</complemento>
    <unidade/>
    <bairro>Fátima</bairro>
    <localidade>São Miguel dos Campos</localidade>
    <uf>AL</uf>
    <estado>Alagoas</estado>
    <região/>
    <ibge>2708600</ibge>
    <gia/>
    <ddd>82</ddd>
    <siafi>2871</siafi>
  </cep>
  <cep>
    <cep>57245-175</cep>
    <logradouro>Quadra B</logradouro>
    <complemento>(Lot Edgar Palmeira)</complemento>
    <unidade/>
    <bairro>Fátima</bairro>
    <localidade>São Miguel dos Campos</localidade>
    <uf>AL</uf>
    <estado>Alagoas</estado>
    <região/>
    <ibge>2708600</ibge>
    <gia/>
    <ddd>82</ddd>
    <siafi>2871</siafi>
  </cep>
  <cep>
    <cep>57245-148</cep>
    <logradouro>Quadra F</logradouro>
    <complemento>(Lot Wellington Torres)</complemento>
    <unidade/>
    <bairro>Fátima</bairro>
    <localidade>São Miguel dos Campos</localidade>
    <uf>AL</uf>
    <estado>Alagoas</estado>
    <região/>
    <ibge>2708600</ibge>
    <gia/>
    <ddd>82</ddd>
    <siafi>2871</siafi>
  </cep>
  <cep>
    <cep>57245-178</cep>
    <logradouro>Quadra C</logradouro>
    <complemento>(Lot Edgar Palmeira)</complemento>
    <unidade/>
    <bairro>Fátima</bairro>
    <localidade>São Miguel dos Campos</localidade>
    <uf>AL</uf>
    <estado>Alagoas</estado>
    <região/>
    <ibge>2708600</ibge>
    <gia/>
    <ddd>82</ddd>
    <siafi>2871</siafi>
  </cep>
  <cep>
    <cep>57245-214</cep>
    <logradouro>Quadra K</logradouro>
    <complemento>(Lot Edgar Palmeira)</complemento>
    <unidade/>
    <bairro>Fátima</bairro>
    <localidade>São Miguel dos Campos</localidade>
    <uf>AL</uf>
    <estado>Alagoas</estado>
    <região/>
    <ibge>2708600</ibge>
    <gia/>
    <ddd>82</ddd>
    <siafi>2871</siafi>
  </cep>
  <cep>
    <cep>57245-190</cep>
    <logradouro>Quadra G</logradouro>
    <complemento>(Lot Edgar Palmeira)</complemento>
    <unidade/>
    <bairro>Fátima</bairro>
    <localidade>São Miguel dos Campos</localidade>
    <uf>AL</uf>
    <estado>Alagoas</estado>
    <região/>
    <ibge>2708600</ibge>
    <gia/>
    <ddd>82</ddd>
    <siafi>2871</siafi>
  </cep>
  <cep>
    <cep>57245-229</cep>
    <logradouro>Quadra P</logradouro>
    <complemento>(Lot Edgar Palmeira)</complemento>
    <unidade/>
    <bairro>Fátima</bairro>
    <localidade>São Miguel dos Campos</localidade>
    <uf>AL</uf>
    <estado>Alagoas</estado>
    <região/>
    <ibge>2708600</ibge>
    <gia/>
    <ddd>82</ddd>
    <siafi>2871</siafi>
  </cep>
  <cep>
    <cep>57245-187</cep>
    <logradouro>Quadra F</logradouro>
    <complemento>(Lot Edgar Palmeira)</complemento>
    <unidade/>
    <bairro>Fátima</bairro>
    <localidade>São Miguel dos Campos</localidade>
    <uf>AL</uf>
    <estado>Alagoas</estado>
    <região/>
    <ibge>2708600</ibge>
    <gia/>
    <ddd>82</ddd>
    <siafi>2871</siafi>
  </cep>
  <cep>
    <cep>57245-196</cep>
    <logradouro>Quadra I</logradouro>
    <complemento>(Lot Edgar Palmeira)</complemento>
    <unidade/>
    <bairro>Fátima</bairro>
    <localidade>São Miguel dos Campos</localidade>
    <uf>AL</uf>
    <estado>Alagoas</estado>
    <região/>
    <ibge>2708600</ibge>
    <gia/>
    <ddd>82</ddd>
    <siafi>2871</siafi>
  </cep>
  <cep>
    <cep>57245-205</cep>
    <logradouro>Quadra C-1</logradouro>
    <complemento>(Lot Edgar Palmeira II)</complemento>
    <unidade/>
    <bairro>Fátima</bairro>
    <localidade>São Miguel dos Campos</localidade>
    <uf>AL</uf>
    <estado>Alagoas</estado>
    <região/>
    <ibge>2708600</ibge>
    <gia/>
    <ddd>82</ddd>
    <siafi>2871</siafi>
  </cep>
  <cep>
    <cep>57245-220</cep>
    <logradouro>Quadra M</logradouro>
    <complemento>(Lot Edgar Palmeira)</complemento>
    <unidade/>
    <bairro>Fátima</bairro>
    <localidade>São Miguel dos Campos</localidade>
    <uf>AL</uf>
    <estado>Alagoas</estado>
    <região/>
    <ibge>2708600</ibge>
    <gia/>
    <ddd>82</ddd>
    <siafi>2871</siafi>
  </cep>
  <cep>
    <cep>57245-226</cep>
    <logradouro>Quadra O</logradouro>
    <complemento>(Lot Edgar Palmeira)</complemento>
    <unidade/>
    <bairro>Fátima</bairro>
    <localidade>São Miguel dos Campos</localidade>
    <uf>AL</uf>
    <estado>Alagoas</estado>
    <região/>
    <ibge>2708600</ibge>
    <gia/>
    <ddd>82</ddd>
    <siafi>2871</siafi>
  </cep>
  <cep>
    <cep>57245-181</cep>
    <logradouro>Quadra D</logradouro>
    <complemento>(Lot Edgar Palmeira)</complemento>
    <unidade/>
    <bairro>Fátima</bairro>
    <localidade>São Miguel dos Campos</localidade>
    <uf>AL</uf>
    <estado>Alagoas</estado>
    <região/>
    <ibge>2708600</ibge>
    <gia/>
    <ddd>82</ddd>
    <siafi>2871</siafi>
  </cep>
  <cep>
    <cep>57245-184</cep>
    <logradouro>Quadra E</logradouro>
    <complemento>(Lot Edgar Palmeira)</complemento>
    <unidade/>
    <bairro>Fátima</bairro>
    <localidade>São Miguel dos Campos</localidade>
    <uf>AL</uf>
    <estado>Alagoas</estado>
    <região/>
    <ibge>2708600</ibge>
    <gia/>
    <ddd>82</ddd>
    <siafi>2871</siafi>
  </cep>
  <cep>
    <cep>57245-235</cep>
    <logradouro>Quadra A</logradouro>
    <complemento>(Lot W Cavalcante)</complemento>
    <unidade/>
    <bairro>Fátima</bairro>
    <localidade>São Miguel dos Campos</localidade>
    <uf>AL</uf>
    <estado>Alagoas</estado>
    <região/>
    <ibge>2708600</ibge>
    <gia/>
    <ddd>82</ddd>
    <siafi>2871</siafi>
  </cep>
  <cep>
    <cep>57245-238</cep>
    <logradouro>Quadra B</logradouro>
    <complemento>(Lot W Cavalcante)</complemento>
    <unidade/>
    <bairro>Fátima</bairro>
    <localidade>São Miguel dos Campos</localidade>
    <uf>AL</uf>
    <estado>Alagoas</estado>
    <região/>
    <ibge>2708600</ibge>
    <gia/>
    <ddd>82</ddd>
    <siafi>2871</siafi>
  </cep>
  <cep>
    <cep>57245-223</cep>
    <logradouro>Quadra N</logradouro>
    <complemento>(Lot Edgar Palmeira)</complemento>
    <unidade/>
    <bairro>Fátima</bairro>
    <localidade>São Miguel dos Campos</localidade>
    <uf>AL</uf>
    <estado>Alagoas</estado>
    <região/>
    <ibge>2708600</ibge>
    <gia/>
    <ddd>82</ddd>
    <siafi>2871</siafi>
  </cep>
  <cep>
    <cep>57245-211</cep>
    <logradouro>Quadra J</logradouro>
    <complemento>(Lot Edgar Palmeira)</complemento>
    <unidade/>
    <bairro>Fátima</bairro>
    <localidade>São Miguel dos Campos</localidade>
    <uf>AL</uf>
    <estado>Alagoas</estado>
    <região/>
    <ibge>2708600</ibge>
    <gia/>
    <ddd>82</ddd>
    <siafi>2871</siafi>
  </cep>
  <cep>
    <cep>57245-202</cep>
    <logradouro>Quadra B-1</logradouro>
    <complemento>(Lot Edgar Palmeira II)</complemento>
    <unidade/>
    <bairro>Fátima</bairro>
    <localidade>São Miguel dos Campos</localidade>
    <uf>AL</uf>
    <estado>Alagoas</estado>
    <região/>
    <ibge>2708600</ibge>
    <gia/>
    <ddd>82</ddd>
    <siafi>2871</siafi>
  </cep>
  <cep>
    <cep>57245-217</cep>
    <logradouro>Quadra L</logradouro>
    <complemento>(Lot Edgar Palmeira)</complemento>
    <unidade/>
    <bairro>Fátima</bairro>
    <localidade>São Miguel dos Campos</localidade>
    <uf>AL</uf>
    <estado>Alagoas</estado>
    <região/>
    <ibge>2708600</ibge>
    <gia/>
    <ddd>82</ddd>
    <siafi>2871</siafi>
  </cep>
  <cep>
    <cep>57245-253</cep>
    <logradouro>Quadra G</logradouro>
    <complemento>(Lot W Cavalcante)</complemento>
    <unidade/>
    <bairro>Fátima</bairro>
    <localidade>São Miguel dos Campos</localidade>
    <uf>AL</uf>
    <estado>Alagoas</estado>
    <região/>
    <ibge>2708600</ibge>
    <gia/>
    <ddd>82</ddd>
    <siafi>2871</siafi>
  </cep>
  <cep>
    <cep>57245-256</cep>
    <logradouro>Quadra H</logradouro>
    <complemento>(Lot W Cavalcante)</complemento>
    <unidade/>
    <bairro>Fátima</bairro>
    <localidade>São Miguel dos Campos</localidade>
    <uf>AL</uf>
    <estado>Alagoas</estado>
    <região/>
    <ibge>2708600</ibge>
    <gia/>
    <ddd>82</ddd>
    <siafi>2871</siafi>
  </cep>
  <cep>
    <cep>57245-199</cep>
    <logradouro>Quadra A-1</logradouro>
    <complemento>(Lot Edgar Palmeira II)</complemento>
    <unidade/>
    <bairro>Fátima</bairro>
    <localidade>São Miguel dos Campos</localidade>
    <uf>AL</uf>
    <estado>Alagoas</estado>
    <região/>
    <ibge>2708600</ibge>
    <gia/>
    <ddd>82</ddd>
    <siafi>2871</siafi>
  </cep>
  <cep>
    <cep>57245-232</cep>
    <logradouro>Quadra Q</logradouro>
    <complemento>(Lot Edgar Palmeira)</complemento>
    <unidade/>
    <bairro>Fátima</bairro>
    <localidade>São Miguel dos Campos</localidade>
    <uf>AL</uf>
    <estado>Alagoas</estado>
    <região/>
    <ibge>2708600</ibge>
    <gia/>
    <ddd>82</ddd>
    <siafi>2871</siafi>
  </cep>
  <cep>
    <cep>57245-250</cep>
    <logradouro>Quadra F</logradouro>
    <complemento>(Lot W Cavalcante)</complemento>
    <unidade/>
    <bairro>Fátima</bairro>
    <localidade>São Miguel dos Campos</localidade>
    <uf>AL</uf>
    <estado>Alagoas</estado>
    <região/>
    <ibge>2708600</ibge>
    <gia/>
    <ddd>82</ddd>
    <siafi>2871</siafi>
  </cep>
  <cep>
    <cep>57245-262</cep>
    <logradouro>Quadra B</logradouro>
    <complemento>(Res Novo S Miguel)</complemento>
    <unidade/>
    <bairro>Fátima</bairro>
    <localidade>São Miguel dos Campos</localidade>
    <uf>AL</uf>
    <estado>Alagoas</estado>
    <região/>
    <ibge>2708600</ibge>
    <gia/>
    <ddd>82</ddd>
    <siafi>2871</siafi>
  </cep>
  <cep>
    <cep>57245-259</cep>
    <logradouro>Quadra A</logradouro>
    <complemento>(Res Novo S Miguel)</complemento>
    <unidade/>
    <bairro>Fátima</bairro>
    <localidade>São Miguel dos Campos</localidade>
    <uf>AL</uf>
    <estado>Alagoas</estado>
    <região/>
    <ibge>2708600</ibge>
    <gia/>
    <ddd>82</ddd>
    <siafi>2871</siafi>
  </cep>
  <cep>
    <cep>57245-247</cep>
    <logradouro>Quadra E</logradouro>
    <complemento>(Lot W Cavalcante)</complemento>
    <unidade/>
    <bairro>Fátima</bairro>
    <localidade>São Miguel dos Campos</localidade>
    <uf>AL</uf>
    <estado>Alagoas</estado>
    <região/>
    <ibge>2708600</ibge>
    <gia/>
    <ddd>82</ddd>
    <siafi>2871</siafi>
  </cep>
  <cep>
    <cep>57245-265</cep>
    <logradouro>Quadra C</logradouro>
    <complemento>(Res Novo S Miguel)</complemento>
    <unidade/>
    <bairro>Fátima</bairro>
    <localidade>São Miguel dos Campos</localidade>
    <uf>AL</uf>
    <estado>Alagoas</estado>
    <região/>
    <ibge>2708600</ibge>
    <gia/>
    <ddd>82</ddd>
    <siafi>2871</siafi>
  </cep>
  <cep>
    <cep>57245-268</cep>
    <logradouro>Quadra D</logradouro>
    <complemento>(Res Novo S Miguel)</complemento>
    <unidade/>
    <bairro>Fátima</bairro>
    <localidade>São Miguel dos Campos</localidade>
    <uf>AL</uf>
    <estado>Alagoas</estado>
    <região/>
    <ibge>2708600</ibge>
    <gia/>
    <ddd>82</ddd>
    <siafi>2871</siafi>
  </cep>
  <cep>
    <cep>57245-257</cep>
    <logradouro>Quadra I</logradouro>
    <complemento>(Lot W Cavalcante)</complemento>
    <unidade/>
    <bairro>Fátima</bairro>
    <localidade>São Miguel dos Campos</localidade>
    <uf>AL</uf>
    <estado>Alagoas</estado>
    <região/>
    <ibge>2708600</ibge>
    <gia/>
    <ddd>82</ddd>
    <siafi>2871</siafi>
  </cep>
  <cep>
    <cep>57245-244</cep>
    <logradouro>Quadra D</logradouro>
    <complemento>(Lot W Cavalcante)</complemento>
    <unidade/>
    <bairro>Fátima</bairro>
    <localidade>São Miguel dos Campos</localidade>
    <uf>AL</uf>
    <estado>Alagoas</estado>
    <região/>
    <ibge>2708600</ibge>
    <gia/>
    <ddd>82</ddd>
    <siafi>2871</siafi>
  </cep>
  <cep>
    <cep>57245-208</cep>
    <logradouro>Quadra D-1</logradouro>
    <complemento>(Lot Edgar Palmeira II)</complemento>
    <unidade/>
    <bairro>Fátima</bairro>
    <localidade>São Miguel dos Campos</localidade>
    <uf>AL</uf>
    <estado>Alagoas</estado>
    <região/>
    <ibge>2708600</ibge>
    <gia/>
    <ddd>82</ddd>
    <siafi>2871</siafi>
  </cep>
  <cep>
    <cep>57245-241</cep>
    <logradouro>Quadra C</logradouro>
    <complemento>(Lot W Cavalcante)</complemento>
    <unidade/>
    <bairro>Fátima</bairro>
    <localidade>São Miguel dos Campos</localidade>
    <uf>AL</uf>
    <estado>Alagoas</estado>
    <região/>
    <ibge>2708600</ibge>
    <gia/>
    <ddd>82</ddd>
    <siafi>2871</siafi>
  </cep>
  <cep>
    <cep>57245-193</cep>
    <logradouro>Quadra H</logradouro>
    <complemento>(Lot Edgar Palmeira)</complemento>
    <unidade/>
    <bairro>Fátima</bairro>
    <localidade>São Miguel dos Campos</localidade>
    <uf>AL</uf>
    <estado>Alagoas</estado>
    <região/>
    <ibge>2708600</ibge>
    <gia/>
    <ddd>82</ddd>
    <siafi>2871</siafi>
  </cep>
  <cep>
    <cep>57245-271</cep>
    <logradouro>Quadra E</logradouro>
    <complemento>(Res Novo S Miguel)</complemento>
    <unidade/>
    <bairro>Fátima</bairro>
    <localidade>São Miguel dos Campos</localidade>
    <uf>AL</uf>
    <estado>Alagoas</estado>
    <região/>
    <ibge>2708600</ibge>
    <gia/>
    <ddd>82</ddd>
    <siafi>2871</siafi>
  </cep>
  <cep>
    <cep>57245-274</cep>
    <logradouro>Quadra F</logradouro>
    <complemento>(Res Novo S Miguel)</complemento>
    <unidade/>
    <bairro>Fátima</bairro>
    <localidade>São Miguel dos Campos</localidade>
    <uf>AL</uf>
    <estado>Alagoas</estado>
    <região/>
    <ibge>2708600</ibge>
    <gia/>
    <ddd>82</ddd>
    <siafi>2871</siafi>
  </cep>
  <cep>
    <cep>57245-277</cep>
    <logradouro>Quadra G</logradouro>
    <complemento>(Res Novo S Miguel)</complemento>
    <unidade/>
    <bairro>Fátima</bairro>
    <localidade>São Miguel dos Campos</localidade>
    <uf>AL</uf>
    <estado>Alagoas</estado>
    <região/>
    <ibge>2708600</ibge>
    <gia/>
    <ddd>82</ddd>
    <siafi>2871</siafi>
  </cep>
  <cep>
    <cep>57245-280</cep>
    <logradouro>Quadra H</logradouro>
    <complemento>(Res Novo S Miguel)</complemento>
    <unidade/>
    <bairro>Fátima</bairro>
    <localidade>São Miguel dos Campos</localidade>
    <uf>AL</uf>
    <estado>Alagoas</estado>
    <região/>
    <ibge>2708600</ibge>
    <gia/>
    <ddd>82</ddd>
    <siafi>2871</siafi>
  </cep>
  <cep>
    <cep>57245-286</cep>
    <logradouro>Quadra J</logradouro>
    <complemento>(Res Novo S Miguel)</complemento>
    <unidade/>
    <bairro>Fátima</bairro>
    <localidade>São Miguel dos Campos</localidade>
    <uf>AL</uf>
    <estado>Alagoas</estado>
    <região/>
    <ibge>2708600</ibge>
    <gia/>
    <ddd>82</ddd>
    <siafi>2871</siafi>
  </cep>
  <cep>
    <cep>57245-283</cep>
    <logradouro>Quadra I</logradouro>
    <complemento>(Res Novo S Miguel)</complemento>
    <unidade/>
    <bairro>Fátima</bairro>
    <localidade>São Miguel dos Campos</localidade>
    <uf>AL</uf>
    <estado>Alagoas</estado>
    <região/>
    <ibge>2708600</ibge>
    <gia/>
    <ddd>82</ddd>
    <siafi>2871</siafi>
  </cep>
  <cep>
    <cep>57245-289</cep>
    <logradouro>Quadra K</logradouro>
    <complemento>(Res Novo S Miguel)</complemento>
    <unidade/>
    <bairro>Fátima</bairro>
    <localidade>São Miguel dos Campos</localidade>
    <uf>AL</uf>
    <estado>Alagoas</estado>
    <região/>
    <ibge>2708600</ibge>
    <gia/>
    <ddd>82</ddd>
    <siafi>2871</siafi>
  </cep>
  <cep>
    <cep>57245-292</cep>
    <logradouro>Quadra L</logradouro>
    <complemento>(Res Novo S Miguel)</complemento>
    <unidade/>
    <bairro>Fátima</bairro>
    <localidade>São Miguel dos Campos</localidade>
    <uf>AL</uf>
    <estado>Alagoas</estado>
    <região/>
    <ibge>2708600</ibge>
    <gia/>
    <ddd>82</ddd>
    <siafi>2871</siafi>
  </cep>
  <cep>
    <cep>57245-300</cep>
    <logradouro>Rodovia BR-101</logradouro>
    <complemento/>
    <unidade/>
    <bairro>Rui Palmeira</bairro>
    <localidade>São Miguel dos Campos</localidade>
    <uf>AL</uf>
    <estado>Alagoas</estado>
    <região/>
    <ibge>2708600</ibge>
    <gia/>
    <ddd>82</ddd>
    <siafi>2871</siafi>
  </cep>
  <cep>
    <cep>57245-303</cep>
    <logradouro>Avenida Francisco Bezerra</logradouro>
    <complemento/>
    <unidade/>
    <bairro>Rui Palmeira</bairro>
    <localidade>São Miguel dos Campos</localidade>
    <uf>AL</uf>
    <estado>Alagoas</estado>
    <região/>
    <ibge>2708600</ibge>
    <gia/>
    <ddd>82</ddd>
    <siafi>2871</siafi>
  </cep>
  <cep>
    <cep>57245-306</cep>
    <logradouro>Avenida João Soriano Bonfim</logradouro>
    <complemento/>
    <unidade/>
    <bairro>Rui Palmeira</bairro>
    <localidade>São Miguel dos Campos</localidade>
    <uf>AL</uf>
    <estado>Alagoas</estado>
    <região/>
    <ibge>2708600</ibge>
    <gia/>
    <ddd>82</ddd>
    <siafi>2871</siafi>
  </cep>
  <cep>
    <cep>57245-309</cep>
    <logradouro>Avenida Amélia Soares</logradouro>
    <complemento/>
    <unidade/>
    <bairro>Rui Palmeira</bairro>
    <localidade>São Miguel dos Campos</localidade>
    <uf>AL</uf>
    <estado>Alagoas</estado>
    <região/>
    <ibge>2708600</ibge>
    <gia/>
    <ddd>82</ddd>
    <siafi>2871</siafi>
  </cep>
  <cep>
    <cep>57245-312</cep>
    <logradouro>Avenida Armando Soares Torres</logradouro>
    <complemento/>
    <unidade/>
    <bairro>Rui Palmeira</bairro>
    <localidade>São Miguel dos Campos</localidade>
    <uf>AL</uf>
    <estado>Alagoas</estado>
    <região/>
    <ibge>2708600</ibge>
    <gia/>
    <ddd>82</ddd>
    <siafi>2871</siafi>
  </cep>
  <cep>
    <cep>57245-321</cep>
    <logradouro>Avenida Aníbal Torres</logradouro>
    <complemento/>
    <unidade/>
    <bairro>Rui Palmeira</bairro>
    <localidade>São Miguel dos Campos</localidade>
    <uf>AL</uf>
    <estado>Alagoas</estado>
    <região/>
    <ibge>2708600</ibge>
    <gia/>
    <ddd>82</ddd>
    <siafi>2871</siafi>
  </cep>
  <cep>
    <cep>57245-330</cep>
    <logradouro>Avenida Clarisse Soares Bezerra</logradouro>
    <complemento/>
    <unidade/>
    <bairro>Rui Palmeira</bairro>
    <localidade>São Miguel dos Campos</localidade>
    <uf>AL</uf>
    <estado>Alagoas</estado>
    <região/>
    <ibge>2708600</ibge>
    <gia/>
    <ddd>82</ddd>
    <siafi>2871</siafi>
  </cep>
  <cep>
    <cep>57245-336</cep>
    <logradouro>Avenida José Luis Soares Neto</logradouro>
    <complemento/>
    <unidade/>
    <bairro>Rui Palmeira</bairro>
    <localidade>São Miguel dos Campos</localidade>
    <uf>AL</uf>
    <estado>Alagoas</estado>
    <região/>
    <ibge>2708600</ibge>
    <gia/>
    <ddd>82</ddd>
    <siafi>2871</siafi>
  </cep>
  <cep>
    <cep>57245-315</cep>
    <logradouro>Avenida Paulo Cavalcante Aprato</logradouro>
    <complemento/>
    <unidade/>
    <bairro>Rui Palmeira</bairro>
    <localidade>São Miguel dos Campos</localidade>
    <uf>AL</uf>
    <estado>Alagoas</estado>
    <região/>
    <ibge>2708600</ibge>
    <gia/>
    <ddd>82</ddd>
    <siafi>2871</siafi>
  </cep>
  <cep>
    <cep>57245-324</cep>
    <logradouro>Avenida Luis Moreira de Castro</logradouro>
    <complemento/>
    <unidade/>
    <bairro>Rui Palmeira</bairro>
    <localidade>São Miguel dos Campos</localidade>
    <uf>AL</uf>
    <estado>Alagoas</estado>
    <região/>
    <ibge>2708600</ibge>
    <gia/>
    <ddd>82</ddd>
    <siafi>2871</siafi>
  </cep>
  <cep>
    <cep>57245-339</cep>
    <logradouro>Avenida José Luis Soares Filho</logradouro>
    <complemento/>
    <unidade/>
    <bairro>Rui Palmeira</bairro>
    <localidade>São Miguel dos Campos</localidade>
    <uf>AL</uf>
    <estado>Alagoas</estado>
    <região/>
    <ibge>2708600</ibge>
    <gia/>
    <ddd>82</ddd>
    <siafi>2871</siafi>
  </cep>
  <cep>
    <cep>57245-345</cep>
    <logradouro>Avenida Francisco Soares Palmeira</logradouro>
    <complemento/>
    <unidade/>
    <bairro>Rui Palmeira</bairro>
    <localidade>São Miguel dos Campos</localidade>
    <uf>AL</uf>
    <estado>Alagoas</estado>
    <região/>
    <ibge>2708600</ibge>
    <gia/>
    <ddd>82</ddd>
    <siafi>2871</siafi>
  </cep>
  <cep>
    <cep>57246-025</cep>
    <logradouro>Quadra D</logradouro>
    <complemento>(Lot Hélio Jatobá I)</complemento>
    <unidade/>
    <bairro>Hélio Jatobá</bairro>
    <localidade>São Miguel dos Campos</localidade>
    <uf>AL</uf>
    <estado>Alagoas</estado>
    <região/>
    <ibge>2708600</ibge>
    <gia/>
    <ddd>82</ddd>
    <siafi>2871</siafi>
  </cep>
  <cep>
    <cep>57245-333</cep>
    <logradouro>Avenida Tarcísio Soares Palmeira</logradouro>
    <complemento/>
    <unidade/>
    <bairro>Rui Palmeira</bairro>
    <localidade>São Miguel dos Campos</localidade>
    <uf>AL</uf>
    <estado>Alagoas</estado>
    <região/>
    <ibge>2708600</ibge>
    <gia/>
    <ddd>82</ddd>
    <siafi>2871</siafi>
  </cep>
  <cep>
    <cep>57246-030</cep>
    <logradouro>Quadra E</logradouro>
    <complemento>(Lot Hélio Jatobá I)</complemento>
    <unidade/>
    <bairro>Hélio Jatobá</bairro>
    <localidade>São Miguel dos Campos</localidade>
    <uf>AL</uf>
    <estado>Alagoas</estado>
    <região/>
    <ibge>2708600</ibge>
    <gia/>
    <ddd>82</ddd>
    <siafi>2871</siafi>
  </cep>
  <cep>
    <cep>57246-045</cep>
    <logradouro>Quadra H</logradouro>
    <complemento>(Lot Hélio Jatobá I)</complemento>
    <unidade/>
    <bairro>Hélio Jatobá</bairro>
    <localidade>São Miguel dos Campos</localidade>
    <uf>AL</uf>
    <estado>Alagoas</estado>
    <região/>
    <ibge>2708600</ibge>
    <gia/>
    <ddd>82</ddd>
    <siafi>2871</siafi>
  </cep>
  <cep>
    <cep>57246-015</cep>
    <logradouro>Quadra B</logradouro>
    <complemento>(Lot Hélio Jatobá I)</complemento>
    <unidade/>
    <bairro>Hélio Jatobá</bairro>
    <localidade>São Miguel dos Campos</localidade>
    <uf>AL</uf>
    <estado>Alagoas</estado>
    <região/>
    <ibge>2708600</ibge>
    <gia/>
    <ddd>82</ddd>
    <siafi>2871</siafi>
  </cep>
  <cep>
    <cep>57246-040</cep>
    <logradouro>Quadra G</logradouro>
    <complemento>(Lot Hélio Jatobá I)</complemento>
    <unidade/>
    <bairro>Hélio Jatobá</bairro>
    <localidade>São Miguel dos Campos</localidade>
    <uf>AL</uf>
    <estado>Alagoas</estado>
    <região/>
    <ibge>2708600</ibge>
    <gia/>
    <ddd>82</ddd>
    <siafi>2871</siafi>
  </cep>
  <cep>
    <cep>57246-035</cep>
    <logradouro>Quadra F</logradouro>
    <complemento>(Lot Hélio Jatobá I)</complemento>
    <unidade/>
    <bairro>Hélio Jatobá</bairro>
    <localidade>São Miguel dos Campos</localidade>
    <uf>AL</uf>
    <estado>Alagoas</estado>
    <região/>
    <ibge>2708600</ibge>
    <gia/>
    <ddd>82</ddd>
    <siafi>2871</siafi>
  </cep>
  <cep>
    <cep>57245-348</cep>
    <logradouro>Avenida Thomas Boaventura Santos</logradouro>
    <complemento/>
    <unidade/>
    <bairro>Rui Palmeira</bairro>
    <localidade>São Miguel dos Campos</localidade>
    <uf>AL</uf>
    <estado>Alagoas</estado>
    <região/>
    <ibge>2708600</ibge>
    <gia/>
    <ddd>82</ddd>
    <siafi>2871</siafi>
  </cep>
  <cep>
    <cep>57246-077</cep>
    <logradouro>Quadra K</logradouro>
    <complemento>(Lot Hélio Jatobá I)</complemento>
    <unidade/>
    <bairro>Hélio Jatobá</bairro>
    <localidade>São Miguel dos Campos</localidade>
    <uf>AL</uf>
    <estado>Alagoas</estado>
    <região/>
    <ibge>2708600</ibge>
    <gia/>
    <ddd>82</ddd>
    <siafi>2871</siafi>
  </cep>
  <cep>
    <cep>57246-090</cep>
    <logradouro>Quadra R</logradouro>
    <complemento>(Lot Hélio Jatobá I)</complemento>
    <unidade/>
    <bairro>Hélio Jatobá</bairro>
    <localidade>São Miguel dos Campos</localidade>
    <uf>AL</uf>
    <estado>Alagoas</estado>
    <região/>
    <ibge>2708600</ibge>
    <gia/>
    <ddd>82</ddd>
    <siafi>2871</siafi>
  </cep>
  <cep>
    <cep>57246-120</cep>
    <logradouro>Quadra Z</logradouro>
    <complemento>(Lot Hélio Jatobá I)</complemento>
    <unidade/>
    <bairro>Hélio Jatobá</bairro>
    <localidade>São Miguel dos Campos</localidade>
    <uf>AL</uf>
    <estado>Alagoas</estado>
    <região/>
    <ibge>2708600</ibge>
    <gia/>
    <ddd>82</ddd>
    <siafi>2871</siafi>
  </cep>
  <cep>
    <cep>57246-125</cep>
    <logradouro>Quadra G-1</logradouro>
    <complemento>(Lot Hélio Jatobá I)</complemento>
    <unidade/>
    <bairro>Hélio Jatobá</bairro>
    <localidade>São Miguel dos Campos</localidade>
    <uf>AL</uf>
    <estado>Alagoas</estado>
    <região/>
    <ibge>2708600</ibge>
    <gia/>
    <ddd>82</ddd>
    <siafi>2871</siafi>
  </cep>
  <cep>
    <cep>57246-123</cep>
    <logradouro>Quadra Y</logradouro>
    <complemento>(Lot Hélio Jatobá I)</complemento>
    <unidade/>
    <bairro>Hélio Jatobá</bairro>
    <localidade>São Miguel dos Campos</localidade>
    <uf>AL</uf>
    <estado>Alagoas</estado>
    <região/>
    <ibge>2708600</ibge>
    <gia/>
    <ddd>82</ddd>
    <siafi>2871</siafi>
  </cep>
  <cep>
    <cep>57246-145</cep>
    <logradouro>Quadra C-1</logradouro>
    <complemento>(Lot Hélio Jatobá I)</complemento>
    <unidade/>
    <bairro>Hélio Jatobá</bairro>
    <localidade>São Miguel dos Campos</localidade>
    <uf>AL</uf>
    <estado>Alagoas</estado>
    <região/>
    <ibge>2708600</ibge>
    <gia/>
    <ddd>82</ddd>
    <siafi>2871</siafi>
  </cep>
  <cep>
    <cep>57246-010</cep>
    <logradouro>Quadra A</logradouro>
    <complemento>(Lot Hélio Jatobá I)</complemento>
    <unidade/>
    <bairro>Hélio Jatobá</bairro>
    <localidade>São Miguel dos Campos</localidade>
    <uf>AL</uf>
    <estado>Alagoas</estado>
    <região/>
    <ibge>2708600</ibge>
    <gia/>
    <ddd>82</ddd>
    <siafi>2871</siafi>
  </cep>
  <cep>
    <cep>57246-075</cep>
    <logradouro>Quadra L</logradouro>
    <complemento>(Lot Hélio Jatobá I)</complemento>
    <unidade/>
    <bairro>Hélio Jatobá</bairro>
    <localidade>São Miguel dos Campos</localidade>
    <uf>AL</uf>
    <estado>Alagoas</estado>
    <região/>
    <ibge>2708600</ibge>
    <gia/>
    <ddd>82</ddd>
    <siafi>2871</siafi>
  </cep>
  <cep>
    <cep>57246-105</cep>
    <logradouro>Quadra U</logradouro>
    <complemento>(Lot Hélio Jatobá I)</complemento>
    <unidade/>
    <bairro>Hélio Jatobá</bairro>
    <localidade>São Miguel dos Campos</localidade>
    <uf>AL</uf>
    <estado>Alagoas</estado>
    <região/>
    <ibge>2708600</ibge>
    <gia/>
    <ddd>82</ddd>
    <siafi>2871</siafi>
  </cep>
  <cep>
    <cep>57246-160</cep>
    <logradouro>Quadra R-1</logradouro>
    <complemento>(Lot Hélio Jatobá II)</complemento>
    <unidade/>
    <bairro>Hélio Jatobá</bairro>
    <localidade>São Miguel dos Campos</localidade>
    <uf>AL</uf>
    <estado>Alagoas</estado>
    <região/>
    <ibge>2708600</ibge>
    <gia/>
    <ddd>82</ddd>
    <siafi>2871</siafi>
  </cep>
  <cep>
    <cep>57245-318</cep>
    <logradouro>Avenida Clóvis Torres</logradouro>
    <complemento/>
    <unidade/>
    <bairro>Rui Palmeira</bairro>
    <localidade>São Miguel dos Campos</localidade>
    <uf>AL</uf>
    <estado>Alagoas</estado>
    <região/>
    <ibge>2708600</ibge>
    <gia/>
    <ddd>82</ddd>
    <siafi>2871</siafi>
  </cep>
  <cep>
    <cep>57246-100</cep>
    <logradouro>Quadra T</logradouro>
    <complemento>(Lot Hélio Jatobá I)</complemento>
    <unidade/>
    <bairro>Hélio Jatobá</bairro>
    <localidade>São Miguel dos Campos</localidade>
    <uf>AL</uf>
    <estado>Alagoas</estado>
    <região/>
    <ibge>2708600</ibge>
    <gia/>
    <ddd>82</ddd>
    <siafi>2871</siafi>
  </cep>
  <cep>
    <cep>57246-060</cep>
    <logradouro>Quadra O</logradouro>
    <complemento>(Lot Hélio Jatobá I)</complemento>
    <unidade/>
    <bairro>Hélio Jatobá</bairro>
    <localidade>São Miguel dos Campos</localidade>
    <uf>AL</uf>
    <estado>Alagoas</estado>
    <região/>
    <ibge>2708600</ibge>
    <gia/>
    <ddd>82</ddd>
    <siafi>2871</siafi>
  </cep>
  <cep>
    <cep>57246-165</cep>
    <logradouro>Quadra S-1</logradouro>
    <complemento>(Lot Hélio Jatobá II)</complemento>
    <unidade/>
    <bairro>Hélio Jatobá</bairro>
    <localidade>São Miguel dos Campos</localidade>
    <uf>AL</uf>
    <estado>Alagoas</estado>
    <região/>
    <ibge>2708600</ibge>
    <gia/>
    <ddd>82</ddd>
    <siafi>2871</siafi>
  </cep>
  <cep>
    <cep>57246-080</cep>
    <logradouro>Quadra J</logradouro>
    <complemento>(Lot Hélio Jatobá I)</complemento>
    <unidade/>
    <bairro>Hélio Jatobá</bairro>
    <localidade>São Miguel dos Campos</localidade>
    <uf>AL</uf>
    <estado>Alagoas</estado>
    <região/>
    <ibge>2708600</ibge>
    <gia/>
    <ddd>82</ddd>
    <siafi>2871</siafi>
  </cep>
  <cep>
    <cep>57246-050</cep>
    <logradouro>Quadra Q</logradouro>
    <complemento>(Lot Hélio Jatobá I)</complemento>
    <unidade/>
    <bairro>Hélio Jatobá</bairro>
    <localidade>São Miguel dos Campos</localidade>
    <uf>AL</uf>
    <estado>Alagoas</estado>
    <região/>
    <ibge>2708600</ibge>
    <gia/>
    <ddd>82</ddd>
    <siafi>2871</siafi>
  </cep>
  <cep>
    <cep>57246-095</cep>
    <logradouro>Quadra S</logradouro>
    <complemento>(Lot Hélio Jatobá I)</complemento>
    <unidade/>
    <bairro>Hélio Jatobá</bairro>
    <localidade>São Miguel dos Campos</localidade>
    <uf>AL</uf>
    <estado>Alagoas</estado>
    <região/>
    <ibge>2708600</ibge>
    <gia/>
    <ddd>82</ddd>
    <siafi>2871</siafi>
  </cep>
  <cep>
    <cep>57246-070</cep>
    <logradouro>Quadra M</logradouro>
    <complemento>(Lot Hélio Jatobá I)</complemento>
    <unidade/>
    <bairro>Hélio Jatobá</bairro>
    <localidade>São Miguel dos Campos</localidade>
    <uf>AL</uf>
    <estado>Alagoas</estado>
    <região/>
    <ibge>2708600</ibge>
    <gia/>
    <ddd>82</ddd>
    <siafi>2871</siafi>
  </cep>
  <cep>
    <cep>57246-020</cep>
    <logradouro>Quadra C</logradouro>
    <complemento>(Lot Hélio Jatobá I)</complemento>
    <unidade/>
    <bairro>Hélio Jatobá</bairro>
    <localidade>São Miguel dos Campos</localidade>
    <uf>AL</uf>
    <estado>Alagoas</estado>
    <região/>
    <ibge>2708600</ibge>
    <gia/>
    <ddd>82</ddd>
    <siafi>2871</siafi>
  </cep>
  <cep>
    <cep>57246-065</cep>
    <logradouro>Quadra N</logradouro>
    <complemento>(Lot Hélio Jatobá I)</complemento>
    <unidade/>
    <bairro>Hélio Jatobá</bairro>
    <localidade>São Miguel dos Campos</localidade>
    <uf>AL</uf>
    <estado>Alagoas</estado>
    <região/>
    <ibge>2708600</ibge>
    <gia/>
    <ddd>82</ddd>
    <siafi>2871</siafi>
  </cep>
  <cep>
    <cep>57246-085</cep>
    <logradouro>Quadra I</logradouro>
    <complemento>(Lot Hélio Jatobá I)</complemento>
    <unidade/>
    <bairro>Hélio Jatobá</bairro>
    <localidade>São Miguel dos Campos</localidade>
    <uf>AL</uf>
    <estado>Alagoas</estado>
    <região/>
    <ibge>2708600</ibge>
    <gia/>
    <ddd>82</ddd>
    <siafi>2871</siafi>
  </cep>
  <cep>
    <cep>57246-117</cep>
    <logradouro>Quadra W</logradouro>
    <complemento>(Lot Hélio Jatobá I)</complemento>
    <unidade/>
    <bairro>Hélio Jatobá</bairro>
    <localidade>São Miguel dos Campos</localidade>
    <uf>AL</uf>
    <estado>Alagoas</estado>
    <região/>
    <ibge>2708600</ibge>
    <gia/>
    <ddd>82</ddd>
    <siafi>2871</siafi>
  </cep>
  <cep>
    <cep>57246-110</cep>
    <logradouro>Quadra V</logradouro>
    <complemento>(Lot Hélio Jatobá I)</complemento>
    <unidade/>
    <bairro>Hélio Jatobá</bairro>
    <localidade>São Miguel dos Campos</localidade>
    <uf>AL</uf>
    <estado>Alagoas</estado>
    <região/>
    <ibge>2708600</ibge>
    <gia/>
    <ddd>82</ddd>
    <siafi>2871</siafi>
  </cep>
  <cep>
    <cep>57246-170</cep>
    <logradouro>Quadra T-1</logradouro>
    <complemento>(Lot Hélio Jatobá II)</complemento>
    <unidade/>
    <bairro>Hélio Jatobá</bairro>
    <localidade>São Miguel dos Campos</localidade>
    <uf>AL</uf>
    <estado>Alagoas</estado>
    <região/>
    <ibge>2708600</ibge>
    <gia/>
    <ddd>82</ddd>
    <siafi>2871</siafi>
  </cep>
  <cep>
    <cep>57245-327</cep>
    <logradouro>Avenida Maria Cândida Soares Palmeira</logradouro>
    <complemento/>
    <unidade/>
    <bairro>Rui Palmeira</bairro>
    <localidade>São Miguel dos Campos</localidade>
    <uf>AL</uf>
    <estado>Alagoas</estado>
    <região/>
    <ibge>2708600</ibge>
    <gia/>
    <ddd>82</ddd>
    <siafi>2871</siafi>
  </cep>
  <cep>
    <cep>57246-180</cep>
    <logradouro>Quadra V-1</logradouro>
    <complemento>(Lot Hélio Jatobá II)</complemento>
    <unidade/>
    <bairro>Hélio Jatobá</bairro>
    <localidade>São Miguel dos Campos</localidade>
    <uf>AL</uf>
    <estado>Alagoas</estado>
    <região/>
    <ibge>2708600</ibge>
    <gia/>
    <ddd>82</ddd>
    <siafi>2871</siafi>
  </cep>
  <cep>
    <cep>57245-342</cep>
    <logradouro>Praça Dom Adelmo Machado</logradouro>
    <complemento/>
    <unidade/>
    <bairro>Rui Palmeira</bairro>
    <localidade>São Miguel dos Campos</localidade>
    <uf>AL</uf>
    <estado>Alagoas</estado>
    <região/>
    <ibge>2708600</ibge>
    <gia/>
    <ddd>82</ddd>
    <siafi>2871</siafi>
  </cep>
  <cep>
    <cep>57246-175</cep>
    <logradouro>Quadra U-1</logradouro>
    <complemento>(Lot Hélio Jatobá II)</complemento>
    <unidade/>
    <bairro>Hélio Jatobá</bairro>
    <localidade>São Miguel dos Campos</localidade>
    <uf>AL</uf>
    <estado>Alagoas</estado>
    <região/>
    <ibge>2708600</ibge>
    <gia/>
    <ddd>82</ddd>
    <siafi>2871</siafi>
  </cep>
  <cep>
    <cep>57246-115</cep>
    <logradouro>Quadra X</logradouro>
    <complemento>(Lot Hélio Jatobá I)</complemento>
    <unidade/>
    <bairro>Hélio Jatobá</bairro>
    <localidade>São Miguel dos Campos</localidade>
    <uf>AL</uf>
    <estado>Alagoas</estado>
    <região/>
    <ibge>2708600</ibge>
    <gia/>
    <ddd>82</ddd>
    <siafi>2871</siafi>
  </cep>
  <cep>
    <cep>57246-005</cep>
    <logradouro>Rua São José</logradouro>
    <complemento>lado ímpar</complemento>
    <unidade/>
    <bairro>Hélio Jatobá</bairro>
    <localidade>São Miguel dos Campos</localidade>
    <uf>AL</uf>
    <estado>Alagoas</estado>
    <região/>
    <ibge>2708600</ibge>
    <gia/>
    <ddd>82</ddd>
    <siafi>2871</siafi>
  </cep>
  <cep>
    <cep>57246-185</cep>
    <logradouro>Quadra W-1</logradouro>
    <complemento>(Lot Hélio Jatobá II)</complemento>
    <unidade/>
    <bairro>Hélio Jatobá</bairro>
    <localidade>São Miguel dos Campos</localidade>
    <uf>AL</uf>
    <estado>Alagoas</estado>
    <região/>
    <ibge>2708600</ibge>
    <gia/>
    <ddd>82</ddd>
    <siafi>2871</siafi>
  </cep>
  <cep>
    <cep>57246-150</cep>
    <logradouro>Quadra B-1</logradouro>
    <complemento>(Lot Hélio Jatobá I)</complemento>
    <unidade/>
    <bairro>Hélio Jatobá</bairro>
    <localidade>São Miguel dos Campos</localidade>
    <uf>AL</uf>
    <estado>Alagoas</estado>
    <região/>
    <ibge>2708600</ibge>
    <gia/>
    <ddd>82</ddd>
    <siafi>2871</siafi>
  </cep>
  <cep>
    <cep>57246-200</cep>
    <logradouro>Quadra Y-1</logradouro>
    <complemento>(Lot Hélio Jatobá II)</complemento>
    <unidade/>
    <bairro>Hélio Jatobá</bairro>
    <localidade>São Miguel dos Campos</localidade>
    <uf>AL</uf>
    <estado>Alagoas</estado>
    <região/>
    <ibge>2708600</ibge>
    <gia/>
    <ddd>82</ddd>
    <siafi>2871</siafi>
  </cep>
  <cep>
    <cep>57246-187</cep>
    <logradouro>Quadra X-1</logradouro>
    <complemento>(Lot Hélio Jatobá II)</complemento>
    <unidade/>
    <bairro>Hélio Jatobá</bairro>
    <localidade>São Miguel dos Campos</localidade>
    <uf>AL</uf>
    <estado>Alagoas</estado>
    <região/>
    <ibge>2708600</ibge>
    <gia/>
    <ddd>82</ddd>
    <siafi>2871</siafi>
  </cep>
  <cep>
    <cep>57246-210</cep>
    <logradouro>Quadra J-1</logradouro>
    <complemento>(Lot Hélio Jatobá II)</complemento>
    <unidade/>
    <bairro>Hélio Jatobá</bairro>
    <localidade>São Miguel dos Campos</localidade>
    <uf>AL</uf>
    <estado>Alagoas</estado>
    <região/>
    <ibge>2708600</ibge>
    <gia/>
    <ddd>82</ddd>
    <siafi>2871</siafi>
  </cep>
  <cep>
    <cep>57246-140</cep>
    <logradouro>Quadra D-1</logradouro>
    <complemento>(Lot Hélio Jatobá I)</complemento>
    <unidade/>
    <bairro>Hélio Jatobá</bairro>
    <localidade>São Miguel dos Campos</localidade>
    <uf>AL</uf>
    <estado>Alagoas</estado>
    <região/>
    <ibge>2708600</ibge>
    <gia/>
    <ddd>82</ddd>
    <siafi>2871</siafi>
  </cep>
  <cep>
    <cep>57246-195</cep>
    <logradouro>Quadra I-1</logradouro>
    <complemento>(Lot Hélio Jatobá II)</complemento>
    <unidade/>
    <bairro>Hélio Jatobá</bairro>
    <localidade>São Miguel dos Campos</localidade>
    <uf>AL</uf>
    <estado>Alagoas</estado>
    <região/>
    <ibge>2708600</ibge>
    <gia/>
    <ddd>82</ddd>
    <siafi>2871</siafi>
  </cep>
  <cep>
    <cep>57246-205</cep>
    <logradouro>Quadra Z-1</logradouro>
    <complemento>(Lot Hélio Jatobá II)</complemento>
    <unidade/>
    <bairro>Hélio Jatobá</bairro>
    <localidade>São Miguel dos Campos</localidade>
    <uf>AL</uf>
    <estado>Alagoas</estado>
    <região/>
    <ibge>2708600</ibge>
    <gia/>
    <ddd>82</ddd>
    <siafi>2871</siafi>
  </cep>
  <cep>
    <cep>57246-220</cep>
    <logradouro>Quadra A-2</logradouro>
    <complemento>(Lot Hélio Jatobá II)</complemento>
    <unidade/>
    <bairro>Hélio Jatobá</bairro>
    <localidade>São Miguel dos Campos</localidade>
    <uf>AL</uf>
    <estado>Alagoas</estado>
    <região/>
    <ibge>2708600</ibge>
    <gia/>
    <ddd>82</ddd>
    <siafi>2871</siafi>
  </cep>
  <cep>
    <cep>57246-230</cep>
    <logradouro>Quadra K-1</logradouro>
    <complemento>(Lot Hélio Jatobá II)</complemento>
    <unidade/>
    <bairro>Hélio Jatobá</bairro>
    <localidade>São Miguel dos Campos</localidade>
    <uf>AL</uf>
    <estado>Alagoas</estado>
    <região/>
    <ibge>2708600</ibge>
    <gia/>
    <ddd>82</ddd>
    <siafi>2871</siafi>
  </cep>
  <cep>
    <cep>57246-225</cep>
    <logradouro>Quadra B-2</logradouro>
    <complemento>(Lot Hélio Jatobá II)</complemento>
    <unidade/>
    <bairro>Hélio Jatobá</bairro>
    <localidade>São Miguel dos Campos</localidade>
    <uf>AL</uf>
    <estado>Alagoas</estado>
    <região/>
    <ibge>2708600</ibge>
    <gia/>
    <ddd>82</ddd>
    <siafi>2871</siafi>
  </cep>
  <cep>
    <cep>57246-055</cep>
    <logradouro>Quadra P</logradouro>
    <complemento>(Lot Hélio Jatobá I)</complemento>
    <unidade/>
    <bairro>Hélio Jatobá</bairro>
    <localidade>São Miguel dos Campos</localidade>
    <uf>AL</uf>
    <estado>Alagoas</estado>
    <região/>
    <ibge>2708600</ibge>
    <gia/>
    <ddd>82</ddd>
    <siafi>2871</siafi>
  </cep>
  <cep>
    <cep>57246-240</cep>
    <logradouro>Quadra C-2</logradouro>
    <complemento>(Lot Hélio Jatobá II)</complemento>
    <unidade/>
    <bairro>Hélio Jatobá</bairro>
    <localidade>São Miguel dos Campos</localidade>
    <uf>AL</uf>
    <estado>Alagoas</estado>
    <região/>
    <ibge>2708600</ibge>
    <gia/>
    <ddd>82</ddd>
    <siafi>2871</siafi>
  </cep>
  <cep>
    <cep>57246-215</cep>
    <logradouro>Quadra L-1</logradouro>
    <complemento>(Lot Hélio Jatobá II)</complemento>
    <unidade/>
    <bairro>Hélio Jatobá</bairro>
    <localidade>São Miguel dos Campos</localidade>
    <uf>AL</uf>
    <estado>Alagoas</estado>
    <região/>
    <ibge>2708600</ibge>
    <gia/>
    <ddd>82</ddd>
    <siafi>2871</siafi>
  </cep>
  <cep>
    <cep>57246-130</cep>
    <logradouro>Quadra F-1</logradouro>
    <complemento>(Lot Hélio Jatobá I)</complemento>
    <unidade/>
    <bairro>Hélio Jatobá</bairro>
    <localidade>São Miguel dos Campos</localidade>
    <uf>AL</uf>
    <estado>Alagoas</estado>
    <região/>
    <ibge>2708600</ibge>
    <gia/>
    <ddd>82</ddd>
    <siafi>2871</siafi>
  </cep>
  <cep>
    <cep>57246-155</cep>
    <logradouro>Quadra A-1</logradouro>
    <complemento>(Lot Hélio Jatobá I)</complemento>
    <unidade/>
    <bairro>Hélio Jatobá</bairro>
    <localidade>São Miguel dos Campos</localidade>
    <uf>AL</uf>
    <estado>Alagoas</estado>
    <região/>
    <ibge>2708600</ibge>
    <gia/>
    <ddd>82</ddd>
    <siafi>2871</siafi>
  </cep>
  <cep>
    <cep>57246-135</cep>
    <logradouro>Quadra E-1</logradouro>
    <complemento>(Lot Hélio Jatobá I)</complemento>
    <unidade/>
    <bairro>Hélio Jatobá</bairro>
    <localidade>São Miguel dos Campos</localidade>
    <uf>AL</uf>
    <estado>Alagoas</estado>
    <região/>
    <ibge>2708600</ibge>
    <gia/>
    <ddd>82</ddd>
    <siafi>2871</siafi>
  </cep>
  <cep>
    <cep>57246-245</cep>
    <logradouro>Quadra D-2</logradouro>
    <complemento>(Lot Hélio Jatobá II)</complemento>
    <unidade/>
    <bairro>Hélio Jatobá</bairro>
    <localidade>São Miguel dos Campos</localidade>
    <uf>AL</uf>
    <estado>Alagoas</estado>
    <região/>
    <ibge>2708600</ibge>
    <gia/>
    <ddd>82</ddd>
    <siafi>2871</siafi>
  </cep>
  <cep>
    <cep>57246-250</cep>
    <logradouro>Quadra M-1</logradouro>
    <complemento>(Lot Hélio Jatobá II)</complemento>
    <unidade/>
    <bairro>Hélio Jatobá</bairro>
    <localidade>São Miguel dos Campos</localidade>
    <uf>AL</uf>
    <estado>Alagoas</estado>
    <região/>
    <ibge>2708600</ibge>
    <gia/>
    <ddd>82</ddd>
    <siafi>2871</siafi>
  </cep>
  <cep>
    <cep>57246-255</cep>
    <logradouro>Quadra N-1</logradouro>
    <complemento>(Lot Hélio Jatobá II)</complemento>
    <unidade/>
    <bairro>Hélio Jatobá</bairro>
    <localidade>São Miguel dos Campos</localidade>
    <uf>AL</uf>
    <estado>Alagoas</estado>
    <região/>
    <ibge>2708600</ibge>
    <gia/>
    <ddd>82</ddd>
    <siafi>2871</siafi>
  </cep>
  <cep>
    <cep>57246-260</cep>
    <logradouro>Quadra E-2</logradouro>
    <complemento>(Lot Hélio Jatobá II)</complemento>
    <unidade/>
    <bairro>Hélio Jatobá</bairro>
    <localidade>São Miguel dos Campos</localidade>
    <uf>AL</uf>
    <estado>Alagoas</estado>
    <região/>
    <ibge>2708600</ibge>
    <gia/>
    <ddd>82</ddd>
    <siafi>2871</siafi>
  </cep>
  <cep>
    <cep>57246-275</cep>
    <logradouro>Quadra P-1</logradouro>
    <complemento>(Lot Hélio Jatobá II)</complemento>
    <unidade/>
    <bairro>Hélio Jatobá</bairro>
    <localidade>São Miguel dos Campos</localidade>
    <uf>AL</uf>
    <estado>Alagoas</estado>
    <região/>
    <ibge>2708600</ibge>
    <gia/>
    <ddd>82</ddd>
    <siafi>2871</siafi>
  </cep>
  <cep>
    <cep>57246-280</cep>
    <logradouro>Quadra G-2</logradouro>
    <complemento>(Lot Hélio Jatobá II)</complemento>
    <unidade/>
    <bairro>Hélio Jatobá</bairro>
    <localidade>São Miguel dos Campos</localidade>
    <uf>AL</uf>
    <estado>Alagoas</estado>
    <região/>
    <ibge>2708600</ibge>
    <gia/>
    <ddd>82</ddd>
    <siafi>2871</siafi>
  </cep>
  <cep>
    <cep>57246-285</cep>
    <logradouro>Quadra H-2</logradouro>
    <complemento>(Lot Hélio Jatobá II)</complemento>
    <unidade/>
    <bairro>Hélio Jatobá</bairro>
    <localidade>São Miguel dos Campos</localidade>
    <uf>AL</uf>
    <estado>Alagoas</estado>
    <região/>
    <ibge>2708600</ibge>
    <gia/>
    <ddd>82</ddd>
    <siafi>2871</siafi>
  </cep>
  <cep>
    <cep>57246-290</cep>
    <logradouro>Quadra Q-1</logradouro>
    <complemento>(Lot Hélio Jatobá II)</complemento>
    <unidade/>
    <bairro>Hélio Jatobá</bairro>
    <localidade>São Miguel dos Campos</localidade>
    <uf>AL</uf>
    <estado>Alagoas</estado>
    <região/>
    <ibge>2708600</ibge>
    <gia/>
    <ddd>82</ddd>
    <siafi>2871</siafi>
  </cep>
  <cep>
    <cep>57246-295</cep>
    <logradouro>Quadra J-2</logradouro>
    <complemento>(Lot Hélio Jatobá II)</complemento>
    <unidade/>
    <bairro>Hélio Jatobá</bairro>
    <localidade>São Miguel dos Campos</localidade>
    <uf>AL</uf>
    <estado>Alagoas</estado>
    <região/>
    <ibge>2708600</ibge>
    <gia/>
    <ddd>82</ddd>
    <siafi>2871</siafi>
  </cep>
  <cep>
    <cep>57246-297</cep>
    <logradouro>Quadra K-2</logradouro>
    <complemento>(Lot Hélio Jatobá II)</complemento>
    <unidade/>
    <bairro>Hélio Jatobá</bairro>
    <localidade>São Miguel dos Campos</localidade>
    <uf>AL</uf>
    <estado>Alagoas</estado>
    <região/>
    <ibge>2708600</ibge>
    <gia/>
    <ddd>82</ddd>
    <siafi>2871</siafi>
  </cep>
  <cep>
    <cep>57246-300</cep>
    <logradouro>Quadra I-2</logradouro>
    <complemento>(Lot Hélio Jatobá II)</complemento>
    <unidade/>
    <bairro>Hélio Jatobá</bairro>
    <localidade>São Miguel dos Campos</localidade>
    <uf>AL</uf>
    <estado>Alagoas</estado>
    <região/>
    <ibge>2708600</ibge>
    <gia/>
    <ddd>82</ddd>
    <siafi>2871</siafi>
  </cep>
  <cep>
    <cep>57246-303</cep>
    <logradouro>Quadra O-3</logradouro>
    <complemento>(Lot Hélio Jatobá II)</complemento>
    <unidade/>
    <bairro>Hélio Jatobá</bairro>
    <localidade>São Miguel dos Campos</localidade>
    <uf>AL</uf>
    <estado>Alagoas</estado>
    <região/>
    <ibge>2708600</ibge>
    <gia/>
    <ddd>82</ddd>
    <siafi>2871</siafi>
  </cep>
  <cep>
    <cep>57246-305</cep>
    <logradouro>Quadra V-2</logradouro>
    <complemento>(Lot Hélio Jatobá II)</complemento>
    <unidade/>
    <bairro>Hélio Jatobá</bairro>
    <localidade>São Miguel dos Campos</localidade>
    <uf>AL</uf>
    <estado>Alagoas</estado>
    <região/>
    <ibge>2708600</ibge>
    <gia/>
    <ddd>82</ddd>
    <siafi>2871</siafi>
  </cep>
  <cep>
    <cep>57246-310</cep>
    <logradouro>Quadra U-2</logradouro>
    <complemento>(Lot Hélio Jatobá II)</complemento>
    <unidade/>
    <bairro>Hélio Jatobá</bairro>
    <localidade>São Miguel dos Campos</localidade>
    <uf>AL</uf>
    <estado>Alagoas</estado>
    <região/>
    <ibge>2708600</ibge>
    <gia/>
    <ddd>82</ddd>
    <siafi>2871</siafi>
  </cep>
  <cep>
    <cep>57246-315</cep>
    <logradouro>Quadra T-2</logradouro>
    <complemento>(Lot Hélio Jatobá II)</complemento>
    <unidade/>
    <bairro>Hélio Jatobá</bairro>
    <localidade>São Miguel dos Campos</localidade>
    <uf>AL</uf>
    <estado>Alagoas</estado>
    <região/>
    <ibge>2708600</ibge>
    <gia/>
    <ddd>82</ddd>
    <siafi>2871</siafi>
  </cep>
  <cep>
    <cep>57246-325</cep>
    <logradouro>Quadra R-2</logradouro>
    <complemento>(Lot Hélio Jatobá II)</complemento>
    <unidade/>
    <bairro>Hélio Jatobá</bairro>
    <localidade>São Miguel dos Campos</localidade>
    <uf>AL</uf>
    <estado>Alagoas</estado>
    <região/>
    <ibge>2708600</ibge>
    <gia/>
    <ddd>82</ddd>
    <siafi>2871</siafi>
  </cep>
  <cep>
    <cep>57246-335</cep>
    <logradouro>Quadra P-2</logradouro>
    <complemento>(Lot Hélio Jatobá II)</complemento>
    <unidade/>
    <bairro>Hélio Jatobá</bairro>
    <localidade>São Miguel dos Campos</localidade>
    <uf>AL</uf>
    <estado>Alagoas</estado>
    <região/>
    <ibge>2708600</ibge>
    <gia/>
    <ddd>82</ddd>
    <siafi>2871</siafi>
  </cep>
  <cep>
    <cep>57246-350</cep>
    <logradouro>Quadra M-2</logradouro>
    <complemento>(Lot Hélio Jatobá II)</complemento>
    <unidade/>
    <bairro>Hélio Jatobá</bairro>
    <localidade>São Miguel dos Campos</localidade>
    <uf>AL</uf>
    <estado>Alagoas</estado>
    <região/>
    <ibge>2708600</ibge>
    <gia/>
    <ddd>82</ddd>
    <siafi>2871</siafi>
  </cep>
  <cep>
    <cep>57246-340</cep>
    <logradouro>Quadra O-2</logradouro>
    <complemento>(Lot Hélio Jatobá II)</complemento>
    <unidade/>
    <bairro>Hélio Jatobá</bairro>
    <localidade>São Miguel dos Campos</localidade>
    <uf>AL</uf>
    <estado>Alagoas</estado>
    <região/>
    <ibge>2708600</ibge>
    <gia/>
    <ddd>82</ddd>
    <siafi>2871</siafi>
  </cep>
  <cep>
    <cep>57246-360</cep>
    <logradouro>Rua Sandra Urbano</logradouro>
    <complemento>(Lot Hélio Jatobá II)</complemento>
    <unidade/>
    <bairro>Hélio Jatobá</bairro>
    <localidade>São Miguel dos Campos</localidade>
    <uf>AL</uf>
    <estado>Alagoas</estado>
    <região/>
    <ibge>2708600</ibge>
    <gia/>
    <ddd>82</ddd>
    <siafi>2871</siafi>
  </cep>
  <cep>
    <cep>57246-330</cep>
    <logradouro>Quadra Q-2</logradouro>
    <complemento>(Lot Hélio Jatobá II)</complemento>
    <unidade/>
    <bairro>Hélio Jatobá</bairro>
    <localidade>São Miguel dos Campos</localidade>
    <uf>AL</uf>
    <estado>Alagoas</estado>
    <região/>
    <ibge>2708600</ibge>
    <gia/>
    <ddd>82</ddd>
    <siafi>2871</siafi>
  </cep>
  <cep>
    <cep>57246-345</cep>
    <logradouro>Quadra N-2</logradouro>
    <complemento>(Lot Hélio Jatobá II)</complemento>
    <unidade/>
    <bairro>Hélio Jatobá</bairro>
    <localidade>São Miguel dos Campos</localidade>
    <uf>AL</uf>
    <estado>Alagoas</estado>
    <região/>
    <ibge>2708600</ibge>
    <gia/>
    <ddd>82</ddd>
    <siafi>2871</siafi>
  </cep>
  <cep>
    <cep>57246-365</cep>
    <logradouro>Avenida Sebastião Carlos Monteiro</logradouro>
    <complemento>(Lot Hélio Jatobá II)</complemento>
    <unidade/>
    <bairro>Hélio Jatobá</bairro>
    <localidade>São Miguel dos Campos</localidade>
    <uf>AL</uf>
    <estado>Alagoas</estado>
    <região/>
    <ibge>2708600</ibge>
    <gia/>
    <ddd>82</ddd>
    <siafi>2871</siafi>
  </cep>
  <cep>
    <cep>57246-355</cep>
    <logradouro>Quadra L-2</logradouro>
    <complemento>(Lot Hélio Jatobá II)</complemento>
    <unidade/>
    <bairro>Hélio Jatobá</bairro>
    <localidade>São Miguel dos Campos</localidade>
    <uf>AL</uf>
    <estado>Alagoas</estado>
    <região/>
    <ibge>2708600</ibge>
    <gia/>
    <ddd>82</ddd>
    <siafi>2871</siafi>
  </cep>
  <cep>
    <cep>57246-376</cep>
    <logradouro>Quadra G-3</logradouro>
    <complemento>(Lot Hélio Jatobá II)</complemento>
    <unidade/>
    <bairro>Hélio Jatobá</bairro>
    <localidade>São Miguel dos Campos</localidade>
    <uf>AL</uf>
    <estado>Alagoas</estado>
    <região/>
    <ibge>2708600</ibge>
    <gia/>
    <ddd>82</ddd>
    <siafi>2871</siafi>
  </cep>
  <cep>
    <cep>57246-370</cep>
    <logradouro>Rodovia BR-101</logradouro>
    <complemento/>
    <unidade/>
    <bairro>Hélio Jatobá</bairro>
    <localidade>São Miguel dos Campos</localidade>
    <uf>AL</uf>
    <estado>Alagoas</estado>
    <região/>
    <ibge>2708600</ibge>
    <gia/>
    <ddd>82</ddd>
    <siafi>2871</siafi>
  </cep>
  <cep>
    <cep>57246-378</cep>
    <logradouro>Quadra X-2</logradouro>
    <complemento>(Lot Hélio Jatobá II)</complemento>
    <unidade/>
    <bairro>Hélio Jatobá</bairro>
    <localidade>São Miguel dos Campos</localidade>
    <uf>AL</uf>
    <estado>Alagoas</estado>
    <região/>
    <ibge>2708600</ibge>
    <gia/>
    <ddd>82</ddd>
    <siafi>2871</siafi>
  </cep>
  <cep>
    <cep>57246-380</cep>
    <logradouro>Rua Cícero Pereira da Silva</logradouro>
    <complemento>(Lot Hélio Jatobá II)</complemento>
    <unidade/>
    <bairro>Hélio Jatobá</bairro>
    <localidade>São Miguel dos Campos</localidade>
    <uf>AL</uf>
    <estado>Alagoas</estado>
    <região/>
    <ibge>2708600</ibge>
    <gia/>
    <ddd>82</ddd>
    <siafi>2871</siafi>
  </cep>
  <cep>
    <cep>57246-320</cep>
    <logradouro>Quadra S-2</logradouro>
    <complemento>(Lot Hélio Jatobá II)</complemento>
    <unidade/>
    <bairro>Hélio Jatobá</bairro>
    <localidade>São Miguel dos Campos</localidade>
    <uf>AL</uf>
    <estado>Alagoas</estado>
    <região/>
    <ibge>2708600</ibge>
    <gia/>
    <ddd>82</ddd>
    <siafi>2871</siafi>
  </cep>
  <cep>
    <cep>57246-373</cep>
    <logradouro>Quadra Q-3</logradouro>
    <complemento>(Lot Hélio Jatobá II)</complemento>
    <unidade/>
    <bairro>Hélio Jatobá</bairro>
    <localidade>São Miguel dos Campos</localidade>
    <uf>AL</uf>
    <estado>Alagoas</estado>
    <região/>
    <ibge>2708600</ibge>
    <gia/>
    <ddd>82</ddd>
    <siafi>2871</siafi>
  </cep>
  <cep>
    <cep>57246-382</cep>
    <logradouro>Quadra H-3</logradouro>
    <complemento>(Lot Hélio Jatobá II)</complemento>
    <unidade/>
    <bairro>Hélio Jatobá</bairro>
    <localidade>São Miguel dos Campos</localidade>
    <uf>AL</uf>
    <estado>Alagoas</estado>
    <região/>
    <ibge>2708600</ibge>
    <gia/>
    <ddd>82</ddd>
    <siafi>2871</siafi>
  </cep>
  <cep>
    <cep>57246-384</cep>
    <logradouro>Quadra W-2</logradouro>
    <complemento>(Lot Hélio Jatobá II)</complemento>
    <unidade/>
    <bairro>Hélio Jatobá</bairro>
    <localidade>São Miguel dos Campos</localidade>
    <uf>AL</uf>
    <estado>Alagoas</estado>
    <região/>
    <ibge>2708600</ibge>
    <gia/>
    <ddd>82</ddd>
    <siafi>2871</siafi>
  </cep>
  <cep>
    <cep>57246-383</cep>
    <logradouro>Quadra S-3</logradouro>
    <complemento>(Lot Hélio Jatobá II)</complemento>
    <unidade/>
    <bairro>Hélio Jatobá</bairro>
    <localidade>São Miguel dos Campos</localidade>
    <uf>AL</uf>
    <estado>Alagoas</estado>
    <região/>
    <ibge>2708600</ibge>
    <gia/>
    <ddd>82</ddd>
    <siafi>2871</siafi>
  </cep>
  <cep>
    <cep>57246-375</cep>
    <logradouro>Avenida Luiz Eteval de França</logradouro>
    <complemento>(Lot Hélio Jatobá II)</complemento>
    <unidade/>
    <bairro>Hélio Jatobá</bairro>
    <localidade>São Miguel dos Campos</localidade>
    <uf>AL</uf>
    <estado>Alagoas</estado>
    <região/>
    <ibge>2708600</ibge>
    <gia/>
    <ddd>82</ddd>
    <siafi>2871</siafi>
  </cep>
  <cep>
    <cep>57246-379</cep>
    <logradouro>Quadra R-3</logradouro>
    <complemento>(Lot Hélio Jatobá II)</complemento>
    <unidade/>
    <bairro>Hélio Jatobá</bairro>
    <localidade>São Miguel dos Campos</localidade>
    <uf>AL</uf>
    <estado>Alagoas</estado>
    <região/>
    <ibge>2708600</ibge>
    <gia/>
    <ddd>82</ddd>
    <siafi>2871</siafi>
  </cep>
  <cep>
    <cep>57246-388</cep>
    <logradouro>Quadra Y-2</logradouro>
    <complemento>(Lot Hélio Jatobá II)</complemento>
    <unidade/>
    <bairro>Hélio Jatobá</bairro>
    <localidade>São Miguel dos Campos</localidade>
    <uf>AL</uf>
    <estado>Alagoas</estado>
    <região/>
    <ibge>2708600</ibge>
    <gia/>
    <ddd>82</ddd>
    <siafi>2871</siafi>
  </cep>
  <cep>
    <cep>57246-387</cep>
    <logradouro>Quadra T-3</logradouro>
    <complemento>(Lot Hélio Jatobá II)</complemento>
    <unidade/>
    <bairro>Hélio Jatobá</bairro>
    <localidade>São Miguel dos Campos</localidade>
    <uf>AL</uf>
    <estado>Alagoas</estado>
    <região/>
    <ibge>2708600</ibge>
    <gia/>
    <ddd>82</ddd>
    <siafi>2871</siafi>
  </cep>
  <cep>
    <cep>57246-386</cep>
    <logradouro>Quadra I-3</logradouro>
    <complemento>(Lot Hélio Jatobá II)</complemento>
    <unidade/>
    <bairro>Hélio Jatobá</bairro>
    <localidade>São Miguel dos Campos</localidade>
    <uf>AL</uf>
    <estado>Alagoas</estado>
    <região/>
    <ibge>2708600</ibge>
    <gia/>
    <ddd>82</ddd>
    <siafi>2871</siafi>
  </cep>
  <cep>
    <cep>57246-385</cep>
    <logradouro>Rua Britoaldo Andrade Chaves</logradouro>
    <complemento>(Lot Hélio Jatobá II)</complemento>
    <unidade/>
    <bairro>Hélio Jatobá</bairro>
    <localidade>São Miguel dos Campos</localidade>
    <uf>AL</uf>
    <estado>Alagoas</estado>
    <região/>
    <ibge>2708600</ibge>
    <gia/>
    <ddd>82</ddd>
    <siafi>2871</siafi>
  </cep>
  <cep>
    <cep>57246-390</cep>
    <logradouro>Rua José de Abreu Chaves</logradouro>
    <complemento>(Lot Hélio Jatobá II)</complemento>
    <unidade/>
    <bairro>Hélio Jatobá</bairro>
    <localidade>São Miguel dos Campos</localidade>
    <uf>AL</uf>
    <estado>Alagoas</estado>
    <região/>
    <ibge>2708600</ibge>
    <gia/>
    <ddd>82</ddd>
    <siafi>2871</siafi>
  </cep>
  <cep>
    <cep>57246-394</cep>
    <logradouro>Quadra Z-2</logradouro>
    <complemento>(Lot Hélio Jatobá II)</complemento>
    <unidade/>
    <bairro>Hélio Jatobá</bairro>
    <localidade>São Miguel dos Campos</localidade>
    <uf>AL</uf>
    <estado>Alagoas</estado>
    <região/>
    <ibge>2708600</ibge>
    <gia/>
    <ddd>82</ddd>
    <siafi>2871</siafi>
  </cep>
  <cep>
    <cep>57246-393</cep>
    <logradouro>Quadra U-3</logradouro>
    <complemento>(Lot Hélio Jatobá II)</complemento>
    <unidade/>
    <bairro>Hélio Jatobá</bairro>
    <localidade>São Miguel dos Campos</localidade>
    <uf>AL</uf>
    <estado>Alagoas</estado>
    <região/>
    <ibge>2708600</ibge>
    <gia/>
    <ddd>82</ddd>
    <siafi>2871</siafi>
  </cep>
  <cep>
    <cep>57246-392</cep>
    <logradouro>Quadra J-3</logradouro>
    <complemento>(Lot Hélio Jatobá II)</complemento>
    <unidade/>
    <bairro>Hélio Jatobá</bairro>
    <localidade>São Miguel dos Campos</localidade>
    <uf>AL</uf>
    <estado>Alagoas</estado>
    <região/>
    <ibge>2708600</ibge>
    <gia/>
    <ddd>82</ddd>
    <siafi>2871</siafi>
  </cep>
  <cep>
    <cep>57246-395</cep>
    <logradouro>Rua Maria Emília Vieira</logradouro>
    <complemento>(Lot Hélio Jatobá II)</complemento>
    <unidade/>
    <bairro>Hélio Jatobá</bairro>
    <localidade>São Miguel dos Campos</localidade>
    <uf>AL</uf>
    <estado>Alagoas</estado>
    <região/>
    <ibge>2708600</ibge>
    <gia/>
    <ddd>82</ddd>
    <siafi>2871</siafi>
  </cep>
  <cep>
    <cep>57246-396</cep>
    <logradouro>Quadra K-3</logradouro>
    <complemento>(Lot Hélio Jatobá II)</complemento>
    <unidade/>
    <bairro>Hélio Jatobá</bairro>
    <localidade>São Miguel dos Campos</localidade>
    <uf>AL</uf>
    <estado>Alagoas</estado>
    <região/>
    <ibge>2708600</ibge>
    <gia/>
    <ddd>82</ddd>
    <siafi>2871</siafi>
  </cep>
  <cep>
    <cep>57246-398</cep>
    <logradouro>Quadra A-3</logradouro>
    <complemento>(Lot Hélio Jatobá II)</complemento>
    <unidade/>
    <bairro>Hélio Jatobá</bairro>
    <localidade>São Miguel dos Campos</localidade>
    <uf>AL</uf>
    <estado>Alagoas</estado>
    <região/>
    <ibge>2708600</ibge>
    <gia/>
    <ddd>82</ddd>
    <siafi>2871</siafi>
  </cep>
  <cep>
    <cep>57246-399</cep>
    <logradouro>Quadra V-3</logradouro>
    <complemento>(Lot Hélio Jatobá II)</complemento>
    <unidade/>
    <bairro>Hélio Jatobá</bairro>
    <localidade>São Miguel dos Campos</localidade>
    <uf>AL</uf>
    <estado>Alagoas</estado>
    <região/>
    <ibge>2708600</ibge>
    <gia/>
    <ddd>82</ddd>
    <siafi>2871</siafi>
  </cep>
  <cep>
    <cep>57246-400</cep>
    <logradouro>Rua Ernani José da Silva</logradouro>
    <complemento>(Lot Hélio Jatobá II)</complemento>
    <unidade/>
    <bairro>Hélio Jatobá</bairro>
    <localidade>São Miguel dos Campos</localidade>
    <uf>AL</uf>
    <estado>Alagoas</estado>
    <região/>
    <ibge>2708600</ibge>
    <gia/>
    <ddd>82</ddd>
    <siafi>2871</siafi>
  </cep>
  <cep>
    <cep>57246-402</cep>
    <logradouro>Quadra L-3</logradouro>
    <complemento>(Lot Hélio Jatobá II)</complemento>
    <unidade/>
    <bairro>Hélio Jatobá</bairro>
    <localidade>São Miguel dos Campos</localidade>
    <uf>AL</uf>
    <estado>Alagoas</estado>
    <região/>
    <ibge>2708600</ibge>
    <gia/>
    <ddd>82</ddd>
    <siafi>2871</siafi>
  </cep>
  <cep>
    <cep>57246-403</cep>
    <logradouro>Quadra X-3</logradouro>
    <complemento>(Lot Hélio Jatobá II)</complemento>
    <unidade/>
    <bairro>Hélio Jatobá</bairro>
    <localidade>São Miguel dos Campos</localidade>
    <uf>AL</uf>
    <estado>Alagoas</estado>
    <região/>
    <ibge>2708600</ibge>
    <gia/>
    <ddd>82</ddd>
    <siafi>2871</siafi>
  </cep>
  <cep>
    <cep>57246-404</cep>
    <logradouro>Quadra B-3</logradouro>
    <complemento>(Lot Hélio Jatobá II)</complemento>
    <unidade/>
    <bairro>Hélio Jatobá</bairro>
    <localidade>São Miguel dos Campos</localidade>
    <uf>AL</uf>
    <estado>Alagoas</estado>
    <região/>
    <ibge>2708600</ibge>
    <gia/>
    <ddd>82</ddd>
    <siafi>2871</siafi>
  </cep>
  <cep>
    <cep>57246-405</cep>
    <logradouro>Rua Otávio Correia dos Santos</logradouro>
    <complemento>(Lot Hélio Jatobá II)</complemento>
    <unidade/>
    <bairro>Hélio Jatobá</bairro>
    <localidade>São Miguel dos Campos</localidade>
    <uf>AL</uf>
    <estado>Alagoas</estado>
    <região/>
    <ibge>2708600</ibge>
    <gia/>
    <ddd>82</ddd>
    <siafi>2871</siafi>
  </cep>
  <cep>
    <cep>57246-410</cep>
    <logradouro>Quadra M-3</logradouro>
    <complemento>(Lot Hélio Jatobá II)</complemento>
    <unidade/>
    <bairro>Hélio Jatobá</bairro>
    <localidade>São Miguel dos Campos</localidade>
    <uf>AL</uf>
    <estado>Alagoas</estado>
    <região/>
    <ibge>2708600</ibge>
    <gia/>
    <ddd>82</ddd>
    <siafi>2871</siafi>
  </cep>
  <cep>
    <cep>57246-415</cep>
    <logradouro>Quadra C-3</logradouro>
    <complemento>(Lot Hélio Jatobá II)</complemento>
    <unidade/>
    <bairro>Hélio Jatobá</bairro>
    <localidade>São Miguel dos Campos</localidade>
    <uf>AL</uf>
    <estado>Alagoas</estado>
    <região/>
    <ibge>2708600</ibge>
    <gia/>
    <ddd>82</ddd>
    <siafi>2871</siafi>
  </cep>
  <cep>
    <cep>57246-417</cep>
    <logradouro>Quadra N-3</logradouro>
    <complemento>(Lot Hélio Jatobá II)</complemento>
    <unidade/>
    <bairro>Hélio Jatobá</bairro>
    <localidade>São Miguel dos Campos</localidade>
    <uf>AL</uf>
    <estado>Alagoas</estado>
    <região/>
    <ibge>2708600</ibge>
    <gia/>
    <ddd>82</ddd>
    <siafi>2871</siafi>
  </cep>
  <cep>
    <cep>57246-430</cep>
    <logradouro>Quadra A-4</logradouro>
    <complemento>(Lot Hélio Jatobá III)</complemento>
    <unidade/>
    <bairro>Hélio Jatobá</bairro>
    <localidade>São Miguel dos Campos</localidade>
    <uf>AL</uf>
    <estado>Alagoas</estado>
    <região/>
    <ibge>2708600</ibge>
    <gia/>
    <ddd>82</ddd>
    <siafi>2871</siafi>
  </cep>
  <cep>
    <cep>57246-420</cep>
    <logradouro>Quadra D-3</logradouro>
    <complemento>(Lot Hélio Jatobá II)</complemento>
    <unidade/>
    <bairro>Hélio Jatobá</bairro>
    <localidade>São Miguel dos Campos</localidade>
    <uf>AL</uf>
    <estado>Alagoas</estado>
    <região/>
    <ibge>2708600</ibge>
    <gia/>
    <ddd>82</ddd>
    <siafi>2871</siafi>
  </cep>
  <cep>
    <cep>57246-425</cep>
    <logradouro>Quadra E-3</logradouro>
    <complemento>(Lot Hélio Jatobá II)</complemento>
    <unidade/>
    <bairro>Hélio Jatobá</bairro>
    <localidade>São Miguel dos Campos</localidade>
    <uf>AL</uf>
    <estado>Alagoas</estado>
    <região/>
    <ibge>2708600</ibge>
    <gia/>
    <ddd>82</ddd>
    <siafi>2871</siafi>
  </cep>
  <cep>
    <cep>57246-435</cep>
    <logradouro>Quadra A-5</logradouro>
    <complemento>(Lot Hélio Jatobá III)</complemento>
    <unidade/>
    <bairro>Hélio Jatobá</bairro>
    <localidade>São Miguel dos Campos</localidade>
    <uf>AL</uf>
    <estado>Alagoas</estado>
    <região/>
    <ibge>2708600</ibge>
    <gia/>
    <ddd>82</ddd>
    <siafi>2871</siafi>
  </cep>
  <cep>
    <cep>57246-440</cep>
    <logradouro>Quadra B-5</logradouro>
    <complemento>(Lot Hélio Jatobá III)</complemento>
    <unidade/>
    <bairro>Hélio Jatobá</bairro>
    <localidade>São Miguel dos Campos</localidade>
    <uf>AL</uf>
    <estado>Alagoas</estado>
    <região/>
    <ibge>2708600</ibge>
    <gia/>
    <ddd>82</ddd>
    <siafi>2871</siafi>
  </cep>
  <cep>
    <cep>57246-450</cep>
    <logradouro>Quadra C-4</logradouro>
    <complemento>(Lot Hélio Jatobá III)</complemento>
    <unidade/>
    <bairro>Hélio Jatobá</bairro>
    <localidade>São Miguel dos Campos</localidade>
    <uf>AL</uf>
    <estado>Alagoas</estado>
    <região/>
    <ibge>2708600</ibge>
    <gia/>
    <ddd>82</ddd>
    <siafi>2871</siafi>
  </cep>
  <cep>
    <cep>57246-460</cep>
    <logradouro>Quadra D-5</logradouro>
    <complemento>(Lot Hélio Jatobá III)</complemento>
    <unidade/>
    <bairro>Hélio Jatobá</bairro>
    <localidade>São Miguel dos Campos</localidade>
    <uf>AL</uf>
    <estado>Alagoas</estado>
    <região/>
    <ibge>2708600</ibge>
    <gia/>
    <ddd>82</ddd>
    <siafi>2871</siafi>
  </cep>
  <cep>
    <cep>57246-445</cep>
    <logradouro>Quadra B-4</logradouro>
    <complemento>(Lot Hélio Jatobá III)</complemento>
    <unidade/>
    <bairro>Hélio Jatobá</bairro>
    <localidade>São Miguel dos Campos</localidade>
    <uf>AL</uf>
    <estado>Alagoas</estado>
    <região/>
    <ibge>2708600</ibge>
    <gia/>
    <ddd>82</ddd>
    <siafi>2871</siafi>
  </cep>
  <cep>
    <cep>57246-455</cep>
    <logradouro>Quadra C-5</logradouro>
    <complemento>(Lot Hélio Jatobá III)</complemento>
    <unidade/>
    <bairro>Hélio Jatobá</bairro>
    <localidade>São Miguel dos Campos</localidade>
    <uf>AL</uf>
    <estado>Alagoas</estado>
    <região/>
    <ibge>2708600</ibge>
    <gia/>
    <ddd>82</ddd>
    <siafi>2871</siafi>
  </cep>
  <cep>
    <cep>57246-470</cep>
    <logradouro>Quadra E-4</logradouro>
    <complemento>(Lot Hélio Jatobá III)</complemento>
    <unidade/>
    <bairro>Hélio Jatobá</bairro>
    <localidade>São Miguel dos Campos</localidade>
    <uf>AL</uf>
    <estado>Alagoas</estado>
    <região/>
    <ibge>2708600</ibge>
    <gia/>
    <ddd>82</ddd>
    <siafi>2871</siafi>
  </cep>
  <cep>
    <cep>57246-465</cep>
    <logradouro>Quadra D-4</logradouro>
    <complemento>(Lot Hélio Jatobá III)</complemento>
    <unidade/>
    <bairro>Hélio Jatobá</bairro>
    <localidade>São Miguel dos Campos</localidade>
    <uf>AL</uf>
    <estado>Alagoas</estado>
    <região/>
    <ibge>2708600</ibge>
    <gia/>
    <ddd>82</ddd>
    <siafi>2871</siafi>
  </cep>
  <cep>
    <cep>57246-475</cep>
    <logradouro>Quadra E-5</logradouro>
    <complemento>(Lot Hélio Jatobá III)</complemento>
    <unidade/>
    <bairro>Hélio Jatobá</bairro>
    <localidade>São Miguel dos Campos</localidade>
    <uf>AL</uf>
    <estado>Alagoas</estado>
    <região/>
    <ibge>2708600</ibge>
    <gia/>
    <ddd>82</ddd>
    <siafi>2871</siafi>
  </cep>
  <cep>
    <cep>57246-480</cep>
    <logradouro>Quadra F-5</logradouro>
    <complemento>(Lot Hélio Jatobá III)</complemento>
    <unidade/>
    <bairro>Hélio Jatobá</bairro>
    <localidade>São Miguel dos Campos</localidade>
    <uf>AL</uf>
    <estado>Alagoas</estado>
    <região/>
    <ibge>2708600</ibge>
    <gia/>
    <ddd>82</ddd>
    <siafi>2871</siafi>
  </cep>
  <cep>
    <cep>57246-485</cep>
    <logradouro>Quadra F-4</logradouro>
    <complemento>(Lot Hélio Jatobá III)</complemento>
    <unidade/>
    <bairro>Hélio Jatobá</bairro>
    <localidade>São Miguel dos Campos</localidade>
    <uf>AL</uf>
    <estado>Alagoas</estado>
    <região/>
    <ibge>2708600</ibge>
    <gia/>
    <ddd>82</ddd>
    <siafi>2871</siafi>
  </cep>
  <cep>
    <cep>57246-505</cep>
    <logradouro>Quadra H-4</logradouro>
    <complemento>(Lot Hélio Jatobá III)</complemento>
    <unidade/>
    <bairro>Hélio Jatobá</bairro>
    <localidade>São Miguel dos Campos</localidade>
    <uf>AL</uf>
    <estado>Alagoas</estado>
    <região/>
    <ibge>2708600</ibge>
    <gia/>
    <ddd>82</ddd>
    <siafi>2871</siafi>
  </cep>
  <cep>
    <cep>57246-490</cep>
    <logradouro>Quadra G-4</logradouro>
    <complemento>(Lot Hélio Jatobá III)</complemento>
    <unidade/>
    <bairro>Hélio Jatobá</bairro>
    <localidade>São Miguel dos Campos</localidade>
    <uf>AL</uf>
    <estado>Alagoas</estado>
    <região/>
    <ibge>2708600</ibge>
    <gia/>
    <ddd>82</ddd>
    <siafi>2871</siafi>
  </cep>
  <cep>
    <cep>57246-507</cep>
    <logradouro>Quadra Z-3</logradouro>
    <complemento>(Lot Hélio Jatobá III)</complemento>
    <unidade/>
    <bairro>Hélio Jatobá</bairro>
    <localidade>São Miguel dos Campos</localidade>
    <uf>AL</uf>
    <estado>Alagoas</estado>
    <região/>
    <ibge>2708600</ibge>
    <gia/>
    <ddd>82</ddd>
    <siafi>2871</siafi>
  </cep>
  <cep>
    <cep>57246-530</cep>
    <logradouro>Quadra K-4</logradouro>
    <complemento>(Lot Hélio Jatobá III)</complemento>
    <unidade/>
    <bairro>Hélio Jatobá</bairro>
    <localidade>São Miguel dos Campos</localidade>
    <uf>AL</uf>
    <estado>Alagoas</estado>
    <região/>
    <ibge>2708600</ibge>
    <gia/>
    <ddd>82</ddd>
    <siafi>2871</siafi>
  </cep>
  <cep>
    <cep>57246-510</cep>
    <logradouro>Quadra J-4</logradouro>
    <complemento>(Lot Hélio Jatobá III)</complemento>
    <unidade/>
    <bairro>Hélio Jatobá</bairro>
    <localidade>São Miguel dos Campos</localidade>
    <uf>AL</uf>
    <estado>Alagoas</estado>
    <região/>
    <ibge>2708600</ibge>
    <gia/>
    <ddd>82</ddd>
    <siafi>2871</siafi>
  </cep>
  <cep>
    <cep>57246-525</cep>
    <logradouro>Quadra I-4</logradouro>
    <complemento>(Lot Hélio Jatobá III)</complemento>
    <unidade/>
    <bairro>Hélio Jatobá</bairro>
    <localidade>São Miguel dos Campos</localidade>
    <uf>AL</uf>
    <estado>Alagoas</estado>
    <região/>
    <ibge>2708600</ibge>
    <gia/>
    <ddd>82</ddd>
    <siafi>2871</siafi>
  </cep>
  <cep>
    <cep>57246-550</cep>
    <logradouro>Quadra J-6</logradouro>
    <complemento>(Lot Hélio Jatobá III)</complemento>
    <unidade/>
    <bairro>Hélio Jatobá</bairro>
    <localidade>São Miguel dos Campos</localidade>
    <uf>AL</uf>
    <estado>Alagoas</estado>
    <região/>
    <ibge>2708600</ibge>
    <gia/>
    <ddd>82</ddd>
    <siafi>2871</siafi>
  </cep>
  <cep>
    <cep>57246-570</cep>
    <logradouro>Quadra E-6</logradouro>
    <complemento>(Lot Hélio Jatobá III)</complemento>
    <unidade/>
    <bairro>Hélio Jatobá</bairro>
    <localidade>São Miguel dos Campos</localidade>
    <uf>AL</uf>
    <estado>Alagoas</estado>
    <região/>
    <ibge>2708600</ibge>
    <gia/>
    <ddd>82</ddd>
    <siafi>2871</siafi>
  </cep>
  <cep>
    <cep>57246-515</cep>
    <logradouro>Quadra J-5</logradouro>
    <complemento>(Lot Hélio Jatobá III)</complemento>
    <unidade/>
    <bairro>Hélio Jatobá</bairro>
    <localidade>São Miguel dos Campos</localidade>
    <uf>AL</uf>
    <estado>Alagoas</estado>
    <região/>
    <ibge>2708600</ibge>
    <gia/>
    <ddd>82</ddd>
    <siafi>2871</siafi>
  </cep>
  <cep>
    <cep>57246-590</cep>
    <logradouro>Quadra A-6</logradouro>
    <complemento>(Lot Hélio Jatobá III)</complemento>
    <unidade/>
    <bairro>Hélio Jatobá</bairro>
    <localidade>São Miguel dos Campos</localidade>
    <uf>AL</uf>
    <estado>Alagoas</estado>
    <região/>
    <ibge>2708600</ibge>
    <gia/>
    <ddd>82</ddd>
    <siafi>2871</siafi>
  </cep>
  <cep>
    <cep>57246-535</cep>
    <logradouro>Quadra K-5</logradouro>
    <complemento>(Lot Hélio Jatobá III)</complemento>
    <unidade/>
    <bairro>Hélio Jatobá</bairro>
    <localidade>São Miguel dos Campos</localidade>
    <uf>AL</uf>
    <estado>Alagoas</estado>
    <região/>
    <ibge>2708600</ibge>
    <gia/>
    <ddd>82</ddd>
    <siafi>2871</siafi>
  </cep>
  <cep>
    <cep>57246-585</cep>
    <logradouro>Quadra B-6</logradouro>
    <complemento>(Lot Hélio Jatobá III)</complemento>
    <unidade/>
    <bairro>Hélio Jatobá</bairro>
    <localidade>São Miguel dos Campos</localidade>
    <uf>AL</uf>
    <estado>Alagoas</estado>
    <região/>
    <ibge>2708600</ibge>
    <gia/>
    <ddd>82</ddd>
    <siafi>2871</siafi>
  </cep>
  <cep>
    <cep>57246-575</cep>
    <logradouro>Quadra D-6</logradouro>
    <complemento>(Lot Hélio Jatobá III)</complemento>
    <unidade/>
    <bairro>Hélio Jatobá</bairro>
    <localidade>São Miguel dos Campos</localidade>
    <uf>AL</uf>
    <estado>Alagoas</estado>
    <região/>
    <ibge>2708600</ibge>
    <gia/>
    <ddd>82</ddd>
    <siafi>2871</siafi>
  </cep>
  <cep>
    <cep>57246-610</cep>
    <logradouro>Quadra D-7</logradouro>
    <complemento>(Lot Hélio Jatobá III)</complemento>
    <unidade/>
    <bairro>Hélio Jatobá</bairro>
    <localidade>São Miguel dos Campos</localidade>
    <uf>AL</uf>
    <estado>Alagoas</estado>
    <região/>
    <ibge>2708600</ibge>
    <gia/>
    <ddd>82</ddd>
    <siafi>2871</siafi>
  </cep>
  <cep>
    <cep>57246-580</cep>
    <logradouro>Quadra C-6</logradouro>
    <complemento>(Lot Hélio Jatobá III)</complemento>
    <unidade/>
    <bairro>Hélio Jatobá</bairro>
    <localidade>São Miguel dos Campos</localidade>
    <uf>AL</uf>
    <estado>Alagoas</estado>
    <região/>
    <ibge>2708600</ibge>
    <gia/>
    <ddd>82</ddd>
    <siafi>2871</siafi>
  </cep>
  <cep>
    <cep>57246-600</cep>
    <logradouro>Quadra B-7</logradouro>
    <complemento>(Lot Hélio Jatobá III)</complemento>
    <unidade/>
    <bairro>Hélio Jatobá</bairro>
    <localidade>São Miguel dos Campos</localidade>
    <uf>AL</uf>
    <estado>Alagoas</estado>
    <região/>
    <ibge>2708600</ibge>
    <gia/>
    <ddd>82</ddd>
    <siafi>2871</siafi>
  </cep>
  <cep>
    <cep>57246-605</cep>
    <logradouro>Quadra C-7</logradouro>
    <complemento>(Lot Hélio Jatobá III)</complemento>
    <unidade/>
    <bairro>Hélio Jatobá</bairro>
    <localidade>São Miguel dos Campos</localidade>
    <uf>AL</uf>
    <estado>Alagoas</estado>
    <região/>
    <ibge>2708600</ibge>
    <gia/>
    <ddd>82</ddd>
    <siafi>2871</siafi>
  </cep>
  <cep>
    <cep>57246-595</cep>
    <logradouro>Quadra A-7</logradouro>
    <complemento>(Lot Hélio Jatobá III)</complemento>
    <unidade/>
    <bairro>Hélio Jatobá</bairro>
    <localidade>São Miguel dos Campos</localidade>
    <uf>AL</uf>
    <estado>Alagoas</estado>
    <região/>
    <ibge>2708600</ibge>
    <gia/>
    <ddd>82</ddd>
    <siafi>2871</siafi>
  </cep>
  <cep>
    <cep>57246-540</cep>
    <logradouro>Quadra K-6</logradouro>
    <complemento>(Lot Hélio Jatobá III)</complemento>
    <unidade/>
    <bairro>Hélio Jatobá</bairro>
    <localidade>São Miguel dos Campos</localidade>
    <uf>AL</uf>
    <estado>Alagoas</estado>
    <região/>
    <ibge>2708600</ibge>
    <gia/>
    <ddd>82</ddd>
    <siafi>2871</siafi>
  </cep>
  <cep>
    <cep>57246-615</cep>
    <logradouro>Quadra E-7</logradouro>
    <complemento>(Lot Hélio Jatobá III)</complemento>
    <unidade/>
    <bairro>Hélio Jatobá</bairro>
    <localidade>São Miguel dos Campos</localidade>
    <uf>AL</uf>
    <estado>Alagoas</estado>
    <região/>
    <ibge>2708600</ibge>
    <gia/>
    <ddd>82</ddd>
    <siafi>2871</siafi>
  </cep>
  <cep>
    <cep>57246-560</cep>
    <logradouro>Quadra G-6</logradouro>
    <complemento>(Lot Hélio Jatobá III)</complemento>
    <unidade/>
    <bairro>Hélio Jatobá</bairro>
    <localidade>São Miguel dos Campos</localidade>
    <uf>AL</uf>
    <estado>Alagoas</estado>
    <região/>
    <ibge>2708600</ibge>
    <gia/>
    <ddd>82</ddd>
    <siafi>2871</siafi>
  </cep>
  <cep>
    <cep>57246-630</cep>
    <logradouro>Quadra H-7</logradouro>
    <complemento>(Lot Hélio Jatobá III)</complemento>
    <unidade/>
    <bairro>Hélio Jatobá</bairro>
    <localidade>São Miguel dos Campos</localidade>
    <uf>AL</uf>
    <estado>Alagoas</estado>
    <região/>
    <ibge>2708600</ibge>
    <gia/>
    <ddd>82</ddd>
    <siafi>2871</siafi>
  </cep>
  <cep>
    <cep>57246-555</cep>
    <logradouro>Quadra H-6</logradouro>
    <complemento>(Lot Hélio Jatobá III)</complemento>
    <unidade/>
    <bairro>Hélio Jatobá</bairro>
    <localidade>São Miguel dos Campos</localidade>
    <uf>AL</uf>
    <estado>Alagoas</estado>
    <região/>
    <ibge>2708600</ibge>
    <gia/>
    <ddd>82</ddd>
    <siafi>2871</siafi>
  </cep>
  <cep>
    <cep>57246-520</cep>
    <logradouro>Quadra I-5</logradouro>
    <complemento>(Lot Hélio Jatobá III)</complemento>
    <unidade/>
    <bairro>Hélio Jatobá</bairro>
    <localidade>São Miguel dos Campos</localidade>
    <uf>AL</uf>
    <estado>Alagoas</estado>
    <região/>
    <ibge>2708600</ibge>
    <gia/>
    <ddd>82</ddd>
    <siafi>2871</siafi>
  </cep>
  <cep>
    <cep>57246-545</cep>
    <logradouro>Quadra I-6</logradouro>
    <complemento>(Lot Hélio Jatobá III)</complemento>
    <unidade/>
    <bairro>Hélio Jatobá</bairro>
    <localidade>São Miguel dos Campos</localidade>
    <uf>AL</uf>
    <estado>Alagoas</estado>
    <região/>
    <ibge>2708600</ibge>
    <gia/>
    <ddd>82</ddd>
    <siafi>2871</siafi>
  </cep>
  <cep>
    <cep>57246-500</cep>
    <logradouro>Quadra H-5</logradouro>
    <complemento>(Lot Hélio Jatobá III)</complemento>
    <unidade/>
    <bairro>Hélio Jatobá</bairro>
    <localidade>São Miguel dos Campos</localidade>
    <uf>AL</uf>
    <estado>Alagoas</estado>
    <região/>
    <ibge>2708600</ibge>
    <gia/>
    <ddd>82</ddd>
    <siafi>2871</siafi>
  </cep>
  <cep>
    <cep>57246-495</cep>
    <logradouro>Quadra G-5</logradouro>
    <complemento>(Lot Hélio Jatobá III)</complemento>
    <unidade/>
    <bairro>Hélio Jatobá</bairro>
    <localidade>São Miguel dos Campos</localidade>
    <uf>AL</uf>
    <estado>Alagoas</estado>
    <região/>
    <ibge>2708600</ibge>
    <gia/>
    <ddd>82</ddd>
    <siafi>2871</siafi>
  </cep>
  <cep>
    <cep>57246-620</cep>
    <logradouro>Quadra F-7</logradouro>
    <complemento>(Lot Hélio Jatobá III)</complemento>
    <unidade/>
    <bairro>Hélio Jatobá</bairro>
    <localidade>São Miguel dos Campos</localidade>
    <uf>AL</uf>
    <estado>Alagoas</estado>
    <região/>
    <ibge>2708600</ibge>
    <gia/>
    <ddd>82</ddd>
    <siafi>2871</siafi>
  </cep>
  <cep>
    <cep>57246-625</cep>
    <logradouro>Quadra G-7</logradouro>
    <complemento>(Lot Hélio Jatobá III)</complemento>
    <unidade/>
    <bairro>Hélio Jatobá</bairro>
    <localidade>São Miguel dos Campos</localidade>
    <uf>AL</uf>
    <estado>Alagoas</estado>
    <região/>
    <ibge>2708600</ibge>
    <gia/>
    <ddd>82</ddd>
    <siafi>2871</siafi>
  </cep>
  <cep>
    <cep>57246-565</cep>
    <logradouro>Quadra F-6</logradouro>
    <complemento>(Lot Hélio Jatobá III)</complemento>
    <unidade/>
    <bairro>Hélio Jatobá</bairro>
    <localidade>São Miguel dos Campos</localidade>
    <uf>AL</uf>
    <estado>Alagoas</estado>
    <região/>
    <ibge>2708600</ibge>
    <gia/>
    <ddd>82</ddd>
    <siafi>2871</siafi>
  </cep>
  <cep>
    <cep>57246-635</cep>
    <logradouro>Quadra J-7</logradouro>
    <complemento>(Lot Hélio Jatobá III)</complemento>
    <unidade/>
    <bairro>Hélio Jatobá</bairro>
    <localidade>São Miguel dos Campos</localidade>
    <uf>AL</uf>
    <estado>Alagoas</estado>
    <região/>
    <ibge>2708600</ibge>
    <gia/>
    <ddd>82</ddd>
    <siafi>2871</siafi>
  </cep>
  <cep>
    <cep>57246-640</cep>
    <logradouro>Quadra I-7</logradouro>
    <complemento>(Lot Hélio Jatobá III)</complemento>
    <unidade/>
    <bairro>Hélio Jatobá</bairro>
    <localidade>São Miguel dos Campos</localidade>
    <uf>AL</uf>
    <estado>Alagoas</estado>
    <região/>
    <ibge>2708600</ibge>
    <gia/>
    <ddd>82</ddd>
    <siafi>2871</siafi>
  </cep>
  <cep>
    <cep>57246-655</cep>
    <logradouro>Rua Vereador Sandoval Cavalcante Albuquerque Pessoa</logradouro>
    <complemento/>
    <unidade/>
    <bairro>Hélio Jatobá</bairro>
    <localidade>São Miguel dos Campos</localidade>
    <uf>AL</uf>
    <estado>Alagoas</estado>
    <região/>
    <ibge>2708600</ibge>
    <gia/>
    <ddd>82</ddd>
    <siafi>2871</siafi>
  </cep>
  <cep>
    <cep>57246-665</cep>
    <logradouro>Rua Vereador José Martins Filho</logradouro>
    <complemento/>
    <unidade/>
    <bairro>Hélio Jatobá</bairro>
    <localidade>São Miguel dos Campos</localidade>
    <uf>AL</uf>
    <estado>Alagoas</estado>
    <região/>
    <ibge>2708600</ibge>
    <gia/>
    <ddd>82</ddd>
    <siafi>2871</siafi>
  </cep>
  <cep>
    <cep>57246-650</cep>
    <logradouro>Avenida Vereador Ambrósio Ceriaco da Conversão</logradouro>
    <complemento/>
    <unidade/>
    <bairro>Hélio Jatobá</bairro>
    <localidade>São Miguel dos Campos</localidade>
    <uf>AL</uf>
    <estado>Alagoas</estado>
    <região/>
    <ibge>2708600</ibge>
    <gia/>
    <ddd>82</ddd>
    <siafi>2871</siafi>
  </cep>
  <cep>
    <cep>57246-645</cep>
    <logradouro>Quadra K-7</logradouro>
    <complemento>(Lot Hélio Jatobá III)</complemento>
    <unidade/>
    <bairro>Hélio Jatobá</bairro>
    <localidade>São Miguel dos Campos</localidade>
    <uf>AL</uf>
    <estado>Alagoas</estado>
    <região/>
    <ibge>2708600</ibge>
    <gia/>
    <ddd>82</ddd>
    <siafi>2871</siafi>
  </cep>
  <cep>
    <cep>57246-660</cep>
    <logradouro>Rua Vereador Jackson Soares Torres</logradouro>
    <complemento/>
    <unidade/>
    <bairro>Hélio Jatobá</bairro>
    <localidade>São Miguel dos Campos</localidade>
    <uf>AL</uf>
    <estado>Alagoas</estado>
    <região/>
    <ibge>2708600</ibge>
    <gia/>
    <ddd>82</ddd>
    <siafi>2871</siafi>
  </cep>
  <cep>
    <cep>57246-190</cep>
    <logradouro>Quadra H-1</logradouro>
    <complemento>(Lot Hélio Jatobá II)</complemento>
    <unidade/>
    <bairro>Hélio Jatobá</bairro>
    <localidade>São Miguel dos Campos</localidade>
    <uf>AL</uf>
    <estado>Alagoas</estado>
    <região/>
    <ibge>2708600</ibge>
    <gia/>
    <ddd>82</ddd>
    <siafi>2871</siafi>
  </cep>
  <cep>
    <cep>57246-670</cep>
    <logradouro>Avenida Empresário Manuel Antonio dos Santos</logradouro>
    <complemento/>
    <unidade/>
    <bairro>Hélio Jatobá</bairro>
    <localidade>São Miguel dos Campos</localidade>
    <uf>AL</uf>
    <estado>Alagoas</estado>
    <região/>
    <ibge>2708600</ibge>
    <gia/>
    <ddd>82</ddd>
    <siafi>2871</siafi>
  </cep>
  <cep>
    <cep>57246-675</cep>
    <logradouro>Rua Vereador Milton Francisco Leite</logradouro>
    <complemento/>
    <unidade/>
    <bairro>Hélio Jatobá</bairro>
    <localidade>São Miguel dos Campos</localidade>
    <uf>AL</uf>
    <estado>Alagoas</estado>
    <região/>
    <ibge>2708600</ibge>
    <gia/>
    <ddd>82</ddd>
    <siafi>2871</siafi>
  </cep>
  <cep>
    <cep>57246-265</cep>
    <logradouro>Quadra F-2</logradouro>
    <complemento>(Lot Hélio Jatobá II)</complemento>
    <unidade/>
    <bairro>Hélio Jatobá</bairro>
    <localidade>São Miguel dos Campos</localidade>
    <uf>AL</uf>
    <estado>Alagoas</estado>
    <região/>
    <ibge>2708600</ibge>
    <gia/>
    <ddd>82</ddd>
    <siafi>2871</siafi>
  </cep>
  <cep>
    <cep>57246-677</cep>
    <logradouro>Rua Médico Nailson Tenório Ferreira</logradouro>
    <complemento>(C Jardins)</complemento>
    <unidade/>
    <bairro>Hélio Jatobá</bairro>
    <localidade>São Miguel dos Campos</localidade>
    <uf>AL</uf>
    <estado>Alagoas</estado>
    <região/>
    <ibge>2708600</ibge>
    <gia/>
    <ddd>82</ddd>
    <siafi>2871</siafi>
  </cep>
  <cep>
    <cep>57246-680</cep>
    <logradouro>Rua Professora Maria Nildes Alves de Moura</logradouro>
    <complemento/>
    <unidade/>
    <bairro>Hélio Jatobá</bairro>
    <localidade>São Miguel dos Campos</localidade>
    <uf>AL</uf>
    <estado>Alagoas</estado>
    <região/>
    <ibge>2708600</ibge>
    <gia/>
    <ddd>82</ddd>
    <siafi>2871</siafi>
  </cep>
  <cep>
    <cep>57246-685</cep>
    <logradouro>Rua Vereador José Rinaldo Soares Gameleira</logradouro>
    <complemento/>
    <unidade/>
    <bairro>Hélio Jatobá</bairro>
    <localidade>São Miguel dos Campos</localidade>
    <uf>AL</uf>
    <estado>Alagoas</estado>
    <região/>
    <ibge>2708600</ibge>
    <gia/>
    <ddd>82</ddd>
    <siafi>2871</siafi>
  </cep>
  <cep>
    <cep>57246-690</cep>
    <logradouro>Rua Vereador Manoel Moreira de Cerqueira</logradouro>
    <complemento/>
    <unidade/>
    <bairro>Hélio Jatobá</bairro>
    <localidade>São Miguel dos Campos</localidade>
    <uf>AL</uf>
    <estado>Alagoas</estado>
    <região/>
    <ibge>2708600</ibge>
    <gia/>
    <ddd>82</ddd>
    <siafi>2871</siafi>
  </cep>
  <cep>
    <cep>57246-687</cep>
    <logradouro>Rua Senhora Olívia Correia da Silva</logradouro>
    <complemento>(Fund A de Deus)</complemento>
    <unidade/>
    <bairro>Hélio Jatobá</bairro>
    <localidade>São Miguel dos Campos</localidade>
    <uf>AL</uf>
    <estado>Alagoas</estado>
    <região/>
    <ibge>2708600</ibge>
    <gia/>
    <ddd>82</ddd>
    <siafi>2871</siafi>
  </cep>
  <cep>
    <cep>57246-692</cep>
    <logradouro>Rua Agricultor Benedito Dâmaso Sampaio</logradouro>
    <complemento>(C Jardins)</complemento>
    <unidade/>
    <bairro>Hélio Jatobá</bairro>
    <localidade>São Miguel dos Campos</localidade>
    <uf>AL</uf>
    <estado>Alagoas</estado>
    <região/>
    <ibge>2708600</ibge>
    <gia/>
    <ddd>82</ddd>
    <siafi>2871</siafi>
  </cep>
  <cep>
    <cep>57246-682</cep>
    <logradouro>Rua Empresário Miguel Jacinto do Nascimento</logradouro>
    <complemento>(C Jardins)</complemento>
    <unidade/>
    <bairro>Hélio Jatobá</bairro>
    <localidade>São Miguel dos Campos</localidade>
    <uf>AL</uf>
    <estado>Alagoas</estado>
    <região/>
    <ibge>2708600</ibge>
    <gia/>
    <ddd>82</ddd>
    <siafi>2871</siafi>
  </cep>
  <cep>
    <cep>57246-270</cep>
    <logradouro>Quadra O-1</logradouro>
    <complemento>(Lot Hélio Jatobá II)</complemento>
    <unidade/>
    <bairro>Hélio Jatobá</bairro>
    <localidade>São Miguel dos Campos</localidade>
    <uf>AL</uf>
    <estado>Alagoas</estado>
    <região/>
    <ibge>2708600</ibge>
    <gia/>
    <ddd>82</ddd>
    <siafi>2871</siafi>
  </cep>
  <cep>
    <cep>57246-695</cep>
    <logradouro>Rua Vereador Agnaldo Campos de Matos</logradouro>
    <complemento/>
    <unidade/>
    <bairro>Hélio Jatobá</bairro>
    <localidade>São Miguel dos Campos</localidade>
    <uf>AL</uf>
    <estado>Alagoas</estado>
    <região/>
    <ibge>2708600</ibge>
    <gia/>
    <ddd>82</ddd>
    <siafi>2871</siafi>
  </cep>
  <cep>
    <cep>57246-697</cep>
    <logradouro>Rua Agricultor José Inácio Filho</logradouro>
    <complemento>(C Jardins)</complemento>
    <unidade/>
    <bairro>Hélio Jatobá</bairro>
    <localidade>São Miguel dos Campos</localidade>
    <uf>AL</uf>
    <estado>Alagoas</estado>
    <região/>
    <ibge>2708600</ibge>
    <gia/>
    <ddd>82</ddd>
    <siafi>2871</siafi>
  </cep>
  <cep>
    <cep>57246-702</cep>
    <logradouro>Rua Professor Luiz Fernandes Lopes</logradouro>
    <complemento>(C Jardins)</complemento>
    <unidade/>
    <bairro>Hélio Jatobá</bairro>
    <localidade>São Miguel dos Campos</localidade>
    <uf>AL</uf>
    <estado>Alagoas</estado>
    <região/>
    <ibge>2708600</ibge>
    <gia/>
    <ddd>82</ddd>
    <siafi>2871</siafi>
  </cep>
  <cep>
    <cep>57246-705</cep>
    <logradouro>Avenida Empresário José Júlio de Carvalho</logradouro>
    <complemento>(Guido)</complemento>
    <unidade/>
    <bairro>Hélio Jatobá</bairro>
    <localidade>São Miguel dos Campos</localidade>
    <uf>AL</uf>
    <estado>Alagoas</estado>
    <região/>
    <ibge>2708600</ibge>
    <gia/>
    <ddd>82</ddd>
    <siafi>2871</siafi>
  </cep>
  <cep>
    <cep>57246-700</cep>
    <logradouro>Rua Vereador Paulo André Verçosa Lemos</logradouro>
    <complemento/>
    <unidade/>
    <bairro>Hélio Jatobá</bairro>
    <localidade>São Miguel dos Campos</localidade>
    <uf>AL</uf>
    <estado>Alagoas</estado>
    <região/>
    <ibge>2708600</ibge>
    <gia/>
    <ddd>82</ddd>
    <siafi>2871</siafi>
  </cep>
  <cep>
    <cep>57246-707</cep>
    <logradouro>Rua Empresário Alexandre José da Silva Seabra</logradouro>
    <complemento>(C Jardins)</complemento>
    <unidade/>
    <bairro>Hélio Jatobá</bairro>
    <localidade>São Miguel dos Campos</localidade>
    <uf>AL</uf>
    <estado>Alagoas</estado>
    <região/>
    <ibge>2708600</ibge>
    <gia/>
    <ddd>82</ddd>
    <siafi>2871</siafi>
  </cep>
  <cep>
    <cep>57246-710</cep>
    <logradouro>Rua Vereador Aleudo Paulino Dias</logradouro>
    <complemento/>
    <unidade/>
    <bairro>Hélio Jatobá</bairro>
    <localidade>São Miguel dos Campos</localidade>
    <uf>AL</uf>
    <estado>Alagoas</estado>
    <região/>
    <ibge>2708600</ibge>
    <gia/>
    <ddd>82</ddd>
    <siafi>2871</siafi>
  </cep>
  <cep>
    <cep>57246-715</cep>
    <logradouro>Rua Vereador Benedito Severino Filho</logradouro>
    <complemento/>
    <unidade/>
    <bairro>Hélio Jatobá</bairro>
    <localidade>São Miguel dos Campos</localidade>
    <uf>AL</uf>
    <estado>Alagoas</estado>
    <região/>
    <ibge>2708600</ibge>
    <gia/>
    <ddd>82</ddd>
    <siafi>2871</siafi>
  </cep>
  <cep>
    <cep>57246-735</cep>
    <logradouro>Rua Comerciante Domiciano Celestino</logradouro>
    <complemento/>
    <unidade/>
    <bairro>Hélio Jatobá</bairro>
    <localidade>São Miguel dos Campos</localidade>
    <uf>AL</uf>
    <estado>Alagoas</estado>
    <região/>
    <ibge>2708600</ibge>
    <gia/>
    <ddd>82</ddd>
    <siafi>2871</siafi>
  </cep>
  <cep>
    <cep>57246-720</cep>
    <logradouro>Rua Vereador André Correa dos Santos</logradouro>
    <complemento/>
    <unidade/>
    <bairro>Hélio Jatobá</bairro>
    <localidade>São Miguel dos Campos</localidade>
    <uf>AL</uf>
    <estado>Alagoas</estado>
    <região/>
    <ibge>2708600</ibge>
    <gia/>
    <ddd>82</ddd>
    <siafi>2871</siafi>
  </cep>
  <cep>
    <cep>57246-725</cep>
    <logradouro>Rua Empresário Carlos Roberto Vieira</logradouro>
    <complemento/>
    <unidade/>
    <bairro>Hélio Jatobá</bairro>
    <localidade>São Miguel dos Campos</localidade>
    <uf>AL</uf>
    <estado>Alagoas</estado>
    <região/>
    <ibge>2708600</ibge>
    <gia/>
    <ddd>82</ddd>
    <siafi>2871</siafi>
  </cep>
  <cep>
    <cep>57246-730</cep>
    <logradouro>Rua Desportista José Cícero dos Santos</logradouro>
    <complemento>(Gordo)</complemento>
    <unidade/>
    <bairro>Hélio Jatobá</bairro>
    <localidade>São Miguel dos Campos</localidade>
    <uf>AL</uf>
    <estado>Alagoas</estado>
    <região/>
    <ibge>2708600</ibge>
    <gia/>
    <ddd>82</ddd>
    <siafi>2871</siafi>
  </cep>
  <cep>
    <cep>57246-740</cep>
    <logradouro>Rua Contador José Gomes da Silva</logradouro>
    <complemento/>
    <unidade/>
    <bairro>Hélio Jatobá</bairro>
    <localidade>São Miguel dos Campos</localidade>
    <uf>AL</uf>
    <estado>Alagoas</estado>
    <região/>
    <ibge>2708600</ibge>
    <gia/>
    <ddd>82</ddd>
    <siafi>2871</siafi>
  </cep>
  <cep>
    <cep>57246-750</cep>
    <logradouro>Rua Empresário Amarílson Calda da Silva</logradouro>
    <complemento/>
    <unidade/>
    <bairro>Hélio Jatobá</bairro>
    <localidade>São Miguel dos Campos</localidade>
    <uf>AL</uf>
    <estado>Alagoas</estado>
    <região/>
    <ibge>2708600</ibge>
    <gia/>
    <ddd>82</ddd>
    <siafi>2871</siafi>
  </cep>
  <cep>
    <cep>57246-760</cep>
    <logradouro>Rua Comerciante José Antônio da Silva</logradouro>
    <complemento/>
    <unidade/>
    <bairro>Hélio Jatobá</bairro>
    <localidade>São Miguel dos Campos</localidade>
    <uf>AL</uf>
    <estado>Alagoas</estado>
    <região/>
    <ibge>2708600</ibge>
    <gia/>
    <ddd>82</ddd>
    <siafi>2871</siafi>
  </cep>
  <cep>
    <cep>57246-755</cep>
    <logradouro>Rua Empresário Aloiso Lourenço de Misquita</logradouro>
    <complemento/>
    <unidade/>
    <bairro>Hélio Jatobá</bairro>
    <localidade>São Miguel dos Campos</localidade>
    <uf>AL</uf>
    <estado>Alagoas</estado>
    <região/>
    <ibge>2708600</ibge>
    <gia/>
    <ddd>82</ddd>
    <siafi>2871</siafi>
  </cep>
  <cep>
    <cep>57246-775</cep>
    <logradouro>Rua José Vicente dos Santos</logradouro>
    <complemento/>
    <unidade/>
    <bairro>Hélio Jatobá</bairro>
    <localidade>São Miguel dos Campos</localidade>
    <uf>AL</uf>
    <estado>Alagoas</estado>
    <região/>
    <ibge>2708600</ibge>
    <gia/>
    <ddd>82</ddd>
    <siafi>2871</siafi>
  </cep>
  <cep>
    <cep>57246-773</cep>
    <logradouro>Avenida Maria Lúcia de Oliveira de Carvalho</logradouro>
    <complemento>(Irmã Lúcia)</complemento>
    <unidade/>
    <bairro>Hélio Jatobá</bairro>
    <localidade>São Miguel dos Campos</localidade>
    <uf>AL</uf>
    <estado>Alagoas</estado>
    <região/>
    <ibge>2708600</ibge>
    <gia/>
    <ddd>82</ddd>
    <siafi>2871</siafi>
  </cep>
  <cep>
    <cep>57246-770</cep>
    <logradouro>Rua Senhora Nair Santos Cavalcante</logradouro>
    <complemento/>
    <unidade/>
    <bairro>Hélio Jatobá</bairro>
    <localidade>São Miguel dos Campos</localidade>
    <uf>AL</uf>
    <estado>Alagoas</estado>
    <região/>
    <ibge>2708600</ibge>
    <gia/>
    <ddd>82</ddd>
    <siafi>2871</siafi>
  </cep>
  <cep>
    <cep>57246-765</cep>
    <logradouro>Rua Empresário Benedito Cursino dos Santos</logradouro>
    <complemento/>
    <unidade/>
    <bairro>Hélio Jatobá</bairro>
    <localidade>São Miguel dos Campos</localidade>
    <uf>AL</uf>
    <estado>Alagoas</estado>
    <região/>
    <ibge>2708600</ibge>
    <gia/>
    <ddd>82</ddd>
    <siafi>2871</siafi>
  </cep>
  <cep>
    <cep>57246-780</cep>
    <logradouro>Avenida Ben-Hur Tenório Fonseca</logradouro>
    <complemento/>
    <unidade/>
    <bairro>Hélio Jatobá</bairro>
    <localidade>São Miguel dos Campos</localidade>
    <uf>AL</uf>
    <estado>Alagoas</estado>
    <região/>
    <ibge>2708600</ibge>
    <gia/>
    <ddd>82</ddd>
    <siafi>2871</siafi>
  </cep>
  <cep>
    <cep>57246-785</cep>
    <logradouro>Residencial Jardim</logradouro>
    <complemento/>
    <unidade/>
    <bairro>Hélio Jatobá</bairro>
    <localidade>São Miguel dos Campos</localidade>
    <uf>AL</uf>
    <estado>Alagoas</estado>
    <região/>
    <ibge>2708600</ibge>
    <gia/>
    <ddd>82</ddd>
    <siafi>2871</siafi>
  </cep>
  <cep>
    <cep>57255-000</cep>
    <logradouro/>
    <complemento/>
    <unidade/>
    <bairro/>
    <localidade>Jequiá da Praia</localidade>
    <uf>AL</uf>
    <estado>Alagoas</estado>
    <região/>
    <ibge>2703759</ibge>
    <gia/>
    <ddd>82</ddd>
    <siafi>0562</siafi>
  </cep>
  <cep>
    <cep>57257-000</cep>
    <logradouro/>
    <complemento/>
    <unidade/>
    <bairro/>
    <localidade>Roteiro</localidade>
    <uf>AL</uf>
    <estado>Alagoas</estado>
    <região/>
    <ibge>2707800</ibge>
    <gia/>
    <ddd>82</ddd>
    <siafi>2855</siafi>
  </cep>
  <cep>
    <cep>57300-022</cep>
    <logradouro>Rua Paulo Afonso</logradouro>
    <complemento>até 68 - lado par</complemento>
    <unidade/>
    <bairro>Centro</bairro>
    <localidade>Arapiraca</localidade>
    <uf>AL</uf>
    <estado>Alagoas</estado>
    <região/>
    <ibge>2700300</ibge>
    <gia/>
    <ddd>82</ddd>
    <siafi>2705</siafi>
  </cep>
  <cep>
    <cep>57255-970</cep>
    <logradouro>Travessa Boa Vista</logradouro>
    <complemento>423</complemento>
    <unidade>AC Jequiá da Praia</unidade>
    <bairro>Centro</bairro>
    <localidade>Jequiá da Praia</localidade>
    <uf>AL</uf>
    <estado>Alagoas</estado>
    <região/>
    <ibge>2703759</ibge>
    <gia/>
    <ddd>82</ddd>
    <siafi>0562</siafi>
  </cep>
  <cep>
    <cep>57249-899</cep>
    <logradouro>Área Rural</logradouro>
    <complemento/>
    <unidade/>
    <bairro>Área Rural de São Miguel dos Campos</bairro>
    <localidade>São Miguel dos Campos</localidade>
    <uf>AL</uf>
    <estado>Alagoas</estado>
    <região/>
    <ibge>2708600</ibge>
    <gia/>
    <ddd>82</ddd>
    <siafi>2871</siafi>
  </cep>
  <cep>
    <cep>57257-970</cep>
    <logradouro>Rua João Pedro</logradouro>
    <complemento>s/n</complemento>
    <unidade>AC Roteiro</unidade>
    <bairro>Centro</bairro>
    <localidade>Roteiro</localidade>
    <uf>AL</uf>
    <estado>Alagoas</estado>
    <região/>
    <ibge>2707800</ibge>
    <gia/>
    <ddd>82</ddd>
    <siafi>2855</siafi>
  </cep>
  <cep>
    <cep>57300-065</cep>
    <logradouro>Rua Marcelino Magalhães</logradouro>
    <complemento/>
    <unidade/>
    <bairro>Centro</bairro>
    <localidade>Arapiraca</localidade>
    <uf>AL</uf>
    <estado>Alagoas</estado>
    <região/>
    <ibge>2700300</ibge>
    <gia/>
    <ddd>82</ddd>
    <siafi>2705</siafi>
  </cep>
  <cep>
    <cep>57301-103</cep>
    <logradouro>Rua Paulo Afonso</logradouro>
    <complemento>até 69 - lado ímpar</complemento>
    <unidade/>
    <bairro>Ouro Preto</bairro>
    <localidade>Arapiraca</localidade>
    <uf>AL</uf>
    <estado>Alagoas</estado>
    <região/>
    <ibge>2700300</ibge>
    <gia/>
    <ddd>82</ddd>
    <siafi>2705</siafi>
  </cep>
  <cep>
    <cep/>
    <logradouro/>
    <complemento/>
    <unidade/>
    <bairro/>
    <localidade/>
    <uf/>
    <estado/>
    <região/>
    <ibge/>
    <gia/>
    <ddd/>
    <siafi/>
  </cep>
  <cep>
    <cep/>
    <logradouro/>
    <complemento/>
    <unidade/>
    <bairro/>
    <localidade/>
    <uf/>
    <estado/>
    <região/>
    <ibge/>
    <gia/>
    <ddd/>
    <siafi/>
  </cep>
  <cep>
    <cep>57301-245</cep>
    <logradouro>Rua Dom Jonas Batinga</logradouro>
    <complemento>de 531 ao fim - lado ímpar</complemento>
    <unidade/>
    <bairro>São Luiz</bairro>
    <localidade>Arapiraca</localidade>
    <uf>AL</uf>
    <estado>Alagoas</estado>
    <região/>
    <ibge>2700300</ibge>
    <gia/>
    <ddd>82</ddd>
    <siafi>2705</siafi>
  </cep>
  <cep>
    <cep>57301-322</cep>
    <logradouro>Rua Mário Luiz Salustiano da Silva</logradouro>
    <complemento/>
    <unidade/>
    <bairro>São Luiz</bairro>
    <localidade>Arapiraca</localidade>
    <uf>AL</uf>
    <estado>Alagoas</estado>
    <região/>
    <ibge>2700300</ibge>
    <gia/>
    <ddd>82</ddd>
    <siafi>2705</siafi>
  </cep>
  <cep>
    <cep>57301-440</cep>
    <logradouro>Rua Ubiracy Pereira da Hora</logradouro>
    <complemento/>
    <unidade/>
    <bairro>São Luiz</bairro>
    <localidade>Arapiraca</localidade>
    <uf>AL</uf>
    <estado>Alagoas</estado>
    <região/>
    <ibge>2700300</ibge>
    <gia/>
    <ddd>82</ddd>
    <siafi>2705</siafi>
  </cep>
  <cep>
    <cep>57301-441</cep>
    <logradouro>Rua Professor Miguel de Oliveira Silva</logradouro>
    <complemento/>
    <unidade/>
    <bairro>São Luiz</bairro>
    <localidade>Arapiraca</localidade>
    <uf>AL</uf>
    <estado>Alagoas</estado>
    <região/>
    <ibge>2700300</ibge>
    <gia/>
    <ddd>82</ddd>
    <siafi>2705</siafi>
  </cep>
  <cep>
    <cep>57301-442</cep>
    <logradouro>Rua Geruza de Araújo Bezerra</logradouro>
    <complemento/>
    <unidade/>
    <bairro>São Luiz</bairro>
    <localidade>Arapiraca</localidade>
    <uf>AL</uf>
    <estado>Alagoas</estado>
    <região/>
    <ibge>2700300</ibge>
    <gia/>
    <ddd>82</ddd>
    <siafi>2705</siafi>
  </cep>
  <cep>
    <cep>57301-443</cep>
    <logradouro>Rua José Marques da Silva</logradouro>
    <complemento/>
    <unidade/>
    <bairro>São Luiz</bairro>
    <localidade>Arapiraca</localidade>
    <uf>AL</uf>
    <estado>Alagoas</estado>
    <região/>
    <ibge>2700300</ibge>
    <gia/>
    <ddd>82</ddd>
    <siafi>2705</siafi>
  </cep>
  <cep>
    <cep>57301-175</cep>
    <logradouro>Rua Quinze de Novembro</logradouro>
    <complemento/>
    <unidade/>
    <bairro>Ouro Preto</bairro>
    <localidade>Arapiraca</localidade>
    <uf>AL</uf>
    <estado>Alagoas</estado>
    <região/>
    <ibge>2700300</ibge>
    <gia/>
    <ddd>82</ddd>
    <siafi>2705</siafi>
  </cep>
  <cep>
    <cep>57301-444</cep>
    <logradouro>Rua Gilberto Santos da Silva</logradouro>
    <complemento/>
    <unidade/>
    <bairro>São Luiz</bairro>
    <localidade>Arapiraca</localidade>
    <uf>AL</uf>
    <estado>Alagoas</estado>
    <região/>
    <ibge>2700300</ibge>
    <gia/>
    <ddd>82</ddd>
    <siafi>2705</siafi>
  </cep>
  <cep>
    <cep>57301-445</cep>
    <logradouro>Rua Angelita Cavalcante Ferro</logradouro>
    <complemento/>
    <unidade/>
    <bairro>São Luiz</bairro>
    <localidade>Arapiraca</localidade>
    <uf>AL</uf>
    <estado>Alagoas</estado>
    <região/>
    <ibge>2700300</ibge>
    <gia/>
    <ddd>82</ddd>
    <siafi>2705</siafi>
  </cep>
  <cep>
    <cep>57301-446</cep>
    <logradouro>Rua Osvaldo Florentino de Oliveira</logradouro>
    <complemento/>
    <unidade/>
    <bairro>São Luiz</bairro>
    <localidade>Arapiraca</localidade>
    <uf>AL</uf>
    <estado>Alagoas</estado>
    <região/>
    <ibge>2700300</ibge>
    <gia/>
    <ddd>82</ddd>
    <siafi>2705</siafi>
  </cep>
  <cep>
    <cep>57301-448</cep>
    <logradouro>Rua Cicero Pereira Lima</logradouro>
    <complemento/>
    <unidade/>
    <bairro>São Luiz</bairro>
    <localidade>Arapiraca</localidade>
    <uf>AL</uf>
    <estado>Alagoas</estado>
    <região/>
    <ibge>2700300</ibge>
    <gia/>
    <ddd>82</ddd>
    <siafi>2705</siafi>
  </cep>
  <cep>
    <cep>57301-452</cep>
    <logradouro>Rua Professora Aurora da Conceição Silva Colaço</logradouro>
    <complemento/>
    <unidade/>
    <bairro>São Luiz</bairro>
    <localidade>Arapiraca</localidade>
    <uf>AL</uf>
    <estado>Alagoas</estado>
    <região/>
    <ibge>2700300</ibge>
    <gia/>
    <ddd>82</ddd>
    <siafi>2705</siafi>
  </cep>
  <cep>
    <cep>57302-144</cep>
    <logradouro>Rua Maria do Socorro Félix</logradouro>
    <complemento/>
    <unidade/>
    <bairro>Canafístula</bairro>
    <localidade>Arapiraca</localidade>
    <uf>AL</uf>
    <estado>Alagoas</estado>
    <região/>
    <ibge>2700300</ibge>
    <gia/>
    <ddd>82</ddd>
    <siafi>2705</siafi>
  </cep>
  <cep>
    <cep>57301-450</cep>
    <logradouro>Rua Nelson José da Silva</logradouro>
    <complemento/>
    <unidade/>
    <bairro>São Luiz</bairro>
    <localidade>Arapiraca</localidade>
    <uf>AL</uf>
    <estado>Alagoas</estado>
    <região/>
    <ibge>2700300</ibge>
    <gia/>
    <ddd>82</ddd>
    <siafi>2705</siafi>
  </cep>
  <cep>
    <cep>57301-713</cep>
    <logradouro>Rua Costa Gama</logradouro>
    <complemento>até 73 - lado ímpar</complemento>
    <unidade/>
    <bairro>São Luiz II</bairro>
    <localidade>Arapiraca</localidade>
    <uf>AL</uf>
    <estado>Alagoas</estado>
    <região/>
    <ibge>2700300</ibge>
    <gia/>
    <ddd>82</ddd>
    <siafi>2705</siafi>
  </cep>
  <cep>
    <cep>57301-714</cep>
    <logradouro>Rua Dom Jonas Batinga</logradouro>
    <complemento>de 532 ao fim - lado par</complemento>
    <unidade/>
    <bairro>São Luiz II</bairro>
    <localidade>Arapiraca</localidade>
    <uf>AL</uf>
    <estado>Alagoas</estado>
    <região/>
    <ibge>2700300</ibge>
    <gia/>
    <ddd>82</ddd>
    <siafi>2705</siafi>
  </cep>
  <cep>
    <cep>57302-142</cep>
    <logradouro>Rua Paula Thaysa Cavalcante Lins</logradouro>
    <complemento/>
    <unidade/>
    <bairro>Canafístula</bairro>
    <localidade>Arapiraca</localidade>
    <uf>AL</uf>
    <estado>Alagoas</estado>
    <região/>
    <ibge>2700300</ibge>
    <gia/>
    <ddd>82</ddd>
    <siafi>2705</siafi>
  </cep>
  <cep>
    <cep>57302-055</cep>
    <logradouro>Avenida Eniraldo de Oliveira Almeida</logradouro>
    <complemento>(AL 110) - lado ímpar</complemento>
    <unidade/>
    <bairro>Canafístula</bairro>
    <localidade>Arapiraca</localidade>
    <uf>AL</uf>
    <estado>Alagoas</estado>
    <região/>
    <ibge>2700300</ibge>
    <gia/>
    <ddd>82</ddd>
    <siafi>2705</siafi>
  </cep>
  <cep>
    <cep>57302-146</cep>
    <logradouro>Rua Maria das Dôres Nunes da Silva</logradouro>
    <complemento/>
    <unidade/>
    <bairro>Canafístula</bairro>
    <localidade>Arapiraca</localidade>
    <uf>AL</uf>
    <estado>Alagoas</estado>
    <região/>
    <ibge>2700300</ibge>
    <gia/>
    <ddd>82</ddd>
    <siafi>2705</siafi>
  </cep>
  <cep>
    <cep>57302-148</cep>
    <logradouro>Rua Antonio Neto Pimentel</logradouro>
    <complemento/>
    <unidade/>
    <bairro>Canafístula</bairro>
    <localidade>Arapiraca</localidade>
    <uf>AL</uf>
    <estado>Alagoas</estado>
    <região/>
    <ibge>2700300</ibge>
    <gia/>
    <ddd>82</ddd>
    <siafi>2705</siafi>
  </cep>
  <cep>
    <cep>57302-152</cep>
    <logradouro>Rua Maria das Graças Félix</logradouro>
    <complemento/>
    <unidade/>
    <bairro>Canafístula</bairro>
    <localidade>Arapiraca</localidade>
    <uf>AL</uf>
    <estado>Alagoas</estado>
    <região/>
    <ibge>2700300</ibge>
    <gia/>
    <ddd>82</ddd>
    <siafi>2705</siafi>
  </cep>
  <cep>
    <cep>57302-515</cep>
    <logradouro>Rua Maria da Silva Santos</logradouro>
    <complemento>(Lot Monte Sinai)</complemento>
    <unidade/>
    <bairro>Canafístula</bairro>
    <localidade>Arapiraca</localidade>
    <uf>AL</uf>
    <estado>Alagoas</estado>
    <região/>
    <ibge>2700300</ibge>
    <gia/>
    <ddd>82</ddd>
    <siafi>2705</siafi>
  </cep>
  <cep>
    <cep>57302-517</cep>
    <logradouro>Rua Josefa Soares da Silva</logradouro>
    <complemento>(Lot Monte Sinai)</complemento>
    <unidade/>
    <bairro>Canafístula</bairro>
    <localidade>Arapiraca</localidade>
    <uf>AL</uf>
    <estado>Alagoas</estado>
    <região/>
    <ibge>2700300</ibge>
    <gia/>
    <ddd>82</ddd>
    <siafi>2705</siafi>
  </cep>
  <cep>
    <cep>57302-524</cep>
    <logradouro>Rua Professora Irene Oliveira</logradouro>
    <complemento/>
    <unidade/>
    <bairro>Canafístula</bairro>
    <localidade>Arapiraca</localidade>
    <uf>AL</uf>
    <estado>Alagoas</estado>
    <região/>
    <ibge>2700300</ibge>
    <gia/>
    <ddd>82</ddd>
    <siafi>2705</siafi>
  </cep>
  <cep>
    <cep>57302-516</cep>
    <logradouro>Rua José Galdino dos Santos</logradouro>
    <complemento>(Lot Monte Sinai)</complemento>
    <unidade/>
    <bairro>Canafístula</bairro>
    <localidade>Arapiraca</localidade>
    <uf>AL</uf>
    <estado>Alagoas</estado>
    <região/>
    <ibge>2700300</ibge>
    <gia/>
    <ddd>82</ddd>
    <siafi>2705</siafi>
  </cep>
  <cep>
    <cep>57302-609</cep>
    <logradouro>Rua Adalberto Pereira Rocha</logradouro>
    <complemento/>
    <unidade/>
    <bairro>Canafístula</bairro>
    <localidade>Arapiraca</localidade>
    <uf>AL</uf>
    <estado>Alagoas</estado>
    <região/>
    <ibge>2700300</ibge>
    <gia/>
    <ddd>82</ddd>
    <siafi>2705</siafi>
  </cep>
  <cep>
    <cep>57302-521</cep>
    <logradouro>Rua Leonoro Farias Pitanga</logradouro>
    <complemento>(Lot Monte Sinai)</complemento>
    <unidade/>
    <bairro>Canafístula</bairro>
    <localidade>Arapiraca</localidade>
    <uf>AL</uf>
    <estado>Alagoas</estado>
    <região/>
    <ibge>2700300</ibge>
    <gia/>
    <ddd>82</ddd>
    <siafi>2705</siafi>
  </cep>
  <cep>
    <cep>57302-523</cep>
    <logradouro>Rua Maria das Dores Dão</logradouro>
    <complemento/>
    <unidade/>
    <bairro>Canafístula</bairro>
    <localidade>Arapiraca</localidade>
    <uf>AL</uf>
    <estado>Alagoas</estado>
    <região/>
    <ibge>2700300</ibge>
    <gia/>
    <ddd>82</ddd>
    <siafi>2705</siafi>
  </cep>
  <cep>
    <cep>57302-519</cep>
    <logradouro>Rua Professora Maria Ana dos Santos Galindo</logradouro>
    <complemento>(Lot Monte Sinai)</complemento>
    <unidade/>
    <bairro>Canafístula</bairro>
    <localidade>Arapiraca</localidade>
    <uf>AL</uf>
    <estado>Alagoas</estado>
    <região/>
    <ibge>2700300</ibge>
    <gia/>
    <ddd>82</ddd>
    <siafi>2705</siafi>
  </cep>
  <cep>
    <cep>57302-518</cep>
    <logradouro>Rua Anely Nunes da Silva Barros</logradouro>
    <complemento>(Lot Monte Sinai)</complemento>
    <unidade/>
    <bairro>Canafístula</bairro>
    <localidade>Arapiraca</localidade>
    <uf>AL</uf>
    <estado>Alagoas</estado>
    <região/>
    <ibge>2700300</ibge>
    <gia/>
    <ddd>82</ddd>
    <siafi>2705</siafi>
  </cep>
  <cep>
    <cep>57302-520</cep>
    <logradouro>Rua Petrúcio Nogueira dos Santos</logradouro>
    <complemento>(Lot Monte Sinai)</complemento>
    <unidade/>
    <bairro>Canafístula</bairro>
    <localidade>Arapiraca</localidade>
    <uf>AL</uf>
    <estado>Alagoas</estado>
    <região/>
    <ibge>2700300</ibge>
    <gia/>
    <ddd>82</ddd>
    <siafi>2705</siafi>
  </cep>
  <cep>
    <cep>57302-522</cep>
    <logradouro>Rua Maria Ribeiro da Silva</logradouro>
    <complemento>(Lot Monte Sinai)</complemento>
    <unidade/>
    <bairro>Canafístula</bairro>
    <localidade>Arapiraca</localidade>
    <uf>AL</uf>
    <estado>Alagoas</estado>
    <região/>
    <ibge>2700300</ibge>
    <gia/>
    <ddd>82</ddd>
    <siafi>2705</siafi>
  </cep>
  <cep>
    <cep>57302-607</cep>
    <logradouro>Rua Maria Pereira de Macedo</logradouro>
    <complemento/>
    <unidade/>
    <bairro>Canafístula</bairro>
    <localidade>Arapiraca</localidade>
    <uf>AL</uf>
    <estado>Alagoas</estado>
    <região/>
    <ibge>2700300</ibge>
    <gia/>
    <ddd>82</ddd>
    <siafi>2705</siafi>
  </cep>
  <cep>
    <cep>57302-611</cep>
    <logradouro>Rua Antônio Pereira Rocha</logradouro>
    <complemento/>
    <unidade/>
    <bairro>Canafístula</bairro>
    <localidade>Arapiraca</localidade>
    <uf>AL</uf>
    <estado>Alagoas</estado>
    <região/>
    <ibge>2700300</ibge>
    <gia/>
    <ddd>82</ddd>
    <siafi>2705</siafi>
  </cep>
  <cep>
    <cep>57302-610</cep>
    <logradouro>Rua Alírio Pereira Rocha</logradouro>
    <complemento/>
    <unidade/>
    <bairro>Canafístula</bairro>
    <localidade>Arapiraca</localidade>
    <uf>AL</uf>
    <estado>Alagoas</estado>
    <região/>
    <ibge>2700300</ibge>
    <gia/>
    <ddd>82</ddd>
    <siafi>2705</siafi>
  </cep>
  <cep>
    <cep>57302-652</cep>
    <logradouro>Rua José Pereira da Silva</logradouro>
    <complemento>(Lot Canafistula)</complemento>
    <unidade/>
    <bairro>Canafístula</bairro>
    <localidade>Arapiraca</localidade>
    <uf>AL</uf>
    <estado>Alagoas</estado>
    <região/>
    <ibge>2700300</ibge>
    <gia/>
    <ddd>82</ddd>
    <siafi>2705</siafi>
  </cep>
  <cep>
    <cep>57302-671</cep>
    <logradouro>Rua Manoel Fernandes Salsa Pereira</logradouro>
    <complemento/>
    <unidade/>
    <bairro>Canafístula</bairro>
    <localidade>Arapiraca</localidade>
    <uf>AL</uf>
    <estado>Alagoas</estado>
    <região/>
    <ibge>2700300</ibge>
    <gia/>
    <ddd>82</ddd>
    <siafi>2705</siafi>
  </cep>
  <cep>
    <cep>57302-525</cep>
    <logradouro>Rua Professora Zélia de Oliveira</logradouro>
    <complemento/>
    <unidade/>
    <bairro>Canafístula</bairro>
    <localidade>Arapiraca</localidade>
    <uf>AL</uf>
    <estado>Alagoas</estado>
    <região/>
    <ibge>2700300</ibge>
    <gia/>
    <ddd>82</ddd>
    <siafi>2705</siafi>
  </cep>
  <cep>
    <cep>57302-651</cep>
    <logradouro>Rua Cecílio Francisco da Silva</logradouro>
    <complemento>(Lot Canafistula)</complemento>
    <unidade/>
    <bairro>Canafístula</bairro>
    <localidade>Arapiraca</localidade>
    <uf>AL</uf>
    <estado>Alagoas</estado>
    <região/>
    <ibge>2700300</ibge>
    <gia/>
    <ddd>82</ddd>
    <siafi>2705</siafi>
  </cep>
  <cep>
    <cep>57302-672</cep>
    <logradouro>Rua Nelson Vieira de Arruda</logradouro>
    <complemento/>
    <unidade/>
    <bairro>Canafístula</bairro>
    <localidade>Arapiraca</localidade>
    <uf>AL</uf>
    <estado>Alagoas</estado>
    <região/>
    <ibge>2700300</ibge>
    <gia/>
    <ddd>82</ddd>
    <siafi>2705</siafi>
  </cep>
  <cep>
    <cep>57302-673</cep>
    <logradouro>Rua Afonso Alves da Silva</logradouro>
    <complemento/>
    <unidade/>
    <bairro>Canafístula</bairro>
    <localidade>Arapiraca</localidade>
    <uf>AL</uf>
    <estado>Alagoas</estado>
    <região/>
    <ibge>2700300</ibge>
    <gia/>
    <ddd>82</ddd>
    <siafi>2705</siafi>
  </cep>
  <cep>
    <cep>57302-714</cep>
    <logradouro>Rua Pedro Cristiano Cardoso da Silva</logradouro>
    <complemento/>
    <unidade/>
    <bairro>Canafístula</bairro>
    <localidade>Arapiraca</localidade>
    <uf>AL</uf>
    <estado>Alagoas</estado>
    <região/>
    <ibge>2700300</ibge>
    <gia/>
    <ddd>82</ddd>
    <siafi>2705</siafi>
  </cep>
  <cep>
    <cep>57302-674</cep>
    <logradouro>Rua Severino Fernandes da Silva</logradouro>
    <complemento/>
    <unidade/>
    <bairro>Canafístula</bairro>
    <localidade>Arapiraca</localidade>
    <uf>AL</uf>
    <estado>Alagoas</estado>
    <região/>
    <ibge>2700300</ibge>
    <gia/>
    <ddd>82</ddd>
    <siafi>2705</siafi>
  </cep>
  <cep>
    <cep>57302-712</cep>
    <logradouro>Rua Neiricil Maria de Fátima Silva</logradouro>
    <complemento/>
    <unidade/>
    <bairro>Canafístula</bairro>
    <localidade>Arapiraca</localidade>
    <uf>AL</uf>
    <estado>Alagoas</estado>
    <região/>
    <ibge>2700300</ibge>
    <gia/>
    <ddd>82</ddd>
    <siafi>2705</siafi>
  </cep>
  <cep>
    <cep>57302-715</cep>
    <logradouro>Rua José Maria de Vasconcelos</logradouro>
    <complemento/>
    <unidade/>
    <bairro>Canafístula</bairro>
    <localidade>Arapiraca</localidade>
    <uf>AL</uf>
    <estado>Alagoas</estado>
    <região/>
    <ibge>2700300</ibge>
    <gia/>
    <ddd>82</ddd>
    <siafi>2705</siafi>
  </cep>
  <cep>
    <cep>57302-713</cep>
    <logradouro>Rua Josefa Moreira de Almeida Santos</logradouro>
    <complemento/>
    <unidade/>
    <bairro>Canafístula</bairro>
    <localidade>Arapiraca</localidade>
    <uf>AL</uf>
    <estado>Alagoas</estado>
    <região/>
    <ibge>2700300</ibge>
    <gia/>
    <ddd>82</ddd>
    <siafi>2705</siafi>
  </cep>
  <cep>
    <cep>57302-716</cep>
    <logradouro>Rua Eronildes Vieira Sandes</logradouro>
    <complemento/>
    <unidade/>
    <bairro>Canafístula</bairro>
    <localidade>Arapiraca</localidade>
    <uf>AL</uf>
    <estado>Alagoas</estado>
    <região/>
    <ibge>2700300</ibge>
    <gia/>
    <ddd>82</ddd>
    <siafi>2705</siafi>
  </cep>
  <cep>
    <cep>57302-717</cep>
    <logradouro>Rua Josefa Simões da Silva</logradouro>
    <complemento/>
    <unidade/>
    <bairro>Canafístula</bairro>
    <localidade>Arapiraca</localidade>
    <uf>AL</uf>
    <estado>Alagoas</estado>
    <região/>
    <ibge>2700300</ibge>
    <gia/>
    <ddd>82</ddd>
    <siafi>2705</siafi>
  </cep>
  <cep>
    <cep>57302-802</cep>
    <logradouro>Rodovia AL-110</logradouro>
    <complemento>lado ímpar</complemento>
    <unidade/>
    <bairro>Canafístula</bairro>
    <localidade>Arapiraca</localidade>
    <uf>AL</uf>
    <estado>Alagoas</estado>
    <região/>
    <ibge>2700300</ibge>
    <gia/>
    <ddd>82</ddd>
    <siafi>2705</siafi>
  </cep>
  <cep>
    <cep>57302-818</cep>
    <logradouro>Rua Frank Charles Alves Ramos</logradouro>
    <complemento>(Lot Floriano)</complemento>
    <unidade/>
    <bairro>Canafístula</bairro>
    <localidade>Arapiraca</localidade>
    <uf>AL</uf>
    <estado>Alagoas</estado>
    <região/>
    <ibge>2700300</ibge>
    <gia/>
    <ddd>82</ddd>
    <siafi>2705</siafi>
  </cep>
  <cep>
    <cep>57302-828</cep>
    <logradouro>Rua Euclides da Silva Oliveira</logradouro>
    <complemento>(Lot Floriano)</complemento>
    <unidade/>
    <bairro>Canafístula</bairro>
    <localidade>Arapiraca</localidade>
    <uf>AL</uf>
    <estado>Alagoas</estado>
    <região/>
    <ibge>2700300</ibge>
    <gia/>
    <ddd>82</ddd>
    <siafi>2705</siafi>
  </cep>
  <cep>
    <cep>57302-816</cep>
    <logradouro>Rua Carmelita Caetano da Silva</logradouro>
    <complemento/>
    <unidade/>
    <bairro>Canafístula</bairro>
    <localidade>Arapiraca</localidade>
    <uf>AL</uf>
    <estado>Alagoas</estado>
    <região/>
    <ibge>2700300</ibge>
    <gia/>
    <ddd>82</ddd>
    <siafi>2705</siafi>
  </cep>
  <cep>
    <cep>57302-822</cep>
    <logradouro>Rua Maria Barreto de Vasconcelos</logradouro>
    <complemento/>
    <unidade/>
    <bairro>Canafístula</bairro>
    <localidade>Arapiraca</localidade>
    <uf>AL</uf>
    <estado>Alagoas</estado>
    <região/>
    <ibge>2700300</ibge>
    <gia/>
    <ddd>82</ddd>
    <siafi>2705</siafi>
  </cep>
  <cep>
    <cep>57302-815</cep>
    <logradouro>Rua Lourival Martins dos Santos</logradouro>
    <complemento>(Lot Floriano)</complemento>
    <unidade/>
    <bairro>Canafístula</bairro>
    <localidade>Arapiraca</localidade>
    <uf>AL</uf>
    <estado>Alagoas</estado>
    <região/>
    <ibge>2700300</ibge>
    <gia/>
    <ddd>82</ddd>
    <siafi>2705</siafi>
  </cep>
  <cep>
    <cep>57302-851</cep>
    <logradouro>Rua João Ursulino Malaquias</logradouro>
    <complemento/>
    <unidade/>
    <bairro>Canafístula</bairro>
    <localidade>Arapiraca</localidade>
    <uf>AL</uf>
    <estado>Alagoas</estado>
    <região/>
    <ibge>2700300</ibge>
    <gia/>
    <ddd>82</ddd>
    <siafi>2705</siafi>
  </cep>
  <cep>
    <cep>57302-829</cep>
    <logradouro>Rua Daniel José dos Santos</logradouro>
    <complemento/>
    <unidade/>
    <bairro>Canafístula</bairro>
    <localidade>Arapiraca</localidade>
    <uf>AL</uf>
    <estado>Alagoas</estado>
    <região/>
    <ibge>2700300</ibge>
    <gia/>
    <ddd>82</ddd>
    <siafi>2705</siafi>
  </cep>
  <cep>
    <cep>57302-853</cep>
    <logradouro>Rua José Bartolomeu Santos</logradouro>
    <complemento/>
    <unidade/>
    <bairro>Canafístula</bairro>
    <localidade>Arapiraca</localidade>
    <uf>AL</uf>
    <estado>Alagoas</estado>
    <região/>
    <ibge>2700300</ibge>
    <gia/>
    <ddd>82</ddd>
    <siafi>2705</siafi>
  </cep>
  <cep>
    <cep>57302-854</cep>
    <logradouro>Rua José Jarbas Silvério Lúcio</logradouro>
    <complemento/>
    <unidade/>
    <bairro>Canafístula</bairro>
    <localidade>Arapiraca</localidade>
    <uf>AL</uf>
    <estado>Alagoas</estado>
    <região/>
    <ibge>2700300</ibge>
    <gia/>
    <ddd>82</ddd>
    <siafi>2705</siafi>
  </cep>
  <cep>
    <cep>57302-855</cep>
    <logradouro>Rua José Cleber Lopes</logradouro>
    <complemento/>
    <unidade/>
    <bairro>Canafístula</bairro>
    <localidade>Arapiraca</localidade>
    <uf>AL</uf>
    <estado>Alagoas</estado>
    <região/>
    <ibge>2700300</ibge>
    <gia/>
    <ddd>82</ddd>
    <siafi>2705</siafi>
  </cep>
  <cep>
    <cep>57302-856</cep>
    <logradouro>Rua Atahualpa Pessoa Viana</logradouro>
    <complemento/>
    <unidade/>
    <bairro>Canafístula</bairro>
    <localidade>Arapiraca</localidade>
    <uf>AL</uf>
    <estado>Alagoas</estado>
    <região/>
    <ibge>2700300</ibge>
    <gia/>
    <ddd>82</ddd>
    <siafi>2705</siafi>
  </cep>
  <cep>
    <cep>57302-858</cep>
    <logradouro>Rua Benedita Correia Lourenço</logradouro>
    <complemento/>
    <unidade/>
    <bairro>Canafístula</bairro>
    <localidade>Arapiraca</localidade>
    <uf>AL</uf>
    <estado>Alagoas</estado>
    <região/>
    <ibge>2700300</ibge>
    <gia/>
    <ddd>82</ddd>
    <siafi>2705</siafi>
  </cep>
  <cep>
    <cep>57302-857</cep>
    <logradouro>Rua Augusta Gomes da Silva</logradouro>
    <complemento/>
    <unidade/>
    <bairro>Canafístula</bairro>
    <localidade>Arapiraca</localidade>
    <uf>AL</uf>
    <estado>Alagoas</estado>
    <região/>
    <ibge>2700300</ibge>
    <gia/>
    <ddd>82</ddd>
    <siafi>2705</siafi>
  </cep>
  <cep>
    <cep>57302-868</cep>
    <logradouro>Rua Real Casa das Molas</logradouro>
    <complemento/>
    <unidade/>
    <bairro>Canafístula</bairro>
    <localidade>Arapiraca</localidade>
    <uf>AL</uf>
    <estado>Alagoas</estado>
    <região/>
    <ibge>2700300</ibge>
    <gia/>
    <ddd>82</ddd>
    <siafi>2705</siafi>
  </cep>
  <cep>
    <cep>57302-860</cep>
    <logradouro>Rua Adelmo Fernandes Santos</logradouro>
    <complemento/>
    <unidade/>
    <bairro>Canafístula</bairro>
    <localidade>Arapiraca</localidade>
    <uf>AL</uf>
    <estado>Alagoas</estado>
    <região/>
    <ibge>2700300</ibge>
    <gia/>
    <ddd>82</ddd>
    <siafi>2705</siafi>
  </cep>
  <cep>
    <cep>57302-859</cep>
    <logradouro>Rua Bernadete Ferreira da Silva</logradouro>
    <complemento/>
    <unidade/>
    <bairro>Canafístula</bairro>
    <localidade>Arapiraca</localidade>
    <uf>AL</uf>
    <estado>Alagoas</estado>
    <região/>
    <ibge>2700300</ibge>
    <gia/>
    <ddd>82</ddd>
    <siafi>2705</siafi>
  </cep>
  <cep>
    <cep>57303-100</cep>
    <logradouro>Rua Edginaldo Nobre de Magalhães</logradouro>
    <complemento>(Lot A Rocha III)</complemento>
    <unidade/>
    <bairro>Verdes Campos</bairro>
    <localidade>Arapiraca</localidade>
    <uf>AL</uf>
    <estado>Alagoas</estado>
    <região/>
    <ibge>2700300</ibge>
    <gia/>
    <ddd>82</ddd>
    <siafi>2705</siafi>
  </cep>
  <cep>
    <cep>57303-011</cep>
    <logradouro>Avenida Antônio Barbosa</logradouro>
    <complemento/>
    <unidade/>
    <bairro>Verdes Campos</bairro>
    <localidade>Arapiraca</localidade>
    <uf>AL</uf>
    <estado>Alagoas</estado>
    <região/>
    <ibge>2700300</ibge>
    <gia/>
    <ddd>82</ddd>
    <siafi>2705</siafi>
  </cep>
  <cep>
    <cep>57303-204</cep>
    <logradouro>Rua Regina de Magalhães Silva</logradouro>
    <complemento/>
    <unidade/>
    <bairro>Boa Vista</bairro>
    <localidade>Arapiraca</localidade>
    <uf>AL</uf>
    <estado>Alagoas</estado>
    <região/>
    <ibge>2700300</ibge>
    <gia/>
    <ddd>82</ddd>
    <siafi>2705</siafi>
  </cep>
  <cep>
    <cep>57303-155</cep>
    <logradouro>Rua Adeildo Abreu de Melo</logradouro>
    <complemento/>
    <unidade/>
    <bairro>Verdes Campos</bairro>
    <localidade>Arapiraca</localidade>
    <uf>AL</uf>
    <estado>Alagoas</estado>
    <região/>
    <ibge>2700300</ibge>
    <gia/>
    <ddd>82</ddd>
    <siafi>2705</siafi>
  </cep>
  <cep>
    <cep>57303-234</cep>
    <logradouro>Rodovia AL-485</logradouro>
    <complemento/>
    <unidade/>
    <bairro>Boa Vista</bairro>
    <localidade>Arapiraca</localidade>
    <uf>AL</uf>
    <estado>Alagoas</estado>
    <região/>
    <ibge>2700300</ibge>
    <gia/>
    <ddd>82</ddd>
    <siafi>2705</siafi>
  </cep>
  <cep>
    <cep>57303-252</cep>
    <logradouro>Rua Josefa Lino de Oliveira</logradouro>
    <complemento/>
    <unidade/>
    <bairro>Boa Vista</bairro>
    <localidade>Arapiraca</localidade>
    <uf>AL</uf>
    <estado>Alagoas</estado>
    <região/>
    <ibge>2700300</ibge>
    <gia/>
    <ddd>82</ddd>
    <siafi>2705</siafi>
  </cep>
  <cep>
    <cep>57303-253</cep>
    <logradouro>Rua Valdomira da Silva</logradouro>
    <complemento/>
    <unidade/>
    <bairro>Boa Vista</bairro>
    <localidade>Arapiraca</localidade>
    <uf>AL</uf>
    <estado>Alagoas</estado>
    <região/>
    <ibge>2700300</ibge>
    <gia/>
    <ddd>82</ddd>
    <siafi>2705</siafi>
  </cep>
  <cep>
    <cep>57303-279</cep>
    <logradouro>Rua José Leão Barbosa</logradouro>
    <complemento/>
    <unidade/>
    <bairro>Boa Vista</bairro>
    <localidade>Arapiraca</localidade>
    <uf>AL</uf>
    <estado>Alagoas</estado>
    <região/>
    <ibge>2700300</ibge>
    <gia/>
    <ddd>82</ddd>
    <siafi>2705</siafi>
  </cep>
  <cep>
    <cep>57303-282</cep>
    <logradouro>Rua Maria Barbosa dos Santos</logradouro>
    <complemento/>
    <unidade/>
    <bairro>Boa Vista</bairro>
    <localidade>Arapiraca</localidade>
    <uf>AL</uf>
    <estado>Alagoas</estado>
    <região/>
    <ibge>2700300</ibge>
    <gia/>
    <ddd>82</ddd>
    <siafi>2705</siafi>
  </cep>
  <cep>
    <cep>57303-254</cep>
    <logradouro>Rua Olívia Cavalcante Gama</logradouro>
    <complemento/>
    <unidade/>
    <bairro>Boa Vista</bairro>
    <localidade>Arapiraca</localidade>
    <uf>AL</uf>
    <estado>Alagoas</estado>
    <região/>
    <ibge>2700300</ibge>
    <gia/>
    <ddd>82</ddd>
    <siafi>2705</siafi>
  </cep>
  <cep>
    <cep>57303-278</cep>
    <logradouro>Rua Otacília Gomes da SIlva</logradouro>
    <complemento/>
    <unidade/>
    <bairro>Boa Vista</bairro>
    <localidade>Arapiraca</localidade>
    <uf>AL</uf>
    <estado>Alagoas</estado>
    <região/>
    <ibge>2700300</ibge>
    <gia/>
    <ddd>82</ddd>
    <siafi>2705</siafi>
  </cep>
  <cep>
    <cep>57303-283</cep>
    <logradouro>Rua Luzinete Valeriano Cavalcante</logradouro>
    <complemento/>
    <unidade/>
    <bairro>Boa Vista</bairro>
    <localidade>Arapiraca</localidade>
    <uf>AL</uf>
    <estado>Alagoas</estado>
    <região/>
    <ibge>2700300</ibge>
    <gia/>
    <ddd>82</ddd>
    <siafi>2705</siafi>
  </cep>
  <cep>
    <cep>57303-281</cep>
    <logradouro>Rua Fernando Lourenço</logradouro>
    <complemento/>
    <unidade/>
    <bairro>Boa Vista</bairro>
    <localidade>Arapiraca</localidade>
    <uf>AL</uf>
    <estado>Alagoas</estado>
    <região/>
    <ibge>2700300</ibge>
    <gia/>
    <ddd>82</ddd>
    <siafi>2705</siafi>
  </cep>
  <cep>
    <cep>57303-284</cep>
    <logradouro>Rua Erasmo Pinheiro da Silva</logradouro>
    <complemento/>
    <unidade/>
    <bairro>Boa Vista</bairro>
    <localidade>Arapiraca</localidade>
    <uf>AL</uf>
    <estado>Alagoas</estado>
    <região/>
    <ibge>2700300</ibge>
    <gia/>
    <ddd>82</ddd>
    <siafi>2705</siafi>
  </cep>
  <cep>
    <cep>57303-287</cep>
    <logradouro>Rua Luiz Tertuliano da Silva</logradouro>
    <complemento/>
    <unidade/>
    <bairro>Boa Vista</bairro>
    <localidade>Arapiraca</localidade>
    <uf>AL</uf>
    <estado>Alagoas</estado>
    <região/>
    <ibge>2700300</ibge>
    <gia/>
    <ddd>82</ddd>
    <siafi>2705</siafi>
  </cep>
  <cep>
    <cep>57303-288</cep>
    <logradouro>Rua Augusto Pedro da Silva</logradouro>
    <complemento/>
    <unidade/>
    <bairro>Boa Vista</bairro>
    <localidade>Arapiraca</localidade>
    <uf>AL</uf>
    <estado>Alagoas</estado>
    <região/>
    <ibge>2700300</ibge>
    <gia/>
    <ddd>82</ddd>
    <siafi>2705</siafi>
  </cep>
  <cep>
    <cep>57303-285</cep>
    <logradouro>Rua Maria Neves dos Santos</logradouro>
    <complemento/>
    <unidade/>
    <bairro>Boa Vista</bairro>
    <localidade>Arapiraca</localidade>
    <uf>AL</uf>
    <estado>Alagoas</estado>
    <região/>
    <ibge>2700300</ibge>
    <gia/>
    <ddd>82</ddd>
    <siafi>2705</siafi>
  </cep>
  <cep>
    <cep>57303-289</cep>
    <logradouro>Rua José Cirilo de Oliveira</logradouro>
    <complemento/>
    <unidade/>
    <bairro>Boa Vista</bairro>
    <localidade>Arapiraca</localidade>
    <uf>AL</uf>
    <estado>Alagoas</estado>
    <região/>
    <ibge>2700300</ibge>
    <gia/>
    <ddd>82</ddd>
    <siafi>2705</siafi>
  </cep>
  <cep>
    <cep>57303-607</cep>
    <logradouro>Rua Leondio Sírio da Silva</logradouro>
    <complemento/>
    <unidade/>
    <bairro>Guaribas</bairro>
    <localidade>Arapiraca</localidade>
    <uf>AL</uf>
    <estado>Alagoas</estado>
    <região/>
    <ibge>2700300</ibge>
    <gia/>
    <ddd>82</ddd>
    <siafi>2705</siafi>
  </cep>
  <cep>
    <cep>57303-335</cep>
    <logradouro>Rua Calmina Izabel do Espírito Santo</logradouro>
    <complemento>(Res Casa Bela) - de 102 ao fim - la</complemento>
    <unidade/>
    <bairro>Boa Vista</bairro>
    <localidade>Arapiraca</localidade>
    <uf>AL</uf>
    <estado>Alagoas</estado>
    <região/>
    <ibge>2700300</ibge>
    <gia/>
    <ddd>82</ddd>
    <siafi>2705</siafi>
  </cep>
  <cep>
    <cep>57303-313</cep>
    <logradouro>Rua Cecília Lourenço da Silva</logradouro>
    <complemento/>
    <unidade/>
    <bairro>Boa Vista</bairro>
    <localidade>Arapiraca</localidade>
    <uf>AL</uf>
    <estado>Alagoas</estado>
    <região/>
    <ibge>2700300</ibge>
    <gia/>
    <ddd>82</ddd>
    <siafi>2705</siafi>
  </cep>
  <cep>
    <cep>57303-603</cep>
    <logradouro>Rua Paulo Sérgio Melo</logradouro>
    <complemento/>
    <unidade/>
    <bairro>Guaribas</bairro>
    <localidade>Arapiraca</localidade>
    <uf>AL</uf>
    <estado>Alagoas</estado>
    <região/>
    <ibge>2700300</ibge>
    <gia/>
    <ddd>82</ddd>
    <siafi>2705</siafi>
  </cep>
  <cep>
    <cep>57303-327</cep>
    <logradouro>Rua Pedro Pereira de Lima</logradouro>
    <complemento/>
    <unidade/>
    <bairro>Boa Vista</bairro>
    <localidade>Arapiraca</localidade>
    <uf>AL</uf>
    <estado>Alagoas</estado>
    <região/>
    <ibge>2700300</ibge>
    <gia/>
    <ddd>82</ddd>
    <siafi>2705</siafi>
  </cep>
  <cep>
    <cep>57303-601</cep>
    <logradouro>Rua Maria Tenório Cavalcante</logradouro>
    <complemento/>
    <unidade/>
    <bairro>Guaribas</bairro>
    <localidade>Arapiraca</localidade>
    <uf>AL</uf>
    <estado>Alagoas</estado>
    <região/>
    <ibge>2700300</ibge>
    <gia/>
    <ddd>82</ddd>
    <siafi>2705</siafi>
  </cep>
  <cep>
    <cep>57303-309</cep>
    <logradouro>Rua Aurélio Adrião de Oliveira</logradouro>
    <complemento/>
    <unidade/>
    <bairro>Boa Vista</bairro>
    <localidade>Arapiraca</localidade>
    <uf>AL</uf>
    <estado>Alagoas</estado>
    <região/>
    <ibge>2700300</ibge>
    <gia/>
    <ddd>82</ddd>
    <siafi>2705</siafi>
  </cep>
  <cep>
    <cep>57303-613</cep>
    <logradouro>Rua Maria Cícera do Nascimento</logradouro>
    <complemento/>
    <unidade/>
    <bairro>Guaribas</bairro>
    <localidade>Arapiraca</localidade>
    <uf>AL</uf>
    <estado>Alagoas</estado>
    <região/>
    <ibge>2700300</ibge>
    <gia/>
    <ddd>82</ddd>
    <siafi>2705</siafi>
  </cep>
  <cep>
    <cep>57303-286</cep>
    <logradouro>Rua Jurandi Damazio de Macedo</logradouro>
    <complemento/>
    <unidade/>
    <bairro>Boa Vista</bairro>
    <localidade>Arapiraca</localidade>
    <uf>AL</uf>
    <estado>Alagoas</estado>
    <região/>
    <ibge>2700300</ibge>
    <gia/>
    <ddd>82</ddd>
    <siafi>2705</siafi>
  </cep>
  <cep>
    <cep>57303-605</cep>
    <logradouro>Rua Marcos de Moura Pereira</logradouro>
    <complemento/>
    <unidade/>
    <bairro>Guaribas</bairro>
    <localidade>Arapiraca</localidade>
    <uf>AL</uf>
    <estado>Alagoas</estado>
    <região/>
    <ibge>2700300</ibge>
    <gia/>
    <ddd>82</ddd>
    <siafi>2705</siafi>
  </cep>
  <cep>
    <cep>57303-609</cep>
    <logradouro>Rua Pedro Vitor Romualdo de Oliveira</logradouro>
    <complemento/>
    <unidade/>
    <bairro>Guaribas</bairro>
    <localidade>Arapiraca</localidade>
    <uf>AL</uf>
    <estado>Alagoas</estado>
    <região/>
    <ibge>2700300</ibge>
    <gia/>
    <ddd>82</ddd>
    <siafi>2705</siafi>
  </cep>
  <cep>
    <cep>57303-405</cep>
    <logradouro>Praça Estudante José Vanildo Cardoso</logradouro>
    <complemento/>
    <unidade/>
    <bairro>Guaribas</bairro>
    <localidade>Arapiraca</localidade>
    <uf>AL</uf>
    <estado>Alagoas</estado>
    <região/>
    <ibge>2700300</ibge>
    <gia/>
    <ddd>82</ddd>
    <siafi>2705</siafi>
  </cep>
  <cep>
    <cep>57303-317</cep>
    <logradouro>Rua Maria Francisca Calixto</logradouro>
    <complemento/>
    <unidade/>
    <bairro>Boa Vista</bairro>
    <localidade>Arapiraca</localidade>
    <uf>AL</uf>
    <estado>Alagoas</estado>
    <região/>
    <ibge>2700300</ibge>
    <gia/>
    <ddd>82</ddd>
    <siafi>2705</siafi>
  </cep>
  <cep>
    <cep>57303-611</cep>
    <logradouro>Rua Diogo de Melo Gonzaga</logradouro>
    <complemento/>
    <unidade/>
    <bairro>Guaribas</bairro>
    <localidade>Arapiraca</localidade>
    <uf>AL</uf>
    <estado>Alagoas</estado>
    <região/>
    <ibge>2700300</ibge>
    <gia/>
    <ddd>82</ddd>
    <siafi>2705</siafi>
  </cep>
  <cep>
    <cep>57303-715</cep>
    <logradouro>Rua Ivana Karlla dos Santos</logradouro>
    <complemento/>
    <unidade/>
    <bairro>Guaribas</bairro>
    <localidade>Arapiraca</localidade>
    <uf>AL</uf>
    <estado>Alagoas</estado>
    <região/>
    <ibge>2700300</ibge>
    <gia/>
    <ddd>82</ddd>
    <siafi>2705</siafi>
  </cep>
  <cep>
    <cep>57303-621</cep>
    <logradouro>Rua Mário Henrique de Oliveira Assunção</logradouro>
    <complemento/>
    <unidade/>
    <bairro>Guaribas</bairro>
    <localidade>Arapiraca</localidade>
    <uf>AL</uf>
    <estado>Alagoas</estado>
    <região/>
    <ibge>2700300</ibge>
    <gia/>
    <ddd>82</ddd>
    <siafi>2705</siafi>
  </cep>
  <cep>
    <cep>57303-623</cep>
    <logradouro>Rua Marili dos Santos</logradouro>
    <complemento/>
    <unidade/>
    <bairro>Guaribas</bairro>
    <localidade>Arapiraca</localidade>
    <uf>AL</uf>
    <estado>Alagoas</estado>
    <região/>
    <ibge>2700300</ibge>
    <gia/>
    <ddd>82</ddd>
    <siafi>2705</siafi>
  </cep>
  <cep>
    <cep>57303-619</cep>
    <logradouro>Rua Anastácia Protásio Barbosa</logradouro>
    <complemento/>
    <unidade/>
    <bairro>Guaribas</bairro>
    <localidade>Arapiraca</localidade>
    <uf>AL</uf>
    <estado>Alagoas</estado>
    <região/>
    <ibge>2700300</ibge>
    <gia/>
    <ddd>82</ddd>
    <siafi>2705</siafi>
  </cep>
  <cep>
    <cep>57303-615</cep>
    <logradouro>Rua Dayane Hyllare Barbosa da Silva</logradouro>
    <complemento/>
    <unidade/>
    <bairro>Guaribas</bairro>
    <localidade>Arapiraca</localidade>
    <uf>AL</uf>
    <estado>Alagoas</estado>
    <região/>
    <ibge>2700300</ibge>
    <gia/>
    <ddd>82</ddd>
    <siafi>2705</siafi>
  </cep>
  <cep>
    <cep>57303-617</cep>
    <logradouro>Rua Warley Costa Silva</logradouro>
    <complemento/>
    <unidade/>
    <bairro>Guaribas</bairro>
    <localidade>Arapiraca</localidade>
    <uf>AL</uf>
    <estado>Alagoas</estado>
    <região/>
    <ibge>2700300</ibge>
    <gia/>
    <ddd>82</ddd>
    <siafi>2705</siafi>
  </cep>
  <cep>
    <cep>57303-749</cep>
    <logradouro>Rodovia AL-485</logradouro>
    <complemento/>
    <unidade/>
    <bairro>Guaribas</bairro>
    <localidade>Arapiraca</localidade>
    <uf>AL</uf>
    <estado>Alagoas</estado>
    <região/>
    <ibge>2700300</ibge>
    <gia/>
    <ddd>82</ddd>
    <siafi>2705</siafi>
  </cep>
  <cep>
    <cep>57303-762</cep>
    <logradouro>Rua Valdir Oliveira e Silva</logradouro>
    <complemento/>
    <unidade/>
    <bairro>Olho D'Água dos Cazuzinhas</bairro>
    <localidade>Arapiraca</localidade>
    <uf>AL</uf>
    <estado>Alagoas</estado>
    <região/>
    <ibge>2700300</ibge>
    <gia/>
    <ddd>82</ddd>
    <siafi>2705</siafi>
  </cep>
  <cep>
    <cep>57246-745</cep>
    <logradouro>Rua Empresário José Geraldo Firmino da Silva</logradouro>
    <complemento/>
    <unidade/>
    <bairro>Hélio Jatobá</bairro>
    <localidade>São Miguel dos Campos</localidade>
    <uf>AL</uf>
    <estado>Alagoas</estado>
    <região/>
    <ibge>2708600</ibge>
    <gia/>
    <ddd>82</ddd>
    <siafi>2871</siafi>
  </cep>
  <cep>
    <cep>57303-763</cep>
    <logradouro>Rua Marcionilio Izidoro dos Santos</logradouro>
    <complemento/>
    <unidade/>
    <bairro>Olho D'Água dos Cazuzinhas</bairro>
    <localidade>Arapiraca</localidade>
    <uf>AL</uf>
    <estado>Alagoas</estado>
    <região/>
    <ibge>2700300</ibge>
    <gia/>
    <ddd>82</ddd>
    <siafi>2705</siafi>
  </cep>
  <cep>
    <cep>57303-764</cep>
    <logradouro>Rua José Rodrigues de Lima</logradouro>
    <complemento/>
    <unidade/>
    <bairro>Olho D'Água dos Cazuzinhas</bairro>
    <localidade>Arapiraca</localidade>
    <uf>AL</uf>
    <estado>Alagoas</estado>
    <região/>
    <ibge>2700300</ibge>
    <gia/>
    <ddd>82</ddd>
    <siafi>2705</siafi>
  </cep>
  <cep>
    <cep>57303-766</cep>
    <logradouro>Rua José Élvio Higino da Silva</logradouro>
    <complemento/>
    <unidade/>
    <bairro>Olho D'Água dos Cazuzinhas</bairro>
    <localidade>Arapiraca</localidade>
    <uf>AL</uf>
    <estado>Alagoas</estado>
    <região/>
    <ibge>2700300</ibge>
    <gia/>
    <ddd>82</ddd>
    <siafi>2705</siafi>
  </cep>
  <cep>
    <cep>57303-767</cep>
    <logradouro>Rua Estudante Ana Beatriz</logradouro>
    <complemento/>
    <unidade/>
    <bairro>Olho D'Água dos Cazuzinhas</bairro>
    <localidade>Arapiraca</localidade>
    <uf>AL</uf>
    <estado>Alagoas</estado>
    <região/>
    <ibge>2700300</ibge>
    <gia/>
    <ddd>82</ddd>
    <siafi>2705</siafi>
  </cep>
  <cep>
    <cep>57303-768</cep>
    <logradouro>Rua Juca Magalhães</logradouro>
    <complemento/>
    <unidade/>
    <bairro>Olho D'Água dos Cazuzinhas</bairro>
    <localidade>Arapiraca</localidade>
    <uf>AL</uf>
    <estado>Alagoas</estado>
    <região/>
    <ibge>2700300</ibge>
    <gia/>
    <ddd>82</ddd>
    <siafi>2705</siafi>
  </cep>
  <cep>
    <cep>57304-094</cep>
    <logradouro>Rua Paulo Afonso</logradouro>
    <complemento>de 589/590 ao fim</complemento>
    <unidade/>
    <bairro>Primavera</bairro>
    <localidade>Arapiraca</localidade>
    <uf>AL</uf>
    <estado>Alagoas</estado>
    <região/>
    <ibge>2700300</ibge>
    <gia/>
    <ddd>82</ddd>
    <siafi>2705</siafi>
  </cep>
  <cep>
    <cep>57304-115</cep>
    <logradouro>Rua Izaltina Alves de Barros</logradouro>
    <complemento/>
    <unidade/>
    <bairro>Primavera</bairro>
    <localidade>Arapiraca</localidade>
    <uf>AL</uf>
    <estado>Alagoas</estado>
    <região/>
    <ibge>2700300</ibge>
    <gia/>
    <ddd>82</ddd>
    <siafi>2705</siafi>
  </cep>
  <cep>
    <cep>57304-386</cep>
    <logradouro>Rua Noemi Alves de Lima</logradouro>
    <complemento/>
    <unidade/>
    <bairro>Primavera</bairro>
    <localidade>Arapiraca</localidade>
    <uf>AL</uf>
    <estado>Alagoas</estado>
    <região/>
    <ibge>2700300</ibge>
    <gia/>
    <ddd>82</ddd>
    <siafi>2705</siafi>
  </cep>
  <cep>
    <cep>57303-783</cep>
    <logradouro>Rua Manoel Leal</logradouro>
    <complemento/>
    <unidade/>
    <bairro>Olho D'Água dos Cazuzinhas</bairro>
    <localidade>Arapiraca</localidade>
    <uf>AL</uf>
    <estado>Alagoas</estado>
    <região/>
    <ibge>2700300</ibge>
    <gia/>
    <ddd>82</ddd>
    <siafi>2705</siafi>
  </cep>
  <cep>
    <cep>57304-462</cep>
    <logradouro>Rua Paulo Afonso</logradouro>
    <complemento>de 70 a 588 - lado par</complemento>
    <unidade/>
    <bairro>Cacimbas</bairro>
    <localidade>Arapiraca</localidade>
    <uf>AL</uf>
    <estado>Alagoas</estado>
    <região/>
    <ibge>2700300</ibge>
    <gia/>
    <ddd>82</ddd>
    <siafi>2705</siafi>
  </cep>
  <cep>
    <cep>57304-125</cep>
    <logradouro>Rua Rosa Lima de Magalhães</logradouro>
    <complemento/>
    <unidade/>
    <bairro>Primavera</bairro>
    <localidade>Arapiraca</localidade>
    <uf>AL</uf>
    <estado>Alagoas</estado>
    <região/>
    <ibge>2700300</ibge>
    <gia/>
    <ddd>82</ddd>
    <siafi>2705</siafi>
  </cep>
  <cep>
    <cep>57304-508</cep>
    <logradouro>Rua Estudante Ana Beatriz</logradouro>
    <complemento/>
    <unidade/>
    <bairro>Cacimbas</bairro>
    <localidade>Arapiraca</localidade>
    <uf>AL</uf>
    <estado>Alagoas</estado>
    <região/>
    <ibge>2700300</ibge>
    <gia/>
    <ddd>82</ddd>
    <siafi>2705</siafi>
  </cep>
  <cep>
    <cep>57304-514</cep>
    <logradouro>Rua Juca Magalhães</logradouro>
    <complemento/>
    <unidade/>
    <bairro>Cacimbas</bairro>
    <localidade>Arapiraca</localidade>
    <uf>AL</uf>
    <estado>Alagoas</estado>
    <região/>
    <ibge>2700300</ibge>
    <gia/>
    <ddd>82</ddd>
    <siafi>2705</siafi>
  </cep>
  <cep>
    <cep>57304-660</cep>
    <logradouro>Rua Coronel Vicente Ramos</logradouro>
    <complemento/>
    <unidade/>
    <bairro>Padre Antônio Lima Neto</bairro>
    <localidade>Arapiraca</localidade>
    <uf>AL</uf>
    <estado>Alagoas</estado>
    <região/>
    <ibge>2700300</ibge>
    <gia/>
    <ddd>82</ddd>
    <siafi>2705</siafi>
  </cep>
  <cep>
    <cep>57304-670</cep>
    <logradouro>Rua Estudante Cledson Damasceno</logradouro>
    <complemento/>
    <unidade/>
    <bairro>Padre Antônio Lima Neto</bairro>
    <localidade>Arapiraca</localidade>
    <uf>AL</uf>
    <estado>Alagoas</estado>
    <região/>
    <ibge>2700300</ibge>
    <gia/>
    <ddd>82</ddd>
    <siafi>2705</siafi>
  </cep>
  <cep>
    <cep>57305-185</cep>
    <logradouro>Rua Antônio Clarindo</logradouro>
    <complemento/>
    <unidade/>
    <bairro>Manuel Teles</bairro>
    <localidade>Arapiraca</localidade>
    <uf>AL</uf>
    <estado>Alagoas</estado>
    <região/>
    <ibge>2700300</ibge>
    <gia/>
    <ddd>82</ddd>
    <siafi>2705</siafi>
  </cep>
  <cep>
    <cep>57305-574</cep>
    <logradouro>Rua Genauro Ferreira Araújo</logradouro>
    <complemento>(Lot M Sol Nascente)</complemento>
    <unidade/>
    <bairro>Zélia Barbosa Rocha</bairro>
    <localidade>Arapiraca</localidade>
    <uf>AL</uf>
    <estado>Alagoas</estado>
    <região/>
    <ibge>2700300</ibge>
    <gia/>
    <ddd>82</ddd>
    <siafi>2705</siafi>
  </cep>
  <cep>
    <cep>57305-255</cep>
    <logradouro>Rua Doutora Vitória Canuto</logradouro>
    <complemento/>
    <unidade/>
    <bairro>Manuel Teles</bairro>
    <localidade>Arapiraca</localidade>
    <uf>AL</uf>
    <estado>Alagoas</estado>
    <região/>
    <ibge>2700300</ibge>
    <gia/>
    <ddd>82</ddd>
    <siafi>2705</siafi>
  </cep>
  <cep>
    <cep>57305-576</cep>
    <logradouro>Rua Aliete Silva Bispo</logradouro>
    <complemento>(Lot M Sol Nascente)</complemento>
    <unidade/>
    <bairro>Zélia Barbosa Rocha</bairro>
    <localidade>Arapiraca</localidade>
    <uf>AL</uf>
    <estado>Alagoas</estado>
    <região/>
    <ibge>2700300</ibge>
    <gia/>
    <ddd>82</ddd>
    <siafi>2705</siafi>
  </cep>
  <cep>
    <cep>57305-572</cep>
    <logradouro>Rua Geraldo Barbosa Ramos</logradouro>
    <complemento>(Lot M Sol Nascente)</complemento>
    <unidade/>
    <bairro>Zélia Barbosa Rocha</bairro>
    <localidade>Arapiraca</localidade>
    <uf>AL</uf>
    <estado>Alagoas</estado>
    <região/>
    <ibge>2700300</ibge>
    <gia/>
    <ddd>82</ddd>
    <siafi>2705</siafi>
  </cep>
  <cep>
    <cep>57305-578</cep>
    <logradouro>Rua Valdemar Nezinho da Silva</logradouro>
    <complemento>(Lot M Sol Nascente)</complemento>
    <unidade/>
    <bairro>Zélia Barbosa Rocha</bairro>
    <localidade>Arapiraca</localidade>
    <uf>AL</uf>
    <estado>Alagoas</estado>
    <região/>
    <ibge>2700300</ibge>
    <gia/>
    <ddd>82</ddd>
    <siafi>2705</siafi>
  </cep>
  <cep>
    <cep>57305-676</cep>
    <logradouro>Rua Brandaly Lisboa de Almeida</logradouro>
    <complemento>(Lot Res da Perucaba)</complemento>
    <unidade/>
    <bairro>Zélia Barbosa Rocha</bairro>
    <localidade>Arapiraca</localidade>
    <uf>AL</uf>
    <estado>Alagoas</estado>
    <região/>
    <ibge>2700300</ibge>
    <gia/>
    <ddd>82</ddd>
    <siafi>2705</siafi>
  </cep>
  <cep>
    <cep>57305-660</cep>
    <logradouro>Rua Manoel Leal</logradouro>
    <complemento/>
    <unidade/>
    <bairro>Zélia Barbosa Rocha</bairro>
    <localidade>Arapiraca</localidade>
    <uf>AL</uf>
    <estado>Alagoas</estado>
    <região/>
    <ibge>2700300</ibge>
    <gia/>
    <ddd>82</ddd>
    <siafi>2705</siafi>
  </cep>
  <cep>
    <cep>57305-678</cep>
    <logradouro>Rua Michel Gustavo Lisboa de Almeida</logradouro>
    <complemento>(Lot Res da Perucaba)</complemento>
    <unidade/>
    <bairro>Zélia Barbosa Rocha</bairro>
    <localidade>Arapiraca</localidade>
    <uf>AL</uf>
    <estado>Alagoas</estado>
    <região/>
    <ibge>2700300</ibge>
    <gia/>
    <ddd>82</ddd>
    <siafi>2705</siafi>
  </cep>
  <cep>
    <cep>57305-682</cep>
    <logradouro>Rua Maria do Amparo Araújo Alves</logradouro>
    <complemento>(Lot Res da Perucaba)</complemento>
    <unidade/>
    <bairro>Zélia Barbosa Rocha</bairro>
    <localidade>Arapiraca</localidade>
    <uf>AL</uf>
    <estado>Alagoas</estado>
    <região/>
    <ibge>2700300</ibge>
    <gia/>
    <ddd>82</ddd>
    <siafi>2705</siafi>
  </cep>
  <cep>
    <cep>57305-686</cep>
    <logradouro>Rua Benedito André de Almeida</logradouro>
    <complemento>(Lot Res da Perucaba)</complemento>
    <unidade/>
    <bairro>Zélia Barbosa Rocha</bairro>
    <localidade>Arapiraca</localidade>
    <uf>AL</uf>
    <estado>Alagoas</estado>
    <região/>
    <ibge>2700300</ibge>
    <gia/>
    <ddd>82</ddd>
    <siafi>2705</siafi>
  </cep>
  <cep>
    <cep>57305-692</cep>
    <logradouro>Rua Jonas Alves Aparecido</logradouro>
    <complemento>(Lot Res da Perucaba)</complemento>
    <unidade/>
    <bairro>Zélia Barbosa Rocha</bairro>
    <localidade>Arapiraca</localidade>
    <uf>AL</uf>
    <estado>Alagoas</estado>
    <região/>
    <ibge>2700300</ibge>
    <gia/>
    <ddd>82</ddd>
    <siafi>2705</siafi>
  </cep>
  <cep>
    <cep>57305-730</cep>
    <logradouro>Rua José Rodrigues de Lima</logradouro>
    <complemento/>
    <unidade/>
    <bairro>Zélia Barbosa Rocha</bairro>
    <localidade>Arapiraca</localidade>
    <uf>AL</uf>
    <estado>Alagoas</estado>
    <região/>
    <ibge>2700300</ibge>
    <gia/>
    <ddd>82</ddd>
    <siafi>2705</siafi>
  </cep>
  <cep>
    <cep>57305-862</cep>
    <logradouro>Rua Artulina Maria de Souza</logradouro>
    <complemento/>
    <unidade/>
    <bairro>Zélia Barbosa Rocha</bairro>
    <localidade>Arapiraca</localidade>
    <uf>AL</uf>
    <estado>Alagoas</estado>
    <região/>
    <ibge>2700300</ibge>
    <gia/>
    <ddd>82</ddd>
    <siafi>2705</siafi>
  </cep>
  <cep>
    <cep>57305-698</cep>
    <logradouro>Rua Maria de Lourdes Pereira Cavalcante</logradouro>
    <complemento>(Lot M Sol Nascente)</complemento>
    <unidade/>
    <bairro>Zélia Barbosa Rocha</bairro>
    <localidade>Arapiraca</localidade>
    <uf>AL</uf>
    <estado>Alagoas</estado>
    <região/>
    <ibge>2700300</ibge>
    <gia/>
    <ddd>82</ddd>
    <siafi>2705</siafi>
  </cep>
  <cep>
    <cep>57305-877</cep>
    <logradouro>Rua Professora Angela Merice de Lima Carvalho</logradouro>
    <complemento>(Lot J Perucaba)</complemento>
    <unidade/>
    <bairro>Zélia Barbosa Rocha</bairro>
    <localidade>Arapiraca</localidade>
    <uf>AL</uf>
    <estado>Alagoas</estado>
    <região/>
    <ibge>2700300</ibge>
    <gia/>
    <ddd>82</ddd>
    <siafi>2705</siafi>
  </cep>
  <cep>
    <cep>57305-718</cep>
    <logradouro>Rua Nelson Veríssimo da Silva</logradouro>
    <complemento/>
    <unidade/>
    <bairro>Zélia Barbosa Rocha</bairro>
    <localidade>Arapiraca</localidade>
    <uf>AL</uf>
    <estado>Alagoas</estado>
    <região/>
    <ibge>2700300</ibge>
    <gia/>
    <ddd>82</ddd>
    <siafi>2705</siafi>
  </cep>
  <cep>
    <cep>57305-885</cep>
    <logradouro>Rua Professora Maria Avany dos Santos Maranhão</logradouro>
    <complemento>(Lot J Perucaba)</complemento>
    <unidade/>
    <bairro>Zélia Barbosa Rocha</bairro>
    <localidade>Arapiraca</localidade>
    <uf>AL</uf>
    <estado>Alagoas</estado>
    <região/>
    <ibge>2700300</ibge>
    <gia/>
    <ddd>82</ddd>
    <siafi>2705</siafi>
  </cep>
  <cep>
    <cep>57305-875</cep>
    <logradouro>Rua Professora Maria Edinete Costa</logradouro>
    <complemento>(Lot J Perucaba)</complemento>
    <unidade/>
    <bairro>Zélia Barbosa Rocha</bairro>
    <localidade>Arapiraca</localidade>
    <uf>AL</uf>
    <estado>Alagoas</estado>
    <região/>
    <ibge>2700300</ibge>
    <gia/>
    <ddd>82</ddd>
    <siafi>2705</siafi>
  </cep>
  <cep>
    <cep>57305-735</cep>
    <logradouro>Rua Maria Severina de Lima</logradouro>
    <complemento/>
    <unidade/>
    <bairro>Zélia Barbosa Rocha</bairro>
    <localidade>Arapiraca</localidade>
    <uf>AL</uf>
    <estado>Alagoas</estado>
    <região/>
    <ibge>2700300</ibge>
    <gia/>
    <ddd>82</ddd>
    <siafi>2705</siafi>
  </cep>
  <cep>
    <cep>57305-887</cep>
    <logradouro>Rua Professora Maria Zilma Barbosa da Silva Oliveira</logradouro>
    <complemento>(Lot J Perucaba)</complemento>
    <unidade/>
    <bairro>Zélia Barbosa Rocha</bairro>
    <localidade>Arapiraca</localidade>
    <uf>AL</uf>
    <estado>Alagoas</estado>
    <região/>
    <ibge>2700300</ibge>
    <gia/>
    <ddd>82</ddd>
    <siafi>2705</siafi>
  </cep>
  <cep>
    <cep>57305-882</cep>
    <logradouro>Rua Professora Hilda Souza Gonzaga</logradouro>
    <complemento>(Lot J Perucaba)</complemento>
    <unidade/>
    <bairro>Zélia Barbosa Rocha</bairro>
    <localidade>Arapiraca</localidade>
    <uf>AL</uf>
    <estado>Alagoas</estado>
    <região/>
    <ibge>2700300</ibge>
    <gia/>
    <ddd>82</ddd>
    <siafi>2705</siafi>
  </cep>
  <cep>
    <cep>57305-889</cep>
    <logradouro>Rua Professor Adiel Miranda Neto</logradouro>
    <complemento>(Lot J Perucaba)</complemento>
    <unidade/>
    <bairro>Zélia Barbosa Rocha</bairro>
    <localidade>Arapiraca</localidade>
    <uf>AL</uf>
    <estado>Alagoas</estado>
    <região/>
    <ibge>2700300</ibge>
    <gia/>
    <ddd>82</ddd>
    <siafi>2705</siafi>
  </cep>
  <cep>
    <cep>57305-873</cep>
    <logradouro>Rua Professora Elba Bandeira Rios Melo</logradouro>
    <complemento>(Lot J Perucaba)</complemento>
    <unidade/>
    <bairro>Zélia Barbosa Rocha</bairro>
    <localidade>Arapiraca</localidade>
    <uf>AL</uf>
    <estado>Alagoas</estado>
    <região/>
    <ibge>2700300</ibge>
    <gia/>
    <ddd>82</ddd>
    <siafi>2705</siafi>
  </cep>
  <cep>
    <cep>57305-890</cep>
    <logradouro>Rua Professor Antonio Luiz Sobrinho</logradouro>
    <complemento>(Lot J Perucaba)</complemento>
    <unidade/>
    <bairro>Zélia Barbosa Rocha</bairro>
    <localidade>Arapiraca</localidade>
    <uf>AL</uf>
    <estado>Alagoas</estado>
    <região/>
    <ibge>2700300</ibge>
    <gia/>
    <ddd>82</ddd>
    <siafi>2705</siafi>
  </cep>
  <cep>
    <cep>57305-847</cep>
    <logradouro>Rua Elvira Barbosa de Almeida</logradouro>
    <complemento/>
    <unidade/>
    <bairro>Zélia Barbosa Rocha</bairro>
    <localidade>Arapiraca</localidade>
    <uf>AL</uf>
    <estado>Alagoas</estado>
    <região/>
    <ibge>2700300</ibge>
    <gia/>
    <ddd>82</ddd>
    <siafi>2705</siafi>
  </cep>
  <cep>
    <cep>57305-881</cep>
    <logradouro>Rua Professora Isaura Vieira Barros</logradouro>
    <complemento>(Lot J Perucaba)</complemento>
    <unidade/>
    <bairro>Zélia Barbosa Rocha</bairro>
    <localidade>Arapiraca</localidade>
    <uf>AL</uf>
    <estado>Alagoas</estado>
    <região/>
    <ibge>2700300</ibge>
    <gia/>
    <ddd>82</ddd>
    <siafi>2705</siafi>
  </cep>
  <cep>
    <cep>57305-884</cep>
    <logradouro>Rua Professora Marluce Alves Bispo</logradouro>
    <complemento>(Lot J Perucaba)</complemento>
    <unidade/>
    <bairro>Zélia Barbosa Rocha</bairro>
    <localidade>Arapiraca</localidade>
    <uf>AL</uf>
    <estado>Alagoas</estado>
    <região/>
    <ibge>2700300</ibge>
    <gia/>
    <ddd>82</ddd>
    <siafi>2705</siafi>
  </cep>
  <cep>
    <cep>57305-694</cep>
    <logradouro>Rua Francisca de Souza</logradouro>
    <complemento>(Lot Res da Perucaba)</complemento>
    <unidade/>
    <bairro>Zélia Barbosa Rocha</bairro>
    <localidade>Arapiraca</localidade>
    <uf>AL</uf>
    <estado>Alagoas</estado>
    <região/>
    <ibge>2700300</ibge>
    <gia/>
    <ddd>82</ddd>
    <siafi>2705</siafi>
  </cep>
  <cep>
    <cep>57305-880</cep>
    <logradouro>Rua Professora Rosy Mary Silva Alves</logradouro>
    <complemento>(Lot J Perucaba)</complemento>
    <unidade/>
    <bairro>Zélia Barbosa Rocha</bairro>
    <localidade>Arapiraca</localidade>
    <uf>AL</uf>
    <estado>Alagoas</estado>
    <região/>
    <ibge>2700300</ibge>
    <gia/>
    <ddd>82</ddd>
    <siafi>2705</siafi>
  </cep>
  <cep>
    <cep>57305-876</cep>
    <logradouro>Rua Professora Berenice Miranda Neto</logradouro>
    <complemento>(Lot J Perucaba)</complemento>
    <unidade/>
    <bairro>Zélia Barbosa Rocha</bairro>
    <localidade>Arapiraca</localidade>
    <uf>AL</uf>
    <estado>Alagoas</estado>
    <região/>
    <ibge>2700300</ibge>
    <gia/>
    <ddd>82</ddd>
    <siafi>2705</siafi>
  </cep>
  <cep>
    <cep>57305-886</cep>
    <logradouro>Rua Professora Selma Gomes Lima</logradouro>
    <complemento>(Lot J Perucaba)</complemento>
    <unidade/>
    <bairro>Zélia Barbosa Rocha</bairro>
    <localidade>Arapiraca</localidade>
    <uf>AL</uf>
    <estado>Alagoas</estado>
    <região/>
    <ibge>2700300</ibge>
    <gia/>
    <ddd>82</ddd>
    <siafi>2705</siafi>
  </cep>
  <cep>
    <cep>57305-696</cep>
    <logradouro>Rua José Pedro de Oliveira</logradouro>
    <complemento>(Lot Res da Perucaba)</complemento>
    <unidade/>
    <bairro>Zélia Barbosa Rocha</bairro>
    <localidade>Arapiraca</localidade>
    <uf>AL</uf>
    <estado>Alagoas</estado>
    <região/>
    <ibge>2700300</ibge>
    <gia/>
    <ddd>82</ddd>
    <siafi>2705</siafi>
  </cep>
  <cep>
    <cep>57305-725</cep>
    <logradouro>Rua Domingos Pereira dos Santos</logradouro>
    <complemento/>
    <unidade/>
    <bairro>Zélia Barbosa Rocha</bairro>
    <localidade>Arapiraca</localidade>
    <uf>AL</uf>
    <estado>Alagoas</estado>
    <região/>
    <ibge>2700300</ibge>
    <gia/>
    <ddd>82</ddd>
    <siafi>2705</siafi>
  </cep>
  <cep>
    <cep>57305-874</cep>
    <logradouro>Rua Professor Arnon Pimentel da Silva</logradouro>
    <complemento>(Lot J Perucaba)</complemento>
    <unidade/>
    <bairro>Zélia Barbosa Rocha</bairro>
    <localidade>Arapiraca</localidade>
    <uf>AL</uf>
    <estado>Alagoas</estado>
    <região/>
    <ibge>2700300</ibge>
    <gia/>
    <ddd>82</ddd>
    <siafi>2705</siafi>
  </cep>
  <cep>
    <cep>57305-891</cep>
    <logradouro>Rua Professor Antonio Nivaldo de Lima</logradouro>
    <complemento>(Lot J Perucaba)</complemento>
    <unidade/>
    <bairro>Zélia Barbosa Rocha</bairro>
    <localidade>Arapiraca</localidade>
    <uf>AL</uf>
    <estado>Alagoas</estado>
    <região/>
    <ibge>2700300</ibge>
    <gia/>
    <ddd>82</ddd>
    <siafi>2705</siafi>
  </cep>
  <cep>
    <cep>57305-892</cep>
    <logradouro>Rua Professor Jurandir Pinheiro Bispo</logradouro>
    <complemento>(Lot J Perucaba)</complemento>
    <unidade/>
    <bairro>Zélia Barbosa Rocha</bairro>
    <localidade>Arapiraca</localidade>
    <uf>AL</uf>
    <estado>Alagoas</estado>
    <região/>
    <ibge>2700300</ibge>
    <gia/>
    <ddd>82</ddd>
    <siafi>2705</siafi>
  </cep>
  <cep>
    <cep>57305-879</cep>
    <logradouro>Rua Professora Maria Vilma Barbosa Lúcio</logradouro>
    <complemento>(Lot J Perucaba)</complemento>
    <unidade/>
    <bairro>Zélia Barbosa Rocha</bairro>
    <localidade>Arapiraca</localidade>
    <uf>AL</uf>
    <estado>Alagoas</estado>
    <região/>
    <ibge>2700300</ibge>
    <gia/>
    <ddd>82</ddd>
    <siafi>2705</siafi>
  </cep>
  <cep>
    <cep>57305-895</cep>
    <logradouro>Rua Professora Marileide Brito</logradouro>
    <complemento>(Lot J Perucaba)</complemento>
    <unidade/>
    <bairro>Zélia Barbosa Rocha</bairro>
    <localidade>Arapiraca</localidade>
    <uf>AL</uf>
    <estado>Alagoas</estado>
    <região/>
    <ibge>2700300</ibge>
    <gia/>
    <ddd>82</ddd>
    <siafi>2705</siafi>
  </cep>
  <cep>
    <cep>57306-029</cep>
    <logradouro>Rua Dom Felício Vasconcelos</logradouro>
    <complemento/>
    <unidade/>
    <bairro>Eldorado</bairro>
    <localidade>Arapiraca</localidade>
    <uf>AL</uf>
    <estado>Alagoas</estado>
    <região/>
    <ibge>2700300</ibge>
    <gia/>
    <ddd>82</ddd>
    <siafi>2705</siafi>
  </cep>
  <cep>
    <cep>57305-893</cep>
    <logradouro>Rua Professor Manoel Neusvaldo Lira</logradouro>
    <complemento>(Lot J Perucaba)</complemento>
    <unidade/>
    <bairro>Zélia Barbosa Rocha</bairro>
    <localidade>Arapiraca</localidade>
    <uf>AL</uf>
    <estado>Alagoas</estado>
    <região/>
    <ibge>2700300</ibge>
    <gia/>
    <ddd>82</ddd>
    <siafi>2705</siafi>
  </cep>
  <cep>
    <cep>57307-312</cep>
    <logradouro>Rua Margarita Palmerina de Almeida</logradouro>
    <complemento/>
    <unidade/>
    <bairro>Jardim Esperança</bairro>
    <localidade>Arapiraca</localidade>
    <uf>AL</uf>
    <estado>Alagoas</estado>
    <região/>
    <ibge>2700300</ibge>
    <gia/>
    <ddd>82</ddd>
    <siafi>2705</siafi>
  </cep>
  <cep>
    <cep>57305-896</cep>
    <logradouro>Rua Professora Regina Nunes de Santana</logradouro>
    <complemento>(Lot J Perucaba)</complemento>
    <unidade/>
    <bairro>Zélia Barbosa Rocha</bairro>
    <localidade>Arapiraca</localidade>
    <uf>AL</uf>
    <estado>Alagoas</estado>
    <região/>
    <ibge>2700300</ibge>
    <gia/>
    <ddd>82</ddd>
    <siafi>2705</siafi>
  </cep>
  <cep>
    <cep>57306-705</cep>
    <logradouro>Rua Maria Balbina de Oliveira</logradouro>
    <complemento/>
    <unidade/>
    <bairro>Cavaco</bairro>
    <localidade>Arapiraca</localidade>
    <uf>AL</uf>
    <estado>Alagoas</estado>
    <região/>
    <ibge>2700300</ibge>
    <gia/>
    <ddd>82</ddd>
    <siafi>2705</siafi>
  </cep>
  <cep>
    <cep>57305-894</cep>
    <logradouro>Rua Professora Niose Cassia Ventura de Araújo</logradouro>
    <complemento>(Lot J Perucaba)</complemento>
    <unidade/>
    <bairro>Zélia Barbosa Rocha</bairro>
    <localidade>Arapiraca</localidade>
    <uf>AL</uf>
    <estado>Alagoas</estado>
    <região/>
    <ibge>2700300</ibge>
    <gia/>
    <ddd>82</ddd>
    <siafi>2705</siafi>
  </cep>
  <cep>
    <cep>57307-333</cep>
    <logradouro>Rua Severina de Albuquerque Silva</logradouro>
    <complemento/>
    <unidade/>
    <bairro>Jardim Esperança</bairro>
    <localidade>Arapiraca</localidade>
    <uf>AL</uf>
    <estado>Alagoas</estado>
    <região/>
    <ibge>2700300</ibge>
    <gia/>
    <ddd>82</ddd>
    <siafi>2705</siafi>
  </cep>
  <cep>
    <cep>57307-515</cep>
    <logradouro>Rua Márcia Melquíades</logradouro>
    <complemento/>
    <unidade/>
    <bairro>Jardim Esperança</bairro>
    <localidade>Arapiraca</localidade>
    <uf>AL</uf>
    <estado>Alagoas</estado>
    <região/>
    <ibge>2700300</ibge>
    <gia/>
    <ddd>82</ddd>
    <siafi>2705</siafi>
  </cep>
  <cep>
    <cep>57307-635</cep>
    <logradouro>Rua Expedicionários Brasileiros</logradouro>
    <complemento>lado par</complemento>
    <unidade/>
    <bairro>Jardim Esperança</bairro>
    <localidade>Arapiraca</localidade>
    <uf>AL</uf>
    <estado>Alagoas</estado>
    <região/>
    <ibge>2700300</ibge>
    <gia/>
    <ddd>82</ddd>
    <siafi>2705</siafi>
  </cep>
  <cep>
    <cep>57307-645</cep>
    <logradouro>Rua Antônio Carlos de Oliveira</logradouro>
    <complemento/>
    <unidade/>
    <bairro>Jardim Esperança</bairro>
    <localidade>Arapiraca</localidade>
    <uf>AL</uf>
    <estado>Alagoas</estado>
    <região/>
    <ibge>2700300</ibge>
    <gia/>
    <ddd>82</ddd>
    <siafi>2705</siafi>
  </cep>
  <cep>
    <cep>57308-175</cep>
    <logradouro>Rua Antônio Pereira dos Santos</logradouro>
    <complemento/>
    <unidade/>
    <bairro>Planalto</bairro>
    <localidade>Arapiraca</localidade>
    <uf>AL</uf>
    <estado>Alagoas</estado>
    <região/>
    <ibge>2700300</ibge>
    <gia/>
    <ddd>82</ddd>
    <siafi>2705</siafi>
  </cep>
  <cep>
    <cep>57308-367</cep>
    <logradouro>Rua Ibateguara</logradouro>
    <complemento/>
    <unidade/>
    <bairro>Planalto</bairro>
    <localidade>Arapiraca</localidade>
    <uf>AL</uf>
    <estado>Alagoas</estado>
    <região/>
    <ibge>2700300</ibge>
    <gia/>
    <ddd>82</ddd>
    <siafi>2705</siafi>
  </cep>
  <cep>
    <cep>57302-852</cep>
    <logradouro>Rua Luiz Carmino dos Santos</logradouro>
    <complemento/>
    <unidade/>
    <bairro>Canafístula</bairro>
    <localidade>Arapiraca</localidade>
    <uf>AL</uf>
    <estado>Alagoas</estado>
    <região/>
    <ibge>2700300</ibge>
    <gia/>
    <ddd>82</ddd>
    <siafi>2705</siafi>
  </cep>
  <cep>
    <cep>57309-191</cep>
    <logradouro>Rua Antônia Leão de Oliveira</logradouro>
    <complemento>(Lot Val Paraiso)</complemento>
    <unidade/>
    <bairro>Bom Sucesso</bairro>
    <localidade>Arapiraca</localidade>
    <uf>AL</uf>
    <estado>Alagoas</estado>
    <região/>
    <ibge>2700300</ibge>
    <gia/>
    <ddd>82</ddd>
    <siafi>2705</siafi>
  </cep>
  <cep>
    <cep>57308-283</cep>
    <logradouro>Rua Heleno Anfrísio dos Santos</logradouro>
    <complemento/>
    <unidade/>
    <bairro>Planalto</bairro>
    <localidade>Arapiraca</localidade>
    <uf>AL</uf>
    <estado>Alagoas</estado>
    <região/>
    <ibge>2700300</ibge>
    <gia/>
    <ddd>82</ddd>
    <siafi>2705</siafi>
  </cep>
  <cep>
    <cep>57309-192</cep>
    <logradouro>Rua Josefa Estelina Gomes</logradouro>
    <complemento>(Lot Val Paraiso)</complemento>
    <unidade/>
    <bairro>Bom Sucesso</bairro>
    <localidade>Arapiraca</localidade>
    <uf>AL</uf>
    <estado>Alagoas</estado>
    <região/>
    <ibge>2700300</ibge>
    <gia/>
    <ddd>82</ddd>
    <siafi>2705</siafi>
  </cep>
  <cep>
    <cep>57309-193</cep>
    <logradouro>Rua Odete de Oliveira Nunes</logradouro>
    <complemento>(Lot Val Paraíso)</complemento>
    <unidade/>
    <bairro>Bom Sucesso</bairro>
    <localidade>Arapiraca</localidade>
    <uf>AL</uf>
    <estado>Alagoas</estado>
    <região/>
    <ibge>2700300</ibge>
    <gia/>
    <ddd>82</ddd>
    <siafi>2705</siafi>
  </cep>
  <cep>
    <cep>57309-194</cep>
    <logradouro>Rua Severina Donatilda de Figueroa Santos</logradouro>
    <complemento>(Lot Val Paraíso)</complemento>
    <unidade/>
    <bairro>Bom Sucesso</bairro>
    <localidade>Arapiraca</localidade>
    <uf>AL</uf>
    <estado>Alagoas</estado>
    <região/>
    <ibge>2700300</ibge>
    <gia/>
    <ddd>82</ddd>
    <siafi>2705</siafi>
  </cep>
  <cep>
    <cep>57309-195</cep>
    <logradouro>Rua Antônio de Melo Rezende</logradouro>
    <complemento>(Lot Val Paraíso)</complemento>
    <unidade/>
    <bairro>Bom Sucesso</bairro>
    <localidade>Arapiraca</localidade>
    <uf>AL</uf>
    <estado>Alagoas</estado>
    <região/>
    <ibge>2700300</ibge>
    <gia/>
    <ddd>82</ddd>
    <siafi>2705</siafi>
  </cep>
  <cep>
    <cep>57309-196</cep>
    <logradouro>Rua Enaura Brito de Farias</logradouro>
    <complemento>(Lot Val Paraíso)</complemento>
    <unidade/>
    <bairro>Bom Sucesso</bairro>
    <localidade>Arapiraca</localidade>
    <uf>AL</uf>
    <estado>Alagoas</estado>
    <região/>
    <ibge>2700300</ibge>
    <gia/>
    <ddd>82</ddd>
    <siafi>2705</siafi>
  </cep>
  <cep>
    <cep>57309-198</cep>
    <logradouro>Rua Anízio Gomes da Silva</logradouro>
    <complemento>(Lot Val Paraíso)</complemento>
    <unidade/>
    <bairro>Bom Sucesso</bairro>
    <localidade>Arapiraca</localidade>
    <uf>AL</uf>
    <estado>Alagoas</estado>
    <região/>
    <ibge>2700300</ibge>
    <gia/>
    <ddd>82</ddd>
    <siafi>2705</siafi>
  </cep>
  <cep>
    <cep>57309-202</cep>
    <logradouro>Rua Maria José da Conceição</logradouro>
    <complemento/>
    <unidade/>
    <bairro>Bom Sucesso</bairro>
    <localidade>Arapiraca</localidade>
    <uf>AL</uf>
    <estado>Alagoas</estado>
    <região/>
    <ibge>2700300</ibge>
    <gia/>
    <ddd>82</ddd>
    <siafi>2705</siafi>
  </cep>
  <cep>
    <cep>57309-223</cep>
    <logradouro>Rua Tertulina Ferreira da Conceição</logradouro>
    <complemento/>
    <unidade/>
    <bairro>Bom Sucesso</bairro>
    <localidade>Arapiraca</localidade>
    <uf>AL</uf>
    <estado>Alagoas</estado>
    <região/>
    <ibge>2700300</ibge>
    <gia/>
    <ddd>82</ddd>
    <siafi>2705</siafi>
  </cep>
  <cep>
    <cep>57309-225</cep>
    <logradouro>Rua Santa Luzia</logradouro>
    <complemento/>
    <unidade/>
    <bairro>Bom Sucesso</bairro>
    <localidade>Arapiraca</localidade>
    <uf>AL</uf>
    <estado>Alagoas</estado>
    <região/>
    <ibge>2700300</ibge>
    <gia/>
    <ddd>82</ddd>
    <siafi>2705</siafi>
  </cep>
  <cep>
    <cep>57309-340</cep>
    <logradouro>Rua Terezinha Ângelo de Oliveira</logradouro>
    <complemento>(Lot Emanuely)</complemento>
    <unidade/>
    <bairro>Senador Nilo Coelho</bairro>
    <localidade>Arapiraca</localidade>
    <uf>AL</uf>
    <estado>Alagoas</estado>
    <região/>
    <ibge>2700300</ibge>
    <gia/>
    <ddd>82</ddd>
    <siafi>2705</siafi>
  </cep>
  <cep>
    <cep>57309-227</cep>
    <logradouro>Rua José Félix de Menezes</logradouro>
    <complemento/>
    <unidade/>
    <bairro>Bom Sucesso</bairro>
    <localidade>Arapiraca</localidade>
    <uf>AL</uf>
    <estado>Alagoas</estado>
    <região/>
    <ibge>2700300</ibge>
    <gia/>
    <ddd>82</ddd>
    <siafi>2705</siafi>
  </cep>
  <cep>
    <cep>57309-358</cep>
    <logradouro>Rua José Galdino dos Santos</logradouro>
    <complemento>(Lot Luar de Arapiraca)</complemento>
    <unidade/>
    <bairro>Senador Nilo Coelho</bairro>
    <localidade>Arapiraca</localidade>
    <uf>AL</uf>
    <estado>Alagoas</estado>
    <região/>
    <ibge>2700300</ibge>
    <gia/>
    <ddd>82</ddd>
    <siafi>2705</siafi>
  </cep>
  <cep>
    <cep>57309-342</cep>
    <logradouro>Rua Eunice Felix da Silva</logradouro>
    <complemento>(Lot Emanuely)</complemento>
    <unidade/>
    <bairro>Senador Nilo Coelho</bairro>
    <localidade>Arapiraca</localidade>
    <uf>AL</uf>
    <estado>Alagoas</estado>
    <região/>
    <ibge>2700300</ibge>
    <gia/>
    <ddd>82</ddd>
    <siafi>2705</siafi>
  </cep>
  <cep>
    <cep>57309-341</cep>
    <logradouro>Rua Maria Alves dos Santos</logradouro>
    <complemento>(Lot Emanuely)</complemento>
    <unidade/>
    <bairro>Senador Nilo Coelho</bairro>
    <localidade>Arapiraca</localidade>
    <uf>AL</uf>
    <estado>Alagoas</estado>
    <região/>
    <ibge>2700300</ibge>
    <gia/>
    <ddd>82</ddd>
    <siafi>2705</siafi>
  </cep>
  <cep>
    <cep>57309-343</cep>
    <logradouro>Rua Ione Barbosa Leite</logradouro>
    <complemento>(Lot Emanuely)</complemento>
    <unidade/>
    <bairro>Senador Nilo Coelho</bairro>
    <localidade>Arapiraca</localidade>
    <uf>AL</uf>
    <estado>Alagoas</estado>
    <região/>
    <ibge>2700300</ibge>
    <gia/>
    <ddd>82</ddd>
    <siafi>2705</siafi>
  </cep>
  <cep>
    <cep>57309-359</cep>
    <logradouro>Rua José Givaldo Maurício Lira</logradouro>
    <complemento>(Lot Luar de Arapiraca)</complemento>
    <unidade/>
    <bairro>Senador Nilo Coelho</bairro>
    <localidade>Arapiraca</localidade>
    <uf>AL</uf>
    <estado>Alagoas</estado>
    <região/>
    <ibge>2700300</ibge>
    <gia/>
    <ddd>82</ddd>
    <siafi>2705</siafi>
  </cep>
  <cep>
    <cep>57309-360</cep>
    <logradouro>Rua José Ferreira Maurício</logradouro>
    <complemento>(Lot Luar de Arapiraca)</complemento>
    <unidade/>
    <bairro>Senador Nilo Coelho</bairro>
    <localidade>Arapiraca</localidade>
    <uf>AL</uf>
    <estado>Alagoas</estado>
    <região/>
    <ibge>2700300</ibge>
    <gia/>
    <ddd>82</ddd>
    <siafi>2705</siafi>
  </cep>
  <cep>
    <cep>57309-364</cep>
    <logradouro>Rua Nilo de Brito Melo</logradouro>
    <complemento>(Lot Luar de Arapiraca)</complemento>
    <unidade/>
    <bairro>Senador Nilo Coelho</bairro>
    <localidade>Arapiraca</localidade>
    <uf>AL</uf>
    <estado>Alagoas</estado>
    <região/>
    <ibge>2700300</ibge>
    <gia/>
    <ddd>82</ddd>
    <siafi>2705</siafi>
  </cep>
  <cep>
    <cep>57309-363</cep>
    <logradouro>Rua Atevaldo Ferreira da Silva</logradouro>
    <complemento>(Lot Luar de Arapiraca)</complemento>
    <unidade/>
    <bairro>Senador Nilo Coelho</bairro>
    <localidade>Arapiraca</localidade>
    <uf>AL</uf>
    <estado>Alagoas</estado>
    <região/>
    <ibge>2700300</ibge>
    <gia/>
    <ddd>82</ddd>
    <siafi>2705</siafi>
  </cep>
  <cep>
    <cep>57309-361</cep>
    <logradouro>Rua Francisco Rosa do Vale</logradouro>
    <complemento>(Lot Luar de Arapiraca)</complemento>
    <unidade/>
    <bairro>Senador Nilo Coelho</bairro>
    <localidade>Arapiraca</localidade>
    <uf>AL</uf>
    <estado>Alagoas</estado>
    <região/>
    <ibge>2700300</ibge>
    <gia/>
    <ddd>82</ddd>
    <siafi>2705</siafi>
  </cep>
  <cep>
    <cep>57309-367</cep>
    <logradouro>Rua Espedito Ferreira da Silva</logradouro>
    <complemento>(Lot Luar de Arapiraca)</complemento>
    <unidade/>
    <bairro>Senador Nilo Coelho</bairro>
    <localidade>Arapiraca</localidade>
    <uf>AL</uf>
    <estado>Alagoas</estado>
    <região/>
    <ibge>2700300</ibge>
    <gia/>
    <ddd>82</ddd>
    <siafi>2705</siafi>
  </cep>
  <cep>
    <cep>57309-365</cep>
    <logradouro>Rua Cristália Maurício da Silva</logradouro>
    <complemento>(Lot Luar de Arapiraca)</complemento>
    <unidade/>
    <bairro>Senador Nilo Coelho</bairro>
    <localidade>Arapiraca</localidade>
    <uf>AL</uf>
    <estado>Alagoas</estado>
    <região/>
    <ibge>2700300</ibge>
    <gia/>
    <ddd>82</ddd>
    <siafi>2705</siafi>
  </cep>
  <cep>
    <cep>57309-368</cep>
    <logradouro>Rua Antonio Gomes da Silva</logradouro>
    <complemento>(Lot Luar de Arapiraca)</complemento>
    <unidade/>
    <bairro>Senador Nilo Coelho</bairro>
    <localidade>Arapiraca</localidade>
    <uf>AL</uf>
    <estado>Alagoas</estado>
    <região/>
    <ibge>2700300</ibge>
    <gia/>
    <ddd>82</ddd>
    <siafi>2705</siafi>
  </cep>
  <cep>
    <cep>57309-369</cep>
    <logradouro>Rua Júlio Ferreira da Silva</logradouro>
    <complemento>(Lot Luar de Arapiraca)</complemento>
    <unidade/>
    <bairro>Senador Nilo Coelho</bairro>
    <localidade>Arapiraca</localidade>
    <uf>AL</uf>
    <estado>Alagoas</estado>
    <região/>
    <ibge>2700300</ibge>
    <gia/>
    <ddd>82</ddd>
    <siafi>2705</siafi>
  </cep>
  <cep>
    <cep>57309-372</cep>
    <logradouro>Rua Maria Luiza de Oliveira</logradouro>
    <complemento>(Lot Luar de Arapiraca)</complemento>
    <unidade/>
    <bairro>Senador Nilo Coelho</bairro>
    <localidade>Arapiraca</localidade>
    <uf>AL</uf>
    <estado>Alagoas</estado>
    <região/>
    <ibge>2700300</ibge>
    <gia/>
    <ddd>82</ddd>
    <siafi>2705</siafi>
  </cep>
  <cep>
    <cep>57309-373</cep>
    <logradouro>Rua José Soares da Rocha</logradouro>
    <complemento>(Lot Luar de Arapiraca)</complemento>
    <unidade/>
    <bairro>Senador Nilo Coelho</bairro>
    <localidade>Arapiraca</localidade>
    <uf>AL</uf>
    <estado>Alagoas</estado>
    <região/>
    <ibge>2700300</ibge>
    <gia/>
    <ddd>82</ddd>
    <siafi>2705</siafi>
  </cep>
  <cep>
    <cep>57309-370</cep>
    <logradouro>Rua Manoel Ferreira Maurício</logradouro>
    <complemento>(Lot Luar de Arapiraca)</complemento>
    <unidade/>
    <bairro>Senador Nilo Coelho</bairro>
    <localidade>Arapiraca</localidade>
    <uf>AL</uf>
    <estado>Alagoas</estado>
    <região/>
    <ibge>2700300</ibge>
    <gia/>
    <ddd>82</ddd>
    <siafi>2705</siafi>
  </cep>
  <cep>
    <cep>57309-371</cep>
    <logradouro>Rua Creuza Maurício da Paz</logradouro>
    <complemento>(Lot Luar de Arapiraca)</complemento>
    <unidade/>
    <bairro>Senador Nilo Coelho</bairro>
    <localidade>Arapiraca</localidade>
    <uf>AL</uf>
    <estado>Alagoas</estado>
    <região/>
    <ibge>2700300</ibge>
    <gia/>
    <ddd>82</ddd>
    <siafi>2705</siafi>
  </cep>
  <cep>
    <cep>57309-376</cep>
    <logradouro>Rua Ernesto Leandro de Lira</logradouro>
    <complemento>(Lot Luar de Arapiraca)</complemento>
    <unidade/>
    <bairro>Senador Nilo Coelho</bairro>
    <localidade>Arapiraca</localidade>
    <uf>AL</uf>
    <estado>Alagoas</estado>
    <região/>
    <ibge>2700300</ibge>
    <gia/>
    <ddd>82</ddd>
    <siafi>2705</siafi>
  </cep>
  <cep>
    <cep>57309-377</cep>
    <logradouro>Avenida Cristália Maurício Lira</logradouro>
    <complemento>(Lot Luar de Arapiraca)</complemento>
    <unidade/>
    <bairro>Senador Nilo Coelho</bairro>
    <localidade>Arapiraca</localidade>
    <uf>AL</uf>
    <estado>Alagoas</estado>
    <região/>
    <ibge>2700300</ibge>
    <gia/>
    <ddd>82</ddd>
    <siafi>2705</siafi>
  </cep>
  <cep>
    <cep>57309-379</cep>
    <logradouro>Rua José Pedro da Silva</logradouro>
    <complemento>(Lot Luar de Arapiraca)</complemento>
    <unidade/>
    <bairro>Senador Nilo Coelho</bairro>
    <localidade>Arapiraca</localidade>
    <uf>AL</uf>
    <estado>Alagoas</estado>
    <região/>
    <ibge>2700300</ibge>
    <gia/>
    <ddd>82</ddd>
    <siafi>2705</siafi>
  </cep>
  <cep>
    <cep>57309-374</cep>
    <logradouro>Rua Washington dos Santos Ferreira</logradouro>
    <complemento>(Lot Luar de Arapiraca)</complemento>
    <unidade/>
    <bairro>Senador Nilo Coelho</bairro>
    <localidade>Arapiraca</localidade>
    <uf>AL</uf>
    <estado>Alagoas</estado>
    <região/>
    <ibge>2700300</ibge>
    <gia/>
    <ddd>82</ddd>
    <siafi>2705</siafi>
  </cep>
  <cep>
    <cep>57309-375</cep>
    <logradouro>Rua Antonio Aristides da Silva</logradouro>
    <complemento>(Lot Luar de Arapiraca)</complemento>
    <unidade/>
    <bairro>Senador Nilo Coelho</bairro>
    <localidade>Arapiraca</localidade>
    <uf>AL</uf>
    <estado>Alagoas</estado>
    <região/>
    <ibge>2700300</ibge>
    <gia/>
    <ddd>82</ddd>
    <siafi>2705</siafi>
  </cep>
  <cep>
    <cep>57309-381</cep>
    <logradouro>Rua Severino dos Ramos Italiano de Almeida</logradouro>
    <complemento>(Lot Luar de Arapiraca)</complemento>
    <unidade/>
    <bairro>Senador Nilo Coelho</bairro>
    <localidade>Arapiraca</localidade>
    <uf>AL</uf>
    <estado>Alagoas</estado>
    <região/>
    <ibge>2700300</ibge>
    <gia/>
    <ddd>82</ddd>
    <siafi>2705</siafi>
  </cep>
  <cep>
    <cep>57309-383</cep>
    <logradouro>Rua José Clemente de Lima</logradouro>
    <complemento>(Lot Luar de Arapiraca)</complemento>
    <unidade/>
    <bairro>Senador Nilo Coelho</bairro>
    <localidade>Arapiraca</localidade>
    <uf>AL</uf>
    <estado>Alagoas</estado>
    <região/>
    <ibge>2700300</ibge>
    <gia/>
    <ddd>82</ddd>
    <siafi>2705</siafi>
  </cep>
  <cep>
    <cep>57309-380</cep>
    <logradouro>Rua Bianor Batista de Oliveira</logradouro>
    <complemento>(Lot Luar de Arapiraca)</complemento>
    <unidade/>
    <bairro>Senador Nilo Coelho</bairro>
    <localidade>Arapiraca</localidade>
    <uf>AL</uf>
    <estado>Alagoas</estado>
    <região/>
    <ibge>2700300</ibge>
    <gia/>
    <ddd>82</ddd>
    <siafi>2705</siafi>
  </cep>
  <cep>
    <cep>57309-384</cep>
    <logradouro>Rua José Tertuliano Pereira</logradouro>
    <complemento>(Lot Luar de Arapiraca)</complemento>
    <unidade/>
    <bairro>Senador Nilo Coelho</bairro>
    <localidade>Arapiraca</localidade>
    <uf>AL</uf>
    <estado>Alagoas</estado>
    <região/>
    <ibge>2700300</ibge>
    <gia/>
    <ddd>82</ddd>
    <siafi>2705</siafi>
  </cep>
  <cep>
    <cep>57309-382</cep>
    <logradouro>Rua Edvaldo Batista da Silva</logradouro>
    <complemento>(Lot Luar de Arapiraca)</complemento>
    <unidade/>
    <bairro>Senador Nilo Coelho</bairro>
    <localidade>Arapiraca</localidade>
    <uf>AL</uf>
    <estado>Alagoas</estado>
    <região/>
    <ibge>2700300</ibge>
    <gia/>
    <ddd>82</ddd>
    <siafi>2705</siafi>
  </cep>
  <cep>
    <cep>57309-385</cep>
    <logradouro>Rua Julieta Antônia de Gois</logradouro>
    <complemento>(Lot Luar de Arapiraca)</complemento>
    <unidade/>
    <bairro>Senador Nilo Coelho</bairro>
    <localidade>Arapiraca</localidade>
    <uf>AL</uf>
    <estado>Alagoas</estado>
    <região/>
    <ibge>2700300</ibge>
    <gia/>
    <ddd>82</ddd>
    <siafi>2705</siafi>
  </cep>
  <cep>
    <cep>57309-386</cep>
    <logradouro>Rua Onofre Virgineo de Gois</logradouro>
    <complemento>(Lot Luar de Arapiraca)</complemento>
    <unidade/>
    <bairro>Senador Nilo Coelho</bairro>
    <localidade>Arapiraca</localidade>
    <uf>AL</uf>
    <estado>Alagoas</estado>
    <região/>
    <ibge>2700300</ibge>
    <gia/>
    <ddd>82</ddd>
    <siafi>2705</siafi>
  </cep>
  <cep>
    <cep>57309-387</cep>
    <logradouro>Rua João de Albuquerque Nunes Neto</logradouro>
    <complemento>(Lot Luar de Arapiraca)</complemento>
    <unidade/>
    <bairro>Senador Nilo Coelho</bairro>
    <localidade>Arapiraca</localidade>
    <uf>AL</uf>
    <estado>Alagoas</estado>
    <região/>
    <ibge>2700300</ibge>
    <gia/>
    <ddd>82</ddd>
    <siafi>2705</siafi>
  </cep>
  <cep>
    <cep>57309-388</cep>
    <logradouro>Rua Damião Benedito da Silva</logradouro>
    <complemento>(Lot Luar de Arapiraca)</complemento>
    <unidade/>
    <bairro>Senador Nilo Coelho</bairro>
    <localidade>Arapiraca</localidade>
    <uf>AL</uf>
    <estado>Alagoas</estado>
    <região/>
    <ibge>2700300</ibge>
    <gia/>
    <ddd>82</ddd>
    <siafi>2705</siafi>
  </cep>
  <cep>
    <cep>57309-389</cep>
    <logradouro>Rua Lijanira Ferreira Neto</logradouro>
    <complemento>(Lot Luar de Arapiraca)</complemento>
    <unidade/>
    <bairro>Senador Nilo Coelho</bairro>
    <localidade>Arapiraca</localidade>
    <uf>AL</uf>
    <estado>Alagoas</estado>
    <região/>
    <ibge>2700300</ibge>
    <gia/>
    <ddd>82</ddd>
    <siafi>2705</siafi>
  </cep>
  <cep>
    <cep>57309-422</cep>
    <logradouro>Rua Expedicionários Brasileiros</logradouro>
    <complemento>lado ímpar</complemento>
    <unidade/>
    <bairro>Senador Nilo Coelho</bairro>
    <localidade>Arapiraca</localidade>
    <uf>AL</uf>
    <estado>Alagoas</estado>
    <região/>
    <ibge>2700300</ibge>
    <gia/>
    <ddd>82</ddd>
    <siafi>2705</siafi>
  </cep>
  <cep>
    <cep>57309-444</cep>
    <logradouro>Rua Plácido Augusto Fonseca Dias</logradouro>
    <complemento/>
    <unidade/>
    <bairro>Senador Nilo Coelho</bairro>
    <localidade>Arapiraca</localidade>
    <uf>AL</uf>
    <estado>Alagoas</estado>
    <região/>
    <ibge>2700300</ibge>
    <gia/>
    <ddd>82</ddd>
    <siafi>2705</siafi>
  </cep>
  <cep>
    <cep>57309-446</cep>
    <logradouro>Rua Milton Carnaúba Torres Paiva</logradouro>
    <complemento/>
    <unidade/>
    <bairro>Senador Nilo Coelho</bairro>
    <localidade>Arapiraca</localidade>
    <uf>AL</uf>
    <estado>Alagoas</estado>
    <região/>
    <ibge>2700300</ibge>
    <gia/>
    <ddd>82</ddd>
    <siafi>2705</siafi>
  </cep>
  <cep>
    <cep>57309-448</cep>
    <logradouro>Rua Leonardo Correia da Rocha</logradouro>
    <complemento/>
    <unidade/>
    <bairro>Senador Nilo Coelho</bairro>
    <localidade>Arapiraca</localidade>
    <uf>AL</uf>
    <estado>Alagoas</estado>
    <região/>
    <ibge>2700300</ibge>
    <gia/>
    <ddd>82</ddd>
    <siafi>2705</siafi>
  </cep>
  <cep>
    <cep>57309-468</cep>
    <logradouro>Rua Josina Maria da SIlva</logradouro>
    <complemento>(L do Cavaco)</complemento>
    <unidade/>
    <bairro>Senador Nilo Coelho</bairro>
    <localidade>Arapiraca</localidade>
    <uf>AL</uf>
    <estado>Alagoas</estado>
    <região/>
    <ibge>2700300</ibge>
    <gia/>
    <ddd>82</ddd>
    <siafi>2705</siafi>
  </cep>
  <cep>
    <cep>57309-471</cep>
    <logradouro>Rua Firmino José da Silva</logradouro>
    <complemento/>
    <unidade/>
    <bairro>Senador Nilo Coelho</bairro>
    <localidade>Arapiraca</localidade>
    <uf>AL</uf>
    <estado>Alagoas</estado>
    <região/>
    <ibge>2700300</ibge>
    <gia/>
    <ddd>82</ddd>
    <siafi>2705</siafi>
  </cep>
  <cep>
    <cep>57309-473</cep>
    <logradouro>Rua Maria Luduvina da Silva</logradouro>
    <complemento/>
    <unidade/>
    <bairro>Senador Nilo Coelho</bairro>
    <localidade>Arapiraca</localidade>
    <uf>AL</uf>
    <estado>Alagoas</estado>
    <região/>
    <ibge>2700300</ibge>
    <gia/>
    <ddd>82</ddd>
    <siafi>2705</siafi>
  </cep>
  <cep>
    <cep>57309-475</cep>
    <logradouro>Rua Laurinita Oliveira da Silva</logradouro>
    <complemento/>
    <unidade/>
    <bairro>Senador Nilo Coelho</bairro>
    <localidade>Arapiraca</localidade>
    <uf>AL</uf>
    <estado>Alagoas</estado>
    <região/>
    <ibge>2700300</ibge>
    <gia/>
    <ddd>82</ddd>
    <siafi>2705</siafi>
  </cep>
  <cep>
    <cep>57309-477</cep>
    <logradouro>Rua Floriano de Oliveira Silva</logradouro>
    <complemento/>
    <unidade/>
    <bairro>Senador Nilo Coelho</bairro>
    <localidade>Arapiraca</localidade>
    <uf>AL</uf>
    <estado>Alagoas</estado>
    <região/>
    <ibge>2700300</ibge>
    <gia/>
    <ddd>82</ddd>
    <siafi>2705</siafi>
  </cep>
  <cep>
    <cep>57309-479</cep>
    <logradouro>Rua Nadir Rodrigues de Lima</logradouro>
    <complemento/>
    <unidade/>
    <bairro>Senador Nilo Coelho</bairro>
    <localidade>Arapiraca</localidade>
    <uf>AL</uf>
    <estado>Alagoas</estado>
    <região/>
    <ibge>2700300</ibge>
    <gia/>
    <ddd>82</ddd>
    <siafi>2705</siafi>
  </cep>
  <cep>
    <cep>57309-481</cep>
    <logradouro>Rua Sônia Barbosa Valeriano</logradouro>
    <complemento/>
    <unidade/>
    <bairro>Senador Nilo Coelho</bairro>
    <localidade>Arapiraca</localidade>
    <uf>AL</uf>
    <estado>Alagoas</estado>
    <região/>
    <ibge>2700300</ibge>
    <gia/>
    <ddd>82</ddd>
    <siafi>2705</siafi>
  </cep>
  <cep>
    <cep>57309-483</cep>
    <logradouro>Rua José Corado dos Anjos</logradouro>
    <complemento>(L do Cavaco)</complemento>
    <unidade/>
    <bairro>Senador Nilo Coelho</bairro>
    <localidade>Arapiraca</localidade>
    <uf>AL</uf>
    <estado>Alagoas</estado>
    <região/>
    <ibge>2700300</ibge>
    <gia/>
    <ddd>82</ddd>
    <siafi>2705</siafi>
  </cep>
  <cep>
    <cep>57309-485</cep>
    <logradouro>Rua Luzia Mendes da Silva</logradouro>
    <complemento>(L do Cavaco)</complemento>
    <unidade/>
    <bairro>Senador Nilo Coelho</bairro>
    <localidade>Arapiraca</localidade>
    <uf>AL</uf>
    <estado>Alagoas</estado>
    <região/>
    <ibge>2700300</ibge>
    <gia/>
    <ddd>82</ddd>
    <siafi>2705</siafi>
  </cep>
  <cep>
    <cep>57309-486</cep>
    <logradouro>Rua Benedito José dos Santos</logradouro>
    <complemento/>
    <unidade/>
    <bairro>Senador Nilo Coelho</bairro>
    <localidade>Arapiraca</localidade>
    <uf>AL</uf>
    <estado>Alagoas</estado>
    <região/>
    <ibge>2700300</ibge>
    <gia/>
    <ddd>82</ddd>
    <siafi>2705</siafi>
  </cep>
  <cep>
    <cep>57309-487</cep>
    <logradouro>Rua Dionézia Maria da Silva</logradouro>
    <complemento>(Lot Luar do Cavaco)</complemento>
    <unidade/>
    <bairro>Senador Nilo Coelho</bairro>
    <localidade>Arapiraca</localidade>
    <uf>AL</uf>
    <estado>Alagoas</estado>
    <região/>
    <ibge>2700300</ibge>
    <gia/>
    <ddd>82</ddd>
    <siafi>2705</siafi>
  </cep>
  <cep>
    <cep>57309-489</cep>
    <logradouro>Rua Otacílio Esequiel dos Santos</logradouro>
    <complemento/>
    <unidade/>
    <bairro>Senador Nilo Coelho</bairro>
    <localidade>Arapiraca</localidade>
    <uf>AL</uf>
    <estado>Alagoas</estado>
    <região/>
    <ibge>2700300</ibge>
    <gia/>
    <ddd>82</ddd>
    <siafi>2705</siafi>
  </cep>
  <cep>
    <cep>57309-512</cep>
    <logradouro>Rua José Clementino Bispo</logradouro>
    <complemento>(Lot Vale do Sol I)</complemento>
    <unidade/>
    <bairro>Senador Nilo Coelho</bairro>
    <localidade>Arapiraca</localidade>
    <uf>AL</uf>
    <estado>Alagoas</estado>
    <região/>
    <ibge>2700300</ibge>
    <gia/>
    <ddd>82</ddd>
    <siafi>2705</siafi>
  </cep>
  <cep>
    <cep>57309-513</cep>
    <logradouro>Rua Maria José Teixeira da Silva</logradouro>
    <complemento>(Lot Vale do Sol I)</complemento>
    <unidade/>
    <bairro>Senador Nilo Coelho</bairro>
    <localidade>Arapiraca</localidade>
    <uf>AL</uf>
    <estado>Alagoas</estado>
    <região/>
    <ibge>2700300</ibge>
    <gia/>
    <ddd>82</ddd>
    <siafi>2705</siafi>
  </cep>
  <cep>
    <cep>57309-515</cep>
    <logradouro>Rua Pastora Maria Bispo da Silva</logradouro>
    <complemento>(Lot Vale do Sol I)</complemento>
    <unidade/>
    <bairro>Senador Nilo Coelho</bairro>
    <localidade>Arapiraca</localidade>
    <uf>AL</uf>
    <estado>Alagoas</estado>
    <região/>
    <ibge>2700300</ibge>
    <gia/>
    <ddd>82</ddd>
    <siafi>2705</siafi>
  </cep>
  <cep>
    <cep>57309-514</cep>
    <logradouro>Rua Maria Juvino Bispo</logradouro>
    <complemento>(Lot Vale do Sol I)</complemento>
    <unidade/>
    <bairro>Senador Nilo Coelho</bairro>
    <localidade>Arapiraca</localidade>
    <uf>AL</uf>
    <estado>Alagoas</estado>
    <região/>
    <ibge>2700300</ibge>
    <gia/>
    <ddd>82</ddd>
    <siafi>2705</siafi>
  </cep>
  <cep>
    <cep>57309-511</cep>
    <logradouro>Rua Maria Marina da Conceição</logradouro>
    <complemento>(Lot Vale do Sol I)</complemento>
    <unidade/>
    <bairro>Senador Nilo Coelho</bairro>
    <localidade>Arapiraca</localidade>
    <uf>AL</uf>
    <estado>Alagoas</estado>
    <região/>
    <ibge>2700300</ibge>
    <gia/>
    <ddd>82</ddd>
    <siafi>2705</siafi>
  </cep>
  <cep>
    <cep>57309-516</cep>
    <logradouro>Rua Clementino Odilon Bispo</logradouro>
    <complemento>(Lot Vale do Sol I)</complemento>
    <unidade/>
    <bairro>Senador Nilo Coelho</bairro>
    <localidade>Arapiraca</localidade>
    <uf>AL</uf>
    <estado>Alagoas</estado>
    <região/>
    <ibge>2700300</ibge>
    <gia/>
    <ddd>82</ddd>
    <siafi>2705</siafi>
  </cep>
  <cep>
    <cep>57309-517</cep>
    <logradouro>Rua José Bela Barbosa da Silva</logradouro>
    <complemento>(Lot Vale do Sol I)</complemento>
    <unidade/>
    <bairro>Senador Nilo Coelho</bairro>
    <localidade>Arapiraca</localidade>
    <uf>AL</uf>
    <estado>Alagoas</estado>
    <região/>
    <ibge>2700300</ibge>
    <gia/>
    <ddd>82</ddd>
    <siafi>2705</siafi>
  </cep>
  <cep>
    <cep>57309-600</cep>
    <logradouro>Avenida Pedro Balbino Sobrinho</logradouro>
    <complemento/>
    <unidade/>
    <bairro>Massaranduba</bairro>
    <localidade>Arapiraca</localidade>
    <uf>AL</uf>
    <estado>Alagoas</estado>
    <região/>
    <ibge>2700300</ibge>
    <gia/>
    <ddd>82</ddd>
    <siafi>2705</siafi>
  </cep>
  <cep>
    <cep>57309-680</cep>
    <logradouro>Rua Maria José de Souza</logradouro>
    <complemento/>
    <unidade/>
    <bairro>Massaranduba</bairro>
    <localidade>Arapiraca</localidade>
    <uf>AL</uf>
    <estado>Alagoas</estado>
    <região/>
    <ibge>2700300</ibge>
    <gia/>
    <ddd>82</ddd>
    <siafi>2705</siafi>
  </cep>
  <cep>
    <cep>57309-681</cep>
    <logradouro>Rua Juarez Pacheco da Silva</logradouro>
    <complemento/>
    <unidade/>
    <bairro>Massaranduba</bairro>
    <localidade>Arapiraca</localidade>
    <uf>AL</uf>
    <estado>Alagoas</estado>
    <região/>
    <ibge>2700300</ibge>
    <gia/>
    <ddd>82</ddd>
    <siafi>2705</siafi>
  </cep>
  <cep>
    <cep>57309-684</cep>
    <logradouro>Rua Pedro Galdino dos Santos</logradouro>
    <complemento/>
    <unidade/>
    <bairro>Massaranduba</bairro>
    <localidade>Arapiraca</localidade>
    <uf>AL</uf>
    <estado>Alagoas</estado>
    <região/>
    <ibge>2700300</ibge>
    <gia/>
    <ddd>82</ddd>
    <siafi>2705</siafi>
  </cep>
  <cep>
    <cep>57309-800</cep>
    <logradouro>Rodovia AL-115</logradouro>
    <complemento/>
    <unidade/>
    <bairro>Massaranduba</bairro>
    <localidade>Arapiraca</localidade>
    <uf>AL</uf>
    <estado>Alagoas</estado>
    <região/>
    <ibge>2700300</ibge>
    <gia/>
    <ddd>82</ddd>
    <siafi>2705</siafi>
  </cep>
  <cep>
    <cep>57310-227</cep>
    <logradouro>Rua Jadson de Lira Pereira</logradouro>
    <complemento/>
    <unidade/>
    <bairro>Capiatã</bairro>
    <localidade>Arapiraca</localidade>
    <uf>AL</uf>
    <estado>Alagoas</estado>
    <região/>
    <ibge>2700300</ibge>
    <gia/>
    <ddd>82</ddd>
    <siafi>2705</siafi>
  </cep>
  <cep>
    <cep>57309-679</cep>
    <logradouro>Rua Francisco Xavier de Lima</logradouro>
    <complemento/>
    <unidade/>
    <bairro>Massaranduba</bairro>
    <localidade>Arapiraca</localidade>
    <uf>AL</uf>
    <estado>Alagoas</estado>
    <região/>
    <ibge>2700300</ibge>
    <gia/>
    <ddd>82</ddd>
    <siafi>2705</siafi>
  </cep>
  <cep>
    <cep>57310-323</cep>
    <logradouro>Rua Francisco Carlos Barbosa Rocha</logradouro>
    <complemento/>
    <unidade/>
    <bairro>Santa Edwiges</bairro>
    <localidade>Arapiraca</localidade>
    <uf>AL</uf>
    <estado>Alagoas</estado>
    <região/>
    <ibge>2700300</ibge>
    <gia/>
    <ddd>82</ddd>
    <siafi>2705</siafi>
  </cep>
  <cep>
    <cep>57311-249</cep>
    <logradouro>Rua Delmiro Gouveia</logradouro>
    <complemento/>
    <unidade/>
    <bairro>Caititus</bairro>
    <localidade>Arapiraca</localidade>
    <uf>AL</uf>
    <estado>Alagoas</estado>
    <região/>
    <ibge>2700300</ibge>
    <gia/>
    <ddd>82</ddd>
    <siafi>2705</siafi>
  </cep>
  <cep>
    <cep>57313-015</cep>
    <logradouro>Rua Quinze de Novembro</logradouro>
    <complemento>lado ímpar</complemento>
    <unidade/>
    <bairro>Brasília</bairro>
    <localidade>Arapiraca</localidade>
    <uf>AL</uf>
    <estado>Alagoas</estado>
    <região/>
    <ibge>2700300</ibge>
    <gia/>
    <ddd>82</ddd>
    <siafi>2705</siafi>
  </cep>
  <cep>
    <cep>57311-585</cep>
    <logradouro>Rua São José</logradouro>
    <complemento>de 835 ao fim - lado ímpar</complemento>
    <unidade/>
    <bairro>Senador Teotônio Vilela</bairro>
    <localidade>Arapiraca</localidade>
    <uf>AL</uf>
    <estado>Alagoas</estado>
    <região/>
    <ibge>2700300</ibge>
    <gia/>
    <ddd>82</ddd>
    <siafi>2705</siafi>
  </cep>
  <cep>
    <cep>57309-682</cep>
    <logradouro>Rua Washington dos Santos Ferreira</logradouro>
    <complemento/>
    <unidade/>
    <bairro>Massaranduba</bairro>
    <localidade>Arapiraca</localidade>
    <uf>AL</uf>
    <estado>Alagoas</estado>
    <região/>
    <ibge>2700300</ibge>
    <gia/>
    <ddd>82</ddd>
    <siafi>2705</siafi>
  </cep>
  <cep>
    <cep>57310-228</cep>
    <logradouro>Rua Pajuçara</logradouro>
    <complemento/>
    <unidade/>
    <bairro>Capiatã</bairro>
    <localidade>Arapiraca</localidade>
    <uf>AL</uf>
    <estado>Alagoas</estado>
    <região/>
    <ibge>2700300</ibge>
    <gia/>
    <ddd>82</ddd>
    <siafi>2705</siafi>
  </cep>
  <cep>
    <cep>57315-772</cep>
    <logradouro>Rua Antônio José dos Santos</logradouro>
    <complemento/>
    <unidade/>
    <bairro>Senador Arnon de Melo</bairro>
    <localidade>Arapiraca</localidade>
    <uf>AL</uf>
    <estado>Alagoas</estado>
    <região/>
    <ibge>2700300</ibge>
    <gia/>
    <ddd>82</ddd>
    <siafi>2705</siafi>
  </cep>
  <cep>
    <cep>57313-025</cep>
    <logradouro>Rua Delmiro Gouveia</logradouro>
    <complemento/>
    <unidade/>
    <bairro>Brasília</bairro>
    <localidade>Arapiraca</localidade>
    <uf>AL</uf>
    <estado>Alagoas</estado>
    <região/>
    <ibge>2700300</ibge>
    <gia/>
    <ddd>82</ddd>
    <siafi>2705</siafi>
  </cep>
  <cep>
    <cep>57315-774</cep>
    <logradouro>Rua Josefa Josenilda da Silva</logradouro>
    <complemento/>
    <unidade/>
    <bairro>Senador Arnon de Melo</bairro>
    <localidade>Arapiraca</localidade>
    <uf>AL</uf>
    <estado>Alagoas</estado>
    <região/>
    <ibge>2700300</ibge>
    <gia/>
    <ddd>82</ddd>
    <siafi>2705</siafi>
  </cep>
  <cep>
    <cep>57315-776</cep>
    <logradouro>Rua Iraci Nunes de Brito</logradouro>
    <complemento/>
    <unidade/>
    <bairro>Senador Arnon de Melo</bairro>
    <localidade>Arapiraca</localidade>
    <uf>AL</uf>
    <estado>Alagoas</estado>
    <região/>
    <ibge>2700300</ibge>
    <gia/>
    <ddd>82</ddd>
    <siafi>2705</siafi>
  </cep>
  <cep>
    <cep>57315-094</cep>
    <logradouro>Rua João Nicolau de Melo</logradouro>
    <complemento/>
    <unidade/>
    <bairro>Senador Arnon de Melo</bairro>
    <localidade>Arapiraca</localidade>
    <uf>AL</uf>
    <estado>Alagoas</estado>
    <região/>
    <ibge>2700300</ibge>
    <gia/>
    <ddd>82</ddd>
    <siafi>2705</siafi>
  </cep>
  <cep>
    <cep>57316-183</cep>
    <logradouro>Rua João Soares da SIlva</logradouro>
    <complemento/>
    <unidade/>
    <bairro>Jardim Tropical</bairro>
    <localidade>Arapiraca</localidade>
    <uf>AL</uf>
    <estado>Alagoas</estado>
    <região/>
    <ibge>2700300</ibge>
    <gia/>
    <ddd>82</ddd>
    <siafi>2705</siafi>
  </cep>
  <cep>
    <cep>57309-748</cep>
    <logradouro>Rua Ambrózio de Lima</logradouro>
    <complemento/>
    <unidade/>
    <bairro>Massaranduba</bairro>
    <localidade>Arapiraca</localidade>
    <uf>AL</uf>
    <estado>Alagoas</estado>
    <região/>
    <ibge>2700300</ibge>
    <gia/>
    <ddd>82</ddd>
    <siafi>2705</siafi>
  </cep>
  <cep>
    <cep>57317-083</cep>
    <logradouro>Rua João Lima de Brito</logradouro>
    <complemento/>
    <unidade/>
    <bairro>Deputado Nezinho</bairro>
    <localidade>Arapiraca</localidade>
    <uf>AL</uf>
    <estado>Alagoas</estado>
    <região/>
    <ibge>2700300</ibge>
    <gia/>
    <ddd>82</ddd>
    <siafi>2705</siafi>
  </cep>
  <cep>
    <cep>57309-774</cep>
    <logradouro>Avenida Pio XII</logradouro>
    <complemento/>
    <unidade/>
    <bairro>Massaranduba</bairro>
    <localidade>Arapiraca</localidade>
    <uf>AL</uf>
    <estado>Alagoas</estado>
    <região/>
    <ibge>2700300</ibge>
    <gia/>
    <ddd>82</ddd>
    <siafi>2705</siafi>
  </cep>
  <cep>
    <cep>57317-084</cep>
    <logradouro>Rua João Ferreira de Macêdo</logradouro>
    <complemento/>
    <unidade/>
    <bairro>Deputado Nezinho</bairro>
    <localidade>Arapiraca</localidade>
    <uf>AL</uf>
    <estado>Alagoas</estado>
    <região/>
    <ibge>2700300</ibge>
    <gia/>
    <ddd>82</ddd>
    <siafi>2705</siafi>
  </cep>
  <cep>
    <cep>57312-258</cep>
    <logradouro>Rua São José</logradouro>
    <complemento>de 802 ao fim - lado par</complemento>
    <unidade/>
    <bairro>Alto do Cruzeiro</bairro>
    <localidade>Arapiraca</localidade>
    <uf>AL</uf>
    <estado>Alagoas</estado>
    <região/>
    <ibge>2700300</ibge>
    <gia/>
    <ddd>82</ddd>
    <siafi>2705</siafi>
  </cep>
  <cep>
    <cep>57316-418</cep>
    <logradouro>Rua Judite Soares da Silva</logradouro>
    <complemento/>
    <unidade/>
    <bairro>Nova Esperança</bairro>
    <localidade>Arapiraca</localidade>
    <uf>AL</uf>
    <estado>Alagoas</estado>
    <região/>
    <ibge>2700300</ibge>
    <gia/>
    <ddd>82</ddd>
    <siafi>2705</siafi>
  </cep>
  <cep>
    <cep>57310-297</cep>
    <logradouro>Rua Estudante Kledson Tarciano Magalhães</logradouro>
    <complemento/>
    <unidade/>
    <bairro>Santa Edwiges</bairro>
    <localidade>Arapiraca</localidade>
    <uf>AL</uf>
    <estado>Alagoas</estado>
    <região/>
    <ibge>2700300</ibge>
    <gia/>
    <ddd>82</ddd>
    <siafi>2705</siafi>
  </cep>
  <cep>
    <cep>57317-087</cep>
    <logradouro>Rua Francisca Luiz dos Santos</logradouro>
    <complemento/>
    <unidade/>
    <bairro>Deputado Nezinho</bairro>
    <localidade>Arapiraca</localidade>
    <uf>AL</uf>
    <estado>Alagoas</estado>
    <região/>
    <ibge>2700300</ibge>
    <gia/>
    <ddd>82</ddd>
    <siafi>2705</siafi>
  </cep>
  <cep>
    <cep>57317-085</cep>
    <logradouro>Rua João Gomes de Oliveira</logradouro>
    <complemento/>
    <unidade/>
    <bairro>Deputado Nezinho</bairro>
    <localidade>Arapiraca</localidade>
    <uf>AL</uf>
    <estado>Alagoas</estado>
    <região/>
    <ibge>2700300</ibge>
    <gia/>
    <ddd>82</ddd>
    <siafi>2705</siafi>
  </cep>
  <cep>
    <cep>57317-086</cep>
    <logradouro>Rua Josefa Antônia do Nascimento</logradouro>
    <complemento/>
    <unidade/>
    <bairro>Deputado Nezinho</bairro>
    <localidade>Arapiraca</localidade>
    <uf>AL</uf>
    <estado>Alagoas</estado>
    <região/>
    <ibge>2700300</ibge>
    <gia/>
    <ddd>82</ddd>
    <siafi>2705</siafi>
  </cep>
  <cep>
    <cep>57317-050</cep>
    <logradouro>Rua Manoel Procópio de Oliveira</logradouro>
    <complemento/>
    <unidade/>
    <bairro>Deputado Nezinho</bairro>
    <localidade>Arapiraca</localidade>
    <uf>AL</uf>
    <estado>Alagoas</estado>
    <região/>
    <ibge>2700300</ibge>
    <gia/>
    <ddd>82</ddd>
    <siafi>2705</siafi>
  </cep>
  <cep>
    <cep>57315-786</cep>
    <logradouro>Rua Miguel Vieira da Silva</logradouro>
    <complemento/>
    <unidade/>
    <bairro>Senador Arnon de Melo</bairro>
    <localidade>Arapiraca</localidade>
    <uf>AL</uf>
    <estado>Alagoas</estado>
    <região/>
    <ibge>2700300</ibge>
    <gia/>
    <ddd>82</ddd>
    <siafi>2705</siafi>
  </cep>
  <cep>
    <cep>57310-238</cep>
    <logradouro>Rua Delmiro Gouveia</logradouro>
    <complemento/>
    <unidade/>
    <bairro>Capiatã</bairro>
    <localidade>Arapiraca</localidade>
    <uf>AL</uf>
    <estado>Alagoas</estado>
    <região/>
    <ibge>2700300</ibge>
    <gia/>
    <ddd>82</ddd>
    <siafi>2705</siafi>
  </cep>
  <cep>
    <cep>57313-375</cep>
    <logradouro>Rua Estudante Amanda Gonzaga de Lima</logradouro>
    <complemento/>
    <unidade/>
    <bairro>Brasília</bairro>
    <localidade>Arapiraca</localidade>
    <uf>AL</uf>
    <estado>Alagoas</estado>
    <região/>
    <ibge>2700300</ibge>
    <gia/>
    <ddd>82</ddd>
    <siafi>2705</siafi>
  </cep>
  <cep>
    <cep>57313-035</cep>
    <logradouro>Rua São José</logradouro>
    <complemento/>
    <unidade/>
    <bairro>Brasília</bairro>
    <localidade>Arapiraca</localidade>
    <uf>AL</uf>
    <estado>Alagoas</estado>
    <região/>
    <ibge>2700300</ibge>
    <gia/>
    <ddd>82</ddd>
    <siafi>2705</siafi>
  </cep>
  <cep>
    <cep>57309-678</cep>
    <logradouro>Rua Professora Eliane Rodrigues do Nascimento</logradouro>
    <complemento>(Cohab Nova)</complemento>
    <unidade/>
    <bairro>Massaranduba</bairro>
    <localidade>Arapiraca</localidade>
    <uf>AL</uf>
    <estado>Alagoas</estado>
    <região/>
    <ibge>2700300</ibge>
    <gia/>
    <ddd>82</ddd>
    <siafi>2705</siafi>
  </cep>
  <cep>
    <cep>57317-088</cep>
    <logradouro>Rua Monsenhor Aldo de Melo Brandão</logradouro>
    <complemento/>
    <unidade/>
    <bairro>Deputado Nezinho</bairro>
    <localidade>Arapiraca</localidade>
    <uf>AL</uf>
    <estado>Alagoas</estado>
    <região/>
    <ibge>2700300</ibge>
    <gia/>
    <ddd>82</ddd>
    <siafi>2705</siafi>
  </cep>
  <cep>
    <cep>57317-089</cep>
    <logradouro>Rua Músico Ronaldo Resende da Silva</logradouro>
    <complemento/>
    <unidade/>
    <bairro>Deputado Nezinho</bairro>
    <localidade>Arapiraca</localidade>
    <uf>AL</uf>
    <estado>Alagoas</estado>
    <região/>
    <ibge>2700300</ibge>
    <gia/>
    <ddd>82</ddd>
    <siafi>2705</siafi>
  </cep>
  <cep>
    <cep>57317-090</cep>
    <logradouro>Rua Maria Cristina da Silva Estevam</logradouro>
    <complemento/>
    <unidade/>
    <bairro>Deputado Nezinho</bairro>
    <localidade>Arapiraca</localidade>
    <uf>AL</uf>
    <estado>Alagoas</estado>
    <região/>
    <ibge>2700300</ibge>
    <gia/>
    <ddd>82</ddd>
    <siafi>2705</siafi>
  </cep>
  <cep>
    <cep>57305-688</cep>
    <logradouro>Rua Luiz Tertuliano da Silva</logradouro>
    <complemento>(Lot Res da Perucaba)</complemento>
    <unidade/>
    <bairro>Zélia Barbosa Rocha</bairro>
    <localidade>Arapiraca</localidade>
    <uf>AL</uf>
    <estado>Alagoas</estado>
    <região/>
    <ibge>2700300</ibge>
    <gia/>
    <ddd>82</ddd>
    <siafi>2705</siafi>
  </cep>
  <cep>
    <cep>57317-091</cep>
    <logradouro>Rua Monsenhor Raimundo Gomes Nascimento</logradouro>
    <complemento/>
    <unidade/>
    <bairro>Deputado Nezinho</bairro>
    <localidade>Arapiraca</localidade>
    <uf>AL</uf>
    <estado>Alagoas</estado>
    <região/>
    <ibge>2700300</ibge>
    <gia/>
    <ddd>82</ddd>
    <siafi>2705</siafi>
  </cep>
  <cep>
    <cep>57317-092</cep>
    <logradouro>Rua Menino Pietro Pereira Sambinelli</logradouro>
    <complemento/>
    <unidade/>
    <bairro>Deputado Nezinho</bairro>
    <localidade>Arapiraca</localidade>
    <uf>AL</uf>
    <estado>Alagoas</estado>
    <região/>
    <ibge>2700300</ibge>
    <gia/>
    <ddd>82</ddd>
    <siafi>2705</siafi>
  </cep>
  <cep>
    <cep>57317-093</cep>
    <logradouro>Rua Florisval Ezequiel dos Santos</logradouro>
    <complemento/>
    <unidade/>
    <bairro>Deputado Nezinho</bairro>
    <localidade>Arapiraca</localidade>
    <uf>AL</uf>
    <estado>Alagoas</estado>
    <região/>
    <ibge>2700300</ibge>
    <gia/>
    <ddd>82</ddd>
    <siafi>2705</siafi>
  </cep>
  <cep>
    <cep>57317-098</cep>
    <logradouro>Rua Lígia Ferreira Silva</logradouro>
    <complemento/>
    <unidade/>
    <bairro>Deputado Nezinho</bairro>
    <localidade>Arapiraca</localidade>
    <uf>AL</uf>
    <estado>Alagoas</estado>
    <região/>
    <ibge>2700300</ibge>
    <gia/>
    <ddd>82</ddd>
    <siafi>2705</siafi>
  </cep>
  <cep>
    <cep>57317-101</cep>
    <logradouro>Avenida Rotary</logradouro>
    <complemento/>
    <unidade/>
    <bairro>Deputado Nezinho</bairro>
    <localidade>Arapiraca</localidade>
    <uf>AL</uf>
    <estado>Alagoas</estado>
    <região/>
    <ibge>2700300</ibge>
    <gia/>
    <ddd>82</ddd>
    <siafi>2705</siafi>
  </cep>
  <cep>
    <cep>57317-302</cep>
    <logradouro>Rua Antônio Mizael</logradouro>
    <complemento/>
    <unidade/>
    <bairro>Alazão</bairro>
    <localidade>Arapiraca</localidade>
    <uf>AL</uf>
    <estado>Alagoas</estado>
    <região/>
    <ibge>2700300</ibge>
    <gia/>
    <ddd>82</ddd>
    <siafi>2705</siafi>
  </cep>
  <cep>
    <cep>57317-291</cep>
    <logradouro>Rodovia AL-110</logradouro>
    <complemento>lado par</complemento>
    <unidade/>
    <bairro>Deputado Nezinho</bairro>
    <localidade>Arapiraca</localidade>
    <uf>AL</uf>
    <estado>Alagoas</estado>
    <região/>
    <ibge>2700300</ibge>
    <gia/>
    <ddd>82</ddd>
    <siafi>2705</siafi>
  </cep>
  <cep>
    <cep>57317-096</cep>
    <logradouro>Rua Comunidade Cristo de Betânea</logradouro>
    <complemento/>
    <unidade/>
    <bairro>Deputado Nezinho</bairro>
    <localidade>Arapiraca</localidade>
    <uf>AL</uf>
    <estado>Alagoas</estado>
    <região/>
    <ibge>2700300</ibge>
    <gia/>
    <ddd>82</ddd>
    <siafi>2705</siafi>
  </cep>
  <cep>
    <cep>57317-304</cep>
    <logradouro>Rua Calmina Izabel do Espírito Santo</logradouro>
    <complemento>(Res Casa Bela) - de 101 ao fim - la</complemento>
    <unidade/>
    <bairro>Alazão</bairro>
    <localidade>Arapiraca</localidade>
    <uf>AL</uf>
    <estado>Alagoas</estado>
    <região/>
    <ibge>2700300</ibge>
    <gia/>
    <ddd>82</ddd>
    <siafi>2705</siafi>
  </cep>
  <cep>
    <cep>57317-308</cep>
    <logradouro>Rua Ivoneide Izabel Araújo de Almeida</logradouro>
    <complemento>(Res Casa Bela) - lado ímpar</complemento>
    <unidade/>
    <bairro>Alazão</bairro>
    <localidade>Arapiraca</localidade>
    <uf>AL</uf>
    <estado>Alagoas</estado>
    <região/>
    <ibge>2700300</ibge>
    <gia/>
    <ddd>82</ddd>
    <siafi>2705</siafi>
  </cep>
  <cep>
    <cep>57317-306</cep>
    <logradouro>Rua Terezinha Isabel Almeida de Oliveira</logradouro>
    <complemento>de 130/131 ao fim</complemento>
    <unidade/>
    <bairro>Alazão</bairro>
    <localidade>Arapiraca</localidade>
    <uf>AL</uf>
    <estado>Alagoas</estado>
    <região/>
    <ibge>2700300</ibge>
    <gia/>
    <ddd>82</ddd>
    <siafi>2705</siafi>
  </cep>
  <cep>
    <cep>57317-310</cep>
    <logradouro>Rua Marizete Almeida de Oliveira</logradouro>
    <complemento/>
    <unidade/>
    <bairro>Alazão</bairro>
    <localidade>Arapiraca</localidade>
    <uf>AL</uf>
    <estado>Alagoas</estado>
    <região/>
    <ibge>2700300</ibge>
    <gia/>
    <ddd>82</ddd>
    <siafi>2705</siafi>
  </cep>
  <cep>
    <cep>57317-314</cep>
    <logradouro>Rua Olímpio Carvalho da Paixão</logradouro>
    <complemento/>
    <unidade/>
    <bairro>Alazão</bairro>
    <localidade>Arapiraca</localidade>
    <uf>AL</uf>
    <estado>Alagoas</estado>
    <região/>
    <ibge>2700300</ibge>
    <gia/>
    <ddd>82</ddd>
    <siafi>2705</siafi>
  </cep>
  <cep>
    <cep>57317-502</cep>
    <logradouro>Rua Estudante Isaelle Cristine dos Anjos Souza</logradouro>
    <complemento/>
    <unidade/>
    <bairro>Batingas</bairro>
    <localidade>Arapiraca</localidade>
    <uf>AL</uf>
    <estado>Alagoas</estado>
    <região/>
    <ibge>2700300</ibge>
    <gia/>
    <ddd>82</ddd>
    <siafi>2705</siafi>
  </cep>
  <cep>
    <cep>57317-312</cep>
    <logradouro>Rua Vicentina Izabel do Espírito Santo</logradouro>
    <complemento>(Res Casa Bela) - lado ímpar</complemento>
    <unidade/>
    <bairro>Alazão</bairro>
    <localidade>Arapiraca</localidade>
    <uf>AL</uf>
    <estado>Alagoas</estado>
    <região/>
    <ibge>2700300</ibge>
    <gia/>
    <ddd>82</ddd>
    <siafi>2705</siafi>
  </cep>
  <cep>
    <cep>57317-504</cep>
    <logradouro>Rua Olímpio Carvalho da Paixão</logradouro>
    <complemento/>
    <unidade/>
    <bairro>Batingas</bairro>
    <localidade>Arapiraca</localidade>
    <uf>AL</uf>
    <estado>Alagoas</estado>
    <região/>
    <ibge>2700300</ibge>
    <gia/>
    <ddd>82</ddd>
    <siafi>2705</siafi>
  </cep>
  <cep>
    <cep>57317-557</cep>
    <logradouro>Rua Francisco Fernando de Oliveira</logradouro>
    <complemento>(Lot S Luiz III)</complemento>
    <unidade/>
    <bairro>Batingas</bairro>
    <localidade>Arapiraca</localidade>
    <uf>AL</uf>
    <estado>Alagoas</estado>
    <região/>
    <ibge>2700300</ibge>
    <gia/>
    <ddd>82</ddd>
    <siafi>2705</siafi>
  </cep>
  <cep>
    <cep>57317-554</cep>
    <logradouro>Rodovia AL-110</logradouro>
    <complemento>lado par</complemento>
    <unidade/>
    <bairro>Batingas</bairro>
    <localidade>Arapiraca</localidade>
    <uf>AL</uf>
    <estado>Alagoas</estado>
    <região/>
    <ibge>2700300</ibge>
    <gia/>
    <ddd>82</ddd>
    <siafi>2705</siafi>
  </cep>
  <cep>
    <cep>57317-558</cep>
    <logradouro>Rua Luiz Firmino de Oliveira</logradouro>
    <complemento/>
    <unidade/>
    <bairro>Batingas</bairro>
    <localidade>Arapiraca</localidade>
    <uf>AL</uf>
    <estado>Alagoas</estado>
    <região/>
    <ibge>2700300</ibge>
    <gia/>
    <ddd>82</ddd>
    <siafi>2705</siafi>
  </cep>
  <cep>
    <cep>57317-560</cep>
    <logradouro>Rua Luiz José de Lira</logradouro>
    <complemento/>
    <unidade/>
    <bairro>Batingas</bairro>
    <localidade>Arapiraca</localidade>
    <uf>AL</uf>
    <estado>Alagoas</estado>
    <região/>
    <ibge>2700300</ibge>
    <gia/>
    <ddd>82</ddd>
    <siafi>2705</siafi>
  </cep>
  <cep>
    <cep>57317-559</cep>
    <logradouro>Rua Luiz Martins de Oliveira</logradouro>
    <complemento/>
    <unidade/>
    <bairro>Batingas</bairro>
    <localidade>Arapiraca</localidade>
    <uf>AL</uf>
    <estado>Alagoas</estado>
    <região/>
    <ibge>2700300</ibge>
    <gia/>
    <ddd>82</ddd>
    <siafi>2705</siafi>
  </cep>
  <cep>
    <cep>57317-561</cep>
    <logradouro>Rua José Pedro da Silva</logradouro>
    <complemento/>
    <unidade/>
    <bairro>Batingas</bairro>
    <localidade>Arapiraca</localidade>
    <uf>AL</uf>
    <estado>Alagoas</estado>
    <região/>
    <ibge>2700300</ibge>
    <gia/>
    <ddd>82</ddd>
    <siafi>2705</siafi>
  </cep>
  <cep>
    <cep>57317-562</cep>
    <logradouro>Rua José Galdino dos Santos</logradouro>
    <complemento/>
    <unidade/>
    <bairro>Batingas</bairro>
    <localidade>Arapiraca</localidade>
    <uf>AL</uf>
    <estado>Alagoas</estado>
    <região/>
    <ibge>2700300</ibge>
    <gia/>
    <ddd>82</ddd>
    <siafi>2705</siafi>
  </cep>
  <cep>
    <cep>57317-581</cep>
    <logradouro>Rua Princesa Izabel</logradouro>
    <complemento>(Lot N Sra do Socorro)</complemento>
    <unidade/>
    <bairro>Batingas</bairro>
    <localidade>Arapiraca</localidade>
    <uf>AL</uf>
    <estado>Alagoas</estado>
    <região/>
    <ibge>2700300</ibge>
    <gia/>
    <ddd>82</ddd>
    <siafi>2705</siafi>
  </cep>
  <cep>
    <cep>57317-582</cep>
    <logradouro>Rua Manoel Gomes da Silva</logradouro>
    <complemento>(Lot N Sra do Socorro)</complemento>
    <unidade/>
    <bairro>Batingas</bairro>
    <localidade>Arapiraca</localidade>
    <uf>AL</uf>
    <estado>Alagoas</estado>
    <região/>
    <ibge>2700300</ibge>
    <gia/>
    <ddd>82</ddd>
    <siafi>2705</siafi>
  </cep>
  <cep>
    <cep>57317-583</cep>
    <logradouro>Rua Miguel Araújo de Lima</logradouro>
    <complemento>(Lot N Sra do Socorro)</complemento>
    <unidade/>
    <bairro>Batingas</bairro>
    <localidade>Arapiraca</localidade>
    <uf>AL</uf>
    <estado>Alagoas</estado>
    <região/>
    <ibge>2700300</ibge>
    <gia/>
    <ddd>82</ddd>
    <siafi>2705</siafi>
  </cep>
  <cep>
    <cep>57318-150</cep>
    <logradouro/>
    <complemento/>
    <unidade/>
    <bairro>Baixa da Onça</bairro>
    <localidade>Arapiraca</localidade>
    <uf>AL</uf>
    <estado>Alagoas</estado>
    <região/>
    <ibge>2700300</ibge>
    <gia/>
    <ddd>82</ddd>
    <siafi>2705</siafi>
  </cep>
  <cep>
    <cep>57317-584</cep>
    <logradouro>Rua Marinita Gomes de Lima</logradouro>
    <complemento>(Lot N Sra do Socorro)</complemento>
    <unidade/>
    <bairro>Batingas</bairro>
    <localidade>Arapiraca</localidade>
    <uf>AL</uf>
    <estado>Alagoas</estado>
    <região/>
    <ibge>2700300</ibge>
    <gia/>
    <ddd>82</ddd>
    <siafi>2705</siafi>
  </cep>
  <cep>
    <cep/>
    <logradouro/>
    <complemento/>
    <unidade/>
    <bairro/>
    <localidade/>
    <uf/>
    <estado/>
    <região/>
    <ibge/>
    <gia/>
    <ddd/>
    <siafi/>
  </cep>
  <cep>
    <cep>57318-250</cep>
    <logradouro/>
    <complemento/>
    <unidade/>
    <bairro>Baixa do Capim</bairro>
    <localidade>Arapiraca</localidade>
    <uf>AL</uf>
    <estado>Alagoas</estado>
    <região/>
    <ibge>2700300</ibge>
    <gia/>
    <ddd>82</ddd>
    <siafi>2705</siafi>
  </cep>
  <cep>
    <cep>57318-350</cep>
    <logradouro/>
    <complemento/>
    <unidade/>
    <bairro>Bálsamo</bairro>
    <localidade>Arapiraca</localidade>
    <uf>AL</uf>
    <estado>Alagoas</estado>
    <região/>
    <ibge>2700300</ibge>
    <gia/>
    <ddd>82</ddd>
    <siafi>2705</siafi>
  </cep>
  <cep>
    <cep>57318-550</cep>
    <logradouro/>
    <complemento/>
    <unidade/>
    <bairro>Bom Jardim</bairro>
    <localidade>Arapiraca</localidade>
    <uf>AL</uf>
    <estado>Alagoas</estado>
    <região/>
    <ibge>2700300</ibge>
    <gia/>
    <ddd>82</ddd>
    <siafi>2705</siafi>
  </cep>
  <cep>
    <cep>57318-450</cep>
    <logradouro/>
    <complemento/>
    <unidade/>
    <bairro>Bananeiras</bairro>
    <localidade>Arapiraca</localidade>
    <uf>AL</uf>
    <estado>Alagoas</estado>
    <região/>
    <ibge>2700300</ibge>
    <gia/>
    <ddd>82</ddd>
    <siafi>2705</siafi>
  </cep>
  <cep>
    <cep>57600-055</cep>
    <logradouro>Rua Dom Bôsco</logradouro>
    <complemento/>
    <unidade/>
    <bairro>Centro</bairro>
    <localidade>Palmeira dos Índios</localidade>
    <uf>AL</uf>
    <estado>Alagoas</estado>
    <região/>
    <ibge>2706307</ibge>
    <gia/>
    <ddd>82</ddd>
    <siafi>2825</siafi>
  </cep>
  <cep>
    <cep>57600-105</cep>
    <logradouro>Rua Professor Guedes de Miranda</logradouro>
    <complemento>lado ímpar</complemento>
    <unidade/>
    <bairro>Centro</bairro>
    <localidade>Palmeira dos Índios</localidade>
    <uf>AL</uf>
    <estado>Alagoas</estado>
    <região/>
    <ibge>2706307</ibge>
    <gia/>
    <ddd>82</ddd>
    <siafi>2825</siafi>
  </cep>
  <cep>
    <cep>57600-465</cep>
    <logradouro>Rua Idalino Araújo</logradouro>
    <complemento>lado ímpar</complemento>
    <unidade/>
    <bairro>Centro</bairro>
    <localidade>Palmeira dos Índios</localidade>
    <uf>AL</uf>
    <estado>Alagoas</estado>
    <região/>
    <ibge>2706307</ibge>
    <gia/>
    <ddd>82</ddd>
    <siafi>2825</siafi>
  </cep>
  <cep>
    <cep>57318-750</cep>
    <logradouro/>
    <complemento/>
    <unidade/>
    <bairro>Canaã</bairro>
    <localidade>Arapiraca</localidade>
    <uf>AL</uf>
    <estado>Alagoas</estado>
    <região/>
    <ibge>2700300</ibge>
    <gia/>
    <ddd>82</ddd>
    <siafi>2705</siafi>
  </cep>
  <cep>
    <cep>57600-225</cep>
    <logradouro>Rua Marujo Ferreira de Castro</logradouro>
    <complemento>lado ímpar</complemento>
    <unidade/>
    <bairro>Centro</bairro>
    <localidade>Palmeira dos Índios</localidade>
    <uf>AL</uf>
    <estado>Alagoas</estado>
    <região/>
    <ibge>2706307</ibge>
    <gia/>
    <ddd>82</ddd>
    <siafi>2825</siafi>
  </cep>
  <cep>
    <cep>57600-215</cep>
    <logradouro>Rua Clodoaldo da Fonseca</logradouro>
    <complemento>até 159/160</complemento>
    <unidade/>
    <bairro>Centro</bairro>
    <localidade>Palmeira dos Índios</localidade>
    <uf>AL</uf>
    <estado>Alagoas</estado>
    <região/>
    <ibge>2706307</ibge>
    <gia/>
    <ddd>82</ddd>
    <siafi>2825</siafi>
  </cep>
  <cep>
    <cep>57600-325</cep>
    <logradouro>Rua Sebastião Ramos</logradouro>
    <complemento>lado par</complemento>
    <unidade/>
    <bairro>Centro</bairro>
    <localidade>Palmeira dos Índios</localidade>
    <uf>AL</uf>
    <estado>Alagoas</estado>
    <região/>
    <ibge>2706307</ibge>
    <gia/>
    <ddd>82</ddd>
    <siafi>2825</siafi>
  </cep>
  <cep>
    <cep>57600-425</cep>
    <logradouro>Travessa Capitulino Vasconcelos</logradouro>
    <complemento/>
    <unidade/>
    <bairro>Centro</bairro>
    <localidade>Palmeira dos Índios</localidade>
    <uf>AL</uf>
    <estado>Alagoas</estado>
    <região/>
    <ibge>2706307</ibge>
    <gia/>
    <ddd>82</ddd>
    <siafi>2825</siafi>
  </cep>
  <cep>
    <cep>57600-395</cep>
    <logradouro>Rua Mariano de Freitas</logradouro>
    <complemento>lado ímpar</complemento>
    <unidade/>
    <bairro>Centro</bairro>
    <localidade>Palmeira dos Índios</localidade>
    <uf>AL</uf>
    <estado>Alagoas</estado>
    <região/>
    <ibge>2706307</ibge>
    <gia/>
    <ddd>82</ddd>
    <siafi>2825</siafi>
  </cep>
  <cep>
    <cep>57600-405</cep>
    <logradouro>Rua Pedro Barbosa</logradouro>
    <complemento>até 151 - lado ímpar</complemento>
    <unidade/>
    <bairro>Centro</bairro>
    <localidade>Palmeira dos Índios</localidade>
    <uf>AL</uf>
    <estado>Alagoas</estado>
    <região/>
    <ibge>2706307</ibge>
    <gia/>
    <ddd>82</ddd>
    <siafi>2825</siafi>
  </cep>
  <cep>
    <cep>57600-565</cep>
    <logradouro>Rua Manoel Gomes da Silva</logradouro>
    <complemento>lado par</complemento>
    <unidade/>
    <bairro>Alto do Cruzeiro</bairro>
    <localidade>Palmeira dos Índios</localidade>
    <uf>AL</uf>
    <estado>Alagoas</estado>
    <região/>
    <ibge>2706307</ibge>
    <gia/>
    <ddd>82</ddd>
    <siafi>2825</siafi>
  </cep>
  <cep>
    <cep>57318-650</cep>
    <logradouro/>
    <complemento/>
    <unidade/>
    <bairro>Cajarana</bairro>
    <localidade>Arapiraca</localidade>
    <uf>AL</uf>
    <estado>Alagoas</estado>
    <região/>
    <ibge>2700300</ibge>
    <gia/>
    <ddd>82</ddd>
    <siafi>2705</siafi>
  </cep>
  <cep>
    <cep>57600-665</cep>
    <logradouro>Travessa Dezesseis de Setembro</logradouro>
    <complemento/>
    <unidade/>
    <bairro>Alto do Cruzeiro</bairro>
    <localidade>Palmeira dos Índios</localidade>
    <uf>AL</uf>
    <estado>Alagoas</estado>
    <região/>
    <ibge>2706307</ibge>
    <gia/>
    <ddd>82</ddd>
    <siafi>2825</siafi>
  </cep>
  <cep>
    <cep>57600-726</cep>
    <logradouro>Rua Leopoldo Duarte</logradouro>
    <complemento/>
    <unidade/>
    <bairro>Alto do Cruzeiro</bairro>
    <localidade>Palmeira dos Índios</localidade>
    <uf>AL</uf>
    <estado>Alagoas</estado>
    <região/>
    <ibge>2706307</ibge>
    <gia/>
    <ddd>82</ddd>
    <siafi>2825</siafi>
  </cep>
  <cep>
    <cep>57600-727</cep>
    <logradouro>Rua Dom Armando Lombardi</logradouro>
    <complemento>lado par</complemento>
    <unidade/>
    <bairro>Alto do Cruzeiro</bairro>
    <localidade>Palmeira dos Índios</localidade>
    <uf>AL</uf>
    <estado>Alagoas</estado>
    <região/>
    <ibge>2706307</ibge>
    <gia/>
    <ddd>82</ddd>
    <siafi>2825</siafi>
  </cep>
  <cep>
    <cep>57600-728</cep>
    <logradouro>Rua Gabino Besouro</logradouro>
    <complemento/>
    <unidade/>
    <bairro>Alto do Cruzeiro</bairro>
    <localidade>Palmeira dos Índios</localidade>
    <uf>AL</uf>
    <estado>Alagoas</estado>
    <região/>
    <ibge>2706307</ibge>
    <gia/>
    <ddd>82</ddd>
    <siafi>2825</siafi>
  </cep>
  <cep>
    <cep>57601-123</cep>
    <logradouro>Avenida Muniz Falcão</logradouro>
    <complemento/>
    <unidade/>
    <bairro>São Cristóvão</bairro>
    <localidade>Palmeira dos Índios</localidade>
    <uf>AL</uf>
    <estado>Alagoas</estado>
    <região/>
    <ibge>2706307</ibge>
    <gia/>
    <ddd>82</ddd>
    <siafi>2825</siafi>
  </cep>
  <cep>
    <cep>57601-306</cep>
    <logradouro>Avenida Maria Luísa Marques de Albuquerque</logradouro>
    <complemento>(Lot A Cícero)</complemento>
    <unidade/>
    <bairro>São Cristóvão</bairro>
    <localidade>Palmeira dos Índios</localidade>
    <uf>AL</uf>
    <estado>Alagoas</estado>
    <região/>
    <ibge>2706307</ibge>
    <gia/>
    <ddd>82</ddd>
    <siafi>2825</siafi>
  </cep>
  <cep>
    <cep>57601-317</cep>
    <logradouro>Rua Doutor Villene Cavalcante de Araújo Filho</logradouro>
    <complemento>(Lot A Cícero)</complemento>
    <unidade/>
    <bairro>São Cristóvão</bairro>
    <localidade>Palmeira dos Índios</localidade>
    <uf>AL</uf>
    <estado>Alagoas</estado>
    <região/>
    <ibge>2706307</ibge>
    <gia/>
    <ddd>82</ddd>
    <siafi>2825</siafi>
  </cep>
  <cep>
    <cep>57601-312</cep>
    <logradouro>Avenida Mercedes Marques de Albuquerque Oliveira</logradouro>
    <complemento>(Lot A Cícero)</complemento>
    <unidade/>
    <bairro>São Cristóvão</bairro>
    <localidade>Palmeira dos Índios</localidade>
    <uf>AL</uf>
    <estado>Alagoas</estado>
    <região/>
    <ibge>2706307</ibge>
    <gia/>
    <ddd>82</ddd>
    <siafi>2825</siafi>
  </cep>
  <cep>
    <cep>57601-308</cep>
    <logradouro>Avenida João Batista Melo de Abreu</logradouro>
    <complemento/>
    <unidade/>
    <bairro>São Cristóvão</bairro>
    <localidade>Palmeira dos Índios</localidade>
    <uf>AL</uf>
    <estado>Alagoas</estado>
    <região/>
    <ibge>2706307</ibge>
    <gia/>
    <ddd>82</ddd>
    <siafi>2825</siafi>
  </cep>
  <cep>
    <cep>57601-425</cep>
    <logradouro>Avenida Brasília</logradouro>
    <complemento>até 67/68</complemento>
    <unidade/>
    <bairro>São Cristóvão</bairro>
    <localidade>Palmeira dos Índios</localidade>
    <uf>AL</uf>
    <estado>Alagoas</estado>
    <região/>
    <ibge>2706307</ibge>
    <gia/>
    <ddd>82</ddd>
    <siafi>2825</siafi>
  </cep>
  <cep>
    <cep>57602-055</cep>
    <logradouro>Rua Luiz Pinto de Andrade</logradouro>
    <complemento>lado ímpar</complemento>
    <unidade/>
    <bairro>Paraíso</bairro>
    <localidade>Palmeira dos Índios</localidade>
    <uf>AL</uf>
    <estado>Alagoas</estado>
    <região/>
    <ibge>2706307</ibge>
    <gia/>
    <ddd>82</ddd>
    <siafi>2825</siafi>
  </cep>
  <cep>
    <cep>57602-135</cep>
    <logradouro>Rua João Florentino dos Santos</logradouro>
    <complemento>(João Canfinfa)</complemento>
    <unidade/>
    <bairro>Paraíso</bairro>
    <localidade>Palmeira dos Índios</localidade>
    <uf>AL</uf>
    <estado>Alagoas</estado>
    <região/>
    <ibge>2706307</ibge>
    <gia/>
    <ddd>82</ddd>
    <siafi>2825</siafi>
  </cep>
  <cep>
    <cep/>
    <logradouro/>
    <complemento/>
    <unidade/>
    <bairro/>
    <localidade/>
    <uf/>
    <estado/>
    <região/>
    <ibge/>
    <gia/>
    <ddd/>
    <siafi/>
  </cep>
  <cep>
    <cep>57602-195</cep>
    <logradouro>Avenida Graciliano Ramos</logradouro>
    <complemento>lado par</complemento>
    <unidade/>
    <bairro>São Luiz</bairro>
    <localidade>Palmeira dos Índios</localidade>
    <uf>AL</uf>
    <estado>Alagoas</estado>
    <região/>
    <ibge>2706307</ibge>
    <gia/>
    <ddd>82</ddd>
    <siafi>2825</siafi>
  </cep>
  <cep>
    <cep>57602-155</cep>
    <logradouro>Rua Sinval Rodrigues Gaia</logradouro>
    <complemento/>
    <unidade/>
    <bairro>Paraíso</bairro>
    <localidade>Palmeira dos Índios</localidade>
    <uf>AL</uf>
    <estado>Alagoas</estado>
    <região/>
    <ibge>2706307</ibge>
    <gia/>
    <ddd>82</ddd>
    <siafi>2825</siafi>
  </cep>
  <cep>
    <cep>57602-175</cep>
    <logradouro>Travessa Sebastião Ramos</logradouro>
    <complemento/>
    <unidade/>
    <bairro>São Luiz</bairro>
    <localidade>Palmeira dos Índios</localidade>
    <uf>AL</uf>
    <estado>Alagoas</estado>
    <região/>
    <ibge>2706307</ibge>
    <gia/>
    <ddd>82</ddd>
    <siafi>2825</siafi>
  </cep>
  <cep>
    <cep>57602-185</cep>
    <logradouro>Rua Sebastião Ramos</logradouro>
    <complemento>lado ímpar</complemento>
    <unidade/>
    <bairro>São Luiz</bairro>
    <localidade>Palmeira dos Índios</localidade>
    <uf>AL</uf>
    <estado>Alagoas</estado>
    <região/>
    <ibge>2706307</ibge>
    <gia/>
    <ddd>82</ddd>
    <siafi>2825</siafi>
  </cep>
  <cep>
    <cep/>
    <logradouro/>
    <complemento/>
    <unidade/>
    <bairro/>
    <localidade/>
    <uf/>
    <estado/>
    <região/>
    <ibge/>
    <gia/>
    <ddd/>
    <siafi/>
  </cep>
  <cep>
    <cep>57602-405</cep>
    <logradouro>Rua Caracioly Soares</logradouro>
    <complemento>lado par</complemento>
    <unidade/>
    <bairro>São Francisco</bairro>
    <localidade>Palmeira dos Índios</localidade>
    <uf>AL</uf>
    <estado>Alagoas</estado>
    <região/>
    <ibge>2706307</ibge>
    <gia/>
    <ddd>82</ddd>
    <siafi>2825</siafi>
  </cep>
  <cep>
    <cep>57602-334</cep>
    <logradouro>Rua Osório Horácio</logradouro>
    <complemento/>
    <unidade/>
    <bairro>São Francisco</bairro>
    <localidade>Palmeira dos Índios</localidade>
    <uf>AL</uf>
    <estado>Alagoas</estado>
    <região/>
    <ibge>2706307</ibge>
    <gia/>
    <ddd>82</ddd>
    <siafi>2825</siafi>
  </cep>
  <cep>
    <cep>57602-325</cep>
    <logradouro>Rua Mestre Jaú</logradouro>
    <complemento/>
    <unidade/>
    <bairro>São Francisco</bairro>
    <localidade>Palmeira dos Índios</localidade>
    <uf>AL</uf>
    <estado>Alagoas</estado>
    <região/>
    <ibge>2706307</ibge>
    <gia/>
    <ddd>82</ddd>
    <siafi>2825</siafi>
  </cep>
  <cep>
    <cep>57602-345</cep>
    <logradouro>Rua Francisco Moura</logradouro>
    <complemento/>
    <unidade/>
    <bairro>São Francisco</bairro>
    <localidade>Palmeira dos Índios</localidade>
    <uf>AL</uf>
    <estado>Alagoas</estado>
    <região/>
    <ibge>2706307</ibge>
    <gia/>
    <ddd>82</ddd>
    <siafi>2825</siafi>
  </cep>
  <cep>
    <cep>57602-465</cep>
    <logradouro>Rua Tabelião Luiz F de Barros</logradouro>
    <complemento/>
    <unidade/>
    <bairro>São Francisco</bairro>
    <localidade>Palmeira dos Índios</localidade>
    <uf>AL</uf>
    <estado>Alagoas</estado>
    <região/>
    <ibge>2706307</ibge>
    <gia/>
    <ddd>82</ddd>
    <siafi>2825</siafi>
  </cep>
  <cep>
    <cep>57602-645</cep>
    <logradouro>Rua Clodoaldo da Fonseca</logradouro>
    <complemento>de 161 a 209 - lado ímpar</complemento>
    <unidade/>
    <bairro>Ribeira</bairro>
    <localidade>Palmeira dos Índios</localidade>
    <uf>AL</uf>
    <estado>Alagoas</estado>
    <região/>
    <ibge>2706307</ibge>
    <gia/>
    <ddd>82</ddd>
    <siafi>2825</siafi>
  </cep>
  <cep>
    <cep>57602-491</cep>
    <logradouro>Rua Francisco Tenório Cavalcante</logradouro>
    <complemento/>
    <unidade/>
    <bairro>José Maia Costa</bairro>
    <localidade>Palmeira dos Índios</localidade>
    <uf>AL</uf>
    <estado>Alagoas</estado>
    <região/>
    <ibge>2706307</ibge>
    <gia/>
    <ddd>82</ddd>
    <siafi>2825</siafi>
  </cep>
  <cep>
    <cep>57602-501</cep>
    <logradouro>Rua Genésio Moreira</logradouro>
    <complemento>de 690/691 ao fim</complemento>
    <unidade/>
    <bairro>José Maia Costa</bairro>
    <localidade>Palmeira dos Índios</localidade>
    <uf>AL</uf>
    <estado>Alagoas</estado>
    <região/>
    <ibge>2706307</ibge>
    <gia/>
    <ddd>82</ddd>
    <siafi>2825</siafi>
  </cep>
  <cep>
    <cep>57603-138</cep>
    <logradouro>Rua Sebastião Ramos</logradouro>
    <complemento>lado ímpar</complemento>
    <unidade/>
    <bairro>Juca Sampaio</bairro>
    <localidade>Palmeira dos Índios</localidade>
    <uf>AL</uf>
    <estado>Alagoas</estado>
    <região/>
    <ibge>2706307</ibge>
    <gia/>
    <ddd>82</ddd>
    <siafi>2825</siafi>
  </cep>
  <cep>
    <cep>57603-112</cep>
    <logradouro>Rua Francisco Ferreira Barbosa</logradouro>
    <complemento>de 339 ao fim - lado ímpar</complemento>
    <unidade/>
    <bairro>Juca Sampaio</bairro>
    <localidade>Palmeira dos Índios</localidade>
    <uf>AL</uf>
    <estado>Alagoas</estado>
    <região/>
    <ibge>2706307</ibge>
    <gia/>
    <ddd>82</ddd>
    <siafi>2825</siafi>
  </cep>
  <cep>
    <cep>57604-024</cep>
    <logradouro>Rua José Ferreira da Costa</logradouro>
    <complemento>(Zé do Né)</complemento>
    <unidade/>
    <bairro>Graciliano Ramos</bairro>
    <localidade>Palmeira dos Índios</localidade>
    <uf>AL</uf>
    <estado>Alagoas</estado>
    <região/>
    <ibge>2706307</ibge>
    <gia/>
    <ddd>82</ddd>
    <siafi>2825</siafi>
  </cep>
  <cep>
    <cep>57604-032</cep>
    <logradouro>Rua Miguel Domingos da Silva</logradouro>
    <complemento/>
    <unidade/>
    <bairro>Graciliano Ramos</bairro>
    <localidade>Palmeira dos Índios</localidade>
    <uf>AL</uf>
    <estado>Alagoas</estado>
    <região/>
    <ibge>2706307</ibge>
    <gia/>
    <ddd>82</ddd>
    <siafi>2825</siafi>
  </cep>
  <cep>
    <cep>57604-034</cep>
    <logradouro>Rua Marinita Oliveira Barbosa</logradouro>
    <complemento/>
    <unidade/>
    <bairro>Graciliano Ramos</bairro>
    <localidade>Palmeira dos Índios</localidade>
    <uf>AL</uf>
    <estado>Alagoas</estado>
    <região/>
    <ibge>2706307</ibge>
    <gia/>
    <ddd>82</ddd>
    <siafi>2825</siafi>
  </cep>
  <cep>
    <cep>57604-036</cep>
    <logradouro>Rua Patrícia Gisele da Silva Paulo</logradouro>
    <complemento/>
    <unidade/>
    <bairro>Graciliano Ramos</bairro>
    <localidade>Palmeira dos Índios</localidade>
    <uf>AL</uf>
    <estado>Alagoas</estado>
    <região/>
    <ibge>2706307</ibge>
    <gia/>
    <ddd>82</ddd>
    <siafi>2825</siafi>
  </cep>
  <cep>
    <cep>57604-028</cep>
    <logradouro>Rua Maria Mozarina Rodrigues Brasileiro</logradouro>
    <complemento/>
    <unidade/>
    <bairro>Graciliano Ramos</bairro>
    <localidade>Palmeira dos Índios</localidade>
    <uf>AL</uf>
    <estado>Alagoas</estado>
    <região/>
    <ibge>2706307</ibge>
    <gia/>
    <ddd>82</ddd>
    <siafi>2825</siafi>
  </cep>
  <cep>
    <cep>57604-026</cep>
    <logradouro>Rua Marcos de Moura Pereira</logradouro>
    <complemento>(Sd Moura)</complemento>
    <unidade/>
    <bairro>Graciliano Ramos</bairro>
    <localidade>Palmeira dos Índios</localidade>
    <uf>AL</uf>
    <estado>Alagoas</estado>
    <região/>
    <ibge>2706307</ibge>
    <gia/>
    <ddd>82</ddd>
    <siafi>2825</siafi>
  </cep>
  <cep>
    <cep>57604-042</cep>
    <logradouro>Rua Vereador Luiz Alberto de Barros</logradouro>
    <complemento/>
    <unidade/>
    <bairro>Graciliano Ramos</bairro>
    <localidade>Palmeira dos Índios</localidade>
    <uf>AL</uf>
    <estado>Alagoas</estado>
    <região/>
    <ibge>2706307</ibge>
    <gia/>
    <ddd>82</ddd>
    <siafi>2825</siafi>
  </cep>
  <cep>
    <cep>57604-040</cep>
    <logradouro>Rua Senhorinha Targino Costa</logradouro>
    <complemento/>
    <unidade/>
    <bairro>Graciliano Ramos</bairro>
    <localidade>Palmeira dos Índios</localidade>
    <uf>AL</uf>
    <estado>Alagoas</estado>
    <região/>
    <ibge>2706307</ibge>
    <gia/>
    <ddd>82</ddd>
    <siafi>2825</siafi>
  </cep>
  <cep>
    <cep>57604-044</cep>
    <logradouro>Rua Antônio Correia Nunes</logradouro>
    <complemento/>
    <unidade/>
    <bairro>Graciliano Ramos</bairro>
    <localidade>Palmeira dos Índios</localidade>
    <uf>AL</uf>
    <estado>Alagoas</estado>
    <região/>
    <ibge>2706307</ibge>
    <gia/>
    <ddd>82</ddd>
    <siafi>2825</siafi>
  </cep>
  <cep>
    <cep>57604-048</cep>
    <logradouro>Rua Iracema Carolina da Rocha</logradouro>
    <complemento/>
    <unidade/>
    <bairro>Graciliano Ramos</bairro>
    <localidade>Palmeira dos Índios</localidade>
    <uf>AL</uf>
    <estado>Alagoas</estado>
    <região/>
    <ibge>2706307</ibge>
    <gia/>
    <ddd>82</ddd>
    <siafi>2825</siafi>
  </cep>
  <cep>
    <cep>57604-046</cep>
    <logradouro>Rua Doutor Victor Medeiros</logradouro>
    <complemento/>
    <unidade/>
    <bairro>Graciliano Ramos</bairro>
    <localidade>Palmeira dos Índios</localidade>
    <uf>AL</uf>
    <estado>Alagoas</estado>
    <região/>
    <ibge>2706307</ibge>
    <gia/>
    <ddd>82</ddd>
    <siafi>2825</siafi>
  </cep>
  <cep>
    <cep>57604-050</cep>
    <logradouro>Rua Valter de Brito Cavalcante</logradouro>
    <complemento/>
    <unidade/>
    <bairro>Graciliano Ramos</bairro>
    <localidade>Palmeira dos Índios</localidade>
    <uf>AL</uf>
    <estado>Alagoas</estado>
    <região/>
    <ibge>2706307</ibge>
    <gia/>
    <ddd>82</ddd>
    <siafi>2825</siafi>
  </cep>
  <cep>
    <cep>57604-064</cep>
    <logradouro>Rua Leonardo Inácio de Albuquerque</logradouro>
    <complemento/>
    <unidade/>
    <bairro>Graciliano Ramos</bairro>
    <localidade>Palmeira dos Índios</localidade>
    <uf>AL</uf>
    <estado>Alagoas</estado>
    <região/>
    <ibge>2706307</ibge>
    <gia/>
    <ddd>82</ddd>
    <siafi>2825</siafi>
  </cep>
  <cep>
    <cep>57604-054</cep>
    <logradouro>Rua Antonio Barbosa da Costa</logradouro>
    <complemento/>
    <unidade/>
    <bairro>Graciliano Ramos</bairro>
    <localidade>Palmeira dos Índios</localidade>
    <uf>AL</uf>
    <estado>Alagoas</estado>
    <região/>
    <ibge>2706307</ibge>
    <gia/>
    <ddd>82</ddd>
    <siafi>2825</siafi>
  </cep>
  <cep>
    <cep>57604-060</cep>
    <logradouro>Rua Wellington Oliveira da Silva</logradouro>
    <complemento/>
    <unidade/>
    <bairro>Graciliano Ramos</bairro>
    <localidade>Palmeira dos Índios</localidade>
    <uf>AL</uf>
    <estado>Alagoas</estado>
    <região/>
    <ibge>2706307</ibge>
    <gia/>
    <ddd>82</ddd>
    <siafi>2825</siafi>
  </cep>
  <cep>
    <cep>57604-068</cep>
    <logradouro>Rua José Calheiros Sobrinho</logradouro>
    <complemento/>
    <unidade/>
    <bairro>Graciliano Ramos</bairro>
    <localidade>Palmeira dos Índios</localidade>
    <uf>AL</uf>
    <estado>Alagoas</estado>
    <região/>
    <ibge>2706307</ibge>
    <gia/>
    <ddd>82</ddd>
    <siafi>2825</siafi>
  </cep>
  <cep>
    <cep>57604-066</cep>
    <logradouro>Rua Antonio Salustiano da Silva</logradouro>
    <complemento/>
    <unidade/>
    <bairro>Graciliano Ramos</bairro>
    <localidade>Palmeira dos Índios</localidade>
    <uf>AL</uf>
    <estado>Alagoas</estado>
    <região/>
    <ibge>2706307</ibge>
    <gia/>
    <ddd>82</ddd>
    <siafi>2825</siafi>
  </cep>
  <cep>
    <cep>57604-070</cep>
    <logradouro>Rua Romero Sousa da Silva</logradouro>
    <complemento/>
    <unidade/>
    <bairro>Graciliano Ramos</bairro>
    <localidade>Palmeira dos Índios</localidade>
    <uf>AL</uf>
    <estado>Alagoas</estado>
    <região/>
    <ibge>2706307</ibge>
    <gia/>
    <ddd>82</ddd>
    <siafi>2825</siafi>
  </cep>
  <cep>
    <cep>57604-076</cep>
    <logradouro>Rua Lindoarte Soares Costa</logradouro>
    <complemento/>
    <unidade/>
    <bairro>Graciliano Ramos</bairro>
    <localidade>Palmeira dos Índios</localidade>
    <uf>AL</uf>
    <estado>Alagoas</estado>
    <região/>
    <ibge>2706307</ibge>
    <gia/>
    <ddd>82</ddd>
    <siafi>2825</siafi>
  </cep>
  <cep>
    <cep>57604-072</cep>
    <logradouro>Rua Bernadete Bezerra de Araújo</logradouro>
    <complemento/>
    <unidade/>
    <bairro>Graciliano Ramos</bairro>
    <localidade>Palmeira dos Índios</localidade>
    <uf>AL</uf>
    <estado>Alagoas</estado>
    <região/>
    <ibge>2706307</ibge>
    <gia/>
    <ddd>82</ddd>
    <siafi>2825</siafi>
  </cep>
  <cep>
    <cep>57604-052</cep>
    <logradouro>Rua Belmiro Pereira do Nascimento</logradouro>
    <complemento/>
    <unidade/>
    <bairro>Graciliano Ramos</bairro>
    <localidade>Palmeira dos Índios</localidade>
    <uf>AL</uf>
    <estado>Alagoas</estado>
    <região/>
    <ibge>2706307</ibge>
    <gia/>
    <ddd>82</ddd>
    <siafi>2825</siafi>
  </cep>
  <cep>
    <cep>57604-074</cep>
    <logradouro>Rua Cicero Serafim Gomes</logradouro>
    <complemento/>
    <unidade/>
    <bairro>Graciliano Ramos</bairro>
    <localidade>Palmeira dos Índios</localidade>
    <uf>AL</uf>
    <estado>Alagoas</estado>
    <região/>
    <ibge>2706307</ibge>
    <gia/>
    <ddd>82</ddd>
    <siafi>2825</siafi>
  </cep>
  <cep>
    <cep>57604-062</cep>
    <logradouro>Rua Edilene Torres de Melo</logradouro>
    <complemento/>
    <unidade/>
    <bairro>Graciliano Ramos</bairro>
    <localidade>Palmeira dos Índios</localidade>
    <uf>AL</uf>
    <estado>Alagoas</estado>
    <região/>
    <ibge>2706307</ibge>
    <gia/>
    <ddd>82</ddd>
    <siafi>2825</siafi>
  </cep>
  <cep>
    <cep>57604-056</cep>
    <logradouro>Rua Gilvan Gomes da Silva</logradouro>
    <complemento/>
    <unidade/>
    <bairro>Graciliano Ramos</bairro>
    <localidade>Palmeira dos Índios</localidade>
    <uf>AL</uf>
    <estado>Alagoas</estado>
    <região/>
    <ibge>2706307</ibge>
    <gia/>
    <ddd>82</ddd>
    <siafi>2825</siafi>
  </cep>
  <cep>
    <cep>57604-080</cep>
    <logradouro>Rua Oswaldo Pedro Pereira de Moraes</logradouro>
    <complemento/>
    <unidade/>
    <bairro>Graciliano Ramos</bairro>
    <localidade>Palmeira dos Índios</localidade>
    <uf>AL</uf>
    <estado>Alagoas</estado>
    <região/>
    <ibge>2706307</ibge>
    <gia/>
    <ddd>82</ddd>
    <siafi>2825</siafi>
  </cep>
  <cep>
    <cep>57604-078</cep>
    <logradouro>Rua Tadeu Fonseca da Silva</logradouro>
    <complemento/>
    <unidade/>
    <bairro>Graciliano Ramos</bairro>
    <localidade>Palmeira dos Índios</localidade>
    <uf>AL</uf>
    <estado>Alagoas</estado>
    <região/>
    <ibge>2706307</ibge>
    <gia/>
    <ddd>82</ddd>
    <siafi>2825</siafi>
  </cep>
  <cep>
    <cep>57604-082</cep>
    <logradouro>Rua Santino Martiniano da Silva</logradouro>
    <complemento/>
    <unidade/>
    <bairro>Graciliano Ramos</bairro>
    <localidade>Palmeira dos Índios</localidade>
    <uf>AL</uf>
    <estado>Alagoas</estado>
    <região/>
    <ibge>2706307</ibge>
    <gia/>
    <ddd>82</ddd>
    <siafi>2825</siafi>
  </cep>
  <cep>
    <cep>57604-086</cep>
    <logradouro>Rua Severino Evangelista de Santana</logradouro>
    <complemento/>
    <unidade/>
    <bairro>Graciliano Ramos</bairro>
    <localidade>Palmeira dos Índios</localidade>
    <uf>AL</uf>
    <estado>Alagoas</estado>
    <região/>
    <ibge>2706307</ibge>
    <gia/>
    <ddd>82</ddd>
    <siafi>2825</siafi>
  </cep>
  <cep>
    <cep>57604-058</cep>
    <logradouro>Rua Nazaré Francisca da Costa Santos</logradouro>
    <complemento/>
    <unidade/>
    <bairro>Graciliano Ramos</bairro>
    <localidade>Palmeira dos Índios</localidade>
    <uf>AL</uf>
    <estado>Alagoas</estado>
    <região/>
    <ibge>2706307</ibge>
    <gia/>
    <ddd>82</ddd>
    <siafi>2825</siafi>
  </cep>
  <cep>
    <cep>57604-084</cep>
    <logradouro>Rua Diego de Santana Florêncio</logradouro>
    <complemento/>
    <unidade/>
    <bairro>Graciliano Ramos</bairro>
    <localidade>Palmeira dos Índios</localidade>
    <uf>AL</uf>
    <estado>Alagoas</estado>
    <região/>
    <ibge>2706307</ibge>
    <gia/>
    <ddd>82</ddd>
    <siafi>2825</siafi>
  </cep>
  <cep>
    <cep>57604-088</cep>
    <logradouro>Rua Olimpio José de Barros</logradouro>
    <complemento/>
    <unidade/>
    <bairro>Graciliano Ramos</bairro>
    <localidade>Palmeira dos Índios</localidade>
    <uf>AL</uf>
    <estado>Alagoas</estado>
    <região/>
    <ibge>2706307</ibge>
    <gia/>
    <ddd>82</ddd>
    <siafi>2825</siafi>
  </cep>
  <cep>
    <cep>57309-864</cep>
    <logradouro>Rua Alvina de Almeida Lopes</logradouro>
    <complemento/>
    <unidade/>
    <bairro>Massaranduba</bairro>
    <localidade>Arapiraca</localidade>
    <uf>AL</uf>
    <estado>Alagoas</estado>
    <região/>
    <ibge>2700300</ibge>
    <gia/>
    <ddd>82</ddd>
    <siafi>2705</siafi>
  </cep>
  <cep>
    <cep>57604-090</cep>
    <logradouro>Rua Maria Aparecida Ramos da Silva</logradouro>
    <complemento/>
    <unidade/>
    <bairro>Graciliano Ramos</bairro>
    <localidade>Palmeira dos Índios</localidade>
    <uf>AL</uf>
    <estado>Alagoas</estado>
    <região/>
    <ibge>2706307</ibge>
    <gia/>
    <ddd>82</ddd>
    <siafi>2825</siafi>
  </cep>
  <cep>
    <cep>57604-092</cep>
    <logradouro>Rua Gilma Ferreira da Silva</logradouro>
    <complemento/>
    <unidade/>
    <bairro>Graciliano Ramos</bairro>
    <localidade>Palmeira dos Índios</localidade>
    <uf>AL</uf>
    <estado>Alagoas</estado>
    <região/>
    <ibge>2706307</ibge>
    <gia/>
    <ddd>82</ddd>
    <siafi>2825</siafi>
  </cep>
  <cep>
    <cep>57604-097</cep>
    <logradouro>Rua Maria José Calheiros</logradouro>
    <complemento/>
    <unidade/>
    <bairro>Graciliano Ramos</bairro>
    <localidade>Palmeira dos Índios</localidade>
    <uf>AL</uf>
    <estado>Alagoas</estado>
    <região/>
    <ibge>2706307</ibge>
    <gia/>
    <ddd>82</ddd>
    <siafi>2825</siafi>
  </cep>
  <cep>
    <cep>57604-096</cep>
    <logradouro>Rua Maria Bezerra da Silva</logradouro>
    <complemento/>
    <unidade/>
    <bairro>Graciliano Ramos</bairro>
    <localidade>Palmeira dos Índios</localidade>
    <uf>AL</uf>
    <estado>Alagoas</estado>
    <região/>
    <ibge>2706307</ibge>
    <gia/>
    <ddd>82</ddd>
    <siafi>2825</siafi>
  </cep>
  <cep>
    <cep>57604-095</cep>
    <logradouro>Rua José Calixto de Oliveira</logradouro>
    <complemento/>
    <unidade/>
    <bairro>Graciliano Ramos</bairro>
    <localidade>Palmeira dos Índios</localidade>
    <uf>AL</uf>
    <estado>Alagoas</estado>
    <região/>
    <ibge>2706307</ibge>
    <gia/>
    <ddd>82</ddd>
    <siafi>2825</siafi>
  </cep>
  <cep>
    <cep>57604-094</cep>
    <logradouro>Rua Maria da Dores da Silva</logradouro>
    <complemento/>
    <unidade/>
    <bairro>Graciliano Ramos</bairro>
    <localidade>Palmeira dos Índios</localidade>
    <uf>AL</uf>
    <estado>Alagoas</estado>
    <região/>
    <ibge>2706307</ibge>
    <gia/>
    <ddd>82</ddd>
    <siafi>2825</siafi>
  </cep>
  <cep>
    <cep>57604-098</cep>
    <logradouro>Rua Dom Fernando Iório Rodrigues</logradouro>
    <complemento/>
    <unidade/>
    <bairro>Graciliano Ramos</bairro>
    <localidade>Palmeira dos Índios</localidade>
    <uf>AL</uf>
    <estado>Alagoas</estado>
    <região/>
    <ibge>2706307</ibge>
    <gia/>
    <ddd>82</ddd>
    <siafi>2825</siafi>
  </cep>
  <cep>
    <cep>57604-104</cep>
    <logradouro>Rua Gastão Leão</logradouro>
    <complemento/>
    <unidade/>
    <bairro>Graciliano Ramos</bairro>
    <localidade>Palmeira dos Índios</localidade>
    <uf>AL</uf>
    <estado>Alagoas</estado>
    <região/>
    <ibge>2706307</ibge>
    <gia/>
    <ddd>82</ddd>
    <siafi>2825</siafi>
  </cep>
  <cep>
    <cep>57604-106</cep>
    <logradouro>Rua Expedito Reinaldo Barros de Oliveira</logradouro>
    <complemento/>
    <unidade/>
    <bairro>Graciliano Ramos</bairro>
    <localidade>Palmeira dos Índios</localidade>
    <uf>AL</uf>
    <estado>Alagoas</estado>
    <região/>
    <ibge>2706307</ibge>
    <gia/>
    <ddd>82</ddd>
    <siafi>2825</siafi>
  </cep>
  <cep>
    <cep>57604-127</cep>
    <logradouro>Rua Luiz Gomes de Oliveira</logradouro>
    <complemento/>
    <unidade/>
    <bairro>Graciliano Ramos</bairro>
    <localidade>Palmeira dos Índios</localidade>
    <uf>AL</uf>
    <estado>Alagoas</estado>
    <região/>
    <ibge>2706307</ibge>
    <gia/>
    <ddd>82</ddd>
    <siafi>2825</siafi>
  </cep>
  <cep>
    <cep>57604-118</cep>
    <logradouro>Rua Eraldo dos Santos</logradouro>
    <complemento/>
    <unidade/>
    <bairro>Graciliano Ramos</bairro>
    <localidade>Palmeira dos Índios</localidade>
    <uf>AL</uf>
    <estado>Alagoas</estado>
    <região/>
    <ibge>2706307</ibge>
    <gia/>
    <ddd>82</ddd>
    <siafi>2825</siafi>
  </cep>
  <cep>
    <cep>57604-116</cep>
    <logradouro>Rua Antônio Basílio da Costa</logradouro>
    <complemento>(Lot Pq das Palmeiras)</complemento>
    <unidade/>
    <bairro>Graciliano Ramos</bairro>
    <localidade>Palmeira dos Índios</localidade>
    <uf>AL</uf>
    <estado>Alagoas</estado>
    <região/>
    <ibge>2706307</ibge>
    <gia/>
    <ddd>82</ddd>
    <siafi>2825</siafi>
  </cep>
  <cep>
    <cep>57604-122</cep>
    <logradouro>Rua João José da Silva</logradouro>
    <complemento/>
    <unidade/>
    <bairro>Graciliano Ramos</bairro>
    <localidade>Palmeira dos Índios</localidade>
    <uf>AL</uf>
    <estado>Alagoas</estado>
    <região/>
    <ibge>2706307</ibge>
    <gia/>
    <ddd>82</ddd>
    <siafi>2825</siafi>
  </cep>
  <cep>
    <cep>57604-108</cep>
    <logradouro>Rua Monsenhor Odilon Amador dos Santos</logradouro>
    <complemento/>
    <unidade/>
    <bairro>Graciliano Ramos</bairro>
    <localidade>Palmeira dos Índios</localidade>
    <uf>AL</uf>
    <estado>Alagoas</estado>
    <região/>
    <ibge>2706307</ibge>
    <gia/>
    <ddd>82</ddd>
    <siafi>2825</siafi>
  </cep>
  <cep>
    <cep>57604-112</cep>
    <logradouro>Rua Ailton Leonardo de Melo</logradouro>
    <complemento/>
    <unidade/>
    <bairro>Graciliano Ramos</bairro>
    <localidade>Palmeira dos Índios</localidade>
    <uf>AL</uf>
    <estado>Alagoas</estado>
    <região/>
    <ibge>2706307</ibge>
    <gia/>
    <ddd>82</ddd>
    <siafi>2825</siafi>
  </cep>
  <cep>
    <cep>57604-132</cep>
    <logradouro>Rua Francisco Azarias de Oliveira</logradouro>
    <complemento/>
    <unidade/>
    <bairro>Graciliano Ramos</bairro>
    <localidade>Palmeira dos Índios</localidade>
    <uf>AL</uf>
    <estado>Alagoas</estado>
    <região/>
    <ibge>2706307</ibge>
    <gia/>
    <ddd>82</ddd>
    <siafi>2825</siafi>
  </cep>
  <cep>
    <cep>57604-134</cep>
    <logradouro>Rua Antonio Salustiano Rodrigues</logradouro>
    <complemento/>
    <unidade/>
    <bairro>Graciliano Ramos</bairro>
    <localidade>Palmeira dos Índios</localidade>
    <uf>AL</uf>
    <estado>Alagoas</estado>
    <região/>
    <ibge>2706307</ibge>
    <gia/>
    <ddd>82</ddd>
    <siafi>2825</siafi>
  </cep>
  <cep>
    <cep>57604-254</cep>
    <logradouro>Rua Maria de Lourdes Ribeiro Monteiro</logradouro>
    <complemento/>
    <unidade/>
    <bairro>Graciliano Ramos</bairro>
    <localidade>Palmeira dos Índios</localidade>
    <uf>AL</uf>
    <estado>Alagoas</estado>
    <região/>
    <ibge>2706307</ibge>
    <gia/>
    <ddd>82</ddd>
    <siafi>2825</siafi>
  </cep>
  <cep>
    <cep>57604-250</cep>
    <logradouro>Rua Pedro Limeira</logradouro>
    <complemento/>
    <unidade/>
    <bairro>Graciliano Ramos</bairro>
    <localidade>Palmeira dos Índios</localidade>
    <uf>AL</uf>
    <estado>Alagoas</estado>
    <região/>
    <ibge>2706307</ibge>
    <gia/>
    <ddd>82</ddd>
    <siafi>2825</siafi>
  </cep>
  <cep>
    <cep>57604-256</cep>
    <logradouro>Rua Doutora Maria Betania Teixeira Bezerra</logradouro>
    <complemento/>
    <unidade/>
    <bairro>Graciliano Ramos</bairro>
    <localidade>Palmeira dos Índios</localidade>
    <uf>AL</uf>
    <estado>Alagoas</estado>
    <região/>
    <ibge>2706307</ibge>
    <gia/>
    <ddd>82</ddd>
    <siafi>2825</siafi>
  </cep>
  <cep>
    <cep>57604-262</cep>
    <logradouro>Rua Antônio Vitório</logradouro>
    <complemento/>
    <unidade/>
    <bairro>Graciliano Ramos</bairro>
    <localidade>Palmeira dos Índios</localidade>
    <uf>AL</uf>
    <estado>Alagoas</estado>
    <região/>
    <ibge>2706307</ibge>
    <gia/>
    <ddd>82</ddd>
    <siafi>2825</siafi>
  </cep>
  <cep>
    <cep>57604-258</cep>
    <logradouro>Rua Vereador José Tenório de Albuquerque</logradouro>
    <complemento/>
    <unidade/>
    <bairro>Graciliano Ramos</bairro>
    <localidade>Palmeira dos Índios</localidade>
    <uf>AL</uf>
    <estado>Alagoas</estado>
    <região/>
    <ibge>2706307</ibge>
    <gia/>
    <ddd>82</ddd>
    <siafi>2825</siafi>
  </cep>
  <cep>
    <cep>57604-252</cep>
    <logradouro>Rua Engenheiro Carlos Eduardo Sarmento Coutrim</logradouro>
    <complemento/>
    <unidade/>
    <bairro>Graciliano Ramos</bairro>
    <localidade>Palmeira dos Índios</localidade>
    <uf>AL</uf>
    <estado>Alagoas</estado>
    <região/>
    <ibge>2706307</ibge>
    <gia/>
    <ddd>82</ddd>
    <siafi>2825</siafi>
  </cep>
  <cep>
    <cep>57604-264</cep>
    <logradouro>Rua Promotor Altamir Monteiro</logradouro>
    <complemento/>
    <unidade/>
    <bairro>Graciliano Ramos</bairro>
    <localidade>Palmeira dos Índios</localidade>
    <uf>AL</uf>
    <estado>Alagoas</estado>
    <região/>
    <ibge>2706307</ibge>
    <gia/>
    <ddd>82</ddd>
    <siafi>2825</siafi>
  </cep>
  <cep>
    <cep>57604-260</cep>
    <logradouro>Rua Wilson Vitório</logradouro>
    <complemento/>
    <unidade/>
    <bairro>Graciliano Ramos</bairro>
    <localidade>Palmeira dos Índios</localidade>
    <uf>AL</uf>
    <estado>Alagoas</estado>
    <região/>
    <ibge>2706307</ibge>
    <gia/>
    <ddd>82</ddd>
    <siafi>2825</siafi>
  </cep>
  <cep>
    <cep>57604-266</cep>
    <logradouro>Rua Napolião Oliveira Ferro</logradouro>
    <complemento/>
    <unidade/>
    <bairro>Graciliano Ramos</bairro>
    <localidade>Palmeira dos Índios</localidade>
    <uf>AL</uf>
    <estado>Alagoas</estado>
    <região/>
    <ibge>2706307</ibge>
    <gia/>
    <ddd>82</ddd>
    <siafi>2825</siafi>
  </cep>
  <cep>
    <cep>57604-274</cep>
    <logradouro>Rua Sebastião Alexandre Soares</logradouro>
    <complemento/>
    <unidade/>
    <bairro>Graciliano Ramos</bairro>
    <localidade>Palmeira dos Índios</localidade>
    <uf>AL</uf>
    <estado>Alagoas</estado>
    <região/>
    <ibge>2706307</ibge>
    <gia/>
    <ddd>82</ddd>
    <siafi>2825</siafi>
  </cep>
  <cep>
    <cep>57604-268</cep>
    <logradouro>Rua Manoel Pereira da Fonseca</logradouro>
    <complemento/>
    <unidade/>
    <bairro>Graciliano Ramos</bairro>
    <localidade>Palmeira dos Índios</localidade>
    <uf>AL</uf>
    <estado>Alagoas</estado>
    <região/>
    <ibge>2706307</ibge>
    <gia/>
    <ddd>82</ddd>
    <siafi>2825</siafi>
  </cep>
  <cep>
    <cep>57604-272</cep>
    <logradouro>Avenida Aurélio Alves Brasileiro</logradouro>
    <complemento/>
    <unidade/>
    <bairro>Graciliano Ramos</bairro>
    <localidade>Palmeira dos Índios</localidade>
    <uf>AL</uf>
    <estado>Alagoas</estado>
    <região/>
    <ibge>2706307</ibge>
    <gia/>
    <ddd>82</ddd>
    <siafi>2825</siafi>
  </cep>
  <cep>
    <cep>57604-575</cep>
    <logradouro>Rua Sizinanda Martins da Costa</logradouro>
    <complemento/>
    <unidade/>
    <bairro>Graciliano Ramos</bairro>
    <localidade>Palmeira dos Índios</localidade>
    <uf>AL</uf>
    <estado>Alagoas</estado>
    <região/>
    <ibge>2706307</ibge>
    <gia/>
    <ddd>82</ddd>
    <siafi>2825</siafi>
  </cep>
  <cep>
    <cep>57604-577</cep>
    <logradouro>Rua Gilsa Ávila Ramos</logradouro>
    <complemento/>
    <unidade/>
    <bairro>Graciliano Ramos</bairro>
    <localidade>Palmeira dos Índios</localidade>
    <uf>AL</uf>
    <estado>Alagoas</estado>
    <região/>
    <ibge>2706307</ibge>
    <gia/>
    <ddd>82</ddd>
    <siafi>2825</siafi>
  </cep>
  <cep>
    <cep>57604-579</cep>
    <logradouro>Rua José Ávila Canuto</logradouro>
    <complemento/>
    <unidade/>
    <bairro>Graciliano Ramos</bairro>
    <localidade>Palmeira dos Índios</localidade>
    <uf>AL</uf>
    <estado>Alagoas</estado>
    <região/>
    <ibge>2706307</ibge>
    <gia/>
    <ddd>82</ddd>
    <siafi>2825</siafi>
  </cep>
  <cep>
    <cep>57604-585</cep>
    <logradouro>Rua Ivan Ferraz Freitas</logradouro>
    <complemento/>
    <unidade/>
    <bairro>Graciliano Ramos</bairro>
    <localidade>Palmeira dos Índios</localidade>
    <uf>AL</uf>
    <estado>Alagoas</estado>
    <região/>
    <ibge>2706307</ibge>
    <gia/>
    <ddd>82</ddd>
    <siafi>2825</siafi>
  </cep>
  <cep>
    <cep>57604-581</cep>
    <logradouro>Rua Luiz José Soares Leite</logradouro>
    <complemento>(Neno leite)</complemento>
    <unidade/>
    <bairro>Graciliano Ramos</bairro>
    <localidade>Palmeira dos Índios</localidade>
    <uf>AL</uf>
    <estado>Alagoas</estado>
    <região/>
    <ibge>2706307</ibge>
    <gia/>
    <ddd>82</ddd>
    <siafi>2825</siafi>
  </cep>
  <cep>
    <cep>57604-587</cep>
    <logradouro>Rua Beneval Vieira Costa</logradouro>
    <complemento/>
    <unidade/>
    <bairro>Graciliano Ramos</bairro>
    <localidade>Palmeira dos Índios</localidade>
    <uf>AL</uf>
    <estado>Alagoas</estado>
    <região/>
    <ibge>2706307</ibge>
    <gia/>
    <ddd>82</ddd>
    <siafi>2825</siafi>
  </cep>
  <cep>
    <cep>57604-589</cep>
    <logradouro>Rua Fernando Ferreira da Silva</logradouro>
    <complemento/>
    <unidade/>
    <bairro>Graciliano Ramos</bairro>
    <localidade>Palmeira dos Índios</localidade>
    <uf>AL</uf>
    <estado>Alagoas</estado>
    <região/>
    <ibge>2706307</ibge>
    <gia/>
    <ddd>82</ddd>
    <siafi>2825</siafi>
  </cep>
  <cep>
    <cep>57605-002</cep>
    <logradouro>Rua Clarindo Amorim</logradouro>
    <complemento>lado par</complemento>
    <unidade/>
    <bairro>Xucurus</bairro>
    <localidade>Palmeira dos Índios</localidade>
    <uf>AL</uf>
    <estado>Alagoas</estado>
    <região/>
    <ibge>2706307</ibge>
    <gia/>
    <ddd>82</ddd>
    <siafi>2825</siafi>
  </cep>
  <cep>
    <cep>57605-006</cep>
    <logradouro>Rua Leobino Mota</logradouro>
    <complemento/>
    <unidade/>
    <bairro>Xucurus</bairro>
    <localidade>Palmeira dos Índios</localidade>
    <uf>AL</uf>
    <estado>Alagoas</estado>
    <região/>
    <ibge>2706307</ibge>
    <gia/>
    <ddd>82</ddd>
    <siafi>2825</siafi>
  </cep>
  <cep>
    <cep>57605-013</cep>
    <logradouro>Rua Clodoaldo da Fonseca</logradouro>
    <complemento>de 211 ao fim - lado ímpar</complemento>
    <unidade/>
    <bairro>Xucurus</bairro>
    <localidade>Palmeira dos Índios</localidade>
    <uf>AL</uf>
    <estado>Alagoas</estado>
    <região/>
    <ibge>2706307</ibge>
    <gia/>
    <ddd>82</ddd>
    <siafi>2825</siafi>
  </cep>
  <cep>
    <cep>57605-008</cep>
    <logradouro>Rua Sinval Rodrigues Gaia</logradouro>
    <complemento/>
    <unidade/>
    <bairro>Xucurus</bairro>
    <localidade>Palmeira dos Índios</localidade>
    <uf>AL</uf>
    <estado>Alagoas</estado>
    <região/>
    <ibge>2706307</ibge>
    <gia/>
    <ddd>82</ddd>
    <siafi>2825</siafi>
  </cep>
  <cep>
    <cep>57606-002</cep>
    <logradouro>Rua Tenente Júlio Amorim</logradouro>
    <complemento>de 321/322 ao fim</complemento>
    <unidade/>
    <bairro>Sonho Verde</bairro>
    <localidade>Palmeira dos Índios</localidade>
    <uf>AL</uf>
    <estado>Alagoas</estado>
    <região/>
    <ibge>2706307</ibge>
    <gia/>
    <ddd>82</ddd>
    <siafi>2825</siafi>
  </cep>
  <cep>
    <cep>57606-006</cep>
    <logradouro>Rua Manoel Armeira</logradouro>
    <complemento/>
    <unidade/>
    <bairro>Sonho Verde</bairro>
    <localidade>Palmeira dos Índios</localidade>
    <uf>AL</uf>
    <estado>Alagoas</estado>
    <região/>
    <ibge>2706307</ibge>
    <gia/>
    <ddd>82</ddd>
    <siafi>2825</siafi>
  </cep>
  <cep>
    <cep>57606-003</cep>
    <logradouro>Rua Castelo Branco</logradouro>
    <complemento/>
    <unidade/>
    <bairro>Sonho Verde</bairro>
    <localidade>Palmeira dos Índios</localidade>
    <uf>AL</uf>
    <estado>Alagoas</estado>
    <região/>
    <ibge>2706307</ibge>
    <gia/>
    <ddd>82</ddd>
    <siafi>2825</siafi>
  </cep>
  <cep>
    <cep>57606-005</cep>
    <logradouro>Rua Manoel Leandro da Silva</logradouro>
    <complemento/>
    <unidade/>
    <bairro>Sonho Verde</bairro>
    <localidade>Palmeira dos Índios</localidade>
    <uf>AL</uf>
    <estado>Alagoas</estado>
    <região/>
    <ibge>2706307</ibge>
    <gia/>
    <ddd>82</ddd>
    <siafi>2825</siafi>
  </cep>
  <cep>
    <cep>57605-055</cep>
    <logradouro>Rua João Roque</logradouro>
    <complemento/>
    <unidade/>
    <bairro>Xucurus</bairro>
    <localidade>Palmeira dos Índios</localidade>
    <uf>AL</uf>
    <estado>Alagoas</estado>
    <região/>
    <ibge>2706307</ibge>
    <gia/>
    <ddd>82</ddd>
    <siafi>2825</siafi>
  </cep>
  <cep>
    <cep>57605-047</cep>
    <logradouro>Rua Engenheiro José da Rocha Leite</logradouro>
    <complemento/>
    <unidade/>
    <bairro>Xucurus</bairro>
    <localidade>Palmeira dos Índios</localidade>
    <uf>AL</uf>
    <estado>Alagoas</estado>
    <região/>
    <ibge>2706307</ibge>
    <gia/>
    <ddd>82</ddd>
    <siafi>2825</siafi>
  </cep>
  <cep>
    <cep>57606-008</cep>
    <logradouro>Rua Pastor José Deodato da Silveira</logradouro>
    <complemento/>
    <unidade/>
    <bairro>Sonho Verde</bairro>
    <localidade>Palmeira dos Índios</localidade>
    <uf>AL</uf>
    <estado>Alagoas</estado>
    <região/>
    <ibge>2706307</ibge>
    <gia/>
    <ddd>82</ddd>
    <siafi>2825</siafi>
  </cep>
  <cep>
    <cep>57606-007</cep>
    <logradouro>Rua Antonio Barbosa da Silva</logradouro>
    <complemento/>
    <unidade/>
    <bairro>Sonho Verde</bairro>
    <localidade>Palmeira dos Índios</localidade>
    <uf>AL</uf>
    <estado>Alagoas</estado>
    <região/>
    <ibge>2706307</ibge>
    <gia/>
    <ddd>82</ddd>
    <siafi>2825</siafi>
  </cep>
  <cep>
    <cep>57604-593</cep>
    <logradouro>Rua Albérico Souza Soares</logradouro>
    <complemento/>
    <unidade/>
    <bairro>Graciliano Ramos</bairro>
    <localidade>Palmeira dos Índios</localidade>
    <uf>AL</uf>
    <estado>Alagoas</estado>
    <região/>
    <ibge>2706307</ibge>
    <gia/>
    <ddd>82</ddd>
    <siafi>2825</siafi>
  </cep>
  <cep>
    <cep>57606-012</cep>
    <logradouro>Rua Antônio M. Freitas</logradouro>
    <complemento/>
    <unidade/>
    <bairro>Sonho Verde</bairro>
    <localidade>Palmeira dos Índios</localidade>
    <uf>AL</uf>
    <estado>Alagoas</estado>
    <região/>
    <ibge>2706307</ibge>
    <gia/>
    <ddd>82</ddd>
    <siafi>2825</siafi>
  </cep>
  <cep>
    <cep>57604-583</cep>
    <logradouro>Rua José Maria de Barros</logradouro>
    <complemento/>
    <unidade/>
    <bairro>Graciliano Ramos</bairro>
    <localidade>Palmeira dos Índios</localidade>
    <uf>AL</uf>
    <estado>Alagoas</estado>
    <região/>
    <ibge>2706307</ibge>
    <gia/>
    <ddd>82</ddd>
    <siafi>2825</siafi>
  </cep>
  <cep>
    <cep>57606-009</cep>
    <logradouro>Rua Fernando Costa Barros</logradouro>
    <complemento/>
    <unidade/>
    <bairro>Sonho Verde</bairro>
    <localidade>Palmeira dos Índios</localidade>
    <uf>AL</uf>
    <estado>Alagoas</estado>
    <região/>
    <ibge>2706307</ibge>
    <gia/>
    <ddd>82</ddd>
    <siafi>2825</siafi>
  </cep>
  <cep>
    <cep>57604-591</cep>
    <logradouro>Rua José Dantas Bezerra</logradouro>
    <complemento/>
    <unidade/>
    <bairro>Graciliano Ramos</bairro>
    <localidade>Palmeira dos Índios</localidade>
    <uf>AL</uf>
    <estado>Alagoas</estado>
    <região/>
    <ibge>2706307</ibge>
    <gia/>
    <ddd>82</ddd>
    <siafi>2825</siafi>
  </cep>
  <cep>
    <cep>57606-011</cep>
    <logradouro>Rua José Firmino</logradouro>
    <complemento/>
    <unidade/>
    <bairro>Sonho Verde</bairro>
    <localidade>Palmeira dos Índios</localidade>
    <uf>AL</uf>
    <estado>Alagoas</estado>
    <região/>
    <ibge>2706307</ibge>
    <gia/>
    <ddd>82</ddd>
    <siafi>2825</siafi>
  </cep>
  <cep>
    <cep>57606-013</cep>
    <logradouro>Rua Antônio Costa Ferro</logradouro>
    <complemento/>
    <unidade/>
    <bairro>Sonho Verde</bairro>
    <localidade>Palmeira dos Índios</localidade>
    <uf>AL</uf>
    <estado>Alagoas</estado>
    <região/>
    <ibge>2706307</ibge>
    <gia/>
    <ddd>82</ddd>
    <siafi>2825</siafi>
  </cep>
  <cep>
    <cep>57605-045</cep>
    <logradouro>Travessa Sebastião Gonçalves</logradouro>
    <complemento/>
    <unidade/>
    <bairro>Xucurus</bairro>
    <localidade>Palmeira dos Índios</localidade>
    <uf>AL</uf>
    <estado>Alagoas</estado>
    <região/>
    <ibge>2706307</ibge>
    <gia/>
    <ddd>82</ddd>
    <siafi>2825</siafi>
  </cep>
  <cep>
    <cep>57605-004</cep>
    <logradouro>Rua Sebastião Medeiros</logradouro>
    <complemento/>
    <unidade/>
    <bairro>Xucurus</bairro>
    <localidade>Palmeira dos Índios</localidade>
    <uf>AL</uf>
    <estado>Alagoas</estado>
    <região/>
    <ibge>2706307</ibge>
    <gia/>
    <ddd>82</ddd>
    <siafi>2825</siafi>
  </cep>
  <cep>
    <cep>57606-016</cep>
    <logradouro>Rua Eugênio Rodrigues de Oliveira</logradouro>
    <complemento/>
    <unidade/>
    <bairro>Sonho Verde</bairro>
    <localidade>Palmeira dos Índios</localidade>
    <uf>AL</uf>
    <estado>Alagoas</estado>
    <região/>
    <ibge>2706307</ibge>
    <gia/>
    <ddd>82</ddd>
    <siafi>2825</siafi>
  </cep>
  <cep>
    <cep>57606-025</cep>
    <logradouro>Rua João Farias</logradouro>
    <complemento/>
    <unidade/>
    <bairro>Sonho Verde</bairro>
    <localidade>Palmeira dos Índios</localidade>
    <uf>AL</uf>
    <estado>Alagoas</estado>
    <região/>
    <ibge>2706307</ibge>
    <gia/>
    <ddd>82</ddd>
    <siafi>2825</siafi>
  </cep>
  <cep>
    <cep>57606-102</cep>
    <logradouro>Rua Francisco Padilha de Souza</logradouro>
    <complemento/>
    <unidade/>
    <bairro>Sonho Verde</bairro>
    <localidade>Palmeira dos Índios</localidade>
    <uf>AL</uf>
    <estado>Alagoas</estado>
    <região/>
    <ibge>2706307</ibge>
    <gia/>
    <ddd>82</ddd>
    <siafi>2825</siafi>
  </cep>
  <cep>
    <cep>57606-092</cep>
    <logradouro>2ª Travessa Direita</logradouro>
    <complemento/>
    <unidade/>
    <bairro>Sonho Verde</bairro>
    <localidade>Palmeira dos Índios</localidade>
    <uf>AL</uf>
    <estado>Alagoas</estado>
    <região/>
    <ibge>2706307</ibge>
    <gia/>
    <ddd>82</ddd>
    <siafi>2825</siafi>
  </cep>
  <cep>
    <cep>57606-065</cep>
    <logradouro>Rua Antônio Gaudino dos Santos</logradouro>
    <complemento/>
    <unidade/>
    <bairro>Sonho Verde</bairro>
    <localidade>Palmeira dos Índios</localidade>
    <uf>AL</uf>
    <estado>Alagoas</estado>
    <região/>
    <ibge>2706307</ibge>
    <gia/>
    <ddd>82</ddd>
    <siafi>2825</siafi>
  </cep>
  <cep>
    <cep>57606-073</cep>
    <logradouro>Rua Maria Palmira de Araújo Prado</logradouro>
    <complemento/>
    <unidade/>
    <bairro>Sonho Verde</bairro>
    <localidade>Palmeira dos Índios</localidade>
    <uf>AL</uf>
    <estado>Alagoas</estado>
    <região/>
    <ibge>2706307</ibge>
    <gia/>
    <ddd>82</ddd>
    <siafi>2825</siafi>
  </cep>
  <cep>
    <cep>57606-067</cep>
    <logradouro>Travessa Antônio Gaudino dos Santos</logradouro>
    <complemento/>
    <unidade/>
    <bairro>Sonho Verde</bairro>
    <localidade>Palmeira dos Índios</localidade>
    <uf>AL</uf>
    <estado>Alagoas</estado>
    <região/>
    <ibge>2706307</ibge>
    <gia/>
    <ddd>82</ddd>
    <siafi>2825</siafi>
  </cep>
  <cep>
    <cep>57606-106</cep>
    <logradouro>Rua Domázio Valério de Souza</logradouro>
    <complemento/>
    <unidade/>
    <bairro>Sonho Verde</bairro>
    <localidade>Palmeira dos Índios</localidade>
    <uf>AL</uf>
    <estado>Alagoas</estado>
    <região/>
    <ibge>2706307</ibge>
    <gia/>
    <ddd>82</ddd>
    <siafi>2825</siafi>
  </cep>
  <cep>
    <cep>57606-104</cep>
    <logradouro>Rua Pedro Bispo Dantas</logradouro>
    <complemento/>
    <unidade/>
    <bairro>Sonho Verde</bairro>
    <localidade>Palmeira dos Índios</localidade>
    <uf>AL</uf>
    <estado>Alagoas</estado>
    <região/>
    <ibge>2706307</ibge>
    <gia/>
    <ddd>82</ddd>
    <siafi>2825</siafi>
  </cep>
  <cep>
    <cep>57606-280</cep>
    <logradouro>Avenida Caminhoneiro David Muniz de Almeida</logradouro>
    <complemento/>
    <unidade/>
    <bairro>Sonho Verde</bairro>
    <localidade>Palmeira dos Índios</localidade>
    <uf>AL</uf>
    <estado>Alagoas</estado>
    <região/>
    <ibge>2706307</ibge>
    <gia/>
    <ddd>82</ddd>
    <siafi>2825</siafi>
  </cep>
  <cep>
    <cep>57606-282</cep>
    <logradouro>Rua Dalva Lourenço da SIlva</logradouro>
    <complemento/>
    <unidade/>
    <bairro>Sonho Verde</bairro>
    <localidade>Palmeira dos Índios</localidade>
    <uf>AL</uf>
    <estado>Alagoas</estado>
    <região/>
    <ibge>2706307</ibge>
    <gia/>
    <ddd>82</ddd>
    <siafi>2825</siafi>
  </cep>
  <cep>
    <cep>57606-294</cep>
    <logradouro>Rua Empresário Kenned Mitomari</logradouro>
    <complemento/>
    <unidade/>
    <bairro>Sonho Verde</bairro>
    <localidade>Palmeira dos Índios</localidade>
    <uf>AL</uf>
    <estado>Alagoas</estado>
    <região/>
    <ibge>2706307</ibge>
    <gia/>
    <ddd>82</ddd>
    <siafi>2825</siafi>
  </cep>
  <cep>
    <cep>57606-284</cep>
    <logradouro>Avenida Tabeliã Ivonete Gaia Duarte</logradouro>
    <complemento/>
    <unidade/>
    <bairro>Sonho Verde</bairro>
    <localidade>Palmeira dos Índios</localidade>
    <uf>AL</uf>
    <estado>Alagoas</estado>
    <região/>
    <ibge>2706307</ibge>
    <gia/>
    <ddd>82</ddd>
    <siafi>2825</siafi>
  </cep>
  <cep>
    <cep>57606-304</cep>
    <logradouro>Rua Contabilista Denyse Maria Tavares Santos</logradouro>
    <complemento/>
    <unidade/>
    <bairro>Sonho Verde</bairro>
    <localidade>Palmeira dos Índios</localidade>
    <uf>AL</uf>
    <estado>Alagoas</estado>
    <região/>
    <ibge>2706307</ibge>
    <gia/>
    <ddd>82</ddd>
    <siafi>2825</siafi>
  </cep>
  <cep>
    <cep>57606-292</cep>
    <logradouro>Rua da Caridade Maria Teresa Moura</logradouro>
    <complemento/>
    <unidade/>
    <bairro>Sonho Verde</bairro>
    <localidade>Palmeira dos Índios</localidade>
    <uf>AL</uf>
    <estado>Alagoas</estado>
    <região/>
    <ibge>2706307</ibge>
    <gia/>
    <ddd>82</ddd>
    <siafi>2825</siafi>
  </cep>
  <cep>
    <cep>57606-286</cep>
    <logradouro>Rua Aracy Ferreira de Lima</logradouro>
    <complemento/>
    <unidade/>
    <bairro>Sonho Verde</bairro>
    <localidade>Palmeira dos Índios</localidade>
    <uf>AL</uf>
    <estado>Alagoas</estado>
    <região/>
    <ibge>2706307</ibge>
    <gia/>
    <ddd>82</ddd>
    <siafi>2825</siafi>
  </cep>
  <cep>
    <cep>57606-290</cep>
    <logradouro>Rua Floriano Julião de Oliveira</logradouro>
    <complemento/>
    <unidade/>
    <bairro>Sonho Verde</bairro>
    <localidade>Palmeira dos Índios</localidade>
    <uf>AL</uf>
    <estado>Alagoas</estado>
    <região/>
    <ibge>2706307</ibge>
    <gia/>
    <ddd>82</ddd>
    <siafi>2825</siafi>
  </cep>
  <cep>
    <cep>57606-300</cep>
    <logradouro>Rua Taxista Gilson de Holanda Ferro</logradouro>
    <complemento/>
    <unidade/>
    <bairro>Sonho Verde</bairro>
    <localidade>Palmeira dos Índios</localidade>
    <uf>AL</uf>
    <estado>Alagoas</estado>
    <região/>
    <ibge>2706307</ibge>
    <gia/>
    <ddd>82</ddd>
    <siafi>2825</siafi>
  </cep>
  <cep>
    <cep>57607-310</cep>
    <logradouro>Rua Frederico Osana</logradouro>
    <complemento/>
    <unidade/>
    <bairro>Vila Maria</bairro>
    <localidade>Palmeira dos Índios</localidade>
    <uf>AL</uf>
    <estado>Alagoas</estado>
    <região/>
    <ibge>2706307</ibge>
    <gia/>
    <ddd>82</ddd>
    <siafi>2825</siafi>
  </cep>
  <cep>
    <cep>57607-302</cep>
    <logradouro>Rua Doutora Aline Ana Leal</logradouro>
    <complemento/>
    <unidade/>
    <bairro>Vila Maria</bairro>
    <localidade>Palmeira dos Índios</localidade>
    <uf>AL</uf>
    <estado>Alagoas</estado>
    <região/>
    <ibge>2706307</ibge>
    <gia/>
    <ddd>82</ddd>
    <siafi>2825</siafi>
  </cep>
  <cep>
    <cep>57606-298</cep>
    <logradouro>Rua Feirante Alice Maria dos Santos</logradouro>
    <complemento/>
    <unidade/>
    <bairro>Sonho Verde</bairro>
    <localidade>Palmeira dos Índios</localidade>
    <uf>AL</uf>
    <estado>Alagoas</estado>
    <região/>
    <ibge>2706307</ibge>
    <gia/>
    <ddd>82</ddd>
    <siafi>2825</siafi>
  </cep>
  <cep>
    <cep>57607-372</cep>
    <logradouro>Rua Emílio Tenório</logradouro>
    <complemento/>
    <unidade/>
    <bairro>Vila Maria</bairro>
    <localidade>Palmeira dos Índios</localidade>
    <uf>AL</uf>
    <estado>Alagoas</estado>
    <região/>
    <ibge>2706307</ibge>
    <gia/>
    <ddd>82</ddd>
    <siafi>2825</siafi>
  </cep>
  <cep>
    <cep>57607-376</cep>
    <logradouro>Travessa José Alves Bezerra</logradouro>
    <complemento/>
    <unidade/>
    <bairro>Vila Maria</bairro>
    <localidade>Palmeira dos Índios</localidade>
    <uf>AL</uf>
    <estado>Alagoas</estado>
    <região/>
    <ibge>2706307</ibge>
    <gia/>
    <ddd>82</ddd>
    <siafi>2825</siafi>
  </cep>
  <cep>
    <cep>57607-378</cep>
    <logradouro>Rua Joaquim Ferreira de Queiroz</logradouro>
    <complemento/>
    <unidade/>
    <bairro>Vila Maria</bairro>
    <localidade>Palmeira dos Índios</localidade>
    <uf>AL</uf>
    <estado>Alagoas</estado>
    <região/>
    <ibge>2706307</ibge>
    <gia/>
    <ddd>82</ddd>
    <siafi>2825</siafi>
  </cep>
  <cep>
    <cep>57607-495</cep>
    <logradouro>Travessa Nova Jerusalem</logradouro>
    <complemento/>
    <unidade/>
    <bairro>Vila Maria</bairro>
    <localidade>Palmeira dos Índios</localidade>
    <uf>AL</uf>
    <estado>Alagoas</estado>
    <região/>
    <ibge>2706307</ibge>
    <gia/>
    <ddd>82</ddd>
    <siafi>2825</siafi>
  </cep>
  <cep>
    <cep>57607-545</cep>
    <logradouro>Rua Anita Simões</logradouro>
    <complemento/>
    <unidade/>
    <bairro>Vila Maria</bairro>
    <localidade>Palmeira dos Índios</localidade>
    <uf>AL</uf>
    <estado>Alagoas</estado>
    <região/>
    <ibge>2706307</ibge>
    <gia/>
    <ddd>82</ddd>
    <siafi>2825</siafi>
  </cep>
  <cep>
    <cep>57608-115</cep>
    <logradouro>Travessa Lindolfo Passos</logradouro>
    <complemento/>
    <unidade/>
    <bairro>Palmeira de Fora</bairro>
    <localidade>Palmeira dos Índios</localidade>
    <uf>AL</uf>
    <estado>Alagoas</estado>
    <região/>
    <ibge>2706307</ibge>
    <gia/>
    <ddd>82</ddd>
    <siafi>2825</siafi>
  </cep>
  <cep>
    <cep>57607-373</cep>
    <logradouro>Rua Fernando de Noronha</logradouro>
    <complemento/>
    <unidade/>
    <bairro>Vila Maria</bairro>
    <localidade>Palmeira dos Índios</localidade>
    <uf>AL</uf>
    <estado>Alagoas</estado>
    <região/>
    <ibge>2706307</ibge>
    <gia/>
    <ddd>82</ddd>
    <siafi>2825</siafi>
  </cep>
  <cep>
    <cep>57608-130</cep>
    <logradouro>Avenida Estudante Robério Ribeiro Gomes</logradouro>
    <complemento/>
    <unidade/>
    <bairro>Palmeira de Fora</bairro>
    <localidade>Palmeira dos Índios</localidade>
    <uf>AL</uf>
    <estado>Alagoas</estado>
    <região/>
    <ibge>2706307</ibge>
    <gia/>
    <ddd>82</ddd>
    <siafi>2825</siafi>
  </cep>
  <cep>
    <cep>57607-687</cep>
    <logradouro>Rua Tocantins</logradouro>
    <complemento/>
    <unidade/>
    <bairro>Vila Maria</bairro>
    <localidade>Palmeira dos Índios</localidade>
    <uf>AL</uf>
    <estado>Alagoas</estado>
    <região/>
    <ibge>2706307</ibge>
    <gia/>
    <ddd>82</ddd>
    <siafi>2825</siafi>
  </cep>
  <cep>
    <cep>57607-656</cep>
    <logradouro>3ª Travessa Zuleide Gaia</logradouro>
    <complemento/>
    <unidade/>
    <bairro>Vila Maria</bairro>
    <localidade>Palmeira dos Índios</localidade>
    <uf>AL</uf>
    <estado>Alagoas</estado>
    <região/>
    <ibge>2706307</ibge>
    <gia/>
    <ddd>82</ddd>
    <siafi>2825</siafi>
  </cep>
  <cep>
    <cep>57607-564</cep>
    <logradouro>Rua José Soares Vilarins</logradouro>
    <complemento/>
    <unidade/>
    <bairro>Vila Maria</bairro>
    <localidade>Palmeira dos Índios</localidade>
    <uf>AL</uf>
    <estado>Alagoas</estado>
    <região/>
    <ibge>2706307</ibge>
    <gia/>
    <ddd>82</ddd>
    <siafi>2825</siafi>
  </cep>
  <cep>
    <cep>57607-562</cep>
    <logradouro>Travessa Julio Amorim</logradouro>
    <complemento/>
    <unidade/>
    <bairro>Vila Maria</bairro>
    <localidade>Palmeira dos Índios</localidade>
    <uf>AL</uf>
    <estado>Alagoas</estado>
    <região/>
    <ibge>2706307</ibge>
    <gia/>
    <ddd>82</ddd>
    <siafi>2825</siafi>
  </cep>
  <cep>
    <cep>57608-123</cep>
    <logradouro>Rua Professora Rita de Cássia Barros Barbosa</logradouro>
    <complemento/>
    <unidade/>
    <bairro>Palmeira de Fora</bairro>
    <localidade>Palmeira dos Índios</localidade>
    <uf>AL</uf>
    <estado>Alagoas</estado>
    <região/>
    <ibge>2706307</ibge>
    <gia/>
    <ddd>82</ddd>
    <siafi>2825</siafi>
  </cep>
  <cep>
    <cep>57608-127</cep>
    <logradouro>Rua Escritor Renato Ávila Cavalcanti de Amorim</logradouro>
    <complemento>(Lot Jardins)</complemento>
    <unidade/>
    <bairro>Palmeira de Fora</bairro>
    <localidade>Palmeira dos Índios</localidade>
    <uf>AL</uf>
    <estado>Alagoas</estado>
    <região/>
    <ibge>2706307</ibge>
    <gia/>
    <ddd>82</ddd>
    <siafi>2825</siafi>
  </cep>
  <cep>
    <cep>57607-659</cep>
    <logradouro>Rua José Correia da SIlva</logradouro>
    <complemento/>
    <unidade/>
    <bairro>Vila Maria</bairro>
    <localidade>Palmeira dos Índios</localidade>
    <uf>AL</uf>
    <estado>Alagoas</estado>
    <região/>
    <ibge>2706307</ibge>
    <gia/>
    <ddd>82</ddd>
    <siafi>2825</siafi>
  </cep>
  <cep>
    <cep>57607-243</cep>
    <logradouro>Rua Quinze de Novembro</logradouro>
    <complemento/>
    <unidade/>
    <bairro>Jardim Brasil</bairro>
    <localidade>Palmeira dos Índios</localidade>
    <uf>AL</uf>
    <estado>Alagoas</estado>
    <região/>
    <ibge>2706307</ibge>
    <gia/>
    <ddd>82</ddd>
    <siafi>2825</siafi>
  </cep>
  <cep>
    <cep>57606-302</cep>
    <logradouro>Rua Vereador Sid Carlos Alves de Melo</logradouro>
    <complemento/>
    <unidade/>
    <bairro>Sonho Verde</bairro>
    <localidade>Palmeira dos Índios</localidade>
    <uf>AL</uf>
    <estado>Alagoas</estado>
    <região/>
    <ibge>2706307</ibge>
    <gia/>
    <ddd>82</ddd>
    <siafi>2825</siafi>
  </cep>
  <cep>
    <cep>57607-652</cep>
    <logradouro>Travessa Vereador Rui Guimarães Costa</logradouro>
    <complemento/>
    <unidade/>
    <bairro>Vila Maria</bairro>
    <localidade>Palmeira dos Índios</localidade>
    <uf>AL</uf>
    <estado>Alagoas</estado>
    <região/>
    <ibge>2706307</ibge>
    <gia/>
    <ddd>82</ddd>
    <siafi>2825</siafi>
  </cep>
  <cep>
    <cep>57606-309</cep>
    <logradouro>Rua Florianópolis</logradouro>
    <complemento/>
    <unidade/>
    <bairro>Sonho Verde</bairro>
    <localidade>Palmeira dos Índios</localidade>
    <uf>AL</uf>
    <estado>Alagoas</estado>
    <região/>
    <ibge>2706307</ibge>
    <gia/>
    <ddd>82</ddd>
    <siafi>2825</siafi>
  </cep>
  <cep>
    <cep>57607-485</cep>
    <logradouro>Rua Brasil Novo</logradouro>
    <complemento/>
    <unidade/>
    <bairro>Vila Maria</bairro>
    <localidade>Palmeira dos Índios</localidade>
    <uf>AL</uf>
    <estado>Alagoas</estado>
    <região/>
    <ibge>2706307</ibge>
    <gia/>
    <ddd>82</ddd>
    <siafi>2825</siafi>
  </cep>
  <cep>
    <cep>57607-685</cep>
    <logradouro>Rua Rondônia</logradouro>
    <complemento/>
    <unidade/>
    <bairro>Vila Maria</bairro>
    <localidade>Palmeira dos Índios</localidade>
    <uf>AL</uf>
    <estado>Alagoas</estado>
    <região/>
    <ibge>2706307</ibge>
    <gia/>
    <ddd>82</ddd>
    <siafi>2825</siafi>
  </cep>
  <cep>
    <cep>57607-558</cep>
    <logradouro>Rua Dionizio José das Neves</logradouro>
    <complemento/>
    <unidade/>
    <bairro>Vila Maria</bairro>
    <localidade>Palmeira dos Índios</localidade>
    <uf>AL</uf>
    <estado>Alagoas</estado>
    <região/>
    <ibge>2706307</ibge>
    <gia/>
    <ddd>82</ddd>
    <siafi>2825</siafi>
  </cep>
  <cep>
    <cep>57607-690</cep>
    <logradouro>Rua Sebastião Inácio da Silva</logradouro>
    <complemento/>
    <unidade/>
    <bairro>Vila Maria</bairro>
    <localidade>Palmeira dos Índios</localidade>
    <uf>AL</uf>
    <estado>Alagoas</estado>
    <região/>
    <ibge>2706307</ibge>
    <gia/>
    <ddd>82</ddd>
    <siafi>2825</siafi>
  </cep>
  <cep>
    <cep>57607-675</cep>
    <logradouro>Travessa Vereador Pajeú</logradouro>
    <complemento/>
    <unidade/>
    <bairro>Vila Maria</bairro>
    <localidade>Palmeira dos Índios</localidade>
    <uf>AL</uf>
    <estado>Alagoas</estado>
    <região/>
    <ibge>2706307</ibge>
    <gia/>
    <ddd>82</ddd>
    <siafi>2825</siafi>
  </cep>
  <cep>
    <cep>57607-371</cep>
    <logradouro>Travessa Joaquim Ferreira de Queiroz</logradouro>
    <complemento/>
    <unidade/>
    <bairro>Vila Maria</bairro>
    <localidade>Palmeira dos Índios</localidade>
    <uf>AL</uf>
    <estado>Alagoas</estado>
    <região/>
    <ibge>2706307</ibge>
    <gia/>
    <ddd>82</ddd>
    <siafi>2825</siafi>
  </cep>
  <cep>
    <cep>57608-125</cep>
    <logradouro>Rua Empresário José Alfredo Canuto</logradouro>
    <complemento/>
    <unidade/>
    <bairro>Palmeira de Fora</bairro>
    <localidade>Palmeira dos Índios</localidade>
    <uf>AL</uf>
    <estado>Alagoas</estado>
    <região/>
    <ibge>2706307</ibge>
    <gia/>
    <ddd>82</ddd>
    <siafi>2825</siafi>
  </cep>
  <cep>
    <cep>57607-477</cep>
    <logradouro>Rua Jerusalém</logradouro>
    <complemento/>
    <unidade/>
    <bairro>Vila Maria</bairro>
    <localidade>Palmeira dos Índios</localidade>
    <uf>AL</uf>
    <estado>Alagoas</estado>
    <região/>
    <ibge>2706307</ibge>
    <gia/>
    <ddd>82</ddd>
    <siafi>2825</siafi>
  </cep>
  <cep>
    <cep>57607-374</cep>
    <logradouro>Rua Antonio Aufrásio</logradouro>
    <complemento/>
    <unidade/>
    <bairro>Vila Maria</bairro>
    <localidade>Palmeira dos Índios</localidade>
    <uf>AL</uf>
    <estado>Alagoas</estado>
    <região/>
    <ibge>2706307</ibge>
    <gia/>
    <ddd>82</ddd>
    <siafi>2825</siafi>
  </cep>
  <cep>
    <cep>57607-658</cep>
    <logradouro>Rua João Paulo Feitosa</logradouro>
    <complemento/>
    <unidade/>
    <bairro>Vila Maria</bairro>
    <localidade>Palmeira dos Índios</localidade>
    <uf>AL</uf>
    <estado>Alagoas</estado>
    <região/>
    <ibge>2706307</ibge>
    <gia/>
    <ddd>82</ddd>
    <siafi>2825</siafi>
  </cep>
  <cep>
    <cep>57608-485</cep>
    <logradouro>Travessa São Vicente</logradouro>
    <complemento/>
    <unidade/>
    <bairro>Palmeira de Fora</bairro>
    <localidade>Palmeira dos Índios</localidade>
    <uf>AL</uf>
    <estado>Alagoas</estado>
    <região/>
    <ibge>2706307</ibge>
    <gia/>
    <ddd>82</ddd>
    <siafi>2825</siafi>
  </cep>
  <cep>
    <cep>57606-306</cep>
    <logradouro>Rua Salvador</logradouro>
    <complemento/>
    <unidade/>
    <bairro>Sonho Verde</bairro>
    <localidade>Palmeira dos Índios</localidade>
    <uf>AL</uf>
    <estado>Alagoas</estado>
    <região/>
    <ibge>2706307</ibge>
    <gia/>
    <ddd>82</ddd>
    <siafi>2825</siafi>
  </cep>
  <cep>
    <cep>57606-296</cep>
    <logradouro>Rua Sargento Geraldo Matias dos Santos</logradouro>
    <complemento/>
    <unidade/>
    <bairro>Sonho Verde</bairro>
    <localidade>Palmeira dos Índios</localidade>
    <uf>AL</uf>
    <estado>Alagoas</estado>
    <região/>
    <ibge>2706307</ibge>
    <gia/>
    <ddd>82</ddd>
    <siafi>2825</siafi>
  </cep>
  <cep>
    <cep>57606-288</cep>
    <logradouro>Rua Mariano Correia da Silva</logradouro>
    <complemento/>
    <unidade/>
    <bairro>Sonho Verde</bairro>
    <localidade>Palmeira dos Índios</localidade>
    <uf>AL</uf>
    <estado>Alagoas</estado>
    <região/>
    <ibge>2706307</ibge>
    <gia/>
    <ddd>82</ddd>
    <siafi>2825</siafi>
  </cep>
  <cep>
    <cep>57608-504</cep>
    <logradouro>Rua Liberato Oliveira Matos</logradouro>
    <complemento/>
    <unidade/>
    <bairro>Palmeira de Fora</bairro>
    <localidade>Palmeira dos Índios</localidade>
    <uf>AL</uf>
    <estado>Alagoas</estado>
    <região/>
    <ibge>2706307</ibge>
    <gia/>
    <ddd>82</ddd>
    <siafi>2825</siafi>
  </cep>
  <cep>
    <cep>57607-645</cep>
    <logradouro>Travessa Otávio Barbosa</logradouro>
    <complemento/>
    <unidade/>
    <bairro>Vila Maria</bairro>
    <localidade>Palmeira dos Índios</localidade>
    <uf>AL</uf>
    <estado>Alagoas</estado>
    <região/>
    <ibge>2706307</ibge>
    <gia/>
    <ddd>82</ddd>
    <siafi>2825</siafi>
  </cep>
  <cep>
    <cep>57608-112</cep>
    <logradouro>Rua Dionísio Pau Ferro da Silva</logradouro>
    <complemento/>
    <unidade/>
    <bairro>Palmeira de Fora</bairro>
    <localidade>Palmeira dos Índios</localidade>
    <uf>AL</uf>
    <estado>Alagoas</estado>
    <região/>
    <ibge>2706307</ibge>
    <gia/>
    <ddd>82</ddd>
    <siafi>2825</siafi>
  </cep>
  <cep>
    <cep>57608-508</cep>
    <logradouro>Rua Maria Siqueira</logradouro>
    <complemento/>
    <unidade/>
    <bairro>Palmeira de Fora</bairro>
    <localidade>Palmeira dos Índios</localidade>
    <uf>AL</uf>
    <estado>Alagoas</estado>
    <região/>
    <ibge>2706307</ibge>
    <gia/>
    <ddd>82</ddd>
    <siafi>2825</siafi>
  </cep>
  <cep>
    <cep>57608-514</cep>
    <logradouro>Rua Luiz Maia e Silva</logradouro>
    <complemento/>
    <unidade/>
    <bairro>Palmeira de Fora</bairro>
    <localidade>Palmeira dos Índios</localidade>
    <uf>AL</uf>
    <estado>Alagoas</estado>
    <região/>
    <ibge>2706307</ibge>
    <gia/>
    <ddd>82</ddd>
    <siafi>2825</siafi>
  </cep>
  <cep>
    <cep>57607-683</cep>
    <logradouro>Rua Amapá</logradouro>
    <complemento/>
    <unidade/>
    <bairro>Vila Maria</bairro>
    <localidade>Palmeira dos Índios</localidade>
    <uf>AL</uf>
    <estado>Alagoas</estado>
    <região/>
    <ibge>2706307</ibge>
    <gia/>
    <ddd>82</ddd>
    <siafi>2825</siafi>
  </cep>
  <cep>
    <cep>57607-654</cep>
    <logradouro>2ª Travessa Zuleide Gaia</logradouro>
    <complemento/>
    <unidade/>
    <bairro>Vila Maria</bairro>
    <localidade>Palmeira dos Índios</localidade>
    <uf>AL</uf>
    <estado>Alagoas</estado>
    <região/>
    <ibge>2706307</ibge>
    <gia/>
    <ddd>82</ddd>
    <siafi>2825</siafi>
  </cep>
  <cep>
    <cep>57608-506</cep>
    <logradouro>Rua José Duarte Neto</logradouro>
    <complemento/>
    <unidade/>
    <bairro>Palmeira de Fora</bairro>
    <localidade>Palmeira dos Índios</localidade>
    <uf>AL</uf>
    <estado>Alagoas</estado>
    <região/>
    <ibge>2706307</ibge>
    <gia/>
    <ddd>82</ddd>
    <siafi>2825</siafi>
  </cep>
  <cep>
    <cep>57608-512</cep>
    <logradouro>Rua Tiago da Silva</logradouro>
    <complemento/>
    <unidade/>
    <bairro>Palmeira de Fora</bairro>
    <localidade>Palmeira dos Índios</localidade>
    <uf>AL</uf>
    <estado>Alagoas</estado>
    <região/>
    <ibge>2706307</ibge>
    <gia/>
    <ddd>82</ddd>
    <siafi>2825</siafi>
  </cep>
  <cep>
    <cep>57608-516</cep>
    <logradouro>Rua Nelson Evangelista Ramos</logradouro>
    <complemento/>
    <unidade/>
    <bairro>Palmeira de Fora</bairro>
    <localidade>Palmeira dos Índios</localidade>
    <uf>AL</uf>
    <estado>Alagoas</estado>
    <região/>
    <ibge>2706307</ibge>
    <gia/>
    <ddd>82</ddd>
    <siafi>2825</siafi>
  </cep>
  <cep>
    <cep>57608-518</cep>
    <logradouro>Conjunto Formigão</logradouro>
    <complemento/>
    <unidade/>
    <bairro>Palmeira de Fora</bairro>
    <localidade>Palmeira dos Índios</localidade>
    <uf>AL</uf>
    <estado>Alagoas</estado>
    <região/>
    <ibge>2706307</ibge>
    <gia/>
    <ddd>82</ddd>
    <siafi>2825</siafi>
  </cep>
  <cep>
    <cep>57608-710</cep>
    <logradouro>Rua José Mendes Ferreira</logradouro>
    <complemento>lado ímpar</complemento>
    <unidade/>
    <bairro>Goití</bairro>
    <localidade>Palmeira dos Índios</localidade>
    <uf>AL</uf>
    <estado>Alagoas</estado>
    <região/>
    <ibge>2706307</ibge>
    <gia/>
    <ddd>82</ddd>
    <siafi>2825</siafi>
  </cep>
  <cep>
    <cep>57073-413</cep>
    <logradouro>Quadra C</logradouro>
    <complemento>(Lot Matarana)</complemento>
    <unidade/>
    <bairro>Cidade Universitária</bairro>
    <localidade>Maceió</localidade>
    <uf>AL</uf>
    <estado>Alagoas</estado>
    <região/>
    <ibge>2704302</ibge>
    <gia/>
    <ddd>82</ddd>
    <siafi>2785</siafi>
  </cep>
  <cep>
    <cep>57073-412</cep>
    <logradouro>Quadra B</logradouro>
    <complemento>(Lot Matarana)</complemento>
    <unidade/>
    <bairro>Cidade Universitária</bairro>
    <localidade>Maceió</localidade>
    <uf>AL</uf>
    <estado>Alagoas</estado>
    <região/>
    <ibge>2704302</ibge>
    <gia/>
    <ddd>82</ddd>
    <siafi>2785</siafi>
  </cep>
  <cep>
    <cep>57073-414</cep>
    <logradouro>Quadra D</logradouro>
    <complemento>(Lot Matarana)</complemento>
    <unidade/>
    <bairro>Cidade Universitária</bairro>
    <localidade>Maceió</localidade>
    <uf>AL</uf>
    <estado>Alagoas</estado>
    <região/>
    <ibge>2704302</ibge>
    <gia/>
    <ddd>82</ddd>
    <siafi>2785</siafi>
  </cep>
  <cep>
    <cep>57073-415</cep>
    <logradouro>Avenida Alice Karoline</logradouro>
    <complemento/>
    <unidade/>
    <bairro>Cidade Universitária</bairro>
    <localidade>Maceió</localidade>
    <uf>AL</uf>
    <estado>Alagoas</estado>
    <região/>
    <ibge>2704302</ibge>
    <gia/>
    <ddd>82</ddd>
    <siafi>2785</siafi>
  </cep>
  <cep>
    <cep>57073-416</cep>
    <logradouro>Travessa Alice Karoline</logradouro>
    <complemento/>
    <unidade/>
    <bairro>Cidade Universitária</bairro>
    <localidade>Maceió</localidade>
    <uf>AL</uf>
    <estado>Alagoas</estado>
    <região/>
    <ibge>2704302</ibge>
    <gia/>
    <ddd>82</ddd>
    <siafi>2785</siafi>
  </cep>
  <cep>
    <cep>57073-417</cep>
    <logradouro>Rua Ministro Lindolfo Collor</logradouro>
    <complemento/>
    <unidade/>
    <bairro>Cidade Universitária</bairro>
    <localidade>Maceió</localidade>
    <uf>AL</uf>
    <estado>Alagoas</estado>
    <região/>
    <ibge>2704302</ibge>
    <gia/>
    <ddd>82</ddd>
    <siafi>2785</siafi>
  </cep>
  <cep>
    <cep>57073-418</cep>
    <logradouro>1ª Travessa Ministro Lindolfo Collor</logradouro>
    <complemento/>
    <unidade/>
    <bairro>Cidade Universitária</bairro>
    <localidade>Maceió</localidade>
    <uf>AL</uf>
    <estado>Alagoas</estado>
    <região/>
    <ibge>2704302</ibge>
    <gia/>
    <ddd>82</ddd>
    <siafi>2785</siafi>
  </cep>
  <cep>
    <cep>57073-421</cep>
    <logradouro>Quadra 01</logradouro>
    <complemento>(Lot Cascadura)</complemento>
    <unidade/>
    <bairro>Cidade Universitária</bairro>
    <localidade>Maceió</localidade>
    <uf>AL</uf>
    <estado>Alagoas</estado>
    <região/>
    <ibge>2704302</ibge>
    <gia/>
    <ddd>82</ddd>
    <siafi>2785</siafi>
  </cep>
  <cep>
    <cep>57073-422</cep>
    <logradouro>Quadra 02</logradouro>
    <complemento>(Lot Cascadura)</complemento>
    <unidade/>
    <bairro>Cidade Universitária</bairro>
    <localidade>Maceió</localidade>
    <uf>AL</uf>
    <estado>Alagoas</estado>
    <região/>
    <ibge>2704302</ibge>
    <gia/>
    <ddd>82</ddd>
    <siafi>2785</siafi>
  </cep>
  <cep>
    <cep>57073-424</cep>
    <logradouro>Loteamento Pratagy Pequeno</logradouro>
    <complemento/>
    <unidade/>
    <bairro>Cidade Universitária</bairro>
    <localidade>Maceió</localidade>
    <uf>AL</uf>
    <estado>Alagoas</estado>
    <região/>
    <ibge>2704302</ibge>
    <gia/>
    <ddd>82</ddd>
    <siafi>2785</siafi>
  </cep>
  <cep>
    <cep>57073-430</cep>
    <logradouro>Rua Doutor Gastão Machado Pontes de Miranda</logradouro>
    <complemento/>
    <unidade/>
    <bairro>Cidade Universitária</bairro>
    <localidade>Maceió</localidade>
    <uf>AL</uf>
    <estado>Alagoas</estado>
    <região/>
    <ibge>2704302</ibge>
    <gia/>
    <ddd>82</ddd>
    <siafi>2785</siafi>
  </cep>
  <cep>
    <cep>57073-435</cep>
    <logradouro>Quadra 02</logradouro>
    <complemento>(Res Dr Carile A Oliveira)</complemento>
    <unidade/>
    <bairro>Cidade Universitária</bairro>
    <localidade>Maceió</localidade>
    <uf>AL</uf>
    <estado>Alagoas</estado>
    <região/>
    <ibge>2704302</ibge>
    <gia/>
    <ddd>82</ddd>
    <siafi>2785</siafi>
  </cep>
  <cep>
    <cep>57073-443</cep>
    <logradouro>Quadra C</logradouro>
    <complemento>(Lot Cascadura)</complemento>
    <unidade/>
    <bairro>Cidade Universitária</bairro>
    <localidade>Maceió</localidade>
    <uf>AL</uf>
    <estado>Alagoas</estado>
    <região/>
    <ibge>2704302</ibge>
    <gia/>
    <ddd>82</ddd>
    <siafi>2785</siafi>
  </cep>
  <cep>
    <cep>57073-441</cep>
    <logradouro>Quadra A</logradouro>
    <complemento>(Lot Cascadura)</complemento>
    <unidade/>
    <bairro>Cidade Universitária</bairro>
    <localidade>Maceió</localidade>
    <uf>AL</uf>
    <estado>Alagoas</estado>
    <região/>
    <ibge>2704302</ibge>
    <gia/>
    <ddd>82</ddd>
    <siafi>2785</siafi>
  </cep>
  <cep>
    <cep>57073-439</cep>
    <logradouro>Quadra 06</logradouro>
    <complemento>(Res Dr Carile A Oliveira)</complemento>
    <unidade/>
    <bairro>Cidade Universitária</bairro>
    <localidade>Maceió</localidade>
    <uf>AL</uf>
    <estado>Alagoas</estado>
    <região/>
    <ibge>2704302</ibge>
    <gia/>
    <ddd>82</ddd>
    <siafi>2785</siafi>
  </cep>
  <cep>
    <cep>57073-423</cep>
    <logradouro>Quadra 03</logradouro>
    <complemento>(Lot Cascadura)</complemento>
    <unidade/>
    <bairro>Cidade Universitária</bairro>
    <localidade>Maceió</localidade>
    <uf>AL</uf>
    <estado>Alagoas</estado>
    <região/>
    <ibge>2704302</ibge>
    <gia/>
    <ddd>82</ddd>
    <siafi>2785</siafi>
  </cep>
  <cep>
    <cep>57073-451</cep>
    <logradouro>Rua Divaldo Suruagy</logradouro>
    <complemento/>
    <unidade/>
    <bairro>Cidade Universitária</bairro>
    <localidade>Maceió</localidade>
    <uf>AL</uf>
    <estado>Alagoas</estado>
    <região/>
    <ibge>2704302</ibge>
    <gia/>
    <ddd>82</ddd>
    <siafi>2785</siafi>
  </cep>
  <cep>
    <cep/>
    <logradouro/>
    <complemento/>
    <unidade/>
    <bairro/>
    <localidade/>
    <uf/>
    <estado/>
    <região/>
    <ibge/>
    <gia/>
    <ddd/>
    <siafi/>
  </cep>
  <cep>
    <cep>57073-456</cep>
    <logradouro>Rua Paraguaçu</logradouro>
    <complemento/>
    <unidade/>
    <bairro>Cidade Universitária</bairro>
    <localidade>Maceió</localidade>
    <uf>AL</uf>
    <estado>Alagoas</estado>
    <região/>
    <ibge>2704302</ibge>
    <gia/>
    <ddd>82</ddd>
    <siafi>2785</siafi>
  </cep>
  <cep>
    <cep>57073-460</cep>
    <logradouro>Rua em Projeto 7365</logradouro>
    <complemento>(Cj Res Tab dos Martins)</complemento>
    <unidade/>
    <bairro>Cidade Universitária</bairro>
    <localidade>Maceió</localidade>
    <uf>AL</uf>
    <estado>Alagoas</estado>
    <região/>
    <ibge>2704302</ibge>
    <gia/>
    <ddd>82</ddd>
    <siafi>2785</siafi>
  </cep>
  <cep>
    <cep>57073-438</cep>
    <logradouro>Quadra 05</logradouro>
    <complemento>(Res Dr Carile A Oliveira)</complemento>
    <unidade/>
    <bairro>Cidade Universitária</bairro>
    <localidade>Maceió</localidade>
    <uf>AL</uf>
    <estado>Alagoas</estado>
    <região/>
    <ibge>2704302</ibge>
    <gia/>
    <ddd>82</ddd>
    <siafi>2785</siafi>
  </cep>
  <cep>
    <cep>57073-468</cep>
    <logradouro>Condomínio Gabino Besouro</logradouro>
    <complemento/>
    <unidade/>
    <bairro>Cidade Universitária</bairro>
    <localidade>Maceió</localidade>
    <uf>AL</uf>
    <estado>Alagoas</estado>
    <região/>
    <ibge>2704302</ibge>
    <gia/>
    <ddd>82</ddd>
    <siafi>2785</siafi>
  </cep>
  <cep>
    <cep>57073-467</cep>
    <logradouro>1ª Travessa Gama Lins</logradouro>
    <complemento/>
    <unidade/>
    <bairro>Cidade Universitária</bairro>
    <localidade>Maceió</localidade>
    <uf>AL</uf>
    <estado>Alagoas</estado>
    <região/>
    <ibge>2704302</ibge>
    <gia/>
    <ddd>82</ddd>
    <siafi>2785</siafi>
  </cep>
  <cep>
    <cep>57073-475</cep>
    <logradouro>Rua E</logradouro>
    <complemento>(Lot Canto do Mainá)</complemento>
    <unidade/>
    <bairro>Cidade Universitária</bairro>
    <localidade>Maceió</localidade>
    <uf>AL</uf>
    <estado>Alagoas</estado>
    <região/>
    <ibge>2704302</ibge>
    <gia/>
    <ddd>82</ddd>
    <siafi>2785</siafi>
  </cep>
  <cep>
    <cep>57073-474</cep>
    <logradouro>Rua D</logradouro>
    <complemento>(Lot Canto do Mainá)</complemento>
    <unidade/>
    <bairro>Cidade Universitária</bairro>
    <localidade>Maceió</localidade>
    <uf>AL</uf>
    <estado>Alagoas</estado>
    <região/>
    <ibge>2704302</ibge>
    <gia/>
    <ddd>82</ddd>
    <siafi>2785</siafi>
  </cep>
  <cep>
    <cep>57073-478</cep>
    <logradouro>Rua H</logradouro>
    <complemento>(Lot Canto do Mainá)</complemento>
    <unidade/>
    <bairro>Cidade Universitária</bairro>
    <localidade>Maceió</localidade>
    <uf>AL</uf>
    <estado>Alagoas</estado>
    <região/>
    <ibge>2704302</ibge>
    <gia/>
    <ddd>82</ddd>
    <siafi>2785</siafi>
  </cep>
  <cep>
    <cep>57073-454</cep>
    <logradouro>1ª Travessa Florêncio de Abreu</logradouro>
    <complemento/>
    <unidade/>
    <bairro>Cidade Universitária</bairro>
    <localidade>Maceió</localidade>
    <uf>AL</uf>
    <estado>Alagoas</estado>
    <região/>
    <ibge>2704302</ibge>
    <gia/>
    <ddd>82</ddd>
    <siafi>2785</siafi>
  </cep>
  <cep>
    <cep>57073-479</cep>
    <logradouro>Rua I</logradouro>
    <complemento>(Lot Canto do Mainá)</complemento>
    <unidade/>
    <bairro>Cidade Universitária</bairro>
    <localidade>Maceió</localidade>
    <uf>AL</uf>
    <estado>Alagoas</estado>
    <região/>
    <ibge>2704302</ibge>
    <gia/>
    <ddd>82</ddd>
    <siafi>2785</siafi>
  </cep>
  <cep>
    <cep>57073-445</cep>
    <logradouro>Quadra E</logradouro>
    <complemento>(Lot Cascadura)</complemento>
    <unidade/>
    <bairro>Cidade Universitária</bairro>
    <localidade>Maceió</localidade>
    <uf>AL</uf>
    <estado>Alagoas</estado>
    <região/>
    <ibge>2704302</ibge>
    <gia/>
    <ddd>82</ddd>
    <siafi>2785</siafi>
  </cep>
  <cep>
    <cep>57073-452</cep>
    <logradouro>Travessa Divaldo Suruagy</logradouro>
    <complemento/>
    <unidade/>
    <bairro>Cidade Universitária</bairro>
    <localidade>Maceió</localidade>
    <uf>AL</uf>
    <estado>Alagoas</estado>
    <região/>
    <ibge>2704302</ibge>
    <gia/>
    <ddd>82</ddd>
    <siafi>2785</siafi>
  </cep>
  <cep>
    <cep>57073-425</cep>
    <logradouro>2ª Travessa Gama Lins</logradouro>
    <complemento/>
    <unidade/>
    <bairro>Cidade Universitária</bairro>
    <localidade>Maceió</localidade>
    <uf>AL</uf>
    <estado>Alagoas</estado>
    <região/>
    <ibge>2704302</ibge>
    <gia/>
    <ddd>82</ddd>
    <siafi>2785</siafi>
  </cep>
  <cep>
    <cep>57073-480</cep>
    <logradouro>Rua José Hailton dos Santos</logradouro>
    <complemento/>
    <unidade/>
    <bairro>Cidade Universitária</bairro>
    <localidade>Maceió</localidade>
    <uf>AL</uf>
    <estado>Alagoas</estado>
    <região/>
    <ibge>2704302</ibge>
    <gia/>
    <ddd>82</ddd>
    <siafi>2785</siafi>
  </cep>
  <cep>
    <cep>57607-265</cep>
    <logradouro>Travessa Ezequiel Pereira</logradouro>
    <complemento/>
    <unidade/>
    <bairro>Jardim Brasil</bairro>
    <localidade>Palmeira dos Índios</localidade>
    <uf>AL</uf>
    <estado>Alagoas</estado>
    <região/>
    <ibge>2706307</ibge>
    <gia/>
    <ddd>82</ddd>
    <siafi>2825</siafi>
  </cep>
  <cep>
    <cep>57073-437</cep>
    <logradouro>Quadra 04</logradouro>
    <complemento>(Res Dr Carile A Oliveira)</complemento>
    <unidade/>
    <bairro>Cidade Universitária</bairro>
    <localidade>Maceió</localidade>
    <uf>AL</uf>
    <estado>Alagoas</estado>
    <região/>
    <ibge>2704302</ibge>
    <gia/>
    <ddd>82</ddd>
    <siafi>2785</siafi>
  </cep>
  <cep>
    <cep>57073-429</cep>
    <logradouro>6ª Travessa Gama Lins</logradouro>
    <complemento/>
    <unidade/>
    <bairro>Cidade Universitária</bairro>
    <localidade>Maceió</localidade>
    <uf>AL</uf>
    <estado>Alagoas</estado>
    <região/>
    <ibge>2704302</ibge>
    <gia/>
    <ddd>82</ddd>
    <siafi>2785</siafi>
  </cep>
  <cep>
    <cep>57073-485</cep>
    <logradouro>Rua N</logradouro>
    <complemento>(Lot Canto do Mainá)</complemento>
    <unidade/>
    <bairro>Cidade Universitária</bairro>
    <localidade>Maceió</localidade>
    <uf>AL</uf>
    <estado>Alagoas</estado>
    <região/>
    <ibge>2704302</ibge>
    <gia/>
    <ddd>82</ddd>
    <siafi>2785</siafi>
  </cep>
  <cep>
    <cep>57073-486</cep>
    <logradouro>Rua O</logradouro>
    <complemento>(Lot Canto do Mainá)</complemento>
    <unidade/>
    <bairro>Cidade Universitária</bairro>
    <localidade>Maceió</localidade>
    <uf>AL</uf>
    <estado>Alagoas</estado>
    <região/>
    <ibge>2704302</ibge>
    <gia/>
    <ddd>82</ddd>
    <siafi>2785</siafi>
  </cep>
  <cep>
    <cep>57073-447</cep>
    <logradouro>Rua Cascadura</logradouro>
    <complemento/>
    <unidade/>
    <bairro>Cidade Universitária</bairro>
    <localidade>Maceió</localidade>
    <uf>AL</uf>
    <estado>Alagoas</estado>
    <região/>
    <ibge>2704302</ibge>
    <gia/>
    <ddd>82</ddd>
    <siafi>2785</siafi>
  </cep>
  <cep>
    <cep>57073-487</cep>
    <logradouro>Rua P</logradouro>
    <complemento>(Lot Canto do Mainá)</complemento>
    <unidade/>
    <bairro>Cidade Universitária</bairro>
    <localidade>Maceió</localidade>
    <uf>AL</uf>
    <estado>Alagoas</estado>
    <região/>
    <ibge>2704302</ibge>
    <gia/>
    <ddd>82</ddd>
    <siafi>2785</siafi>
  </cep>
  <cep>
    <cep>57073-432</cep>
    <logradouro>8ª Travessa Gama Lins</logradouro>
    <complemento/>
    <unidade/>
    <bairro>Cidade Universitária</bairro>
    <localidade>Maceió</localidade>
    <uf>AL</uf>
    <estado>Alagoas</estado>
    <região/>
    <ibge>2704302</ibge>
    <gia/>
    <ddd>82</ddd>
    <siafi>2785</siafi>
  </cep>
  <cep>
    <cep>57073-434</cep>
    <logradouro>Quadra 01</logradouro>
    <complemento>(Res Dr Carile A Oliveira)</complemento>
    <unidade/>
    <bairro>Cidade Universitária</bairro>
    <localidade>Maceió</localidade>
    <uf>AL</uf>
    <estado>Alagoas</estado>
    <região/>
    <ibge>2704302</ibge>
    <gia/>
    <ddd>82</ddd>
    <siafi>2785</siafi>
  </cep>
  <cep>
    <cep>57073-491</cep>
    <logradouro>Rua S</logradouro>
    <complemento>(Lot Canto do Mainá)</complemento>
    <unidade/>
    <bairro>Cidade Universitária</bairro>
    <localidade>Maceió</localidade>
    <uf>AL</uf>
    <estado>Alagoas</estado>
    <região/>
    <ibge>2704302</ibge>
    <gia/>
    <ddd>82</ddd>
    <siafi>2785</siafi>
  </cep>
  <cep>
    <cep>57073-446</cep>
    <logradouro>Quadra 07</logradouro>
    <complemento>(Res Dr Carile A Oliveira)</complemento>
    <unidade/>
    <bairro>Cidade Universitária</bairro>
    <localidade>Maceió</localidade>
    <uf>AL</uf>
    <estado>Alagoas</estado>
    <região/>
    <ibge>2704302</ibge>
    <gia/>
    <ddd>82</ddd>
    <siafi>2785</siafi>
  </cep>
  <cep>
    <cep>57073-444</cep>
    <logradouro>Quadra D</logradouro>
    <complemento>(Lot Cascadura)</complemento>
    <unidade/>
    <bairro>Cidade Universitária</bairro>
    <localidade>Maceió</localidade>
    <uf>AL</uf>
    <estado>Alagoas</estado>
    <região/>
    <ibge>2704302</ibge>
    <gia/>
    <ddd>82</ddd>
    <siafi>2785</siafi>
  </cep>
  <cep>
    <cep>57073-483</cep>
    <logradouro>Rua L</logradouro>
    <complemento>(Lot Canto do Mainá)</complemento>
    <unidade/>
    <bairro>Cidade Universitária</bairro>
    <localidade>Maceió</localidade>
    <uf>AL</uf>
    <estado>Alagoas</estado>
    <região/>
    <ibge>2704302</ibge>
    <gia/>
    <ddd>82</ddd>
    <siafi>2785</siafi>
  </cep>
  <cep>
    <cep>57073-489</cep>
    <logradouro>Rua R</logradouro>
    <complemento>(Lot Canto do Mainá)</complemento>
    <unidade/>
    <bairro>Cidade Universitária</bairro>
    <localidade>Maceió</localidade>
    <uf>AL</uf>
    <estado>Alagoas</estado>
    <região/>
    <ibge>2704302</ibge>
    <gia/>
    <ddd>82</ddd>
    <siafi>2785</siafi>
  </cep>
  <cep>
    <cep>57073-494</cep>
    <logradouro>3ª Travessa Pajuçara</logradouro>
    <complemento/>
    <unidade/>
    <bairro>Cidade Universitária</bairro>
    <localidade>Maceió</localidade>
    <uf>AL</uf>
    <estado>Alagoas</estado>
    <região/>
    <ibge>2704302</ibge>
    <gia/>
    <ddd>82</ddd>
    <siafi>2785</siafi>
  </cep>
  <cep>
    <cep>57073-457</cep>
    <logradouro>3ª Travessa Florêncio de Abreu</logradouro>
    <complemento/>
    <unidade/>
    <bairro>Cidade Universitária</bairro>
    <localidade>Maceió</localidade>
    <uf>AL</uf>
    <estado>Alagoas</estado>
    <região/>
    <ibge>2704302</ibge>
    <gia/>
    <ddd>82</ddd>
    <siafi>2785</siafi>
  </cep>
  <cep>
    <cep>57073-495</cep>
    <logradouro>Rua T</logradouro>
    <complemento>(Lot C do Mainá)</complemento>
    <unidade/>
    <bairro>Cidade Universitária</bairro>
    <localidade>Maceió</localidade>
    <uf>AL</uf>
    <estado>Alagoas</estado>
    <região/>
    <ibge>2704302</ibge>
    <gia/>
    <ddd>82</ddd>
    <siafi>2785</siafi>
  </cep>
  <cep>
    <cep>57073-455</cep>
    <logradouro>2ª Travessa Florêncio de Abreu</logradouro>
    <complemento/>
    <unidade/>
    <bairro>Cidade Universitária</bairro>
    <localidade>Maceió</localidade>
    <uf>AL</uf>
    <estado>Alagoas</estado>
    <região/>
    <ibge>2704302</ibge>
    <gia/>
    <ddd>82</ddd>
    <siafi>2785</siafi>
  </cep>
  <cep>
    <cep>57073-431</cep>
    <logradouro>7ª Travessa Gama Lins</logradouro>
    <complemento/>
    <unidade/>
    <bairro>Cidade Universitária</bairro>
    <localidade>Maceió</localidade>
    <uf>AL</uf>
    <estado>Alagoas</estado>
    <região/>
    <ibge>2704302</ibge>
    <gia/>
    <ddd>82</ddd>
    <siafi>2785</siafi>
  </cep>
  <cep>
    <cep>57073-488</cep>
    <logradouro>Rua Otacílio Oliveira Fontes</logradouro>
    <complemento>(Lot C do Mainá)</complemento>
    <unidade/>
    <bairro>Cidade Universitária</bairro>
    <localidade>Maceió</localidade>
    <uf>AL</uf>
    <estado>Alagoas</estado>
    <região/>
    <ibge>2704302</ibge>
    <gia/>
    <ddd>82</ddd>
    <siafi>2785</siafi>
  </cep>
  <cep>
    <cep>57073-442</cep>
    <logradouro>Quadra B</logradouro>
    <complemento>(Lot Cascadura)</complemento>
    <unidade/>
    <bairro>Cidade Universitária</bairro>
    <localidade>Maceió</localidade>
    <uf>AL</uf>
    <estado>Alagoas</estado>
    <região/>
    <ibge>2704302</ibge>
    <gia/>
    <ddd>82</ddd>
    <siafi>2785</siafi>
  </cep>
  <cep>
    <cep>57073-484</cep>
    <logradouro>Rua M</logradouro>
    <complemento>(Lot Canto do Mainá)</complemento>
    <unidade/>
    <bairro>Cidade Universitária</bairro>
    <localidade>Maceió</localidade>
    <uf>AL</uf>
    <estado>Alagoas</estado>
    <região/>
    <ibge>2704302</ibge>
    <gia/>
    <ddd>82</ddd>
    <siafi>2785</siafi>
  </cep>
  <cep>
    <cep>57073-426</cep>
    <logradouro>3ª Travessa Gama Lins</logradouro>
    <complemento/>
    <unidade/>
    <bairro>Cidade Universitária</bairro>
    <localidade>Maceió</localidade>
    <uf>AL</uf>
    <estado>Alagoas</estado>
    <região/>
    <ibge>2704302</ibge>
    <gia/>
    <ddd>82</ddd>
    <siafi>2785</siafi>
  </cep>
  <cep>
    <cep>57073-482</cep>
    <logradouro>Rua K</logradouro>
    <complemento>(Lot Canto do Mainá)</complemento>
    <unidade/>
    <bairro>Cidade Universitária</bairro>
    <localidade>Maceió</localidade>
    <uf>AL</uf>
    <estado>Alagoas</estado>
    <região/>
    <ibge>2704302</ibge>
    <gia/>
    <ddd>82</ddd>
    <siafi>2785</siafi>
  </cep>
  <cep>
    <cep>57073-463</cep>
    <logradouro>Vila José de Holanda</logradouro>
    <complemento>(Cj Village Campestre)</complemento>
    <unidade/>
    <bairro>Cidade Universitária</bairro>
    <localidade>Maceió</localidade>
    <uf>AL</uf>
    <estado>Alagoas</estado>
    <região/>
    <ibge>2704302</ibge>
    <gia/>
    <ddd>82</ddd>
    <siafi>2785</siafi>
  </cep>
  <cep>
    <cep>57073-428</cep>
    <logradouro>5ª Travessa Gama Lins</logradouro>
    <complemento/>
    <unidade/>
    <bairro>Cidade Universitária</bairro>
    <localidade>Maceió</localidade>
    <uf>AL</uf>
    <estado>Alagoas</estado>
    <região/>
    <ibge>2704302</ibge>
    <gia/>
    <ddd>82</ddd>
    <siafi>2785</siafi>
  </cep>
  <cep>
    <cep>57073-469</cep>
    <logradouro>Travessa Francisco Holanda</logradouro>
    <complemento/>
    <unidade/>
    <bairro>Cidade Universitária</bairro>
    <localidade>Maceió</localidade>
    <uf>AL</uf>
    <estado>Alagoas</estado>
    <região/>
    <ibge>2704302</ibge>
    <gia/>
    <ddd>82</ddd>
    <siafi>2785</siafi>
  </cep>
  <cep>
    <cep>57073-433</cep>
    <logradouro>9ª Travessa Gama Lins</logradouro>
    <complemento/>
    <unidade/>
    <bairro>Cidade Universitária</bairro>
    <localidade>Maceió</localidade>
    <uf>AL</uf>
    <estado>Alagoas</estado>
    <região/>
    <ibge>2704302</ibge>
    <gia/>
    <ddd>82</ddd>
    <siafi>2785</siafi>
  </cep>
  <cep>
    <cep>57073-462</cep>
    <logradouro>Travessa Gabino Besouro</logradouro>
    <complemento/>
    <unidade/>
    <bairro>Cidade Universitária</bairro>
    <localidade>Maceió</localidade>
    <uf>AL</uf>
    <estado>Alagoas</estado>
    <região/>
    <ibge>2704302</ibge>
    <gia/>
    <ddd>82</ddd>
    <siafi>2785</siafi>
  </cep>
  <cep>
    <cep>57073-496</cep>
    <logradouro>7ª Travessa Alameda da Paz</logradouro>
    <complemento>(Cj Village Campestre)</complemento>
    <unidade/>
    <bairro>Cidade Universitária</bairro>
    <localidade>Maceió</localidade>
    <uf>AL</uf>
    <estado>Alagoas</estado>
    <região/>
    <ibge>2704302</ibge>
    <gia/>
    <ddd>82</ddd>
    <siafi>2785</siafi>
  </cep>
  <cep>
    <cep>57073-481</cep>
    <logradouro>Rua J</logradouro>
    <complemento>(Lot Canto do Mainá)</complemento>
    <unidade/>
    <bairro>Cidade Universitária</bairro>
    <localidade>Maceió</localidade>
    <uf>AL</uf>
    <estado>Alagoas</estado>
    <região/>
    <ibge>2704302</ibge>
    <gia/>
    <ddd>82</ddd>
    <siafi>2785</siafi>
  </cep>
  <cep>
    <cep>57073-477</cep>
    <logradouro>Rua G</logradouro>
    <complemento>(Lot Canto do Mainá)</complemento>
    <unidade/>
    <bairro>Cidade Universitária</bairro>
    <localidade>Maceió</localidade>
    <uf>AL</uf>
    <estado>Alagoas</estado>
    <região/>
    <ibge>2704302</ibge>
    <gia/>
    <ddd>82</ddd>
    <siafi>2785</siafi>
  </cep>
  <cep>
    <cep>57073-449</cep>
    <logradouro>Rua das Flores</logradouro>
    <complemento/>
    <unidade/>
    <bairro>Cidade Universitária</bairro>
    <localidade>Maceió</localidade>
    <uf>AL</uf>
    <estado>Alagoas</estado>
    <região/>
    <ibge>2704302</ibge>
    <gia/>
    <ddd>82</ddd>
    <siafi>2785</siafi>
  </cep>
  <cep>
    <cep>57073-493</cep>
    <logradouro>2ª Travessa Pajuçara</logradouro>
    <complemento/>
    <unidade/>
    <bairro>Cidade Universitária</bairro>
    <localidade>Maceió</localidade>
    <uf>AL</uf>
    <estado>Alagoas</estado>
    <região/>
    <ibge>2704302</ibge>
    <gia/>
    <ddd>82</ddd>
    <siafi>2785</siafi>
  </cep>
  <cep>
    <cep>57073-470</cep>
    <logradouro>Avenida Menino Marcelo</logradouro>
    <complemento>lado ímpar</complemento>
    <unidade/>
    <bairro>Cidade Universitária</bairro>
    <localidade>Maceió</localidade>
    <uf>AL</uf>
    <estado>Alagoas</estado>
    <região/>
    <ibge>2704302</ibge>
    <gia/>
    <ddd>82</ddd>
    <siafi>2785</siafi>
  </cep>
  <cep>
    <cep>57073-497</cep>
    <logradouro>8ª Travessa Alameda da Paz</logradouro>
    <complemento>(Cj Village Campestre)</complemento>
    <unidade/>
    <bairro>Cidade Universitária</bairro>
    <localidade>Maceió</localidade>
    <uf>AL</uf>
    <estado>Alagoas</estado>
    <região/>
    <ibge>2704302</ibge>
    <gia/>
    <ddd>82</ddd>
    <siafi>2785</siafi>
  </cep>
  <cep>
    <cep>57073-500</cep>
    <logradouro>Rua Santa Luzia</logradouro>
    <complemento/>
    <unidade/>
    <bairro>Cidade Universitária</bairro>
    <localidade>Maceió</localidade>
    <uf>AL</uf>
    <estado>Alagoas</estado>
    <região/>
    <ibge>2704302</ibge>
    <gia/>
    <ddd>82</ddd>
    <siafi>2785</siafi>
  </cep>
  <cep>
    <cep>57073-498</cep>
    <logradouro>9ª Travessa Alameda da Paz</logradouro>
    <complemento>(Cj Village Campestre)</complemento>
    <unidade/>
    <bairro>Cidade Universitária</bairro>
    <localidade>Maceió</localidade>
    <uf>AL</uf>
    <estado>Alagoas</estado>
    <região/>
    <ibge>2704302</ibge>
    <gia/>
    <ddd>82</ddd>
    <siafi>2785</siafi>
  </cep>
  <cep>
    <cep>57073-503</cep>
    <logradouro>3ª Travessa Santa Luzia</logradouro>
    <complemento/>
    <unidade/>
    <bairro>Cidade Universitária</bairro>
    <localidade>Maceió</localidade>
    <uf>AL</uf>
    <estado>Alagoas</estado>
    <região/>
    <ibge>2704302</ibge>
    <gia/>
    <ddd>82</ddd>
    <siafi>2785</siafi>
  </cep>
  <cep>
    <cep>57073-502</cep>
    <logradouro>2ª Travessa Santa Luzia</logradouro>
    <complemento/>
    <unidade/>
    <bairro>Cidade Universitária</bairro>
    <localidade>Maceió</localidade>
    <uf>AL</uf>
    <estado>Alagoas</estado>
    <região/>
    <ibge>2704302</ibge>
    <gia/>
    <ddd>82</ddd>
    <siafi>2785</siafi>
  </cep>
  <cep>
    <cep>57073-501</cep>
    <logradouro>1ª Travessa Santa Luzia</logradouro>
    <complemento/>
    <unidade/>
    <bairro>Cidade Universitária</bairro>
    <localidade>Maceió</localidade>
    <uf>AL</uf>
    <estado>Alagoas</estado>
    <região/>
    <ibge>2704302</ibge>
    <gia/>
    <ddd>82</ddd>
    <siafi>2785</siafi>
  </cep>
  <cep>
    <cep>57073-499</cep>
    <logradouro>10ª Travessa Alameda da Paz</logradouro>
    <complemento>(Cj Village Campestre)</complemento>
    <unidade/>
    <bairro>Cidade Universitária</bairro>
    <localidade>Maceió</localidade>
    <uf>AL</uf>
    <estado>Alagoas</estado>
    <região/>
    <ibge>2704302</ibge>
    <gia/>
    <ddd>82</ddd>
    <siafi>2785</siafi>
  </cep>
  <cep>
    <cep>57073-504</cep>
    <logradouro>4ª Travessa Santa Luzia</logradouro>
    <complemento/>
    <unidade/>
    <bairro>Cidade Universitária</bairro>
    <localidade>Maceió</localidade>
    <uf>AL</uf>
    <estado>Alagoas</estado>
    <região/>
    <ibge>2704302</ibge>
    <gia/>
    <ddd>82</ddd>
    <siafi>2785</siafi>
  </cep>
  <cep>
    <cep>57073-506</cep>
    <logradouro>2ª Travessa Magno</logradouro>
    <complemento/>
    <unidade/>
    <bairro>Cidade Universitária</bairro>
    <localidade>Maceió</localidade>
    <uf>AL</uf>
    <estado>Alagoas</estado>
    <região/>
    <ibge>2704302</ibge>
    <gia/>
    <ddd>82</ddd>
    <siafi>2785</siafi>
  </cep>
  <cep>
    <cep>57073-505</cep>
    <logradouro>1ª Travessa Magno</logradouro>
    <complemento/>
    <unidade/>
    <bairro>Cidade Universitária</bairro>
    <localidade>Maceió</localidade>
    <uf>AL</uf>
    <estado>Alagoas</estado>
    <região/>
    <ibge>2704302</ibge>
    <gia/>
    <ddd>82</ddd>
    <siafi>2785</siafi>
  </cep>
  <cep>
    <cep>57073-507</cep>
    <logradouro>Rua Magda</logradouro>
    <complemento/>
    <unidade/>
    <bairro>Cidade Universitária</bairro>
    <localidade>Maceió</localidade>
    <uf>AL</uf>
    <estado>Alagoas</estado>
    <região/>
    <ibge>2704302</ibge>
    <gia/>
    <ddd>82</ddd>
    <siafi>2785</siafi>
  </cep>
  <cep>
    <cep>57073-509</cep>
    <logradouro>6ª Travessa Santa Luzia</logradouro>
    <complemento/>
    <unidade/>
    <bairro>Cidade Universitária</bairro>
    <localidade>Maceió</localidade>
    <uf>AL</uf>
    <estado>Alagoas</estado>
    <região/>
    <ibge>2704302</ibge>
    <gia/>
    <ddd>82</ddd>
    <siafi>2785</siafi>
  </cep>
  <cep>
    <cep>57073-508</cep>
    <logradouro>5ª Travessa Santa Luzia</logradouro>
    <complemento/>
    <unidade/>
    <bairro>Cidade Universitária</bairro>
    <localidade>Maceió</localidade>
    <uf>AL</uf>
    <estado>Alagoas</estado>
    <região/>
    <ibge>2704302</ibge>
    <gia/>
    <ddd>82</ddd>
    <siafi>2785</siafi>
  </cep>
  <cep>
    <cep>57073-510</cep>
    <logradouro>Rua Benedito Calaça Loureiro</logradouro>
    <complemento/>
    <unidade/>
    <bairro>Cidade Universitária</bairro>
    <localidade>Maceió</localidade>
    <uf>AL</uf>
    <estado>Alagoas</estado>
    <região/>
    <ibge>2704302</ibge>
    <gia/>
    <ddd>82</ddd>
    <siafi>2785</siafi>
  </cep>
  <cep>
    <cep>57073-518</cep>
    <logradouro>8ª Travessa Benedito Calaça Loureiro</logradouro>
    <complemento/>
    <unidade/>
    <bairro>Cidade Universitária</bairro>
    <localidade>Maceió</localidade>
    <uf>AL</uf>
    <estado>Alagoas</estado>
    <região/>
    <ibge>2704302</ibge>
    <gia/>
    <ddd>82</ddd>
    <siafi>2785</siafi>
  </cep>
  <cep>
    <cep>57073-512</cep>
    <logradouro>3ª Travessa Benedito Calaça Loureiro</logradouro>
    <complemento/>
    <unidade/>
    <bairro>Cidade Universitária</bairro>
    <localidade>Maceió</localidade>
    <uf>AL</uf>
    <estado>Alagoas</estado>
    <região/>
    <ibge>2704302</ibge>
    <gia/>
    <ddd>82</ddd>
    <siafi>2785</siafi>
  </cep>
  <cep>
    <cep>57073-511</cep>
    <logradouro>2ª Travessa Benedito Calaça Loureiro</logradouro>
    <complemento/>
    <unidade/>
    <bairro>Cidade Universitária</bairro>
    <localidade>Maceió</localidade>
    <uf>AL</uf>
    <estado>Alagoas</estado>
    <região/>
    <ibge>2704302</ibge>
    <gia/>
    <ddd>82</ddd>
    <siafi>2785</siafi>
  </cep>
  <cep>
    <cep>57073-513</cep>
    <logradouro>4ª Travessa Benedito Calaça Loureiro</logradouro>
    <complemento/>
    <unidade/>
    <bairro>Cidade Universitária</bairro>
    <localidade>Maceió</localidade>
    <uf>AL</uf>
    <estado>Alagoas</estado>
    <região/>
    <ibge>2704302</ibge>
    <gia/>
    <ddd>82</ddd>
    <siafi>2785</siafi>
  </cep>
  <cep>
    <cep>57073-515</cep>
    <logradouro>1ª Travessa Benedito Calaça Loureiro</logradouro>
    <complemento/>
    <unidade/>
    <bairro>Cidade Universitária</bairro>
    <localidade>Maceió</localidade>
    <uf>AL</uf>
    <estado>Alagoas</estado>
    <região/>
    <ibge>2704302</ibge>
    <gia/>
    <ddd>82</ddd>
    <siafi>2785</siafi>
  </cep>
  <cep>
    <cep>57073-514</cep>
    <logradouro>5ª Travessa Benedito Calaça Loureiro</logradouro>
    <complemento/>
    <unidade/>
    <bairro>Cidade Universitária</bairro>
    <localidade>Maceió</localidade>
    <uf>AL</uf>
    <estado>Alagoas</estado>
    <região/>
    <ibge>2704302</ibge>
    <gia/>
    <ddd>82</ddd>
    <siafi>2785</siafi>
  </cep>
  <cep>
    <cep>57073-517</cep>
    <logradouro>7ª Travessa Benedito Calaça Loureiro</logradouro>
    <complemento/>
    <unidade/>
    <bairro>Cidade Universitária</bairro>
    <localidade>Maceió</localidade>
    <uf>AL</uf>
    <estado>Alagoas</estado>
    <região/>
    <ibge>2704302</ibge>
    <gia/>
    <ddd>82</ddd>
    <siafi>2785</siafi>
  </cep>
  <cep>
    <cep>57073-516</cep>
    <logradouro>6ª Travessa Benedito Calaça Loureiro</logradouro>
    <complemento/>
    <unidade/>
    <bairro>Cidade Universitária</bairro>
    <localidade>Maceió</localidade>
    <uf>AL</uf>
    <estado>Alagoas</estado>
    <região/>
    <ibge>2704302</ibge>
    <gia/>
    <ddd>82</ddd>
    <siafi>2785</siafi>
  </cep>
  <cep>
    <cep>57073-524</cep>
    <logradouro>3ª Travessa Otacílio Holanda</logradouro>
    <complemento/>
    <unidade/>
    <bairro>Cidade Universitária</bairro>
    <localidade>Maceió</localidade>
    <uf>AL</uf>
    <estado>Alagoas</estado>
    <região/>
    <ibge>2704302</ibge>
    <gia/>
    <ddd>82</ddd>
    <siafi>2785</siafi>
  </cep>
  <cep>
    <cep>57073-519</cep>
    <logradouro>9ª Travessa Benedito Calaça Loureiro</logradouro>
    <complemento/>
    <unidade/>
    <bairro>Cidade Universitária</bairro>
    <localidade>Maceió</localidade>
    <uf>AL</uf>
    <estado>Alagoas</estado>
    <região/>
    <ibge>2704302</ibge>
    <gia/>
    <ddd>82</ddd>
    <siafi>2785</siafi>
  </cep>
  <cep>
    <cep>57073-523</cep>
    <logradouro>2ª Travessa Otacílio Holanda</logradouro>
    <complemento/>
    <unidade/>
    <bairro>Cidade Universitária</bairro>
    <localidade>Maceió</localidade>
    <uf>AL</uf>
    <estado>Alagoas</estado>
    <região/>
    <ibge>2704302</ibge>
    <gia/>
    <ddd>82</ddd>
    <siafi>2785</siafi>
  </cep>
  <cep>
    <cep>57073-521</cep>
    <logradouro>7ª Travessa Santa Luzia</logradouro>
    <complemento/>
    <unidade/>
    <bairro>Cidade Universitária</bairro>
    <localidade>Maceió</localidade>
    <uf>AL</uf>
    <estado>Alagoas</estado>
    <região/>
    <ibge>2704302</ibge>
    <gia/>
    <ddd>82</ddd>
    <siafi>2785</siafi>
  </cep>
  <cep>
    <cep>57073-525</cep>
    <logradouro>4ª Travessa Otacílio Holanda</logradouro>
    <complemento/>
    <unidade/>
    <bairro>Cidade Universitária</bairro>
    <localidade>Maceió</localidade>
    <uf>AL</uf>
    <estado>Alagoas</estado>
    <região/>
    <ibge>2704302</ibge>
    <gia/>
    <ddd>82</ddd>
    <siafi>2785</siafi>
  </cep>
  <cep>
    <cep>57073-520</cep>
    <logradouro>Rua Otacílio Holanda</logradouro>
    <complemento/>
    <unidade/>
    <bairro>Cidade Universitária</bairro>
    <localidade>Maceió</localidade>
    <uf>AL</uf>
    <estado>Alagoas</estado>
    <região/>
    <ibge>2704302</ibge>
    <gia/>
    <ddd>82</ddd>
    <siafi>2785</siafi>
  </cep>
  <cep>
    <cep>57073-522</cep>
    <logradouro>1ª Travessa Otacílio Holanda</logradouro>
    <complemento/>
    <unidade/>
    <bairro>Cidade Universitária</bairro>
    <localidade>Maceió</localidade>
    <uf>AL</uf>
    <estado>Alagoas</estado>
    <região/>
    <ibge>2704302</ibge>
    <gia/>
    <ddd>82</ddd>
    <siafi>2785</siafi>
  </cep>
  <cep>
    <cep>57073-526</cep>
    <logradouro>5ª Travessa Otacílio Holanda</logradouro>
    <complemento/>
    <unidade/>
    <bairro>Cidade Universitária</bairro>
    <localidade>Maceió</localidade>
    <uf>AL</uf>
    <estado>Alagoas</estado>
    <região/>
    <ibge>2704302</ibge>
    <gia/>
    <ddd>82</ddd>
    <siafi>2785</siafi>
  </cep>
  <cep>
    <cep>57073-527</cep>
    <logradouro>11ª Travessa Alameda da Paz</logradouro>
    <complemento>(Cj Village Campestre)</complemento>
    <unidade/>
    <bairro>Cidade Universitária</bairro>
    <localidade>Maceió</localidade>
    <uf>AL</uf>
    <estado>Alagoas</estado>
    <região/>
    <ibge>2704302</ibge>
    <gia/>
    <ddd>82</ddd>
    <siafi>2785</siafi>
  </cep>
  <cep>
    <cep>57073-542</cep>
    <logradouro>2ª Travessa Costa Nabal</logradouro>
    <complemento/>
    <unidade/>
    <bairro>Cidade Universitária</bairro>
    <localidade>Maceió</localidade>
    <uf>AL</uf>
    <estado>Alagoas</estado>
    <região/>
    <ibge>2704302</ibge>
    <gia/>
    <ddd>82</ddd>
    <siafi>2785</siafi>
  </cep>
  <cep>
    <cep>57073-548</cep>
    <logradouro>2ª Travessa Tancredo Neves</logradouro>
    <complemento>(Cj Village Campestre)</complemento>
    <unidade/>
    <bairro>Cidade Universitária</bairro>
    <localidade>Maceió</localidade>
    <uf>AL</uf>
    <estado>Alagoas</estado>
    <região/>
    <ibge>2704302</ibge>
    <gia/>
    <ddd>82</ddd>
    <siafi>2785</siafi>
  </cep>
  <cep>
    <cep>57073-549</cep>
    <logradouro>3ª Travessa Tancredo Neves</logradouro>
    <complemento>(Cj Village Campestre)</complemento>
    <unidade/>
    <bairro>Cidade Universitária</bairro>
    <localidade>Maceió</localidade>
    <uf>AL</uf>
    <estado>Alagoas</estado>
    <região/>
    <ibge>2704302</ibge>
    <gia/>
    <ddd>82</ddd>
    <siafi>2785</siafi>
  </cep>
  <cep>
    <cep>57073-555</cep>
    <logradouro>5ª Travessa São Pedro</logradouro>
    <complemento/>
    <unidade/>
    <bairro>Cidade Universitária</bairro>
    <localidade>Maceió</localidade>
    <uf>AL</uf>
    <estado>Alagoas</estado>
    <região/>
    <ibge>2704302</ibge>
    <gia/>
    <ddd>82</ddd>
    <siafi>2785</siafi>
  </cep>
  <cep>
    <cep>57073-533</cep>
    <logradouro>6ª Travessa Padre Cícero</logradouro>
    <complemento>(Cj Village Campestre)</complemento>
    <unidade/>
    <bairro>Cidade Universitária</bairro>
    <localidade>Maceió</localidade>
    <uf>AL</uf>
    <estado>Alagoas</estado>
    <região/>
    <ibge>2704302</ibge>
    <gia/>
    <ddd>82</ddd>
    <siafi>2785</siafi>
  </cep>
  <cep>
    <cep>57073-528</cep>
    <logradouro>12ª Travessa Alameda da Paz</logradouro>
    <complemento>(Cj Village Campestre)</complemento>
    <unidade/>
    <bairro>Cidade Universitária</bairro>
    <localidade>Maceió</localidade>
    <uf>AL</uf>
    <estado>Alagoas</estado>
    <região/>
    <ibge>2704302</ibge>
    <gia/>
    <ddd>82</ddd>
    <siafi>2785</siafi>
  </cep>
  <cep>
    <cep>57073-530</cep>
    <logradouro>Rua Senador Teotônio Vilela</logradouro>
    <complemento/>
    <unidade/>
    <bairro>Cidade Universitária</bairro>
    <localidade>Maceió</localidade>
    <uf>AL</uf>
    <estado>Alagoas</estado>
    <região/>
    <ibge>2704302</ibge>
    <gia/>
    <ddd>82</ddd>
    <siafi>2785</siafi>
  </cep>
  <cep>
    <cep>57073-563</cep>
    <logradouro>6ª Travessa Tancredo Neves</logradouro>
    <complemento>(Cj Village Campestre)</complemento>
    <unidade/>
    <bairro>Cidade Universitária</bairro>
    <localidade>Maceió</localidade>
    <uf>AL</uf>
    <estado>Alagoas</estado>
    <região/>
    <ibge>2704302</ibge>
    <gia/>
    <ddd>82</ddd>
    <siafi>2785</siafi>
  </cep>
  <cep>
    <cep>57073-529</cep>
    <logradouro>13ª Travessa Alameda da Paz</logradouro>
    <complemento>(Cj Village Campestre)</complemento>
    <unidade/>
    <bairro>Cidade Universitária</bairro>
    <localidade>Maceió</localidade>
    <uf>AL</uf>
    <estado>Alagoas</estado>
    <região/>
    <ibge>2704302</ibge>
    <gia/>
    <ddd>82</ddd>
    <siafi>2785</siafi>
  </cep>
  <cep>
    <cep>57073-570</cep>
    <logradouro>Rua Arnon de Mello</logradouro>
    <complemento/>
    <unidade/>
    <bairro>Cidade Universitária</bairro>
    <localidade>Maceió</localidade>
    <uf>AL</uf>
    <estado>Alagoas</estado>
    <região/>
    <ibge>2704302</ibge>
    <gia/>
    <ddd>82</ddd>
    <siafi>2785</siafi>
  </cep>
  <cep>
    <cep>57073-559</cep>
    <logradouro>7ª Travessa São Pedro</logradouro>
    <complemento/>
    <unidade/>
    <bairro>Cidade Universitária</bairro>
    <localidade>Maceió</localidade>
    <uf>AL</uf>
    <estado>Alagoas</estado>
    <região/>
    <ibge>2704302</ibge>
    <gia/>
    <ddd>82</ddd>
    <siafi>2785</siafi>
  </cep>
  <cep>
    <cep>57073-562</cep>
    <logradouro>5ª Travessa Tancredo Neves</logradouro>
    <complemento>(Cj Village Campestre)</complemento>
    <unidade/>
    <bairro>Cidade Universitária</bairro>
    <localidade>Maceió</localidade>
    <uf>AL</uf>
    <estado>Alagoas</estado>
    <região/>
    <ibge>2704302</ibge>
    <gia/>
    <ddd>82</ddd>
    <siafi>2785</siafi>
  </cep>
  <cep>
    <cep>57073-532</cep>
    <logradouro>1ª Travessa Padre Cícero</logradouro>
    <complemento>(Cj Village Campestre)</complemento>
    <unidade/>
    <bairro>Cidade Universitária</bairro>
    <localidade>Maceió</localidade>
    <uf>AL</uf>
    <estado>Alagoas</estado>
    <região/>
    <ibge>2704302</ibge>
    <gia/>
    <ddd>82</ddd>
    <siafi>2785</siafi>
  </cep>
  <cep>
    <cep>57073-556</cep>
    <logradouro>Rua Doutor Mário Guerra</logradouro>
    <complemento/>
    <unidade/>
    <bairro>Cidade Universitária</bairro>
    <localidade>Maceió</localidade>
    <uf>AL</uf>
    <estado>Alagoas</estado>
    <região/>
    <ibge>2704302</ibge>
    <gia/>
    <ddd>82</ddd>
    <siafi>2785</siafi>
  </cep>
  <cep>
    <cep>57073-458</cep>
    <logradouro>4ª Travessa Florêncio de Abreu</logradouro>
    <complemento/>
    <unidade/>
    <bairro>Cidade Universitária</bairro>
    <localidade>Maceió</localidade>
    <uf>AL</uf>
    <estado>Alagoas</estado>
    <região/>
    <ibge>2704302</ibge>
    <gia/>
    <ddd>82</ddd>
    <siafi>2785</siafi>
  </cep>
  <cep>
    <cep>57073-543</cep>
    <logradouro>3ª Travessa Costa Nabal</logradouro>
    <complemento/>
    <unidade/>
    <bairro>Cidade Universitária</bairro>
    <localidade>Maceió</localidade>
    <uf>AL</uf>
    <estado>Alagoas</estado>
    <região/>
    <ibge>2704302</ibge>
    <gia/>
    <ddd>82</ddd>
    <siafi>2785</siafi>
  </cep>
  <cep>
    <cep>57073-572</cep>
    <logradouro>2ª Travessa Universitária</logradouro>
    <complemento>(Cj Village Campestre)</complemento>
    <unidade/>
    <bairro>Cidade Universitária</bairro>
    <localidade>Maceió</localidade>
    <uf>AL</uf>
    <estado>Alagoas</estado>
    <região/>
    <ibge>2704302</ibge>
    <gia/>
    <ddd>82</ddd>
    <siafi>2785</siafi>
  </cep>
  <cep>
    <cep>57073-574</cep>
    <logradouro>3ª Travessa Universitária</logradouro>
    <complemento>(Cj Village Campestre)</complemento>
    <unidade/>
    <bairro>Cidade Universitária</bairro>
    <localidade>Maceió</localidade>
    <uf>AL</uf>
    <estado>Alagoas</estado>
    <região/>
    <ibge>2704302</ibge>
    <gia/>
    <ddd>82</ddd>
    <siafi>2785</siafi>
  </cep>
  <cep>
    <cep>57073-578</cep>
    <logradouro>5ª Travessa Universitária</logradouro>
    <complemento>(Cj Village Campestre)</complemento>
    <unidade/>
    <bairro>Cidade Universitária</bairro>
    <localidade>Maceió</localidade>
    <uf>AL</uf>
    <estado>Alagoas</estado>
    <região/>
    <ibge>2704302</ibge>
    <gia/>
    <ddd>82</ddd>
    <siafi>2785</siafi>
  </cep>
  <cep>
    <cep>57073-561</cep>
    <logradouro>4ª Travessa Tancredo Neves</logradouro>
    <complemento>(Cj Village Campestre)</complemento>
    <unidade/>
    <bairro>Cidade Universitária</bairro>
    <localidade>Maceió</localidade>
    <uf>AL</uf>
    <estado>Alagoas</estado>
    <região/>
    <ibge>2704302</ibge>
    <gia/>
    <ddd>82</ddd>
    <siafi>2785</siafi>
  </cep>
  <cep>
    <cep>57073-547</cep>
    <logradouro>1ª Travessa Tancredo Neves</logradouro>
    <complemento/>
    <unidade/>
    <bairro>Cidade Universitária</bairro>
    <localidade>Maceió</localidade>
    <uf>AL</uf>
    <estado>Alagoas</estado>
    <região/>
    <ibge>2704302</ibge>
    <gia/>
    <ddd>82</ddd>
    <siafi>2785</siafi>
  </cep>
  <cep>
    <cep>57073-538</cep>
    <logradouro>4ª Travessa Padre Cícero</logradouro>
    <complemento>(Cj Village Campestre)</complemento>
    <unidade/>
    <bairro>Cidade Universitária</bairro>
    <localidade>Maceió</localidade>
    <uf>AL</uf>
    <estado>Alagoas</estado>
    <região/>
    <ibge>2704302</ibge>
    <gia/>
    <ddd>82</ddd>
    <siafi>2785</siafi>
  </cep>
  <cep>
    <cep>57073-536</cep>
    <logradouro>3ª Travessa Padre Cícero</logradouro>
    <complemento>(Cj Village Campestre)</complemento>
    <unidade/>
    <bairro>Cidade Universitária</bairro>
    <localidade>Maceió</localidade>
    <uf>AL</uf>
    <estado>Alagoas</estado>
    <região/>
    <ibge>2704302</ibge>
    <gia/>
    <ddd>82</ddd>
    <siafi>2785</siafi>
  </cep>
  <cep>
    <cep>57073-537</cep>
    <logradouro>8ª Travessa Padre Cícero</logradouro>
    <complemento>(Cj Village Campestre)</complemento>
    <unidade/>
    <bairro>Cidade Universitária</bairro>
    <localidade>Maceió</localidade>
    <uf>AL</uf>
    <estado>Alagoas</estado>
    <região/>
    <ibge>2704302</ibge>
    <gia/>
    <ddd>82</ddd>
    <siafi>2785</siafi>
  </cep>
  <cep>
    <cep>57073-544</cep>
    <logradouro>4ª Travessa Costa Nabal</logradouro>
    <complemento/>
    <unidade/>
    <bairro>Cidade Universitária</bairro>
    <localidade>Maceió</localidade>
    <uf>AL</uf>
    <estado>Alagoas</estado>
    <região/>
    <ibge>2704302</ibge>
    <gia/>
    <ddd>82</ddd>
    <siafi>2785</siafi>
  </cep>
  <cep>
    <cep>57073-571</cep>
    <logradouro>Vila Tancredo Neves</logradouro>
    <complemento>(Cj Village Campestre)</complemento>
    <unidade/>
    <bairro>Cidade Universitária</bairro>
    <localidade>Maceió</localidade>
    <uf>AL</uf>
    <estado>Alagoas</estado>
    <região/>
    <ibge>2704302</ibge>
    <gia/>
    <ddd>82</ddd>
    <siafi>2785</siafi>
  </cep>
  <cep>
    <cep>57073-575</cep>
    <logradouro>Travessa São José</logradouro>
    <complemento>(Cj Village Campestre II)</complemento>
    <unidade/>
    <bairro>Cidade Universitária</bairro>
    <localidade>Maceió</localidade>
    <uf>AL</uf>
    <estado>Alagoas</estado>
    <região/>
    <ibge>2704302</ibge>
    <gia/>
    <ddd>82</ddd>
    <siafi>2785</siafi>
  </cep>
  <cep>
    <cep>57073-585</cep>
    <logradouro>Quadra C</logradouro>
    <complemento>(Cj Sta Helena)</complemento>
    <unidade/>
    <bairro>Cidade Universitária</bairro>
    <localidade>Maceió</localidade>
    <uf>AL</uf>
    <estado>Alagoas</estado>
    <região/>
    <ibge>2704302</ibge>
    <gia/>
    <ddd>82</ddd>
    <siafi>2785</siafi>
  </cep>
  <cep>
    <cep>57073-583</cep>
    <logradouro>Rua Santa Helena</logradouro>
    <complemento>(Cj Sta Helena)</complemento>
    <unidade/>
    <bairro>Cidade Universitária</bairro>
    <localidade>Maceió</localidade>
    <uf>AL</uf>
    <estado>Alagoas</estado>
    <região/>
    <ibge>2704302</ibge>
    <gia/>
    <ddd>82</ddd>
    <siafi>2785</siafi>
  </cep>
  <cep>
    <cep>57073-551</cep>
    <logradouro>1ª Travessa São Pedro</logradouro>
    <complemento/>
    <unidade/>
    <bairro>Cidade Universitária</bairro>
    <localidade>Maceió</localidade>
    <uf>AL</uf>
    <estado>Alagoas</estado>
    <região/>
    <ibge>2704302</ibge>
    <gia/>
    <ddd>82</ddd>
    <siafi>2785</siafi>
  </cep>
  <cep>
    <cep>57073-576</cep>
    <logradouro>4ª Travessa Universitária</logradouro>
    <complemento>(Cj Village Campestre)</complemento>
    <unidade/>
    <bairro>Cidade Universitária</bairro>
    <localidade>Maceió</localidade>
    <uf>AL</uf>
    <estado>Alagoas</estado>
    <região/>
    <ibge>2704302</ibge>
    <gia/>
    <ddd>82</ddd>
    <siafi>2785</siafi>
  </cep>
  <cep>
    <cep>57073-584</cep>
    <logradouro>6ª Travessa Universitária</logradouro>
    <complemento>(Cj Village Campestre)</complemento>
    <unidade/>
    <bairro>Cidade Universitária</bairro>
    <localidade>Maceió</localidade>
    <uf>AL</uf>
    <estado>Alagoas</estado>
    <região/>
    <ibge>2704302</ibge>
    <gia/>
    <ddd>82</ddd>
    <siafi>2785</siafi>
  </cep>
  <cep>
    <cep>57073-586</cep>
    <logradouro>7ª Travessa Universitária</logradouro>
    <complemento>(Cj Village Campestre)</complemento>
    <unidade/>
    <bairro>Cidade Universitária</bairro>
    <localidade>Maceió</localidade>
    <uf>AL</uf>
    <estado>Alagoas</estado>
    <região/>
    <ibge>2704302</ibge>
    <gia/>
    <ddd>82</ddd>
    <siafi>2785</siafi>
  </cep>
  <cep>
    <cep>57073-587</cep>
    <logradouro>Quadra D</logradouro>
    <complemento>(Cj Sta Helena)</complemento>
    <unidade/>
    <bairro>Cidade Universitária</bairro>
    <localidade>Maceió</localidade>
    <uf>AL</uf>
    <estado>Alagoas</estado>
    <região/>
    <ibge>2704302</ibge>
    <gia/>
    <ddd>82</ddd>
    <siafi>2785</siafi>
  </cep>
  <cep>
    <cep>57073-557</cep>
    <logradouro>6ª Travessa São Pedro</logradouro>
    <complemento/>
    <unidade/>
    <bairro>Cidade Universitária</bairro>
    <localidade>Maceió</localidade>
    <uf>AL</uf>
    <estado>Alagoas</estado>
    <região/>
    <ibge>2704302</ibge>
    <gia/>
    <ddd>82</ddd>
    <siafi>2785</siafi>
  </cep>
  <cep>
    <cep>57073-535</cep>
    <logradouro>7ª Travessa Padre Cícero</logradouro>
    <complemento>(Cj Village Campestre)</complemento>
    <unidade/>
    <bairro>Cidade Universitária</bairro>
    <localidade>Maceió</localidade>
    <uf>AL</uf>
    <estado>Alagoas</estado>
    <região/>
    <ibge>2704302</ibge>
    <gia/>
    <ddd>82</ddd>
    <siafi>2785</siafi>
  </cep>
  <cep>
    <cep>57073-534</cep>
    <logradouro>2ª Travessa Padre Cícero</logradouro>
    <complemento>(Cj Village Campestre)</complemento>
    <unidade/>
    <bairro>Cidade Universitária</bairro>
    <localidade>Maceió</localidade>
    <uf>AL</uf>
    <estado>Alagoas</estado>
    <região/>
    <ibge>2704302</ibge>
    <gia/>
    <ddd>82</ddd>
    <siafi>2785</siafi>
  </cep>
  <cep>
    <cep>57073-589</cep>
    <logradouro>Rua Santo Antônio</logradouro>
    <complemento>(Cj Sta Helena)</complemento>
    <unidade/>
    <bairro>Cidade Universitária</bairro>
    <localidade>Maceió</localidade>
    <uf>AL</uf>
    <estado>Alagoas</estado>
    <região/>
    <ibge>2704302</ibge>
    <gia/>
    <ddd>82</ddd>
    <siafi>2785</siafi>
  </cep>
  <cep>
    <cep>57073-552</cep>
    <logradouro>2ª Travessa São Pedro</logradouro>
    <complemento/>
    <unidade/>
    <bairro>Cidade Universitária</bairro>
    <localidade>Maceió</localidade>
    <uf>AL</uf>
    <estado>Alagoas</estado>
    <região/>
    <ibge>2704302</ibge>
    <gia/>
    <ddd>82</ddd>
    <siafi>2785</siafi>
  </cep>
  <cep>
    <cep>57073-565</cep>
    <logradouro>8ª Travessa Tancredo Neves</logradouro>
    <complemento>(Cj Village Campestre)</complemento>
    <unidade/>
    <bairro>Cidade Universitária</bairro>
    <localidade>Maceió</localidade>
    <uf>AL</uf>
    <estado>Alagoas</estado>
    <região/>
    <ibge>2704302</ibge>
    <gia/>
    <ddd>82</ddd>
    <siafi>2785</siafi>
  </cep>
  <cep>
    <cep>57073-567</cep>
    <logradouro>10ª Travessa Padre Cícero</logradouro>
    <complemento>(Cj Village Campestre)</complemento>
    <unidade/>
    <bairro>Cidade Universitária</bairro>
    <localidade>Maceió</localidade>
    <uf>AL</uf>
    <estado>Alagoas</estado>
    <região/>
    <ibge>2704302</ibge>
    <gia/>
    <ddd>82</ddd>
    <siafi>2785</siafi>
  </cep>
  <cep>
    <cep>57073-550</cep>
    <logradouro>Rua São Pedro</logradouro>
    <complemento/>
    <unidade/>
    <bairro>Cidade Universitária</bairro>
    <localidade>Maceió</localidade>
    <uf>AL</uf>
    <estado>Alagoas</estado>
    <região/>
    <ibge>2704302</ibge>
    <gia/>
    <ddd>82</ddd>
    <siafi>2785</siafi>
  </cep>
  <cep>
    <cep>57073-568</cep>
    <logradouro>Travessa Santo Antonio</logradouro>
    <complemento>(Cj Village Campestre)</complemento>
    <unidade/>
    <bairro>Cidade Universitária</bairro>
    <localidade>Maceió</localidade>
    <uf>AL</uf>
    <estado>Alagoas</estado>
    <região/>
    <ibge>2704302</ibge>
    <gia/>
    <ddd>82</ddd>
    <siafi>2785</siafi>
  </cep>
  <cep>
    <cep>57073-553</cep>
    <logradouro>3ª Travessa São Pedro</logradouro>
    <complemento/>
    <unidade/>
    <bairro>Cidade Universitária</bairro>
    <localidade>Maceió</localidade>
    <uf>AL</uf>
    <estado>Alagoas</estado>
    <região/>
    <ibge>2704302</ibge>
    <gia/>
    <ddd>82</ddd>
    <siafi>2785</siafi>
  </cep>
  <cep>
    <cep>57073-577</cep>
    <logradouro>5ª Travessa Gabino Besouro</logradouro>
    <complemento>(Cj Village Campestre II)</complemento>
    <unidade/>
    <bairro>Cidade Universitária</bairro>
    <localidade>Maceió</localidade>
    <uf>AL</uf>
    <estado>Alagoas</estado>
    <região/>
    <ibge>2704302</ibge>
    <gia/>
    <ddd>82</ddd>
    <siafi>2785</siafi>
  </cep>
  <cep>
    <cep>57073-531</cep>
    <logradouro>5ª Travessa Padre Cícero</logradouro>
    <complemento>(Cj Village Campestre)</complemento>
    <unidade/>
    <bairro>Cidade Universitária</bairro>
    <localidade>Maceió</localidade>
    <uf>AL</uf>
    <estado>Alagoas</estado>
    <região/>
    <ibge>2704302</ibge>
    <gia/>
    <ddd>82</ddd>
    <siafi>2785</siafi>
  </cep>
  <cep>
    <cep>57073-558</cep>
    <logradouro>Rua do Poço</logradouro>
    <complemento/>
    <unidade/>
    <bairro>Cidade Universitária</bairro>
    <localidade>Maceió</localidade>
    <uf>AL</uf>
    <estado>Alagoas</estado>
    <região/>
    <ibge>2704302</ibge>
    <gia/>
    <ddd>82</ddd>
    <siafi>2785</siafi>
  </cep>
  <cep>
    <cep>57073-591</cep>
    <logradouro>Travessa A</logradouro>
    <complemento>(Cj Sta Helena)</complemento>
    <unidade/>
    <bairro>Cidade Universitária</bairro>
    <localidade>Maceió</localidade>
    <uf>AL</uf>
    <estado>Alagoas</estado>
    <região/>
    <ibge>2704302</ibge>
    <gia/>
    <ddd>82</ddd>
    <siafi>2785</siafi>
  </cep>
  <cep>
    <cep>57073-594</cep>
    <logradouro>10ª Travessa Universitária</logradouro>
    <complemento>(Cj Village Campestre)</complemento>
    <unidade/>
    <bairro>Cidade Universitária</bairro>
    <localidade>Maceió</localidade>
    <uf>AL</uf>
    <estado>Alagoas</estado>
    <região/>
    <ibge>2704302</ibge>
    <gia/>
    <ddd>82</ddd>
    <siafi>2785</siafi>
  </cep>
  <cep>
    <cep>57073-581</cep>
    <logradouro>Rua Padre Cícero</logradouro>
    <complemento>(Cj Sta Helena)</complemento>
    <unidade/>
    <bairro>Cidade Universitária</bairro>
    <localidade>Maceió</localidade>
    <uf>AL</uf>
    <estado>Alagoas</estado>
    <região/>
    <ibge>2704302</ibge>
    <gia/>
    <ddd>82</ddd>
    <siafi>2785</siafi>
  </cep>
  <cep>
    <cep>57073-592</cep>
    <logradouro>9ª Travessa Universitária</logradouro>
    <complemento>(Cj Village Campestre)</complemento>
    <unidade/>
    <bairro>Cidade Universitária</bairro>
    <localidade>Maceió</localidade>
    <uf>AL</uf>
    <estado>Alagoas</estado>
    <região/>
    <ibge>2704302</ibge>
    <gia/>
    <ddd>82</ddd>
    <siafi>2785</siafi>
  </cep>
  <cep>
    <cep>57073-595</cep>
    <logradouro>Rua Galbino Besouro</logradouro>
    <complemento>(Cj Village Campestre II)</complemento>
    <unidade/>
    <bairro>Cidade Universitária</bairro>
    <localidade>Maceió</localidade>
    <uf>AL</uf>
    <estado>Alagoas</estado>
    <região/>
    <ibge>2704302</ibge>
    <gia/>
    <ddd>82</ddd>
    <siafi>2785</siafi>
  </cep>
  <cep>
    <cep>57073-596</cep>
    <logradouro>11ª Travessa Universitária</logradouro>
    <complemento>(Cj Village Campestre)</complemento>
    <unidade/>
    <bairro>Cidade Universitária</bairro>
    <localidade>Maceió</localidade>
    <uf>AL</uf>
    <estado>Alagoas</estado>
    <região/>
    <ibge>2704302</ibge>
    <gia/>
    <ddd>82</ddd>
    <siafi>2785</siafi>
  </cep>
  <cep>
    <cep>57073-541</cep>
    <logradouro>1ª Travessa Costa Nabal</logradouro>
    <complemento/>
    <unidade/>
    <bairro>Cidade Universitária</bairro>
    <localidade>Maceió</localidade>
    <uf>AL</uf>
    <estado>Alagoas</estado>
    <região/>
    <ibge>2704302</ibge>
    <gia/>
    <ddd>82</ddd>
    <siafi>2785</siafi>
  </cep>
  <cep>
    <cep>57073-605</cep>
    <logradouro>8ª Travessa Pajuçara</logradouro>
    <complemento>(Cj Village Campestre)</complemento>
    <unidade/>
    <bairro>Cidade Universitária</bairro>
    <localidade>Maceió</localidade>
    <uf>AL</uf>
    <estado>Alagoas</estado>
    <região/>
    <ibge>2704302</ibge>
    <gia/>
    <ddd>82</ddd>
    <siafi>2785</siafi>
  </cep>
  <cep>
    <cep>57073-599</cep>
    <logradouro>3ª Travessa Gabino Besouro</logradouro>
    <complemento>(Cj Village Campestre II)</complemento>
    <unidade/>
    <bairro>Cidade Universitária</bairro>
    <localidade>Maceió</localidade>
    <uf>AL</uf>
    <estado>Alagoas</estado>
    <região/>
    <ibge>2704302</ibge>
    <gia/>
    <ddd>82</ddd>
    <siafi>2785</siafi>
  </cep>
  <cep>
    <cep>57073-546</cep>
    <logradouro>6ª Travessa Costa Nabal</logradouro>
    <complemento/>
    <unidade/>
    <bairro>Cidade Universitária</bairro>
    <localidade>Maceió</localidade>
    <uf>AL</uf>
    <estado>Alagoas</estado>
    <região/>
    <ibge>2704302</ibge>
    <gia/>
    <ddd>82</ddd>
    <siafi>2785</siafi>
  </cep>
  <cep>
    <cep>57073-564</cep>
    <logradouro>7ª Travessa Tancredo Neves</logradouro>
    <complemento>(Cj Village Campestre)</complemento>
    <unidade/>
    <bairro>Cidade Universitária</bairro>
    <localidade>Maceió</localidade>
    <uf>AL</uf>
    <estado>Alagoas</estado>
    <região/>
    <ibge>2704302</ibge>
    <gia/>
    <ddd>82</ddd>
    <siafi>2785</siafi>
  </cep>
  <cep>
    <cep>57073-604</cep>
    <logradouro>7ª Travessa Pajuçara</logradouro>
    <complemento>(Cj Village Campestre)</complemento>
    <unidade/>
    <bairro>Cidade Universitária</bairro>
    <localidade>Maceió</localidade>
    <uf>AL</uf>
    <estado>Alagoas</estado>
    <região/>
    <ibge>2704302</ibge>
    <gia/>
    <ddd>82</ddd>
    <siafi>2785</siafi>
  </cep>
  <cep>
    <cep>57073-588</cep>
    <logradouro>8ª Travessa Universitária</logradouro>
    <complemento>(Cj Village Campestre)</complemento>
    <unidade/>
    <bairro>Cidade Universitária</bairro>
    <localidade>Maceió</localidade>
    <uf>AL</uf>
    <estado>Alagoas</estado>
    <região/>
    <ibge>2704302</ibge>
    <gia/>
    <ddd>82</ddd>
    <siafi>2785</siafi>
  </cep>
  <cep>
    <cep>57073-607</cep>
    <logradouro>10ª Travessa Pajuçara</logradouro>
    <complemento>(Cj Village Campestre)</complemento>
    <unidade/>
    <bairro>Cidade Universitária</bairro>
    <localidade>Maceió</localidade>
    <uf>AL</uf>
    <estado>Alagoas</estado>
    <região/>
    <ibge>2704302</ibge>
    <gia/>
    <ddd>82</ddd>
    <siafi>2785</siafi>
  </cep>
  <cep>
    <cep>57073-545</cep>
    <logradouro>5ª Travessa Costa Nabal</logradouro>
    <complemento/>
    <unidade/>
    <bairro>Cidade Universitária</bairro>
    <localidade>Maceió</localidade>
    <uf>AL</uf>
    <estado>Alagoas</estado>
    <região/>
    <ibge>2704302</ibge>
    <gia/>
    <ddd>82</ddd>
    <siafi>2785</siafi>
  </cep>
  <cep>
    <cep>57073-579</cep>
    <logradouro>4ª Travessa Gabino Besouro</logradouro>
    <complemento>(Cj Village Campestre II)</complemento>
    <unidade/>
    <bairro>Cidade Universitária</bairro>
    <localidade>Maceió</localidade>
    <uf>AL</uf>
    <estado>Alagoas</estado>
    <região/>
    <ibge>2704302</ibge>
    <gia/>
    <ddd>82</ddd>
    <siafi>2785</siafi>
  </cep>
  <cep>
    <cep>57073-610</cep>
    <logradouro>Avenida Frei Damião de Bozzano</logradouro>
    <complemento/>
    <unidade/>
    <bairro>Cidade Universitária</bairro>
    <localidade>Maceió</localidade>
    <uf>AL</uf>
    <estado>Alagoas</estado>
    <região/>
    <ibge>2704302</ibge>
    <gia/>
    <ddd>82</ddd>
    <siafi>2785</siafi>
  </cep>
  <cep>
    <cep>57073-609</cep>
    <logradouro>12ª Travessa Pajuçara</logradouro>
    <complemento>(Cj Village Campestre)</complemento>
    <unidade/>
    <bairro>Cidade Universitária</bairro>
    <localidade>Maceió</localidade>
    <uf>AL</uf>
    <estado>Alagoas</estado>
    <região/>
    <ibge>2704302</ibge>
    <gia/>
    <ddd>82</ddd>
    <siafi>2785</siafi>
  </cep>
  <cep>
    <cep>57073-569</cep>
    <logradouro>Travessa Bom Jesus</logradouro>
    <complemento>(Cj Village Campestre)</complemento>
    <unidade/>
    <bairro>Cidade Universitária</bairro>
    <localidade>Maceió</localidade>
    <uf>AL</uf>
    <estado>Alagoas</estado>
    <região/>
    <ibge>2704302</ibge>
    <gia/>
    <ddd>82</ddd>
    <siafi>2785</siafi>
  </cep>
  <cep>
    <cep>57073-597</cep>
    <logradouro>2ª Travessa Gabino Besouro</logradouro>
    <complemento>(Cj Village Campestre II)</complemento>
    <unidade/>
    <bairro>Cidade Universitária</bairro>
    <localidade>Maceió</localidade>
    <uf>AL</uf>
    <estado>Alagoas</estado>
    <região/>
    <ibge>2704302</ibge>
    <gia/>
    <ddd>82</ddd>
    <siafi>2785</siafi>
  </cep>
  <cep>
    <cep>57073-590</cep>
    <logradouro>Rua Rosa Virtebiana de Lima</logradouro>
    <complemento/>
    <unidade/>
    <bairro>Cidade Universitária</bairro>
    <localidade>Maceió</localidade>
    <uf>AL</uf>
    <estado>Alagoas</estado>
    <região/>
    <ibge>2704302</ibge>
    <gia/>
    <ddd>82</ddd>
    <siafi>2785</siafi>
  </cep>
  <cep>
    <cep>57073-603</cep>
    <logradouro>6ª Travessa Pajuçara</logradouro>
    <complemento>(Cj Village Campestre)</complemento>
    <unidade/>
    <bairro>Cidade Universitária</bairro>
    <localidade>Maceió</localidade>
    <uf>AL</uf>
    <estado>Alagoas</estado>
    <região/>
    <ibge>2704302</ibge>
    <gia/>
    <ddd>82</ddd>
    <siafi>2785</siafi>
  </cep>
  <cep>
    <cep>57073-554</cep>
    <logradouro>4ª Travessa São Pedro</logradouro>
    <complemento/>
    <unidade/>
    <bairro>Cidade Universitária</bairro>
    <localidade>Maceió</localidade>
    <uf>AL</uf>
    <estado>Alagoas</estado>
    <região/>
    <ibge>2704302</ibge>
    <gia/>
    <ddd>82</ddd>
    <siafi>2785</siafi>
  </cep>
  <cep>
    <cep>57073-606</cep>
    <logradouro>9ª Travessa Pajuçara</logradouro>
    <complemento>(Cj Village Campestre)</complemento>
    <unidade/>
    <bairro>Cidade Universitária</bairro>
    <localidade>Maceió</localidade>
    <uf>AL</uf>
    <estado>Alagoas</estado>
    <região/>
    <ibge>2704302</ibge>
    <gia/>
    <ddd>82</ddd>
    <siafi>2785</siafi>
  </cep>
  <cep>
    <cep>57073-611</cep>
    <logradouro>13ª Travessa Pajuçara</logradouro>
    <complemento>(Cj Village Campestre)</complemento>
    <unidade/>
    <bairro>Cidade Universitária</bairro>
    <localidade>Maceió</localidade>
    <uf>AL</uf>
    <estado>Alagoas</estado>
    <região/>
    <ibge>2704302</ibge>
    <gia/>
    <ddd>82</ddd>
    <siafi>2785</siafi>
  </cep>
  <cep>
    <cep>57073-602</cep>
    <logradouro>5ª Travessa Pajuçara</logradouro>
    <complemento>(Cj Village Campestre)</complemento>
    <unidade/>
    <bairro>Cidade Universitária</bairro>
    <localidade>Maceió</localidade>
    <uf>AL</uf>
    <estado>Alagoas</estado>
    <região/>
    <ibge>2704302</ibge>
    <gia/>
    <ddd>82</ddd>
    <siafi>2785</siafi>
  </cep>
  <cep>
    <cep>57073-601</cep>
    <logradouro>4ª Travessa Pajuçara</logradouro>
    <complemento>(Cj Village Campestre)</complemento>
    <unidade/>
    <bairro>Cidade Universitária</bairro>
    <localidade>Maceió</localidade>
    <uf>AL</uf>
    <estado>Alagoas</estado>
    <região/>
    <ibge>2704302</ibge>
    <gia/>
    <ddd>82</ddd>
    <siafi>2785</siafi>
  </cep>
  <cep>
    <cep>57073-608</cep>
    <logradouro>11ª Travessa Pajuçara</logradouro>
    <complemento>(Cj Village Campestre)</complemento>
    <unidade/>
    <bairro>Cidade Universitária</bairro>
    <localidade>Maceió</localidade>
    <uf>AL</uf>
    <estado>Alagoas</estado>
    <região/>
    <ibge>2704302</ibge>
    <gia/>
    <ddd>82</ddd>
    <siafi>2785</siafi>
  </cep>
  <cep>
    <cep>57073-612</cep>
    <logradouro>14ª Travessa Pajuçara</logradouro>
    <complemento>(Cj Village Campestre)</complemento>
    <unidade/>
    <bairro>Cidade Universitária</bairro>
    <localidade>Maceió</localidade>
    <uf>AL</uf>
    <estado>Alagoas</estado>
    <região/>
    <ibge>2704302</ibge>
    <gia/>
    <ddd>82</ddd>
    <siafi>2785</siafi>
  </cep>
  <cep>
    <cep>57073-646</cep>
    <logradouro>13ª Travessa Teotônio Vilela</logradouro>
    <complemento/>
    <unidade/>
    <bairro>Cidade Universitária</bairro>
    <localidade>Maceió</localidade>
    <uf>AL</uf>
    <estado>Alagoas</estado>
    <região/>
    <ibge>2704302</ibge>
    <gia/>
    <ddd>82</ddd>
    <siafi>2785</siafi>
  </cep>
  <cep>
    <cep>57073-625</cep>
    <logradouro>Avenida Gama Lins</logradouro>
    <complemento/>
    <unidade/>
    <bairro>Cidade Universitária</bairro>
    <localidade>Maceió</localidade>
    <uf>AL</uf>
    <estado>Alagoas</estado>
    <região/>
    <ibge>2704302</ibge>
    <gia/>
    <ddd>82</ddd>
    <siafi>2785</siafi>
  </cep>
  <cep>
    <cep>57073-618</cep>
    <logradouro>20ª Travessa Pajuçara</logradouro>
    <complemento>(Cj Village Campestre)</complemento>
    <unidade/>
    <bairro>Cidade Universitária</bairro>
    <localidade>Maceió</localidade>
    <uf>AL</uf>
    <estado>Alagoas</estado>
    <região/>
    <ibge>2704302</ibge>
    <gia/>
    <ddd>82</ddd>
    <siafi>2785</siafi>
  </cep>
  <cep>
    <cep>57073-617</cep>
    <logradouro>19ª Travessa Pajuçara</logradouro>
    <complemento>(Cj Village Campestre)</complemento>
    <unidade/>
    <bairro>Cidade Universitária</bairro>
    <localidade>Maceió</localidade>
    <uf>AL</uf>
    <estado>Alagoas</estado>
    <região/>
    <ibge>2704302</ibge>
    <gia/>
    <ddd>82</ddd>
    <siafi>2785</siafi>
  </cep>
  <cep>
    <cep>57073-658</cep>
    <logradouro>Quadra I</logradouro>
    <complemento>(Lot Otacílio Holanda)</complemento>
    <unidade/>
    <bairro>Cidade Universitária</bairro>
    <localidade>Maceió</localidade>
    <uf>AL</uf>
    <estado>Alagoas</estado>
    <região/>
    <ibge>2704302</ibge>
    <gia/>
    <ddd>82</ddd>
    <siafi>2785</siafi>
  </cep>
  <cep>
    <cep>57073-615</cep>
    <logradouro>17ª Travessa Pajuçara</logradouro>
    <complemento>(Cj Village Campestre)</complemento>
    <unidade/>
    <bairro>Cidade Universitária</bairro>
    <localidade>Maceió</localidade>
    <uf>AL</uf>
    <estado>Alagoas</estado>
    <região/>
    <ibge>2704302</ibge>
    <gia/>
    <ddd>82</ddd>
    <siafi>2785</siafi>
  </cep>
  <cep>
    <cep>57073-654</cep>
    <logradouro>Quadra D</logradouro>
    <complemento>(Lot Otacílio Holanda)</complemento>
    <unidade/>
    <bairro>Cidade Universitária</bairro>
    <localidade>Maceió</localidade>
    <uf>AL</uf>
    <estado>Alagoas</estado>
    <região/>
    <ibge>2704302</ibge>
    <gia/>
    <ddd>82</ddd>
    <siafi>2785</siafi>
  </cep>
  <cep>
    <cep>57073-651</cep>
    <logradouro>Quadra B</logradouro>
    <complemento>(Lot Otacílio Holanda)</complemento>
    <unidade/>
    <bairro>Cidade Universitária</bairro>
    <localidade>Maceió</localidade>
    <uf>AL</uf>
    <estado>Alagoas</estado>
    <região/>
    <ibge>2704302</ibge>
    <gia/>
    <ddd>82</ddd>
    <siafi>2785</siafi>
  </cep>
  <cep>
    <cep>57073-653</cep>
    <logradouro>Quadra C</logradouro>
    <complemento>(Lot Otacílio Holanda)</complemento>
    <unidade/>
    <bairro>Cidade Universitária</bairro>
    <localidade>Maceió</localidade>
    <uf>AL</uf>
    <estado>Alagoas</estado>
    <região/>
    <ibge>2704302</ibge>
    <gia/>
    <ddd>82</ddd>
    <siafi>2785</siafi>
  </cep>
  <cep>
    <cep>57073-650</cep>
    <logradouro>Quadra A</logradouro>
    <complemento>(Lot Otacílio Holanda)</complemento>
    <unidade/>
    <bairro>Cidade Universitária</bairro>
    <localidade>Maceió</localidade>
    <uf>AL</uf>
    <estado>Alagoas</estado>
    <região/>
    <ibge>2704302</ibge>
    <gia/>
    <ddd>82</ddd>
    <siafi>2785</siafi>
  </cep>
  <cep>
    <cep>57073-630</cep>
    <logradouro>Rua Soraia da Silva Maciel</logradouro>
    <complemento>(Cj Denisson Menezes)</complemento>
    <unidade/>
    <bairro>Cidade Universitária</bairro>
    <localidade>Maceió</localidade>
    <uf>AL</uf>
    <estado>Alagoas</estado>
    <região/>
    <ibge>2704302</ibge>
    <gia/>
    <ddd>82</ddd>
    <siafi>2785</siafi>
  </cep>
  <cep>
    <cep>57073-645</cep>
    <logradouro>12ª Travessa Teotônio Vilela</logradouro>
    <complemento/>
    <unidade/>
    <bairro>Cidade Universitária</bairro>
    <localidade>Maceió</localidade>
    <uf>AL</uf>
    <estado>Alagoas</estado>
    <região/>
    <ibge>2704302</ibge>
    <gia/>
    <ddd>82</ddd>
    <siafi>2785</siafi>
  </cep>
  <cep>
    <cep>57073-638</cep>
    <logradouro>Rua H</logradouro>
    <complemento>(Cj Denisson Menezes)</complemento>
    <unidade/>
    <bairro>Cidade Universitária</bairro>
    <localidade>Maceió</localidade>
    <uf>AL</uf>
    <estado>Alagoas</estado>
    <região/>
    <ibge>2704302</ibge>
    <gia/>
    <ddd>82</ddd>
    <siafi>2785</siafi>
  </cep>
  <cep>
    <cep>57073-644</cep>
    <logradouro>11ª Travessa Teotônio Vilela</logradouro>
    <complemento/>
    <unidade/>
    <bairro>Cidade Universitária</bairro>
    <localidade>Maceió</localidade>
    <uf>AL</uf>
    <estado>Alagoas</estado>
    <região/>
    <ibge>2704302</ibge>
    <gia/>
    <ddd>82</ddd>
    <siafi>2785</siafi>
  </cep>
  <cep>
    <cep>57073-614</cep>
    <logradouro>16ª Travessa Pajuçara</logradouro>
    <complemento>(Cj Village Campestre)</complemento>
    <unidade/>
    <bairro>Cidade Universitária</bairro>
    <localidade>Maceió</localidade>
    <uf>AL</uf>
    <estado>Alagoas</estado>
    <região/>
    <ibge>2704302</ibge>
    <gia/>
    <ddd>82</ddd>
    <siafi>2785</siafi>
  </cep>
  <cep>
    <cep>57073-648</cep>
    <logradouro>15ª Travessa Teotônio Vilela</logradouro>
    <complemento/>
    <unidade/>
    <bairro>Cidade Universitária</bairro>
    <localidade>Maceió</localidade>
    <uf>AL</uf>
    <estado>Alagoas</estado>
    <região/>
    <ibge>2704302</ibge>
    <gia/>
    <ddd>82</ddd>
    <siafi>2785</siafi>
  </cep>
  <cep>
    <cep>57073-631</cep>
    <logradouro>Rua A</logradouro>
    <complemento>(Cj Denisson Menezes)</complemento>
    <unidade/>
    <bairro>Cidade Universitária</bairro>
    <localidade>Maceió</localidade>
    <uf>AL</uf>
    <estado>Alagoas</estado>
    <região/>
    <ibge>2704302</ibge>
    <gia/>
    <ddd>82</ddd>
    <siafi>2785</siafi>
  </cep>
  <cep>
    <cep>57073-662</cep>
    <logradouro>Quadra L</logradouro>
    <complemento>(Lot Otacílio Holanda)</complemento>
    <unidade/>
    <bairro>Cidade Universitária</bairro>
    <localidade>Maceió</localidade>
    <uf>AL</uf>
    <estado>Alagoas</estado>
    <região/>
    <ibge>2704302</ibge>
    <gia/>
    <ddd>82</ddd>
    <siafi>2785</siafi>
  </cep>
  <cep>
    <cep>57073-637</cep>
    <logradouro>Rua I</logradouro>
    <complemento>(Cj Denisson Menezes)</complemento>
    <unidade/>
    <bairro>Cidade Universitária</bairro>
    <localidade>Maceió</localidade>
    <uf>AL</uf>
    <estado>Alagoas</estado>
    <região/>
    <ibge>2704302</ibge>
    <gia/>
    <ddd>82</ddd>
    <siafi>2785</siafi>
  </cep>
  <cep>
    <cep>57073-657</cep>
    <logradouro>Quadra H</logradouro>
    <complemento>(Lot Otacílio Holanda)</complemento>
    <unidade/>
    <bairro>Cidade Universitária</bairro>
    <localidade>Maceió</localidade>
    <uf>AL</uf>
    <estado>Alagoas</estado>
    <região/>
    <ibge>2704302</ibge>
    <gia/>
    <ddd>82</ddd>
    <siafi>2785</siafi>
  </cep>
  <cep>
    <cep>57073-639</cep>
    <logradouro>Rua J</logradouro>
    <complemento>(Cj Denisson Menezes)</complemento>
    <unidade/>
    <bairro>Cidade Universitária</bairro>
    <localidade>Maceió</localidade>
    <uf>AL</uf>
    <estado>Alagoas</estado>
    <região/>
    <ibge>2704302</ibge>
    <gia/>
    <ddd>82</ddd>
    <siafi>2785</siafi>
  </cep>
  <cep>
    <cep>57073-621</cep>
    <logradouro>21ª Travessa Pajuçara</logradouro>
    <complemento>(Cj Village Campestre)</complemento>
    <unidade/>
    <bairro>Cidade Universitária</bairro>
    <localidade>Maceió</localidade>
    <uf>AL</uf>
    <estado>Alagoas</estado>
    <região/>
    <ibge>2704302</ibge>
    <gia/>
    <ddd>82</ddd>
    <siafi>2785</siafi>
  </cep>
  <cep>
    <cep>57073-652</cep>
    <logradouro>Quadra E</logradouro>
    <complemento>(Lot Otacílio Holanda)</complemento>
    <unidade/>
    <bairro>Cidade Universitária</bairro>
    <localidade>Maceió</localidade>
    <uf>AL</uf>
    <estado>Alagoas</estado>
    <região/>
    <ibge>2704302</ibge>
    <gia/>
    <ddd>82</ddd>
    <siafi>2785</siafi>
  </cep>
  <cep>
    <cep>57073-665</cep>
    <logradouro>Quadra O</logradouro>
    <complemento>(Lot Otacílio Holanda)</complemento>
    <unidade/>
    <bairro>Cidade Universitária</bairro>
    <localidade>Maceió</localidade>
    <uf>AL</uf>
    <estado>Alagoas</estado>
    <região/>
    <ibge>2704302</ibge>
    <gia/>
    <ddd>82</ddd>
    <siafi>2785</siafi>
  </cep>
  <cep>
    <cep>57073-634</cep>
    <logradouro>Rua C</logradouro>
    <complemento>(Cj Denisson Menezes)</complemento>
    <unidade/>
    <bairro>Cidade Universitária</bairro>
    <localidade>Maceió</localidade>
    <uf>AL</uf>
    <estado>Alagoas</estado>
    <região/>
    <ibge>2704302</ibge>
    <gia/>
    <ddd>82</ddd>
    <siafi>2785</siafi>
  </cep>
  <cep>
    <cep>57073-636</cep>
    <logradouro>Rua F</logradouro>
    <complemento>(Cj Denisson Menezes)</complemento>
    <unidade/>
    <bairro>Cidade Universitária</bairro>
    <localidade>Maceió</localidade>
    <uf>AL</uf>
    <estado>Alagoas</estado>
    <região/>
    <ibge>2704302</ibge>
    <gia/>
    <ddd>82</ddd>
    <siafi>2785</siafi>
  </cep>
  <cep>
    <cep>57073-627</cep>
    <logradouro>5ª Travessa Teotônio Vilela</logradouro>
    <complemento/>
    <unidade/>
    <bairro>Cidade Universitária</bairro>
    <localidade>Maceió</localidade>
    <uf>AL</uf>
    <estado>Alagoas</estado>
    <região/>
    <ibge>2704302</ibge>
    <gia/>
    <ddd>82</ddd>
    <siafi>2785</siafi>
  </cep>
  <cep>
    <cep>57073-626</cep>
    <logradouro>4ª Travessa Senador Teotônio Vilela</logradouro>
    <complemento/>
    <unidade/>
    <bairro>Cidade Universitária</bairro>
    <localidade>Maceió</localidade>
    <uf>AL</uf>
    <estado>Alagoas</estado>
    <região/>
    <ibge>2704302</ibge>
    <gia/>
    <ddd>82</ddd>
    <siafi>2785</siafi>
  </cep>
  <cep>
    <cep>57073-623</cep>
    <logradouro>2ª Travessa Senador Teotônio Vilela</logradouro>
    <complemento/>
    <unidade/>
    <bairro>Cidade Universitária</bairro>
    <localidade>Maceió</localidade>
    <uf>AL</uf>
    <estado>Alagoas</estado>
    <região/>
    <ibge>2704302</ibge>
    <gia/>
    <ddd>82</ddd>
    <siafi>2785</siafi>
  </cep>
  <cep>
    <cep>57073-647</cep>
    <logradouro>14ª Travessa Teotonio Vilela</logradouro>
    <complemento/>
    <unidade/>
    <bairro>Cidade Universitária</bairro>
    <localidade>Maceió</localidade>
    <uf>AL</uf>
    <estado>Alagoas</estado>
    <região/>
    <ibge>2704302</ibge>
    <gia/>
    <ddd>82</ddd>
    <siafi>2785</siafi>
  </cep>
  <cep>
    <cep>57073-616</cep>
    <logradouro>18ª Travessa Pajuçara</logradouro>
    <complemento>(Cj Village Campestre)</complemento>
    <unidade/>
    <bairro>Cidade Universitária</bairro>
    <localidade>Maceió</localidade>
    <uf>AL</uf>
    <estado>Alagoas</estado>
    <região/>
    <ibge>2704302</ibge>
    <gia/>
    <ddd>82</ddd>
    <siafi>2785</siafi>
  </cep>
  <cep>
    <cep>57073-649</cep>
    <logradouro>16ª Travessa Teotônio Vilela</logradouro>
    <complemento/>
    <unidade/>
    <bairro>Cidade Universitária</bairro>
    <localidade>Maceió</localidade>
    <uf>AL</uf>
    <estado>Alagoas</estado>
    <região/>
    <ibge>2704302</ibge>
    <gia/>
    <ddd>82</ddd>
    <siafi>2785</siafi>
  </cep>
  <cep>
    <cep>57073-619</cep>
    <logradouro>Rua Padre Cícero</logradouro>
    <complemento>(Cj Village Campestre)</complemento>
    <unidade/>
    <bairro>Cidade Universitária</bairro>
    <localidade>Maceió</localidade>
    <uf>AL</uf>
    <estado>Alagoas</estado>
    <região/>
    <ibge>2704302</ibge>
    <gia/>
    <ddd>82</ddd>
    <siafi>2785</siafi>
  </cep>
  <cep>
    <cep>57073-624</cep>
    <logradouro>3ª Travessa Senador Teotônio Vilela</logradouro>
    <complemento/>
    <unidade/>
    <bairro>Cidade Universitária</bairro>
    <localidade>Maceió</localidade>
    <uf>AL</uf>
    <estado>Alagoas</estado>
    <região/>
    <ibge>2704302</ibge>
    <gia/>
    <ddd>82</ddd>
    <siafi>2785</siafi>
  </cep>
  <cep>
    <cep>57073-622</cep>
    <logradouro>1ª Travessa Senador Teotônio Vilela</logradouro>
    <complemento/>
    <unidade/>
    <bairro>Cidade Universitária</bairro>
    <localidade>Maceió</localidade>
    <uf>AL</uf>
    <estado>Alagoas</estado>
    <região/>
    <ibge>2704302</ibge>
    <gia/>
    <ddd>82</ddd>
    <siafi>2785</siafi>
  </cep>
  <cep>
    <cep>57073-635</cep>
    <logradouro>Rua E</logradouro>
    <complemento>(Cj Denisson Menezes)</complemento>
    <unidade/>
    <bairro>Cidade Universitária</bairro>
    <localidade>Maceió</localidade>
    <uf>AL</uf>
    <estado>Alagoas</estado>
    <região/>
    <ibge>2704302</ibge>
    <gia/>
    <ddd>82</ddd>
    <siafi>2785</siafi>
  </cep>
  <cep>
    <cep>57073-633</cep>
    <logradouro>Rua D</logradouro>
    <complemento>(Cj Denisson Menezes)</complemento>
    <unidade/>
    <bairro>Cidade Universitária</bairro>
    <localidade>Maceió</localidade>
    <uf>AL</uf>
    <estado>Alagoas</estado>
    <região/>
    <ibge>2704302</ibge>
    <gia/>
    <ddd>82</ddd>
    <siafi>2785</siafi>
  </cep>
  <cep>
    <cep>57073-640</cep>
    <logradouro>7ª Travessa Teotonio Vilela</logradouro>
    <complemento/>
    <unidade/>
    <bairro>Cidade Universitária</bairro>
    <localidade>Maceió</localidade>
    <uf>AL</uf>
    <estado>Alagoas</estado>
    <região/>
    <ibge>2704302</ibge>
    <gia/>
    <ddd>82</ddd>
    <siafi>2785</siafi>
  </cep>
  <cep>
    <cep>57073-642</cep>
    <logradouro>9ª Travessa Teotônio Vilela</logradouro>
    <complemento/>
    <unidade/>
    <bairro>Cidade Universitária</bairro>
    <localidade>Maceió</localidade>
    <uf>AL</uf>
    <estado>Alagoas</estado>
    <região/>
    <ibge>2704302</ibge>
    <gia/>
    <ddd>82</ddd>
    <siafi>2785</siafi>
  </cep>
  <cep>
    <cep>57073-641</cep>
    <logradouro>8ª Travessa Teotônio Vilela</logradouro>
    <complemento/>
    <unidade/>
    <bairro>Cidade Universitária</bairro>
    <localidade>Maceió</localidade>
    <uf>AL</uf>
    <estado>Alagoas</estado>
    <região/>
    <ibge>2704302</ibge>
    <gia/>
    <ddd>82</ddd>
    <siafi>2785</siafi>
  </cep>
  <cep>
    <cep>57073-643</cep>
    <logradouro>10ª Travessa Teotônio Vilela</logradouro>
    <complemento/>
    <unidade/>
    <bairro>Cidade Universitária</bairro>
    <localidade>Maceió</localidade>
    <uf>AL</uf>
    <estado>Alagoas</estado>
    <região/>
    <ibge>2704302</ibge>
    <gia/>
    <ddd>82</ddd>
    <siafi>2785</siafi>
  </cep>
  <cep>
    <cep>57073-659</cep>
    <logradouro>Quadra J</logradouro>
    <complemento>(Lot Otacílio Holanda)</complemento>
    <unidade/>
    <bairro>Cidade Universitária</bairro>
    <localidade>Maceió</localidade>
    <uf>AL</uf>
    <estado>Alagoas</estado>
    <região/>
    <ibge>2704302</ibge>
    <gia/>
    <ddd>82</ddd>
    <siafi>2785</siafi>
  </cep>
  <cep>
    <cep>57073-632</cep>
    <logradouro>Rua B</logradouro>
    <complemento>(Cj Denisson Menezes)</complemento>
    <unidade/>
    <bairro>Cidade Universitária</bairro>
    <localidade>Maceió</localidade>
    <uf>AL</uf>
    <estado>Alagoas</estado>
    <região/>
    <ibge>2704302</ibge>
    <gia/>
    <ddd>82</ddd>
    <siafi>2785</siafi>
  </cep>
  <cep>
    <cep>57073-655</cep>
    <logradouro>Quadra F</logradouro>
    <complemento>(Lot Otacílio Holanda)</complemento>
    <unidade/>
    <bairro>Cidade Universitária</bairro>
    <localidade>Maceió</localidade>
    <uf>AL</uf>
    <estado>Alagoas</estado>
    <região/>
    <ibge>2704302</ibge>
    <gia/>
    <ddd>82</ddd>
    <siafi>2785</siafi>
  </cep>
  <cep>
    <cep>57073-666</cep>
    <logradouro>Quadra P</logradouro>
    <complemento>(Lot Otacílio Holanda)</complemento>
    <unidade/>
    <bairro>Cidade Universitária</bairro>
    <localidade>Maceió</localidade>
    <uf>AL</uf>
    <estado>Alagoas</estado>
    <região/>
    <ibge>2704302</ibge>
    <gia/>
    <ddd>82</ddd>
    <siafi>2785</siafi>
  </cep>
  <cep>
    <cep>57073-685</cep>
    <logradouro>Quadra A</logradouro>
    <complemento>(Desmembr Palmares)</complemento>
    <unidade/>
    <bairro>Cidade Universitária</bairro>
    <localidade>Maceió</localidade>
    <uf>AL</uf>
    <estado>Alagoas</estado>
    <região/>
    <ibge>2704302</ibge>
    <gia/>
    <ddd>82</ddd>
    <siafi>2785</siafi>
  </cep>
  <cep>
    <cep>57073-667</cep>
    <logradouro>Quadra Q</logradouro>
    <complemento>(Lot Otacílio Holanda)</complemento>
    <unidade/>
    <bairro>Cidade Universitária</bairro>
    <localidade>Maceió</localidade>
    <uf>AL</uf>
    <estado>Alagoas</estado>
    <região/>
    <ibge>2704302</ibge>
    <gia/>
    <ddd>82</ddd>
    <siafi>2785</siafi>
  </cep>
  <cep>
    <cep>57073-663</cep>
    <logradouro>Quadra M</logradouro>
    <complemento>(Lot Otacílio Holanda)</complemento>
    <unidade/>
    <bairro>Cidade Universitária</bairro>
    <localidade>Maceió</localidade>
    <uf>AL</uf>
    <estado>Alagoas</estado>
    <região/>
    <ibge>2704302</ibge>
    <gia/>
    <ddd>82</ddd>
    <siafi>2785</siafi>
  </cep>
  <cep>
    <cep>57073-686</cep>
    <logradouro>Quadra B</logradouro>
    <complemento>(Desmembr Palmares)</complemento>
    <unidade/>
    <bairro>Cidade Universitária</bairro>
    <localidade>Maceió</localidade>
    <uf>AL</uf>
    <estado>Alagoas</estado>
    <região/>
    <ibge>2704302</ibge>
    <gia/>
    <ddd>82</ddd>
    <siafi>2785</siafi>
  </cep>
  <cep>
    <cep>57073-670</cep>
    <logradouro>Quadra T</logradouro>
    <complemento>(Lot Otacílio Holanda)</complemento>
    <unidade/>
    <bairro>Cidade Universitária</bairro>
    <localidade>Maceió</localidade>
    <uf>AL</uf>
    <estado>Alagoas</estado>
    <região/>
    <ibge>2704302</ibge>
    <gia/>
    <ddd>82</ddd>
    <siafi>2785</siafi>
  </cep>
  <cep>
    <cep>57073-716</cep>
    <logradouro>Rua Antenor Carlota da Silva</logradouro>
    <complemento/>
    <unidade/>
    <bairro>Cidade Universitária</bairro>
    <localidade>Maceió</localidade>
    <uf>AL</uf>
    <estado>Alagoas</estado>
    <região/>
    <ibge>2704302</ibge>
    <gia/>
    <ddd>82</ddd>
    <siafi>2785</siafi>
  </cep>
  <cep>
    <cep>57073-704</cep>
    <logradouro>Travessa Maceió</logradouro>
    <complemento/>
    <unidade/>
    <bairro>Cidade Universitária</bairro>
    <localidade>Maceió</localidade>
    <uf>AL</uf>
    <estado>Alagoas</estado>
    <região/>
    <ibge>2704302</ibge>
    <gia/>
    <ddd>82</ddd>
    <siafi>2785</siafi>
  </cep>
  <cep>
    <cep>57073-656</cep>
    <logradouro>Quadra G</logradouro>
    <complemento>(Lot Otacílio Holanda)</complemento>
    <unidade/>
    <bairro>Cidade Universitária</bairro>
    <localidade>Maceió</localidade>
    <uf>AL</uf>
    <estado>Alagoas</estado>
    <região/>
    <ibge>2704302</ibge>
    <gia/>
    <ddd>82</ddd>
    <siafi>2785</siafi>
  </cep>
  <cep>
    <cep>57073-661</cep>
    <logradouro>Quadra K</logradouro>
    <complemento>(Lot Otacílio Holanda)</complemento>
    <unidade/>
    <bairro>Cidade Universitária</bairro>
    <localidade>Maceió</localidade>
    <uf>AL</uf>
    <estado>Alagoas</estado>
    <região/>
    <ibge>2704302</ibge>
    <gia/>
    <ddd>82</ddd>
    <siafi>2785</siafi>
  </cep>
  <cep>
    <cep>57073-731</cep>
    <logradouro>Condomínio São Judas Tadeu</logradouro>
    <complemento/>
    <unidade/>
    <bairro>Cidade Universitária</bairro>
    <localidade>Maceió</localidade>
    <uf>AL</uf>
    <estado>Alagoas</estado>
    <região/>
    <ibge>2704302</ibge>
    <gia/>
    <ddd>82</ddd>
    <siafi>2785</siafi>
  </cep>
  <cep>
    <cep>57073-722</cep>
    <logradouro>Rua Amélia Amorim</logradouro>
    <complemento/>
    <unidade/>
    <bairro>Cidade Universitária</bairro>
    <localidade>Maceió</localidade>
    <uf>AL</uf>
    <estado>Alagoas</estado>
    <região/>
    <ibge>2704302</ibge>
    <gia/>
    <ddd>82</ddd>
    <siafi>2785</siafi>
  </cep>
  <cep>
    <cep>57073-690</cep>
    <logradouro>Travessa da Mangueira</logradouro>
    <complemento/>
    <unidade/>
    <bairro>Cidade Universitária</bairro>
    <localidade>Maceió</localidade>
    <uf>AL</uf>
    <estado>Alagoas</estado>
    <região/>
    <ibge>2704302</ibge>
    <gia/>
    <ddd>82</ddd>
    <siafi>2785</siafi>
  </cep>
  <cep>
    <cep>57073-664</cep>
    <logradouro>Quadra N</logradouro>
    <complemento>(Lot Otacílio Holanda)</complemento>
    <unidade/>
    <bairro>Cidade Universitária</bairro>
    <localidade>Maceió</localidade>
    <uf>AL</uf>
    <estado>Alagoas</estado>
    <região/>
    <ibge>2704302</ibge>
    <gia/>
    <ddd>82</ddd>
    <siafi>2785</siafi>
  </cep>
  <cep>
    <cep>57073-715</cep>
    <logradouro>Rua Benedito Santos Gonzaga</logradouro>
    <complemento/>
    <unidade/>
    <bairro>Cidade Universitária</bairro>
    <localidade>Maceió</localidade>
    <uf>AL</uf>
    <estado>Alagoas</estado>
    <região/>
    <ibge>2704302</ibge>
    <gia/>
    <ddd>82</ddd>
    <siafi>2785</siafi>
  </cep>
  <cep>
    <cep>57073-718</cep>
    <logradouro>Condomínio Flyper</logradouro>
    <complemento/>
    <unidade/>
    <bairro>Cidade Universitária</bairro>
    <localidade>Maceió</localidade>
    <uf>AL</uf>
    <estado>Alagoas</estado>
    <região/>
    <ibge>2704302</ibge>
    <gia/>
    <ddd>82</ddd>
    <siafi>2785</siafi>
  </cep>
  <cep>
    <cep>57073-692</cep>
    <logradouro>Rua Boa Esperança</logradouro>
    <complemento/>
    <unidade/>
    <bairro>Cidade Universitária</bairro>
    <localidade>Maceió</localidade>
    <uf>AL</uf>
    <estado>Alagoas</estado>
    <região/>
    <ibge>2704302</ibge>
    <gia/>
    <ddd>82</ddd>
    <siafi>2785</siafi>
  </cep>
  <cep>
    <cep>57073-680</cep>
    <logradouro>Quadra A</logradouro>
    <complemento>(Lot Paraíso Sol)</complemento>
    <unidade/>
    <bairro>Cidade Universitária</bairro>
    <localidade>Maceió</localidade>
    <uf>AL</uf>
    <estado>Alagoas</estado>
    <região/>
    <ibge>2704302</ibge>
    <gia/>
    <ddd>82</ddd>
    <siafi>2785</siafi>
  </cep>
  <cep>
    <cep>57073-700</cep>
    <logradouro>Rua Joana Darc</logradouro>
    <complemento>(Projetada 0388)</complemento>
    <unidade/>
    <bairro>Cidade Universitária</bairro>
    <localidade>Maceió</localidade>
    <uf>AL</uf>
    <estado>Alagoas</estado>
    <região/>
    <ibge>2704302</ibge>
    <gia/>
    <ddd>82</ddd>
    <siafi>2785</siafi>
  </cep>
  <cep>
    <cep>57073-739</cep>
    <logradouro>7ª Travessa Arnon de Mello</logradouro>
    <complemento/>
    <unidade/>
    <bairro>Cidade Universitária</bairro>
    <localidade>Maceió</localidade>
    <uf>AL</uf>
    <estado>Alagoas</estado>
    <região/>
    <ibge>2704302</ibge>
    <gia/>
    <ddd>82</ddd>
    <siafi>2785</siafi>
  </cep>
  <cep>
    <cep>57073-740</cep>
    <logradouro>8ª Travessa Arnon de Mello</logradouro>
    <complemento/>
    <unidade/>
    <bairro>Cidade Universitária</bairro>
    <localidade>Maceió</localidade>
    <uf>AL</uf>
    <estado>Alagoas</estado>
    <região/>
    <ibge>2704302</ibge>
    <gia/>
    <ddd>82</ddd>
    <siafi>2785</siafi>
  </cep>
  <cep>
    <cep>57073-723</cep>
    <logradouro>Rua Professora Flávia Lima</logradouro>
    <complemento/>
    <unidade/>
    <bairro>Cidade Universitária</bairro>
    <localidade>Maceió</localidade>
    <uf>AL</uf>
    <estado>Alagoas</estado>
    <região/>
    <ibge>2704302</ibge>
    <gia/>
    <ddd>82</ddd>
    <siafi>2785</siafi>
  </cep>
  <cep>
    <cep>57073-726</cep>
    <logradouro>2ª Travessa João Paulo VI</logradouro>
    <complemento/>
    <unidade/>
    <bairro>Cidade Universitária</bairro>
    <localidade>Maceió</localidade>
    <uf>AL</uf>
    <estado>Alagoas</estado>
    <região/>
    <ibge>2704302</ibge>
    <gia/>
    <ddd>82</ddd>
    <siafi>2785</siafi>
  </cep>
  <cep>
    <cep>57073-719</cep>
    <logradouro>Rua Sol Nascente</logradouro>
    <complemento/>
    <unidade/>
    <bairro>Cidade Universitária</bairro>
    <localidade>Maceió</localidade>
    <uf>AL</uf>
    <estado>Alagoas</estado>
    <região/>
    <ibge>2704302</ibge>
    <gia/>
    <ddd>82</ddd>
    <siafi>2785</siafi>
  </cep>
  <cep>
    <cep>57073-741</cep>
    <logradouro>9ª Travessa Arnon de Mello</logradouro>
    <complemento/>
    <unidade/>
    <bairro>Cidade Universitária</bairro>
    <localidade>Maceió</localidade>
    <uf>AL</uf>
    <estado>Alagoas</estado>
    <região/>
    <ibge>2704302</ibge>
    <gia/>
    <ddd>82</ddd>
    <siafi>2785</siafi>
  </cep>
  <cep>
    <cep>57073-742</cep>
    <logradouro>10ª Travessa Arnon de Mello</logradouro>
    <complemento/>
    <unidade/>
    <bairro>Cidade Universitária</bairro>
    <localidade>Maceió</localidade>
    <uf>AL</uf>
    <estado>Alagoas</estado>
    <região/>
    <ibge>2704302</ibge>
    <gia/>
    <ddd>82</ddd>
    <siafi>2785</siafi>
  </cep>
  <cep>
    <cep>57073-720</cep>
    <logradouro>Condomínio Rosa dos Ventos</logradouro>
    <complemento/>
    <unidade/>
    <bairro>Cidade Universitária</bairro>
    <localidade>Maceió</localidade>
    <uf>AL</uf>
    <estado>Alagoas</estado>
    <região/>
    <ibge>2704302</ibge>
    <gia/>
    <ddd>82</ddd>
    <siafi>2785</siafi>
  </cep>
  <cep>
    <cep>57073-761</cep>
    <logradouro>Rua Projetada 1037</logradouro>
    <complemento>(Lot Simol)</complemento>
    <unidade/>
    <bairro>Cidade Universitária</bairro>
    <localidade>Maceió</localidade>
    <uf>AL</uf>
    <estado>Alagoas</estado>
    <região/>
    <ibge>2704302</ibge>
    <gia/>
    <ddd>82</ddd>
    <siafi>2785</siafi>
  </cep>
  <cep>
    <cep>57073-706</cep>
    <logradouro>Vila São Miguel</logradouro>
    <complemento/>
    <unidade/>
    <bairro>Cidade Universitária</bairro>
    <localidade>Maceió</localidade>
    <uf>AL</uf>
    <estado>Alagoas</estado>
    <região/>
    <ibge>2704302</ibge>
    <gia/>
    <ddd>82</ddd>
    <siafi>2785</siafi>
  </cep>
  <cep>
    <cep>57073-714</cep>
    <logradouro>Travessa Pajuçara 24</logradouro>
    <complemento>(Cj Village Campestre)</complemento>
    <unidade/>
    <bairro>Cidade Universitária</bairro>
    <localidade>Maceió</localidade>
    <uf>AL</uf>
    <estado>Alagoas</estado>
    <região/>
    <ibge>2704302</ibge>
    <gia/>
    <ddd>82</ddd>
    <siafi>2785</siafi>
  </cep>
  <cep>
    <cep>57073-671</cep>
    <logradouro>Quadra U</logradouro>
    <complemento>(Lot Otacílio Holanda)</complemento>
    <unidade/>
    <bairro>Cidade Universitária</bairro>
    <localidade>Maceió</localidade>
    <uf>AL</uf>
    <estado>Alagoas</estado>
    <região/>
    <ibge>2704302</ibge>
    <gia/>
    <ddd>82</ddd>
    <siafi>2785</siafi>
  </cep>
  <cep>
    <cep>57073-717</cep>
    <logradouro>Rua Daiana Aguiar</logradouro>
    <complemento/>
    <unidade/>
    <bairro>Cidade Universitária</bairro>
    <localidade>Maceió</localidade>
    <uf>AL</uf>
    <estado>Alagoas</estado>
    <região/>
    <ibge>2704302</ibge>
    <gia/>
    <ddd>82</ddd>
    <siafi>2785</siafi>
  </cep>
  <cep>
    <cep>57073-672</cep>
    <logradouro>Quadra V</logradouro>
    <complemento>(Lot Otacílio Holanda)</complemento>
    <unidade/>
    <bairro>Cidade Universitária</bairro>
    <localidade>Maceió</localidade>
    <uf>AL</uf>
    <estado>Alagoas</estado>
    <região/>
    <ibge>2704302</ibge>
    <gia/>
    <ddd>82</ddd>
    <siafi>2785</siafi>
  </cep>
  <cep>
    <cep>57073-698</cep>
    <logradouro>Travessa Joana Darc</logradouro>
    <complemento/>
    <unidade/>
    <bairro>Cidade Universitária</bairro>
    <localidade>Maceió</localidade>
    <uf>AL</uf>
    <estado>Alagoas</estado>
    <região/>
    <ibge>2704302</ibge>
    <gia/>
    <ddd>82</ddd>
    <siafi>2785</siafi>
  </cep>
  <cep>
    <cep>57073-669</cep>
    <logradouro>Quadra S</logradouro>
    <complemento>(Lot Otacílio Holanda)</complemento>
    <unidade/>
    <bairro>Cidade Universitária</bairro>
    <localidade>Maceió</localidade>
    <uf>AL</uf>
    <estado>Alagoas</estado>
    <região/>
    <ibge>2704302</ibge>
    <gia/>
    <ddd>82</ddd>
    <siafi>2785</siafi>
  </cep>
  <cep>
    <cep>57073-728</cep>
    <logradouro>4ª Travessa João Paulo VI</logradouro>
    <complemento/>
    <unidade/>
    <bairro>Cidade Universitária</bairro>
    <localidade>Maceió</localidade>
    <uf>AL</uf>
    <estado>Alagoas</estado>
    <região/>
    <ibge>2704302</ibge>
    <gia/>
    <ddd>82</ddd>
    <siafi>2785</siafi>
  </cep>
  <cep>
    <cep>57073-689</cep>
    <logradouro>Quadra E</logradouro>
    <complemento>(Desmembr Palmares)</complemento>
    <unidade/>
    <bairro>Cidade Universitária</bairro>
    <localidade>Maceió</localidade>
    <uf>AL</uf>
    <estado>Alagoas</estado>
    <região/>
    <ibge>2704302</ibge>
    <gia/>
    <ddd>82</ddd>
    <siafi>2785</siafi>
  </cep>
  <cep>
    <cep>57073-727</cep>
    <logradouro>3ª Travessa João Paulo VI</logradouro>
    <complemento/>
    <unidade/>
    <bairro>Cidade Universitária</bairro>
    <localidade>Maceió</localidade>
    <uf>AL</uf>
    <estado>Alagoas</estado>
    <região/>
    <ibge>2704302</ibge>
    <gia/>
    <ddd>82</ddd>
    <siafi>2785</siafi>
  </cep>
  <cep>
    <cep>57073-735</cep>
    <logradouro>Rua Francisco de Holanda</logradouro>
    <complemento/>
    <unidade/>
    <bairro>Cidade Universitária</bairro>
    <localidade>Maceió</localidade>
    <uf>AL</uf>
    <estado>Alagoas</estado>
    <região/>
    <ibge>2704302</ibge>
    <gia/>
    <ddd>82</ddd>
    <siafi>2785</siafi>
  </cep>
  <cep>
    <cep>57073-681</cep>
    <logradouro>Quadra B</logradouro>
    <complemento>(Lot Paraíso Sol)</complemento>
    <unidade/>
    <bairro>Cidade Universitária</bairro>
    <localidade>Maceió</localidade>
    <uf>AL</uf>
    <estado>Alagoas</estado>
    <região/>
    <ibge>2704302</ibge>
    <gia/>
    <ddd>82</ddd>
    <siafi>2785</siafi>
  </cep>
  <cep>
    <cep>57073-713</cep>
    <logradouro>Travessa Pajuçara 23</logradouro>
    <complemento>(Cj Village Campestre)</complemento>
    <unidade/>
    <bairro>Cidade Universitária</bairro>
    <localidade>Maceió</localidade>
    <uf>AL</uf>
    <estado>Alagoas</estado>
    <região/>
    <ibge>2704302</ibge>
    <gia/>
    <ddd>82</ddd>
    <siafi>2785</siafi>
  </cep>
  <cep>
    <cep>57073-753</cep>
    <logradouro>3ª Travessa Senador Arnon de Mello</logradouro>
    <complemento/>
    <unidade/>
    <bairro>Cidade Universitária</bairro>
    <localidade>Maceió</localidade>
    <uf>AL</uf>
    <estado>Alagoas</estado>
    <região/>
    <ibge>2704302</ibge>
    <gia/>
    <ddd>82</ddd>
    <siafi>2785</siafi>
  </cep>
  <cep>
    <cep>57073-750</cep>
    <logradouro>8ª Travessa Ministro Lindolfo Collor de Mello</logradouro>
    <complemento/>
    <unidade/>
    <bairro>Cidade Universitária</bairro>
    <localidade>Maceió</localidade>
    <uf>AL</uf>
    <estado>Alagoas</estado>
    <região/>
    <ibge>2704302</ibge>
    <gia/>
    <ddd>82</ddd>
    <siafi>2785</siafi>
  </cep>
  <cep>
    <cep>57073-613</cep>
    <logradouro>15ª Travessa Pajuçara</logradouro>
    <complemento>(Cj Village Campestre)</complemento>
    <unidade/>
    <bairro>Cidade Universitária</bairro>
    <localidade>Maceió</localidade>
    <uf>AL</uf>
    <estado>Alagoas</estado>
    <região/>
    <ibge>2704302</ibge>
    <gia/>
    <ddd>82</ddd>
    <siafi>2785</siafi>
  </cep>
  <cep>
    <cep>57073-744</cep>
    <logradouro>12ª Travessa Arnon de Mello</logradouro>
    <complemento/>
    <unidade/>
    <bairro>Cidade Universitária</bairro>
    <localidade>Maceió</localidade>
    <uf>AL</uf>
    <estado>Alagoas</estado>
    <região/>
    <ibge>2704302</ibge>
    <gia/>
    <ddd>82</ddd>
    <siafi>2785</siafi>
  </cep>
  <cep>
    <cep>57073-678</cep>
    <logradouro>Rua Paulo Holanda Costa</logradouro>
    <complemento/>
    <unidade/>
    <bairro>Cidade Universitária</bairro>
    <localidade>Maceió</localidade>
    <uf>AL</uf>
    <estado>Alagoas</estado>
    <região/>
    <ibge>2704302</ibge>
    <gia/>
    <ddd>82</ddd>
    <siafi>2785</siafi>
  </cep>
  <cep>
    <cep>57073-696</cep>
    <logradouro>Travessa Cristo Rei</logradouro>
    <complemento/>
    <unidade/>
    <bairro>Cidade Universitária</bairro>
    <localidade>Maceió</localidade>
    <uf>AL</uf>
    <estado>Alagoas</estado>
    <região/>
    <ibge>2704302</ibge>
    <gia/>
    <ddd>82</ddd>
    <siafi>2785</siafi>
  </cep>
  <cep>
    <cep>57073-688</cep>
    <logradouro>Quadra D</logradouro>
    <complemento>(Desmembr Palmares)</complemento>
    <unidade/>
    <bairro>Cidade Universitária</bairro>
    <localidade>Maceió</localidade>
    <uf>AL</uf>
    <estado>Alagoas</estado>
    <região/>
    <ibge>2704302</ibge>
    <gia/>
    <ddd>82</ddd>
    <siafi>2785</siafi>
  </cep>
  <cep>
    <cep>57073-745</cep>
    <logradouro>13ª Travessa Arnon de Mello</logradouro>
    <complemento/>
    <unidade/>
    <bairro>Cidade Universitária</bairro>
    <localidade>Maceió</localidade>
    <uf>AL</uf>
    <estado>Alagoas</estado>
    <região/>
    <ibge>2704302</ibge>
    <gia/>
    <ddd>82</ddd>
    <siafi>2785</siafi>
  </cep>
  <cep>
    <cep>57073-746</cep>
    <logradouro>14ª Travessa Arnon de Mello</logradouro>
    <complemento/>
    <unidade/>
    <bairro>Cidade Universitária</bairro>
    <localidade>Maceió</localidade>
    <uf>AL</uf>
    <estado>Alagoas</estado>
    <região/>
    <ibge>2704302</ibge>
    <gia/>
    <ddd>82</ddd>
    <siafi>2785</siafi>
  </cep>
  <cep>
    <cep>57073-737</cep>
    <logradouro>5ª Travessa Arnon de Mello</logradouro>
    <complemento/>
    <unidade/>
    <bairro>Cidade Universitária</bairro>
    <localidade>Maceió</localidade>
    <uf>AL</uf>
    <estado>Alagoas</estado>
    <região/>
    <ibge>2704302</ibge>
    <gia/>
    <ddd>82</ddd>
    <siafi>2785</siafi>
  </cep>
  <cep>
    <cep>57073-702</cep>
    <logradouro>Rua João Paulo da Silva Filho</logradouro>
    <complemento/>
    <unidade/>
    <bairro>Cidade Universitária</bairro>
    <localidade>Maceió</localidade>
    <uf>AL</uf>
    <estado>Alagoas</estado>
    <região/>
    <ibge>2704302</ibge>
    <gia/>
    <ddd>82</ddd>
    <siafi>2785</siafi>
  </cep>
  <cep>
    <cep>57073-724</cep>
    <logradouro>Rua Professora Lidiane Evangelista</logradouro>
    <complemento/>
    <unidade/>
    <bairro>Cidade Universitária</bairro>
    <localidade>Maceió</localidade>
    <uf>AL</uf>
    <estado>Alagoas</estado>
    <região/>
    <ibge>2704302</ibge>
    <gia/>
    <ddd>82</ddd>
    <siafi>2785</siafi>
  </cep>
  <cep>
    <cep>57073-682</cep>
    <logradouro>Quadra C</logradouro>
    <complemento>(Lot Paraíso Sol)</complemento>
    <unidade/>
    <bairro>Cidade Universitária</bairro>
    <localidade>Maceió</localidade>
    <uf>AL</uf>
    <estado>Alagoas</estado>
    <região/>
    <ibge>2704302</ibge>
    <gia/>
    <ddd>82</ddd>
    <siafi>2785</siafi>
  </cep>
  <cep>
    <cep>57073-721</cep>
    <logradouro>Condomínio Massaranduba</logradouro>
    <complemento/>
    <unidade/>
    <bairro>Cidade Universitária</bairro>
    <localidade>Maceió</localidade>
    <uf>AL</uf>
    <estado>Alagoas</estado>
    <região/>
    <ibge>2704302</ibge>
    <gia/>
    <ddd>82</ddd>
    <siafi>2785</siafi>
  </cep>
  <cep>
    <cep>57073-747</cep>
    <logradouro>15ª Travessa Arnon de Mello</logradouro>
    <complemento/>
    <unidade/>
    <bairro>Cidade Universitária</bairro>
    <localidade>Maceió</localidade>
    <uf>AL</uf>
    <estado>Alagoas</estado>
    <região/>
    <ibge>2704302</ibge>
    <gia/>
    <ddd>82</ddd>
    <siafi>2785</siafi>
  </cep>
  <cep>
    <cep>57073-729</cep>
    <logradouro>5ª Travessa João Paulo VI</logradouro>
    <complemento/>
    <unidade/>
    <bairro>Cidade Universitária</bairro>
    <localidade>Maceió</localidade>
    <uf>AL</uf>
    <estado>Alagoas</estado>
    <região/>
    <ibge>2704302</ibge>
    <gia/>
    <ddd>82</ddd>
    <siafi>2785</siafi>
  </cep>
  <cep>
    <cep>57073-748</cep>
    <logradouro>16ª Travessa Arnon de Mello</logradouro>
    <complemento/>
    <unidade/>
    <bairro>Cidade Universitária</bairro>
    <localidade>Maceió</localidade>
    <uf>AL</uf>
    <estado>Alagoas</estado>
    <região/>
    <ibge>2704302</ibge>
    <gia/>
    <ddd>82</ddd>
    <siafi>2785</siafi>
  </cep>
  <cep>
    <cep>57073-738</cep>
    <logradouro>6ª Travessa Arnon de Mello</logradouro>
    <complemento/>
    <unidade/>
    <bairro>Cidade Universitária</bairro>
    <localidade>Maceió</localidade>
    <uf>AL</uf>
    <estado>Alagoas</estado>
    <região/>
    <ibge>2704302</ibge>
    <gia/>
    <ddd>82</ddd>
    <siafi>2785</siafi>
  </cep>
  <cep>
    <cep>57073-674</cep>
    <logradouro>Rua Doutora Taynan Rose</logradouro>
    <complemento>(Projetada 681 Lot 065)</complemento>
    <unidade/>
    <bairro>Cidade Universitária</bairro>
    <localidade>Maceió</localidade>
    <uf>AL</uf>
    <estado>Alagoas</estado>
    <região/>
    <ibge>2704302</ibge>
    <gia/>
    <ddd>82</ddd>
    <siafi>2785</siafi>
  </cep>
  <cep>
    <cep>57073-668</cep>
    <logradouro>Quadra R</logradouro>
    <complemento>(Lot Otacílio Holanda)</complemento>
    <unidade/>
    <bairro>Cidade Universitária</bairro>
    <localidade>Maceió</localidade>
    <uf>AL</uf>
    <estado>Alagoas</estado>
    <região/>
    <ibge>2704302</ibge>
    <gia/>
    <ddd>82</ddd>
    <siafi>2785</siafi>
  </cep>
  <cep>
    <cep>57073-752</cep>
    <logradouro>2ª Travessa Senador Arnon de Mello</logradouro>
    <complemento/>
    <unidade/>
    <bairro>Cidade Universitária</bairro>
    <localidade>Maceió</localidade>
    <uf>AL</uf>
    <estado>Alagoas</estado>
    <região/>
    <ibge>2704302</ibge>
    <gia/>
    <ddd>82</ddd>
    <siafi>2785</siafi>
  </cep>
  <cep>
    <cep>57073-743</cep>
    <logradouro>11ª Travessa Arnon de Mello</logradouro>
    <complemento/>
    <unidade/>
    <bairro>Cidade Universitária</bairro>
    <localidade>Maceió</localidade>
    <uf>AL</uf>
    <estado>Alagoas</estado>
    <região/>
    <ibge>2704302</ibge>
    <gia/>
    <ddd>82</ddd>
    <siafi>2785</siafi>
  </cep>
  <cep>
    <cep>57073-751</cep>
    <logradouro>1ª Travessa Senador Arnon de Mello</logradouro>
    <complemento/>
    <unidade/>
    <bairro>Cidade Universitária</bairro>
    <localidade>Maceió</localidade>
    <uf>AL</uf>
    <estado>Alagoas</estado>
    <região/>
    <ibge>2704302</ibge>
    <gia/>
    <ddd>82</ddd>
    <siafi>2785</siafi>
  </cep>
  <cep>
    <cep>57074-060</cep>
    <logradouro>Rua Jequitibá</logradouro>
    <complemento/>
    <unidade/>
    <bairro>Cidade Universitária</bairro>
    <localidade>Maceió</localidade>
    <uf>AL</uf>
    <estado>Alagoas</estado>
    <região/>
    <ibge>2704302</ibge>
    <gia/>
    <ddd>82</ddd>
    <siafi>2785</siafi>
  </cep>
  <cep>
    <cep>57074-070</cep>
    <logradouro>Rua dos Pinhais</logradouro>
    <complemento/>
    <unidade/>
    <bairro>Cidade Universitária</bairro>
    <localidade>Maceió</localidade>
    <uf>AL</uf>
    <estado>Alagoas</estado>
    <região/>
    <ibge>2704302</ibge>
    <gia/>
    <ddd>82</ddd>
    <siafi>2785</siafi>
  </cep>
  <cep>
    <cep>57073-762</cep>
    <logradouro>3ª Travessa Ministro Lindolfo Collor de Mello</logradouro>
    <complemento/>
    <unidade/>
    <bairro>Cidade Universitária</bairro>
    <localidade>Maceió</localidade>
    <uf>AL</uf>
    <estado>Alagoas</estado>
    <região/>
    <ibge>2704302</ibge>
    <gia/>
    <ddd>82</ddd>
    <siafi>2785</siafi>
  </cep>
  <cep>
    <cep>57073-763</cep>
    <logradouro>4ª Travessa Ministro Lindolfo Collor de Mello</logradouro>
    <complemento/>
    <unidade/>
    <bairro>Cidade Universitária</bairro>
    <localidade>Maceió</localidade>
    <uf>AL</uf>
    <estado>Alagoas</estado>
    <região/>
    <ibge>2704302</ibge>
    <gia/>
    <ddd>82</ddd>
    <siafi>2785</siafi>
  </cep>
  <cep>
    <cep>57074-077</cep>
    <logradouro>Rua Nova Esperança</logradouro>
    <complemento>(Lot Aracauã)</complemento>
    <unidade/>
    <bairro>Cidade Universitária</bairro>
    <localidade>Maceió</localidade>
    <uf>AL</uf>
    <estado>Alagoas</estado>
    <região/>
    <ibge>2704302</ibge>
    <gia/>
    <ddd>82</ddd>
    <siafi>2785</siafi>
  </cep>
  <cep>
    <cep>57073-900</cep>
    <logradouro>Avenida Menino Marcelo</logradouro>
    <complemento>3800</complemento>
    <unidade>Shopping Pátio Maceió</unidade>
    <bairro>Cidade Universitária</bairro>
    <localidade>Maceió</localidade>
    <uf>AL</uf>
    <estado>Alagoas</estado>
    <região/>
    <ibge>2704302</ibge>
    <gia/>
    <ddd>82</ddd>
    <siafi>2785</siafi>
  </cep>
  <cep>
    <cep>57074-110</cep>
    <logradouro>Rua das Palmeiras</logradouro>
    <complemento/>
    <unidade/>
    <bairro>Cidade Universitária</bairro>
    <localidade>Maceió</localidade>
    <uf>AL</uf>
    <estado>Alagoas</estado>
    <região/>
    <ibge>2704302</ibge>
    <gia/>
    <ddd>82</ddd>
    <siafi>2785</siafi>
  </cep>
  <cep>
    <cep>57073-767</cep>
    <logradouro>2ª Travessa Francisco Holanda</logradouro>
    <complemento/>
    <unidade/>
    <bairro>Cidade Universitária</bairro>
    <localidade>Maceió</localidade>
    <uf>AL</uf>
    <estado>Alagoas</estado>
    <região/>
    <ibge>2704302</ibge>
    <gia/>
    <ddd>82</ddd>
    <siafi>2785</siafi>
  </cep>
  <cep>
    <cep>57074-082</cep>
    <logradouro>Rua Bem-te-vi</logradouro>
    <complemento>(Lot Canto do Mainá)</complemento>
    <unidade/>
    <bairro>Cidade Universitária</bairro>
    <localidade>Maceió</localidade>
    <uf>AL</uf>
    <estado>Alagoas</estado>
    <região/>
    <ibge>2704302</ibge>
    <gia/>
    <ddd>82</ddd>
    <siafi>2785</siafi>
  </cep>
  <cep>
    <cep>57074-130</cep>
    <logradouro>Avenida das Jaqueiras</logradouro>
    <complemento/>
    <unidade/>
    <bairro>Cidade Universitária</bairro>
    <localidade>Maceió</localidade>
    <uf>AL</uf>
    <estado>Alagoas</estado>
    <região/>
    <ibge>2704302</ibge>
    <gia/>
    <ddd>82</ddd>
    <siafi>2785</siafi>
  </cep>
  <cep>
    <cep>57074-090</cep>
    <logradouro>Rua das Mangueiras</logradouro>
    <complemento/>
    <unidade/>
    <bairro>Cidade Universitária</bairro>
    <localidade>Maceió</localidade>
    <uf>AL</uf>
    <estado>Alagoas</estado>
    <região/>
    <ibge>2704302</ibge>
    <gia/>
    <ddd>82</ddd>
    <siafi>2785</siafi>
  </cep>
  <cep>
    <cep>57074-040</cep>
    <logradouro>Rua Jaborandi</logradouro>
    <complemento/>
    <unidade/>
    <bairro>Cidade Universitária</bairro>
    <localidade>Maceió</localidade>
    <uf>AL</uf>
    <estado>Alagoas</estado>
    <região/>
    <ibge>2704302</ibge>
    <gia/>
    <ddd>82</ddd>
    <siafi>2785</siafi>
  </cep>
  <cep>
    <cep>57074-100</cep>
    <logradouro>Rua das Aroeiras</logradouro>
    <complemento/>
    <unidade/>
    <bairro>Cidade Universitária</bairro>
    <localidade>Maceió</localidade>
    <uf>AL</uf>
    <estado>Alagoas</estado>
    <região/>
    <ibge>2704302</ibge>
    <gia/>
    <ddd>82</ddd>
    <siafi>2785</siafi>
  </cep>
  <cep>
    <cep>57074-071</cep>
    <logradouro>Travessa Pinhais</logradouro>
    <complemento/>
    <unidade/>
    <bairro>Cidade Universitária</bairro>
    <localidade>Maceió</localidade>
    <uf>AL</uf>
    <estado>Alagoas</estado>
    <região/>
    <ibge>2704302</ibge>
    <gia/>
    <ddd>82</ddd>
    <siafi>2785</siafi>
  </cep>
  <cep>
    <cep>57075-007</cep>
    <logradouro>Travessa Manoel Silvestre da Silva</logradouro>
    <complemento/>
    <unidade/>
    <bairro>Santos Dumont</bairro>
    <localidade>Maceió</localidade>
    <uf>AL</uf>
    <estado>Alagoas</estado>
    <região/>
    <ibge>2704302</ibge>
    <gia/>
    <ddd>82</ddd>
    <siafi>2785</siafi>
  </cep>
  <cep>
    <cep>57073-764</cep>
    <logradouro>5ª Travessa Ministro Lindolfo Collor de Mello</logradouro>
    <complemento/>
    <unidade/>
    <bairro>Cidade Universitária</bairro>
    <localidade>Maceió</localidade>
    <uf>AL</uf>
    <estado>Alagoas</estado>
    <região/>
    <ibge>2704302</ibge>
    <gia/>
    <ddd>82</ddd>
    <siafi>2785</siafi>
  </cep>
  <cep>
    <cep>57073-769</cep>
    <logradouro>Rua Bom Jesus</logradouro>
    <complemento/>
    <unidade/>
    <bairro>Cidade Universitária</bairro>
    <localidade>Maceió</localidade>
    <uf>AL</uf>
    <estado>Alagoas</estado>
    <região/>
    <ibge>2704302</ibge>
    <gia/>
    <ddd>82</ddd>
    <siafi>2785</siafi>
  </cep>
  <cep>
    <cep>57075-002</cep>
    <logradouro>Rua Doutor Ulisses Guimarães</logradouro>
    <complemento/>
    <unidade/>
    <bairro>Santos Dumont</bairro>
    <localidade>Maceió</localidade>
    <uf>AL</uf>
    <estado>Alagoas</estado>
    <região/>
    <ibge>2704302</ibge>
    <gia/>
    <ddd>82</ddd>
    <siafi>2785</siafi>
  </cep>
  <cep>
    <cep>57073-765</cep>
    <logradouro>6ª Travessa Ministro Lindolfo Collor de Mello</logradouro>
    <complemento/>
    <unidade/>
    <bairro>Cidade Universitária</bairro>
    <localidade>Maceió</localidade>
    <uf>AL</uf>
    <estado>Alagoas</estado>
    <região/>
    <ibge>2704302</ibge>
    <gia/>
    <ddd>82</ddd>
    <siafi>2785</siafi>
  </cep>
  <cep>
    <cep>57074-075</cep>
    <logradouro>Rua Nova</logradouro>
    <complemento>(Lot Aracauã)</complemento>
    <unidade/>
    <bairro>Cidade Universitária</bairro>
    <localidade>Maceió</localidade>
    <uf>AL</uf>
    <estado>Alagoas</estado>
    <região/>
    <ibge>2704302</ibge>
    <gia/>
    <ddd>82</ddd>
    <siafi>2785</siafi>
  </cep>
  <cep>
    <cep>57074-120</cep>
    <logradouro>Rua dos Pinheiro</logradouro>
    <complemento/>
    <unidade/>
    <bairro>Cidade Universitária</bairro>
    <localidade>Maceió</localidade>
    <uf>AL</uf>
    <estado>Alagoas</estado>
    <região/>
    <ibge>2704302</ibge>
    <gia/>
    <ddd>82</ddd>
    <siafi>2785</siafi>
  </cep>
  <cep>
    <cep>57074-080</cep>
    <logradouro>Rua dos Cajueiros</logradouro>
    <complemento/>
    <unidade/>
    <bairro>Cidade Universitária</bairro>
    <localidade>Maceió</localidade>
    <uf>AL</uf>
    <estado>Alagoas</estado>
    <região/>
    <ibge>2704302</ibge>
    <gia/>
    <ddd>82</ddd>
    <siafi>2785</siafi>
  </cep>
  <cep>
    <cep>57075-000</cep>
    <logradouro>Avenida Lourival Melo Mota</logradouro>
    <complemento>lado ímpar</complemento>
    <unidade/>
    <bairro>Santos Dumont</bairro>
    <localidade>Maceió</localidade>
    <uf>AL</uf>
    <estado>Alagoas</estado>
    <região/>
    <ibge>2704302</ibge>
    <gia/>
    <ddd>82</ddd>
    <siafi>2785</siafi>
  </cep>
  <cep>
    <cep>57075-005</cep>
    <logradouro>Rua Lagunar</logradouro>
    <complemento/>
    <unidade/>
    <bairro>Santos Dumont</bairro>
    <localidade>Maceió</localidade>
    <uf>AL</uf>
    <estado>Alagoas</estado>
    <região/>
    <ibge>2704302</ibge>
    <gia/>
    <ddd>82</ddd>
    <siafi>2785</siafi>
  </cep>
  <cep>
    <cep>57073-766</cep>
    <logradouro>7ª Travessa Ministro Lindolfo Collor de Mello</logradouro>
    <complemento/>
    <unidade/>
    <bairro>Cidade Universitária</bairro>
    <localidade>Maceió</localidade>
    <uf>AL</uf>
    <estado>Alagoas</estado>
    <região/>
    <ibge>2704302</ibge>
    <gia/>
    <ddd>82</ddd>
    <siafi>2785</siafi>
  </cep>
  <cep>
    <cep>57074-210</cep>
    <logradouro>Rua Oriente</logradouro>
    <complemento>(Lot Alvorada)</complemento>
    <unidade/>
    <bairro>Cidade Universitária</bairro>
    <localidade>Maceió</localidade>
    <uf>AL</uf>
    <estado>Alagoas</estado>
    <região/>
    <ibge>2704302</ibge>
    <gia/>
    <ddd>82</ddd>
    <siafi>2785</siafi>
  </cep>
  <cep>
    <cep>57074-212</cep>
    <logradouro>Avenida Antônio Lisboa de Amorim</logradouro>
    <complemento>lado ímpar</complemento>
    <unidade/>
    <bairro>Cidade Universitária</bairro>
    <localidade>Maceió</localidade>
    <uf>AL</uf>
    <estado>Alagoas</estado>
    <região/>
    <ibge>2704302</ibge>
    <gia/>
    <ddd>82</ddd>
    <siafi>2785</siafi>
  </cep>
  <cep>
    <cep>57075-009</cep>
    <logradouro>Travessa São Pedro</logradouro>
    <complemento/>
    <unidade/>
    <bairro>Santos Dumont</bairro>
    <localidade>Maceió</localidade>
    <uf>AL</uf>
    <estado>Alagoas</estado>
    <região/>
    <ibge>2704302</ibge>
    <gia/>
    <ddd>82</ddd>
    <siafi>2785</siafi>
  </cep>
  <cep>
    <cep>57074-050</cep>
    <logradouro>Rua Pau Brasil</logradouro>
    <complemento/>
    <unidade/>
    <bairro>Cidade Universitária</bairro>
    <localidade>Maceió</localidade>
    <uf>AL</uf>
    <estado>Alagoas</estado>
    <região/>
    <ibge>2704302</ibge>
    <gia/>
    <ddd>82</ddd>
    <siafi>2785</siafi>
  </cep>
  <cep>
    <cep>57075-011</cep>
    <logradouro>Condomínio São Rafael</logradouro>
    <complemento/>
    <unidade/>
    <bairro>Santos Dumont</bairro>
    <localidade>Maceió</localidade>
    <uf>AL</uf>
    <estado>Alagoas</estado>
    <região/>
    <ibge>2704302</ibge>
    <gia/>
    <ddd>82</ddd>
    <siafi>2785</siafi>
  </cep>
  <cep>
    <cep>57075-012</cep>
    <logradouro>1ª Travessa Rosa Cruz</logradouro>
    <complemento/>
    <unidade/>
    <bairro>Santos Dumont</bairro>
    <localidade>Maceió</localidade>
    <uf>AL</uf>
    <estado>Alagoas</estado>
    <região/>
    <ibge>2704302</ibge>
    <gia/>
    <ddd>82</ddd>
    <siafi>2785</siafi>
  </cep>
  <cep>
    <cep>57075-039</cep>
    <logradouro>Quadra D</logradouro>
    <complemento>(Lot Primavera)</complemento>
    <unidade/>
    <bairro>Santos Dumont</bairro>
    <localidade>Maceió</localidade>
    <uf>AL</uf>
    <estado>Alagoas</estado>
    <região/>
    <ibge>2704302</ibge>
    <gia/>
    <ddd>82</ddd>
    <siafi>2785</siafi>
  </cep>
  <cep>
    <cep>57075-036</cep>
    <logradouro>Quadra A</logradouro>
    <complemento>(Lot Primavera)</complemento>
    <unidade/>
    <bairro>Santos Dumont</bairro>
    <localidade>Maceió</localidade>
    <uf>AL</uf>
    <estado>Alagoas</estado>
    <região/>
    <ibge>2704302</ibge>
    <gia/>
    <ddd>82</ddd>
    <siafi>2785</siafi>
  </cep>
  <cep>
    <cep>57075-043</cep>
    <logradouro>Rua Senhor Bonfim</logradouro>
    <complemento/>
    <unidade/>
    <bairro>Santos Dumont</bairro>
    <localidade>Maceió</localidade>
    <uf>AL</uf>
    <estado>Alagoas</estado>
    <região/>
    <ibge>2704302</ibge>
    <gia/>
    <ddd>82</ddd>
    <siafi>2785</siafi>
  </cep>
  <cep>
    <cep>57075-038</cep>
    <logradouro>Quadra C</logradouro>
    <complemento>(Lot Primavera)</complemento>
    <unidade/>
    <bairro>Santos Dumont</bairro>
    <localidade>Maceió</localidade>
    <uf>AL</uf>
    <estado>Alagoas</estado>
    <região/>
    <ibge>2704302</ibge>
    <gia/>
    <ddd>82</ddd>
    <siafi>2785</siafi>
  </cep>
  <cep>
    <cep>57075-033</cep>
    <logradouro>Quadra D</logradouro>
    <complemento>(Cj São Luiz)</complemento>
    <unidade/>
    <bairro>Santos Dumont</bairro>
    <localidade>Maceió</localidade>
    <uf>AL</uf>
    <estado>Alagoas</estado>
    <região/>
    <ibge>2704302</ibge>
    <gia/>
    <ddd>82</ddd>
    <siafi>2785</siafi>
  </cep>
  <cep>
    <cep>57075-032</cep>
    <logradouro>Quadra C</logradouro>
    <complemento>(Cj São Luiz)</complemento>
    <unidade/>
    <bairro>Santos Dumont</bairro>
    <localidade>Maceió</localidade>
    <uf>AL</uf>
    <estado>Alagoas</estado>
    <região/>
    <ibge>2704302</ibge>
    <gia/>
    <ddd>82</ddd>
    <siafi>2785</siafi>
  </cep>
  <cep>
    <cep>57075-044</cep>
    <logradouro>Rua Givaldo Carimbão</logradouro>
    <complemento/>
    <unidade/>
    <bairro>Santos Dumont</bairro>
    <localidade>Maceió</localidade>
    <uf>AL</uf>
    <estado>Alagoas</estado>
    <região/>
    <ibge>2704302</ibge>
    <gia/>
    <ddd>82</ddd>
    <siafi>2785</siafi>
  </cep>
  <cep>
    <cep>57075-045</cep>
    <logradouro>Rua Santa Rosa</logradouro>
    <complemento/>
    <unidade/>
    <bairro>Santos Dumont</bairro>
    <localidade>Maceió</localidade>
    <uf>AL</uf>
    <estado>Alagoas</estado>
    <região/>
    <ibge>2704302</ibge>
    <gia/>
    <ddd>82</ddd>
    <siafi>2785</siafi>
  </cep>
  <cep>
    <cep>57075-016</cep>
    <logradouro>3ª Travessa Santa Rosa</logradouro>
    <complemento/>
    <unidade/>
    <bairro>Santos Dumont</bairro>
    <localidade>Maceió</localidade>
    <uf>AL</uf>
    <estado>Alagoas</estado>
    <região/>
    <ibge>2704302</ibge>
    <gia/>
    <ddd>82</ddd>
    <siafi>2785</siafi>
  </cep>
  <cep>
    <cep>57075-030</cep>
    <logradouro>Quadra A</logradouro>
    <complemento>(Cj São Luiz)</complemento>
    <unidade/>
    <bairro>Santos Dumont</bairro>
    <localidade>Maceió</localidade>
    <uf>AL</uf>
    <estado>Alagoas</estado>
    <região/>
    <ibge>2704302</ibge>
    <gia/>
    <ddd>82</ddd>
    <siafi>2785</siafi>
  </cep>
  <cep>
    <cep>57075-037</cep>
    <logradouro>Quadra B</logradouro>
    <complemento>(Lot Primavera)</complemento>
    <unidade/>
    <bairro>Santos Dumont</bairro>
    <localidade>Maceió</localidade>
    <uf>AL</uf>
    <estado>Alagoas</estado>
    <região/>
    <ibge>2704302</ibge>
    <gia/>
    <ddd>82</ddd>
    <siafi>2785</siafi>
  </cep>
  <cep>
    <cep>57075-041</cep>
    <logradouro>Rua Santo André</logradouro>
    <complemento/>
    <unidade/>
    <bairro>Santos Dumont</bairro>
    <localidade>Maceió</localidade>
    <uf>AL</uf>
    <estado>Alagoas</estado>
    <região/>
    <ibge>2704302</ibge>
    <gia/>
    <ddd>82</ddd>
    <siafi>2785</siafi>
  </cep>
  <cep>
    <cep>57075-017</cep>
    <logradouro>Quadra A</logradouro>
    <complemento>(Cj Sto Antônio)</complemento>
    <unidade/>
    <bairro>Santos Dumont</bairro>
    <localidade>Maceió</localidade>
    <uf>AL</uf>
    <estado>Alagoas</estado>
    <região/>
    <ibge>2704302</ibge>
    <gia/>
    <ddd>82</ddd>
    <siafi>2785</siafi>
  </cep>
  <cep>
    <cep>57075-031</cep>
    <logradouro>Quadra B</logradouro>
    <complemento>(Cj São Luiz)</complemento>
    <unidade/>
    <bairro>Santos Dumont</bairro>
    <localidade>Maceió</localidade>
    <uf>AL</uf>
    <estado>Alagoas</estado>
    <região/>
    <ibge>2704302</ibge>
    <gia/>
    <ddd>82</ddd>
    <siafi>2785</siafi>
  </cep>
  <cep>
    <cep>57075-040</cep>
    <logradouro>Rua Amnon G. de Melo</logradouro>
    <complemento/>
    <unidade/>
    <bairro>Santos Dumont</bairro>
    <localidade>Maceió</localidade>
    <uf>AL</uf>
    <estado>Alagoas</estado>
    <região/>
    <ibge>2704302</ibge>
    <gia/>
    <ddd>82</ddd>
    <siafi>2785</siafi>
  </cep>
  <cep>
    <cep>57075-014</cep>
    <logradouro>2ª Travessa Rosa Cruz</logradouro>
    <complemento/>
    <unidade/>
    <bairro>Santos Dumont</bairro>
    <localidade>Maceió</localidade>
    <uf>AL</uf>
    <estado>Alagoas</estado>
    <região/>
    <ibge>2704302</ibge>
    <gia/>
    <ddd>82</ddd>
    <siafi>2785</siafi>
  </cep>
  <cep>
    <cep>57075-018</cep>
    <logradouro>Rua B</logradouro>
    <complemento>(Cj Sto Antônio)</complemento>
    <unidade/>
    <bairro>Santos Dumont</bairro>
    <localidade>Maceió</localidade>
    <uf>AL</uf>
    <estado>Alagoas</estado>
    <região/>
    <ibge>2704302</ibge>
    <gia/>
    <ddd>82</ddd>
    <siafi>2785</siafi>
  </cep>
  <cep>
    <cep>57075-023</cep>
    <logradouro>Travessa São João</logradouro>
    <complemento/>
    <unidade/>
    <bairro>Santos Dumont</bairro>
    <localidade>Maceió</localidade>
    <uf>AL</uf>
    <estado>Alagoas</estado>
    <região/>
    <ibge>2704302</ibge>
    <gia/>
    <ddd>82</ddd>
    <siafi>2785</siafi>
  </cep>
  <cep>
    <cep>57075-026</cep>
    <logradouro>Rua Santa Terezinha de Jesus Nobre</logradouro>
    <complemento/>
    <unidade/>
    <bairro>Santos Dumont</bairro>
    <localidade>Maceió</localidade>
    <uf>AL</uf>
    <estado>Alagoas</estado>
    <região/>
    <ibge>2704302</ibge>
    <gia/>
    <ddd>82</ddd>
    <siafi>2785</siafi>
  </cep>
  <cep>
    <cep>57075-046</cep>
    <logradouro>Rua Jorge Amado</logradouro>
    <complemento/>
    <unidade/>
    <bairro>Santos Dumont</bairro>
    <localidade>Maceió</localidade>
    <uf>AL</uf>
    <estado>Alagoas</estado>
    <região/>
    <ibge>2704302</ibge>
    <gia/>
    <ddd>82</ddd>
    <siafi>2785</siafi>
  </cep>
  <cep>
    <cep>57075-047</cep>
    <logradouro>1ª Travessa Santa Rosa</logradouro>
    <complemento/>
    <unidade/>
    <bairro>Santos Dumont</bairro>
    <localidade>Maceió</localidade>
    <uf>AL</uf>
    <estado>Alagoas</estado>
    <região/>
    <ibge>2704302</ibge>
    <gia/>
    <ddd>82</ddd>
    <siafi>2785</siafi>
  </cep>
  <cep>
    <cep>57075-049</cep>
    <logradouro>2ª Travessa Santa Rosa</logradouro>
    <complemento/>
    <unidade/>
    <bairro>Santos Dumont</bairro>
    <localidade>Maceió</localidade>
    <uf>AL</uf>
    <estado>Alagoas</estado>
    <região/>
    <ibge>2704302</ibge>
    <gia/>
    <ddd>82</ddd>
    <siafi>2785</siafi>
  </cep>
  <cep>
    <cep>57075-048</cep>
    <logradouro>Rua Carteiro Josué Neto</logradouro>
    <complemento/>
    <unidade/>
    <bairro>Santos Dumont</bairro>
    <localidade>Maceió</localidade>
    <uf>AL</uf>
    <estado>Alagoas</estado>
    <região/>
    <ibge>2704302</ibge>
    <gia/>
    <ddd>82</ddd>
    <siafi>2785</siafi>
  </cep>
  <cep>
    <cep>57075-052</cep>
    <logradouro>2ª Rua Nova</logradouro>
    <complemento/>
    <unidade/>
    <bairro>Santos Dumont</bairro>
    <localidade>Maceió</localidade>
    <uf>AL</uf>
    <estado>Alagoas</estado>
    <região/>
    <ibge>2704302</ibge>
    <gia/>
    <ddd>82</ddd>
    <siafi>2785</siafi>
  </cep>
  <cep>
    <cep>57075-050</cep>
    <logradouro>Rua Professora Marluce</logradouro>
    <complemento/>
    <unidade/>
    <bairro>Santos Dumont</bairro>
    <localidade>Maceió</localidade>
    <uf>AL</uf>
    <estado>Alagoas</estado>
    <região/>
    <ibge>2704302</ibge>
    <gia/>
    <ddd>82</ddd>
    <siafi>2785</siafi>
  </cep>
  <cep>
    <cep>57075-315</cep>
    <logradouro>Rua São Sebastião</logradouro>
    <complemento/>
    <unidade/>
    <bairro>Santos Dumont</bairro>
    <localidade>Maceió</localidade>
    <uf>AL</uf>
    <estado>Alagoas</estado>
    <região/>
    <ibge>2704302</ibge>
    <gia/>
    <ddd>82</ddd>
    <siafi>2785</siafi>
  </cep>
  <cep>
    <cep>57075-055</cep>
    <logradouro>Rua Pedro Oliveira</logradouro>
    <complemento/>
    <unidade/>
    <bairro>Santos Dumont</bairro>
    <localidade>Maceió</localidade>
    <uf>AL</uf>
    <estado>Alagoas</estado>
    <região/>
    <ibge>2704302</ibge>
    <gia/>
    <ddd>82</ddd>
    <siafi>2785</siafi>
  </cep>
  <cep>
    <cep>57075-318</cep>
    <logradouro>Rua Raio de Luar</logradouro>
    <complemento/>
    <unidade/>
    <bairro>Santos Dumont</bairro>
    <localidade>Maceió</localidade>
    <uf>AL</uf>
    <estado>Alagoas</estado>
    <região/>
    <ibge>2704302</ibge>
    <gia/>
    <ddd>82</ddd>
    <siafi>2785</siafi>
  </cep>
  <cep>
    <cep>57075-093</cep>
    <logradouro>Rua Santo Antônio</logradouro>
    <complemento/>
    <unidade/>
    <bairro>Santos Dumont</bairro>
    <localidade>Maceió</localidade>
    <uf>AL</uf>
    <estado>Alagoas</estado>
    <região/>
    <ibge>2704302</ibge>
    <gia/>
    <ddd>82</ddd>
    <siafi>2785</siafi>
  </cep>
  <cep>
    <cep>57075-401</cep>
    <logradouro>Rua Vitória</logradouro>
    <complemento/>
    <unidade/>
    <bairro>Santos Dumont</bairro>
    <localidade>Maceió</localidade>
    <uf>AL</uf>
    <estado>Alagoas</estado>
    <região/>
    <ibge>2704302</ibge>
    <gia/>
    <ddd>82</ddd>
    <siafi>2785</siafi>
  </cep>
  <cep>
    <cep>57075-422</cep>
    <logradouro>Rua el Shadai</logradouro>
    <complemento/>
    <unidade/>
    <bairro>Santos Dumont</bairro>
    <localidade>Maceió</localidade>
    <uf>AL</uf>
    <estado>Alagoas</estado>
    <região/>
    <ibge>2704302</ibge>
    <gia/>
    <ddd>82</ddd>
    <siafi>2785</siafi>
  </cep>
  <cep>
    <cep>57075-412</cep>
    <logradouro>Rua São José</logradouro>
    <complemento/>
    <unidade/>
    <bairro>Santos Dumont</bairro>
    <localidade>Maceió</localidade>
    <uf>AL</uf>
    <estado>Alagoas</estado>
    <região/>
    <ibge>2704302</ibge>
    <gia/>
    <ddd>82</ddd>
    <siafi>2785</siafi>
  </cep>
  <cep>
    <cep>57075-160</cep>
    <logradouro>Avenida José Manhães</logradouro>
    <complemento>(início até Ceasa)</complemento>
    <unidade/>
    <bairro>Santos Dumont</bairro>
    <localidade>Maceió</localidade>
    <uf>AL</uf>
    <estado>Alagoas</estado>
    <região/>
    <ibge>2704302</ibge>
    <gia/>
    <ddd>82</ddd>
    <siafi>2785</siafi>
  </cep>
  <cep>
    <cep>57075-130</cep>
    <logradouro>Rua José Vanildo Barros</logradouro>
    <complemento/>
    <unidade/>
    <bairro>Santos Dumont</bairro>
    <localidade>Maceió</localidade>
    <uf>AL</uf>
    <estado>Alagoas</estado>
    <região/>
    <ibge>2704302</ibge>
    <gia/>
    <ddd>82</ddd>
    <siafi>2785</siafi>
  </cep>
  <cep>
    <cep>57075-240</cep>
    <logradouro>Condomínio Vila Madalena</logradouro>
    <complemento/>
    <unidade/>
    <bairro>Santos Dumont</bairro>
    <localidade>Maceió</localidade>
    <uf>AL</uf>
    <estado>Alagoas</estado>
    <região/>
    <ibge>2704302</ibge>
    <gia/>
    <ddd>82</ddd>
    <siafi>2785</siafi>
  </cep>
  <cep>
    <cep/>
    <logradouro/>
    <complemento/>
    <unidade/>
    <bairro/>
    <localidade/>
    <uf/>
    <estado/>
    <região/>
    <ibge/>
    <gia/>
    <ddd/>
    <siafi/>
  </cep>
  <cep>
    <cep>57075-091</cep>
    <logradouro>Loteamento Santa Sofia</logradouro>
    <complemento/>
    <unidade/>
    <bairro>Santos Dumont</bairro>
    <localidade>Maceió</localidade>
    <uf>AL</uf>
    <estado>Alagoas</estado>
    <região/>
    <ibge>2704302</ibge>
    <gia/>
    <ddd>82</ddd>
    <siafi>2785</siafi>
  </cep>
  <cep>
    <cep>57075-436</cep>
    <logradouro>Quadra I</logradouro>
    <complemento>(Cj Cidade Deus)</complemento>
    <unidade/>
    <bairro>Santos Dumont</bairro>
    <localidade>Maceió</localidade>
    <uf>AL</uf>
    <estado>Alagoas</estado>
    <região/>
    <ibge>2704302</ibge>
    <gia/>
    <ddd>82</ddd>
    <siafi>2785</siafi>
  </cep>
  <cep>
    <cep>57075-441</cep>
    <logradouro>Quadra A</logradouro>
    <complemento>(Lot Betel)</complemento>
    <unidade/>
    <bairro>Santos Dumont</bairro>
    <localidade>Maceió</localidade>
    <uf>AL</uf>
    <estado>Alagoas</estado>
    <região/>
    <ibge>2704302</ibge>
    <gia/>
    <ddd>82</ddd>
    <siafi>2785</siafi>
  </cep>
  <cep>
    <cep/>
    <logradouro/>
    <complemento/>
    <unidade/>
    <bairro/>
    <localidade/>
    <uf/>
    <estado/>
    <região/>
    <ibge/>
    <gia/>
    <ddd/>
    <siafi/>
  </cep>
  <cep>
    <cep>57075-200</cep>
    <logradouro>Condomínio Residencial Parque dos Palmares</logradouro>
    <complemento/>
    <unidade/>
    <bairro>Santos Dumont</bairro>
    <localidade>Maceió</localidade>
    <uf>AL</uf>
    <estado>Alagoas</estado>
    <região/>
    <ibge>2704302</ibge>
    <gia/>
    <ddd>82</ddd>
    <siafi>2785</siafi>
  </cep>
  <cep>
    <cep/>
    <logradouro/>
    <complemento/>
    <unidade/>
    <bairro/>
    <localidade/>
    <uf/>
    <estado/>
    <região/>
    <ibge/>
    <gia/>
    <ddd/>
    <siafi/>
  </cep>
  <cep>
    <cep>57075-440</cep>
    <logradouro>Avenida Professor Corintho da Paz</logradouro>
    <complemento/>
    <unidade/>
    <bairro>Santos Dumont</bairro>
    <localidade>Maceió</localidade>
    <uf>AL</uf>
    <estado>Alagoas</estado>
    <região/>
    <ibge>2704302</ibge>
    <gia/>
    <ddd>82</ddd>
    <siafi>2785</siafi>
  </cep>
  <cep>
    <cep>57075-416</cep>
    <logradouro>Rua Princesa Isabel</logradouro>
    <complemento/>
    <unidade/>
    <bairro>Santos Dumont</bairro>
    <localidade>Maceió</localidade>
    <uf>AL</uf>
    <estado>Alagoas</estado>
    <região/>
    <ibge>2704302</ibge>
    <gia/>
    <ddd>82</ddd>
    <siafi>2785</siafi>
  </cep>
  <cep>
    <cep>57075-054</cep>
    <logradouro>Travessa Professor Roldão de Siqueira Fontes</logradouro>
    <complemento/>
    <unidade/>
    <bairro>Santos Dumont</bairro>
    <localidade>Maceió</localidade>
    <uf>AL</uf>
    <estado>Alagoas</estado>
    <região/>
    <ibge>2704302</ibge>
    <gia/>
    <ddd>82</ddd>
    <siafi>2785</siafi>
  </cep>
  <cep>
    <cep>57075-414</cep>
    <logradouro>Rua São Lucas</logradouro>
    <complemento/>
    <unidade/>
    <bairro>Santos Dumont</bairro>
    <localidade>Maceió</localidade>
    <uf>AL</uf>
    <estado>Alagoas</estado>
    <região/>
    <ibge>2704302</ibge>
    <gia/>
    <ddd>82</ddd>
    <siafi>2785</siafi>
  </cep>
  <cep>
    <cep>57075-190</cep>
    <logradouro>Condomínio Theobaldo Barbosa</logradouro>
    <complemento/>
    <unidade/>
    <bairro>Santos Dumont</bairro>
    <localidade>Maceió</localidade>
    <uf>AL</uf>
    <estado>Alagoas</estado>
    <região/>
    <ibge>2704302</ibge>
    <gia/>
    <ddd>82</ddd>
    <siafi>2785</siafi>
  </cep>
  <cep>
    <cep>57075-442</cep>
    <logradouro>Quadra B</logradouro>
    <complemento>(Lot Betel)</complemento>
    <unidade/>
    <bairro>Santos Dumont</bairro>
    <localidade>Maceió</localidade>
    <uf>AL</uf>
    <estado>Alagoas</estado>
    <região/>
    <ibge>2704302</ibge>
    <gia/>
    <ddd>82</ddd>
    <siafi>2785</siafi>
  </cep>
  <cep>
    <cep>57075-453</cep>
    <logradouro>Rua C</logradouro>
    <complemento>(Lot Jd Planalto II)</complemento>
    <unidade/>
    <bairro>Santos Dumont</bairro>
    <localidade>Maceió</localidade>
    <uf>AL</uf>
    <estado>Alagoas</estado>
    <região/>
    <ibge>2704302</ibge>
    <gia/>
    <ddd>82</ddd>
    <siafi>2785</siafi>
  </cep>
  <cep>
    <cep>57075-409</cep>
    <logradouro>Rua Paraná</logradouro>
    <complemento/>
    <unidade/>
    <bairro>Santos Dumont</bairro>
    <localidade>Maceió</localidade>
    <uf>AL</uf>
    <estado>Alagoas</estado>
    <região/>
    <ibge>2704302</ibge>
    <gia/>
    <ddd>82</ddd>
    <siafi>2785</siafi>
  </cep>
  <cep>
    <cep>57075-170</cep>
    <logradouro>Rua B</logradouro>
    <complemento>(Cond Itapuã)</complemento>
    <unidade/>
    <bairro>Santos Dumont</bairro>
    <localidade>Maceió</localidade>
    <uf>AL</uf>
    <estado>Alagoas</estado>
    <região/>
    <ibge>2704302</ibge>
    <gia/>
    <ddd>82</ddd>
    <siafi>2785</siafi>
  </cep>
  <cep>
    <cep>57075-456</cep>
    <logradouro>Quadra F</logradouro>
    <complemento>(Cj Jd Planalto II)</complemento>
    <unidade/>
    <bairro>Santos Dumont</bairro>
    <localidade>Maceió</localidade>
    <uf>AL</uf>
    <estado>Alagoas</estado>
    <região/>
    <ibge>2704302</ibge>
    <gia/>
    <ddd>82</ddd>
    <siafi>2785</siafi>
  </cep>
  <cep>
    <cep>57075-483</cep>
    <logradouro>Travessa Inailda Félix de Oliveira Santos</logradouro>
    <complemento/>
    <unidade/>
    <bairro>Santos Dumont</bairro>
    <localidade>Maceió</localidade>
    <uf>AL</uf>
    <estado>Alagoas</estado>
    <região/>
    <ibge>2704302</ibge>
    <gia/>
    <ddd>82</ddd>
    <siafi>2785</siafi>
  </cep>
  <cep>
    <cep>57075-088</cep>
    <logradouro>Loteamento Marissol</logradouro>
    <complemento/>
    <unidade/>
    <bairro>Santos Dumont</bairro>
    <localidade>Maceió</localidade>
    <uf>AL</uf>
    <estado>Alagoas</estado>
    <região/>
    <ibge>2704302</ibge>
    <gia/>
    <ddd>82</ddd>
    <siafi>2785</siafi>
  </cep>
  <cep>
    <cep>57075-470</cep>
    <logradouro>Rua Santa Isabel</logradouro>
    <complemento/>
    <unidade/>
    <bairro>Santos Dumont</bairro>
    <localidade>Maceió</localidade>
    <uf>AL</uf>
    <estado>Alagoas</estado>
    <região/>
    <ibge>2704302</ibge>
    <gia/>
    <ddd>82</ddd>
    <siafi>2785</siafi>
  </cep>
  <cep>
    <cep>57075-487</cep>
    <logradouro>Rua João Hilário</logradouro>
    <complemento/>
    <unidade/>
    <bairro>Santos Dumont</bairro>
    <localidade>Maceió</localidade>
    <uf>AL</uf>
    <estado>Alagoas</estado>
    <região/>
    <ibge>2704302</ibge>
    <gia/>
    <ddd>82</ddd>
    <siafi>2785</siafi>
  </cep>
  <cep>
    <cep>57075-089</cep>
    <logradouro>Condomínio São Mateus</logradouro>
    <complemento/>
    <unidade/>
    <bairro>Santos Dumont</bairro>
    <localidade>Maceió</localidade>
    <uf>AL</uf>
    <estado>Alagoas</estado>
    <região/>
    <ibge>2704302</ibge>
    <gia/>
    <ddd>82</ddd>
    <siafi>2785</siafi>
  </cep>
  <cep>
    <cep>57075-295</cep>
    <logradouro>Rua Paz Brasileira</logradouro>
    <complemento/>
    <unidade/>
    <bairro>Santos Dumont</bairro>
    <localidade>Maceió</localidade>
    <uf>AL</uf>
    <estado>Alagoas</estado>
    <região/>
    <ibge>2704302</ibge>
    <gia/>
    <ddd>82</ddd>
    <siafi>2785</siafi>
  </cep>
  <cep>
    <cep>57075-290</cep>
    <logradouro>Avenida Deputado Serzedelo de Barros Correia</logradouro>
    <complemento/>
    <unidade/>
    <bairro>Santos Dumont</bairro>
    <localidade>Maceió</localidade>
    <uf>AL</uf>
    <estado>Alagoas</estado>
    <região/>
    <ibge>2704302</ibge>
    <gia/>
    <ddd>82</ddd>
    <siafi>2785</siafi>
  </cep>
  <cep>
    <cep>57075-495</cep>
    <logradouro>Rua Moacir de Alencar</logradouro>
    <complemento/>
    <unidade/>
    <bairro>Santos Dumont</bairro>
    <localidade>Maceió</localidade>
    <uf>AL</uf>
    <estado>Alagoas</estado>
    <região/>
    <ibge>2704302</ibge>
    <gia/>
    <ddd>82</ddd>
    <siafi>2785</siafi>
  </cep>
  <cep>
    <cep>57075-444</cep>
    <logradouro>Quadra D</logradouro>
    <complemento>(Lot Betel)</complemento>
    <unidade/>
    <bairro>Santos Dumont</bairro>
    <localidade>Maceió</localidade>
    <uf>AL</uf>
    <estado>Alagoas</estado>
    <região/>
    <ibge>2704302</ibge>
    <gia/>
    <ddd>82</ddd>
    <siafi>2785</siafi>
  </cep>
  <cep>
    <cep>57075-317</cep>
    <logradouro>2ª Travessa Benedito Batista Filho</logradouro>
    <complemento/>
    <unidade/>
    <bairro>Santos Dumont</bairro>
    <localidade>Maceió</localidade>
    <uf>AL</uf>
    <estado>Alagoas</estado>
    <região/>
    <ibge>2704302</ibge>
    <gia/>
    <ddd>82</ddd>
    <siafi>2785</siafi>
  </cep>
  <cep>
    <cep>57075-405</cep>
    <logradouro>Rua Imperatriz</logradouro>
    <complemento/>
    <unidade/>
    <bairro>Santos Dumont</bairro>
    <localidade>Maceió</localidade>
    <uf>AL</uf>
    <estado>Alagoas</estado>
    <região/>
    <ibge>2704302</ibge>
    <gia/>
    <ddd>82</ddd>
    <siafi>2785</siafi>
  </cep>
  <cep>
    <cep>57075-452</cep>
    <logradouro>Rua B</logradouro>
    <complemento>(Lot Jd Planalto II)</complemento>
    <unidade/>
    <bairro>Santos Dumont</bairro>
    <localidade>Maceió</localidade>
    <uf>AL</uf>
    <estado>Alagoas</estado>
    <região/>
    <ibge>2704302</ibge>
    <gia/>
    <ddd>82</ddd>
    <siafi>2785</siafi>
  </cep>
  <cep>
    <cep>57075-445</cep>
    <logradouro>Quadra E</logradouro>
    <complemento>(Lot Betel)</complemento>
    <unidade/>
    <bairro>Santos Dumont</bairro>
    <localidade>Maceió</localidade>
    <uf>AL</uf>
    <estado>Alagoas</estado>
    <região/>
    <ibge>2704302</ibge>
    <gia/>
    <ddd>82</ddd>
    <siafi>2785</siafi>
  </cep>
  <cep>
    <cep>57075-060</cep>
    <logradouro>Loteamento Novo Horizonte</logradouro>
    <complemento/>
    <unidade/>
    <bairro>Santos Dumont</bairro>
    <localidade>Maceió</localidade>
    <uf>AL</uf>
    <estado>Alagoas</estado>
    <região/>
    <ibge>2704302</ibge>
    <gia/>
    <ddd>82</ddd>
    <siafi>2785</siafi>
  </cep>
  <cep>
    <cep>57075-449</cep>
    <logradouro>3ª Travessa Corintho Campelo da Paz</logradouro>
    <complemento/>
    <unidade/>
    <bairro>Santos Dumont</bairro>
    <localidade>Maceió</localidade>
    <uf>AL</uf>
    <estado>Alagoas</estado>
    <região/>
    <ibge>2704302</ibge>
    <gia/>
    <ddd>82</ddd>
    <siafi>2785</siafi>
  </cep>
  <cep>
    <cep>57075-110</cep>
    <logradouro>Rua Jaqueline Angel Severo</logradouro>
    <complemento/>
    <unidade/>
    <bairro>Santos Dumont</bairro>
    <localidade>Maceió</localidade>
    <uf>AL</uf>
    <estado>Alagoas</estado>
    <região/>
    <ibge>2704302</ibge>
    <gia/>
    <ddd>82</ddd>
    <siafi>2785</siafi>
  </cep>
  <cep>
    <cep>57075-446</cep>
    <logradouro>Quadra F</logradouro>
    <complemento>(Lot Betel)</complemento>
    <unidade/>
    <bairro>Santos Dumont</bairro>
    <localidade>Maceió</localidade>
    <uf>AL</uf>
    <estado>Alagoas</estado>
    <região/>
    <ibge>2704302</ibge>
    <gia/>
    <ddd>82</ddd>
    <siafi>2785</siafi>
  </cep>
  <cep>
    <cep>57075-454</cep>
    <logradouro>Rua D</logradouro>
    <complemento>(Lot Jd Planalto II)</complemento>
    <unidade/>
    <bairro>Santos Dumont</bairro>
    <localidade>Maceió</localidade>
    <uf>AL</uf>
    <estado>Alagoas</estado>
    <região/>
    <ibge>2704302</ibge>
    <gia/>
    <ddd>82</ddd>
    <siafi>2785</siafi>
  </cep>
  <cep>
    <cep/>
    <logradouro/>
    <complemento/>
    <unidade/>
    <bairro/>
    <localidade/>
    <uf/>
    <estado/>
    <região/>
    <ibge/>
    <gia/>
    <ddd/>
    <siafi/>
  </cep>
  <cep>
    <cep/>
    <logradouro/>
    <complemento/>
    <unidade/>
    <bairro/>
    <localidade/>
    <uf/>
    <estado/>
    <região/>
    <ibge/>
    <gia/>
    <ddd/>
    <siafi/>
  </cep>
  <cep>
    <cep/>
    <logradouro/>
    <complemento/>
    <unidade/>
    <bairro/>
    <localidade/>
    <uf/>
    <estado/>
    <região/>
    <ibge/>
    <gia/>
    <ddd/>
    <siafi/>
  </cep>
  <cep>
    <cep>57075-292</cep>
    <logradouro>Vila São Francisco</logradouro>
    <complemento/>
    <unidade/>
    <bairro>Santos Dumont</bairro>
    <localidade>Maceió</localidade>
    <uf>AL</uf>
    <estado>Alagoas</estado>
    <região/>
    <ibge>2704302</ibge>
    <gia/>
    <ddd>82</ddd>
    <siafi>2785</siafi>
  </cep>
  <cep>
    <cep/>
    <logradouro/>
    <complemento/>
    <unidade/>
    <bairro/>
    <localidade/>
    <uf/>
    <estado/>
    <região/>
    <ibge/>
    <gia/>
    <ddd/>
    <siafi/>
  </cep>
  <cep>
    <cep>57075-427</cep>
    <logradouro>Rua Santa Luzia</logradouro>
    <complemento/>
    <unidade/>
    <bairro>Santos Dumont</bairro>
    <localidade>Maceió</localidade>
    <uf>AL</uf>
    <estado>Alagoas</estado>
    <região/>
    <ibge>2704302</ibge>
    <gia/>
    <ddd>82</ddd>
    <siafi>2785</siafi>
  </cep>
  <cep>
    <cep>57075-051</cep>
    <logradouro>Rua Monte Alegre</logradouro>
    <complemento/>
    <unidade/>
    <bairro>Santos Dumont</bairro>
    <localidade>Maceió</localidade>
    <uf>AL</uf>
    <estado>Alagoas</estado>
    <região/>
    <ibge>2704302</ibge>
    <gia/>
    <ddd>82</ddd>
    <siafi>2785</siafi>
  </cep>
  <cep>
    <cep>57075-053</cep>
    <logradouro>Rua Padre Odilon Francisco</logradouro>
    <complemento/>
    <unidade/>
    <bairro>Santos Dumont</bairro>
    <localidade>Maceió</localidade>
    <uf>AL</uf>
    <estado>Alagoas</estado>
    <região/>
    <ibge>2704302</ibge>
    <gia/>
    <ddd>82</ddd>
    <siafi>2785</siafi>
  </cep>
  <cep>
    <cep>57075-451</cep>
    <logradouro>Rua A</logradouro>
    <complemento>(Lot Jd Planalto II)</complemento>
    <unidade/>
    <bairro>Santos Dumont</bairro>
    <localidade>Maceió</localidade>
    <uf>AL</uf>
    <estado>Alagoas</estado>
    <região/>
    <ibge>2704302</ibge>
    <gia/>
    <ddd>82</ddd>
    <siafi>2785</siafi>
  </cep>
  <cep>
    <cep>57075-191</cep>
    <logradouro>Vila São Francisco 2</logradouro>
    <complemento/>
    <unidade/>
    <bairro>Santos Dumont</bairro>
    <localidade>Maceió</localidade>
    <uf>AL</uf>
    <estado>Alagoas</estado>
    <região/>
    <ibge>2704302</ibge>
    <gia/>
    <ddd>82</ddd>
    <siafi>2785</siafi>
  </cep>
  <cep>
    <cep>57075-285</cep>
    <logradouro>Rua Antônio Pimentel Santos</logradouro>
    <complemento>(Cj Jardim Planalto)</complemento>
    <unidade/>
    <bairro>Santos Dumont</bairro>
    <localidade>Maceió</localidade>
    <uf>AL</uf>
    <estado>Alagoas</estado>
    <região/>
    <ibge>2704302</ibge>
    <gia/>
    <ddd>82</ddd>
    <siafi>2785</siafi>
  </cep>
  <cep>
    <cep>57075-443</cep>
    <logradouro>Quadra C</logradouro>
    <complemento>(Lot Betel)</complemento>
    <unidade/>
    <bairro>Santos Dumont</bairro>
    <localidade>Maceió</localidade>
    <uf>AL</uf>
    <estado>Alagoas</estado>
    <região/>
    <ibge>2704302</ibge>
    <gia/>
    <ddd>82</ddd>
    <siafi>2785</siafi>
  </cep>
  <cep>
    <cep>57075-448</cep>
    <logradouro>2ª Travessa Corintho Campelo da Paz</logradouro>
    <complemento/>
    <unidade/>
    <bairro>Santos Dumont</bairro>
    <localidade>Maceió</localidade>
    <uf>AL</uf>
    <estado>Alagoas</estado>
    <região/>
    <ibge>2704302</ibge>
    <gia/>
    <ddd>82</ddd>
    <siafi>2785</siafi>
  </cep>
  <cep>
    <cep>57075-460</cep>
    <logradouro>Rua Aníbal Cavalcante Plácido</logradouro>
    <complemento/>
    <unidade/>
    <bairro>Santos Dumont</bairro>
    <localidade>Maceió</localidade>
    <uf>AL</uf>
    <estado>Alagoas</estado>
    <região/>
    <ibge>2704302</ibge>
    <gia/>
    <ddd>82</ddd>
    <siafi>2785</siafi>
  </cep>
  <cep>
    <cep>57075-171</cep>
    <logradouro>Travessa Monitor Valter Gomes</logradouro>
    <complemento>(Cond Itapuã-A)</complemento>
    <unidade/>
    <bairro>Santos Dumont</bairro>
    <localidade>Maceió</localidade>
    <uf>AL</uf>
    <estado>Alagoas</estado>
    <região/>
    <ibge>2704302</ibge>
    <gia/>
    <ddd>82</ddd>
    <siafi>2785</siafi>
  </cep>
  <cep>
    <cep>57075-425</cep>
    <logradouro>Rua Idilane</logradouro>
    <complemento/>
    <unidade/>
    <bairro>Santos Dumont</bairro>
    <localidade>Maceió</localidade>
    <uf>AL</uf>
    <estado>Alagoas</estado>
    <região/>
    <ibge>2704302</ibge>
    <gia/>
    <ddd>82</ddd>
    <siafi>2785</siafi>
  </cep>
  <cep>
    <cep>57075-447</cep>
    <logradouro>1ª Travessa Corintho Campelo da Paz</logradouro>
    <complemento/>
    <unidade/>
    <bairro>Santos Dumont</bairro>
    <localidade>Maceió</localidade>
    <uf>AL</uf>
    <estado>Alagoas</estado>
    <região/>
    <ibge>2704302</ibge>
    <gia/>
    <ddd>82</ddd>
    <siafi>2785</siafi>
  </cep>
  <cep>
    <cep>57075-492</cep>
    <logradouro>Rua D</logradouro>
    <complemento>(Cj Gentil Malta)</complemento>
    <unidade/>
    <bairro>Santos Dumont</bairro>
    <localidade>Maceió</localidade>
    <uf>AL</uf>
    <estado>Alagoas</estado>
    <região/>
    <ibge>2704302</ibge>
    <gia/>
    <ddd>82</ddd>
    <siafi>2785</siafi>
  </cep>
  <cep>
    <cep>57075-455</cep>
    <logradouro>Quadra E</logradouro>
    <complemento>(Cj Jd Planalto II)</complemento>
    <unidade/>
    <bairro>Santos Dumont</bairro>
    <localidade>Maceió</localidade>
    <uf>AL</uf>
    <estado>Alagoas</estado>
    <região/>
    <ibge>2704302</ibge>
    <gia/>
    <ddd>82</ddd>
    <siafi>2785</siafi>
  </cep>
  <cep>
    <cep>57075-174</cep>
    <logradouro>Rua A</logradouro>
    <complemento>(Cj Sta Rita)</complemento>
    <unidade/>
    <bairro>Santos Dumont</bairro>
    <localidade>Maceió</localidade>
    <uf>AL</uf>
    <estado>Alagoas</estado>
    <região/>
    <ibge>2704302</ibge>
    <gia/>
    <ddd>82</ddd>
    <siafi>2785</siafi>
  </cep>
  <cep>
    <cep>57075-485</cep>
    <logradouro>Rua Jordão</logradouro>
    <complemento/>
    <unidade/>
    <bairro>Santos Dumont</bairro>
    <localidade>Maceió</localidade>
    <uf>AL</uf>
    <estado>Alagoas</estado>
    <região/>
    <ibge>2704302</ibge>
    <gia/>
    <ddd>82</ddd>
    <siafi>2785</siafi>
  </cep>
  <cep>
    <cep>57075-435</cep>
    <logradouro>Rua Doutora Adla Franciele</logradouro>
    <complemento>(Qd H Cj Cidade Deus)</complemento>
    <unidade/>
    <bairro>Santos Dumont</bairro>
    <localidade>Maceió</localidade>
    <uf>AL</uf>
    <estado>Alagoas</estado>
    <região/>
    <ibge>2704302</ibge>
    <gia/>
    <ddd>82</ddd>
    <siafi>2785</siafi>
  </cep>
  <cep>
    <cep/>
    <logradouro/>
    <complemento/>
    <unidade/>
    <bairro/>
    <localidade/>
    <uf/>
    <estado/>
    <região/>
    <ibge/>
    <gia/>
    <ddd/>
    <siafi/>
  </cep>
  <cep>
    <cep>57075-506</cep>
    <logradouro>Rua A</logradouro>
    <complemento>(Cj Gentil Malta)</complemento>
    <unidade/>
    <bairro>Santos Dumont</bairro>
    <localidade>Maceió</localidade>
    <uf>AL</uf>
    <estado>Alagoas</estado>
    <região/>
    <ibge>2704302</ibge>
    <gia/>
    <ddd>82</ddd>
    <siafi>2785</siafi>
  </cep>
  <cep>
    <cep>57075-510</cep>
    <logradouro>2ª Rua Santa Maria</logradouro>
    <complemento/>
    <unidade/>
    <bairro>Santos Dumont</bairro>
    <localidade>Maceió</localidade>
    <uf>AL</uf>
    <estado>Alagoas</estado>
    <região/>
    <ibge>2704302</ibge>
    <gia/>
    <ddd>82</ddd>
    <siafi>2785</siafi>
  </cep>
  <cep>
    <cep>57075-502</cep>
    <logradouro>Rua C</logradouro>
    <complemento>(Cj Gentil Malta)</complemento>
    <unidade/>
    <bairro>Santos Dumont</bairro>
    <localidade>Maceió</localidade>
    <uf>AL</uf>
    <estado>Alagoas</estado>
    <região/>
    <ibge>2704302</ibge>
    <gia/>
    <ddd>82</ddd>
    <siafi>2785</siafi>
  </cep>
  <cep>
    <cep>57075-497</cep>
    <logradouro>3ª Rua Santa Maria</logradouro>
    <complemento/>
    <unidade/>
    <bairro>Santos Dumont</bairro>
    <localidade>Maceió</localidade>
    <uf>AL</uf>
    <estado>Alagoas</estado>
    <região/>
    <ibge>2704302</ibge>
    <gia/>
    <ddd>82</ddd>
    <siafi>2785</siafi>
  </cep>
  <cep>
    <cep>57075-260</cep>
    <logradouro>Avenida Rosalvo Borges da Silva</logradouro>
    <complemento/>
    <unidade/>
    <bairro>Santos Dumont</bairro>
    <localidade>Maceió</localidade>
    <uf>AL</uf>
    <estado>Alagoas</estado>
    <região/>
    <ibge>2704302</ibge>
    <gia/>
    <ddd>82</ddd>
    <siafi>2785</siafi>
  </cep>
  <cep>
    <cep>57075-617</cep>
    <logradouro>Rua Ismael</logradouro>
    <complemento/>
    <unidade/>
    <bairro>Santos Dumont</bairro>
    <localidade>Maceió</localidade>
    <uf>AL</uf>
    <estado>Alagoas</estado>
    <região/>
    <ibge>2704302</ibge>
    <gia/>
    <ddd>82</ddd>
    <siafi>2785</siafi>
  </cep>
  <cep>
    <cep>57075-515</cep>
    <logradouro>Rua Pedro Álvares Cabral</logradouro>
    <complemento/>
    <unidade/>
    <bairro>Santos Dumont</bairro>
    <localidade>Maceió</localidade>
    <uf>AL</uf>
    <estado>Alagoas</estado>
    <região/>
    <ibge>2704302</ibge>
    <gia/>
    <ddd>82</ddd>
    <siafi>2785</siafi>
  </cep>
  <cep>
    <cep>57075-572</cep>
    <logradouro>Rua Salem</logradouro>
    <complemento/>
    <unidade/>
    <bairro>Santos Dumont</bairro>
    <localidade>Maceió</localidade>
    <uf>AL</uf>
    <estado>Alagoas</estado>
    <região/>
    <ibge>2704302</ibge>
    <gia/>
    <ddd>82</ddd>
    <siafi>2785</siafi>
  </cep>
  <cep>
    <cep>57075-550</cep>
    <logradouro>Avenida Eduardo Tadeu Lopes da Silva</logradouro>
    <complemento/>
    <unidade/>
    <bairro>Santos Dumont</bairro>
    <localidade>Maceió</localidade>
    <uf>AL</uf>
    <estado>Alagoas</estado>
    <região/>
    <ibge>2704302</ibge>
    <gia/>
    <ddd>82</ddd>
    <siafi>2785</siafi>
  </cep>
  <cep>
    <cep>57075-675</cep>
    <logradouro>Rua Santa Maria I</logradouro>
    <complemento/>
    <unidade/>
    <bairro>Santos Dumont</bairro>
    <localidade>Maceió</localidade>
    <uf>AL</uf>
    <estado>Alagoas</estado>
    <região/>
    <ibge>2704302</ibge>
    <gia/>
    <ddd>82</ddd>
    <siafi>2785</siafi>
  </cep>
  <cep>
    <cep>57075-545</cep>
    <logradouro>Travessa Benedito Batista Filho</logradouro>
    <complemento/>
    <unidade/>
    <bairro>Santos Dumont</bairro>
    <localidade>Maceió</localidade>
    <uf>AL</uf>
    <estado>Alagoas</estado>
    <região/>
    <ibge>2704302</ibge>
    <gia/>
    <ddd>82</ddd>
    <siafi>2785</siafi>
  </cep>
  <cep>
    <cep>57075-578</cep>
    <logradouro>Travessa Melquizedeque</logradouro>
    <complemento/>
    <unidade/>
    <bairro>Santos Dumont</bairro>
    <localidade>Maceió</localidade>
    <uf>AL</uf>
    <estado>Alagoas</estado>
    <região/>
    <ibge>2704302</ibge>
    <gia/>
    <ddd>82</ddd>
    <siafi>2785</siafi>
  </cep>
  <cep>
    <cep>57075-670</cep>
    <logradouro>Rua São Francisco</logradouro>
    <complemento/>
    <unidade/>
    <bairro>Santos Dumont</bairro>
    <localidade>Maceió</localidade>
    <uf>AL</uf>
    <estado>Alagoas</estado>
    <região/>
    <ibge>2704302</ibge>
    <gia/>
    <ddd>82</ddd>
    <siafi>2785</siafi>
  </cep>
  <cep>
    <cep>57075-677</cep>
    <logradouro>Travessa Brisa</logradouro>
    <complemento/>
    <unidade/>
    <bairro>Santos Dumont</bairro>
    <localidade>Maceió</localidade>
    <uf>AL</uf>
    <estado>Alagoas</estado>
    <região/>
    <ibge>2704302</ibge>
    <gia/>
    <ddd>82</ddd>
    <siafi>2785</siafi>
  </cep>
  <cep>
    <cep>57075-680</cep>
    <logradouro>Avenida Doutor Duda Calado</logradouro>
    <complemento/>
    <unidade/>
    <bairro>Santos Dumont</bairro>
    <localidade>Maceió</localidade>
    <uf>AL</uf>
    <estado>Alagoas</estado>
    <região/>
    <ibge>2704302</ibge>
    <gia/>
    <ddd>82</ddd>
    <siafi>2785</siafi>
  </cep>
  <cep>
    <cep>57075-710</cep>
    <logradouro>Rua José Félix de Almeida</logradouro>
    <complemento/>
    <unidade/>
    <bairro>Santos Dumont</bairro>
    <localidade>Maceió</localidade>
    <uf>AL</uf>
    <estado>Alagoas</estado>
    <região/>
    <ibge>2704302</ibge>
    <gia/>
    <ddd>82</ddd>
    <siafi>2785</siafi>
  </cep>
  <cep>
    <cep>57075-705</cep>
    <logradouro>Rua Lagedo Silva</logradouro>
    <complemento/>
    <unidade/>
    <bairro>Santos Dumont</bairro>
    <localidade>Maceió</localidade>
    <uf>AL</uf>
    <estado>Alagoas</estado>
    <região/>
    <ibge>2704302</ibge>
    <gia/>
    <ddd>82</ddd>
    <siafi>2785</siafi>
  </cep>
  <cep>
    <cep>57075-735</cep>
    <logradouro>Rua Nova</logradouro>
    <complemento/>
    <unidade/>
    <bairro>Santos Dumont</bairro>
    <localidade>Maceió</localidade>
    <uf>AL</uf>
    <estado>Alagoas</estado>
    <região/>
    <ibge>2704302</ibge>
    <gia/>
    <ddd>82</ddd>
    <siafi>2785</siafi>
  </cep>
  <cep>
    <cep>57075-595</cep>
    <logradouro>Rua José Tenório</logradouro>
    <complemento/>
    <unidade/>
    <bairro>Santos Dumont</bairro>
    <localidade>Maceió</localidade>
    <uf>AL</uf>
    <estado>Alagoas</estado>
    <região/>
    <ibge>2704302</ibge>
    <gia/>
    <ddd>82</ddd>
    <siafi>2785</siafi>
  </cep>
  <cep>
    <cep>57075-762</cep>
    <logradouro>Rua Arsênio Targino</logradouro>
    <complemento/>
    <unidade/>
    <bairro>Santos Dumont</bairro>
    <localidade>Maceió</localidade>
    <uf>AL</uf>
    <estado>Alagoas</estado>
    <região/>
    <ibge>2704302</ibge>
    <gia/>
    <ddd>82</ddd>
    <siafi>2785</siafi>
  </cep>
  <cep>
    <cep>57075-720</cep>
    <logradouro>Rua Professora Onélia Campelo Paz</logradouro>
    <complemento/>
    <unidade/>
    <bairro>Santos Dumont</bairro>
    <localidade>Maceió</localidade>
    <uf>AL</uf>
    <estado>Alagoas</estado>
    <região/>
    <ibge>2704302</ibge>
    <gia/>
    <ddd>82</ddd>
    <siafi>2785</siafi>
  </cep>
  <cep>
    <cep>57075-690</cep>
    <logradouro>Rua Izabela Clarindo</logradouro>
    <complemento/>
    <unidade/>
    <bairro>Santos Dumont</bairro>
    <localidade>Maceió</localidade>
    <uf>AL</uf>
    <estado>Alagoas</estado>
    <região/>
    <ibge>2704302</ibge>
    <gia/>
    <ddd>82</ddd>
    <siafi>2785</siafi>
  </cep>
  <cep>
    <cep>57075-729</cep>
    <logradouro>Rua Dona Severina</logradouro>
    <complemento/>
    <unidade/>
    <bairro>Santos Dumont</bairro>
    <localidade>Maceió</localidade>
    <uf>AL</uf>
    <estado>Alagoas</estado>
    <região/>
    <ibge>2704302</ibge>
    <gia/>
    <ddd>82</ddd>
    <siafi>2785</siafi>
  </cep>
  <cep>
    <cep>57075-695</cep>
    <logradouro>Rua da Paz</logradouro>
    <complemento/>
    <unidade/>
    <bairro>Santos Dumont</bairro>
    <localidade>Maceió</localidade>
    <uf>AL</uf>
    <estado>Alagoas</estado>
    <região/>
    <ibge>2704302</ibge>
    <gia/>
    <ddd>82</ddd>
    <siafi>2785</siafi>
  </cep>
  <cep>
    <cep>57075-682</cep>
    <logradouro>Rua Belo Horizonte</logradouro>
    <complemento/>
    <unidade/>
    <bairro>Santos Dumont</bairro>
    <localidade>Maceió</localidade>
    <uf>AL</uf>
    <estado>Alagoas</estado>
    <região/>
    <ibge>2704302</ibge>
    <gia/>
    <ddd>82</ddd>
    <siafi>2785</siafi>
  </cep>
  <cep>
    <cep>57075-645</cep>
    <logradouro>Travessa Santos Dumont</logradouro>
    <complemento/>
    <unidade/>
    <bairro>Santos Dumont</bairro>
    <localidade>Maceió</localidade>
    <uf>AL</uf>
    <estado>Alagoas</estado>
    <região/>
    <ibge>2704302</ibge>
    <gia/>
    <ddd>82</ddd>
    <siafi>2785</siafi>
  </cep>
  <cep>
    <cep>57075-632</cep>
    <logradouro>Rua Santana</logradouro>
    <complemento/>
    <unidade/>
    <bairro>Santos Dumont</bairro>
    <localidade>Maceió</localidade>
    <uf>AL</uf>
    <estado>Alagoas</estado>
    <região/>
    <ibge>2704302</ibge>
    <gia/>
    <ddd>82</ddd>
    <siafi>2785</siafi>
  </cep>
  <cep>
    <cep>57075-530</cep>
    <logradouro>Avenida Carnavalesco José Teófanes</logradouro>
    <complemento/>
    <unidade/>
    <bairro>Santos Dumont</bairro>
    <localidade>Maceió</localidade>
    <uf>AL</uf>
    <estado>Alagoas</estado>
    <região/>
    <ibge>2704302</ibge>
    <gia/>
    <ddd>82</ddd>
    <siafi>2785</siafi>
  </cep>
  <cep>
    <cep>57075-615</cep>
    <logradouro>Rua Elinelson de Oliveira Santos</logradouro>
    <complemento/>
    <unidade/>
    <bairro>Santos Dumont</bairro>
    <localidade>Maceió</localidade>
    <uf>AL</uf>
    <estado>Alagoas</estado>
    <região/>
    <ibge>2704302</ibge>
    <gia/>
    <ddd>82</ddd>
    <siafi>2785</siafi>
  </cep>
  <cep>
    <cep>57075-620</cep>
    <logradouro>Rua São Domingos</logradouro>
    <complemento/>
    <unidade/>
    <bairro>Santos Dumont</bairro>
    <localidade>Maceió</localidade>
    <uf>AL</uf>
    <estado>Alagoas</estado>
    <região/>
    <ibge>2704302</ibge>
    <gia/>
    <ddd>82</ddd>
    <siafi>2785</siafi>
  </cep>
  <cep>
    <cep>57075-565</cep>
    <logradouro>Rua Nossa Senhora Aparecida</logradouro>
    <complemento/>
    <unidade/>
    <bairro>Santos Dumont</bairro>
    <localidade>Maceió</localidade>
    <uf>AL</uf>
    <estado>Alagoas</estado>
    <região/>
    <ibge>2704302</ibge>
    <gia/>
    <ddd>82</ddd>
    <siafi>2785</siafi>
  </cep>
  <cep>
    <cep>57075-612</cep>
    <logradouro>Travessa Bom Jesus</logradouro>
    <complemento/>
    <unidade/>
    <bairro>Santos Dumont</bairro>
    <localidade>Maceió</localidade>
    <uf>AL</uf>
    <estado>Alagoas</estado>
    <região/>
    <ibge>2704302</ibge>
    <gia/>
    <ddd>82</ddd>
    <siafi>2785</siafi>
  </cep>
  <cep>
    <cep>57075-610</cep>
    <logradouro>Rua Doutor Raul</logradouro>
    <complemento/>
    <unidade/>
    <bairro>Santos Dumont</bairro>
    <localidade>Maceió</localidade>
    <uf>AL</uf>
    <estado>Alagoas</estado>
    <região/>
    <ibge>2704302</ibge>
    <gia/>
    <ddd>82</ddd>
    <siafi>2785</siafi>
  </cep>
  <cep>
    <cep>57075-651</cep>
    <logradouro>Travessa Corte Real</logradouro>
    <complemento/>
    <unidade/>
    <bairro>Santos Dumont</bairro>
    <localidade>Maceió</localidade>
    <uf>AL</uf>
    <estado>Alagoas</estado>
    <região/>
    <ibge>2704302</ibge>
    <gia/>
    <ddd>82</ddd>
    <siafi>2785</siafi>
  </cep>
  <cep>
    <cep>57075-580</cep>
    <logradouro>Rua Supervisor Carlos Henrique Lins</logradouro>
    <complemento/>
    <unidade/>
    <bairro>Santos Dumont</bairro>
    <localidade>Maceió</localidade>
    <uf>AL</uf>
    <estado>Alagoas</estado>
    <região/>
    <ibge>2704302</ibge>
    <gia/>
    <ddd>82</ddd>
    <siafi>2785</siafi>
  </cep>
  <cep>
    <cep>57075-568</cep>
    <logradouro>4ª Travessa Tancredo Neves</logradouro>
    <complemento/>
    <unidade/>
    <bairro>Santos Dumont</bairro>
    <localidade>Maceió</localidade>
    <uf>AL</uf>
    <estado>Alagoas</estado>
    <região/>
    <ibge>2704302</ibge>
    <gia/>
    <ddd>82</ddd>
    <siafi>2785</siafi>
  </cep>
  <cep>
    <cep>57075-570</cep>
    <logradouro>Rua Boa Esperança</logradouro>
    <complemento/>
    <unidade/>
    <bairro>Santos Dumont</bairro>
    <localidade>Maceió</localidade>
    <uf>AL</uf>
    <estado>Alagoas</estado>
    <região/>
    <ibge>2704302</ibge>
    <gia/>
    <ddd>82</ddd>
    <siafi>2785</siafi>
  </cep>
  <cep>
    <cep>57075-635</cep>
    <logradouro>Travessa Elizeu Gomes de Sena</logradouro>
    <complemento/>
    <unidade/>
    <bairro>Santos Dumont</bairro>
    <localidade>Maceió</localidade>
    <uf>AL</uf>
    <estado>Alagoas</estado>
    <região/>
    <ibge>2704302</ibge>
    <gia/>
    <ddd>82</ddd>
    <siafi>2785</siafi>
  </cep>
  <cep>
    <cep>57075-585</cep>
    <logradouro>Rua Supervisor Ivaldo Ferino</logradouro>
    <complemento/>
    <unidade/>
    <bairro>Santos Dumont</bairro>
    <localidade>Maceió</localidade>
    <uf>AL</uf>
    <estado>Alagoas</estado>
    <região/>
    <ibge>2704302</ibge>
    <gia/>
    <ddd>82</ddd>
    <siafi>2785</siafi>
  </cep>
  <cep>
    <cep>57075-558</cep>
    <logradouro>3ª Travessa Tancredo Neves</logradouro>
    <complemento/>
    <unidade/>
    <bairro>Santos Dumont</bairro>
    <localidade>Maceió</localidade>
    <uf>AL</uf>
    <estado>Alagoas</estado>
    <região/>
    <ibge>2704302</ibge>
    <gia/>
    <ddd>82</ddd>
    <siafi>2785</siafi>
  </cep>
  <cep>
    <cep>57075-535</cep>
    <logradouro>Rua Antônio Brito</logradouro>
    <complemento/>
    <unidade/>
    <bairro>Santos Dumont</bairro>
    <localidade>Maceió</localidade>
    <uf>AL</uf>
    <estado>Alagoas</estado>
    <região/>
    <ibge>2704302</ibge>
    <gia/>
    <ddd>82</ddd>
    <siafi>2785</siafi>
  </cep>
  <cep>
    <cep>57075-562</cep>
    <logradouro>Rua Boa Vista</logradouro>
    <complemento/>
    <unidade/>
    <bairro>Santos Dumont</bairro>
    <localidade>Maceió</localidade>
    <uf>AL</uf>
    <estado>Alagoas</estado>
    <região/>
    <ibge>2704302</ibge>
    <gia/>
    <ddd>82</ddd>
    <siafi>2785</siafi>
  </cep>
  <cep>
    <cep>57075-727</cep>
    <logradouro>Travessa Maria das Neves</logradouro>
    <complemento/>
    <unidade/>
    <bairro>Santos Dumont</bairro>
    <localidade>Maceió</localidade>
    <uf>AL</uf>
    <estado>Alagoas</estado>
    <região/>
    <ibge>2704302</ibge>
    <gia/>
    <ddd>82</ddd>
    <siafi>2785</siafi>
  </cep>
  <cep>
    <cep>57075-730</cep>
    <logradouro>Rua Rejane de Carvalho e Silva</logradouro>
    <complemento/>
    <unidade/>
    <bairro>Santos Dumont</bairro>
    <localidade>Maceió</localidade>
    <uf>AL</uf>
    <estado>Alagoas</estado>
    <região/>
    <ibge>2704302</ibge>
    <gia/>
    <ddd>82</ddd>
    <siafi>2785</siafi>
  </cep>
  <cep>
    <cep>57075-760</cep>
    <logradouro>Rua Professor Eduardo Almeida da Silva</logradouro>
    <complemento>(Cj Jardim Planalto)</complemento>
    <unidade/>
    <bairro>Santos Dumont</bairro>
    <localidade>Maceió</localidade>
    <uf>AL</uf>
    <estado>Alagoas</estado>
    <região/>
    <ibge>2704302</ibge>
    <gia/>
    <ddd>82</ddd>
    <siafi>2785</siafi>
  </cep>
  <cep>
    <cep>57075-725</cep>
    <logradouro>Rua Maria das Neves Gomes</logradouro>
    <complemento/>
    <unidade/>
    <bairro>Santos Dumont</bairro>
    <localidade>Maceió</localidade>
    <uf>AL</uf>
    <estado>Alagoas</estado>
    <região/>
    <ibge>2704302</ibge>
    <gia/>
    <ddd>82</ddd>
    <siafi>2785</siafi>
  </cep>
  <cep>
    <cep>57075-728</cep>
    <logradouro>Rua Doutora Lúcia Inês da Cunha</logradouro>
    <complemento/>
    <unidade/>
    <bairro>Santos Dumont</bairro>
    <localidade>Maceió</localidade>
    <uf>AL</uf>
    <estado>Alagoas</estado>
    <região/>
    <ibge>2704302</ibge>
    <gia/>
    <ddd>82</ddd>
    <siafi>2785</siafi>
  </cep>
  <cep>
    <cep>57075-637</cep>
    <logradouro>Rua Ipanema</logradouro>
    <complemento/>
    <unidade/>
    <bairro>Santos Dumont</bairro>
    <localidade>Maceió</localidade>
    <uf>AL</uf>
    <estado>Alagoas</estado>
    <região/>
    <ibge>2704302</ibge>
    <gia/>
    <ddd>82</ddd>
    <siafi>2785</siafi>
  </cep>
  <cep>
    <cep>57075-697</cep>
    <logradouro>Rua Dezessete de Janeiro</logradouro>
    <complemento/>
    <unidade/>
    <bairro>Santos Dumont</bairro>
    <localidade>Maceió</localidade>
    <uf>AL</uf>
    <estado>Alagoas</estado>
    <região/>
    <ibge>2704302</ibge>
    <gia/>
    <ddd>82</ddd>
    <siafi>2785</siafi>
  </cep>
  <cep>
    <cep>57075-696</cep>
    <logradouro>Rua Cristo Rei</logradouro>
    <complemento/>
    <unidade/>
    <bairro>Santos Dumont</bairro>
    <localidade>Maceió</localidade>
    <uf>AL</uf>
    <estado>Alagoas</estado>
    <região/>
    <ibge>2704302</ibge>
    <gia/>
    <ddd>82</ddd>
    <siafi>2785</siafi>
  </cep>
  <cep>
    <cep>57075-560</cep>
    <logradouro>Avenida Tancredo Neves</logradouro>
    <complemento/>
    <unidade/>
    <bairro>Santos Dumont</bairro>
    <localidade>Maceió</localidade>
    <uf>AL</uf>
    <estado>Alagoas</estado>
    <região/>
    <ibge>2704302</ibge>
    <gia/>
    <ddd>82</ddd>
    <siafi>2785</siafi>
  </cep>
  <cep>
    <cep>57075-590</cep>
    <logradouro>Rua Carlos Veríssimo</logradouro>
    <complemento/>
    <unidade/>
    <bairro>Santos Dumont</bairro>
    <localidade>Maceió</localidade>
    <uf>AL</uf>
    <estado>Alagoas</estado>
    <região/>
    <ibge>2704302</ibge>
    <gia/>
    <ddd>82</ddd>
    <siafi>2785</siafi>
  </cep>
  <cep>
    <cep>57075-671</cep>
    <logradouro>Travessa São Francisco</logradouro>
    <complemento/>
    <unidade/>
    <bairro>Santos Dumont</bairro>
    <localidade>Maceió</localidade>
    <uf>AL</uf>
    <estado>Alagoas</estado>
    <região/>
    <ibge>2704302</ibge>
    <gia/>
    <ddd>82</ddd>
    <siafi>2785</siafi>
  </cep>
  <cep>
    <cep>57075-745</cep>
    <logradouro>Rua Everton Estevan</logradouro>
    <complemento/>
    <unidade/>
    <bairro>Santos Dumont</bairro>
    <localidade>Maceió</localidade>
    <uf>AL</uf>
    <estado>Alagoas</estado>
    <região/>
    <ibge>2704302</ibge>
    <gia/>
    <ddd>82</ddd>
    <siafi>2785</siafi>
  </cep>
  <cep>
    <cep>57075-684</cep>
    <logradouro>Rua A</logradouro>
    <complemento>(Cond Inailda F Oliveira)</complemento>
    <unidade/>
    <bairro>Santos Dumont</bairro>
    <localidade>Maceió</localidade>
    <uf>AL</uf>
    <estado>Alagoas</estado>
    <região/>
    <ibge>2704302</ibge>
    <gia/>
    <ddd>82</ddd>
    <siafi>2785</siafi>
  </cep>
  <cep>
    <cep>57075-678</cep>
    <logradouro>Rua B</logradouro>
    <complemento>(Cond Inailda F Oliveira)</complemento>
    <unidade/>
    <bairro>Santos Dumont</bairro>
    <localidade>Maceió</localidade>
    <uf>AL</uf>
    <estado>Alagoas</estado>
    <região/>
    <ibge>2704302</ibge>
    <gia/>
    <ddd>82</ddd>
    <siafi>2785</siafi>
  </cep>
  <cep>
    <cep>57075-640</cep>
    <logradouro>Rua Tenente Julival Casado Costa</logradouro>
    <complemento/>
    <unidade/>
    <bairro>Santos Dumont</bairro>
    <localidade>Maceió</localidade>
    <uf>AL</uf>
    <estado>Alagoas</estado>
    <região/>
    <ibge>2704302</ibge>
    <gia/>
    <ddd>82</ddd>
    <siafi>2785</siafi>
  </cep>
  <cep>
    <cep>57075-672</cep>
    <logradouro>Rua Batalha</logradouro>
    <complemento/>
    <unidade/>
    <bairro>Santos Dumont</bairro>
    <localidade>Maceió</localidade>
    <uf>AL</uf>
    <estado>Alagoas</estado>
    <região/>
    <ibge>2704302</ibge>
    <gia/>
    <ddd>82</ddd>
    <siafi>2785</siafi>
  </cep>
  <cep>
    <cep>57075-763</cep>
    <logradouro>Travessa Arsênio Targino</logradouro>
    <complemento/>
    <unidade/>
    <bairro>Santos Dumont</bairro>
    <localidade>Maceió</localidade>
    <uf>AL</uf>
    <estado>Alagoas</estado>
    <região/>
    <ibge>2704302</ibge>
    <gia/>
    <ddd>82</ddd>
    <siafi>2785</siafi>
  </cep>
  <cep>
    <cep>57080-054</cep>
    <logradouro>2ª Travessa Jundiá</logradouro>
    <complemento/>
    <unidade/>
    <bairro>Canaã</bairro>
    <localidade>Maceió</localidade>
    <uf>AL</uf>
    <estado>Alagoas</estado>
    <região/>
    <ibge>2704302</ibge>
    <gia/>
    <ddd>82</ddd>
    <siafi>2785</siafi>
  </cep>
  <cep>
    <cep>57075-805</cep>
    <logradouro>Rua Elmo Nunes de Carvalho</logradouro>
    <complemento>(Cj Jd Planalto)</complemento>
    <unidade/>
    <bairro>Santos Dumont</bairro>
    <localidade>Maceió</localidade>
    <uf>AL</uf>
    <estado>Alagoas</estado>
    <região/>
    <ibge>2704302</ibge>
    <gia/>
    <ddd>82</ddd>
    <siafi>2785</siafi>
  </cep>
  <cep>
    <cep>57080-081</cep>
    <logradouro>1ª Travessa Jequiá</logradouro>
    <complemento/>
    <unidade/>
    <bairro>Canaã</bairro>
    <localidade>Maceió</localidade>
    <uf>AL</uf>
    <estado>Alagoas</estado>
    <região/>
    <ibge>2704302</ibge>
    <gia/>
    <ddd>82</ddd>
    <siafi>2785</siafi>
  </cep>
  <cep>
    <cep>57075-771</cep>
    <logradouro>Quadra C</logradouro>
    <complemento>(Lot Floresta)</complemento>
    <unidade/>
    <bairro>Santos Dumont</bairro>
    <localidade>Maceió</localidade>
    <uf>AL</uf>
    <estado>Alagoas</estado>
    <região/>
    <ibge>2704302</ibge>
    <gia/>
    <ddd>82</ddd>
    <siafi>2785</siafi>
  </cep>
  <cep>
    <cep>57080-042</cep>
    <logradouro>1ª Travessa Taquarana</logradouro>
    <complemento/>
    <unidade/>
    <bairro>Canaã</bairro>
    <localidade>Maceió</localidade>
    <uf>AL</uf>
    <estado>Alagoas</estado>
    <região/>
    <ibge>2704302</ibge>
    <gia/>
    <ddd>82</ddd>
    <siafi>2785</siafi>
  </cep>
  <cep>
    <cep>57075-791</cep>
    <logradouro>Rua C</logradouro>
    <complemento>(Lot Bosque Sossego)</complemento>
    <unidade/>
    <bairro>Santos Dumont</bairro>
    <localidade>Maceió</localidade>
    <uf>AL</uf>
    <estado>Alagoas</estado>
    <região/>
    <ibge>2704302</ibge>
    <gia/>
    <ddd>82</ddd>
    <siafi>2785</siafi>
  </cep>
  <cep>
    <cep>57075-835</cep>
    <logradouro>Rua Bom Jesus do Horto</logradouro>
    <complemento/>
    <unidade/>
    <bairro>Santos Dumont</bairro>
    <localidade>Maceió</localidade>
    <uf>AL</uf>
    <estado>Alagoas</estado>
    <região/>
    <ibge>2704302</ibge>
    <gia/>
    <ddd>82</ddd>
    <siafi>2785</siafi>
  </cep>
  <cep>
    <cep>57075-855</cep>
    <logradouro>Rua São Benedito</logradouro>
    <complemento/>
    <unidade/>
    <bairro>Santos Dumont</bairro>
    <localidade>Maceió</localidade>
    <uf>AL</uf>
    <estado>Alagoas</estado>
    <região/>
    <ibge>2704302</ibge>
    <gia/>
    <ddd>82</ddd>
    <siafi>2785</siafi>
  </cep>
  <cep>
    <cep>57075-674</cep>
    <logradouro>Rua Flor de Liz</logradouro>
    <complemento/>
    <unidade/>
    <bairro>Santos Dumont</bairro>
    <localidade>Maceió</localidade>
    <uf>AL</uf>
    <estado>Alagoas</estado>
    <região/>
    <ibge>2704302</ibge>
    <gia/>
    <ddd>82</ddd>
    <siafi>2785</siafi>
  </cep>
  <cep>
    <cep>57075-774</cep>
    <logradouro>Quadra F</logradouro>
    <complemento>(Lot Floresta)</complemento>
    <unidade/>
    <bairro>Santos Dumont</bairro>
    <localidade>Maceió</localidade>
    <uf>AL</uf>
    <estado>Alagoas</estado>
    <região/>
    <ibge>2704302</ibge>
    <gia/>
    <ddd>82</ddd>
    <siafi>2785</siafi>
  </cep>
  <cep>
    <cep>57080-040</cep>
    <logradouro>Rua Taquarana</logradouro>
    <complemento/>
    <unidade/>
    <bairro>Canaã</bairro>
    <localidade>Maceió</localidade>
    <uf>AL</uf>
    <estado>Alagoas</estado>
    <região/>
    <ibge>2704302</ibge>
    <gia/>
    <ddd>82</ddd>
    <siafi>2785</siafi>
  </cep>
  <cep>
    <cep>57075-830</cep>
    <logradouro>Rua Capitão Ataíde</logradouro>
    <complemento/>
    <unidade/>
    <bairro>Santos Dumont</bairro>
    <localidade>Maceió</localidade>
    <uf>AL</uf>
    <estado>Alagoas</estado>
    <região/>
    <ibge>2704302</ibge>
    <gia/>
    <ddd>82</ddd>
    <siafi>2785</siafi>
  </cep>
  <cep>
    <cep>57080-065</cep>
    <logradouro>Rua Belo Jardim</logradouro>
    <complemento/>
    <unidade/>
    <bairro>Canaã</bairro>
    <localidade>Maceió</localidade>
    <uf>AL</uf>
    <estado>Alagoas</estado>
    <região/>
    <ibge>2704302</ibge>
    <gia/>
    <ddd>82</ddd>
    <siafi>2785</siafi>
  </cep>
  <cep>
    <cep>57075-772</cep>
    <logradouro>Quadra D</logradouro>
    <complemento>(Lot Floresta)</complemento>
    <unidade/>
    <bairro>Santos Dumont</bairro>
    <localidade>Maceió</localidade>
    <uf>AL</uf>
    <estado>Alagoas</estado>
    <região/>
    <ibge>2704302</ibge>
    <gia/>
    <ddd>82</ddd>
    <siafi>2785</siafi>
  </cep>
  <cep>
    <cep>57080-021</cep>
    <logradouro>Travessa Satuba</logradouro>
    <complemento/>
    <unidade/>
    <bairro>Canaã</bairro>
    <localidade>Maceió</localidade>
    <uf>AL</uf>
    <estado>Alagoas</estado>
    <região/>
    <ibge>2704302</ibge>
    <gia/>
    <ddd>82</ddd>
    <siafi>2785</siafi>
  </cep>
  <cep>
    <cep>57080-052</cep>
    <logradouro>1ª Travessa Jundiá</logradouro>
    <complemento/>
    <unidade/>
    <bairro>Canaã</bairro>
    <localidade>Maceió</localidade>
    <uf>AL</uf>
    <estado>Alagoas</estado>
    <região/>
    <ibge>2704302</ibge>
    <gia/>
    <ddd>82</ddd>
    <siafi>2785</siafi>
  </cep>
  <cep>
    <cep>57075-773</cep>
    <logradouro>Quadra E</logradouro>
    <complemento>(Lot Floresta)</complemento>
    <unidade/>
    <bairro>Santos Dumont</bairro>
    <localidade>Maceió</localidade>
    <uf>AL</uf>
    <estado>Alagoas</estado>
    <região/>
    <ibge>2704302</ibge>
    <gia/>
    <ddd>82</ddd>
    <siafi>2785</siafi>
  </cep>
  <cep>
    <cep>57080-030</cep>
    <logradouro>Rua Piaçabuçu</logradouro>
    <complemento/>
    <unidade/>
    <bairro>Canaã</bairro>
    <localidade>Maceió</localidade>
    <uf>AL</uf>
    <estado>Alagoas</estado>
    <região/>
    <ibge>2704302</ibge>
    <gia/>
    <ddd>82</ddd>
    <siafi>2785</siafi>
  </cep>
  <cep>
    <cep>57075-825</cep>
    <logradouro>Rua Bom Jesus</logradouro>
    <complemento/>
    <unidade/>
    <bairro>Santos Dumont</bairro>
    <localidade>Maceió</localidade>
    <uf>AL</uf>
    <estado>Alagoas</estado>
    <região/>
    <ibge>2704302</ibge>
    <gia/>
    <ddd>82</ddd>
    <siafi>2785</siafi>
  </cep>
  <cep>
    <cep>57075-770</cep>
    <logradouro>Quadra B</logradouro>
    <complemento>(Lot Floresta)</complemento>
    <unidade/>
    <bairro>Santos Dumont</bairro>
    <localidade>Maceió</localidade>
    <uf>AL</uf>
    <estado>Alagoas</estado>
    <região/>
    <ibge>2704302</ibge>
    <gia/>
    <ddd>82</ddd>
    <siafi>2785</siafi>
  </cep>
  <cep>
    <cep>57075-795</cep>
    <logradouro>Rua E</logradouro>
    <complemento>(Lot Bosque Sossego)</complemento>
    <unidade/>
    <bairro>Santos Dumont</bairro>
    <localidade>Maceió</localidade>
    <uf>AL</uf>
    <estado>Alagoas</estado>
    <região/>
    <ibge>2704302</ibge>
    <gia/>
    <ddd>82</ddd>
    <siafi>2785</siafi>
  </cep>
  <cep>
    <cep>57075-686</cep>
    <logradouro>Rua Monte Sinai</logradouro>
    <complemento/>
    <unidade/>
    <bairro>Santos Dumont</bairro>
    <localidade>Maceió</localidade>
    <uf>AL</uf>
    <estado>Alagoas</estado>
    <região/>
    <ibge>2704302</ibge>
    <gia/>
    <ddd>82</ddd>
    <siafi>2785</siafi>
  </cep>
  <cep>
    <cep>57080-000</cep>
    <logradouro>Avenida Doutor Durval de Góis Monteiro</logradouro>
    <complemento>lado par</complemento>
    <unidade/>
    <bairro>Canaã</bairro>
    <localidade>Maceió</localidade>
    <uf>AL</uf>
    <estado>Alagoas</estado>
    <região/>
    <ibge>2704302</ibge>
    <gia/>
    <ddd>82</ddd>
    <siafi>2785</siafi>
  </cep>
  <cep>
    <cep>57075-777</cep>
    <logradouro>Quadra H</logradouro>
    <complemento>(Lot Floresta)</complemento>
    <unidade/>
    <bairro>Santos Dumont</bairro>
    <localidade>Maceió</localidade>
    <uf>AL</uf>
    <estado>Alagoas</estado>
    <região/>
    <ibge>2704302</ibge>
    <gia/>
    <ddd>82</ddd>
    <siafi>2785</siafi>
  </cep>
  <cep>
    <cep>57080-050</cep>
    <logradouro>Rua Jundiá</logradouro>
    <complemento/>
    <unidade/>
    <bairro>Canaã</bairro>
    <localidade>Maceió</localidade>
    <uf>AL</uf>
    <estado>Alagoas</estado>
    <região/>
    <ibge>2704302</ibge>
    <gia/>
    <ddd>82</ddd>
    <siafi>2785</siafi>
  </cep>
  <cep>
    <cep>57080-020</cep>
    <logradouro>Rua Satuba</logradouro>
    <complemento/>
    <unidade/>
    <bairro>Canaã</bairro>
    <localidade>Maceió</localidade>
    <uf>AL</uf>
    <estado>Alagoas</estado>
    <região/>
    <ibge>2704302</ibge>
    <gia/>
    <ddd>82</ddd>
    <siafi>2785</siafi>
  </cep>
  <cep>
    <cep>57075-660</cep>
    <logradouro>2ª Rua da Paz</logradouro>
    <complemento/>
    <unidade/>
    <bairro>Santos Dumont</bairro>
    <localidade>Maceió</localidade>
    <uf>AL</uf>
    <estado>Alagoas</estado>
    <região/>
    <ibge>2704302</ibge>
    <gia/>
    <ddd>82</ddd>
    <siafi>2785</siafi>
  </cep>
  <cep>
    <cep>57080-038</cep>
    <logradouro>Rua Quebrangulo</logradouro>
    <complemento/>
    <unidade/>
    <bairro>Canaã</bairro>
    <localidade>Maceió</localidade>
    <uf>AL</uf>
    <estado>Alagoas</estado>
    <região/>
    <ibge>2704302</ibge>
    <gia/>
    <ddd>82</ddd>
    <siafi>2785</siafi>
  </cep>
  <cep>
    <cep>57080-070</cep>
    <logradouro>Rua Jornalista Pedro Affonso Collor de Mello</logradouro>
    <complemento/>
    <unidade/>
    <bairro>Canaã</bairro>
    <localidade>Maceió</localidade>
    <uf>AL</uf>
    <estado>Alagoas</estado>
    <região/>
    <ibge>2704302</ibge>
    <gia/>
    <ddd>82</ddd>
    <siafi>2785</siafi>
  </cep>
  <cep>
    <cep>57075-776</cep>
    <logradouro>Quadra G</logradouro>
    <complemento>(Lot Floresta)</complemento>
    <unidade/>
    <bairro>Santos Dumont</bairro>
    <localidade>Maceió</localidade>
    <uf>AL</uf>
    <estado>Alagoas</estado>
    <região/>
    <ibge>2704302</ibge>
    <gia/>
    <ddd>82</ddd>
    <siafi>2785</siafi>
  </cep>
  <cep>
    <cep>57075-793</cep>
    <logradouro>Rua D</logradouro>
    <complemento>(Lot Bosque Sossego)</complemento>
    <unidade/>
    <bairro>Santos Dumont</bairro>
    <localidade>Maceió</localidade>
    <uf>AL</uf>
    <estado>Alagoas</estado>
    <região/>
    <ibge>2704302</ibge>
    <gia/>
    <ddd>82</ddd>
    <siafi>2785</siafi>
  </cep>
  <cep>
    <cep>57080-080</cep>
    <logradouro>Rua Jequiá</logradouro>
    <complemento/>
    <unidade/>
    <bairro>Canaã</bairro>
    <localidade>Maceió</localidade>
    <uf>AL</uf>
    <estado>Alagoas</estado>
    <região/>
    <ibge>2704302</ibge>
    <gia/>
    <ddd>82</ddd>
    <siafi>2785</siafi>
  </cep>
  <cep>
    <cep>57080-010</cep>
    <logradouro>Rua Água Branca</logradouro>
    <complemento/>
    <unidade/>
    <bairro>Canaã</bairro>
    <localidade>Maceió</localidade>
    <uf>AL</uf>
    <estado>Alagoas</estado>
    <região/>
    <ibge>2704302</ibge>
    <gia/>
    <ddd>82</ddd>
    <siafi>2785</siafi>
  </cep>
  <cep>
    <cep>57075-630</cep>
    <logradouro>Rua Elizeu Gomes de Sena</logradouro>
    <complemento/>
    <unidade/>
    <bairro>Santos Dumont</bairro>
    <localidade>Maceió</localidade>
    <uf>AL</uf>
    <estado>Alagoas</estado>
    <região/>
    <ibge>2704302</ibge>
    <gia/>
    <ddd>82</ddd>
    <siafi>2785</siafi>
  </cep>
  <cep>
    <cep>57075-764</cep>
    <logradouro>Rua Santa Clara</logradouro>
    <complemento/>
    <unidade/>
    <bairro>Santos Dumont</bairro>
    <localidade>Maceió</localidade>
    <uf>AL</uf>
    <estado>Alagoas</estado>
    <região/>
    <ibge>2704302</ibge>
    <gia/>
    <ddd>82</ddd>
    <siafi>2785</siafi>
  </cep>
  <cep>
    <cep>57075-865</cep>
    <logradouro>Rua do Sossego</logradouro>
    <complemento/>
    <unidade/>
    <bairro>Santos Dumont</bairro>
    <localidade>Maceió</localidade>
    <uf>AL</uf>
    <estado>Alagoas</estado>
    <região/>
    <ibge>2704302</ibge>
    <gia/>
    <ddd>82</ddd>
    <siafi>2785</siafi>
  </cep>
  <cep>
    <cep>57080-032</cep>
    <logradouro>1ª Travessa Piaçabuçu</logradouro>
    <complemento/>
    <unidade/>
    <bairro>Canaã</bairro>
    <localidade>Maceió</localidade>
    <uf>AL</uf>
    <estado>Alagoas</estado>
    <região/>
    <ibge>2704302</ibge>
    <gia/>
    <ddd>82</ddd>
    <siafi>2785</siafi>
  </cep>
  <cep>
    <cep>57080-056</cep>
    <logradouro>3ª Travessa Jundiá</logradouro>
    <complemento/>
    <unidade/>
    <bairro>Canaã</bairro>
    <localidade>Maceió</localidade>
    <uf>AL</uf>
    <estado>Alagoas</estado>
    <região/>
    <ibge>2704302</ibge>
    <gia/>
    <ddd>82</ddd>
    <siafi>2785</siafi>
  </cep>
  <cep>
    <cep>57080-058</cep>
    <logradouro>4ª Travessa Jundiá</logradouro>
    <complemento/>
    <unidade/>
    <bairro>Canaã</bairro>
    <localidade>Maceió</localidade>
    <uf>AL</uf>
    <estado>Alagoas</estado>
    <região/>
    <ibge>2704302</ibge>
    <gia/>
    <ddd>82</ddd>
    <siafi>2785</siafi>
  </cep>
  <cep>
    <cep>57075-769</cep>
    <logradouro>Quadra A</logradouro>
    <complemento>(Lot Floresta)</complemento>
    <unidade/>
    <bairro>Santos Dumont</bairro>
    <localidade>Maceió</localidade>
    <uf>AL</uf>
    <estado>Alagoas</estado>
    <região/>
    <ibge>2704302</ibge>
    <gia/>
    <ddd>82</ddd>
    <siafi>2785</siafi>
  </cep>
  <cep>
    <cep>57075-775</cep>
    <logradouro>Rua A</logradouro>
    <complemento>(Cj Marajó)</complemento>
    <unidade/>
    <bairro>Santos Dumont</bairro>
    <localidade>Maceió</localidade>
    <uf>AL</uf>
    <estado>Alagoas</estado>
    <região/>
    <ibge>2704302</ibge>
    <gia/>
    <ddd>82</ddd>
    <siafi>2785</siafi>
  </cep>
  <cep>
    <cep>57075-768</cep>
    <logradouro>Rua Nossa Senhora das Graças</logradouro>
    <complemento/>
    <unidade/>
    <bairro>Santos Dumont</bairro>
    <localidade>Maceió</localidade>
    <uf>AL</uf>
    <estado>Alagoas</estado>
    <região/>
    <ibge>2704302</ibge>
    <gia/>
    <ddd>82</ddd>
    <siafi>2785</siafi>
  </cep>
  <cep>
    <cep>57075-797</cep>
    <logradouro>Rua F</logradouro>
    <complemento>(Lot Bosque Sossego)</complemento>
    <unidade/>
    <bairro>Santos Dumont</bairro>
    <localidade>Maceió</localidade>
    <uf>AL</uf>
    <estado>Alagoas</estado>
    <região/>
    <ibge>2704302</ibge>
    <gia/>
    <ddd>82</ddd>
    <siafi>2785</siafi>
  </cep>
  <cep>
    <cep>57075-789</cep>
    <logradouro>Rua B</logradouro>
    <complemento>(Lot Bosque Sossego)</complemento>
    <unidade/>
    <bairro>Santos Dumont</bairro>
    <localidade>Maceió</localidade>
    <uf>AL</uf>
    <estado>Alagoas</estado>
    <região/>
    <ibge>2704302</ibge>
    <gia/>
    <ddd>82</ddd>
    <siafi>2785</siafi>
  </cep>
  <cep>
    <cep>57075-970</cep>
    <logradouro>Avenida Lourival Melo Mota</logradouro>
    <complemento>s/n Quadra A Lote 8</complemento>
    <unidade>CDD Carlos Olímpio</unidade>
    <bairro>Santos Dumont</bairro>
    <localidade>Maceió</localidade>
    <uf>AL</uf>
    <estado>Alagoas</estado>
    <região/>
    <ibge>2704302</ibge>
    <gia/>
    <ddd>82</ddd>
    <siafi>2785</siafi>
  </cep>
  <cep>
    <cep>57075-787</cep>
    <logradouro>Rua A</logradouro>
    <complemento>(Lot Bosque Sossego)</complemento>
    <unidade/>
    <bairro>Santos Dumont</bairro>
    <localidade>Maceió</localidade>
    <uf>AL</uf>
    <estado>Alagoas</estado>
    <região/>
    <ibge>2704302</ibge>
    <gia/>
    <ddd>82</ddd>
    <siafi>2785</siafi>
  </cep>
  <cep>
    <cep>57075-799</cep>
    <logradouro>Rua G</logradouro>
    <complemento>(Lot Bosque Sossego)</complemento>
    <unidade/>
    <bairro>Santos Dumont</bairro>
    <localidade>Maceió</localidade>
    <uf>AL</uf>
    <estado>Alagoas</estado>
    <região/>
    <ibge>2704302</ibge>
    <gia/>
    <ddd>82</ddd>
    <siafi>2785</siafi>
  </cep>
  <cep>
    <cep>57080-075</cep>
    <logradouro>Rua São José</logradouro>
    <complemento/>
    <unidade/>
    <bairro>Canaã</bairro>
    <localidade>Maceió</localidade>
    <uf>AL</uf>
    <estado>Alagoas</estado>
    <região/>
    <ibge>2704302</ibge>
    <gia/>
    <ddd>82</ddd>
    <siafi>2785</siafi>
  </cep>
  <cep>
    <cep>57080-101</cep>
    <logradouro>2ª Travessa Pão de Açúcar</logradouro>
    <complemento/>
    <unidade/>
    <bairro>Canaã</bairro>
    <localidade>Maceió</localidade>
    <uf>AL</uf>
    <estado>Alagoas</estado>
    <região/>
    <ibge>2704302</ibge>
    <gia/>
    <ddd>82</ddd>
    <siafi>2785</siafi>
  </cep>
  <cep>
    <cep>57080-541</cep>
    <logradouro>Rua Dom Hélder Câmara</logradouro>
    <complemento>(Aldebaran Beta)</complemento>
    <unidade/>
    <bairro>Jardim Petrópolis</bairro>
    <localidade>Maceió</localidade>
    <uf>AL</uf>
    <estado>Alagoas</estado>
    <região/>
    <ibge>2704302</ibge>
    <gia/>
    <ddd>82</ddd>
    <siafi>2785</siafi>
  </cep>
  <cep>
    <cep>57080-125</cep>
    <logradouro>Rua Roberto Acyoly</logradouro>
    <complemento/>
    <unidade/>
    <bairro>Canaã</bairro>
    <localidade>Maceió</localidade>
    <uf>AL</uf>
    <estado>Alagoas</estado>
    <região/>
    <ibge>2704302</ibge>
    <gia/>
    <ddd>82</ddd>
    <siafi>2785</siafi>
  </cep>
  <cep>
    <cep>57080-082</cep>
    <logradouro>2ª Travessa Jequiá</logradouro>
    <complemento/>
    <unidade/>
    <bairro>Canaã</bairro>
    <localidade>Maceió</localidade>
    <uf>AL</uf>
    <estado>Alagoas</estado>
    <região/>
    <ibge>2704302</ibge>
    <gia/>
    <ddd>82</ddd>
    <siafi>2785</siafi>
  </cep>
  <cep>
    <cep>57080-085</cep>
    <logradouro>1ª Travessa Traipu</logradouro>
    <complemento/>
    <unidade/>
    <bairro>Canaã</bairro>
    <localidade>Maceió</localidade>
    <uf>AL</uf>
    <estado>Alagoas</estado>
    <região/>
    <ibge>2704302</ibge>
    <gia/>
    <ddd>82</ddd>
    <siafi>2785</siafi>
  </cep>
  <cep>
    <cep>57080-083</cep>
    <logradouro>Rua Boa Esperança</logradouro>
    <complemento/>
    <unidade/>
    <bairro>Canaã</bairro>
    <localidade>Maceió</localidade>
    <uf>AL</uf>
    <estado>Alagoas</estado>
    <região/>
    <ibge>2704302</ibge>
    <gia/>
    <ddd>82</ddd>
    <siafi>2785</siafi>
  </cep>
  <cep>
    <cep>57080-113</cep>
    <logradouro>3ª Travessa Maragogi</logradouro>
    <complemento/>
    <unidade/>
    <bairro>Canaã</bairro>
    <localidade>Maceió</localidade>
    <uf>AL</uf>
    <estado>Alagoas</estado>
    <região/>
    <ibge>2704302</ibge>
    <gia/>
    <ddd>82</ddd>
    <siafi>2785</siafi>
  </cep>
  <cep>
    <cep>57080-090</cep>
    <logradouro>Rua Porto Calvo</logradouro>
    <complemento/>
    <unidade/>
    <bairro>Canaã</bairro>
    <localidade>Maceió</localidade>
    <uf>AL</uf>
    <estado>Alagoas</estado>
    <região/>
    <ibge>2704302</ibge>
    <gia/>
    <ddd>82</ddd>
    <siafi>2785</siafi>
  </cep>
  <cep>
    <cep>57080-510</cep>
    <logradouro>Rua José de Carvalho Martins</logradouro>
    <complemento/>
    <unidade/>
    <bairro>Jardim Petrópolis</bairro>
    <localidade>Maceió</localidade>
    <uf>AL</uf>
    <estado>Alagoas</estado>
    <região/>
    <ibge>2704302</ibge>
    <gia/>
    <ddd>82</ddd>
    <siafi>2785</siafi>
  </cep>
  <cep>
    <cep>57080-112</cep>
    <logradouro>2ª Travessa Maragogi</logradouro>
    <complemento/>
    <unidade/>
    <bairro>Canaã</bairro>
    <localidade>Maceió</localidade>
    <uf>AL</uf>
    <estado>Alagoas</estado>
    <região/>
    <ibge>2704302</ibge>
    <gia/>
    <ddd>82</ddd>
    <siafi>2785</siafi>
  </cep>
  <cep>
    <cep>57080-103</cep>
    <logradouro>3ª Travessa Pão de Açucar</logradouro>
    <complemento/>
    <unidade/>
    <bairro>Canaã</bairro>
    <localidade>Maceió</localidade>
    <uf>AL</uf>
    <estado>Alagoas</estado>
    <região/>
    <ibge>2704302</ibge>
    <gia/>
    <ddd>82</ddd>
    <siafi>2785</siafi>
  </cep>
  <cep>
    <cep>57080-092</cep>
    <logradouro>2ª Travessa Porto Calvo</logradouro>
    <complemento/>
    <unidade/>
    <bairro>Canaã</bairro>
    <localidade>Maceió</localidade>
    <uf>AL</uf>
    <estado>Alagoas</estado>
    <região/>
    <ibge>2704302</ibge>
    <gia/>
    <ddd>82</ddd>
    <siafi>2785</siafi>
  </cep>
  <cep>
    <cep>57080-551</cep>
    <logradouro>Rua José Soares de Souza</logradouro>
    <complemento>(Aldebaran Beta)</complemento>
    <unidade/>
    <bairro>Jardim Petrópolis</bairro>
    <localidade>Maceió</localidade>
    <uf>AL</uf>
    <estado>Alagoas</estado>
    <região/>
    <ibge>2704302</ibge>
    <gia/>
    <ddd>82</ddd>
    <siafi>2785</siafi>
  </cep>
  <cep>
    <cep>57080-472</cep>
    <logradouro>2ª Travessa Coruripe</logradouro>
    <complemento/>
    <unidade/>
    <bairro>Canaã</bairro>
    <localidade>Maceió</localidade>
    <uf>AL</uf>
    <estado>Alagoas</estado>
    <região/>
    <ibge>2704302</ibge>
    <gia/>
    <ddd>82</ddd>
    <siafi>2785</siafi>
  </cep>
  <cep>
    <cep>57080-100</cep>
    <logradouro>Rua Pão de Açúcar</logradouro>
    <complemento/>
    <unidade/>
    <bairro>Canaã</bairro>
    <localidade>Maceió</localidade>
    <uf>AL</uf>
    <estado>Alagoas</estado>
    <região/>
    <ibge>2704302</ibge>
    <gia/>
    <ddd>82</ddd>
    <siafi>2785</siafi>
  </cep>
  <cep>
    <cep>57080-121</cep>
    <logradouro>1ª Travessa Anadia</logradouro>
    <complemento/>
    <unidade/>
    <bairro>Canaã</bairro>
    <localidade>Maceió</localidade>
    <uf>AL</uf>
    <estado>Alagoas</estado>
    <região/>
    <ibge>2704302</ibge>
    <gia/>
    <ddd>82</ddd>
    <siafi>2785</siafi>
  </cep>
  <cep>
    <cep>57080-111</cep>
    <logradouro>1ª Travessa Maragogi</logradouro>
    <complemento/>
    <unidade/>
    <bairro>Canaã</bairro>
    <localidade>Maceió</localidade>
    <uf>AL</uf>
    <estado>Alagoas</estado>
    <região/>
    <ibge>2704302</ibge>
    <gia/>
    <ddd>82</ddd>
    <siafi>2785</siafi>
  </cep>
  <cep>
    <cep>57080-544</cep>
    <logradouro>Rua Doutor Antônio Aleixo de Paes Albuquerque</logradouro>
    <complemento>(Aldebaran Beta)</complemento>
    <unidade/>
    <bairro>Jardim Petrópolis</bairro>
    <localidade>Maceió</localidade>
    <uf>AL</uf>
    <estado>Alagoas</estado>
    <região/>
    <ibge>2704302</ibge>
    <gia/>
    <ddd>82</ddd>
    <siafi>2785</siafi>
  </cep>
  <cep>
    <cep>57080-549</cep>
    <logradouro>Condomínio Residencial Aldebaran Beta</logradouro>
    <complemento/>
    <unidade/>
    <bairro>Jardim Petrópolis</bairro>
    <localidade>Maceió</localidade>
    <uf>AL</uf>
    <estado>Alagoas</estado>
    <região/>
    <ibge>2704302</ibge>
    <gia/>
    <ddd>82</ddd>
    <siafi>2785</siafi>
  </cep>
  <cep>
    <cep>57080-102</cep>
    <logradouro>1ª Travessa Pão de Açúcar</logradouro>
    <complemento/>
    <unidade/>
    <bairro>Canaã</bairro>
    <localidade>Maceió</localidade>
    <uf>AL</uf>
    <estado>Alagoas</estado>
    <região/>
    <ibge>2704302</ibge>
    <gia/>
    <ddd>82</ddd>
    <siafi>2785</siafi>
  </cep>
  <cep>
    <cep>57080-128</cep>
    <logradouro>Avenida Fernandes Lima</logradouro>
    <complemento>de 4362 ao fim - lado par</complemento>
    <unidade/>
    <bairro>Canaã</bairro>
    <localidade>Maceió</localidade>
    <uf>AL</uf>
    <estado>Alagoas</estado>
    <região/>
    <ibge>2704302</ibge>
    <gia/>
    <ddd>82</ddd>
    <siafi>2785</siafi>
  </cep>
  <cep>
    <cep>57080-124</cep>
    <logradouro>4ª Travessa Anadia</logradouro>
    <complemento/>
    <unidade/>
    <bairro>Canaã</bairro>
    <localidade>Maceió</localidade>
    <uf>AL</uf>
    <estado>Alagoas</estado>
    <região/>
    <ibge>2704302</ibge>
    <gia/>
    <ddd>82</ddd>
    <siafi>2785</siafi>
  </cep>
  <cep>
    <cep>57080-091</cep>
    <logradouro>Travessa Porto Calvo</logradouro>
    <complemento/>
    <unidade/>
    <bairro>Canaã</bairro>
    <localidade>Maceió</localidade>
    <uf>AL</uf>
    <estado>Alagoas</estado>
    <região/>
    <ibge>2704302</ibge>
    <gia/>
    <ddd>82</ddd>
    <siafi>2785</siafi>
  </cep>
  <cep>
    <cep>57080-110</cep>
    <logradouro>Rua Maragogi</logradouro>
    <complemento/>
    <unidade/>
    <bairro>Canaã</bairro>
    <localidade>Maceió</localidade>
    <uf>AL</uf>
    <estado>Alagoas</estado>
    <região/>
    <ibge>2704302</ibge>
    <gia/>
    <ddd>82</ddd>
    <siafi>2785</siafi>
  </cep>
  <cep>
    <cep>57080-545</cep>
    <logradouro>Avenida Hélio de Castro Vasconcelos</logradouro>
    <complemento/>
    <unidade/>
    <bairro>Jardim Petrópolis</bairro>
    <localidade>Maceió</localidade>
    <uf>AL</uf>
    <estado>Alagoas</estado>
    <região/>
    <ibge>2704302</ibge>
    <gia/>
    <ddd>82</ddd>
    <siafi>2785</siafi>
  </cep>
  <cep>
    <cep>57080-126</cep>
    <logradouro>5ª Travessa Anadia</logradouro>
    <complemento/>
    <unidade/>
    <bairro>Canaã</bairro>
    <localidade>Maceió</localidade>
    <uf>AL</uf>
    <estado>Alagoas</estado>
    <região/>
    <ibge>2704302</ibge>
    <gia/>
    <ddd>82</ddd>
    <siafi>2785</siafi>
  </cep>
  <cep>
    <cep>57080-131</cep>
    <logradouro>Avenida Empresário Valentim dos Santos Diniz</logradouro>
    <complemento>lado ímpar</complemento>
    <unidade/>
    <bairro>Canaã</bairro>
    <localidade>Maceió</localidade>
    <uf>AL</uf>
    <estado>Alagoas</estado>
    <região/>
    <ibge>2704302</ibge>
    <gia/>
    <ddd>82</ddd>
    <siafi>2785</siafi>
  </cep>
  <cep>
    <cep>57080-127</cep>
    <logradouro>6ª Travessa Anadia</logradouro>
    <complemento/>
    <unidade/>
    <bairro>Canaã</bairro>
    <localidade>Maceió</localidade>
    <uf>AL</uf>
    <estado>Alagoas</estado>
    <região/>
    <ibge>2704302</ibge>
    <gia/>
    <ddd>82</ddd>
    <siafi>2785</siafi>
  </cep>
  <cep>
    <cep>57080-471</cep>
    <logradouro>Travessa Coruripe</logradouro>
    <complemento/>
    <unidade/>
    <bairro>Canaã</bairro>
    <localidade>Maceió</localidade>
    <uf>AL</uf>
    <estado>Alagoas</estado>
    <região/>
    <ibge>2704302</ibge>
    <gia/>
    <ddd>82</ddd>
    <siafi>2785</siafi>
  </cep>
  <cep>
    <cep>57080-515</cep>
    <logradouro>Rua João de Carvalho Pedrosa</logradouro>
    <complemento/>
    <unidade/>
    <bairro>Jardim Petrópolis</bairro>
    <localidade>Maceió</localidade>
    <uf>AL</uf>
    <estado>Alagoas</estado>
    <região/>
    <ibge>2704302</ibge>
    <gia/>
    <ddd>82</ddd>
    <siafi>2785</siafi>
  </cep>
  <cep>
    <cep>57080-500</cep>
    <logradouro>Rua Ismael Araújo Amorim</logradouro>
    <complemento/>
    <unidade/>
    <bairro>Jardim Petrópolis</bairro>
    <localidade>Maceió</localidade>
    <uf>AL</uf>
    <estado>Alagoas</estado>
    <região/>
    <ibge>2704302</ibge>
    <gia/>
    <ddd>82</ddd>
    <siafi>2785</siafi>
  </cep>
  <cep>
    <cep>57080-540</cep>
    <logradouro>Rua Dona Maria do Socorro Pontes Lima Bonfim</logradouro>
    <complemento/>
    <unidade/>
    <bairro>Jardim Petrópolis</bairro>
    <localidade>Maceió</localidade>
    <uf>AL</uf>
    <estado>Alagoas</estado>
    <região/>
    <ibge>2704302</ibge>
    <gia/>
    <ddd>82</ddd>
    <siafi>2785</siafi>
  </cep>
  <cep>
    <cep>57080-086</cep>
    <logradouro>2ª Travessa Traipu</logradouro>
    <complemento/>
    <unidade/>
    <bairro>Canaã</bairro>
    <localidade>Maceió</localidade>
    <uf>AL</uf>
    <estado>Alagoas</estado>
    <região/>
    <ibge>2704302</ibge>
    <gia/>
    <ddd>82</ddd>
    <siafi>2785</siafi>
  </cep>
  <cep>
    <cep>57080-536</cep>
    <logradouro>Rua Geógrafo Ivan Fernandes Lima</logradouro>
    <complemento/>
    <unidade/>
    <bairro>Jardim Petrópolis</bairro>
    <localidade>Maceió</localidade>
    <uf>AL</uf>
    <estado>Alagoas</estado>
    <região/>
    <ibge>2704302</ibge>
    <gia/>
    <ddd>82</ddd>
    <siafi>2785</siafi>
  </cep>
  <cep>
    <cep>57080-525</cep>
    <logradouro>Rua Doutor José Camelo Júnior</logradouro>
    <complemento/>
    <unidade/>
    <bairro>Jardim Petrópolis</bairro>
    <localidade>Maceió</localidade>
    <uf>AL</uf>
    <estado>Alagoas</estado>
    <região/>
    <ibge>2704302</ibge>
    <gia/>
    <ddd>82</ddd>
    <siafi>2785</siafi>
  </cep>
  <cep>
    <cep>57080-537</cep>
    <logradouro>Rua em Projeto 15</logradouro>
    <complemento>(Aldebaran Beta)</complemento>
    <unidade/>
    <bairro>Jardim Petrópolis</bairro>
    <localidade>Maceió</localidade>
    <uf>AL</uf>
    <estado>Alagoas</estado>
    <região/>
    <ibge>2704302</ibge>
    <gia/>
    <ddd>82</ddd>
    <siafi>2785</siafi>
  </cep>
  <cep>
    <cep>57080-547</cep>
    <logradouro>Condomínio Residencial Aldebaran Alfa</logradouro>
    <complemento/>
    <unidade/>
    <bairro>Jardim Petrópolis</bairro>
    <localidade>Maceió</localidade>
    <uf>AL</uf>
    <estado>Alagoas</estado>
    <região/>
    <ibge>2704302</ibge>
    <gia/>
    <ddd>82</ddd>
    <siafi>2785</siafi>
  </cep>
  <cep>
    <cep>57080-084</cep>
    <logradouro>3ª Travessa Jequiá</logradouro>
    <complemento/>
    <unidade/>
    <bairro>Canaã</bairro>
    <localidade>Maceió</localidade>
    <uf>AL</uf>
    <estado>Alagoas</estado>
    <região/>
    <ibge>2704302</ibge>
    <gia/>
    <ddd>82</ddd>
    <siafi>2785</siafi>
  </cep>
  <cep>
    <cep>57075-837</cep>
    <logradouro>Rua Carlos Neto</logradouro>
    <complemento/>
    <unidade/>
    <bairro>Santos Dumont</bairro>
    <localidade>Maceió</localidade>
    <uf>AL</uf>
    <estado>Alagoas</estado>
    <região/>
    <ibge>2704302</ibge>
    <gia/>
    <ddd>82</ddd>
    <siafi>2785</siafi>
  </cep>
  <cep>
    <cep>57080-539</cep>
    <logradouro>Rua Doutor Humberto Calheiros Nobre</logradouro>
    <complemento>(Aldebaran Beta)</complemento>
    <unidade/>
    <bairro>Jardim Petrópolis</bairro>
    <localidade>Maceió</localidade>
    <uf>AL</uf>
    <estado>Alagoas</estado>
    <região/>
    <ibge>2704302</ibge>
    <gia/>
    <ddd>82</ddd>
    <siafi>2785</siafi>
  </cep>
  <cep>
    <cep>57080-123</cep>
    <logradouro>3ª Travessa Anadia</logradouro>
    <complemento/>
    <unidade/>
    <bairro>Canaã</bairro>
    <localidade>Maceió</localidade>
    <uf>AL</uf>
    <estado>Alagoas</estado>
    <região/>
    <ibge>2704302</ibge>
    <gia/>
    <ddd>82</ddd>
    <siafi>2785</siafi>
  </cep>
  <cep>
    <cep>57080-548</cep>
    <logradouro>Condomínio Residencial Aldebaran Ômega</logradouro>
    <complemento/>
    <unidade/>
    <bairro>Jardim Petrópolis</bairro>
    <localidade>Maceió</localidade>
    <uf>AL</uf>
    <estado>Alagoas</estado>
    <região/>
    <ibge>2704302</ibge>
    <gia/>
    <ddd>82</ddd>
    <siafi>2785</siafi>
  </cep>
  <cep>
    <cep>57080-120</cep>
    <logradouro>Rua Anadia</logradouro>
    <complemento/>
    <unidade/>
    <bairro>Canaã</bairro>
    <localidade>Maceió</localidade>
    <uf>AL</uf>
    <estado>Alagoas</estado>
    <região/>
    <ibge>2704302</ibge>
    <gia/>
    <ddd>82</ddd>
    <siafi>2785</siafi>
  </cep>
  <cep>
    <cep>57080-036</cep>
    <logradouro>3ª Travessa Piaçabuçu</logradouro>
    <complemento/>
    <unidade/>
    <bairro>Canaã</bairro>
    <localidade>Maceió</localidade>
    <uf>AL</uf>
    <estado>Alagoas</estado>
    <região/>
    <ibge>2704302</ibge>
    <gia/>
    <ddd>82</ddd>
    <siafi>2785</siafi>
  </cep>
  <cep>
    <cep>57080-505</cep>
    <logradouro>Rua Despachante Jerônimo Macieira</logradouro>
    <complemento/>
    <unidade/>
    <bairro>Jardim Petrópolis</bairro>
    <localidade>Maceió</localidade>
    <uf>AL</uf>
    <estado>Alagoas</estado>
    <região/>
    <ibge>2704302</ibge>
    <gia/>
    <ddd>82</ddd>
    <siafi>2785</siafi>
  </cep>
  <cep>
    <cep>57080-520</cep>
    <logradouro>Rua Hermes Martins de Melo</logradouro>
    <complemento/>
    <unidade/>
    <bairro>Jardim Petrópolis</bairro>
    <localidade>Maceió</localidade>
    <uf>AL</uf>
    <estado>Alagoas</estado>
    <região/>
    <ibge>2704302</ibge>
    <gia/>
    <ddd>82</ddd>
    <siafi>2785</siafi>
  </cep>
  <cep>
    <cep>57080-470</cep>
    <logradouro>Rua Coruripe</logradouro>
    <complemento/>
    <unidade/>
    <bairro>Canaã</bairro>
    <localidade>Maceió</localidade>
    <uf>AL</uf>
    <estado>Alagoas</estado>
    <região/>
    <ibge>2704302</ibge>
    <gia/>
    <ddd>82</ddd>
    <siafi>2785</siafi>
  </cep>
  <cep>
    <cep>57080-122</cep>
    <logradouro>2ª Travessa Anadia</logradouro>
    <complemento/>
    <unidade/>
    <bairro>Canaã</bairro>
    <localidade>Maceió</localidade>
    <uf>AL</uf>
    <estado>Alagoas</estado>
    <região/>
    <ibge>2704302</ibge>
    <gia/>
    <ddd>82</ddd>
    <siafi>2785</siafi>
  </cep>
  <cep>
    <cep>57080-530</cep>
    <logradouro>Rua José Paizinho da Silva</logradouro>
    <complemento/>
    <unidade/>
    <bairro>Jardim Petrópolis</bairro>
    <localidade>Maceió</localidade>
    <uf>AL</uf>
    <estado>Alagoas</estado>
    <região/>
    <ibge>2704302</ibge>
    <gia/>
    <ddd>82</ddd>
    <siafi>2785</siafi>
  </cep>
  <cep>
    <cep>57080-553</cep>
    <logradouro>Rua Leda Collor de Mello</logradouro>
    <complemento>(Aldebaran Beta)</complemento>
    <unidade/>
    <bairro>Jardim Petrópolis</bairro>
    <localidade>Maceió</localidade>
    <uf>AL</uf>
    <estado>Alagoas</estado>
    <região/>
    <ibge>2704302</ibge>
    <gia/>
    <ddd>82</ddd>
    <siafi>2785</siafi>
  </cep>
  <cep>
    <cep>57080-554</cep>
    <logradouro>Rua Doutor Diógenes Tenório de Albuquerque</logradouro>
    <complemento>(Aldebaran Beta)</complemento>
    <unidade/>
    <bairro>Jardim Petrópolis</bairro>
    <localidade>Maceió</localidade>
    <uf>AL</uf>
    <estado>Alagoas</estado>
    <região/>
    <ibge>2704302</ibge>
    <gia/>
    <ddd>82</ddd>
    <siafi>2785</siafi>
  </cep>
  <cep>
    <cep>57080-556</cep>
    <logradouro>Rua Laura Maria Azevedo Lessa Barreto</logradouro>
    <complemento>(Aldebaran Beta)</complemento>
    <unidade/>
    <bairro>Jardim Petrópolis</bairro>
    <localidade>Maceió</localidade>
    <uf>AL</uf>
    <estado>Alagoas</estado>
    <região/>
    <ibge>2704302</ibge>
    <gia/>
    <ddd>82</ddd>
    <siafi>2785</siafi>
  </cep>
  <cep>
    <cep>57080-568</cep>
    <logradouro>Rua Jornalista Arnoldo Jambo</logradouro>
    <complemento>(Aldebaran Beta)</complemento>
    <unidade/>
    <bairro>Jardim Petrópolis</bairro>
    <localidade>Maceió</localidade>
    <uf>AL</uf>
    <estado>Alagoas</estado>
    <região/>
    <ibge>2704302</ibge>
    <gia/>
    <ddd>82</ddd>
    <siafi>2785</siafi>
  </cep>
  <cep>
    <cep>57080-552</cep>
    <logradouro>Rua Professor Pedro Teixeira de Vasconcelos</logradouro>
    <complemento>(Aldebaran Beta)</complemento>
    <unidade/>
    <bairro>Jardim Petrópolis</bairro>
    <localidade>Maceió</localidade>
    <uf>AL</uf>
    <estado>Alagoas</estado>
    <região/>
    <ibge>2704302</ibge>
    <gia/>
    <ddd>82</ddd>
    <siafi>2785</siafi>
  </cep>
  <cep>
    <cep>57080-601</cep>
    <logradouro>Rua Doutor Raimundo de Azevedo Lessa</logradouro>
    <complemento>(Aldebaran Alfa)</complemento>
    <unidade/>
    <bairro>Jardim Petrópolis</bairro>
    <localidade>Maceió</localidade>
    <uf>AL</uf>
    <estado>Alagoas</estado>
    <região/>
    <ibge>2704302</ibge>
    <gia/>
    <ddd>82</ddd>
    <siafi>2785</siafi>
  </cep>
  <cep>
    <cep>57080-584</cep>
    <logradouro>Rua em Projeto 59</logradouro>
    <complemento>(Aldebaran Ômega)</complemento>
    <unidade/>
    <bairro>Jardim Petrópolis</bairro>
    <localidade>Maceió</localidade>
    <uf>AL</uf>
    <estado>Alagoas</estado>
    <região/>
    <ibge>2704302</ibge>
    <gia/>
    <ddd>82</ddd>
    <siafi>2785</siafi>
  </cep>
  <cep>
    <cep>57080-560</cep>
    <logradouro>Rua Terezinha de Jesus Nunes Wanderley</logradouro>
    <complemento/>
    <unidade/>
    <bairro>Jardim Petrópolis</bairro>
    <localidade>Maceió</localidade>
    <uf>AL</uf>
    <estado>Alagoas</estado>
    <região/>
    <ibge>2704302</ibge>
    <gia/>
    <ddd>82</ddd>
    <siafi>2785</siafi>
  </cep>
  <cep>
    <cep>57080-572</cep>
    <logradouro>Rua em Projeto 71</logradouro>
    <complemento>(Aldebaran Ômega)</complemento>
    <unidade/>
    <bairro>Jardim Petrópolis</bairro>
    <localidade>Maceió</localidade>
    <uf>AL</uf>
    <estado>Alagoas</estado>
    <região/>
    <ibge>2704302</ibge>
    <gia/>
    <ddd>82</ddd>
    <siafi>2785</siafi>
  </cep>
  <cep>
    <cep>57080-593</cep>
    <logradouro>Rua em Projeto 52</logradouro>
    <complemento>(Aldebaran Ômega)</complemento>
    <unidade/>
    <bairro>Jardim Petrópolis</bairro>
    <localidade>Maceió</localidade>
    <uf>AL</uf>
    <estado>Alagoas</estado>
    <região/>
    <ibge>2704302</ibge>
    <gia/>
    <ddd>82</ddd>
    <siafi>2785</siafi>
  </cep>
  <cep>
    <cep>57080-610</cep>
    <logradouro>Rua Projetada 42</logradouro>
    <complemento>(Res Jardim Petrópolis I)</complemento>
    <unidade/>
    <bairro>Jardim Petrópolis</bairro>
    <localidade>Maceió</localidade>
    <uf>AL</uf>
    <estado>Alagoas</estado>
    <região/>
    <ibge>2704302</ibge>
    <gia/>
    <ddd>82</ddd>
    <siafi>2785</siafi>
  </cep>
  <cep>
    <cep>57080-603</cep>
    <logradouro>Rua Doutor João Omena Fireman</logradouro>
    <complemento>(Aldebaran Alfa)</complemento>
    <unidade/>
    <bairro>Jardim Petrópolis</bairro>
    <localidade>Maceió</localidade>
    <uf>AL</uf>
    <estado>Alagoas</estado>
    <região/>
    <ibge>2704302</ibge>
    <gia/>
    <ddd>82</ddd>
    <siafi>2785</siafi>
  </cep>
  <cep>
    <cep>57080-605</cep>
    <logradouro>Rua em Projeto 06</logradouro>
    <complemento>(Aldebaran Alfa)</complemento>
    <unidade/>
    <bairro>Jardim Petrópolis</bairro>
    <localidade>Maceió</localidade>
    <uf>AL</uf>
    <estado>Alagoas</estado>
    <região/>
    <ibge>2704302</ibge>
    <gia/>
    <ddd>82</ddd>
    <siafi>2785</siafi>
  </cep>
  <cep>
    <cep>57080-608</cep>
    <logradouro>Rua Doutor Edson da Rocha Falcão</logradouro>
    <complemento>(Aldebaran Alfa)</complemento>
    <unidade/>
    <bairro>Jardim Petrópolis</bairro>
    <localidade>Maceió</localidade>
    <uf>AL</uf>
    <estado>Alagoas</estado>
    <região/>
    <ibge>2704302</ibge>
    <gia/>
    <ddd>82</ddd>
    <siafi>2785</siafi>
  </cep>
  <cep>
    <cep>57080-611</cep>
    <logradouro>Rua Projetada 43</logradouro>
    <complemento>(Res Jardim Petrópolis I)</complemento>
    <unidade/>
    <bairro>Jardim Petrópolis</bairro>
    <localidade>Maceió</localidade>
    <uf>AL</uf>
    <estado>Alagoas</estado>
    <região/>
    <ibge>2704302</ibge>
    <gia/>
    <ddd>82</ddd>
    <siafi>2785</siafi>
  </cep>
  <cep>
    <cep>57080-582</cep>
    <logradouro>Rua em Projeto 64</logradouro>
    <complemento>(Aldebaran Ômega)</complemento>
    <unidade/>
    <bairro>Jardim Petrópolis</bairro>
    <localidade>Maceió</localidade>
    <uf>AL</uf>
    <estado>Alagoas</estado>
    <região/>
    <ibge>2704302</ibge>
    <gia/>
    <ddd>82</ddd>
    <siafi>2785</siafi>
  </cep>
  <cep>
    <cep>57080-562</cep>
    <logradouro>Rua Benedito Deniz de Moura</logradouro>
    <complemento>(Aldebaran Beta)</complemento>
    <unidade/>
    <bairro>Jardim Petrópolis</bairro>
    <localidade>Maceió</localidade>
    <uf>AL</uf>
    <estado>Alagoas</estado>
    <região/>
    <ibge>2704302</ibge>
    <gia/>
    <ddd>82</ddd>
    <siafi>2785</siafi>
  </cep>
  <cep>
    <cep>57080-569</cep>
    <logradouro>Rua Arthur Verres Domingues</logradouro>
    <complemento>(Aldebaran Beta)</complemento>
    <unidade/>
    <bairro>Jardim Petrópolis</bairro>
    <localidade>Maceió</localidade>
    <uf>AL</uf>
    <estado>Alagoas</estado>
    <região/>
    <ibge>2704302</ibge>
    <gia/>
    <ddd>82</ddd>
    <siafi>2785</siafi>
  </cep>
  <cep>
    <cep>57080-602</cep>
    <logradouro>Rua em Projeto 13</logradouro>
    <complemento>(Aldebaran Alfa)</complemento>
    <unidade/>
    <bairro>Jardim Petrópolis</bairro>
    <localidade>Maceió</localidade>
    <uf>AL</uf>
    <estado>Alagoas</estado>
    <região/>
    <ibge>2704302</ibge>
    <gia/>
    <ddd>82</ddd>
    <siafi>2785</siafi>
  </cep>
  <cep>
    <cep>57080-596</cep>
    <logradouro>Rua Sociólogo Gilberto de Mello Freire</logradouro>
    <complemento>(Aldebaran Alfa)</complemento>
    <unidade/>
    <bairro>Jardim Petrópolis</bairro>
    <localidade>Maceió</localidade>
    <uf>AL</uf>
    <estado>Alagoas</estado>
    <região/>
    <ibge>2704302</ibge>
    <gia/>
    <ddd>82</ddd>
    <siafi>2785</siafi>
  </cep>
  <cep>
    <cep>57080-585</cep>
    <logradouro>Rua em Projeto 58</logradouro>
    <complemento>(Aldebaran Ômega)</complemento>
    <unidade/>
    <bairro>Jardim Petrópolis</bairro>
    <localidade>Maceió</localidade>
    <uf>AL</uf>
    <estado>Alagoas</estado>
    <região/>
    <ibge>2704302</ibge>
    <gia/>
    <ddd>82</ddd>
    <siafi>2785</siafi>
  </cep>
  <cep>
    <cep>57080-607</cep>
    <logradouro>Rua Deputado Júlio França</logradouro>
    <complemento/>
    <unidade/>
    <bairro>Jardim Petrópolis</bairro>
    <localidade>Maceió</localidade>
    <uf>AL</uf>
    <estado>Alagoas</estado>
    <região/>
    <ibge>2704302</ibge>
    <gia/>
    <ddd>82</ddd>
    <siafi>2785</siafi>
  </cep>
  <cep>
    <cep>57080-567</cep>
    <logradouro>Rua Professor Antonio Coelho Neto</logradouro>
    <complemento>(Aldebaran Beta)</complemento>
    <unidade/>
    <bairro>Jardim Petrópolis</bairro>
    <localidade>Maceió</localidade>
    <uf>AL</uf>
    <estado>Alagoas</estado>
    <região/>
    <ibge>2704302</ibge>
    <gia/>
    <ddd>82</ddd>
    <siafi>2785</siafi>
  </cep>
  <cep>
    <cep>57080-571</cep>
    <logradouro>Rua em Projeto 38</logradouro>
    <complemento>(Aldebaran Beta)</complemento>
    <unidade/>
    <bairro>Jardim Petrópolis</bairro>
    <localidade>Maceió</localidade>
    <uf>AL</uf>
    <estado>Alagoas</estado>
    <região/>
    <ibge>2704302</ibge>
    <gia/>
    <ddd>82</ddd>
    <siafi>2785</siafi>
  </cep>
  <cep>
    <cep>57080-555</cep>
    <logradouro>Rua Oswaldo Veloso Rosa</logradouro>
    <complemento/>
    <unidade/>
    <bairro>Jardim Petrópolis</bairro>
    <localidade>Maceió</localidade>
    <uf>AL</uf>
    <estado>Alagoas</estado>
    <região/>
    <ibge>2704302</ibge>
    <gia/>
    <ddd>82</ddd>
    <siafi>2785</siafi>
  </cep>
  <cep>
    <cep>57080-604</cep>
    <logradouro>Rua Doutor Emílio de Maia</logradouro>
    <complemento>(Aldebaran Alfa)</complemento>
    <unidade/>
    <bairro>Jardim Petrópolis</bairro>
    <localidade>Maceió</localidade>
    <uf>AL</uf>
    <estado>Alagoas</estado>
    <região/>
    <ibge>2704302</ibge>
    <gia/>
    <ddd>82</ddd>
    <siafi>2785</siafi>
  </cep>
  <cep>
    <cep>57080-563</cep>
    <logradouro>Rua em Projeto 32</logradouro>
    <complemento>(Aldebaran Beta)</complemento>
    <unidade/>
    <bairro>Jardim Petrópolis</bairro>
    <localidade>Maceió</localidade>
    <uf>AL</uf>
    <estado>Alagoas</estado>
    <região/>
    <ibge>2704302</ibge>
    <gia/>
    <ddd>82</ddd>
    <siafi>2785</siafi>
  </cep>
  <cep>
    <cep>57080-575</cep>
    <logradouro>Rua em Projeto 70</logradouro>
    <complemento>(Aldebaran Ômega)</complemento>
    <unidade/>
    <bairro>Jardim Petrópolis</bairro>
    <localidade>Maceió</localidade>
    <uf>AL</uf>
    <estado>Alagoas</estado>
    <região/>
    <ibge>2704302</ibge>
    <gia/>
    <ddd>82</ddd>
    <siafi>2785</siafi>
  </cep>
  <cep>
    <cep>57080-557</cep>
    <logradouro>Rua em Projeto 40</logradouro>
    <complemento>(Aldebaran Beta)</complemento>
    <unidade/>
    <bairro>Jardim Petrópolis</bairro>
    <localidade>Maceió</localidade>
    <uf>AL</uf>
    <estado>Alagoas</estado>
    <região/>
    <ibge>2704302</ibge>
    <gia/>
    <ddd>82</ddd>
    <siafi>2785</siafi>
  </cep>
  <cep>
    <cep>57080-578</cep>
    <logradouro>Rua em Projeto 65</logradouro>
    <complemento>(Aldebaran Ômega)</complemento>
    <unidade/>
    <bairro>Jardim Petrópolis</bairro>
    <localidade>Maceió</localidade>
    <uf>AL</uf>
    <estado>Alagoas</estado>
    <região/>
    <ibge>2704302</ibge>
    <gia/>
    <ddd>82</ddd>
    <siafi>2785</siafi>
  </cep>
  <cep>
    <cep>57080-591</cep>
    <logradouro>Rua em Projeto 49</logradouro>
    <complemento>(Aldebaran Ômega)</complemento>
    <unidade/>
    <bairro>Jardim Petrópolis</bairro>
    <localidade>Maceió</localidade>
    <uf>AL</uf>
    <estado>Alagoas</estado>
    <região/>
    <ibge>2704302</ibge>
    <gia/>
    <ddd>82</ddd>
    <siafi>2785</siafi>
  </cep>
  <cep>
    <cep>57080-614</cep>
    <logradouro>Rua Projetada 40</logradouro>
    <complemento>(Res Jardim Petrópolis I)</complemento>
    <unidade/>
    <bairro>Jardim Petrópolis</bairro>
    <localidade>Maceió</localidade>
    <uf>AL</uf>
    <estado>Alagoas</estado>
    <região/>
    <ibge>2704302</ibge>
    <gia/>
    <ddd>82</ddd>
    <siafi>2785</siafi>
  </cep>
  <cep>
    <cep>57080-616</cep>
    <logradouro>Rua Projetada 39</logradouro>
    <complemento>(Res Jardim Petrópolis I)</complemento>
    <unidade/>
    <bairro>Jardim Petrópolis</bairro>
    <localidade>Maceió</localidade>
    <uf>AL</uf>
    <estado>Alagoas</estado>
    <região/>
    <ibge>2704302</ibge>
    <gia/>
    <ddd>82</ddd>
    <siafi>2785</siafi>
  </cep>
  <cep>
    <cep>57080-618</cep>
    <logradouro>Rua Projetada 38</logradouro>
    <complemento>(Res Jardim Petrópolis I)</complemento>
    <unidade/>
    <bairro>Jardim Petrópolis</bairro>
    <localidade>Maceió</localidade>
    <uf>AL</uf>
    <estado>Alagoas</estado>
    <região/>
    <ibge>2704302</ibge>
    <gia/>
    <ddd>82</ddd>
    <siafi>2785</siafi>
  </cep>
  <cep>
    <cep>57080-550</cep>
    <logradouro>Avenida Doutor Wenceslau Lindoso de Assis</logradouro>
    <complemento/>
    <unidade/>
    <bairro>Jardim Petrópolis</bairro>
    <localidade>Maceió</localidade>
    <uf>AL</uf>
    <estado>Alagoas</estado>
    <região/>
    <ibge>2704302</ibge>
    <gia/>
    <ddd>82</ddd>
    <siafi>2785</siafi>
  </cep>
  <cep>
    <cep>57080-620</cep>
    <logradouro>Rua Doutor José Reis Calmon</logradouro>
    <complemento/>
    <unidade/>
    <bairro>Jardim Petrópolis</bairro>
    <localidade>Maceió</localidade>
    <uf>AL</uf>
    <estado>Alagoas</estado>
    <região/>
    <ibge>2704302</ibge>
    <gia/>
    <ddd>82</ddd>
    <siafi>2785</siafi>
  </cep>
  <cep>
    <cep>57080-635</cep>
    <logradouro>Rua Grota Poço Azul</logradouro>
    <complemento/>
    <unidade/>
    <bairro>Jardim Petrópolis</bairro>
    <localidade>Maceió</localidade>
    <uf>AL</uf>
    <estado>Alagoas</estado>
    <região/>
    <ibge>2704302</ibge>
    <gia/>
    <ddd>82</ddd>
    <siafi>2785</siafi>
  </cep>
  <cep>
    <cep>57080-642</cep>
    <logradouro>Rua Projetada 47</logradouro>
    <complemento>(Res Flor da Serra)</complemento>
    <unidade/>
    <bairro>Jardim Petrópolis</bairro>
    <localidade>Maceió</localidade>
    <uf>AL</uf>
    <estado>Alagoas</estado>
    <região/>
    <ibge>2704302</ibge>
    <gia/>
    <ddd>82</ddd>
    <siafi>2785</siafi>
  </cep>
  <cep>
    <cep>57080-640</cep>
    <logradouro>Rua Professor Antônio Nemésio de Albuquerque</logradouro>
    <complemento/>
    <unidade/>
    <bairro>Jardim Petrópolis</bairro>
    <localidade>Maceió</localidade>
    <uf>AL</uf>
    <estado>Alagoas</estado>
    <região/>
    <ibge>2704302</ibge>
    <gia/>
    <ddd>82</ddd>
    <siafi>2785</siafi>
  </cep>
  <cep>
    <cep>57080-641</cep>
    <logradouro>Rua Projetada 48</logradouro>
    <complemento>(Cond Flor da Serra)</complemento>
    <unidade/>
    <bairro>Jardim Petrópolis</bairro>
    <localidade>Maceió</localidade>
    <uf>AL</uf>
    <estado>Alagoas</estado>
    <região/>
    <ibge>2704302</ibge>
    <gia/>
    <ddd>82</ddd>
    <siafi>2785</siafi>
  </cep>
  <cep>
    <cep>57080-612</cep>
    <logradouro>Rua Projetada 41</logradouro>
    <complemento>(Res Jardim Petrópolis I)</complemento>
    <unidade/>
    <bairro>Jardim Petrópolis</bairro>
    <localidade>Maceió</localidade>
    <uf>AL</uf>
    <estado>Alagoas</estado>
    <região/>
    <ibge>2704302</ibge>
    <gia/>
    <ddd>82</ddd>
    <siafi>2785</siafi>
  </cep>
  <cep>
    <cep>57080-581</cep>
    <logradouro>Rua em Projeto 48</logradouro>
    <complemento>(Aldebaran Ômega)</complemento>
    <unidade/>
    <bairro>Jardim Petrópolis</bairro>
    <localidade>Maceió</localidade>
    <uf>AL</uf>
    <estado>Alagoas</estado>
    <região/>
    <ibge>2704302</ibge>
    <gia/>
    <ddd>82</ddd>
    <siafi>2785</siafi>
  </cep>
  <cep>
    <cep>57080-644</cep>
    <logradouro>Rua Projetada 51</logradouro>
    <complemento>(Res Flor da Serra)</complemento>
    <unidade/>
    <bairro>Jardim Petrópolis</bairro>
    <localidade>Maceió</localidade>
    <uf>AL</uf>
    <estado>Alagoas</estado>
    <região/>
    <ibge>2704302</ibge>
    <gia/>
    <ddd>82</ddd>
    <siafi>2785</siafi>
  </cep>
  <cep>
    <cep>57080-590</cep>
    <logradouro>Avenida Doutor Durval de Góis Monteiro</logradouro>
    <complemento>lado par</complemento>
    <unidade/>
    <bairro>Jardim Petrópolis</bairro>
    <localidade>Maceió</localidade>
    <uf>AL</uf>
    <estado>Alagoas</estado>
    <região/>
    <ibge>2704302</ibge>
    <gia/>
    <ddd>82</ddd>
    <siafi>2785</siafi>
  </cep>
  <cep>
    <cep>57080-645</cep>
    <logradouro>Rua Projetada 52</logradouro>
    <complemento>(Res Flor da Serra)</complemento>
    <unidade/>
    <bairro>Jardim Petrópolis</bairro>
    <localidade>Maceió</localidade>
    <uf>AL</uf>
    <estado>Alagoas</estado>
    <região/>
    <ibge>2704302</ibge>
    <gia/>
    <ddd>82</ddd>
    <siafi>2785</siafi>
  </cep>
  <cep>
    <cep>57080-599</cep>
    <logradouro>Rua em Projeto 04</logradouro>
    <complemento>(Aldebaran Alfa)</complemento>
    <unidade/>
    <bairro>Jardim Petrópolis</bairro>
    <localidade>Maceió</localidade>
    <uf>AL</uf>
    <estado>Alagoas</estado>
    <região/>
    <ibge>2704302</ibge>
    <gia/>
    <ddd>82</ddd>
    <siafi>2785</siafi>
  </cep>
  <cep>
    <cep>57080-570</cep>
    <logradouro>Rua Albanira Gondim Lamenha</logradouro>
    <complemento/>
    <unidade/>
    <bairro>Jardim Petrópolis</bairro>
    <localidade>Maceió</localidade>
    <uf>AL</uf>
    <estado>Alagoas</estado>
    <região/>
    <ibge>2704302</ibge>
    <gia/>
    <ddd>82</ddd>
    <siafi>2785</siafi>
  </cep>
  <cep>
    <cep>57080-565</cep>
    <logradouro>Rua Governador Theobaldo Barbosa</logradouro>
    <complemento>(Aldebaran Beta)</complemento>
    <unidade/>
    <bairro>Jardim Petrópolis</bairro>
    <localidade>Maceió</localidade>
    <uf>AL</uf>
    <estado>Alagoas</estado>
    <região/>
    <ibge>2704302</ibge>
    <gia/>
    <ddd>82</ddd>
    <siafi>2785</siafi>
  </cep>
  <cep>
    <cep>57080-566</cep>
    <logradouro>Rua Doutor José Amauri Canuto</logradouro>
    <complemento>(Aldebaran Beta)</complemento>
    <unidade/>
    <bairro>Jardim Petrópolis</bairro>
    <localidade>Maceió</localidade>
    <uf>AL</uf>
    <estado>Alagoas</estado>
    <região/>
    <ibge>2704302</ibge>
    <gia/>
    <ddd>82</ddd>
    <siafi>2785</siafi>
  </cep>
  <cep>
    <cep>57080-558</cep>
    <logradouro>Rua Doutor Artur Camelo Veras</logradouro>
    <complemento>(Aldebaran Beta)</complemento>
    <unidade/>
    <bairro>Jardim Petrópolis</bairro>
    <localidade>Maceió</localidade>
    <uf>AL</uf>
    <estado>Alagoas</estado>
    <região/>
    <ibge>2704302</ibge>
    <gia/>
    <ddd>82</ddd>
    <siafi>2785</siafi>
  </cep>
  <cep>
    <cep>57080-589</cep>
    <logradouro>Rua Vera Voronkoff de Olveira</logradouro>
    <complemento/>
    <unidade/>
    <bairro>Jardim Petrópolis</bairro>
    <localidade>Maceió</localidade>
    <uf>AL</uf>
    <estado>Alagoas</estado>
    <região/>
    <ibge>2704302</ibge>
    <gia/>
    <ddd>82</ddd>
    <siafi>2785</siafi>
  </cep>
  <cep>
    <cep>57080-630</cep>
    <logradouro>Alameda Eduardo Saraiva de Moura</logradouro>
    <complemento/>
    <unidade/>
    <bairro>Jardim Petrópolis</bairro>
    <localidade>Maceió</localidade>
    <uf>AL</uf>
    <estado>Alagoas</estado>
    <região/>
    <ibge>2704302</ibge>
    <gia/>
    <ddd>82</ddd>
    <siafi>2785</siafi>
  </cep>
  <cep>
    <cep>57080-583</cep>
    <logradouro>Rua em Projeto 61</logradouro>
    <complemento>(Aldebaran Ômega)</complemento>
    <unidade/>
    <bairro>Jardim Petrópolis</bairro>
    <localidade>Maceió</localidade>
    <uf>AL</uf>
    <estado>Alagoas</estado>
    <região/>
    <ibge>2704302</ibge>
    <gia/>
    <ddd>82</ddd>
    <siafi>2785</siafi>
  </cep>
  <cep>
    <cep>57080-577</cep>
    <logradouro>Rua em Projeto 67</logradouro>
    <complemento>(Aldebaran Ômega)</complemento>
    <unidade/>
    <bairro>Jardim Petrópolis</bairro>
    <localidade>Maceió</localidade>
    <uf>AL</uf>
    <estado>Alagoas</estado>
    <região/>
    <ibge>2704302</ibge>
    <gia/>
    <ddd>82</ddd>
    <siafi>2785</siafi>
  </cep>
  <cep>
    <cep>57080-580</cep>
    <logradouro>Rua Luiz Gonzaga Silveira de Carvalho</logradouro>
    <complemento/>
    <unidade/>
    <bairro>Jardim Petrópolis</bairro>
    <localidade>Maceió</localidade>
    <uf>AL</uf>
    <estado>Alagoas</estado>
    <região/>
    <ibge>2704302</ibge>
    <gia/>
    <ddd>82</ddd>
    <siafi>2785</siafi>
  </cep>
  <cep>
    <cep>57080-600</cep>
    <logradouro>Rua Professor Ronald Cabral de Mendonça Filho</logradouro>
    <complemento>(Aldebaran Alfa)</complemento>
    <unidade/>
    <bairro>Jardim Petrópolis</bairro>
    <localidade>Maceió</localidade>
    <uf>AL</uf>
    <estado>Alagoas</estado>
    <região/>
    <ibge>2704302</ibge>
    <gia/>
    <ddd>82</ddd>
    <siafi>2785</siafi>
  </cep>
  <cep>
    <cep>57080-598</cep>
    <logradouro>Rua Pedro Viana Neto</logradouro>
    <complemento>(Aldebaran Alfa)</complemento>
    <unidade/>
    <bairro>Jardim Petrópolis</bairro>
    <localidade>Maceió</localidade>
    <uf>AL</uf>
    <estado>Alagoas</estado>
    <região/>
    <ibge>2704302</ibge>
    <gia/>
    <ddd>82</ddd>
    <siafi>2785</siafi>
  </cep>
  <cep>
    <cep>57080-597</cep>
    <logradouro>Rua João Athayde Filho</logradouro>
    <complemento>(Aldebaran Alfa)</complemento>
    <unidade/>
    <bairro>Jardim Petrópolis</bairro>
    <localidade>Maceió</localidade>
    <uf>AL</uf>
    <estado>Alagoas</estado>
    <região/>
    <ibge>2704302</ibge>
    <gia/>
    <ddd>82</ddd>
    <siafi>2785</siafi>
  </cep>
  <cep>
    <cep>57080-561</cep>
    <logradouro>Rua Doutor José Martins Filho</logradouro>
    <complemento>(Aldebaran Beta)</complemento>
    <unidade/>
    <bairro>Jardim Petrópolis</bairro>
    <localidade>Maceió</localidade>
    <uf>AL</uf>
    <estado>Alagoas</estado>
    <região/>
    <ibge>2704302</ibge>
    <gia/>
    <ddd>82</ddd>
    <siafi>2785</siafi>
  </cep>
  <cep>
    <cep>57080-576</cep>
    <logradouro>Rua em Projeto 69</logradouro>
    <complemento>(Aldebaran Ômega)</complemento>
    <unidade/>
    <bairro>Jardim Petrópolis</bairro>
    <localidade>Maceió</localidade>
    <uf>AL</uf>
    <estado>Alagoas</estado>
    <região/>
    <ibge>2704302</ibge>
    <gia/>
    <ddd>82</ddd>
    <siafi>2785</siafi>
  </cep>
  <cep>
    <cep>57080-564</cep>
    <logradouro>Rua Doutor Jarbas Lages Lima</logradouro>
    <complemento>(Aldebaran Beta)</complemento>
    <unidade/>
    <bairro>Jardim Petrópolis</bairro>
    <localidade>Maceió</localidade>
    <uf>AL</uf>
    <estado>Alagoas</estado>
    <região/>
    <ibge>2704302</ibge>
    <gia/>
    <ddd>82</ddd>
    <siafi>2785</siafi>
  </cep>
  <cep>
    <cep>57080-643</cep>
    <logradouro>Rua Projetada 49</logradouro>
    <complemento>(Res Flor da Serra)</complemento>
    <unidade/>
    <bairro>Jardim Petrópolis</bairro>
    <localidade>Maceió</localidade>
    <uf>AL</uf>
    <estado>Alagoas</estado>
    <região/>
    <ibge>2704302</ibge>
    <gia/>
    <ddd>82</ddd>
    <siafi>2785</siafi>
  </cep>
  <cep>
    <cep>57080-650</cep>
    <logradouro>Rua Doutor Pedro Cavalcante</logradouro>
    <complemento/>
    <unidade/>
    <bairro>Jardim Petrópolis</bairro>
    <localidade>Maceió</localidade>
    <uf>AL</uf>
    <estado>Alagoas</estado>
    <região/>
    <ibge>2704302</ibge>
    <gia/>
    <ddd>82</ddd>
    <siafi>2785</siafi>
  </cep>
  <cep>
    <cep>57080-670</cep>
    <logradouro>Rua Engenheiro Isaac Gondim</logradouro>
    <complemento/>
    <unidade/>
    <bairro>Jardim Petrópolis</bairro>
    <localidade>Maceió</localidade>
    <uf>AL</uf>
    <estado>Alagoas</estado>
    <região/>
    <ibge>2704302</ibge>
    <gia/>
    <ddd>82</ddd>
    <siafi>2785</siafi>
  </cep>
  <cep>
    <cep>57080-680</cep>
    <logradouro>Rua José Casado da Cunha Lima</logradouro>
    <complemento/>
    <unidade/>
    <bairro>Jardim Petrópolis</bairro>
    <localidade>Maceió</localidade>
    <uf>AL</uf>
    <estado>Alagoas</estado>
    <região/>
    <ibge>2704302</ibge>
    <gia/>
    <ddd>82</ddd>
    <siafi>2785</siafi>
  </cep>
  <cep>
    <cep>57080-690</cep>
    <logradouro>Rua Doutor Rubens Loureiro</logradouro>
    <complemento/>
    <unidade/>
    <bairro>Jardim Petrópolis</bairro>
    <localidade>Maceió</localidade>
    <uf>AL</uf>
    <estado>Alagoas</estado>
    <região/>
    <ibge>2704302</ibge>
    <gia/>
    <ddd>82</ddd>
    <siafi>2785</siafi>
  </cep>
  <cep>
    <cep>57080-730</cep>
    <logradouro>Rua Cabo Gaston Lima e Silva</logradouro>
    <complemento/>
    <unidade/>
    <bairro>Jardim Petrópolis</bairro>
    <localidade>Maceió</localidade>
    <uf>AL</uf>
    <estado>Alagoas</estado>
    <região/>
    <ibge>2704302</ibge>
    <gia/>
    <ddd>82</ddd>
    <siafi>2785</siafi>
  </cep>
  <cep>
    <cep>57080-710</cep>
    <logradouro>Rua Projetada 46</logradouro>
    <complemento>(Res Jardim Petrópolis I)</complemento>
    <unidade/>
    <bairro>Jardim Petrópolis</bairro>
    <localidade>Maceió</localidade>
    <uf>AL</uf>
    <estado>Alagoas</estado>
    <região/>
    <ibge>2704302</ibge>
    <gia/>
    <ddd>82</ddd>
    <siafi>2785</siafi>
  </cep>
  <cep>
    <cep>57080-740</cep>
    <logradouro>Rua Fotógrafo Becker</logradouro>
    <complemento/>
    <unidade/>
    <bairro>Jardim Petrópolis</bairro>
    <localidade>Maceió</localidade>
    <uf>AL</uf>
    <estado>Alagoas</estado>
    <região/>
    <ibge>2704302</ibge>
    <gia/>
    <ddd>82</ddd>
    <siafi>2785</siafi>
  </cep>
  <cep>
    <cep>57080-770</cep>
    <logradouro>Rua Doutor Albert Bruce Sabim</logradouro>
    <complemento/>
    <unidade/>
    <bairro>Jardim Petrópolis</bairro>
    <localidade>Maceió</localidade>
    <uf>AL</uf>
    <estado>Alagoas</estado>
    <região/>
    <ibge>2704302</ibge>
    <gia/>
    <ddd>82</ddd>
    <siafi>2785</siafi>
  </cep>
  <cep>
    <cep>57080-760</cep>
    <logradouro>Rua Projetada 45</logradouro>
    <complemento>(Res Jardim Petrópolis I)</complemento>
    <unidade/>
    <bairro>Jardim Petrópolis</bairro>
    <localidade>Maceió</localidade>
    <uf>AL</uf>
    <estado>Alagoas</estado>
    <região/>
    <ibge>2704302</ibge>
    <gia/>
    <ddd>82</ddd>
    <siafi>2785</siafi>
  </cep>
  <cep>
    <cep>57080-750</cep>
    <logradouro>Rua Coronel José Cavalcante Maranhão</logradouro>
    <complemento/>
    <unidade/>
    <bairro>Jardim Petrópolis</bairro>
    <localidade>Maceió</localidade>
    <uf>AL</uf>
    <estado>Alagoas</estado>
    <região/>
    <ibge>2704302</ibge>
    <gia/>
    <ddd>82</ddd>
    <siafi>2785</siafi>
  </cep>
  <cep>
    <cep>57080-780</cep>
    <logradouro>Rua Projetada 44</logradouro>
    <complemento>(Res Jardim Petrópolis I)</complemento>
    <unidade/>
    <bairro>Jardim Petrópolis</bairro>
    <localidade>Maceió</localidade>
    <uf>AL</uf>
    <estado>Alagoas</estado>
    <região/>
    <ibge>2704302</ibge>
    <gia/>
    <ddd>82</ddd>
    <siafi>2785</siafi>
  </cep>
  <cep>
    <cep>57080-700</cep>
    <logradouro>Rua Luiz Gonzaga de Sá</logradouro>
    <complemento/>
    <unidade/>
    <bairro>Jardim Petrópolis</bairro>
    <localidade>Maceió</localidade>
    <uf>AL</uf>
    <estado>Alagoas</estado>
    <região/>
    <ibge>2704302</ibge>
    <gia/>
    <ddd>82</ddd>
    <siafi>2785</siafi>
  </cep>
  <cep>
    <cep>57080-790</cep>
    <logradouro>Rua Industrial Aloísio Nogueira</logradouro>
    <complemento/>
    <unidade/>
    <bairro>Jardim Petrópolis</bairro>
    <localidade>Maceió</localidade>
    <uf>AL</uf>
    <estado>Alagoas</estado>
    <região/>
    <ibge>2704302</ibge>
    <gia/>
    <ddd>82</ddd>
    <siafi>2785</siafi>
  </cep>
  <cep>
    <cep>57080-810</cep>
    <logradouro>Rua Deputado Castro Filho</logradouro>
    <complemento/>
    <unidade/>
    <bairro>Jardim Petrópolis</bairro>
    <localidade>Maceió</localidade>
    <uf>AL</uf>
    <estado>Alagoas</estado>
    <região/>
    <ibge>2704302</ibge>
    <gia/>
    <ddd>82</ddd>
    <siafi>2785</siafi>
  </cep>
  <cep>
    <cep>57080-820</cep>
    <logradouro>Rua Deputado Mário Gomes de Barros</logradouro>
    <complemento/>
    <unidade/>
    <bairro>Jardim Petrópolis</bairro>
    <localidade>Maceió</localidade>
    <uf>AL</uf>
    <estado>Alagoas</estado>
    <região/>
    <ibge>2704302</ibge>
    <gia/>
    <ddd>82</ddd>
    <siafi>2785</siafi>
  </cep>
  <cep>
    <cep>57080-830</cep>
    <logradouro>Rua Empresário Paulo Jacinto Tenório Neto</logradouro>
    <complemento/>
    <unidade/>
    <bairro>Jardim Petrópolis</bairro>
    <localidade>Maceió</localidade>
    <uf>AL</uf>
    <estado>Alagoas</estado>
    <região/>
    <ibge>2704302</ibge>
    <gia/>
    <ddd>82</ddd>
    <siafi>2785</siafi>
  </cep>
  <cep>
    <cep>57080-840</cep>
    <logradouro>Rua Poeta Alves de Amorim</logradouro>
    <complemento/>
    <unidade/>
    <bairro>Jardim Petrópolis</bairro>
    <localidade>Maceió</localidade>
    <uf>AL</uf>
    <estado>Alagoas</estado>
    <região/>
    <ibge>2704302</ibge>
    <gia/>
    <ddd>82</ddd>
    <siafi>2785</siafi>
  </cep>
  <cep>
    <cep>57080-850</cep>
    <logradouro>Rua Amália Moura de Souza</logradouro>
    <complemento/>
    <unidade/>
    <bairro>Jardim Petrópolis</bairro>
    <localidade>Maceió</localidade>
    <uf>AL</uf>
    <estado>Alagoas</estado>
    <região/>
    <ibge>2704302</ibge>
    <gia/>
    <ddd>82</ddd>
    <siafi>2785</siafi>
  </cep>
  <cep>
    <cep>57080-890</cep>
    <logradouro>Rua Aníbal Torres</logradouro>
    <complemento/>
    <unidade/>
    <bairro>Jardim Petrópolis</bairro>
    <localidade>Maceió</localidade>
    <uf>AL</uf>
    <estado>Alagoas</estado>
    <região/>
    <ibge>2704302</ibge>
    <gia/>
    <ddd>82</ddd>
    <siafi>2785</siafi>
  </cep>
  <cep>
    <cep>57080-880</cep>
    <logradouro>Rua Antônio Correia da Silva</logradouro>
    <complemento/>
    <unidade/>
    <bairro>Jardim Petrópolis</bairro>
    <localidade>Maceió</localidade>
    <uf>AL</uf>
    <estado>Alagoas</estado>
    <região/>
    <ibge>2704302</ibge>
    <gia/>
    <ddd>82</ddd>
    <siafi>2785</siafi>
  </cep>
  <cep>
    <cep>57081-002</cep>
    <logradouro>Travessa Governador Luiz Cavalcante</logradouro>
    <complemento/>
    <unidade/>
    <bairro>Tabuleiro do Martins</bairro>
    <localidade>Maceió</localidade>
    <uf>AL</uf>
    <estado>Alagoas</estado>
    <região/>
    <ibge>2704302</ibge>
    <gia/>
    <ddd>82</ddd>
    <siafi>2785</siafi>
  </cep>
  <cep>
    <cep>57080-870</cep>
    <logradouro>Rua Deputado Armando Lages</logradouro>
    <complemento/>
    <unidade/>
    <bairro>Jardim Petrópolis</bairro>
    <localidade>Maceió</localidade>
    <uf>AL</uf>
    <estado>Alagoas</estado>
    <região/>
    <ibge>2704302</ibge>
    <gia/>
    <ddd>82</ddd>
    <siafi>2785</siafi>
  </cep>
  <cep>
    <cep>57080-860</cep>
    <logradouro>Rua Antônio Francisco Antunes</logradouro>
    <complemento/>
    <unidade/>
    <bairro>Jardim Petrópolis</bairro>
    <localidade>Maceió</localidade>
    <uf>AL</uf>
    <estado>Alagoas</estado>
    <região/>
    <ibge>2704302</ibge>
    <gia/>
    <ddd>82</ddd>
    <siafi>2785</siafi>
  </cep>
  <cep>
    <cep>57081-004</cep>
    <logradouro>Rua Sombra dos Eucaliptos</logradouro>
    <complemento/>
    <unidade/>
    <bairro>Tabuleiro do Martins</bairro>
    <localidade>Maceió</localidade>
    <uf>AL</uf>
    <estado>Alagoas</estado>
    <região/>
    <ibge>2704302</ibge>
    <gia/>
    <ddd>82</ddd>
    <siafi>2785</siafi>
  </cep>
  <cep>
    <cep>57081-000</cep>
    <logradouro>Rua João José Pereira Filho</logradouro>
    <complemento/>
    <unidade/>
    <bairro>Tabuleiro do Martins</bairro>
    <localidade>Maceió</localidade>
    <uf>AL</uf>
    <estado>Alagoas</estado>
    <região/>
    <ibge>2704302</ibge>
    <gia/>
    <ddd>82</ddd>
    <siafi>2785</siafi>
  </cep>
  <cep>
    <cep>57080-900</cep>
    <logradouro>Avenida Hélio de Castro Vasconcelos</logradouro>
    <complemento>s/n</complemento>
    <unidade>Condomínio Aldebaran</unidade>
    <bairro>Jardim Petrópolis</bairro>
    <localidade>Maceió</localidade>
    <uf>AL</uf>
    <estado>Alagoas</estado>
    <região/>
    <ibge>2704302</ibge>
    <gia/>
    <ddd>82</ddd>
    <siafi>2785</siafi>
  </cep>
  <cep>
    <cep>57081-007</cep>
    <logradouro>Rua Pastor Tavares</logradouro>
    <complemento/>
    <unidade/>
    <bairro>Tabuleiro do Martins</bairro>
    <localidade>Maceió</localidade>
    <uf>AL</uf>
    <estado>Alagoas</estado>
    <região/>
    <ibge>2704302</ibge>
    <gia/>
    <ddd>82</ddd>
    <siafi>2785</siafi>
  </cep>
  <cep>
    <cep>57081-005</cep>
    <logradouro>Rua em Projeto E</logradouro>
    <complemento>(Lot Jardim Formosa)</complemento>
    <unidade/>
    <bairro>Tabuleiro do Martins</bairro>
    <localidade>Maceió</localidade>
    <uf>AL</uf>
    <estado>Alagoas</estado>
    <região/>
    <ibge>2704302</ibge>
    <gia/>
    <ddd>82</ddd>
    <siafi>2785</siafi>
  </cep>
  <cep>
    <cep>57081-006</cep>
    <logradouro>Rua das Violetas</logradouro>
    <complemento/>
    <unidade/>
    <bairro>Tabuleiro do Martins</bairro>
    <localidade>Maceió</localidade>
    <uf>AL</uf>
    <estado>Alagoas</estado>
    <região/>
    <ibge>2704302</ibge>
    <gia/>
    <ddd>82</ddd>
    <siafi>2785</siafi>
  </cep>
  <cep>
    <cep>57081-008</cep>
    <logradouro>Rua das Carmélias</logradouro>
    <complemento/>
    <unidade/>
    <bairro>Tabuleiro do Martins</bairro>
    <localidade>Maceió</localidade>
    <uf>AL</uf>
    <estado>Alagoas</estado>
    <região/>
    <ibge>2704302</ibge>
    <gia/>
    <ddd>82</ddd>
    <siafi>2785</siafi>
  </cep>
  <cep>
    <cep>57081-009</cep>
    <logradouro>Rua dos Jasmim</logradouro>
    <complemento/>
    <unidade/>
    <bairro>Tabuleiro do Martins</bairro>
    <localidade>Maceió</localidade>
    <uf>AL</uf>
    <estado>Alagoas</estado>
    <região/>
    <ibge>2704302</ibge>
    <gia/>
    <ddd>82</ddd>
    <siafi>2785</siafi>
  </cep>
  <cep>
    <cep>57081-010</cep>
    <logradouro>Avenida Carlos Gomes de Barros</logradouro>
    <complemento/>
    <unidade/>
    <bairro>Tabuleiro do Martins</bairro>
    <localidade>Maceió</localidade>
    <uf>AL</uf>
    <estado>Alagoas</estado>
    <região/>
    <ibge>2704302</ibge>
    <gia/>
    <ddd>82</ddd>
    <siafi>2785</siafi>
  </cep>
  <cep>
    <cep>57081-011</cep>
    <logradouro>Rua dos Lilazes</logradouro>
    <complemento/>
    <unidade/>
    <bairro>Tabuleiro do Martins</bairro>
    <localidade>Maceió</localidade>
    <uf>AL</uf>
    <estado>Alagoas</estado>
    <região/>
    <ibge>2704302</ibge>
    <gia/>
    <ddd>82</ddd>
    <siafi>2785</siafi>
  </cep>
  <cep>
    <cep>57081-012</cep>
    <logradouro>Rua das Orquídeas</logradouro>
    <complemento/>
    <unidade/>
    <bairro>Tabuleiro do Martins</bairro>
    <localidade>Maceió</localidade>
    <uf>AL</uf>
    <estado>Alagoas</estado>
    <região/>
    <ibge>2704302</ibge>
    <gia/>
    <ddd>82</ddd>
    <siafi>2785</siafi>
  </cep>
  <cep>
    <cep>57081-013</cep>
    <logradouro>Rua Nordestina</logradouro>
    <complemento/>
    <unidade/>
    <bairro>Tabuleiro do Martins</bairro>
    <localidade>Maceió</localidade>
    <uf>AL</uf>
    <estado>Alagoas</estado>
    <região/>
    <ibge>2704302</ibge>
    <gia/>
    <ddd>82</ddd>
    <siafi>2785</siafi>
  </cep>
  <cep>
    <cep>57081-014</cep>
    <logradouro>Rua Central</logradouro>
    <complemento/>
    <unidade/>
    <bairro>Tabuleiro do Martins</bairro>
    <localidade>Maceió</localidade>
    <uf>AL</uf>
    <estado>Alagoas</estado>
    <região/>
    <ibge>2704302</ibge>
    <gia/>
    <ddd>82</ddd>
    <siafi>2785</siafi>
  </cep>
  <cep>
    <cep>57081-015</cep>
    <logradouro>Avenida Vereador Dário Marsíglia</logradouro>
    <complemento/>
    <unidade/>
    <bairro>Tabuleiro do Martins</bairro>
    <localidade>Maceió</localidade>
    <uf>AL</uf>
    <estado>Alagoas</estado>
    <região/>
    <ibge>2704302</ibge>
    <gia/>
    <ddd>82</ddd>
    <siafi>2785</siafi>
  </cep>
  <cep>
    <cep>57081-021</cep>
    <logradouro>Rua José Vieira</logradouro>
    <complemento>(Lot T Novo)</complemento>
    <unidade/>
    <bairro>Tabuleiro do Martins</bairro>
    <localidade>Maceió</localidade>
    <uf>AL</uf>
    <estado>Alagoas</estado>
    <região/>
    <ibge>2704302</ibge>
    <gia/>
    <ddd>82</ddd>
    <siafi>2785</siafi>
  </cep>
  <cep>
    <cep>57081-035</cep>
    <logradouro>Rua Tenente Áureo de Azevedo</logradouro>
    <complemento/>
    <unidade/>
    <bairro>Tabuleiro do Martins</bairro>
    <localidade>Maceió</localidade>
    <uf>AL</uf>
    <estado>Alagoas</estado>
    <região/>
    <ibge>2704302</ibge>
    <gia/>
    <ddd>82</ddd>
    <siafi>2785</siafi>
  </cep>
  <cep>
    <cep>57081-042</cep>
    <logradouro>Travessa Santa Cruz</logradouro>
    <complemento/>
    <unidade/>
    <bairro>Tabuleiro do Martins</bairro>
    <localidade>Maceió</localidade>
    <uf>AL</uf>
    <estado>Alagoas</estado>
    <região/>
    <ibge>2704302</ibge>
    <gia/>
    <ddd>82</ddd>
    <siafi>2785</siafi>
  </cep>
  <cep>
    <cep>57081-040</cep>
    <logradouro>Rua José Bandeira Bastos</logradouro>
    <complemento/>
    <unidade/>
    <bairro>Tabuleiro do Martins</bairro>
    <localidade>Maceió</localidade>
    <uf>AL</uf>
    <estado>Alagoas</estado>
    <região/>
    <ibge>2704302</ibge>
    <gia/>
    <ddd>82</ddd>
    <siafi>2785</siafi>
  </cep>
  <cep>
    <cep>57081-045</cep>
    <logradouro>Rua Maria de Fátima Nobre Soares</logradouro>
    <complemento/>
    <unidade/>
    <bairro>Tabuleiro do Martins</bairro>
    <localidade>Maceió</localidade>
    <uf>AL</uf>
    <estado>Alagoas</estado>
    <região/>
    <ibge>2704302</ibge>
    <gia/>
    <ddd>82</ddd>
    <siafi>2785</siafi>
  </cep>
  <cep>
    <cep>57081-050</cep>
    <logradouro>Rua José Sales Pitombeira</logradouro>
    <complemento/>
    <unidade/>
    <bairro>Tabuleiro do Martins</bairro>
    <localidade>Maceió</localidade>
    <uf>AL</uf>
    <estado>Alagoas</estado>
    <região/>
    <ibge>2704302</ibge>
    <gia/>
    <ddd>82</ddd>
    <siafi>2785</siafi>
  </cep>
  <cep>
    <cep>57081-060</cep>
    <logradouro>Rua José Correia Torres</logradouro>
    <complemento/>
    <unidade/>
    <bairro>Tabuleiro do Martins</bairro>
    <localidade>Maceió</localidade>
    <uf>AL</uf>
    <estado>Alagoas</estado>
    <região/>
    <ibge>2704302</ibge>
    <gia/>
    <ddd>82</ddd>
    <siafi>2785</siafi>
  </cep>
  <cep>
    <cep>57081-070</cep>
    <logradouro>Rua Romeu de Avelar</logradouro>
    <complemento/>
    <unidade/>
    <bairro>Tabuleiro do Martins</bairro>
    <localidade>Maceió</localidade>
    <uf>AL</uf>
    <estado>Alagoas</estado>
    <região/>
    <ibge>2704302</ibge>
    <gia/>
    <ddd>82</ddd>
    <siafi>2785</siafi>
  </cep>
  <cep>
    <cep>57081-065</cep>
    <logradouro>Rua Antônio Davi Lins</logradouro>
    <complemento/>
    <unidade/>
    <bairro>Tabuleiro do Martins</bairro>
    <localidade>Maceió</localidade>
    <uf>AL</uf>
    <estado>Alagoas</estado>
    <região/>
    <ibge>2704302</ibge>
    <gia/>
    <ddd>82</ddd>
    <siafi>2785</siafi>
  </cep>
  <cep>
    <cep>57081-071</cep>
    <logradouro>Rua Codeal</logradouro>
    <complemento/>
    <unidade/>
    <bairro>Tabuleiro do Martins</bairro>
    <localidade>Maceió</localidade>
    <uf>AL</uf>
    <estado>Alagoas</estado>
    <região/>
    <ibge>2704302</ibge>
    <gia/>
    <ddd>82</ddd>
    <siafi>2785</siafi>
  </cep>
  <cep>
    <cep>57081-062</cep>
    <logradouro>Travessa Nordestina</logradouro>
    <complemento/>
    <unidade/>
    <bairro>Tabuleiro do Martins</bairro>
    <localidade>Maceió</localidade>
    <uf>AL</uf>
    <estado>Alagoas</estado>
    <região/>
    <ibge>2704302</ibge>
    <gia/>
    <ddd>82</ddd>
    <siafi>2785</siafi>
  </cep>
  <cep>
    <cep>57081-055</cep>
    <logradouro>Rua José Brito Lisboa</logradouro>
    <complemento/>
    <unidade/>
    <bairro>Tabuleiro do Martins</bairro>
    <localidade>Maceió</localidade>
    <uf>AL</uf>
    <estado>Alagoas</estado>
    <região/>
    <ibge>2704302</ibge>
    <gia/>
    <ddd>82</ddd>
    <siafi>2785</siafi>
  </cep>
  <cep>
    <cep>57081-072</cep>
    <logradouro>Travessa Codeal</logradouro>
    <complemento/>
    <unidade/>
    <bairro>Tabuleiro do Martins</bairro>
    <localidade>Maceió</localidade>
    <uf>AL</uf>
    <estado>Alagoas</estado>
    <região/>
    <ibge>2704302</ibge>
    <gia/>
    <ddd>82</ddd>
    <siafi>2785</siafi>
  </cep>
  <cep>
    <cep>57081-073</cep>
    <logradouro>Via Secundária 9</logradouro>
    <complemento>(Distrito Industrial)</complemento>
    <unidade/>
    <bairro>Tabuleiro do Martins</bairro>
    <localidade>Maceió</localidade>
    <uf>AL</uf>
    <estado>Alagoas</estado>
    <região/>
    <ibge>2704302</ibge>
    <gia/>
    <ddd>82</ddd>
    <siafi>2785</siafi>
  </cep>
  <cep>
    <cep>57081-075</cep>
    <logradouro>Rua Pedro Domingos da Silva</logradouro>
    <complemento/>
    <unidade/>
    <bairro>Tabuleiro do Martins</bairro>
    <localidade>Maceió</localidade>
    <uf>AL</uf>
    <estado>Alagoas</estado>
    <região/>
    <ibge>2704302</ibge>
    <gia/>
    <ddd>82</ddd>
    <siafi>2785</siafi>
  </cep>
  <cep>
    <cep>57081-080</cep>
    <logradouro>Rua Eduardo Pinheiro Lôbo</logradouro>
    <complemento/>
    <unidade/>
    <bairro>Tabuleiro do Martins</bairro>
    <localidade>Maceió</localidade>
    <uf>AL</uf>
    <estado>Alagoas</estado>
    <região/>
    <ibge>2704302</ibge>
    <gia/>
    <ddd>82</ddd>
    <siafi>2785</siafi>
  </cep>
  <cep>
    <cep>57081-085</cep>
    <logradouro>Rua João Farias Filho</logradouro>
    <complemento/>
    <unidade/>
    <bairro>Tabuleiro do Martins</bairro>
    <localidade>Maceió</localidade>
    <uf>AL</uf>
    <estado>Alagoas</estado>
    <região/>
    <ibge>2704302</ibge>
    <gia/>
    <ddd>82</ddd>
    <siafi>2785</siafi>
  </cep>
  <cep>
    <cep>57081-087</cep>
    <logradouro>Rua N</logradouro>
    <complemento>(Cj José Maria de Melo)</complemento>
    <unidade/>
    <bairro>Tabuleiro do Martins</bairro>
    <localidade>Maceió</localidade>
    <uf>AL</uf>
    <estado>Alagoas</estado>
    <região/>
    <ibge>2704302</ibge>
    <gia/>
    <ddd>82</ddd>
    <siafi>2785</siafi>
  </cep>
  <cep>
    <cep>57081-086</cep>
    <logradouro>Rua M</logradouro>
    <complemento>(Cj José Maria de Melo)</complemento>
    <unidade/>
    <bairro>Tabuleiro do Martins</bairro>
    <localidade>Maceió</localidade>
    <uf>AL</uf>
    <estado>Alagoas</estado>
    <região/>
    <ibge>2704302</ibge>
    <gia/>
    <ddd>82</ddd>
    <siafi>2785</siafi>
  </cep>
  <cep>
    <cep>57081-089</cep>
    <logradouro>Rua P</logradouro>
    <complemento>(Cj José Maria de Melo)</complemento>
    <unidade/>
    <bairro>Tabuleiro do Martins</bairro>
    <localidade>Maceió</localidade>
    <uf>AL</uf>
    <estado>Alagoas</estado>
    <região/>
    <ibge>2704302</ibge>
    <gia/>
    <ddd>82</ddd>
    <siafi>2785</siafi>
  </cep>
  <cep>
    <cep>57081-090</cep>
    <logradouro>Rua Bernardino de Souza Ferreira</logradouro>
    <complemento/>
    <unidade/>
    <bairro>Tabuleiro do Martins</bairro>
    <localidade>Maceió</localidade>
    <uf>AL</uf>
    <estado>Alagoas</estado>
    <região/>
    <ibge>2704302</ibge>
    <gia/>
    <ddd>82</ddd>
    <siafi>2785</siafi>
  </cep>
  <cep>
    <cep>57081-092</cep>
    <logradouro>Rua dos Carcarás</logradouro>
    <complemento>(Lot Rec dos Pássaros)</complemento>
    <unidade/>
    <bairro>Tabuleiro do Martins</bairro>
    <localidade>Maceió</localidade>
    <uf>AL</uf>
    <estado>Alagoas</estado>
    <região/>
    <ibge>2704302</ibge>
    <gia/>
    <ddd>82</ddd>
    <siafi>2785</siafi>
  </cep>
  <cep>
    <cep>57081-093</cep>
    <logradouro>Rua das Graúnas</logradouro>
    <complemento>(Lot Rec dos Pássaros)</complemento>
    <unidade/>
    <bairro>Tabuleiro do Martins</bairro>
    <localidade>Maceió</localidade>
    <uf>AL</uf>
    <estado>Alagoas</estado>
    <região/>
    <ibge>2704302</ibge>
    <gia/>
    <ddd>82</ddd>
    <siafi>2785</siafi>
  </cep>
  <cep>
    <cep>57081-088</cep>
    <logradouro>Rua O</logradouro>
    <complemento>(Cj José Maria de Melo)</complemento>
    <unidade/>
    <bairro>Tabuleiro do Martins</bairro>
    <localidade>Maceió</localidade>
    <uf>AL</uf>
    <estado>Alagoas</estado>
    <região/>
    <ibge>2704302</ibge>
    <gia/>
    <ddd>82</ddd>
    <siafi>2785</siafi>
  </cep>
  <cep>
    <cep>57081-094</cep>
    <logradouro>Rua Patio da Feira</logradouro>
    <complemento/>
    <unidade/>
    <bairro>Tabuleiro do Martins</bairro>
    <localidade>Maceió</localidade>
    <uf>AL</uf>
    <estado>Alagoas</estado>
    <região/>
    <ibge>2704302</ibge>
    <gia/>
    <ddd>82</ddd>
    <siafi>2785</siafi>
  </cep>
  <cep>
    <cep>57081-095</cep>
    <logradouro>Rua Suzana Loureiro</logradouro>
    <complemento/>
    <unidade/>
    <bairro>Tabuleiro do Martins</bairro>
    <localidade>Maceió</localidade>
    <uf>AL</uf>
    <estado>Alagoas</estado>
    <região/>
    <ibge>2704302</ibge>
    <gia/>
    <ddd>82</ddd>
    <siafi>2785</siafi>
  </cep>
  <cep>
    <cep>57081-096</cep>
    <logradouro>Rua dos Sanhaçus</logradouro>
    <complemento>(Lot Rec dos Pássaros)</complemento>
    <unidade/>
    <bairro>Tabuleiro do Martins</bairro>
    <localidade>Maceió</localidade>
    <uf>AL</uf>
    <estado>Alagoas</estado>
    <região/>
    <ibge>2704302</ibge>
    <gia/>
    <ddd>82</ddd>
    <siafi>2785</siafi>
  </cep>
  <cep>
    <cep>57081-098</cep>
    <logradouro>Rua dos Nambús</logradouro>
    <complemento>(Lot Rec dos Pássaros)</complemento>
    <unidade/>
    <bairro>Tabuleiro do Martins</bairro>
    <localidade>Maceió</localidade>
    <uf>AL</uf>
    <estado>Alagoas</estado>
    <região/>
    <ibge>2704302</ibge>
    <gia/>
    <ddd>82</ddd>
    <siafi>2785</siafi>
  </cep>
  <cep>
    <cep>57081-110</cep>
    <logradouro>Rua Cláudio Cardoso de Almeida</logradouro>
    <complemento/>
    <unidade/>
    <bairro>Tabuleiro do Martins</bairro>
    <localidade>Maceió</localidade>
    <uf>AL</uf>
    <estado>Alagoas</estado>
    <região/>
    <ibge>2704302</ibge>
    <gia/>
    <ddd>82</ddd>
    <siafi>2785</siafi>
  </cep>
  <cep>
    <cep>57081-115</cep>
    <logradouro>Rua José de Moura Teixeira</logradouro>
    <complemento/>
    <unidade/>
    <bairro>Tabuleiro do Martins</bairro>
    <localidade>Maceió</localidade>
    <uf>AL</uf>
    <estado>Alagoas</estado>
    <região/>
    <ibge>2704302</ibge>
    <gia/>
    <ddd>82</ddd>
    <siafi>2785</siafi>
  </cep>
  <cep>
    <cep>57081-119</cep>
    <logradouro>Travessa Vasconcelos Duarte</logradouro>
    <complemento/>
    <unidade/>
    <bairro>Tabuleiro do Martins</bairro>
    <localidade>Maceió</localidade>
    <uf>AL</uf>
    <estado>Alagoas</estado>
    <região/>
    <ibge>2704302</ibge>
    <gia/>
    <ddd>82</ddd>
    <siafi>2785</siafi>
  </cep>
  <cep>
    <cep>57081-128</cep>
    <logradouro>Rua Cleide Monteiro</logradouro>
    <complemento/>
    <unidade/>
    <bairro>Tabuleiro do Martins</bairro>
    <localidade>Maceió</localidade>
    <uf>AL</uf>
    <estado>Alagoas</estado>
    <região/>
    <ibge>2704302</ibge>
    <gia/>
    <ddd>82</ddd>
    <siafi>2785</siafi>
  </cep>
  <cep>
    <cep>57081-125</cep>
    <logradouro>Rua Pedro Manoel Mendes</logradouro>
    <complemento/>
    <unidade/>
    <bairro>Tabuleiro do Martins</bairro>
    <localidade>Maceió</localidade>
    <uf>AL</uf>
    <estado>Alagoas</estado>
    <região/>
    <ibge>2704302</ibge>
    <gia/>
    <ddd>82</ddd>
    <siafi>2785</siafi>
  </cep>
  <cep>
    <cep>57081-127</cep>
    <logradouro>Travessa Alfredo Lins do Nascimento</logradouro>
    <complemento/>
    <unidade/>
    <bairro>Tabuleiro do Martins</bairro>
    <localidade>Maceió</localidade>
    <uf>AL</uf>
    <estado>Alagoas</estado>
    <região/>
    <ibge>2704302</ibge>
    <gia/>
    <ddd>82</ddd>
    <siafi>2785</siafi>
  </cep>
  <cep>
    <cep>57081-100</cep>
    <logradouro>Rua Eunice Lavenere</logradouro>
    <complemento/>
    <unidade/>
    <bairro>Tabuleiro do Martins</bairro>
    <localidade>Maceió</localidade>
    <uf>AL</uf>
    <estado>Alagoas</estado>
    <região/>
    <ibge>2704302</ibge>
    <gia/>
    <ddd>82</ddd>
    <siafi>2785</siafi>
  </cep>
  <cep>
    <cep>57081-105</cep>
    <logradouro>Rua Liberato Mitchell</logradouro>
    <complemento/>
    <unidade/>
    <bairro>Tabuleiro do Martins</bairro>
    <localidade>Maceió</localidade>
    <uf>AL</uf>
    <estado>Alagoas</estado>
    <região/>
    <ibge>2704302</ibge>
    <gia/>
    <ddd>82</ddd>
    <siafi>2785</siafi>
  </cep>
  <cep>
    <cep>57081-130</cep>
    <logradouro>Rua Cícero Freitas da Silva</logradouro>
    <complemento/>
    <unidade/>
    <bairro>Tabuleiro do Martins</bairro>
    <localidade>Maceió</localidade>
    <uf>AL</uf>
    <estado>Alagoas</estado>
    <região/>
    <ibge>2704302</ibge>
    <gia/>
    <ddd>82</ddd>
    <siafi>2785</siafi>
  </cep>
  <cep>
    <cep>57081-122</cep>
    <logradouro>Rua Ismar Ernesto Cruz</logradouro>
    <complemento/>
    <unidade/>
    <bairro>Tabuleiro do Martins</bairro>
    <localidade>Maceió</localidade>
    <uf>AL</uf>
    <estado>Alagoas</estado>
    <região/>
    <ibge>2704302</ibge>
    <gia/>
    <ddd>82</ddd>
    <siafi>2785</siafi>
  </cep>
  <cep>
    <cep>57081-123</cep>
    <logradouro>Rua Marcos Antonio Gomes</logradouro>
    <complemento/>
    <unidade/>
    <bairro>Tabuleiro do Martins</bairro>
    <localidade>Maceió</localidade>
    <uf>AL</uf>
    <estado>Alagoas</estado>
    <região/>
    <ibge>2704302</ibge>
    <gia/>
    <ddd>82</ddd>
    <siafi>2785</siafi>
  </cep>
  <cep>
    <cep>57081-124</cep>
    <logradouro>Rua Cícero Pereira da Silva</logradouro>
    <complemento/>
    <unidade/>
    <bairro>Tabuleiro do Martins</bairro>
    <localidade>Maceió</localidade>
    <uf>AL</uf>
    <estado>Alagoas</estado>
    <região/>
    <ibge>2704302</ibge>
    <gia/>
    <ddd>82</ddd>
    <siafi>2785</siafi>
  </cep>
  <cep>
    <cep>57081-120</cep>
    <logradouro>Rua Vasconcelos Duarte</logradouro>
    <complemento/>
    <unidade/>
    <bairro>Tabuleiro do Martins</bairro>
    <localidade>Maceió</localidade>
    <uf>AL</uf>
    <estado>Alagoas</estado>
    <região/>
    <ibge>2704302</ibge>
    <gia/>
    <ddd>82</ddd>
    <siafi>2785</siafi>
  </cep>
  <cep>
    <cep>57081-129</cep>
    <logradouro>Travessa Edna Rufino de Oliveira</logradouro>
    <complemento/>
    <unidade/>
    <bairro>Tabuleiro do Martins</bairro>
    <localidade>Maceió</localidade>
    <uf>AL</uf>
    <estado>Alagoas</estado>
    <região/>
    <ibge>2704302</ibge>
    <gia/>
    <ddd>82</ddd>
    <siafi>2785</siafi>
  </cep>
  <cep>
    <cep>57081-134</cep>
    <logradouro>Rua Natália Guimarães</logradouro>
    <complemento/>
    <unidade/>
    <bairro>Tabuleiro do Martins</bairro>
    <localidade>Maceió</localidade>
    <uf>AL</uf>
    <estado>Alagoas</estado>
    <região/>
    <ibge>2704302</ibge>
    <gia/>
    <ddd>82</ddd>
    <siafi>2785</siafi>
  </cep>
  <cep>
    <cep>57081-136</cep>
    <logradouro>Travessa Mensageiro José Raimundo dos Santos</logradouro>
    <complemento/>
    <unidade/>
    <bairro>Tabuleiro do Martins</bairro>
    <localidade>Maceió</localidade>
    <uf>AL</uf>
    <estado>Alagoas</estado>
    <região/>
    <ibge>2704302</ibge>
    <gia/>
    <ddd>82</ddd>
    <siafi>2785</siafi>
  </cep>
  <cep>
    <cep>57081-135</cep>
    <logradouro>Rua José Francisco dos Santos</logradouro>
    <complemento/>
    <unidade/>
    <bairro>Tabuleiro do Martins</bairro>
    <localidade>Maceió</localidade>
    <uf>AL</uf>
    <estado>Alagoas</estado>
    <região/>
    <ibge>2704302</ibge>
    <gia/>
    <ddd>82</ddd>
    <siafi>2785</siafi>
  </cep>
  <cep>
    <cep>57081-116</cep>
    <logradouro>Rua P-R</logradouro>
    <complemento>(Cj José Maria de Melo)</complemento>
    <unidade/>
    <bairro>Tabuleiro do Martins</bairro>
    <localidade>Maceió</localidade>
    <uf>AL</uf>
    <estado>Alagoas</estado>
    <região/>
    <ibge>2704302</ibge>
    <gia/>
    <ddd>82</ddd>
    <siafi>2785</siafi>
  </cep>
  <cep>
    <cep>57081-142</cep>
    <logradouro>Quadra C</logradouro>
    <complemento>(Lot Jardim Tropical)</complemento>
    <unidade/>
    <bairro>Tabuleiro do Martins</bairro>
    <localidade>Maceió</localidade>
    <uf>AL</uf>
    <estado>Alagoas</estado>
    <região/>
    <ibge>2704302</ibge>
    <gia/>
    <ddd>82</ddd>
    <siafi>2785</siafi>
  </cep>
  <cep>
    <cep>57081-144</cep>
    <logradouro>Quadra E</logradouro>
    <complemento>(Lot Jardim Tropical)</complemento>
    <unidade/>
    <bairro>Tabuleiro do Martins</bairro>
    <localidade>Maceió</localidade>
    <uf>AL</uf>
    <estado>Alagoas</estado>
    <região/>
    <ibge>2704302</ibge>
    <gia/>
    <ddd>82</ddd>
    <siafi>2785</siafi>
  </cep>
  <cep>
    <cep>57081-147</cep>
    <logradouro>Rua T</logradouro>
    <complemento>(Cj José Maria de Melo)</complemento>
    <unidade/>
    <bairro>Tabuleiro do Martins</bairro>
    <localidade>Maceió</localidade>
    <uf>AL</uf>
    <estado>Alagoas</estado>
    <região/>
    <ibge>2704302</ibge>
    <gia/>
    <ddd>82</ddd>
    <siafi>2785</siafi>
  </cep>
  <cep>
    <cep>57081-166</cep>
    <logradouro>Rua Tancredo Neves</logradouro>
    <complemento/>
    <unidade/>
    <bairro>Tabuleiro do Martins</bairro>
    <localidade>Maceió</localidade>
    <uf>AL</uf>
    <estado>Alagoas</estado>
    <região/>
    <ibge>2704302</ibge>
    <gia/>
    <ddd>82</ddd>
    <siafi>2785</siafi>
  </cep>
  <cep>
    <cep>57081-164</cep>
    <logradouro>Rua Alfredo Lins do Nascimento</logradouro>
    <complemento/>
    <unidade/>
    <bairro>Tabuleiro do Martins</bairro>
    <localidade>Maceió</localidade>
    <uf>AL</uf>
    <estado>Alagoas</estado>
    <região/>
    <ibge>2704302</ibge>
    <gia/>
    <ddd>82</ddd>
    <siafi>2785</siafi>
  </cep>
  <cep>
    <cep>57081-155</cep>
    <logradouro>Rua Alcides Gomes de Moura</logradouro>
    <complemento/>
    <unidade/>
    <bairro>Tabuleiro do Martins</bairro>
    <localidade>Maceió</localidade>
    <uf>AL</uf>
    <estado>Alagoas</estado>
    <região/>
    <ibge>2704302</ibge>
    <gia/>
    <ddd>82</ddd>
    <siafi>2785</siafi>
  </cep>
  <cep>
    <cep>57081-137</cep>
    <logradouro>Rua Andreia Guimarães</logradouro>
    <complemento/>
    <unidade/>
    <bairro>Tabuleiro do Martins</bairro>
    <localidade>Maceió</localidade>
    <uf>AL</uf>
    <estado>Alagoas</estado>
    <região/>
    <ibge>2704302</ibge>
    <gia/>
    <ddd>82</ddd>
    <siafi>2785</siafi>
  </cep>
  <cep>
    <cep>57081-132</cep>
    <logradouro>Travessa Rotary</logradouro>
    <complemento/>
    <unidade/>
    <bairro>Tabuleiro do Martins</bairro>
    <localidade>Maceió</localidade>
    <uf>AL</uf>
    <estado>Alagoas</estado>
    <região/>
    <ibge>2704302</ibge>
    <gia/>
    <ddd>82</ddd>
    <siafi>2785</siafi>
  </cep>
  <cep>
    <cep>57081-141</cep>
    <logradouro>Quadra B</logradouro>
    <complemento>(Lot Jardim Tropical)</complemento>
    <unidade/>
    <bairro>Tabuleiro do Martins</bairro>
    <localidade>Maceió</localidade>
    <uf>AL</uf>
    <estado>Alagoas</estado>
    <região/>
    <ibge>2704302</ibge>
    <gia/>
    <ddd>82</ddd>
    <siafi>2785</siafi>
  </cep>
  <cep>
    <cep>57081-168</cep>
    <logradouro>3ª Travessa Padre Cícero</logradouro>
    <complemento/>
    <unidade/>
    <bairro>Tabuleiro do Martins</bairro>
    <localidade>Maceió</localidade>
    <uf>AL</uf>
    <estado>Alagoas</estado>
    <região/>
    <ibge>2704302</ibge>
    <gia/>
    <ddd>82</ddd>
    <siafi>2785</siafi>
  </cep>
  <cep>
    <cep>57081-146</cep>
    <logradouro>Rua S-T</logradouro>
    <complemento>(Cj José Maria de Melo)</complemento>
    <unidade/>
    <bairro>Tabuleiro do Martins</bairro>
    <localidade>Maceió</localidade>
    <uf>AL</uf>
    <estado>Alagoas</estado>
    <região/>
    <ibge>2704302</ibge>
    <gia/>
    <ddd>82</ddd>
    <siafi>2785</siafi>
  </cep>
  <cep>
    <cep>57081-170</cep>
    <logradouro>Rua Newton Alves Coelho</logradouro>
    <complemento/>
    <unidade/>
    <bairro>Tabuleiro do Martins</bairro>
    <localidade>Maceió</localidade>
    <uf>AL</uf>
    <estado>Alagoas</estado>
    <região/>
    <ibge>2704302</ibge>
    <gia/>
    <ddd>82</ddd>
    <siafi>2785</siafi>
  </cep>
  <cep>
    <cep>57081-174</cep>
    <logradouro>Rua U</logradouro>
    <complemento>(Cj Dubeaux Leão)</complemento>
    <unidade/>
    <bairro>Tabuleiro do Martins</bairro>
    <localidade>Maceió</localidade>
    <uf>AL</uf>
    <estado>Alagoas</estado>
    <região/>
    <ibge>2704302</ibge>
    <gia/>
    <ddd>82</ddd>
    <siafi>2785</siafi>
  </cep>
  <cep>
    <cep>57081-175</cep>
    <logradouro>Rua Luzinete Uchôa Fragoso</logradouro>
    <complemento/>
    <unidade/>
    <bairro>Tabuleiro do Martins</bairro>
    <localidade>Maceió</localidade>
    <uf>AL</uf>
    <estado>Alagoas</estado>
    <região/>
    <ibge>2704302</ibge>
    <gia/>
    <ddd>82</ddd>
    <siafi>2785</siafi>
  </cep>
  <cep>
    <cep>57081-185</cep>
    <logradouro>Avenida Alberto Alves da Câmara</logradouro>
    <complemento/>
    <unidade/>
    <bairro>Tabuleiro do Martins</bairro>
    <localidade>Maceió</localidade>
    <uf>AL</uf>
    <estado>Alagoas</estado>
    <região/>
    <ibge>2704302</ibge>
    <gia/>
    <ddd>82</ddd>
    <siafi>2785</siafi>
  </cep>
  <cep>
    <cep>57081-190</cep>
    <logradouro>Rua Manuel Correia da Costa Neto</logradouro>
    <complemento/>
    <unidade/>
    <bairro>Tabuleiro do Martins</bairro>
    <localidade>Maceió</localidade>
    <uf>AL</uf>
    <estado>Alagoas</estado>
    <região/>
    <ibge>2704302</ibge>
    <gia/>
    <ddd>82</ddd>
    <siafi>2785</siafi>
  </cep>
  <cep>
    <cep>57081-150</cep>
    <logradouro>Rua Coronel Pedro Pierre Braga</logradouro>
    <complemento/>
    <unidade/>
    <bairro>Tabuleiro do Martins</bairro>
    <localidade>Maceió</localidade>
    <uf>AL</uf>
    <estado>Alagoas</estado>
    <região/>
    <ibge>2704302</ibge>
    <gia/>
    <ddd>82</ddd>
    <siafi>2785</siafi>
  </cep>
  <cep>
    <cep>57081-161</cep>
    <logradouro>Rua Bráulio Feliciano</logradouro>
    <complemento/>
    <unidade/>
    <bairro>Tabuleiro do Martins</bairro>
    <localidade>Maceió</localidade>
    <uf>AL</uf>
    <estado>Alagoas</estado>
    <região/>
    <ibge>2704302</ibge>
    <gia/>
    <ddd>82</ddd>
    <siafi>2785</siafi>
  </cep>
  <cep>
    <cep>57081-133</cep>
    <logradouro>Rua Taisa Oliveira</logradouro>
    <complemento/>
    <unidade/>
    <bairro>Tabuleiro do Martins</bairro>
    <localidade>Maceió</localidade>
    <uf>AL</uf>
    <estado>Alagoas</estado>
    <região/>
    <ibge>2704302</ibge>
    <gia/>
    <ddd>82</ddd>
    <siafi>2785</siafi>
  </cep>
  <cep>
    <cep>57081-192</cep>
    <logradouro>Rua Y</logradouro>
    <complemento>(Cj Dubeaux Leão)</complemento>
    <unidade/>
    <bairro>Tabuleiro do Martins</bairro>
    <localidade>Maceió</localidade>
    <uf>AL</uf>
    <estado>Alagoas</estado>
    <região/>
    <ibge>2704302</ibge>
    <gia/>
    <ddd>82</ddd>
    <siafi>2785</siafi>
  </cep>
  <cep>
    <cep>57081-167</cep>
    <logradouro>2ª Travessa Padre Cícero</logradouro>
    <complemento/>
    <unidade/>
    <bairro>Tabuleiro do Martins</bairro>
    <localidade>Maceió</localidade>
    <uf>AL</uf>
    <estado>Alagoas</estado>
    <região/>
    <ibge>2704302</ibge>
    <gia/>
    <ddd>82</ddd>
    <siafi>2785</siafi>
  </cep>
  <cep>
    <cep>57081-143</cep>
    <logradouro>Quadra D</logradouro>
    <complemento>(Lot Jardim Tropical)</complemento>
    <unidade/>
    <bairro>Tabuleiro do Martins</bairro>
    <localidade>Maceió</localidade>
    <uf>AL</uf>
    <estado>Alagoas</estado>
    <região/>
    <ibge>2704302</ibge>
    <gia/>
    <ddd>82</ddd>
    <siafi>2785</siafi>
  </cep>
  <cep>
    <cep>57081-121</cep>
    <logradouro>Travessa Augusto Quintela</logradouro>
    <complemento/>
    <unidade/>
    <bairro>Tabuleiro do Martins</bairro>
    <localidade>Maceió</localidade>
    <uf>AL</uf>
    <estado>Alagoas</estado>
    <região/>
    <ibge>2704302</ibge>
    <gia/>
    <ddd>82</ddd>
    <siafi>2785</siafi>
  </cep>
  <cep>
    <cep>57081-176</cep>
    <logradouro>Rua W</logradouro>
    <complemento>(Cj Dubeaux Leão)</complemento>
    <unidade/>
    <bairro>Tabuleiro do Martins</bairro>
    <localidade>Maceió</localidade>
    <uf>AL</uf>
    <estado>Alagoas</estado>
    <região/>
    <ibge>2704302</ibge>
    <gia/>
    <ddd>82</ddd>
    <siafi>2785</siafi>
  </cep>
  <cep>
    <cep>57081-131</cep>
    <logradouro>Avenida Luiz Avelino Pereira</logradouro>
    <complemento/>
    <unidade/>
    <bairro>Tabuleiro do Martins</bairro>
    <localidade>Maceió</localidade>
    <uf>AL</uf>
    <estado>Alagoas</estado>
    <região/>
    <ibge>2704302</ibge>
    <gia/>
    <ddd>82</ddd>
    <siafi>2785</siafi>
  </cep>
  <cep>
    <cep>57081-163</cep>
    <logradouro>Travessa Felipe Guimarães</logradouro>
    <complemento/>
    <unidade/>
    <bairro>Tabuleiro do Martins</bairro>
    <localidade>Maceió</localidade>
    <uf>AL</uf>
    <estado>Alagoas</estado>
    <região/>
    <ibge>2704302</ibge>
    <gia/>
    <ddd>82</ddd>
    <siafi>2785</siafi>
  </cep>
  <cep>
    <cep>57081-126</cep>
    <logradouro>Rua Cícero Pereira Silva</logradouro>
    <complemento/>
    <unidade/>
    <bairro>Tabuleiro do Martins</bairro>
    <localidade>Maceió</localidade>
    <uf>AL</uf>
    <estado>Alagoas</estado>
    <região/>
    <ibge>2704302</ibge>
    <gia/>
    <ddd>82</ddd>
    <siafi>2785</siafi>
  </cep>
  <cep>
    <cep>57081-145</cep>
    <logradouro>Rua Antônio Ribeiro</logradouro>
    <complemento/>
    <unidade/>
    <bairro>Tabuleiro do Martins</bairro>
    <localidade>Maceió</localidade>
    <uf>AL</uf>
    <estado>Alagoas</estado>
    <região/>
    <ibge>2704302</ibge>
    <gia/>
    <ddd>82</ddd>
    <siafi>2785</siafi>
  </cep>
  <cep>
    <cep>57081-165</cep>
    <logradouro>Rua Professora Judith Serpa de Santa Maria</logradouro>
    <complemento/>
    <unidade/>
    <bairro>Tabuleiro do Martins</bairro>
    <localidade>Maceió</localidade>
    <uf>AL</uf>
    <estado>Alagoas</estado>
    <região/>
    <ibge>2704302</ibge>
    <gia/>
    <ddd>82</ddd>
    <siafi>2785</siafi>
  </cep>
  <cep>
    <cep>57081-178</cep>
    <logradouro>Vila da Paz</logradouro>
    <complemento/>
    <unidade/>
    <bairro>Tabuleiro do Martins</bairro>
    <localidade>Maceió</localidade>
    <uf>AL</uf>
    <estado>Alagoas</estado>
    <região/>
    <ibge>2704302</ibge>
    <gia/>
    <ddd>82</ddd>
    <siafi>2785</siafi>
  </cep>
  <cep>
    <cep>57081-193</cep>
    <logradouro>Rua Codeal I</logradouro>
    <complemento>(Lot Vida Nova)</complemento>
    <unidade/>
    <bairro>Tabuleiro do Martins</bairro>
    <localidade>Maceió</localidade>
    <uf>AL</uf>
    <estado>Alagoas</estado>
    <região/>
    <ibge>2704302</ibge>
    <gia/>
    <ddd>82</ddd>
    <siafi>2785</siafi>
  </cep>
  <cep>
    <cep>57081-194</cep>
    <logradouro>Rua Codeal II</logradouro>
    <complemento>(Lot Vida Nova)</complemento>
    <unidade/>
    <bairro>Tabuleiro do Martins</bairro>
    <localidade>Maceió</localidade>
    <uf>AL</uf>
    <estado>Alagoas</estado>
    <região/>
    <ibge>2704302</ibge>
    <gia/>
    <ddd>82</ddd>
    <siafi>2785</siafi>
  </cep>
  <cep>
    <cep>57081-195</cep>
    <logradouro>Rua Padre Antônio Cabral Gomes</logradouro>
    <complemento/>
    <unidade/>
    <bairro>Tabuleiro do Martins</bairro>
    <localidade>Maceió</localidade>
    <uf>AL</uf>
    <estado>Alagoas</estado>
    <região/>
    <ibge>2704302</ibge>
    <gia/>
    <ddd>82</ddd>
    <siafi>2785</siafi>
  </cep>
  <cep>
    <cep>57081-196</cep>
    <logradouro>Rua São João</logradouro>
    <complemento>(Lot Vida Nova)</complemento>
    <unidade/>
    <bairro>Tabuleiro do Martins</bairro>
    <localidade>Maceió</localidade>
    <uf>AL</uf>
    <estado>Alagoas</estado>
    <região/>
    <ibge>2704302</ibge>
    <gia/>
    <ddd>82</ddd>
    <siafi>2785</siafi>
  </cep>
  <cep>
    <cep>57081-198</cep>
    <logradouro>Travessa Codeal</logradouro>
    <complemento>(Lot Vida Nova)</complemento>
    <unidade/>
    <bairro>Tabuleiro do Martins</bairro>
    <localidade>Maceió</localidade>
    <uf>AL</uf>
    <estado>Alagoas</estado>
    <região/>
    <ibge>2704302</ibge>
    <gia/>
    <ddd>82</ddd>
    <siafi>2785</siafi>
  </cep>
  <cep>
    <cep>57081-200</cep>
    <logradouro>Rua B</logradouro>
    <complemento>(Lot Vida Nova)</complemento>
    <unidade/>
    <bairro>Tabuleiro do Martins</bairro>
    <localidade>Maceió</localidade>
    <uf>AL</uf>
    <estado>Alagoas</estado>
    <região/>
    <ibge>2704302</ibge>
    <gia/>
    <ddd>82</ddd>
    <siafi>2785</siafi>
  </cep>
  <cep>
    <cep>57081-205</cep>
    <logradouro>Rua Edith Bilú Brito</logradouro>
    <complemento/>
    <unidade/>
    <bairro>Tabuleiro do Martins</bairro>
    <localidade>Maceió</localidade>
    <uf>AL</uf>
    <estado>Alagoas</estado>
    <região/>
    <ibge>2704302</ibge>
    <gia/>
    <ddd>82</ddd>
    <siafi>2785</siafi>
  </cep>
  <cep>
    <cep>57081-215</cep>
    <logradouro>Rua Agnelo Gonçalves Vieira</logradouro>
    <complemento/>
    <unidade/>
    <bairro>Tabuleiro do Martins</bairro>
    <localidade>Maceió</localidade>
    <uf>AL</uf>
    <estado>Alagoas</estado>
    <região/>
    <ibge>2704302</ibge>
    <gia/>
    <ddd>82</ddd>
    <siafi>2785</siafi>
  </cep>
  <cep>
    <cep>57081-220</cep>
    <logradouro>Rua Adriano Magalhães</logradouro>
    <complemento/>
    <unidade/>
    <bairro>Tabuleiro do Martins</bairro>
    <localidade>Maceió</localidade>
    <uf>AL</uf>
    <estado>Alagoas</estado>
    <região/>
    <ibge>2704302</ibge>
    <gia/>
    <ddd>82</ddd>
    <siafi>2785</siafi>
  </cep>
  <cep>
    <cep>57081-245</cep>
    <logradouro>Rua Amália Ferreira Moura</logradouro>
    <complemento/>
    <unidade/>
    <bairro>Tabuleiro do Martins</bairro>
    <localidade>Maceió</localidade>
    <uf>AL</uf>
    <estado>Alagoas</estado>
    <região/>
    <ibge>2704302</ibge>
    <gia/>
    <ddd>82</ddd>
    <siafi>2785</siafi>
  </cep>
  <cep>
    <cep>57081-218</cep>
    <logradouro>Rua Raul Brito</logradouro>
    <complemento/>
    <unidade/>
    <bairro>Tabuleiro do Martins</bairro>
    <localidade>Maceió</localidade>
    <uf>AL</uf>
    <estado>Alagoas</estado>
    <região/>
    <ibge>2704302</ibge>
    <gia/>
    <ddd>82</ddd>
    <siafi>2785</siafi>
  </cep>
  <cep>
    <cep>57081-226</cep>
    <logradouro>Rua João Honório de Araújo</logradouro>
    <complemento/>
    <unidade/>
    <bairro>Tabuleiro do Martins</bairro>
    <localidade>Maceió</localidade>
    <uf>AL</uf>
    <estado>Alagoas</estado>
    <região/>
    <ibge>2704302</ibge>
    <gia/>
    <ddd>82</ddd>
    <siafi>2785</siafi>
  </cep>
  <cep>
    <cep>57081-250</cep>
    <logradouro>Rua Jaci Melo</logradouro>
    <complemento/>
    <unidade/>
    <bairro>Tabuleiro do Martins</bairro>
    <localidade>Maceió</localidade>
    <uf>AL</uf>
    <estado>Alagoas</estado>
    <região/>
    <ibge>2704302</ibge>
    <gia/>
    <ddd>82</ddd>
    <siafi>2785</siafi>
  </cep>
  <cep>
    <cep>57081-235</cep>
    <logradouro>Rua Hugo da Costa Menezes</logradouro>
    <complemento/>
    <unidade/>
    <bairro>Tabuleiro do Martins</bairro>
    <localidade>Maceió</localidade>
    <uf>AL</uf>
    <estado>Alagoas</estado>
    <região/>
    <ibge>2704302</ibge>
    <gia/>
    <ddd>82</ddd>
    <siafi>2785</siafi>
  </cep>
  <cep>
    <cep>57081-257</cep>
    <logradouro>Rua E-I-Y</logradouro>
    <complemento>(Cj Salvador Lyra)</complemento>
    <unidade/>
    <bairro>Tabuleiro do Martins</bairro>
    <localidade>Maceió</localidade>
    <uf>AL</uf>
    <estado>Alagoas</estado>
    <região/>
    <ibge>2704302</ibge>
    <gia/>
    <ddd>82</ddd>
    <siafi>2785</siafi>
  </cep>
  <cep>
    <cep>57081-255</cep>
    <logradouro>Rua Desembargador Zepherino Lavenere Machado</logradouro>
    <complemento/>
    <unidade/>
    <bairro>Tabuleiro do Martins</bairro>
    <localidade>Maceió</localidade>
    <uf>AL</uf>
    <estado>Alagoas</estado>
    <região/>
    <ibge>2704302</ibge>
    <gia/>
    <ddd>82</ddd>
    <siafi>2785</siafi>
  </cep>
  <cep>
    <cep>57081-225</cep>
    <logradouro>Rua Dionísio Alves Peixoto</logradouro>
    <complemento/>
    <unidade/>
    <bairro>Tabuleiro do Martins</bairro>
    <localidade>Maceió</localidade>
    <uf>AL</uf>
    <estado>Alagoas</estado>
    <região/>
    <ibge>2704302</ibge>
    <gia/>
    <ddd>82</ddd>
    <siafi>2785</siafi>
  </cep>
  <cep>
    <cep>57081-222</cep>
    <logradouro>Rua N</logradouro>
    <complemento>(Cj Dubeaux Leão)</complemento>
    <unidade/>
    <bairro>Tabuleiro do Martins</bairro>
    <localidade>Maceió</localidade>
    <uf>AL</uf>
    <estado>Alagoas</estado>
    <região/>
    <ibge>2704302</ibge>
    <gia/>
    <ddd>82</ddd>
    <siafi>2785</siafi>
  </cep>
  <cep>
    <cep>57081-259</cep>
    <logradouro>Rua Manoel Omena de Farias</logradouro>
    <complemento/>
    <unidade/>
    <bairro>Tabuleiro do Martins</bairro>
    <localidade>Maceió</localidade>
    <uf>AL</uf>
    <estado>Alagoas</estado>
    <região/>
    <ibge>2704302</ibge>
    <gia/>
    <ddd>82</ddd>
    <siafi>2785</siafi>
  </cep>
  <cep>
    <cep>57081-265</cep>
    <logradouro>Rua José Omena Barbosa</logradouro>
    <complemento/>
    <unidade/>
    <bairro>Tabuleiro do Martins</bairro>
    <localidade>Maceió</localidade>
    <uf>AL</uf>
    <estado>Alagoas</estado>
    <região/>
    <ibge>2704302</ibge>
    <gia/>
    <ddd>82</ddd>
    <siafi>2785</siafi>
  </cep>
  <cep>
    <cep>57081-270</cep>
    <logradouro>Rua Benedito de Gusmão Barbosa</logradouro>
    <complemento/>
    <unidade/>
    <bairro>Tabuleiro do Martins</bairro>
    <localidade>Maceió</localidade>
    <uf>AL</uf>
    <estado>Alagoas</estado>
    <região/>
    <ibge>2704302</ibge>
    <gia/>
    <ddd>82</ddd>
    <siafi>2785</siafi>
  </cep>
  <cep>
    <cep>57081-280</cep>
    <logradouro>Rua Heckel Tavares</logradouro>
    <complemento/>
    <unidade/>
    <bairro>Tabuleiro do Martins</bairro>
    <localidade>Maceió</localidade>
    <uf>AL</uf>
    <estado>Alagoas</estado>
    <região/>
    <ibge>2704302</ibge>
    <gia/>
    <ddd>82</ddd>
    <siafi>2785</siafi>
  </cep>
  <cep>
    <cep>57081-275</cep>
    <logradouro>Rua Antônio Leonêncio</logradouro>
    <complemento/>
    <unidade/>
    <bairro>Tabuleiro do Martins</bairro>
    <localidade>Maceió</localidade>
    <uf>AL</uf>
    <estado>Alagoas</estado>
    <região/>
    <ibge>2704302</ibge>
    <gia/>
    <ddd>82</ddd>
    <siafi>2785</siafi>
  </cep>
  <cep>
    <cep>57081-285</cep>
    <logradouro>Avenida Doutor Durval de Góis Monteiro</logradouro>
    <complemento>lado par</complemento>
    <unidade/>
    <bairro>Tabuleiro do Martins</bairro>
    <localidade>Maceió</localidade>
    <uf>AL</uf>
    <estado>Alagoas</estado>
    <região/>
    <ibge>2704302</ibge>
    <gia/>
    <ddd>82</ddd>
    <siafi>2785</siafi>
  </cep>
  <cep>
    <cep>57081-286</cep>
    <logradouro>Rua Erina Rufino de Oliveira</logradouro>
    <complemento/>
    <unidade/>
    <bairro>Tabuleiro do Martins</bairro>
    <localidade>Maceió</localidade>
    <uf>AL</uf>
    <estado>Alagoas</estado>
    <região/>
    <ibge>2704302</ibge>
    <gia/>
    <ddd>82</ddd>
    <siafi>2785</siafi>
  </cep>
  <cep>
    <cep>57081-300</cep>
    <logradouro>Rua Dayse Talberg Mitchell</logradouro>
    <complemento/>
    <unidade/>
    <bairro>Tabuleiro do Martins</bairro>
    <localidade>Maceió</localidade>
    <uf>AL</uf>
    <estado>Alagoas</estado>
    <região/>
    <ibge>2704302</ibge>
    <gia/>
    <ddd>82</ddd>
    <siafi>2785</siafi>
  </cep>
  <cep>
    <cep>57081-306</cep>
    <logradouro>Rua Z</logradouro>
    <complemento>(Cj José Maria de Melo)</complemento>
    <unidade/>
    <bairro>Tabuleiro do Martins</bairro>
    <localidade>Maceió</localidade>
    <uf>AL</uf>
    <estado>Alagoas</estado>
    <região/>
    <ibge>2704302</ibge>
    <gia/>
    <ddd>82</ddd>
    <siafi>2785</siafi>
  </cep>
  <cep>
    <cep>57081-288</cep>
    <logradouro>Rua Carlos Francisco de Farias</logradouro>
    <complemento/>
    <unidade/>
    <bairro>Tabuleiro do Martins</bairro>
    <localidade>Maceió</localidade>
    <uf>AL</uf>
    <estado>Alagoas</estado>
    <região/>
    <ibge>2704302</ibge>
    <gia/>
    <ddd>82</ddd>
    <siafi>2785</siafi>
  </cep>
  <cep>
    <cep>57081-307</cep>
    <logradouro>Rua X</logradouro>
    <complemento>(Cj José Maria de Melo)</complemento>
    <unidade/>
    <bairro>Tabuleiro do Martins</bairro>
    <localidade>Maceió</localidade>
    <uf>AL</uf>
    <estado>Alagoas</estado>
    <região/>
    <ibge>2704302</ibge>
    <gia/>
    <ddd>82</ddd>
    <siafi>2785</siafi>
  </cep>
  <cep>
    <cep>57081-308</cep>
    <logradouro>Rua W-X</logradouro>
    <complemento>(Cj José Maria de Melo)</complemento>
    <unidade/>
    <bairro>Tabuleiro do Martins</bairro>
    <localidade>Maceió</localidade>
    <uf>AL</uf>
    <estado>Alagoas</estado>
    <região/>
    <ibge>2704302</ibge>
    <gia/>
    <ddd>82</ddd>
    <siafi>2785</siafi>
  </cep>
  <cep>
    <cep>57081-325</cep>
    <logradouro>Rua João Hermenegildo da Rocha</logradouro>
    <complemento/>
    <unidade/>
    <bairro>Tabuleiro do Martins</bairro>
    <localidade>Maceió</localidade>
    <uf>AL</uf>
    <estado>Alagoas</estado>
    <região/>
    <ibge>2704302</ibge>
    <gia/>
    <ddd>82</ddd>
    <siafi>2785</siafi>
  </cep>
  <cep>
    <cep>57081-305</cep>
    <logradouro>Rua Doutor Ronaldo de Oliveira Caldas</logradouro>
    <complemento/>
    <unidade/>
    <bairro>Tabuleiro do Martins</bairro>
    <localidade>Maceió</localidade>
    <uf>AL</uf>
    <estado>Alagoas</estado>
    <região/>
    <ibge>2704302</ibge>
    <gia/>
    <ddd>82</ddd>
    <siafi>2785</siafi>
  </cep>
  <cep>
    <cep>57081-335</cep>
    <logradouro>Rua Emília Novaes de Castro</logradouro>
    <complemento/>
    <unidade/>
    <bairro>Tabuleiro do Martins</bairro>
    <localidade>Maceió</localidade>
    <uf>AL</uf>
    <estado>Alagoas</estado>
    <região/>
    <ibge>2704302</ibge>
    <gia/>
    <ddd>82</ddd>
    <siafi>2785</siafi>
  </cep>
  <cep>
    <cep>57081-330</cep>
    <logradouro>Rua Carlos Milito</logradouro>
    <complemento/>
    <unidade/>
    <bairro>Tabuleiro do Martins</bairro>
    <localidade>Maceió</localidade>
    <uf>AL</uf>
    <estado>Alagoas</estado>
    <região/>
    <ibge>2704302</ibge>
    <gia/>
    <ddd>82</ddd>
    <siafi>2785</siafi>
  </cep>
  <cep>
    <cep>57081-315</cep>
    <logradouro>Rua Maria de Fátima Amorim França</logradouro>
    <complemento/>
    <unidade/>
    <bairro>Tabuleiro do Martins</bairro>
    <localidade>Maceió</localidade>
    <uf>AL</uf>
    <estado>Alagoas</estado>
    <região/>
    <ibge>2704302</ibge>
    <gia/>
    <ddd>82</ddd>
    <siafi>2785</siafi>
  </cep>
  <cep>
    <cep>57081-345</cep>
    <logradouro>Rua Adriano Viana de Castro</logradouro>
    <complemento/>
    <unidade/>
    <bairro>Tabuleiro do Martins</bairro>
    <localidade>Maceió</localidade>
    <uf>AL</uf>
    <estado>Alagoas</estado>
    <região/>
    <ibge>2704302</ibge>
    <gia/>
    <ddd>82</ddd>
    <siafi>2785</siafi>
  </cep>
  <cep>
    <cep>57081-356</cep>
    <logradouro>Rua D-E</logradouro>
    <complemento>(Cj José Maria de Melo)</complemento>
    <unidade/>
    <bairro>Tabuleiro do Martins</bairro>
    <localidade>Maceió</localidade>
    <uf>AL</uf>
    <estado>Alagoas</estado>
    <região/>
    <ibge>2704302</ibge>
    <gia/>
    <ddd>82</ddd>
    <siafi>2785</siafi>
  </cep>
  <cep>
    <cep>57081-287</cep>
    <logradouro>Rua João Lins Calheiros</logradouro>
    <complemento/>
    <unidade/>
    <bairro>Tabuleiro do Martins</bairro>
    <localidade>Maceió</localidade>
    <uf>AL</uf>
    <estado>Alagoas</estado>
    <região/>
    <ibge>2704302</ibge>
    <gia/>
    <ddd>82</ddd>
    <siafi>2785</siafi>
  </cep>
  <cep>
    <cep>57081-355</cep>
    <logradouro>Rua José Jacinto de Melo</logradouro>
    <complemento/>
    <unidade/>
    <bairro>Tabuleiro do Martins</bairro>
    <localidade>Maceió</localidade>
    <uf>AL</uf>
    <estado>Alagoas</estado>
    <região/>
    <ibge>2704302</ibge>
    <gia/>
    <ddd>82</ddd>
    <siafi>2785</siafi>
  </cep>
  <cep>
    <cep>57081-360</cep>
    <logradouro>Avenida Jornalista Tobias Granja</logradouro>
    <complemento/>
    <unidade/>
    <bairro>Tabuleiro do Martins</bairro>
    <localidade>Maceió</localidade>
    <uf>AL</uf>
    <estado>Alagoas</estado>
    <região/>
    <ibge>2704302</ibge>
    <gia/>
    <ddd>82</ddd>
    <siafi>2785</siafi>
  </cep>
  <cep>
    <cep>57081-350</cep>
    <logradouro>Rua Hamilton Morais</logradouro>
    <complemento/>
    <unidade/>
    <bairro>Tabuleiro do Martins</bairro>
    <localidade>Maceió</localidade>
    <uf>AL</uf>
    <estado>Alagoas</estado>
    <região/>
    <ibge>2704302</ibge>
    <gia/>
    <ddd>82</ddd>
    <siafi>2785</siafi>
  </cep>
  <cep>
    <cep>57081-365</cep>
    <logradouro>Rua Nair Cavalcante Rocha</logradouro>
    <complemento/>
    <unidade/>
    <bairro>Tabuleiro do Martins</bairro>
    <localidade>Maceió</localidade>
    <uf>AL</uf>
    <estado>Alagoas</estado>
    <região/>
    <ibge>2704302</ibge>
    <gia/>
    <ddd>82</ddd>
    <siafi>2785</siafi>
  </cep>
  <cep>
    <cep>57081-366</cep>
    <logradouro>Rua Desembargador Carlos de Gusmão</logradouro>
    <complemento>lado ímpar</complemento>
    <unidade/>
    <bairro>Tabuleiro do Martins</bairro>
    <localidade>Maceió</localidade>
    <uf>AL</uf>
    <estado>Alagoas</estado>
    <região/>
    <ibge>2704302</ibge>
    <gia/>
    <ddd>82</ddd>
    <siafi>2785</siafi>
  </cep>
  <cep>
    <cep>57081-370</cep>
    <logradouro>Rua José Alves Pinto</logradouro>
    <complemento/>
    <unidade/>
    <bairro>Tabuleiro do Martins</bairro>
    <localidade>Maceió</localidade>
    <uf>AL</uf>
    <estado>Alagoas</estado>
    <região/>
    <ibge>2704302</ibge>
    <gia/>
    <ddd>82</ddd>
    <siafi>2785</siafi>
  </cep>
  <cep>
    <cep>57081-374</cep>
    <logradouro>Rua C</logradouro>
    <complemento>(Q 1 - Cj Dubeaux Leão)</complemento>
    <unidade/>
    <bairro>Tabuleiro do Martins</bairro>
    <localidade>Maceió</localidade>
    <uf>AL</uf>
    <estado>Alagoas</estado>
    <região/>
    <ibge>2704302</ibge>
    <gia/>
    <ddd>82</ddd>
    <siafi>2785</siafi>
  </cep>
  <cep>
    <cep>57081-375</cep>
    <logradouro>Rua José Fernandes de Albuquerque</logradouro>
    <complemento/>
    <unidade/>
    <bairro>Tabuleiro do Martins</bairro>
    <localidade>Maceió</localidade>
    <uf>AL</uf>
    <estado>Alagoas</estado>
    <região/>
    <ibge>2704302</ibge>
    <gia/>
    <ddd>82</ddd>
    <siafi>2785</siafi>
  </cep>
  <cep>
    <cep>57081-368</cep>
    <logradouro>Rua Ismael Acioly</logradouro>
    <complemento/>
    <unidade/>
    <bairro>Tabuleiro do Martins</bairro>
    <localidade>Maceió</localidade>
    <uf>AL</uf>
    <estado>Alagoas</estado>
    <região/>
    <ibge>2704302</ibge>
    <gia/>
    <ddd>82</ddd>
    <siafi>2785</siafi>
  </cep>
  <cep>
    <cep>57081-371</cep>
    <logradouro>Rua Maria Nazilda</logradouro>
    <complemento/>
    <unidade/>
    <bairro>Tabuleiro do Martins</bairro>
    <localidade>Maceió</localidade>
    <uf>AL</uf>
    <estado>Alagoas</estado>
    <região/>
    <ibge>2704302</ibge>
    <gia/>
    <ddd>82</ddd>
    <siafi>2785</siafi>
  </cep>
  <cep>
    <cep>57081-376</cep>
    <logradouro>Rua G-H</logradouro>
    <complemento>(Cj José Maria de Melo)</complemento>
    <unidade/>
    <bairro>Tabuleiro do Martins</bairro>
    <localidade>Maceió</localidade>
    <uf>AL</uf>
    <estado>Alagoas</estado>
    <região/>
    <ibge>2704302</ibge>
    <gia/>
    <ddd>82</ddd>
    <siafi>2785</siafi>
  </cep>
  <cep>
    <cep>57081-378</cep>
    <logradouro>Rua H-I</logradouro>
    <complemento>(Cj José Maria de Melo)</complemento>
    <unidade/>
    <bairro>Tabuleiro do Martins</bairro>
    <localidade>Maceió</localidade>
    <uf>AL</uf>
    <estado>Alagoas</estado>
    <região/>
    <ibge>2704302</ibge>
    <gia/>
    <ddd>82</ddd>
    <siafi>2785</siafi>
  </cep>
  <cep>
    <cep>57081-395</cep>
    <logradouro>Avenida Doutor Júlio Cézar Mendonça Uchôa</logradouro>
    <complemento/>
    <unidade/>
    <bairro>Tabuleiro do Martins</bairro>
    <localidade>Maceió</localidade>
    <uf>AL</uf>
    <estado>Alagoas</estado>
    <região/>
    <ibge>2704302</ibge>
    <gia/>
    <ddd>82</ddd>
    <siafi>2785</siafi>
  </cep>
  <cep>
    <cep>57081-405</cep>
    <logradouro>Rua Durval Almeida</logradouro>
    <complemento/>
    <unidade/>
    <bairro>Tabuleiro do Martins</bairro>
    <localidade>Maceió</localidade>
    <uf>AL</uf>
    <estado>Alagoas</estado>
    <região/>
    <ibge>2704302</ibge>
    <gia/>
    <ddd>82</ddd>
    <siafi>2785</siafi>
  </cep>
  <cep>
    <cep>57081-406</cep>
    <logradouro>Rua U</logradouro>
    <complemento>(Cj José Maria de Melo)</complemento>
    <unidade/>
    <bairro>Tabuleiro do Martins</bairro>
    <localidade>Maceió</localidade>
    <uf>AL</uf>
    <estado>Alagoas</estado>
    <região/>
    <ibge>2704302</ibge>
    <gia/>
    <ddd>82</ddd>
    <siafi>2785</siafi>
  </cep>
  <cep>
    <cep>57081-407</cep>
    <logradouro>Rua V-U</logradouro>
    <complemento>(Cj José Maria de Melo)</complemento>
    <unidade/>
    <bairro>Tabuleiro do Martins</bairro>
    <localidade>Maceió</localidade>
    <uf>AL</uf>
    <estado>Alagoas</estado>
    <região/>
    <ibge>2704302</ibge>
    <gia/>
    <ddd>82</ddd>
    <siafi>2785</siafi>
  </cep>
  <cep>
    <cep>57081-410</cep>
    <logradouro>Rua Elvio Costa</logradouro>
    <complemento>(Cond Recanto dos Lírios)</complemento>
    <unidade/>
    <bairro>Tabuleiro do Martins</bairro>
    <localidade>Maceió</localidade>
    <uf>AL</uf>
    <estado>Alagoas</estado>
    <região/>
    <ibge>2704302</ibge>
    <gia/>
    <ddd>82</ddd>
    <siafi>2785</siafi>
  </cep>
  <cep>
    <cep>57081-411</cep>
    <logradouro>Rua E</logradouro>
    <complemento>(Cond Santa Luzia)</complemento>
    <unidade/>
    <bairro>Tabuleiro do Martins</bairro>
    <localidade>Maceió</localidade>
    <uf>AL</uf>
    <estado>Alagoas</estado>
    <região/>
    <ibge>2704302</ibge>
    <gia/>
    <ddd>82</ddd>
    <siafi>2785</siafi>
  </cep>
  <cep>
    <cep>57081-412</cep>
    <logradouro>Rua Cledson Gonçalves</logradouro>
    <complemento/>
    <unidade/>
    <bairro>Tabuleiro do Martins</bairro>
    <localidade>Maceió</localidade>
    <uf>AL</uf>
    <estado>Alagoas</estado>
    <região/>
    <ibge>2704302</ibge>
    <gia/>
    <ddd>82</ddd>
    <siafi>2785</siafi>
  </cep>
  <cep>
    <cep>57081-413</cep>
    <logradouro>Rua D</logradouro>
    <complemento>(Cond Santa Luzia)</complemento>
    <unidade/>
    <bairro>Tabuleiro do Martins</bairro>
    <localidade>Maceió</localidade>
    <uf>AL</uf>
    <estado>Alagoas</estado>
    <região/>
    <ibge>2704302</ibge>
    <gia/>
    <ddd>82</ddd>
    <siafi>2785</siafi>
  </cep>
  <cep>
    <cep>57081-415</cep>
    <logradouro>Rua Renato Lisboa Calheiros</logradouro>
    <complemento/>
    <unidade/>
    <bairro>Tabuleiro do Martins</bairro>
    <localidade>Maceió</localidade>
    <uf>AL</uf>
    <estado>Alagoas</estado>
    <região/>
    <ibge>2704302</ibge>
    <gia/>
    <ddd>82</ddd>
    <siafi>2785</siafi>
  </cep>
  <cep>
    <cep>57081-414</cep>
    <logradouro>Rua Projetada 2542</logradouro>
    <complemento>(Cond Sta Luzia)</complemento>
    <unidade/>
    <bairro>Tabuleiro do Martins</bairro>
    <localidade>Maceió</localidade>
    <uf>AL</uf>
    <estado>Alagoas</estado>
    <região/>
    <ibge>2704302</ibge>
    <gia/>
    <ddd>82</ddd>
    <siafi>2785</siafi>
  </cep>
  <cep>
    <cep>57081-416</cep>
    <logradouro>Rua Projetada 2544</logradouro>
    <complemento>(Cd Sta Luzia)</complemento>
    <unidade/>
    <bairro>Tabuleiro do Martins</bairro>
    <localidade>Maceió</localidade>
    <uf>AL</uf>
    <estado>Alagoas</estado>
    <região/>
    <ibge>2704302</ibge>
    <gia/>
    <ddd>82</ddd>
    <siafi>2785</siafi>
  </cep>
  <cep>
    <cep>57081-450</cep>
    <logradouro>Rua São Jorge</logradouro>
    <complemento/>
    <unidade/>
    <bairro>Tabuleiro do Martins</bairro>
    <localidade>Maceió</localidade>
    <uf>AL</uf>
    <estado>Alagoas</estado>
    <região/>
    <ibge>2704302</ibge>
    <gia/>
    <ddd>82</ddd>
    <siafi>2785</siafi>
  </cep>
  <cep>
    <cep>57081-417</cep>
    <logradouro>Rua B</logradouro>
    <complemento>(Cond Santa Luzia)</complemento>
    <unidade/>
    <bairro>Tabuleiro do Martins</bairro>
    <localidade>Maceió</localidade>
    <uf>AL</uf>
    <estado>Alagoas</estado>
    <região/>
    <ibge>2704302</ibge>
    <gia/>
    <ddd>82</ddd>
    <siafi>2785</siafi>
  </cep>
  <cep>
    <cep>57081-452</cep>
    <logradouro>Rua J-K</logradouro>
    <complemento>(Cj José Maria de Melo)</complemento>
    <unidade/>
    <bairro>Tabuleiro do Martins</bairro>
    <localidade>Maceió</localidade>
    <uf>AL</uf>
    <estado>Alagoas</estado>
    <região/>
    <ibge>2704302</ibge>
    <gia/>
    <ddd>82</ddd>
    <siafi>2785</siafi>
  </cep>
  <cep>
    <cep>57081-436</cep>
    <logradouro>Rua B</logradouro>
    <complemento>(Cj José Maria de Melo)</complemento>
    <unidade/>
    <bairro>Tabuleiro do Martins</bairro>
    <localidade>Maceió</localidade>
    <uf>AL</uf>
    <estado>Alagoas</estado>
    <região/>
    <ibge>2704302</ibge>
    <gia/>
    <ddd>82</ddd>
    <siafi>2785</siafi>
  </cep>
  <cep>
    <cep>57081-420</cep>
    <logradouro>Rua Antônio Sebastião da Silva</logradouro>
    <complemento/>
    <unidade/>
    <bairro>Tabuleiro do Martins</bairro>
    <localidade>Maceió</localidade>
    <uf>AL</uf>
    <estado>Alagoas</estado>
    <região/>
    <ibge>2704302</ibge>
    <gia/>
    <ddd>82</ddd>
    <siafi>2785</siafi>
  </cep>
  <cep>
    <cep>57081-425</cep>
    <logradouro>Rua Luiz Carlos Calazans Pacheco</logradouro>
    <complemento/>
    <unidade/>
    <bairro>Tabuleiro do Martins</bairro>
    <localidade>Maceió</localidade>
    <uf>AL</uf>
    <estado>Alagoas</estado>
    <região/>
    <ibge>2704302</ibge>
    <gia/>
    <ddd>82</ddd>
    <siafi>2785</siafi>
  </cep>
  <cep>
    <cep>57081-451</cep>
    <logradouro>Rua Antônio Vieira Filho</logradouro>
    <complemento/>
    <unidade/>
    <bairro>Tabuleiro do Martins</bairro>
    <localidade>Maceió</localidade>
    <uf>AL</uf>
    <estado>Alagoas</estado>
    <região/>
    <ibge>2704302</ibge>
    <gia/>
    <ddd>82</ddd>
    <siafi>2785</siafi>
  </cep>
  <cep>
    <cep>57081-453</cep>
    <logradouro>Rua I-K</logradouro>
    <complemento>(Cj José Maria de Melo)</complemento>
    <unidade/>
    <bairro>Tabuleiro do Martins</bairro>
    <localidade>Maceió</localidade>
    <uf>AL</uf>
    <estado>Alagoas</estado>
    <região/>
    <ibge>2704302</ibge>
    <gia/>
    <ddd>82</ddd>
    <siafi>2785</siafi>
  </cep>
  <cep>
    <cep>57081-435</cep>
    <logradouro>Rua Doutor Estácio de Lima</logradouro>
    <complemento/>
    <unidade/>
    <bairro>Tabuleiro do Martins</bairro>
    <localidade>Maceió</localidade>
    <uf>AL</uf>
    <estado>Alagoas</estado>
    <região/>
    <ibge>2704302</ibge>
    <gia/>
    <ddd>82</ddd>
    <siafi>2785</siafi>
  </cep>
  <cep>
    <cep>57081-457</cep>
    <logradouro>Rua Antônio Souza Braga</logradouro>
    <complemento/>
    <unidade/>
    <bairro>Tabuleiro do Martins</bairro>
    <localidade>Maceió</localidade>
    <uf>AL</uf>
    <estado>Alagoas</estado>
    <região/>
    <ibge>2704302</ibge>
    <gia/>
    <ddd>82</ddd>
    <siafi>2785</siafi>
  </cep>
  <cep>
    <cep>57081-458</cep>
    <logradouro>Rua Teobaldo Barbosa</logradouro>
    <complemento/>
    <unidade/>
    <bairro>Tabuleiro do Martins</bairro>
    <localidade>Maceió</localidade>
    <uf>AL</uf>
    <estado>Alagoas</estado>
    <região/>
    <ibge>2704302</ibge>
    <gia/>
    <ddd>82</ddd>
    <siafi>2785</siafi>
  </cep>
  <cep>
    <cep/>
    <logradouro/>
    <complemento/>
    <unidade/>
    <bairro/>
    <localidade/>
    <uf/>
    <estado/>
    <região/>
    <ibge/>
    <gia/>
    <ddd/>
    <siafi/>
  </cep>
  <cep>
    <cep>57081-475</cep>
    <logradouro>Rua da Codeal</logradouro>
    <complemento/>
    <unidade/>
    <bairro>Tabuleiro do Martins</bairro>
    <localidade>Maceió</localidade>
    <uf>AL</uf>
    <estado>Alagoas</estado>
    <região/>
    <ibge>2704302</ibge>
    <gia/>
    <ddd>82</ddd>
    <siafi>2785</siafi>
  </cep>
  <cep>
    <cep>57081-485</cep>
    <logradouro>Rua Eliezer Rufino de Castro</logradouro>
    <complemento/>
    <unidade/>
    <bairro>Tabuleiro do Martins</bairro>
    <localidade>Maceió</localidade>
    <uf>AL</uf>
    <estado>Alagoas</estado>
    <região/>
    <ibge>2704302</ibge>
    <gia/>
    <ddd>82</ddd>
    <siafi>2785</siafi>
  </cep>
  <cep>
    <cep>57081-487</cep>
    <logradouro>Via em Projeto 2</logradouro>
    <complemento>(Distrito Industrial)</complemento>
    <unidade/>
    <bairro>Tabuleiro do Martins</bairro>
    <localidade>Maceió</localidade>
    <uf>AL</uf>
    <estado>Alagoas</estado>
    <região/>
    <ibge>2704302</ibge>
    <gia/>
    <ddd>82</ddd>
    <siafi>2785</siafi>
  </cep>
  <cep>
    <cep>57081-488</cep>
    <logradouro>Via em Projeto 3</logradouro>
    <complemento>(Distrito Industrial)</complemento>
    <unidade/>
    <bairro>Tabuleiro do Martins</bairro>
    <localidade>Maceió</localidade>
    <uf>AL</uf>
    <estado>Alagoas</estado>
    <região/>
    <ibge>2704302</ibge>
    <gia/>
    <ddd>82</ddd>
    <siafi>2785</siafi>
  </cep>
  <cep>
    <cep>57081-489</cep>
    <logradouro>Via Secundária 5</logradouro>
    <complemento>(Distrito Industrial)</complemento>
    <unidade/>
    <bairro>Tabuleiro do Martins</bairro>
    <localidade>Maceió</localidade>
    <uf>AL</uf>
    <estado>Alagoas</estado>
    <região/>
    <ibge>2704302</ibge>
    <gia/>
    <ddd>82</ddd>
    <siafi>2785</siafi>
  </cep>
  <cep>
    <cep>57081-490</cep>
    <logradouro>Rua Antônio Faustino Santos</logradouro>
    <complemento/>
    <unidade/>
    <bairro>Tabuleiro do Martins</bairro>
    <localidade>Maceió</localidade>
    <uf>AL</uf>
    <estado>Alagoas</estado>
    <região/>
    <ibge>2704302</ibge>
    <gia/>
    <ddd>82</ddd>
    <siafi>2785</siafi>
  </cep>
  <cep>
    <cep>57081-492</cep>
    <logradouro>Rua Doutor Homero Galvão</logradouro>
    <complemento/>
    <unidade/>
    <bairro>Tabuleiro do Martins</bairro>
    <localidade>Maceió</localidade>
    <uf>AL</uf>
    <estado>Alagoas</estado>
    <região/>
    <ibge>2704302</ibge>
    <gia/>
    <ddd>82</ddd>
    <siafi>2785</siafi>
  </cep>
  <cep>
    <cep>57081-520</cep>
    <logradouro>Rua Paulo Henrique Mendes</logradouro>
    <complemento/>
    <unidade/>
    <bairro>Tabuleiro do Martins</bairro>
    <localidade>Maceió</localidade>
    <uf>AL</uf>
    <estado>Alagoas</estado>
    <região/>
    <ibge>2704302</ibge>
    <gia/>
    <ddd>82</ddd>
    <siafi>2785</siafi>
  </cep>
  <cep>
    <cep>57081-531</cep>
    <logradouro>Rua A</logradouro>
    <complemento>(Cj Cleto Marques Luz)</complemento>
    <unidade/>
    <bairro>Tabuleiro do Martins</bairro>
    <localidade>Maceió</localidade>
    <uf>AL</uf>
    <estado>Alagoas</estado>
    <região/>
    <ibge>2704302</ibge>
    <gia/>
    <ddd>82</ddd>
    <siafi>2785</siafi>
  </cep>
  <cep>
    <cep>57081-494</cep>
    <logradouro>Rua Monsenhor Vieira</logradouro>
    <complemento/>
    <unidade/>
    <bairro>Tabuleiro do Martins</bairro>
    <localidade>Maceió</localidade>
    <uf>AL</uf>
    <estado>Alagoas</estado>
    <região/>
    <ibge>2704302</ibge>
    <gia/>
    <ddd>82</ddd>
    <siafi>2785</siafi>
  </cep>
  <cep>
    <cep>57081-521</cep>
    <logradouro>Travessa Josué Alves Marques</logradouro>
    <complemento/>
    <unidade/>
    <bairro>Tabuleiro do Martins</bairro>
    <localidade>Maceió</localidade>
    <uf>AL</uf>
    <estado>Alagoas</estado>
    <região/>
    <ibge>2704302</ibge>
    <gia/>
    <ddd>82</ddd>
    <siafi>2785</siafi>
  </cep>
  <cep>
    <cep>57081-524</cep>
    <logradouro>Rua Paula de Oliveira Queiroz</logradouro>
    <complemento/>
    <unidade/>
    <bairro>Tabuleiro do Martins</bairro>
    <localidade>Maceió</localidade>
    <uf>AL</uf>
    <estado>Alagoas</estado>
    <região/>
    <ibge>2704302</ibge>
    <gia/>
    <ddd>82</ddd>
    <siafi>2785</siafi>
  </cep>
  <cep>
    <cep>57081-536</cep>
    <logradouro>Rua A</logradouro>
    <complemento>(Cj Sonia Sampaio)</complemento>
    <unidade/>
    <bairro>Tabuleiro do Martins</bairro>
    <localidade>Maceió</localidade>
    <uf>AL</uf>
    <estado>Alagoas</estado>
    <região/>
    <ibge>2704302</ibge>
    <gia/>
    <ddd>82</ddd>
    <siafi>2785</siafi>
  </cep>
  <cep>
    <cep>57081-570</cep>
    <logradouro>Travessa Augusto Quintela II</logradouro>
    <complemento/>
    <unidade/>
    <bairro>Tabuleiro do Martins</bairro>
    <localidade>Maceió</localidade>
    <uf>AL</uf>
    <estado>Alagoas</estado>
    <região/>
    <ibge>2704302</ibge>
    <gia/>
    <ddd>82</ddd>
    <siafi>2785</siafi>
  </cep>
  <cep>
    <cep>57081-534</cep>
    <logradouro>Rua C</logradouro>
    <complemento>(Cj Cleto Marques Luz)</complemento>
    <unidade/>
    <bairro>Tabuleiro do Martins</bairro>
    <localidade>Maceió</localidade>
    <uf>AL</uf>
    <estado>Alagoas</estado>
    <região/>
    <ibge>2704302</ibge>
    <gia/>
    <ddd>82</ddd>
    <siafi>2785</siafi>
  </cep>
  <cep>
    <cep>57081-572</cep>
    <logradouro>Rua Mensageiro José Raimundo dos Santos</logradouro>
    <complemento/>
    <unidade/>
    <bairro>Tabuleiro do Martins</bairro>
    <localidade>Maceió</localidade>
    <uf>AL</uf>
    <estado>Alagoas</estado>
    <região/>
    <ibge>2704302</ibge>
    <gia/>
    <ddd>82</ddd>
    <siafi>2785</siafi>
  </cep>
  <cep>
    <cep>57081-574</cep>
    <logradouro>Rua Antônio de Andrade</logradouro>
    <complemento/>
    <unidade/>
    <bairro>Tabuleiro do Martins</bairro>
    <localidade>Maceió</localidade>
    <uf>AL</uf>
    <estado>Alagoas</estado>
    <região/>
    <ibge>2704302</ibge>
    <gia/>
    <ddd>82</ddd>
    <siafi>2785</siafi>
  </cep>
  <cep>
    <cep>57081-582</cep>
    <logradouro>Avenida Industrial</logradouro>
    <complemento/>
    <unidade/>
    <bairro>Tabuleiro do Martins</bairro>
    <localidade>Maceió</localidade>
    <uf>AL</uf>
    <estado>Alagoas</estado>
    <região/>
    <ibge>2704302</ibge>
    <gia/>
    <ddd>82</ddd>
    <siafi>2785</siafi>
  </cep>
  <cep>
    <cep>57081-540</cep>
    <logradouro>Rua C</logradouro>
    <complemento>(Cj Sônia Sampaio)</complemento>
    <unidade/>
    <bairro>Tabuleiro do Martins</bairro>
    <localidade>Maceió</localidade>
    <uf>AL</uf>
    <estado>Alagoas</estado>
    <região/>
    <ibge>2704302</ibge>
    <gia/>
    <ddd>82</ddd>
    <siafi>2785</siafi>
  </cep>
  <cep>
    <cep>57081-584</cep>
    <logradouro>Travessa Industrial</logradouro>
    <complemento/>
    <unidade/>
    <bairro>Tabuleiro do Martins</bairro>
    <localidade>Maceió</localidade>
    <uf>AL</uf>
    <estado>Alagoas</estado>
    <região/>
    <ibge>2704302</ibge>
    <gia/>
    <ddd>82</ddd>
    <siafi>2785</siafi>
  </cep>
  <cep>
    <cep>57081-583</cep>
    <logradouro>Via em Projeto</logradouro>
    <complemento>(Secundária 8)</complemento>
    <unidade/>
    <bairro>Tabuleiro do Martins</bairro>
    <localidade>Maceió</localidade>
    <uf>AL</uf>
    <estado>Alagoas</estado>
    <região/>
    <ibge>2704302</ibge>
    <gia/>
    <ddd>82</ddd>
    <siafi>2785</siafi>
  </cep>
  <cep>
    <cep>57081-538</cep>
    <logradouro>Rua B</logradouro>
    <complemento>(Cj Sônia Sampaio)</complemento>
    <unidade/>
    <bairro>Tabuleiro do Martins</bairro>
    <localidade>Maceió</localidade>
    <uf>AL</uf>
    <estado>Alagoas</estado>
    <região/>
    <ibge>2704302</ibge>
    <gia/>
    <ddd>82</ddd>
    <siafi>2785</siafi>
  </cep>
  <cep>
    <cep>57081-585</cep>
    <logradouro>Via Secundária 2</logradouro>
    <complemento>(Distrito Industrial)</complemento>
    <unidade/>
    <bairro>Tabuleiro do Martins</bairro>
    <localidade>Maceió</localidade>
    <uf>AL</uf>
    <estado>Alagoas</estado>
    <região/>
    <ibge>2704302</ibge>
    <gia/>
    <ddd>82</ddd>
    <siafi>2785</siafi>
  </cep>
  <cep>
    <cep>57081-522</cep>
    <logradouro>Rua da Granja</logradouro>
    <complemento/>
    <unidade/>
    <bairro>Tabuleiro do Martins</bairro>
    <localidade>Maceió</localidade>
    <uf>AL</uf>
    <estado>Alagoas</estado>
    <região/>
    <ibge>2704302</ibge>
    <gia/>
    <ddd>82</ddd>
    <siafi>2785</siafi>
  </cep>
  <cep>
    <cep>57081-578</cep>
    <logradouro>Rua Etiene Cristina</logradouro>
    <complemento/>
    <unidade/>
    <bairro>Tabuleiro do Martins</bairro>
    <localidade>Maceió</localidade>
    <uf>AL</uf>
    <estado>Alagoas</estado>
    <região/>
    <ibge>2704302</ibge>
    <gia/>
    <ddd>82</ddd>
    <siafi>2785</siafi>
  </cep>
  <cep>
    <cep>57081-580</cep>
    <logradouro>Rua Antônio Alves da Silva</logradouro>
    <complemento/>
    <unidade/>
    <bairro>Tabuleiro do Martins</bairro>
    <localidade>Maceió</localidade>
    <uf>AL</uf>
    <estado>Alagoas</estado>
    <região/>
    <ibge>2704302</ibge>
    <gia/>
    <ddd>82</ddd>
    <siafi>2785</siafi>
  </cep>
  <cep>
    <cep>57081-588</cep>
    <logradouro>Rua Carlos Buarque</logradouro>
    <complemento/>
    <unidade/>
    <bairro>Tabuleiro do Martins</bairro>
    <localidade>Maceió</localidade>
    <uf>AL</uf>
    <estado>Alagoas</estado>
    <região/>
    <ibge>2704302</ibge>
    <gia/>
    <ddd>82</ddd>
    <siafi>2785</siafi>
  </cep>
  <cep>
    <cep>57081-576</cep>
    <logradouro>Rua Maria Erivânia dos Santos</logradouro>
    <complemento/>
    <unidade/>
    <bairro>Tabuleiro do Martins</bairro>
    <localidade>Maceió</localidade>
    <uf>AL</uf>
    <estado>Alagoas</estado>
    <região/>
    <ibge>2704302</ibge>
    <gia/>
    <ddd>82</ddd>
    <siafi>2785</siafi>
  </cep>
  <cep>
    <cep>57081-510</cep>
    <logradouro>Rua Pedrosa</logradouro>
    <complemento/>
    <unidade/>
    <bairro>Tabuleiro do Martins</bairro>
    <localidade>Maceió</localidade>
    <uf>AL</uf>
    <estado>Alagoas</estado>
    <região/>
    <ibge>2704302</ibge>
    <gia/>
    <ddd>82</ddd>
    <siafi>2785</siafi>
  </cep>
  <cep>
    <cep>57081-532</cep>
    <logradouro>Rua B</logradouro>
    <complemento>(Cj Cleto Marques Luz)</complemento>
    <unidade/>
    <bairro>Tabuleiro do Martins</bairro>
    <localidade>Maceió</localidade>
    <uf>AL</uf>
    <estado>Alagoas</estado>
    <região/>
    <ibge>2704302</ibge>
    <gia/>
    <ddd>82</ddd>
    <siafi>2785</siafi>
  </cep>
  <cep>
    <cep>57081-586</cep>
    <logradouro>Via Secundária 3</logradouro>
    <complemento>(Distrito Industrial)</complemento>
    <unidade/>
    <bairro>Tabuleiro do Martins</bairro>
    <localidade>Maceió</localidade>
    <uf>AL</uf>
    <estado>Alagoas</estado>
    <região/>
    <ibge>2704302</ibge>
    <gia/>
    <ddd>82</ddd>
    <siafi>2785</siafi>
  </cep>
  <cep>
    <cep>57081-590</cep>
    <logradouro>Rua Oswaldo Ramos</logradouro>
    <complemento/>
    <unidade/>
    <bairro>Tabuleiro do Martins</bairro>
    <localidade>Maceió</localidade>
    <uf>AL</uf>
    <estado>Alagoas</estado>
    <região/>
    <ibge>2704302</ibge>
    <gia/>
    <ddd>82</ddd>
    <siafi>2785</siafi>
  </cep>
  <cep>
    <cep>57081-592</cep>
    <logradouro>Rua Zacarias Fontan de Melo</logradouro>
    <complemento/>
    <unidade/>
    <bairro>Tabuleiro do Martins</bairro>
    <localidade>Maceió</localidade>
    <uf>AL</uf>
    <estado>Alagoas</estado>
    <região/>
    <ibge>2704302</ibge>
    <gia/>
    <ddd>82</ddd>
    <siafi>2785</siafi>
  </cep>
  <cep>
    <cep>57081-680</cep>
    <logradouro>Rua Manoel Basílio</logradouro>
    <complemento/>
    <unidade/>
    <bairro>Tabuleiro do Martins</bairro>
    <localidade>Maceió</localidade>
    <uf>AL</uf>
    <estado>Alagoas</estado>
    <região/>
    <ibge>2704302</ibge>
    <gia/>
    <ddd>82</ddd>
    <siafi>2785</siafi>
  </cep>
  <cep>
    <cep>57081-610</cep>
    <logradouro>Rua Joana da Silva Lima</logradouro>
    <complemento/>
    <unidade/>
    <bairro>Tabuleiro do Martins</bairro>
    <localidade>Maceió</localidade>
    <uf>AL</uf>
    <estado>Alagoas</estado>
    <região/>
    <ibge>2704302</ibge>
    <gia/>
    <ddd>82</ddd>
    <siafi>2785</siafi>
  </cep>
  <cep>
    <cep>57081-596</cep>
    <logradouro>Rua Jairo Marques Luz</logradouro>
    <complemento/>
    <unidade/>
    <bairro>Tabuleiro do Martins</bairro>
    <localidade>Maceió</localidade>
    <uf>AL</uf>
    <estado>Alagoas</estado>
    <região/>
    <ibge>2704302</ibge>
    <gia/>
    <ddd>82</ddd>
    <siafi>2785</siafi>
  </cep>
  <cep>
    <cep>57081-640</cep>
    <logradouro>Rua Eraldo Ferreira da Costa</logradouro>
    <complemento/>
    <unidade/>
    <bairro>Tabuleiro do Martins</bairro>
    <localidade>Maceió</localidade>
    <uf>AL</uf>
    <estado>Alagoas</estado>
    <região/>
    <ibge>2704302</ibge>
    <gia/>
    <ddd>82</ddd>
    <siafi>2785</siafi>
  </cep>
  <cep>
    <cep>57081-690</cep>
    <logradouro>Rua Luiz Bina Xavier</logradouro>
    <complemento/>
    <unidade/>
    <bairro>Tabuleiro do Martins</bairro>
    <localidade>Maceió</localidade>
    <uf>AL</uf>
    <estado>Alagoas</estado>
    <região/>
    <ibge>2704302</ibge>
    <gia/>
    <ddd>82</ddd>
    <siafi>2785</siafi>
  </cep>
  <cep>
    <cep>57081-700</cep>
    <logradouro>Rua Professor Alcoforado de Pereira</logradouro>
    <complemento/>
    <unidade/>
    <bairro>Tabuleiro do Martins</bairro>
    <localidade>Maceió</localidade>
    <uf>AL</uf>
    <estado>Alagoas</estado>
    <região/>
    <ibge>2704302</ibge>
    <gia/>
    <ddd>82</ddd>
    <siafi>2785</siafi>
  </cep>
  <cep>
    <cep>57081-685</cep>
    <logradouro>Rua Odilon Lins Feijó</logradouro>
    <complemento/>
    <unidade/>
    <bairro>Tabuleiro do Martins</bairro>
    <localidade>Maceió</localidade>
    <uf>AL</uf>
    <estado>Alagoas</estado>
    <região/>
    <ibge>2704302</ibge>
    <gia/>
    <ddd>82</ddd>
    <siafi>2785</siafi>
  </cep>
  <cep>
    <cep>57081-712</cep>
    <logradouro>Rua B</logradouro>
    <complemento>(Cj Moura Castro I)</complemento>
    <unidade/>
    <bairro>Tabuleiro do Martins</bairro>
    <localidade>Maceió</localidade>
    <uf>AL</uf>
    <estado>Alagoas</estado>
    <região/>
    <ibge>2704302</ibge>
    <gia/>
    <ddd>82</ddd>
    <siafi>2785</siafi>
  </cep>
  <cep>
    <cep>57081-714</cep>
    <logradouro>Rua C</logradouro>
    <complemento>(Cj Moura Castro I)</complemento>
    <unidade/>
    <bairro>Tabuleiro do Martins</bairro>
    <localidade>Maceió</localidade>
    <uf>AL</uf>
    <estado>Alagoas</estado>
    <região/>
    <ibge>2704302</ibge>
    <gia/>
    <ddd>82</ddd>
    <siafi>2785</siafi>
  </cep>
  <cep>
    <cep>57081-732</cep>
    <logradouro>2ª Travessa Odilon Francisco de Assis</logradouro>
    <complemento/>
    <unidade/>
    <bairro>Tabuleiro do Martins</bairro>
    <localidade>Maceió</localidade>
    <uf>AL</uf>
    <estado>Alagoas</estado>
    <região/>
    <ibge>2704302</ibge>
    <gia/>
    <ddd>82</ddd>
    <siafi>2785</siafi>
  </cep>
  <cep>
    <cep>57081-730</cep>
    <logradouro>Rua Odilon Francisco de Assis</logradouro>
    <complemento/>
    <unidade/>
    <bairro>Tabuleiro do Martins</bairro>
    <localidade>Maceió</localidade>
    <uf>AL</uf>
    <estado>Alagoas</estado>
    <região/>
    <ibge>2704302</ibge>
    <gia/>
    <ddd>82</ddd>
    <siafi>2785</siafi>
  </cep>
  <cep>
    <cep>57081-733</cep>
    <logradouro>Rua Maria do Carmo de Góes</logradouro>
    <complemento/>
    <unidade/>
    <bairro>Tabuleiro do Martins</bairro>
    <localidade>Maceió</localidade>
    <uf>AL</uf>
    <estado>Alagoas</estado>
    <região/>
    <ibge>2704302</ibge>
    <gia/>
    <ddd>82</ddd>
    <siafi>2785</siafi>
  </cep>
  <cep>
    <cep>57081-740</cep>
    <logradouro>Avenida Betel</logradouro>
    <complemento/>
    <unidade/>
    <bairro>Tabuleiro do Martins</bairro>
    <localidade>Maceió</localidade>
    <uf>AL</uf>
    <estado>Alagoas</estado>
    <região/>
    <ibge>2704302</ibge>
    <gia/>
    <ddd>82</ddd>
    <siafi>2785</siafi>
  </cep>
  <cep>
    <cep>57081-731</cep>
    <logradouro>Travessa Odilon Francisco de Assis</logradouro>
    <complemento/>
    <unidade/>
    <bairro>Tabuleiro do Martins</bairro>
    <localidade>Maceió</localidade>
    <uf>AL</uf>
    <estado>Alagoas</estado>
    <região/>
    <ibge>2704302</ibge>
    <gia/>
    <ddd>82</ddd>
    <siafi>2785</siafi>
  </cep>
  <cep>
    <cep>57081-742</cep>
    <logradouro>Rua José Rufino</logradouro>
    <complemento/>
    <unidade/>
    <bairro>Tabuleiro do Martins</bairro>
    <localidade>Maceió</localidade>
    <uf>AL</uf>
    <estado>Alagoas</estado>
    <região/>
    <ibge>2704302</ibge>
    <gia/>
    <ddd>82</ddd>
    <siafi>2785</siafi>
  </cep>
  <cep>
    <cep>57081-741</cep>
    <logradouro>Rua Patricia de Queiroz</logradouro>
    <complemento/>
    <unidade/>
    <bairro>Tabuleiro do Martins</bairro>
    <localidade>Maceió</localidade>
    <uf>AL</uf>
    <estado>Alagoas</estado>
    <região/>
    <ibge>2704302</ibge>
    <gia/>
    <ddd>82</ddd>
    <siafi>2785</siafi>
  </cep>
  <cep>
    <cep>57081-743</cep>
    <logradouro>Rua Maria Josefa Rufino de Oliveira</logradouro>
    <complemento/>
    <unidade/>
    <bairro>Tabuleiro do Martins</bairro>
    <localidade>Maceió</localidade>
    <uf>AL</uf>
    <estado>Alagoas</estado>
    <região/>
    <ibge>2704302</ibge>
    <gia/>
    <ddd>82</ddd>
    <siafi>2785</siafi>
  </cep>
  <cep>
    <cep>57081-745</cep>
    <logradouro>Rua Ayrton Senna</logradouro>
    <complemento/>
    <unidade/>
    <bairro>Tabuleiro do Martins</bairro>
    <localidade>Maceió</localidade>
    <uf>AL</uf>
    <estado>Alagoas</estado>
    <região/>
    <ibge>2704302</ibge>
    <gia/>
    <ddd>82</ddd>
    <siafi>2785</siafi>
  </cep>
  <cep>
    <cep>57081-747</cep>
    <logradouro>Travessa Betel</logradouro>
    <complemento/>
    <unidade/>
    <bairro>Tabuleiro do Martins</bairro>
    <localidade>Maceió</localidade>
    <uf>AL</uf>
    <estado>Alagoas</estado>
    <região/>
    <ibge>2704302</ibge>
    <gia/>
    <ddd>82</ddd>
    <siafi>2785</siafi>
  </cep>
  <cep>
    <cep>57081-762</cep>
    <logradouro>Rua João Batista Magalhães</logradouro>
    <complemento/>
    <unidade/>
    <bairro>Tabuleiro do Martins</bairro>
    <localidade>Maceió</localidade>
    <uf>AL</uf>
    <estado>Alagoas</estado>
    <região/>
    <ibge>2704302</ibge>
    <gia/>
    <ddd>82</ddd>
    <siafi>2785</siafi>
  </cep>
  <cep>
    <cep>57081-749</cep>
    <logradouro>2ª Travessa Betel</logradouro>
    <complemento/>
    <unidade/>
    <bairro>Tabuleiro do Martins</bairro>
    <localidade>Maceió</localidade>
    <uf>AL</uf>
    <estado>Alagoas</estado>
    <região/>
    <ibge>2704302</ibge>
    <gia/>
    <ddd>82</ddd>
    <siafi>2785</siafi>
  </cep>
  <cep>
    <cep>57081-750</cep>
    <logradouro>Rua Carlos Roberto Chagas</logradouro>
    <complemento/>
    <unidade/>
    <bairro>Tabuleiro do Martins</bairro>
    <localidade>Maceió</localidade>
    <uf>AL</uf>
    <estado>Alagoas</estado>
    <região/>
    <ibge>2704302</ibge>
    <gia/>
    <ddd>82</ddd>
    <siafi>2785</siafi>
  </cep>
  <cep>
    <cep>57081-760</cep>
    <logradouro>Rua Eliel Rufino de Castro</logradouro>
    <complemento/>
    <unidade/>
    <bairro>Tabuleiro do Martins</bairro>
    <localidade>Maceió</localidade>
    <uf>AL</uf>
    <estado>Alagoas</estado>
    <região/>
    <ibge>2704302</ibge>
    <gia/>
    <ddd>82</ddd>
    <siafi>2785</siafi>
  </cep>
  <cep>
    <cep>57081-770</cep>
    <logradouro>Avenida Getsêmane</logradouro>
    <complemento/>
    <unidade/>
    <bairro>Tabuleiro do Martins</bairro>
    <localidade>Maceió</localidade>
    <uf>AL</uf>
    <estado>Alagoas</estado>
    <região/>
    <ibge>2704302</ibge>
    <gia/>
    <ddd>82</ddd>
    <siafi>2785</siafi>
  </cep>
  <cep>
    <cep>57081-772</cep>
    <logradouro>1ª Travessa Getsêmane</logradouro>
    <complemento/>
    <unidade/>
    <bairro>Tabuleiro do Martins</bairro>
    <localidade>Maceió</localidade>
    <uf>AL</uf>
    <estado>Alagoas</estado>
    <região/>
    <ibge>2704302</ibge>
    <gia/>
    <ddd>82</ddd>
    <siafi>2785</siafi>
  </cep>
  <cep>
    <cep>57081-776</cep>
    <logradouro>3ª Travessa Getsêmane</logradouro>
    <complemento/>
    <unidade/>
    <bairro>Tabuleiro do Martins</bairro>
    <localidade>Maceió</localidade>
    <uf>AL</uf>
    <estado>Alagoas</estado>
    <região/>
    <ibge>2704302</ibge>
    <gia/>
    <ddd>82</ddd>
    <siafi>2785</siafi>
  </cep>
  <cep>
    <cep>57081-774</cep>
    <logradouro>2ª Travessa Getsêmane</logradouro>
    <complemento/>
    <unidade/>
    <bairro>Tabuleiro do Martins</bairro>
    <localidade>Maceió</localidade>
    <uf>AL</uf>
    <estado>Alagoas</estado>
    <região/>
    <ibge>2704302</ibge>
    <gia/>
    <ddd>82</ddd>
    <siafi>2785</siafi>
  </cep>
  <cep>
    <cep>57081-778</cep>
    <logradouro>4ª Travessa Getsêmane</logradouro>
    <complemento/>
    <unidade/>
    <bairro>Tabuleiro do Martins</bairro>
    <localidade>Maceió</localidade>
    <uf>AL</uf>
    <estado>Alagoas</estado>
    <região/>
    <ibge>2704302</ibge>
    <gia/>
    <ddd>82</ddd>
    <siafi>2785</siafi>
  </cep>
  <cep>
    <cep>57081-781</cep>
    <logradouro>Travessa Osman Moreira</logradouro>
    <complemento/>
    <unidade/>
    <bairro>Tabuleiro do Martins</bairro>
    <localidade>Maceió</localidade>
    <uf>AL</uf>
    <estado>Alagoas</estado>
    <região/>
    <ibge>2704302</ibge>
    <gia/>
    <ddd>82</ddd>
    <siafi>2785</siafi>
  </cep>
  <cep>
    <cep>57081-780</cep>
    <logradouro>Rua João Monteiro da Silva</logradouro>
    <complemento/>
    <unidade/>
    <bairro>Tabuleiro do Martins</bairro>
    <localidade>Maceió</localidade>
    <uf>AL</uf>
    <estado>Alagoas</estado>
    <região/>
    <ibge>2704302</ibge>
    <gia/>
    <ddd>82</ddd>
    <siafi>2785</siafi>
  </cep>
  <cep>
    <cep>57081-782</cep>
    <logradouro>1ª Travessa João Monteiro da Silva</logradouro>
    <complemento/>
    <unidade/>
    <bairro>Tabuleiro do Martins</bairro>
    <localidade>Maceió</localidade>
    <uf>AL</uf>
    <estado>Alagoas</estado>
    <região/>
    <ibge>2704302</ibge>
    <gia/>
    <ddd>82</ddd>
    <siafi>2785</siafi>
  </cep>
  <cep>
    <cep>57081-783</cep>
    <logradouro>1ª Travessa Antonio de Andrade Silva</logradouro>
    <complemento/>
    <unidade/>
    <bairro>Tabuleiro do Martins</bairro>
    <localidade>Maceió</localidade>
    <uf>AL</uf>
    <estado>Alagoas</estado>
    <região/>
    <ibge>2704302</ibge>
    <gia/>
    <ddd>82</ddd>
    <siafi>2785</siafi>
  </cep>
  <cep>
    <cep>57081-784</cep>
    <logradouro>2ª Travessa João Monteiro da Silva</logradouro>
    <complemento/>
    <unidade/>
    <bairro>Tabuleiro do Martins</bairro>
    <localidade>Maceió</localidade>
    <uf>AL</uf>
    <estado>Alagoas</estado>
    <região/>
    <ibge>2704302</ibge>
    <gia/>
    <ddd>82</ddd>
    <siafi>2785</siafi>
  </cep>
  <cep>
    <cep>57081-785</cep>
    <logradouro>2ª Travessa Antonio de Andrade Silva</logradouro>
    <complemento/>
    <unidade/>
    <bairro>Tabuleiro do Martins</bairro>
    <localidade>Maceió</localidade>
    <uf>AL</uf>
    <estado>Alagoas</estado>
    <região/>
    <ibge>2704302</ibge>
    <gia/>
    <ddd>82</ddd>
    <siafi>2785</siafi>
  </cep>
  <cep>
    <cep>57081-786</cep>
    <logradouro>2ª Rua Bernardino de Souza Ferreira</logradouro>
    <complemento/>
    <unidade/>
    <bairro>Tabuleiro do Martins</bairro>
    <localidade>Maceió</localidade>
    <uf>AL</uf>
    <estado>Alagoas</estado>
    <região/>
    <ibge>2704302</ibge>
    <gia/>
    <ddd>82</ddd>
    <siafi>2785</siafi>
  </cep>
  <cep>
    <cep>57081-787</cep>
    <logradouro>3ª Travessa João Monteiro da Silva</logradouro>
    <complemento/>
    <unidade/>
    <bairro>Tabuleiro do Martins</bairro>
    <localidade>Maceió</localidade>
    <uf>AL</uf>
    <estado>Alagoas</estado>
    <região/>
    <ibge>2704302</ibge>
    <gia/>
    <ddd>82</ddd>
    <siafi>2785</siafi>
  </cep>
  <cep>
    <cep>57081-788</cep>
    <logradouro>4ª Travessa João Monteiro da Silva</logradouro>
    <complemento/>
    <unidade/>
    <bairro>Tabuleiro do Martins</bairro>
    <localidade>Maceió</localidade>
    <uf>AL</uf>
    <estado>Alagoas</estado>
    <região/>
    <ibge>2704302</ibge>
    <gia/>
    <ddd>82</ddd>
    <siafi>2785</siafi>
  </cep>
  <cep>
    <cep>57081-800</cep>
    <logradouro>Rua Marcos Machado</logradouro>
    <complemento/>
    <unidade/>
    <bairro>Tabuleiro do Martins</bairro>
    <localidade>Maceió</localidade>
    <uf>AL</uf>
    <estado>Alagoas</estado>
    <região/>
    <ibge>2704302</ibge>
    <gia/>
    <ddd>82</ddd>
    <siafi>2785</siafi>
  </cep>
  <cep>
    <cep>57081-810</cep>
    <logradouro>Rua Maria Marques de Oliveira</logradouro>
    <complemento/>
    <unidade/>
    <bairro>Tabuleiro do Martins</bairro>
    <localidade>Maceió</localidade>
    <uf>AL</uf>
    <estado>Alagoas</estado>
    <região/>
    <ibge>2704302</ibge>
    <gia/>
    <ddd>82</ddd>
    <siafi>2785</siafi>
  </cep>
  <cep>
    <cep>57081-818</cep>
    <logradouro>Rua Boa Vista</logradouro>
    <complemento/>
    <unidade/>
    <bairro>Tabuleiro do Martins</bairro>
    <localidade>Maceió</localidade>
    <uf>AL</uf>
    <estado>Alagoas</estado>
    <região/>
    <ibge>2704302</ibge>
    <gia/>
    <ddd>82</ddd>
    <siafi>2785</siafi>
  </cep>
  <cep>
    <cep>57081-790</cep>
    <logradouro>Rua Josué Alves Marques</logradouro>
    <complemento/>
    <unidade/>
    <bairro>Tabuleiro do Martins</bairro>
    <localidade>Maceió</localidade>
    <uf>AL</uf>
    <estado>Alagoas</estado>
    <região/>
    <ibge>2704302</ibge>
    <gia/>
    <ddd>82</ddd>
    <siafi>2785</siafi>
  </cep>
  <cep>
    <cep>57081-817</cep>
    <logradouro>Rua Betel</logradouro>
    <complemento>(Cj Nossa Senhora Aparecida)</complemento>
    <unidade/>
    <bairro>Tabuleiro do Martins</bairro>
    <localidade>Maceió</localidade>
    <uf>AL</uf>
    <estado>Alagoas</estado>
    <região/>
    <ibge>2704302</ibge>
    <gia/>
    <ddd>82</ddd>
    <siafi>2785</siafi>
  </cep>
  <cep>
    <cep>57081-802</cep>
    <logradouro>Rua Jardim da Esperança</logradouro>
    <complemento/>
    <unidade/>
    <bairro>Tabuleiro do Martins</bairro>
    <localidade>Maceió</localidade>
    <uf>AL</uf>
    <estado>Alagoas</estado>
    <região/>
    <ibge>2704302</ibge>
    <gia/>
    <ddd>82</ddd>
    <siafi>2785</siafi>
  </cep>
  <cep>
    <cep>57081-830</cep>
    <logradouro>Rua Coronel Paranhos</logradouro>
    <complemento/>
    <unidade/>
    <bairro>Tabuleiro do Martins</bairro>
    <localidade>Maceió</localidade>
    <uf>AL</uf>
    <estado>Alagoas</estado>
    <região/>
    <ibge>2704302</ibge>
    <gia/>
    <ddd>82</ddd>
    <siafi>2785</siafi>
  </cep>
  <cep>
    <cep>57081-808</cep>
    <logradouro>Rua Santa Terezinha</logradouro>
    <complemento/>
    <unidade/>
    <bairro>Tabuleiro do Martins</bairro>
    <localidade>Maceió</localidade>
    <uf>AL</uf>
    <estado>Alagoas</estado>
    <região/>
    <ibge>2704302</ibge>
    <gia/>
    <ddd>82</ddd>
    <siafi>2785</siafi>
  </cep>
  <cep>
    <cep>57081-850</cep>
    <logradouro>Rua Antônio Maurício Costa</logradouro>
    <complemento/>
    <unidade/>
    <bairro>Tabuleiro do Martins</bairro>
    <localidade>Maceió</localidade>
    <uf>AL</uf>
    <estado>Alagoas</estado>
    <região/>
    <ibge>2704302</ibge>
    <gia/>
    <ddd>82</ddd>
    <siafi>2785</siafi>
  </cep>
  <cep>
    <cep>57081-840</cep>
    <logradouro>Rua Doutor Antônio Machado</logradouro>
    <complemento/>
    <unidade/>
    <bairro>Tabuleiro do Martins</bairro>
    <localidade>Maceió</localidade>
    <uf>AL</uf>
    <estado>Alagoas</estado>
    <região/>
    <ibge>2704302</ibge>
    <gia/>
    <ddd>82</ddd>
    <siafi>2785</siafi>
  </cep>
  <cep>
    <cep>57081-870</cep>
    <logradouro>Rua José Ferreira de Messias</logradouro>
    <complemento/>
    <unidade/>
    <bairro>Tabuleiro do Martins</bairro>
    <localidade>Maceió</localidade>
    <uf>AL</uf>
    <estado>Alagoas</estado>
    <região/>
    <ibge>2704302</ibge>
    <gia/>
    <ddd>82</ddd>
    <siafi>2785</siafi>
  </cep>
  <cep>
    <cep>57081-880</cep>
    <logradouro>Rua Dionísio da Silva</logradouro>
    <complemento/>
    <unidade/>
    <bairro>Tabuleiro do Martins</bairro>
    <localidade>Maceió</localidade>
    <uf>AL</uf>
    <estado>Alagoas</estado>
    <região/>
    <ibge>2704302</ibge>
    <gia/>
    <ddd>82</ddd>
    <siafi>2785</siafi>
  </cep>
  <cep>
    <cep>57081-806</cep>
    <logradouro>Rua Duque de Caxias</logradouro>
    <complemento/>
    <unidade/>
    <bairro>Tabuleiro do Martins</bairro>
    <localidade>Maceió</localidade>
    <uf>AL</uf>
    <estado>Alagoas</estado>
    <região/>
    <ibge>2704302</ibge>
    <gia/>
    <ddd>82</ddd>
    <siafi>2785</siafi>
  </cep>
  <cep>
    <cep>57081-890</cep>
    <logradouro>Rua José Abílio Leão</logradouro>
    <complemento/>
    <unidade/>
    <bairro>Tabuleiro do Martins</bairro>
    <localidade>Maceió</localidade>
    <uf>AL</uf>
    <estado>Alagoas</estado>
    <região/>
    <ibge>2704302</ibge>
    <gia/>
    <ddd>82</ddd>
    <siafi>2785</siafi>
  </cep>
  <cep>
    <cep>57082-025</cep>
    <logradouro>Rua Araguaia</logradouro>
    <complemento/>
    <unidade/>
    <bairro>Santa Lúcia</bairro>
    <localidade>Maceió</localidade>
    <uf>AL</uf>
    <estado>Alagoas</estado>
    <região/>
    <ibge>2704302</ibge>
    <gia/>
    <ddd>82</ddd>
    <siafi>2785</siafi>
  </cep>
  <cep>
    <cep>57082-020</cep>
    <logradouro>Rua Itararé</logradouro>
    <complemento/>
    <unidade/>
    <bairro>Santa Lúcia</bairro>
    <localidade>Maceió</localidade>
    <uf>AL</uf>
    <estado>Alagoas</estado>
    <região/>
    <ibge>2704302</ibge>
    <gia/>
    <ddd>82</ddd>
    <siafi>2785</siafi>
  </cep>
  <cep>
    <cep>57081-816</cep>
    <logradouro>Rua Nova Zelandia</logradouro>
    <complemento/>
    <unidade/>
    <bairro>Tabuleiro do Martins</bairro>
    <localidade>Maceió</localidade>
    <uf>AL</uf>
    <estado>Alagoas</estado>
    <região/>
    <ibge>2704302</ibge>
    <gia/>
    <ddd>82</ddd>
    <siafi>2785</siafi>
  </cep>
  <cep>
    <cep>57082-007</cep>
    <logradouro>Rua Vitória</logradouro>
    <complemento/>
    <unidade/>
    <bairro>Santa Lúcia</bairro>
    <localidade>Maceió</localidade>
    <uf>AL</uf>
    <estado>Alagoas</estado>
    <região/>
    <ibge>2704302</ibge>
    <gia/>
    <ddd>82</ddd>
    <siafi>2785</siafi>
  </cep>
  <cep>
    <cep>57081-814</cep>
    <logradouro>Rua Ednaldo Galvão</logradouro>
    <complemento/>
    <unidade/>
    <bairro>Tabuleiro do Martins</bairro>
    <localidade>Maceió</localidade>
    <uf>AL</uf>
    <estado>Alagoas</estado>
    <região/>
    <ibge>2704302</ibge>
    <gia/>
    <ddd>82</ddd>
    <siafi>2785</siafi>
  </cep>
  <cep>
    <cep>57081-804</cep>
    <logradouro>Rua José Renan Lourenço de Mesquita</logradouro>
    <complemento/>
    <unidade/>
    <bairro>Tabuleiro do Martins</bairro>
    <localidade>Maceió</localidade>
    <uf>AL</uf>
    <estado>Alagoas</estado>
    <região/>
    <ibge>2704302</ibge>
    <gia/>
    <ddd>82</ddd>
    <siafi>2785</siafi>
  </cep>
  <cep>
    <cep>57081-812</cep>
    <logradouro>Rua Izenilda Felix</logradouro>
    <complemento/>
    <unidade/>
    <bairro>Tabuleiro do Martins</bairro>
    <localidade>Maceió</localidade>
    <uf>AL</uf>
    <estado>Alagoas</estado>
    <região/>
    <ibge>2704302</ibge>
    <gia/>
    <ddd>82</ddd>
    <siafi>2785</siafi>
  </cep>
  <cep>
    <cep>57082-015</cep>
    <logradouro>Avenida Hermes Ernesto Damasceno</logradouro>
    <complemento/>
    <unidade/>
    <bairro>Santa Lúcia</bairro>
    <localidade>Maceió</localidade>
    <uf>AL</uf>
    <estado>Alagoas</estado>
    <região/>
    <ibge>2704302</ibge>
    <gia/>
    <ddd>82</ddd>
    <siafi>2785</siafi>
  </cep>
  <cep>
    <cep>57081-860</cep>
    <logradouro>Rua Somaia Saffady</logradouro>
    <complemento/>
    <unidade/>
    <bairro>Tabuleiro do Martins</bairro>
    <localidade>Maceió</localidade>
    <uf>AL</uf>
    <estado>Alagoas</estado>
    <região/>
    <ibge>2704302</ibge>
    <gia/>
    <ddd>82</ddd>
    <siafi>2785</siafi>
  </cep>
  <cep>
    <cep>57082-010</cep>
    <logradouro>Rua José Hermes Damasceno</logradouro>
    <complemento/>
    <unidade/>
    <bairro>Santa Lúcia</bairro>
    <localidade>Maceió</localidade>
    <uf>AL</uf>
    <estado>Alagoas</estado>
    <região/>
    <ibge>2704302</ibge>
    <gia/>
    <ddd>82</ddd>
    <siafi>2785</siafi>
  </cep>
  <cep>
    <cep>57082-005</cep>
    <logradouro>Travessa Belmiro Amorim</logradouro>
    <complemento/>
    <unidade/>
    <bairro>Santa Lúcia</bairro>
    <localidade>Maceió</localidade>
    <uf>AL</uf>
    <estado>Alagoas</estado>
    <região/>
    <ibge>2704302</ibge>
    <gia/>
    <ddd>82</ddd>
    <siafi>2785</siafi>
  </cep>
  <cep>
    <cep>57081-820</cep>
    <logradouro>Rua Nelson Correia de Souza</logradouro>
    <complemento/>
    <unidade/>
    <bairro>Tabuleiro do Martins</bairro>
    <localidade>Maceió</localidade>
    <uf>AL</uf>
    <estado>Alagoas</estado>
    <região/>
    <ibge>2704302</ibge>
    <gia/>
    <ddd>82</ddd>
    <siafi>2785</siafi>
  </cep>
  <cep>
    <cep>57082-000</cep>
    <logradouro>Avenida Belmiro Amorim</logradouro>
    <complemento/>
    <unidade/>
    <bairro>Santa Lúcia</bairro>
    <localidade>Maceió</localidade>
    <uf>AL</uf>
    <estado>Alagoas</estado>
    <região/>
    <ibge>2704302</ibge>
    <gia/>
    <ddd>82</ddd>
    <siafi>2785</siafi>
  </cep>
  <cep>
    <cep>57082-035</cep>
    <logradouro>Rua Castro Alves</logradouro>
    <complemento/>
    <unidade/>
    <bairro>Santa Lúcia</bairro>
    <localidade>Maceió</localidade>
    <uf>AL</uf>
    <estado>Alagoas</estado>
    <região/>
    <ibge>2704302</ibge>
    <gia/>
    <ddd>82</ddd>
    <siafi>2785</siafi>
  </cep>
  <cep>
    <cep>57082-002</cep>
    <logradouro>Condomínio Residencial Galápagos</logradouro>
    <complemento/>
    <unidade/>
    <bairro>Santa Lúcia</bairro>
    <localidade>Maceió</localidade>
    <uf>AL</uf>
    <estado>Alagoas</estado>
    <região/>
    <ibge>2704302</ibge>
    <gia/>
    <ddd>82</ddd>
    <siafi>2785</siafi>
  </cep>
  <cep>
    <cep>57082-030</cep>
    <logradouro>Avenida Paraguassu</logradouro>
    <complemento/>
    <unidade/>
    <bairro>Santa Lúcia</bairro>
    <localidade>Maceió</localidade>
    <uf>AL</uf>
    <estado>Alagoas</estado>
    <região/>
    <ibge>2704302</ibge>
    <gia/>
    <ddd>82</ddd>
    <siafi>2785</siafi>
  </cep>
  <cep>
    <cep>57082-036</cep>
    <logradouro>Rua Vicente Celestino</logradouro>
    <complemento/>
    <unidade/>
    <bairro>Santa Lúcia</bairro>
    <localidade>Maceió</localidade>
    <uf>AL</uf>
    <estado>Alagoas</estado>
    <região/>
    <ibge>2704302</ibge>
    <gia/>
    <ddd>82</ddd>
    <siafi>2785</siafi>
  </cep>
  <cep>
    <cep>57082-037</cep>
    <logradouro>Avenida Manoel Pereira Cavalcante</logradouro>
    <complemento/>
    <unidade/>
    <bairro>Santa Lúcia</bairro>
    <localidade>Maceió</localidade>
    <uf>AL</uf>
    <estado>Alagoas</estado>
    <região/>
    <ibge>2704302</ibge>
    <gia/>
    <ddd>82</ddd>
    <siafi>2785</siafi>
  </cep>
  <cep>
    <cep>57082-040</cep>
    <logradouro>Rua Grajaú</logradouro>
    <complemento/>
    <unidade/>
    <bairro>Santa Lúcia</bairro>
    <localidade>Maceió</localidade>
    <uf>AL</uf>
    <estado>Alagoas</estado>
    <região/>
    <ibge>2704302</ibge>
    <gia/>
    <ddd>82</ddd>
    <siafi>2785</siafi>
  </cep>
  <cep>
    <cep>57082-050</cep>
    <logradouro>Rua Solimões</logradouro>
    <complemento/>
    <unidade/>
    <bairro>Santa Lúcia</bairro>
    <localidade>Maceió</localidade>
    <uf>AL</uf>
    <estado>Alagoas</estado>
    <região/>
    <ibge>2704302</ibge>
    <gia/>
    <ddd>82</ddd>
    <siafi>2785</siafi>
  </cep>
  <cep>
    <cep>57082-045</cep>
    <logradouro>Rua Dilermando Reis</logradouro>
    <complemento/>
    <unidade/>
    <bairro>Santa Lúcia</bairro>
    <localidade>Maceió</localidade>
    <uf>AL</uf>
    <estado>Alagoas</estado>
    <região/>
    <ibge>2704302</ibge>
    <gia/>
    <ddd>82</ddd>
    <siafi>2785</siafi>
  </cep>
  <cep>
    <cep>57082-047</cep>
    <logradouro>Travessa Dilermando Reis</logradouro>
    <complemento/>
    <unidade/>
    <bairro>Santa Lúcia</bairro>
    <localidade>Maceió</localidade>
    <uf>AL</uf>
    <estado>Alagoas</estado>
    <região/>
    <ibge>2704302</ibge>
    <gia/>
    <ddd>82</ddd>
    <siafi>2785</siafi>
  </cep>
  <cep>
    <cep>57082-057</cep>
    <logradouro>Rua Josué Alves Marques</logradouro>
    <complemento/>
    <unidade/>
    <bairro>Santa Lúcia</bairro>
    <localidade>Maceió</localidade>
    <uf>AL</uf>
    <estado>Alagoas</estado>
    <região/>
    <ibge>2704302</ibge>
    <gia/>
    <ddd>82</ddd>
    <siafi>2785</siafi>
  </cep>
  <cep>
    <cep>57082-065</cep>
    <logradouro>Avenida Francisco Afonso de Mello</logradouro>
    <complemento/>
    <unidade/>
    <bairro>Santa Lúcia</bairro>
    <localidade>Maceió</localidade>
    <uf>AL</uf>
    <estado>Alagoas</estado>
    <região/>
    <ibge>2704302</ibge>
    <gia/>
    <ddd>82</ddd>
    <siafi>2785</siafi>
  </cep>
  <cep>
    <cep>57082-060</cep>
    <logradouro>Rua Japurá</logradouro>
    <complemento/>
    <unidade/>
    <bairro>Santa Lúcia</bairro>
    <localidade>Maceió</localidade>
    <uf>AL</uf>
    <estado>Alagoas</estado>
    <região/>
    <ibge>2704302</ibge>
    <gia/>
    <ddd>82</ddd>
    <siafi>2785</siafi>
  </cep>
  <cep>
    <cep>57082-070</cep>
    <logradouro>Rua Jurema</logradouro>
    <complemento/>
    <unidade/>
    <bairro>Santa Lúcia</bairro>
    <localidade>Maceió</localidade>
    <uf>AL</uf>
    <estado>Alagoas</estado>
    <região/>
    <ibge>2704302</ibge>
    <gia/>
    <ddd>82</ddd>
    <siafi>2785</siafi>
  </cep>
  <cep>
    <cep>57082-075</cep>
    <logradouro>Rua Mensageiro João Sarmento</logradouro>
    <complemento/>
    <unidade/>
    <bairro>Santa Lúcia</bairro>
    <localidade>Maceió</localidade>
    <uf>AL</uf>
    <estado>Alagoas</estado>
    <região/>
    <ibge>2704302</ibge>
    <gia/>
    <ddd>82</ddd>
    <siafi>2785</siafi>
  </cep>
  <cep>
    <cep>57082-085</cep>
    <logradouro>Rua José Barbosa da Silva</logradouro>
    <complemento/>
    <unidade/>
    <bairro>Santa Lúcia</bairro>
    <localidade>Maceió</localidade>
    <uf>AL</uf>
    <estado>Alagoas</estado>
    <região/>
    <ibge>2704302</ibge>
    <gia/>
    <ddd>82</ddd>
    <siafi>2785</siafi>
  </cep>
  <cep>
    <cep>57082-090</cep>
    <logradouro>Rua Marquês de Tamandaré</logradouro>
    <complemento/>
    <unidade/>
    <bairro>Santa Lúcia</bairro>
    <localidade>Maceió</localidade>
    <uf>AL</uf>
    <estado>Alagoas</estado>
    <região/>
    <ibge>2704302</ibge>
    <gia/>
    <ddd>82</ddd>
    <siafi>2785</siafi>
  </cep>
  <cep>
    <cep>57082-095</cep>
    <logradouro>Avenida Manoel Affonso de Melo</logradouro>
    <complemento/>
    <unidade/>
    <bairro>Santa Lúcia</bairro>
    <localidade>Maceió</localidade>
    <uf>AL</uf>
    <estado>Alagoas</estado>
    <região/>
    <ibge>2704302</ibge>
    <gia/>
    <ddd>82</ddd>
    <siafi>2785</siafi>
  </cep>
  <cep>
    <cep>57082-087</cep>
    <logradouro>Rua Manoel Araújo</logradouro>
    <complemento/>
    <unidade/>
    <bairro>Santa Lúcia</bairro>
    <localidade>Maceió</localidade>
    <uf>AL</uf>
    <estado>Alagoas</estado>
    <região/>
    <ibge>2704302</ibge>
    <gia/>
    <ddd>82</ddd>
    <siafi>2785</siafi>
  </cep>
  <cep>
    <cep>57082-103</cep>
    <logradouro>Rua Argentina</logradouro>
    <complemento/>
    <unidade/>
    <bairro>Santa Lúcia</bairro>
    <localidade>Maceió</localidade>
    <uf>AL</uf>
    <estado>Alagoas</estado>
    <região/>
    <ibge>2704302</ibge>
    <gia/>
    <ddd>82</ddd>
    <siafi>2785</siafi>
  </cep>
  <cep>
    <cep>57082-080</cep>
    <logradouro>Rua Luis Santos de Carvalho</logradouro>
    <complemento/>
    <unidade/>
    <bairro>Santa Lúcia</bairro>
    <localidade>Maceió</localidade>
    <uf>AL</uf>
    <estado>Alagoas</estado>
    <região/>
    <ibge>2704302</ibge>
    <gia/>
    <ddd>82</ddd>
    <siafi>2785</siafi>
  </cep>
  <cep>
    <cep>57082-105</cep>
    <logradouro>Avenida Nações Unidas</logradouro>
    <complemento/>
    <unidade/>
    <bairro>Santa Lúcia</bairro>
    <localidade>Maceió</localidade>
    <uf>AL</uf>
    <estado>Alagoas</estado>
    <região/>
    <ibge>2704302</ibge>
    <gia/>
    <ddd>82</ddd>
    <siafi>2785</siafi>
  </cep>
  <cep>
    <cep>57082-107</cep>
    <logradouro>Rua Buenos Aires</logradouro>
    <complemento/>
    <unidade/>
    <bairro>Santa Lúcia</bairro>
    <localidade>Maceió</localidade>
    <uf>AL</uf>
    <estado>Alagoas</estado>
    <região/>
    <ibge>2704302</ibge>
    <gia/>
    <ddd>82</ddd>
    <siafi>2785</siafi>
  </cep>
  <cep>
    <cep>57082-108</cep>
    <logradouro>Rua Equador</logradouro>
    <complemento/>
    <unidade/>
    <bairro>Santa Lúcia</bairro>
    <localidade>Maceió</localidade>
    <uf>AL</uf>
    <estado>Alagoas</estado>
    <região/>
    <ibge>2704302</ibge>
    <gia/>
    <ddd>82</ddd>
    <siafi>2785</siafi>
  </cep>
  <cep>
    <cep>57082-109</cep>
    <logradouro>Rua São Francisco</logradouro>
    <complemento/>
    <unidade/>
    <bairro>Santa Lúcia</bairro>
    <localidade>Maceió</localidade>
    <uf>AL</uf>
    <estado>Alagoas</estado>
    <região/>
    <ibge>2704302</ibge>
    <gia/>
    <ddd>82</ddd>
    <siafi>2785</siafi>
  </cep>
  <cep>
    <cep>57082-112</cep>
    <logradouro>Rua Filadélfia</logradouro>
    <complemento/>
    <unidade/>
    <bairro>Santa Lúcia</bairro>
    <localidade>Maceió</localidade>
    <uf>AL</uf>
    <estado>Alagoas</estado>
    <região/>
    <ibge>2704302</ibge>
    <gia/>
    <ddd>82</ddd>
    <siafi>2785</siafi>
  </cep>
  <cep>
    <cep>57082-114</cep>
    <logradouro>Rua Uruguai</logradouro>
    <complemento/>
    <unidade/>
    <bairro>Santa Lúcia</bairro>
    <localidade>Maceió</localidade>
    <uf>AL</uf>
    <estado>Alagoas</estado>
    <região/>
    <ibge>2704302</ibge>
    <gia/>
    <ddd>82</ddd>
    <siafi>2785</siafi>
  </cep>
  <cep>
    <cep>57082-110</cep>
    <logradouro>Rua Hélio Basílio</logradouro>
    <complemento/>
    <unidade/>
    <bairro>Santa Lúcia</bairro>
    <localidade>Maceió</localidade>
    <uf>AL</uf>
    <estado>Alagoas</estado>
    <região/>
    <ibge>2704302</ibge>
    <gia/>
    <ddd>82</ddd>
    <siafi>2785</siafi>
  </cep>
  <cep>
    <cep>57082-111</cep>
    <logradouro>Rua Califórnia</logradouro>
    <complemento/>
    <unidade/>
    <bairro>Santa Lúcia</bairro>
    <localidade>Maceió</localidade>
    <uf>AL</uf>
    <estado>Alagoas</estado>
    <região/>
    <ibge>2704302</ibge>
    <gia/>
    <ddd>82</ddd>
    <siafi>2785</siafi>
  </cep>
  <cep>
    <cep>57082-116</cep>
    <logradouro>Rua Magda Daniela</logradouro>
    <complemento/>
    <unidade/>
    <bairro>Santa Lúcia</bairro>
    <localidade>Maceió</localidade>
    <uf>AL</uf>
    <estado>Alagoas</estado>
    <região/>
    <ibge>2704302</ibge>
    <gia/>
    <ddd>82</ddd>
    <siafi>2785</siafi>
  </cep>
  <cep>
    <cep>57082-117</cep>
    <logradouro>Rua J</logradouro>
    <complemento>(Lot Goiabeira)</complemento>
    <unidade/>
    <bairro>Santa Lúcia</bairro>
    <localidade>Maceió</localidade>
    <uf>AL</uf>
    <estado>Alagoas</estado>
    <região/>
    <ibge>2704302</ibge>
    <gia/>
    <ddd>82</ddd>
    <siafi>2785</siafi>
  </cep>
  <cep>
    <cep>57082-118</cep>
    <logradouro>Rua Lisboa</logradouro>
    <complemento/>
    <unidade/>
    <bairro>Santa Lúcia</bairro>
    <localidade>Maceió</localidade>
    <uf>AL</uf>
    <estado>Alagoas</estado>
    <região/>
    <ibge>2704302</ibge>
    <gia/>
    <ddd>82</ddd>
    <siafi>2785</siafi>
  </cep>
  <cep>
    <cep>57082-122</cep>
    <logradouro>Rua Paraguai</logradouro>
    <complemento/>
    <unidade/>
    <bairro>Santa Lúcia</bairro>
    <localidade>Maceió</localidade>
    <uf>AL</uf>
    <estado>Alagoas</estado>
    <região/>
    <ibge>2704302</ibge>
    <gia/>
    <ddd>82</ddd>
    <siafi>2785</siafi>
  </cep>
  <cep>
    <cep>57082-124</cep>
    <logradouro>Rua M LOT 100</logradouro>
    <complemento>(Lot Goiabeira)</complemento>
    <unidade/>
    <bairro>Santa Lúcia</bairro>
    <localidade>Maceió</localidade>
    <uf>AL</uf>
    <estado>Alagoas</estado>
    <região/>
    <ibge>2704302</ibge>
    <gia/>
    <ddd>82</ddd>
    <siafi>2785</siafi>
  </cep>
  <cep>
    <cep>57082-119</cep>
    <logradouro>Rua Canadense</logradouro>
    <complemento/>
    <unidade/>
    <bairro>Santa Lúcia</bairro>
    <localidade>Maceió</localidade>
    <uf>AL</uf>
    <estado>Alagoas</estado>
    <região/>
    <ibge>2704302</ibge>
    <gia/>
    <ddd>82</ddd>
    <siafi>2785</siafi>
  </cep>
  <cep>
    <cep>57082-120</cep>
    <logradouro>Rua Alfredo Pitombeira</logradouro>
    <complemento/>
    <unidade/>
    <bairro>Santa Lúcia</bairro>
    <localidade>Maceió</localidade>
    <uf>AL</uf>
    <estado>Alagoas</estado>
    <região/>
    <ibge>2704302</ibge>
    <gia/>
    <ddd>82</ddd>
    <siafi>2785</siafi>
  </cep>
  <cep>
    <cep>57082-132</cep>
    <logradouro>Rua Ernandes de Barros</logradouro>
    <complemento/>
    <unidade/>
    <bairro>Santa Lúcia</bairro>
    <localidade>Maceió</localidade>
    <uf>AL</uf>
    <estado>Alagoas</estado>
    <região/>
    <ibge>2704302</ibge>
    <gia/>
    <ddd>82</ddd>
    <siafi>2785</siafi>
  </cep>
  <cep>
    <cep>57082-136</cep>
    <logradouro>Rua Antonia Maria Ferreira</logradouro>
    <complemento/>
    <unidade/>
    <bairro>Santa Lúcia</bairro>
    <localidade>Maceió</localidade>
    <uf>AL</uf>
    <estado>Alagoas</estado>
    <região/>
    <ibge>2704302</ibge>
    <gia/>
    <ddd>82</ddd>
    <siafi>2785</siafi>
  </cep>
  <cep>
    <cep>57082-126</cep>
    <logradouro>Travessa Vinte e Nove de Março</logradouro>
    <complemento/>
    <unidade/>
    <bairro>Santa Lúcia</bairro>
    <localidade>Maceió</localidade>
    <uf>AL</uf>
    <estado>Alagoas</estado>
    <região/>
    <ibge>2704302</ibge>
    <gia/>
    <ddd>82</ddd>
    <siafi>2785</siafi>
  </cep>
  <cep>
    <cep>57082-130</cep>
    <logradouro>Rua Brasiliano Aprígio de Oliveira</logradouro>
    <complemento/>
    <unidade/>
    <bairro>Santa Lúcia</bairro>
    <localidade>Maceió</localidade>
    <uf>AL</uf>
    <estado>Alagoas</estado>
    <região/>
    <ibge>2704302</ibge>
    <gia/>
    <ddd>82</ddd>
    <siafi>2785</siafi>
  </cep>
  <cep>
    <cep>57082-137</cep>
    <logradouro>Rua Evangelista Natanael Araújo Espíndola</logradouro>
    <complemento/>
    <unidade/>
    <bairro>Santa Lúcia</bairro>
    <localidade>Maceió</localidade>
    <uf>AL</uf>
    <estado>Alagoas</estado>
    <região/>
    <ibge>2704302</ibge>
    <gia/>
    <ddd>82</ddd>
    <siafi>2785</siafi>
  </cep>
  <cep>
    <cep>57082-135</cep>
    <logradouro>Rua Gilvan Araújo da Silva</logradouro>
    <complemento/>
    <unidade/>
    <bairro>Santa Lúcia</bairro>
    <localidade>Maceió</localidade>
    <uf>AL</uf>
    <estado>Alagoas</estado>
    <região/>
    <ibge>2704302</ibge>
    <gia/>
    <ddd>82</ddd>
    <siafi>2785</siafi>
  </cep>
  <cep>
    <cep>57082-139</cep>
    <logradouro>Rua Maria do Carmo da Silva</logradouro>
    <complemento/>
    <unidade/>
    <bairro>Santa Lúcia</bairro>
    <localidade>Maceió</localidade>
    <uf>AL</uf>
    <estado>Alagoas</estado>
    <região/>
    <ibge>2704302</ibge>
    <gia/>
    <ddd>82</ddd>
    <siafi>2785</siafi>
  </cep>
  <cep>
    <cep>57082-138</cep>
    <logradouro>Rua Erondina Alves de Carvalho</logradouro>
    <complemento/>
    <unidade/>
    <bairro>Santa Lúcia</bairro>
    <localidade>Maceió</localidade>
    <uf>AL</uf>
    <estado>Alagoas</estado>
    <região/>
    <ibge>2704302</ibge>
    <gia/>
    <ddd>82</ddd>
    <siafi>2785</siafi>
  </cep>
  <cep>
    <cep>57082-150</cep>
    <logradouro>Rua Estudante Deninho Dâmaso</logradouro>
    <complemento/>
    <unidade/>
    <bairro>Santa Lúcia</bairro>
    <localidade>Maceió</localidade>
    <uf>AL</uf>
    <estado>Alagoas</estado>
    <região/>
    <ibge>2704302</ibge>
    <gia/>
    <ddd>82</ddd>
    <siafi>2785</siafi>
  </cep>
  <cep>
    <cep>57082-140</cep>
    <logradouro>Rua Francisco Alves</logradouro>
    <complemento/>
    <unidade/>
    <bairro>Santa Lúcia</bairro>
    <localidade>Maceió</localidade>
    <uf>AL</uf>
    <estado>Alagoas</estado>
    <região/>
    <ibge>2704302</ibge>
    <gia/>
    <ddd>82</ddd>
    <siafi>2785</siafi>
  </cep>
  <cep>
    <cep>57082-165</cep>
    <logradouro>Rua Telma Leão</logradouro>
    <complemento/>
    <unidade/>
    <bairro>Santa Lúcia</bairro>
    <localidade>Maceió</localidade>
    <uf>AL</uf>
    <estado>Alagoas</estado>
    <região/>
    <ibge>2704302</ibge>
    <gia/>
    <ddd>82</ddd>
    <siafi>2785</siafi>
  </cep>
  <cep>
    <cep>57082-160</cep>
    <logradouro>Avenida Doutor Durval de Góis Monteiro</logradouro>
    <complemento>lado par</complemento>
    <unidade/>
    <bairro>Santa Lúcia</bairro>
    <localidade>Maceió</localidade>
    <uf>AL</uf>
    <estado>Alagoas</estado>
    <região/>
    <ibge>2704302</ibge>
    <gia/>
    <ddd>82</ddd>
    <siafi>2785</siafi>
  </cep>
  <cep>
    <cep>57082-170</cep>
    <logradouro>Rua Nossa Senhora de Fátima</logradouro>
    <complemento/>
    <unidade/>
    <bairro>Santa Lúcia</bairro>
    <localidade>Maceió</localidade>
    <uf>AL</uf>
    <estado>Alagoas</estado>
    <região/>
    <ibge>2704302</ibge>
    <gia/>
    <ddd>82</ddd>
    <siafi>2785</siafi>
  </cep>
  <cep>
    <cep>57082-180</cep>
    <logradouro>Rua Nossa Senhora de Lourdes</logradouro>
    <complemento/>
    <unidade/>
    <bairro>Santa Lúcia</bairro>
    <localidade>Maceió</localidade>
    <uf>AL</uf>
    <estado>Alagoas</estado>
    <região/>
    <ibge>2704302</ibge>
    <gia/>
    <ddd>82</ddd>
    <siafi>2785</siafi>
  </cep>
  <cep>
    <cep>57082-200</cep>
    <logradouro>Rua João Gonçalves Neto</logradouro>
    <complemento/>
    <unidade/>
    <bairro>Santa Lúcia</bairro>
    <localidade>Maceió</localidade>
    <uf>AL</uf>
    <estado>Alagoas</estado>
    <região/>
    <ibge>2704302</ibge>
    <gia/>
    <ddd>82</ddd>
    <siafi>2785</siafi>
  </cep>
  <cep>
    <cep>57082-190</cep>
    <logradouro>Rua Padre Cícero</logradouro>
    <complemento/>
    <unidade/>
    <bairro>Santa Lúcia</bairro>
    <localidade>Maceió</localidade>
    <uf>AL</uf>
    <estado>Alagoas</estado>
    <região/>
    <ibge>2704302</ibge>
    <gia/>
    <ddd>82</ddd>
    <siafi>2785</siafi>
  </cep>
  <cep>
    <cep>57082-205</cep>
    <logradouro>Rua Nossa Senhora da Conceição</logradouro>
    <complemento/>
    <unidade/>
    <bairro>Santa Lúcia</bairro>
    <localidade>Maceió</localidade>
    <uf>AL</uf>
    <estado>Alagoas</estado>
    <região/>
    <ibge>2704302</ibge>
    <gia/>
    <ddd>82</ddd>
    <siafi>2785</siafi>
  </cep>
  <cep>
    <cep>57082-204</cep>
    <logradouro>Rua Anderson de Gusmão Barbosa</logradouro>
    <complemento/>
    <unidade/>
    <bairro>Santa Lúcia</bairro>
    <localidade>Maceió</localidade>
    <uf>AL</uf>
    <estado>Alagoas</estado>
    <região/>
    <ibge>2704302</ibge>
    <gia/>
    <ddd>82</ddd>
    <siafi>2785</siafi>
  </cep>
  <cep>
    <cep>57082-198</cep>
    <logradouro>Rua José Balbino</logradouro>
    <complemento/>
    <unidade/>
    <bairro>Santa Lúcia</bairro>
    <localidade>Maceió</localidade>
    <uf>AL</uf>
    <estado>Alagoas</estado>
    <região/>
    <ibge>2704302</ibge>
    <gia/>
    <ddd>82</ddd>
    <siafi>2785</siafi>
  </cep>
  <cep>
    <cep>57082-202</cep>
    <logradouro>Rua Mensageiro Leoney Nogueira</logradouro>
    <complemento/>
    <unidade/>
    <bairro>Santa Lúcia</bairro>
    <localidade>Maceió</localidade>
    <uf>AL</uf>
    <estado>Alagoas</estado>
    <região/>
    <ibge>2704302</ibge>
    <gia/>
    <ddd>82</ddd>
    <siafi>2785</siafi>
  </cep>
  <cep>
    <cep>57082-206</cep>
    <logradouro>Rua Isaias Alves Nicácio</logradouro>
    <complemento/>
    <unidade/>
    <bairro>Santa Lúcia</bairro>
    <localidade>Maceió</localidade>
    <uf>AL</uf>
    <estado>Alagoas</estado>
    <região/>
    <ibge>2704302</ibge>
    <gia/>
    <ddd>82</ddd>
    <siafi>2785</siafi>
  </cep>
  <cep>
    <cep>57082-210</cep>
    <logradouro>Rua Nossa Senhora do Carmo</logradouro>
    <complemento/>
    <unidade/>
    <bairro>Santa Lúcia</bairro>
    <localidade>Maceió</localidade>
    <uf>AL</uf>
    <estado>Alagoas</estado>
    <região/>
    <ibge>2704302</ibge>
    <gia/>
    <ddd>82</ddd>
    <siafi>2785</siafi>
  </cep>
  <cep>
    <cep>57082-380</cep>
    <logradouro>Rua Djalma Lopes Cahet</logradouro>
    <complemento/>
    <unidade/>
    <bairro>Santa Lúcia</bairro>
    <localidade>Maceió</localidade>
    <uf>AL</uf>
    <estado>Alagoas</estado>
    <região/>
    <ibge>2704302</ibge>
    <gia/>
    <ddd>82</ddd>
    <siafi>2785</siafi>
  </cep>
  <cep>
    <cep>57082-220</cep>
    <logradouro>Rua Acaraú</logradouro>
    <complemento/>
    <unidade/>
    <bairro>Santa Lúcia</bairro>
    <localidade>Maceió</localidade>
    <uf>AL</uf>
    <estado>Alagoas</estado>
    <região/>
    <ibge>2704302</ibge>
    <gia/>
    <ddd>82</ddd>
    <siafi>2785</siafi>
  </cep>
  <cep>
    <cep>57082-260</cep>
    <logradouro>Rua Paracatu</logradouro>
    <complemento/>
    <unidade/>
    <bairro>Santa Lúcia</bairro>
    <localidade>Maceió</localidade>
    <uf>AL</uf>
    <estado>Alagoas</estado>
    <região/>
    <ibge>2704302</ibge>
    <gia/>
    <ddd>82</ddd>
    <siafi>2785</siafi>
  </cep>
  <cep>
    <cep>57082-382</cep>
    <logradouro>Rua Carteiro José Florentino</logradouro>
    <complemento/>
    <unidade/>
    <bairro>Santa Lúcia</bairro>
    <localidade>Maceió</localidade>
    <uf>AL</uf>
    <estado>Alagoas</estado>
    <região/>
    <ibge>2704302</ibge>
    <gia/>
    <ddd>82</ddd>
    <siafi>2785</siafi>
  </cep>
  <cep>
    <cep>57082-500</cep>
    <logradouro>Rua Laurentino da Silva</logradouro>
    <complemento/>
    <unidade/>
    <bairro>Santa Lúcia</bairro>
    <localidade>Maceió</localidade>
    <uf>AL</uf>
    <estado>Alagoas</estado>
    <região/>
    <ibge>2704302</ibge>
    <gia/>
    <ddd>82</ddd>
    <siafi>2785</siafi>
  </cep>
  <cep>
    <cep>57082-590</cep>
    <logradouro>Avenida Hilda Félix de Oliveira</logradouro>
    <complemento/>
    <unidade/>
    <bairro>Santa Lúcia</bairro>
    <localidade>Maceió</localidade>
    <uf>AL</uf>
    <estado>Alagoas</estado>
    <região/>
    <ibge>2704302</ibge>
    <gia/>
    <ddd>82</ddd>
    <siafi>2785</siafi>
  </cep>
  <cep>
    <cep>57082-612</cep>
    <logradouro>Rua Antônio de Andrade</logradouro>
    <complemento/>
    <unidade/>
    <bairro>Santa Lúcia</bairro>
    <localidade>Maceió</localidade>
    <uf>AL</uf>
    <estado>Alagoas</estado>
    <região/>
    <ibge>2704302</ibge>
    <gia/>
    <ddd>82</ddd>
    <siafi>2785</siafi>
  </cep>
  <cep>
    <cep>57082-615</cep>
    <logradouro>Rua Eucalipto</logradouro>
    <complemento/>
    <unidade/>
    <bairro>Santa Lúcia</bairro>
    <localidade>Maceió</localidade>
    <uf>AL</uf>
    <estado>Alagoas</estado>
    <região/>
    <ibge>2704302</ibge>
    <gia/>
    <ddd>82</ddd>
    <siafi>2785</siafi>
  </cep>
  <cep>
    <cep>57082-630</cep>
    <logradouro>Rua Antônio Alves da Silva</logradouro>
    <complemento/>
    <unidade/>
    <bairro>Santa Lúcia</bairro>
    <localidade>Maceió</localidade>
    <uf>AL</uf>
    <estado>Alagoas</estado>
    <região/>
    <ibge>2704302</ibge>
    <gia/>
    <ddd>82</ddd>
    <siafi>2785</siafi>
  </cep>
  <cep>
    <cep>57082-623</cep>
    <logradouro>Rua Luana Monteiro</logradouro>
    <complemento/>
    <unidade/>
    <bairro>Santa Lúcia</bairro>
    <localidade>Maceió</localidade>
    <uf>AL</uf>
    <estado>Alagoas</estado>
    <região/>
    <ibge>2704302</ibge>
    <gia/>
    <ddd>82</ddd>
    <siafi>2785</siafi>
  </cep>
  <cep>
    <cep>57082-621</cep>
    <logradouro>Rua Mensageiro José Raimundo dos Santos</logradouro>
    <complemento/>
    <unidade/>
    <bairro>Santa Lúcia</bairro>
    <localidade>Maceió</localidade>
    <uf>AL</uf>
    <estado>Alagoas</estado>
    <região/>
    <ibge>2704302</ibge>
    <gia/>
    <ddd>82</ddd>
    <siafi>2785</siafi>
  </cep>
  <cep>
    <cep>57082-692</cep>
    <logradouro>Rua A B</logradouro>
    <complemento>(Cj Moura Castro II)</complemento>
    <unidade/>
    <bairro>Santa Lúcia</bairro>
    <localidade>Maceió</localidade>
    <uf>AL</uf>
    <estado>Alagoas</estado>
    <região/>
    <ibge>2704302</ibge>
    <gia/>
    <ddd>82</ddd>
    <siafi>2785</siafi>
  </cep>
  <cep>
    <cep>57082-640</cep>
    <logradouro>Avenida Industrial</logradouro>
    <complemento/>
    <unidade/>
    <bairro>Santa Lúcia</bairro>
    <localidade>Maceió</localidade>
    <uf>AL</uf>
    <estado>Alagoas</estado>
    <região/>
    <ibge>2704302</ibge>
    <gia/>
    <ddd>82</ddd>
    <siafi>2785</siafi>
  </cep>
  <cep>
    <cep>57082-625</cep>
    <logradouro>Rua Emanuelle Cordeiro</logradouro>
    <complemento/>
    <unidade/>
    <bairro>Santa Lúcia</bairro>
    <localidade>Maceió</localidade>
    <uf>AL</uf>
    <estado>Alagoas</estado>
    <região/>
    <ibge>2704302</ibge>
    <gia/>
    <ddd>82</ddd>
    <siafi>2785</siafi>
  </cep>
  <cep>
    <cep>57082-694</cep>
    <logradouro>Rua B C</logradouro>
    <complemento>(Cj Moura Castro II)</complemento>
    <unidade/>
    <bairro>Santa Lúcia</bairro>
    <localidade>Maceió</localidade>
    <uf>AL</uf>
    <estado>Alagoas</estado>
    <região/>
    <ibge>2704302</ibge>
    <gia/>
    <ddd>82</ddd>
    <siafi>2785</siafi>
  </cep>
  <cep>
    <cep>57082-696</cep>
    <logradouro>Rua C D</logradouro>
    <complemento>(Cj Moura Castro II)</complemento>
    <unidade/>
    <bairro>Santa Lúcia</bairro>
    <localidade>Maceió</localidade>
    <uf>AL</uf>
    <estado>Alagoas</estado>
    <região/>
    <ibge>2704302</ibge>
    <gia/>
    <ddd>82</ddd>
    <siafi>2785</siafi>
  </cep>
  <cep>
    <cep>57082-702</cep>
    <logradouro>Rua Carlos Buarque</logradouro>
    <complemento/>
    <unidade/>
    <bairro>Santa Lúcia</bairro>
    <localidade>Maceió</localidade>
    <uf>AL</uf>
    <estado>Alagoas</estado>
    <região/>
    <ibge>2704302</ibge>
    <gia/>
    <ddd>82</ddd>
    <siafi>2785</siafi>
  </cep>
  <cep>
    <cep>57082-705</cep>
    <logradouro>Travessa Carlos Buarque</logradouro>
    <complemento/>
    <unidade/>
    <bairro>Santa Lúcia</bairro>
    <localidade>Maceió</localidade>
    <uf>AL</uf>
    <estado>Alagoas</estado>
    <região/>
    <ibge>2704302</ibge>
    <gia/>
    <ddd>82</ddd>
    <siafi>2785</siafi>
  </cep>
  <cep>
    <cep>57082-732</cep>
    <logradouro>Rua Etiene Cristina</logradouro>
    <complemento/>
    <unidade/>
    <bairro>Santa Lúcia</bairro>
    <localidade>Maceió</localidade>
    <uf>AL</uf>
    <estado>Alagoas</estado>
    <região/>
    <ibge>2704302</ibge>
    <gia/>
    <ddd>82</ddd>
    <siafi>2785</siafi>
  </cep>
  <cep>
    <cep>57082-750</cep>
    <logradouro>Rua Gleide Pereira</logradouro>
    <complemento/>
    <unidade/>
    <bairro>Santa Lúcia</bairro>
    <localidade>Maceió</localidade>
    <uf>AL</uf>
    <estado>Alagoas</estado>
    <região/>
    <ibge>2704302</ibge>
    <gia/>
    <ddd>82</ddd>
    <siafi>2785</siafi>
  </cep>
  <cep>
    <cep>57082-708</cep>
    <logradouro>Travessa Maria Erivânia</logradouro>
    <complemento/>
    <unidade/>
    <bairro>Santa Lúcia</bairro>
    <localidade>Maceió</localidade>
    <uf>AL</uf>
    <estado>Alagoas</estado>
    <região/>
    <ibge>2704302</ibge>
    <gia/>
    <ddd>82</ddd>
    <siafi>2785</siafi>
  </cep>
  <cep>
    <cep>57082-792</cep>
    <logradouro>Rua Maria Erivânia dos Santos</logradouro>
    <complemento/>
    <unidade/>
    <bairro>Santa Lúcia</bairro>
    <localidade>Maceió</localidade>
    <uf>AL</uf>
    <estado>Alagoas</estado>
    <região/>
    <ibge>2704302</ibge>
    <gia/>
    <ddd>82</ddd>
    <siafi>2785</siafi>
  </cep>
  <cep>
    <cep>57082-822</cep>
    <logradouro>Rua Oswaldo Ramos</logradouro>
    <complemento/>
    <unidade/>
    <bairro>Santa Lúcia</bairro>
    <localidade>Maceió</localidade>
    <uf>AL</uf>
    <estado>Alagoas</estado>
    <região/>
    <ibge>2704302</ibge>
    <gia/>
    <ddd>82</ddd>
    <siafi>2785</siafi>
  </cep>
  <cep>
    <cep>57082-842</cep>
    <logradouro>Rua Zacarias Fontan de Melo</logradouro>
    <complemento/>
    <unidade/>
    <bairro>Santa Lúcia</bairro>
    <localidade>Maceió</localidade>
    <uf>AL</uf>
    <estado>Alagoas</estado>
    <região/>
    <ibge>2704302</ibge>
    <gia/>
    <ddd>82</ddd>
    <siafi>2785</siafi>
  </cep>
  <cep>
    <cep>57082-860</cep>
    <logradouro>Rua Quinze de Dezembro</logradouro>
    <complemento/>
    <unidade/>
    <bairro>Santa Lúcia</bairro>
    <localidade>Maceió</localidade>
    <uf>AL</uf>
    <estado>Alagoas</estado>
    <região/>
    <ibge>2704302</ibge>
    <gia/>
    <ddd>82</ddd>
    <siafi>2785</siafi>
  </cep>
  <cep>
    <cep>57082-866</cep>
    <logradouro>Rua Nossa Senhora Aparecida</logradouro>
    <complemento/>
    <unidade/>
    <bairro>Santa Lúcia</bairro>
    <localidade>Maceió</localidade>
    <uf>AL</uf>
    <estado>Alagoas</estado>
    <região/>
    <ibge>2704302</ibge>
    <gia/>
    <ddd>82</ddd>
    <siafi>2785</siafi>
  </cep>
  <cep>
    <cep>57082-864</cep>
    <logradouro>Travessa Manoel Afonso de Melo</logradouro>
    <complemento/>
    <unidade/>
    <bairro>Santa Lúcia</bairro>
    <localidade>Maceió</localidade>
    <uf>AL</uf>
    <estado>Alagoas</estado>
    <região/>
    <ibge>2704302</ibge>
    <gia/>
    <ddd>82</ddd>
    <siafi>2785</siafi>
  </cep>
  <cep>
    <cep>57082-862</cep>
    <logradouro>Rua Projetada 434</logradouro>
    <complemento/>
    <unidade/>
    <bairro>Santa Lúcia</bairro>
    <localidade>Maceió</localidade>
    <uf>AL</uf>
    <estado>Alagoas</estado>
    <região/>
    <ibge>2704302</ibge>
    <gia/>
    <ddd>82</ddd>
    <siafi>2785</siafi>
  </cep>
  <cep>
    <cep>57082-876</cep>
    <logradouro>2ª Travessa Belmiro Amorim</logradouro>
    <complemento/>
    <unidade/>
    <bairro>Santa Lúcia</bairro>
    <localidade>Maceió</localidade>
    <uf>AL</uf>
    <estado>Alagoas</estado>
    <região/>
    <ibge>2704302</ibge>
    <gia/>
    <ddd>82</ddd>
    <siafi>2785</siafi>
  </cep>
  <cep>
    <cep>57082-890</cep>
    <logradouro>Avenida Aquidauana</logradouro>
    <complemento/>
    <unidade/>
    <bairro>Santa Lúcia</bairro>
    <localidade>Maceió</localidade>
    <uf>AL</uf>
    <estado>Alagoas</estado>
    <região/>
    <ibge>2704302</ibge>
    <gia/>
    <ddd>82</ddd>
    <siafi>2785</siafi>
  </cep>
  <cep>
    <cep>57082-872</cep>
    <logradouro>Rua Santo Antônio</logradouro>
    <complemento/>
    <unidade/>
    <bairro>Santa Lúcia</bairro>
    <localidade>Maceió</localidade>
    <uf>AL</uf>
    <estado>Alagoas</estado>
    <região/>
    <ibge>2704302</ibge>
    <gia/>
    <ddd>82</ddd>
    <siafi>2785</siafi>
  </cep>
  <cep>
    <cep>57083-023</cep>
    <logradouro>Rua I</logradouro>
    <complemento>(Cj Henrique Equelman)</complemento>
    <unidade/>
    <bairro>Antares</bairro>
    <localidade>Maceió</localidade>
    <uf>AL</uf>
    <estado>Alagoas</estado>
    <região/>
    <ibge>2704302</ibge>
    <gia/>
    <ddd>82</ddd>
    <siafi>2785</siafi>
  </cep>
  <cep>
    <cep>57083-000</cep>
    <logradouro>Avenida Jornalista Tobias Granja</logradouro>
    <complemento/>
    <unidade/>
    <bairro>Antares</bairro>
    <localidade>Maceió</localidade>
    <uf>AL</uf>
    <estado>Alagoas</estado>
    <região/>
    <ibge>2704302</ibge>
    <gia/>
    <ddd>82</ddd>
    <siafi>2785</siafi>
  </cep>
  <cep>
    <cep>57083-030</cep>
    <logradouro>Rua P</logradouro>
    <complemento>(Cj Henrique Equelman)</complemento>
    <unidade/>
    <bairro>Antares</bairro>
    <localidade>Maceió</localidade>
    <uf>AL</uf>
    <estado>Alagoas</estado>
    <região/>
    <ibge>2704302</ibge>
    <gia/>
    <ddd>82</ddd>
    <siafi>2785</siafi>
  </cep>
  <cep>
    <cep>57083-043</cep>
    <logradouro>Condomínio Campo do Jordão III</logradouro>
    <complemento/>
    <unidade/>
    <bairro>Antares</bairro>
    <localidade>Maceió</localidade>
    <uf>AL</uf>
    <estado>Alagoas</estado>
    <região/>
    <ibge>2704302</ibge>
    <gia/>
    <ddd>82</ddd>
    <siafi>2785</siafi>
  </cep>
  <cep>
    <cep>57083-024</cep>
    <logradouro>Rua L</logradouro>
    <complemento>(Cj Henrique Equelman)</complemento>
    <unidade/>
    <bairro>Antares</bairro>
    <localidade>Maceió</localidade>
    <uf>AL</uf>
    <estado>Alagoas</estado>
    <região/>
    <ibge>2704302</ibge>
    <gia/>
    <ddd>82</ddd>
    <siafi>2785</siafi>
  </cep>
  <cep>
    <cep>57083-041</cep>
    <logradouro>Condomínio Campo do Jordão I</logradouro>
    <complemento/>
    <unidade/>
    <bairro>Antares</bairro>
    <localidade>Maceió</localidade>
    <uf>AL</uf>
    <estado>Alagoas</estado>
    <região/>
    <ibge>2704302</ibge>
    <gia/>
    <ddd>82</ddd>
    <siafi>2785</siafi>
  </cep>
  <cep>
    <cep>57083-045</cep>
    <logradouro>Condomínio Campo do Jordão V</logradouro>
    <complemento/>
    <unidade/>
    <bairro>Antares</bairro>
    <localidade>Maceió</localidade>
    <uf>AL</uf>
    <estado>Alagoas</estado>
    <região/>
    <ibge>2704302</ibge>
    <gia/>
    <ddd>82</ddd>
    <siafi>2785</siafi>
  </cep>
  <cep>
    <cep>57083-046</cep>
    <logradouro>Condomínio Campo do Jordão VI</logradouro>
    <complemento/>
    <unidade/>
    <bairro>Antares</bairro>
    <localidade>Maceió</localidade>
    <uf>AL</uf>
    <estado>Alagoas</estado>
    <região/>
    <ibge>2704302</ibge>
    <gia/>
    <ddd>82</ddd>
    <siafi>2785</siafi>
  </cep>
  <cep>
    <cep>57083-060</cep>
    <logradouro>Avenida Enfermeira Noraci Pedrosa</logradouro>
    <complemento/>
    <unidade/>
    <bairro>Antares</bairro>
    <localidade>Maceió</localidade>
    <uf>AL</uf>
    <estado>Alagoas</estado>
    <região/>
    <ibge>2704302</ibge>
    <gia/>
    <ddd>82</ddd>
    <siafi>2785</siafi>
  </cep>
  <cep>
    <cep>57083-050</cep>
    <logradouro>Condomínio Residencial Central Park</logradouro>
    <complemento/>
    <unidade/>
    <bairro>Antares</bairro>
    <localidade>Maceió</localidade>
    <uf>AL</uf>
    <estado>Alagoas</estado>
    <região/>
    <ibge>2704302</ibge>
    <gia/>
    <ddd>82</ddd>
    <siafi>2785</siafi>
  </cep>
  <cep>
    <cep>57083-058</cep>
    <logradouro>Residencial San Marino</logradouro>
    <complemento/>
    <unidade/>
    <bairro>Antares</bairro>
    <localidade>Maceió</localidade>
    <uf>AL</uf>
    <estado>Alagoas</estado>
    <região/>
    <ibge>2704302</ibge>
    <gia/>
    <ddd>82</ddd>
    <siafi>2785</siafi>
  </cep>
  <cep>
    <cep>57083-048</cep>
    <logradouro>Avenida Antônio Lisboa de Amorim</logradouro>
    <complemento>lado par</complemento>
    <unidade/>
    <bairro>Antares</bairro>
    <localidade>Maceió</localidade>
    <uf>AL</uf>
    <estado>Alagoas</estado>
    <região/>
    <ibge>2704302</ibge>
    <gia/>
    <ddd>82</ddd>
    <siafi>2785</siafi>
  </cep>
  <cep>
    <cep>57082-874</cep>
    <logradouro>Rua Manoel Afonso de Melo</logradouro>
    <complemento/>
    <unidade/>
    <bairro>Santa Lúcia</bairro>
    <localidade>Maceió</localidade>
    <uf>AL</uf>
    <estado>Alagoas</estado>
    <região/>
    <ibge>2704302</ibge>
    <gia/>
    <ddd>82</ddd>
    <siafi>2785</siafi>
  </cep>
  <cep>
    <cep>57083-064</cep>
    <logradouro>Vila Padre Cícero</logradouro>
    <complemento/>
    <unidade/>
    <bairro>Antares</bairro>
    <localidade>Maceió</localidade>
    <uf>AL</uf>
    <estado>Alagoas</estado>
    <região/>
    <ibge>2704302</ibge>
    <gia/>
    <ddd>82</ddd>
    <siafi>2785</siafi>
  </cep>
  <cep>
    <cep>57083-042</cep>
    <logradouro>Condomínio Campo do Jordão II</logradouro>
    <complemento/>
    <unidade/>
    <bairro>Antares</bairro>
    <localidade>Maceió</localidade>
    <uf>AL</uf>
    <estado>Alagoas</estado>
    <região/>
    <ibge>2704302</ibge>
    <gia/>
    <ddd>82</ddd>
    <siafi>2785</siafi>
  </cep>
  <cep>
    <cep>57083-031</cep>
    <logradouro>Rua E</logradouro>
    <complemento>(Cj Henrique Equelman)</complemento>
    <unidade/>
    <bairro>Antares</bairro>
    <localidade>Maceió</localidade>
    <uf>AL</uf>
    <estado>Alagoas</estado>
    <região/>
    <ibge>2704302</ibge>
    <gia/>
    <ddd>82</ddd>
    <siafi>2785</siafi>
  </cep>
  <cep>
    <cep>57083-067</cep>
    <logradouro>Travessa Rotary</logradouro>
    <complemento/>
    <unidade/>
    <bairro>Antares</bairro>
    <localidade>Maceió</localidade>
    <uf>AL</uf>
    <estado>Alagoas</estado>
    <região/>
    <ibge>2704302</ibge>
    <gia/>
    <ddd>82</ddd>
    <siafi>2785</siafi>
  </cep>
  <cep>
    <cep>57083-068</cep>
    <logradouro>Rua da Mata</logradouro>
    <complemento/>
    <unidade/>
    <bairro>Antares</bairro>
    <localidade>Maceió</localidade>
    <uf>AL</uf>
    <estado>Alagoas</estado>
    <região/>
    <ibge>2704302</ibge>
    <gia/>
    <ddd>82</ddd>
    <siafi>2785</siafi>
  </cep>
  <cep>
    <cep>57082-870</cep>
    <logradouro>Rua do Almirante</logradouro>
    <complemento/>
    <unidade/>
    <bairro>Santa Lúcia</bairro>
    <localidade>Maceió</localidade>
    <uf>AL</uf>
    <estado>Alagoas</estado>
    <região/>
    <ibge>2704302</ibge>
    <gia/>
    <ddd>82</ddd>
    <siafi>2785</siafi>
  </cep>
  <cep>
    <cep>57082-880</cep>
    <logradouro>Avenida Amaro Salvador</logradouro>
    <complemento/>
    <unidade/>
    <bairro>Santa Lúcia</bairro>
    <localidade>Maceió</localidade>
    <uf>AL</uf>
    <estado>Alagoas</estado>
    <região/>
    <ibge>2704302</ibge>
    <gia/>
    <ddd>82</ddd>
    <siafi>2785</siafi>
  </cep>
  <cep>
    <cep>57083-020</cep>
    <logradouro>Avenida Senador Teotônio Vilela</logradouro>
    <complemento/>
    <unidade/>
    <bairro>Antares</bairro>
    <localidade>Maceió</localidade>
    <uf>AL</uf>
    <estado>Alagoas</estado>
    <região/>
    <ibge>2704302</ibge>
    <gia/>
    <ddd>82</ddd>
    <siafi>2785</siafi>
  </cep>
  <cep>
    <cep>57083-101</cep>
    <logradouro>Rua A</logradouro>
    <complemento>(Lot Brisa do Tabuleiro)</complemento>
    <unidade/>
    <bairro>Antares</bairro>
    <localidade>Maceió</localidade>
    <uf>AL</uf>
    <estado>Alagoas</estado>
    <região/>
    <ibge>2704302</ibge>
    <gia/>
    <ddd>82</ddd>
    <siafi>2785</siafi>
  </cep>
  <cep>
    <cep>57083-025</cep>
    <logradouro>Rua Raimundo Marinho</logradouro>
    <complemento>(Cj Henrique Equelman)</complemento>
    <unidade/>
    <bairro>Antares</bairro>
    <localidade>Maceió</localidade>
    <uf>AL</uf>
    <estado>Alagoas</estado>
    <região/>
    <ibge>2704302</ibge>
    <gia/>
    <ddd>82</ddd>
    <siafi>2785</siafi>
  </cep>
  <cep>
    <cep>57083-070</cep>
    <logradouro>Rua Eurídice Ivo</logradouro>
    <complemento/>
    <unidade/>
    <bairro>Antares</bairro>
    <localidade>Maceió</localidade>
    <uf>AL</uf>
    <estado>Alagoas</estado>
    <região/>
    <ibge>2704302</ibge>
    <gia/>
    <ddd>82</ddd>
    <siafi>2785</siafi>
  </cep>
  <cep>
    <cep>57083-010</cep>
    <logradouro>Rua 02</logradouro>
    <complemento>(Lot Paraiso da Serraria)</complemento>
    <unidade/>
    <bairro>Antares</bairro>
    <localidade>Maceió</localidade>
    <uf>AL</uf>
    <estado>Alagoas</estado>
    <região/>
    <ibge>2704302</ibge>
    <gia/>
    <ddd>82</ddd>
    <siafi>2785</siafi>
  </cep>
  <cep>
    <cep>57083-065</cep>
    <logradouro>Rua do Campo</logradouro>
    <complemento/>
    <unidade/>
    <bairro>Antares</bairro>
    <localidade>Maceió</localidade>
    <uf>AL</uf>
    <estado>Alagoas</estado>
    <região/>
    <ibge>2704302</ibge>
    <gia/>
    <ddd>82</ddd>
    <siafi>2785</siafi>
  </cep>
  <cep>
    <cep>57083-028</cep>
    <logradouro>Rua N</logradouro>
    <complemento>(Cj Henrique Equelman)</complemento>
    <unidade/>
    <bairro>Antares</bairro>
    <localidade>Maceió</localidade>
    <uf>AL</uf>
    <estado>Alagoas</estado>
    <região/>
    <ibge>2704302</ibge>
    <gia/>
    <ddd>82</ddd>
    <siafi>2785</siafi>
  </cep>
  <cep>
    <cep>57083-062</cep>
    <logradouro>Residencial Monte Carlos</logradouro>
    <complemento/>
    <unidade/>
    <bairro>Antares</bairro>
    <localidade>Maceió</localidade>
    <uf>AL</uf>
    <estado>Alagoas</estado>
    <região/>
    <ibge>2704302</ibge>
    <gia/>
    <ddd>82</ddd>
    <siafi>2785</siafi>
  </cep>
  <cep>
    <cep>57083-022</cep>
    <logradouro>Rua J</logradouro>
    <complemento>(Cj Henrique Equelman)</complemento>
    <unidade/>
    <bairro>Antares</bairro>
    <localidade>Maceió</localidade>
    <uf>AL</uf>
    <estado>Alagoas</estado>
    <região/>
    <ibge>2704302</ibge>
    <gia/>
    <ddd>82</ddd>
    <siafi>2785</siafi>
  </cep>
  <cep>
    <cep>57083-072</cep>
    <logradouro>Rua C</logradouro>
    <complemento>(Cj Henrique Equelman)</complemento>
    <unidade/>
    <bairro>Antares</bairro>
    <localidade>Maceió</localidade>
    <uf>AL</uf>
    <estado>Alagoas</estado>
    <região/>
    <ibge>2704302</ibge>
    <gia/>
    <ddd>82</ddd>
    <siafi>2785</siafi>
  </cep>
  <cep>
    <cep>57083-066</cep>
    <logradouro>Rua do Meio</logradouro>
    <complemento/>
    <unidade/>
    <bairro>Antares</bairro>
    <localidade>Maceió</localidade>
    <uf>AL</uf>
    <estado>Alagoas</estado>
    <região/>
    <ibge>2704302</ibge>
    <gia/>
    <ddd>82</ddd>
    <siafi>2785</siafi>
  </cep>
  <cep>
    <cep>57082-868</cep>
    <logradouro>Travessa Santo Antonio</logradouro>
    <complemento/>
    <unidade/>
    <bairro>Santa Lúcia</bairro>
    <localidade>Maceió</localidade>
    <uf>AL</uf>
    <estado>Alagoas</estado>
    <região/>
    <ibge>2704302</ibge>
    <gia/>
    <ddd>82</ddd>
    <siafi>2785</siafi>
  </cep>
  <cep>
    <cep>57083-044</cep>
    <logradouro>Condomínio Campo do Jordão IV</logradouro>
    <complemento/>
    <unidade/>
    <bairro>Antares</bairro>
    <localidade>Maceió</localidade>
    <uf>AL</uf>
    <estado>Alagoas</estado>
    <região/>
    <ibge>2704302</ibge>
    <gia/>
    <ddd>82</ddd>
    <siafi>2785</siafi>
  </cep>
  <cep>
    <cep>57083-074</cep>
    <logradouro>Rua D</logradouro>
    <complemento>(Cj Henrique Equelman)</complemento>
    <unidade/>
    <bairro>Antares</bairro>
    <localidade>Maceió</localidade>
    <uf>AL</uf>
    <estado>Alagoas</estado>
    <região/>
    <ibge>2704302</ibge>
    <gia/>
    <ddd>82</ddd>
    <siafi>2785</siafi>
  </cep>
  <cep>
    <cep>57083-026</cep>
    <logradouro>Rua M</logradouro>
    <complemento>(Cj Henrique Equelman)</complemento>
    <unidade/>
    <bairro>Antares</bairro>
    <localidade>Maceió</localidade>
    <uf>AL</uf>
    <estado>Alagoas</estado>
    <região/>
    <ibge>2704302</ibge>
    <gia/>
    <ddd>82</ddd>
    <siafi>2785</siafi>
  </cep>
  <cep>
    <cep>57083-102</cep>
    <logradouro>Rua B</logradouro>
    <complemento>(Lot Brisa do Tabuleiro)</complemento>
    <unidade/>
    <bairro>Antares</bairro>
    <localidade>Maceió</localidade>
    <uf>AL</uf>
    <estado>Alagoas</estado>
    <região/>
    <ibge>2704302</ibge>
    <gia/>
    <ddd>82</ddd>
    <siafi>2785</siafi>
  </cep>
  <cep>
    <cep>57083-103</cep>
    <logradouro>Rua Vereador José Raimundo dos Santos</logradouro>
    <complemento>(Lot Brisa do Tabuleiro)</complemento>
    <unidade/>
    <bairro>Antares</bairro>
    <localidade>Maceió</localidade>
    <uf>AL</uf>
    <estado>Alagoas</estado>
    <região/>
    <ibge>2704302</ibge>
    <gia/>
    <ddd>82</ddd>
    <siafi>2785</siafi>
  </cep>
  <cep>
    <cep>57083-115</cep>
    <logradouro>Travessa Valter José Ferro Lima Filho</logradouro>
    <complemento/>
    <unidade/>
    <bairro>Antares</bairro>
    <localidade>Maceió</localidade>
    <uf>AL</uf>
    <estado>Alagoas</estado>
    <região/>
    <ibge>2704302</ibge>
    <gia/>
    <ddd>82</ddd>
    <siafi>2785</siafi>
  </cep>
  <cep>
    <cep>57083-110</cep>
    <logradouro>Rua Davi Bulhões</logradouro>
    <complemento/>
    <unidade/>
    <bairro>Antares</bairro>
    <localidade>Maceió</localidade>
    <uf>AL</uf>
    <estado>Alagoas</estado>
    <região/>
    <ibge>2704302</ibge>
    <gia/>
    <ddd>82</ddd>
    <siafi>2785</siafi>
  </cep>
  <cep>
    <cep>57083-108</cep>
    <logradouro>Rua Desembargador Carlos de Gusmão</logradouro>
    <complemento>lado par</complemento>
    <unidade/>
    <bairro>Antares</bairro>
    <localidade>Maceió</localidade>
    <uf>AL</uf>
    <estado>Alagoas</estado>
    <região/>
    <ibge>2704302</ibge>
    <gia/>
    <ddd>82</ddd>
    <siafi>2785</siafi>
  </cep>
  <cep>
    <cep>57083-111</cep>
    <logradouro>Rua Gabriela Souto Maior</logradouro>
    <complemento/>
    <unidade/>
    <bairro>Antares</bairro>
    <localidade>Maceió</localidade>
    <uf>AL</uf>
    <estado>Alagoas</estado>
    <região/>
    <ibge>2704302</ibge>
    <gia/>
    <ddd>82</ddd>
    <siafi>2785</siafi>
  </cep>
  <cep>
    <cep>57083-112</cep>
    <logradouro>Rua Governador Francisco Mello</logradouro>
    <complemento/>
    <unidade/>
    <bairro>Antares</bairro>
    <localidade>Maceió</localidade>
    <uf>AL</uf>
    <estado>Alagoas</estado>
    <região/>
    <ibge>2704302</ibge>
    <gia/>
    <ddd>82</ddd>
    <siafi>2785</siafi>
  </cep>
  <cep>
    <cep>57083-120</cep>
    <logradouro>Rua Nelson L.A.P. Filho</logradouro>
    <complemento/>
    <unidade/>
    <bairro>Antares</bairro>
    <localidade>Maceió</localidade>
    <uf>AL</uf>
    <estado>Alagoas</estado>
    <região/>
    <ibge>2704302</ibge>
    <gia/>
    <ddd>82</ddd>
    <siafi>2785</siafi>
  </cep>
  <cep>
    <cep>57083-118</cep>
    <logradouro>Rua Marina Pontes Tavares</logradouro>
    <complemento/>
    <unidade/>
    <bairro>Antares</bairro>
    <localidade>Maceió</localidade>
    <uf>AL</uf>
    <estado>Alagoas</estado>
    <região/>
    <ibge>2704302</ibge>
    <gia/>
    <ddd>82</ddd>
    <siafi>2785</siafi>
  </cep>
  <cep>
    <cep>57083-125</cep>
    <logradouro>Rua Philipp G.P.I. Ramos</logradouro>
    <complemento/>
    <unidade/>
    <bairro>Antares</bairro>
    <localidade>Maceió</localidade>
    <uf>AL</uf>
    <estado>Alagoas</estado>
    <região/>
    <ibge>2704302</ibge>
    <gia/>
    <ddd>82</ddd>
    <siafi>2785</siafi>
  </cep>
  <cep>
    <cep>57083-124</cep>
    <logradouro>Rua Paulo Roberto Farias</logradouro>
    <complemento/>
    <unidade/>
    <bairro>Antares</bairro>
    <localidade>Maceió</localidade>
    <uf>AL</uf>
    <estado>Alagoas</estado>
    <região/>
    <ibge>2704302</ibge>
    <gia/>
    <ddd>82</ddd>
    <siafi>2785</siafi>
  </cep>
  <cep>
    <cep>57083-126</cep>
    <logradouro>Rua Rafael M. S. Neto</logradouro>
    <complemento/>
    <unidade/>
    <bairro>Antares</bairro>
    <localidade>Maceió</localidade>
    <uf>AL</uf>
    <estado>Alagoas</estado>
    <região/>
    <ibge>2704302</ibge>
    <gia/>
    <ddd>82</ddd>
    <siafi>2785</siafi>
  </cep>
  <cep>
    <cep>57083-127</cep>
    <logradouro>Rua Rivan César Barbosa Henrique</logradouro>
    <complemento/>
    <unidade/>
    <bairro>Antares</bairro>
    <localidade>Maceió</localidade>
    <uf>AL</uf>
    <estado>Alagoas</estado>
    <região/>
    <ibge>2704302</ibge>
    <gia/>
    <ddd>82</ddd>
    <siafi>2785</siafi>
  </cep>
  <cep>
    <cep>57083-130</cep>
    <logradouro>Rua Santa Mariana</logradouro>
    <complemento/>
    <unidade/>
    <bairro>Antares</bairro>
    <localidade>Maceió</localidade>
    <uf>AL</uf>
    <estado>Alagoas</estado>
    <região/>
    <ibge>2704302</ibge>
    <gia/>
    <ddd>82</ddd>
    <siafi>2785</siafi>
  </cep>
  <cep>
    <cep>57083-131</cep>
    <logradouro>Rua Valter José Ferro Lima Filho</logradouro>
    <complemento/>
    <unidade/>
    <bairro>Antares</bairro>
    <localidade>Maceió</localidade>
    <uf>AL</uf>
    <estado>Alagoas</estado>
    <região/>
    <ibge>2704302</ibge>
    <gia/>
    <ddd>82</ddd>
    <siafi>2785</siafi>
  </cep>
  <cep>
    <cep>57083-132</cep>
    <logradouro>Rua Vanessa Sampaio</logradouro>
    <complemento/>
    <unidade/>
    <bairro>Antares</bairro>
    <localidade>Maceió</localidade>
    <uf>AL</uf>
    <estado>Alagoas</estado>
    <região/>
    <ibge>2704302</ibge>
    <gia/>
    <ddd>82</ddd>
    <siafi>2785</siafi>
  </cep>
  <cep>
    <cep>57083-134</cep>
    <logradouro>Rua Empresário Raul Lucena Sarmento</logradouro>
    <complemento/>
    <unidade/>
    <bairro>Antares</bairro>
    <localidade>Maceió</localidade>
    <uf>AL</uf>
    <estado>Alagoas</estado>
    <região/>
    <ibge>2704302</ibge>
    <gia/>
    <ddd>82</ddd>
    <siafi>2785</siafi>
  </cep>
  <cep>
    <cep>57083-135</cep>
    <logradouro>Quadra 15</logradouro>
    <complemento>(Lot Pouso da Garça 2)</complemento>
    <unidade/>
    <bairro>Antares</bairro>
    <localidade>Maceió</localidade>
    <uf>AL</uf>
    <estado>Alagoas</estado>
    <região/>
    <ibge>2704302</ibge>
    <gia/>
    <ddd>82</ddd>
    <siafi>2785</siafi>
  </cep>
  <cep>
    <cep>57083-137</cep>
    <logradouro>Quadra A-16</logradouro>
    <complemento>(Lot Pouso da Garça 2)</complemento>
    <unidade/>
    <bairro>Antares</bairro>
    <localidade>Maceió</localidade>
    <uf>AL</uf>
    <estado>Alagoas</estado>
    <região/>
    <ibge>2704302</ibge>
    <gia/>
    <ddd>82</ddd>
    <siafi>2785</siafi>
  </cep>
  <cep>
    <cep>57083-139</cep>
    <logradouro>Quadra A-19</logradouro>
    <complemento>(Lot Pouso da Garça 2)</complemento>
    <unidade/>
    <bairro>Antares</bairro>
    <localidade>Maceió</localidade>
    <uf>AL</uf>
    <estado>Alagoas</estado>
    <região/>
    <ibge>2704302</ibge>
    <gia/>
    <ddd>82</ddd>
    <siafi>2785</siafi>
  </cep>
  <cep>
    <cep>57083-136</cep>
    <logradouro>Rua Wolney de Magalhães Maurício</logradouro>
    <complemento/>
    <unidade/>
    <bairro>Antares</bairro>
    <localidade>Maceió</localidade>
    <uf>AL</uf>
    <estado>Alagoas</estado>
    <região/>
    <ibge>2704302</ibge>
    <gia/>
    <ddd>82</ddd>
    <siafi>2785</siafi>
  </cep>
  <cep>
    <cep>57083-142</cep>
    <logradouro>Quadra E-15</logradouro>
    <complemento>(Lot Pouso da Garça 2)</complemento>
    <unidade/>
    <bairro>Antares</bairro>
    <localidade>Maceió</localidade>
    <uf>AL</uf>
    <estado>Alagoas</estado>
    <região/>
    <ibge>2704302</ibge>
    <gia/>
    <ddd>82</ddd>
    <siafi>2785</siafi>
  </cep>
  <cep>
    <cep>57083-140</cep>
    <logradouro>Rua Professora Josefa Vasconcelos de Oliveira</logradouro>
    <complemento/>
    <unidade/>
    <bairro>Antares</bairro>
    <localidade>Maceió</localidade>
    <uf>AL</uf>
    <estado>Alagoas</estado>
    <região/>
    <ibge>2704302</ibge>
    <gia/>
    <ddd>82</ddd>
    <siafi>2785</siafi>
  </cep>
  <cep>
    <cep>57083-144</cep>
    <logradouro>Rua Empresária Ilma Vilela</logradouro>
    <complemento/>
    <unidade/>
    <bairro>Antares</bairro>
    <localidade>Maceió</localidade>
    <uf>AL</uf>
    <estado>Alagoas</estado>
    <região/>
    <ibge>2704302</ibge>
    <gia/>
    <ddd>82</ddd>
    <siafi>2785</siafi>
  </cep>
  <cep>
    <cep>57083-145</cep>
    <logradouro>Quadra G-15</logradouro>
    <complemento>(Lot Pouso da Garça 2)</complemento>
    <unidade/>
    <bairro>Antares</bairro>
    <localidade>Maceió</localidade>
    <uf>AL</uf>
    <estado>Alagoas</estado>
    <região/>
    <ibge>2704302</ibge>
    <gia/>
    <ddd>82</ddd>
    <siafi>2785</siafi>
  </cep>
  <cep>
    <cep>57083-147</cep>
    <logradouro>Rua Doutor Benedito Lessa</logradouro>
    <complemento/>
    <unidade/>
    <bairro>Antares</bairro>
    <localidade>Maceió</localidade>
    <uf>AL</uf>
    <estado>Alagoas</estado>
    <região/>
    <ibge>2704302</ibge>
    <gia/>
    <ddd>82</ddd>
    <siafi>2785</siafi>
  </cep>
  <cep>
    <cep>57083-150</cep>
    <logradouro>Rua Teodomiro Deodato Santos</logradouro>
    <complemento/>
    <unidade/>
    <bairro>Antares</bairro>
    <localidade>Maceió</localidade>
    <uf>AL</uf>
    <estado>Alagoas</estado>
    <região/>
    <ibge>2704302</ibge>
    <gia/>
    <ddd>82</ddd>
    <siafi>2785</siafi>
  </cep>
  <cep>
    <cep>57083-151</cep>
    <logradouro>Quadra B-16</logradouro>
    <complemento>(Lot Pouso da Garça 2)</complemento>
    <unidade/>
    <bairro>Antares</bairro>
    <localidade>Maceió</localidade>
    <uf>AL</uf>
    <estado>Alagoas</estado>
    <região/>
    <ibge>2704302</ibge>
    <gia/>
    <ddd>82</ddd>
    <siafi>2785</siafi>
  </cep>
  <cep>
    <cep>57083-153</cep>
    <logradouro>Quadra C-16</logradouro>
    <complemento>(Lot Pouso da Garça 2)</complemento>
    <unidade/>
    <bairro>Antares</bairro>
    <localidade>Maceió</localidade>
    <uf>AL</uf>
    <estado>Alagoas</estado>
    <região/>
    <ibge>2704302</ibge>
    <gia/>
    <ddd>82</ddd>
    <siafi>2785</siafi>
  </cep>
  <cep>
    <cep>57083-149</cep>
    <logradouro>Travessa em Projeto</logradouro>
    <complemento>(Lot Pouso da Garça 2)</complemento>
    <unidade/>
    <bairro>Antares</bairro>
    <localidade>Maceió</localidade>
    <uf>AL</uf>
    <estado>Alagoas</estado>
    <região/>
    <ibge>2704302</ibge>
    <gia/>
    <ddd>82</ddd>
    <siafi>2785</siafi>
  </cep>
  <cep>
    <cep>57083-155</cep>
    <logradouro>Quadra C-19</logradouro>
    <complemento>(Lot Pouso da Garça 2)</complemento>
    <unidade/>
    <bairro>Antares</bairro>
    <localidade>Maceió</localidade>
    <uf>AL</uf>
    <estado>Alagoas</estado>
    <região/>
    <ibge>2704302</ibge>
    <gia/>
    <ddd>82</ddd>
    <siafi>2785</siafi>
  </cep>
  <cep>
    <cep>57083-157</cep>
    <logradouro>Quadra D-19</logradouro>
    <complemento>(Lot Pouso da Garça 2)</complemento>
    <unidade/>
    <bairro>Antares</bairro>
    <localidade>Maceió</localidade>
    <uf>AL</uf>
    <estado>Alagoas</estado>
    <região/>
    <ibge>2704302</ibge>
    <gia/>
    <ddd>82</ddd>
    <siafi>2785</siafi>
  </cep>
  <cep>
    <cep>57083-159</cep>
    <logradouro>Quadra E-19</logradouro>
    <complemento>(Lot Pouso da Garça 2)</complemento>
    <unidade/>
    <bairro>Antares</bairro>
    <localidade>Maceió</localidade>
    <uf>AL</uf>
    <estado>Alagoas</estado>
    <região/>
    <ibge>2704302</ibge>
    <gia/>
    <ddd>82</ddd>
    <siafi>2785</siafi>
  </cep>
  <cep>
    <cep>57083-161</cep>
    <logradouro>Quadra F-19</logradouro>
    <complemento>(Lot Pouso da Garça 2)</complemento>
    <unidade/>
    <bairro>Antares</bairro>
    <localidade>Maceió</localidade>
    <uf>AL</uf>
    <estado>Alagoas</estado>
    <região/>
    <ibge>2704302</ibge>
    <gia/>
    <ddd>82</ddd>
    <siafi>2785</siafi>
  </cep>
  <cep>
    <cep>57083-165</cep>
    <logradouro>Condomínio Residencial Jardim América</logradouro>
    <complemento/>
    <unidade/>
    <bairro>Antares</bairro>
    <localidade>Maceió</localidade>
    <uf>AL</uf>
    <estado>Alagoas</estado>
    <região/>
    <ibge>2704302</ibge>
    <gia/>
    <ddd>82</ddd>
    <siafi>2785</siafi>
  </cep>
  <cep>
    <cep>57083-163</cep>
    <logradouro>Quadra B-19</logradouro>
    <complemento>(Lot Pouso da Garça 2)</complemento>
    <unidade/>
    <bairro>Antares</bairro>
    <localidade>Maceió</localidade>
    <uf>AL</uf>
    <estado>Alagoas</estado>
    <região/>
    <ibge>2704302</ibge>
    <gia/>
    <ddd>82</ddd>
    <siafi>2785</siafi>
  </cep>
  <cep>
    <cep>57083-170</cep>
    <logradouro>Rua Professora Olindina Pereira da Silva</logradouro>
    <complemento/>
    <unidade/>
    <bairro>Antares</bairro>
    <localidade>Maceió</localidade>
    <uf>AL</uf>
    <estado>Alagoas</estado>
    <região/>
    <ibge>2704302</ibge>
    <gia/>
    <ddd>82</ddd>
    <siafi>2785</siafi>
  </cep>
  <cep>
    <cep>57083-185</cep>
    <logradouro>Travessa Menino Marcelo</logradouro>
    <complemento/>
    <unidade/>
    <bairro>Antares</bairro>
    <localidade>Maceió</localidade>
    <uf>AL</uf>
    <estado>Alagoas</estado>
    <região/>
    <ibge>2704302</ibge>
    <gia/>
    <ddd>82</ddd>
    <siafi>2785</siafi>
  </cep>
  <cep>
    <cep>57083-198</cep>
    <logradouro>Rua José Alexandre Damasceno da Silva</logradouro>
    <complemento/>
    <unidade/>
    <bairro>Antares</bairro>
    <localidade>Maceió</localidade>
    <uf>AL</uf>
    <estado>Alagoas</estado>
    <região/>
    <ibge>2704302</ibge>
    <gia/>
    <ddd>82</ddd>
    <siafi>2785</siafi>
  </cep>
  <cep>
    <cep>57083-204</cep>
    <logradouro>Rua Felipe Pacheco</logradouro>
    <complemento/>
    <unidade/>
    <bairro>Antares</bairro>
    <localidade>Maceió</localidade>
    <uf>AL</uf>
    <estado>Alagoas</estado>
    <região/>
    <ibge>2704302</ibge>
    <gia/>
    <ddd>82</ddd>
    <siafi>2785</siafi>
  </cep>
  <cep>
    <cep>57083-410</cep>
    <logradouro>Avenida Menino Marcelo</logradouro>
    <complemento>até 99997/99998</complemento>
    <unidade/>
    <bairro>Antares</bairro>
    <localidade>Maceió</localidade>
    <uf>AL</uf>
    <estado>Alagoas</estado>
    <região/>
    <ibge>2704302</ibge>
    <gia/>
    <ddd>82</ddd>
    <siafi>2785</siafi>
  </cep>
  <cep>
    <cep>57083-430</cep>
    <logradouro>Rua Professor José Cavalcante Manso</logradouro>
    <complemento/>
    <unidade/>
    <bairro>Antares</bairro>
    <localidade>Maceió</localidade>
    <uf>AL</uf>
    <estado>Alagoas</estado>
    <região/>
    <ibge>2704302</ibge>
    <gia/>
    <ddd>82</ddd>
    <siafi>2785</siafi>
  </cep>
  <cep>
    <cep>57083-630</cep>
    <logradouro>Avenida Deputada Selma Bandeira</logradouro>
    <complemento/>
    <unidade/>
    <bairro>Antares</bairro>
    <localidade>Maceió</localidade>
    <uf>AL</uf>
    <estado>Alagoas</estado>
    <região/>
    <ibge>2704302</ibge>
    <gia/>
    <ddd>82</ddd>
    <siafi>2785</siafi>
  </cep>
  <cep>
    <cep>57083-640</cep>
    <logradouro>Rua Vereador João Teixeira Costa</logradouro>
    <complemento/>
    <unidade/>
    <bairro>Antares</bairro>
    <localidade>Maceió</localidade>
    <uf>AL</uf>
    <estado>Alagoas</estado>
    <região/>
    <ibge>2704302</ibge>
    <gia/>
    <ddd>82</ddd>
    <siafi>2785</siafi>
  </cep>
  <cep>
    <cep>57083-651</cep>
    <logradouro>Rua Vereador Renildo José dos Santos</logradouro>
    <complemento/>
    <unidade/>
    <bairro>Antares</bairro>
    <localidade>Maceió</localidade>
    <uf>AL</uf>
    <estado>Alagoas</estado>
    <região/>
    <ibge>2704302</ibge>
    <gia/>
    <ddd>82</ddd>
    <siafi>2785</siafi>
  </cep>
  <cep>
    <cep>57083-653</cep>
    <logradouro>Quadra A</logradouro>
    <complemento>(Lot Stela Rosa)</complemento>
    <unidade/>
    <bairro>Antares</bairro>
    <localidade>Maceió</localidade>
    <uf>AL</uf>
    <estado>Alagoas</estado>
    <região/>
    <ibge>2704302</ibge>
    <gia/>
    <ddd>82</ddd>
    <siafi>2785</siafi>
  </cep>
  <cep>
    <cep>57083-652</cep>
    <logradouro>Rua Manoel Fiel Filho</logradouro>
    <complemento/>
    <unidade/>
    <bairro>Antares</bairro>
    <localidade>Maceió</localidade>
    <uf>AL</uf>
    <estado>Alagoas</estado>
    <região/>
    <ibge>2704302</ibge>
    <gia/>
    <ddd>82</ddd>
    <siafi>2785</siafi>
  </cep>
  <cep>
    <cep>57083-655</cep>
    <logradouro>Quadra B</logradouro>
    <complemento>(Lot Stela Rosa)</complemento>
    <unidade/>
    <bairro>Antares</bairro>
    <localidade>Maceió</localidade>
    <uf>AL</uf>
    <estado>Alagoas</estado>
    <região/>
    <ibge>2704302</ibge>
    <gia/>
    <ddd>82</ddd>
    <siafi>2785</siafi>
  </cep>
  <cep>
    <cep>57083-658</cep>
    <logradouro>Rua Manoel Alípio Beltrão de Albuquerque</logradouro>
    <complemento>(A - Lot Pousa da Garça 1)</complemento>
    <unidade/>
    <bairro>Antares</bairro>
    <localidade>Maceió</localidade>
    <uf>AL</uf>
    <estado>Alagoas</estado>
    <região/>
    <ibge>2704302</ibge>
    <gia/>
    <ddd>82</ddd>
    <siafi>2785</siafi>
  </cep>
  <cep>
    <cep>57083-672</cep>
    <logradouro>Rua dos Eucalíptos</logradouro>
    <complemento/>
    <unidade/>
    <bairro>Antares</bairro>
    <localidade>Maceió</localidade>
    <uf>AL</uf>
    <estado>Alagoas</estado>
    <região/>
    <ibge>2704302</ibge>
    <gia/>
    <ddd>82</ddd>
    <siafi>2785</siafi>
  </cep>
  <cep>
    <cep>57083-670</cep>
    <logradouro>Rua em Projeto 673</logradouro>
    <complemento/>
    <unidade/>
    <bairro>Antares</bairro>
    <localidade>Maceió</localidade>
    <uf>AL</uf>
    <estado>Alagoas</estado>
    <região/>
    <ibge>2704302</ibge>
    <gia/>
    <ddd>82</ddd>
    <siafi>2785</siafi>
  </cep>
  <cep>
    <cep>57083-676</cep>
    <logradouro>Rua Flamboyant</logradouro>
    <complemento>(Lot Alvorada)</complemento>
    <unidade/>
    <bairro>Antares</bairro>
    <localidade>Maceió</localidade>
    <uf>AL</uf>
    <estado>Alagoas</estado>
    <região/>
    <ibge>2704302</ibge>
    <gia/>
    <ddd>82</ddd>
    <siafi>2785</siafi>
  </cep>
  <cep>
    <cep>57083-674</cep>
    <logradouro>Rua Projetada 1694</logradouro>
    <complemento>(Samambaia - Lot Alvorada)</complemento>
    <unidade/>
    <bairro>Antares</bairro>
    <localidade>Maceió</localidade>
    <uf>AL</uf>
    <estado>Alagoas</estado>
    <região/>
    <ibge>2704302</ibge>
    <gia/>
    <ddd>82</ddd>
    <siafi>2785</siafi>
  </cep>
  <cep>
    <cep>57083-688</cep>
    <logradouro>Travessa Bom Jesus</logradouro>
    <complemento/>
    <unidade/>
    <bairro>Antares</bairro>
    <localidade>Maceió</localidade>
    <uf>AL</uf>
    <estado>Alagoas</estado>
    <região/>
    <ibge>2704302</ibge>
    <gia/>
    <ddd>82</ddd>
    <siafi>2785</siafi>
  </cep>
  <cep>
    <cep>57083-678</cep>
    <logradouro>Rua das Acácias</logradouro>
    <complemento>(Lot Alvorada)</complemento>
    <unidade/>
    <bairro>Antares</bairro>
    <localidade>Maceió</localidade>
    <uf>AL</uf>
    <estado>Alagoas</estado>
    <região/>
    <ibge>2704302</ibge>
    <gia/>
    <ddd>82</ddd>
    <siafi>2785</siafi>
  </cep>
  <cep>
    <cep>57083-690</cep>
    <logradouro>Rua Max Douglas</logradouro>
    <complemento/>
    <unidade/>
    <bairro>Antares</bairro>
    <localidade>Maceió</localidade>
    <uf>AL</uf>
    <estado>Alagoas</estado>
    <região/>
    <ibge>2704302</ibge>
    <gia/>
    <ddd>82</ddd>
    <siafi>2785</siafi>
  </cep>
  <cep>
    <cep>57083-740</cep>
    <logradouro>Rua Senhor do Bonfim</logradouro>
    <complemento/>
    <unidade/>
    <bairro>Antares</bairro>
    <localidade>Maceió</localidade>
    <uf>AL</uf>
    <estado>Alagoas</estado>
    <região/>
    <ibge>2704302</ibge>
    <gia/>
    <ddd>82</ddd>
    <siafi>2785</siafi>
  </cep>
  <cep>
    <cep>57083-730</cep>
    <logradouro>Rua André Teixeira de Melo Brandão</logradouro>
    <complemento/>
    <unidade/>
    <bairro>Antares</bairro>
    <localidade>Maceió</localidade>
    <uf>AL</uf>
    <estado>Alagoas</estado>
    <região/>
    <ibge>2704302</ibge>
    <gia/>
    <ddd>82</ddd>
    <siafi>2785</siafi>
  </cep>
  <cep>
    <cep>57083-680</cep>
    <logradouro>Rua São Luiz</logradouro>
    <complemento/>
    <unidade/>
    <bairro>Antares</bairro>
    <localidade>Maceió</localidade>
    <uf>AL</uf>
    <estado>Alagoas</estado>
    <região/>
    <ibge>2704302</ibge>
    <gia/>
    <ddd>82</ddd>
    <siafi>2785</siafi>
  </cep>
  <cep>
    <cep>57084-002</cep>
    <logradouro>Rua A-02</logradouro>
    <complemento>(Cj Benedito Bentes I)</complemento>
    <unidade/>
    <bairro>Benedito Bentes</bairro>
    <localidade>Maceió</localidade>
    <uf>AL</uf>
    <estado>Alagoas</estado>
    <região/>
    <ibge>2704302</ibge>
    <gia/>
    <ddd>82</ddd>
    <siafi>2785</siafi>
  </cep>
  <cep>
    <cep>57083-681</cep>
    <logradouro>Loteamento Alvorada</logradouro>
    <complemento/>
    <unidade/>
    <bairro>Antares</bairro>
    <localidade>Maceió</localidade>
    <uf>AL</uf>
    <estado>Alagoas</estado>
    <região/>
    <ibge>2704302</ibge>
    <gia/>
    <ddd>82</ddd>
    <siafi>2785</siafi>
  </cep>
  <cep>
    <cep>57084-001</cep>
    <logradouro>Rua A-01</logradouro>
    <complemento>(Cj Benedito Bentes I)</complemento>
    <unidade/>
    <bairro>Benedito Bentes</bairro>
    <localidade>Maceió</localidade>
    <uf>AL</uf>
    <estado>Alagoas</estado>
    <região/>
    <ibge>2704302</ibge>
    <gia/>
    <ddd>82</ddd>
    <siafi>2785</siafi>
  </cep>
  <cep>
    <cep>57083-689</cep>
    <logradouro>Rua Bom Jesus</logradouro>
    <complemento/>
    <unidade/>
    <bairro>Antares</bairro>
    <localidade>Maceió</localidade>
    <uf>AL</uf>
    <estado>Alagoas</estado>
    <região/>
    <ibge>2704302</ibge>
    <gia/>
    <ddd>82</ddd>
    <siafi>2785</siafi>
  </cep>
  <cep>
    <cep>57084-003</cep>
    <logradouro>Rua Capitão José de Oliveira Lima</logradouro>
    <complemento/>
    <unidade/>
    <bairro>Benedito Bentes</bairro>
    <localidade>Maceió</localidade>
    <uf>AL</uf>
    <estado>Alagoas</estado>
    <região/>
    <ibge>2704302</ibge>
    <gia/>
    <ddd>82</ddd>
    <siafi>2785</siafi>
  </cep>
  <cep>
    <cep>57084-004</cep>
    <logradouro>Rua A-04</logradouro>
    <complemento>(Cj Benedito Bentes I)</complemento>
    <unidade/>
    <bairro>Benedito Bentes</bairro>
    <localidade>Maceió</localidade>
    <uf>AL</uf>
    <estado>Alagoas</estado>
    <região/>
    <ibge>2704302</ibge>
    <gia/>
    <ddd>82</ddd>
    <siafi>2785</siafi>
  </cep>
  <cep>
    <cep>57084-005</cep>
    <logradouro>Rua Jacira Rocha Cavalcanti Montenegro</logradouro>
    <complemento/>
    <unidade/>
    <bairro>Benedito Bentes</bairro>
    <localidade>Maceió</localidade>
    <uf>AL</uf>
    <estado>Alagoas</estado>
    <região/>
    <ibge>2704302</ibge>
    <gia/>
    <ddd>82</ddd>
    <siafi>2785</siafi>
  </cep>
  <cep>
    <cep>57084-011</cep>
    <logradouro>Rua Alice Uchôa Botelho</logradouro>
    <complemento/>
    <unidade/>
    <bairro>Benedito Bentes</bairro>
    <localidade>Maceió</localidade>
    <uf>AL</uf>
    <estado>Alagoas</estado>
    <região/>
    <ibge>2704302</ibge>
    <gia/>
    <ddd>82</ddd>
    <siafi>2785</siafi>
  </cep>
  <cep>
    <cep>57084-008</cep>
    <logradouro>Rua Professor Ordener Cerqueira</logradouro>
    <complemento/>
    <unidade/>
    <bairro>Benedito Bentes</bairro>
    <localidade>Maceió</localidade>
    <uf>AL</uf>
    <estado>Alagoas</estado>
    <região/>
    <ibge>2704302</ibge>
    <gia/>
    <ddd>82</ddd>
    <siafi>2785</siafi>
  </cep>
  <cep>
    <cep>57084-009</cep>
    <logradouro>Rua Empresário Jonas Nutels Filho</logradouro>
    <complemento/>
    <unidade/>
    <bairro>Benedito Bentes</bairro>
    <localidade>Maceió</localidade>
    <uf>AL</uf>
    <estado>Alagoas</estado>
    <região/>
    <ibge>2704302</ibge>
    <gia/>
    <ddd>82</ddd>
    <siafi>2785</siafi>
  </cep>
  <cep>
    <cep>57084-010</cep>
    <logradouro>Rua A-10</logradouro>
    <complemento>(Cj Benedito Bentes I)</complemento>
    <unidade/>
    <bairro>Benedito Bentes</bairro>
    <localidade>Maceió</localidade>
    <uf>AL</uf>
    <estado>Alagoas</estado>
    <região/>
    <ibge>2704302</ibge>
    <gia/>
    <ddd>82</ddd>
    <siafi>2785</siafi>
  </cep>
  <cep>
    <cep>57084-007</cep>
    <logradouro>Rua Aída Ferrário de Carvalho Lôbo</logradouro>
    <complemento/>
    <unidade/>
    <bairro>Benedito Bentes</bairro>
    <localidade>Maceió</localidade>
    <uf>AL</uf>
    <estado>Alagoas</estado>
    <região/>
    <ibge>2704302</ibge>
    <gia/>
    <ddd>82</ddd>
    <siafi>2785</siafi>
  </cep>
  <cep>
    <cep>57084-006</cep>
    <logradouro>Rua Afra Pereira Lima</logradouro>
    <complemento/>
    <unidade/>
    <bairro>Benedito Bentes</bairro>
    <localidade>Maceió</localidade>
    <uf>AL</uf>
    <estado>Alagoas</estado>
    <região/>
    <ibge>2704302</ibge>
    <gia/>
    <ddd>82</ddd>
    <siafi>2785</siafi>
  </cep>
  <cep>
    <cep>57084-013</cep>
    <logradouro>Rua A-14</logradouro>
    <complemento>(Cj Benedito Bentes I)</complemento>
    <unidade/>
    <bairro>Benedito Bentes</bairro>
    <localidade>Maceió</localidade>
    <uf>AL</uf>
    <estado>Alagoas</estado>
    <região/>
    <ibge>2704302</ibge>
    <gia/>
    <ddd>82</ddd>
    <siafi>2785</siafi>
  </cep>
  <cep>
    <cep>57084-015</cep>
    <logradouro>Rua Desembargador Eduardo de Santa Rita</logradouro>
    <complemento/>
    <unidade/>
    <bairro>Benedito Bentes</bairro>
    <localidade>Maceió</localidade>
    <uf>AL</uf>
    <estado>Alagoas</estado>
    <região/>
    <ibge>2704302</ibge>
    <gia/>
    <ddd>82</ddd>
    <siafi>2785</siafi>
  </cep>
  <cep>
    <cep>57084-021</cep>
    <logradouro>Rua Jonas Gomes Rafael</logradouro>
    <complemento>(Cj B Bentes I)</complemento>
    <unidade/>
    <bairro>Benedito Bentes</bairro>
    <localidade>Maceió</localidade>
    <uf>AL</uf>
    <estado>Alagoas</estado>
    <região/>
    <ibge>2704302</ibge>
    <gia/>
    <ddd>82</ddd>
    <siafi>2785</siafi>
  </cep>
  <cep>
    <cep>57084-025</cep>
    <logradouro>Rua A-25</logradouro>
    <complemento>(Cj Benedito Bentes I)</complemento>
    <unidade/>
    <bairro>Benedito Bentes</bairro>
    <localidade>Maceió</localidade>
    <uf>AL</uf>
    <estado>Alagoas</estado>
    <região/>
    <ibge>2704302</ibge>
    <gia/>
    <ddd>82</ddd>
    <siafi>2785</siafi>
  </cep>
  <cep>
    <cep>57084-032</cep>
    <logradouro>Rua A-32</logradouro>
    <complemento>(Cj Benedito Bentes I)</complemento>
    <unidade/>
    <bairro>Benedito Bentes</bairro>
    <localidade>Maceió</localidade>
    <uf>AL</uf>
    <estado>Alagoas</estado>
    <região/>
    <ibge>2704302</ibge>
    <gia/>
    <ddd>82</ddd>
    <siafi>2785</siafi>
  </cep>
  <cep>
    <cep>57084-034</cep>
    <logradouro>Rua Ademar Cerqueira</logradouro>
    <complemento/>
    <unidade/>
    <bairro>Benedito Bentes</bairro>
    <localidade>Maceió</localidade>
    <uf>AL</uf>
    <estado>Alagoas</estado>
    <região/>
    <ibge>2704302</ibge>
    <gia/>
    <ddd>82</ddd>
    <siafi>2785</siafi>
  </cep>
  <cep>
    <cep>57084-029</cep>
    <logradouro>Rua A-29</logradouro>
    <complemento>(Cj Benedito Bentes I)</complemento>
    <unidade/>
    <bairro>Benedito Bentes</bairro>
    <localidade>Maceió</localidade>
    <uf>AL</uf>
    <estado>Alagoas</estado>
    <região/>
    <ibge>2704302</ibge>
    <gia/>
    <ddd>82</ddd>
    <siafi>2785</siafi>
  </cep>
  <cep>
    <cep>57084-045</cep>
    <logradouro>Rua A-45</logradouro>
    <complemento>(Cj Benedito Bentes I)</complemento>
    <unidade/>
    <bairro>Benedito Bentes</bairro>
    <localidade>Maceió</localidade>
    <uf>AL</uf>
    <estado>Alagoas</estado>
    <região/>
    <ibge>2704302</ibge>
    <gia/>
    <ddd>82</ddd>
    <siafi>2785</siafi>
  </cep>
  <cep>
    <cep>57084-041</cep>
    <logradouro>Rua A-41</logradouro>
    <complemento>(Cj Benedito Bentes I)</complemento>
    <unidade/>
    <bairro>Benedito Bentes</bairro>
    <localidade>Maceió</localidade>
    <uf>AL</uf>
    <estado>Alagoas</estado>
    <região/>
    <ibge>2704302</ibge>
    <gia/>
    <ddd>82</ddd>
    <siafi>2785</siafi>
  </cep>
  <cep>
    <cep>57084-022</cep>
    <logradouro>Rua Dalva Costa Alcântara</logradouro>
    <complemento/>
    <unidade/>
    <bairro>Benedito Bentes</bairro>
    <localidade>Maceió</localidade>
    <uf>AL</uf>
    <estado>Alagoas</estado>
    <região/>
    <ibge>2704302</ibge>
    <gia/>
    <ddd>82</ddd>
    <siafi>2785</siafi>
  </cep>
  <cep>
    <cep>57084-054</cep>
    <logradouro>Rua Vereador Manoel Aureliano Reis</logradouro>
    <complemento/>
    <unidade/>
    <bairro>Benedito Bentes</bairro>
    <localidade>Maceió</localidade>
    <uf>AL</uf>
    <estado>Alagoas</estado>
    <região/>
    <ibge>2704302</ibge>
    <gia/>
    <ddd>82</ddd>
    <siafi>2785</siafi>
  </cep>
  <cep>
    <cep>57084-048</cep>
    <logradouro>Rua A-48</logradouro>
    <complemento>(Cj Benedito Bentes I)</complemento>
    <unidade/>
    <bairro>Benedito Bentes</bairro>
    <localidade>Maceió</localidade>
    <uf>AL</uf>
    <estado>Alagoas</estado>
    <região/>
    <ibge>2704302</ibge>
    <gia/>
    <ddd>82</ddd>
    <siafi>2785</siafi>
  </cep>
  <cep>
    <cep>57084-014</cep>
    <logradouro>Rua Rita de Oliveira Costa</logradouro>
    <complemento/>
    <unidade/>
    <bairro>Benedito Bentes</bairro>
    <localidade>Maceió</localidade>
    <uf>AL</uf>
    <estado>Alagoas</estado>
    <região/>
    <ibge>2704302</ibge>
    <gia/>
    <ddd>82</ddd>
    <siafi>2785</siafi>
  </cep>
  <cep>
    <cep>57084-023</cep>
    <logradouro>Rua A-22</logradouro>
    <complemento>(Cj Benedito Bentes)</complemento>
    <unidade/>
    <bairro>Benedito Bentes</bairro>
    <localidade>Maceió</localidade>
    <uf>AL</uf>
    <estado>Alagoas</estado>
    <região/>
    <ibge>2704302</ibge>
    <gia/>
    <ddd>82</ddd>
    <siafi>2785</siafi>
  </cep>
  <cep>
    <cep>57084-024</cep>
    <logradouro>Rua Doutor Carlos Geraldo Dâmaso Sampaio</logradouro>
    <complemento/>
    <unidade/>
    <bairro>Benedito Bentes</bairro>
    <localidade>Maceió</localidade>
    <uf>AL</uf>
    <estado>Alagoas</estado>
    <região/>
    <ibge>2704302</ibge>
    <gia/>
    <ddd>82</ddd>
    <siafi>2785</siafi>
  </cep>
  <cep>
    <cep>57084-026</cep>
    <logradouro>Rua Doutor Éric Fontes Lima</logradouro>
    <complemento/>
    <unidade/>
    <bairro>Benedito Bentes</bairro>
    <localidade>Maceió</localidade>
    <uf>AL</uf>
    <estado>Alagoas</estado>
    <região/>
    <ibge>2704302</ibge>
    <gia/>
    <ddd>82</ddd>
    <siafi>2785</siafi>
  </cep>
  <cep>
    <cep>57084-051</cep>
    <logradouro>Rua A-51</logradouro>
    <complemento>(Cj Benedito Bentes I)</complemento>
    <unidade/>
    <bairro>Benedito Bentes</bairro>
    <localidade>Maceió</localidade>
    <uf>AL</uf>
    <estado>Alagoas</estado>
    <região/>
    <ibge>2704302</ibge>
    <gia/>
    <ddd>82</ddd>
    <siafi>2785</siafi>
  </cep>
  <cep>
    <cep>57084-055</cep>
    <logradouro>Rua A-55</logradouro>
    <complemento>(Cj Benedito Bentes I)</complemento>
    <unidade/>
    <bairro>Benedito Bentes</bairro>
    <localidade>Maceió</localidade>
    <uf>AL</uf>
    <estado>Alagoas</estado>
    <região/>
    <ibge>2704302</ibge>
    <gia/>
    <ddd>82</ddd>
    <siafi>2785</siafi>
  </cep>
  <cep>
    <cep>57084-056</cep>
    <logradouro>Rua A-56</logradouro>
    <complemento>(Cj Benedito Bentes I)</complemento>
    <unidade/>
    <bairro>Benedito Bentes</bairro>
    <localidade>Maceió</localidade>
    <uf>AL</uf>
    <estado>Alagoas</estado>
    <região/>
    <ibge>2704302</ibge>
    <gia/>
    <ddd>82</ddd>
    <siafi>2785</siafi>
  </cep>
  <cep>
    <cep>57084-017</cep>
    <logradouro>Rua Antônio Palmary Soriano de Melo</logradouro>
    <complemento/>
    <unidade/>
    <bairro>Benedito Bentes</bairro>
    <localidade>Maceió</localidade>
    <uf>AL</uf>
    <estado>Alagoas</estado>
    <região/>
    <ibge>2704302</ibge>
    <gia/>
    <ddd>82</ddd>
    <siafi>2785</siafi>
  </cep>
  <cep>
    <cep>57084-062</cep>
    <logradouro>Rua A-62</logradouro>
    <complemento>(Cj Benedito Bentes I)</complemento>
    <unidade/>
    <bairro>Benedito Bentes</bairro>
    <localidade>Maceió</localidade>
    <uf>AL</uf>
    <estado>Alagoas</estado>
    <região/>
    <ibge>2704302</ibge>
    <gia/>
    <ddd>82</ddd>
    <siafi>2785</siafi>
  </cep>
  <cep>
    <cep>57084-064</cep>
    <logradouro>Rua A-64</logradouro>
    <complemento>(Cj Benedito Bentes I)</complemento>
    <unidade/>
    <bairro>Benedito Bentes</bairro>
    <localidade>Maceió</localidade>
    <uf>AL</uf>
    <estado>Alagoas</estado>
    <região/>
    <ibge>2704302</ibge>
    <gia/>
    <ddd>82</ddd>
    <siafi>2785</siafi>
  </cep>
  <cep>
    <cep>57084-028</cep>
    <logradouro>Rua Manoel Pedro de Oliveira</logradouro>
    <complemento/>
    <unidade/>
    <bairro>Benedito Bentes</bairro>
    <localidade>Maceió</localidade>
    <uf>AL</uf>
    <estado>Alagoas</estado>
    <região/>
    <ibge>2704302</ibge>
    <gia/>
    <ddd>82</ddd>
    <siafi>2785</siafi>
  </cep>
  <cep>
    <cep>57084-059</cep>
    <logradouro>Rua A-59</logradouro>
    <complemento>(Cj Benedito Bentes I)</complemento>
    <unidade/>
    <bairro>Benedito Bentes</bairro>
    <localidade>Maceió</localidade>
    <uf>AL</uf>
    <estado>Alagoas</estado>
    <região/>
    <ibge>2704302</ibge>
    <gia/>
    <ddd>82</ddd>
    <siafi>2785</siafi>
  </cep>
  <cep>
    <cep>57084-020</cep>
    <logradouro>Rua A-20</logradouro>
    <complemento>(Cj Benedito Bentes I)</complemento>
    <unidade/>
    <bairro>Benedito Bentes</bairro>
    <localidade>Maceió</localidade>
    <uf>AL</uf>
    <estado>Alagoas</estado>
    <região/>
    <ibge>2704302</ibge>
    <gia/>
    <ddd>82</ddd>
    <siafi>2785</siafi>
  </cep>
  <cep>
    <cep>57084-063</cep>
    <logradouro>Travessa Luiz Calheiros Gato</logradouro>
    <complemento/>
    <unidade/>
    <bairro>Benedito Bentes</bairro>
    <localidade>Maceió</localidade>
    <uf>AL</uf>
    <estado>Alagoas</estado>
    <região/>
    <ibge>2704302</ibge>
    <gia/>
    <ddd>82</ddd>
    <siafi>2785</siafi>
  </cep>
  <cep>
    <cep>57084-081</cep>
    <logradouro>Rua São Cristóvão</logradouro>
    <complemento/>
    <unidade/>
    <bairro>Benedito Bentes</bairro>
    <localidade>Maceió</localidade>
    <uf>AL</uf>
    <estado>Alagoas</estado>
    <região/>
    <ibge>2704302</ibge>
    <gia/>
    <ddd>82</ddd>
    <siafi>2785</siafi>
  </cep>
  <cep>
    <cep>57084-079</cep>
    <logradouro>Rua São Caetano</logradouro>
    <complemento>(Alto da Alegria)</complemento>
    <unidade/>
    <bairro>Benedito Bentes</bairro>
    <localidade>Maceió</localidade>
    <uf>AL</uf>
    <estado>Alagoas</estado>
    <região/>
    <ibge>2704302</ibge>
    <gia/>
    <ddd>82</ddd>
    <siafi>2785</siafi>
  </cep>
  <cep>
    <cep>57084-068</cep>
    <logradouro>Rua A-68</logradouro>
    <complemento>(Cj Benedito Bentes I)</complemento>
    <unidade/>
    <bairro>Benedito Bentes</bairro>
    <localidade>Maceió</localidade>
    <uf>AL</uf>
    <estado>Alagoas</estado>
    <região/>
    <ibge>2704302</ibge>
    <gia/>
    <ddd>82</ddd>
    <siafi>2785</siafi>
  </cep>
  <cep>
    <cep>57084-069</cep>
    <logradouro>Rua A-69</logradouro>
    <complemento>(Cj Benedito Bentes I)</complemento>
    <unidade/>
    <bairro>Benedito Bentes</bairro>
    <localidade>Maceió</localidade>
    <uf>AL</uf>
    <estado>Alagoas</estado>
    <região/>
    <ibge>2704302</ibge>
    <gia/>
    <ddd>82</ddd>
    <siafi>2785</siafi>
  </cep>
  <cep>
    <cep>57084-072</cep>
    <logradouro>Rua A-72</logradouro>
    <complemento>(Cj Benedito Bentes I)</complemento>
    <unidade/>
    <bairro>Benedito Bentes</bairro>
    <localidade>Maceió</localidade>
    <uf>AL</uf>
    <estado>Alagoas</estado>
    <região/>
    <ibge>2704302</ibge>
    <gia/>
    <ddd>82</ddd>
    <siafi>2785</siafi>
  </cep>
  <cep>
    <cep>57084-040</cep>
    <logradouro>Rua A-40</logradouro>
    <complemento>(Cj Benedito Bentes I)</complemento>
    <unidade/>
    <bairro>Benedito Bentes</bairro>
    <localidade>Maceió</localidade>
    <uf>AL</uf>
    <estado>Alagoas</estado>
    <região/>
    <ibge>2704302</ibge>
    <gia/>
    <ddd>82</ddd>
    <siafi>2785</siafi>
  </cep>
  <cep>
    <cep>57084-065</cep>
    <logradouro>Rua A-65</logradouro>
    <complemento>(Cj Benedito Bentes I)</complemento>
    <unidade/>
    <bairro>Benedito Bentes</bairro>
    <localidade>Maceió</localidade>
    <uf>AL</uf>
    <estado>Alagoas</estado>
    <região/>
    <ibge>2704302</ibge>
    <gia/>
    <ddd>82</ddd>
    <siafi>2785</siafi>
  </cep>
  <cep>
    <cep>57084-078</cep>
    <logradouro>Rua Boa Vista</logradouro>
    <complemento/>
    <unidade/>
    <bairro>Benedito Bentes</bairro>
    <localidade>Maceió</localidade>
    <uf>AL</uf>
    <estado>Alagoas</estado>
    <região/>
    <ibge>2704302</ibge>
    <gia/>
    <ddd>82</ddd>
    <siafi>2785</siafi>
  </cep>
  <cep>
    <cep>57084-060</cep>
    <logradouro>Rua A-60</logradouro>
    <complemento>(Cj Benedito Bentes I)</complemento>
    <unidade/>
    <bairro>Benedito Bentes</bairro>
    <localidade>Maceió</localidade>
    <uf>AL</uf>
    <estado>Alagoas</estado>
    <região/>
    <ibge>2704302</ibge>
    <gia/>
    <ddd>82</ddd>
    <siafi>2785</siafi>
  </cep>
  <cep>
    <cep>57084-033</cep>
    <logradouro>Rua Floriano Alves de Mendonça</logradouro>
    <complemento/>
    <unidade/>
    <bairro>Benedito Bentes</bairro>
    <localidade>Maceió</localidade>
    <uf>AL</uf>
    <estado>Alagoas</estado>
    <região/>
    <ibge>2704302</ibge>
    <gia/>
    <ddd>82</ddd>
    <siafi>2785</siafi>
  </cep>
  <cep>
    <cep>57084-036</cep>
    <logradouro>Rua A-36</logradouro>
    <complemento>(Cj Benedito Bentes I)</complemento>
    <unidade/>
    <bairro>Benedito Bentes</bairro>
    <localidade>Maceió</localidade>
    <uf>AL</uf>
    <estado>Alagoas</estado>
    <região/>
    <ibge>2704302</ibge>
    <gia/>
    <ddd>82</ddd>
    <siafi>2785</siafi>
  </cep>
  <cep>
    <cep>57084-018</cep>
    <logradouro>Rua A-18</logradouro>
    <complemento>(Cj Benedito Bentes I)</complemento>
    <unidade/>
    <bairro>Benedito Bentes</bairro>
    <localidade>Maceió</localidade>
    <uf>AL</uf>
    <estado>Alagoas</estado>
    <região/>
    <ibge>2704302</ibge>
    <gia/>
    <ddd>82</ddd>
    <siafi>2785</siafi>
  </cep>
  <cep>
    <cep>57084-044</cep>
    <logradouro>Rua A-44</logradouro>
    <complemento>(Cj Benedito Bentes I)</complemento>
    <unidade/>
    <bairro>Benedito Bentes</bairro>
    <localidade>Maceió</localidade>
    <uf>AL</uf>
    <estado>Alagoas</estado>
    <região/>
    <ibge>2704302</ibge>
    <gia/>
    <ddd>82</ddd>
    <siafi>2785</siafi>
  </cep>
  <cep>
    <cep>57084-052</cep>
    <logradouro>Rua A-52</logradouro>
    <complemento>(Cj Benedito Bentes I)</complemento>
    <unidade/>
    <bairro>Benedito Bentes</bairro>
    <localidade>Maceió</localidade>
    <uf>AL</uf>
    <estado>Alagoas</estado>
    <região/>
    <ibge>2704302</ibge>
    <gia/>
    <ddd>82</ddd>
    <siafi>2785</siafi>
  </cep>
  <cep>
    <cep>57084-042</cep>
    <logradouro>Rua A-42</logradouro>
    <complemento>(Cj Benedito Bentes I)</complemento>
    <unidade/>
    <bairro>Benedito Bentes</bairro>
    <localidade>Maceió</localidade>
    <uf>AL</uf>
    <estado>Alagoas</estado>
    <região/>
    <ibge>2704302</ibge>
    <gia/>
    <ddd>82</ddd>
    <siafi>2785</siafi>
  </cep>
  <cep>
    <cep>57084-076</cep>
    <logradouro>Rua Santo Antônio</logradouro>
    <complemento/>
    <unidade/>
    <bairro>Benedito Bentes</bairro>
    <localidade>Maceió</localidade>
    <uf>AL</uf>
    <estado>Alagoas</estado>
    <região/>
    <ibge>2704302</ibge>
    <gia/>
    <ddd>82</ddd>
    <siafi>2785</siafi>
  </cep>
  <cep>
    <cep>57084-058</cep>
    <logradouro>Rua A-58</logradouro>
    <complemento>(Cj Benedito Bentes I)</complemento>
    <unidade/>
    <bairro>Benedito Bentes</bairro>
    <localidade>Maceió</localidade>
    <uf>AL</uf>
    <estado>Alagoas</estado>
    <região/>
    <ibge>2704302</ibge>
    <gia/>
    <ddd>82</ddd>
    <siafi>2785</siafi>
  </cep>
  <cep>
    <cep>57084-088</cep>
    <logradouro>2ª Travessa Boa Esperança</logradouro>
    <complemento/>
    <unidade/>
    <bairro>Benedito Bentes</bairro>
    <localidade>Maceió</localidade>
    <uf>AL</uf>
    <estado>Alagoas</estado>
    <região/>
    <ibge>2704302</ibge>
    <gia/>
    <ddd>82</ddd>
    <siafi>2785</siafi>
  </cep>
  <cep>
    <cep>57084-085</cep>
    <logradouro>Travessa José Honório</logradouro>
    <complemento/>
    <unidade/>
    <bairro>Benedito Bentes</bairro>
    <localidade>Maceió</localidade>
    <uf>AL</uf>
    <estado>Alagoas</estado>
    <região/>
    <ibge>2704302</ibge>
    <gia/>
    <ddd>82</ddd>
    <siafi>2785</siafi>
  </cep>
  <cep>
    <cep>57084-086</cep>
    <logradouro>Rua Boa Esperança</logradouro>
    <complemento/>
    <unidade/>
    <bairro>Benedito Bentes</bairro>
    <localidade>Maceió</localidade>
    <uf>AL</uf>
    <estado>Alagoas</estado>
    <região/>
    <ibge>2704302</ibge>
    <gia/>
    <ddd>82</ddd>
    <siafi>2785</siafi>
  </cep>
  <cep>
    <cep>57084-092</cep>
    <logradouro>Avenida Pratagy</logradouro>
    <complemento>lado ímpar</complemento>
    <unidade/>
    <bairro>Benedito Bentes</bairro>
    <localidade>Maceió</localidade>
    <uf>AL</uf>
    <estado>Alagoas</estado>
    <região/>
    <ibge>2704302</ibge>
    <gia/>
    <ddd>82</ddd>
    <siafi>2785</siafi>
  </cep>
  <cep>
    <cep>57084-103</cep>
    <logradouro>Rua C-30</logradouro>
    <complemento>(Cj Benedito Bentes II)</complemento>
    <unidade/>
    <bairro>Benedito Bentes</bairro>
    <localidade>Maceió</localidade>
    <uf>AL</uf>
    <estado>Alagoas</estado>
    <região/>
    <ibge>2704302</ibge>
    <gia/>
    <ddd>82</ddd>
    <siafi>2785</siafi>
  </cep>
  <cep>
    <cep>57084-100</cep>
    <logradouro>Avenida Erasmo Pereira da Rocha</logradouro>
    <complemento/>
    <unidade/>
    <bairro>Benedito Bentes</bairro>
    <localidade>Maceió</localidade>
    <uf>AL</uf>
    <estado>Alagoas</estado>
    <região/>
    <ibge>2704302</ibge>
    <gia/>
    <ddd>82</ddd>
    <siafi>2785</siafi>
  </cep>
  <cep>
    <cep>57084-105</cep>
    <logradouro>Rua Carimbão</logradouro>
    <complemento/>
    <unidade/>
    <bairro>Benedito Bentes</bairro>
    <localidade>Maceió</localidade>
    <uf>AL</uf>
    <estado>Alagoas</estado>
    <região/>
    <ibge>2704302</ibge>
    <gia/>
    <ddd>82</ddd>
    <siafi>2785</siafi>
  </cep>
  <cep>
    <cep>57084-104</cep>
    <logradouro>Rua C-32</logradouro>
    <complemento>(Cj Benedito Bentes)</complemento>
    <unidade/>
    <bairro>Benedito Bentes</bairro>
    <localidade>Maceió</localidade>
    <uf>AL</uf>
    <estado>Alagoas</estado>
    <região/>
    <ibge>2704302</ibge>
    <gia/>
    <ddd>82</ddd>
    <siafi>2785</siafi>
  </cep>
  <cep>
    <cep>57084-112</cep>
    <logradouro>Rua C-38</logradouro>
    <complemento>(Cj Benedito Bentes)</complemento>
    <unidade/>
    <bairro>Benedito Bentes</bairro>
    <localidade>Maceió</localidade>
    <uf>AL</uf>
    <estado>Alagoas</estado>
    <região/>
    <ibge>2704302</ibge>
    <gia/>
    <ddd>82</ddd>
    <siafi>2785</siafi>
  </cep>
  <cep>
    <cep>57084-110</cep>
    <logradouro>Rua Doutor José Pontes de Moraes</logradouro>
    <complemento/>
    <unidade/>
    <bairro>Benedito Bentes</bairro>
    <localidade>Maceió</localidade>
    <uf>AL</uf>
    <estado>Alagoas</estado>
    <região/>
    <ibge>2704302</ibge>
    <gia/>
    <ddd>82</ddd>
    <siafi>2785</siafi>
  </cep>
  <cep>
    <cep>57084-109</cep>
    <logradouro>Rua C-37</logradouro>
    <complemento>(Cj Benedito Bentes)</complemento>
    <unidade/>
    <bairro>Benedito Bentes</bairro>
    <localidade>Maceió</localidade>
    <uf>AL</uf>
    <estado>Alagoas</estado>
    <região/>
    <ibge>2704302</ibge>
    <gia/>
    <ddd>82</ddd>
    <siafi>2785</siafi>
  </cep>
  <cep>
    <cep>57084-107</cep>
    <logradouro>Rua C-34</logradouro>
    <complemento>(Cj Benedito Bentes)</complemento>
    <unidade/>
    <bairro>Benedito Bentes</bairro>
    <localidade>Maceió</localidade>
    <uf>AL</uf>
    <estado>Alagoas</estado>
    <região/>
    <ibge>2704302</ibge>
    <gia/>
    <ddd>82</ddd>
    <siafi>2785</siafi>
  </cep>
  <cep>
    <cep>57084-115</cep>
    <logradouro>Rua C-42</logradouro>
    <complemento>(Cj Benedito Bentes)</complemento>
    <unidade/>
    <bairro>Benedito Bentes</bairro>
    <localidade>Maceió</localidade>
    <uf>AL</uf>
    <estado>Alagoas</estado>
    <região/>
    <ibge>2704302</ibge>
    <gia/>
    <ddd>82</ddd>
    <siafi>2785</siafi>
  </cep>
  <cep>
    <cep>57084-118</cep>
    <logradouro>Rua C-45</logradouro>
    <complemento>(Cj Benedito Bentes)</complemento>
    <unidade/>
    <bairro>Benedito Bentes</bairro>
    <localidade>Maceió</localidade>
    <uf>AL</uf>
    <estado>Alagoas</estado>
    <região/>
    <ibge>2704302</ibge>
    <gia/>
    <ddd>82</ddd>
    <siafi>2785</siafi>
  </cep>
  <cep>
    <cep>57084-114</cep>
    <logradouro>Rua C-41</logradouro>
    <complemento>(Cj Benedito Bentes)</complemento>
    <unidade/>
    <bairro>Benedito Bentes</bairro>
    <localidade>Maceió</localidade>
    <uf>AL</uf>
    <estado>Alagoas</estado>
    <região/>
    <ibge>2704302</ibge>
    <gia/>
    <ddd>82</ddd>
    <siafi>2785</siafi>
  </cep>
  <cep>
    <cep>57084-120</cep>
    <logradouro>Rua Gurguri</logradouro>
    <complemento/>
    <unidade/>
    <bairro>Benedito Bentes</bairro>
    <localidade>Maceió</localidade>
    <uf>AL</uf>
    <estado>Alagoas</estado>
    <região/>
    <ibge>2704302</ibge>
    <gia/>
    <ddd>82</ddd>
    <siafi>2785</siafi>
  </cep>
  <cep>
    <cep>57084-121</cep>
    <logradouro>Rua C-46</logradouro>
    <complemento>(Cj Benedito Bentes)</complemento>
    <unidade/>
    <bairro>Benedito Bentes</bairro>
    <localidade>Maceió</localidade>
    <uf>AL</uf>
    <estado>Alagoas</estado>
    <região/>
    <ibge>2704302</ibge>
    <gia/>
    <ddd>82</ddd>
    <siafi>2785</siafi>
  </cep>
  <cep>
    <cep>57084-126</cep>
    <logradouro>Rua C-52</logradouro>
    <complemento>(Cj Benedito Bentes)</complemento>
    <unidade/>
    <bairro>Benedito Bentes</bairro>
    <localidade>Maceió</localidade>
    <uf>AL</uf>
    <estado>Alagoas</estado>
    <região/>
    <ibge>2704302</ibge>
    <gia/>
    <ddd>82</ddd>
    <siafi>2785</siafi>
  </cep>
  <cep>
    <cep>57084-127</cep>
    <logradouro>Rua C-53</logradouro>
    <complemento>(Cj Benedito Bentes)</complemento>
    <unidade/>
    <bairro>Benedito Bentes</bairro>
    <localidade>Maceió</localidade>
    <uf>AL</uf>
    <estado>Alagoas</estado>
    <região/>
    <ibge>2704302</ibge>
    <gia/>
    <ddd>82</ddd>
    <siafi>2785</siafi>
  </cep>
  <cep>
    <cep>57084-123</cep>
    <logradouro>Rua C-49</logradouro>
    <complemento>(Cj Benedito Bentes)</complemento>
    <unidade/>
    <bairro>Benedito Bentes</bairro>
    <localidade>Maceió</localidade>
    <uf>AL</uf>
    <estado>Alagoas</estado>
    <região/>
    <ibge>2704302</ibge>
    <gia/>
    <ddd>82</ddd>
    <siafi>2785</siafi>
  </cep>
  <cep>
    <cep>57084-124</cep>
    <logradouro>Rua C-50</logradouro>
    <complemento>(Cj Benedito Bentes)</complemento>
    <unidade/>
    <bairro>Benedito Bentes</bairro>
    <localidade>Maceió</localidade>
    <uf>AL</uf>
    <estado>Alagoas</estado>
    <região/>
    <ibge>2704302</ibge>
    <gia/>
    <ddd>82</ddd>
    <siafi>2785</siafi>
  </cep>
  <cep>
    <cep>57084-146</cep>
    <logradouro>Residencial Recanto dos Sonhos</logradouro>
    <complemento/>
    <unidade/>
    <bairro>Benedito Bentes</bairro>
    <localidade>Maceió</localidade>
    <uf>AL</uf>
    <estado>Alagoas</estado>
    <região/>
    <ibge>2704302</ibge>
    <gia/>
    <ddd>82</ddd>
    <siafi>2785</siafi>
  </cep>
  <cep>
    <cep>57084-138</cep>
    <logradouro>Condomínio Residencial Recanto dos Contos</logradouro>
    <complemento/>
    <unidade/>
    <bairro>Benedito Bentes</bairro>
    <localidade>Maceió</localidade>
    <uf>AL</uf>
    <estado>Alagoas</estado>
    <região/>
    <ibge>2704302</ibge>
    <gia/>
    <ddd>82</ddd>
    <siafi>2785</siafi>
  </cep>
  <cep>
    <cep>57084-136</cep>
    <logradouro>Residencial Recanto dos Passaros</logradouro>
    <complemento/>
    <unidade/>
    <bairro>Benedito Bentes</bairro>
    <localidade>Maceió</localidade>
    <uf>AL</uf>
    <estado>Alagoas</estado>
    <região/>
    <ibge>2704302</ibge>
    <gia/>
    <ddd>82</ddd>
    <siafi>2785</siafi>
  </cep>
  <cep>
    <cep>57084-142</cep>
    <logradouro>Condomínio Recanto das Cores</logradouro>
    <complemento/>
    <unidade/>
    <bairro>Benedito Bentes</bairro>
    <localidade>Maceió</localidade>
    <uf>AL</uf>
    <estado>Alagoas</estado>
    <região/>
    <ibge>2704302</ibge>
    <gia/>
    <ddd>82</ddd>
    <siafi>2785</siafi>
  </cep>
  <cep>
    <cep>57084-131</cep>
    <logradouro>Rua C-54</logradouro>
    <complemento>(Cj Benedito Bentes)</complemento>
    <unidade/>
    <bairro>Benedito Bentes</bairro>
    <localidade>Maceió</localidade>
    <uf>AL</uf>
    <estado>Alagoas</estado>
    <região/>
    <ibge>2704302</ibge>
    <gia/>
    <ddd>82</ddd>
    <siafi>2785</siafi>
  </cep>
  <cep>
    <cep>57084-129</cep>
    <logradouro>Rua São Lucas</logradouro>
    <complemento/>
    <unidade/>
    <bairro>Benedito Bentes</bairro>
    <localidade>Maceió</localidade>
    <uf>AL</uf>
    <estado>Alagoas</estado>
    <região/>
    <ibge>2704302</ibge>
    <gia/>
    <ddd>82</ddd>
    <siafi>2785</siafi>
  </cep>
  <cep>
    <cep>57084-133</cep>
    <logradouro>Travessa Seis Irmãos</logradouro>
    <complemento/>
    <unidade/>
    <bairro>Benedito Bentes</bairro>
    <localidade>Maceió</localidade>
    <uf>AL</uf>
    <estado>Alagoas</estado>
    <região/>
    <ibge>2704302</ibge>
    <gia/>
    <ddd>82</ddd>
    <siafi>2785</siafi>
  </cep>
  <cep>
    <cep>57084-144</cep>
    <logradouro>Residencial Village das Artes</logradouro>
    <complemento/>
    <unidade/>
    <bairro>Benedito Bentes</bairro>
    <localidade>Maceió</localidade>
    <uf>AL</uf>
    <estado>Alagoas</estado>
    <região/>
    <ibge>2704302</ibge>
    <gia/>
    <ddd>82</ddd>
    <siafi>2785</siafi>
  </cep>
  <cep>
    <cep>57084-130</cep>
    <logradouro>Rua Estudante Luiz Eduardo de Lima</logradouro>
    <complemento/>
    <unidade/>
    <bairro>Benedito Bentes</bairro>
    <localidade>Maceió</localidade>
    <uf>AL</uf>
    <estado>Alagoas</estado>
    <região/>
    <ibge>2704302</ibge>
    <gia/>
    <ddd>82</ddd>
    <siafi>2785</siafi>
  </cep>
  <cep>
    <cep>57084-148</cep>
    <logradouro>Condomínio Village da Alvorada</logradouro>
    <complemento/>
    <unidade/>
    <bairro>Benedito Bentes</bairro>
    <localidade>Maceió</localidade>
    <uf>AL</uf>
    <estado>Alagoas</estado>
    <região/>
    <ibge>2704302</ibge>
    <gia/>
    <ddd>82</ddd>
    <siafi>2785</siafi>
  </cep>
  <cep>
    <cep>57084-248</cep>
    <logradouro>Rua B-35</logradouro>
    <complemento>(Cj Benedito Bentes)</complemento>
    <unidade/>
    <bairro>Benedito Bentes</bairro>
    <localidade>Maceió</localidade>
    <uf>AL</uf>
    <estado>Alagoas</estado>
    <região/>
    <ibge>2704302</ibge>
    <gia/>
    <ddd>82</ddd>
    <siafi>2785</siafi>
  </cep>
  <cep>
    <cep>57084-250</cep>
    <logradouro>Rua Doutor José Braga Lyra</logradouro>
    <complemento/>
    <unidade/>
    <bairro>Benedito Bentes</bairro>
    <localidade>Maceió</localidade>
    <uf>AL</uf>
    <estado>Alagoas</estado>
    <região/>
    <ibge>2704302</ibge>
    <gia/>
    <ddd>82</ddd>
    <siafi>2785</siafi>
  </cep>
  <cep>
    <cep>57084-154</cep>
    <logradouro>Residencial Village das Flores</logradouro>
    <complemento/>
    <unidade/>
    <bairro>Benedito Bentes</bairro>
    <localidade>Maceió</localidade>
    <uf>AL</uf>
    <estado>Alagoas</estado>
    <região/>
    <ibge>2704302</ibge>
    <gia/>
    <ddd>82</ddd>
    <siafi>2785</siafi>
  </cep>
  <cep>
    <cep>57084-156</cep>
    <logradouro>Condomínio Recanto das Orquídias</logradouro>
    <complemento/>
    <unidade/>
    <bairro>Benedito Bentes</bairro>
    <localidade>Maceió</localidade>
    <uf>AL</uf>
    <estado>Alagoas</estado>
    <região/>
    <ibge>2704302</ibge>
    <gia/>
    <ddd>82</ddd>
    <siafi>2785</siafi>
  </cep>
  <cep>
    <cep>57084-260</cep>
    <logradouro>Rua B-37</logradouro>
    <complemento>(Cj Benedito Bentes I)</complemento>
    <unidade/>
    <bairro>Benedito Bentes</bairro>
    <localidade>Maceió</localidade>
    <uf>AL</uf>
    <estado>Alagoas</estado>
    <região/>
    <ibge>2704302</ibge>
    <gia/>
    <ddd>82</ddd>
    <siafi>2785</siafi>
  </cep>
  <cep>
    <cep>57084-294</cep>
    <logradouro>Quadra 2</logradouro>
    <complemento>(Cj Miliciano)</complemento>
    <unidade/>
    <bairro>Benedito Bentes</bairro>
    <localidade>Maceió</localidade>
    <uf>AL</uf>
    <estado>Alagoas</estado>
    <região/>
    <ibge>2704302</ibge>
    <gia/>
    <ddd>82</ddd>
    <siafi>2785</siafi>
  </cep>
  <cep>
    <cep>57084-302</cep>
    <logradouro>Rua Sol Nascente</logradouro>
    <complemento>(Lot J Sampaio III)</complemento>
    <unidade/>
    <bairro>Benedito Bentes</bairro>
    <localidade>Maceió</localidade>
    <uf>AL</uf>
    <estado>Alagoas</estado>
    <região/>
    <ibge>2704302</ibge>
    <gia/>
    <ddd>82</ddd>
    <siafi>2785</siafi>
  </cep>
  <cep>
    <cep>57083-660</cep>
    <logradouro>Rua B</logradouro>
    <complemento>(Lot Pouso da Garça 1)</complemento>
    <unidade/>
    <bairro>Antares</bairro>
    <localidade>Maceió</localidade>
    <uf>AL</uf>
    <estado>Alagoas</estado>
    <região/>
    <ibge>2704302</ibge>
    <gia/>
    <ddd>82</ddd>
    <siafi>2785</siafi>
  </cep>
  <cep>
    <cep>57084-301</cep>
    <logradouro>Rua 1-A</logradouro>
    <complemento>(Lot J Sampaio III)</complemento>
    <unidade/>
    <bairro>Benedito Bentes</bairro>
    <localidade>Maceió</localidade>
    <uf>AL</uf>
    <estado>Alagoas</estado>
    <região/>
    <ibge>2704302</ibge>
    <gia/>
    <ddd>82</ddd>
    <siafi>2785</siafi>
  </cep>
  <cep>
    <cep>57084-300</cep>
    <logradouro>Rua Doutor Potiguara Pereira de Miranda</logradouro>
    <complemento/>
    <unidade/>
    <bairro>Benedito Bentes</bairro>
    <localidade>Maceió</localidade>
    <uf>AL</uf>
    <estado>Alagoas</estado>
    <região/>
    <ibge>2704302</ibge>
    <gia/>
    <ddd>82</ddd>
    <siafi>2785</siafi>
  </cep>
  <cep>
    <cep>57084-309</cep>
    <logradouro>Rua 6-A</logradouro>
    <complemento>(Lot J Sampaio III)</complemento>
    <unidade/>
    <bairro>Benedito Bentes</bairro>
    <localidade>Maceió</localidade>
    <uf>AL</uf>
    <estado>Alagoas</estado>
    <região/>
    <ibge>2704302</ibge>
    <gia/>
    <ddd>82</ddd>
    <siafi>2785</siafi>
  </cep>
  <cep>
    <cep>57084-303</cep>
    <logradouro>Rua 2-A</logradouro>
    <complemento>(Lot J Sampaio III)</complemento>
    <unidade/>
    <bairro>Benedito Bentes</bairro>
    <localidade>Maceió</localidade>
    <uf>AL</uf>
    <estado>Alagoas</estado>
    <região/>
    <ibge>2704302</ibge>
    <gia/>
    <ddd>82</ddd>
    <siafi>2785</siafi>
  </cep>
  <cep>
    <cep>57084-304</cep>
    <logradouro>Avenida Cachoeira do Lira</logradouro>
    <complemento/>
    <unidade/>
    <bairro>Benedito Bentes</bairro>
    <localidade>Maceió</localidade>
    <uf>AL</uf>
    <estado>Alagoas</estado>
    <região/>
    <ibge>2704302</ibge>
    <gia/>
    <ddd>82</ddd>
    <siafi>2785</siafi>
  </cep>
  <cep>
    <cep>57084-311</cep>
    <logradouro>Rua 7-A</logradouro>
    <complemento>(Lot J Sampaio III)</complemento>
    <unidade/>
    <bairro>Benedito Bentes</bairro>
    <localidade>Maceió</localidade>
    <uf>AL</uf>
    <estado>Alagoas</estado>
    <região/>
    <ibge>2704302</ibge>
    <gia/>
    <ddd>82</ddd>
    <siafi>2785</siafi>
  </cep>
  <cep>
    <cep>57084-316</cep>
    <logradouro>Rua 13-A</logradouro>
    <complemento>(Lot J Sampaio III)</complemento>
    <unidade/>
    <bairro>Benedito Bentes</bairro>
    <localidade>Maceió</localidade>
    <uf>AL</uf>
    <estado>Alagoas</estado>
    <região/>
    <ibge>2704302</ibge>
    <gia/>
    <ddd>82</ddd>
    <siafi>2785</siafi>
  </cep>
  <cep>
    <cep>57084-312</cep>
    <logradouro>Rua 9-A</logradouro>
    <complemento>(Lot J Sampaio III)</complemento>
    <unidade/>
    <bairro>Benedito Bentes</bairro>
    <localidade>Maceió</localidade>
    <uf>AL</uf>
    <estado>Alagoas</estado>
    <região/>
    <ibge>2704302</ibge>
    <gia/>
    <ddd>82</ddd>
    <siafi>2785</siafi>
  </cep>
  <cep>
    <cep>57084-330</cep>
    <logradouro>Rua Doutor Aloísio do Couto Malta</logradouro>
    <complemento/>
    <unidade/>
    <bairro>Benedito Bentes</bairro>
    <localidade>Maceió</localidade>
    <uf>AL</uf>
    <estado>Alagoas</estado>
    <região/>
    <ibge>2704302</ibge>
    <gia/>
    <ddd>82</ddd>
    <siafi>2785</siafi>
  </cep>
  <cep>
    <cep>57084-305</cep>
    <logradouro>Rua 3-A</logradouro>
    <complemento>(Lot J Sampaio III)</complemento>
    <unidade/>
    <bairro>Benedito Bentes</bairro>
    <localidade>Maceió</localidade>
    <uf>AL</uf>
    <estado>Alagoas</estado>
    <região/>
    <ibge>2704302</ibge>
    <gia/>
    <ddd>82</ddd>
    <siafi>2785</siafi>
  </cep>
  <cep>
    <cep>57084-307</cep>
    <logradouro>Rua 5-A</logradouro>
    <complemento>(Lot J Sampaio III)</complemento>
    <unidade/>
    <bairro>Benedito Bentes</bairro>
    <localidade>Maceió</localidade>
    <uf>AL</uf>
    <estado>Alagoas</estado>
    <região/>
    <ibge>2704302</ibge>
    <gia/>
    <ddd>82</ddd>
    <siafi>2785</siafi>
  </cep>
  <cep>
    <cep>57084-320</cep>
    <logradouro>Avenida de Contorno</logradouro>
    <complemento>(Lot J Sampaio III)</complemento>
    <unidade/>
    <bairro>Benedito Bentes</bairro>
    <localidade>Maceió</localidade>
    <uf>AL</uf>
    <estado>Alagoas</estado>
    <região/>
    <ibge>2704302</ibge>
    <gia/>
    <ddd>82</ddd>
    <siafi>2785</siafi>
  </cep>
  <cep>
    <cep>57084-315</cep>
    <logradouro>Rua 12-A</logradouro>
    <complemento>(Lot J Sampaio III)</complemento>
    <unidade/>
    <bairro>Benedito Bentes</bairro>
    <localidade>Maceió</localidade>
    <uf>AL</uf>
    <estado>Alagoas</estado>
    <região/>
    <ibge>2704302</ibge>
    <gia/>
    <ddd>82</ddd>
    <siafi>2785</siafi>
  </cep>
  <cep>
    <cep>57084-324</cep>
    <logradouro>Rua el Shaday</logradouro>
    <complemento>(Lot Galiléia)</complemento>
    <unidade/>
    <bairro>Benedito Bentes</bairro>
    <localidade>Maceió</localidade>
    <uf>AL</uf>
    <estado>Alagoas</estado>
    <região/>
    <ibge>2704302</ibge>
    <gia/>
    <ddd>82</ddd>
    <siafi>2785</siafi>
  </cep>
  <cep>
    <cep>57084-298</cep>
    <logradouro>Quadra 4</logradouro>
    <complemento>(Cj Miliciano)</complemento>
    <unidade/>
    <bairro>Benedito Bentes</bairro>
    <localidade>Maceió</localidade>
    <uf>AL</uf>
    <estado>Alagoas</estado>
    <região/>
    <ibge>2704302</ibge>
    <gia/>
    <ddd>82</ddd>
    <siafi>2785</siafi>
  </cep>
  <cep>
    <cep>57084-345</cep>
    <logradouro>Rua B-38</logradouro>
    <complemento>(Cj Benedito Bentes)</complemento>
    <unidade/>
    <bairro>Benedito Bentes</bairro>
    <localidade>Maceió</localidade>
    <uf>AL</uf>
    <estado>Alagoas</estado>
    <região/>
    <ibge>2704302</ibge>
    <gia/>
    <ddd>82</ddd>
    <siafi>2785</siafi>
  </cep>
  <cep>
    <cep>57084-328</cep>
    <logradouro>Rua Jerusalém</logradouro>
    <complemento>(Lot Galiléia)</complemento>
    <unidade/>
    <bairro>Benedito Bentes</bairro>
    <localidade>Maceió</localidade>
    <uf>AL</uf>
    <estado>Alagoas</estado>
    <região/>
    <ibge>2704302</ibge>
    <gia/>
    <ddd>82</ddd>
    <siafi>2785</siafi>
  </cep>
  <cep>
    <cep>57084-280</cep>
    <logradouro>Rua Terezinha Motta Lisboa da Fonseca</logradouro>
    <complemento/>
    <unidade/>
    <bairro>Benedito Bentes</bairro>
    <localidade>Maceió</localidade>
    <uf>AL</uf>
    <estado>Alagoas</estado>
    <região/>
    <ibge>2704302</ibge>
    <gia/>
    <ddd>82</ddd>
    <siafi>2785</siafi>
  </cep>
  <cep>
    <cep>57084-360</cep>
    <logradouro>Rua Senador João Lúcio</logradouro>
    <complemento/>
    <unidade/>
    <bairro>Benedito Bentes</bairro>
    <localidade>Maceió</localidade>
    <uf>AL</uf>
    <estado>Alagoas</estado>
    <região/>
    <ibge>2704302</ibge>
    <gia/>
    <ddd>82</ddd>
    <siafi>2785</siafi>
  </cep>
  <cep>
    <cep>57084-322</cep>
    <logradouro>Rua São Mateus</logradouro>
    <complemento>(Lot Galiléia)</complemento>
    <unidade/>
    <bairro>Benedito Bentes</bairro>
    <localidade>Maceió</localidade>
    <uf>AL</uf>
    <estado>Alagoas</estado>
    <região/>
    <ibge>2704302</ibge>
    <gia/>
    <ddd>82</ddd>
    <siafi>2785</siafi>
  </cep>
  <cep>
    <cep>57084-296</cep>
    <logradouro>Quadra 3</logradouro>
    <complemento>(Cj Miliciano)</complemento>
    <unidade/>
    <bairro>Benedito Bentes</bairro>
    <localidade>Maceió</localidade>
    <uf>AL</uf>
    <estado>Alagoas</estado>
    <região/>
    <ibge>2704302</ibge>
    <gia/>
    <ddd>82</ddd>
    <siafi>2785</siafi>
  </cep>
  <cep>
    <cep>57084-314</cep>
    <logradouro>Rua 11-A</logradouro>
    <complemento>(Lot J Sampaio III)</complemento>
    <unidade/>
    <bairro>Benedito Bentes</bairro>
    <localidade>Maceió</localidade>
    <uf>AL</uf>
    <estado>Alagoas</estado>
    <região/>
    <ibge>2704302</ibge>
    <gia/>
    <ddd>82</ddd>
    <siafi>2785</siafi>
  </cep>
  <cep>
    <cep>57084-332</cep>
    <logradouro>Rua Belém</logradouro>
    <complemento>(Lot Galiléia)</complemento>
    <unidade/>
    <bairro>Benedito Bentes</bairro>
    <localidade>Maceió</localidade>
    <uf>AL</uf>
    <estado>Alagoas</estado>
    <região/>
    <ibge>2704302</ibge>
    <gia/>
    <ddd>82</ddd>
    <siafi>2785</siafi>
  </cep>
  <cep>
    <cep>57084-326</cep>
    <logradouro>Rua Manaim</logradouro>
    <complemento>(Lot Galiléia)</complemento>
    <unidade/>
    <bairro>Benedito Bentes</bairro>
    <localidade>Maceió</localidade>
    <uf>AL</uf>
    <estado>Alagoas</estado>
    <região/>
    <ibge>2704302</ibge>
    <gia/>
    <ddd>82</ddd>
    <siafi>2785</siafi>
  </cep>
  <cep>
    <cep>57084-292</cep>
    <logradouro>Quadra 1</logradouro>
    <complemento>(Cj Miliciano)</complemento>
    <unidade/>
    <bairro>Benedito Bentes</bairro>
    <localidade>Maceió</localidade>
    <uf>AL</uf>
    <estado>Alagoas</estado>
    <região/>
    <ibge>2704302</ibge>
    <gia/>
    <ddd>82</ddd>
    <siafi>2785</siafi>
  </cep>
  <cep>
    <cep>57084-318</cep>
    <logradouro>Rua 15-A</logradouro>
    <complemento>(Lot J Sampaio III)</complemento>
    <unidade/>
    <bairro>Benedito Bentes</bairro>
    <localidade>Maceió</localidade>
    <uf>AL</uf>
    <estado>Alagoas</estado>
    <região/>
    <ibge>2704302</ibge>
    <gia/>
    <ddd>82</ddd>
    <siafi>2785</siafi>
  </cep>
  <cep>
    <cep>57084-306</cep>
    <logradouro>Rua 4-A</logradouro>
    <complemento>(Lot J Sampaio III)</complemento>
    <unidade/>
    <bairro>Benedito Bentes</bairro>
    <localidade>Maceió</localidade>
    <uf>AL</uf>
    <estado>Alagoas</estado>
    <região/>
    <ibge>2704302</ibge>
    <gia/>
    <ddd>82</ddd>
    <siafi>2785</siafi>
  </cep>
  <cep>
    <cep>57084-340</cep>
    <logradouro>Rua Doutor Érico Fontes Lima</logradouro>
    <complemento/>
    <unidade/>
    <bairro>Benedito Bentes</bairro>
    <localidade>Maceió</localidade>
    <uf>AL</uf>
    <estado>Alagoas</estado>
    <região/>
    <ibge>2704302</ibge>
    <gia/>
    <ddd>82</ddd>
    <siafi>2785</siafi>
  </cep>
  <cep>
    <cep>57084-308</cep>
    <logradouro>Avenida 01</logradouro>
    <complemento>(Lot J Sampaio III)</complemento>
    <unidade/>
    <bairro>Benedito Bentes</bairro>
    <localidade>Maceió</localidade>
    <uf>AL</uf>
    <estado>Alagoas</estado>
    <região/>
    <ibge>2704302</ibge>
    <gia/>
    <ddd>82</ddd>
    <siafi>2785</siafi>
  </cep>
  <cep>
    <cep>57084-334</cep>
    <logradouro>Avenida 02</logradouro>
    <complemento>(Lot Cely Loureiro)</complemento>
    <unidade/>
    <bairro>Benedito Bentes</bairro>
    <localidade>Maceió</localidade>
    <uf>AL</uf>
    <estado>Alagoas</estado>
    <região/>
    <ibge>2704302</ibge>
    <gia/>
    <ddd>82</ddd>
    <siafi>2785</siafi>
  </cep>
  <cep>
    <cep>57084-406</cep>
    <logradouro>Rua em Projeto G</logradouro>
    <complemento>(Lot Cely Loureiro)</complemento>
    <unidade/>
    <bairro>Benedito Bentes</bairro>
    <localidade>Maceió</localidade>
    <uf>AL</uf>
    <estado>Alagoas</estado>
    <região/>
    <ibge>2704302</ibge>
    <gia/>
    <ddd>82</ddd>
    <siafi>2785</siafi>
  </cep>
  <cep>
    <cep>57084-402</cep>
    <logradouro>Rua em Projeto E</logradouro>
    <complemento>(Lot Cely Loureiro)</complemento>
    <unidade/>
    <bairro>Benedito Bentes</bairro>
    <localidade>Maceió</localidade>
    <uf>AL</uf>
    <estado>Alagoas</estado>
    <região/>
    <ibge>2704302</ibge>
    <gia/>
    <ddd>82</ddd>
    <siafi>2785</siafi>
  </cep>
  <cep>
    <cep>57084-404</cep>
    <logradouro>Rua em Projeto F</logradouro>
    <complemento>(Lot Cely Loureiro)</complemento>
    <unidade/>
    <bairro>Benedito Bentes</bairro>
    <localidade>Maceió</localidade>
    <uf>AL</uf>
    <estado>Alagoas</estado>
    <região/>
    <ibge>2704302</ibge>
    <gia/>
    <ddd>82</ddd>
    <siafi>2785</siafi>
  </cep>
  <cep>
    <cep>57084-412</cep>
    <logradouro>Rua em Projeto B</logradouro>
    <complemento>(Lot Cely Loureiro)</complemento>
    <unidade/>
    <bairro>Benedito Bentes</bairro>
    <localidade>Maceió</localidade>
    <uf>AL</uf>
    <estado>Alagoas</estado>
    <região/>
    <ibge>2704302</ibge>
    <gia/>
    <ddd>82</ddd>
    <siafi>2785</siafi>
  </cep>
  <cep>
    <cep>57084-408</cep>
    <logradouro>Rua em Projeto H</logradouro>
    <complemento>(Lot Cely Loureiro)</complemento>
    <unidade/>
    <bairro>Benedito Bentes</bairro>
    <localidade>Maceió</localidade>
    <uf>AL</uf>
    <estado>Alagoas</estado>
    <região/>
    <ibge>2704302</ibge>
    <gia/>
    <ddd>82</ddd>
    <siafi>2785</siafi>
  </cep>
  <cep>
    <cep>57084-411</cep>
    <logradouro>Rua em Projeto A</logradouro>
    <complemento>(Lot Cely Loureiro)</complemento>
    <unidade/>
    <bairro>Benedito Bentes</bairro>
    <localidade>Maceió</localidade>
    <uf>AL</uf>
    <estado>Alagoas</estado>
    <região/>
    <ibge>2704302</ibge>
    <gia/>
    <ddd>82</ddd>
    <siafi>2785</siafi>
  </cep>
  <cep>
    <cep>57084-414</cep>
    <logradouro>Rua em Projeto D</logradouro>
    <complemento>(Lot Cely Loureiro)</complemento>
    <unidade/>
    <bairro>Benedito Bentes</bairro>
    <localidade>Maceió</localidade>
    <uf>AL</uf>
    <estado>Alagoas</estado>
    <região/>
    <ibge>2704302</ibge>
    <gia/>
    <ddd>82</ddd>
    <siafi>2785</siafi>
  </cep>
  <cep>
    <cep>57084-317</cep>
    <logradouro>Rua 14-A</logradouro>
    <complemento>(Lot J Sampaio III)</complemento>
    <unidade/>
    <bairro>Benedito Bentes</bairro>
    <localidade>Maceió</localidade>
    <uf>AL</uf>
    <estado>Alagoas</estado>
    <região/>
    <ibge>2704302</ibge>
    <gia/>
    <ddd>82</ddd>
    <siafi>2785</siafi>
  </cep>
  <cep>
    <cep>57084-313</cep>
    <logradouro>Rua 10-A</logradouro>
    <complemento>(Lot J Sampaio III)</complemento>
    <unidade/>
    <bairro>Benedito Bentes</bairro>
    <localidade>Maceió</localidade>
    <uf>AL</uf>
    <estado>Alagoas</estado>
    <região/>
    <ibge>2704302</ibge>
    <gia/>
    <ddd>82</ddd>
    <siafi>2785</siafi>
  </cep>
  <cep>
    <cep>57084-413</cep>
    <logradouro>Rua em Projeto C</logradouro>
    <complemento>(Lot Cely Loureiro)</complemento>
    <unidade/>
    <bairro>Benedito Bentes</bairro>
    <localidade>Maceió</localidade>
    <uf>AL</uf>
    <estado>Alagoas</estado>
    <região/>
    <ibge>2704302</ibge>
    <gia/>
    <ddd>82</ddd>
    <siafi>2785</siafi>
  </cep>
  <cep>
    <cep>57084-415</cep>
    <logradouro>Rua em Projeto I</logradouro>
    <complemento>(Lot Cely Loureiro)</complemento>
    <unidade/>
    <bairro>Benedito Bentes</bairro>
    <localidade>Maceió</localidade>
    <uf>AL</uf>
    <estado>Alagoas</estado>
    <região/>
    <ibge>2704302</ibge>
    <gia/>
    <ddd>82</ddd>
    <siafi>2785</siafi>
  </cep>
  <cep>
    <cep>57084-418</cep>
    <logradouro>Rua em Projeto L</logradouro>
    <complemento>(Lot Cely Loureiro)</complemento>
    <unidade/>
    <bairro>Benedito Bentes</bairro>
    <localidade>Maceió</localidade>
    <uf>AL</uf>
    <estado>Alagoas</estado>
    <região/>
    <ibge>2704302</ibge>
    <gia/>
    <ddd>82</ddd>
    <siafi>2785</siafi>
  </cep>
  <cep>
    <cep>57084-421</cep>
    <logradouro>Rua 1-D</logradouro>
    <complemento>(Cj João Sampaio II)</complemento>
    <unidade/>
    <bairro>Benedito Bentes</bairro>
    <localidade>Maceió</localidade>
    <uf>AL</uf>
    <estado>Alagoas</estado>
    <região/>
    <ibge>2704302</ibge>
    <gia/>
    <ddd>82</ddd>
    <siafi>2785</siafi>
  </cep>
  <cep>
    <cep>57084-417</cep>
    <logradouro>Rua em Projeto K</logradouro>
    <complemento>(Lot Cely Loureiro)</complemento>
    <unidade/>
    <bairro>Benedito Bentes</bairro>
    <localidade>Maceió</localidade>
    <uf>AL</uf>
    <estado>Alagoas</estado>
    <região/>
    <ibge>2704302</ibge>
    <gia/>
    <ddd>82</ddd>
    <siafi>2785</siafi>
  </cep>
  <cep>
    <cep>57084-416</cep>
    <logradouro>Rua em Projeto J</logradouro>
    <complemento>(Lot Cely Loureiro)</complemento>
    <unidade/>
    <bairro>Benedito Bentes</bairro>
    <localidade>Maceió</localidade>
    <uf>AL</uf>
    <estado>Alagoas</estado>
    <região/>
    <ibge>2704302</ibge>
    <gia/>
    <ddd>82</ddd>
    <siafi>2785</siafi>
  </cep>
  <cep>
    <cep>57084-422</cep>
    <logradouro>Rua 2-D</logradouro>
    <complemento>(Cj João Sampaio II)</complemento>
    <unidade/>
    <bairro>Benedito Bentes</bairro>
    <localidade>Maceió</localidade>
    <uf>AL</uf>
    <estado>Alagoas</estado>
    <região/>
    <ibge>2704302</ibge>
    <gia/>
    <ddd>82</ddd>
    <siafi>2785</siafi>
  </cep>
  <cep>
    <cep>57084-423</cep>
    <logradouro>Rua 3-D</logradouro>
    <complemento>(Cj João Sampaio II)</complemento>
    <unidade/>
    <bairro>Benedito Bentes</bairro>
    <localidade>Maceió</localidade>
    <uf>AL</uf>
    <estado>Alagoas</estado>
    <região/>
    <ibge>2704302</ibge>
    <gia/>
    <ddd>82</ddd>
    <siafi>2785</siafi>
  </cep>
  <cep>
    <cep>57084-424</cep>
    <logradouro>Rua 4-D</logradouro>
    <complemento>(Cj João Sampaio II)</complemento>
    <unidade/>
    <bairro>Benedito Bentes</bairro>
    <localidade>Maceió</localidade>
    <uf>AL</uf>
    <estado>Alagoas</estado>
    <região/>
    <ibge>2704302</ibge>
    <gia/>
    <ddd>82</ddd>
    <siafi>2785</siafi>
  </cep>
  <cep>
    <cep>57084-425</cep>
    <logradouro>Rua 5-D</logradouro>
    <complemento>(Cj João Sampaio II)</complemento>
    <unidade/>
    <bairro>Benedito Bentes</bairro>
    <localidade>Maceió</localidade>
    <uf>AL</uf>
    <estado>Alagoas</estado>
    <região/>
    <ibge>2704302</ibge>
    <gia/>
    <ddd>82</ddd>
    <siafi>2785</siafi>
  </cep>
  <cep>
    <cep>57084-426</cep>
    <logradouro>Rua 6-D</logradouro>
    <complemento>(Cj João Sampaio II)</complemento>
    <unidade/>
    <bairro>Benedito Bentes</bairro>
    <localidade>Maceió</localidade>
    <uf>AL</uf>
    <estado>Alagoas</estado>
    <região/>
    <ibge>2704302</ibge>
    <gia/>
    <ddd>82</ddd>
    <siafi>2785</siafi>
  </cep>
  <cep>
    <cep>57084-427</cep>
    <logradouro>Rua 7-D</logradouro>
    <complemento>(Cj João Sampaio II)</complemento>
    <unidade/>
    <bairro>Benedito Bentes</bairro>
    <localidade>Maceió</localidade>
    <uf>AL</uf>
    <estado>Alagoas</estado>
    <região/>
    <ibge>2704302</ibge>
    <gia/>
    <ddd>82</ddd>
    <siafi>2785</siafi>
  </cep>
  <cep>
    <cep>57084-429</cep>
    <logradouro>Rua 2-E</logradouro>
    <complemento>(Cj João Sampaio II)</complemento>
    <unidade/>
    <bairro>Benedito Bentes</bairro>
    <localidade>Maceió</localidade>
    <uf>AL</uf>
    <estado>Alagoas</estado>
    <região/>
    <ibge>2704302</ibge>
    <gia/>
    <ddd>82</ddd>
    <siafi>2785</siafi>
  </cep>
  <cep>
    <cep>57084-590</cep>
    <logradouro>Rua São Maximiliano</logradouro>
    <complemento/>
    <unidade/>
    <bairro>Benedito Bentes</bairro>
    <localidade>Maceió</localidade>
    <uf>AL</uf>
    <estado>Alagoas</estado>
    <região/>
    <ibge>2704302</ibge>
    <gia/>
    <ddd>82</ddd>
    <siafi>2785</siafi>
  </cep>
  <cep>
    <cep>57084-428</cep>
    <logradouro>Rua 1-E</logradouro>
    <complemento>(Cj João Sampaio II)</complemento>
    <unidade/>
    <bairro>Benedito Bentes</bairro>
    <localidade>Maceió</localidade>
    <uf>AL</uf>
    <estado>Alagoas</estado>
    <região/>
    <ibge>2704302</ibge>
    <gia/>
    <ddd>82</ddd>
    <siafi>2785</siafi>
  </cep>
  <cep>
    <cep>57084-580</cep>
    <logradouro>Rua Caxéu</logradouro>
    <complemento/>
    <unidade/>
    <bairro>Benedito Bentes</bairro>
    <localidade>Maceió</localidade>
    <uf>AL</uf>
    <estado>Alagoas</estado>
    <região/>
    <ibge>2704302</ibge>
    <gia/>
    <ddd>82</ddd>
    <siafi>2785</siafi>
  </cep>
  <cep>
    <cep>57084-530</cep>
    <logradouro>Rua Girituba</logradouro>
    <complemento/>
    <unidade/>
    <bairro>Benedito Bentes</bairro>
    <localidade>Maceió</localidade>
    <uf>AL</uf>
    <estado>Alagoas</estado>
    <região/>
    <ibge>2704302</ibge>
    <gia/>
    <ddd>82</ddd>
    <siafi>2785</siafi>
  </cep>
  <cep>
    <cep>57084-532</cep>
    <logradouro>Rua Denilma Bulhões</logradouro>
    <complemento/>
    <unidade/>
    <bairro>Benedito Bentes</bairro>
    <localidade>Maceió</localidade>
    <uf>AL</uf>
    <estado>Alagoas</estado>
    <região/>
    <ibge>2704302</ibge>
    <gia/>
    <ddd>82</ddd>
    <siafi>2785</siafi>
  </cep>
  <cep>
    <cep>57084-592</cep>
    <logradouro>Travessa São Maximiliano</logradouro>
    <complemento/>
    <unidade/>
    <bairro>Benedito Bentes</bairro>
    <localidade>Maceió</localidade>
    <uf>AL</uf>
    <estado>Alagoas</estado>
    <região/>
    <ibge>2704302</ibge>
    <gia/>
    <ddd>82</ddd>
    <siafi>2785</siafi>
  </cep>
  <cep>
    <cep>57084-440</cep>
    <logradouro>Rua Vereador José Raimundo dos Santos</logradouro>
    <complemento>lado ímpar</complemento>
    <unidade/>
    <bairro>Benedito Bentes</bairro>
    <localidade>Maceió</localidade>
    <uf>AL</uf>
    <estado>Alagoas</estado>
    <região/>
    <ibge>2704302</ibge>
    <gia/>
    <ddd>82</ddd>
    <siafi>2785</siafi>
  </cep>
  <cep>
    <cep>57084-534</cep>
    <logradouro>Rua Jussara</logradouro>
    <complemento/>
    <unidade/>
    <bairro>Benedito Bentes</bairro>
    <localidade>Maceió</localidade>
    <uf>AL</uf>
    <estado>Alagoas</estado>
    <região/>
    <ibge>2704302</ibge>
    <gia/>
    <ddd>82</ddd>
    <siafi>2785</siafi>
  </cep>
  <cep>
    <cep>57084-610</cep>
    <logradouro>Avenida Arthur Valente Jucá</logradouro>
    <complemento>lado par</complemento>
    <unidade/>
    <bairro>Benedito Bentes</bairro>
    <localidade>Maceió</localidade>
    <uf>AL</uf>
    <estado>Alagoas</estado>
    <região/>
    <ibge>2704302</ibge>
    <gia/>
    <ddd>82</ddd>
    <siafi>2785</siafi>
  </cep>
  <cep>
    <cep>57084-594</cep>
    <logradouro>Rua São Caetano</logradouro>
    <complemento/>
    <unidade/>
    <bairro>Benedito Bentes</bairro>
    <localidade>Maceió</localidade>
    <uf>AL</uf>
    <estado>Alagoas</estado>
    <região/>
    <ibge>2704302</ibge>
    <gia/>
    <ddd>82</ddd>
    <siafi>2785</siafi>
  </cep>
  <cep>
    <cep>57084-612</cep>
    <logradouro>Rua da Princesa</logradouro>
    <complemento/>
    <unidade/>
    <bairro>Benedito Bentes</bairro>
    <localidade>Maceió</localidade>
    <uf>AL</uf>
    <estado>Alagoas</estado>
    <região/>
    <ibge>2704302</ibge>
    <gia/>
    <ddd>82</ddd>
    <siafi>2785</siafi>
  </cep>
  <cep>
    <cep>57084-622</cep>
    <logradouro>Conjunto Residencial Por do Sol II</logradouro>
    <complemento/>
    <unidade/>
    <bairro>Benedito Bentes</bairro>
    <localidade>Maceió</localidade>
    <uf>AL</uf>
    <estado>Alagoas</estado>
    <região/>
    <ibge>2704302</ibge>
    <gia/>
    <ddd>82</ddd>
    <siafi>2785</siafi>
  </cep>
  <cep>
    <cep>57084-633</cep>
    <logradouro>Rua 6-E</logradouro>
    <complemento>(Cj João Sampaio II)</complemento>
    <unidade/>
    <bairro>Benedito Bentes</bairro>
    <localidade>Maceió</localidade>
    <uf>AL</uf>
    <estado>Alagoas</estado>
    <região/>
    <ibge>2704302</ibge>
    <gia/>
    <ddd>82</ddd>
    <siafi>2785</siafi>
  </cep>
  <cep>
    <cep>57084-634</cep>
    <logradouro>Rua 7-E</logradouro>
    <complemento>(Cj João Sampaio II)</complemento>
    <unidade/>
    <bairro>Benedito Bentes</bairro>
    <localidade>Maceió</localidade>
    <uf>AL</uf>
    <estado>Alagoas</estado>
    <região/>
    <ibge>2704302</ibge>
    <gia/>
    <ddd>82</ddd>
    <siafi>2785</siafi>
  </cep>
  <cep>
    <cep>57084-644</cep>
    <logradouro>Rua 8-F</logradouro>
    <complemento>(Cj João Sampaio II)</complemento>
    <unidade/>
    <bairro>Benedito Bentes</bairro>
    <localidade>Maceió</localidade>
    <uf>AL</uf>
    <estado>Alagoas</estado>
    <região/>
    <ibge>2704302</ibge>
    <gia/>
    <ddd>82</ddd>
    <siafi>2785</siafi>
  </cep>
  <cep>
    <cep>57084-651</cep>
    <logradouro>Avenida Benedito Bentes</logradouro>
    <complemento>(Cj Benedito Bentes II) - de 1/2 ao</complemento>
    <unidade/>
    <bairro>Benedito Bentes</bairro>
    <localidade>Maceió</localidade>
    <uf>AL</uf>
    <estado>Alagoas</estado>
    <região/>
    <ibge>2704302</ibge>
    <gia/>
    <ddd>82</ddd>
    <siafi>2785</siafi>
  </cep>
  <cep>
    <cep>57084-648</cep>
    <logradouro>Rua Radialista Alves Correia</logradouro>
    <complemento/>
    <unidade/>
    <bairro>Benedito Bentes</bairro>
    <localidade>Maceió</localidade>
    <uf>AL</uf>
    <estado>Alagoas</estado>
    <região/>
    <ibge>2704302</ibge>
    <gia/>
    <ddd>82</ddd>
    <siafi>2785</siafi>
  </cep>
  <cep>
    <cep>57084-637</cep>
    <logradouro>Rua 1-F</logradouro>
    <complemento>(Cj João Sampaio II)</complemento>
    <unidade/>
    <bairro>Benedito Bentes</bairro>
    <localidade>Maceió</localidade>
    <uf>AL</uf>
    <estado>Alagoas</estado>
    <região/>
    <ibge>2704302</ibge>
    <gia/>
    <ddd>82</ddd>
    <siafi>2785</siafi>
  </cep>
  <cep>
    <cep>57084-654</cep>
    <logradouro>Rua C-03</logradouro>
    <complemento>(Cj Benedito Bentes)</complemento>
    <unidade/>
    <bairro>Benedito Bentes</bairro>
    <localidade>Maceió</localidade>
    <uf>AL</uf>
    <estado>Alagoas</estado>
    <região/>
    <ibge>2704302</ibge>
    <gia/>
    <ddd>82</ddd>
    <siafi>2785</siafi>
  </cep>
  <cep>
    <cep>57084-642</cep>
    <logradouro>Rua 6-F</logradouro>
    <complemento>(Cj João Sampaio II)</complemento>
    <unidade/>
    <bairro>Benedito Bentes</bairro>
    <localidade>Maceió</localidade>
    <uf>AL</uf>
    <estado>Alagoas</estado>
    <região/>
    <ibge>2704302</ibge>
    <gia/>
    <ddd>82</ddd>
    <siafi>2785</siafi>
  </cep>
  <cep>
    <cep>57084-639</cep>
    <logradouro>Rua Pastor Pedro dos Santos</logradouro>
    <complemento>(Cj João Sampaio II)</complemento>
    <unidade/>
    <bairro>Benedito Bentes</bairro>
    <localidade>Maceió</localidade>
    <uf>AL</uf>
    <estado>Alagoas</estado>
    <região/>
    <ibge>2704302</ibge>
    <gia/>
    <ddd>82</ddd>
    <siafi>2785</siafi>
  </cep>
  <cep>
    <cep>57084-664</cep>
    <logradouro>Rua C-08</logradouro>
    <complemento>(Cj Benedito Bentes II)</complemento>
    <unidade/>
    <bairro>Benedito Bentes</bairro>
    <localidade>Maceió</localidade>
    <uf>AL</uf>
    <estado>Alagoas</estado>
    <região/>
    <ibge>2704302</ibge>
    <gia/>
    <ddd>82</ddd>
    <siafi>2785</siafi>
  </cep>
  <cep>
    <cep>57084-636</cep>
    <logradouro>Rua 9-E</logradouro>
    <complemento>(Cj João Sampaio II)</complemento>
    <unidade/>
    <bairro>Benedito Bentes</bairro>
    <localidade>Maceió</localidade>
    <uf>AL</uf>
    <estado>Alagoas</estado>
    <região/>
    <ibge>2704302</ibge>
    <gia/>
    <ddd>82</ddd>
    <siafi>2785</siafi>
  </cep>
  <cep>
    <cep>57084-661</cep>
    <logradouro>Rua São Francisco</logradouro>
    <complemento>(Cj Benedito Bentes II)</complemento>
    <unidade/>
    <bairro>Benedito Bentes</bairro>
    <localidade>Maceió</localidade>
    <uf>AL</uf>
    <estado>Alagoas</estado>
    <região/>
    <ibge>2704302</ibge>
    <gia/>
    <ddd>82</ddd>
    <siafi>2785</siafi>
  </cep>
  <cep>
    <cep>57084-659</cep>
    <logradouro>Rua C-06</logradouro>
    <complemento>(Cj Benedito Bentes II)</complemento>
    <unidade/>
    <bairro>Benedito Bentes</bairro>
    <localidade>Maceió</localidade>
    <uf>AL</uf>
    <estado>Alagoas</estado>
    <região/>
    <ibge>2704302</ibge>
    <gia/>
    <ddd>82</ddd>
    <siafi>2785</siafi>
  </cep>
  <cep>
    <cep>57084-665</cep>
    <logradouro>Rua C-09</logradouro>
    <complemento>(Cj Benedito Bentes II)</complemento>
    <unidade/>
    <bairro>Benedito Bentes</bairro>
    <localidade>Maceió</localidade>
    <uf>AL</uf>
    <estado>Alagoas</estado>
    <região/>
    <ibge>2704302</ibge>
    <gia/>
    <ddd>82</ddd>
    <siafi>2785</siafi>
  </cep>
  <cep>
    <cep>57084-640</cep>
    <logradouro>Rua 4-F</logradouro>
    <complemento>(Cj João Sampaio II)</complemento>
    <unidade/>
    <bairro>Benedito Bentes</bairro>
    <localidade>Maceió</localidade>
    <uf>AL</uf>
    <estado>Alagoas</estado>
    <região/>
    <ibge>2704302</ibge>
    <gia/>
    <ddd>82</ddd>
    <siafi>2785</siafi>
  </cep>
  <cep>
    <cep>57084-662</cep>
    <logradouro>Rua C-13</logradouro>
    <complemento>(Cj Benedito Bentes)</complemento>
    <unidade/>
    <bairro>Benedito Bentes</bairro>
    <localidade>Maceió</localidade>
    <uf>AL</uf>
    <estado>Alagoas</estado>
    <região/>
    <ibge>2704302</ibge>
    <gia/>
    <ddd>82</ddd>
    <siafi>2785</siafi>
  </cep>
  <cep>
    <cep>57084-657</cep>
    <logradouro>Rua C-04</logradouro>
    <complemento>(Cj Benedito Bentes II)</complemento>
    <unidade/>
    <bairro>Benedito Bentes</bairro>
    <localidade>Maceió</localidade>
    <uf>AL</uf>
    <estado>Alagoas</estado>
    <região/>
    <ibge>2704302</ibge>
    <gia/>
    <ddd>82</ddd>
    <siafi>2785</siafi>
  </cep>
  <cep>
    <cep>57084-635</cep>
    <logradouro>Rua 8-E</logradouro>
    <complemento>(Cj João Sampaio II)</complemento>
    <unidade/>
    <bairro>Benedito Bentes</bairro>
    <localidade>Maceió</localidade>
    <uf>AL</uf>
    <estado>Alagoas</estado>
    <região/>
    <ibge>2704302</ibge>
    <gia/>
    <ddd>82</ddd>
    <siafi>2785</siafi>
  </cep>
  <cep>
    <cep>57084-666</cep>
    <logradouro>Rua C-10</logradouro>
    <complemento>(Cj Benedito Bentes II)</complemento>
    <unidade/>
    <bairro>Benedito Bentes</bairro>
    <localidade>Maceió</localidade>
    <uf>AL</uf>
    <estado>Alagoas</estado>
    <região/>
    <ibge>2704302</ibge>
    <gia/>
    <ddd>82</ddd>
    <siafi>2785</siafi>
  </cep>
  <cep>
    <cep>57084-667</cep>
    <logradouro>Rua C-12</logradouro>
    <complemento>(Cj Benedito Bentes II)</complemento>
    <unidade/>
    <bairro>Benedito Bentes</bairro>
    <localidade>Maceió</localidade>
    <uf>AL</uf>
    <estado>Alagoas</estado>
    <região/>
    <ibge>2704302</ibge>
    <gia/>
    <ddd>82</ddd>
    <siafi>2785</siafi>
  </cep>
  <cep>
    <cep>57084-652</cep>
    <logradouro>Travessa Norma Pimentel da Costa</logradouro>
    <complemento/>
    <unidade/>
    <bairro>Benedito Bentes</bairro>
    <localidade>Maceió</localidade>
    <uf>AL</uf>
    <estado>Alagoas</estado>
    <região/>
    <ibge>2704302</ibge>
    <gia/>
    <ddd>82</ddd>
    <siafi>2785</siafi>
  </cep>
  <cep>
    <cep>57084-605</cep>
    <logradouro>Avenida Arthur Valente Jucá</logradouro>
    <complemento>lado ímpar</complemento>
    <unidade/>
    <bairro>Benedito Bentes</bairro>
    <localidade>Maceió</localidade>
    <uf>AL</uf>
    <estado>Alagoas</estado>
    <região/>
    <ibge>2704302</ibge>
    <gia/>
    <ddd>82</ddd>
    <siafi>2785</siafi>
  </cep>
  <cep>
    <cep>57084-674</cep>
    <logradouro>Rua C-22</logradouro>
    <complemento>(Cj Benedito Bentes)</complemento>
    <unidade/>
    <bairro>Benedito Bentes</bairro>
    <localidade>Maceió</localidade>
    <uf>AL</uf>
    <estado>Alagoas</estado>
    <região/>
    <ibge>2704302</ibge>
    <gia/>
    <ddd>82</ddd>
    <siafi>2785</siafi>
  </cep>
  <cep>
    <cep>57084-678</cep>
    <logradouro>Rua C-26</logradouro>
    <complemento>(Cj Benedito Bentes II)</complemento>
    <unidade/>
    <bairro>Benedito Bentes</bairro>
    <localidade>Maceió</localidade>
    <uf>AL</uf>
    <estado>Alagoas</estado>
    <região/>
    <ibge>2704302</ibge>
    <gia/>
    <ddd>82</ddd>
    <siafi>2785</siafi>
  </cep>
  <cep>
    <cep>57084-655</cep>
    <logradouro>Rua C-02</logradouro>
    <complemento>(Cj Benedito Bentes II)</complemento>
    <unidade/>
    <bairro>Benedito Bentes</bairro>
    <localidade>Maceió</localidade>
    <uf>AL</uf>
    <estado>Alagoas</estado>
    <região/>
    <ibge>2704302</ibge>
    <gia/>
    <ddd>82</ddd>
    <siafi>2785</siafi>
  </cep>
  <cep>
    <cep>57084-658</cep>
    <logradouro>Rua C-07</logradouro>
    <complemento>(Cj Benedito Bentes)</complemento>
    <unidade/>
    <bairro>Benedito Bentes</bairro>
    <localidade>Maceió</localidade>
    <uf>AL</uf>
    <estado>Alagoas</estado>
    <região/>
    <ibge>2704302</ibge>
    <gia/>
    <ddd>82</ddd>
    <siafi>2785</siafi>
  </cep>
  <cep>
    <cep>57084-782</cep>
    <logradouro>Rua Belo Monte</logradouro>
    <complemento>(Próximo CAIC)</complemento>
    <unidade/>
    <bairro>Benedito Bentes</bairro>
    <localidade>Maceió</localidade>
    <uf>AL</uf>
    <estado>Alagoas</estado>
    <região/>
    <ibge>2704302</ibge>
    <gia/>
    <ddd>82</ddd>
    <siafi>2785</siafi>
  </cep>
  <cep>
    <cep>57084-630</cep>
    <logradouro>Rua 3-E</logradouro>
    <complemento>(Cj João Sampaio II)</complemento>
    <unidade/>
    <bairro>Benedito Bentes</bairro>
    <localidade>Maceió</localidade>
    <uf>AL</uf>
    <estado>Alagoas</estado>
    <região/>
    <ibge>2704302</ibge>
    <gia/>
    <ddd>82</ddd>
    <siafi>2785</siafi>
  </cep>
  <cep>
    <cep>57084-780</cep>
    <logradouro>Rua Belo Horizonte</logradouro>
    <complemento/>
    <unidade/>
    <bairro>Benedito Bentes</bairro>
    <localidade>Maceió</localidade>
    <uf>AL</uf>
    <estado>Alagoas</estado>
    <região/>
    <ibge>2704302</ibge>
    <gia/>
    <ddd>82</ddd>
    <siafi>2785</siafi>
  </cep>
  <cep>
    <cep>57084-649</cep>
    <logradouro>Avenida Benedito Bentes</logradouro>
    <complemento>(Cj Benedito Bentes II) - até 99997/</complemento>
    <unidade/>
    <bairro>Benedito Bentes</bairro>
    <localidade>Maceió</localidade>
    <uf>AL</uf>
    <estado>Alagoas</estado>
    <região/>
    <ibge>2704302</ibge>
    <gia/>
    <ddd>82</ddd>
    <siafi>2785</siafi>
  </cep>
  <cep>
    <cep>57084-672</cep>
    <logradouro>Rua C-20</logradouro>
    <complemento>(Cj Benedito Bentes)</complemento>
    <unidade/>
    <bairro>Benedito Bentes</bairro>
    <localidade>Maceió</localidade>
    <uf>AL</uf>
    <estado>Alagoas</estado>
    <região/>
    <ibge>2704302</ibge>
    <gia/>
    <ddd>82</ddd>
    <siafi>2785</siafi>
  </cep>
  <cep>
    <cep>57084-785</cep>
    <logradouro>Rua Belo Jardim</logradouro>
    <complemento/>
    <unidade/>
    <bairro>Benedito Bentes</bairro>
    <localidade>Maceió</localidade>
    <uf>AL</uf>
    <estado>Alagoas</estado>
    <região/>
    <ibge>2704302</ibge>
    <gia/>
    <ddd>82</ddd>
    <siafi>2785</siafi>
  </cep>
  <cep>
    <cep>57084-668</cep>
    <logradouro>Rua C-14</logradouro>
    <complemento>(Cj Benedito Bentes II)</complemento>
    <unidade/>
    <bairro>Benedito Bentes</bairro>
    <localidade>Maceió</localidade>
    <uf>AL</uf>
    <estado>Alagoas</estado>
    <região/>
    <ibge>2704302</ibge>
    <gia/>
    <ddd>82</ddd>
    <siafi>2785</siafi>
  </cep>
  <cep>
    <cep>57084-643</cep>
    <logradouro>Rua 7-F</logradouro>
    <complemento>(Cj João Sampaio II)</complemento>
    <unidade/>
    <bairro>Benedito Bentes</bairro>
    <localidade>Maceió</localidade>
    <uf>AL</uf>
    <estado>Alagoas</estado>
    <região/>
    <ibge>2704302</ibge>
    <gia/>
    <ddd>82</ddd>
    <siafi>2785</siafi>
  </cep>
  <cep>
    <cep>57084-641</cep>
    <logradouro>Rua 5-F</logradouro>
    <complemento>(Cj João Sampaio II)</complemento>
    <unidade/>
    <bairro>Benedito Bentes</bairro>
    <localidade>Maceió</localidade>
    <uf>AL</uf>
    <estado>Alagoas</estado>
    <região/>
    <ibge>2704302</ibge>
    <gia/>
    <ddd>82</ddd>
    <siafi>2785</siafi>
  </cep>
  <cep>
    <cep>57084-653</cep>
    <logradouro>Rua C-01</logradouro>
    <complemento>(Cj Benedito Bentes II)</complemento>
    <unidade/>
    <bairro>Benedito Bentes</bairro>
    <localidade>Maceió</localidade>
    <uf>AL</uf>
    <estado>Alagoas</estado>
    <região/>
    <ibge>2704302</ibge>
    <gia/>
    <ddd>82</ddd>
    <siafi>2785</siafi>
  </cep>
  <cep>
    <cep>57084-650</cep>
    <logradouro>Avenida Norma Pimentel da Costa</logradouro>
    <complemento/>
    <unidade/>
    <bairro>Benedito Bentes</bairro>
    <localidade>Maceió</localidade>
    <uf>AL</uf>
    <estado>Alagoas</estado>
    <região/>
    <ibge>2704302</ibge>
    <gia/>
    <ddd>82</ddd>
    <siafi>2785</siafi>
  </cep>
  <cep>
    <cep>57084-646</cep>
    <logradouro>Avenida Contorno</logradouro>
    <complemento>(Cj João Sampaio II)</complemento>
    <unidade/>
    <bairro>Benedito Bentes</bairro>
    <localidade>Maceió</localidade>
    <uf>AL</uf>
    <estado>Alagoas</estado>
    <região/>
    <ibge>2704302</ibge>
    <gia/>
    <ddd>82</ddd>
    <siafi>2785</siafi>
  </cep>
  <cep>
    <cep>57084-660</cep>
    <logradouro>Rua C-11</logradouro>
    <complemento>(Cj Benedito Bentes)</complemento>
    <unidade/>
    <bairro>Benedito Bentes</bairro>
    <localidade>Maceió</localidade>
    <uf>AL</uf>
    <estado>Alagoas</estado>
    <região/>
    <ibge>2704302</ibge>
    <gia/>
    <ddd>82</ddd>
    <siafi>2785</siafi>
  </cep>
  <cep>
    <cep>57084-750</cep>
    <logradouro>Rua da Música</logradouro>
    <complemento/>
    <unidade/>
    <bairro>Benedito Bentes</bairro>
    <localidade>Maceió</localidade>
    <uf>AL</uf>
    <estado>Alagoas</estado>
    <região/>
    <ibge>2704302</ibge>
    <gia/>
    <ddd>82</ddd>
    <siafi>2785</siafi>
  </cep>
  <cep>
    <cep>57084-787</cep>
    <logradouro>Rua Belo Horizonte</logradouro>
    <complemento>(Alto da Alegria)</complemento>
    <unidade/>
    <bairro>Benedito Bentes</bairro>
    <localidade>Maceió</localidade>
    <uf>AL</uf>
    <estado>Alagoas</estado>
    <região/>
    <ibge>2704302</ibge>
    <gia/>
    <ddd>82</ddd>
    <siafi>2785</siafi>
  </cep>
  <cep>
    <cep>57084-656</cep>
    <logradouro>Rua C-05</logradouro>
    <complemento>(Cj Benedito Bentes)</complemento>
    <unidade/>
    <bairro>Benedito Bentes</bairro>
    <localidade>Maceió</localidade>
    <uf>AL</uf>
    <estado>Alagoas</estado>
    <região/>
    <ibge>2704302</ibge>
    <gia/>
    <ddd>82</ddd>
    <siafi>2785</siafi>
  </cep>
  <cep>
    <cep>57084-788</cep>
    <logradouro>Travessa Belo Horizonte</logradouro>
    <complemento/>
    <unidade/>
    <bairro>Benedito Bentes</bairro>
    <localidade>Maceió</localidade>
    <uf>AL</uf>
    <estado>Alagoas</estado>
    <região/>
    <ibge>2704302</ibge>
    <gia/>
    <ddd>82</ddd>
    <siafi>2785</siafi>
  </cep>
  <cep>
    <cep>57084-794</cep>
    <logradouro>Travessa Boa Vista</logradouro>
    <complemento/>
    <unidade/>
    <bairro>Benedito Bentes</bairro>
    <localidade>Maceió</localidade>
    <uf>AL</uf>
    <estado>Alagoas</estado>
    <região/>
    <ibge>2704302</ibge>
    <gia/>
    <ddd>82</ddd>
    <siafi>2785</siafi>
  </cep>
  <cep>
    <cep>57084-663</cep>
    <logradouro>Rua C-15</logradouro>
    <complemento>(Cj Benedito Bentes)</complemento>
    <unidade/>
    <bairro>Benedito Bentes</bairro>
    <localidade>Maceió</localidade>
    <uf>AL</uf>
    <estado>Alagoas</estado>
    <região/>
    <ibge>2704302</ibge>
    <gia/>
    <ddd>82</ddd>
    <siafi>2785</siafi>
  </cep>
  <cep>
    <cep>57084-800</cep>
    <logradouro>Avenida Benedito Bentes</logradouro>
    <complemento/>
    <unidade/>
    <bairro>Benedito Bentes</bairro>
    <localidade>Maceió</localidade>
    <uf>AL</uf>
    <estado>Alagoas</estado>
    <região/>
    <ibge>2704302</ibge>
    <gia/>
    <ddd>82</ddd>
    <siafi>2785</siafi>
  </cep>
  <cep>
    <cep>57084-675</cep>
    <logradouro>Rua C-23</logradouro>
    <complemento>(Cj Benedito Bentes)</complemento>
    <unidade/>
    <bairro>Benedito Bentes</bairro>
    <localidade>Maceió</localidade>
    <uf>AL</uf>
    <estado>Alagoas</estado>
    <região/>
    <ibge>2704302</ibge>
    <gia/>
    <ddd>82</ddd>
    <siafi>2785</siafi>
  </cep>
  <cep>
    <cep>57084-810</cep>
    <logradouro>Rua São Francisco</logradouro>
    <complemento>(Alto da Alegria)</complemento>
    <unidade/>
    <bairro>Benedito Bentes</bairro>
    <localidade>Maceió</localidade>
    <uf>AL</uf>
    <estado>Alagoas</estado>
    <região/>
    <ibge>2704302</ibge>
    <gia/>
    <ddd>82</ddd>
    <siafi>2785</siafi>
  </cep>
  <cep>
    <cep>57084-812</cep>
    <logradouro>Rua João Paulo</logradouro>
    <complemento/>
    <unidade/>
    <bairro>Benedito Bentes</bairro>
    <localidade>Maceió</localidade>
    <uf>AL</uf>
    <estado>Alagoas</estado>
    <região/>
    <ibge>2704302</ibge>
    <gia/>
    <ddd>82</ddd>
    <siafi>2785</siafi>
  </cep>
  <cep>
    <cep>57084-814</cep>
    <logradouro>Rua São Jorge</logradouro>
    <complemento/>
    <unidade/>
    <bairro>Benedito Bentes</bairro>
    <localidade>Maceió</localidade>
    <uf>AL</uf>
    <estado>Alagoas</estado>
    <região/>
    <ibge>2704302</ibge>
    <gia/>
    <ddd>82</ddd>
    <siafi>2785</siafi>
  </cep>
  <cep>
    <cep>57084-816</cep>
    <logradouro>Rua Tarcísio de Jesus</logradouro>
    <complemento/>
    <unidade/>
    <bairro>Benedito Bentes</bairro>
    <localidade>Maceió</localidade>
    <uf>AL</uf>
    <estado>Alagoas</estado>
    <região/>
    <ibge>2704302</ibge>
    <gia/>
    <ddd>82</ddd>
    <siafi>2785</siafi>
  </cep>
  <cep>
    <cep>57084-638</cep>
    <logradouro>Rua 2-F</logradouro>
    <complemento>(Cj João Sampaio II)</complemento>
    <unidade/>
    <bairro>Benedito Bentes</bairro>
    <localidade>Maceió</localidade>
    <uf>AL</uf>
    <estado>Alagoas</estado>
    <região/>
    <ibge>2704302</ibge>
    <gia/>
    <ddd>82</ddd>
    <siafi>2785</siafi>
  </cep>
  <cep>
    <cep>57084-818</cep>
    <logradouro>Rua Bom Jesus</logradouro>
    <complemento/>
    <unidade/>
    <bairro>Benedito Bentes</bairro>
    <localidade>Maceió</localidade>
    <uf>AL</uf>
    <estado>Alagoas</estado>
    <região/>
    <ibge>2704302</ibge>
    <gia/>
    <ddd>82</ddd>
    <siafi>2785</siafi>
  </cep>
  <cep>
    <cep>57085-016</cep>
    <logradouro>Quadra 6</logradouro>
    <complemento>(Cj Geraldo Bulhões)</complemento>
    <unidade/>
    <bairro>Benedito Bentes</bairro>
    <localidade>Maceió</localidade>
    <uf>AL</uf>
    <estado>Alagoas</estado>
    <região/>
    <ibge>2704302</ibge>
    <gia/>
    <ddd>82</ddd>
    <siafi>2785</siafi>
  </cep>
  <cep>
    <cep>57085-011</cep>
    <logradouro>Quadra 1</logradouro>
    <complemento>(Cj Geraldo Bulhões)</complemento>
    <unidade/>
    <bairro>Benedito Bentes</bairro>
    <localidade>Maceió</localidade>
    <uf>AL</uf>
    <estado>Alagoas</estado>
    <região/>
    <ibge>2704302</ibge>
    <gia/>
    <ddd>82</ddd>
    <siafi>2785</siafi>
  </cep>
  <cep>
    <cep>57085-015</cep>
    <logradouro>Quadra 5</logradouro>
    <complemento>(Cj Geraldo Bulhões)</complemento>
    <unidade/>
    <bairro>Benedito Bentes</bairro>
    <localidade>Maceió</localidade>
    <uf>AL</uf>
    <estado>Alagoas</estado>
    <região/>
    <ibge>2704302</ibge>
    <gia/>
    <ddd>82</ddd>
    <siafi>2785</siafi>
  </cep>
  <cep>
    <cep>57085-013</cep>
    <logradouro>Quadra 3</logradouro>
    <complemento>(Cj Geraldo Bulhões)</complemento>
    <unidade/>
    <bairro>Benedito Bentes</bairro>
    <localidade>Maceió</localidade>
    <uf>AL</uf>
    <estado>Alagoas</estado>
    <região/>
    <ibge>2704302</ibge>
    <gia/>
    <ddd>82</ddd>
    <siafi>2785</siafi>
  </cep>
  <cep>
    <cep>57085-012</cep>
    <logradouro>Quadra 2</logradouro>
    <complemento>(Cj Geraldo Bulhões)</complemento>
    <unidade/>
    <bairro>Benedito Bentes</bairro>
    <localidade>Maceió</localidade>
    <uf>AL</uf>
    <estado>Alagoas</estado>
    <região/>
    <ibge>2704302</ibge>
    <gia/>
    <ddd>82</ddd>
    <siafi>2785</siafi>
  </cep>
  <cep>
    <cep>57085-014</cep>
    <logradouro>Quadra 4</logradouro>
    <complemento>(Cj Geraldo Bulhões)</complemento>
    <unidade/>
    <bairro>Benedito Bentes</bairro>
    <localidade>Maceió</localidade>
    <uf>AL</uf>
    <estado>Alagoas</estado>
    <região/>
    <ibge>2704302</ibge>
    <gia/>
    <ddd>82</ddd>
    <siafi>2785</siafi>
  </cep>
  <cep>
    <cep>57085-020</cep>
    <logradouro>Quadra 8</logradouro>
    <complemento>(Cj Geraldo Bulhões)</complemento>
    <unidade/>
    <bairro>Benedito Bentes</bairro>
    <localidade>Maceió</localidade>
    <uf>AL</uf>
    <estado>Alagoas</estado>
    <região/>
    <ibge>2704302</ibge>
    <gia/>
    <ddd>82</ddd>
    <siafi>2785</siafi>
  </cep>
  <cep>
    <cep>57085-018</cep>
    <logradouro>Quadra 7</logradouro>
    <complemento>(Cj Geraldo Bulhões)</complemento>
    <unidade/>
    <bairro>Benedito Bentes</bairro>
    <localidade>Maceió</localidade>
    <uf>AL</uf>
    <estado>Alagoas</estado>
    <região/>
    <ibge>2704302</ibge>
    <gia/>
    <ddd>82</ddd>
    <siafi>2785</siafi>
  </cep>
  <cep>
    <cep>57085-027</cep>
    <logradouro>Travessa Bonfim</logradouro>
    <complemento/>
    <unidade/>
    <bairro>Benedito Bentes</bairro>
    <localidade>Maceió</localidade>
    <uf>AL</uf>
    <estado>Alagoas</estado>
    <região/>
    <ibge>2704302</ibge>
    <gia/>
    <ddd>82</ddd>
    <siafi>2785</siafi>
  </cep>
  <cep>
    <cep>57085-024</cep>
    <logradouro>Quadra 10</logradouro>
    <complemento>(Cj Geraldo Bulhões)</complemento>
    <unidade/>
    <bairro>Benedito Bentes</bairro>
    <localidade>Maceió</localidade>
    <uf>AL</uf>
    <estado>Alagoas</estado>
    <região/>
    <ibge>2704302</ibge>
    <gia/>
    <ddd>82</ddd>
    <siafi>2785</siafi>
  </cep>
  <cep>
    <cep>57085-025</cep>
    <logradouro>Rua Projetada 2122</logradouro>
    <complemento>(Cj Geraldo Bulhões)</complemento>
    <unidade/>
    <bairro>Benedito Bentes</bairro>
    <localidade>Maceió</localidade>
    <uf>AL</uf>
    <estado>Alagoas</estado>
    <região/>
    <ibge>2704302</ibge>
    <gia/>
    <ddd>82</ddd>
    <siafi>2785</siafi>
  </cep>
  <cep>
    <cep>57085-022</cep>
    <logradouro>Quadra 9</logradouro>
    <complemento>(Cj Geraldo Bulhões)</complemento>
    <unidade/>
    <bairro>Benedito Bentes</bairro>
    <localidade>Maceió</localidade>
    <uf>AL</uf>
    <estado>Alagoas</estado>
    <região/>
    <ibge>2704302</ibge>
    <gia/>
    <ddd>82</ddd>
    <siafi>2785</siafi>
  </cep>
  <cep>
    <cep>57085-032</cep>
    <logradouro>Rua Cícera Benedita Rego</logradouro>
    <complemento/>
    <unidade/>
    <bairro>Benedito Bentes</bairro>
    <localidade>Maceió</localidade>
    <uf>AL</uf>
    <estado>Alagoas</estado>
    <região/>
    <ibge>2704302</ibge>
    <gia/>
    <ddd>82</ddd>
    <siafi>2785</siafi>
  </cep>
  <cep>
    <cep>57085-035</cep>
    <logradouro>Ladeira da Paz</logradouro>
    <complemento/>
    <unidade/>
    <bairro>Benedito Bentes</bairro>
    <localidade>Maceió</localidade>
    <uf>AL</uf>
    <estado>Alagoas</estado>
    <região/>
    <ibge>2704302</ibge>
    <gia/>
    <ddd>82</ddd>
    <siafi>2785</siafi>
  </cep>
  <cep>
    <cep>57085-034</cep>
    <logradouro>Rua Inspetora Célia C. Santos</logradouro>
    <complemento/>
    <unidade/>
    <bairro>Benedito Bentes</bairro>
    <localidade>Maceió</localidade>
    <uf>AL</uf>
    <estado>Alagoas</estado>
    <região/>
    <ibge>2704302</ibge>
    <gia/>
    <ddd>82</ddd>
    <siafi>2785</siafi>
  </cep>
  <cep>
    <cep>57085-036</cep>
    <logradouro>Rua Elinaldo Lopes</logradouro>
    <complemento/>
    <unidade/>
    <bairro>Benedito Bentes</bairro>
    <localidade>Maceió</localidade>
    <uf>AL</uf>
    <estado>Alagoas</estado>
    <região/>
    <ibge>2704302</ibge>
    <gia/>
    <ddd>82</ddd>
    <siafi>2785</siafi>
  </cep>
  <cep>
    <cep>57085-038</cep>
    <logradouro>Rua Henrique Francisco Bulhões</logradouro>
    <complemento/>
    <unidade/>
    <bairro>Benedito Bentes</bairro>
    <localidade>Maceió</localidade>
    <uf>AL</uf>
    <estado>Alagoas</estado>
    <região/>
    <ibge>2704302</ibge>
    <gia/>
    <ddd>82</ddd>
    <siafi>2785</siafi>
  </cep>
  <cep>
    <cep>57085-037</cep>
    <logradouro>Rua C-82</logradouro>
    <complemento>(Cj Frei Damião)</complemento>
    <unidade/>
    <bairro>Benedito Bentes</bairro>
    <localidade>Maceió</localidade>
    <uf>AL</uf>
    <estado>Alagoas</estado>
    <região/>
    <ibge>2704302</ibge>
    <gia/>
    <ddd>82</ddd>
    <siafi>2785</siafi>
  </cep>
  <cep>
    <cep>57085-033</cep>
    <logradouro>Rua C 83</logradouro>
    <complemento>(Cj Frei Damião)</complemento>
    <unidade/>
    <bairro>Benedito Bentes</bairro>
    <localidade>Maceió</localidade>
    <uf>AL</uf>
    <estado>Alagoas</estado>
    <região/>
    <ibge>2704302</ibge>
    <gia/>
    <ddd>82</ddd>
    <siafi>2785</siafi>
  </cep>
  <cep>
    <cep>57085-039</cep>
    <logradouro>Rua C-80</logradouro>
    <complemento>(Cj Frei Damião)</complemento>
    <unidade/>
    <bairro>Benedito Bentes</bairro>
    <localidade>Maceió</localidade>
    <uf>AL</uf>
    <estado>Alagoas</estado>
    <região/>
    <ibge>2704302</ibge>
    <gia/>
    <ddd>82</ddd>
    <siafi>2785</siafi>
  </cep>
  <cep>
    <cep>57085-041</cep>
    <logradouro>Rua C-79</logradouro>
    <complemento>(Cj Frei Damião)</complemento>
    <unidade/>
    <bairro>Benedito Bentes</bairro>
    <localidade>Maceió</localidade>
    <uf>AL</uf>
    <estado>Alagoas</estado>
    <região/>
    <ibge>2704302</ibge>
    <gia/>
    <ddd>82</ddd>
    <siafi>2785</siafi>
  </cep>
  <cep>
    <cep>57085-031</cep>
    <logradouro>Rua C-84</logradouro>
    <complemento>(Cj Frei Damião)</complemento>
    <unidade/>
    <bairro>Benedito Bentes</bairro>
    <localidade>Maceió</localidade>
    <uf>AL</uf>
    <estado>Alagoas</estado>
    <região/>
    <ibge>2704302</ibge>
    <gia/>
    <ddd>82</ddd>
    <siafi>2785</siafi>
  </cep>
  <cep>
    <cep>57085-026</cep>
    <logradouro>Rua Nova</logradouro>
    <complemento>(Cj Geraldo Bulhões)</complemento>
    <unidade/>
    <bairro>Benedito Bentes</bairro>
    <localidade>Maceió</localidade>
    <uf>AL</uf>
    <estado>Alagoas</estado>
    <região/>
    <ibge>2704302</ibge>
    <gia/>
    <ddd>82</ddd>
    <siafi>2785</siafi>
  </cep>
  <cep>
    <cep>57085-042</cep>
    <logradouro>Rua Jane Lúcia Araújo Guedes</logradouro>
    <complemento/>
    <unidade/>
    <bairro>Benedito Bentes</bairro>
    <localidade>Maceió</localidade>
    <uf>AL</uf>
    <estado>Alagoas</estado>
    <região/>
    <ibge>2704302</ibge>
    <gia/>
    <ddd>82</ddd>
    <siafi>2785</siafi>
  </cep>
  <cep>
    <cep>57085-043</cep>
    <logradouro>Rua C-78</logradouro>
    <complemento>(Cj Frei Damião)</complemento>
    <unidade/>
    <bairro>Benedito Bentes</bairro>
    <localidade>Maceió</localidade>
    <uf>AL</uf>
    <estado>Alagoas</estado>
    <região/>
    <ibge>2704302</ibge>
    <gia/>
    <ddd>82</ddd>
    <siafi>2785</siafi>
  </cep>
  <cep>
    <cep>57085-044</cep>
    <logradouro>Rua C-76</logradouro>
    <complemento>(Cj Frei Damião)</complemento>
    <unidade/>
    <bairro>Benedito Bentes</bairro>
    <localidade>Maceió</localidade>
    <uf>AL</uf>
    <estado>Alagoas</estado>
    <região/>
    <ibge>2704302</ibge>
    <gia/>
    <ddd>82</ddd>
    <siafi>2785</siafi>
  </cep>
  <cep>
    <cep>57085-046</cep>
    <logradouro>Rua C-74</logradouro>
    <complemento>(Cj Frei Damião)</complemento>
    <unidade/>
    <bairro>Benedito Bentes</bairro>
    <localidade>Maceió</localidade>
    <uf>AL</uf>
    <estado>Alagoas</estado>
    <região/>
    <ibge>2704302</ibge>
    <gia/>
    <ddd>82</ddd>
    <siafi>2785</siafi>
  </cep>
  <cep>
    <cep>57085-047</cep>
    <logradouro>Rua Dinair de Souza Santos</logradouro>
    <complemento>(Cj Frei Damião)</complemento>
    <unidade/>
    <bairro>Benedito Bentes</bairro>
    <localidade>Maceió</localidade>
    <uf>AL</uf>
    <estado>Alagoas</estado>
    <região/>
    <ibge>2704302</ibge>
    <gia/>
    <ddd>82</ddd>
    <siafi>2785</siafi>
  </cep>
  <cep>
    <cep>57085-049</cep>
    <logradouro>Rua C-71 A</logradouro>
    <complemento>(Cj Frei Damião)</complemento>
    <unidade/>
    <bairro>Benedito Bentes</bairro>
    <localidade>Maceió</localidade>
    <uf>AL</uf>
    <estado>Alagoas</estado>
    <região/>
    <ibge>2704302</ibge>
    <gia/>
    <ddd>82</ddd>
    <siafi>2785</siafi>
  </cep>
  <cep>
    <cep>57085-048</cep>
    <logradouro>Rua C-72</logradouro>
    <complemento>(Cj Frei Damião)</complemento>
    <unidade/>
    <bairro>Benedito Bentes</bairro>
    <localidade>Maceió</localidade>
    <uf>AL</uf>
    <estado>Alagoas</estado>
    <região/>
    <ibge>2704302</ibge>
    <gia/>
    <ddd>82</ddd>
    <siafi>2785</siafi>
  </cep>
  <cep>
    <cep>57085-054</cep>
    <logradouro>Rua C-65</logradouro>
    <complemento>(Cj Frei Damião)</complemento>
    <unidade/>
    <bairro>Benedito Bentes</bairro>
    <localidade>Maceió</localidade>
    <uf>AL</uf>
    <estado>Alagoas</estado>
    <região/>
    <ibge>2704302</ibge>
    <gia/>
    <ddd>82</ddd>
    <siafi>2785</siafi>
  </cep>
  <cep>
    <cep>57085-051</cep>
    <logradouro>Rua C-71</logradouro>
    <complemento>(Cj Frei Damião)</complemento>
    <unidade/>
    <bairro>Benedito Bentes</bairro>
    <localidade>Maceió</localidade>
    <uf>AL</uf>
    <estado>Alagoas</estado>
    <região/>
    <ibge>2704302</ibge>
    <gia/>
    <ddd>82</ddd>
    <siafi>2785</siafi>
  </cep>
  <cep>
    <cep>57085-050</cep>
    <logradouro>Quadra 56</logradouro>
    <complemento>(Cj Renato Paiva Lima)</complemento>
    <unidade/>
    <bairro>Benedito Bentes</bairro>
    <localidade>Maceió</localidade>
    <uf>AL</uf>
    <estado>Alagoas</estado>
    <região/>
    <ibge>2704302</ibge>
    <gia/>
    <ddd>82</ddd>
    <siafi>2785</siafi>
  </cep>
  <cep>
    <cep>57085-055</cep>
    <logradouro>Rua das Flores</logradouro>
    <complemento/>
    <unidade/>
    <bairro>Benedito Bentes</bairro>
    <localidade>Maceió</localidade>
    <uf>AL</uf>
    <estado>Alagoas</estado>
    <região/>
    <ibge>2704302</ibge>
    <gia/>
    <ddd>82</ddd>
    <siafi>2785</siafi>
  </cep>
  <cep>
    <cep>57085-053</cep>
    <logradouro>Rua C-63</logradouro>
    <complemento>(Cj Frei Damião)</complemento>
    <unidade/>
    <bairro>Benedito Bentes</bairro>
    <localidade>Maceió</localidade>
    <uf>AL</uf>
    <estado>Alagoas</estado>
    <região/>
    <ibge>2704302</ibge>
    <gia/>
    <ddd>82</ddd>
    <siafi>2785</siafi>
  </cep>
  <cep>
    <cep>57085-052</cep>
    <logradouro>Rua C-61</logradouro>
    <complemento>(Cj Frei Damião)</complemento>
    <unidade/>
    <bairro>Benedito Bentes</bairro>
    <localidade>Maceió</localidade>
    <uf>AL</uf>
    <estado>Alagoas</estado>
    <região/>
    <ibge>2704302</ibge>
    <gia/>
    <ddd>82</ddd>
    <siafi>2785</siafi>
  </cep>
  <cep>
    <cep>57085-056</cep>
    <logradouro>Rua C-67</logradouro>
    <complemento>(Cj Frei Damião)</complemento>
    <unidade/>
    <bairro>Benedito Bentes</bairro>
    <localidade>Maceió</localidade>
    <uf>AL</uf>
    <estado>Alagoas</estado>
    <região/>
    <ibge>2704302</ibge>
    <gia/>
    <ddd>82</ddd>
    <siafi>2785</siafi>
  </cep>
  <cep>
    <cep>57085-058</cep>
    <logradouro>Rua C-69</logradouro>
    <complemento>(Cj Frei Damião)</complemento>
    <unidade/>
    <bairro>Benedito Bentes</bairro>
    <localidade>Maceió</localidade>
    <uf>AL</uf>
    <estado>Alagoas</estado>
    <região/>
    <ibge>2704302</ibge>
    <gia/>
    <ddd>82</ddd>
    <siafi>2785</siafi>
  </cep>
  <cep>
    <cep>57085-057</cep>
    <logradouro>Rua Rosa de Saron</logradouro>
    <complemento/>
    <unidade/>
    <bairro>Benedito Bentes</bairro>
    <localidade>Maceió</localidade>
    <uf>AL</uf>
    <estado>Alagoas</estado>
    <região/>
    <ibge>2704302</ibge>
    <gia/>
    <ddd>82</ddd>
    <siafi>2785</siafi>
  </cep>
  <cep>
    <cep>57085-059</cep>
    <logradouro>Rua C-70</logradouro>
    <complemento>(Cj Frei Damião)</complemento>
    <unidade/>
    <bairro>Benedito Bentes</bairro>
    <localidade>Maceió</localidade>
    <uf>AL</uf>
    <estado>Alagoas</estado>
    <região/>
    <ibge>2704302</ibge>
    <gia/>
    <ddd>82</ddd>
    <siafi>2785</siafi>
  </cep>
  <cep>
    <cep>57085-060</cep>
    <logradouro>Avenida Geraldo Bulhões</logradouro>
    <complemento/>
    <unidade/>
    <bairro>Benedito Bentes</bairro>
    <localidade>Maceió</localidade>
    <uf>AL</uf>
    <estado>Alagoas</estado>
    <região/>
    <ibge>2704302</ibge>
    <gia/>
    <ddd>82</ddd>
    <siafi>2785</siafi>
  </cep>
  <cep>
    <cep>57085-062</cep>
    <logradouro>Rua C-64</logradouro>
    <complemento>(Cj Frei Damião)</complemento>
    <unidade/>
    <bairro>Benedito Bentes</bairro>
    <localidade>Maceió</localidade>
    <uf>AL</uf>
    <estado>Alagoas</estado>
    <região/>
    <ibge>2704302</ibge>
    <gia/>
    <ddd>82</ddd>
    <siafi>2785</siafi>
  </cep>
  <cep>
    <cep>57085-063</cep>
    <logradouro>Rua C-62</logradouro>
    <complemento>(Cj Frei Damião)</complemento>
    <unidade/>
    <bairro>Benedito Bentes</bairro>
    <localidade>Maceió</localidade>
    <uf>AL</uf>
    <estado>Alagoas</estado>
    <região/>
    <ibge>2704302</ibge>
    <gia/>
    <ddd>82</ddd>
    <siafi>2785</siafi>
  </cep>
  <cep>
    <cep>57085-064</cep>
    <logradouro>Rua C-60</logradouro>
    <complemento>(Cj Frei Damião)</complemento>
    <unidade/>
    <bairro>Benedito Bentes</bairro>
    <localidade>Maceió</localidade>
    <uf>AL</uf>
    <estado>Alagoas</estado>
    <região/>
    <ibge>2704302</ibge>
    <gia/>
    <ddd>82</ddd>
    <siafi>2785</siafi>
  </cep>
  <cep>
    <cep>57085-067</cep>
    <logradouro>Rua C-57</logradouro>
    <complemento>(Cj Frei Damião)</complemento>
    <unidade/>
    <bairro>Benedito Bentes</bairro>
    <localidade>Maceió</localidade>
    <uf>AL</uf>
    <estado>Alagoas</estado>
    <região/>
    <ibge>2704302</ibge>
    <gia/>
    <ddd>82</ddd>
    <siafi>2785</siafi>
  </cep>
  <cep>
    <cep>57085-061</cep>
    <logradouro>Rua C-68</logradouro>
    <complemento>(Cj Frei Damião)</complemento>
    <unidade/>
    <bairro>Benedito Bentes</bairro>
    <localidade>Maceió</localidade>
    <uf>AL</uf>
    <estado>Alagoas</estado>
    <região/>
    <ibge>2704302</ibge>
    <gia/>
    <ddd>82</ddd>
    <siafi>2785</siafi>
  </cep>
  <cep>
    <cep>57085-066</cep>
    <logradouro>Rua C-81</logradouro>
    <complemento>(Cj Frei Damião)</complemento>
    <unidade/>
    <bairro>Benedito Bentes</bairro>
    <localidade>Maceió</localidade>
    <uf>AL</uf>
    <estado>Alagoas</estado>
    <região/>
    <ibge>2704302</ibge>
    <gia/>
    <ddd>82</ddd>
    <siafi>2785</siafi>
  </cep>
  <cep>
    <cep>57085-065</cep>
    <logradouro>Rua das Orquídeas</logradouro>
    <complemento/>
    <unidade/>
    <bairro>Benedito Bentes</bairro>
    <localidade>Maceió</localidade>
    <uf>AL</uf>
    <estado>Alagoas</estado>
    <região/>
    <ibge>2704302</ibge>
    <gia/>
    <ddd>82</ddd>
    <siafi>2785</siafi>
  </cep>
  <cep>
    <cep>57085-070</cep>
    <logradouro>Avenida Hélio Cláudio da SIlva</logradouro>
    <complemento/>
    <unidade/>
    <bairro>Benedito Bentes</bairro>
    <localidade>Maceió</localidade>
    <uf>AL</uf>
    <estado>Alagoas</estado>
    <região/>
    <ibge>2704302</ibge>
    <gia/>
    <ddd>82</ddd>
    <siafi>2785</siafi>
  </cep>
  <cep>
    <cep>57085-074</cep>
    <logradouro>Quadra 3</logradouro>
    <complemento>(Cj Renato Paiva Lima)</complemento>
    <unidade/>
    <bairro>Benedito Bentes</bairro>
    <localidade>Maceió</localidade>
    <uf>AL</uf>
    <estado>Alagoas</estado>
    <região/>
    <ibge>2704302</ibge>
    <gia/>
    <ddd>82</ddd>
    <siafi>2785</siafi>
  </cep>
  <cep>
    <cep>57085-073</cep>
    <logradouro>Quadra 2</logradouro>
    <complemento>(Cj Renato P. Lima)</complemento>
    <unidade/>
    <bairro>Benedito Bentes</bairro>
    <localidade>Maceió</localidade>
    <uf>AL</uf>
    <estado>Alagoas</estado>
    <região/>
    <ibge>2704302</ibge>
    <gia/>
    <ddd>82</ddd>
    <siafi>2785</siafi>
  </cep>
  <cep>
    <cep>57085-071</cep>
    <logradouro>Quadra A-1</logradouro>
    <complemento>(Cj Renato Paiva Lima)</complemento>
    <unidade/>
    <bairro>Benedito Bentes</bairro>
    <localidade>Maceió</localidade>
    <uf>AL</uf>
    <estado>Alagoas</estado>
    <região/>
    <ibge>2704302</ibge>
    <gia/>
    <ddd>82</ddd>
    <siafi>2785</siafi>
  </cep>
  <cep>
    <cep>57085-075</cep>
    <logradouro>Quadra 4</logradouro>
    <complemento>(Cj Renato Paiva Lima)</complemento>
    <unidade/>
    <bairro>Benedito Bentes</bairro>
    <localidade>Maceió</localidade>
    <uf>AL</uf>
    <estado>Alagoas</estado>
    <região/>
    <ibge>2704302</ibge>
    <gia/>
    <ddd>82</ddd>
    <siafi>2785</siafi>
  </cep>
  <cep>
    <cep>57085-072</cep>
    <logradouro>Quadra D-1</logradouro>
    <complemento>(Cj Renato Paiva Lima)</complemento>
    <unidade/>
    <bairro>Benedito Bentes</bairro>
    <localidade>Maceió</localidade>
    <uf>AL</uf>
    <estado>Alagoas</estado>
    <região/>
    <ibge>2704302</ibge>
    <gia/>
    <ddd>82</ddd>
    <siafi>2785</siafi>
  </cep>
  <cep>
    <cep>57085-077</cep>
    <logradouro>Quadra 6</logradouro>
    <complemento>(Cj Renato Paiva Lima)</complemento>
    <unidade/>
    <bairro>Benedito Bentes</bairro>
    <localidade>Maceió</localidade>
    <uf>AL</uf>
    <estado>Alagoas</estado>
    <região/>
    <ibge>2704302</ibge>
    <gia/>
    <ddd>82</ddd>
    <siafi>2785</siafi>
  </cep>
  <cep>
    <cep>57085-076</cep>
    <logradouro>Quadra 5</logradouro>
    <complemento>(Cj Renato Paiva Lima)</complemento>
    <unidade/>
    <bairro>Benedito Bentes</bairro>
    <localidade>Maceió</localidade>
    <uf>AL</uf>
    <estado>Alagoas</estado>
    <região/>
    <ibge>2704302</ibge>
    <gia/>
    <ddd>82</ddd>
    <siafi>2785</siafi>
  </cep>
  <cep>
    <cep>57085-078</cep>
    <logradouro>Rua do Campo</logradouro>
    <complemento>(Cj Frei Damião)</complemento>
    <unidade/>
    <bairro>Benedito Bentes</bairro>
    <localidade>Maceió</localidade>
    <uf>AL</uf>
    <estado>Alagoas</estado>
    <região/>
    <ibge>2704302</ibge>
    <gia/>
    <ddd>82</ddd>
    <siafi>2785</siafi>
  </cep>
  <cep>
    <cep>57085-080</cep>
    <logradouro>Rua Belo Monte</logradouro>
    <complemento/>
    <unidade/>
    <bairro>Benedito Bentes</bairro>
    <localidade>Maceió</localidade>
    <uf>AL</uf>
    <estado>Alagoas</estado>
    <região/>
    <ibge>2704302</ibge>
    <gia/>
    <ddd>82</ddd>
    <siafi>2785</siafi>
  </cep>
  <cep>
    <cep>57085-082</cep>
    <logradouro>Rua Santo Antônio</logradouro>
    <complemento>(Alto da Alegria)</complemento>
    <unidade/>
    <bairro>Benedito Bentes</bairro>
    <localidade>Maceió</localidade>
    <uf>AL</uf>
    <estado>Alagoas</estado>
    <região/>
    <ibge>2704302</ibge>
    <gia/>
    <ddd>82</ddd>
    <siafi>2785</siafi>
  </cep>
  <cep>
    <cep>57085-093</cep>
    <logradouro>Rua Mar del Plata</logradouro>
    <complemento/>
    <unidade/>
    <bairro>Benedito Bentes</bairro>
    <localidade>Maceió</localidade>
    <uf>AL</uf>
    <estado>Alagoas</estado>
    <região/>
    <ibge>2704302</ibge>
    <gia/>
    <ddd>82</ddd>
    <siafi>2785</siafi>
  </cep>
  <cep>
    <cep>57085-097</cep>
    <logradouro>Rua Montreal</logradouro>
    <complemento/>
    <unidade/>
    <bairro>Benedito Bentes</bairro>
    <localidade>Maceió</localidade>
    <uf>AL</uf>
    <estado>Alagoas</estado>
    <região/>
    <ibge>2704302</ibge>
    <gia/>
    <ddd>82</ddd>
    <siafi>2785</siafi>
  </cep>
  <cep>
    <cep>57085-095</cep>
    <logradouro>Rua Monterrey</logradouro>
    <complemento/>
    <unidade/>
    <bairro>Benedito Bentes</bairro>
    <localidade>Maceió</localidade>
    <uf>AL</uf>
    <estado>Alagoas</estado>
    <região/>
    <ibge>2704302</ibge>
    <gia/>
    <ddd>82</ddd>
    <siafi>2785</siafi>
  </cep>
  <cep>
    <cep>57085-102</cep>
    <logradouro>Rua Rio de Janeiro</logradouro>
    <complemento/>
    <unidade/>
    <bairro>Benedito Bentes</bairro>
    <localidade>Maceió</localidade>
    <uf>AL</uf>
    <estado>Alagoas</estado>
    <região/>
    <ibge>2704302</ibge>
    <gia/>
    <ddd>82</ddd>
    <siafi>2785</siafi>
  </cep>
  <cep>
    <cep>57085-103</cep>
    <logradouro>Rua Vina del Mar</logradouro>
    <complemento/>
    <unidade/>
    <bairro>Benedito Bentes</bairro>
    <localidade>Maceió</localidade>
    <uf>AL</uf>
    <estado>Alagoas</estado>
    <região/>
    <ibge>2704302</ibge>
    <gia/>
    <ddd>82</ddd>
    <siafi>2785</siafi>
  </cep>
  <cep>
    <cep>57085-094</cep>
    <logradouro>Rua México</logradouro>
    <complemento/>
    <unidade/>
    <bairro>Benedito Bentes</bairro>
    <localidade>Maceió</localidade>
    <uf>AL</uf>
    <estado>Alagoas</estado>
    <região/>
    <ibge>2704302</ibge>
    <gia/>
    <ddd>82</ddd>
    <siafi>2785</siafi>
  </cep>
  <cep>
    <cep>57085-140</cep>
    <logradouro>Rua da Paz</logradouro>
    <complemento/>
    <unidade/>
    <bairro>Benedito Bentes</bairro>
    <localidade>Maceió</localidade>
    <uf>AL</uf>
    <estado>Alagoas</estado>
    <região/>
    <ibge>2704302</ibge>
    <gia/>
    <ddd>82</ddd>
    <siafi>2785</siafi>
  </cep>
  <cep>
    <cep>57085-120</cep>
    <logradouro>Avenida Jornalista Oberaldo Firmino dos Santos</logradouro>
    <complemento/>
    <unidade/>
    <bairro>Benedito Bentes</bairro>
    <localidade>Maceió</localidade>
    <uf>AL</uf>
    <estado>Alagoas</estado>
    <região/>
    <ibge>2704302</ibge>
    <gia/>
    <ddd>82</ddd>
    <siafi>2785</siafi>
  </cep>
  <cep>
    <cep>57085-201</cep>
    <logradouro>Travessa Senador Carlos Lyra</logradouro>
    <complemento/>
    <unidade/>
    <bairro>Benedito Bentes</bairro>
    <localidade>Maceió</localidade>
    <uf>AL</uf>
    <estado>Alagoas</estado>
    <região/>
    <ibge>2704302</ibge>
    <gia/>
    <ddd>82</ddd>
    <siafi>2785</siafi>
  </cep>
  <cep>
    <cep>57085-099</cep>
    <logradouro>Rua Nova Orleans</logradouro>
    <complemento/>
    <unidade/>
    <bairro>Benedito Bentes</bairro>
    <localidade>Maceió</localidade>
    <uf>AL</uf>
    <estado>Alagoas</estado>
    <região/>
    <ibge>2704302</ibge>
    <gia/>
    <ddd>82</ddd>
    <siafi>2785</siafi>
  </cep>
  <cep>
    <cep>57085-210</cep>
    <logradouro>Rua Ana Lúcia Martins Costa</logradouro>
    <complemento/>
    <unidade/>
    <bairro>Benedito Bentes</bairro>
    <localidade>Maceió</localidade>
    <uf>AL</uf>
    <estado>Alagoas</estado>
    <região/>
    <ibge>2704302</ibge>
    <gia/>
    <ddd>82</ddd>
    <siafi>2785</siafi>
  </cep>
  <cep>
    <cep>57085-200</cep>
    <logradouro>Avenida Senador Carlos Lyra</logradouro>
    <complemento/>
    <unidade/>
    <bairro>Benedito Bentes</bairro>
    <localidade>Maceió</localidade>
    <uf>AL</uf>
    <estado>Alagoas</estado>
    <região/>
    <ibge>2704302</ibge>
    <gia/>
    <ddd>82</ddd>
    <siafi>2785</siafi>
  </cep>
  <cep>
    <cep>57085-160</cep>
    <logradouro>Avenida Antônio Lisboa de Amorim</logradouro>
    <complemento/>
    <unidade/>
    <bairro>Benedito Bentes</bairro>
    <localidade>Maceió</localidade>
    <uf>AL</uf>
    <estado>Alagoas</estado>
    <região/>
    <ibge>2704302</ibge>
    <gia/>
    <ddd>82</ddd>
    <siafi>2785</siafi>
  </cep>
  <cep>
    <cep>57085-100</cep>
    <logradouro>Rua Paramaribo</logradouro>
    <complemento/>
    <unidade/>
    <bairro>Benedito Bentes</bairro>
    <localidade>Maceió</localidade>
    <uf>AL</uf>
    <estado>Alagoas</estado>
    <região/>
    <ibge>2704302</ibge>
    <gia/>
    <ddd>82</ddd>
    <siafi>2785</siafi>
  </cep>
  <cep>
    <cep>57085-096</cep>
    <logradouro>Rua Montevidéo</logradouro>
    <complemento/>
    <unidade/>
    <bairro>Benedito Bentes</bairro>
    <localidade>Maceió</localidade>
    <uf>AL</uf>
    <estado>Alagoas</estado>
    <região/>
    <ibge>2704302</ibge>
    <gia/>
    <ddd>82</ddd>
    <siafi>2785</siafi>
  </cep>
  <cep>
    <cep>57085-240</cep>
    <logradouro>Rua Angelim</logradouro>
    <complemento/>
    <unidade/>
    <bairro>Benedito Bentes</bairro>
    <localidade>Maceió</localidade>
    <uf>AL</uf>
    <estado>Alagoas</estado>
    <região/>
    <ibge>2704302</ibge>
    <gia/>
    <ddd>82</ddd>
    <siafi>2785</siafi>
  </cep>
  <cep>
    <cep>57085-280</cep>
    <logradouro>Rua Cedro</logradouro>
    <complemento/>
    <unidade/>
    <bairro>Benedito Bentes</bairro>
    <localidade>Maceió</localidade>
    <uf>AL</uf>
    <estado>Alagoas</estado>
    <região/>
    <ibge>2704302</ibge>
    <gia/>
    <ddd>82</ddd>
    <siafi>2785</siafi>
  </cep>
  <cep>
    <cep>57085-320</cep>
    <logradouro>Rua Deputada Ceci Cunha</logradouro>
    <complemento/>
    <unidade/>
    <bairro>Benedito Bentes</bairro>
    <localidade>Maceió</localidade>
    <uf>AL</uf>
    <estado>Alagoas</estado>
    <região/>
    <ibge>2704302</ibge>
    <gia/>
    <ddd>82</ddd>
    <siafi>2785</siafi>
  </cep>
  <cep>
    <cep>57085-330</cep>
    <logradouro>Rua Eucalipto</logradouro>
    <complemento/>
    <unidade/>
    <bairro>Benedito Bentes</bairro>
    <localidade>Maceió</localidade>
    <uf>AL</uf>
    <estado>Alagoas</estado>
    <região/>
    <ibge>2704302</ibge>
    <gia/>
    <ddd>82</ddd>
    <siafi>2785</siafi>
  </cep>
  <cep>
    <cep>57085-130</cep>
    <logradouro>Conjunto Joana Gajuru</logradouro>
    <complemento/>
    <unidade/>
    <bairro>Benedito Bentes</bairro>
    <localidade>Maceió</localidade>
    <uf>AL</uf>
    <estado>Alagoas</estado>
    <região/>
    <ibge>2704302</ibge>
    <gia/>
    <ddd>82</ddd>
    <siafi>2785</siafi>
  </cep>
  <cep>
    <cep>57085-300</cep>
    <logradouro>Rua Castanheira</logradouro>
    <complemento/>
    <unidade/>
    <bairro>Benedito Bentes</bairro>
    <localidade>Maceió</localidade>
    <uf>AL</uf>
    <estado>Alagoas</estado>
    <região/>
    <ibge>2704302</ibge>
    <gia/>
    <ddd>82</ddd>
    <siafi>2785</siafi>
  </cep>
  <cep>
    <cep>57085-260</cep>
    <logradouro>Rua Braúna</logradouro>
    <complemento/>
    <unidade/>
    <bairro>Benedito Bentes</bairro>
    <localidade>Maceió</localidade>
    <uf>AL</uf>
    <estado>Alagoas</estado>
    <região/>
    <ibge>2704302</ibge>
    <gia/>
    <ddd>82</ddd>
    <siafi>2785</siafi>
  </cep>
  <cep>
    <cep>57085-290</cep>
    <logradouro>Rua Cerejeira</logradouro>
    <complemento/>
    <unidade/>
    <bairro>Benedito Bentes</bairro>
    <localidade>Maceió</localidade>
    <uf>AL</uf>
    <estado>Alagoas</estado>
    <região/>
    <ibge>2704302</ibge>
    <gia/>
    <ddd>82</ddd>
    <siafi>2785</siafi>
  </cep>
  <cep>
    <cep>57085-310</cep>
    <logradouro>Rua Cacaueiro</logradouro>
    <complemento/>
    <unidade/>
    <bairro>Benedito Bentes</bairro>
    <localidade>Maceió</localidade>
    <uf>AL</uf>
    <estado>Alagoas</estado>
    <região/>
    <ibge>2704302</ibge>
    <gia/>
    <ddd>82</ddd>
    <siafi>2785</siafi>
  </cep>
  <cep>
    <cep>57085-350</cep>
    <logradouro>Rua Jacarandá</logradouro>
    <complemento/>
    <unidade/>
    <bairro>Benedito Bentes</bairro>
    <localidade>Maceió</localidade>
    <uf>AL</uf>
    <estado>Alagoas</estado>
    <região/>
    <ibge>2704302</ibge>
    <gia/>
    <ddd>82</ddd>
    <siafi>2785</siafi>
  </cep>
  <cep>
    <cep>57085-361</cep>
    <logradouro>Travessa Jatobá</logradouro>
    <complemento/>
    <unidade/>
    <bairro>Benedito Bentes</bairro>
    <localidade>Maceió</localidade>
    <uf>AL</uf>
    <estado>Alagoas</estado>
    <região/>
    <ibge>2704302</ibge>
    <gia/>
    <ddd>82</ddd>
    <siafi>2785</siafi>
  </cep>
  <cep>
    <cep>57085-370</cep>
    <logradouro>Rua Joaquim Ferreira Lopes</logradouro>
    <complemento/>
    <unidade/>
    <bairro>Benedito Bentes</bairro>
    <localidade>Maceió</localidade>
    <uf>AL</uf>
    <estado>Alagoas</estado>
    <região/>
    <ibge>2704302</ibge>
    <gia/>
    <ddd>82</ddd>
    <siafi>2785</siafi>
  </cep>
  <cep>
    <cep>57085-380</cep>
    <logradouro>Rua José Braz Gomes Pereira</logradouro>
    <complemento/>
    <unidade/>
    <bairro>Benedito Bentes</bairro>
    <localidade>Maceió</localidade>
    <uf>AL</uf>
    <estado>Alagoas</estado>
    <região/>
    <ibge>2704302</ibge>
    <gia/>
    <ddd>82</ddd>
    <siafi>2785</siafi>
  </cep>
  <cep>
    <cep>57085-385</cep>
    <logradouro>Travessa José Braz Gomes Ferreira</logradouro>
    <complemento/>
    <unidade/>
    <bairro>Benedito Bentes</bairro>
    <localidade>Maceió</localidade>
    <uf>AL</uf>
    <estado>Alagoas</estado>
    <região/>
    <ibge>2704302</ibge>
    <gia/>
    <ddd>82</ddd>
    <siafi>2785</siafi>
  </cep>
  <cep>
    <cep>57085-220</cep>
    <logradouro>Rua Angico</logradouro>
    <complemento/>
    <unidade/>
    <bairro>Benedito Bentes</bairro>
    <localidade>Maceió</localidade>
    <uf>AL</uf>
    <estado>Alagoas</estado>
    <região/>
    <ibge>2704302</ibge>
    <gia/>
    <ddd>82</ddd>
    <siafi>2785</siafi>
  </cep>
  <cep>
    <cep>57085-410</cep>
    <logradouro>Rua Juazeiro</logradouro>
    <complemento/>
    <unidade/>
    <bairro>Benedito Bentes</bairro>
    <localidade>Maceió</localidade>
    <uf>AL</uf>
    <estado>Alagoas</estado>
    <região/>
    <ibge>2704302</ibge>
    <gia/>
    <ddd>82</ddd>
    <siafi>2785</siafi>
  </cep>
  <cep>
    <cep>57085-270</cep>
    <logradouro>Rua Babaçu</logradouro>
    <complemento/>
    <unidade/>
    <bairro>Benedito Bentes</bairro>
    <localidade>Maceió</localidade>
    <uf>AL</uf>
    <estado>Alagoas</estado>
    <região/>
    <ibge>2704302</ibge>
    <gia/>
    <ddd>82</ddd>
    <siafi>2785</siafi>
  </cep>
  <cep>
    <cep>57085-340</cep>
    <logradouro>Rua Ipê</logradouro>
    <complemento/>
    <unidade/>
    <bairro>Benedito Bentes</bairro>
    <localidade>Maceió</localidade>
    <uf>AL</uf>
    <estado>Alagoas</estado>
    <região/>
    <ibge>2704302</ibge>
    <gia/>
    <ddd>82</ddd>
    <siafi>2785</siafi>
  </cep>
  <cep>
    <cep>57085-400</cep>
    <logradouro>Rua Jenipapo</logradouro>
    <complemento/>
    <unidade/>
    <bairro>Benedito Bentes</bairro>
    <localidade>Maceió</localidade>
    <uf>AL</uf>
    <estado>Alagoas</estado>
    <região/>
    <ibge>2704302</ibge>
    <gia/>
    <ddd>82</ddd>
    <siafi>2785</siafi>
  </cep>
  <cep>
    <cep>57085-250</cep>
    <logradouro>Rua Araçá</logradouro>
    <complemento/>
    <unidade/>
    <bairro>Benedito Bentes</bairro>
    <localidade>Maceió</localidade>
    <uf>AL</uf>
    <estado>Alagoas</estado>
    <região/>
    <ibge>2704302</ibge>
    <gia/>
    <ddd>82</ddd>
    <siafi>2785</siafi>
  </cep>
  <cep>
    <cep>57085-390</cep>
    <logradouro>Rua Jaramataia</logradouro>
    <complemento/>
    <unidade/>
    <bairro>Benedito Bentes</bairro>
    <localidade>Maceió</localidade>
    <uf>AL</uf>
    <estado>Alagoas</estado>
    <região/>
    <ibge>2704302</ibge>
    <gia/>
    <ddd>82</ddd>
    <siafi>2785</siafi>
  </cep>
  <cep>
    <cep>57085-212</cep>
    <logradouro>Travessa Ana Lúcia Martins Costa</logradouro>
    <complemento/>
    <unidade/>
    <bairro>Benedito Bentes</bairro>
    <localidade>Maceió</localidade>
    <uf>AL</uf>
    <estado>Alagoas</estado>
    <região/>
    <ibge>2704302</ibge>
    <gia/>
    <ddd>82</ddd>
    <siafi>2785</siafi>
  </cep>
  <cep>
    <cep>57085-420</cep>
    <logradouro>Rua Louro Rosa</logradouro>
    <complemento/>
    <unidade/>
    <bairro>Benedito Bentes</bairro>
    <localidade>Maceió</localidade>
    <uf>AL</uf>
    <estado>Alagoas</estado>
    <região/>
    <ibge>2704302</ibge>
    <gia/>
    <ddd>82</ddd>
    <siafi>2785</siafi>
  </cep>
  <cep>
    <cep>57085-430</cep>
    <logradouro>Rua Mogno</logradouro>
    <complemento/>
    <unidade/>
    <bairro>Benedito Bentes</bairro>
    <localidade>Maceió</localidade>
    <uf>AL</uf>
    <estado>Alagoas</estado>
    <região/>
    <ibge>2704302</ibge>
    <gia/>
    <ddd>82</ddd>
    <siafi>2785</siafi>
  </cep>
  <cep>
    <cep>57085-440</cep>
    <logradouro>Rua Pitangueira</logradouro>
    <complemento/>
    <unidade/>
    <bairro>Benedito Bentes</bairro>
    <localidade>Maceió</localidade>
    <uf>AL</uf>
    <estado>Alagoas</estado>
    <região/>
    <ibge>2704302</ibge>
    <gia/>
    <ddd>82</ddd>
    <siafi>2785</siafi>
  </cep>
  <cep>
    <cep>57085-460</cep>
    <logradouro>Rua Pinheiro</logradouro>
    <complemento/>
    <unidade/>
    <bairro>Benedito Bentes</bairro>
    <localidade>Maceió</localidade>
    <uf>AL</uf>
    <estado>Alagoas</estado>
    <região/>
    <ibge>2704302</ibge>
    <gia/>
    <ddd>82</ddd>
    <siafi>2785</siafi>
  </cep>
  <cep>
    <cep>57085-465</cep>
    <logradouro>Rua Acesso ao Balneário</logradouro>
    <complemento/>
    <unidade/>
    <bairro>Benedito Bentes</bairro>
    <localidade>Maceió</localidade>
    <uf>AL</uf>
    <estado>Alagoas</estado>
    <região/>
    <ibge>2704302</ibge>
    <gia/>
    <ddd>82</ddd>
    <siafi>2785</siafi>
  </cep>
  <cep>
    <cep>57085-450</cep>
    <logradouro>Rua Pirauá</logradouro>
    <complemento/>
    <unidade/>
    <bairro>Benedito Bentes</bairro>
    <localidade>Maceió</localidade>
    <uf>AL</uf>
    <estado>Alagoas</estado>
    <região/>
    <ibge>2704302</ibge>
    <gia/>
    <ddd>82</ddd>
    <siafi>2785</siafi>
  </cep>
  <cep>
    <cep>57085-470</cep>
    <logradouro>Rua Pau Brasil</logradouro>
    <complemento/>
    <unidade/>
    <bairro>Benedito Bentes</bairro>
    <localidade>Maceió</localidade>
    <uf>AL</uf>
    <estado>Alagoas</estado>
    <região/>
    <ibge>2704302</ibge>
    <gia/>
    <ddd>82</ddd>
    <siafi>2785</siafi>
  </cep>
  <cep>
    <cep>57085-480</cep>
    <logradouro>Rua Robert Lira</logradouro>
    <complemento/>
    <unidade/>
    <bairro>Benedito Bentes</bairro>
    <localidade>Maceió</localidade>
    <uf>AL</uf>
    <estado>Alagoas</estado>
    <região/>
    <ibge>2704302</ibge>
    <gia/>
    <ddd>82</ddd>
    <siafi>2785</siafi>
  </cep>
  <cep>
    <cep>57084-792</cep>
    <logradouro>Rua São Paulo</logradouro>
    <complemento/>
    <unidade/>
    <bairro>Benedito Bentes</bairro>
    <localidade>Maceió</localidade>
    <uf>AL</uf>
    <estado>Alagoas</estado>
    <região/>
    <ibge>2704302</ibge>
    <gia/>
    <ddd>82</ddd>
    <siafi>2785</siafi>
  </cep>
  <cep>
    <cep>57085-481</cep>
    <logradouro>Travessa Robert Lira</logradouro>
    <complemento/>
    <unidade/>
    <bairro>Benedito Bentes</bairro>
    <localidade>Maceió</localidade>
    <uf>AL</uf>
    <estado>Alagoas</estado>
    <região/>
    <ibge>2704302</ibge>
    <gia/>
    <ddd>82</ddd>
    <siafi>2785</siafi>
  </cep>
  <cep>
    <cep>57085-500</cep>
    <logradouro>Rua Sapucaia</logradouro>
    <complemento/>
    <unidade/>
    <bairro>Benedito Bentes</bairro>
    <localidade>Maceió</localidade>
    <uf>AL</uf>
    <estado>Alagoas</estado>
    <região/>
    <ibge>2704302</ibge>
    <gia/>
    <ddd>82</ddd>
    <siafi>2785</siafi>
  </cep>
  <cep>
    <cep>57085-510</cep>
    <logradouro>Rua Sérgio Rodrigues</logradouro>
    <complemento/>
    <unidade/>
    <bairro>Benedito Bentes</bairro>
    <localidade>Maceió</localidade>
    <uf>AL</uf>
    <estado>Alagoas</estado>
    <região/>
    <ibge>2704302</ibge>
    <gia/>
    <ddd>82</ddd>
    <siafi>2785</siafi>
  </cep>
  <cep>
    <cep>57085-530</cep>
    <logradouro>Rua Oiticica</logradouro>
    <complemento/>
    <unidade/>
    <bairro>Benedito Bentes</bairro>
    <localidade>Maceió</localidade>
    <uf>AL</uf>
    <estado>Alagoas</estado>
    <região/>
    <ibge>2704302</ibge>
    <gia/>
    <ddd>82</ddd>
    <siafi>2785</siafi>
  </cep>
  <cep>
    <cep>57085-604</cep>
    <logradouro>Quadra D-2</logradouro>
    <complemento>(Cj Carminha)</complemento>
    <unidade/>
    <bairro>Benedito Bentes</bairro>
    <localidade>Maceió</localidade>
    <uf>AL</uf>
    <estado>Alagoas</estado>
    <região/>
    <ibge>2704302</ibge>
    <gia/>
    <ddd>82</ddd>
    <siafi>2785</siafi>
  </cep>
  <cep>
    <cep>57085-605</cep>
    <logradouro>Quadra D-3</logradouro>
    <complemento>(Cj Carminha)</complemento>
    <unidade/>
    <bairro>Benedito Bentes</bairro>
    <localidade>Maceió</localidade>
    <uf>AL</uf>
    <estado>Alagoas</estado>
    <região/>
    <ibge>2704302</ibge>
    <gia/>
    <ddd>82</ddd>
    <siafi>2785</siafi>
  </cep>
  <cep>
    <cep>57085-606</cep>
    <logradouro>Quadra B</logradouro>
    <complemento>(Cj Carminha)</complemento>
    <unidade/>
    <bairro>Benedito Bentes</bairro>
    <localidade>Maceió</localidade>
    <uf>AL</uf>
    <estado>Alagoas</estado>
    <região/>
    <ibge>2704302</ibge>
    <gia/>
    <ddd>82</ddd>
    <siafi>2785</siafi>
  </cep>
  <cep>
    <cep>57085-607</cep>
    <logradouro>Quadra E-2</logradouro>
    <complemento>(Cj Carminha)</complemento>
    <unidade/>
    <bairro>Benedito Bentes</bairro>
    <localidade>Maceió</localidade>
    <uf>AL</uf>
    <estado>Alagoas</estado>
    <região/>
    <ibge>2704302</ibge>
    <gia/>
    <ddd>82</ddd>
    <siafi>2785</siafi>
  </cep>
  <cep>
    <cep>57085-609</cep>
    <logradouro>Quadra C</logradouro>
    <complemento>(Cj Carminha)</complemento>
    <unidade/>
    <bairro>Benedito Bentes</bairro>
    <localidade>Maceió</localidade>
    <uf>AL</uf>
    <estado>Alagoas</estado>
    <região/>
    <ibge>2704302</ibge>
    <gia/>
    <ddd>82</ddd>
    <siafi>2785</siafi>
  </cep>
  <cep>
    <cep>57085-610</cep>
    <logradouro>Quadra F-2</logradouro>
    <complemento>(Cj Carminha)</complemento>
    <unidade/>
    <bairro>Benedito Bentes</bairro>
    <localidade>Maceió</localidade>
    <uf>AL</uf>
    <estado>Alagoas</estado>
    <região/>
    <ibge>2704302</ibge>
    <gia/>
    <ddd>82</ddd>
    <siafi>2785</siafi>
  </cep>
  <cep>
    <cep>57085-612</cep>
    <logradouro>Quadra D-1</logradouro>
    <complemento>(Cj Carminha)</complemento>
    <unidade/>
    <bairro>Benedito Bentes</bairro>
    <localidade>Maceió</localidade>
    <uf>AL</uf>
    <estado>Alagoas</estado>
    <região/>
    <ibge>2704302</ibge>
    <gia/>
    <ddd>82</ddd>
    <siafi>2785</siafi>
  </cep>
  <cep>
    <cep>57085-615</cep>
    <logradouro>Quadra E-1</logradouro>
    <complemento>(Cj Carminha)</complemento>
    <unidade/>
    <bairro>Benedito Bentes</bairro>
    <localidade>Maceió</localidade>
    <uf>AL</uf>
    <estado>Alagoas</estado>
    <região/>
    <ibge>2704302</ibge>
    <gia/>
    <ddd>82</ddd>
    <siafi>2785</siafi>
  </cep>
  <cep>
    <cep>57085-617</cep>
    <logradouro>Quadra H-2</logradouro>
    <complemento>(Cj Carminha)</complemento>
    <unidade/>
    <bairro>Benedito Bentes</bairro>
    <localidade>Maceió</localidade>
    <uf>AL</uf>
    <estado>Alagoas</estado>
    <região/>
    <ibge>2704302</ibge>
    <gia/>
    <ddd>82</ddd>
    <siafi>2785</siafi>
  </cep>
  <cep>
    <cep>57085-613</cep>
    <logradouro>Quadra F-4</logradouro>
    <complemento>(Cj Carminha)</complemento>
    <unidade/>
    <bairro>Benedito Bentes</bairro>
    <localidade>Maceió</localidade>
    <uf>AL</uf>
    <estado>Alagoas</estado>
    <região/>
    <ibge>2704302</ibge>
    <gia/>
    <ddd>82</ddd>
    <siafi>2785</siafi>
  </cep>
  <cep>
    <cep>57085-619</cep>
    <logradouro>Quadra H-3</logradouro>
    <complemento>(Cj Carminha)</complemento>
    <unidade/>
    <bairro>Benedito Bentes</bairro>
    <localidade>Maceió</localidade>
    <uf>AL</uf>
    <estado>Alagoas</estado>
    <região/>
    <ibge>2704302</ibge>
    <gia/>
    <ddd>82</ddd>
    <siafi>2785</siafi>
  </cep>
  <cep>
    <cep>57085-614</cep>
    <logradouro>Quadra G-2</logradouro>
    <complemento>(Cj Carminha)</complemento>
    <unidade/>
    <bairro>Benedito Bentes</bairro>
    <localidade>Maceió</localidade>
    <uf>AL</uf>
    <estado>Alagoas</estado>
    <região/>
    <ibge>2704302</ibge>
    <gia/>
    <ddd>82</ddd>
    <siafi>2785</siafi>
  </cep>
  <cep>
    <cep>57085-611</cep>
    <logradouro>Quadra F-3</logradouro>
    <complemento>(Cj Carminha)</complemento>
    <unidade/>
    <bairro>Benedito Bentes</bairro>
    <localidade>Maceió</localidade>
    <uf>AL</uf>
    <estado>Alagoas</estado>
    <região/>
    <ibge>2704302</ibge>
    <gia/>
    <ddd>82</ddd>
    <siafi>2785</siafi>
  </cep>
  <cep>
    <cep>57085-616</cep>
    <logradouro>Quadra G-3</logradouro>
    <complemento>(Cj Carminha)</complemento>
    <unidade/>
    <bairro>Benedito Bentes</bairro>
    <localidade>Maceió</localidade>
    <uf>AL</uf>
    <estado>Alagoas</estado>
    <região/>
    <ibge>2704302</ibge>
    <gia/>
    <ddd>82</ddd>
    <siafi>2785</siafi>
  </cep>
  <cep>
    <cep>57085-620</cep>
    <logradouro>Quadra I-2</logradouro>
    <complemento>(Cj Carminha)</complemento>
    <unidade/>
    <bairro>Benedito Bentes</bairro>
    <localidade>Maceió</localidade>
    <uf>AL</uf>
    <estado>Alagoas</estado>
    <região/>
    <ibge>2704302</ibge>
    <gia/>
    <ddd>82</ddd>
    <siafi>2785</siafi>
  </cep>
  <cep>
    <cep>57085-618</cep>
    <logradouro>Quadra F-1</logradouro>
    <complemento>(Cj Carminha)</complemento>
    <unidade/>
    <bairro>Benedito Bentes</bairro>
    <localidade>Maceió</localidade>
    <uf>AL</uf>
    <estado>Alagoas</estado>
    <região/>
    <ibge>2704302</ibge>
    <gia/>
    <ddd>82</ddd>
    <siafi>2785</siafi>
  </cep>
  <cep>
    <cep>57085-621</cep>
    <logradouro>Quadra G-1</logradouro>
    <complemento>(Cj Carminha)</complemento>
    <unidade/>
    <bairro>Benedito Bentes</bairro>
    <localidade>Maceió</localidade>
    <uf>AL</uf>
    <estado>Alagoas</estado>
    <região/>
    <ibge>2704302</ibge>
    <gia/>
    <ddd>82</ddd>
    <siafi>2785</siafi>
  </cep>
  <cep>
    <cep>57085-622</cep>
    <logradouro>Quadra I-3</logradouro>
    <complemento>(Cj Carminha)</complemento>
    <unidade/>
    <bairro>Benedito Bentes</bairro>
    <localidade>Maceió</localidade>
    <uf>AL</uf>
    <estado>Alagoas</estado>
    <região/>
    <ibge>2704302</ibge>
    <gia/>
    <ddd>82</ddd>
    <siafi>2785</siafi>
  </cep>
  <cep>
    <cep>57085-623</cep>
    <logradouro>Quadra I-4</logradouro>
    <complemento>(Cj Carminha)</complemento>
    <unidade/>
    <bairro>Benedito Bentes</bairro>
    <localidade>Maceió</localidade>
    <uf>AL</uf>
    <estado>Alagoas</estado>
    <região/>
    <ibge>2704302</ibge>
    <gia/>
    <ddd>82</ddd>
    <siafi>2785</siafi>
  </cep>
  <cep>
    <cep>57085-624</cep>
    <logradouro>Quadra H-1</logradouro>
    <complemento>(Cj Carminha)</complemento>
    <unidade/>
    <bairro>Benedito Bentes</bairro>
    <localidade>Maceió</localidade>
    <uf>AL</uf>
    <estado>Alagoas</estado>
    <região/>
    <ibge>2704302</ibge>
    <gia/>
    <ddd>82</ddd>
    <siafi>2785</siafi>
  </cep>
  <cep>
    <cep>57085-629</cep>
    <logradouro>Quadra J-2</logradouro>
    <complemento>(Cj Carminha)</complemento>
    <unidade/>
    <bairro>Benedito Bentes</bairro>
    <localidade>Maceió</localidade>
    <uf>AL</uf>
    <estado>Alagoas</estado>
    <região/>
    <ibge>2704302</ibge>
    <gia/>
    <ddd>82</ddd>
    <siafi>2785</siafi>
  </cep>
  <cep>
    <cep>57084-310</cep>
    <logradouro>Rua Pintor Miguel Torres de Oliveira</logradouro>
    <complemento/>
    <unidade/>
    <bairro>Benedito Bentes</bairro>
    <localidade>Maceió</localidade>
    <uf>AL</uf>
    <estado>Alagoas</estado>
    <região/>
    <ibge>2704302</ibge>
    <gia/>
    <ddd>82</ddd>
    <siafi>2785</siafi>
  </cep>
  <cep>
    <cep>57085-630</cep>
    <logradouro>Quadra J-1</logradouro>
    <complemento>(Cj Carminha)</complemento>
    <unidade/>
    <bairro>Benedito Bentes</bairro>
    <localidade>Maceió</localidade>
    <uf>AL</uf>
    <estado>Alagoas</estado>
    <região/>
    <ibge>2704302</ibge>
    <gia/>
    <ddd>82</ddd>
    <siafi>2785</siafi>
  </cep>
  <cep>
    <cep>57085-631</cep>
    <logradouro>Quadra J-3</logradouro>
    <complemento>(Cj Carminha)</complemento>
    <unidade/>
    <bairro>Benedito Bentes</bairro>
    <localidade>Maceió</localidade>
    <uf>AL</uf>
    <estado>Alagoas</estado>
    <região/>
    <ibge>2704302</ibge>
    <gia/>
    <ddd>82</ddd>
    <siafi>2785</siafi>
  </cep>
  <cep>
    <cep>57085-632</cep>
    <logradouro>Quadra J-4</logradouro>
    <complemento>(Cj Carminha)</complemento>
    <unidade/>
    <bairro>Benedito Bentes</bairro>
    <localidade>Maceió</localidade>
    <uf>AL</uf>
    <estado>Alagoas</estado>
    <região/>
    <ibge>2704302</ibge>
    <gia/>
    <ddd>82</ddd>
    <siafi>2785</siafi>
  </cep>
  <cep>
    <cep>57085-633</cep>
    <logradouro>Quadra L-1</logradouro>
    <complemento>(Cj Carminha)</complemento>
    <unidade/>
    <bairro>Benedito Bentes</bairro>
    <localidade>Maceió</localidade>
    <uf>AL</uf>
    <estado>Alagoas</estado>
    <região/>
    <ibge>2704302</ibge>
    <gia/>
    <ddd>82</ddd>
    <siafi>2785</siafi>
  </cep>
  <cep>
    <cep>57085-636</cep>
    <logradouro>Quadra M-1</logradouro>
    <complemento>(Cj Carminha)</complemento>
    <unidade/>
    <bairro>Benedito Bentes</bairro>
    <localidade>Maceió</localidade>
    <uf>AL</uf>
    <estado>Alagoas</estado>
    <região/>
    <ibge>2704302</ibge>
    <gia/>
    <ddd>82</ddd>
    <siafi>2785</siafi>
  </cep>
  <cep>
    <cep>57085-634</cep>
    <logradouro>Quadra L-2</logradouro>
    <complemento>(Cj Carminha)</complemento>
    <unidade/>
    <bairro>Benedito Bentes</bairro>
    <localidade>Maceió</localidade>
    <uf>AL</uf>
    <estado>Alagoas</estado>
    <região/>
    <ibge>2704302</ibge>
    <gia/>
    <ddd>82</ddd>
    <siafi>2785</siafi>
  </cep>
  <cep>
    <cep>57085-642</cep>
    <logradouro>Quadra N-4</logradouro>
    <complemento>(Cj Carminha)</complemento>
    <unidade/>
    <bairro>Benedito Bentes</bairro>
    <localidade>Maceió</localidade>
    <uf>AL</uf>
    <estado>Alagoas</estado>
    <região/>
    <ibge>2704302</ibge>
    <gia/>
    <ddd>82</ddd>
    <siafi>2785</siafi>
  </cep>
  <cep>
    <cep>57085-638</cep>
    <logradouro>Quadra M-3</logradouro>
    <complemento>(Cj Carminha)</complemento>
    <unidade/>
    <bairro>Benedito Bentes</bairro>
    <localidade>Maceió</localidade>
    <uf>AL</uf>
    <estado>Alagoas</estado>
    <região/>
    <ibge>2704302</ibge>
    <gia/>
    <ddd>82</ddd>
    <siafi>2785</siafi>
  </cep>
  <cep>
    <cep>57085-635</cep>
    <logradouro>Quadra L-3</logradouro>
    <complemento>(Cj Carminha)</complemento>
    <unidade/>
    <bairro>Benedito Bentes</bairro>
    <localidade>Maceió</localidade>
    <uf>AL</uf>
    <estado>Alagoas</estado>
    <região/>
    <ibge>2704302</ibge>
    <gia/>
    <ddd>82</ddd>
    <siafi>2785</siafi>
  </cep>
  <cep>
    <cep>57085-640</cep>
    <logradouro>Quadra N-2</logradouro>
    <complemento>(Cj Carminha)</complemento>
    <unidade/>
    <bairro>Benedito Bentes</bairro>
    <localidade>Maceió</localidade>
    <uf>AL</uf>
    <estado>Alagoas</estado>
    <região/>
    <ibge>2704302</ibge>
    <gia/>
    <ddd>82</ddd>
    <siafi>2785</siafi>
  </cep>
  <cep>
    <cep>57085-639</cep>
    <logradouro>Quadra N-1</logradouro>
    <complemento>(Cj Carminha)</complemento>
    <unidade/>
    <bairro>Benedito Bentes</bairro>
    <localidade>Maceió</localidade>
    <uf>AL</uf>
    <estado>Alagoas</estado>
    <região/>
    <ibge>2704302</ibge>
    <gia/>
    <ddd>82</ddd>
    <siafi>2785</siafi>
  </cep>
  <cep>
    <cep>57085-637</cep>
    <logradouro>Quadra M-2</logradouro>
    <complemento>(Cj Carminha)</complemento>
    <unidade/>
    <bairro>Benedito Bentes</bairro>
    <localidade>Maceió</localidade>
    <uf>AL</uf>
    <estado>Alagoas</estado>
    <região/>
    <ibge>2704302</ibge>
    <gia/>
    <ddd>82</ddd>
    <siafi>2785</siafi>
  </cep>
  <cep>
    <cep>57085-627</cep>
    <logradouro>Quadra I-1</logradouro>
    <complemento>(Cj Carminha)</complemento>
    <unidade/>
    <bairro>Benedito Bentes</bairro>
    <localidade>Maceió</localidade>
    <uf>AL</uf>
    <estado>Alagoas</estado>
    <região/>
    <ibge>2704302</ibge>
    <gia/>
    <ddd>82</ddd>
    <siafi>2785</siafi>
  </cep>
  <cep>
    <cep>57085-652</cep>
    <logradouro>Quadra A</logradouro>
    <complemento>(Cj Primeiro de Junho)</complemento>
    <unidade/>
    <bairro>Benedito Bentes</bairro>
    <localidade>Maceió</localidade>
    <uf>AL</uf>
    <estado>Alagoas</estado>
    <região/>
    <ibge>2704302</ibge>
    <gia/>
    <ddd>82</ddd>
    <siafi>2785</siafi>
  </cep>
  <cep>
    <cep>57085-654</cep>
    <logradouro>Quadra B</logradouro>
    <complemento>(Cj Primeiro de Junho)</complemento>
    <unidade/>
    <bairro>Benedito Bentes</bairro>
    <localidade>Maceió</localidade>
    <uf>AL</uf>
    <estado>Alagoas</estado>
    <região/>
    <ibge>2704302</ibge>
    <gia/>
    <ddd>82</ddd>
    <siafi>2785</siafi>
  </cep>
  <cep>
    <cep>57085-656</cep>
    <logradouro>Quadra C</logradouro>
    <complemento>(Cj Primeiro de Junho)</complemento>
    <unidade/>
    <bairro>Benedito Bentes</bairro>
    <localidade>Maceió</localidade>
    <uf>AL</uf>
    <estado>Alagoas</estado>
    <região/>
    <ibge>2704302</ibge>
    <gia/>
    <ddd>82</ddd>
    <siafi>2785</siafi>
  </cep>
  <cep>
    <cep>57085-658</cep>
    <logradouro>Quadra D</logradouro>
    <complemento>(Cj Primeiro de Junho)</complemento>
    <unidade/>
    <bairro>Benedito Bentes</bairro>
    <localidade>Maceió</localidade>
    <uf>AL</uf>
    <estado>Alagoas</estado>
    <região/>
    <ibge>2704302</ibge>
    <gia/>
    <ddd>82</ddd>
    <siafi>2785</siafi>
  </cep>
  <cep>
    <cep>57085-660</cep>
    <logradouro>Quadra E</logradouro>
    <complemento>(Cj Primeiro de Junho)</complemento>
    <unidade/>
    <bairro>Benedito Bentes</bairro>
    <localidade>Maceió</localidade>
    <uf>AL</uf>
    <estado>Alagoas</estado>
    <região/>
    <ibge>2704302</ibge>
    <gia/>
    <ddd>82</ddd>
    <siafi>2785</siafi>
  </cep>
  <cep>
    <cep>57085-662</cep>
    <logradouro>Quadra F</logradouro>
    <complemento>(Cj Primeiro de Junho)</complemento>
    <unidade/>
    <bairro>Benedito Bentes</bairro>
    <localidade>Maceió</localidade>
    <uf>AL</uf>
    <estado>Alagoas</estado>
    <região/>
    <ibge>2704302</ibge>
    <gia/>
    <ddd>82</ddd>
    <siafi>2785</siafi>
  </cep>
  <cep>
    <cep>57085-703</cep>
    <logradouro>Rua Toronto</logradouro>
    <complemento/>
    <unidade/>
    <bairro>Benedito Bentes</bairro>
    <localidade>Maceió</localidade>
    <uf>AL</uf>
    <estado>Alagoas</estado>
    <região/>
    <ibge>2704302</ibge>
    <gia/>
    <ddd>82</ddd>
    <siafi>2785</siafi>
  </cep>
  <cep>
    <cep>57085-704</cep>
    <logradouro>Rua San Diego</logradouro>
    <complemento/>
    <unidade/>
    <bairro>Benedito Bentes</bairro>
    <localidade>Maceió</localidade>
    <uf>AL</uf>
    <estado>Alagoas</estado>
    <região/>
    <ibge>2704302</ibge>
    <gia/>
    <ddd>82</ddd>
    <siafi>2785</siafi>
  </cep>
  <cep>
    <cep>57085-705</cep>
    <logradouro>Avenida América do Norte</logradouro>
    <complemento/>
    <unidade/>
    <bairro>Benedito Bentes</bairro>
    <localidade>Maceió</localidade>
    <uf>AL</uf>
    <estado>Alagoas</estado>
    <região/>
    <ibge>2704302</ibge>
    <gia/>
    <ddd>82</ddd>
    <siafi>2785</siafi>
  </cep>
  <cep>
    <cep>57085-706</cep>
    <logradouro>Avenida América do Sul</logradouro>
    <complemento/>
    <unidade/>
    <bairro>Benedito Bentes</bairro>
    <localidade>Maceió</localidade>
    <uf>AL</uf>
    <estado>Alagoas</estado>
    <região/>
    <ibge>2704302</ibge>
    <gia/>
    <ddd>82</ddd>
    <siafi>2785</siafi>
  </cep>
  <cep>
    <cep>57085-711</cep>
    <logradouro>Rua Bogotá</logradouro>
    <complemento/>
    <unidade/>
    <bairro>Benedito Bentes</bairro>
    <localidade>Maceió</localidade>
    <uf>AL</uf>
    <estado>Alagoas</estado>
    <região/>
    <ibge>2704302</ibge>
    <gia/>
    <ddd>82</ddd>
    <siafi>2785</siafi>
  </cep>
  <cep>
    <cep>57085-712</cep>
    <logradouro>Rua Caracas</logradouro>
    <complemento/>
    <unidade/>
    <bairro>Benedito Bentes</bairro>
    <localidade>Maceió</localidade>
    <uf>AL</uf>
    <estado>Alagoas</estado>
    <região/>
    <ibge>2704302</ibge>
    <gia/>
    <ddd>82</ddd>
    <siafi>2785</siafi>
  </cep>
  <cep>
    <cep>57085-713</cep>
    <logradouro>Rua Assunção</logradouro>
    <complemento/>
    <unidade/>
    <bairro>Benedito Bentes</bairro>
    <localidade>Maceió</localidade>
    <uf>AL</uf>
    <estado>Alagoas</estado>
    <região/>
    <ibge>2704302</ibge>
    <gia/>
    <ddd>82</ddd>
    <siafi>2785</siafi>
  </cep>
  <cep>
    <cep>57085-716</cep>
    <logradouro>Rua Cayena</logradouro>
    <complemento/>
    <unidade/>
    <bairro>Benedito Bentes</bairro>
    <localidade>Maceió</localidade>
    <uf>AL</uf>
    <estado>Alagoas</estado>
    <região/>
    <ibge>2704302</ibge>
    <gia/>
    <ddd>82</ddd>
    <siafi>2785</siafi>
  </cep>
  <cep>
    <cep>57085-717</cep>
    <logradouro>Rua Guaiaquil</logradouro>
    <complemento/>
    <unidade/>
    <bairro>Benedito Bentes</bairro>
    <localidade>Maceió</localidade>
    <uf>AL</uf>
    <estado>Alagoas</estado>
    <região/>
    <ibge>2704302</ibge>
    <gia/>
    <ddd>82</ddd>
    <siafi>2785</siafi>
  </cep>
  <cep>
    <cep>57085-735</cep>
    <logradouro>Rua Empresário Carlos Cavalcante Barbosa</logradouro>
    <complemento>(Cj B Bentes I)</complemento>
    <unidade/>
    <bairro>Benedito Bentes</bairro>
    <localidade>Maceió</localidade>
    <uf>AL</uf>
    <estado>Alagoas</estado>
    <região/>
    <ibge>2704302</ibge>
    <gia/>
    <ddd>82</ddd>
    <siafi>2785</siafi>
  </cep>
  <cep>
    <cep>57085-750</cep>
    <logradouro>Rua B-57</logradouro>
    <complemento>(Cj Benedito Bentes)</complemento>
    <unidade/>
    <bairro>Benedito Bentes</bairro>
    <localidade>Maceió</localidade>
    <uf>AL</uf>
    <estado>Alagoas</estado>
    <região/>
    <ibge>2704302</ibge>
    <gia/>
    <ddd>82</ddd>
    <siafi>2785</siafi>
  </cep>
  <cep>
    <cep>57085-737</cep>
    <logradouro>Rua B-45</logradouro>
    <complemento>(Cj Benedito Bentes I)</complemento>
    <unidade/>
    <bairro>Benedito Bentes</bairro>
    <localidade>Maceió</localidade>
    <uf>AL</uf>
    <estado>Alagoas</estado>
    <região/>
    <ibge>2704302</ibge>
    <gia/>
    <ddd>82</ddd>
    <siafi>2785</siafi>
  </cep>
  <cep>
    <cep>57085-736</cep>
    <logradouro>Rua B-44</logradouro>
    <complemento>(Cj Benedito Bentes I)</complemento>
    <unidade/>
    <bairro>Benedito Bentes</bairro>
    <localidade>Maceió</localidade>
    <uf>AL</uf>
    <estado>Alagoas</estado>
    <região/>
    <ibge>2704302</ibge>
    <gia/>
    <ddd>82</ddd>
    <siafi>2785</siafi>
  </cep>
  <cep>
    <cep>57085-753</cep>
    <logradouro>Rua B-49</logradouro>
    <complemento>(Cj Benedito Bentes I) - lado ímpar</complemento>
    <unidade/>
    <bairro>Benedito Bentes</bairro>
    <localidade>Maceió</localidade>
    <uf>AL</uf>
    <estado>Alagoas</estado>
    <região/>
    <ibge>2704302</ibge>
    <gia/>
    <ddd>82</ddd>
    <siafi>2785</siafi>
  </cep>
  <cep>
    <cep>57085-720</cep>
    <logradouro>Rua Punta del Leste</logradouro>
    <complemento/>
    <unidade/>
    <bairro>Benedito Bentes</bairro>
    <localidade>Maceió</localidade>
    <uf>AL</uf>
    <estado>Alagoas</estado>
    <região/>
    <ibge>2704302</ibge>
    <gia/>
    <ddd>82</ddd>
    <siafi>2785</siafi>
  </cep>
  <cep>
    <cep>57085-746</cep>
    <logradouro>Rua B-53</logradouro>
    <complemento>(Cj Benedito Bentes I)</complemento>
    <unidade/>
    <bairro>Benedito Bentes</bairro>
    <localidade>Maceió</localidade>
    <uf>AL</uf>
    <estado>Alagoas</estado>
    <região/>
    <ibge>2704302</ibge>
    <gia/>
    <ddd>82</ddd>
    <siafi>2785</siafi>
  </cep>
  <cep>
    <cep>57085-757</cep>
    <logradouro>Rua B-61</logradouro>
    <complemento>(Cj Benedito Bentes)</complemento>
    <unidade/>
    <bairro>Benedito Bentes</bairro>
    <localidade>Maceió</localidade>
    <uf>AL</uf>
    <estado>Alagoas</estado>
    <região/>
    <ibge>2704302</ibge>
    <gia/>
    <ddd>82</ddd>
    <siafi>2785</siafi>
  </cep>
  <cep>
    <cep>57085-723</cep>
    <logradouro>Rua Califórnia</logradouro>
    <complemento/>
    <unidade/>
    <bairro>Benedito Bentes</bairro>
    <localidade>Maceió</localidade>
    <uf>AL</uf>
    <estado>Alagoas</estado>
    <região/>
    <ibge>2704302</ibge>
    <gia/>
    <ddd>82</ddd>
    <siafi>2785</siafi>
  </cep>
  <cep>
    <cep>57085-774</cep>
    <logradouro>Rua Ayrton Senna</logradouro>
    <complemento/>
    <unidade/>
    <bairro>Benedito Bentes</bairro>
    <localidade>Maceió</localidade>
    <uf>AL</uf>
    <estado>Alagoas</estado>
    <região/>
    <ibge>2704302</ibge>
    <gia/>
    <ddd>82</ddd>
    <siafi>2785</siafi>
  </cep>
  <cep>
    <cep>57085-748</cep>
    <logradouro>Rua B-55</logradouro>
    <complemento>(Cj Benedito Bentes I)</complemento>
    <unidade/>
    <bairro>Benedito Bentes</bairro>
    <localidade>Maceió</localidade>
    <uf>AL</uf>
    <estado>Alagoas</estado>
    <região/>
    <ibge>2704302</ibge>
    <gia/>
    <ddd>82</ddd>
    <siafi>2785</siafi>
  </cep>
  <cep>
    <cep>57085-775</cep>
    <logradouro>Rua Luiz Calheiros Gato</logradouro>
    <complemento/>
    <unidade/>
    <bairro>Benedito Bentes</bairro>
    <localidade>Maceió</localidade>
    <uf>AL</uf>
    <estado>Alagoas</estado>
    <região/>
    <ibge>2704302</ibge>
    <gia/>
    <ddd>82</ddd>
    <siafi>2785</siafi>
  </cep>
  <cep>
    <cep>57085-779</cep>
    <logradouro>Travessa Mundaú</logradouro>
    <complemento/>
    <unidade/>
    <bairro>Benedito Bentes</bairro>
    <localidade>Maceió</localidade>
    <uf>AL</uf>
    <estado>Alagoas</estado>
    <região/>
    <ibge>2704302</ibge>
    <gia/>
    <ddd>82</ddd>
    <siafi>2785</siafi>
  </cep>
  <cep>
    <cep>57085-778</cep>
    <logradouro>Avenida Mundaú</logradouro>
    <complemento/>
    <unidade/>
    <bairro>Benedito Bentes</bairro>
    <localidade>Maceió</localidade>
    <uf>AL</uf>
    <estado>Alagoas</estado>
    <região/>
    <ibge>2704302</ibge>
    <gia/>
    <ddd>82</ddd>
    <siafi>2785</siafi>
  </cep>
  <cep>
    <cep>57085-780</cep>
    <logradouro>Rua Nova</logradouro>
    <complemento/>
    <unidade/>
    <bairro>Benedito Bentes</bairro>
    <localidade>Maceió</localidade>
    <uf>AL</uf>
    <estado>Alagoas</estado>
    <região/>
    <ibge>2704302</ibge>
    <gia/>
    <ddd>82</ddd>
    <siafi>2785</siafi>
  </cep>
  <cep>
    <cep>57085-782</cep>
    <logradouro>Rua Novo Horizonte</logradouro>
    <complemento/>
    <unidade/>
    <bairro>Benedito Bentes</bairro>
    <localidade>Maceió</localidade>
    <uf>AL</uf>
    <estado>Alagoas</estado>
    <região/>
    <ibge>2704302</ibge>
    <gia/>
    <ddd>82</ddd>
    <siafi>2785</siafi>
  </cep>
  <cep>
    <cep>57085-756</cep>
    <logradouro>Rua do Messias</logradouro>
    <complemento/>
    <unidade/>
    <bairro>Benedito Bentes</bairro>
    <localidade>Maceió</localidade>
    <uf>AL</uf>
    <estado>Alagoas</estado>
    <região/>
    <ibge>2704302</ibge>
    <gia/>
    <ddd>82</ddd>
    <siafi>2785</siafi>
  </cep>
  <cep>
    <cep>57085-785</cep>
    <logradouro>Rua Santa Luzia</logradouro>
    <complemento/>
    <unidade/>
    <bairro>Benedito Bentes</bairro>
    <localidade>Maceió</localidade>
    <uf>AL</uf>
    <estado>Alagoas</estado>
    <região/>
    <ibge>2704302</ibge>
    <gia/>
    <ddd>82</ddd>
    <siafi>2785</siafi>
  </cep>
  <cep>
    <cep>57085-783</cep>
    <logradouro>Rua Paina</logradouro>
    <complemento/>
    <unidade/>
    <bairro>Benedito Bentes</bairro>
    <localidade>Maceió</localidade>
    <uf>AL</uf>
    <estado>Alagoas</estado>
    <região/>
    <ibge>2704302</ibge>
    <gia/>
    <ddd>82</ddd>
    <siafi>2785</siafi>
  </cep>
  <cep>
    <cep>57085-795</cep>
    <logradouro>Rua E-5</logradouro>
    <complemento>(Cj Denilma Bulhões)</complemento>
    <unidade/>
    <bairro>Benedito Bentes</bairro>
    <localidade>Maceió</localidade>
    <uf>AL</uf>
    <estado>Alagoas</estado>
    <região/>
    <ibge>2704302</ibge>
    <gia/>
    <ddd>82</ddd>
    <siafi>2785</siafi>
  </cep>
  <cep>
    <cep>57085-794</cep>
    <logradouro>Rua E-4</logradouro>
    <complemento>(Cj Denilma Bulhões)</complemento>
    <unidade/>
    <bairro>Benedito Bentes</bairro>
    <localidade>Maceió</localidade>
    <uf>AL</uf>
    <estado>Alagoas</estado>
    <região/>
    <ibge>2704302</ibge>
    <gia/>
    <ddd>82</ddd>
    <siafi>2785</siafi>
  </cep>
  <cep>
    <cep>57085-752</cep>
    <logradouro>Rua B-49</logradouro>
    <complemento>(Cj Benedito Bentes I) - lado par</complemento>
    <unidade/>
    <bairro>Benedito Bentes</bairro>
    <localidade>Maceió</localidade>
    <uf>AL</uf>
    <estado>Alagoas</estado>
    <região/>
    <ibge>2704302</ibge>
    <gia/>
    <ddd>82</ddd>
    <siafi>2785</siafi>
  </cep>
  <cep>
    <cep>57085-797</cep>
    <logradouro>Rua São Luiz</logradouro>
    <complemento/>
    <unidade/>
    <bairro>Benedito Bentes</bairro>
    <localidade>Maceió</localidade>
    <uf>AL</uf>
    <estado>Alagoas</estado>
    <região/>
    <ibge>2704302</ibge>
    <gia/>
    <ddd>82</ddd>
    <siafi>2785</siafi>
  </cep>
  <cep>
    <cep>57085-744</cep>
    <logradouro>Rua B-51</logradouro>
    <complemento>(Cj Benedito Bentes I)</complemento>
    <unidade/>
    <bairro>Benedito Bentes</bairro>
    <localidade>Maceió</localidade>
    <uf>AL</uf>
    <estado>Alagoas</estado>
    <região/>
    <ibge>2704302</ibge>
    <gia/>
    <ddd>82</ddd>
    <siafi>2785</siafi>
  </cep>
  <cep>
    <cep>57085-793</cep>
    <logradouro>Rua E-3</logradouro>
    <complemento>(Cj Denilma Bulhões)</complemento>
    <unidade/>
    <bairro>Benedito Bentes</bairro>
    <localidade>Maceió</localidade>
    <uf>AL</uf>
    <estado>Alagoas</estado>
    <região/>
    <ibge>2704302</ibge>
    <gia/>
    <ddd>82</ddd>
    <siafi>2785</siafi>
  </cep>
  <cep>
    <cep>57085-791</cep>
    <logradouro>Rua E-1</logradouro>
    <complemento>(Cj Denilma Bulhões)</complemento>
    <unidade/>
    <bairro>Benedito Bentes</bairro>
    <localidade>Maceió</localidade>
    <uf>AL</uf>
    <estado>Alagoas</estado>
    <região/>
    <ibge>2704302</ibge>
    <gia/>
    <ddd>82</ddd>
    <siafi>2785</siafi>
  </cep>
  <cep>
    <cep>57085-790</cep>
    <logradouro>2ª Rua São José</logradouro>
    <complemento/>
    <unidade/>
    <bairro>Benedito Bentes</bairro>
    <localidade>Maceió</localidade>
    <uf>AL</uf>
    <estado>Alagoas</estado>
    <região/>
    <ibge>2704302</ibge>
    <gia/>
    <ddd>82</ddd>
    <siafi>2785</siafi>
  </cep>
  <cep>
    <cep>57085-738</cep>
    <logradouro>Rua B-46</logradouro>
    <complemento>(Cj Benedito Bentes I)</complemento>
    <unidade/>
    <bairro>Benedito Bentes</bairro>
    <localidade>Maceió</localidade>
    <uf>AL</uf>
    <estado>Alagoas</estado>
    <região/>
    <ibge>2704302</ibge>
    <gia/>
    <ddd>82</ddd>
    <siafi>2785</siafi>
  </cep>
  <cep>
    <cep>57085-799</cep>
    <logradouro>Rua São Mateus</logradouro>
    <complemento/>
    <unidade/>
    <bairro>Benedito Bentes</bairro>
    <localidade>Maceió</localidade>
    <uf>AL</uf>
    <estado>Alagoas</estado>
    <região/>
    <ibge>2704302</ibge>
    <gia/>
    <ddd>82</ddd>
    <siafi>2785</siafi>
  </cep>
  <cep>
    <cep>57085-792</cep>
    <logradouro>Rua E-2</logradouro>
    <complemento>(Cj Denilma Bulhões)</complemento>
    <unidade/>
    <bairro>Benedito Bentes</bairro>
    <localidade>Maceió</localidade>
    <uf>AL</uf>
    <estado>Alagoas</estado>
    <região/>
    <ibge>2704302</ibge>
    <gia/>
    <ddd>82</ddd>
    <siafi>2785</siafi>
  </cep>
  <cep>
    <cep>57085-718</cep>
    <logradouro>Rua Cochabamba</logradouro>
    <complemento/>
    <unidade/>
    <bairro>Benedito Bentes</bairro>
    <localidade>Maceió</localidade>
    <uf>AL</uf>
    <estado>Alagoas</estado>
    <região/>
    <ibge>2704302</ibge>
    <gia/>
    <ddd>82</ddd>
    <siafi>2785</siafi>
  </cep>
  <cep>
    <cep>57085-733</cep>
    <logradouro>Rua Estudante Sanelva Antônio Pedrosa Pereira</logradouro>
    <complemento>(Cj B Bentes I)</complemento>
    <unidade/>
    <bairro>Benedito Bentes</bairro>
    <localidade>Maceió</localidade>
    <uf>AL</uf>
    <estado>Alagoas</estado>
    <região/>
    <ibge>2704302</ibge>
    <gia/>
    <ddd>82</ddd>
    <siafi>2785</siafi>
  </cep>
  <cep>
    <cep>57085-755</cep>
    <logradouro>Rua B-59</logradouro>
    <complemento>(Cj Benedito Bentes)</complemento>
    <unidade/>
    <bairro>Benedito Bentes</bairro>
    <localidade>Maceió</localidade>
    <uf>AL</uf>
    <estado>Alagoas</estado>
    <região/>
    <ibge>2704302</ibge>
    <gia/>
    <ddd>82</ddd>
    <siafi>2785</siafi>
  </cep>
  <cep>
    <cep>57085-798</cep>
    <logradouro>Travessa São Luiz</logradouro>
    <complemento/>
    <unidade/>
    <bairro>Benedito Bentes</bairro>
    <localidade>Maceió</localidade>
    <uf>AL</uf>
    <estado>Alagoas</estado>
    <região/>
    <ibge>2704302</ibge>
    <gia/>
    <ddd>82</ddd>
    <siafi>2785</siafi>
  </cep>
  <cep>
    <cep>57085-811</cep>
    <logradouro>Rua Estrelinda</logradouro>
    <complemento/>
    <unidade/>
    <bairro>Benedito Bentes</bairro>
    <localidade>Maceió</localidade>
    <uf>AL</uf>
    <estado>Alagoas</estado>
    <região/>
    <ibge>2704302</ibge>
    <gia/>
    <ddd>82</ddd>
    <siafi>2785</siafi>
  </cep>
  <cep>
    <cep>57085-784</cep>
    <logradouro>Rua do Pedestre</logradouro>
    <complemento/>
    <unidade/>
    <bairro>Benedito Bentes</bairro>
    <localidade>Maceió</localidade>
    <uf>AL</uf>
    <estado>Alagoas</estado>
    <região/>
    <ibge>2704302</ibge>
    <gia/>
    <ddd>82</ddd>
    <siafi>2785</siafi>
  </cep>
  <cep>
    <cep>57085-812</cep>
    <logradouro>1ª Rua São José</logradouro>
    <complemento/>
    <unidade/>
    <bairro>Benedito Bentes</bairro>
    <localidade>Maceió</localidade>
    <uf>AL</uf>
    <estado>Alagoas</estado>
    <região/>
    <ibge>2704302</ibge>
    <gia/>
    <ddd>82</ddd>
    <siafi>2785</siafi>
  </cep>
  <cep>
    <cep>57086-002</cep>
    <logradouro>Quadra 1</logradouro>
    <complemento>(Lot Bela Vista I)</complemento>
    <unidade/>
    <bairro>Benedito Bentes</bairro>
    <localidade>Maceió</localidade>
    <uf>AL</uf>
    <estado>Alagoas</estado>
    <região/>
    <ibge>2704302</ibge>
    <gia/>
    <ddd>82</ddd>
    <siafi>2785</siafi>
  </cep>
  <cep>
    <cep>57085-754</cep>
    <logradouro>Travessa B-57</logradouro>
    <complemento>(Cj Benedito Bentes)</complemento>
    <unidade/>
    <bairro>Benedito Bentes</bairro>
    <localidade>Maceió</localidade>
    <uf>AL</uf>
    <estado>Alagoas</estado>
    <região/>
    <ibge>2704302</ibge>
    <gia/>
    <ddd>82</ddd>
    <siafi>2785</siafi>
  </cep>
  <cep>
    <cep>57086-004</cep>
    <logradouro>Quadra 2</logradouro>
    <complemento>(Lot Bela Vista I)</complemento>
    <unidade/>
    <bairro>Benedito Bentes</bairro>
    <localidade>Maceió</localidade>
    <uf>AL</uf>
    <estado>Alagoas</estado>
    <região/>
    <ibge>2704302</ibge>
    <gia/>
    <ddd>82</ddd>
    <siafi>2785</siafi>
  </cep>
  <cep>
    <cep>57086-008</cep>
    <logradouro>Quadra 4</logradouro>
    <complemento>(Lot Bela Vista I)</complemento>
    <unidade/>
    <bairro>Benedito Bentes</bairro>
    <localidade>Maceió</localidade>
    <uf>AL</uf>
    <estado>Alagoas</estado>
    <região/>
    <ibge>2704302</ibge>
    <gia/>
    <ddd>82</ddd>
    <siafi>2785</siafi>
  </cep>
  <cep>
    <cep>57086-006</cep>
    <logradouro>Quadra 3</logradouro>
    <complemento>(Lot Bela Vista I)</complemento>
    <unidade/>
    <bairro>Benedito Bentes</bairro>
    <localidade>Maceió</localidade>
    <uf>AL</uf>
    <estado>Alagoas</estado>
    <região/>
    <ibge>2704302</ibge>
    <gia/>
    <ddd>82</ddd>
    <siafi>2785</siafi>
  </cep>
  <cep>
    <cep>57086-010</cep>
    <logradouro>Quadra 5</logradouro>
    <complemento>(Lot Bela Vista I)</complemento>
    <unidade/>
    <bairro>Benedito Bentes</bairro>
    <localidade>Maceió</localidade>
    <uf>AL</uf>
    <estado>Alagoas</estado>
    <região/>
    <ibge>2704302</ibge>
    <gia/>
    <ddd>82</ddd>
    <siafi>2785</siafi>
  </cep>
  <cep>
    <cep>57086-012</cep>
    <logradouro>Quadra 6</logradouro>
    <complemento>(Lot Bela Vista I)</complemento>
    <unidade/>
    <bairro>Benedito Bentes</bairro>
    <localidade>Maceió</localidade>
    <uf>AL</uf>
    <estado>Alagoas</estado>
    <região/>
    <ibge>2704302</ibge>
    <gia/>
    <ddd>82</ddd>
    <siafi>2785</siafi>
  </cep>
  <cep>
    <cep>57086-014</cep>
    <logradouro>Quadra 7</logradouro>
    <complemento>(Lot Bela Vista I)</complemento>
    <unidade/>
    <bairro>Benedito Bentes</bairro>
    <localidade>Maceió</localidade>
    <uf>AL</uf>
    <estado>Alagoas</estado>
    <região/>
    <ibge>2704302</ibge>
    <gia/>
    <ddd>82</ddd>
    <siafi>2785</siafi>
  </cep>
  <cep>
    <cep>57086-016</cep>
    <logradouro>Quadra 8</logradouro>
    <complemento>(Lot Bela Vista I)</complemento>
    <unidade/>
    <bairro>Benedito Bentes</bairro>
    <localidade>Maceió</localidade>
    <uf>AL</uf>
    <estado>Alagoas</estado>
    <região/>
    <ibge>2704302</ibge>
    <gia/>
    <ddd>82</ddd>
    <siafi>2785</siafi>
  </cep>
  <cep>
    <cep>57086-022</cep>
    <logradouro>Quadra 11</logradouro>
    <complemento>(Lot Bela Vista I)</complemento>
    <unidade/>
    <bairro>Benedito Bentes</bairro>
    <localidade>Maceió</localidade>
    <uf>AL</uf>
    <estado>Alagoas</estado>
    <região/>
    <ibge>2704302</ibge>
    <gia/>
    <ddd>82</ddd>
    <siafi>2785</siafi>
  </cep>
  <cep>
    <cep>57086-020</cep>
    <logradouro>Quadra 10</logradouro>
    <complemento>(Lot Bela Vista I)</complemento>
    <unidade/>
    <bairro>Benedito Bentes</bairro>
    <localidade>Maceió</localidade>
    <uf>AL</uf>
    <estado>Alagoas</estado>
    <região/>
    <ibge>2704302</ibge>
    <gia/>
    <ddd>82</ddd>
    <siafi>2785</siafi>
  </cep>
  <cep>
    <cep>57086-018</cep>
    <logradouro>Quadra 9</logradouro>
    <complemento>(Lot Bela Vista I)</complemento>
    <unidade/>
    <bairro>Benedito Bentes</bairro>
    <localidade>Maceió</localidade>
    <uf>AL</uf>
    <estado>Alagoas</estado>
    <região/>
    <ibge>2704302</ibge>
    <gia/>
    <ddd>82</ddd>
    <siafi>2785</siafi>
  </cep>
  <cep>
    <cep>57086-024</cep>
    <logradouro>Quadra 12</logradouro>
    <complemento>(Lot Bela Vista I)</complemento>
    <unidade/>
    <bairro>Benedito Bentes</bairro>
    <localidade>Maceió</localidade>
    <uf>AL</uf>
    <estado>Alagoas</estado>
    <região/>
    <ibge>2704302</ibge>
    <gia/>
    <ddd>82</ddd>
    <siafi>2785</siafi>
  </cep>
  <cep>
    <cep>57086-032</cep>
    <logradouro>Quadra 2</logradouro>
    <complemento>(Cj Verdejante)</complemento>
    <unidade/>
    <bairro>Benedito Bentes</bairro>
    <localidade>Maceió</localidade>
    <uf>AL</uf>
    <estado>Alagoas</estado>
    <região/>
    <ibge>2704302</ibge>
    <gia/>
    <ddd>82</ddd>
    <siafi>2785</siafi>
  </cep>
  <cep>
    <cep>57086-026</cep>
    <logradouro>Quadra 17</logradouro>
    <complemento>(Lot Bela Vista I)</complemento>
    <unidade/>
    <bairro>Benedito Bentes</bairro>
    <localidade>Maceió</localidade>
    <uf>AL</uf>
    <estado>Alagoas</estado>
    <região/>
    <ibge>2704302</ibge>
    <gia/>
    <ddd>82</ddd>
    <siafi>2785</siafi>
  </cep>
  <cep>
    <cep>57086-038</cep>
    <logradouro>Quadra 5</logradouro>
    <complemento>(Cj Cidade Sorriso I)</complemento>
    <unidade/>
    <bairro>Benedito Bentes</bairro>
    <localidade>Maceió</localidade>
    <uf>AL</uf>
    <estado>Alagoas</estado>
    <região/>
    <ibge>2704302</ibge>
    <gia/>
    <ddd>82</ddd>
    <siafi>2785</siafi>
  </cep>
  <cep>
    <cep>57086-034</cep>
    <logradouro>Quadra 3</logradouro>
    <complemento>(Cj Verdejante)</complemento>
    <unidade/>
    <bairro>Benedito Bentes</bairro>
    <localidade>Maceió</localidade>
    <uf>AL</uf>
    <estado>Alagoas</estado>
    <região/>
    <ibge>2704302</ibge>
    <gia/>
    <ddd>82</ddd>
    <siafi>2785</siafi>
  </cep>
  <cep>
    <cep>57086-030</cep>
    <logradouro>Quadra 1</logradouro>
    <complemento>(Cj Verdejante)</complemento>
    <unidade/>
    <bairro>Benedito Bentes</bairro>
    <localidade>Maceió</localidade>
    <uf>AL</uf>
    <estado>Alagoas</estado>
    <região/>
    <ibge>2704302</ibge>
    <gia/>
    <ddd>82</ddd>
    <siafi>2785</siafi>
  </cep>
  <cep>
    <cep>57085-540</cep>
    <logradouro>Loteamento Arquimaram</logradouro>
    <complemento/>
    <unidade/>
    <bairro>Benedito Bentes</bairro>
    <localidade>Maceió</localidade>
    <uf>AL</uf>
    <estado>Alagoas</estado>
    <região/>
    <ibge>2704302</ibge>
    <gia/>
    <ddd>82</ddd>
    <siafi>2785</siafi>
  </cep>
  <cep>
    <cep>57086-028</cep>
    <logradouro>Quadra 18</logradouro>
    <complemento>(Lot Bela Vista I)</complemento>
    <unidade/>
    <bairro>Benedito Bentes</bairro>
    <localidade>Maceió</localidade>
    <uf>AL</uf>
    <estado>Alagoas</estado>
    <região/>
    <ibge>2704302</ibge>
    <gia/>
    <ddd>82</ddd>
    <siafi>2785</siafi>
  </cep>
  <cep>
    <cep>57086-040</cep>
    <logradouro>Quadra 6</logradouro>
    <complemento>(Cj Cidade Sorriso I)</complemento>
    <unidade/>
    <bairro>Benedito Bentes</bairro>
    <localidade>Maceió</localidade>
    <uf>AL</uf>
    <estado>Alagoas</estado>
    <região/>
    <ibge>2704302</ibge>
    <gia/>
    <ddd>82</ddd>
    <siafi>2785</siafi>
  </cep>
  <cep>
    <cep>57086-036</cep>
    <logradouro>Quadra 4</logradouro>
    <complemento>(Cj Cidade Sorriso I)</complemento>
    <unidade/>
    <bairro>Benedito Bentes</bairro>
    <localidade>Maceió</localidade>
    <uf>AL</uf>
    <estado>Alagoas</estado>
    <região/>
    <ibge>2704302</ibge>
    <gia/>
    <ddd>82</ddd>
    <siafi>2785</siafi>
  </cep>
  <cep>
    <cep>57085-641</cep>
    <logradouro>Quadra N-3</logradouro>
    <complemento>(Cj Carminha)</complemento>
    <unidade/>
    <bairro>Benedito Bentes</bairro>
    <localidade>Maceió</localidade>
    <uf>AL</uf>
    <estado>Alagoas</estado>
    <região/>
    <ibge>2704302</ibge>
    <gia/>
    <ddd>82</ddd>
    <siafi>2785</siafi>
  </cep>
  <cep>
    <cep/>
    <logradouro/>
    <complemento/>
    <unidade/>
    <bairro/>
    <localidade/>
    <uf/>
    <estado/>
    <região/>
    <ibge/>
    <gia/>
    <ddd/>
    <siafi/>
  </cep>
  <cep>
    <cep/>
    <logradouro/>
    <complemento/>
    <unidade/>
    <bairro/>
    <localidade/>
    <uf/>
    <estado/>
    <região/>
    <ibge/>
    <gia/>
    <ddd/>
    <siafi/>
  </cep>
  <cep>
    <cep>57085-708</cep>
    <logradouro>Rua Buenos Aires</logradouro>
    <complemento/>
    <unidade/>
    <bairro>Benedito Bentes</bairro>
    <localidade>Maceió</localidade>
    <uf>AL</uf>
    <estado>Alagoas</estado>
    <região/>
    <ibge>2704302</ibge>
    <gia/>
    <ddd>82</ddd>
    <siafi>2785</siafi>
  </cep>
  <cep>
    <cep>57086-139</cep>
    <logradouro>Quadra A</logradouro>
    <complemento>(Lot Bela Vista II)</complemento>
    <unidade/>
    <bairro>Benedito Bentes</bairro>
    <localidade>Maceió</localidade>
    <uf>AL</uf>
    <estado>Alagoas</estado>
    <região/>
    <ibge>2704302</ibge>
    <gia/>
    <ddd>82</ddd>
    <siafi>2785</siafi>
  </cep>
  <cep>
    <cep>57086-141</cep>
    <logradouro>Quadra B</logradouro>
    <complemento>(Lot Bela Vista II)</complemento>
    <unidade/>
    <bairro>Benedito Bentes</bairro>
    <localidade>Maceió</localidade>
    <uf>AL</uf>
    <estado>Alagoas</estado>
    <região/>
    <ibge>2704302</ibge>
    <gia/>
    <ddd>82</ddd>
    <siafi>2785</siafi>
  </cep>
  <cep>
    <cep/>
    <logradouro/>
    <complemento/>
    <unidade/>
    <bairro/>
    <localidade/>
    <uf/>
    <estado/>
    <região/>
    <ibge/>
    <gia/>
    <ddd/>
    <siafi/>
  </cep>
  <cep>
    <cep/>
    <logradouro/>
    <complemento/>
    <unidade/>
    <bairro/>
    <localidade/>
    <uf/>
    <estado/>
    <região/>
    <ibge/>
    <gia/>
    <ddd/>
    <siafi/>
  </cep>
  <cep>
    <cep>57086-143</cep>
    <logradouro>Quadra C</logradouro>
    <complemento>(Lot Bela Vista II)</complemento>
    <unidade/>
    <bairro>Benedito Bentes</bairro>
    <localidade>Maceió</localidade>
    <uf>AL</uf>
    <estado>Alagoas</estado>
    <região/>
    <ibge>2704302</ibge>
    <gia/>
    <ddd>82</ddd>
    <siafi>2785</siafi>
  </cep>
  <cep>
    <cep/>
    <logradouro/>
    <complemento/>
    <unidade/>
    <bairro/>
    <localidade/>
    <uf/>
    <estado/>
    <região/>
    <ibge/>
    <gia/>
    <ddd/>
    <siafi/>
  </cep>
  <cep>
    <cep/>
    <logradouro/>
    <complemento/>
    <unidade/>
    <bairro/>
    <localidade/>
    <uf/>
    <estado/>
    <região/>
    <ibge/>
    <gia/>
    <ddd/>
    <siafi/>
  </cep>
  <cep>
    <cep/>
    <logradouro/>
    <complemento/>
    <unidade/>
    <bairro/>
    <localidade/>
    <uf/>
    <estado/>
    <região/>
    <ibge/>
    <gia/>
    <ddd/>
    <siafi/>
  </cep>
  <cep>
    <cep>57086-145</cep>
    <logradouro>Quadra 29</logradouro>
    <complemento>(Lot Bela Vista II)</complemento>
    <unidade/>
    <bairro>Benedito Bentes</bairro>
    <localidade>Maceió</localidade>
    <uf>AL</uf>
    <estado>Alagoas</estado>
    <região/>
    <ibge>2704302</ibge>
    <gia/>
    <ddd>82</ddd>
    <siafi>2785</siafi>
  </cep>
  <cep>
    <cep/>
    <logradouro/>
    <complemento/>
    <unidade/>
    <bairro/>
    <localidade/>
    <uf/>
    <estado/>
    <região/>
    <ibge/>
    <gia/>
    <ddd/>
    <siafi/>
  </cep>
  <cep>
    <cep/>
    <logradouro/>
    <complemento/>
    <unidade/>
    <bairro/>
    <localidade/>
    <uf/>
    <estado/>
    <região/>
    <ibge/>
    <gia/>
    <ddd/>
    <siafi/>
  </cep>
  <cep>
    <cep/>
    <logradouro/>
    <complemento/>
    <unidade/>
    <bairro/>
    <localidade/>
    <uf/>
    <estado/>
    <região/>
    <ibge/>
    <gia/>
    <ddd/>
    <siafi/>
  </cep>
  <cep>
    <cep/>
    <logradouro/>
    <complemento/>
    <unidade/>
    <bairro/>
    <localidade/>
    <uf/>
    <estado/>
    <região/>
    <ibge/>
    <gia/>
    <ddd/>
    <siafi/>
  </cep>
  <cep>
    <cep/>
    <logradouro/>
    <complemento/>
    <unidade/>
    <bairro/>
    <localidade/>
    <uf/>
    <estado/>
    <região/>
    <ibge/>
    <gia/>
    <ddd/>
    <siafi/>
  </cep>
  <cep>
    <cep>57086-146</cep>
    <logradouro>Quadra 23</logradouro>
    <complemento>(Lot Bela Vista II)</complemento>
    <unidade/>
    <bairro>Benedito Bentes</bairro>
    <localidade>Maceió</localidade>
    <uf>AL</uf>
    <estado>Alagoas</estado>
    <região/>
    <ibge>2704302</ibge>
    <gia/>
    <ddd>82</ddd>
    <siafi>2785</siafi>
  </cep>
  <cep>
    <cep/>
    <logradouro/>
    <complemento/>
    <unidade/>
    <bairro/>
    <localidade/>
    <uf/>
    <estado/>
    <região/>
    <ibge/>
    <gia/>
    <ddd/>
    <siafi/>
  </cep>
  <cep>
    <cep/>
    <logradouro/>
    <complemento/>
    <unidade/>
    <bairro/>
    <localidade/>
    <uf/>
    <estado/>
    <região/>
    <ibge/>
    <gia/>
    <ddd/>
    <siafi/>
  </cep>
  <cep>
    <cep/>
    <logradouro/>
    <complemento/>
    <unidade/>
    <bairro/>
    <localidade/>
    <uf/>
    <estado/>
    <região/>
    <ibge/>
    <gia/>
    <ddd/>
    <siafi/>
  </cep>
  <cep>
    <cep>57086-149</cep>
    <logradouro>Quadra E</logradouro>
    <complemento>(Lot Bela Vista II)</complemento>
    <unidade/>
    <bairro>Benedito Bentes</bairro>
    <localidade>Maceió</localidade>
    <uf>AL</uf>
    <estado>Alagoas</estado>
    <região/>
    <ibge>2704302</ibge>
    <gia/>
    <ddd>82</ddd>
    <siafi>2785</siafi>
  </cep>
  <cep>
    <cep>57086-147</cep>
    <logradouro>Quadra D</logradouro>
    <complemento>(Lot Bela Vista II)</complemento>
    <unidade/>
    <bairro>Benedito Bentes</bairro>
    <localidade>Maceió</localidade>
    <uf>AL</uf>
    <estado>Alagoas</estado>
    <região/>
    <ibge>2704302</ibge>
    <gia/>
    <ddd>82</ddd>
    <siafi>2785</siafi>
  </cep>
  <cep>
    <cep/>
    <logradouro/>
    <complemento/>
    <unidade/>
    <bairro/>
    <localidade/>
    <uf/>
    <estado/>
    <região/>
    <ibge/>
    <gia/>
    <ddd/>
    <siafi/>
  </cep>
  <cep>
    <cep/>
    <logradouro/>
    <complemento/>
    <unidade/>
    <bairro/>
    <localidade/>
    <uf/>
    <estado/>
    <região/>
    <ibge/>
    <gia/>
    <ddd/>
    <siafi/>
  </cep>
  <cep>
    <cep>57086-150</cep>
    <logradouro>Quadra 25</logradouro>
    <complemento>(Lot Bela Vista II)</complemento>
    <unidade/>
    <bairro>Benedito Bentes</bairro>
    <localidade>Maceió</localidade>
    <uf>AL</uf>
    <estado>Alagoas</estado>
    <região/>
    <ibge>2704302</ibge>
    <gia/>
    <ddd>82</ddd>
    <siafi>2785</siafi>
  </cep>
  <cep>
    <cep>57086-151</cep>
    <logradouro>Quadra F</logradouro>
    <complemento>(Lot Bela Vista II)</complemento>
    <unidade/>
    <bairro>Benedito Bentes</bairro>
    <localidade>Maceió</localidade>
    <uf>AL</uf>
    <estado>Alagoas</estado>
    <região/>
    <ibge>2704302</ibge>
    <gia/>
    <ddd>82</ddd>
    <siafi>2785</siafi>
  </cep>
  <cep>
    <cep/>
    <logradouro/>
    <complemento/>
    <unidade/>
    <bairro/>
    <localidade/>
    <uf/>
    <estado/>
    <região/>
    <ibge/>
    <gia/>
    <ddd/>
    <siafi/>
  </cep>
  <cep>
    <cep>57086-154</cep>
    <logradouro>Quadra 27</logradouro>
    <complemento>(Lot Bela Vista II)</complemento>
    <unidade/>
    <bairro>Benedito Bentes</bairro>
    <localidade>Maceió</localidade>
    <uf>AL</uf>
    <estado>Alagoas</estado>
    <região/>
    <ibge>2704302</ibge>
    <gia/>
    <ddd>82</ddd>
    <siafi>2785</siafi>
  </cep>
  <cep>
    <cep>57086-153</cep>
    <logradouro>Quadra G</logradouro>
    <complemento>(Lot Bela Vista II)</complemento>
    <unidade/>
    <bairro>Benedito Bentes</bairro>
    <localidade>Maceió</localidade>
    <uf>AL</uf>
    <estado>Alagoas</estado>
    <região/>
    <ibge>2704302</ibge>
    <gia/>
    <ddd>82</ddd>
    <siafi>2785</siafi>
  </cep>
  <cep>
    <cep>57086-155</cep>
    <logradouro>Quadra H</logradouro>
    <complemento>(Lot Bela Vista II)</complemento>
    <unidade/>
    <bairro>Benedito Bentes</bairro>
    <localidade>Maceió</localidade>
    <uf>AL</uf>
    <estado>Alagoas</estado>
    <região/>
    <ibge>2704302</ibge>
    <gia/>
    <ddd>82</ddd>
    <siafi>2785</siafi>
  </cep>
  <cep>
    <cep>57086-152</cep>
    <logradouro>Quadra 26</logradouro>
    <complemento>(Lot Bela Vista II)</complemento>
    <unidade/>
    <bairro>Benedito Bentes</bairro>
    <localidade>Maceió</localidade>
    <uf>AL</uf>
    <estado>Alagoas</estado>
    <região/>
    <ibge>2704302</ibge>
    <gia/>
    <ddd>82</ddd>
    <siafi>2785</siafi>
  </cep>
  <cep>
    <cep>57086-156</cep>
    <logradouro>Quadra 28</logradouro>
    <complemento>(Lot Bela Vista II)</complemento>
    <unidade/>
    <bairro>Benedito Bentes</bairro>
    <localidade>Maceió</localidade>
    <uf>AL</uf>
    <estado>Alagoas</estado>
    <região/>
    <ibge>2704302</ibge>
    <gia/>
    <ddd>82</ddd>
    <siafi>2785</siafi>
  </cep>
  <cep>
    <cep/>
    <logradouro/>
    <complemento/>
    <unidade/>
    <bairro/>
    <localidade/>
    <uf/>
    <estado/>
    <região/>
    <ibge/>
    <gia/>
    <ddd/>
    <siafi/>
  </cep>
  <cep>
    <cep>57086-157</cep>
    <logradouro>Quadra I</logradouro>
    <complemento>(Lot Bela Vista II)</complemento>
    <unidade/>
    <bairro>Benedito Bentes</bairro>
    <localidade>Maceió</localidade>
    <uf>AL</uf>
    <estado>Alagoas</estado>
    <região/>
    <ibge>2704302</ibge>
    <gia/>
    <ddd>82</ddd>
    <siafi>2785</siafi>
  </cep>
  <cep>
    <cep>57086-158</cep>
    <logradouro>Quadra 33</logradouro>
    <complemento>(Lot Bela Vista II)</complemento>
    <unidade/>
    <bairro>Benedito Bentes</bairro>
    <localidade>Maceió</localidade>
    <uf>AL</uf>
    <estado>Alagoas</estado>
    <região/>
    <ibge>2704302</ibge>
    <gia/>
    <ddd>82</ddd>
    <siafi>2785</siafi>
  </cep>
  <cep>
    <cep>57086-159</cep>
    <logradouro>Quadra J</logradouro>
    <complemento>(Lot Bela Vista II)</complemento>
    <unidade/>
    <bairro>Benedito Bentes</bairro>
    <localidade>Maceió</localidade>
    <uf>AL</uf>
    <estado>Alagoas</estado>
    <região/>
    <ibge>2704302</ibge>
    <gia/>
    <ddd>82</ddd>
    <siafi>2785</siafi>
  </cep>
  <cep>
    <cep/>
    <logradouro/>
    <complemento/>
    <unidade/>
    <bairro/>
    <localidade/>
    <uf/>
    <estado/>
    <região/>
    <ibge/>
    <gia/>
    <ddd/>
    <siafi/>
  </cep>
  <cep>
    <cep/>
    <logradouro/>
    <complemento/>
    <unidade/>
    <bairro/>
    <localidade/>
    <uf/>
    <estado/>
    <região/>
    <ibge/>
    <gia/>
    <ddd/>
    <siafi/>
  </cep>
  <cep>
    <cep/>
    <logradouro/>
    <complemento/>
    <unidade/>
    <bairro/>
    <localidade/>
    <uf/>
    <estado/>
    <região/>
    <ibge/>
    <gia/>
    <ddd/>
    <siafi/>
  </cep>
  <cep>
    <cep>57086-160</cep>
    <logradouro>Quadra 34</logradouro>
    <complemento>(Lot Bela Vista II)</complemento>
    <unidade/>
    <bairro>Benedito Bentes</bairro>
    <localidade>Maceió</localidade>
    <uf>AL</uf>
    <estado>Alagoas</estado>
    <região/>
    <ibge>2704302</ibge>
    <gia/>
    <ddd>82</ddd>
    <siafi>2785</siafi>
  </cep>
  <cep>
    <cep/>
    <logradouro/>
    <complemento/>
    <unidade/>
    <bairro/>
    <localidade/>
    <uf/>
    <estado/>
    <região/>
    <ibge/>
    <gia/>
    <ddd/>
    <siafi/>
  </cep>
  <cep>
    <cep>57086-161</cep>
    <logradouro>Quadra L</logradouro>
    <complemento>(Lot Bela Vista II)</complemento>
    <unidade/>
    <bairro>Benedito Bentes</bairro>
    <localidade>Maceió</localidade>
    <uf>AL</uf>
    <estado>Alagoas</estado>
    <região/>
    <ibge>2704302</ibge>
    <gia/>
    <ddd>82</ddd>
    <siafi>2785</siafi>
  </cep>
  <cep>
    <cep>57086-162</cep>
    <logradouro>Quadra 35</logradouro>
    <complemento>(Lot Bela Vista II)</complemento>
    <unidade/>
    <bairro>Benedito Bentes</bairro>
    <localidade>Maceió</localidade>
    <uf>AL</uf>
    <estado>Alagoas</estado>
    <região/>
    <ibge>2704302</ibge>
    <gia/>
    <ddd>82</ddd>
    <siafi>2785</siafi>
  </cep>
  <cep>
    <cep>57086-163</cep>
    <logradouro>Quadra M</logradouro>
    <complemento>(Lot Bela Vista II)</complemento>
    <unidade/>
    <bairro>Benedito Bentes</bairro>
    <localidade>Maceió</localidade>
    <uf>AL</uf>
    <estado>Alagoas</estado>
    <região/>
    <ibge>2704302</ibge>
    <gia/>
    <ddd>82</ddd>
    <siafi>2785</siafi>
  </cep>
  <cep>
    <cep/>
    <logradouro/>
    <complemento/>
    <unidade/>
    <bairro/>
    <localidade/>
    <uf/>
    <estado/>
    <região/>
    <ibge/>
    <gia/>
    <ddd/>
    <siafi/>
  </cep>
  <cep>
    <cep>57086-164</cep>
    <logradouro>Quadra 36</logradouro>
    <complemento>(Lot Bela Vista II)</complemento>
    <unidade/>
    <bairro>Benedito Bentes</bairro>
    <localidade>Maceió</localidade>
    <uf>AL</uf>
    <estado>Alagoas</estado>
    <região/>
    <ibge>2704302</ibge>
    <gia/>
    <ddd>82</ddd>
    <siafi>2785</siafi>
  </cep>
  <cep>
    <cep>57086-165</cep>
    <logradouro>Quadra N</logradouro>
    <complemento>(Lot Bela Vista II)</complemento>
    <unidade/>
    <bairro>Benedito Bentes</bairro>
    <localidade>Maceió</localidade>
    <uf>AL</uf>
    <estado>Alagoas</estado>
    <região/>
    <ibge>2704302</ibge>
    <gia/>
    <ddd>82</ddd>
    <siafi>2785</siafi>
  </cep>
  <cep>
    <cep>57086-166</cep>
    <logradouro>Quadra O</logradouro>
    <complemento>(Lot Bela Vista II)</complemento>
    <unidade/>
    <bairro>Benedito Bentes</bairro>
    <localidade>Maceió</localidade>
    <uf>AL</uf>
    <estado>Alagoas</estado>
    <região/>
    <ibge>2704302</ibge>
    <gia/>
    <ddd>82</ddd>
    <siafi>2785</siafi>
  </cep>
  <cep>
    <cep/>
    <logradouro/>
    <complemento/>
    <unidade/>
    <bairro/>
    <localidade/>
    <uf/>
    <estado/>
    <região/>
    <ibge/>
    <gia/>
    <ddd/>
    <siafi/>
  </cep>
  <cep>
    <cep/>
    <logradouro/>
    <complemento/>
    <unidade/>
    <bairro/>
    <localidade/>
    <uf/>
    <estado/>
    <região/>
    <ibge/>
    <gia/>
    <ddd/>
    <siafi/>
  </cep>
  <cep>
    <cep>57086-167</cep>
    <logradouro>Quadra P</logradouro>
    <complemento>(Lot Bela Vista II)</complemento>
    <unidade/>
    <bairro>Benedito Bentes</bairro>
    <localidade>Maceió</localidade>
    <uf>AL</uf>
    <estado>Alagoas</estado>
    <região/>
    <ibge>2704302</ibge>
    <gia/>
    <ddd>82</ddd>
    <siafi>2785</siafi>
  </cep>
  <cep>
    <cep/>
    <logradouro/>
    <complemento/>
    <unidade/>
    <bairro/>
    <localidade/>
    <uf/>
    <estado/>
    <região/>
    <ibge/>
    <gia/>
    <ddd/>
    <siafi/>
  </cep>
  <cep>
    <cep/>
    <logradouro/>
    <complemento/>
    <unidade/>
    <bairro/>
    <localidade/>
    <uf/>
    <estado/>
    <região/>
    <ibge/>
    <gia/>
    <ddd/>
    <siafi/>
  </cep>
  <cep>
    <cep>57086-168</cep>
    <logradouro>Quadra Q</logradouro>
    <complemento>(Lot Bela Vista II)</complemento>
    <unidade/>
    <bairro>Benedito Bentes</bairro>
    <localidade>Maceió</localidade>
    <uf>AL</uf>
    <estado>Alagoas</estado>
    <região/>
    <ibge>2704302</ibge>
    <gia/>
    <ddd>82</ddd>
    <siafi>2785</siafi>
  </cep>
  <cep>
    <cep>57086-169</cep>
    <logradouro>Quadra R</logradouro>
    <complemento>(Lot Bela Vista II)</complemento>
    <unidade/>
    <bairro>Benedito Bentes</bairro>
    <localidade>Maceió</localidade>
    <uf>AL</uf>
    <estado>Alagoas</estado>
    <região/>
    <ibge>2704302</ibge>
    <gia/>
    <ddd>82</ddd>
    <siafi>2785</siafi>
  </cep>
  <cep>
    <cep/>
    <logradouro/>
    <complemento/>
    <unidade/>
    <bairro/>
    <localidade/>
    <uf/>
    <estado/>
    <região/>
    <ibge/>
    <gia/>
    <ddd/>
    <siafi/>
  </cep>
  <cep>
    <cep>57086-170</cep>
    <logradouro>Quadra 1</logradouro>
    <complemento>(Cj Moacir Andrade)</complemento>
    <unidade/>
    <bairro>Benedito Bentes</bairro>
    <localidade>Maceió</localidade>
    <uf>AL</uf>
    <estado>Alagoas</estado>
    <região/>
    <ibge>2704302</ibge>
    <gia/>
    <ddd>82</ddd>
    <siafi>2785</siafi>
  </cep>
  <cep>
    <cep>57086-172</cep>
    <logradouro>Quadra 2</logradouro>
    <complemento>(Cj Moacir Andrade)</complemento>
    <unidade/>
    <bairro>Benedito Bentes</bairro>
    <localidade>Maceió</localidade>
    <uf>AL</uf>
    <estado>Alagoas</estado>
    <região/>
    <ibge>2704302</ibge>
    <gia/>
    <ddd>82</ddd>
    <siafi>2785</siafi>
  </cep>
  <cep>
    <cep>57086-174</cep>
    <logradouro>Quadra 3</logradouro>
    <complemento>(Cj Moacir Andrade)</complemento>
    <unidade/>
    <bairro>Benedito Bentes</bairro>
    <localidade>Maceió</localidade>
    <uf>AL</uf>
    <estado>Alagoas</estado>
    <região/>
    <ibge>2704302</ibge>
    <gia/>
    <ddd>82</ddd>
    <siafi>2785</siafi>
  </cep>
  <cep>
    <cep>57086-173</cep>
    <logradouro>Quadra A-3</logradouro>
    <complemento>(Cj Moacir Andrade)</complemento>
    <unidade/>
    <bairro>Benedito Bentes</bairro>
    <localidade>Maceió</localidade>
    <uf>AL</uf>
    <estado>Alagoas</estado>
    <região/>
    <ibge>2704302</ibge>
    <gia/>
    <ddd>82</ddd>
    <siafi>2785</siafi>
  </cep>
  <cep>
    <cep>57086-171</cep>
    <logradouro>Rua Antonio Correia Lins</logradouro>
    <complemento>(Cj Moacir Andrade)</complemento>
    <unidade/>
    <bairro>Benedito Bentes</bairro>
    <localidade>Maceió</localidade>
    <uf>AL</uf>
    <estado>Alagoas</estado>
    <região/>
    <ibge>2704302</ibge>
    <gia/>
    <ddd>82</ddd>
    <siafi>2785</siafi>
  </cep>
  <cep>
    <cep/>
    <logradouro/>
    <complemento/>
    <unidade/>
    <bairro/>
    <localidade/>
    <uf/>
    <estado/>
    <região/>
    <ibge/>
    <gia/>
    <ddd/>
    <siafi/>
  </cep>
  <cep>
    <cep>57086-175</cep>
    <logradouro>Avenida Doutor Luiz Rocha Toledo</logradouro>
    <complemento>(Cj Moacir Andrade)</complemento>
    <unidade/>
    <bairro>Benedito Bentes</bairro>
    <localidade>Maceió</localidade>
    <uf>AL</uf>
    <estado>Alagoas</estado>
    <região/>
    <ibge>2704302</ibge>
    <gia/>
    <ddd>82</ddd>
    <siafi>2785</siafi>
  </cep>
  <cep>
    <cep/>
    <logradouro/>
    <complemento/>
    <unidade/>
    <bairro/>
    <localidade/>
    <uf/>
    <estado/>
    <região/>
    <ibge/>
    <gia/>
    <ddd/>
    <siafi/>
  </cep>
  <cep>
    <cep>57086-176</cep>
    <logradouro>Quadra 4</logradouro>
    <complemento>(Cj Moacir Andrade)</complemento>
    <unidade/>
    <bairro>Benedito Bentes</bairro>
    <localidade>Maceió</localidade>
    <uf>AL</uf>
    <estado>Alagoas</estado>
    <região/>
    <ibge>2704302</ibge>
    <gia/>
    <ddd>82</ddd>
    <siafi>2785</siafi>
  </cep>
  <cep>
    <cep>57086-177</cep>
    <logradouro>Quadra A-4</logradouro>
    <complemento>(Cj Moacir Andrade)</complemento>
    <unidade/>
    <bairro>Benedito Bentes</bairro>
    <localidade>Maceió</localidade>
    <uf>AL</uf>
    <estado>Alagoas</estado>
    <região/>
    <ibge>2704302</ibge>
    <gia/>
    <ddd>82</ddd>
    <siafi>2785</siafi>
  </cep>
  <cep>
    <cep>57086-180</cep>
    <logradouro>Quadra 6</logradouro>
    <complemento>(Cj Moacir Andrade)</complemento>
    <unidade/>
    <bairro>Benedito Bentes</bairro>
    <localidade>Maceió</localidade>
    <uf>AL</uf>
    <estado>Alagoas</estado>
    <região/>
    <ibge>2704302</ibge>
    <gia/>
    <ddd>82</ddd>
    <siafi>2785</siafi>
  </cep>
  <cep>
    <cep>57086-178</cep>
    <logradouro>Quadra 5</logradouro>
    <complemento>(Cj Moacir Andrade)</complemento>
    <unidade/>
    <bairro>Benedito Bentes</bairro>
    <localidade>Maceió</localidade>
    <uf>AL</uf>
    <estado>Alagoas</estado>
    <região/>
    <ibge>2704302</ibge>
    <gia/>
    <ddd>82</ddd>
    <siafi>2785</siafi>
  </cep>
  <cep>
    <cep/>
    <logradouro/>
    <complemento/>
    <unidade/>
    <bairro/>
    <localidade/>
    <uf/>
    <estado/>
    <região/>
    <ibge/>
    <gia/>
    <ddd/>
    <siafi/>
  </cep>
  <cep>
    <cep>57086-181</cep>
    <logradouro>Rua Radialista Ferreira Júnior</logradouro>
    <complemento>(Cj Moacir Andrade)</complemento>
    <unidade/>
    <bairro>Benedito Bentes</bairro>
    <localidade>Maceió</localidade>
    <uf>AL</uf>
    <estado>Alagoas</estado>
    <região/>
    <ibge>2704302</ibge>
    <gia/>
    <ddd>82</ddd>
    <siafi>2785</siafi>
  </cep>
  <cep>
    <cep>57086-182</cep>
    <logradouro>Quadra 7</logradouro>
    <complemento>(Cj Moacir Andrade)</complemento>
    <unidade/>
    <bairro>Benedito Bentes</bairro>
    <localidade>Maceió</localidade>
    <uf>AL</uf>
    <estado>Alagoas</estado>
    <região/>
    <ibge>2704302</ibge>
    <gia/>
    <ddd>82</ddd>
    <siafi>2785</siafi>
  </cep>
  <cep>
    <cep>57086-186</cep>
    <logradouro>Quadra 9</logradouro>
    <complemento>(Cj Moacir Andrade)</complemento>
    <unidade/>
    <bairro>Benedito Bentes</bairro>
    <localidade>Maceió</localidade>
    <uf>AL</uf>
    <estado>Alagoas</estado>
    <região/>
    <ibge>2704302</ibge>
    <gia/>
    <ddd>82</ddd>
    <siafi>2785</siafi>
  </cep>
  <cep>
    <cep>57086-188</cep>
    <logradouro>Rua K</logradouro>
    <complemento>(Cj Moacir Andrade)</complemento>
    <unidade/>
    <bairro>Benedito Bentes</bairro>
    <localidade>Maceió</localidade>
    <uf>AL</uf>
    <estado>Alagoas</estado>
    <região/>
    <ibge>2704302</ibge>
    <gia/>
    <ddd>82</ddd>
    <siafi>2785</siafi>
  </cep>
  <cep>
    <cep>57086-190</cep>
    <logradouro>Quadra 11</logradouro>
    <complemento>(Cj Moacir Andrade)</complemento>
    <unidade/>
    <bairro>Benedito Bentes</bairro>
    <localidade>Maceió</localidade>
    <uf>AL</uf>
    <estado>Alagoas</estado>
    <região/>
    <ibge>2704302</ibge>
    <gia/>
    <ddd>82</ddd>
    <siafi>2785</siafi>
  </cep>
  <cep>
    <cep>57086-192</cep>
    <logradouro>Quadra 12</logradouro>
    <complemento>(Cj Moacir Andrade)</complemento>
    <unidade/>
    <bairro>Benedito Bentes</bairro>
    <localidade>Maceió</localidade>
    <uf>AL</uf>
    <estado>Alagoas</estado>
    <região/>
    <ibge>2704302</ibge>
    <gia/>
    <ddd>82</ddd>
    <siafi>2785</siafi>
  </cep>
  <cep>
    <cep>57086-194</cep>
    <logradouro>Quadra 13</logradouro>
    <complemento>(Cj Moacir Andrade)</complemento>
    <unidade/>
    <bairro>Benedito Bentes</bairro>
    <localidade>Maceió</localidade>
    <uf>AL</uf>
    <estado>Alagoas</estado>
    <região/>
    <ibge>2704302</ibge>
    <gia/>
    <ddd>82</ddd>
    <siafi>2785</siafi>
  </cep>
  <cep>
    <cep/>
    <logradouro/>
    <complemento/>
    <unidade/>
    <bairro/>
    <localidade/>
    <uf/>
    <estado/>
    <região/>
    <ibge/>
    <gia/>
    <ddd/>
    <siafi/>
  </cep>
  <cep>
    <cep>57086-196</cep>
    <logradouro>Quadra 14</logradouro>
    <complemento>(Cj Moacir Andrade)</complemento>
    <unidade/>
    <bairro>Benedito Bentes</bairro>
    <localidade>Maceió</localidade>
    <uf>AL</uf>
    <estado>Alagoas</estado>
    <região/>
    <ibge>2704302</ibge>
    <gia/>
    <ddd>82</ddd>
    <siafi>2785</siafi>
  </cep>
  <cep>
    <cep/>
    <logradouro/>
    <complemento/>
    <unidade/>
    <bairro/>
    <localidade/>
    <uf/>
    <estado/>
    <região/>
    <ibge/>
    <gia/>
    <ddd/>
    <siafi/>
  </cep>
  <cep>
    <cep>57086-198</cep>
    <logradouro>Quadra 15</logradouro>
    <complemento>(Cj Moacir Andrade)</complemento>
    <unidade/>
    <bairro>Benedito Bentes</bairro>
    <localidade>Maceió</localidade>
    <uf>AL</uf>
    <estado>Alagoas</estado>
    <região/>
    <ibge>2704302</ibge>
    <gia/>
    <ddd>82</ddd>
    <siafi>2785</siafi>
  </cep>
  <cep>
    <cep>57086-200</cep>
    <logradouro>Quadra 16</logradouro>
    <complemento>(Cj Moacir Andrade)</complemento>
    <unidade/>
    <bairro>Benedito Bentes</bairro>
    <localidade>Maceió</localidade>
    <uf>AL</uf>
    <estado>Alagoas</estado>
    <região/>
    <ibge>2704302</ibge>
    <gia/>
    <ddd>82</ddd>
    <siafi>2785</siafi>
  </cep>
  <cep>
    <cep>57086-201</cep>
    <logradouro>Avenida do Futuro</logradouro>
    <complemento/>
    <unidade/>
    <bairro>Benedito Bentes</bairro>
    <localidade>Maceió</localidade>
    <uf>AL</uf>
    <estado>Alagoas</estado>
    <região/>
    <ibge>2704302</ibge>
    <gia/>
    <ddd>82</ddd>
    <siafi>2785</siafi>
  </cep>
  <cep>
    <cep/>
    <logradouro/>
    <complemento/>
    <unidade/>
    <bairro/>
    <localidade/>
    <uf/>
    <estado/>
    <região/>
    <ibge/>
    <gia/>
    <ddd/>
    <siafi/>
  </cep>
  <cep>
    <cep>57086-202</cep>
    <logradouro>Rua A</logradouro>
    <complemento>(Cj Depa Selma Bandeira)</complemento>
    <unidade/>
    <bairro>Benedito Bentes</bairro>
    <localidade>Maceió</localidade>
    <uf>AL</uf>
    <estado>Alagoas</estado>
    <região/>
    <ibge>2704302</ibge>
    <gia/>
    <ddd>82</ddd>
    <siafi>2785</siafi>
  </cep>
  <cep>
    <cep/>
    <logradouro/>
    <complemento/>
    <unidade/>
    <bairro/>
    <localidade/>
    <uf/>
    <estado/>
    <região/>
    <ibge/>
    <gia/>
    <ddd/>
    <siafi/>
  </cep>
  <cep>
    <cep>57086-206</cep>
    <logradouro>Rua C</logradouro>
    <complemento>(Cj Depa Selma Bandeira)</complemento>
    <unidade/>
    <bairro>Benedito Bentes</bairro>
    <localidade>Maceió</localidade>
    <uf>AL</uf>
    <estado>Alagoas</estado>
    <região/>
    <ibge>2704302</ibge>
    <gia/>
    <ddd>82</ddd>
    <siafi>2785</siafi>
  </cep>
  <cep>
    <cep>57086-210</cep>
    <logradouro>Rua E</logradouro>
    <complemento>(Cj Depa Selma Bandeira)</complemento>
    <unidade/>
    <bairro>Benedito Bentes</bairro>
    <localidade>Maceió</localidade>
    <uf>AL</uf>
    <estado>Alagoas</estado>
    <região/>
    <ibge>2704302</ibge>
    <gia/>
    <ddd>82</ddd>
    <siafi>2785</siafi>
  </cep>
  <cep>
    <cep>57086-208</cep>
    <logradouro>Rua D</logradouro>
    <complemento>(Cj Depa Selma Bandeira)</complemento>
    <unidade/>
    <bairro>Benedito Bentes</bairro>
    <localidade>Maceió</localidade>
    <uf>AL</uf>
    <estado>Alagoas</estado>
    <região/>
    <ibge>2704302</ibge>
    <gia/>
    <ddd>82</ddd>
    <siafi>2785</siafi>
  </cep>
  <cep>
    <cep>57086-204</cep>
    <logradouro>Rua B</logradouro>
    <complemento>(Cj Depa Selma Bandeira)</complemento>
    <unidade/>
    <bairro>Benedito Bentes</bairro>
    <localidade>Maceió</localidade>
    <uf>AL</uf>
    <estado>Alagoas</estado>
    <região/>
    <ibge>2704302</ibge>
    <gia/>
    <ddd>82</ddd>
    <siafi>2785</siafi>
  </cep>
  <cep>
    <cep>57086-212</cep>
    <logradouro>Rua F</logradouro>
    <complemento>(Cj Depa Selma Bandeira)</complemento>
    <unidade/>
    <bairro>Benedito Bentes</bairro>
    <localidade>Maceió</localidade>
    <uf>AL</uf>
    <estado>Alagoas</estado>
    <região/>
    <ibge>2704302</ibge>
    <gia/>
    <ddd>82</ddd>
    <siafi>2785</siafi>
  </cep>
  <cep>
    <cep>57086-214</cep>
    <logradouro>Rua G</logradouro>
    <complemento>(Cj Depa Selma Bandeira)</complemento>
    <unidade/>
    <bairro>Benedito Bentes</bairro>
    <localidade>Maceió</localidade>
    <uf>AL</uf>
    <estado>Alagoas</estado>
    <região/>
    <ibge>2704302</ibge>
    <gia/>
    <ddd>82</ddd>
    <siafi>2785</siafi>
  </cep>
  <cep>
    <cep>57086-216</cep>
    <logradouro>Rua H</logradouro>
    <complemento>(Cj Depa Selma Bandeira)</complemento>
    <unidade/>
    <bairro>Benedito Bentes</bairro>
    <localidade>Maceió</localidade>
    <uf>AL</uf>
    <estado>Alagoas</estado>
    <região/>
    <ibge>2704302</ibge>
    <gia/>
    <ddd>82</ddd>
    <siafi>2785</siafi>
  </cep>
  <cep>
    <cep>57086-218</cep>
    <logradouro>Rua J</logradouro>
    <complemento>(Cj Depa Selma Bandeira)</complemento>
    <unidade/>
    <bairro>Benedito Bentes</bairro>
    <localidade>Maceió</localidade>
    <uf>AL</uf>
    <estado>Alagoas</estado>
    <região/>
    <ibge>2704302</ibge>
    <gia/>
    <ddd>82</ddd>
    <siafi>2785</siafi>
  </cep>
  <cep>
    <cep>57086-220</cep>
    <logradouro>Rua L</logradouro>
    <complemento>(Cj Depa Selma Bandeira)</complemento>
    <unidade/>
    <bairro>Benedito Bentes</bairro>
    <localidade>Maceió</localidade>
    <uf>AL</uf>
    <estado>Alagoas</estado>
    <região/>
    <ibge>2704302</ibge>
    <gia/>
    <ddd>82</ddd>
    <siafi>2785</siafi>
  </cep>
  <cep>
    <cep/>
    <logradouro/>
    <complemento/>
    <unidade/>
    <bairro/>
    <localidade/>
    <uf/>
    <estado/>
    <região/>
    <ibge/>
    <gia/>
    <ddd/>
    <siafi/>
  </cep>
  <cep>
    <cep>57086-222</cep>
    <logradouro>Rua M</logradouro>
    <complemento>(Cj Depa Selma Bandeira)</complemento>
    <unidade/>
    <bairro>Benedito Bentes</bairro>
    <localidade>Maceió</localidade>
    <uf>AL</uf>
    <estado>Alagoas</estado>
    <região/>
    <ibge>2704302</ibge>
    <gia/>
    <ddd>82</ddd>
    <siafi>2785</siafi>
  </cep>
  <cep>
    <cep>57086-224</cep>
    <logradouro>Rua N</logradouro>
    <complemento>(Cj Depa Selma Bandeira)</complemento>
    <unidade/>
    <bairro>Benedito Bentes</bairro>
    <localidade>Maceió</localidade>
    <uf>AL</uf>
    <estado>Alagoas</estado>
    <região/>
    <ibge>2704302</ibge>
    <gia/>
    <ddd>82</ddd>
    <siafi>2785</siafi>
  </cep>
  <cep>
    <cep/>
    <logradouro/>
    <complemento/>
    <unidade/>
    <bairro/>
    <localidade/>
    <uf/>
    <estado/>
    <região/>
    <ibge/>
    <gia/>
    <ddd/>
    <siafi/>
  </cep>
  <cep>
    <cep>57086-226</cep>
    <logradouro>Rua O</logradouro>
    <complemento>(Cj Depa Selma Bandeira)</complemento>
    <unidade/>
    <bairro>Benedito Bentes</bairro>
    <localidade>Maceió</localidade>
    <uf>AL</uf>
    <estado>Alagoas</estado>
    <região/>
    <ibge>2704302</ibge>
    <gia/>
    <ddd>82</ddd>
    <siafi>2785</siafi>
  </cep>
  <cep>
    <cep>57086-228</cep>
    <logradouro>Rua P</logradouro>
    <complemento>(Cj Depa Selma Bandeira)</complemento>
    <unidade/>
    <bairro>Benedito Bentes</bairro>
    <localidade>Maceió</localidade>
    <uf>AL</uf>
    <estado>Alagoas</estado>
    <região/>
    <ibge>2704302</ibge>
    <gia/>
    <ddd>82</ddd>
    <siafi>2785</siafi>
  </cep>
  <cep>
    <cep>57086-232</cep>
    <logradouro>Rua R</logradouro>
    <complemento>(Cj Depa Selma Bandeira)</complemento>
    <unidade/>
    <bairro>Benedito Bentes</bairro>
    <localidade>Maceió</localidade>
    <uf>AL</uf>
    <estado>Alagoas</estado>
    <região/>
    <ibge>2704302</ibge>
    <gia/>
    <ddd>82</ddd>
    <siafi>2785</siafi>
  </cep>
  <cep>
    <cep>57086-233</cep>
    <logradouro>Rua S</logradouro>
    <complemento>(Cj Depa Selma Bandeira)</complemento>
    <unidade/>
    <bairro>Benedito Bentes</bairro>
    <localidade>Maceió</localidade>
    <uf>AL</uf>
    <estado>Alagoas</estado>
    <região/>
    <ibge>2704302</ibge>
    <gia/>
    <ddd>82</ddd>
    <siafi>2785</siafi>
  </cep>
  <cep>
    <cep>57086-230</cep>
    <logradouro>Rua Q</logradouro>
    <complemento>(Cj Depa Selma Bandeira)</complemento>
    <unidade/>
    <bairro>Benedito Bentes</bairro>
    <localidade>Maceió</localidade>
    <uf>AL</uf>
    <estado>Alagoas</estado>
    <região/>
    <ibge>2704302</ibge>
    <gia/>
    <ddd>82</ddd>
    <siafi>2785</siafi>
  </cep>
  <cep>
    <cep>57086-236</cep>
    <logradouro>Rua U</logradouro>
    <complemento>(Cj Depa Selma Bandeira)</complemento>
    <unidade/>
    <bairro>Benedito Bentes</bairro>
    <localidade>Maceió</localidade>
    <uf>AL</uf>
    <estado>Alagoas</estado>
    <região/>
    <ibge>2704302</ibge>
    <gia/>
    <ddd>82</ddd>
    <siafi>2785</siafi>
  </cep>
  <cep>
    <cep>57086-234</cep>
    <logradouro>Quadra T</logradouro>
    <complemento>(Cj Depa Selma Bandeira)</complemento>
    <unidade/>
    <bairro>Benedito Bentes</bairro>
    <localidade>Maceió</localidade>
    <uf>AL</uf>
    <estado>Alagoas</estado>
    <região/>
    <ibge>2704302</ibge>
    <gia/>
    <ddd>82</ddd>
    <siafi>2785</siafi>
  </cep>
  <cep>
    <cep>57086-238</cep>
    <logradouro>Rua V</logradouro>
    <complemento>(Cj Depa Selma Bandeira)</complemento>
    <unidade/>
    <bairro>Benedito Bentes</bairro>
    <localidade>Maceió</localidade>
    <uf>AL</uf>
    <estado>Alagoas</estado>
    <região/>
    <ibge>2704302</ibge>
    <gia/>
    <ddd>82</ddd>
    <siafi>2785</siafi>
  </cep>
  <cep>
    <cep>57086-240</cep>
    <logradouro>Rua W</logradouro>
    <complemento>(Cj Depa Selma Bandeira)</complemento>
    <unidade/>
    <bairro>Benedito Bentes</bairro>
    <localidade>Maceió</localidade>
    <uf>AL</uf>
    <estado>Alagoas</estado>
    <região/>
    <ibge>2704302</ibge>
    <gia/>
    <ddd>82</ddd>
    <siafi>2785</siafi>
  </cep>
  <cep>
    <cep/>
    <logradouro/>
    <complemento/>
    <unidade/>
    <bairro/>
    <localidade/>
    <uf/>
    <estado/>
    <região/>
    <ibge/>
    <gia/>
    <ddd/>
    <siafi/>
  </cep>
  <cep>
    <cep>57086-244</cep>
    <logradouro>Rua B-1</logradouro>
    <complemento>(Cj Depa Selma Bandeira)</complemento>
    <unidade/>
    <bairro>Benedito Bentes</bairro>
    <localidade>Maceió</localidade>
    <uf>AL</uf>
    <estado>Alagoas</estado>
    <região/>
    <ibge>2704302</ibge>
    <gia/>
    <ddd>82</ddd>
    <siafi>2785</siafi>
  </cep>
  <cep>
    <cep>57086-242</cep>
    <logradouro>Rua A-1</logradouro>
    <complemento>(Cj Depa Selma Bandeira)</complemento>
    <unidade/>
    <bairro>Benedito Bentes</bairro>
    <localidade>Maceió</localidade>
    <uf>AL</uf>
    <estado>Alagoas</estado>
    <região/>
    <ibge>2704302</ibge>
    <gia/>
    <ddd>82</ddd>
    <siafi>2785</siafi>
  </cep>
  <cep>
    <cep>57086-246</cep>
    <logradouro>Rua C-1</logradouro>
    <complemento>(Cj Depa Selma Bandeira)</complemento>
    <unidade/>
    <bairro>Benedito Bentes</bairro>
    <localidade>Maceió</localidade>
    <uf>AL</uf>
    <estado>Alagoas</estado>
    <região/>
    <ibge>2704302</ibge>
    <gia/>
    <ddd>82</ddd>
    <siafi>2785</siafi>
  </cep>
  <cep>
    <cep>57086-252</cep>
    <logradouro>Rua F-1</logradouro>
    <complemento>(Cj Depa Selma Bandeira)</complemento>
    <unidade/>
    <bairro>Benedito Bentes</bairro>
    <localidade>Maceió</localidade>
    <uf>AL</uf>
    <estado>Alagoas</estado>
    <região/>
    <ibge>2704302</ibge>
    <gia/>
    <ddd>82</ddd>
    <siafi>2785</siafi>
  </cep>
  <cep>
    <cep>57086-256</cep>
    <logradouro>Rua H-1</logradouro>
    <complemento>(Cj Depa Selma Bandeira)</complemento>
    <unidade/>
    <bairro>Benedito Bentes</bairro>
    <localidade>Maceió</localidade>
    <uf>AL</uf>
    <estado>Alagoas</estado>
    <região/>
    <ibge>2704302</ibge>
    <gia/>
    <ddd>82</ddd>
    <siafi>2785</siafi>
  </cep>
  <cep>
    <cep>57086-250</cep>
    <logradouro>Rua E-1</logradouro>
    <complemento>(Cj Depa Selma Bandeira)</complemento>
    <unidade/>
    <bairro>Benedito Bentes</bairro>
    <localidade>Maceió</localidade>
    <uf>AL</uf>
    <estado>Alagoas</estado>
    <região/>
    <ibge>2704302</ibge>
    <gia/>
    <ddd>82</ddd>
    <siafi>2785</siafi>
  </cep>
  <cep>
    <cep>57086-248</cep>
    <logradouro>Rua D-1</logradouro>
    <complemento>(Cj Depa Selma Bandeira)</complemento>
    <unidade/>
    <bairro>Benedito Bentes</bairro>
    <localidade>Maceió</localidade>
    <uf>AL</uf>
    <estado>Alagoas</estado>
    <região/>
    <ibge>2704302</ibge>
    <gia/>
    <ddd>82</ddd>
    <siafi>2785</siafi>
  </cep>
  <cep>
    <cep>57086-254</cep>
    <logradouro>Rua G-1</logradouro>
    <complemento>(Cj Depa Selma Bandeira)</complemento>
    <unidade/>
    <bairro>Benedito Bentes</bairro>
    <localidade>Maceió</localidade>
    <uf>AL</uf>
    <estado>Alagoas</estado>
    <região/>
    <ibge>2704302</ibge>
    <gia/>
    <ddd>82</ddd>
    <siafi>2785</siafi>
  </cep>
  <cep>
    <cep>57086-258</cep>
    <logradouro>Rua I-1</logradouro>
    <complemento>(Cj Depa Selma Bandeira)</complemento>
    <unidade/>
    <bairro>Benedito Bentes</bairro>
    <localidade>Maceió</localidade>
    <uf>AL</uf>
    <estado>Alagoas</estado>
    <região/>
    <ibge>2704302</ibge>
    <gia/>
    <ddd>82</ddd>
    <siafi>2785</siafi>
  </cep>
  <cep>
    <cep>57086-260</cep>
    <logradouro>Rua J-1</logradouro>
    <complemento>(Cj Depa Selma Bandeira)</complemento>
    <unidade/>
    <bairro>Benedito Bentes</bairro>
    <localidade>Maceió</localidade>
    <uf>AL</uf>
    <estado>Alagoas</estado>
    <região/>
    <ibge>2704302</ibge>
    <gia/>
    <ddd>82</ddd>
    <siafi>2785</siafi>
  </cep>
  <cep>
    <cep/>
    <logradouro/>
    <complemento/>
    <unidade/>
    <bairro/>
    <localidade/>
    <uf/>
    <estado/>
    <região/>
    <ibge/>
    <gia/>
    <ddd/>
    <siafi/>
  </cep>
  <cep>
    <cep/>
    <logradouro/>
    <complemento/>
    <unidade/>
    <bairro/>
    <localidade/>
    <uf/>
    <estado/>
    <região/>
    <ibge/>
    <gia/>
    <ddd/>
    <siafi/>
  </cep>
  <cep>
    <cep>57086-262</cep>
    <logradouro>Rua L-1</logradouro>
    <complemento>(Cj Depa Selma Bandeira)</complemento>
    <unidade/>
    <bairro>Benedito Bentes</bairro>
    <localidade>Maceió</localidade>
    <uf>AL</uf>
    <estado>Alagoas</estado>
    <região/>
    <ibge>2704302</ibge>
    <gia/>
    <ddd>82</ddd>
    <siafi>2785</siafi>
  </cep>
  <cep>
    <cep/>
    <logradouro/>
    <complemento/>
    <unidade/>
    <bairro/>
    <localidade/>
    <uf/>
    <estado/>
    <região/>
    <ibge/>
    <gia/>
    <ddd/>
    <siafi/>
  </cep>
  <cep>
    <cep>57086-264</cep>
    <logradouro>Rua M-1</logradouro>
    <complemento>(Cj Depa Selma Bandeira)</complemento>
    <unidade/>
    <bairro>Benedito Bentes</bairro>
    <localidade>Maceió</localidade>
    <uf>AL</uf>
    <estado>Alagoas</estado>
    <região/>
    <ibge>2704302</ibge>
    <gia/>
    <ddd>82</ddd>
    <siafi>2785</siafi>
  </cep>
  <cep>
    <cep>57086-266</cep>
    <logradouro>Rua N-1</logradouro>
    <complemento>(Cj Depa Selma Bandeira)</complemento>
    <unidade/>
    <bairro>Benedito Bentes</bairro>
    <localidade>Maceió</localidade>
    <uf>AL</uf>
    <estado>Alagoas</estado>
    <região/>
    <ibge>2704302</ibge>
    <gia/>
    <ddd>82</ddd>
    <siafi>2785</siafi>
  </cep>
  <cep>
    <cep>57086-268</cep>
    <logradouro>Rua O-1</logradouro>
    <complemento>(Cj Depa Selma Bandeira)</complemento>
    <unidade/>
    <bairro>Benedito Bentes</bairro>
    <localidade>Maceió</localidade>
    <uf>AL</uf>
    <estado>Alagoas</estado>
    <região/>
    <ibge>2704302</ibge>
    <gia/>
    <ddd>82</ddd>
    <siafi>2785</siafi>
  </cep>
  <cep>
    <cep>57086-270</cep>
    <logradouro>Rua P-1</logradouro>
    <complemento>(Cj Depa Selma Bandeira)</complemento>
    <unidade/>
    <bairro>Benedito Bentes</bairro>
    <localidade>Maceió</localidade>
    <uf>AL</uf>
    <estado>Alagoas</estado>
    <região/>
    <ibge>2704302</ibge>
    <gia/>
    <ddd>82</ddd>
    <siafi>2785</siafi>
  </cep>
  <cep>
    <cep>57086-272</cep>
    <logradouro>Rua Q-1</logradouro>
    <complemento>(Cj Depa Selma Bandeira)</complemento>
    <unidade/>
    <bairro>Benedito Bentes</bairro>
    <localidade>Maceió</localidade>
    <uf>AL</uf>
    <estado>Alagoas</estado>
    <região/>
    <ibge>2704302</ibge>
    <gia/>
    <ddd>82</ddd>
    <siafi>2785</siafi>
  </cep>
  <cep>
    <cep>57086-273</cep>
    <logradouro>Rua Y</logradouro>
    <complemento>(Cj Depa Selma Bandeira)</complemento>
    <unidade/>
    <bairro>Benedito Bentes</bairro>
    <localidade>Maceió</localidade>
    <uf>AL</uf>
    <estado>Alagoas</estado>
    <região/>
    <ibge>2704302</ibge>
    <gia/>
    <ddd>82</ddd>
    <siafi>2785</siafi>
  </cep>
  <cep>
    <cep/>
    <logradouro/>
    <complemento/>
    <unidade/>
    <bairro/>
    <localidade/>
    <uf/>
    <estado/>
    <região/>
    <ibge/>
    <gia/>
    <ddd/>
    <siafi/>
  </cep>
  <cep>
    <cep/>
    <logradouro/>
    <complemento/>
    <unidade/>
    <bairro/>
    <localidade/>
    <uf/>
    <estado/>
    <região/>
    <ibge/>
    <gia/>
    <ddd/>
    <siafi/>
  </cep>
  <cep>
    <cep>57086-274</cep>
    <logradouro>Rua S-1</logradouro>
    <complemento>(Cj Depa Selma Bandeira)</complemento>
    <unidade/>
    <bairro>Benedito Bentes</bairro>
    <localidade>Maceió</localidade>
    <uf>AL</uf>
    <estado>Alagoas</estado>
    <região/>
    <ibge>2704302</ibge>
    <gia/>
    <ddd>82</ddd>
    <siafi>2785</siafi>
  </cep>
  <cep>
    <cep>57086-275</cep>
    <logradouro>Quadra X</logradouro>
    <complemento>(Cj Depa Selma Bandeira)</complemento>
    <unidade/>
    <bairro>Benedito Bentes</bairro>
    <localidade>Maceió</localidade>
    <uf>AL</uf>
    <estado>Alagoas</estado>
    <região/>
    <ibge>2704302</ibge>
    <gia/>
    <ddd>82</ddd>
    <siafi>2785</siafi>
  </cep>
  <cep>
    <cep>57086-276</cep>
    <logradouro>Rua T-1</logradouro>
    <complemento>(Cj Depa Selma Bandeira)</complemento>
    <unidade/>
    <bairro>Benedito Bentes</bairro>
    <localidade>Maceió</localidade>
    <uf>AL</uf>
    <estado>Alagoas</estado>
    <região/>
    <ibge>2704302</ibge>
    <gia/>
    <ddd>82</ddd>
    <siafi>2785</siafi>
  </cep>
  <cep>
    <cep>57086-277</cep>
    <logradouro>Quadra X-1</logradouro>
    <complemento>(Cj Depa Selma Bandeira)</complemento>
    <unidade/>
    <bairro>Benedito Bentes</bairro>
    <localidade>Maceió</localidade>
    <uf>AL</uf>
    <estado>Alagoas</estado>
    <região/>
    <ibge>2704302</ibge>
    <gia/>
    <ddd>82</ddd>
    <siafi>2785</siafi>
  </cep>
  <cep>
    <cep>57086-279</cep>
    <logradouro>Rua Z</logradouro>
    <complemento>(Cj Depa Selma Bandeira)</complemento>
    <unidade/>
    <bairro>Benedito Bentes</bairro>
    <localidade>Maceió</localidade>
    <uf>AL</uf>
    <estado>Alagoas</estado>
    <região/>
    <ibge>2704302</ibge>
    <gia/>
    <ddd>82</ddd>
    <siafi>2785</siafi>
  </cep>
  <cep>
    <cep>57086-278</cep>
    <logradouro>Rua U-1</logradouro>
    <complemento>(Cj Depa Selma Bandeira)</complemento>
    <unidade/>
    <bairro>Benedito Bentes</bairro>
    <localidade>Maceió</localidade>
    <uf>AL</uf>
    <estado>Alagoas</estado>
    <região/>
    <ibge>2704302</ibge>
    <gia/>
    <ddd>82</ddd>
    <siafi>2785</siafi>
  </cep>
  <cep>
    <cep>57086-280</cep>
    <logradouro>Rua V-1</logradouro>
    <complemento>(Cj Depa Selma Bandeira)</complemento>
    <unidade/>
    <bairro>Benedito Bentes</bairro>
    <localidade>Maceió</localidade>
    <uf>AL</uf>
    <estado>Alagoas</estado>
    <região/>
    <ibge>2704302</ibge>
    <gia/>
    <ddd>82</ddd>
    <siafi>2785</siafi>
  </cep>
  <cep>
    <cep>57086-281</cep>
    <logradouro>Quadra Z-1</logradouro>
    <complemento>(Cj Depa Selma Bandeira)</complemento>
    <unidade/>
    <bairro>Benedito Bentes</bairro>
    <localidade>Maceió</localidade>
    <uf>AL</uf>
    <estado>Alagoas</estado>
    <região/>
    <ibge>2704302</ibge>
    <gia/>
    <ddd>82</ddd>
    <siafi>2785</siafi>
  </cep>
  <cep>
    <cep>57086-282</cep>
    <logradouro>Quadra 1</logradouro>
    <complemento>(Cj Paulo Bandeira)</complemento>
    <unidade/>
    <bairro>Benedito Bentes</bairro>
    <localidade>Maceió</localidade>
    <uf>AL</uf>
    <estado>Alagoas</estado>
    <região/>
    <ibge>2704302</ibge>
    <gia/>
    <ddd>82</ddd>
    <siafi>2785</siafi>
  </cep>
  <cep>
    <cep>57086-284</cep>
    <logradouro>Quadra 2</logradouro>
    <complemento>(Cj Paulo Bandeira)</complemento>
    <unidade/>
    <bairro>Benedito Bentes</bairro>
    <localidade>Maceió</localidade>
    <uf>AL</uf>
    <estado>Alagoas</estado>
    <região/>
    <ibge>2704302</ibge>
    <gia/>
    <ddd>82</ddd>
    <siafi>2785</siafi>
  </cep>
  <cep>
    <cep>57086-288</cep>
    <logradouro>Quadra 4</logradouro>
    <complemento>(Cj Paulo Bandeira)</complemento>
    <unidade/>
    <bairro>Benedito Bentes</bairro>
    <localidade>Maceió</localidade>
    <uf>AL</uf>
    <estado>Alagoas</estado>
    <região/>
    <ibge>2704302</ibge>
    <gia/>
    <ddd>82</ddd>
    <siafi>2785</siafi>
  </cep>
  <cep>
    <cep>57086-286</cep>
    <logradouro>Quadra 3</logradouro>
    <complemento>(Cj Paulo Bandeira)</complemento>
    <unidade/>
    <bairro>Benedito Bentes</bairro>
    <localidade>Maceió</localidade>
    <uf>AL</uf>
    <estado>Alagoas</estado>
    <região/>
    <ibge>2704302</ibge>
    <gia/>
    <ddd>82</ddd>
    <siafi>2785</siafi>
  </cep>
  <cep>
    <cep>57086-290</cep>
    <logradouro>Quadra 5</logradouro>
    <complemento>(Cj Paulo Bandeira)</complemento>
    <unidade/>
    <bairro>Benedito Bentes</bairro>
    <localidade>Maceió</localidade>
    <uf>AL</uf>
    <estado>Alagoas</estado>
    <região/>
    <ibge>2704302</ibge>
    <gia/>
    <ddd>82</ddd>
    <siafi>2785</siafi>
  </cep>
  <cep>
    <cep>57086-294</cep>
    <logradouro>Quadra 7</logradouro>
    <complemento>(Cj Paulo Bandeira)</complemento>
    <unidade/>
    <bairro>Benedito Bentes</bairro>
    <localidade>Maceió</localidade>
    <uf>AL</uf>
    <estado>Alagoas</estado>
    <região/>
    <ibge>2704302</ibge>
    <gia/>
    <ddd>82</ddd>
    <siafi>2785</siafi>
  </cep>
  <cep>
    <cep>57086-302</cep>
    <logradouro>Quadra 11</logradouro>
    <complemento>(Cj Paulo Bandeira)</complemento>
    <unidade/>
    <bairro>Benedito Bentes</bairro>
    <localidade>Maceió</localidade>
    <uf>AL</uf>
    <estado>Alagoas</estado>
    <região/>
    <ibge>2704302</ibge>
    <gia/>
    <ddd>82</ddd>
    <siafi>2785</siafi>
  </cep>
  <cep>
    <cep>57086-298</cep>
    <logradouro>Quadra 9</logradouro>
    <complemento>(Cj Paulo Bandeira)</complemento>
    <unidade/>
    <bairro>Benedito Bentes</bairro>
    <localidade>Maceió</localidade>
    <uf>AL</uf>
    <estado>Alagoas</estado>
    <região/>
    <ibge>2704302</ibge>
    <gia/>
    <ddd>82</ddd>
    <siafi>2785</siafi>
  </cep>
  <cep>
    <cep>57086-308</cep>
    <logradouro>Quadra 14</logradouro>
    <complemento>(Cj Paulo Bandeira)</complemento>
    <unidade/>
    <bairro>Benedito Bentes</bairro>
    <localidade>Maceió</localidade>
    <uf>AL</uf>
    <estado>Alagoas</estado>
    <região/>
    <ibge>2704302</ibge>
    <gia/>
    <ddd>82</ddd>
    <siafi>2785</siafi>
  </cep>
  <cep>
    <cep>57086-306</cep>
    <logradouro>Quadra 13</logradouro>
    <complemento>(Cj Paulo Bandeira)</complemento>
    <unidade/>
    <bairro>Benedito Bentes</bairro>
    <localidade>Maceió</localidade>
    <uf>AL</uf>
    <estado>Alagoas</estado>
    <região/>
    <ibge>2704302</ibge>
    <gia/>
    <ddd>82</ddd>
    <siafi>2785</siafi>
  </cep>
  <cep>
    <cep>57086-314</cep>
    <logradouro>Quadra 17</logradouro>
    <complemento>(Cj Paulo Bandeira)</complemento>
    <unidade/>
    <bairro>Benedito Bentes</bairro>
    <localidade>Maceió</localidade>
    <uf>AL</uf>
    <estado>Alagoas</estado>
    <região/>
    <ibge>2704302</ibge>
    <gia/>
    <ddd>82</ddd>
    <siafi>2785</siafi>
  </cep>
  <cep>
    <cep>57086-318</cep>
    <logradouro>Quadra 19</logradouro>
    <complemento>(Cj Paulo Bandeira)</complemento>
    <unidade/>
    <bairro>Benedito Bentes</bairro>
    <localidade>Maceió</localidade>
    <uf>AL</uf>
    <estado>Alagoas</estado>
    <região/>
    <ibge>2704302</ibge>
    <gia/>
    <ddd>82</ddd>
    <siafi>2785</siafi>
  </cep>
  <cep>
    <cep>57086-310</cep>
    <logradouro>Quadra 15</logradouro>
    <complemento>(Cj Paulo Bandeira)</complemento>
    <unidade/>
    <bairro>Benedito Bentes</bairro>
    <localidade>Maceió</localidade>
    <uf>AL</uf>
    <estado>Alagoas</estado>
    <região/>
    <ibge>2704302</ibge>
    <gia/>
    <ddd>82</ddd>
    <siafi>2785</siafi>
  </cep>
  <cep>
    <cep>57086-300</cep>
    <logradouro>Quadra 10</logradouro>
    <complemento>(Cj Paulo Bandeira)</complemento>
    <unidade/>
    <bairro>Benedito Bentes</bairro>
    <localidade>Maceió</localidade>
    <uf>AL</uf>
    <estado>Alagoas</estado>
    <região/>
    <ibge>2704302</ibge>
    <gia/>
    <ddd>82</ddd>
    <siafi>2785</siafi>
  </cep>
  <cep>
    <cep>57086-316</cep>
    <logradouro>Quadra 18</logradouro>
    <complemento>(Cj Paulo Bandeira)</complemento>
    <unidade/>
    <bairro>Benedito Bentes</bairro>
    <localidade>Maceió</localidade>
    <uf>AL</uf>
    <estado>Alagoas</estado>
    <região/>
    <ibge>2704302</ibge>
    <gia/>
    <ddd>82</ddd>
    <siafi>2785</siafi>
  </cep>
  <cep>
    <cep>57086-312</cep>
    <logradouro>Quadra 16</logradouro>
    <complemento>(Cj Paulo Bandeira)</complemento>
    <unidade/>
    <bairro>Benedito Bentes</bairro>
    <localidade>Maceió</localidade>
    <uf>AL</uf>
    <estado>Alagoas</estado>
    <região/>
    <ibge>2704302</ibge>
    <gia/>
    <ddd>82</ddd>
    <siafi>2785</siafi>
  </cep>
  <cep>
    <cep>57086-304</cep>
    <logradouro>Quadra 12</logradouro>
    <complemento>(Cj Paulo Bandeira)</complemento>
    <unidade/>
    <bairro>Benedito Bentes</bairro>
    <localidade>Maceió</localidade>
    <uf>AL</uf>
    <estado>Alagoas</estado>
    <região/>
    <ibge>2704302</ibge>
    <gia/>
    <ddd>82</ddd>
    <siafi>2785</siafi>
  </cep>
  <cep>
    <cep>57086-320</cep>
    <logradouro>Quadra 20</logradouro>
    <complemento>(Cj Paulo Bandeira)</complemento>
    <unidade/>
    <bairro>Benedito Bentes</bairro>
    <localidade>Maceió</localidade>
    <uf>AL</uf>
    <estado>Alagoas</estado>
    <região/>
    <ibge>2704302</ibge>
    <gia/>
    <ddd>82</ddd>
    <siafi>2785</siafi>
  </cep>
  <cep>
    <cep>57086-322</cep>
    <logradouro>Quadra 21</logradouro>
    <complemento>(Cj Paulo Bandeira)</complemento>
    <unidade/>
    <bairro>Benedito Bentes</bairro>
    <localidade>Maceió</localidade>
    <uf>AL</uf>
    <estado>Alagoas</estado>
    <região/>
    <ibge>2704302</ibge>
    <gia/>
    <ddd>82</ddd>
    <siafi>2785</siafi>
  </cep>
  <cep>
    <cep>57086-324</cep>
    <logradouro>Quadra 22</logradouro>
    <complemento>(Cj Paulo Bandeira)</complemento>
    <unidade/>
    <bairro>Benedito Bentes</bairro>
    <localidade>Maceió</localidade>
    <uf>AL</uf>
    <estado>Alagoas</estado>
    <região/>
    <ibge>2704302</ibge>
    <gia/>
    <ddd>82</ddd>
    <siafi>2785</siafi>
  </cep>
  <cep>
    <cep>57086-326</cep>
    <logradouro>Quadra 23</logradouro>
    <complemento>(Cj Paulo Bandeira)</complemento>
    <unidade/>
    <bairro>Benedito Bentes</bairro>
    <localidade>Maceió</localidade>
    <uf>AL</uf>
    <estado>Alagoas</estado>
    <região/>
    <ibge>2704302</ibge>
    <gia/>
    <ddd>82</ddd>
    <siafi>2785</siafi>
  </cep>
  <cep>
    <cep>57086-328</cep>
    <logradouro>Quadra 24</logradouro>
    <complemento>(Cj Paulo Bandeira)</complemento>
    <unidade/>
    <bairro>Benedito Bentes</bairro>
    <localidade>Maceió</localidade>
    <uf>AL</uf>
    <estado>Alagoas</estado>
    <região/>
    <ibge>2704302</ibge>
    <gia/>
    <ddd>82</ddd>
    <siafi>2785</siafi>
  </cep>
  <cep>
    <cep>57086-330</cep>
    <logradouro>Quadra 25</logradouro>
    <complemento>(Cj Paulo Bandeira)</complemento>
    <unidade/>
    <bairro>Benedito Bentes</bairro>
    <localidade>Maceió</localidade>
    <uf>AL</uf>
    <estado>Alagoas</estado>
    <região/>
    <ibge>2704302</ibge>
    <gia/>
    <ddd>82</ddd>
    <siafi>2785</siafi>
  </cep>
  <cep>
    <cep>57086-404</cep>
    <logradouro>Quadra B</logradouro>
    <complemento>(Cj Freitas Neto)</complemento>
    <unidade/>
    <bairro>Benedito Bentes</bairro>
    <localidade>Maceió</localidade>
    <uf>AL</uf>
    <estado>Alagoas</estado>
    <região/>
    <ibge>2704302</ibge>
    <gia/>
    <ddd>82</ddd>
    <siafi>2785</siafi>
  </cep>
  <cep>
    <cep>57086-402</cep>
    <logradouro>Quadra A</logradouro>
    <complemento>(Cj Freitas Neto)</complemento>
    <unidade/>
    <bairro>Benedito Bentes</bairro>
    <localidade>Maceió</localidade>
    <uf>AL</uf>
    <estado>Alagoas</estado>
    <região/>
    <ibge>2704302</ibge>
    <gia/>
    <ddd>82</ddd>
    <siafi>2785</siafi>
  </cep>
  <cep>
    <cep>57086-407</cep>
    <logradouro>Quadra D-1</logradouro>
    <complemento>(Cj Freitas Neto)</complemento>
    <unidade/>
    <bairro>Benedito Bentes</bairro>
    <localidade>Maceió</localidade>
    <uf>AL</uf>
    <estado>Alagoas</estado>
    <região/>
    <ibge>2704302</ibge>
    <gia/>
    <ddd>82</ddd>
    <siafi>2785</siafi>
  </cep>
  <cep>
    <cep>57086-408</cep>
    <logradouro>Quadra D-2</logradouro>
    <complemento>(Cj Freitas Neto)</complemento>
    <unidade/>
    <bairro>Benedito Bentes</bairro>
    <localidade>Maceió</localidade>
    <uf>AL</uf>
    <estado>Alagoas</estado>
    <região/>
    <ibge>2704302</ibge>
    <gia/>
    <ddd>82</ddd>
    <siafi>2785</siafi>
  </cep>
  <cep>
    <cep>57086-409</cep>
    <logradouro>Quadra E-1</logradouro>
    <complemento>(Cj Freitas Neto)</complemento>
    <unidade/>
    <bairro>Benedito Bentes</bairro>
    <localidade>Maceió</localidade>
    <uf>AL</uf>
    <estado>Alagoas</estado>
    <região/>
    <ibge>2704302</ibge>
    <gia/>
    <ddd>82</ddd>
    <siafi>2785</siafi>
  </cep>
  <cep>
    <cep>57086-406</cep>
    <logradouro>Quadra C</logradouro>
    <complemento>(Cj Freitas Neto)</complemento>
    <unidade/>
    <bairro>Benedito Bentes</bairro>
    <localidade>Maceió</localidade>
    <uf>AL</uf>
    <estado>Alagoas</estado>
    <região/>
    <ibge>2704302</ibge>
    <gia/>
    <ddd>82</ddd>
    <siafi>2785</siafi>
  </cep>
  <cep>
    <cep>57086-410</cep>
    <logradouro>Quadra E-2</logradouro>
    <complemento>(Cj Freitas Neto)</complemento>
    <unidade/>
    <bairro>Benedito Bentes</bairro>
    <localidade>Maceió</localidade>
    <uf>AL</uf>
    <estado>Alagoas</estado>
    <região/>
    <ibge>2704302</ibge>
    <gia/>
    <ddd>82</ddd>
    <siafi>2785</siafi>
  </cep>
  <cep>
    <cep>57086-412</cep>
    <logradouro>Quadra F-2</logradouro>
    <complemento>(Cj Freitas Neto)</complemento>
    <unidade/>
    <bairro>Benedito Bentes</bairro>
    <localidade>Maceió</localidade>
    <uf>AL</uf>
    <estado>Alagoas</estado>
    <região/>
    <ibge>2704302</ibge>
    <gia/>
    <ddd>82</ddd>
    <siafi>2785</siafi>
  </cep>
  <cep>
    <cep>57086-411</cep>
    <logradouro>Quadra F-1</logradouro>
    <complemento>(Cj Freitas Neto)</complemento>
    <unidade/>
    <bairro>Benedito Bentes</bairro>
    <localidade>Maceió</localidade>
    <uf>AL</uf>
    <estado>Alagoas</estado>
    <região/>
    <ibge>2704302</ibge>
    <gia/>
    <ddd>82</ddd>
    <siafi>2785</siafi>
  </cep>
  <cep>
    <cep>57086-414</cep>
    <logradouro>Quadra G</logradouro>
    <complemento>(Cj Freitas Neto)</complemento>
    <unidade/>
    <bairro>Benedito Bentes</bairro>
    <localidade>Maceió</localidade>
    <uf>AL</uf>
    <estado>Alagoas</estado>
    <região/>
    <ibge>2704302</ibge>
    <gia/>
    <ddd>82</ddd>
    <siafi>2785</siafi>
  </cep>
  <cep>
    <cep>57086-416</cep>
    <logradouro>Quadra H</logradouro>
    <complemento>(Cj Freitas Neto)</complemento>
    <unidade/>
    <bairro>Benedito Bentes</bairro>
    <localidade>Maceió</localidade>
    <uf>AL</uf>
    <estado>Alagoas</estado>
    <região/>
    <ibge>2704302</ibge>
    <gia/>
    <ddd>82</ddd>
    <siafi>2785</siafi>
  </cep>
  <cep>
    <cep>57086-415</cep>
    <logradouro>Quadra I-1</logradouro>
    <complemento>(Cj Freitas Neto)</complemento>
    <unidade/>
    <bairro>Benedito Bentes</bairro>
    <localidade>Maceió</localidade>
    <uf>AL</uf>
    <estado>Alagoas</estado>
    <região/>
    <ibge>2704302</ibge>
    <gia/>
    <ddd>82</ddd>
    <siafi>2785</siafi>
  </cep>
  <cep>
    <cep>57086-417</cep>
    <logradouro>Quadra I-2</logradouro>
    <complemento>(Cj Freitas Neto)</complemento>
    <unidade/>
    <bairro>Benedito Bentes</bairro>
    <localidade>Maceió</localidade>
    <uf>AL</uf>
    <estado>Alagoas</estado>
    <região/>
    <ibge>2704302</ibge>
    <gia/>
    <ddd>82</ddd>
    <siafi>2785</siafi>
  </cep>
  <cep>
    <cep>57086-418</cep>
    <logradouro>Quadra I-3</logradouro>
    <complemento>(Cj Freitas Neto)</complemento>
    <unidade/>
    <bairro>Benedito Bentes</bairro>
    <localidade>Maceió</localidade>
    <uf>AL</uf>
    <estado>Alagoas</estado>
    <região/>
    <ibge>2704302</ibge>
    <gia/>
    <ddd>82</ddd>
    <siafi>2785</siafi>
  </cep>
  <cep>
    <cep>57086-419</cep>
    <logradouro>Quadra J-1</logradouro>
    <complemento>(Cj Freitas Neto)</complemento>
    <unidade/>
    <bairro>Benedito Bentes</bairro>
    <localidade>Maceió</localidade>
    <uf>AL</uf>
    <estado>Alagoas</estado>
    <região/>
    <ibge>2704302</ibge>
    <gia/>
    <ddd>82</ddd>
    <siafi>2785</siafi>
  </cep>
  <cep>
    <cep>57086-420</cep>
    <logradouro>Quadra J-2</logradouro>
    <complemento>(Cj Freitas Neto)</complemento>
    <unidade/>
    <bairro>Benedito Bentes</bairro>
    <localidade>Maceió</localidade>
    <uf>AL</uf>
    <estado>Alagoas</estado>
    <região/>
    <ibge>2704302</ibge>
    <gia/>
    <ddd>82</ddd>
    <siafi>2785</siafi>
  </cep>
  <cep>
    <cep>57086-421</cep>
    <logradouro>Quadra J-3</logradouro>
    <complemento>(Cj Freitas Neto)</complemento>
    <unidade/>
    <bairro>Benedito Bentes</bairro>
    <localidade>Maceió</localidade>
    <uf>AL</uf>
    <estado>Alagoas</estado>
    <região/>
    <ibge>2704302</ibge>
    <gia/>
    <ddd>82</ddd>
    <siafi>2785</siafi>
  </cep>
  <cep>
    <cep>57086-422</cep>
    <logradouro>Quadra K</logradouro>
    <complemento>(Cj Freitas Neto)</complemento>
    <unidade/>
    <bairro>Benedito Bentes</bairro>
    <localidade>Maceió</localidade>
    <uf>AL</uf>
    <estado>Alagoas</estado>
    <região/>
    <ibge>2704302</ibge>
    <gia/>
    <ddd>82</ddd>
    <siafi>2785</siafi>
  </cep>
  <cep>
    <cep>57086-423</cep>
    <logradouro>Quadra L-1</logradouro>
    <complemento>(Cj Freitas Neto)</complemento>
    <unidade/>
    <bairro>Benedito Bentes</bairro>
    <localidade>Maceió</localidade>
    <uf>AL</uf>
    <estado>Alagoas</estado>
    <região/>
    <ibge>2704302</ibge>
    <gia/>
    <ddd>82</ddd>
    <siafi>2785</siafi>
  </cep>
  <cep>
    <cep>57086-426</cep>
    <logradouro>Quadra L-3</logradouro>
    <complemento>(Cj Freitas Neto)</complemento>
    <unidade/>
    <bairro>Benedito Bentes</bairro>
    <localidade>Maceió</localidade>
    <uf>AL</uf>
    <estado>Alagoas</estado>
    <região/>
    <ibge>2704302</ibge>
    <gia/>
    <ddd>82</ddd>
    <siafi>2785</siafi>
  </cep>
  <cep>
    <cep>57086-430</cep>
    <logradouro>Quadra A</logradouro>
    <complemento>(Cj Cidade Sorriso II)</complemento>
    <unidade/>
    <bairro>Benedito Bentes</bairro>
    <localidade>Maceió</localidade>
    <uf>AL</uf>
    <estado>Alagoas</estado>
    <região/>
    <ibge>2704302</ibge>
    <gia/>
    <ddd>82</ddd>
    <siafi>2785</siafi>
  </cep>
  <cep>
    <cep>57086-424</cep>
    <logradouro>Quadra L-2</logradouro>
    <complemento>(Cj Freitas Neto)</complemento>
    <unidade/>
    <bairro>Benedito Bentes</bairro>
    <localidade>Maceió</localidade>
    <uf>AL</uf>
    <estado>Alagoas</estado>
    <região/>
    <ibge>2704302</ibge>
    <gia/>
    <ddd>82</ddd>
    <siafi>2785</siafi>
  </cep>
  <cep>
    <cep>57086-436</cep>
    <logradouro>Quadra E</logradouro>
    <complemento>(Cj Cidade Sorriso II)</complemento>
    <unidade/>
    <bairro>Benedito Bentes</bairro>
    <localidade>Maceió</localidade>
    <uf>AL</uf>
    <estado>Alagoas</estado>
    <região/>
    <ibge>2704302</ibge>
    <gia/>
    <ddd>82</ddd>
    <siafi>2785</siafi>
  </cep>
  <cep>
    <cep>57086-434</cep>
    <logradouro>Quadra C</logradouro>
    <complemento>(Cj Cidade Sorriso II)</complemento>
    <unidade/>
    <bairro>Benedito Bentes</bairro>
    <localidade>Maceió</localidade>
    <uf>AL</uf>
    <estado>Alagoas</estado>
    <região/>
    <ibge>2704302</ibge>
    <gia/>
    <ddd>82</ddd>
    <siafi>2785</siafi>
  </cep>
  <cep>
    <cep>57086-432</cep>
    <logradouro>Quadra B</logradouro>
    <complemento>(Cj Cidade Sorriso II)</complemento>
    <unidade/>
    <bairro>Benedito Bentes</bairro>
    <localidade>Maceió</localidade>
    <uf>AL</uf>
    <estado>Alagoas</estado>
    <região/>
    <ibge>2704302</ibge>
    <gia/>
    <ddd>82</ddd>
    <siafi>2785</siafi>
  </cep>
  <cep>
    <cep>57086-438</cep>
    <logradouro>Quadra F</logradouro>
    <complemento>(Cj Cidade Sorriso II)</complemento>
    <unidade/>
    <bairro>Benedito Bentes</bairro>
    <localidade>Maceió</localidade>
    <uf>AL</uf>
    <estado>Alagoas</estado>
    <região/>
    <ibge>2704302</ibge>
    <gia/>
    <ddd>82</ddd>
    <siafi>2785</siafi>
  </cep>
  <cep>
    <cep>57086-440</cep>
    <logradouro>Quadra G</logradouro>
    <complemento>(Cj Cidade Sorriso II)</complemento>
    <unidade/>
    <bairro>Benedito Bentes</bairro>
    <localidade>Maceió</localidade>
    <uf>AL</uf>
    <estado>Alagoas</estado>
    <região/>
    <ibge>2704302</ibge>
    <gia/>
    <ddd>82</ddd>
    <siafi>2785</siafi>
  </cep>
  <cep>
    <cep>57086-442</cep>
    <logradouro>Quadra H</logradouro>
    <complemento>(Cj Cidade Sorriso II)</complemento>
    <unidade/>
    <bairro>Benedito Bentes</bairro>
    <localidade>Maceió</localidade>
    <uf>AL</uf>
    <estado>Alagoas</estado>
    <região/>
    <ibge>2704302</ibge>
    <gia/>
    <ddd>82</ddd>
    <siafi>2785</siafi>
  </cep>
  <cep>
    <cep>57086-444</cep>
    <logradouro>Quadra I</logradouro>
    <complemento>(Cj Cidade Sorriso II)</complemento>
    <unidade/>
    <bairro>Benedito Bentes</bairro>
    <localidade>Maceió</localidade>
    <uf>AL</uf>
    <estado>Alagoas</estado>
    <região/>
    <ibge>2704302</ibge>
    <gia/>
    <ddd>82</ddd>
    <siafi>2785</siafi>
  </cep>
  <cep>
    <cep>57086-446</cep>
    <logradouro>Quadra J</logradouro>
    <complemento>(Cj Cidade Sorriso II)</complemento>
    <unidade/>
    <bairro>Benedito Bentes</bairro>
    <localidade>Maceió</localidade>
    <uf>AL</uf>
    <estado>Alagoas</estado>
    <região/>
    <ibge>2704302</ibge>
    <gia/>
    <ddd>82</ddd>
    <siafi>2785</siafi>
  </cep>
  <cep>
    <cep>57086-184</cep>
    <logradouro>Quadra 8</logradouro>
    <complemento>(Cj Moacir Andrade)</complemento>
    <unidade/>
    <bairro>Benedito Bentes</bairro>
    <localidade>Maceió</localidade>
    <uf>AL</uf>
    <estado>Alagoas</estado>
    <região/>
    <ibge>2704302</ibge>
    <gia/>
    <ddd>82</ddd>
    <siafi>2785</siafi>
  </cep>
  <cep>
    <cep/>
    <logradouro/>
    <complemento/>
    <unidade/>
    <bairro/>
    <localidade/>
    <uf/>
    <estado/>
    <região/>
    <ibge/>
    <gia/>
    <ddd/>
    <siafi/>
  </cep>
  <cep>
    <cep>57100-970</cep>
    <logradouro>Rua Euclides Afonso de Melo</logradouro>
    <complemento>14</complemento>
    <unidade>AC Rio Largo</unidade>
    <bairro>Centro</bairro>
    <localidade>Rio Largo</localidade>
    <uf>AL</uf>
    <estado>Alagoas</estado>
    <região/>
    <ibge>2707701</ibge>
    <gia/>
    <ddd>82</ddd>
    <siafi>2853</siafi>
  </cep>
  <cep>
    <cep>57120-000</cep>
    <logradouro/>
    <complemento/>
    <unidade/>
    <bairro/>
    <localidade>Satuba</localidade>
    <uf>AL</uf>
    <estado>Alagoas</estado>
    <região/>
    <ibge>2708907</ibge>
    <gia/>
    <ddd>82</ddd>
    <siafi>2877</siafi>
  </cep>
  <cep>
    <cep>57150-970</cep>
    <logradouro>Rua Luiz Ramos</logradouro>
    <complemento>131</complemento>
    <unidade>AC Pilar</unidade>
    <bairro>Centro</bairro>
    <localidade>Pilar</localidade>
    <uf>AL</uf>
    <estado>Alagoas</estado>
    <região/>
    <ibge>2706901</ibge>
    <gia/>
    <ddd>82</ddd>
    <siafi>2837</siafi>
  </cep>
  <cep>
    <cep>57140-000</cep>
    <logradouro/>
    <complemento/>
    <unidade/>
    <bairro/>
    <localidade>Coqueiro Seco</localidade>
    <uf>AL</uf>
    <estado>Alagoas</estado>
    <região/>
    <ibge>2702207</ibge>
    <gia/>
    <ddd>82</ddd>
    <siafi>2743</siafi>
  </cep>
  <cep>
    <cep>57180-970</cep>
    <logradouro>Praça Miryel Cavalcanti</logradouro>
    <complemento>15</complemento>
    <unidade>AC Barra de São Miguel</unidade>
    <bairro>Centro</bairro>
    <localidade>Barra de São Miguel</localidade>
    <uf>AL</uf>
    <estado>Alagoas</estado>
    <região/>
    <ibge>2700607</ibge>
    <gia/>
    <ddd>82</ddd>
    <siafi>2711</siafi>
  </cep>
  <cep>
    <cep>57150-000</cep>
    <logradouro/>
    <complemento/>
    <unidade/>
    <bairro/>
    <localidade>Pilar</localidade>
    <uf>AL</uf>
    <estado>Alagoas</estado>
    <região/>
    <ibge>2706901</ibge>
    <gia/>
    <ddd>82</ddd>
    <siafi>2837</siafi>
  </cep>
  <cep>
    <cep>57200-970</cep>
    <logradouro>Avenida Floriano Peixoto</logradouro>
    <complemento>s/n</complemento>
    <unidade>AC Penedo</unidade>
    <bairro>Centro</bairro>
    <localidade>Penedo</localidade>
    <uf>AL</uf>
    <estado>Alagoas</estado>
    <região/>
    <ibge>2706703</ibge>
    <gia/>
    <ddd>82</ddd>
    <siafi>2833</siafi>
  </cep>
  <cep>
    <cep>57130-000</cep>
    <logradouro/>
    <complemento/>
    <unidade/>
    <bairro/>
    <localidade>Santa Luzia do Norte</localidade>
    <uf>AL</uf>
    <estado>Alagoas</estado>
    <região/>
    <ibge>2707909</ibge>
    <gia/>
    <ddd>82</ddd>
    <siafi>2857</siafi>
  </cep>
  <cep>
    <cep/>
    <logradouro/>
    <complemento/>
    <unidade/>
    <bairro/>
    <localidade/>
    <uf/>
    <estado/>
    <região/>
    <ibge/>
    <gia/>
    <ddd/>
    <siafi/>
  </cep>
  <cep>
    <cep/>
    <logradouro/>
    <complemento/>
    <unidade/>
    <bairro/>
    <localidade/>
    <uf/>
    <estado/>
    <região/>
    <ibge/>
    <gia/>
    <ddd/>
    <siafi/>
  </cep>
  <cep>
    <cep/>
    <logradouro/>
    <complemento/>
    <unidade/>
    <bairro/>
    <localidade/>
    <uf/>
    <estado/>
    <região/>
    <ibge/>
    <gia/>
    <ddd/>
    <siafi/>
  </cep>
  <cep>
    <cep/>
    <logradouro/>
    <complemento/>
    <unidade/>
    <bairro/>
    <localidade/>
    <uf/>
    <estado/>
    <região/>
    <ibge/>
    <gia/>
    <ddd/>
    <siafi/>
  </cep>
  <cep>
    <cep>57200-992</cep>
    <logradouro>Povoado Ponta Morfina</logradouro>
    <complemento/>
    <unidade>CPC Ponta Morfina</unidade>
    <bairro/>
    <localidade>Penedo</localidade>
    <uf>AL</uf>
    <estado>Alagoas</estado>
    <região/>
    <ibge>2706703</ibge>
    <gia/>
    <ddd>82</ddd>
    <siafi>2833</siafi>
  </cep>
  <cep>
    <cep>57210-970</cep>
    <logradouro>Praça Centenário</logradouro>
    <complemento>s/n</complemento>
    <unidade>AC Piaçabuçu</unidade>
    <bairro>Centro</bairro>
    <localidade>Piaçabuçu</localidade>
    <uf>AL</uf>
    <estado>Alagoas</estado>
    <região/>
    <ibge>2706802</ibge>
    <gia/>
    <ddd>82</ddd>
    <siafi>2835</siafi>
  </cep>
  <cep>
    <cep/>
    <logradouro/>
    <complemento/>
    <unidade/>
    <bairro/>
    <localidade/>
    <uf/>
    <estado/>
    <região/>
    <ibge/>
    <gia/>
    <ddd/>
    <siafi/>
  </cep>
  <cep>
    <cep>57230-000</cep>
    <logradouro/>
    <complemento/>
    <unidade/>
    <bairro/>
    <localidade>Coruripe</localidade>
    <uf>AL</uf>
    <estado>Alagoas</estado>
    <região/>
    <ibge>2702306</ibge>
    <gia/>
    <ddd>82</ddd>
    <siafi>2745</siafi>
  </cep>
  <cep>
    <cep/>
    <logradouro/>
    <complemento/>
    <unidade/>
    <bairro/>
    <localidade/>
    <uf/>
    <estado/>
    <região/>
    <ibge/>
    <gia/>
    <ddd/>
    <siafi/>
  </cep>
  <cep>
    <cep>57210-000</cep>
    <logradouro/>
    <complemento/>
    <unidade/>
    <bairro/>
    <localidade>Piaçabuçu</localidade>
    <uf>AL</uf>
    <estado>Alagoas</estado>
    <região/>
    <ibge>2706802</ibge>
    <gia/>
    <ddd>82</ddd>
    <siafi>2835</siafi>
  </cep>
  <cep>
    <cep>57235-000</cep>
    <logradouro/>
    <complemento/>
    <unidade/>
    <bairro>Poxim</bairro>
    <localidade>Coruripe</localidade>
    <uf>AL</uf>
    <estado>Alagoas</estado>
    <região/>
    <ibge>2702306</ibge>
    <gia/>
    <ddd>82</ddd>
    <siafi>2745</siafi>
  </cep>
  <cep>
    <cep>57235-970</cep>
    <logradouro>Praça São José</logradouro>
    <complemento>s/n</complemento>
    <unidade>AGC Poxim</unidade>
    <bairro>Poxim</bairro>
    <localidade>Coruripe</localidade>
    <uf>AL</uf>
    <estado>Alagoas</estado>
    <região/>
    <ibge>2702306</ibge>
    <gia/>
    <ddd>82</ddd>
    <siafi>2745</siafi>
  </cep>
  <cep>
    <cep>57234-000</cep>
    <logradouro/>
    <complemento/>
    <unidade/>
    <bairro>Pontal de Coruripe</bairro>
    <localidade>Coruripe</localidade>
    <uf>AL</uf>
    <estado>Alagoas</estado>
    <região/>
    <ibge>2702306</ibge>
    <gia/>
    <ddd>82</ddd>
    <siafi>2745</siafi>
  </cep>
  <cep>
    <cep>57230-990</cep>
    <logradouro>Rua da Praia</logradouro>
    <complemento>s/n - Pontal do Coruripe</complemento>
    <unidade>CPC Pontal do Coruripe</unidade>
    <bairro/>
    <localidade>Coruripe</localidade>
    <uf>AL</uf>
    <estado>Alagoas</estado>
    <região/>
    <ibge>2702306</ibge>
    <gia/>
    <ddd>82</ddd>
    <siafi>2745</siafi>
  </cep>
  <cep>
    <cep>57234-970</cep>
    <logradouro>Rua Grande</logradouro>
    <complemento>s/n</complemento>
    <unidade>AGC Pontal de Coruripe</unidade>
    <bairro>Pontal de Coruripe</bairro>
    <localidade>Coruripe</localidade>
    <uf>AL</uf>
    <estado>Alagoas</estado>
    <região/>
    <ibge>2702306</ibge>
    <gia/>
    <ddd>82</ddd>
    <siafi>2745</siafi>
  </cep>
  <cep>
    <cep>57140-970</cep>
    <logradouro>Rua João Navarro</logradouro>
    <complemento>749</complemento>
    <unidade>AC Coqueiro Seco</unidade>
    <bairro>Centro</bairro>
    <localidade>Coqueiro Seco</localidade>
    <uf>AL</uf>
    <estado>Alagoas</estado>
    <região/>
    <ibge>2702207</ibge>
    <gia/>
    <ddd>82</ddd>
    <siafi>2743</siafi>
  </cep>
  <cep>
    <cep>57100-000</cep>
    <logradouro/>
    <complemento/>
    <unidade/>
    <bairro/>
    <localidade>Rio Largo</localidade>
    <uf>AL</uf>
    <estado>Alagoas</estado>
    <região/>
    <ibge>2707701</ibge>
    <gia/>
    <ddd>82</ddd>
    <siafi>2853</siafi>
  </cep>
  <cep>
    <cep>57160-970</cep>
    <logradouro>Rua Doutor Ladislau Neto</logradouro>
    <complemento>s/n</complemento>
    <unidade>AC Marechal Deodoro</unidade>
    <bairro>Centro</bairro>
    <localidade>Marechal Deodoro</localidade>
    <uf>AL</uf>
    <estado>Alagoas</estado>
    <região/>
    <ibge>2704708</ibge>
    <gia/>
    <ddd>82</ddd>
    <siafi>2793</siafi>
  </cep>
  <cep>
    <cep>57110-000</cep>
    <logradouro/>
    <complemento/>
    <unidade/>
    <bairro>Taboleiro do Pinto</bairro>
    <localidade>Rio Largo</localidade>
    <uf>AL</uf>
    <estado>Alagoas</estado>
    <região/>
    <ibge>2707701</ibge>
    <gia/>
    <ddd>82</ddd>
    <siafi>2853</siafi>
  </cep>
  <cep>
    <cep>57100-993</cep>
    <logradouro>Rua do Hospital</logradouro>
    <complemento>s/n</complemento>
    <unidade>CPC Utinga Leão</unidade>
    <bairro/>
    <localidade>Rio Largo</localidade>
    <uf>AL</uf>
    <estado>Alagoas</estado>
    <região/>
    <ibge>2707701</ibge>
    <gia/>
    <ddd>82</ddd>
    <siafi>2853</siafi>
  </cep>
  <cep>
    <cep>57120-970</cep>
    <logradouro>Rua Tenente Paulo Winteler</logradouro>
    <complemento>38</complemento>
    <unidade>AC Satuba</unidade>
    <bairro>Loteamento Fridolin Winteller</bairro>
    <localidade>Satuba</localidade>
    <uf>AL</uf>
    <estado>Alagoas</estado>
    <região/>
    <ibge>2708907</ibge>
    <gia/>
    <ddd>82</ddd>
    <siafi>2877</siafi>
  </cep>
  <cep>
    <cep>57150-990</cep>
    <logradouro>Povoado Mangabeiras</logradouro>
    <complemento/>
    <unidade>CPC Mangabeiras</unidade>
    <bairro/>
    <localidade>Pilar</localidade>
    <uf>AL</uf>
    <estado>Alagoas</estado>
    <região/>
    <ibge>2706901</ibge>
    <gia/>
    <ddd>82</ddd>
    <siafi>2837</siafi>
  </cep>
  <cep>
    <cep>57230-991</cep>
    <logradouro>Avenida Goiás nº 11 - Usina Guaxuma</logradouro>
    <complemento/>
    <unidade>CPC Usina Guaxuma</unidade>
    <bairro/>
    <localidade>Coruripe</localidade>
    <uf>AL</uf>
    <estado>Alagoas</estado>
    <região/>
    <ibge>2702306</ibge>
    <gia/>
    <ddd>82</ddd>
    <siafi>2745</siafi>
  </cep>
  <cep>
    <cep>57230-970</cep>
    <logradouro>Rua Lindolfo Simões</logradouro>
    <complemento>17</complemento>
    <unidade>AC Coruripe</unidade>
    <bairro>Centro</bairro>
    <localidade>Coruripe</localidade>
    <uf>AL</uf>
    <estado>Alagoas</estado>
    <região/>
    <ibge>2702306</ibge>
    <gia/>
    <ddd>82</ddd>
    <siafi>2745</siafi>
  </cep>
  <cep>
    <cep>57160-000</cep>
    <logradouro/>
    <complemento/>
    <unidade/>
    <bairro/>
    <localidade>Marechal Deodoro</localidade>
    <uf>AL</uf>
    <estado>Alagoas</estado>
    <região/>
    <ibge>2704708</ibge>
    <gia/>
    <ddd>82</ddd>
    <siafi>2793</siafi>
  </cep>
  <cep>
    <cep>57237-000</cep>
    <logradouro/>
    <complemento/>
    <unidade/>
    <bairro>Botafogo</bairro>
    <localidade>Coruripe</localidade>
    <uf>AL</uf>
    <estado>Alagoas</estado>
    <região/>
    <ibge>2702306</ibge>
    <gia/>
    <ddd>82</ddd>
    <siafi>2745</siafi>
  </cep>
  <cep>
    <cep>57233-000</cep>
    <logradouro/>
    <complemento/>
    <unidade/>
    <bairro>Usina Camaçari</bairro>
    <localidade>Coruripe</localidade>
    <uf>AL</uf>
    <estado>Alagoas</estado>
    <região/>
    <ibge>2702306</ibge>
    <gia/>
    <ddd>82</ddd>
    <siafi>2745</siafi>
  </cep>
  <cep>
    <cep>57200-990</cep>
    <logradouro>Povoado Tabuleiro dos Negros</logradouro>
    <complemento/>
    <unidade>CPC Tabuleiro dos Negros</unidade>
    <bairro/>
    <localidade>Penedo</localidade>
    <uf>AL</uf>
    <estado>Alagoas</estado>
    <região/>
    <ibge>2706703</ibge>
    <gia/>
    <ddd>82</ddd>
    <siafi>2833</siafi>
  </cep>
  <cep>
    <cep>57237-970</cep>
    <logradouro>Rua do Posto</logradouro>
    <complemento>s/n</complemento>
    <unidade>AGC Botafogo</unidade>
    <bairro>Povoado Botafogo</bairro>
    <localidade>Coruripe</localidade>
    <uf>AL</uf>
    <estado>Alagoas</estado>
    <região/>
    <ibge>2702306</ibge>
    <gia/>
    <ddd>82</ddd>
    <siafi>2745</siafi>
  </cep>
  <cep>
    <cep>57220-000</cep>
    <logradouro/>
    <complemento/>
    <unidade/>
    <bairro/>
    <localidade>Feliz Deserto</localidade>
    <uf>AL</uf>
    <estado>Alagoas</estado>
    <região/>
    <ibge>2702702</ibge>
    <gia/>
    <ddd>82</ddd>
    <siafi>2753</siafi>
  </cep>
  <cep>
    <cep>57239-000</cep>
    <logradouro/>
    <complemento/>
    <unidade/>
    <bairro>Bonsucesso</bairro>
    <localidade>Coruripe</localidade>
    <uf>AL</uf>
    <estado>Alagoas</estado>
    <região/>
    <ibge>2702306</ibge>
    <gia/>
    <ddd>82</ddd>
    <siafi>2745</siafi>
  </cep>
  <cep>
    <cep>57200-991</cep>
    <logradouro>Povoado Marituba do Peixe</logradouro>
    <complemento/>
    <unidade>CPC Marituba do Peixe</unidade>
    <bairro/>
    <localidade>Penedo</localidade>
    <uf>AL</uf>
    <estado>Alagoas</estado>
    <região/>
    <ibge>2706703</ibge>
    <gia/>
    <ddd>82</ddd>
    <siafi>2833</siafi>
  </cep>
  <cep>
    <cep>57236-000</cep>
    <logradouro/>
    <complemento/>
    <unidade/>
    <bairro>Barreiras</bairro>
    <localidade>Coruripe</localidade>
    <uf>AL</uf>
    <estado>Alagoas</estado>
    <região/>
    <ibge>2702306</ibge>
    <gia/>
    <ddd>82</ddd>
    <siafi>2745</siafi>
  </cep>
  <cep>
    <cep>57210-990</cep>
    <logradouro>Povoado Pontal do Peba</logradouro>
    <complemento/>
    <unidade>CPC Pontal do Peba</unidade>
    <bairro/>
    <localidade>Piaçabuçu</localidade>
    <uf>AL</uf>
    <estado>Alagoas</estado>
    <região/>
    <ibge>2706802</ibge>
    <gia/>
    <ddd>82</ddd>
    <siafi>2835</siafi>
  </cep>
  <cep>
    <cep/>
    <logradouro/>
    <complemento/>
    <unidade/>
    <bairro/>
    <localidade/>
    <uf/>
    <estado/>
    <região/>
    <ibge/>
    <gia/>
    <ddd/>
    <siafi/>
  </cep>
  <cep>
    <cep>57200-000</cep>
    <logradouro/>
    <complemento/>
    <unidade/>
    <bairro/>
    <localidade>Penedo</localidade>
    <uf>AL</uf>
    <estado>Alagoas</estado>
    <região/>
    <ibge>2706703</ibge>
    <gia/>
    <ddd>82</ddd>
    <siafi>2833</siafi>
  </cep>
  <cep>
    <cep>57239-970</cep>
    <logradouro>Rua Nova</logradouro>
    <complemento>s/n</complemento>
    <unidade>AGC Bonsucesso</unidade>
    <bairro>Bonsucesso</bairro>
    <localidade>Coruripe</localidade>
    <uf>AL</uf>
    <estado>Alagoas</estado>
    <região/>
    <ibge>2702306</ibge>
    <gia/>
    <ddd>82</ddd>
    <siafi>2745</siafi>
  </cep>
  <cep>
    <cep>57180-000</cep>
    <logradouro/>
    <complemento/>
    <unidade/>
    <bairro/>
    <localidade>Barra de São Miguel</localidade>
    <uf>AL</uf>
    <estado>Alagoas</estado>
    <região/>
    <ibge>2700607</ibge>
    <gia/>
    <ddd>82</ddd>
    <siafi>2711</siafi>
  </cep>
  <cep>
    <cep>57240-970</cep>
    <logradouro>Praça Padre Júlio de Albuquerque</logradouro>
    <complemento>16</complemento>
    <unidade>AC São Miguel dos Campos</unidade>
    <bairro>Centro</bairro>
    <localidade>São Miguel dos Campos</localidade>
    <uf>AL</uf>
    <estado>Alagoas</estado>
    <região/>
    <ibge>2708600</ibge>
    <gia/>
    <ddd>82</ddd>
    <siafi>2871</siafi>
  </cep>
  <cep>
    <cep/>
    <logradouro/>
    <complemento/>
    <unidade/>
    <bairro/>
    <localidade/>
    <uf/>
    <estado/>
    <região/>
    <ibge/>
    <gia/>
    <ddd/>
    <siafi/>
  </cep>
  <cep>
    <cep>57260-000</cep>
    <logradouro/>
    <complemento/>
    <unidade/>
    <bairro/>
    <localidade>Limoeiro de Anadia</localidade>
    <uf>AL</uf>
    <estado>Alagoas</estado>
    <região/>
    <ibge>2704203</ibge>
    <gia/>
    <ddd>82</ddd>
    <siafi>2783</siafi>
  </cep>
  <cep>
    <cep>57260-970</cep>
    <logradouro>Rua Siqueira Campos</logradouro>
    <complemento>05</complemento>
    <unidade>AC Limoeiro de Anadia</unidade>
    <bairro>Centro</bairro>
    <localidade>Limoeiro de Anadia</localidade>
    <uf>AL</uf>
    <estado>Alagoas</estado>
    <região/>
    <ibge>2704203</ibge>
    <gia/>
    <ddd>82</ddd>
    <siafi>2783</siafi>
  </cep>
  <cep>
    <cep>57265-970</cep>
    <logradouro>Rua Jacinto Gerônimo da Silva</logradouro>
    <complemento>109</complemento>
    <unidade>AC Teotônio Vilela</unidade>
    <bairro>Centro</bairro>
    <localidade>Teotônio Vilela</localidade>
    <uf>AL</uf>
    <estado>Alagoas</estado>
    <região/>
    <ibge>2709152</ibge>
    <gia/>
    <ddd>82</ddd>
    <siafi>0971</siafi>
  </cep>
  <cep>
    <cep>57265-990</cep>
    <logradouro>Povoado Gulandim</logradouro>
    <complemento/>
    <unidade>CPC Gulandim</unidade>
    <bairro/>
    <localidade>Teotônio Vilela</localidade>
    <uf>AL</uf>
    <estado>Alagoas</estado>
    <região/>
    <ibge>2709152</ibge>
    <gia/>
    <ddd>82</ddd>
    <siafi>0971</siafi>
  </cep>
  <cep>
    <cep>57270-970</cep>
    <logradouro>Praça Padre Aurélio Gois</logradouro>
    <complemento>32</complemento>
    <unidade>AC Junqueiro</unidade>
    <bairro>Centro</bairro>
    <localidade>Junqueiro</localidade>
    <uf>AL</uf>
    <estado>Alagoas</estado>
    <região/>
    <ibge>2704005</ibge>
    <gia/>
    <ddd>82</ddd>
    <siafi>2779</siafi>
  </cep>
  <cep>
    <cep>57272-000</cep>
    <logradouro/>
    <complemento/>
    <unidade/>
    <bairro>Retiro</bairro>
    <localidade>Junqueiro</localidade>
    <uf>AL</uf>
    <estado>Alagoas</estado>
    <região/>
    <ibge>2704005</ibge>
    <gia/>
    <ddd>82</ddd>
    <siafi>2779</siafi>
  </cep>
  <cep>
    <cep>57275-000</cep>
    <logradouro/>
    <complemento/>
    <unidade/>
    <bairro/>
    <localidade>São Sebastião</localidade>
    <uf>AL</uf>
    <estado>Alagoas</estado>
    <região/>
    <ibge>2708808</ibge>
    <gia/>
    <ddd>82</ddd>
    <siafi>2875</siafi>
  </cep>
  <cep>
    <cep>57274-000</cep>
    <logradouro/>
    <complemento/>
    <unidade/>
    <bairro>Riachão</bairro>
    <localidade>Junqueiro</localidade>
    <uf>AL</uf>
    <estado>Alagoas</estado>
    <região/>
    <ibge>2704005</ibge>
    <gia/>
    <ddd>82</ddd>
    <siafi>2779</siafi>
  </cep>
  <cep>
    <cep>57275-970</cep>
    <logradouro>Rua Valdevino da Silva</logradouro>
    <complemento>39</complemento>
    <unidade>AC São Sebastião</unidade>
    <bairro>Centro</bairro>
    <localidade>São Sebastião</localidade>
    <uf>AL</uf>
    <estado>Alagoas</estado>
    <região/>
    <ibge>2708808</ibge>
    <gia/>
    <ddd>82</ddd>
    <siafi>2875</siafi>
  </cep>
  <cep>
    <cep>57290-970</cep>
    <logradouro>Avenida Engenheiro Gordilho de Castro</logradouro>
    <complemento>236</complemento>
    <unidade>AC Porto Real do Colégio</unidade>
    <bairro>Centro</bairro>
    <localidade>Porto Real do Colégio</localidade>
    <uf>AL</uf>
    <estado>Alagoas</estado>
    <região/>
    <ibge>2707503</ibge>
    <gia/>
    <ddd>82</ddd>
    <siafi>2849</siafi>
  </cep>
  <cep>
    <cep>57300-070</cep>
    <logradouro>Rua Fernandes Lima</logradouro>
    <complemento/>
    <unidade/>
    <bairro>Centro</bairro>
    <localidade>Arapiraca</localidade>
    <uf>AL</uf>
    <estado>Alagoas</estado>
    <região/>
    <ibge>2700300</ibge>
    <gia/>
    <ddd>82</ddd>
    <siafi>2705</siafi>
  </cep>
  <cep>
    <cep>57300-040</cep>
    <logradouro>Rua Padre Cícero</logradouro>
    <complemento/>
    <unidade/>
    <bairro>Centro</bairro>
    <localidade>Arapiraca</localidade>
    <uf>AL</uf>
    <estado>Alagoas</estado>
    <região/>
    <ibge>2700300</ibge>
    <gia/>
    <ddd>82</ddd>
    <siafi>2705</siafi>
  </cep>
  <cep>
    <cep>57300-005</cep>
    <logradouro>Praça Manoel André</logradouro>
    <complemento/>
    <unidade/>
    <bairro>Centro</bairro>
    <localidade>Arapiraca</localidade>
    <uf>AL</uf>
    <estado>Alagoas</estado>
    <região/>
    <ibge>2700300</ibge>
    <gia/>
    <ddd>82</ddd>
    <siafi>2705</siafi>
  </cep>
  <cep>
    <cep>57280-970</cep>
    <logradouro>Praça Sérgio Costa</logradouro>
    <complemento>45</complemento>
    <unidade>AC Igreja Nova</unidade>
    <bairro>Centro</bairro>
    <localidade>Igreja Nova</localidade>
    <uf>AL</uf>
    <estado>Alagoas</estado>
    <região/>
    <ibge>2703205</ibge>
    <gia/>
    <ddd>82</ddd>
    <siafi>2763</siafi>
  </cep>
  <cep>
    <cep>57300-015</cep>
    <logradouro>Praça Luiz Pereira Lima</logradouro>
    <complemento/>
    <unidade/>
    <bairro>Centro</bairro>
    <localidade>Arapiraca</localidade>
    <uf>AL</uf>
    <estado>Alagoas</estado>
    <região/>
    <ibge>2700300</ibge>
    <gia/>
    <ddd>82</ddd>
    <siafi>2705</siafi>
  </cep>
  <cep>
    <cep>57300-140</cep>
    <logradouro>Praça José Pereira Leão</logradouro>
    <complemento/>
    <unidade/>
    <bairro>Centro</bairro>
    <localidade>Arapiraca</localidade>
    <uf>AL</uf>
    <estado>Alagoas</estado>
    <região/>
    <ibge>2700300</ibge>
    <gia/>
    <ddd>82</ddd>
    <siafi>2705</siafi>
  </cep>
  <cep>
    <cep>57300-090</cep>
    <logradouro>Rua Geraldo Barbosa Lima</logradouro>
    <complemento/>
    <unidade/>
    <bairro>Centro</bairro>
    <localidade>Arapiraca</localidade>
    <uf>AL</uf>
    <estado>Alagoas</estado>
    <região/>
    <ibge>2700300</ibge>
    <gia/>
    <ddd>82</ddd>
    <siafi>2705</siafi>
  </cep>
  <cep>
    <cep/>
    <logradouro/>
    <complemento/>
    <unidade/>
    <bairro/>
    <localidade/>
    <uf/>
    <estado/>
    <região/>
    <ibge/>
    <gia/>
    <ddd/>
    <siafi/>
  </cep>
  <cep>
    <cep/>
    <logradouro/>
    <complemento/>
    <unidade/>
    <bairro/>
    <localidade/>
    <uf/>
    <estado/>
    <região/>
    <ibge/>
    <gia/>
    <ddd/>
    <siafi/>
  </cep>
  <cep>
    <cep>57300-060</cep>
    <logradouro>Rua Esperidião Rodrigues</logradouro>
    <complemento/>
    <unidade/>
    <bairro>Centro</bairro>
    <localidade>Arapiraca</localidade>
    <uf>AL</uf>
    <estado>Alagoas</estado>
    <região/>
    <ibge>2700300</ibge>
    <gia/>
    <ddd>82</ddd>
    <siafi>2705</siafi>
  </cep>
  <cep>
    <cep>57300-080</cep>
    <logradouro>Rua São Francisco</logradouro>
    <complemento>até 481/482</complemento>
    <unidade/>
    <bairro>Centro</bairro>
    <localidade>Arapiraca</localidade>
    <uf>AL</uf>
    <estado>Alagoas</estado>
    <região/>
    <ibge>2700300</ibge>
    <gia/>
    <ddd>82</ddd>
    <siafi>2705</siafi>
  </cep>
  <cep>
    <cep>57300-170</cep>
    <logradouro>Rua São Miguel</logradouro>
    <complemento/>
    <unidade/>
    <bairro>Centro</bairro>
    <localidade>Arapiraca</localidade>
    <uf>AL</uf>
    <estado>Alagoas</estado>
    <região/>
    <ibge>2700300</ibge>
    <gia/>
    <ddd>82</ddd>
    <siafi>2705</siafi>
  </cep>
  <cep>
    <cep>57300-030</cep>
    <logradouro>Rua Boa Vista</logradouro>
    <complemento/>
    <unidade/>
    <bairro>Centro</bairro>
    <localidade>Arapiraca</localidade>
    <uf>AL</uf>
    <estado>Alagoas</estado>
    <região/>
    <ibge>2700300</ibge>
    <gia/>
    <ddd>82</ddd>
    <siafi>2705</siafi>
  </cep>
  <cep>
    <cep>57300-130</cep>
    <logradouro>Rua José Lopes da Silva</logradouro>
    <complemento/>
    <unidade/>
    <bairro>Centro</bairro>
    <localidade>Arapiraca</localidade>
    <uf>AL</uf>
    <estado>Alagoas</estado>
    <região/>
    <ibge>2700300</ibge>
    <gia/>
    <ddd>82</ddd>
    <siafi>2705</siafi>
  </cep>
  <cep>
    <cep>57300-120</cep>
    <logradouro>Rua José Gomes da Silva</logradouro>
    <complemento/>
    <unidade/>
    <bairro>Centro</bairro>
    <localidade>Arapiraca</localidade>
    <uf>AL</uf>
    <estado>Alagoas</estado>
    <região/>
    <ibge>2700300</ibge>
    <gia/>
    <ddd>82</ddd>
    <siafi>2705</siafi>
  </cep>
  <cep>
    <cep>57300-150</cep>
    <logradouro>Rua Linduarte de Oliveira Barros</logradouro>
    <complemento/>
    <unidade/>
    <bairro>Centro</bairro>
    <localidade>Arapiraca</localidade>
    <uf>AL</uf>
    <estado>Alagoas</estado>
    <região/>
    <ibge>2700300</ibge>
    <gia/>
    <ddd>82</ddd>
    <siafi>2705</siafi>
  </cep>
  <cep>
    <cep/>
    <logradouro/>
    <complemento/>
    <unidade/>
    <bairro/>
    <localidade/>
    <uf/>
    <estado/>
    <região/>
    <ibge/>
    <gia/>
    <ddd/>
    <siafi/>
  </cep>
  <cep>
    <cep>57290-000</cep>
    <logradouro/>
    <complemento/>
    <unidade/>
    <bairro/>
    <localidade>Porto Real do Colégio</localidade>
    <uf>AL</uf>
    <estado>Alagoas</estado>
    <região/>
    <ibge>2707503</ibge>
    <gia/>
    <ddd>82</ddd>
    <siafi>2849</siafi>
  </cep>
  <cep>
    <cep>57280-000</cep>
    <logradouro/>
    <complemento/>
    <unidade/>
    <bairro/>
    <localidade>Igreja Nova</localidade>
    <uf>AL</uf>
    <estado>Alagoas</estado>
    <região/>
    <ibge>2703205</ibge>
    <gia/>
    <ddd>82</ddd>
    <siafi>2763</siafi>
  </cep>
  <cep>
    <cep>57300-010</cep>
    <logradouro>Rua Domingos Correia</logradouro>
    <complemento>até 405/406</complemento>
    <unidade/>
    <bairro>Centro</bairro>
    <localidade>Arapiraca</localidade>
    <uf>AL</uf>
    <estado>Alagoas</estado>
    <região/>
    <ibge>2700300</ibge>
    <gia/>
    <ddd>82</ddd>
    <siafi>2705</siafi>
  </cep>
  <cep>
    <cep>57300-110</cep>
    <logradouro>Praça José Bernardino dos Santos</logradouro>
    <complemento/>
    <unidade/>
    <bairro>Centro</bairro>
    <localidade>Arapiraca</localidade>
    <uf>AL</uf>
    <estado>Alagoas</estado>
    <região/>
    <ibge>2700300</ibge>
    <gia/>
    <ddd>82</ddd>
    <siafi>2705</siafi>
  </cep>
  <cep>
    <cep>57300-095</cep>
    <logradouro>Rua Desportista Ernesto Alves Siqueira</logradouro>
    <complemento/>
    <unidade/>
    <bairro>Centro</bairro>
    <localidade>Arapiraca</localidade>
    <uf>AL</uf>
    <estado>Alagoas</estado>
    <região/>
    <ibge>2700300</ibge>
    <gia/>
    <ddd>82</ddd>
    <siafi>2705</siafi>
  </cep>
  <cep>
    <cep>57300-011</cep>
    <logradouro>Rua Domingos Correia</logradouro>
    <complemento>de 437/438 a 767/768</complemento>
    <unidade/>
    <bairro>Centro</bairro>
    <localidade>Arapiraca</localidade>
    <uf>AL</uf>
    <estado>Alagoas</estado>
    <região/>
    <ibge>2700300</ibge>
    <gia/>
    <ddd>82</ddd>
    <siafi>2705</siafi>
  </cep>
  <cep>
    <cep/>
    <logradouro/>
    <complemento/>
    <unidade/>
    <bairro/>
    <localidade/>
    <uf/>
    <estado/>
    <região/>
    <ibge/>
    <gia/>
    <ddd/>
    <siafi/>
  </cep>
  <cep>
    <cep>57300-085</cep>
    <logradouro>Rua São Francisco</logradouro>
    <complemento>de 483/484 a 1038/1039</complemento>
    <unidade/>
    <bairro>Centro</bairro>
    <localidade>Arapiraca</localidade>
    <uf>AL</uf>
    <estado>Alagoas</estado>
    <região/>
    <ibge>2700300</ibge>
    <gia/>
    <ddd>82</ddd>
    <siafi>2705</siafi>
  </cep>
  <cep>
    <cep>57300-020</cep>
    <logradouro>Rua Nossa Senhora Aparecida</logradouro>
    <complemento/>
    <unidade/>
    <bairro>Centro</bairro>
    <localidade>Arapiraca</localidade>
    <uf>AL</uf>
    <estado>Alagoas</estado>
    <região/>
    <ibge>2700300</ibge>
    <gia/>
    <ddd>82</ddd>
    <siafi>2705</siafi>
  </cep>
  <cep>
    <cep>57300-180</cep>
    <logradouro>Avenida Pedro Leão</logradouro>
    <complemento>até 234/235</complemento>
    <unidade/>
    <bairro>Centro</bairro>
    <localidade>Arapiraca</localidade>
    <uf>AL</uf>
    <estado>Alagoas</estado>
    <região/>
    <ibge>2700300</ibge>
    <gia/>
    <ddd>82</ddd>
    <siafi>2705</siafi>
  </cep>
  <cep>
    <cep>57300-190</cep>
    <logradouro>Avenida Rio Branco</logradouro>
    <complemento>até 573/574</complemento>
    <unidade/>
    <bairro>Centro</bairro>
    <localidade>Arapiraca</localidade>
    <uf>AL</uf>
    <estado>Alagoas</estado>
    <região/>
    <ibge>2700300</ibge>
    <gia/>
    <ddd>82</ddd>
    <siafi>2705</siafi>
  </cep>
  <cep>
    <cep/>
    <logradouro/>
    <complemento/>
    <unidade/>
    <bairro/>
    <localidade/>
    <uf/>
    <estado/>
    <região/>
    <ibge/>
    <gia/>
    <ddd/>
    <siafi/>
  </cep>
  <cep>
    <cep/>
    <logradouro/>
    <complemento/>
    <unidade/>
    <bairro/>
    <localidade/>
    <uf/>
    <estado/>
    <região/>
    <ibge/>
    <gia/>
    <ddd/>
    <siafi/>
  </cep>
  <cep>
    <cep>57300-200</cep>
    <logradouro>Praça Senhor do Bonfim</logradouro>
    <complemento/>
    <unidade/>
    <bairro>Centro</bairro>
    <localidade>Arapiraca</localidade>
    <uf>AL</uf>
    <estado>Alagoas</estado>
    <região/>
    <ibge>2700300</ibge>
    <gia/>
    <ddd>82</ddd>
    <siafi>2705</siafi>
  </cep>
  <cep>
    <cep>57300-205</cep>
    <logradouro>Rua Santos Dumont</logradouro>
    <complemento>até 51/52</complemento>
    <unidade/>
    <bairro>Centro</bairro>
    <localidade>Arapiraca</localidade>
    <uf>AL</uf>
    <estado>Alagoas</estado>
    <região/>
    <ibge>2700300</ibge>
    <gia/>
    <ddd>82</ddd>
    <siafi>2705</siafi>
  </cep>
  <cep>
    <cep/>
    <logradouro/>
    <complemento/>
    <unidade/>
    <bairro/>
    <localidade/>
    <uf/>
    <estado/>
    <região/>
    <ibge/>
    <gia/>
    <ddd/>
    <siafi/>
  </cep>
  <cep>
    <cep>57300-210</cep>
    <logradouro>Rua do Sol</logradouro>
    <complemento/>
    <unidade/>
    <bairro>Centro</bairro>
    <localidade>Arapiraca</localidade>
    <uf>AL</uf>
    <estado>Alagoas</estado>
    <região/>
    <ibge>2700300</ibge>
    <gia/>
    <ddd>82</ddd>
    <siafi>2705</siafi>
  </cep>
  <cep>
    <cep>57300-220</cep>
    <logradouro>Rua Teodorico Costa</logradouro>
    <complemento/>
    <unidade/>
    <bairro>Centro</bairro>
    <localidade>Arapiraca</localidade>
    <uf>AL</uf>
    <estado>Alagoas</estado>
    <região/>
    <ibge>2700300</ibge>
    <gia/>
    <ddd>82</ddd>
    <siafi>2705</siafi>
  </cep>
  <cep>
    <cep>57300-230</cep>
    <logradouro>Rua Dom Vital</logradouro>
    <complemento/>
    <unidade/>
    <bairro>Centro</bairro>
    <localidade>Arapiraca</localidade>
    <uf>AL</uf>
    <estado>Alagoas</estado>
    <região/>
    <ibge>2700300</ibge>
    <gia/>
    <ddd>82</ddd>
    <siafi>2705</siafi>
  </cep>
  <cep>
    <cep/>
    <logradouro/>
    <complemento/>
    <unidade/>
    <bairro/>
    <localidade/>
    <uf/>
    <estado/>
    <região/>
    <ibge/>
    <gia/>
    <ddd/>
    <siafi/>
  </cep>
  <cep>
    <cep/>
    <logradouro/>
    <complemento/>
    <unidade/>
    <bairro/>
    <localidade/>
    <uf/>
    <estado/>
    <região/>
    <ibge/>
    <gia/>
    <ddd/>
    <siafi/>
  </cep>
  <cep>
    <cep>57300-240</cep>
    <logradouro>Rua São Domingos</logradouro>
    <complemento/>
    <unidade/>
    <bairro>Centro</bairro>
    <localidade>Arapiraca</localidade>
    <uf>AL</uf>
    <estado>Alagoas</estado>
    <região/>
    <ibge>2700300</ibge>
    <gia/>
    <ddd>82</ddd>
    <siafi>2705</siafi>
  </cep>
  <cep>
    <cep/>
    <logradouro/>
    <complemento/>
    <unidade/>
    <bairro/>
    <localidade/>
    <uf/>
    <estado/>
    <região/>
    <ibge/>
    <gia/>
    <ddd/>
    <siafi/>
  </cep>
  <cep>
    <cep>57300-260</cep>
    <logradouro>Rua Professora Amália Fragoso</logradouro>
    <complemento/>
    <unidade/>
    <bairro>Centro</bairro>
    <localidade>Arapiraca</localidade>
    <uf>AL</uf>
    <estado>Alagoas</estado>
    <região/>
    <ibge>2700300</ibge>
    <gia/>
    <ddd>82</ddd>
    <siafi>2705</siafi>
  </cep>
  <cep>
    <cep>57300-250</cep>
    <logradouro>Largo Amphilófio C. Souza Guerra</logradouro>
    <complemento/>
    <unidade/>
    <bairro>Centro</bairro>
    <localidade>Arapiraca</localidade>
    <uf>AL</uf>
    <estado>Alagoas</estado>
    <região/>
    <ibge>2700300</ibge>
    <gia/>
    <ddd>82</ddd>
    <siafi>2705</siafi>
  </cep>
  <cep>
    <cep>57300-270</cep>
    <logradouro>Rua Aníbal Lima</logradouro>
    <complemento/>
    <unidade/>
    <bairro>Centro</bairro>
    <localidade>Arapiraca</localidade>
    <uf>AL</uf>
    <estado>Alagoas</estado>
    <região/>
    <ibge>2700300</ibge>
    <gia/>
    <ddd>82</ddd>
    <siafi>2705</siafi>
  </cep>
  <cep>
    <cep>57300-280</cep>
    <logradouro>Praça Bom Conselho</logradouro>
    <complemento/>
    <unidade/>
    <bairro>Centro</bairro>
    <localidade>Arapiraca</localidade>
    <uf>AL</uf>
    <estado>Alagoas</estado>
    <região/>
    <ibge>2700300</ibge>
    <gia/>
    <ddd>82</ddd>
    <siafi>2705</siafi>
  </cep>
  <cep>
    <cep>57300-290</cep>
    <logradouro>Largo Dom Fernando Gomes</logradouro>
    <complemento/>
    <unidade/>
    <bairro>Centro</bairro>
    <localidade>Arapiraca</localidade>
    <uf>AL</uf>
    <estado>Alagoas</estado>
    <região/>
    <ibge>2700300</ibge>
    <gia/>
    <ddd>82</ddd>
    <siafi>2705</siafi>
  </cep>
  <cep>
    <cep>57300-275</cep>
    <logradouro>Rua Governador Luiz Cavalcante</logradouro>
    <complemento/>
    <unidade/>
    <bairro>Centro</bairro>
    <localidade>Arapiraca</localidade>
    <uf>AL</uf>
    <estado>Alagoas</estado>
    <região/>
    <ibge>2700300</ibge>
    <gia/>
    <ddd>82</ddd>
    <siafi>2705</siafi>
  </cep>
  <cep>
    <cep/>
    <logradouro/>
    <complemento/>
    <unidade/>
    <bairro/>
    <localidade/>
    <uf/>
    <estado/>
    <região/>
    <ibge/>
    <gia/>
    <ddd/>
    <siafi/>
  </cep>
  <cep>
    <cep/>
    <logradouro/>
    <complemento/>
    <unidade/>
    <bairro/>
    <localidade/>
    <uf/>
    <estado/>
    <região/>
    <ibge/>
    <gia/>
    <ddd/>
    <siafi/>
  </cep>
  <cep>
    <cep/>
    <logradouro/>
    <complemento/>
    <unidade/>
    <bairro/>
    <localidade/>
    <uf/>
    <estado/>
    <região/>
    <ibge/>
    <gia/>
    <ddd/>
    <siafi/>
  </cep>
  <cep>
    <cep>57300-315</cep>
    <logradouro>Rua Estudante José de Oliveira Leite</logradouro>
    <complemento>de 256/257 a 548/549</complemento>
    <unidade/>
    <bairro>Centro</bairro>
    <localidade>Arapiraca</localidade>
    <uf>AL</uf>
    <estado>Alagoas</estado>
    <região/>
    <ibge>2700300</ibge>
    <gia/>
    <ddd>82</ddd>
    <siafi>2705</siafi>
  </cep>
  <cep>
    <cep>57300-300</cep>
    <logradouro>Rua João Ribeiro Lima</logradouro>
    <complemento/>
    <unidade/>
    <bairro>Centro</bairro>
    <localidade>Arapiraca</localidade>
    <uf>AL</uf>
    <estado>Alagoas</estado>
    <região/>
    <ibge>2700300</ibge>
    <gia/>
    <ddd>82</ddd>
    <siafi>2705</siafi>
  </cep>
  <cep>
    <cep/>
    <logradouro/>
    <complemento/>
    <unidade/>
    <bairro/>
    <localidade/>
    <uf/>
    <estado/>
    <região/>
    <ibge/>
    <gia/>
    <ddd/>
    <siafi/>
  </cep>
  <cep>
    <cep>57300-310</cep>
    <logradouro>Rua Estudante José de Oliveira Leite</logradouro>
    <complemento>até 227/228</complemento>
    <unidade/>
    <bairro>Centro</bairro>
    <localidade>Arapiraca</localidade>
    <uf>AL</uf>
    <estado>Alagoas</estado>
    <região/>
    <ibge>2700300</ibge>
    <gia/>
    <ddd>82</ddd>
    <siafi>2705</siafi>
  </cep>
  <cep>
    <cep/>
    <logradouro/>
    <complemento/>
    <unidade/>
    <bairro/>
    <localidade/>
    <uf/>
    <estado/>
    <região/>
    <ibge/>
    <gia/>
    <ddd/>
    <siafi/>
  </cep>
  <cep>
    <cep/>
    <logradouro/>
    <complemento/>
    <unidade/>
    <bairro/>
    <localidade/>
    <uf/>
    <estado/>
    <região/>
    <ibge/>
    <gia/>
    <ddd/>
    <siafi/>
  </cep>
  <cep>
    <cep>57300-325</cep>
    <logradouro>Rua Dezesseis de Setembro</logradouro>
    <complemento/>
    <unidade/>
    <bairro>Centro</bairro>
    <localidade>Arapiraca</localidade>
    <uf>AL</uf>
    <estado>Alagoas</estado>
    <região/>
    <ibge>2700300</ibge>
    <gia/>
    <ddd>82</ddd>
    <siafi>2705</siafi>
  </cep>
  <cep>
    <cep>57300-320</cep>
    <logradouro>Rua Padre Anchieta</logradouro>
    <complemento/>
    <unidade/>
    <bairro>Centro</bairro>
    <localidade>Arapiraca</localidade>
    <uf>AL</uf>
    <estado>Alagoas</estado>
    <região/>
    <ibge>2700300</ibge>
    <gia/>
    <ddd>82</ddd>
    <siafi>2705</siafi>
  </cep>
  <cep>
    <cep>57300-330</cep>
    <logradouro>Praça Deputado Marques da Silva</logradouro>
    <complemento/>
    <unidade/>
    <bairro>Centro</bairro>
    <localidade>Arapiraca</localidade>
    <uf>AL</uf>
    <estado>Alagoas</estado>
    <região/>
    <ibge>2700300</ibge>
    <gia/>
    <ddd>82</ddd>
    <siafi>2705</siafi>
  </cep>
  <cep>
    <cep>57300-340</cep>
    <logradouro>Rua Quinze de Novembro</logradouro>
    <complemento>até 99997/99998</complemento>
    <unidade/>
    <bairro>Centro</bairro>
    <localidade>Arapiraca</localidade>
    <uf>AL</uf>
    <estado>Alagoas</estado>
    <região/>
    <ibge>2700300</ibge>
    <gia/>
    <ddd>82</ddd>
    <siafi>2705</siafi>
  </cep>
  <cep>
    <cep>57300-355</cep>
    <logradouro>Rua Manoel Abreu</logradouro>
    <complemento/>
    <unidade/>
    <bairro>Centro</bairro>
    <localidade>Arapiraca</localidade>
    <uf>AL</uf>
    <estado>Alagoas</estado>
    <região/>
    <ibge>2700300</ibge>
    <gia/>
    <ddd>82</ddd>
    <siafi>2705</siafi>
  </cep>
  <cep>
    <cep>57300-360</cep>
    <logradouro>Rua Lúcio Roberto</logradouro>
    <complemento/>
    <unidade/>
    <bairro>Centro</bairro>
    <localidade>Arapiraca</localidade>
    <uf>AL</uf>
    <estado>Alagoas</estado>
    <região/>
    <ibge>2700300</ibge>
    <gia/>
    <ddd>82</ddd>
    <siafi>2705</siafi>
  </cep>
  <cep>
    <cep>57300-380</cep>
    <logradouro>Rua Trinta de Outubro</logradouro>
    <complemento/>
    <unidade/>
    <bairro>Centro</bairro>
    <localidade>Arapiraca</localidade>
    <uf>AL</uf>
    <estado>Alagoas</estado>
    <região/>
    <ibge>2700300</ibge>
    <gia/>
    <ddd>82</ddd>
    <siafi>2705</siafi>
  </cep>
  <cep>
    <cep>57300-390</cep>
    <logradouro>Rua Olavo Bilac</logradouro>
    <complemento/>
    <unidade/>
    <bairro>Centro</bairro>
    <localidade>Arapiraca</localidade>
    <uf>AL</uf>
    <estado>Alagoas</estado>
    <região/>
    <ibge>2700300</ibge>
    <gia/>
    <ddd>82</ddd>
    <siafi>2705</siafi>
  </cep>
  <cep>
    <cep>57300-470</cep>
    <logradouro>Rua Professor Domingos Rodrigues</logradouro>
    <complemento/>
    <unidade/>
    <bairro>Centro</bairro>
    <localidade>Arapiraca</localidade>
    <uf>AL</uf>
    <estado>Alagoas</estado>
    <região/>
    <ibge>2700300</ibge>
    <gia/>
    <ddd>82</ddd>
    <siafi>2705</siafi>
  </cep>
  <cep>
    <cep>57300-490</cep>
    <logradouro>Rua Júlia Alves Freire</logradouro>
    <complemento/>
    <unidade/>
    <bairro>Centro</bairro>
    <localidade>Arapiraca</localidade>
    <uf>AL</uf>
    <estado>Alagoas</estado>
    <região/>
    <ibge>2700300</ibge>
    <gia/>
    <ddd>82</ddd>
    <siafi>2705</siafi>
  </cep>
  <cep>
    <cep>57300-495</cep>
    <logradouro>Avenida Ventura de Farias</logradouro>
    <complemento/>
    <unidade/>
    <bairro>Centro</bairro>
    <localidade>Arapiraca</localidade>
    <uf>AL</uf>
    <estado>Alagoas</estado>
    <região/>
    <ibge>2700300</ibge>
    <gia/>
    <ddd>82</ddd>
    <siafi>2705</siafi>
  </cep>
  <cep>
    <cep/>
    <logradouro/>
    <complemento/>
    <unidade/>
    <bairro/>
    <localidade/>
    <uf/>
    <estado/>
    <região/>
    <ibge/>
    <gia/>
    <ddd/>
    <siafi/>
  </cep>
  <cep>
    <cep>57300-410</cep>
    <logradouro>Rua Zeferino Magalhães</logradouro>
    <complemento/>
    <unidade/>
    <bairro>Centro</bairro>
    <localidade>Arapiraca</localidade>
    <uf>AL</uf>
    <estado>Alagoas</estado>
    <região/>
    <ibge>2700300</ibge>
    <gia/>
    <ddd>82</ddd>
    <siafi>2705</siafi>
  </cep>
  <cep>
    <cep>57300-440</cep>
    <logradouro>Praça Gabino Besouro</logradouro>
    <complemento/>
    <unidade/>
    <bairro>Centro</bairro>
    <localidade>Arapiraca</localidade>
    <uf>AL</uf>
    <estado>Alagoas</estado>
    <região/>
    <ibge>2700300</ibge>
    <gia/>
    <ddd>82</ddd>
    <siafi>2705</siafi>
  </cep>
  <cep>
    <cep>57300-510</cep>
    <logradouro>Praça Antônio Ribeiro</logradouro>
    <complemento/>
    <unidade/>
    <bairro>Centro</bairro>
    <localidade>Arapiraca</localidade>
    <uf>AL</uf>
    <estado>Alagoas</estado>
    <região/>
    <ibge>2700300</ibge>
    <gia/>
    <ddd>82</ddd>
    <siafi>2705</siafi>
  </cep>
  <cep>
    <cep>57300-460</cep>
    <logradouro>Rua Santa Terezinha</logradouro>
    <complemento/>
    <unidade/>
    <bairro>Centro</bairro>
    <localidade>Arapiraca</localidade>
    <uf>AL</uf>
    <estado>Alagoas</estado>
    <região/>
    <ibge>2700300</ibge>
    <gia/>
    <ddd>82</ddd>
    <siafi>2705</siafi>
  </cep>
  <cep>
    <cep>57300-530</cep>
    <logradouro>Rua Domingos Mota Acioly</logradouro>
    <complemento/>
    <unidade/>
    <bairro>Centro</bairro>
    <localidade>Arapiraca</localidade>
    <uf>AL</uf>
    <estado>Alagoas</estado>
    <região/>
    <ibge>2700300</ibge>
    <gia/>
    <ddd>82</ddd>
    <siafi>2705</siafi>
  </cep>
  <cep>
    <cep>57300-450</cep>
    <logradouro>Rua São Vicente</logradouro>
    <complemento/>
    <unidade/>
    <bairro>Centro</bairro>
    <localidade>Arapiraca</localidade>
    <uf>AL</uf>
    <estado>Alagoas</estado>
    <região/>
    <ibge>2700300</ibge>
    <gia/>
    <ddd>82</ddd>
    <siafi>2705</siafi>
  </cep>
  <cep>
    <cep>57300-520</cep>
    <logradouro>Rua Jornalista José Olavo Bispo</logradouro>
    <complemento/>
    <unidade/>
    <bairro>Centro</bairro>
    <localidade>Arapiraca</localidade>
    <uf>AL</uf>
    <estado>Alagoas</estado>
    <região/>
    <ibge>2700300</ibge>
    <gia/>
    <ddd>82</ddd>
    <siafi>2705</siafi>
  </cep>
  <cep>
    <cep>57300-430</cep>
    <logradouro>Rua Curitiba</logradouro>
    <complemento/>
    <unidade/>
    <bairro>Centro</bairro>
    <localidade>Arapiraca</localidade>
    <uf>AL</uf>
    <estado>Alagoas</estado>
    <região/>
    <ibge>2700300</ibge>
    <gia/>
    <ddd>82</ddd>
    <siafi>2705</siafi>
  </cep>
  <cep>
    <cep>57300-370</cep>
    <logradouro>Rua Monsenhor Macêdo</logradouro>
    <complemento/>
    <unidade/>
    <bairro>Centro</bairro>
    <localidade>Arapiraca</localidade>
    <uf>AL</uf>
    <estado>Alagoas</estado>
    <região/>
    <ibge>2700300</ibge>
    <gia/>
    <ddd>82</ddd>
    <siafi>2705</siafi>
  </cep>
  <cep>
    <cep>57300-420</cep>
    <logradouro>Rua Rio de Janeiro</logradouro>
    <complemento/>
    <unidade/>
    <bairro>Centro</bairro>
    <localidade>Arapiraca</localidade>
    <uf>AL</uf>
    <estado>Alagoas</estado>
    <região/>
    <ibge>2700300</ibge>
    <gia/>
    <ddd>82</ddd>
    <siafi>2705</siafi>
  </cep>
  <cep>
    <cep>57300-540</cep>
    <logradouro>Rua Quinze de Agosto</logradouro>
    <complemento/>
    <unidade/>
    <bairro>Centro</bairro>
    <localidade>Arapiraca</localidade>
    <uf>AL</uf>
    <estado>Alagoas</estado>
    <região/>
    <ibge>2700300</ibge>
    <gia/>
    <ddd>82</ddd>
    <siafi>2705</siafi>
  </cep>
  <cep>
    <cep>57300-500</cep>
    <logradouro>Rua Rui Barbosa</logradouro>
    <complemento/>
    <unidade/>
    <bairro>Centro</bairro>
    <localidade>Arapiraca</localidade>
    <uf>AL</uf>
    <estado>Alagoas</estado>
    <região/>
    <ibge>2700300</ibge>
    <gia/>
    <ddd>82</ddd>
    <siafi>2705</siafi>
  </cep>
  <cep>
    <cep>57300-560</cep>
    <logradouro>Rua Guanabara</logradouro>
    <complemento>até 163/164</complemento>
    <unidade/>
    <bairro>Centro</bairro>
    <localidade>Arapiraca</localidade>
    <uf>AL</uf>
    <estado>Alagoas</estado>
    <região/>
    <ibge>2700300</ibge>
    <gia/>
    <ddd>82</ddd>
    <siafi>2705</siafi>
  </cep>
  <cep>
    <cep>57300-550</cep>
    <logradouro>Rua Pedro Nunes de Albuquerque</logradouro>
    <complemento/>
    <unidade/>
    <bairro>Centro</bairro>
    <localidade>Arapiraca</localidade>
    <uf>AL</uf>
    <estado>Alagoas</estado>
    <região/>
    <ibge>2700300</ibge>
    <gia/>
    <ddd>82</ddd>
    <siafi>2705</siafi>
  </cep>
  <cep>
    <cep>57300-570</cep>
    <logradouro>Rua Antônio Lima Sobrinho</logradouro>
    <complemento/>
    <unidade/>
    <bairro>Centro</bairro>
    <localidade>Arapiraca</localidade>
    <uf>AL</uf>
    <estado>Alagoas</estado>
    <região/>
    <ibge>2700300</ibge>
    <gia/>
    <ddd>82</ddd>
    <siafi>2705</siafi>
  </cep>
  <cep>
    <cep>57300-480</cep>
    <logradouro>Rua Sete de Setembro</logradouro>
    <complemento/>
    <unidade/>
    <bairro>Centro</bairro>
    <localidade>Arapiraca</localidade>
    <uf>AL</uf>
    <estado>Alagoas</estado>
    <região/>
    <ibge>2700300</ibge>
    <gia/>
    <ddd>82</ddd>
    <siafi>2705</siafi>
  </cep>
  <cep>
    <cep>57300-545</cep>
    <logradouro>Rua Possidônio Nunes</logradouro>
    <complemento/>
    <unidade/>
    <bairro>Centro</bairro>
    <localidade>Arapiraca</localidade>
    <uf>AL</uf>
    <estado>Alagoas</estado>
    <região/>
    <ibge>2700300</ibge>
    <gia/>
    <ddd>82</ddd>
    <siafi>2705</siafi>
  </cep>
  <cep>
    <cep>57300-400</cep>
    <logradouro>Rua Doutor Pedro Correia</logradouro>
    <complemento/>
    <unidade/>
    <bairro>Centro</bairro>
    <localidade>Arapiraca</localidade>
    <uf>AL</uf>
    <estado>Alagoas</estado>
    <região/>
    <ibge>2700300</ibge>
    <gia/>
    <ddd>82</ddd>
    <siafi>2705</siafi>
  </cep>
  <cep>
    <cep>57300-580</cep>
    <logradouro>Rua Dom Felício Vasconcelos</logradouro>
    <complemento>lado ímpar</complemento>
    <unidade/>
    <bairro>Centro</bairro>
    <localidade>Arapiraca</localidade>
    <uf>AL</uf>
    <estado>Alagoas</estado>
    <região/>
    <ibge>2700300</ibge>
    <gia/>
    <ddd>82</ddd>
    <siafi>2705</siafi>
  </cep>
  <cep>
    <cep>57300-590</cep>
    <logradouro>Rua Expedicionários Brasileiros</logradouro>
    <complemento>até 319/320</complemento>
    <unidade/>
    <bairro>Centro</bairro>
    <localidade>Arapiraca</localidade>
    <uf>AL</uf>
    <estado>Alagoas</estado>
    <região/>
    <ibge>2700300</ibge>
    <gia/>
    <ddd>82</ddd>
    <siafi>2705</siafi>
  </cep>
  <cep>
    <cep>57300-600</cep>
    <logradouro>Rua José Rodrigues de Lima</logradouro>
    <complemento/>
    <unidade/>
    <bairro>Centro</bairro>
    <localidade>Arapiraca</localidade>
    <uf>AL</uf>
    <estado>Alagoas</estado>
    <região/>
    <ibge>2700300</ibge>
    <gia/>
    <ddd>82</ddd>
    <siafi>2705</siafi>
  </cep>
  <cep>
    <cep>57300-610</cep>
    <logradouro>Rua Pio Matos de Melo</logradouro>
    <complemento/>
    <unidade/>
    <bairro>Centro</bairro>
    <localidade>Arapiraca</localidade>
    <uf>AL</uf>
    <estado>Alagoas</estado>
    <região/>
    <ibge>2700300</ibge>
    <gia/>
    <ddd>82</ddd>
    <siafi>2705</siafi>
  </cep>
  <cep>
    <cep>57300-630</cep>
    <logradouro>Rua Santo Antônio</logradouro>
    <complemento/>
    <unidade/>
    <bairro>Centro</bairro>
    <localidade>Arapiraca</localidade>
    <uf>AL</uf>
    <estado>Alagoas</estado>
    <região/>
    <ibge>2700300</ibge>
    <gia/>
    <ddd>82</ddd>
    <siafi>2705</siafi>
  </cep>
  <cep>
    <cep/>
    <logradouro/>
    <complemento/>
    <unidade/>
    <bairro/>
    <localidade/>
    <uf/>
    <estado/>
    <região/>
    <ibge/>
    <gia/>
    <ddd/>
    <siafi/>
  </cep>
  <cep>
    <cep>57300-800</cep>
    <logradouro>Rua Maurício Pereira</logradouro>
    <complemento>lado par</complemento>
    <unidade/>
    <bairro>Centro</bairro>
    <localidade>Arapiraca</localidade>
    <uf>AL</uf>
    <estado>Alagoas</estado>
    <região/>
    <ibge>2700300</ibge>
    <gia/>
    <ddd>82</ddd>
    <siafi>2705</siafi>
  </cep>
  <cep>
    <cep>57300-620</cep>
    <logradouro>Rua Duque de Caxias</logradouro>
    <complemento/>
    <unidade/>
    <bairro>Centro</bairro>
    <localidade>Arapiraca</localidade>
    <uf>AL</uf>
    <estado>Alagoas</estado>
    <região/>
    <ibge>2700300</ibge>
    <gia/>
    <ddd>82</ddd>
    <siafi>2705</siafi>
  </cep>
  <cep>
    <cep>57300-640</cep>
    <logradouro>Rua Paula Magalhães</logradouro>
    <complemento>lado par</complemento>
    <unidade/>
    <bairro>Centro</bairro>
    <localidade>Arapiraca</localidade>
    <uf>AL</uf>
    <estado>Alagoas</estado>
    <região/>
    <ibge>2700300</ibge>
    <gia/>
    <ddd>82</ddd>
    <siafi>2705</siafi>
  </cep>
  <cep>
    <cep>57300-970</cep>
    <logradouro>Praça Luiz Pereira Lima</logradouro>
    <complemento>s/n</complemento>
    <unidade>AC Arapiraca</unidade>
    <bairro>Centro</bairro>
    <localidade>Arapiraca</localidade>
    <uf>AL</uf>
    <estado>Alagoas</estado>
    <região/>
    <ibge>2700300</ibge>
    <gia/>
    <ddd>82</ddd>
    <siafi>2705</siafi>
  </cep>
  <cep>
    <cep/>
    <logradouro/>
    <complemento/>
    <unidade/>
    <bairro/>
    <localidade/>
    <uf/>
    <estado/>
    <região/>
    <ibge/>
    <gia/>
    <ddd/>
    <siafi/>
  </cep>
  <cep>
    <cep>57300-971</cep>
    <logradouro>Rua Maurício Pereira</logradouro>
    <complemento>1082</complemento>
    <unidade>CDD Arapiraca</unidade>
    <bairro>Centro</bairro>
    <localidade>Arapiraca</localidade>
    <uf>AL</uf>
    <estado>Alagoas</estado>
    <região/>
    <ibge>2700300</ibge>
    <gia/>
    <ddd>82</ddd>
    <siafi>2705</siafi>
  </cep>
  <cep>
    <cep>57300-972</cep>
    <logradouro>Rua Expedicionários Brasileiros</logradouro>
    <complemento>320</complemento>
    <unidade>PCL Ponto de Coleta Vip Móveis</unidade>
    <bairro>Centro</bairro>
    <localidade>Arapiraca</localidade>
    <uf>AL</uf>
    <estado>Alagoas</estado>
    <região/>
    <ibge>2700300</ibge>
    <gia/>
    <ddd>82</ddd>
    <siafi>2705</siafi>
  </cep>
  <cep>
    <cep>57301-030</cep>
    <logradouro>Rua Leocádio Pinheiro</logradouro>
    <complemento/>
    <unidade/>
    <bairro>Ouro Preto</bairro>
    <localidade>Arapiraca</localidade>
    <uf>AL</uf>
    <estado>Alagoas</estado>
    <região/>
    <ibge>2700300</ibge>
    <gia/>
    <ddd>82</ddd>
    <siafi>2705</siafi>
  </cep>
  <cep>
    <cep>57301-010</cep>
    <logradouro>Rua Dezesseis de Setembro</logradouro>
    <complemento/>
    <unidade/>
    <bairro>Ouro Preto</bairro>
    <localidade>Arapiraca</localidade>
    <uf>AL</uf>
    <estado>Alagoas</estado>
    <região/>
    <ibge>2700300</ibge>
    <gia/>
    <ddd>82</ddd>
    <siafi>2705</siafi>
  </cep>
  <cep>
    <cep>57301-050</cep>
    <logradouro>Rua Senhor do Bomfim</logradouro>
    <complemento/>
    <unidade/>
    <bairro>Ouro Preto</bairro>
    <localidade>Arapiraca</localidade>
    <uf>AL</uf>
    <estado>Alagoas</estado>
    <região/>
    <ibge>2700300</ibge>
    <gia/>
    <ddd>82</ddd>
    <siafi>2705</siafi>
  </cep>
  <cep>
    <cep>57301-040</cep>
    <logradouro>Rua Senhor dos Pobres</logradouro>
    <complemento/>
    <unidade/>
    <bairro>Ouro Preto</bairro>
    <localidade>Arapiraca</localidade>
    <uf>AL</uf>
    <estado>Alagoas</estado>
    <região/>
    <ibge>2700300</ibge>
    <gia/>
    <ddd>82</ddd>
    <siafi>2705</siafi>
  </cep>
  <cep>
    <cep>57301-060</cep>
    <logradouro>Rua Estudante José de Oliveira Leite</logradouro>
    <complemento>de 597/598 a 1311/1312</complemento>
    <unidade/>
    <bairro>Ouro Preto</bairro>
    <localidade>Arapiraca</localidade>
    <uf>AL</uf>
    <estado>Alagoas</estado>
    <região/>
    <ibge>2700300</ibge>
    <gia/>
    <ddd>82</ddd>
    <siafi>2705</siafi>
  </cep>
  <cep>
    <cep>57301-080</cep>
    <logradouro>Rua Maria de Nazaré</logradouro>
    <complemento/>
    <unidade/>
    <bairro>Ouro Preto</bairro>
    <localidade>Arapiraca</localidade>
    <uf>AL</uf>
    <estado>Alagoas</estado>
    <região/>
    <ibge>2700300</ibge>
    <gia/>
    <ddd>82</ddd>
    <siafi>2705</siafi>
  </cep>
  <cep>
    <cep>57301-090</cep>
    <logradouro>Rua Médium José Arigó</logradouro>
    <complemento/>
    <unidade/>
    <bairro>Ouro Preto</bairro>
    <localidade>Arapiraca</localidade>
    <uf>AL</uf>
    <estado>Alagoas</estado>
    <região/>
    <ibge>2700300</ibge>
    <gia/>
    <ddd>82</ddd>
    <siafi>2705</siafi>
  </cep>
  <cep>
    <cep>57301-100</cep>
    <logradouro>Rua Domingos Correia</logradouro>
    <complemento>de 800/801 a 1263/1264</complemento>
    <unidade/>
    <bairro>Ouro Preto</bairro>
    <localidade>Arapiraca</localidade>
    <uf>AL</uf>
    <estado>Alagoas</estado>
    <região/>
    <ibge>2700300</ibge>
    <gia/>
    <ddd>82</ddd>
    <siafi>2705</siafi>
  </cep>
  <cep>
    <cep>57301-110</cep>
    <logradouro>Rua São Francisco</logradouro>
    <complemento>de 1064/1065 ao fim</complemento>
    <unidade/>
    <bairro>Ouro Preto</bairro>
    <localidade>Arapiraca</localidade>
    <uf>AL</uf>
    <estado>Alagoas</estado>
    <região/>
    <ibge>2700300</ibge>
    <gia/>
    <ddd>82</ddd>
    <siafi>2705</siafi>
  </cep>
  <cep>
    <cep>57301-095</cep>
    <logradouro>Rua Paula Magalhães</logradouro>
    <complemento>lado ímpar</complemento>
    <unidade/>
    <bairro>Ouro Preto</bairro>
    <localidade>Arapiraca</localidade>
    <uf>AL</uf>
    <estado>Alagoas</estado>
    <região/>
    <ibge>2700300</ibge>
    <gia/>
    <ddd>82</ddd>
    <siafi>2705</siafi>
  </cep>
  <cep>
    <cep>57301-105</cep>
    <logradouro>Rua Duque de Caxias</logradouro>
    <complemento/>
    <unidade/>
    <bairro>Ouro Preto</bairro>
    <localidade>Arapiraca</localidade>
    <uf>AL</uf>
    <estado>Alagoas</estado>
    <região/>
    <ibge>2700300</ibge>
    <gia/>
    <ddd>82</ddd>
    <siafi>2705</siafi>
  </cep>
  <cep>
    <cep>57301-120</cep>
    <logradouro>Rua Tibúrcio Magalhães</logradouro>
    <complemento/>
    <unidade/>
    <bairro>Ouro Preto</bairro>
    <localidade>Arapiraca</localidade>
    <uf>AL</uf>
    <estado>Alagoas</estado>
    <região/>
    <ibge>2700300</ibge>
    <gia/>
    <ddd>82</ddd>
    <siafi>2705</siafi>
  </cep>
  <cep>
    <cep>57301-115</cep>
    <logradouro>Rua Engenheiro Camilo Collier</logradouro>
    <complemento>lado ímpar</complemento>
    <unidade/>
    <bairro>Ouro Preto</bairro>
    <localidade>Arapiraca</localidade>
    <uf>AL</uf>
    <estado>Alagoas</estado>
    <região/>
    <ibge>2700300</ibge>
    <gia/>
    <ddd>82</ddd>
    <siafi>2705</siafi>
  </cep>
  <cep>
    <cep>57301-140</cep>
    <logradouro>Rua São Luiz</logradouro>
    <complemento/>
    <unidade/>
    <bairro>Ouro Preto</bairro>
    <localidade>Arapiraca</localidade>
    <uf>AL</uf>
    <estado>Alagoas</estado>
    <região/>
    <ibge>2700300</ibge>
    <gia/>
    <ddd>82</ddd>
    <siafi>2705</siafi>
  </cep>
  <cep>
    <cep>57301-145</cep>
    <logradouro>Rua Costa Gama</logradouro>
    <complemento>até 72 - lado par</complemento>
    <unidade/>
    <bairro>Ouro Preto</bairro>
    <localidade>Arapiraca</localidade>
    <uf>AL</uf>
    <estado>Alagoas</estado>
    <região/>
    <ibge>2700300</ibge>
    <gia/>
    <ddd>82</ddd>
    <siafi>2705</siafi>
  </cep>
  <cep>
    <cep>57301-130</cep>
    <logradouro>Rua Dom Jonas Batinga</logradouro>
    <complemento>até 511/512</complemento>
    <unidade/>
    <bairro>Ouro Preto</bairro>
    <localidade>Arapiraca</localidade>
    <uf>AL</uf>
    <estado>Alagoas</estado>
    <região/>
    <ibge>2700300</ibge>
    <gia/>
    <ddd>82</ddd>
    <siafi>2705</siafi>
  </cep>
  <cep>
    <cep>57301-150</cep>
    <logradouro>Rua Dom Pedro II</logradouro>
    <complemento>lado ímpar</complemento>
    <unidade/>
    <bairro>Ouro Preto</bairro>
    <localidade>Arapiraca</localidade>
    <uf>AL</uf>
    <estado>Alagoas</estado>
    <região/>
    <ibge>2700300</ibge>
    <gia/>
    <ddd>82</ddd>
    <siafi>2705</siafi>
  </cep>
  <cep>
    <cep>57301-170</cep>
    <logradouro>Rua Juvino Cavalcante</logradouro>
    <complemento/>
    <unidade/>
    <bairro>Ouro Preto</bairro>
    <localidade>Arapiraca</localidade>
    <uf>AL</uf>
    <estado>Alagoas</estado>
    <região/>
    <ibge>2700300</ibge>
    <gia/>
    <ddd>82</ddd>
    <siafi>2705</siafi>
  </cep>
  <cep>
    <cep>57301-160</cep>
    <logradouro>Rua Manoel Caetano de Souza</logradouro>
    <complemento/>
    <unidade/>
    <bairro>Ouro Preto</bairro>
    <localidade>Arapiraca</localidade>
    <uf>AL</uf>
    <estado>Alagoas</estado>
    <região/>
    <ibge>2700300</ibge>
    <gia/>
    <ddd>82</ddd>
    <siafi>2705</siafi>
  </cep>
  <cep>
    <cep>57301-180</cep>
    <logradouro>Praça Santa Rosa</logradouro>
    <complemento/>
    <unidade/>
    <bairro>Ouro Preto</bairro>
    <localidade>Arapiraca</localidade>
    <uf>AL</uf>
    <estado>Alagoas</estado>
    <região/>
    <ibge>2700300</ibge>
    <gia/>
    <ddd>82</ddd>
    <siafi>2705</siafi>
  </cep>
  <cep>
    <cep>57301-185</cep>
    <logradouro>Rua Marechal Deodoro da Fonseca</logradouro>
    <complemento>até 560 - lado par</complemento>
    <unidade/>
    <bairro>Ouro Preto</bairro>
    <localidade>Arapiraca</localidade>
    <uf>AL</uf>
    <estado>Alagoas</estado>
    <região/>
    <ibge>2700300</ibge>
    <gia/>
    <ddd>82</ddd>
    <siafi>2705</siafi>
  </cep>
  <cep>
    <cep>57301-190</cep>
    <logradouro>Rua Antônio Petuba</logradouro>
    <complemento/>
    <unidade/>
    <bairro>Ouro Preto</bairro>
    <localidade>Arapiraca</localidade>
    <uf>AL</uf>
    <estado>Alagoas</estado>
    <região/>
    <ibge>2700300</ibge>
    <gia/>
    <ddd>82</ddd>
    <siafi>2705</siafi>
  </cep>
  <cep>
    <cep>57301-195</cep>
    <logradouro>Rua São Roque</logradouro>
    <complemento/>
    <unidade/>
    <bairro>Ouro Preto</bairro>
    <localidade>Arapiraca</localidade>
    <uf>AL</uf>
    <estado>Alagoas</estado>
    <região/>
    <ibge>2700300</ibge>
    <gia/>
    <ddd>82</ddd>
    <siafi>2705</siafi>
  </cep>
  <cep>
    <cep>57301-200</cep>
    <logradouro>Rua Marculino Juvêncio Bispo</logradouro>
    <complemento/>
    <unidade/>
    <bairro>Ouro Preto</bairro>
    <localidade>Arapiraca</localidade>
    <uf>AL</uf>
    <estado>Alagoas</estado>
    <região/>
    <ibge>2700300</ibge>
    <gia/>
    <ddd>82</ddd>
    <siafi>2705</siafi>
  </cep>
  <cep>
    <cep>57301-210</cep>
    <logradouro>Rua Odilon Auto</logradouro>
    <complemento>até 109/110</complemento>
    <unidade/>
    <bairro>Ouro Preto</bairro>
    <localidade>Arapiraca</localidade>
    <uf>AL</uf>
    <estado>Alagoas</estado>
    <região/>
    <ibge>2700300</ibge>
    <gia/>
    <ddd>82</ddd>
    <siafi>2705</siafi>
  </cep>
  <cep>
    <cep>57301-220</cep>
    <logradouro>Rua Cláudio de Albuquerque Lima</logradouro>
    <complemento>até 99998/99999</complemento>
    <unidade/>
    <bairro>Ouro Preto</bairro>
    <localidade>Arapiraca</localidade>
    <uf>AL</uf>
    <estado>Alagoas</estado>
    <região/>
    <ibge>2700300</ibge>
    <gia/>
    <ddd>82</ddd>
    <siafi>2705</siafi>
  </cep>
  <cep>
    <cep>57301-240</cep>
    <logradouro>Rua Manoel Luiz Gomes</logradouro>
    <complemento/>
    <unidade/>
    <bairro>São Luiz</bairro>
    <localidade>Arapiraca</localidade>
    <uf>AL</uf>
    <estado>Alagoas</estado>
    <região/>
    <ibge>2700300</ibge>
    <gia/>
    <ddd>82</ddd>
    <siafi>2705</siafi>
  </cep>
  <cep>
    <cep>57301-250</cep>
    <logradouro>Rua Afra Albuquerque Lima</logradouro>
    <complemento/>
    <unidade/>
    <bairro>São Luiz</bairro>
    <localidade>Arapiraca</localidade>
    <uf>AL</uf>
    <estado>Alagoas</estado>
    <região/>
    <ibge>2700300</ibge>
    <gia/>
    <ddd>82</ddd>
    <siafi>2705</siafi>
  </cep>
  <cep>
    <cep>57301-270</cep>
    <logradouro>Rua Sinésio Ferreira Lima</logradouro>
    <complemento/>
    <unidade/>
    <bairro>São Luiz</bairro>
    <localidade>Arapiraca</localidade>
    <uf>AL</uf>
    <estado>Alagoas</estado>
    <região/>
    <ibge>2700300</ibge>
    <gia/>
    <ddd>82</ddd>
    <siafi>2705</siafi>
  </cep>
  <cep>
    <cep>57301-310</cep>
    <logradouro>Rua Jurandir André</logradouro>
    <complemento/>
    <unidade/>
    <bairro>São Luiz</bairro>
    <localidade>Arapiraca</localidade>
    <uf>AL</uf>
    <estado>Alagoas</estado>
    <região/>
    <ibge>2700300</ibge>
    <gia/>
    <ddd>82</ddd>
    <siafi>2705</siafi>
  </cep>
  <cep>
    <cep>57301-280</cep>
    <logradouro>Rua Odilon Araújo Amorim</logradouro>
    <complemento/>
    <unidade/>
    <bairro>São Luiz</bairro>
    <localidade>Arapiraca</localidade>
    <uf>AL</uf>
    <estado>Alagoas</estado>
    <região/>
    <ibge>2700300</ibge>
    <gia/>
    <ddd>82</ddd>
    <siafi>2705</siafi>
  </cep>
  <cep>
    <cep>57301-364</cep>
    <logradouro>Rua Odilon Auto</logradouro>
    <complemento>de 131/132 a 289/290</complemento>
    <unidade/>
    <bairro>São Luiz</bairro>
    <localidade>Arapiraca</localidade>
    <uf>AL</uf>
    <estado>Alagoas</estado>
    <região/>
    <ibge>2700300</ibge>
    <gia/>
    <ddd>82</ddd>
    <siafi>2705</siafi>
  </cep>
  <cep>
    <cep>57301-362</cep>
    <logradouro>Rua Domingos Correia</logradouro>
    <complemento>de 1303/1304 a 1482/1483</complemento>
    <unidade/>
    <bairro>São Luiz</bairro>
    <localidade>Arapiraca</localidade>
    <uf>AL</uf>
    <estado>Alagoas</estado>
    <região/>
    <ibge>2700300</ibge>
    <gia/>
    <ddd>82</ddd>
    <siafi>2705</siafi>
  </cep>
  <cep>
    <cep>57301-290</cep>
    <logradouro>Rua Edon José de Morais</logradouro>
    <complemento/>
    <unidade/>
    <bairro>São Luiz</bairro>
    <localidade>Arapiraca</localidade>
    <uf>AL</uf>
    <estado>Alagoas</estado>
    <região/>
    <ibge>2700300</ibge>
    <gia/>
    <ddd>82</ddd>
    <siafi>2705</siafi>
  </cep>
  <cep>
    <cep>57301-340</cep>
    <logradouro>Rua Menino Alexandre</logradouro>
    <complemento/>
    <unidade/>
    <bairro>São Luiz</bairro>
    <localidade>Arapiraca</localidade>
    <uf>AL</uf>
    <estado>Alagoas</estado>
    <região/>
    <ibge>2700300</ibge>
    <gia/>
    <ddd>82</ddd>
    <siafi>2705</siafi>
  </cep>
  <cep>
    <cep>57301-300</cep>
    <logradouro>Rua José Cícero Silva</logradouro>
    <complemento/>
    <unidade/>
    <bairro>São Luiz</bairro>
    <localidade>Arapiraca</localidade>
    <uf>AL</uf>
    <estado>Alagoas</estado>
    <região/>
    <ibge>2700300</ibge>
    <gia/>
    <ddd>82</ddd>
    <siafi>2705</siafi>
  </cep>
  <cep>
    <cep>57301-360</cep>
    <logradouro>Rua Ana Lúcia Andrade Neves</logradouro>
    <complemento/>
    <unidade/>
    <bairro>São Luiz</bairro>
    <localidade>Arapiraca</localidade>
    <uf>AL</uf>
    <estado>Alagoas</estado>
    <região/>
    <ibge>2700300</ibge>
    <gia/>
    <ddd>82</ddd>
    <siafi>2705</siafi>
  </cep>
  <cep>
    <cep>57301-370</cep>
    <logradouro>Rua Suely Lopes da Silva</logradouro>
    <complemento/>
    <unidade/>
    <bairro>São Luiz</bairro>
    <localidade>Arapiraca</localidade>
    <uf>AL</uf>
    <estado>Alagoas</estado>
    <região/>
    <ibge>2700300</ibge>
    <gia/>
    <ddd>82</ddd>
    <siafi>2705</siafi>
  </cep>
  <cep>
    <cep>57301-385</cep>
    <logradouro>Rua Manoel Caetano de Souza</logradouro>
    <complemento/>
    <unidade/>
    <bairro>São Luiz</bairro>
    <localidade>Arapiraca</localidade>
    <uf>AL</uf>
    <estado>Alagoas</estado>
    <região/>
    <ibge>2700300</ibge>
    <gia/>
    <ddd>82</ddd>
    <siafi>2705</siafi>
  </cep>
  <cep>
    <cep>57301-380</cep>
    <logradouro>Rua Acadêmico Luzivaldo Barbosa Marques</logradouro>
    <complemento/>
    <unidade/>
    <bairro>São Luiz</bairro>
    <localidade>Arapiraca</localidade>
    <uf>AL</uf>
    <estado>Alagoas</estado>
    <região/>
    <ibge>2700300</ibge>
    <gia/>
    <ddd>82</ddd>
    <siafi>2705</siafi>
  </cep>
  <cep>
    <cep>57301-375</cep>
    <logradouro>Rua Juvino Cavalcante</logradouro>
    <complemento/>
    <unidade/>
    <bairro>São Luiz</bairro>
    <localidade>Arapiraca</localidade>
    <uf>AL</uf>
    <estado>Alagoas</estado>
    <região/>
    <ibge>2700300</ibge>
    <gia/>
    <ddd>82</ddd>
    <siafi>2705</siafi>
  </cep>
  <cep>
    <cep>57301-391</cep>
    <logradouro>Avenida Virgílio Vieira da Rocha</logradouro>
    <complemento/>
    <unidade/>
    <bairro>São Luiz</bairro>
    <localidade>Arapiraca</localidade>
    <uf>AL</uf>
    <estado>Alagoas</estado>
    <região/>
    <ibge>2700300</ibge>
    <gia/>
    <ddd>82</ddd>
    <siafi>2705</siafi>
  </cep>
  <cep>
    <cep>57301-392</cep>
    <logradouro>Rua Sebastião Luiz Pereira</logradouro>
    <complemento/>
    <unidade/>
    <bairro>São Luiz</bairro>
    <localidade>Arapiraca</localidade>
    <uf>AL</uf>
    <estado>Alagoas</estado>
    <região/>
    <ibge>2700300</ibge>
    <gia/>
    <ddd>82</ddd>
    <siafi>2705</siafi>
  </cep>
  <cep>
    <cep>57301-361</cep>
    <logradouro>Rua Estudante José de Oliveira Leite</logradouro>
    <complemento>de 1420/1421 a 1801/1802</complemento>
    <unidade/>
    <bairro>São Luiz</bairro>
    <localidade>Arapiraca</localidade>
    <uf>AL</uf>
    <estado>Alagoas</estado>
    <região/>
    <ibge>2700300</ibge>
    <gia/>
    <ddd>82</ddd>
    <siafi>2705</siafi>
  </cep>
  <cep>
    <cep>57301-381</cep>
    <logradouro>Avenida Muniz Falcão</logradouro>
    <complemento>lado ímpar</complemento>
    <unidade/>
    <bairro>São Luiz</bairro>
    <localidade>Arapiraca</localidade>
    <uf>AL</uf>
    <estado>Alagoas</estado>
    <região/>
    <ibge>2700300</ibge>
    <gia/>
    <ddd>82</ddd>
    <siafi>2705</siafi>
  </cep>
  <cep>
    <cep>57301-350</cep>
    <logradouro>Rua José Dorgival Almeida</logradouro>
    <complemento/>
    <unidade/>
    <bairro>São Luiz</bairro>
    <localidade>Arapiraca</localidade>
    <uf>AL</uf>
    <estado>Alagoas</estado>
    <região/>
    <ibge>2700300</ibge>
    <gia/>
    <ddd>82</ddd>
    <siafi>2705</siafi>
  </cep>
  <cep>
    <cep>57301-241</cep>
    <logradouro>Rua Dom Pedro II</logradouro>
    <complemento>até 576 - lado par</complemento>
    <unidade/>
    <bairro>São Luiz</bairro>
    <localidade>Arapiraca</localidade>
    <uf>AL</uf>
    <estado>Alagoas</estado>
    <região/>
    <ibge>2700300</ibge>
    <gia/>
    <ddd>82</ddd>
    <siafi>2705</siafi>
  </cep>
  <cep>
    <cep>57301-394</cep>
    <logradouro>Rua Pedro Vieira Sampaio</logradouro>
    <complemento/>
    <unidade/>
    <bairro>São Luiz</bairro>
    <localidade>Arapiraca</localidade>
    <uf>AL</uf>
    <estado>Alagoas</estado>
    <região/>
    <ibge>2700300</ibge>
    <gia/>
    <ddd>82</ddd>
    <siafi>2705</siafi>
  </cep>
  <cep>
    <cep>57301-393</cep>
    <logradouro>Rua Afra Correia Barbosa</logradouro>
    <complemento/>
    <unidade/>
    <bairro>São Luiz</bairro>
    <localidade>Arapiraca</localidade>
    <uf>AL</uf>
    <estado>Alagoas</estado>
    <região/>
    <ibge>2700300</ibge>
    <gia/>
    <ddd>82</ddd>
    <siafi>2705</siafi>
  </cep>
  <cep>
    <cep>57301-400</cep>
    <logradouro>Avenida Novo Nordeste</logradouro>
    <complemento>lado par</complemento>
    <unidade/>
    <bairro>São Luiz</bairro>
    <localidade>Arapiraca</localidade>
    <uf>AL</uf>
    <estado>Alagoas</estado>
    <região/>
    <ibge>2700300</ibge>
    <gia/>
    <ddd>82</ddd>
    <siafi>2705</siafi>
  </cep>
  <cep>
    <cep>57301-401</cep>
    <logradouro>Avenida Vereador João Saturnino de Almeida</logradouro>
    <complemento>lado ímpar</complemento>
    <unidade/>
    <bairro>São Luiz</bairro>
    <localidade>Arapiraca</localidade>
    <uf>AL</uf>
    <estado>Alagoas</estado>
    <região/>
    <ibge>2700300</ibge>
    <gia/>
    <ddd>82</ddd>
    <siafi>2705</siafi>
  </cep>
  <cep>
    <cep>57301-402</cep>
    <logradouro>Rua Cabo Jeovane Pereira Silva</logradouro>
    <complemento>lado par</complemento>
    <unidade/>
    <bairro>São Luiz</bairro>
    <localidade>Arapiraca</localidade>
    <uf>AL</uf>
    <estado>Alagoas</estado>
    <região/>
    <ibge>2700300</ibge>
    <gia/>
    <ddd>82</ddd>
    <siafi>2705</siafi>
  </cep>
  <cep>
    <cep>57301-404</cep>
    <logradouro>Rua Pedro Lopes da Silva</logradouro>
    <complemento/>
    <unidade/>
    <bairro>São Luiz</bairro>
    <localidade>Arapiraca</localidade>
    <uf>AL</uf>
    <estado>Alagoas</estado>
    <região/>
    <ibge>2700300</ibge>
    <gia/>
    <ddd>82</ddd>
    <siafi>2705</siafi>
  </cep>
  <cep>
    <cep>57301-403</cep>
    <logradouro>Rua Neide Barbosa Rocha</logradouro>
    <complemento/>
    <unidade/>
    <bairro>São Luiz</bairro>
    <localidade>Arapiraca</localidade>
    <uf>AL</uf>
    <estado>Alagoas</estado>
    <região/>
    <ibge>2700300</ibge>
    <gia/>
    <ddd>82</ddd>
    <siafi>2705</siafi>
  </cep>
  <cep>
    <cep>57301-409</cep>
    <logradouro>Rua Cláudio de Albuquerque Lima</logradouro>
    <complemento>de 462/463 ao fim</complemento>
    <unidade/>
    <bairro>São Luiz</bairro>
    <localidade>Arapiraca</localidade>
    <uf>AL</uf>
    <estado>Alagoas</estado>
    <região/>
    <ibge>2700300</ibge>
    <gia/>
    <ddd>82</ddd>
    <siafi>2705</siafi>
  </cep>
  <cep>
    <cep>57301-408</cep>
    <logradouro>Rua Manoel do Nascimento Abreu Filho</logradouro>
    <complemento/>
    <unidade/>
    <bairro>São Luiz</bairro>
    <localidade>Arapiraca</localidade>
    <uf>AL</uf>
    <estado>Alagoas</estado>
    <região/>
    <ibge>2700300</ibge>
    <gia/>
    <ddd>82</ddd>
    <siafi>2705</siafi>
  </cep>
  <cep>
    <cep>57301-406</cep>
    <logradouro>Rua Deputado Cleto Marques Luz</logradouro>
    <complemento/>
    <unidade/>
    <bairro>São Luiz</bairro>
    <localidade>Arapiraca</localidade>
    <uf>AL</uf>
    <estado>Alagoas</estado>
    <região/>
    <ibge>2700300</ibge>
    <gia/>
    <ddd>82</ddd>
    <siafi>2705</siafi>
  </cep>
  <cep>
    <cep>57301-410</cep>
    <logradouro>Rua José Bastos Filho</logradouro>
    <complemento/>
    <unidade/>
    <bairro>São Luiz</bairro>
    <localidade>Arapiraca</localidade>
    <uf>AL</uf>
    <estado>Alagoas</estado>
    <região/>
    <ibge>2700300</ibge>
    <gia/>
    <ddd>82</ddd>
    <siafi>2705</siafi>
  </cep>
  <cep>
    <cep>57301-412</cep>
    <logradouro>Rua Advogado Mário Correia Macêdo</logradouro>
    <complemento/>
    <unidade/>
    <bairro>São Luiz</bairro>
    <localidade>Arapiraca</localidade>
    <uf>AL</uf>
    <estado>Alagoas</estado>
    <região/>
    <ibge>2700300</ibge>
    <gia/>
    <ddd>82</ddd>
    <siafi>2705</siafi>
  </cep>
  <cep>
    <cep>57301-411</cep>
    <logradouro>Rua Odilon Auto</logradouro>
    <complemento>de 300/301 ao fim</complemento>
    <unidade/>
    <bairro>São Luiz</bairro>
    <localidade>Arapiraca</localidade>
    <uf>AL</uf>
    <estado>Alagoas</estado>
    <região/>
    <ibge>2700300</ibge>
    <gia/>
    <ddd>82</ddd>
    <siafi>2705</siafi>
  </cep>
  <cep>
    <cep>57301-413</cep>
    <logradouro>Rua Domingos Correia</logradouro>
    <complemento>de 1489/1490 ao fim</complemento>
    <unidade/>
    <bairro>São Luiz</bairro>
    <localidade>Arapiraca</localidade>
    <uf>AL</uf>
    <estado>Alagoas</estado>
    <região/>
    <ibge>2700300</ibge>
    <gia/>
    <ddd>82</ddd>
    <siafi>2705</siafi>
  </cep>
  <cep>
    <cep>57301-414</cep>
    <logradouro>Rua Théo Brandão Vilela</logradouro>
    <complemento/>
    <unidade/>
    <bairro>São Luiz</bairro>
    <localidade>Arapiraca</localidade>
    <uf>AL</uf>
    <estado>Alagoas</estado>
    <região/>
    <ibge>2700300</ibge>
    <gia/>
    <ddd>82</ddd>
    <siafi>2705</siafi>
  </cep>
  <cep>
    <cep>57301-416</cep>
    <logradouro>Rua Estudante Saionara Marques Queiróz</logradouro>
    <complemento/>
    <unidade/>
    <bairro>São Luiz</bairro>
    <localidade>Arapiraca</localidade>
    <uf>AL</uf>
    <estado>Alagoas</estado>
    <região/>
    <ibge>2700300</ibge>
    <gia/>
    <ddd>82</ddd>
    <siafi>2705</siafi>
  </cep>
  <cep>
    <cep>57301-415</cep>
    <logradouro>Rua Estudante José de Oliveira Leite</logradouro>
    <complemento>de 1824/1825 ao fim</complemento>
    <unidade/>
    <bairro>São Luiz</bairro>
    <localidade>Arapiraca</localidade>
    <uf>AL</uf>
    <estado>Alagoas</estado>
    <região/>
    <ibge>2700300</ibge>
    <gia/>
    <ddd>82</ddd>
    <siafi>2705</siafi>
  </cep>
  <cep>
    <cep>57301-418</cep>
    <logradouro>Rua Alírio Pereira Rocha</logradouro>
    <complemento/>
    <unidade/>
    <bairro>São Luiz</bairro>
    <localidade>Arapiraca</localidade>
    <uf>AL</uf>
    <estado>Alagoas</estado>
    <região/>
    <ibge>2700300</ibge>
    <gia/>
    <ddd>82</ddd>
    <siafi>2705</siafi>
  </cep>
  <cep>
    <cep>57301-420</cep>
    <logradouro>Rua José Jadson de Oliveira Júnior</logradouro>
    <complemento/>
    <unidade/>
    <bairro>São Luiz</bairro>
    <localidade>Arapiraca</localidade>
    <uf>AL</uf>
    <estado>Alagoas</estado>
    <região/>
    <ibge>2700300</ibge>
    <gia/>
    <ddd>82</ddd>
    <siafi>2705</siafi>
  </cep>
  <cep>
    <cep>57301-424</cep>
    <logradouro>Rua Creuza Rodrigues do Nascimento</logradouro>
    <complemento/>
    <unidade/>
    <bairro>São Luiz</bairro>
    <localidade>Arapiraca</localidade>
    <uf>AL</uf>
    <estado>Alagoas</estado>
    <região/>
    <ibge>2700300</ibge>
    <gia/>
    <ddd>82</ddd>
    <siafi>2705</siafi>
  </cep>
  <cep>
    <cep>57301-422</cep>
    <logradouro>Rua Nivaldo Almeida da Silva</logradouro>
    <complemento/>
    <unidade/>
    <bairro>São Luiz</bairro>
    <localidade>Arapiraca</localidade>
    <uf>AL</uf>
    <estado>Alagoas</estado>
    <região/>
    <ibge>2700300</ibge>
    <gia/>
    <ddd>82</ddd>
    <siafi>2705</siafi>
  </cep>
  <cep>
    <cep>57301-500</cep>
    <logradouro>Rua Maestro Nelson Soares Palmeira</logradouro>
    <complemento/>
    <unidade/>
    <bairro>São Luiz</bairro>
    <localidade>Arapiraca</localidade>
    <uf>AL</uf>
    <estado>Alagoas</estado>
    <região/>
    <ibge>2700300</ibge>
    <gia/>
    <ddd>82</ddd>
    <siafi>2705</siafi>
  </cep>
  <cep>
    <cep>57301-510</cep>
    <logradouro>Avenida Eniraldo de Oliveira Almeida</logradouro>
    <complemento>(AL 110) - lado par</complemento>
    <unidade/>
    <bairro>São Luiz</bairro>
    <localidade>Arapiraca</localidade>
    <uf>AL</uf>
    <estado>Alagoas</estado>
    <região/>
    <ibge>2700300</ibge>
    <gia/>
    <ddd>82</ddd>
    <siafi>2705</siafi>
  </cep>
  <cep>
    <cep>57301-520</cep>
    <logradouro>Rua São Roque</logradouro>
    <complemento>lado par</complemento>
    <unidade/>
    <bairro>São Luiz</bairro>
    <localidade>Arapiraca</localidade>
    <uf>AL</uf>
    <estado>Alagoas</estado>
    <região/>
    <ibge>2700300</ibge>
    <gia/>
    <ddd>82</ddd>
    <siafi>2705</siafi>
  </cep>
  <cep>
    <cep>57301-700</cep>
    <logradouro>Avenida Muniz Falcão</logradouro>
    <complemento>lado par</complemento>
    <unidade/>
    <bairro>São Luiz II</bairro>
    <localidade>Arapiraca</localidade>
    <uf>AL</uf>
    <estado>Alagoas</estado>
    <região/>
    <ibge>2700300</ibge>
    <gia/>
    <ddd>82</ddd>
    <siafi>2705</siafi>
  </cep>
  <cep>
    <cep>57301-702</cep>
    <logradouro>Rua Marinete Lopes de Oliveira</logradouro>
    <complemento/>
    <unidade/>
    <bairro>São Luiz II</bairro>
    <localidade>Arapiraca</localidade>
    <uf>AL</uf>
    <estado>Alagoas</estado>
    <região/>
    <ibge>2700300</ibge>
    <gia/>
    <ddd>82</ddd>
    <siafi>2705</siafi>
  </cep>
  <cep>
    <cep>57301-706</cep>
    <logradouro>Rua Ana Rosa de Oliveira</logradouro>
    <complemento/>
    <unidade/>
    <bairro>São Luiz II</bairro>
    <localidade>Arapiraca</localidade>
    <uf>AL</uf>
    <estado>Alagoas</estado>
    <região/>
    <ibge>2700300</ibge>
    <gia/>
    <ddd>82</ddd>
    <siafi>2705</siafi>
  </cep>
  <cep>
    <cep>57301-712</cep>
    <logradouro>Rua Engenheiro Camilo Collier</logradouro>
    <complemento>lado ímpar</complemento>
    <unidade/>
    <bairro>São Luiz II</bairro>
    <localidade>Arapiraca</localidade>
    <uf>AL</uf>
    <estado>Alagoas</estado>
    <região/>
    <ibge>2700300</ibge>
    <gia/>
    <ddd>82</ddd>
    <siafi>2705</siafi>
  </cep>
  <cep>
    <cep>57301-708</cep>
    <logradouro>Rua Manoel Pereira dos Santos</logradouro>
    <complemento/>
    <unidade/>
    <bairro>São Luiz II</bairro>
    <localidade>Arapiraca</localidade>
    <uf>AL</uf>
    <estado>Alagoas</estado>
    <região/>
    <ibge>2700300</ibge>
    <gia/>
    <ddd>82</ddd>
    <siafi>2705</siafi>
  </cep>
  <cep>
    <cep>57301-716</cep>
    <logradouro>Rua Primavera</logradouro>
    <complemento>até 49/50</complemento>
    <unidade/>
    <bairro>São Luiz II</bairro>
    <localidade>Arapiraca</localidade>
    <uf>AL</uf>
    <estado>Alagoas</estado>
    <região/>
    <ibge>2700300</ibge>
    <gia/>
    <ddd>82</ddd>
    <siafi>2705</siafi>
  </cep>
  <cep>
    <cep>57301-718</cep>
    <logradouro>Rua Carlindo Olindino Pereira</logradouro>
    <complemento/>
    <unidade/>
    <bairro>São Luiz II</bairro>
    <localidade>Arapiraca</localidade>
    <uf>AL</uf>
    <estado>Alagoas</estado>
    <região/>
    <ibge>2700300</ibge>
    <gia/>
    <ddd>82</ddd>
    <siafi>2705</siafi>
  </cep>
  <cep>
    <cep>57301-727</cep>
    <logradouro>Rua Lucila Roque de Lima</logradouro>
    <complemento>lado ímpar</complemento>
    <unidade/>
    <bairro>São Luiz II</bairro>
    <localidade>Arapiraca</localidade>
    <uf>AL</uf>
    <estado>Alagoas</estado>
    <região/>
    <ibge>2700300</ibge>
    <gia/>
    <ddd>82</ddd>
    <siafi>2705</siafi>
  </cep>
  <cep>
    <cep>57301-725</cep>
    <logradouro>Rua Cecy Roque Pereira</logradouro>
    <complemento/>
    <unidade/>
    <bairro>São Luiz II</bairro>
    <localidade>Arapiraca</localidade>
    <uf>AL</uf>
    <estado>Alagoas</estado>
    <região/>
    <ibge>2700300</ibge>
    <gia/>
    <ddd>82</ddd>
    <siafi>2705</siafi>
  </cep>
  <cep>
    <cep>57301-728</cep>
    <logradouro>Rua Teófilo Pereira Lima</logradouro>
    <complemento/>
    <unidade/>
    <bairro>São Luiz II</bairro>
    <localidade>Arapiraca</localidade>
    <uf>AL</uf>
    <estado>Alagoas</estado>
    <região/>
    <ibge>2700300</ibge>
    <gia/>
    <ddd>82</ddd>
    <siafi>2705</siafi>
  </cep>
  <cep>
    <cep>57301-729</cep>
    <logradouro>Rua Luiz Barbosa Lopes</logradouro>
    <complemento/>
    <unidade/>
    <bairro>São Luiz II</bairro>
    <localidade>Arapiraca</localidade>
    <uf>AL</uf>
    <estado>Alagoas</estado>
    <região/>
    <ibge>2700300</ibge>
    <gia/>
    <ddd>82</ddd>
    <siafi>2705</siafi>
  </cep>
  <cep>
    <cep>57301-730</cep>
    <logradouro>Rua Maria Carolina Donato</logradouro>
    <complemento/>
    <unidade/>
    <bairro>São Luiz II</bairro>
    <localidade>Arapiraca</localidade>
    <uf>AL</uf>
    <estado>Alagoas</estado>
    <região/>
    <ibge>2700300</ibge>
    <gia/>
    <ddd>82</ddd>
    <siafi>2705</siafi>
  </cep>
  <cep>
    <cep>57302-020</cep>
    <logradouro>Rua José Silvério Lima</logradouro>
    <complemento/>
    <unidade/>
    <bairro>Canafístula</bairro>
    <localidade>Arapiraca</localidade>
    <uf>AL</uf>
    <estado>Alagoas</estado>
    <região/>
    <ibge>2700300</ibge>
    <gia/>
    <ddd>82</ddd>
    <siafi>2705</siafi>
  </cep>
  <cep>
    <cep>57301-740</cep>
    <logradouro>Rua Cassimiro Dias</logradouro>
    <complemento>lado par</complemento>
    <unidade/>
    <bairro>São Luiz II</bairro>
    <localidade>Arapiraca</localidade>
    <uf>AL</uf>
    <estado>Alagoas</estado>
    <região/>
    <ibge>2700300</ibge>
    <gia/>
    <ddd>82</ddd>
    <siafi>2705</siafi>
  </cep>
  <cep>
    <cep>57302-045</cep>
    <logradouro>Avenida João Crisóstomo Ramalho</logradouro>
    <complemento>(AL 110) - lado ímpar</complemento>
    <unidade/>
    <bairro>Canafístula</bairro>
    <localidade>Arapiraca</localidade>
    <uf>AL</uf>
    <estado>Alagoas</estado>
    <região/>
    <ibge>2700300</ibge>
    <gia/>
    <ddd>82</ddd>
    <siafi>2705</siafi>
  </cep>
  <cep>
    <cep>57301-734</cep>
    <logradouro>Rua Adalgisa Fernandes Cavalcante</logradouro>
    <complemento/>
    <unidade/>
    <bairro>São Luiz II</bairro>
    <localidade>Arapiraca</localidade>
    <uf>AL</uf>
    <estado>Alagoas</estado>
    <região/>
    <ibge>2700300</ibge>
    <gia/>
    <ddd>82</ddd>
    <siafi>2705</siafi>
  </cep>
  <cep>
    <cep>57302-060</cep>
    <logradouro>Rua Santa Isabel</logradouro>
    <complemento/>
    <unidade/>
    <bairro>Canafístula</bairro>
    <localidade>Arapiraca</localidade>
    <uf>AL</uf>
    <estado>Alagoas</estado>
    <região/>
    <ibge>2700300</ibge>
    <gia/>
    <ddd>82</ddd>
    <siafi>2705</siafi>
  </cep>
  <cep>
    <cep>57302-070</cep>
    <logradouro>Rua Antônio Barbosa da Silva</logradouro>
    <complemento/>
    <unidade/>
    <bairro>Canafístula</bairro>
    <localidade>Arapiraca</localidade>
    <uf>AL</uf>
    <estado>Alagoas</estado>
    <região/>
    <ibge>2700300</ibge>
    <gia/>
    <ddd>82</ddd>
    <siafi>2705</siafi>
  </cep>
  <cep>
    <cep>57302-080</cep>
    <logradouro>Rua Josefa Bernardino</logradouro>
    <complemento/>
    <unidade/>
    <bairro>Canafístula</bairro>
    <localidade>Arapiraca</localidade>
    <uf>AL</uf>
    <estado>Alagoas</estado>
    <região/>
    <ibge>2700300</ibge>
    <gia/>
    <ddd>82</ddd>
    <siafi>2705</siafi>
  </cep>
  <cep>
    <cep>57302-090</cep>
    <logradouro>Rua João Lopes da Silva</logradouro>
    <complemento/>
    <unidade/>
    <bairro>Canafístula</bairro>
    <localidade>Arapiraca</localidade>
    <uf>AL</uf>
    <estado>Alagoas</estado>
    <região/>
    <ibge>2700300</ibge>
    <gia/>
    <ddd>82</ddd>
    <siafi>2705</siafi>
  </cep>
  <cep>
    <cep>57302-110</cep>
    <logradouro>Rua Matias Vieira</logradouro>
    <complemento/>
    <unidade/>
    <bairro>Canafístula</bairro>
    <localidade>Arapiraca</localidade>
    <uf>AL</uf>
    <estado>Alagoas</estado>
    <região/>
    <ibge>2700300</ibge>
    <gia/>
    <ddd>82</ddd>
    <siafi>2705</siafi>
  </cep>
  <cep>
    <cep>57302-150</cep>
    <logradouro>Rua Domingos Lopes</logradouro>
    <complemento/>
    <unidade/>
    <bairro>Canafístula</bairro>
    <localidade>Arapiraca</localidade>
    <uf>AL</uf>
    <estado>Alagoas</estado>
    <região/>
    <ibge>2700300</ibge>
    <gia/>
    <ddd>82</ddd>
    <siafi>2705</siafi>
  </cep>
  <cep>
    <cep>57302-130</cep>
    <logradouro>Rua Paula Campos</logradouro>
    <complemento/>
    <unidade/>
    <bairro>Canafístula</bairro>
    <localidade>Arapiraca</localidade>
    <uf>AL</uf>
    <estado>Alagoas</estado>
    <região/>
    <ibge>2700300</ibge>
    <gia/>
    <ddd>82</ddd>
    <siafi>2705</siafi>
  </cep>
  <cep>
    <cep>57302-140</cep>
    <logradouro>Rua Manoel João</logradouro>
    <complemento/>
    <unidade/>
    <bairro>Canafístula</bairro>
    <localidade>Arapiraca</localidade>
    <uf>AL</uf>
    <estado>Alagoas</estado>
    <região/>
    <ibge>2700300</ibge>
    <gia/>
    <ddd>82</ddd>
    <siafi>2705</siafi>
  </cep>
  <cep>
    <cep>57302-120</cep>
    <logradouro>Rua João Rodrigues Barros</logradouro>
    <complemento/>
    <unidade/>
    <bairro>Canafístula</bairro>
    <localidade>Arapiraca</localidade>
    <uf>AL</uf>
    <estado>Alagoas</estado>
    <região/>
    <ibge>2700300</ibge>
    <gia/>
    <ddd>82</ddd>
    <siafi>2705</siafi>
  </cep>
  <cep>
    <cep>57302-175</cep>
    <logradouro>Rua José Jaime Alves dos Santos</logradouro>
    <complemento/>
    <unidade/>
    <bairro>Canafístula</bairro>
    <localidade>Arapiraca</localidade>
    <uf>AL</uf>
    <estado>Alagoas</estado>
    <região/>
    <ibge>2700300</ibge>
    <gia/>
    <ddd>82</ddd>
    <siafi>2705</siafi>
  </cep>
  <cep>
    <cep>57302-180</cep>
    <logradouro>Rua José Roberto Tavares de Souza</logradouro>
    <complemento/>
    <unidade/>
    <bairro>Canafístula</bairro>
    <localidade>Arapiraca</localidade>
    <uf>AL</uf>
    <estado>Alagoas</estado>
    <região/>
    <ibge>2700300</ibge>
    <gia/>
    <ddd>82</ddd>
    <siafi>2705</siafi>
  </cep>
  <cep>
    <cep>57302-200</cep>
    <logradouro>Rua Antônio Feliciano</logradouro>
    <complemento/>
    <unidade/>
    <bairro>Canafístula</bairro>
    <localidade>Arapiraca</localidade>
    <uf>AL</uf>
    <estado>Alagoas</estado>
    <região/>
    <ibge>2700300</ibge>
    <gia/>
    <ddd>82</ddd>
    <siafi>2705</siafi>
  </cep>
  <cep>
    <cep>57302-190</cep>
    <logradouro>Rua Júlio Rafael</logradouro>
    <complemento/>
    <unidade/>
    <bairro>Canafístula</bairro>
    <localidade>Arapiraca</localidade>
    <uf>AL</uf>
    <estado>Alagoas</estado>
    <região/>
    <ibge>2700300</ibge>
    <gia/>
    <ddd>82</ddd>
    <siafi>2705</siafi>
  </cep>
  <cep>
    <cep>57302-202</cep>
    <logradouro>Rua Rogério César da Silva</logradouro>
    <complemento/>
    <unidade/>
    <bairro>Canafístula</bairro>
    <localidade>Arapiraca</localidade>
    <uf>AL</uf>
    <estado>Alagoas</estado>
    <região/>
    <ibge>2700300</ibge>
    <gia/>
    <ddd>82</ddd>
    <siafi>2705</siafi>
  </cep>
  <cep>
    <cep>57302-205</cep>
    <logradouro>Rua Cícero Antônio da Silva</logradouro>
    <complemento/>
    <unidade/>
    <bairro>Canafístula</bairro>
    <localidade>Arapiraca</localidade>
    <uf>AL</uf>
    <estado>Alagoas</estado>
    <região/>
    <ibge>2700300</ibge>
    <gia/>
    <ddd>82</ddd>
    <siafi>2705</siafi>
  </cep>
  <cep>
    <cep>57301-732</cep>
    <logradouro>Rua Nelson Albuquerque</logradouro>
    <complemento/>
    <unidade/>
    <bairro>São Luiz II</bairro>
    <localidade>Arapiraca</localidade>
    <uf>AL</uf>
    <estado>Alagoas</estado>
    <região/>
    <ibge>2700300</ibge>
    <gia/>
    <ddd>82</ddd>
    <siafi>2705</siafi>
  </cep>
  <cep>
    <cep>57302-212</cep>
    <logradouro>Rua Estudante Bruno Felix da Silva</logradouro>
    <complemento/>
    <unidade/>
    <bairro>Canafístula</bairro>
    <localidade>Arapiraca</localidade>
    <uf>AL</uf>
    <estado>Alagoas</estado>
    <região/>
    <ibge>2700300</ibge>
    <gia/>
    <ddd>82</ddd>
    <siafi>2705</siafi>
  </cep>
  <cep>
    <cep>57302-206</cep>
    <logradouro>Rua Daudete da Silva Oliveira</logradouro>
    <complemento/>
    <unidade/>
    <bairro>Canafístula</bairro>
    <localidade>Arapiraca</localidade>
    <uf>AL</uf>
    <estado>Alagoas</estado>
    <região/>
    <ibge>2700300</ibge>
    <gia/>
    <ddd>82</ddd>
    <siafi>2705</siafi>
  </cep>
  <cep>
    <cep>57302-210</cep>
    <logradouro>Rua Lúcio Vital</logradouro>
    <complemento/>
    <unidade/>
    <bairro>Canafístula</bairro>
    <localidade>Arapiraca</localidade>
    <uf>AL</uf>
    <estado>Alagoas</estado>
    <região/>
    <ibge>2700300</ibge>
    <gia/>
    <ddd>82</ddd>
    <siafi>2705</siafi>
  </cep>
  <cep>
    <cep>57301-736</cep>
    <logradouro>Rua Antônio Vieira Neto</logradouro>
    <complemento/>
    <unidade/>
    <bairro>São Luiz II</bairro>
    <localidade>Arapiraca</localidade>
    <uf>AL</uf>
    <estado>Alagoas</estado>
    <região/>
    <ibge>2700300</ibge>
    <gia/>
    <ddd>82</ddd>
    <siafi>2705</siafi>
  </cep>
  <cep>
    <cep>57301-723</cep>
    <logradouro>Rua Eluza Brito Bila</logradouro>
    <complemento/>
    <unidade/>
    <bairro>São Luiz II</bairro>
    <localidade>Arapiraca</localidade>
    <uf>AL</uf>
    <estado>Alagoas</estado>
    <região/>
    <ibge>2700300</ibge>
    <gia/>
    <ddd>82</ddd>
    <siafi>2705</siafi>
  </cep>
  <cep>
    <cep>57302-170</cep>
    <logradouro>Rua José Saturnino</logradouro>
    <complemento/>
    <unidade/>
    <bairro>Canafístula</bairro>
    <localidade>Arapiraca</localidade>
    <uf>AL</uf>
    <estado>Alagoas</estado>
    <região/>
    <ibge>2700300</ibge>
    <gia/>
    <ddd>82</ddd>
    <siafi>2705</siafi>
  </cep>
  <cep>
    <cep>57302-050</cep>
    <logradouro>Rua Santa Emília</logradouro>
    <complemento/>
    <unidade/>
    <bairro>Canafístula</bairro>
    <localidade>Arapiraca</localidade>
    <uf>AL</uf>
    <estado>Alagoas</estado>
    <região/>
    <ibge>2700300</ibge>
    <gia/>
    <ddd>82</ddd>
    <siafi>2705</siafi>
  </cep>
  <cep>
    <cep>57301-704</cep>
    <logradouro>Rua José Duda da Silva</logradouro>
    <complemento/>
    <unidade/>
    <bairro>São Luiz II</bairro>
    <localidade>Arapiraca</localidade>
    <uf>AL</uf>
    <estado>Alagoas</estado>
    <região/>
    <ibge>2700300</ibge>
    <gia/>
    <ddd>82</ddd>
    <siafi>2705</siafi>
  </cep>
  <cep>
    <cep>57301-722</cep>
    <logradouro>Rua Pastor Cícero Farias</logradouro>
    <complemento/>
    <unidade/>
    <bairro>São Luiz II</bairro>
    <localidade>Arapiraca</localidade>
    <uf>AL</uf>
    <estado>Alagoas</estado>
    <região/>
    <ibge>2700300</ibge>
    <gia/>
    <ddd>82</ddd>
    <siafi>2705</siafi>
  </cep>
  <cep>
    <cep>57301-710</cep>
    <logradouro>Rua José Leão de Oliveira</logradouro>
    <complemento/>
    <unidade/>
    <bairro>São Luiz II</bairro>
    <localidade>Arapiraca</localidade>
    <uf>AL</uf>
    <estado>Alagoas</estado>
    <região/>
    <ibge>2700300</ibge>
    <gia/>
    <ddd>82</ddd>
    <siafi>2705</siafi>
  </cep>
  <cep>
    <cep>57302-030</cep>
    <logradouro>Rua João Donato Neto</logradouro>
    <complemento/>
    <unidade/>
    <bairro>Canafístula</bairro>
    <localidade>Arapiraca</localidade>
    <uf>AL</uf>
    <estado>Alagoas</estado>
    <região/>
    <ibge>2700300</ibge>
    <gia/>
    <ddd>82</ddd>
    <siafi>2705</siafi>
  </cep>
  <cep>
    <cep>57301-724</cep>
    <logradouro>Rua Euclides Marques de Sá</logradouro>
    <complemento/>
    <unidade/>
    <bairro>São Luiz II</bairro>
    <localidade>Arapiraca</localidade>
    <uf>AL</uf>
    <estado>Alagoas</estado>
    <região/>
    <ibge>2700300</ibge>
    <gia/>
    <ddd>82</ddd>
    <siafi>2705</siafi>
  </cep>
  <cep>
    <cep>57301-720</cep>
    <logradouro>Praça Juracy Camelo dos Santos</logradouro>
    <complemento/>
    <unidade/>
    <bairro>São Luiz II</bairro>
    <localidade>Arapiraca</localidade>
    <uf>AL</uf>
    <estado>Alagoas</estado>
    <região/>
    <ibge>2700300</ibge>
    <gia/>
    <ddd>82</ddd>
    <siafi>2705</siafi>
  </cep>
  <cep>
    <cep>57301-738</cep>
    <logradouro>Rua Luís Pereira Pessoa</logradouro>
    <complemento/>
    <unidade/>
    <bairro>São Luiz II</bairro>
    <localidade>Arapiraca</localidade>
    <uf>AL</uf>
    <estado>Alagoas</estado>
    <região/>
    <ibge>2700300</ibge>
    <gia/>
    <ddd>82</ddd>
    <siafi>2705</siafi>
  </cep>
  <cep>
    <cep>57302-100</cep>
    <logradouro>Rua Maria Esposória de Oliveira</logradouro>
    <complemento/>
    <unidade/>
    <bairro>Canafístula</bairro>
    <localidade>Arapiraca</localidade>
    <uf>AL</uf>
    <estado>Alagoas</estado>
    <região/>
    <ibge>2700300</ibge>
    <gia/>
    <ddd>82</ddd>
    <siafi>2705</siafi>
  </cep>
  <cep>
    <cep>57302-010</cep>
    <logradouro>Rua José Fernandes Lopes</logradouro>
    <complemento/>
    <unidade/>
    <bairro>Canafístula</bairro>
    <localidade>Arapiraca</localidade>
    <uf>AL</uf>
    <estado>Alagoas</estado>
    <região/>
    <ibge>2700300</ibge>
    <gia/>
    <ddd>82</ddd>
    <siafi>2705</siafi>
  </cep>
  <cep>
    <cep>57302-204</cep>
    <logradouro>Rua Joaquim Gabriel de Lima</logradouro>
    <complemento/>
    <unidade/>
    <bairro>Canafístula</bairro>
    <localidade>Arapiraca</localidade>
    <uf>AL</uf>
    <estado>Alagoas</estado>
    <região/>
    <ibge>2700300</ibge>
    <gia/>
    <ddd>82</ddd>
    <siafi>2705</siafi>
  </cep>
  <cep>
    <cep>57302-214</cep>
    <logradouro>Rua Estudante Yasmim Regina da Silva</logradouro>
    <complemento/>
    <unidade/>
    <bairro>Canafístula</bairro>
    <localidade>Arapiraca</localidade>
    <uf>AL</uf>
    <estado>Alagoas</estado>
    <região/>
    <ibge>2700300</ibge>
    <gia/>
    <ddd>82</ddd>
    <siafi>2705</siafi>
  </cep>
  <cep>
    <cep>57302-220</cep>
    <logradouro>Rua José Dias</logradouro>
    <complemento/>
    <unidade/>
    <bairro>Canafístula</bairro>
    <localidade>Arapiraca</localidade>
    <uf>AL</uf>
    <estado>Alagoas</estado>
    <região/>
    <ibge>2700300</ibge>
    <gia/>
    <ddd>82</ddd>
    <siafi>2705</siafi>
  </cep>
  <cep>
    <cep>57302-230</cep>
    <logradouro>Praça Higino Vital</logradouro>
    <complemento/>
    <unidade/>
    <bairro>Canafístula</bairro>
    <localidade>Arapiraca</localidade>
    <uf>AL</uf>
    <estado>Alagoas</estado>
    <região/>
    <ibge>2700300</ibge>
    <gia/>
    <ddd>82</ddd>
    <siafi>2705</siafi>
  </cep>
  <cep>
    <cep>57302-500</cep>
    <logradouro>Rua José Lucas dos Santos</logradouro>
    <complemento/>
    <unidade/>
    <bairro>Canafístula</bairro>
    <localidade>Arapiraca</localidade>
    <uf>AL</uf>
    <estado>Alagoas</estado>
    <região/>
    <ibge>2700300</ibge>
    <gia/>
    <ddd>82</ddd>
    <siafi>2705</siafi>
  </cep>
  <cep>
    <cep>57302-502</cep>
    <logradouro>Rua Floraci Barros Correia</logradouro>
    <complemento/>
    <unidade/>
    <bairro>Canafístula</bairro>
    <localidade>Arapiraca</localidade>
    <uf>AL</uf>
    <estado>Alagoas</estado>
    <região/>
    <ibge>2700300</ibge>
    <gia/>
    <ddd>82</ddd>
    <siafi>2705</siafi>
  </cep>
  <cep>
    <cep>57302-504</cep>
    <logradouro>Rua João Bispo Barros</logradouro>
    <complemento/>
    <unidade/>
    <bairro>Canafístula</bairro>
    <localidade>Arapiraca</localidade>
    <uf>AL</uf>
    <estado>Alagoas</estado>
    <região/>
    <ibge>2700300</ibge>
    <gia/>
    <ddd>82</ddd>
    <siafi>2705</siafi>
  </cep>
  <cep>
    <cep>57302-506</cep>
    <logradouro>Rua Arnaldo Bispo Barros</logradouro>
    <complemento/>
    <unidade/>
    <bairro>Canafístula</bairro>
    <localidade>Arapiraca</localidade>
    <uf>AL</uf>
    <estado>Alagoas</estado>
    <região/>
    <ibge>2700300</ibge>
    <gia/>
    <ddd>82</ddd>
    <siafi>2705</siafi>
  </cep>
  <cep>
    <cep>57302-508</cep>
    <logradouro>Rua Maria Bispo Barros</logradouro>
    <complemento/>
    <unidade/>
    <bairro>Canafístula</bairro>
    <localidade>Arapiraca</localidade>
    <uf>AL</uf>
    <estado>Alagoas</estado>
    <região/>
    <ibge>2700300</ibge>
    <gia/>
    <ddd>82</ddd>
    <siafi>2705</siafi>
  </cep>
  <cep>
    <cep>57302-512</cep>
    <logradouro>Rua João Cruz da Silva</logradouro>
    <complemento/>
    <unidade/>
    <bairro>Canafístula</bairro>
    <localidade>Arapiraca</localidade>
    <uf>AL</uf>
    <estado>Alagoas</estado>
    <região/>
    <ibge>2700300</ibge>
    <gia/>
    <ddd>82</ddd>
    <siafi>2705</siafi>
  </cep>
  <cep>
    <cep>57302-600</cep>
    <logradouro>Rua Rita Leão de Melo</logradouro>
    <complemento/>
    <unidade/>
    <bairro>Canafístula</bairro>
    <localidade>Arapiraca</localidade>
    <uf>AL</uf>
    <estado>Alagoas</estado>
    <região/>
    <ibge>2700300</ibge>
    <gia/>
    <ddd>82</ddd>
    <siafi>2705</siafi>
  </cep>
  <cep>
    <cep>57302-622</cep>
    <logradouro>Rua Vandilva Lima</logradouro>
    <complemento/>
    <unidade/>
    <bairro>Canafístula</bairro>
    <localidade>Arapiraca</localidade>
    <uf>AL</uf>
    <estado>Alagoas</estado>
    <região/>
    <ibge>2700300</ibge>
    <gia/>
    <ddd>82</ddd>
    <siafi>2705</siafi>
  </cep>
  <cep>
    <cep>57302-510</cep>
    <logradouro>Rua Pedro Cruz da Silva</logradouro>
    <complemento/>
    <unidade/>
    <bairro>Canafístula</bairro>
    <localidade>Arapiraca</localidade>
    <uf>AL</uf>
    <estado>Alagoas</estado>
    <região/>
    <ibge>2700300</ibge>
    <gia/>
    <ddd>82</ddd>
    <siafi>2705</siafi>
  </cep>
  <cep>
    <cep>57302-620</cep>
    <logradouro>Rua José Barbosa de Melo</logradouro>
    <complemento/>
    <unidade/>
    <bairro>Canafístula</bairro>
    <localidade>Arapiraca</localidade>
    <uf>AL</uf>
    <estado>Alagoas</estado>
    <região/>
    <ibge>2700300</ibge>
    <gia/>
    <ddd>82</ddd>
    <siafi>2705</siafi>
  </cep>
  <cep>
    <cep>57302-605</cep>
    <logradouro>Rodovia AL-220</logradouro>
    <complemento/>
    <unidade/>
    <bairro>Canafístula</bairro>
    <localidade>Arapiraca</localidade>
    <uf>AL</uf>
    <estado>Alagoas</estado>
    <região/>
    <ibge>2700300</ibge>
    <gia/>
    <ddd>82</ddd>
    <siafi>2705</siafi>
  </cep>
  <cep>
    <cep>57302-625</cep>
    <logradouro>Avenida São João</logradouro>
    <complemento/>
    <unidade/>
    <bairro>Canafístula</bairro>
    <localidade>Arapiraca</localidade>
    <uf>AL</uf>
    <estado>Alagoas</estado>
    <região/>
    <ibge>2700300</ibge>
    <gia/>
    <ddd>82</ddd>
    <siafi>2705</siafi>
  </cep>
  <cep>
    <cep>57302-624</cep>
    <logradouro>Rua João Vieira Sampaio</logradouro>
    <complemento/>
    <unidade/>
    <bairro>Canafístula</bairro>
    <localidade>Arapiraca</localidade>
    <uf>AL</uf>
    <estado>Alagoas</estado>
    <região/>
    <ibge>2700300</ibge>
    <gia/>
    <ddd>82</ddd>
    <siafi>2705</siafi>
  </cep>
  <cep>
    <cep>57302-621</cep>
    <logradouro>Rua Sizino Barbosa</logradouro>
    <complemento/>
    <unidade/>
    <bairro>Canafístula</bairro>
    <localidade>Arapiraca</localidade>
    <uf>AL</uf>
    <estado>Alagoas</estado>
    <região/>
    <ibge>2700300</ibge>
    <gia/>
    <ddd>82</ddd>
    <siafi>2705</siafi>
  </cep>
  <cep>
    <cep>57302-635</cep>
    <logradouro>Travessa José Amaro de Barros</logradouro>
    <complemento/>
    <unidade/>
    <bairro>Canafístula</bairro>
    <localidade>Arapiraca</localidade>
    <uf>AL</uf>
    <estado>Alagoas</estado>
    <região/>
    <ibge>2700300</ibge>
    <gia/>
    <ddd>82</ddd>
    <siafi>2705</siafi>
  </cep>
  <cep>
    <cep>57302-601</cep>
    <logradouro>Rua José João de Oliveira</logradouro>
    <complemento/>
    <unidade/>
    <bairro>Canafístula</bairro>
    <localidade>Arapiraca</localidade>
    <uf>AL</uf>
    <estado>Alagoas</estado>
    <região/>
    <ibge>2700300</ibge>
    <gia/>
    <ddd>82</ddd>
    <siafi>2705</siafi>
  </cep>
  <cep>
    <cep>57302-623</cep>
    <logradouro>Rua Evaldo Martins</logradouro>
    <complemento/>
    <unidade/>
    <bairro>Canafístula</bairro>
    <localidade>Arapiraca</localidade>
    <uf>AL</uf>
    <estado>Alagoas</estado>
    <região/>
    <ibge>2700300</ibge>
    <gia/>
    <ddd>82</ddd>
    <siafi>2705</siafi>
  </cep>
  <cep>
    <cep>57302-626</cep>
    <logradouro>Rua Estudante Reinaldo de Oliveira Silva</logradouro>
    <complemento/>
    <unidade/>
    <bairro>Canafístula</bairro>
    <localidade>Arapiraca</localidade>
    <uf>AL</uf>
    <estado>Alagoas</estado>
    <região/>
    <ibge>2700300</ibge>
    <gia/>
    <ddd>82</ddd>
    <siafi>2705</siafi>
  </cep>
  <cep>
    <cep>57302-640</cep>
    <logradouro>Rua José Magalhães Silva</logradouro>
    <complemento/>
    <unidade/>
    <bairro>Canafístula</bairro>
    <localidade>Arapiraca</localidade>
    <uf>AL</uf>
    <estado>Alagoas</estado>
    <região/>
    <ibge>2700300</ibge>
    <gia/>
    <ddd>82</ddd>
    <siafi>2705</siafi>
  </cep>
  <cep>
    <cep>57302-660</cep>
    <logradouro>Rua Antônio Muniz</logradouro>
    <complemento/>
    <unidade/>
    <bairro>Canafístula</bairro>
    <localidade>Arapiraca</localidade>
    <uf>AL</uf>
    <estado>Alagoas</estado>
    <região/>
    <ibge>2700300</ibge>
    <gia/>
    <ddd>82</ddd>
    <siafi>2705</siafi>
  </cep>
  <cep>
    <cep>57302-670</cep>
    <logradouro>Rua Zequinha Basílio</logradouro>
    <complemento/>
    <unidade/>
    <bairro>Canafístula</bairro>
    <localidade>Arapiraca</localidade>
    <uf>AL</uf>
    <estado>Alagoas</estado>
    <região/>
    <ibge>2700300</ibge>
    <gia/>
    <ddd>82</ddd>
    <siafi>2705</siafi>
  </cep>
  <cep>
    <cep>57302-665</cep>
    <logradouro>Rua Carteiro James Magalhães de Azevedo</logradouro>
    <complemento/>
    <unidade/>
    <bairro>Canafístula</bairro>
    <localidade>Arapiraca</localidade>
    <uf>AL</uf>
    <estado>Alagoas</estado>
    <região/>
    <ibge>2700300</ibge>
    <gia/>
    <ddd>82</ddd>
    <siafi>2705</siafi>
  </cep>
  <cep>
    <cep>57302-675</cep>
    <logradouro>Rua Maria Nunes Costa</logradouro>
    <complemento>(Mangueira)</complemento>
    <unidade/>
    <bairro>Canafístula</bairro>
    <localidade>Arapiraca</localidade>
    <uf>AL</uf>
    <estado>Alagoas</estado>
    <região/>
    <ibge>2700300</ibge>
    <gia/>
    <ddd>82</ddd>
    <siafi>2705</siafi>
  </cep>
  <cep>
    <cep>57302-676</cep>
    <logradouro>Avenida Miguel Guimarães Silva</logradouro>
    <complemento/>
    <unidade/>
    <bairro>Canafístula</bairro>
    <localidade>Arapiraca</localidade>
    <uf>AL</uf>
    <estado>Alagoas</estado>
    <região/>
    <ibge>2700300</ibge>
    <gia/>
    <ddd>82</ddd>
    <siafi>2705</siafi>
  </cep>
  <cep>
    <cep>57302-678</cep>
    <logradouro>Rua Professora Maria Bispo dos Santos</logradouro>
    <complemento/>
    <unidade/>
    <bairro>Canafístula</bairro>
    <localidade>Arapiraca</localidade>
    <uf>AL</uf>
    <estado>Alagoas</estado>
    <região/>
    <ibge>2700300</ibge>
    <gia/>
    <ddd>82</ddd>
    <siafi>2705</siafi>
  </cep>
  <cep>
    <cep>57302-679</cep>
    <logradouro>Rua Sebastiana Izídio de Oliveira</logradouro>
    <complemento/>
    <unidade/>
    <bairro>Canafístula</bairro>
    <localidade>Arapiraca</localidade>
    <uf>AL</uf>
    <estado>Alagoas</estado>
    <região/>
    <ibge>2700300</ibge>
    <gia/>
    <ddd>82</ddd>
    <siafi>2705</siafi>
  </cep>
  <cep>
    <cep>57302-677</cep>
    <logradouro>Rua José Romildo Fagundes</logradouro>
    <complemento/>
    <unidade/>
    <bairro>Canafístula</bairro>
    <localidade>Arapiraca</localidade>
    <uf>AL</uf>
    <estado>Alagoas</estado>
    <região/>
    <ibge>2700300</ibge>
    <gia/>
    <ddd>82</ddd>
    <siafi>2705</siafi>
  </cep>
  <cep>
    <cep>57302-680</cep>
    <logradouro>Rua Teonília Barbosa de Magalhães</logradouro>
    <complemento/>
    <unidade/>
    <bairro>Canafístula</bairro>
    <localidade>Arapiraca</localidade>
    <uf>AL</uf>
    <estado>Alagoas</estado>
    <região/>
    <ibge>2700300</ibge>
    <gia/>
    <ddd>82</ddd>
    <siafi>2705</siafi>
  </cep>
  <cep>
    <cep>57302-681</cep>
    <logradouro>Rua Felisdona Guimarães Silva</logradouro>
    <complemento/>
    <unidade/>
    <bairro>Canafístula</bairro>
    <localidade>Arapiraca</localidade>
    <uf>AL</uf>
    <estado>Alagoas</estado>
    <região/>
    <ibge>2700300</ibge>
    <gia/>
    <ddd>82</ddd>
    <siafi>2705</siafi>
  </cep>
  <cep>
    <cep>57302-684</cep>
    <logradouro>Rua Joana Amália de Magalhães</logradouro>
    <complemento/>
    <unidade/>
    <bairro>Canafístula</bairro>
    <localidade>Arapiraca</localidade>
    <uf>AL</uf>
    <estado>Alagoas</estado>
    <região/>
    <ibge>2700300</ibge>
    <gia/>
    <ddd>82</ddd>
    <siafi>2705</siafi>
  </cep>
  <cep>
    <cep>57302-682</cep>
    <logradouro>Rua Pedro Lopes da Silva</logradouro>
    <complemento/>
    <unidade/>
    <bairro>Canafístula</bairro>
    <localidade>Arapiraca</localidade>
    <uf>AL</uf>
    <estado>Alagoas</estado>
    <região/>
    <ibge>2700300</ibge>
    <gia/>
    <ddd>82</ddd>
    <siafi>2705</siafi>
  </cep>
  <cep>
    <cep>57302-683</cep>
    <logradouro>Rua Pio Nunes da Silva</logradouro>
    <complemento/>
    <unidade/>
    <bairro>Canafístula</bairro>
    <localidade>Arapiraca</localidade>
    <uf>AL</uf>
    <estado>Alagoas</estado>
    <região/>
    <ibge>2700300</ibge>
    <gia/>
    <ddd>82</ddd>
    <siafi>2705</siafi>
  </cep>
  <cep>
    <cep>57302-686</cep>
    <logradouro>Rua Cornélio Guimarães Silva</logradouro>
    <complemento/>
    <unidade/>
    <bairro>Canafístula</bairro>
    <localidade>Arapiraca</localidade>
    <uf>AL</uf>
    <estado>Alagoas</estado>
    <região/>
    <ibge>2700300</ibge>
    <gia/>
    <ddd>82</ddd>
    <siafi>2705</siafi>
  </cep>
  <cep>
    <cep>57302-689</cep>
    <logradouro>Rua Maria Albuquerque</logradouro>
    <complemento/>
    <unidade/>
    <bairro>Canafístula</bairro>
    <localidade>Arapiraca</localidade>
    <uf>AL</uf>
    <estado>Alagoas</estado>
    <região/>
    <ibge>2700300</ibge>
    <gia/>
    <ddd>82</ddd>
    <siafi>2705</siafi>
  </cep>
  <cep>
    <cep>57302-687</cep>
    <logradouro>Rua José Olímpio da Silva</logradouro>
    <complemento/>
    <unidade/>
    <bairro>Canafístula</bairro>
    <localidade>Arapiraca</localidade>
    <uf>AL</uf>
    <estado>Alagoas</estado>
    <região/>
    <ibge>2700300</ibge>
    <gia/>
    <ddd>82</ddd>
    <siafi>2705</siafi>
  </cep>
  <cep>
    <cep>57302-685</cep>
    <logradouro>Rua Antônio Magalhães Silva</logradouro>
    <complemento/>
    <unidade/>
    <bairro>Canafístula</bairro>
    <localidade>Arapiraca</localidade>
    <uf>AL</uf>
    <estado>Alagoas</estado>
    <região/>
    <ibge>2700300</ibge>
    <gia/>
    <ddd>82</ddd>
    <siafi>2705</siafi>
  </cep>
  <cep>
    <cep>57301-365</cep>
    <logradouro>Rua Cláudio de Albuquerque Lima</logradouro>
    <complemento>de 1/2 a 439/440</complemento>
    <unidade/>
    <bairro>São Luiz</bairro>
    <localidade>Arapiraca</localidade>
    <uf>AL</uf>
    <estado>Alagoas</estado>
    <região/>
    <ibge>2700300</ibge>
    <gia/>
    <ddd>82</ddd>
    <siafi>2705</siafi>
  </cep>
  <cep>
    <cep>57302-690</cep>
    <logradouro>Rua Maria Pastora Bispo</logradouro>
    <complemento/>
    <unidade/>
    <bairro>Canafístula</bairro>
    <localidade>Arapiraca</localidade>
    <uf>AL</uf>
    <estado>Alagoas</estado>
    <região/>
    <ibge>2700300</ibge>
    <gia/>
    <ddd>82</ddd>
    <siafi>2705</siafi>
  </cep>
  <cep>
    <cep>57302-691</cep>
    <logradouro>Rua Hortência Lopes</logradouro>
    <complemento/>
    <unidade/>
    <bairro>Canafístula</bairro>
    <localidade>Arapiraca</localidade>
    <uf>AL</uf>
    <estado>Alagoas</estado>
    <região/>
    <ibge>2700300</ibge>
    <gia/>
    <ddd>82</ddd>
    <siafi>2705</siafi>
  </cep>
  <cep>
    <cep>57302-698</cep>
    <logradouro>Rua Joana Izabel de Magalhães</logradouro>
    <complemento/>
    <unidade/>
    <bairro>Canafístula</bairro>
    <localidade>Arapiraca</localidade>
    <uf>AL</uf>
    <estado>Alagoas</estado>
    <região/>
    <ibge>2700300</ibge>
    <gia/>
    <ddd>82</ddd>
    <siafi>2705</siafi>
  </cep>
  <cep>
    <cep>57302-692</cep>
    <logradouro>Rua Pedro Magalhães Silva</logradouro>
    <complemento/>
    <unidade/>
    <bairro>Canafístula</bairro>
    <localidade>Arapiraca</localidade>
    <uf>AL</uf>
    <estado>Alagoas</estado>
    <região/>
    <ibge>2700300</ibge>
    <gia/>
    <ddd>82</ddd>
    <siafi>2705</siafi>
  </cep>
  <cep>
    <cep>57302-695</cep>
    <logradouro>Rua Martinha Barbosa</logradouro>
    <complemento/>
    <unidade/>
    <bairro>Canafístula</bairro>
    <localidade>Arapiraca</localidade>
    <uf>AL</uf>
    <estado>Alagoas</estado>
    <região/>
    <ibge>2700300</ibge>
    <gia/>
    <ddd>82</ddd>
    <siafi>2705</siafi>
  </cep>
  <cep>
    <cep>57302-694</cep>
    <logradouro>Rua Júlia de Magalhães Silva</logradouro>
    <complemento/>
    <unidade/>
    <bairro>Canafístula</bairro>
    <localidade>Arapiraca</localidade>
    <uf>AL</uf>
    <estado>Alagoas</estado>
    <região/>
    <ibge>2700300</ibge>
    <gia/>
    <ddd>82</ddd>
    <siafi>2705</siafi>
  </cep>
  <cep>
    <cep>57302-693</cep>
    <logradouro>Rua Eronides Nunes Lopes</logradouro>
    <complemento/>
    <unidade/>
    <bairro>Canafístula</bairro>
    <localidade>Arapiraca</localidade>
    <uf>AL</uf>
    <estado>Alagoas</estado>
    <região/>
    <ibge>2700300</ibge>
    <gia/>
    <ddd>82</ddd>
    <siafi>2705</siafi>
  </cep>
  <cep>
    <cep>57302-696</cep>
    <logradouro>Rua José Nino Lopes</logradouro>
    <complemento/>
    <unidade/>
    <bairro>Canafístula</bairro>
    <localidade>Arapiraca</localidade>
    <uf>AL</uf>
    <estado>Alagoas</estado>
    <região/>
    <ibge>2700300</ibge>
    <gia/>
    <ddd>82</ddd>
    <siafi>2705</siafi>
  </cep>
  <cep>
    <cep>57302-697</cep>
    <logradouro>Rua João Cardoso de Lima</logradouro>
    <complemento/>
    <unidade/>
    <bairro>Canafístula</bairro>
    <localidade>Arapiraca</localidade>
    <uf>AL</uf>
    <estado>Alagoas</estado>
    <região/>
    <ibge>2700300</ibge>
    <gia/>
    <ddd>82</ddd>
    <siafi>2705</siafi>
  </cep>
  <cep>
    <cep>57302-699</cep>
    <logradouro>Rua Otilo José da Silva</logradouro>
    <complemento/>
    <unidade/>
    <bairro>Canafístula</bairro>
    <localidade>Arapiraca</localidade>
    <uf>AL</uf>
    <estado>Alagoas</estado>
    <região/>
    <ibge>2700300</ibge>
    <gia/>
    <ddd>82</ddd>
    <siafi>2705</siafi>
  </cep>
  <cep>
    <cep>57302-700</cep>
    <logradouro>Rua João Cícero do Nascimento</logradouro>
    <complemento/>
    <unidade/>
    <bairro>Canafístula</bairro>
    <localidade>Arapiraca</localidade>
    <uf>AL</uf>
    <estado>Alagoas</estado>
    <região/>
    <ibge>2700300</ibge>
    <gia/>
    <ddd>82</ddd>
    <siafi>2705</siafi>
  </cep>
  <cep>
    <cep>57302-701</cep>
    <logradouro>Rua Abdon Balbino da Silva</logradouro>
    <complemento/>
    <unidade/>
    <bairro>Canafístula</bairro>
    <localidade>Arapiraca</localidade>
    <uf>AL</uf>
    <estado>Alagoas</estado>
    <região/>
    <ibge>2700300</ibge>
    <gia/>
    <ddd>82</ddd>
    <siafi>2705</siafi>
  </cep>
  <cep>
    <cep>57302-702</cep>
    <logradouro>Rua Zilda Guimarães Silva</logradouro>
    <complemento/>
    <unidade/>
    <bairro>Canafístula</bairro>
    <localidade>Arapiraca</localidade>
    <uf>AL</uf>
    <estado>Alagoas</estado>
    <região/>
    <ibge>2700300</ibge>
    <gia/>
    <ddd>82</ddd>
    <siafi>2705</siafi>
  </cep>
  <cep>
    <cep>57302-703</cep>
    <logradouro>Rua Manoel Balbino da Silva</logradouro>
    <complemento/>
    <unidade/>
    <bairro>Canafístula</bairro>
    <localidade>Arapiraca</localidade>
    <uf>AL</uf>
    <estado>Alagoas</estado>
    <região/>
    <ibge>2700300</ibge>
    <gia/>
    <ddd>82</ddd>
    <siafi>2705</siafi>
  </cep>
  <cep>
    <cep>57302-704</cep>
    <logradouro>Rua Antônio Militão</logradouro>
    <complemento/>
    <unidade/>
    <bairro>Canafístula</bairro>
    <localidade>Arapiraca</localidade>
    <uf>AL</uf>
    <estado>Alagoas</estado>
    <região/>
    <ibge>2700300</ibge>
    <gia/>
    <ddd>82</ddd>
    <siafi>2705</siafi>
  </cep>
  <cep>
    <cep>57302-706</cep>
    <logradouro>Rua Valdeni Barbosa</logradouro>
    <complemento/>
    <unidade/>
    <bairro>Canafístula</bairro>
    <localidade>Arapiraca</localidade>
    <uf>AL</uf>
    <estado>Alagoas</estado>
    <região/>
    <ibge>2700300</ibge>
    <gia/>
    <ddd>82</ddd>
    <siafi>2705</siafi>
  </cep>
  <cep>
    <cep>57302-708</cep>
    <logradouro>Rua Marinalva Barbosa da Silva</logradouro>
    <complemento/>
    <unidade/>
    <bairro>Canafístula</bairro>
    <localidade>Arapiraca</localidade>
    <uf>AL</uf>
    <estado>Alagoas</estado>
    <região/>
    <ibge>2700300</ibge>
    <gia/>
    <ddd>82</ddd>
    <siafi>2705</siafi>
  </cep>
  <cep>
    <cep>57302-707</cep>
    <logradouro>Rua Margarida Maria Lopes Barbosa</logradouro>
    <complemento/>
    <unidade/>
    <bairro>Canafístula</bairro>
    <localidade>Arapiraca</localidade>
    <uf>AL</uf>
    <estado>Alagoas</estado>
    <região/>
    <ibge>2700300</ibge>
    <gia/>
    <ddd>82</ddd>
    <siafi>2705</siafi>
  </cep>
  <cep>
    <cep>57302-709</cep>
    <logradouro>Rua José Targino Filho</logradouro>
    <complemento/>
    <unidade/>
    <bairro>Canafístula</bairro>
    <localidade>Arapiraca</localidade>
    <uf>AL</uf>
    <estado>Alagoas</estado>
    <região/>
    <ibge>2700300</ibge>
    <gia/>
    <ddd>82</ddd>
    <siafi>2705</siafi>
  </cep>
  <cep>
    <cep>57302-721</cep>
    <logradouro>Rua Alberto Alves</logradouro>
    <complemento/>
    <unidade/>
    <bairro>Canafístula</bairro>
    <localidade>Arapiraca</localidade>
    <uf>AL</uf>
    <estado>Alagoas</estado>
    <região/>
    <ibge>2700300</ibge>
    <gia/>
    <ddd>82</ddd>
    <siafi>2705</siafi>
  </cep>
  <cep>
    <cep>57302-710</cep>
    <logradouro>Rua Manoel Lopes da Silva</logradouro>
    <complemento/>
    <unidade/>
    <bairro>Canafístula</bairro>
    <localidade>Arapiraca</localidade>
    <uf>AL</uf>
    <estado>Alagoas</estado>
    <região/>
    <ibge>2700300</ibge>
    <gia/>
    <ddd>82</ddd>
    <siafi>2705</siafi>
  </cep>
  <cep>
    <cep>57302-768</cep>
    <logradouro>Rua Manoel dos Santos Costa</logradouro>
    <complemento/>
    <unidade/>
    <bairro>Canafístula</bairro>
    <localidade>Arapiraca</localidade>
    <uf>AL</uf>
    <estado>Alagoas</estado>
    <região/>
    <ibge>2700300</ibge>
    <gia/>
    <ddd>82</ddd>
    <siafi>2705</siafi>
  </cep>
  <cep>
    <cep>57302-760</cep>
    <logradouro>Rua Vital Curi</logradouro>
    <complemento/>
    <unidade/>
    <bairro>Canafístula</bairro>
    <localidade>Arapiraca</localidade>
    <uf>AL</uf>
    <estado>Alagoas</estado>
    <região/>
    <ibge>2700300</ibge>
    <gia/>
    <ddd>82</ddd>
    <siafi>2705</siafi>
  </cep>
  <cep>
    <cep>57302-788</cep>
    <logradouro>Rua Santa Marta</logradouro>
    <complemento/>
    <unidade/>
    <bairro>Canafístula</bairro>
    <localidade>Arapiraca</localidade>
    <uf>AL</uf>
    <estado>Alagoas</estado>
    <região/>
    <ibge>2700300</ibge>
    <gia/>
    <ddd>82</ddd>
    <siafi>2705</siafi>
  </cep>
  <cep>
    <cep>57302-766</cep>
    <logradouro>Rua Haroldo Matos Mateus</logradouro>
    <complemento/>
    <unidade/>
    <bairro>Canafístula</bairro>
    <localidade>Arapiraca</localidade>
    <uf>AL</uf>
    <estado>Alagoas</estado>
    <região/>
    <ibge>2700300</ibge>
    <gia/>
    <ddd>82</ddd>
    <siafi>2705</siafi>
  </cep>
  <cep>
    <cep>57302-720</cep>
    <logradouro>Rua Maria dos Santos Silva</logradouro>
    <complemento/>
    <unidade/>
    <bairro>Canafístula</bairro>
    <localidade>Arapiraca</localidade>
    <uf>AL</uf>
    <estado>Alagoas</estado>
    <região/>
    <ibge>2700300</ibge>
    <gia/>
    <ddd>82</ddd>
    <siafi>2705</siafi>
  </cep>
  <cep>
    <cep>57302-794</cep>
    <logradouro>Rua Santa Cecília</logradouro>
    <complemento/>
    <unidade/>
    <bairro>Canafístula</bairro>
    <localidade>Arapiraca</localidade>
    <uf>AL</uf>
    <estado>Alagoas</estado>
    <região/>
    <ibge>2700300</ibge>
    <gia/>
    <ddd>82</ddd>
    <siafi>2705</siafi>
  </cep>
  <cep>
    <cep>57301-726</cep>
    <logradouro>Rua Januário André Neto</logradouro>
    <complemento/>
    <unidade/>
    <bairro>São Luiz II</bairro>
    <localidade>Arapiraca</localidade>
    <uf>AL</uf>
    <estado>Alagoas</estado>
    <região/>
    <ibge>2700300</ibge>
    <gia/>
    <ddd>82</ddd>
    <siafi>2705</siafi>
  </cep>
  <cep>
    <cep>57303-006</cep>
    <logradouro>Praça Estudante José Vanildo Cardoso</logradouro>
    <complemento/>
    <unidade/>
    <bairro>Verdes Campos</bairro>
    <localidade>Arapiraca</localidade>
    <uf>AL</uf>
    <estado>Alagoas</estado>
    <região/>
    <ibge>2700300</ibge>
    <gia/>
    <ddd>82</ddd>
    <siafi>2705</siafi>
  </cep>
  <cep>
    <cep>57303-012</cep>
    <logradouro>Rua Artur Lúcio da Silva</logradouro>
    <complemento/>
    <unidade/>
    <bairro>Verdes Campos</bairro>
    <localidade>Arapiraca</localidade>
    <uf>AL</uf>
    <estado>Alagoas</estado>
    <região/>
    <ibge>2700300</ibge>
    <gia/>
    <ddd>82</ddd>
    <siafi>2705</siafi>
  </cep>
  <cep>
    <cep>57303-016</cep>
    <logradouro>Rua Vandeci dos Santos Figueredo</logradouro>
    <complemento/>
    <unidade/>
    <bairro>Verdes Campos</bairro>
    <localidade>Arapiraca</localidade>
    <uf>AL</uf>
    <estado>Alagoas</estado>
    <região/>
    <ibge>2700300</ibge>
    <gia/>
    <ddd>82</ddd>
    <siafi>2705</siafi>
  </cep>
  <cep>
    <cep>57303-038</cep>
    <logradouro>Rua José Júlio de Almeida</logradouro>
    <complemento/>
    <unidade/>
    <bairro>Verdes Campos</bairro>
    <localidade>Arapiraca</localidade>
    <uf>AL</uf>
    <estado>Alagoas</estado>
    <região/>
    <ibge>2700300</ibge>
    <gia/>
    <ddd>82</ddd>
    <siafi>2705</siafi>
  </cep>
  <cep>
    <cep>57303-050</cep>
    <logradouro>Rua Estudante Givanildo Barbosa Lopes</logradouro>
    <complemento/>
    <unidade/>
    <bairro>Verdes Campos</bairro>
    <localidade>Arapiraca</localidade>
    <uf>AL</uf>
    <estado>Alagoas</estado>
    <região/>
    <ibge>2700300</ibge>
    <gia/>
    <ddd>82</ddd>
    <siafi>2705</siafi>
  </cep>
  <cep>
    <cep>57303-042</cep>
    <logradouro>Rua José Cleoncides Barros</logradouro>
    <complemento/>
    <unidade/>
    <bairro>Verdes Campos</bairro>
    <localidade>Arapiraca</localidade>
    <uf>AL</uf>
    <estado>Alagoas</estado>
    <região/>
    <ibge>2700300</ibge>
    <gia/>
    <ddd>82</ddd>
    <siafi>2705</siafi>
  </cep>
  <cep>
    <cep>57302-778</cep>
    <logradouro>Rua Professor Miguel Valeriano da Silva</logradouro>
    <complemento/>
    <unidade/>
    <bairro>Canafístula</bairro>
    <localidade>Arapiraca</localidade>
    <uf>AL</uf>
    <estado>Alagoas</estado>
    <região/>
    <ibge>2700300</ibge>
    <gia/>
    <ddd>82</ddd>
    <siafi>2705</siafi>
  </cep>
  <cep>
    <cep>57303-040</cep>
    <logradouro>Rua Salvelina Maria da Conceição</logradouro>
    <complemento/>
    <unidade/>
    <bairro>Verdes Campos</bairro>
    <localidade>Arapiraca</localidade>
    <uf>AL</uf>
    <estado>Alagoas</estado>
    <região/>
    <ibge>2700300</ibge>
    <gia/>
    <ddd>82</ddd>
    <siafi>2705</siafi>
  </cep>
  <cep>
    <cep>57302-810</cep>
    <logradouro>Rua Odilon Lino da Silva</logradouro>
    <complemento/>
    <unidade/>
    <bairro>Canafístula</bairro>
    <localidade>Arapiraca</localidade>
    <uf>AL</uf>
    <estado>Alagoas</estado>
    <região/>
    <ibge>2700300</ibge>
    <gia/>
    <ddd>82</ddd>
    <siafi>2705</siafi>
  </cep>
  <cep>
    <cep>57302-796</cep>
    <logradouro>Rua Matosalem</logradouro>
    <complemento/>
    <unidade/>
    <bairro>Canafístula</bairro>
    <localidade>Arapiraca</localidade>
    <uf>AL</uf>
    <estado>Alagoas</estado>
    <região/>
    <ibge>2700300</ibge>
    <gia/>
    <ddd>82</ddd>
    <siafi>2705</siafi>
  </cep>
  <cep>
    <cep>57302-790</cep>
    <logradouro>Rua São Tarcizo</logradouro>
    <complemento/>
    <unidade/>
    <bairro>Canafístula</bairro>
    <localidade>Arapiraca</localidade>
    <uf>AL</uf>
    <estado>Alagoas</estado>
    <região/>
    <ibge>2700300</ibge>
    <gia/>
    <ddd>82</ddd>
    <siafi>2705</siafi>
  </cep>
  <cep>
    <cep>57302-723</cep>
    <logradouro>Rua Valter Leandro</logradouro>
    <complemento/>
    <unidade/>
    <bairro>Canafístula</bairro>
    <localidade>Arapiraca</localidade>
    <uf>AL</uf>
    <estado>Alagoas</estado>
    <região/>
    <ibge>2700300</ibge>
    <gia/>
    <ddd>82</ddd>
    <siafi>2705</siafi>
  </cep>
  <cep>
    <cep>57302-800</cep>
    <logradouro>Rua Antônio Simão</logradouro>
    <complemento/>
    <unidade/>
    <bairro>Canafístula</bairro>
    <localidade>Arapiraca</localidade>
    <uf>AL</uf>
    <estado>Alagoas</estado>
    <região/>
    <ibge>2700300</ibge>
    <gia/>
    <ddd>82</ddd>
    <siafi>2705</siafi>
  </cep>
  <cep>
    <cep>57302-840</cep>
    <logradouro>Rua José Lins Moura</logradouro>
    <complemento/>
    <unidade/>
    <bairro>Canafístula</bairro>
    <localidade>Arapiraca</localidade>
    <uf>AL</uf>
    <estado>Alagoas</estado>
    <região/>
    <ibge>2700300</ibge>
    <gia/>
    <ddd>82</ddd>
    <siafi>2705</siafi>
  </cep>
  <cep>
    <cep>57302-792</cep>
    <logradouro>Rua São Gabriel</logradouro>
    <complemento/>
    <unidade/>
    <bairro>Canafístula</bairro>
    <localidade>Arapiraca</localidade>
    <uf>AL</uf>
    <estado>Alagoas</estado>
    <região/>
    <ibge>2700300</ibge>
    <gia/>
    <ddd>82</ddd>
    <siafi>2705</siafi>
  </cep>
  <cep>
    <cep>57302-830</cep>
    <logradouro>Rua Manoel Bispo Mandú</logradouro>
    <complemento/>
    <unidade/>
    <bairro>Canafístula</bairro>
    <localidade>Arapiraca</localidade>
    <uf>AL</uf>
    <estado>Alagoas</estado>
    <região/>
    <ibge>2700300</ibge>
    <gia/>
    <ddd>82</ddd>
    <siafi>2705</siafi>
  </cep>
  <cep>
    <cep>57303-051</cep>
    <logradouro>Rua Roseane Pereira Lopes</logradouro>
    <complemento/>
    <unidade/>
    <bairro>Verdes Campos</bairro>
    <localidade>Arapiraca</localidade>
    <uf>AL</uf>
    <estado>Alagoas</estado>
    <região/>
    <ibge>2700300</ibge>
    <gia/>
    <ddd>82</ddd>
    <siafi>2705</siafi>
  </cep>
  <cep>
    <cep>57302-774</cep>
    <logradouro>Rua Jailde Pereira</logradouro>
    <complemento/>
    <unidade/>
    <bairro>Canafístula</bairro>
    <localidade>Arapiraca</localidade>
    <uf>AL</uf>
    <estado>Alagoas</estado>
    <região/>
    <ibge>2700300</ibge>
    <gia/>
    <ddd>82</ddd>
    <siafi>2705</siafi>
  </cep>
  <cep>
    <cep>57303-026</cep>
    <logradouro>Rua Antônio Gomes Reinaldo</logradouro>
    <complemento/>
    <unidade/>
    <bairro>Verdes Campos</bairro>
    <localidade>Arapiraca</localidade>
    <uf>AL</uf>
    <estado>Alagoas</estado>
    <região/>
    <ibge>2700300</ibge>
    <gia/>
    <ddd>82</ddd>
    <siafi>2705</siafi>
  </cep>
  <cep>
    <cep>57303-053</cep>
    <logradouro>Rua João de Oliveira Gama</logradouro>
    <complemento/>
    <unidade/>
    <bairro>Verdes Campos</bairro>
    <localidade>Arapiraca</localidade>
    <uf>AL</uf>
    <estado>Alagoas</estado>
    <região/>
    <ibge>2700300</ibge>
    <gia/>
    <ddd>82</ddd>
    <siafi>2705</siafi>
  </cep>
  <cep>
    <cep>57303-054</cep>
    <logradouro>Rua Santo Expedito</logradouro>
    <complemento/>
    <unidade/>
    <bairro>Verdes Campos</bairro>
    <localidade>Arapiraca</localidade>
    <uf>AL</uf>
    <estado>Alagoas</estado>
    <região/>
    <ibge>2700300</ibge>
    <gia/>
    <ddd>82</ddd>
    <siafi>2705</siafi>
  </cep>
  <cep>
    <cep>57303-044</cep>
    <logradouro>Rua Maria Emília Palmeira</logradouro>
    <complemento/>
    <unidade/>
    <bairro>Verdes Campos</bairro>
    <localidade>Arapiraca</localidade>
    <uf>AL</uf>
    <estado>Alagoas</estado>
    <região/>
    <ibge>2700300</ibge>
    <gia/>
    <ddd>82</ddd>
    <siafi>2705</siafi>
  </cep>
  <cep>
    <cep>57302-780</cep>
    <logradouro>Rua Santa Gemma</logradouro>
    <complemento/>
    <unidade/>
    <bairro>Canafístula</bairro>
    <localidade>Arapiraca</localidade>
    <uf>AL</uf>
    <estado>Alagoas</estado>
    <região/>
    <ibge>2700300</ibge>
    <gia/>
    <ddd>82</ddd>
    <siafi>2705</siafi>
  </cep>
  <cep>
    <cep>57303-018</cep>
    <logradouro>Rua Sebastião Florentino dos Santos</logradouro>
    <complemento/>
    <unidade/>
    <bairro>Verdes Campos</bairro>
    <localidade>Arapiraca</localidade>
    <uf>AL</uf>
    <estado>Alagoas</estado>
    <região/>
    <ibge>2700300</ibge>
    <gia/>
    <ddd>82</ddd>
    <siafi>2705</siafi>
  </cep>
  <cep>
    <cep>57303-030</cep>
    <logradouro>Rua João Jorge</logradouro>
    <complemento/>
    <unidade/>
    <bairro>Verdes Campos</bairro>
    <localidade>Arapiraca</localidade>
    <uf>AL</uf>
    <estado>Alagoas</estado>
    <região/>
    <ibge>2700300</ibge>
    <gia/>
    <ddd>82</ddd>
    <siafi>2705</siafi>
  </cep>
  <cep>
    <cep>57303-060</cep>
    <logradouro>Rua Roberto Barros de Oliveira</logradouro>
    <complemento/>
    <unidade/>
    <bairro>Verdes Campos</bairro>
    <localidade>Arapiraca</localidade>
    <uf>AL</uf>
    <estado>Alagoas</estado>
    <região/>
    <ibge>2700300</ibge>
    <gia/>
    <ddd>82</ddd>
    <siafi>2705</siafi>
  </cep>
  <cep>
    <cep>57302-782</cep>
    <logradouro>Rua Frei Galvão</logradouro>
    <complemento/>
    <unidade/>
    <bairro>Canafístula</bairro>
    <localidade>Arapiraca</localidade>
    <uf>AL</uf>
    <estado>Alagoas</estado>
    <região/>
    <ibge>2700300</ibge>
    <gia/>
    <ddd>82</ddd>
    <siafi>2705</siafi>
  </cep>
  <cep>
    <cep>57303-055</cep>
    <logradouro>Rua Ercília Brandão Silva</logradouro>
    <complemento/>
    <unidade/>
    <bairro>Verdes Campos</bairro>
    <localidade>Arapiraca</localidade>
    <uf>AL</uf>
    <estado>Alagoas</estado>
    <região/>
    <ibge>2700300</ibge>
    <gia/>
    <ddd>82</ddd>
    <siafi>2705</siafi>
  </cep>
  <cep>
    <cep>57302-770</cep>
    <logradouro>Rua Santa Sophia</logradouro>
    <complemento/>
    <unidade/>
    <bairro>Canafístula</bairro>
    <localidade>Arapiraca</localidade>
    <uf>AL</uf>
    <estado>Alagoas</estado>
    <região/>
    <ibge>2700300</ibge>
    <gia/>
    <ddd>82</ddd>
    <siafi>2705</siafi>
  </cep>
  <cep>
    <cep>57303-066</cep>
    <logradouro>Rua José Ferreira Barbosa</logradouro>
    <complemento/>
    <unidade/>
    <bairro>Verdes Campos</bairro>
    <localidade>Arapiraca</localidade>
    <uf>AL</uf>
    <estado>Alagoas</estado>
    <região/>
    <ibge>2700300</ibge>
    <gia/>
    <ddd>82</ddd>
    <siafi>2705</siafi>
  </cep>
  <cep>
    <cep>57302-772</cep>
    <logradouro>Rua Hammasther Jorge Freitas Matos</logradouro>
    <complemento/>
    <unidade/>
    <bairro>Canafístula</bairro>
    <localidade>Arapiraca</localidade>
    <uf>AL</uf>
    <estado>Alagoas</estado>
    <região/>
    <ibge>2700300</ibge>
    <gia/>
    <ddd>82</ddd>
    <siafi>2705</siafi>
  </cep>
  <cep>
    <cep>57302-784</cep>
    <logradouro>Rua Santa Paulina</logradouro>
    <complemento/>
    <unidade/>
    <bairro>Canafístula</bairro>
    <localidade>Arapiraca</localidade>
    <uf>AL</uf>
    <estado>Alagoas</estado>
    <região/>
    <ibge>2700300</ibge>
    <gia/>
    <ddd>82</ddd>
    <siafi>2705</siafi>
  </cep>
  <cep>
    <cep>57302-762</cep>
    <logradouro>Rua Ubiranice Cruz da Hora</logradouro>
    <complemento/>
    <unidade/>
    <bairro>Canafístula</bairro>
    <localidade>Arapiraca</localidade>
    <uf>AL</uf>
    <estado>Alagoas</estado>
    <região/>
    <ibge>2700300</ibge>
    <gia/>
    <ddd>82</ddd>
    <siafi>2705</siafi>
  </cep>
  <cep>
    <cep>57303-078</cep>
    <logradouro>Rua Benedito Barros de Oliveira</logradouro>
    <complemento/>
    <unidade/>
    <bairro>Verdes Campos</bairro>
    <localidade>Arapiraca</localidade>
    <uf>AL</uf>
    <estado>Alagoas</estado>
    <região/>
    <ibge>2700300</ibge>
    <gia/>
    <ddd>82</ddd>
    <siafi>2705</siafi>
  </cep>
  <cep>
    <cep>57303-028</cep>
    <logradouro>Rua Sônia Maria de Almeida Lopes</logradouro>
    <complemento/>
    <unidade/>
    <bairro>Verdes Campos</bairro>
    <localidade>Arapiraca</localidade>
    <uf>AL</uf>
    <estado>Alagoas</estado>
    <região/>
    <ibge>2700300</ibge>
    <gia/>
    <ddd>82</ddd>
    <siafi>2705</siafi>
  </cep>
  <cep>
    <cep>57303-020</cep>
    <logradouro>Rua Vereadora Herbene Melo</logradouro>
    <complemento/>
    <unidade/>
    <bairro>Verdes Campos</bairro>
    <localidade>Arapiraca</localidade>
    <uf>AL</uf>
    <estado>Alagoas</estado>
    <região/>
    <ibge>2700300</ibge>
    <gia/>
    <ddd>82</ddd>
    <siafi>2705</siafi>
  </cep>
  <cep>
    <cep>57303-072</cep>
    <logradouro>Rua Dália Vermelha</logradouro>
    <complemento/>
    <unidade/>
    <bairro>Verdes Campos</bairro>
    <localidade>Arapiraca</localidade>
    <uf>AL</uf>
    <estado>Alagoas</estado>
    <região/>
    <ibge>2700300</ibge>
    <gia/>
    <ddd>82</ddd>
    <siafi>2705</siafi>
  </cep>
  <cep>
    <cep>57302-820</cep>
    <logradouro>Rua Jacinto Francisco da Silva</logradouro>
    <complemento/>
    <unidade/>
    <bairro>Canafístula</bairro>
    <localidade>Arapiraca</localidade>
    <uf>AL</uf>
    <estado>Alagoas</estado>
    <região/>
    <ibge>2700300</ibge>
    <gia/>
    <ddd>82</ddd>
    <siafi>2705</siafi>
  </cep>
  <cep>
    <cep>57303-022</cep>
    <logradouro>Rua Manoel Martins da Silva</logradouro>
    <complemento/>
    <unidade/>
    <bairro>Verdes Campos</bairro>
    <localidade>Arapiraca</localidade>
    <uf>AL</uf>
    <estado>Alagoas</estado>
    <região/>
    <ibge>2700300</ibge>
    <gia/>
    <ddd>82</ddd>
    <siafi>2705</siafi>
  </cep>
  <cep>
    <cep>57302-724</cep>
    <logradouro>Rua José Antônio</logradouro>
    <complemento/>
    <unidade/>
    <bairro>Canafístula</bairro>
    <localidade>Arapiraca</localidade>
    <uf>AL</uf>
    <estado>Alagoas</estado>
    <região/>
    <ibge>2700300</ibge>
    <gia/>
    <ddd>82</ddd>
    <siafi>2705</siafi>
  </cep>
  <cep>
    <cep>57303-024</cep>
    <logradouro>Rua Elísio Correia de Amorim</logradouro>
    <complemento/>
    <unidade/>
    <bairro>Verdes Campos</bairro>
    <localidade>Arapiraca</localidade>
    <uf>AL</uf>
    <estado>Alagoas</estado>
    <região/>
    <ibge>2700300</ibge>
    <gia/>
    <ddd>82</ddd>
    <siafi>2705</siafi>
  </cep>
  <cep>
    <cep>57303-070</cep>
    <logradouro>Rua Estudante Paavo Evans de Azevedo França</logradouro>
    <complemento/>
    <unidade/>
    <bairro>Verdes Campos</bairro>
    <localidade>Arapiraca</localidade>
    <uf>AL</uf>
    <estado>Alagoas</estado>
    <região/>
    <ibge>2700300</ibge>
    <gia/>
    <ddd>82</ddd>
    <siafi>2705</siafi>
  </cep>
  <cep>
    <cep>57303-062</cep>
    <logradouro>Rua José Firmino Neto</logradouro>
    <complemento/>
    <unidade/>
    <bairro>Verdes Campos</bairro>
    <localidade>Arapiraca</localidade>
    <uf>AL</uf>
    <estado>Alagoas</estado>
    <região/>
    <ibge>2700300</ibge>
    <gia/>
    <ddd>82</ddd>
    <siafi>2705</siafi>
  </cep>
  <cep>
    <cep>57303-076</cep>
    <logradouro>Rua 08 de Março</logradouro>
    <complemento/>
    <unidade/>
    <bairro>Verdes Campos</bairro>
    <localidade>Arapiraca</localidade>
    <uf>AL</uf>
    <estado>Alagoas</estado>
    <região/>
    <ibge>2700300</ibge>
    <gia/>
    <ddd>82</ddd>
    <siafi>2705</siafi>
  </cep>
  <cep>
    <cep>57303-088</cep>
    <logradouro>Rua Estudante Edvaldo Tenório Júnior</logradouro>
    <complemento/>
    <unidade/>
    <bairro>Verdes Campos</bairro>
    <localidade>Arapiraca</localidade>
    <uf>AL</uf>
    <estado>Alagoas</estado>
    <região/>
    <ibge>2700300</ibge>
    <gia/>
    <ddd>82</ddd>
    <siafi>2705</siafi>
  </cep>
  <cep>
    <cep>57303-058</cep>
    <logradouro>Rua Estudante Fabiana Márcia Brandão de Lima Santos</logradouro>
    <complemento/>
    <unidade/>
    <bairro>Verdes Campos</bairro>
    <localidade>Arapiraca</localidade>
    <uf>AL</uf>
    <estado>Alagoas</estado>
    <região/>
    <ibge>2700300</ibge>
    <gia/>
    <ddd>82</ddd>
    <siafi>2705</siafi>
  </cep>
  <cep>
    <cep>57303-080</cep>
    <logradouro>Rua Manoel Severino dos Santos</logradouro>
    <complemento/>
    <unidade/>
    <bairro>Verdes Campos</bairro>
    <localidade>Arapiraca</localidade>
    <uf>AL</uf>
    <estado>Alagoas</estado>
    <região/>
    <ibge>2700300</ibge>
    <gia/>
    <ddd>82</ddd>
    <siafi>2705</siafi>
  </cep>
  <cep>
    <cep>57303-014</cep>
    <logradouro>Rua Antônio Lopes da Silva</logradouro>
    <complemento/>
    <unidade/>
    <bairro>Verdes Campos</bairro>
    <localidade>Arapiraca</localidade>
    <uf>AL</uf>
    <estado>Alagoas</estado>
    <região/>
    <ibge>2700300</ibge>
    <gia/>
    <ddd>82</ddd>
    <siafi>2705</siafi>
  </cep>
  <cep>
    <cep>57303-059</cep>
    <logradouro>Rua Nossa Senhora de Guadalupe</logradouro>
    <complemento/>
    <unidade/>
    <bairro>Verdes Campos</bairro>
    <localidade>Arapiraca</localidade>
    <uf>AL</uf>
    <estado>Alagoas</estado>
    <região/>
    <ibge>2700300</ibge>
    <gia/>
    <ddd>82</ddd>
    <siafi>2705</siafi>
  </cep>
  <cep>
    <cep>57303-064</cep>
    <logradouro>Rua 13 de Maio</logradouro>
    <complemento/>
    <unidade/>
    <bairro>Verdes Campos</bairro>
    <localidade>Arapiraca</localidade>
    <uf>AL</uf>
    <estado>Alagoas</estado>
    <região/>
    <ibge>2700300</ibge>
    <gia/>
    <ddd>82</ddd>
    <siafi>2705</siafi>
  </cep>
  <cep>
    <cep>57303-082</cep>
    <logradouro>Rua 12 de Outubro</logradouro>
    <complemento/>
    <unidade/>
    <bairro>Verdes Campos</bairro>
    <localidade>Arapiraca</localidade>
    <uf>AL</uf>
    <estado>Alagoas</estado>
    <região/>
    <ibge>2700300</ibge>
    <gia/>
    <ddd>82</ddd>
    <siafi>2705</siafi>
  </cep>
  <cep>
    <cep>57303-068</cep>
    <logradouro>Rua Azaléia Branca</logradouro>
    <complemento/>
    <unidade/>
    <bairro>Verdes Campos</bairro>
    <localidade>Arapiraca</localidade>
    <uf>AL</uf>
    <estado>Alagoas</estado>
    <região/>
    <ibge>2700300</ibge>
    <gia/>
    <ddd>82</ddd>
    <siafi>2705</siafi>
  </cep>
  <cep>
    <cep>57303-008</cep>
    <logradouro>Rua Margarida Nunes Magalhães</logradouro>
    <complemento>lado ímpar</complemento>
    <unidade/>
    <bairro>Verdes Campos</bairro>
    <localidade>Arapiraca</localidade>
    <uf>AL</uf>
    <estado>Alagoas</estado>
    <região/>
    <ibge>2700300</ibge>
    <gia/>
    <ddd>82</ddd>
    <siafi>2705</siafi>
  </cep>
  <cep>
    <cep>57303-086</cep>
    <logradouro>Rua 13 de Junho</logradouro>
    <complemento/>
    <unidade/>
    <bairro>Verdes Campos</bairro>
    <localidade>Arapiraca</localidade>
    <uf>AL</uf>
    <estado>Alagoas</estado>
    <região/>
    <ibge>2700300</ibge>
    <gia/>
    <ddd>82</ddd>
    <siafi>2705</siafi>
  </cep>
  <cep>
    <cep>57303-084</cep>
    <logradouro>Rua Orquídea</logradouro>
    <complemento/>
    <unidade/>
    <bairro>Verdes Campos</bairro>
    <localidade>Arapiraca</localidade>
    <uf>AL</uf>
    <estado>Alagoas</estado>
    <região/>
    <ibge>2700300</ibge>
    <gia/>
    <ddd>82</ddd>
    <siafi>2705</siafi>
  </cep>
  <cep>
    <cep>57303-039</cep>
    <logradouro>Rua Jardim de Maria</logradouro>
    <complemento/>
    <unidade/>
    <bairro>Verdes Campos</bairro>
    <localidade>Arapiraca</localidade>
    <uf>AL</uf>
    <estado>Alagoas</estado>
    <região/>
    <ibge>2700300</ibge>
    <gia/>
    <ddd>82</ddd>
    <siafi>2705</siafi>
  </cep>
  <cep>
    <cep>57303-074</cep>
    <logradouro>Rua 29 de Junho</logradouro>
    <complemento/>
    <unidade/>
    <bairro>Verdes Campos</bairro>
    <localidade>Arapiraca</localidade>
    <uf>AL</uf>
    <estado>Alagoas</estado>
    <região/>
    <ibge>2700300</ibge>
    <gia/>
    <ddd>82</ddd>
    <siafi>2705</siafi>
  </cep>
  <cep>
    <cep>57302-764</cep>
    <logradouro>Rua Ivanildo Vieira de Góis</logradouro>
    <complemento/>
    <unidade/>
    <bairro>Canafístula</bairro>
    <localidade>Arapiraca</localidade>
    <uf>AL</uf>
    <estado>Alagoas</estado>
    <região/>
    <ibge>2700300</ibge>
    <gia/>
    <ddd>82</ddd>
    <siafi>2705</siafi>
  </cep>
  <cep>
    <cep>57303-036</cep>
    <logradouro>Rua Isnaldo Serafim da Silva</logradouro>
    <complemento/>
    <unidade/>
    <bairro>Verdes Campos</bairro>
    <localidade>Arapiraca</localidade>
    <uf>AL</uf>
    <estado>Alagoas</estado>
    <região/>
    <ibge>2700300</ibge>
    <gia/>
    <ddd>82</ddd>
    <siafi>2705</siafi>
  </cep>
  <cep>
    <cep>57303-052</cep>
    <logradouro>Rua José Januário da Silva</logradouro>
    <complemento/>
    <unidade/>
    <bairro>Verdes Campos</bairro>
    <localidade>Arapiraca</localidade>
    <uf>AL</uf>
    <estado>Alagoas</estado>
    <região/>
    <ibge>2700300</ibge>
    <gia/>
    <ddd>82</ddd>
    <siafi>2705</siafi>
  </cep>
  <cep>
    <cep>57303-090</cep>
    <logradouro>Rua Edgar Pacheco Luna</logradouro>
    <complemento>(CJ V Campos)</complemento>
    <unidade/>
    <bairro>Verdes Campos</bairro>
    <localidade>Arapiraca</localidade>
    <uf>AL</uf>
    <estado>Alagoas</estado>
    <região/>
    <ibge>2700300</ibge>
    <gia/>
    <ddd>82</ddd>
    <siafi>2705</siafi>
  </cep>
  <cep>
    <cep>57303-092</cep>
    <logradouro>Rua Rui Ferreira da Silva</logradouro>
    <complemento/>
    <unidade/>
    <bairro>Verdes Campos</bairro>
    <localidade>Arapiraca</localidade>
    <uf>AL</uf>
    <estado>Alagoas</estado>
    <região/>
    <ibge>2700300</ibge>
    <gia/>
    <ddd>82</ddd>
    <siafi>2705</siafi>
  </cep>
  <cep>
    <cep>57303-096</cep>
    <logradouro>Rua Maria Anna Tavares</logradouro>
    <complemento/>
    <unidade/>
    <bairro>Verdes Campos</bairro>
    <localidade>Arapiraca</localidade>
    <uf>AL</uf>
    <estado>Alagoas</estado>
    <região/>
    <ibge>2700300</ibge>
    <gia/>
    <ddd>82</ddd>
    <siafi>2705</siafi>
  </cep>
  <cep>
    <cep>57303-094</cep>
    <logradouro>Rua Osman Cavalcante</logradouro>
    <complemento/>
    <unidade/>
    <bairro>Verdes Campos</bairro>
    <localidade>Arapiraca</localidade>
    <uf>AL</uf>
    <estado>Alagoas</estado>
    <região/>
    <ibge>2700300</ibge>
    <gia/>
    <ddd>82</ddd>
    <siafi>2705</siafi>
  </cep>
  <cep>
    <cep>57303-098</cep>
    <logradouro>Rua Estudante Pedro Paulo Tenório Cavalcante</logradouro>
    <complemento/>
    <unidade/>
    <bairro>Verdes Campos</bairro>
    <localidade>Arapiraca</localidade>
    <uf>AL</uf>
    <estado>Alagoas</estado>
    <região/>
    <ibge>2700300</ibge>
    <gia/>
    <ddd>82</ddd>
    <siafi>2705</siafi>
  </cep>
  <cep>
    <cep>57303-104</cep>
    <logradouro>Rua Ermiro Trajano de Góes</logradouro>
    <complemento/>
    <unidade/>
    <bairro>Verdes Campos</bairro>
    <localidade>Arapiraca</localidade>
    <uf>AL</uf>
    <estado>Alagoas</estado>
    <região/>
    <ibge>2700300</ibge>
    <gia/>
    <ddd>82</ddd>
    <siafi>2705</siafi>
  </cep>
  <cep>
    <cep>57303-106</cep>
    <logradouro>Rua Zilda Cavalcante</logradouro>
    <complemento/>
    <unidade/>
    <bairro>Verdes Campos</bairro>
    <localidade>Arapiraca</localidade>
    <uf>AL</uf>
    <estado>Alagoas</estado>
    <região/>
    <ibge>2700300</ibge>
    <gia/>
    <ddd>82</ddd>
    <siafi>2705</siafi>
  </cep>
  <cep>
    <cep>57303-130</cep>
    <logradouro>Rua Manaus</logradouro>
    <complemento/>
    <unidade/>
    <bairro>Verdes Campos</bairro>
    <localidade>Arapiraca</localidade>
    <uf>AL</uf>
    <estado>Alagoas</estado>
    <região/>
    <ibge>2700300</ibge>
    <gia/>
    <ddd>82</ddd>
    <siafi>2705</siafi>
  </cep>
  <cep>
    <cep>57303-120</cep>
    <logradouro>Avenida Vereador João Saturnino de Almeida</logradouro>
    <complemento>lado par</complemento>
    <unidade/>
    <bairro>Verdes Campos</bairro>
    <localidade>Arapiraca</localidade>
    <uf>AL</uf>
    <estado>Alagoas</estado>
    <região/>
    <ibge>2700300</ibge>
    <gia/>
    <ddd>82</ddd>
    <siafi>2705</siafi>
  </cep>
  <cep>
    <cep>57303-140</cep>
    <logradouro>Rua São Salvador</logradouro>
    <complemento/>
    <unidade/>
    <bairro>Verdes Campos</bairro>
    <localidade>Arapiraca</localidade>
    <uf>AL</uf>
    <estado>Alagoas</estado>
    <região/>
    <ibge>2700300</ibge>
    <gia/>
    <ddd>82</ddd>
    <siafi>2705</siafi>
  </cep>
  <cep>
    <cep>57303-150</cep>
    <logradouro>Rua Amazonas</logradouro>
    <complemento/>
    <unidade/>
    <bairro>Verdes Campos</bairro>
    <localidade>Arapiraca</localidade>
    <uf>AL</uf>
    <estado>Alagoas</estado>
    <região/>
    <ibge>2700300</ibge>
    <gia/>
    <ddd>82</ddd>
    <siafi>2705</siafi>
  </cep>
  <cep>
    <cep>57303-170</cep>
    <logradouro>Rua Brasil</logradouro>
    <complemento/>
    <unidade/>
    <bairro>Verdes Campos</bairro>
    <localidade>Arapiraca</localidade>
    <uf>AL</uf>
    <estado>Alagoas</estado>
    <região/>
    <ibge>2700300</ibge>
    <gia/>
    <ddd>82</ddd>
    <siafi>2705</siafi>
  </cep>
  <cep>
    <cep>57303-180</cep>
    <logradouro>Rua José Lúcio de Melo</logradouro>
    <complemento/>
    <unidade/>
    <bairro>Verdes Campos</bairro>
    <localidade>Arapiraca</localidade>
    <uf>AL</uf>
    <estado>Alagoas</estado>
    <região/>
    <ibge>2700300</ibge>
    <gia/>
    <ddd>82</ddd>
    <siafi>2705</siafi>
  </cep>
  <cep>
    <cep>57303-160</cep>
    <logradouro>Rua Paraná</logradouro>
    <complemento/>
    <unidade/>
    <bairro>Verdes Campos</bairro>
    <localidade>Arapiraca</localidade>
    <uf>AL</uf>
    <estado>Alagoas</estado>
    <região/>
    <ibge>2700300</ibge>
    <gia/>
    <ddd>82</ddd>
    <siafi>2705</siafi>
  </cep>
  <cep>
    <cep>57303-182</cep>
    <logradouro>Rodovia AL-115</logradouro>
    <complemento>lado ímpar</complemento>
    <unidade/>
    <bairro>Verdes Campos</bairro>
    <localidade>Arapiraca</localidade>
    <uf>AL</uf>
    <estado>Alagoas</estado>
    <região/>
    <ibge>2700300</ibge>
    <gia/>
    <ddd>82</ddd>
    <siafi>2705</siafi>
  </cep>
  <cep>
    <cep>57303-225</cep>
    <logradouro>Rodovia AL-110</logradouro>
    <complemento>lado par</complemento>
    <unidade/>
    <bairro>Boa Vista</bairro>
    <localidade>Arapiraca</localidade>
    <uf>AL</uf>
    <estado>Alagoas</estado>
    <região/>
    <ibge>2700300</ibge>
    <gia/>
    <ddd>82</ddd>
    <siafi>2705</siafi>
  </cep>
  <cep>
    <cep>57303-200</cep>
    <logradouro>Rua Cirilo José de Oliveira</logradouro>
    <complemento/>
    <unidade/>
    <bairro>Boa Vista</bairro>
    <localidade>Arapiraca</localidade>
    <uf>AL</uf>
    <estado>Alagoas</estado>
    <região/>
    <ibge>2700300</ibge>
    <gia/>
    <ddd>82</ddd>
    <siafi>2705</siafi>
  </cep>
  <cep>
    <cep>57303-220</cep>
    <logradouro>Praça Pedro Marinho Muniz Suruagy</logradouro>
    <complemento/>
    <unidade/>
    <bairro>Boa Vista</bairro>
    <localidade>Arapiraca</localidade>
    <uf>AL</uf>
    <estado>Alagoas</estado>
    <região/>
    <ibge>2700300</ibge>
    <gia/>
    <ddd>82</ddd>
    <siafi>2705</siafi>
  </cep>
  <cep>
    <cep>57303-230</cep>
    <logradouro>Rua Leôncio Salú</logradouro>
    <complemento/>
    <unidade/>
    <bairro>Boa Vista</bairro>
    <localidade>Arapiraca</localidade>
    <uf>AL</uf>
    <estado>Alagoas</estado>
    <região/>
    <ibge>2700300</ibge>
    <gia/>
    <ddd>82</ddd>
    <siafi>2705</siafi>
  </cep>
  <cep>
    <cep>57303-240</cep>
    <logradouro>Rua Frei Damião de Bozzano</logradouro>
    <complemento/>
    <unidade/>
    <bairro>Boa Vista</bairro>
    <localidade>Arapiraca</localidade>
    <uf>AL</uf>
    <estado>Alagoas</estado>
    <região/>
    <ibge>2700300</ibge>
    <gia/>
    <ddd>82</ddd>
    <siafi>2705</siafi>
  </cep>
  <cep>
    <cep>57303-260</cep>
    <logradouro>Rua Estudante Dione Nunes Ferreira</logradouro>
    <complemento/>
    <unidade/>
    <bairro>Boa Vista</bairro>
    <localidade>Arapiraca</localidade>
    <uf>AL</uf>
    <estado>Alagoas</estado>
    <região/>
    <ibge>2700300</ibge>
    <gia/>
    <ddd>82</ddd>
    <siafi>2705</siafi>
  </cep>
  <cep>
    <cep>57303-280</cep>
    <logradouro>Rua Vicente Lino da Silva</logradouro>
    <complemento/>
    <unidade/>
    <bairro>Boa Vista</bairro>
    <localidade>Arapiraca</localidade>
    <uf>AL</uf>
    <estado>Alagoas</estado>
    <região/>
    <ibge>2700300</ibge>
    <gia/>
    <ddd>82</ddd>
    <siafi>2705</siafi>
  </cep>
  <cep>
    <cep>57303-320</cep>
    <logradouro>Rua Manoel Saturnino de Almeida</logradouro>
    <complemento/>
    <unidade/>
    <bairro>Boa Vista</bairro>
    <localidade>Arapiraca</localidade>
    <uf>AL</uf>
    <estado>Alagoas</estado>
    <região/>
    <ibge>2700300</ibge>
    <gia/>
    <ddd>82</ddd>
    <siafi>2705</siafi>
  </cep>
  <cep>
    <cep>57303-380</cep>
    <logradouro>Rua Manoel Fernandes da Silva</logradouro>
    <complemento/>
    <unidade/>
    <bairro>Boa Vista</bairro>
    <localidade>Arapiraca</localidade>
    <uf>AL</uf>
    <estado>Alagoas</estado>
    <região/>
    <ibge>2700300</ibge>
    <gia/>
    <ddd>82</ddd>
    <siafi>2705</siafi>
  </cep>
  <cep>
    <cep>57303-302</cep>
    <logradouro>Rua Horácio Lino da Silva</logradouro>
    <complemento/>
    <unidade/>
    <bairro>Boa Vista</bairro>
    <localidade>Arapiraca</localidade>
    <uf>AL</uf>
    <estado>Alagoas</estado>
    <região/>
    <ibge>2700300</ibge>
    <gia/>
    <ddd>82</ddd>
    <siafi>2705</siafi>
  </cep>
  <cep>
    <cep>57303-734</cep>
    <logradouro>Rua Sebastião Pereira de Lima</logradouro>
    <complemento/>
    <unidade/>
    <bairro>Guaribas</bairro>
    <localidade>Arapiraca</localidade>
    <uf>AL</uf>
    <estado>Alagoas</estado>
    <região/>
    <ibge>2700300</ibge>
    <gia/>
    <ddd>82</ddd>
    <siafi>2705</siafi>
  </cep>
  <cep>
    <cep>57303-350</cep>
    <logradouro>Rua Marizete Almeida de Oliveira</logradouro>
    <complemento/>
    <unidade/>
    <bairro>Boa Vista</bairro>
    <localidade>Arapiraca</localidade>
    <uf>AL</uf>
    <estado>Alagoas</estado>
    <região/>
    <ibge>2700300</ibge>
    <gia/>
    <ddd>82</ddd>
    <siafi>2705</siafi>
  </cep>
  <cep>
    <cep>57303-712</cep>
    <logradouro>Rua Amélia Nunes Magalhães</logradouro>
    <complemento/>
    <unidade/>
    <bairro>Guaribas</bairro>
    <localidade>Arapiraca</localidade>
    <uf>AL</uf>
    <estado>Alagoas</estado>
    <região/>
    <ibge>2700300</ibge>
    <gia/>
    <ddd>82</ddd>
    <siafi>2705</siafi>
  </cep>
  <cep>
    <cep>57303-729</cep>
    <logradouro>Rua Almerinda Nunes de Magalhães</logradouro>
    <complemento/>
    <unidade/>
    <bairro>Guaribas</bairro>
    <localidade>Arapiraca</localidade>
    <uf>AL</uf>
    <estado>Alagoas</estado>
    <região/>
    <ibge>2700300</ibge>
    <gia/>
    <ddd>82</ddd>
    <siafi>2705</siafi>
  </cep>
  <cep>
    <cep>57303-739</cep>
    <logradouro>Rua Adalberto Ferreira da Silva</logradouro>
    <complemento/>
    <unidade/>
    <bairro>Guaribas</bairro>
    <localidade>Arapiraca</localidade>
    <uf>AL</uf>
    <estado>Alagoas</estado>
    <região/>
    <ibge>2700300</ibge>
    <gia/>
    <ddd>82</ddd>
    <siafi>2705</siafi>
  </cep>
  <cep>
    <cep>57303-340</cep>
    <logradouro>Rua Antônio Saturnino de Almeida</logradouro>
    <complemento/>
    <unidade/>
    <bairro>Boa Vista</bairro>
    <localidade>Arapiraca</localidade>
    <uf>AL</uf>
    <estado>Alagoas</estado>
    <região/>
    <ibge>2700300</ibge>
    <gia/>
    <ddd>82</ddd>
    <siafi>2705</siafi>
  </cep>
  <cep>
    <cep>57303-265</cep>
    <logradouro>Avenida Vereador João Saturnino de Almeida</logradouro>
    <complemento/>
    <unidade/>
    <bairro>Boa Vista</bairro>
    <localidade>Arapiraca</localidade>
    <uf>AL</uf>
    <estado>Alagoas</estado>
    <região/>
    <ibge>2700300</ibge>
    <gia/>
    <ddd>82</ddd>
    <siafi>2705</siafi>
  </cep>
  <cep>
    <cep>57303-430</cep>
    <logradouro>Rua Antônio Pereira da Silva</logradouro>
    <complemento/>
    <unidade/>
    <bairro>Guaribas</bairro>
    <localidade>Arapiraca</localidade>
    <uf>AL</uf>
    <estado>Alagoas</estado>
    <região/>
    <ibge>2700300</ibge>
    <gia/>
    <ddd>82</ddd>
    <siafi>2705</siafi>
  </cep>
  <cep>
    <cep>57303-742</cep>
    <logradouro>Rua Álvaro Vieira de Araújo</logradouro>
    <complemento/>
    <unidade/>
    <bairro>Guaribas</bairro>
    <localidade>Arapiraca</localidade>
    <uf>AL</uf>
    <estado>Alagoas</estado>
    <região/>
    <ibge>2700300</ibge>
    <gia/>
    <ddd>82</ddd>
    <siafi>2705</siafi>
  </cep>
  <cep>
    <cep>57303-740</cep>
    <logradouro>Rua Pastor Manoel Pereira Lima</logradouro>
    <complemento/>
    <unidade/>
    <bairro>Guaribas</bairro>
    <localidade>Arapiraca</localidade>
    <uf>AL</uf>
    <estado>Alagoas</estado>
    <região/>
    <ibge>2700300</ibge>
    <gia/>
    <ddd>82</ddd>
    <siafi>2705</siafi>
  </cep>
  <cep>
    <cep>57303-330</cep>
    <logradouro>Rua José Aureliano Barbosa</logradouro>
    <complemento/>
    <unidade/>
    <bairro>Boa Vista</bairro>
    <localidade>Arapiraca</localidade>
    <uf>AL</uf>
    <estado>Alagoas</estado>
    <região/>
    <ibge>2700300</ibge>
    <gia/>
    <ddd>82</ddd>
    <siafi>2705</siafi>
  </cep>
  <cep>
    <cep>57303-310</cep>
    <logradouro>Rua Antônio Mizael</logradouro>
    <complemento/>
    <unidade/>
    <bairro>Boa Vista</bairro>
    <localidade>Arapiraca</localidade>
    <uf>AL</uf>
    <estado>Alagoas</estado>
    <região/>
    <ibge>2700300</ibge>
    <gia/>
    <ddd>82</ddd>
    <siafi>2705</siafi>
  </cep>
  <cep>
    <cep>57303-702</cep>
    <logradouro>Rua José Ferreira Barbosa</logradouro>
    <complemento/>
    <unidade/>
    <bairro>Guaribas</bairro>
    <localidade>Arapiraca</localidade>
    <uf>AL</uf>
    <estado>Alagoas</estado>
    <região/>
    <ibge>2700300</ibge>
    <gia/>
    <ddd>82</ddd>
    <siafi>2705</siafi>
  </cep>
  <cep>
    <cep>57303-731</cep>
    <logradouro>Rua Sargento Chocolate</logradouro>
    <complemento/>
    <unidade/>
    <bairro>Guaribas</bairro>
    <localidade>Arapiraca</localidade>
    <uf>AL</uf>
    <estado>Alagoas</estado>
    <região/>
    <ibge>2700300</ibge>
    <gia/>
    <ddd>82</ddd>
    <siafi>2705</siafi>
  </cep>
  <cep>
    <cep>57303-732</cep>
    <logradouro>Rua Manoel José de Oliveira</logradouro>
    <complemento/>
    <unidade/>
    <bairro>Guaribas</bairro>
    <localidade>Arapiraca</localidade>
    <uf>AL</uf>
    <estado>Alagoas</estado>
    <região/>
    <ibge>2700300</ibge>
    <gia/>
    <ddd>82</ddd>
    <siafi>2705</siafi>
  </cep>
  <cep>
    <cep>57303-530</cep>
    <logradouro>Rua Euclides Marques de Sá</logradouro>
    <complemento/>
    <unidade/>
    <bairro>Guaribas</bairro>
    <localidade>Arapiraca</localidade>
    <uf>AL</uf>
    <estado>Alagoas</estado>
    <região/>
    <ibge>2700300</ibge>
    <gia/>
    <ddd>82</ddd>
    <siafi>2705</siafi>
  </cep>
  <cep>
    <cep>57303-713</cep>
    <logradouro>Rua Valclécio Vieira de Lima</logradouro>
    <complemento/>
    <unidade/>
    <bairro>Guaribas</bairro>
    <localidade>Arapiraca</localidade>
    <uf>AL</uf>
    <estado>Alagoas</estado>
    <região/>
    <ibge>2700300</ibge>
    <gia/>
    <ddd>82</ddd>
    <siafi>2705</siafi>
  </cep>
  <cep>
    <cep>57303-737</cep>
    <logradouro>Rua Pastor Sidrônio Castanha</logradouro>
    <complemento/>
    <unidade/>
    <bairro>Guaribas</bairro>
    <localidade>Arapiraca</localidade>
    <uf>AL</uf>
    <estado>Alagoas</estado>
    <região/>
    <ibge>2700300</ibge>
    <gia/>
    <ddd>82</ddd>
    <siafi>2705</siafi>
  </cep>
  <cep>
    <cep>57303-270</cep>
    <logradouro>Rua Maria Isabel de Almeida</logradouro>
    <complemento/>
    <unidade/>
    <bairro>Boa Vista</bairro>
    <localidade>Arapiraca</localidade>
    <uf>AL</uf>
    <estado>Alagoas</estado>
    <região/>
    <ibge>2700300</ibge>
    <gia/>
    <ddd>82</ddd>
    <siafi>2705</siafi>
  </cep>
  <cep>
    <cep>57303-724</cep>
    <logradouro>Rua Geruza Barros Cabral da Silva</logradouro>
    <complemento/>
    <unidade/>
    <bairro>Guaribas</bairro>
    <localidade>Arapiraca</localidade>
    <uf>AL</uf>
    <estado>Alagoas</estado>
    <região/>
    <ibge>2700300</ibge>
    <gia/>
    <ddd>82</ddd>
    <siafi>2705</siafi>
  </cep>
  <cep>
    <cep>57303-746</cep>
    <logradouro>Rua Maria Correia da Rocha</logradouro>
    <complemento>(Distrito Industrial)</complemento>
    <unidade/>
    <bairro>Guaribas</bairro>
    <localidade>Arapiraca</localidade>
    <uf>AL</uf>
    <estado>Alagoas</estado>
    <região/>
    <ibge>2700300</ibge>
    <gia/>
    <ddd>82</ddd>
    <siafi>2705</siafi>
  </cep>
  <cep>
    <cep>57303-745</cep>
    <logradouro>Rodovia AL-115</logradouro>
    <complemento>lado ímpar</complemento>
    <unidade/>
    <bairro>Guaribas</bairro>
    <localidade>Arapiraca</localidade>
    <uf>AL</uf>
    <estado>Alagoas</estado>
    <região/>
    <ibge>2700300</ibge>
    <gia/>
    <ddd>82</ddd>
    <siafi>2705</siafi>
  </cep>
  <cep>
    <cep>57303-747</cep>
    <logradouro>Rua Irene Gonzaga de Lima</logradouro>
    <complemento/>
    <unidade/>
    <bairro>Guaribas</bairro>
    <localidade>Arapiraca</localidade>
    <uf>AL</uf>
    <estado>Alagoas</estado>
    <região/>
    <ibge>2700300</ibge>
    <gia/>
    <ddd>82</ddd>
    <siafi>2705</siafi>
  </cep>
  <cep>
    <cep>57303-735</cep>
    <logradouro>Rua Deputado Almir Lira</logradouro>
    <complemento/>
    <unidade/>
    <bairro>Guaribas</bairro>
    <localidade>Arapiraca</localidade>
    <uf>AL</uf>
    <estado>Alagoas</estado>
    <região/>
    <ibge>2700300</ibge>
    <gia/>
    <ddd>82</ddd>
    <siafi>2705</siafi>
  </cep>
  <cep>
    <cep>57303-748</cep>
    <logradouro>Rua Carlos Gonzaga de Lima Filho</logradouro>
    <complemento/>
    <unidade/>
    <bairro>Guaribas</bairro>
    <localidade>Arapiraca</localidade>
    <uf>AL</uf>
    <estado>Alagoas</estado>
    <região/>
    <ibge>2700300</ibge>
    <gia/>
    <ddd>82</ddd>
    <siafi>2705</siafi>
  </cep>
  <cep>
    <cep>57303-750</cep>
    <logradouro>Avenida Asa Branca</logradouro>
    <complemento>(Dt Industrial)</complemento>
    <unidade/>
    <bairro>Guaribas</bairro>
    <localidade>Arapiraca</localidade>
    <uf>AL</uf>
    <estado>Alagoas</estado>
    <região/>
    <ibge>2700300</ibge>
    <gia/>
    <ddd>82</ddd>
    <siafi>2705</siafi>
  </cep>
  <cep>
    <cep>57303-370</cep>
    <logradouro>Rua Cizino da Costa Gama</logradouro>
    <complemento/>
    <unidade/>
    <bairro>Boa Vista</bairro>
    <localidade>Arapiraca</localidade>
    <uf>AL</uf>
    <estado>Alagoas</estado>
    <região/>
    <ibge>2700300</ibge>
    <gia/>
    <ddd>82</ddd>
    <siafi>2705</siafi>
  </cep>
  <cep>
    <cep>57303-360</cep>
    <logradouro>Rua Terezinha Isabel Almeida de Oliveira</logradouro>
    <complemento>até 128/129</complemento>
    <unidade/>
    <bairro>Boa Vista</bairro>
    <localidade>Arapiraca</localidade>
    <uf>AL</uf>
    <estado>Alagoas</estado>
    <região/>
    <ibge>2700300</ibge>
    <gia/>
    <ddd>82</ddd>
    <siafi>2705</siafi>
  </cep>
  <cep>
    <cep>57303-306</cep>
    <logradouro>Rua Leonardo de Lima Silva</logradouro>
    <complemento/>
    <unidade/>
    <bairro>Boa Vista</bairro>
    <localidade>Arapiraca</localidade>
    <uf>AL</uf>
    <estado>Alagoas</estado>
    <região/>
    <ibge>2700300</ibge>
    <gia/>
    <ddd>82</ddd>
    <siafi>2705</siafi>
  </cep>
  <cep>
    <cep>57303-711</cep>
    <logradouro>Rua Miguel Salustiano de Farias</logradouro>
    <complemento/>
    <unidade/>
    <bairro>Guaribas</bairro>
    <localidade>Arapiraca</localidade>
    <uf>AL</uf>
    <estado>Alagoas</estado>
    <região/>
    <ibge>2700300</ibge>
    <gia/>
    <ddd>82</ddd>
    <siafi>2705</siafi>
  </cep>
  <cep>
    <cep>57303-720</cep>
    <logradouro>Rua Magna Maria Melquíades</logradouro>
    <complemento/>
    <unidade/>
    <bairro>Guaribas</bairro>
    <localidade>Arapiraca</localidade>
    <uf>AL</uf>
    <estado>Alagoas</estado>
    <região/>
    <ibge>2700300</ibge>
    <gia/>
    <ddd>82</ddd>
    <siafi>2705</siafi>
  </cep>
  <cep>
    <cep>57303-440</cep>
    <logradouro>Rua Cassimiro Dias</logradouro>
    <complemento>lado ímpar</complemento>
    <unidade/>
    <bairro>Guaribas</bairro>
    <localidade>Arapiraca</localidade>
    <uf>AL</uf>
    <estado>Alagoas</estado>
    <região/>
    <ibge>2700300</ibge>
    <gia/>
    <ddd>82</ddd>
    <siafi>2705</siafi>
  </cep>
  <cep>
    <cep>57303-714</cep>
    <logradouro>Rua Vandeci dos Santos Figueredo</logradouro>
    <complemento/>
    <unidade/>
    <bairro>Guaribas</bairro>
    <localidade>Arapiraca</localidade>
    <uf>AL</uf>
    <estado>Alagoas</estado>
    <região/>
    <ibge>2700300</ibge>
    <gia/>
    <ddd>82</ddd>
    <siafi>2705</siafi>
  </cep>
  <cep>
    <cep>57303-744</cep>
    <logradouro>Rua Suzete Gonzaga de Lima</logradouro>
    <complemento/>
    <unidade/>
    <bairro>Guaribas</bairro>
    <localidade>Arapiraca</localidade>
    <uf>AL</uf>
    <estado>Alagoas</estado>
    <região/>
    <ibge>2700300</ibge>
    <gia/>
    <ddd>82</ddd>
    <siafi>2705</siafi>
  </cep>
  <cep>
    <cep>57303-765</cep>
    <logradouro>Rua Antônia Barbosa</logradouro>
    <complemento/>
    <unidade/>
    <bairro>Olho D'Água dos Cazuzinhas</bairro>
    <localidade>Arapiraca</localidade>
    <uf>AL</uf>
    <estado>Alagoas</estado>
    <região/>
    <ibge>2700300</ibge>
    <gia/>
    <ddd>82</ddd>
    <siafi>2705</siafi>
  </cep>
  <cep>
    <cep>57303-718</cep>
    <logradouro>Rua Elísio Correia de Amorim</logradouro>
    <complemento/>
    <unidade/>
    <bairro>Guaribas</bairro>
    <localidade>Arapiraca</localidade>
    <uf>AL</uf>
    <estado>Alagoas</estado>
    <região/>
    <ibge>2700300</ibge>
    <gia/>
    <ddd>82</ddd>
    <siafi>2705</siafi>
  </cep>
  <cep>
    <cep>57303-733</cep>
    <logradouro>Rua Marcela Ferreira</logradouro>
    <complemento/>
    <unidade/>
    <bairro>Guaribas</bairro>
    <localidade>Arapiraca</localidade>
    <uf>AL</uf>
    <estado>Alagoas</estado>
    <região/>
    <ibge>2700300</ibge>
    <gia/>
    <ddd>82</ddd>
    <siafi>2705</siafi>
  </cep>
  <cep>
    <cep>57303-775</cep>
    <logradouro>Largo João José da Silva</logradouro>
    <complemento/>
    <unidade/>
    <bairro>Olho D'Água dos Cazuzinhas</bairro>
    <localidade>Arapiraca</localidade>
    <uf>AL</uf>
    <estado>Alagoas</estado>
    <região/>
    <ibge>2700300</ibge>
    <gia/>
    <ddd>82</ddd>
    <siafi>2705</siafi>
  </cep>
  <cep>
    <cep>57303-772</cep>
    <logradouro>Rua Pedro José dos Santos</logradouro>
    <complemento/>
    <unidade/>
    <bairro>Olho D'Água dos Cazuzinhas</bairro>
    <localidade>Arapiraca</localidade>
    <uf>AL</uf>
    <estado>Alagoas</estado>
    <região/>
    <ibge>2700300</ibge>
    <gia/>
    <ddd>82</ddd>
    <siafi>2705</siafi>
  </cep>
  <cep>
    <cep>57303-728</cep>
    <logradouro>Rua Alfredo Soares da Masena</logradouro>
    <complemento/>
    <unidade/>
    <bairro>Guaribas</bairro>
    <localidade>Arapiraca</localidade>
    <uf>AL</uf>
    <estado>Alagoas</estado>
    <região/>
    <ibge>2700300</ibge>
    <gia/>
    <ddd>82</ddd>
    <siafi>2705</siafi>
  </cep>
  <cep>
    <cep>57303-770</cep>
    <logradouro>Rua Josefa Cartaxo</logradouro>
    <complemento/>
    <unidade/>
    <bairro>Olho D'Água dos Cazuzinhas</bairro>
    <localidade>Arapiraca</localidade>
    <uf>AL</uf>
    <estado>Alagoas</estado>
    <região/>
    <ibge>2700300</ibge>
    <gia/>
    <ddd>82</ddd>
    <siafi>2705</siafi>
  </cep>
  <cep>
    <cep>57303-743</cep>
    <logradouro>Rua Sônia Gonzaga de Lima</logradouro>
    <complemento/>
    <unidade/>
    <bairro>Guaribas</bairro>
    <localidade>Arapiraca</localidade>
    <uf>AL</uf>
    <estado>Alagoas</estado>
    <região/>
    <ibge>2700300</ibge>
    <gia/>
    <ddd>82</ddd>
    <siafi>2705</siafi>
  </cep>
  <cep>
    <cep>57303-786</cep>
    <logradouro>Rua Coronel Vicente Ramos</logradouro>
    <complemento/>
    <unidade/>
    <bairro>Olho D'Água dos Cazuzinhas</bairro>
    <localidade>Arapiraca</localidade>
    <uf>AL</uf>
    <estado>Alagoas</estado>
    <região/>
    <ibge>2700300</ibge>
    <gia/>
    <ddd>82</ddd>
    <siafi>2705</siafi>
  </cep>
  <cep>
    <cep>57303-760</cep>
    <logradouro>Rua João Jiguiri</logradouro>
    <complemento/>
    <unidade/>
    <bairro>Olho D'Água dos Cazuzinhas</bairro>
    <localidade>Arapiraca</localidade>
    <uf>AL</uf>
    <estado>Alagoas</estado>
    <região/>
    <ibge>2700300</ibge>
    <gia/>
    <ddd>82</ddd>
    <siafi>2705</siafi>
  </cep>
  <cep>
    <cep>57303-788</cep>
    <logradouro>Rodovia AL-115</logradouro>
    <complemento>lado ímpar</complemento>
    <unidade/>
    <bairro>Olho D'Água dos Cazuzinhas</bairro>
    <localidade>Arapiraca</localidade>
    <uf>AL</uf>
    <estado>Alagoas</estado>
    <região/>
    <ibge>2700300</ibge>
    <gia/>
    <ddd>82</ddd>
    <siafi>2705</siafi>
  </cep>
  <cep>
    <cep>57303-794</cep>
    <logradouro>Rua Estudante Cledson Damasceno</logradouro>
    <complemento/>
    <unidade/>
    <bairro>Olho D'Água dos Cazuzinhas</bairro>
    <localidade>Arapiraca</localidade>
    <uf>AL</uf>
    <estado>Alagoas</estado>
    <região/>
    <ibge>2700300</ibge>
    <gia/>
    <ddd>82</ddd>
    <siafi>2705</siafi>
  </cep>
  <cep>
    <cep>57303-780</cep>
    <logradouro>Rua Virgínia Barbosa Leão</logradouro>
    <complemento/>
    <unidade/>
    <bairro>Olho D'Água dos Cazuzinhas</bairro>
    <localidade>Arapiraca</localidade>
    <uf>AL</uf>
    <estado>Alagoas</estado>
    <região/>
    <ibge>2700300</ibge>
    <gia/>
    <ddd>82</ddd>
    <siafi>2705</siafi>
  </cep>
  <cep>
    <cep>57303-796</cep>
    <logradouro>Rua Estudante Rejane Ferreira Berto Oliveira</logradouro>
    <complemento/>
    <unidade/>
    <bairro>Olho D'Água dos Cazuzinhas</bairro>
    <localidade>Arapiraca</localidade>
    <uf>AL</uf>
    <estado>Alagoas</estado>
    <região/>
    <ibge>2700300</ibge>
    <gia/>
    <ddd>82</ddd>
    <siafi>2705</siafi>
  </cep>
  <cep>
    <cep>57303-722</cep>
    <logradouro>Rua Antônio Gomes Reinaldo</logradouro>
    <complemento/>
    <unidade/>
    <bairro>Guaribas</bairro>
    <localidade>Arapiraca</localidade>
    <uf>AL</uf>
    <estado>Alagoas</estado>
    <região/>
    <ibge>2700300</ibge>
    <gia/>
    <ddd>82</ddd>
    <siafi>2705</siafi>
  </cep>
  <cep>
    <cep>57303-785</cep>
    <logradouro>Rua Jeovanilson Pereira Silva</logradouro>
    <complemento/>
    <unidade/>
    <bairro>Olho D'Água dos Cazuzinhas</bairro>
    <localidade>Arapiraca</localidade>
    <uf>AL</uf>
    <estado>Alagoas</estado>
    <região/>
    <ibge>2700300</ibge>
    <gia/>
    <ddd>82</ddd>
    <siafi>2705</siafi>
  </cep>
  <cep>
    <cep>57303-792</cep>
    <logradouro>Rua Auta Nobre de Magalhães</logradouro>
    <complemento/>
    <unidade/>
    <bairro>Olho D'Água dos Cazuzinhas</bairro>
    <localidade>Arapiraca</localidade>
    <uf>AL</uf>
    <estado>Alagoas</estado>
    <região/>
    <ibge>2700300</ibge>
    <gia/>
    <ddd>82</ddd>
    <siafi>2705</siafi>
  </cep>
  <cep>
    <cep>57303-798</cep>
    <logradouro>Rua Professora Maria Tereza da Silva</logradouro>
    <complemento/>
    <unidade/>
    <bairro>Olho D'Água dos Cazuzinhas</bairro>
    <localidade>Arapiraca</localidade>
    <uf>AL</uf>
    <estado>Alagoas</estado>
    <região/>
    <ibge>2700300</ibge>
    <gia/>
    <ddd>82</ddd>
    <siafi>2705</siafi>
  </cep>
  <cep>
    <cep>57303-716</cep>
    <logradouro>Rua Sebastião Florentino dos Santos</logradouro>
    <complemento/>
    <unidade/>
    <bairro>Guaribas</bairro>
    <localidade>Arapiraca</localidade>
    <uf>AL</uf>
    <estado>Alagoas</estado>
    <região/>
    <ibge>2700300</ibge>
    <gia/>
    <ddd>82</ddd>
    <siafi>2705</siafi>
  </cep>
  <cep>
    <cep>57303-799</cep>
    <logradouro>Rua Elzimar Aires da Nóbrega</logradouro>
    <complemento/>
    <unidade/>
    <bairro>Olho D'Água dos Cazuzinhas</bairro>
    <localidade>Arapiraca</localidade>
    <uf>AL</uf>
    <estado>Alagoas</estado>
    <região/>
    <ibge>2700300</ibge>
    <gia/>
    <ddd>82</ddd>
    <siafi>2705</siafi>
  </cep>
  <cep>
    <cep>57303-290</cep>
    <logradouro>Rua Antônio Simão</logradouro>
    <complemento/>
    <unidade/>
    <bairro>Boa Vista</bairro>
    <localidade>Arapiraca</localidade>
    <uf>AL</uf>
    <estado>Alagoas</estado>
    <região/>
    <ibge>2700300</ibge>
    <gia/>
    <ddd>82</ddd>
    <siafi>2705</siafi>
  </cep>
  <cep>
    <cep>57303-726</cep>
    <logradouro>Rua Maria José dos Santos</logradouro>
    <complemento/>
    <unidade/>
    <bairro>Guaribas</bairro>
    <localidade>Arapiraca</localidade>
    <uf>AL</uf>
    <estado>Alagoas</estado>
    <região/>
    <ibge>2700300</ibge>
    <gia/>
    <ddd>82</ddd>
    <siafi>2705</siafi>
  </cep>
  <cep>
    <cep>57303-690</cep>
    <logradouro>Rua José Pedro Ferreira</logradouro>
    <complemento/>
    <unidade/>
    <bairro>Guaribas</bairro>
    <localidade>Arapiraca</localidade>
    <uf>AL</uf>
    <estado>Alagoas</estado>
    <região/>
    <ibge>2700300</ibge>
    <gia/>
    <ddd>82</ddd>
    <siafi>2705</siafi>
  </cep>
  <cep>
    <cep>57303-790</cep>
    <logradouro>Rua Sargento Otávio Lourenço de Souza</logradouro>
    <complemento/>
    <unidade/>
    <bairro>Olho D'Água dos Cazuzinhas</bairro>
    <localidade>Arapiraca</localidade>
    <uf>AL</uf>
    <estado>Alagoas</estado>
    <região/>
    <ibge>2700300</ibge>
    <gia/>
    <ddd>82</ddd>
    <siafi>2705</siafi>
  </cep>
  <cep>
    <cep>57303-304</cep>
    <logradouro>Rua Josué Lino da Silva</logradouro>
    <complemento/>
    <unidade/>
    <bairro>Boa Vista</bairro>
    <localidade>Arapiraca</localidade>
    <uf>AL</uf>
    <estado>Alagoas</estado>
    <região/>
    <ibge>2700300</ibge>
    <gia/>
    <ddd>82</ddd>
    <siafi>2705</siafi>
  </cep>
  <cep>
    <cep>57303-300</cep>
    <logradouro>Rua Pedro Simão</logradouro>
    <complemento/>
    <unidade/>
    <bairro>Boa Vista</bairro>
    <localidade>Arapiraca</localidade>
    <uf>AL</uf>
    <estado>Alagoas</estado>
    <região/>
    <ibge>2700300</ibge>
    <gia/>
    <ddd>82</ddd>
    <siafi>2705</siafi>
  </cep>
  <cep>
    <cep>57303-710</cep>
    <logradouro>Rua Antônio Martins da Silva</logradouro>
    <complemento/>
    <unidade/>
    <bairro>Guaribas</bairro>
    <localidade>Arapiraca</localidade>
    <uf>AL</uf>
    <estado>Alagoas</estado>
    <região/>
    <ibge>2700300</ibge>
    <gia/>
    <ddd>82</ddd>
    <siafi>2705</siafi>
  </cep>
  <cep>
    <cep>57303-784</cep>
    <logradouro>Rua Fernando Lourenço</logradouro>
    <complemento/>
    <unidade/>
    <bairro>Olho D'Água dos Cazuzinhas</bairro>
    <localidade>Arapiraca</localidade>
    <uf>AL</uf>
    <estado>Alagoas</estado>
    <região/>
    <ibge>2700300</ibge>
    <gia/>
    <ddd>82</ddd>
    <siafi>2705</siafi>
  </cep>
  <cep>
    <cep>57303-410</cep>
    <logradouro>Rua Margarida Nunes Magalhães</logradouro>
    <complemento>lado par</complemento>
    <unidade/>
    <bairro>Guaribas</bairro>
    <localidade>Arapiraca</localidade>
    <uf>AL</uf>
    <estado>Alagoas</estado>
    <região/>
    <ibge>2700300</ibge>
    <gia/>
    <ddd>82</ddd>
    <siafi>2705</siafi>
  </cep>
  <cep>
    <cep>57303-730</cep>
    <logradouro>Rua Florêncio Barbosa</logradouro>
    <complemento/>
    <unidade/>
    <bairro>Guaribas</bairro>
    <localidade>Arapiraca</localidade>
    <uf>AL</uf>
    <estado>Alagoas</estado>
    <região/>
    <ibge>2700300</ibge>
    <gia/>
    <ddd>82</ddd>
    <siafi>2705</siafi>
  </cep>
  <cep>
    <cep>57303-800</cep>
    <logradouro>Rua Estudante Rodrigo Alves da Silva Santos</logradouro>
    <complemento/>
    <unidade/>
    <bairro>Olho D'Água dos Cazuzinhas</bairro>
    <localidade>Arapiraca</localidade>
    <uf>AL</uf>
    <estado>Alagoas</estado>
    <região/>
    <ibge>2700300</ibge>
    <gia/>
    <ddd>82</ddd>
    <siafi>2705</siafi>
  </cep>
  <cep>
    <cep>57303-801</cep>
    <logradouro>Rua Josefa Maria Damasceno</logradouro>
    <complemento/>
    <unidade/>
    <bairro>Olho D'Água dos Cazuzinhas</bairro>
    <localidade>Arapiraca</localidade>
    <uf>AL</uf>
    <estado>Alagoas</estado>
    <região/>
    <ibge>2700300</ibge>
    <gia/>
    <ddd>82</ddd>
    <siafi>2705</siafi>
  </cep>
  <cep>
    <cep>57303-802</cep>
    <logradouro>Rua Estudante João Antônio Barbosa Cavalcante</logradouro>
    <complemento/>
    <unidade/>
    <bairro>Olho D'Água dos Cazuzinhas</bairro>
    <localidade>Arapiraca</localidade>
    <uf>AL</uf>
    <estado>Alagoas</estado>
    <região/>
    <ibge>2700300</ibge>
    <gia/>
    <ddd>82</ddd>
    <siafi>2705</siafi>
  </cep>
  <cep>
    <cep>57303-803</cep>
    <logradouro>Rua Francisco Alves de Melo</logradouro>
    <complemento/>
    <unidade/>
    <bairro>Olho D'Água dos Cazuzinhas</bairro>
    <localidade>Arapiraca</localidade>
    <uf>AL</uf>
    <estado>Alagoas</estado>
    <região/>
    <ibge>2700300</ibge>
    <gia/>
    <ddd>82</ddd>
    <siafi>2705</siafi>
  </cep>
  <cep>
    <cep>57303-806</cep>
    <logradouro>Rua João Cazuzinhas</logradouro>
    <complemento/>
    <unidade/>
    <bairro>Olho D'Água dos Cazuzinhas</bairro>
    <localidade>Arapiraca</localidade>
    <uf>AL</uf>
    <estado>Alagoas</estado>
    <região/>
    <ibge>2700300</ibge>
    <gia/>
    <ddd>82</ddd>
    <siafi>2705</siafi>
  </cep>
  <cep>
    <cep>57303-804</cep>
    <logradouro>Rua Professora Neuza Gomes da Silva</logradouro>
    <complemento/>
    <unidade/>
    <bairro>Olho D'Água dos Cazuzinhas</bairro>
    <localidade>Arapiraca</localidade>
    <uf>AL</uf>
    <estado>Alagoas</estado>
    <região/>
    <ibge>2700300</ibge>
    <gia/>
    <ddd>82</ddd>
    <siafi>2705</siafi>
  </cep>
  <cep>
    <cep>57303-805</cep>
    <logradouro>Rua Odilon Tenório Cavalcante</logradouro>
    <complemento>(Lot B do Lago)</complemento>
    <unidade/>
    <bairro>Olho D'Água dos Cazuzinhas</bairro>
    <localidade>Arapiraca</localidade>
    <uf>AL</uf>
    <estado>Alagoas</estado>
    <região/>
    <ibge>2700300</ibge>
    <gia/>
    <ddd>82</ddd>
    <siafi>2705</siafi>
  </cep>
  <cep>
    <cep>57303-807</cep>
    <logradouro>Rua Damiana Correia de Albuquerque</logradouro>
    <complemento/>
    <unidade/>
    <bairro>Olho D'Água dos Cazuzinhas</bairro>
    <localidade>Arapiraca</localidade>
    <uf>AL</uf>
    <estado>Alagoas</estado>
    <região/>
    <ibge>2700300</ibge>
    <gia/>
    <ddd>82</ddd>
    <siafi>2705</siafi>
  </cep>
  <cep>
    <cep>57303-808</cep>
    <logradouro>Rua Vera Lúcia dos Santos</logradouro>
    <complemento/>
    <unidade/>
    <bairro>Olho D'Água dos Cazuzinhas</bairro>
    <localidade>Arapiraca</localidade>
    <uf>AL</uf>
    <estado>Alagoas</estado>
    <região/>
    <ibge>2700300</ibge>
    <gia/>
    <ddd>82</ddd>
    <siafi>2705</siafi>
  </cep>
  <cep>
    <cep>57303-809</cep>
    <logradouro>Rua Maria dos Anjos de Oliveira</logradouro>
    <complemento/>
    <unidade/>
    <bairro>Olho D'Água dos Cazuzinhas</bairro>
    <localidade>Arapiraca</localidade>
    <uf>AL</uf>
    <estado>Alagoas</estado>
    <região/>
    <ibge>2700300</ibge>
    <gia/>
    <ddd>82</ddd>
    <siafi>2705</siafi>
  </cep>
  <cep>
    <cep>57303-810</cep>
    <logradouro>Rua Abílio Raimundo Alves</logradouro>
    <complemento/>
    <unidade/>
    <bairro>Olho D'Água dos Cazuzinhas</bairro>
    <localidade>Arapiraca</localidade>
    <uf>AL</uf>
    <estado>Alagoas</estado>
    <região/>
    <ibge>2700300</ibge>
    <gia/>
    <ddd>82</ddd>
    <siafi>2705</siafi>
  </cep>
  <cep>
    <cep>57303-811</cep>
    <logradouro>Rua José Raimundo Sobrinho</logradouro>
    <complemento/>
    <unidade/>
    <bairro>Olho D'Água dos Cazuzinhas</bairro>
    <localidade>Arapiraca</localidade>
    <uf>AL</uf>
    <estado>Alagoas</estado>
    <região/>
    <ibge>2700300</ibge>
    <gia/>
    <ddd>82</ddd>
    <siafi>2705</siafi>
  </cep>
  <cep>
    <cep>57303-812</cep>
    <logradouro>Rua Durval Euclides da Silva</logradouro>
    <complemento/>
    <unidade/>
    <bairro>Olho D'Água dos Cazuzinhas</bairro>
    <localidade>Arapiraca</localidade>
    <uf>AL</uf>
    <estado>Alagoas</estado>
    <região/>
    <ibge>2700300</ibge>
    <gia/>
    <ddd>82</ddd>
    <siafi>2705</siafi>
  </cep>
  <cep>
    <cep>57303-813</cep>
    <logradouro>Rua Zelina Roberto</logradouro>
    <complemento/>
    <unidade/>
    <bairro>Olho D'Água dos Cazuzinhas</bairro>
    <localidade>Arapiraca</localidade>
    <uf>AL</uf>
    <estado>Alagoas</estado>
    <região/>
    <ibge>2700300</ibge>
    <gia/>
    <ddd>82</ddd>
    <siafi>2705</siafi>
  </cep>
  <cep>
    <cep>57303-814</cep>
    <logradouro>Rua Judite Souza dos Santos</logradouro>
    <complemento/>
    <unidade/>
    <bairro>Olho D'Água dos Cazuzinhas</bairro>
    <localidade>Arapiraca</localidade>
    <uf>AL</uf>
    <estado>Alagoas</estado>
    <região/>
    <ibge>2700300</ibge>
    <gia/>
    <ddd>82</ddd>
    <siafi>2705</siafi>
  </cep>
  <cep>
    <cep>57044-088</cep>
    <logradouro>Avenida Josepha Hollanda de Mello</logradouro>
    <complemento/>
    <unidade/>
    <bairro>São Jorge</bairro>
    <localidade>Maceió</localidade>
    <uf>AL</uf>
    <estado>Alagoas</estado>
    <região/>
    <ibge>2704302</ibge>
    <gia/>
    <ddd>82</ddd>
    <siafi>2785</siafi>
  </cep>
  <cep>
    <cep>57044-090</cep>
    <logradouro>Rua Leão</logradouro>
    <complemento/>
    <unidade/>
    <bairro>São Jorge</bairro>
    <localidade>Maceió</localidade>
    <uf>AL</uf>
    <estado>Alagoas</estado>
    <região/>
    <ibge>2704302</ibge>
    <gia/>
    <ddd>82</ddd>
    <siafi>2785</siafi>
  </cep>
  <cep>
    <cep>57044-095</cep>
    <logradouro>Rua Bela Vista</logradouro>
    <complemento/>
    <unidade/>
    <bairro>São Jorge</bairro>
    <localidade>Maceió</localidade>
    <uf>AL</uf>
    <estado>Alagoas</estado>
    <região/>
    <ibge>2704302</ibge>
    <gia/>
    <ddd>82</ddd>
    <siafi>2785</siafi>
  </cep>
  <cep>
    <cep>57044-100</cep>
    <logradouro>Rua Álvaro Melo</logradouro>
    <complemento/>
    <unidade/>
    <bairro>São Jorge</bairro>
    <localidade>Maceió</localidade>
    <uf>AL</uf>
    <estado>Alagoas</estado>
    <região/>
    <ibge>2704302</ibge>
    <gia/>
    <ddd>82</ddd>
    <siafi>2785</siafi>
  </cep>
  <cep>
    <cep>57044-098</cep>
    <logradouro>Avenida José Aírton Gondim Lamenha</logradouro>
    <complemento/>
    <unidade/>
    <bairro>São Jorge</bairro>
    <localidade>Maceió</localidade>
    <uf>AL</uf>
    <estado>Alagoas</estado>
    <região/>
    <ibge>2704302</ibge>
    <gia/>
    <ddd>82</ddd>
    <siafi>2785</siafi>
  </cep>
  <cep>
    <cep>57044-103</cep>
    <logradouro>Rua Manoel Ferreira</logradouro>
    <complemento/>
    <unidade/>
    <bairro>São Jorge</bairro>
    <localidade>Maceió</localidade>
    <uf>AL</uf>
    <estado>Alagoas</estado>
    <região/>
    <ibge>2704302</ibge>
    <gia/>
    <ddd>82</ddd>
    <siafi>2785</siafi>
  </cep>
  <cep>
    <cep>57044-101</cep>
    <logradouro>Rua H</logradouro>
    <complemento>(Lot Prq Miramar)</complemento>
    <unidade/>
    <bairro>São Jorge</bairro>
    <localidade>Maceió</localidade>
    <uf>AL</uf>
    <estado>Alagoas</estado>
    <região/>
    <ibge>2704302</ibge>
    <gia/>
    <ddd>82</ddd>
    <siafi>2785</siafi>
  </cep>
  <cep>
    <cep>57044-106</cep>
    <logradouro>Rua E</logradouro>
    <complemento>(Lot Prq Miramar)</complemento>
    <unidade/>
    <bairro>São Jorge</bairro>
    <localidade>Maceió</localidade>
    <uf>AL</uf>
    <estado>Alagoas</estado>
    <região/>
    <ibge>2704302</ibge>
    <gia/>
    <ddd>82</ddd>
    <siafi>2785</siafi>
  </cep>
  <cep>
    <cep>57044-104</cep>
    <logradouro>Rua D</logradouro>
    <complemento>(Lot Prq Miramar)</complemento>
    <unidade/>
    <bairro>São Jorge</bairro>
    <localidade>Maceió</localidade>
    <uf>AL</uf>
    <estado>Alagoas</estado>
    <região/>
    <ibge>2704302</ibge>
    <gia/>
    <ddd>82</ddd>
    <siafi>2785</siafi>
  </cep>
  <cep>
    <cep>57044-109</cep>
    <logradouro>Rua Ferroviário Geraldo Teles de Moura</logradouro>
    <complemento/>
    <unidade/>
    <bairro>São Jorge</bairro>
    <localidade>Maceió</localidade>
    <uf>AL</uf>
    <estado>Alagoas</estado>
    <região/>
    <ibge>2704302</ibge>
    <gia/>
    <ddd>82</ddd>
    <siafi>2785</siafi>
  </cep>
  <cep>
    <cep>57044-110</cep>
    <logradouro>Rua Laura Maciel Sampaio Dantas</logradouro>
    <complemento>(Lot Prq Miramar)</complemento>
    <unidade/>
    <bairro>São Jorge</bairro>
    <localidade>Maceió</localidade>
    <uf>AL</uf>
    <estado>Alagoas</estado>
    <região/>
    <ibge>2704302</ibge>
    <gia/>
    <ddd>82</ddd>
    <siafi>2785</siafi>
  </cep>
  <cep>
    <cep>57044-102</cep>
    <logradouro>Rua A</logradouro>
    <complemento>(Lot Prq Miramar)</complemento>
    <unidade/>
    <bairro>São Jorge</bairro>
    <localidade>Maceió</localidade>
    <uf>AL</uf>
    <estado>Alagoas</estado>
    <região/>
    <ibge>2704302</ibge>
    <gia/>
    <ddd>82</ddd>
    <siafi>2785</siafi>
  </cep>
  <cep>
    <cep>57044-112</cep>
    <logradouro>Rua I</logradouro>
    <complemento>(Lot Prq Miramar)</complemento>
    <unidade/>
    <bairro>São Jorge</bairro>
    <localidade>Maceió</localidade>
    <uf>AL</uf>
    <estado>Alagoas</estado>
    <região/>
    <ibge>2704302</ibge>
    <gia/>
    <ddd>82</ddd>
    <siafi>2785</siafi>
  </cep>
  <cep>
    <cep>57044-114</cep>
    <logradouro>Rua M</logradouro>
    <complemento>(Lot Prq Miramar)</complemento>
    <unidade/>
    <bairro>São Jorge</bairro>
    <localidade>Maceió</localidade>
    <uf>AL</uf>
    <estado>Alagoas</estado>
    <região/>
    <ibge>2704302</ibge>
    <gia/>
    <ddd>82</ddd>
    <siafi>2785</siafi>
  </cep>
  <cep>
    <cep>57044-116</cep>
    <logradouro>Rua N</logradouro>
    <complemento>(Lot Prq Miramar)</complemento>
    <unidade/>
    <bairro>São Jorge</bairro>
    <localidade>Maceió</localidade>
    <uf>AL</uf>
    <estado>Alagoas</estado>
    <região/>
    <ibge>2704302</ibge>
    <gia/>
    <ddd>82</ddd>
    <siafi>2785</siafi>
  </cep>
  <cep>
    <cep>57044-120</cep>
    <logradouro>Rua Pedro Gomide Filho</logradouro>
    <complemento/>
    <unidade/>
    <bairro>São Jorge</bairro>
    <localidade>Maceió</localidade>
    <uf>AL</uf>
    <estado>Alagoas</estado>
    <região/>
    <ibge>2704302</ibge>
    <gia/>
    <ddd>82</ddd>
    <siafi>2785</siafi>
  </cep>
  <cep>
    <cep>57044-121</cep>
    <logradouro>Travessa Pedro Gomide Filho</logradouro>
    <complemento/>
    <unidade/>
    <bairro>São Jorge</bairro>
    <localidade>Maceió</localidade>
    <uf>AL</uf>
    <estado>Alagoas</estado>
    <região/>
    <ibge>2704302</ibge>
    <gia/>
    <ddd>82</ddd>
    <siafi>2785</siafi>
  </cep>
  <cep>
    <cep>57044-118</cep>
    <logradouro>Rua O</logradouro>
    <complemento>(Lot Prq Miramar)</complemento>
    <unidade/>
    <bairro>São Jorge</bairro>
    <localidade>Maceió</localidade>
    <uf>AL</uf>
    <estado>Alagoas</estado>
    <região/>
    <ibge>2704302</ibge>
    <gia/>
    <ddd>82</ddd>
    <siafi>2785</siafi>
  </cep>
  <cep>
    <cep>57044-131</cep>
    <logradouro>Rua José Fragoso de Omena</logradouro>
    <complemento/>
    <unidade/>
    <bairro>São Jorge</bairro>
    <localidade>Maceió</localidade>
    <uf>AL</uf>
    <estado>Alagoas</estado>
    <região/>
    <ibge>2704302</ibge>
    <gia/>
    <ddd>82</ddd>
    <siafi>2785</siafi>
  </cep>
  <cep>
    <cep>57044-134</cep>
    <logradouro>1ª Travessa Coronel Presciliano Sarmento</logradouro>
    <complemento/>
    <unidade/>
    <bairro>São Jorge</bairro>
    <localidade>Maceió</localidade>
    <uf>AL</uf>
    <estado>Alagoas</estado>
    <região/>
    <ibge>2704302</ibge>
    <gia/>
    <ddd>82</ddd>
    <siafi>2785</siafi>
  </cep>
  <cep>
    <cep>57044-130</cep>
    <logradouro>Rua Coronel Presciliano Sarmento</logradouro>
    <complemento/>
    <unidade/>
    <bairro>São Jorge</bairro>
    <localidade>Maceió</localidade>
    <uf>AL</uf>
    <estado>Alagoas</estado>
    <região/>
    <ibge>2704302</ibge>
    <gia/>
    <ddd>82</ddd>
    <siafi>2785</siafi>
  </cep>
  <cep>
    <cep>57044-132</cep>
    <logradouro>Rua Ana Paula</logradouro>
    <complemento/>
    <unidade/>
    <bairro>São Jorge</bairro>
    <localidade>Maceió</localidade>
    <uf>AL</uf>
    <estado>Alagoas</estado>
    <região/>
    <ibge>2704302</ibge>
    <gia/>
    <ddd>82</ddd>
    <siafi>2785</siafi>
  </cep>
  <cep>
    <cep>57044-137</cep>
    <logradouro>Rua Edgar Sarmento</logradouro>
    <complemento/>
    <unidade/>
    <bairro>São Jorge</bairro>
    <localidade>Maceió</localidade>
    <uf>AL</uf>
    <estado>Alagoas</estado>
    <região/>
    <ibge>2704302</ibge>
    <gia/>
    <ddd>82</ddd>
    <siafi>2785</siafi>
  </cep>
  <cep>
    <cep>57044-136</cep>
    <logradouro>2ª Travessa Coronel Presciliano Sarmento</logradouro>
    <complemento/>
    <unidade/>
    <bairro>São Jorge</bairro>
    <localidade>Maceió</localidade>
    <uf>AL</uf>
    <estado>Alagoas</estado>
    <região/>
    <ibge>2704302</ibge>
    <gia/>
    <ddd>82</ddd>
    <siafi>2785</siafi>
  </cep>
  <cep>
    <cep>57044-138</cep>
    <logradouro>3ª Travessa Coronel Presciliano Sarmento</logradouro>
    <complemento/>
    <unidade/>
    <bairro>São Jorge</bairro>
    <localidade>Maceió</localidade>
    <uf>AL</uf>
    <estado>Alagoas</estado>
    <região/>
    <ibge>2704302</ibge>
    <gia/>
    <ddd>82</ddd>
    <siafi>2785</siafi>
  </cep>
  <cep>
    <cep>57044-140</cep>
    <logradouro>Rua Girassol</logradouro>
    <complemento/>
    <unidade/>
    <bairro>São Jorge</bairro>
    <localidade>Maceió</localidade>
    <uf>AL</uf>
    <estado>Alagoas</estado>
    <região/>
    <ibge>2704302</ibge>
    <gia/>
    <ddd>82</ddd>
    <siafi>2785</siafi>
  </cep>
  <cep>
    <cep>57044-142</cep>
    <logradouro>Rua Mandacaru</logradouro>
    <complemento/>
    <unidade/>
    <bairro>São Jorge</bairro>
    <localidade>Maceió</localidade>
    <uf>AL</uf>
    <estado>Alagoas</estado>
    <região/>
    <ibge>2704302</ibge>
    <gia/>
    <ddd>82</ddd>
    <siafi>2785</siafi>
  </cep>
  <cep>
    <cep>57044-146</cep>
    <logradouro>Rua Monsenhor</logradouro>
    <complemento/>
    <unidade/>
    <bairro>São Jorge</bairro>
    <localidade>Maceió</localidade>
    <uf>AL</uf>
    <estado>Alagoas</estado>
    <região/>
    <ibge>2704302</ibge>
    <gia/>
    <ddd>82</ddd>
    <siafi>2785</siafi>
  </cep>
  <cep>
    <cep>57044-170</cep>
    <logradouro>Rua Santa Maria Madalena</logradouro>
    <complemento/>
    <unidade/>
    <bairro>São Jorge</bairro>
    <localidade>Maceió</localidade>
    <uf>AL</uf>
    <estado>Alagoas</estado>
    <região/>
    <ibge>2704302</ibge>
    <gia/>
    <ddd>82</ddd>
    <siafi>2785</siafi>
  </cep>
  <cep>
    <cep>57044-158</cep>
    <logradouro>Rua Cristal</logradouro>
    <complemento/>
    <unidade/>
    <bairro>São Jorge</bairro>
    <localidade>Maceió</localidade>
    <uf>AL</uf>
    <estado>Alagoas</estado>
    <região/>
    <ibge>2704302</ibge>
    <gia/>
    <ddd>82</ddd>
    <siafi>2785</siafi>
  </cep>
  <cep>
    <cep>57044-148</cep>
    <logradouro>Rua Chuva de Prata</logradouro>
    <complemento/>
    <unidade/>
    <bairro>São Jorge</bairro>
    <localidade>Maceió</localidade>
    <uf>AL</uf>
    <estado>Alagoas</estado>
    <região/>
    <ibge>2704302</ibge>
    <gia/>
    <ddd>82</ddd>
    <siafi>2785</siafi>
  </cep>
  <cep>
    <cep>57044-162</cep>
    <logradouro>Rua Bandeirantes</logradouro>
    <complemento/>
    <unidade/>
    <bairro>São Jorge</bairro>
    <localidade>Maceió</localidade>
    <uf>AL</uf>
    <estado>Alagoas</estado>
    <região/>
    <ibge>2704302</ibge>
    <gia/>
    <ddd>82</ddd>
    <siafi>2785</siafi>
  </cep>
  <cep>
    <cep>57044-176</cep>
    <logradouro>3ª Travessa Santa Maria Madalena</logradouro>
    <complemento/>
    <unidade/>
    <bairro>São Jorge</bairro>
    <localidade>Maceió</localidade>
    <uf>AL</uf>
    <estado>Alagoas</estado>
    <região/>
    <ibge>2704302</ibge>
    <gia/>
    <ddd>82</ddd>
    <siafi>2785</siafi>
  </cep>
  <cep>
    <cep>57044-174</cep>
    <logradouro>2ª Travessa Santa Maria Madalena</logradouro>
    <complemento/>
    <unidade/>
    <bairro>São Jorge</bairro>
    <localidade>Maceió</localidade>
    <uf>AL</uf>
    <estado>Alagoas</estado>
    <região/>
    <ibge>2704302</ibge>
    <gia/>
    <ddd>82</ddd>
    <siafi>2785</siafi>
  </cep>
  <cep>
    <cep>57044-222</cep>
    <logradouro>Rua Deputada Selma Bandeira</logradouro>
    <complemento/>
    <unidade/>
    <bairro>São Jorge</bairro>
    <localidade>Maceió</localidade>
    <uf>AL</uf>
    <estado>Alagoas</estado>
    <região/>
    <ibge>2704302</ibge>
    <gia/>
    <ddd>82</ddd>
    <siafi>2785</siafi>
  </cep>
  <cep>
    <cep>57044-195</cep>
    <logradouro>Travessa Santo Antônio</logradouro>
    <complemento/>
    <unidade/>
    <bairro>São Jorge</bairro>
    <localidade>Maceió</localidade>
    <uf>AL</uf>
    <estado>Alagoas</estado>
    <região/>
    <ibge>2704302</ibge>
    <gia/>
    <ddd>82</ddd>
    <siafi>2785</siafi>
  </cep>
  <cep>
    <cep>57044-154</cep>
    <logradouro>Rua Coral</logradouro>
    <complemento/>
    <unidade/>
    <bairro>São Jorge</bairro>
    <localidade>Maceió</localidade>
    <uf>AL</uf>
    <estado>Alagoas</estado>
    <região/>
    <ibge>2704302</ibge>
    <gia/>
    <ddd>82</ddd>
    <siafi>2785</siafi>
  </cep>
  <cep>
    <cep>57044-160</cep>
    <logradouro>Rua Violeta</logradouro>
    <complemento/>
    <unidade/>
    <bairro>São Jorge</bairro>
    <localidade>Maceió</localidade>
    <uf>AL</uf>
    <estado>Alagoas</estado>
    <região/>
    <ibge>2704302</ibge>
    <gia/>
    <ddd>82</ddd>
    <siafi>2785</siafi>
  </cep>
  <cep>
    <cep>57044-150</cep>
    <logradouro>Rua Azaléia</logradouro>
    <complemento/>
    <unidade/>
    <bairro>São Jorge</bairro>
    <localidade>Maceió</localidade>
    <uf>AL</uf>
    <estado>Alagoas</estado>
    <região/>
    <ibge>2704302</ibge>
    <gia/>
    <ddd>82</ddd>
    <siafi>2785</siafi>
  </cep>
  <cep>
    <cep>57044-190</cep>
    <logradouro>Rua Santo Antonio</logradouro>
    <complemento/>
    <unidade/>
    <bairro>São Jorge</bairro>
    <localidade>Maceió</localidade>
    <uf>AL</uf>
    <estado>Alagoas</estado>
    <região/>
    <ibge>2704302</ibge>
    <gia/>
    <ddd>82</ddd>
    <siafi>2785</siafi>
  </cep>
  <cep>
    <cep>57044-172</cep>
    <logradouro>1ª Travessa Santa Maria Madalena</logradouro>
    <complemento/>
    <unidade/>
    <bairro>São Jorge</bairro>
    <localidade>Maceió</localidade>
    <uf>AL</uf>
    <estado>Alagoas</estado>
    <região/>
    <ibge>2704302</ibge>
    <gia/>
    <ddd>82</ddd>
    <siafi>2785</siafi>
  </cep>
  <cep>
    <cep>57044-156</cep>
    <logradouro>Rua Panamá</logradouro>
    <complemento/>
    <unidade/>
    <bairro>São Jorge</bairro>
    <localidade>Maceió</localidade>
    <uf>AL</uf>
    <estado>Alagoas</estado>
    <região/>
    <ibge>2704302</ibge>
    <gia/>
    <ddd>82</ddd>
    <siafi>2785</siafi>
  </cep>
  <cep>
    <cep>57044-225</cep>
    <logradouro>Travessa Princesa Daiana</logradouro>
    <complemento/>
    <unidade/>
    <bairro>São Jorge</bairro>
    <localidade>Maceió</localidade>
    <uf>AL</uf>
    <estado>Alagoas</estado>
    <região/>
    <ibge>2704302</ibge>
    <gia/>
    <ddd>82</ddd>
    <siafi>2785</siafi>
  </cep>
  <cep>
    <cep>57044-224</cep>
    <logradouro>Rua Princesa Daiana</logradouro>
    <complemento/>
    <unidade/>
    <bairro>São Jorge</bairro>
    <localidade>Maceió</localidade>
    <uf>AL</uf>
    <estado>Alagoas</estado>
    <região/>
    <ibge>2704302</ibge>
    <gia/>
    <ddd>82</ddd>
    <siafi>2785</siafi>
  </cep>
  <cep>
    <cep>57044-226</cep>
    <logradouro>Rua Princesa Isabel</logradouro>
    <complemento/>
    <unidade/>
    <bairro>São Jorge</bairro>
    <localidade>Maceió</localidade>
    <uf>AL</uf>
    <estado>Alagoas</estado>
    <região/>
    <ibge>2704302</ibge>
    <gia/>
    <ddd>82</ddd>
    <siafi>2785</siafi>
  </cep>
  <cep>
    <cep>57044-230</cep>
    <logradouro>Rua Agenor Fernandes de Oliveira</logradouro>
    <complemento/>
    <unidade/>
    <bairro>São Jorge</bairro>
    <localidade>Maceió</localidade>
    <uf>AL</uf>
    <estado>Alagoas</estado>
    <região/>
    <ibge>2704302</ibge>
    <gia/>
    <ddd>82</ddd>
    <siafi>2785</siafi>
  </cep>
  <cep>
    <cep>57044-228</cep>
    <logradouro>Rua Principe Charles</logradouro>
    <complemento/>
    <unidade/>
    <bairro>São Jorge</bairro>
    <localidade>Maceió</localidade>
    <uf>AL</uf>
    <estado>Alagoas</estado>
    <região/>
    <ibge>2704302</ibge>
    <gia/>
    <ddd>82</ddd>
    <siafi>2785</siafi>
  </cep>
  <cep>
    <cep>57044-232</cep>
    <logradouro>Travessa do Dema</logradouro>
    <complemento/>
    <unidade/>
    <bairro>São Jorge</bairro>
    <localidade>Maceió</localidade>
    <uf>AL</uf>
    <estado>Alagoas</estado>
    <região/>
    <ibge>2704302</ibge>
    <gia/>
    <ddd>82</ddd>
    <siafi>2785</siafi>
  </cep>
  <cep>
    <cep>57044-240</cep>
    <logradouro>Rua Djalma de Oliveira</logradouro>
    <complemento/>
    <unidade/>
    <bairro>São Jorge</bairro>
    <localidade>Maceió</localidade>
    <uf>AL</uf>
    <estado>Alagoas</estado>
    <região/>
    <ibge>2704302</ibge>
    <gia/>
    <ddd>82</ddd>
    <siafi>2785</siafi>
  </cep>
  <cep>
    <cep>57044-305</cep>
    <logradouro>Travessa São Pedro</logradouro>
    <complemento/>
    <unidade/>
    <bairro>São Jorge</bairro>
    <localidade>Maceió</localidade>
    <uf>AL</uf>
    <estado>Alagoas</estado>
    <região/>
    <ibge>2704302</ibge>
    <gia/>
    <ddd>82</ddd>
    <siafi>2785</siafi>
  </cep>
  <cep>
    <cep>57044-538</cep>
    <logradouro>Rua Betel</logradouro>
    <complemento/>
    <unidade/>
    <bairro>São Jorge</bairro>
    <localidade>Maceió</localidade>
    <uf>AL</uf>
    <estado>Alagoas</estado>
    <região/>
    <ibge>2704302</ibge>
    <gia/>
    <ddd>82</ddd>
    <siafi>2785</siafi>
  </cep>
  <cep>
    <cep>57044-540</cep>
    <logradouro>Rua Galba Pimentel de Mendonça</logradouro>
    <complemento/>
    <unidade/>
    <bairro>São Jorge</bairro>
    <localidade>Maceió</localidade>
    <uf>AL</uf>
    <estado>Alagoas</estado>
    <região/>
    <ibge>2704302</ibge>
    <gia/>
    <ddd>82</ddd>
    <siafi>2785</siafi>
  </cep>
  <cep>
    <cep>57045-000</cep>
    <logradouro>Avenida Muniz Falcão</logradouro>
    <complemento/>
    <unidade/>
    <bairro>Barro Duro</bairro>
    <localidade>Maceió</localidade>
    <uf>AL</uf>
    <estado>Alagoas</estado>
    <região/>
    <ibge>2704302</ibge>
    <gia/>
    <ddd>82</ddd>
    <siafi>2785</siafi>
  </cep>
  <cep>
    <cep>57045-001</cep>
    <logradouro>Avenida Presidente Roosevelt</logradouro>
    <complemento/>
    <unidade/>
    <bairro>Barro Duro</bairro>
    <localidade>Maceió</localidade>
    <uf>AL</uf>
    <estado>Alagoas</estado>
    <região/>
    <ibge>2704302</ibge>
    <gia/>
    <ddd>82</ddd>
    <siafi>2785</siafi>
  </cep>
  <cep>
    <cep>57045-005</cep>
    <logradouro>Travessa Muniz Falcão</logradouro>
    <complemento/>
    <unidade/>
    <bairro>Barro Duro</bairro>
    <localidade>Maceió</localidade>
    <uf>AL</uf>
    <estado>Alagoas</estado>
    <região/>
    <ibge>2704302</ibge>
    <gia/>
    <ddd>82</ddd>
    <siafi>2785</siafi>
  </cep>
  <cep>
    <cep>57045-010</cep>
    <logradouro>Condomínio Parque dos Cantores</logradouro>
    <complemento/>
    <unidade/>
    <bairro>Barro Duro</bairro>
    <localidade>Maceió</localidade>
    <uf>AL</uf>
    <estado>Alagoas</estado>
    <região/>
    <ibge>2704302</ibge>
    <gia/>
    <ddd>82</ddd>
    <siafi>2785</siafi>
  </cep>
  <cep>
    <cep>57045-045</cep>
    <logradouro>Rua Doutor George Arroxelas</logradouro>
    <complemento/>
    <unidade/>
    <bairro>Barro Duro</bairro>
    <localidade>Maceió</localidade>
    <uf>AL</uf>
    <estado>Alagoas</estado>
    <região/>
    <ibge>2704302</ibge>
    <gia/>
    <ddd>82</ddd>
    <siafi>2785</siafi>
  </cep>
  <cep>
    <cep>57045-055</cep>
    <logradouro>Rua Empresário Jorge Montenegro Barros</logradouro>
    <complemento/>
    <unidade/>
    <bairro>Barro Duro</bairro>
    <localidade>Maceió</localidade>
    <uf>AL</uf>
    <estado>Alagoas</estado>
    <região/>
    <ibge>2704302</ibge>
    <gia/>
    <ddd>82</ddd>
    <siafi>2785</siafi>
  </cep>
  <cep>
    <cep>57045-050</cep>
    <logradouro>Rua Kleber Marques</logradouro>
    <complemento/>
    <unidade/>
    <bairro>Barro Duro</bairro>
    <localidade>Maceió</localidade>
    <uf>AL</uf>
    <estado>Alagoas</estado>
    <região/>
    <ibge>2704302</ibge>
    <gia/>
    <ddd>82</ddd>
    <siafi>2785</siafi>
  </cep>
  <cep>
    <cep>57045-065</cep>
    <logradouro>Rua Fernando Mendes Pinto</logradouro>
    <complemento/>
    <unidade/>
    <bairro>Barro Duro</bairro>
    <localidade>Maceió</localidade>
    <uf>AL</uf>
    <estado>Alagoas</estado>
    <região/>
    <ibge>2704302</ibge>
    <gia/>
    <ddd>82</ddd>
    <siafi>2785</siafi>
  </cep>
  <cep>
    <cep>57045-073</cep>
    <logradouro>3ª Rua Grota do Aterro</logradouro>
    <complemento/>
    <unidade/>
    <bairro>Barro Duro</bairro>
    <localidade>Maceió</localidade>
    <uf>AL</uf>
    <estado>Alagoas</estado>
    <região/>
    <ibge>2704302</ibge>
    <gia/>
    <ddd>82</ddd>
    <siafi>2785</siafi>
  </cep>
  <cep>
    <cep>57045-071</cep>
    <logradouro>1ª Rua Grota do Aterro</logradouro>
    <complemento/>
    <unidade/>
    <bairro>Barro Duro</bairro>
    <localidade>Maceió</localidade>
    <uf>AL</uf>
    <estado>Alagoas</estado>
    <região/>
    <ibge>2704302</ibge>
    <gia/>
    <ddd>82</ddd>
    <siafi>2785</siafi>
  </cep>
  <cep>
    <cep>57045-072</cep>
    <logradouro>2ª Rua Grota do Aterro</logradouro>
    <complemento/>
    <unidade/>
    <bairro>Barro Duro</bairro>
    <localidade>Maceió</localidade>
    <uf>AL</uf>
    <estado>Alagoas</estado>
    <região/>
    <ibge>2704302</ibge>
    <gia/>
    <ddd>82</ddd>
    <siafi>2785</siafi>
  </cep>
  <cep>
    <cep>57303-400</cep>
    <logradouro>Avenida Antônio Barbosa</logradouro>
    <complemento/>
    <unidade/>
    <bairro>Guaribas</bairro>
    <localidade>Arapiraca</localidade>
    <uf>AL</uf>
    <estado>Alagoas</estado>
    <região/>
    <ibge>2700300</ibge>
    <gia/>
    <ddd>82</ddd>
    <siafi>2705</siafi>
  </cep>
  <cep>
    <cep>57045-016</cep>
    <logradouro>Rua Acadêmico Max de Andrade Lyra</logradouro>
    <complemento/>
    <unidade/>
    <bairro>Barro Duro</bairro>
    <localidade>Maceió</localidade>
    <uf>AL</uf>
    <estado>Alagoas</estado>
    <região/>
    <ibge>2704302</ibge>
    <gia/>
    <ddd>82</ddd>
    <siafi>2785</siafi>
  </cep>
  <cep>
    <cep>57045-074</cep>
    <logradouro>4ª Rua Grota do Aterro</logradouro>
    <complemento/>
    <unidade/>
    <bairro>Barro Duro</bairro>
    <localidade>Maceió</localidade>
    <uf>AL</uf>
    <estado>Alagoas</estado>
    <região/>
    <ibge>2704302</ibge>
    <gia/>
    <ddd>82</ddd>
    <siafi>2785</siafi>
  </cep>
  <cep>
    <cep>57045-046</cep>
    <logradouro>Rua Arthur Casado</logradouro>
    <complemento/>
    <unidade/>
    <bairro>Barro Duro</bairro>
    <localidade>Maceió</localidade>
    <uf>AL</uf>
    <estado>Alagoas</estado>
    <região/>
    <ibge>2704302</ibge>
    <gia/>
    <ddd>82</ddd>
    <siafi>2785</siafi>
  </cep>
  <cep>
    <cep>57045-083</cep>
    <logradouro>Rua Antonieta Pita</logradouro>
    <complemento/>
    <unidade/>
    <bairro>Barro Duro</bairro>
    <localidade>Maceió</localidade>
    <uf>AL</uf>
    <estado>Alagoas</estado>
    <região/>
    <ibge>2704302</ibge>
    <gia/>
    <ddd>82</ddd>
    <siafi>2785</siafi>
  </cep>
  <cep>
    <cep>57045-082</cep>
    <logradouro>Rua Carlos Jorge Calheiros</logradouro>
    <complemento/>
    <unidade/>
    <bairro>Barro Duro</bairro>
    <localidade>Maceió</localidade>
    <uf>AL</uf>
    <estado>Alagoas</estado>
    <região/>
    <ibge>2704302</ibge>
    <gia/>
    <ddd>82</ddd>
    <siafi>2785</siafi>
  </cep>
  <cep>
    <cep>57045-084</cep>
    <logradouro>Rua Doutor José Gerbase</logradouro>
    <complemento/>
    <unidade/>
    <bairro>Barro Duro</bairro>
    <localidade>Maceió</localidade>
    <uf>AL</uf>
    <estado>Alagoas</estado>
    <região/>
    <ibge>2704302</ibge>
    <gia/>
    <ddd>82</ddd>
    <siafi>2785</siafi>
  </cep>
  <cep>
    <cep>57045-068</cep>
    <logradouro>Rua Professor Julião Marques</logradouro>
    <complemento/>
    <unidade/>
    <bairro>Barro Duro</bairro>
    <localidade>Maceió</localidade>
    <uf>AL</uf>
    <estado>Alagoas</estado>
    <região/>
    <ibge>2704302</ibge>
    <gia/>
    <ddd>82</ddd>
    <siafi>2785</siafi>
  </cep>
  <cep>
    <cep>57045-080</cep>
    <logradouro>Rua da Amizade</logradouro>
    <complemento/>
    <unidade/>
    <bairro>Barro Duro</bairro>
    <localidade>Maceió</localidade>
    <uf>AL</uf>
    <estado>Alagoas</estado>
    <região/>
    <ibge>2704302</ibge>
    <gia/>
    <ddd>82</ddd>
    <siafi>2785</siafi>
  </cep>
  <cep>
    <cep>57045-020</cep>
    <logradouro>Rua Atalaia</logradouro>
    <complemento/>
    <unidade/>
    <bairro>Barro Duro</bairro>
    <localidade>Maceió</localidade>
    <uf>AL</uf>
    <estado>Alagoas</estado>
    <região/>
    <ibge>2704302</ibge>
    <gia/>
    <ddd>82</ddd>
    <siafi>2785</siafi>
  </cep>
  <cep>
    <cep>57045-075</cep>
    <logradouro>Rua Francisco Tibúrcio da Silva Rizzo</logradouro>
    <complemento/>
    <unidade/>
    <bairro>Barro Duro</bairro>
    <localidade>Maceió</localidade>
    <uf>AL</uf>
    <estado>Alagoas</estado>
    <região/>
    <ibge>2704302</ibge>
    <gia/>
    <ddd>82</ddd>
    <siafi>2785</siafi>
  </cep>
  <cep>
    <cep>57045-081</cep>
    <logradouro>Rua São José</logradouro>
    <complemento>(Fórum Estadual)</complemento>
    <unidade/>
    <bairro>Barro Duro</bairro>
    <localidade>Maceió</localidade>
    <uf>AL</uf>
    <estado>Alagoas</estado>
    <região/>
    <ibge>2704302</ibge>
    <gia/>
    <ddd>82</ddd>
    <siafi>2785</siafi>
  </cep>
  <cep>
    <cep>57045-070</cep>
    <logradouro>Rua Governador Lamenha Filho</logradouro>
    <complemento/>
    <unidade/>
    <bairro>Barro Duro</bairro>
    <localidade>Maceió</localidade>
    <uf>AL</uf>
    <estado>Alagoas</estado>
    <região/>
    <ibge>2704302</ibge>
    <gia/>
    <ddd>82</ddd>
    <siafi>2785</siafi>
  </cep>
  <cep>
    <cep>57045-061</cep>
    <logradouro>Avenida Coronel Salustiano Sarmento</logradouro>
    <complemento/>
    <unidade/>
    <bairro>Barro Duro</bairro>
    <localidade>Maceió</localidade>
    <uf>AL</uf>
    <estado>Alagoas</estado>
    <região/>
    <ibge>2704302</ibge>
    <gia/>
    <ddd>82</ddd>
    <siafi>2785</siafi>
  </cep>
  <cep>
    <cep>57045-079</cep>
    <logradouro>Rua Manguaba</logradouro>
    <complemento/>
    <unidade/>
    <bairro>Barro Duro</bairro>
    <localidade>Maceió</localidade>
    <uf>AL</uf>
    <estado>Alagoas</estado>
    <região/>
    <ibge>2704302</ibge>
    <gia/>
    <ddd>82</ddd>
    <siafi>2785</siafi>
  </cep>
  <cep>
    <cep>57045-085</cep>
    <logradouro>Rua João Rodrigues Sampaio</logradouro>
    <complemento/>
    <unidade/>
    <bairro>Barro Duro</bairro>
    <localidade>Maceió</localidade>
    <uf>AL</uf>
    <estado>Alagoas</estado>
    <região/>
    <ibge>2704302</ibge>
    <gia/>
    <ddd>82</ddd>
    <siafi>2785</siafi>
  </cep>
  <cep>
    <cep>57045-115</cep>
    <logradouro>Rua Suzi Nogueira</logradouro>
    <complemento/>
    <unidade/>
    <bairro>Barro Duro</bairro>
    <localidade>Maceió</localidade>
    <uf>AL</uf>
    <estado>Alagoas</estado>
    <região/>
    <ibge>2704302</ibge>
    <gia/>
    <ddd>82</ddd>
    <siafi>2785</siafi>
  </cep>
  <cep>
    <cep>57045-114</cep>
    <logradouro>Rua Radialista Osmar Leite</logradouro>
    <complemento/>
    <unidade/>
    <bairro>Barro Duro</bairro>
    <localidade>Maceió</localidade>
    <uf>AL</uf>
    <estado>Alagoas</estado>
    <região/>
    <ibge>2704302</ibge>
    <gia/>
    <ddd>82</ddd>
    <siafi>2785</siafi>
  </cep>
  <cep>
    <cep>57045-170</cep>
    <logradouro>Rua Remy Maia</logradouro>
    <complemento/>
    <unidade/>
    <bairro>Barro Duro</bairro>
    <localidade>Maceió</localidade>
    <uf>AL</uf>
    <estado>Alagoas</estado>
    <região/>
    <ibge>2704302</ibge>
    <gia/>
    <ddd>82</ddd>
    <siafi>2785</siafi>
  </cep>
  <cep>
    <cep>57045-140</cep>
    <logradouro>Rua Presidente Getúlio Vargas</logradouro>
    <complemento/>
    <unidade/>
    <bairro>Barro Duro</bairro>
    <localidade>Maceió</localidade>
    <uf>AL</uf>
    <estado>Alagoas</estado>
    <região/>
    <ibge>2704302</ibge>
    <gia/>
    <ddd>82</ddd>
    <siafi>2785</siafi>
  </cep>
  <cep>
    <cep>57045-105</cep>
    <logradouro>Rua Pedro Camelo de Freitas</logradouro>
    <complemento/>
    <unidade/>
    <bairro>Barro Duro</bairro>
    <localidade>Maceió</localidade>
    <uf>AL</uf>
    <estado>Alagoas</estado>
    <região/>
    <ibge>2704302</ibge>
    <gia/>
    <ddd>82</ddd>
    <siafi>2785</siafi>
  </cep>
  <cep>
    <cep>57045-112</cep>
    <logradouro>Rua Hélio Gomes Peixoto</logradouro>
    <complemento/>
    <unidade/>
    <bairro>Barro Duro</bairro>
    <localidade>Maceió</localidade>
    <uf>AL</uf>
    <estado>Alagoas</estado>
    <região/>
    <ibge>2704302</ibge>
    <gia/>
    <ddd>82</ddd>
    <siafi>2785</siafi>
  </cep>
  <cep>
    <cep>57045-215</cep>
    <logradouro>Travessa Santo Antônio</logradouro>
    <complemento/>
    <unidade/>
    <bairro>Barro Duro</bairro>
    <localidade>Maceió</localidade>
    <uf>AL</uf>
    <estado>Alagoas</estado>
    <região/>
    <ibge>2704302</ibge>
    <gia/>
    <ddd>82</ddd>
    <siafi>2785</siafi>
  </cep>
  <cep>
    <cep>57045-230</cep>
    <logradouro>Rua Alba Mendes Falcão</logradouro>
    <complemento/>
    <unidade/>
    <bairro>Barro Duro</bairro>
    <localidade>Maceió</localidade>
    <uf>AL</uf>
    <estado>Alagoas</estado>
    <região/>
    <ibge>2704302</ibge>
    <gia/>
    <ddd>82</ddd>
    <siafi>2785</siafi>
  </cep>
  <cep>
    <cep>57045-235</cep>
    <logradouro>Travessa Alba Mendes Falcão</logradouro>
    <complemento/>
    <unidade/>
    <bairro>Barro Duro</bairro>
    <localidade>Maceió</localidade>
    <uf>AL</uf>
    <estado>Alagoas</estado>
    <região/>
    <ibge>2704302</ibge>
    <gia/>
    <ddd>82</ddd>
    <siafi>2785</siafi>
  </cep>
  <cep>
    <cep>57045-212</cep>
    <logradouro>Rua Venerável José Ferreira de Macêdo</logradouro>
    <complemento/>
    <unidade/>
    <bairro>Barro Duro</bairro>
    <localidade>Maceió</localidade>
    <uf>AL</uf>
    <estado>Alagoas</estado>
    <região/>
    <ibge>2704302</ibge>
    <gia/>
    <ddd>82</ddd>
    <siafi>2785</siafi>
  </cep>
  <cep>
    <cep>57045-245</cep>
    <logradouro>1ª Travessa Boa Esperança</logradouro>
    <complemento/>
    <unidade/>
    <bairro>Barro Duro</bairro>
    <localidade>Maceió</localidade>
    <uf>AL</uf>
    <estado>Alagoas</estado>
    <região/>
    <ibge>2704302</ibge>
    <gia/>
    <ddd>82</ddd>
    <siafi>2785</siafi>
  </cep>
  <cep>
    <cep>57045-243</cep>
    <logradouro>3ª Travessa Boa Esperança</logradouro>
    <complemento/>
    <unidade/>
    <bairro>Barro Duro</bairro>
    <localidade>Maceió</localidade>
    <uf>AL</uf>
    <estado>Alagoas</estado>
    <região/>
    <ibge>2704302</ibge>
    <gia/>
    <ddd>82</ddd>
    <siafi>2785</siafi>
  </cep>
  <cep>
    <cep>57045-210</cep>
    <logradouro>Rua São José</logradouro>
    <complemento/>
    <unidade/>
    <bairro>Barro Duro</bairro>
    <localidade>Maceió</localidade>
    <uf>AL</uf>
    <estado>Alagoas</estado>
    <região/>
    <ibge>2704302</ibge>
    <gia/>
    <ddd>82</ddd>
    <siafi>2785</siafi>
  </cep>
  <cep>
    <cep>57045-165</cep>
    <logradouro>Rua José Luiz Mendonça</logradouro>
    <complemento/>
    <unidade/>
    <bairro>Barro Duro</bairro>
    <localidade>Maceió</localidade>
    <uf>AL</uf>
    <estado>Alagoas</estado>
    <região/>
    <ibge>2704302</ibge>
    <gia/>
    <ddd>82</ddd>
    <siafi>2785</siafi>
  </cep>
  <cep>
    <cep>57045-190</cep>
    <logradouro>Rua Santo Antônio</logradouro>
    <complemento/>
    <unidade/>
    <bairro>Barro Duro</bairro>
    <localidade>Maceió</localidade>
    <uf>AL</uf>
    <estado>Alagoas</estado>
    <região/>
    <ibge>2704302</ibge>
    <gia/>
    <ddd>82</ddd>
    <siafi>2785</siafi>
  </cep>
  <cep>
    <cep>57045-127</cep>
    <logradouro>Rua José Ferreira de Almeida</logradouro>
    <complemento/>
    <unidade/>
    <bairro>Barro Duro</bairro>
    <localidade>Maceió</localidade>
    <uf>AL</uf>
    <estado>Alagoas</estado>
    <região/>
    <ibge>2704302</ibge>
    <gia/>
    <ddd>82</ddd>
    <siafi>2785</siafi>
  </cep>
  <cep>
    <cep>57045-237</cep>
    <logradouro>2ª Travessa Alba Mendes Falcão</logradouro>
    <complemento/>
    <unidade/>
    <bairro>Barro Duro</bairro>
    <localidade>Maceió</localidade>
    <uf>AL</uf>
    <estado>Alagoas</estado>
    <região/>
    <ibge>2704302</ibge>
    <gia/>
    <ddd>82</ddd>
    <siafi>2785</siafi>
  </cep>
  <cep>
    <cep>57045-239</cep>
    <logradouro>Travessa Santa Lúcia</logradouro>
    <complemento/>
    <unidade/>
    <bairro>Barro Duro</bairro>
    <localidade>Maceió</localidade>
    <uf>AL</uf>
    <estado>Alagoas</estado>
    <região/>
    <ibge>2704302</ibge>
    <gia/>
    <ddd>82</ddd>
    <siafi>2785</siafi>
  </cep>
  <cep>
    <cep>57045-242</cep>
    <logradouro>2ª Travessa Boa Esperança</logradouro>
    <complemento/>
    <unidade/>
    <bairro>Barro Duro</bairro>
    <localidade>Maceió</localidade>
    <uf>AL</uf>
    <estado>Alagoas</estado>
    <região/>
    <ibge>2704302</ibge>
    <gia/>
    <ddd>82</ddd>
    <siafi>2785</siafi>
  </cep>
  <cep>
    <cep>57045-240</cep>
    <logradouro>Rua Boa Esperança</logradouro>
    <complemento/>
    <unidade/>
    <bairro>Barro Duro</bairro>
    <localidade>Maceió</localidade>
    <uf>AL</uf>
    <estado>Alagoas</estado>
    <região/>
    <ibge>2704302</ibge>
    <gia/>
    <ddd>82</ddd>
    <siafi>2785</siafi>
  </cep>
  <cep>
    <cep>57045-250</cep>
    <logradouro>Rua Belém de Judá</logradouro>
    <complemento/>
    <unidade/>
    <bairro>Barro Duro</bairro>
    <localidade>Maceió</localidade>
    <uf>AL</uf>
    <estado>Alagoas</estado>
    <região/>
    <ibge>2704302</ibge>
    <gia/>
    <ddd>82</ddd>
    <siafi>2785</siafi>
  </cep>
  <cep>
    <cep>57045-260</cep>
    <logradouro>Rua Silvio Sandes Torres Júnior</logradouro>
    <complemento/>
    <unidade/>
    <bairro>Barro Duro</bairro>
    <localidade>Maceió</localidade>
    <uf>AL</uf>
    <estado>Alagoas</estado>
    <região/>
    <ibge>2704302</ibge>
    <gia/>
    <ddd>82</ddd>
    <siafi>2785</siafi>
  </cep>
  <cep>
    <cep>57045-261</cep>
    <logradouro>Travessa Sílvio Sandes Torres Junior</logradouro>
    <complemento/>
    <unidade/>
    <bairro>Barro Duro</bairro>
    <localidade>Maceió</localidade>
    <uf>AL</uf>
    <estado>Alagoas</estado>
    <região/>
    <ibge>2704302</ibge>
    <gia/>
    <ddd>82</ddd>
    <siafi>2785</siafi>
  </cep>
  <cep>
    <cep>57045-265</cep>
    <logradouro>1ª Travessa Bom Destino</logradouro>
    <complemento/>
    <unidade/>
    <bairro>Barro Duro</bairro>
    <localidade>Maceió</localidade>
    <uf>AL</uf>
    <estado>Alagoas</estado>
    <região/>
    <ibge>2704302</ibge>
    <gia/>
    <ddd>82</ddd>
    <siafi>2785</siafi>
  </cep>
  <cep>
    <cep>57045-266</cep>
    <logradouro>2ª Travessa Bom Destino</logradouro>
    <complemento/>
    <unidade/>
    <bairro>Barro Duro</bairro>
    <localidade>Maceió</localidade>
    <uf>AL</uf>
    <estado>Alagoas</estado>
    <região/>
    <ibge>2704302</ibge>
    <gia/>
    <ddd>82</ddd>
    <siafi>2785</siafi>
  </cep>
  <cep>
    <cep>57045-270</cep>
    <logradouro>Rua Ceará</logradouro>
    <complemento/>
    <unidade/>
    <bairro>Barro Duro</bairro>
    <localidade>Maceió</localidade>
    <uf>AL</uf>
    <estado>Alagoas</estado>
    <região/>
    <ibge>2704302</ibge>
    <gia/>
    <ddd>82</ddd>
    <siafi>2785</siafi>
  </cep>
  <cep>
    <cep>57045-272</cep>
    <logradouro>3ª Travessa Muniz Falcão</logradouro>
    <complemento/>
    <unidade/>
    <bairro>Barro Duro</bairro>
    <localidade>Maceió</localidade>
    <uf>AL</uf>
    <estado>Alagoas</estado>
    <região/>
    <ibge>2704302</ibge>
    <gia/>
    <ddd>82</ddd>
    <siafi>2785</siafi>
  </cep>
  <cep>
    <cep>57045-274</cep>
    <logradouro>2ª Travessa Muniz Falcão</logradouro>
    <complemento/>
    <unidade/>
    <bairro>Barro Duro</bairro>
    <localidade>Maceió</localidade>
    <uf>AL</uf>
    <estado>Alagoas</estado>
    <região/>
    <ibge>2704302</ibge>
    <gia/>
    <ddd>82</ddd>
    <siafi>2785</siafi>
  </cep>
  <cep>
    <cep>57045-275</cep>
    <logradouro>Rua Pedro Bonifácio de Oliveira</logradouro>
    <complemento/>
    <unidade/>
    <bairro>Barro Duro</bairro>
    <localidade>Maceió</localidade>
    <uf>AL</uf>
    <estado>Alagoas</estado>
    <região/>
    <ibge>2704302</ibge>
    <gia/>
    <ddd>82</ddd>
    <siafi>2785</siafi>
  </cep>
  <cep>
    <cep>57045-276</cep>
    <logradouro>Travessa Bom Destino</logradouro>
    <complemento/>
    <unidade/>
    <bairro>Barro Duro</bairro>
    <localidade>Maceió</localidade>
    <uf>AL</uf>
    <estado>Alagoas</estado>
    <região/>
    <ibge>2704302</ibge>
    <gia/>
    <ddd>82</ddd>
    <siafi>2785</siafi>
  </cep>
  <cep>
    <cep>57045-277</cep>
    <logradouro>3ª Travessa Bom Destino</logradouro>
    <complemento/>
    <unidade/>
    <bairro>Barro Duro</bairro>
    <localidade>Maceió</localidade>
    <uf>AL</uf>
    <estado>Alagoas</estado>
    <região/>
    <ibge>2704302</ibge>
    <gia/>
    <ddd>82</ddd>
    <siafi>2785</siafi>
  </cep>
  <cep>
    <cep>57045-280</cep>
    <logradouro>Rua Lucilo Simões de Souza</logradouro>
    <complemento/>
    <unidade/>
    <bairro>Barro Duro</bairro>
    <localidade>Maceió</localidade>
    <uf>AL</uf>
    <estado>Alagoas</estado>
    <região/>
    <ibge>2704302</ibge>
    <gia/>
    <ddd>82</ddd>
    <siafi>2785</siafi>
  </cep>
  <cep>
    <cep>57045-290</cep>
    <logradouro>Rua Marne Lopes Pimentel</logradouro>
    <complemento/>
    <unidade/>
    <bairro>Barro Duro</bairro>
    <localidade>Maceió</localidade>
    <uf>AL</uf>
    <estado>Alagoas</estado>
    <região/>
    <ibge>2704302</ibge>
    <gia/>
    <ddd>82</ddd>
    <siafi>2785</siafi>
  </cep>
  <cep>
    <cep>57045-320</cep>
    <logradouro>Rua Santa Terezinha</logradouro>
    <complemento/>
    <unidade/>
    <bairro>Barro Duro</bairro>
    <localidade>Maceió</localidade>
    <uf>AL</uf>
    <estado>Alagoas</estado>
    <região/>
    <ibge>2704302</ibge>
    <gia/>
    <ddd>82</ddd>
    <siafi>2785</siafi>
  </cep>
  <cep>
    <cep>57045-300</cep>
    <logradouro>Ladeira Murilo Monteiro Valente</logradouro>
    <complemento/>
    <unidade/>
    <bairro>Barro Duro</bairro>
    <localidade>Maceió</localidade>
    <uf>AL</uf>
    <estado>Alagoas</estado>
    <região/>
    <ibge>2704302</ibge>
    <gia/>
    <ddd>82</ddd>
    <siafi>2785</siafi>
  </cep>
  <cep>
    <cep>57045-322</cep>
    <logradouro>Travessa Santa Terezinha</logradouro>
    <complemento/>
    <unidade/>
    <bairro>Barro Duro</bairro>
    <localidade>Maceió</localidade>
    <uf>AL</uf>
    <estado>Alagoas</estado>
    <região/>
    <ibge>2704302</ibge>
    <gia/>
    <ddd>82</ddd>
    <siafi>2785</siafi>
  </cep>
  <cep>
    <cep>57045-345</cep>
    <logradouro>Alameda da Paz</logradouro>
    <complemento/>
    <unidade/>
    <bairro>Barro Duro</bairro>
    <localidade>Maceió</localidade>
    <uf>AL</uf>
    <estado>Alagoas</estado>
    <região/>
    <ibge>2704302</ibge>
    <gia/>
    <ddd>82</ddd>
    <siafi>2785</siafi>
  </cep>
  <cep>
    <cep>57045-340</cep>
    <logradouro>Rua Adolfo Gustavo</logradouro>
    <complemento/>
    <unidade/>
    <bairro>Barro Duro</bairro>
    <localidade>Maceió</localidade>
    <uf>AL</uf>
    <estado>Alagoas</estado>
    <região/>
    <ibge>2704302</ibge>
    <gia/>
    <ddd>82</ddd>
    <siafi>2785</siafi>
  </cep>
  <cep>
    <cep>57045-365</cep>
    <logradouro>Avenida Juca Sampaio</logradouro>
    <complemento/>
    <unidade/>
    <bairro>Barro Duro</bairro>
    <localidade>Maceió</localidade>
    <uf>AL</uf>
    <estado>Alagoas</estado>
    <região/>
    <ibge>2704302</ibge>
    <gia/>
    <ddd>82</ddd>
    <siafi>2785</siafi>
  </cep>
  <cep>
    <cep>57045-367</cep>
    <logradouro>Travessa Juca Sampaio</logradouro>
    <complemento/>
    <unidade/>
    <bairro>Barro Duro</bairro>
    <localidade>Maceió</localidade>
    <uf>AL</uf>
    <estado>Alagoas</estado>
    <região/>
    <ibge>2704302</ibge>
    <gia/>
    <ddd>82</ddd>
    <siafi>2785</siafi>
  </cep>
  <cep>
    <cep>57045-390</cep>
    <logradouro>Rua Doutora Dayse Lins Brêda</logradouro>
    <complemento/>
    <unidade/>
    <bairro>Barro Duro</bairro>
    <localidade>Maceió</localidade>
    <uf>AL</uf>
    <estado>Alagoas</estado>
    <região/>
    <ibge>2704302</ibge>
    <gia/>
    <ddd>82</ddd>
    <siafi>2785</siafi>
  </cep>
  <cep>
    <cep>57045-380</cep>
    <logradouro>Rua Doutor Everaldo Oliveira Castro</logradouro>
    <complemento/>
    <unidade/>
    <bairro>Barro Duro</bairro>
    <localidade>Maceió</localidade>
    <uf>AL</uf>
    <estado>Alagoas</estado>
    <região/>
    <ibge>2704302</ibge>
    <gia/>
    <ddd>82</ddd>
    <siafi>2785</siafi>
  </cep>
  <cep>
    <cep>57045-400</cep>
    <logradouro>Rua Empresário José Gomes de Barros</logradouro>
    <complemento/>
    <unidade/>
    <bairro>Barro Duro</bairro>
    <localidade>Maceió</localidade>
    <uf>AL</uf>
    <estado>Alagoas</estado>
    <região/>
    <ibge>2704302</ibge>
    <gia/>
    <ddd>82</ddd>
    <siafi>2785</siafi>
  </cep>
  <cep>
    <cep>57045-406</cep>
    <logradouro>Rua Geraldo Lira</logradouro>
    <complemento/>
    <unidade/>
    <bairro>Barro Duro</bairro>
    <localidade>Maceió</localidade>
    <uf>AL</uf>
    <estado>Alagoas</estado>
    <região/>
    <ibge>2704302</ibge>
    <gia/>
    <ddd>82</ddd>
    <siafi>2785</siafi>
  </cep>
  <cep>
    <cep>57045-410</cep>
    <logradouro>Rua Empresário Mário Lehay</logradouro>
    <complemento/>
    <unidade/>
    <bairro>Barro Duro</bairro>
    <localidade>Maceió</localidade>
    <uf>AL</uf>
    <estado>Alagoas</estado>
    <região/>
    <ibge>2704302</ibge>
    <gia/>
    <ddd>82</ddd>
    <siafi>2785</siafi>
  </cep>
  <cep>
    <cep>57045-408</cep>
    <logradouro>Rua Setton Neto</logradouro>
    <complemento/>
    <unidade/>
    <bairro>Barro Duro</bairro>
    <localidade>Maceió</localidade>
    <uf>AL</uf>
    <estado>Alagoas</estado>
    <região/>
    <ibge>2704302</ibge>
    <gia/>
    <ddd>82</ddd>
    <siafi>2785</siafi>
  </cep>
  <cep>
    <cep>57045-310</cep>
    <logradouro>Rua Santa Isabel</logradouro>
    <complemento/>
    <unidade/>
    <bairro>Barro Duro</bairro>
    <localidade>Maceió</localidade>
    <uf>AL</uf>
    <estado>Alagoas</estado>
    <região/>
    <ibge>2704302</ibge>
    <gia/>
    <ddd>82</ddd>
    <siafi>2785</siafi>
  </cep>
  <cep>
    <cep>57045-350</cep>
    <logradouro>Rua Deputado Gonçalo Tavares</logradouro>
    <complemento/>
    <unidade/>
    <bairro>Barro Duro</bairro>
    <localidade>Maceió</localidade>
    <uf>AL</uf>
    <estado>Alagoas</estado>
    <região/>
    <ibge>2704302</ibge>
    <gia/>
    <ddd>82</ddd>
    <siafi>2785</siafi>
  </cep>
  <cep>
    <cep>57045-407</cep>
    <logradouro>Rua Juarez Pereira Costa</logradouro>
    <complemento/>
    <unidade/>
    <bairro>Barro Duro</bairro>
    <localidade>Maceió</localidade>
    <uf>AL</uf>
    <estado>Alagoas</estado>
    <região/>
    <ibge>2704302</ibge>
    <gia/>
    <ddd>82</ddd>
    <siafi>2785</siafi>
  </cep>
  <cep>
    <cep>57045-530</cep>
    <logradouro>Rua Expedicionário Júlio Gomes de Souza</logradouro>
    <complemento/>
    <unidade/>
    <bairro>Barro Duro</bairro>
    <localidade>Maceió</localidade>
    <uf>AL</uf>
    <estado>Alagoas</estado>
    <região/>
    <ibge>2704302</ibge>
    <gia/>
    <ddd>82</ddd>
    <siafi>2785</siafi>
  </cep>
  <cep>
    <cep>57045-520</cep>
    <logradouro>Rua Major José Tenório Lins</logradouro>
    <complemento/>
    <unidade/>
    <bairro>Barro Duro</bairro>
    <localidade>Maceió</localidade>
    <uf>AL</uf>
    <estado>Alagoas</estado>
    <região/>
    <ibge>2704302</ibge>
    <gia/>
    <ddd>82</ddd>
    <siafi>2785</siafi>
  </cep>
  <cep>
    <cep>57045-420</cep>
    <logradouro>Rua Empresário Sebastião Ferreira Santos</logradouro>
    <complemento/>
    <unidade/>
    <bairro>Barro Duro</bairro>
    <localidade>Maceió</localidade>
    <uf>AL</uf>
    <estado>Alagoas</estado>
    <região/>
    <ibge>2704302</ibge>
    <gia/>
    <ddd>82</ddd>
    <siafi>2785</siafi>
  </cep>
  <cep>
    <cep>57045-490</cep>
    <logradouro>Rua Doutor Aderson Almeida Vasconcelos</logradouro>
    <complemento/>
    <unidade/>
    <bairro>Barro Duro</bairro>
    <localidade>Maceió</localidade>
    <uf>AL</uf>
    <estado>Alagoas</estado>
    <região/>
    <ibge>2704302</ibge>
    <gia/>
    <ddd>82</ddd>
    <siafi>2785</siafi>
  </cep>
  <cep>
    <cep>57045-460</cep>
    <logradouro>Rua General Mário Carvalho Lima</logradouro>
    <complemento/>
    <unidade/>
    <bairro>Barro Duro</bairro>
    <localidade>Maceió</localidade>
    <uf>AL</uf>
    <estado>Alagoas</estado>
    <região/>
    <ibge>2704302</ibge>
    <gia/>
    <ddd>82</ddd>
    <siafi>2785</siafi>
  </cep>
  <cep>
    <cep>57045-430</cep>
    <logradouro>Avenida Eraldo Lins Cavalcante</logradouro>
    <complemento>lado par</complemento>
    <unidade/>
    <bairro>Barro Duro</bairro>
    <localidade>Maceió</localidade>
    <uf>AL</uf>
    <estado>Alagoas</estado>
    <região/>
    <ibge>2704302</ibge>
    <gia/>
    <ddd>82</ddd>
    <siafi>2785</siafi>
  </cep>
  <cep>
    <cep>57045-412</cep>
    <logradouro>1ª Travessa São João</logradouro>
    <complemento/>
    <unidade/>
    <bairro>Barro Duro</bairro>
    <localidade>Maceió</localidade>
    <uf>AL</uf>
    <estado>Alagoas</estado>
    <região/>
    <ibge>2704302</ibge>
    <gia/>
    <ddd>82</ddd>
    <siafi>2785</siafi>
  </cep>
  <cep>
    <cep>57045-500</cep>
    <logradouro>Rua Deputado Luiz de França Vergetti</logradouro>
    <complemento/>
    <unidade/>
    <bairro>Barro Duro</bairro>
    <localidade>Maceió</localidade>
    <uf>AL</uf>
    <estado>Alagoas</estado>
    <região/>
    <ibge>2704302</ibge>
    <gia/>
    <ddd>82</ddd>
    <siafi>2785</siafi>
  </cep>
  <cep>
    <cep>57045-560</cep>
    <logradouro>Rua Natalicio Lins Madeiros</logradouro>
    <complemento/>
    <unidade/>
    <bairro>Barro Duro</bairro>
    <localidade>Maceió</localidade>
    <uf>AL</uf>
    <estado>Alagoas</estado>
    <região/>
    <ibge>2704302</ibge>
    <gia/>
    <ddd>82</ddd>
    <siafi>2785</siafi>
  </cep>
  <cep>
    <cep>57045-450</cep>
    <logradouro>Rua Maria das Dores do Espirito Santo</logradouro>
    <complemento/>
    <unidade/>
    <bairro>Barro Duro</bairro>
    <localidade>Maceió</localidade>
    <uf>AL</uf>
    <estado>Alagoas</estado>
    <região/>
    <ibge>2704302</ibge>
    <gia/>
    <ddd>82</ddd>
    <siafi>2785</siafi>
  </cep>
  <cep>
    <cep>57045-470</cep>
    <logradouro>Rua Eurico Maciel</logradouro>
    <complemento/>
    <unidade/>
    <bairro>Barro Duro</bairro>
    <localidade>Maceió</localidade>
    <uf>AL</uf>
    <estado>Alagoas</estado>
    <região/>
    <ibge>2704302</ibge>
    <gia/>
    <ddd>82</ddd>
    <siafi>2785</siafi>
  </cep>
  <cep>
    <cep>57045-565</cep>
    <logradouro>Rua Jornalista Hamilton Branxisky</logradouro>
    <complemento/>
    <unidade/>
    <bairro>Barro Duro</bairro>
    <localidade>Maceió</localidade>
    <uf>AL</uf>
    <estado>Alagoas</estado>
    <região/>
    <ibge>2704302</ibge>
    <gia/>
    <ddd>82</ddd>
    <siafi>2785</siafi>
  </cep>
  <cep>
    <cep>57045-570</cep>
    <logradouro>Rua Tancredo de Almeida Neves</logradouro>
    <complemento/>
    <unidade/>
    <bairro>Barro Duro</bairro>
    <localidade>Maceió</localidade>
    <uf>AL</uf>
    <estado>Alagoas</estado>
    <região/>
    <ibge>2704302</ibge>
    <gia/>
    <ddd>82</ddd>
    <siafi>2785</siafi>
  </cep>
  <cep>
    <cep>57045-600</cep>
    <logradouro>Rua Santa Luzia</logradouro>
    <complemento/>
    <unidade/>
    <bairro>Barro Duro</bairro>
    <localidade>Maceió</localidade>
    <uf>AL</uf>
    <estado>Alagoas</estado>
    <região/>
    <ibge>2704302</ibge>
    <gia/>
    <ddd>82</ddd>
    <siafi>2785</siafi>
  </cep>
  <cep>
    <cep>57045-660</cep>
    <logradouro>Avenida Menino Marcelo</logradouro>
    <complemento>lado ímpar</complemento>
    <unidade/>
    <bairro>Barro Duro</bairro>
    <localidade>Maceió</localidade>
    <uf>AL</uf>
    <estado>Alagoas</estado>
    <região/>
    <ibge>2704302</ibge>
    <gia/>
    <ddd>82</ddd>
    <siafi>2785</siafi>
  </cep>
  <cep>
    <cep>57045-622</cep>
    <logradouro>2ª Travessa Presidente Roosevelt</logradouro>
    <complemento/>
    <unidade/>
    <bairro>Barro Duro</bairro>
    <localidade>Maceió</localidade>
    <uf>AL</uf>
    <estado>Alagoas</estado>
    <região/>
    <ibge>2704302</ibge>
    <gia/>
    <ddd>82</ddd>
    <siafi>2785</siafi>
  </cep>
  <cep>
    <cep>57045-665</cep>
    <logradouro>Rua 4</logradouro>
    <complemento>(Lot Samambaia)</complemento>
    <unidade/>
    <bairro>Barro Duro</bairro>
    <localidade>Maceió</localidade>
    <uf>AL</uf>
    <estado>Alagoas</estado>
    <região/>
    <ibge>2704302</ibge>
    <gia/>
    <ddd>82</ddd>
    <siafi>2785</siafi>
  </cep>
  <cep>
    <cep>57045-623</cep>
    <logradouro>Rua São Vicente</logradouro>
    <complemento/>
    <unidade/>
    <bairro>Barro Duro</bairro>
    <localidade>Maceió</localidade>
    <uf>AL</uf>
    <estado>Alagoas</estado>
    <região/>
    <ibge>2704302</ibge>
    <gia/>
    <ddd>82</ddd>
    <siafi>2785</siafi>
  </cep>
  <cep>
    <cep>57045-605</cep>
    <logradouro>Rua Santa Terezinha</logradouro>
    <complemento>(Prl da Rua Santa Luzia)</complemento>
    <unidade/>
    <bairro>Barro Duro</bairro>
    <localidade>Maceió</localidade>
    <uf>AL</uf>
    <estado>Alagoas</estado>
    <região/>
    <ibge>2704302</ibge>
    <gia/>
    <ddd>82</ddd>
    <siafi>2785</siafi>
  </cep>
  <cep>
    <cep>57045-621</cep>
    <logradouro>1ª Travessa Presidente Roosevelt</logradouro>
    <complemento/>
    <unidade/>
    <bairro>Barro Duro</bairro>
    <localidade>Maceió</localidade>
    <uf>AL</uf>
    <estado>Alagoas</estado>
    <região/>
    <ibge>2704302</ibge>
    <gia/>
    <ddd>82</ddd>
    <siafi>2785</siafi>
  </cep>
  <cep>
    <cep>57045-620</cep>
    <logradouro>Rua São Jorge</logradouro>
    <complemento/>
    <unidade/>
    <bairro>Barro Duro</bairro>
    <localidade>Maceió</localidade>
    <uf>AL</uf>
    <estado>Alagoas</estado>
    <região/>
    <ibge>2704302</ibge>
    <gia/>
    <ddd>82</ddd>
    <siafi>2785</siafi>
  </cep>
  <cep>
    <cep>57045-610</cep>
    <logradouro>Travessa Santa Luzia</logradouro>
    <complemento/>
    <unidade/>
    <bairro>Barro Duro</bairro>
    <localidade>Maceió</localidade>
    <uf>AL</uf>
    <estado>Alagoas</estado>
    <região/>
    <ibge>2704302</ibge>
    <gia/>
    <ddd>82</ddd>
    <siafi>2785</siafi>
  </cep>
  <cep>
    <cep>57045-682</cep>
    <logradouro>Rua Professor Robson Geraldo Costa</logradouro>
    <complemento/>
    <unidade/>
    <bairro>Barro Duro</bairro>
    <localidade>Maceió</localidade>
    <uf>AL</uf>
    <estado>Alagoas</estado>
    <região/>
    <ibge>2704302</ibge>
    <gia/>
    <ddd>82</ddd>
    <siafi>2785</siafi>
  </cep>
  <cep>
    <cep>57045-684</cep>
    <logradouro>Rua Paulo José Falcão Aragão</logradouro>
    <complemento/>
    <unidade/>
    <bairro>Barro Duro</bairro>
    <localidade>Maceió</localidade>
    <uf>AL</uf>
    <estado>Alagoas</estado>
    <região/>
    <ibge>2704302</ibge>
    <gia/>
    <ddd>82</ddd>
    <siafi>2785</siafi>
  </cep>
  <cep>
    <cep>57045-686</cep>
    <logradouro>Rua Projetada 2</logradouro>
    <complemento>(Lot Jardim Samambaia)</complemento>
    <unidade/>
    <bairro>Barro Duro</bairro>
    <localidade>Maceió</localidade>
    <uf>AL</uf>
    <estado>Alagoas</estado>
    <região/>
    <ibge>2704302</ibge>
    <gia/>
    <ddd>82</ddd>
    <siafi>2785</siafi>
  </cep>
  <cep>
    <cep>57045-688</cep>
    <logradouro>Rua Projetada 3</logradouro>
    <complemento>(Lot Jardim Samambaia)</complemento>
    <unidade/>
    <bairro>Barro Duro</bairro>
    <localidade>Maceió</localidade>
    <uf>AL</uf>
    <estado>Alagoas</estado>
    <região/>
    <ibge>2704302</ibge>
    <gia/>
    <ddd>82</ddd>
    <siafi>2785</siafi>
  </cep>
  <cep>
    <cep>57045-690</cep>
    <logradouro>Rua São Francisco de Assis</logradouro>
    <complemento/>
    <unidade/>
    <bairro>Barro Duro</bairro>
    <localidade>Maceió</localidade>
    <uf>AL</uf>
    <estado>Alagoas</estado>
    <região/>
    <ibge>2704302</ibge>
    <gia/>
    <ddd>82</ddd>
    <siafi>2785</siafi>
  </cep>
  <cep>
    <cep>57045-750</cep>
    <logradouro>Rua Boa Sorte</logradouro>
    <complemento/>
    <unidade/>
    <bairro>Barro Duro</bairro>
    <localidade>Maceió</localidade>
    <uf>AL</uf>
    <estado>Alagoas</estado>
    <região/>
    <ibge>2704302</ibge>
    <gia/>
    <ddd>82</ddd>
    <siafi>2785</siafi>
  </cep>
  <cep>
    <cep>57045-710</cep>
    <logradouro>Rua Joaquim Persiano</logradouro>
    <complemento/>
    <unidade/>
    <bairro>Barro Duro</bairro>
    <localidade>Maceió</localidade>
    <uf>AL</uf>
    <estado>Alagoas</estado>
    <região/>
    <ibge>2704302</ibge>
    <gia/>
    <ddd>82</ddd>
    <siafi>2785</siafi>
  </cep>
  <cep>
    <cep>57045-751</cep>
    <logradouro>1ª Travessa Boa Sorte</logradouro>
    <complemento/>
    <unidade/>
    <bairro>Barro Duro</bairro>
    <localidade>Maceió</localidade>
    <uf>AL</uf>
    <estado>Alagoas</estado>
    <região/>
    <ibge>2704302</ibge>
    <gia/>
    <ddd>82</ddd>
    <siafi>2785</siafi>
  </cep>
  <cep>
    <cep>57045-752</cep>
    <logradouro>2ª Travessa Boa Sorte</logradouro>
    <complemento/>
    <unidade/>
    <bairro>Barro Duro</bairro>
    <localidade>Maceió</localidade>
    <uf>AL</uf>
    <estado>Alagoas</estado>
    <região/>
    <ibge>2704302</ibge>
    <gia/>
    <ddd>82</ddd>
    <siafi>2785</siafi>
  </cep>
  <cep>
    <cep>57045-753</cep>
    <logradouro>5ª Rua Grota do Aterro</logradouro>
    <complemento/>
    <unidade/>
    <bairro>Barro Duro</bairro>
    <localidade>Maceió</localidade>
    <uf>AL</uf>
    <estado>Alagoas</estado>
    <região/>
    <ibge>2704302</ibge>
    <gia/>
    <ddd>82</ddd>
    <siafi>2785</siafi>
  </cep>
  <cep>
    <cep>57045-755</cep>
    <logradouro>2ª Travessa São João</logradouro>
    <complemento/>
    <unidade/>
    <bairro>Barro Duro</bairro>
    <localidade>Maceió</localidade>
    <uf>AL</uf>
    <estado>Alagoas</estado>
    <região/>
    <ibge>2704302</ibge>
    <gia/>
    <ddd>82</ddd>
    <siafi>2785</siafi>
  </cep>
  <cep>
    <cep>57045-770</cep>
    <logradouro>Rua São Luiz</logradouro>
    <complemento/>
    <unidade/>
    <bairro>Barro Duro</bairro>
    <localidade>Maceió</localidade>
    <uf>AL</uf>
    <estado>Alagoas</estado>
    <região/>
    <ibge>2704302</ibge>
    <gia/>
    <ddd>82</ddd>
    <siafi>2785</siafi>
  </cep>
  <cep>
    <cep>57045-760</cep>
    <logradouro>Rua Cícero Leite</logradouro>
    <complemento/>
    <unidade/>
    <bairro>Barro Duro</bairro>
    <localidade>Maceió</localidade>
    <uf>AL</uf>
    <estado>Alagoas</estado>
    <região/>
    <ibge>2704302</ibge>
    <gia/>
    <ddd>82</ddd>
    <siafi>2785</siafi>
  </cep>
  <cep>
    <cep>57045-792</cep>
    <logradouro>Rua 4</logradouro>
    <complemento>(Carlos Jorge Vasconcelos)</complemento>
    <unidade/>
    <bairro>Barro Duro</bairro>
    <localidade>Maceió</localidade>
    <uf>AL</uf>
    <estado>Alagoas</estado>
    <região/>
    <ibge>2704302</ibge>
    <gia/>
    <ddd>82</ddd>
    <siafi>2785</siafi>
  </cep>
  <cep>
    <cep>57045-793</cep>
    <logradouro>Rua Tenente-Coronel - Eb Pedro Jerônimo dos Santos</logradouro>
    <complemento/>
    <unidade/>
    <bairro>Barro Duro</bairro>
    <localidade>Maceió</localidade>
    <uf>AL</uf>
    <estado>Alagoas</estado>
    <região/>
    <ibge>2704302</ibge>
    <gia/>
    <ddd>82</ddd>
    <siafi>2785</siafi>
  </cep>
  <cep>
    <cep>57045-775</cep>
    <logradouro>Rua Penedo</logradouro>
    <complemento/>
    <unidade/>
    <bairro>Barro Duro</bairro>
    <localidade>Maceió</localidade>
    <uf>AL</uf>
    <estado>Alagoas</estado>
    <região/>
    <ibge>2704302</ibge>
    <gia/>
    <ddd>82</ddd>
    <siafi>2785</siafi>
  </cep>
  <cep>
    <cep>57045-780</cep>
    <logradouro>Rua José Augusto Silva Souto</logradouro>
    <complemento/>
    <unidade/>
    <bairro>Barro Duro</bairro>
    <localidade>Maceió</localidade>
    <uf>AL</uf>
    <estado>Alagoas</estado>
    <região/>
    <ibge>2704302</ibge>
    <gia/>
    <ddd>82</ddd>
    <siafi>2785</siafi>
  </cep>
  <cep>
    <cep>57045-794</cep>
    <logradouro>Rua 5-C</logradouro>
    <complemento>(Cj Arvoredo)</complemento>
    <unidade/>
    <bairro>Barro Duro</bairro>
    <localidade>Maceió</localidade>
    <uf>AL</uf>
    <estado>Alagoas</estado>
    <região/>
    <ibge>2704302</ibge>
    <gia/>
    <ddd>82</ddd>
    <siafi>2785</siafi>
  </cep>
  <cep>
    <cep>57045-797</cep>
    <logradouro>Rua 7</logradouro>
    <complemento>(Cj Arvoredo)</complemento>
    <unidade/>
    <bairro>Barro Duro</bairro>
    <localidade>Maceió</localidade>
    <uf>AL</uf>
    <estado>Alagoas</estado>
    <região/>
    <ibge>2704302</ibge>
    <gia/>
    <ddd>82</ddd>
    <siafi>2785</siafi>
  </cep>
  <cep>
    <cep>57045-796</cep>
    <logradouro>Rua 3</logradouro>
    <complemento>(Cj Arvoredo)</complemento>
    <unidade/>
    <bairro>Barro Duro</bairro>
    <localidade>Maceió</localidade>
    <uf>AL</uf>
    <estado>Alagoas</estado>
    <região/>
    <ibge>2704302</ibge>
    <gia/>
    <ddd>82</ddd>
    <siafi>2785</siafi>
  </cep>
  <cep>
    <cep>57045-798</cep>
    <logradouro>Rua 5-B</logradouro>
    <complemento>(Cj Arvoredo)</complemento>
    <unidade/>
    <bairro>Barro Duro</bairro>
    <localidade>Maceió</localidade>
    <uf>AL</uf>
    <estado>Alagoas</estado>
    <região/>
    <ibge>2704302</ibge>
    <gia/>
    <ddd>82</ddd>
    <siafi>2785</siafi>
  </cep>
  <cep>
    <cep>57045-810</cep>
    <logradouro>Rua Manoel Macena</logradouro>
    <complemento/>
    <unidade/>
    <bairro>Ouro Preto</bairro>
    <localidade>Maceió</localidade>
    <uf>AL</uf>
    <estado>Alagoas</estado>
    <região/>
    <ibge>2704302</ibge>
    <gia/>
    <ddd>82</ddd>
    <siafi>2785</siafi>
  </cep>
  <cep>
    <cep>57045-811</cep>
    <logradouro>Rua Boa Vista</logradouro>
    <complemento/>
    <unidade/>
    <bairro>Ouro Preto</bairro>
    <localidade>Maceió</localidade>
    <uf>AL</uf>
    <estado>Alagoas</estado>
    <região/>
    <ibge>2704302</ibge>
    <gia/>
    <ddd>82</ddd>
    <siafi>2785</siafi>
  </cep>
  <cep>
    <cep>57045-812</cep>
    <logradouro>1ª Travessa Manoel Macena</logradouro>
    <complemento/>
    <unidade/>
    <bairro>Ouro Preto</bairro>
    <localidade>Maceió</localidade>
    <uf>AL</uf>
    <estado>Alagoas</estado>
    <região/>
    <ibge>2704302</ibge>
    <gia/>
    <ddd>82</ddd>
    <siafi>2785</siafi>
  </cep>
  <cep>
    <cep>57045-813</cep>
    <logradouro>2ª Travessa Manoel Macena</logradouro>
    <complemento/>
    <unidade/>
    <bairro>Ouro Preto</bairro>
    <localidade>Maceió</localidade>
    <uf>AL</uf>
    <estado>Alagoas</estado>
    <região/>
    <ibge>2704302</ibge>
    <gia/>
    <ddd>82</ddd>
    <siafi>2785</siafi>
  </cep>
  <cep>
    <cep>57045-815</cep>
    <logradouro>Rua Padre Cícero</logradouro>
    <complemento/>
    <unidade/>
    <bairro>Ouro Preto</bairro>
    <localidade>Maceió</localidade>
    <uf>AL</uf>
    <estado>Alagoas</estado>
    <região/>
    <ibge>2704302</ibge>
    <gia/>
    <ddd>82</ddd>
    <siafi>2785</siafi>
  </cep>
  <cep>
    <cep>57045-816</cep>
    <logradouro>1ª Travessa Padre Cícero</logradouro>
    <complemento/>
    <unidade/>
    <bairro>Ouro Preto</bairro>
    <localidade>Maceió</localidade>
    <uf>AL</uf>
    <estado>Alagoas</estado>
    <região/>
    <ibge>2704302</ibge>
    <gia/>
    <ddd>82</ddd>
    <siafi>2785</siafi>
  </cep>
  <cep>
    <cep>57045-825</cep>
    <logradouro>Travessa do Cajueiro</logradouro>
    <complemento/>
    <unidade/>
    <bairro>Ouro Preto</bairro>
    <localidade>Maceió</localidade>
    <uf>AL</uf>
    <estado>Alagoas</estado>
    <região/>
    <ibge>2704302</ibge>
    <gia/>
    <ddd>82</ddd>
    <siafi>2785</siafi>
  </cep>
  <cep>
    <cep>57045-823</cep>
    <logradouro>3ª Travessa Boa Vista</logradouro>
    <complemento/>
    <unidade/>
    <bairro>Ouro Preto</bairro>
    <localidade>Maceió</localidade>
    <uf>AL</uf>
    <estado>Alagoas</estado>
    <região/>
    <ibge>2704302</ibge>
    <gia/>
    <ddd>82</ddd>
    <siafi>2785</siafi>
  </cep>
  <cep>
    <cep>57045-820</cep>
    <logradouro>Rua do Cajueiro</logradouro>
    <complemento/>
    <unidade/>
    <bairro>Ouro Preto</bairro>
    <localidade>Maceió</localidade>
    <uf>AL</uf>
    <estado>Alagoas</estado>
    <região/>
    <ibge>2704302</ibge>
    <gia/>
    <ddd>82</ddd>
    <siafi>2785</siafi>
  </cep>
  <cep>
    <cep>57045-837</cep>
    <logradouro>Travessa Pierre Marques Barbosa</logradouro>
    <complemento/>
    <unidade/>
    <bairro>Ouro Preto</bairro>
    <localidade>Maceió</localidade>
    <uf>AL</uf>
    <estado>Alagoas</estado>
    <região/>
    <ibge>2704302</ibge>
    <gia/>
    <ddd>82</ddd>
    <siafi>2785</siafi>
  </cep>
  <cep>
    <cep>57045-832</cep>
    <logradouro>Rua Santo Antônio</logradouro>
    <complemento/>
    <unidade/>
    <bairro>Ouro Preto</bairro>
    <localidade>Maceió</localidade>
    <uf>AL</uf>
    <estado>Alagoas</estado>
    <região/>
    <ibge>2704302</ibge>
    <gia/>
    <ddd>82</ddd>
    <siafi>2785</siafi>
  </cep>
  <cep>
    <cep>57045-821</cep>
    <logradouro>1ª Travessa Boa Vista</logradouro>
    <complemento/>
    <unidade/>
    <bairro>Ouro Preto</bairro>
    <localidade>Maceió</localidade>
    <uf>AL</uf>
    <estado>Alagoas</estado>
    <região/>
    <ibge>2704302</ibge>
    <gia/>
    <ddd>82</ddd>
    <siafi>2785</siafi>
  </cep>
  <cep>
    <cep>57045-835</cep>
    <logradouro>Rua Pierre Marques Barbosa</logradouro>
    <complemento/>
    <unidade/>
    <bairro>Ouro Preto</bairro>
    <localidade>Maceió</localidade>
    <uf>AL</uf>
    <estado>Alagoas</estado>
    <região/>
    <ibge>2704302</ibge>
    <gia/>
    <ddd>82</ddd>
    <siafi>2785</siafi>
  </cep>
  <cep>
    <cep>57045-842</cep>
    <logradouro>1ª Travessa São Francisco</logradouro>
    <complemento/>
    <unidade/>
    <bairro>Ouro Preto</bairro>
    <localidade>Maceió</localidade>
    <uf>AL</uf>
    <estado>Alagoas</estado>
    <região/>
    <ibge>2704302</ibge>
    <gia/>
    <ddd>82</ddd>
    <siafi>2785</siafi>
  </cep>
  <cep>
    <cep>57045-846</cep>
    <logradouro>Travessa São Francisco II</logradouro>
    <complemento/>
    <unidade/>
    <bairro>Ouro Preto</bairro>
    <localidade>Maceió</localidade>
    <uf>AL</uf>
    <estado>Alagoas</estado>
    <região/>
    <ibge>2704302</ibge>
    <gia/>
    <ddd>82</ddd>
    <siafi>2785</siafi>
  </cep>
  <cep>
    <cep>57045-847</cep>
    <logradouro>1ª Travessa Rio Grande do Sul</logradouro>
    <complemento/>
    <unidade/>
    <bairro>Ouro Preto</bairro>
    <localidade>Maceió</localidade>
    <uf>AL</uf>
    <estado>Alagoas</estado>
    <região/>
    <ibge>2704302</ibge>
    <gia/>
    <ddd>82</ddd>
    <siafi>2785</siafi>
  </cep>
  <cep>
    <cep>57045-834</cep>
    <logradouro>2ª Travessa Padre Cícero</logradouro>
    <complemento/>
    <unidade/>
    <bairro>Ouro Preto</bairro>
    <localidade>Maceió</localidade>
    <uf>AL</uf>
    <estado>Alagoas</estado>
    <região/>
    <ibge>2704302</ibge>
    <gia/>
    <ddd>82</ddd>
    <siafi>2785</siafi>
  </cep>
  <cep>
    <cep>57045-850</cep>
    <logradouro>Avenida Empresário Valentim dos Santos Diniz</logradouro>
    <complemento/>
    <unidade/>
    <bairro>Ouro Preto</bairro>
    <localidade>Maceió</localidade>
    <uf>AL</uf>
    <estado>Alagoas</estado>
    <região/>
    <ibge>2704302</ibge>
    <gia/>
    <ddd>82</ddd>
    <siafi>2785</siafi>
  </cep>
  <cep>
    <cep>57045-855</cep>
    <logradouro>Rua Sergipe</logradouro>
    <complemento/>
    <unidade/>
    <bairro>Ouro Preto</bairro>
    <localidade>Maceió</localidade>
    <uf>AL</uf>
    <estado>Alagoas</estado>
    <região/>
    <ibge>2704302</ibge>
    <gia/>
    <ddd>82</ddd>
    <siafi>2785</siafi>
  </cep>
  <cep>
    <cep>57045-857</cep>
    <logradouro>3ª Travessa Rio Grande do Sul</logradouro>
    <complemento/>
    <unidade/>
    <bairro>Ouro Preto</bairro>
    <localidade>Maceió</localidade>
    <uf>AL</uf>
    <estado>Alagoas</estado>
    <região/>
    <ibge>2704302</ibge>
    <gia/>
    <ddd>82</ddd>
    <siafi>2785</siafi>
  </cep>
  <cep>
    <cep>57045-822</cep>
    <logradouro>2ª Travessa Boa Vista</logradouro>
    <complemento/>
    <unidade/>
    <bairro>Ouro Preto</bairro>
    <localidade>Maceió</localidade>
    <uf>AL</uf>
    <estado>Alagoas</estado>
    <região/>
    <ibge>2704302</ibge>
    <gia/>
    <ddd>82</ddd>
    <siafi>2785</siafi>
  </cep>
  <cep>
    <cep>57045-838</cep>
    <logradouro>Rua São Francisco</logradouro>
    <complemento/>
    <unidade/>
    <bairro>Ouro Preto</bairro>
    <localidade>Maceió</localidade>
    <uf>AL</uf>
    <estado>Alagoas</estado>
    <região/>
    <ibge>2704302</ibge>
    <gia/>
    <ddd>82</ddd>
    <siafi>2785</siafi>
  </cep>
  <cep>
    <cep>57045-851</cep>
    <logradouro>Travessa Camaragibe</logradouro>
    <complemento/>
    <unidade/>
    <bairro>Ouro Preto</bairro>
    <localidade>Maceió</localidade>
    <uf>AL</uf>
    <estado>Alagoas</estado>
    <região/>
    <ibge>2704302</ibge>
    <gia/>
    <ddd>82</ddd>
    <siafi>2785</siafi>
  </cep>
  <cep>
    <cep>57045-845</cep>
    <logradouro>Rua Rio Grande do Sul</logradouro>
    <complemento/>
    <unidade/>
    <bairro>Ouro Preto</bairro>
    <localidade>Maceió</localidade>
    <uf>AL</uf>
    <estado>Alagoas</estado>
    <região/>
    <ibge>2704302</ibge>
    <gia/>
    <ddd>82</ddd>
    <siafi>2785</siafi>
  </cep>
  <cep>
    <cep>57045-859</cep>
    <logradouro>5ª Travessa Rio Grande do Sul</logradouro>
    <complemento/>
    <unidade/>
    <bairro>Ouro Preto</bairro>
    <localidade>Maceió</localidade>
    <uf>AL</uf>
    <estado>Alagoas</estado>
    <região/>
    <ibge>2704302</ibge>
    <gia/>
    <ddd>82</ddd>
    <siafi>2785</siafi>
  </cep>
  <cep>
    <cep>57045-844</cep>
    <logradouro>Rua Nossa Senhora de Fátima</logradouro>
    <complemento/>
    <unidade/>
    <bairro>Ouro Preto</bairro>
    <localidade>Maceió</localidade>
    <uf>AL</uf>
    <estado>Alagoas</estado>
    <região/>
    <ibge>2704302</ibge>
    <gia/>
    <ddd>82</ddd>
    <siafi>2785</siafi>
  </cep>
  <cep>
    <cep>57045-849</cep>
    <logradouro>Rua Jacarecica</logradouro>
    <complemento/>
    <unidade/>
    <bairro>Ouro Preto</bairro>
    <localidade>Maceió</localidade>
    <uf>AL</uf>
    <estado>Alagoas</estado>
    <região/>
    <ibge>2704302</ibge>
    <gia/>
    <ddd>82</ddd>
    <siafi>2785</siafi>
  </cep>
  <cep>
    <cep>57045-858</cep>
    <logradouro>4ª Travessa Rio Grande do Sul</logradouro>
    <complemento/>
    <unidade/>
    <bairro>Ouro Preto</bairro>
    <localidade>Maceió</localidade>
    <uf>AL</uf>
    <estado>Alagoas</estado>
    <região/>
    <ibge>2704302</ibge>
    <gia/>
    <ddd>82</ddd>
    <siafi>2785</siafi>
  </cep>
  <cep>
    <cep>57045-865</cep>
    <logradouro>Rua Beira Rio</logradouro>
    <complemento/>
    <unidade/>
    <bairro>Ouro Preto</bairro>
    <localidade>Maceió</localidade>
    <uf>AL</uf>
    <estado>Alagoas</estado>
    <região/>
    <ibge>2704302</ibge>
    <gia/>
    <ddd>82</ddd>
    <siafi>2785</siafi>
  </cep>
  <cep>
    <cep>57045-848</cep>
    <logradouro>2ª Travessa Rio Grande do Sul</logradouro>
    <complemento/>
    <unidade/>
    <bairro>Ouro Preto</bairro>
    <localidade>Maceió</localidade>
    <uf>AL</uf>
    <estado>Alagoas</estado>
    <região/>
    <ibge>2704302</ibge>
    <gia/>
    <ddd>82</ddd>
    <siafi>2785</siafi>
  </cep>
  <cep>
    <cep>57045-856</cep>
    <logradouro>3ª Travessa São Francisco</logradouro>
    <complemento/>
    <unidade/>
    <bairro>Ouro Preto</bairro>
    <localidade>Maceió</localidade>
    <uf>AL</uf>
    <estado>Alagoas</estado>
    <região/>
    <ibge>2704302</ibge>
    <gia/>
    <ddd>82</ddd>
    <siafi>2785</siafi>
  </cep>
  <cep>
    <cep>57045-871</cep>
    <logradouro>2ª Travessa Maranhão</logradouro>
    <complemento/>
    <unidade/>
    <bairro>Ouro Preto</bairro>
    <localidade>Maceió</localidade>
    <uf>AL</uf>
    <estado>Alagoas</estado>
    <região/>
    <ibge>2704302</ibge>
    <gia/>
    <ddd>82</ddd>
    <siafi>2785</siafi>
  </cep>
  <cep>
    <cep>57045-841</cep>
    <logradouro>Rua do Sossêgo</logradouro>
    <complemento/>
    <unidade/>
    <bairro>Ouro Preto</bairro>
    <localidade>Maceió</localidade>
    <uf>AL</uf>
    <estado>Alagoas</estado>
    <região/>
    <ibge>2704302</ibge>
    <gia/>
    <ddd>82</ddd>
    <siafi>2785</siafi>
  </cep>
  <cep>
    <cep>57045-852</cep>
    <logradouro>Rua Caio Graco</logradouro>
    <complemento/>
    <unidade/>
    <bairro>Ouro Preto</bairro>
    <localidade>Maceió</localidade>
    <uf>AL</uf>
    <estado>Alagoas</estado>
    <região/>
    <ibge>2704302</ibge>
    <gia/>
    <ddd>82</ddd>
    <siafi>2785</siafi>
  </cep>
  <cep>
    <cep>57045-875</cep>
    <logradouro>Rua Palmeira dos Índios</logradouro>
    <complemento/>
    <unidade/>
    <bairro>Ouro Preto</bairro>
    <localidade>Maceió</localidade>
    <uf>AL</uf>
    <estado>Alagoas</estado>
    <região/>
    <ibge>2704302</ibge>
    <gia/>
    <ddd>82</ddd>
    <siafi>2785</siafi>
  </cep>
  <cep>
    <cep>57045-860</cep>
    <logradouro>Rua Maranhão</logradouro>
    <complemento/>
    <unidade/>
    <bairro>Ouro Preto</bairro>
    <localidade>Maceió</localidade>
    <uf>AL</uf>
    <estado>Alagoas</estado>
    <região/>
    <ibge>2704302</ibge>
    <gia/>
    <ddd>82</ddd>
    <siafi>2785</siafi>
  </cep>
  <cep>
    <cep>57045-877</cep>
    <logradouro>Travessa Palmeira dos Índios</logradouro>
    <complemento/>
    <unidade/>
    <bairro>Ouro Preto</bairro>
    <localidade>Maceió</localidade>
    <uf>AL</uf>
    <estado>Alagoas</estado>
    <região/>
    <ibge>2704302</ibge>
    <gia/>
    <ddd>82</ddd>
    <siafi>2785</siafi>
  </cep>
  <cep>
    <cep>57045-890</cep>
    <logradouro>Travessa Ouro Preto</logradouro>
    <complemento/>
    <unidade/>
    <bairro>Ouro Preto</bairro>
    <localidade>Maceió</localidade>
    <uf>AL</uf>
    <estado>Alagoas</estado>
    <região/>
    <ibge>2704302</ibge>
    <gia/>
    <ddd>82</ddd>
    <siafi>2785</siafi>
  </cep>
  <cep>
    <cep>57045-891</cep>
    <logradouro>Rua São Paulo</logradouro>
    <complemento/>
    <unidade/>
    <bairro>Ouro Preto</bairro>
    <localidade>Maceió</localidade>
    <uf>AL</uf>
    <estado>Alagoas</estado>
    <região/>
    <ibge>2704302</ibge>
    <gia/>
    <ddd>82</ddd>
    <siafi>2785</siafi>
  </cep>
  <cep>
    <cep>57045-900</cep>
    <logradouro>Avenida Presidente Roosevelt</logradouro>
    <complemento>206</complemento>
    <unidade>Fórum de Maceió</unidade>
    <bairro>Barro Duro</bairro>
    <localidade>Maceió</localidade>
    <uf>AL</uf>
    <estado>Alagoas</estado>
    <região/>
    <ibge>2704302</ibge>
    <gia/>
    <ddd>82</ddd>
    <siafi>2785</siafi>
  </cep>
  <cep>
    <cep>57045-970</cep>
    <logradouro>Avenida Menino Marcelo</logradouro>
    <complemento>300</complemento>
    <unidade>CDD Barro Duro</unidade>
    <bairro>Serraria</bairro>
    <localidade>Maceió</localidade>
    <uf>AL</uf>
    <estado>Alagoas</estado>
    <região/>
    <ibge>2704302</ibge>
    <gia/>
    <ddd>82</ddd>
    <siafi>2785</siafi>
  </cep>
  <cep>
    <cep>57046-005</cep>
    <logradouro>Avenida Menino Marcelo</logradouro>
    <complemento>lado par</complemento>
    <unidade/>
    <bairro>Serraria</bairro>
    <localidade>Maceió</localidade>
    <uf>AL</uf>
    <estado>Alagoas</estado>
    <região/>
    <ibge>2704302</ibge>
    <gia/>
    <ddd>82</ddd>
    <siafi>2785</siafi>
  </cep>
  <cep>
    <cep>57046-001</cep>
    <logradouro>Rua em Projeto A</logradouro>
    <complemento>(Lot Jardim Serraria)</complemento>
    <unidade/>
    <bairro>Serraria</bairro>
    <localidade>Maceió</localidade>
    <uf>AL</uf>
    <estado>Alagoas</estado>
    <região/>
    <ibge>2704302</ibge>
    <gia/>
    <ddd>82</ddd>
    <siafi>2785</siafi>
  </cep>
  <cep>
    <cep>57046-002</cep>
    <logradouro>Travessa Menino Marcelo</logradouro>
    <complemento/>
    <unidade/>
    <bairro>Serraria</bairro>
    <localidade>Maceió</localidade>
    <uf>AL</uf>
    <estado>Alagoas</estado>
    <região/>
    <ibge>2704302</ibge>
    <gia/>
    <ddd>82</ddd>
    <siafi>2785</siafi>
  </cep>
  <cep>
    <cep>57046-004</cep>
    <logradouro>Rua em Projeto C</logradouro>
    <complemento>(Lot Jardim Serraria)</complemento>
    <unidade/>
    <bairro>Serraria</bairro>
    <localidade>Maceió</localidade>
    <uf>AL</uf>
    <estado>Alagoas</estado>
    <região/>
    <ibge>2704302</ibge>
    <gia/>
    <ddd>82</ddd>
    <siafi>2785</siafi>
  </cep>
  <cep>
    <cep>57046-012</cep>
    <logradouro>Rua 9</logradouro>
    <complemento>(Lot Bosque da Serraria)</complemento>
    <unidade/>
    <bairro>Serraria</bairro>
    <localidade>Maceió</localidade>
    <uf>AL</uf>
    <estado>Alagoas</estado>
    <região/>
    <ibge>2704302</ibge>
    <gia/>
    <ddd>82</ddd>
    <siafi>2785</siafi>
  </cep>
  <cep>
    <cep>57046-014</cep>
    <logradouro>Rua 8</logradouro>
    <complemento>(Lot Bosque da Serraria)</complemento>
    <unidade/>
    <bairro>Serraria</bairro>
    <localidade>Maceió</localidade>
    <uf>AL</uf>
    <estado>Alagoas</estado>
    <região/>
    <ibge>2704302</ibge>
    <gia/>
    <ddd>82</ddd>
    <siafi>2785</siafi>
  </cep>
  <cep>
    <cep>57046-016</cep>
    <logradouro>Rua 7</logradouro>
    <complemento>(Lot Bosque da Serraria)</complemento>
    <unidade/>
    <bairro>Serraria</bairro>
    <localidade>Maceió</localidade>
    <uf>AL</uf>
    <estado>Alagoas</estado>
    <região/>
    <ibge>2704302</ibge>
    <gia/>
    <ddd>82</ddd>
    <siafi>2785</siafi>
  </cep>
  <cep>
    <cep>57046-018</cep>
    <logradouro>Rua 6</logradouro>
    <complemento>(Lot Bosque da Serraria)</complemento>
    <unidade/>
    <bairro>Serraria</bairro>
    <localidade>Maceió</localidade>
    <uf>AL</uf>
    <estado>Alagoas</estado>
    <região/>
    <ibge>2704302</ibge>
    <gia/>
    <ddd>82</ddd>
    <siafi>2785</siafi>
  </cep>
  <cep>
    <cep>57046-020</cep>
    <logradouro>Rua Enedina Augusta dos Santos Rocha</logradouro>
    <complemento/>
    <unidade/>
    <bairro>Serraria</bairro>
    <localidade>Maceió</localidade>
    <uf>AL</uf>
    <estado>Alagoas</estado>
    <região/>
    <ibge>2704302</ibge>
    <gia/>
    <ddd>82</ddd>
    <siafi>2785</siafi>
  </cep>
  <cep>
    <cep>57046-040</cep>
    <logradouro>Rua Carlos Jorge Valente Ferro</logradouro>
    <complemento/>
    <unidade/>
    <bairro>Serraria</bairro>
    <localidade>Maceió</localidade>
    <uf>AL</uf>
    <estado>Alagoas</estado>
    <região/>
    <ibge>2704302</ibge>
    <gia/>
    <ddd>82</ddd>
    <siafi>2785</siafi>
  </cep>
  <cep>
    <cep>57046-043</cep>
    <logradouro>Rua Cândido Gomes de Melo</logradouro>
    <complemento/>
    <unidade/>
    <bairro>Serraria</bairro>
    <localidade>Maceió</localidade>
    <uf>AL</uf>
    <estado>Alagoas</estado>
    <região/>
    <ibge>2704302</ibge>
    <gia/>
    <ddd>82</ddd>
    <siafi>2785</siafi>
  </cep>
  <cep>
    <cep>57046-045</cep>
    <logradouro>Rua Senhor Antônio Joaquim de Moura</logradouro>
    <complemento/>
    <unidade/>
    <bairro>Serraria</bairro>
    <localidade>Maceió</localidade>
    <uf>AL</uf>
    <estado>Alagoas</estado>
    <região/>
    <ibge>2704302</ibge>
    <gia/>
    <ddd>82</ddd>
    <siafi>2785</siafi>
  </cep>
  <cep>
    <cep>57046-047</cep>
    <logradouro>Quadra D</logradouro>
    <complemento>(Lot São Félix)</complemento>
    <unidade/>
    <bairro>Serraria</bairro>
    <localidade>Maceió</localidade>
    <uf>AL</uf>
    <estado>Alagoas</estado>
    <região/>
    <ibge>2704302</ibge>
    <gia/>
    <ddd>82</ddd>
    <siafi>2785</siafi>
  </cep>
  <cep>
    <cep>57046-060</cep>
    <logradouro>Rua Estudante Nabal Gil Sampaio e Silva Neto</logradouro>
    <complemento/>
    <unidade/>
    <bairro>Serraria</bairro>
    <localidade>Maceió</localidade>
    <uf>AL</uf>
    <estado>Alagoas</estado>
    <região/>
    <ibge>2704302</ibge>
    <gia/>
    <ddd>82</ddd>
    <siafi>2785</siafi>
  </cep>
  <cep>
    <cep>57046-090</cep>
    <logradouro>Rua Doutora Maria das Vitórias Santos Lima</logradouro>
    <complemento/>
    <unidade/>
    <bairro>Serraria</bairro>
    <localidade>Maceió</localidade>
    <uf>AL</uf>
    <estado>Alagoas</estado>
    <região/>
    <ibge>2704302</ibge>
    <gia/>
    <ddd>82</ddd>
    <siafi>2785</siafi>
  </cep>
  <cep>
    <cep>57046-095</cep>
    <logradouro>Rua Pastor Celestino João dos Santos</logradouro>
    <complemento/>
    <unidade/>
    <bairro>Serraria</bairro>
    <localidade>Maceió</localidade>
    <uf>AL</uf>
    <estado>Alagoas</estado>
    <região/>
    <ibge>2704302</ibge>
    <gia/>
    <ddd>82</ddd>
    <siafi>2785</siafi>
  </cep>
  <cep>
    <cep>57046-055</cep>
    <logradouro>Rua Antônio Lourenço</logradouro>
    <complemento/>
    <unidade/>
    <bairro>Serraria</bairro>
    <localidade>Maceió</localidade>
    <uf>AL</uf>
    <estado>Alagoas</estado>
    <região/>
    <ibge>2704302</ibge>
    <gia/>
    <ddd>82</ddd>
    <siafi>2785</siafi>
  </cep>
  <cep>
    <cep>57046-105</cep>
    <logradouro>Rua Cleóbulo Rizo</logradouro>
    <complemento/>
    <unidade/>
    <bairro>Serraria</bairro>
    <localidade>Maceió</localidade>
    <uf>AL</uf>
    <estado>Alagoas</estado>
    <região/>
    <ibge>2704302</ibge>
    <gia/>
    <ddd>82</ddd>
    <siafi>2785</siafi>
  </cep>
  <cep>
    <cep>57046-062</cep>
    <logradouro>Rua Projetada 1180</logradouro>
    <complemento/>
    <unidade/>
    <bairro>Serraria</bairro>
    <localidade>Maceió</localidade>
    <uf>AL</uf>
    <estado>Alagoas</estado>
    <região/>
    <ibge>2704302</ibge>
    <gia/>
    <ddd>82</ddd>
    <siafi>2785</siafi>
  </cep>
  <cep>
    <cep>57046-100</cep>
    <logradouro>Estrada dos Guaranís</logradouro>
    <complemento/>
    <unidade/>
    <bairro>Serraria</bairro>
    <localidade>Maceió</localidade>
    <uf>AL</uf>
    <estado>Alagoas</estado>
    <região/>
    <ibge>2704302</ibge>
    <gia/>
    <ddd>82</ddd>
    <siafi>2785</siafi>
  </cep>
  <cep>
    <cep>57046-135</cep>
    <logradouro>Rua Emília Ricardo de Lima</logradouro>
    <complemento/>
    <unidade/>
    <bairro>Serraria</bairro>
    <localidade>Maceió</localidade>
    <uf>AL</uf>
    <estado>Alagoas</estado>
    <região/>
    <ibge>2704302</ibge>
    <gia/>
    <ddd>82</ddd>
    <siafi>2785</siafi>
  </cep>
  <cep>
    <cep>57046-115</cep>
    <logradouro>Rua Doralice Moura</logradouro>
    <complemento/>
    <unidade/>
    <bairro>Serraria</bairro>
    <localidade>Maceió</localidade>
    <uf>AL</uf>
    <estado>Alagoas</estado>
    <região/>
    <ibge>2704302</ibge>
    <gia/>
    <ddd>82</ddd>
    <siafi>2785</siafi>
  </cep>
  <cep>
    <cep>57046-080</cep>
    <logradouro>Rua General João José Batista Tubino</logradouro>
    <complemento/>
    <unidade/>
    <bairro>Serraria</bairro>
    <localidade>Maceió</localidade>
    <uf>AL</uf>
    <estado>Alagoas</estado>
    <região/>
    <ibge>2704302</ibge>
    <gia/>
    <ddd>82</ddd>
    <siafi>2785</siafi>
  </cep>
  <cep>
    <cep>57046-136</cep>
    <logradouro>Rua Arthur Amorim Santos</logradouro>
    <complemento/>
    <unidade/>
    <bairro>Serraria</bairro>
    <localidade>Maceió</localidade>
    <uf>AL</uf>
    <estado>Alagoas</estado>
    <região/>
    <ibge>2704302</ibge>
    <gia/>
    <ddd>82</ddd>
    <siafi>2785</siafi>
  </cep>
  <cep>
    <cep>57046-137</cep>
    <logradouro>Rua Capitão Luacir Albuquerque Macário</logradouro>
    <complemento>(Lot Recanto da Serraria II)</complemento>
    <unidade/>
    <bairro>Serraria</bairro>
    <localidade>Maceió</localidade>
    <uf>AL</uf>
    <estado>Alagoas</estado>
    <região/>
    <ibge>2704302</ibge>
    <gia/>
    <ddd>82</ddd>
    <siafi>2785</siafi>
  </cep>
  <cep>
    <cep>57046-144</cep>
    <logradouro>Rua Ailton Torres</logradouro>
    <complemento/>
    <unidade/>
    <bairro>Serraria</bairro>
    <localidade>Maceió</localidade>
    <uf>AL</uf>
    <estado>Alagoas</estado>
    <região/>
    <ibge>2704302</ibge>
    <gia/>
    <ddd>82</ddd>
    <siafi>2785</siafi>
  </cep>
  <cep>
    <cep>57046-140</cep>
    <logradouro>Avenida Presidente Getúlio Vargas</logradouro>
    <complemento/>
    <unidade/>
    <bairro>Serraria</bairro>
    <localidade>Maceió</localidade>
    <uf>AL</uf>
    <estado>Alagoas</estado>
    <região/>
    <ibge>2704302</ibge>
    <gia/>
    <ddd>82</ddd>
    <siafi>2785</siafi>
  </cep>
  <cep>
    <cep>57046-150</cep>
    <logradouro>Rua Evilásio Canuto Marques</logradouro>
    <complemento/>
    <unidade/>
    <bairro>Serraria</bairro>
    <localidade>Maceió</localidade>
    <uf>AL</uf>
    <estado>Alagoas</estado>
    <região/>
    <ibge>2704302</ibge>
    <gia/>
    <ddd>82</ddd>
    <siafi>2785</siafi>
  </cep>
  <cep>
    <cep>57046-142</cep>
    <logradouro>Travessa Presidente Getúlio Vargas 2</logradouro>
    <complemento/>
    <unidade/>
    <bairro>Serraria</bairro>
    <localidade>Maceió</localidade>
    <uf>AL</uf>
    <estado>Alagoas</estado>
    <região/>
    <ibge>2704302</ibge>
    <gia/>
    <ddd>82</ddd>
    <siafi>2785</siafi>
  </cep>
  <cep>
    <cep>57046-163</cep>
    <logradouro>Rua C</logradouro>
    <complemento>(Lot Santa Terezinha)</complemento>
    <unidade/>
    <bairro>Serraria</bairro>
    <localidade>Maceió</localidade>
    <uf>AL</uf>
    <estado>Alagoas</estado>
    <região/>
    <ibge>2704302</ibge>
    <gia/>
    <ddd>82</ddd>
    <siafi>2785</siafi>
  </cep>
  <cep>
    <cep>57046-164</cep>
    <logradouro>Rua Alfredo Elizur Calheiros Júnior</logradouro>
    <complemento/>
    <unidade/>
    <bairro>Serraria</bairro>
    <localidade>Maceió</localidade>
    <uf>AL</uf>
    <estado>Alagoas</estado>
    <região/>
    <ibge>2704302</ibge>
    <gia/>
    <ddd>82</ddd>
    <siafi>2785</siafi>
  </cep>
  <cep>
    <cep>57046-205</cep>
    <logradouro>Rua José Inácio Melo Sá</logradouro>
    <complemento/>
    <unidade/>
    <bairro>Serraria</bairro>
    <localidade>Maceió</localidade>
    <uf>AL</uf>
    <estado>Alagoas</estado>
    <região/>
    <ibge>2704302</ibge>
    <gia/>
    <ddd>82</ddd>
    <siafi>2785</siafi>
  </cep>
  <cep>
    <cep>57046-161</cep>
    <logradouro>Rua Araci Martins da Silva</logradouro>
    <complemento/>
    <unidade/>
    <bairro>Serraria</bairro>
    <localidade>Maceió</localidade>
    <uf>AL</uf>
    <estado>Alagoas</estado>
    <região/>
    <ibge>2704302</ibge>
    <gia/>
    <ddd>82</ddd>
    <siafi>2785</siafi>
  </cep>
  <cep>
    <cep>57046-185</cep>
    <logradouro>Rua Senhor José Bezerra Júnior</logradouro>
    <complemento/>
    <unidade/>
    <bairro>Serraria</bairro>
    <localidade>Maceió</localidade>
    <uf>AL</uf>
    <estado>Alagoas</estado>
    <região/>
    <ibge>2704302</ibge>
    <gia/>
    <ddd>82</ddd>
    <siafi>2785</siafi>
  </cep>
  <cep>
    <cep>57046-240</cep>
    <logradouro>Rua Lord Baden Powell</logradouro>
    <complemento/>
    <unidade/>
    <bairro>Serraria</bairro>
    <localidade>Maceió</localidade>
    <uf>AL</uf>
    <estado>Alagoas</estado>
    <região/>
    <ibge>2704302</ibge>
    <gia/>
    <ddd>82</ddd>
    <siafi>2785</siafi>
  </cep>
  <cep>
    <cep>57046-250</cep>
    <logradouro>Rua João Luiz Montenegro Mendonça</logradouro>
    <complemento/>
    <unidade/>
    <bairro>Serraria</bairro>
    <localidade>Maceió</localidade>
    <uf>AL</uf>
    <estado>Alagoas</estado>
    <região/>
    <ibge>2704302</ibge>
    <gia/>
    <ddd>82</ddd>
    <siafi>2785</siafi>
  </cep>
  <cep>
    <cep>57046-255</cep>
    <logradouro>Rua Gruta Poço Azul</logradouro>
    <complemento/>
    <unidade/>
    <bairro>Serraria</bairro>
    <localidade>Maceió</localidade>
    <uf>AL</uf>
    <estado>Alagoas</estado>
    <região/>
    <ibge>2704302</ibge>
    <gia/>
    <ddd>82</ddd>
    <siafi>2785</siafi>
  </cep>
  <cep>
    <cep>57046-258</cep>
    <logradouro>Rua João Passos Accioly</logradouro>
    <complemento/>
    <unidade/>
    <bairro>Serraria</bairro>
    <localidade>Maceió</localidade>
    <uf>AL</uf>
    <estado>Alagoas</estado>
    <região/>
    <ibge>2704302</ibge>
    <gia/>
    <ddd>82</ddd>
    <siafi>2785</siafi>
  </cep>
  <cep>
    <cep>57046-162</cep>
    <logradouro>Rua Amália Pereira dos Santos</logradouro>
    <complemento/>
    <unidade/>
    <bairro>Serraria</bairro>
    <localidade>Maceió</localidade>
    <uf>AL</uf>
    <estado>Alagoas</estado>
    <região/>
    <ibge>2704302</ibge>
    <gia/>
    <ddd>82</ddd>
    <siafi>2785</siafi>
  </cep>
  <cep>
    <cep>57046-242</cep>
    <logradouro>Rua Ortígia Artur Jucá Arbage</logradouro>
    <complemento/>
    <unidade/>
    <bairro>Serraria</bairro>
    <localidade>Maceió</localidade>
    <uf>AL</uf>
    <estado>Alagoas</estado>
    <região/>
    <ibge>2704302</ibge>
    <gia/>
    <ddd>82</ddd>
    <siafi>2785</siafi>
  </cep>
  <cep>
    <cep>57046-165</cep>
    <logradouro>Rua Germano Santos</logradouro>
    <complemento/>
    <unidade/>
    <bairro>Serraria</bairro>
    <localidade>Maceió</localidade>
    <uf>AL</uf>
    <estado>Alagoas</estado>
    <região/>
    <ibge>2704302</ibge>
    <gia/>
    <ddd>82</ddd>
    <siafi>2785</siafi>
  </cep>
  <cep>
    <cep>57046-246</cep>
    <logradouro>Rua Edmilson Mendonça Navarro</logradouro>
    <complemento/>
    <unidade/>
    <bairro>Serraria</bairro>
    <localidade>Maceió</localidade>
    <uf>AL</uf>
    <estado>Alagoas</estado>
    <região/>
    <ibge>2704302</ibge>
    <gia/>
    <ddd>82</ddd>
    <siafi>2785</siafi>
  </cep>
  <cep>
    <cep>57046-190</cep>
    <logradouro>Rua Advogado Nelson de Souza</logradouro>
    <complemento/>
    <unidade/>
    <bairro>Serraria</bairro>
    <localidade>Maceió</localidade>
    <uf>AL</uf>
    <estado>Alagoas</estado>
    <região/>
    <ibge>2704302</ibge>
    <gia/>
    <ddd>82</ddd>
    <siafi>2785</siafi>
  </cep>
  <cep>
    <cep>57046-256</cep>
    <logradouro>Rua Progresso</logradouro>
    <complemento/>
    <unidade/>
    <bairro>Serraria</bairro>
    <localidade>Maceió</localidade>
    <uf>AL</uf>
    <estado>Alagoas</estado>
    <região/>
    <ibge>2704302</ibge>
    <gia/>
    <ddd>82</ddd>
    <siafi>2785</siafi>
  </cep>
  <cep>
    <cep>57046-275</cep>
    <logradouro>Rua Projetada I</logradouro>
    <complemento>(Lot Carajás II)</complemento>
    <unidade/>
    <bairro>Serraria</bairro>
    <localidade>Maceió</localidade>
    <uf>AL</uf>
    <estado>Alagoas</estado>
    <região/>
    <ibge>2704302</ibge>
    <gia/>
    <ddd>82</ddd>
    <siafi>2785</siafi>
  </cep>
  <cep>
    <cep>57046-244</cep>
    <logradouro>Rua Manoel Américo da Silva</logradouro>
    <complemento/>
    <unidade/>
    <bairro>Serraria</bairro>
    <localidade>Maceió</localidade>
    <uf>AL</uf>
    <estado>Alagoas</estado>
    <região/>
    <ibge>2704302</ibge>
    <gia/>
    <ddd>82</ddd>
    <siafi>2785</siafi>
  </cep>
  <cep>
    <cep>57046-288</cep>
    <logradouro>Rua 02</logradouro>
    <complemento>(Lot Gerson Lopes)</complemento>
    <unidade/>
    <bairro>Serraria</bairro>
    <localidade>Maceió</localidade>
    <uf>AL</uf>
    <estado>Alagoas</estado>
    <região/>
    <ibge>2704302</ibge>
    <gia/>
    <ddd>82</ddd>
    <siafi>2785</siafi>
  </cep>
  <cep>
    <cep>57046-286</cep>
    <logradouro>Rua 01</logradouro>
    <complemento>(Lot Gerson Lopes)</complemento>
    <unidade/>
    <bairro>Serraria</bairro>
    <localidade>Maceió</localidade>
    <uf>AL</uf>
    <estado>Alagoas</estado>
    <região/>
    <ibge>2704302</ibge>
    <gia/>
    <ddd>82</ddd>
    <siafi>2785</siafi>
  </cep>
  <cep>
    <cep>57046-290</cep>
    <logradouro>Rua 03</logradouro>
    <complemento>(Lot Gerson Lopes)</complemento>
    <unidade/>
    <bairro>Serraria</bairro>
    <localidade>Maceió</localidade>
    <uf>AL</uf>
    <estado>Alagoas</estado>
    <região/>
    <ibge>2704302</ibge>
    <gia/>
    <ddd>82</ddd>
    <siafi>2785</siafi>
  </cep>
  <cep>
    <cep>57046-280</cep>
    <logradouro>Rua Enaura da Rocha Fernandes</logradouro>
    <complemento/>
    <unidade/>
    <bairro>Serraria</bairro>
    <localidade>Maceió</localidade>
    <uf>AL</uf>
    <estado>Alagoas</estado>
    <região/>
    <ibge>2704302</ibge>
    <gia/>
    <ddd>82</ddd>
    <siafi>2785</siafi>
  </cep>
  <cep>
    <cep>57046-285</cep>
    <logradouro>Rua Luiz Silva Lima</logradouro>
    <complemento/>
    <unidade/>
    <bairro>Serraria</bairro>
    <localidade>Maceió</localidade>
    <uf>AL</uf>
    <estado>Alagoas</estado>
    <região/>
    <ibge>2704302</ibge>
    <gia/>
    <ddd>82</ddd>
    <siafi>2785</siafi>
  </cep>
  <cep>
    <cep>57046-295</cep>
    <logradouro>Estrada do Gama</logradouro>
    <complemento/>
    <unidade/>
    <bairro>Serraria</bairro>
    <localidade>Maceió</localidade>
    <uf>AL</uf>
    <estado>Alagoas</estado>
    <região/>
    <ibge>2704302</ibge>
    <gia/>
    <ddd>82</ddd>
    <siafi>2785</siafi>
  </cep>
  <cep>
    <cep>57046-292</cep>
    <logradouro>Rua 04</logradouro>
    <complemento>(Lot Gerson Lopes)</complemento>
    <unidade/>
    <bairro>Serraria</bairro>
    <localidade>Maceió</localidade>
    <uf>AL</uf>
    <estado>Alagoas</estado>
    <região/>
    <ibge>2704302</ibge>
    <gia/>
    <ddd>82</ddd>
    <siafi>2785</siafi>
  </cep>
  <cep>
    <cep>57046-294</cep>
    <logradouro>Rua 05</logradouro>
    <complemento>(Lot Gerson Lopes)</complemento>
    <unidade/>
    <bairro>Serraria</bairro>
    <localidade>Maceió</localidade>
    <uf>AL</uf>
    <estado>Alagoas</estado>
    <região/>
    <ibge>2704302</ibge>
    <gia/>
    <ddd>82</ddd>
    <siafi>2785</siafi>
  </cep>
  <cep>
    <cep>57045-670</cep>
    <logradouro>Rua Adeildo Nepomuceno</logradouro>
    <complemento/>
    <unidade/>
    <bairro>Barro Duro</bairro>
    <localidade>Maceió</localidade>
    <uf>AL</uf>
    <estado>Alagoas</estado>
    <região/>
    <ibge>2704302</ibge>
    <gia/>
    <ddd>82</ddd>
    <siafi>2785</siafi>
  </cep>
  <cep>
    <cep>57046-296</cep>
    <logradouro>Rua Gabriel Cavalcante</logradouro>
    <complemento>(Res Orion)</complemento>
    <unidade/>
    <bairro>Serraria</bairro>
    <localidade>Maceió</localidade>
    <uf>AL</uf>
    <estado>Alagoas</estado>
    <região/>
    <ibge>2704302</ibge>
    <gia/>
    <ddd>82</ddd>
    <siafi>2785</siafi>
  </cep>
  <cep>
    <cep>57046-298</cep>
    <logradouro>Rua Projetada A</logradouro>
    <complemento>(Res Caminho do Mar)</complemento>
    <unidade/>
    <bairro>Serraria</bairro>
    <localidade>Maceió</localidade>
    <uf>AL</uf>
    <estado>Alagoas</estado>
    <região/>
    <ibge>2704302</ibge>
    <gia/>
    <ddd>82</ddd>
    <siafi>2785</siafi>
  </cep>
  <cep>
    <cep>57046-297</cep>
    <logradouro>Quadra B</logradouro>
    <complemento>(Lot Orion)</complemento>
    <unidade/>
    <bairro>Serraria</bairro>
    <localidade>Maceió</localidade>
    <uf>AL</uf>
    <estado>Alagoas</estado>
    <região/>
    <ibge>2704302</ibge>
    <gia/>
    <ddd>82</ddd>
    <siafi>2785</siafi>
  </cep>
  <cep>
    <cep>57046-300</cep>
    <logradouro>Rua Manoel Correia de Oliveira</logradouro>
    <complemento/>
    <unidade/>
    <bairro>Serraria</bairro>
    <localidade>Maceió</localidade>
    <uf>AL</uf>
    <estado>Alagoas</estado>
    <região/>
    <ibge>2704302</ibge>
    <gia/>
    <ddd>82</ddd>
    <siafi>2785</siafi>
  </cep>
  <cep>
    <cep>57046-301</cep>
    <logradouro>Avenida Santa Ana</logradouro>
    <complemento/>
    <unidade/>
    <bairro>Serraria</bairro>
    <localidade>Maceió</localidade>
    <uf>AL</uf>
    <estado>Alagoas</estado>
    <região/>
    <ibge>2704302</ibge>
    <gia/>
    <ddd>82</ddd>
    <siafi>2785</siafi>
  </cep>
  <cep>
    <cep>57046-302</cep>
    <logradouro>Rua da Mãe Rainha</logradouro>
    <complemento/>
    <unidade/>
    <bairro>Serraria</bairro>
    <localidade>Maceió</localidade>
    <uf>AL</uf>
    <estado>Alagoas</estado>
    <região/>
    <ibge>2704302</ibge>
    <gia/>
    <ddd>82</ddd>
    <siafi>2785</siafi>
  </cep>
  <cep>
    <cep>57046-315</cep>
    <logradouro>Rua Pastor Manoel Pereira</logradouro>
    <complemento/>
    <unidade/>
    <bairro>Serraria</bairro>
    <localidade>Maceió</localidade>
    <uf>AL</uf>
    <estado>Alagoas</estado>
    <região/>
    <ibge>2704302</ibge>
    <gia/>
    <ddd>82</ddd>
    <siafi>2785</siafi>
  </cep>
  <cep>
    <cep>57046-305</cep>
    <logradouro>Rua Professor Domingo Sendino de Valles</logradouro>
    <complemento/>
    <unidade/>
    <bairro>Serraria</bairro>
    <localidade>Maceió</localidade>
    <uf>AL</uf>
    <estado>Alagoas</estado>
    <região/>
    <ibge>2704302</ibge>
    <gia/>
    <ddd>82</ddd>
    <siafi>2785</siafi>
  </cep>
  <cep>
    <cep>57046-310</cep>
    <logradouro>Rua Prefeito Álvaro Guedes Nogueira</logradouro>
    <complemento/>
    <unidade/>
    <bairro>Serraria</bairro>
    <localidade>Maceió</localidade>
    <uf>AL</uf>
    <estado>Alagoas</estado>
    <região/>
    <ibge>2704302</ibge>
    <gia/>
    <ddd>82</ddd>
    <siafi>2785</siafi>
  </cep>
  <cep>
    <cep>57046-320</cep>
    <logradouro>Rua Pedro de Melo Mota</logradouro>
    <complemento/>
    <unidade/>
    <bairro>Serraria</bairro>
    <localidade>Maceió</localidade>
    <uf>AL</uf>
    <estado>Alagoas</estado>
    <região/>
    <ibge>2704302</ibge>
    <gia/>
    <ddd>82</ddd>
    <siafi>2785</siafi>
  </cep>
  <cep>
    <cep>57046-340</cep>
    <logradouro>Conjunto Senador Rui Palmeira</logradouro>
    <complemento/>
    <unidade/>
    <bairro>Serraria</bairro>
    <localidade>Maceió</localidade>
    <uf>AL</uf>
    <estado>Alagoas</estado>
    <região/>
    <ibge>2704302</ibge>
    <gia/>
    <ddd>82</ddd>
    <siafi>2785</siafi>
  </cep>
  <cep>
    <cep>57046-351</cep>
    <logradouro>Rua Senhora Maria Adeilde Camelo</logradouro>
    <complemento/>
    <unidade/>
    <bairro>Serraria</bairro>
    <localidade>Maceió</localidade>
    <uf>AL</uf>
    <estado>Alagoas</estado>
    <região/>
    <ibge>2704302</ibge>
    <gia/>
    <ddd>82</ddd>
    <siafi>2785</siafi>
  </cep>
  <cep>
    <cep>57046-355</cep>
    <logradouro>Rua Felipe dos Anjos Feitosa</logradouro>
    <complemento/>
    <unidade/>
    <bairro>Serraria</bairro>
    <localidade>Maceió</localidade>
    <uf>AL</uf>
    <estado>Alagoas</estado>
    <região/>
    <ibge>2704302</ibge>
    <gia/>
    <ddd>82</ddd>
    <siafi>2785</siafi>
  </cep>
  <cep>
    <cep>57046-345</cep>
    <logradouro>Rua Mozart Bernardo de Mello</logradouro>
    <complemento/>
    <unidade/>
    <bairro>Serraria</bairro>
    <localidade>Maceió</localidade>
    <uf>AL</uf>
    <estado>Alagoas</estado>
    <região/>
    <ibge>2704302</ibge>
    <gia/>
    <ddd>82</ddd>
    <siafi>2785</siafi>
  </cep>
  <cep>
    <cep>57046-341</cep>
    <logradouro>Rua Adolfo Gustavo</logradouro>
    <complemento/>
    <unidade/>
    <bairro>Serraria</bairro>
    <localidade>Maceió</localidade>
    <uf>AL</uf>
    <estado>Alagoas</estado>
    <região/>
    <ibge>2704302</ibge>
    <gia/>
    <ddd>82</ddd>
    <siafi>2785</siafi>
  </cep>
  <cep>
    <cep>57046-367</cep>
    <logradouro>Rua Átila Brandão</logradouro>
    <complemento/>
    <unidade/>
    <bairro>Serraria</bairro>
    <localidade>Maceió</localidade>
    <uf>AL</uf>
    <estado>Alagoas</estado>
    <região/>
    <ibge>2704302</ibge>
    <gia/>
    <ddd>82</ddd>
    <siafi>2785</siafi>
  </cep>
  <cep>
    <cep>57046-352</cep>
    <logradouro>Conjunto Residencial Luiz dos Anjos</logradouro>
    <complemento/>
    <unidade/>
    <bairro>Serraria</bairro>
    <localidade>Maceió</localidade>
    <uf>AL</uf>
    <estado>Alagoas</estado>
    <região/>
    <ibge>2704302</ibge>
    <gia/>
    <ddd>82</ddd>
    <siafi>2785</siafi>
  </cep>
  <cep>
    <cep>57046-361</cep>
    <logradouro>Residencial San Nicolas</logradouro>
    <complemento/>
    <unidade/>
    <bairro>Serraria</bairro>
    <localidade>Maceió</localidade>
    <uf>AL</uf>
    <estado>Alagoas</estado>
    <região/>
    <ibge>2704302</ibge>
    <gia/>
    <ddd>82</ddd>
    <siafi>2785</siafi>
  </cep>
  <cep>
    <cep>57046-350</cep>
    <logradouro>Conjunto José Tenório de Albuquerque Lins</logradouro>
    <complemento/>
    <unidade/>
    <bairro>Serraria</bairro>
    <localidade>Maceió</localidade>
    <uf>AL</uf>
    <estado>Alagoas</estado>
    <região/>
    <ibge>2704302</ibge>
    <gia/>
    <ddd>82</ddd>
    <siafi>2785</siafi>
  </cep>
  <cep>
    <cep>57046-360</cep>
    <logradouro>Estrada dos Caetés</logradouro>
    <complemento/>
    <unidade/>
    <bairro>Serraria</bairro>
    <localidade>Maceió</localidade>
    <uf>AL</uf>
    <estado>Alagoas</estado>
    <região/>
    <ibge>2704302</ibge>
    <gia/>
    <ddd>82</ddd>
    <siafi>2785</siafi>
  </cep>
  <cep>
    <cep>57046-366</cep>
    <logradouro>Rua Luiz Correia</logradouro>
    <complemento/>
    <unidade/>
    <bairro>Serraria</bairro>
    <localidade>Maceió</localidade>
    <uf>AL</uf>
    <estado>Alagoas</estado>
    <região/>
    <ibge>2704302</ibge>
    <gia/>
    <ddd>82</ddd>
    <siafi>2785</siafi>
  </cep>
  <cep>
    <cep>57046-380</cep>
    <logradouro>Rua dos Capixabas</logradouro>
    <complemento/>
    <unidade/>
    <bairro>Serraria</bairro>
    <localidade>Maceió</localidade>
    <uf>AL</uf>
    <estado>Alagoas</estado>
    <região/>
    <ibge>2704302</ibge>
    <gia/>
    <ddd>82</ddd>
    <siafi>2785</siafi>
  </cep>
  <cep>
    <cep>57046-410</cep>
    <logradouro>Avenida Presidente Roosevelt</logradouro>
    <complemento/>
    <unidade/>
    <bairro>Serraria</bairro>
    <localidade>Maceió</localidade>
    <uf>AL</uf>
    <estado>Alagoas</estado>
    <região/>
    <ibge>2704302</ibge>
    <gia/>
    <ddd>82</ddd>
    <siafi>2785</siafi>
  </cep>
  <cep>
    <cep>57046-430</cep>
    <logradouro>Rua São Carlos</logradouro>
    <complemento/>
    <unidade/>
    <bairro>Serraria</bairro>
    <localidade>Maceió</localidade>
    <uf>AL</uf>
    <estado>Alagoas</estado>
    <região/>
    <ibge>2704302</ibge>
    <gia/>
    <ddd>82</ddd>
    <siafi>2785</siafi>
  </cep>
  <cep>
    <cep>57046-416</cep>
    <logradouro>Rua Francisco Moreira</logradouro>
    <complemento/>
    <unidade/>
    <bairro>Serraria</bairro>
    <localidade>Maceió</localidade>
    <uf>AL</uf>
    <estado>Alagoas</estado>
    <região/>
    <ibge>2704302</ibge>
    <gia/>
    <ddd>82</ddd>
    <siafi>2785</siafi>
  </cep>
  <cep>
    <cep>57046-431</cep>
    <logradouro>Travessa São Carlos</logradouro>
    <complemento/>
    <unidade/>
    <bairro>Serraria</bairro>
    <localidade>Maceió</localidade>
    <uf>AL</uf>
    <estado>Alagoas</estado>
    <região/>
    <ibge>2704302</ibge>
    <gia/>
    <ddd>82</ddd>
    <siafi>2785</siafi>
  </cep>
  <cep>
    <cep>57046-435</cep>
    <logradouro>Rua Nelson Osório</logradouro>
    <complemento/>
    <unidade/>
    <bairro>Serraria</bairro>
    <localidade>Maceió</localidade>
    <uf>AL</uf>
    <estado>Alagoas</estado>
    <região/>
    <ibge>2704302</ibge>
    <gia/>
    <ddd>82</ddd>
    <siafi>2785</siafi>
  </cep>
  <cep>
    <cep>57046-455</cep>
    <logradouro>Rua Escritora Heliônia Ceres</logradouro>
    <complemento/>
    <unidade/>
    <bairro>Serraria</bairro>
    <localidade>Maceió</localidade>
    <uf>AL</uf>
    <estado>Alagoas</estado>
    <região/>
    <ibge>2704302</ibge>
    <gia/>
    <ddd>82</ddd>
    <siafi>2785</siafi>
  </cep>
  <cep>
    <cep>57046-440</cep>
    <logradouro>Rua Adherbal Areccipo Barros Teixeira</logradouro>
    <complemento>(Lot Califórnia)</complemento>
    <unidade/>
    <bairro>Serraria</bairro>
    <localidade>Maceió</localidade>
    <uf>AL</uf>
    <estado>Alagoas</estado>
    <região/>
    <ibge>2704302</ibge>
    <gia/>
    <ddd>82</ddd>
    <siafi>2785</siafi>
  </cep>
  <cep>
    <cep>57046-445</cep>
    <logradouro>Rua Paulo Lôbo Assumpção</logradouro>
    <complemento/>
    <unidade/>
    <bairro>Serraria</bairro>
    <localidade>Maceió</localidade>
    <uf>AL</uf>
    <estado>Alagoas</estado>
    <região/>
    <ibge>2704302</ibge>
    <gia/>
    <ddd>82</ddd>
    <siafi>2785</siafi>
  </cep>
  <cep>
    <cep>57046-460</cep>
    <logradouro>Rua Tupinambás</logradouro>
    <complemento/>
    <unidade/>
    <bairro>Serraria</bairro>
    <localidade>Maceió</localidade>
    <uf>AL</uf>
    <estado>Alagoas</estado>
    <região/>
    <ibge>2704302</ibge>
    <gia/>
    <ddd>82</ddd>
    <siafi>2785</siafi>
  </cep>
  <cep>
    <cep>57046-465</cep>
    <logradouro>Rua Jornalista Nilton Oliveira</logradouro>
    <complemento/>
    <unidade/>
    <bairro>Serraria</bairro>
    <localidade>Maceió</localidade>
    <uf>AL</uf>
    <estado>Alagoas</estado>
    <região/>
    <ibge>2704302</ibge>
    <gia/>
    <ddd>82</ddd>
    <siafi>2785</siafi>
  </cep>
  <cep>
    <cep>57046-481</cep>
    <logradouro>Rua AB</logradouro>
    <complemento>(Cj Vale da Serraria)</complemento>
    <unidade/>
    <bairro>Serraria</bairro>
    <localidade>Maceió</localidade>
    <uf>AL</uf>
    <estado>Alagoas</estado>
    <região/>
    <ibge>2704302</ibge>
    <gia/>
    <ddd>82</ddd>
    <siafi>2785</siafi>
  </cep>
  <cep>
    <cep>57046-485</cep>
    <logradouro>Rua Doutor Paulo Roberto Chagas</logradouro>
    <complemento/>
    <unidade/>
    <bairro>Serraria</bairro>
    <localidade>Maceió</localidade>
    <uf>AL</uf>
    <estado>Alagoas</estado>
    <região/>
    <ibge>2704302</ibge>
    <gia/>
    <ddd>82</ddd>
    <siafi>2785</siafi>
  </cep>
  <cep>
    <cep>57046-482</cep>
    <logradouro>Rua Walter Leão Xavier Júnior</logradouro>
    <complemento>(Cj Vale da Serraria)</complemento>
    <unidade/>
    <bairro>Serraria</bairro>
    <localidade>Maceió</localidade>
    <uf>AL</uf>
    <estado>Alagoas</estado>
    <região/>
    <ibge>2704302</ibge>
    <gia/>
    <ddd>82</ddd>
    <siafi>2785</siafi>
  </cep>
  <cep>
    <cep>57046-480</cep>
    <logradouro>Conjunto Vale da Serraria</logradouro>
    <complemento/>
    <unidade/>
    <bairro>Serraria</bairro>
    <localidade>Maceió</localidade>
    <uf>AL</uf>
    <estado>Alagoas</estado>
    <região/>
    <ibge>2704302</ibge>
    <gia/>
    <ddd>82</ddd>
    <siafi>2785</siafi>
  </cep>
  <cep>
    <cep>57046-475</cep>
    <logradouro>Rua Jornalista Noaldo Dantas</logradouro>
    <complemento/>
    <unidade/>
    <bairro>Serraria</bairro>
    <localidade>Maceió</localidade>
    <uf>AL</uf>
    <estado>Alagoas</estado>
    <região/>
    <ibge>2704302</ibge>
    <gia/>
    <ddd>82</ddd>
    <siafi>2785</siafi>
  </cep>
  <cep>
    <cep>57046-505</cep>
    <logradouro>Rua Senhor Roberval Montenegro do Nascimento</logradouro>
    <complemento/>
    <unidade/>
    <bairro>Serraria</bairro>
    <localidade>Maceió</localidade>
    <uf>AL</uf>
    <estado>Alagoas</estado>
    <região/>
    <ibge>2704302</ibge>
    <gia/>
    <ddd>82</ddd>
    <siafi>2785</siafi>
  </cep>
  <cep>
    <cep>57046-510</cep>
    <logradouro>Rua Nair da Cunha Moreira</logradouro>
    <complemento/>
    <unidade/>
    <bairro>Serraria</bairro>
    <localidade>Maceió</localidade>
    <uf>AL</uf>
    <estado>Alagoas</estado>
    <região/>
    <ibge>2704302</ibge>
    <gia/>
    <ddd>82</ddd>
    <siafi>2785</siafi>
  </cep>
  <cep>
    <cep>57046-512</cep>
    <logradouro>Quadra B</logradouro>
    <complemento>(Lot Bosque das Palmeiras)</complemento>
    <unidade/>
    <bairro>Serraria</bairro>
    <localidade>Maceió</localidade>
    <uf>AL</uf>
    <estado>Alagoas</estado>
    <região/>
    <ibge>2704302</ibge>
    <gia/>
    <ddd>82</ddd>
    <siafi>2785</siafi>
  </cep>
  <cep>
    <cep>57046-511</cep>
    <logradouro>Quadra A</logradouro>
    <complemento>(Lot Bosque das Palmeiras)</complemento>
    <unidade/>
    <bairro>Serraria</bairro>
    <localidade>Maceió</localidade>
    <uf>AL</uf>
    <estado>Alagoas</estado>
    <região/>
    <ibge>2704302</ibge>
    <gia/>
    <ddd>82</ddd>
    <siafi>2785</siafi>
  </cep>
  <cep>
    <cep>57046-513</cep>
    <logradouro>Quadra C</logradouro>
    <complemento>(Lot Bosque das Palmeiras)</complemento>
    <unidade/>
    <bairro>Serraria</bairro>
    <localidade>Maceió</localidade>
    <uf>AL</uf>
    <estado>Alagoas</estado>
    <região/>
    <ibge>2704302</ibge>
    <gia/>
    <ddd>82</ddd>
    <siafi>2785</siafi>
  </cep>
  <cep>
    <cep>57046-514</cep>
    <logradouro>Quadra D</logradouro>
    <complemento>(Lot Bosque das Palmeiras)</complemento>
    <unidade/>
    <bairro>Serraria</bairro>
    <localidade>Maceió</localidade>
    <uf>AL</uf>
    <estado>Alagoas</estado>
    <região/>
    <ibge>2704302</ibge>
    <gia/>
    <ddd>82</ddd>
    <siafi>2785</siafi>
  </cep>
  <cep>
    <cep>57046-517</cep>
    <logradouro>Quadra G</logradouro>
    <complemento>(Lot Bosque das Palmeiras)</complemento>
    <unidade/>
    <bairro>Serraria</bairro>
    <localidade>Maceió</localidade>
    <uf>AL</uf>
    <estado>Alagoas</estado>
    <região/>
    <ibge>2704302</ibge>
    <gia/>
    <ddd>82</ddd>
    <siafi>2785</siafi>
  </cep>
  <cep>
    <cep>57046-518</cep>
    <logradouro>Quadra H</logradouro>
    <complemento>(Lot Bosque das Palmeiras)</complemento>
    <unidade/>
    <bairro>Serraria</bairro>
    <localidade>Maceió</localidade>
    <uf>AL</uf>
    <estado>Alagoas</estado>
    <região/>
    <ibge>2704302</ibge>
    <gia/>
    <ddd>82</ddd>
    <siafi>2785</siafi>
  </cep>
  <cep>
    <cep>57046-519</cep>
    <logradouro>Quadra I</logradouro>
    <complemento>(Lot Bosque das Palmeiras)</complemento>
    <unidade/>
    <bairro>Serraria</bairro>
    <localidade>Maceió</localidade>
    <uf>AL</uf>
    <estado>Alagoas</estado>
    <região/>
    <ibge>2704302</ibge>
    <gia/>
    <ddd>82</ddd>
    <siafi>2785</siafi>
  </cep>
  <cep>
    <cep>57046-523</cep>
    <logradouro>Quadra K</logradouro>
    <complemento>(Lot B das Palmeiras)</complemento>
    <unidade/>
    <bairro>Serraria</bairro>
    <localidade>Maceió</localidade>
    <uf>AL</uf>
    <estado>Alagoas</estado>
    <região/>
    <ibge>2704302</ibge>
    <gia/>
    <ddd>82</ddd>
    <siafi>2785</siafi>
  </cep>
  <cep>
    <cep>57046-516</cep>
    <logradouro>Rua em Projeto F</logradouro>
    <complemento>(Lot Bosque das Palmeiras)</complemento>
    <unidade/>
    <bairro>Serraria</bairro>
    <localidade>Maceió</localidade>
    <uf>AL</uf>
    <estado>Alagoas</estado>
    <região/>
    <ibge>2704302</ibge>
    <gia/>
    <ddd>82</ddd>
    <siafi>2785</siafi>
  </cep>
  <cep>
    <cep>57046-522</cep>
    <logradouro>Quadra J</logradouro>
    <complemento>(Lot B das Palmeiras)</complemento>
    <unidade/>
    <bairro>Serraria</bairro>
    <localidade>Maceió</localidade>
    <uf>AL</uf>
    <estado>Alagoas</estado>
    <região/>
    <ibge>2704302</ibge>
    <gia/>
    <ddd>82</ddd>
    <siafi>2785</siafi>
  </cep>
  <cep>
    <cep>57046-521</cep>
    <logradouro>Quadra E</logradouro>
    <complemento>(Lot Bosque das Palmeiras)</complemento>
    <unidade/>
    <bairro>Serraria</bairro>
    <localidade>Maceió</localidade>
    <uf>AL</uf>
    <estado>Alagoas</estado>
    <região/>
    <ibge>2704302</ibge>
    <gia/>
    <ddd>82</ddd>
    <siafi>2785</siafi>
  </cep>
  <cep>
    <cep>57046-525</cep>
    <logradouro>Rua Thillys Malta</logradouro>
    <complemento/>
    <unidade/>
    <bairro>Serraria</bairro>
    <localidade>Maceió</localidade>
    <uf>AL</uf>
    <estado>Alagoas</estado>
    <região/>
    <ibge>2704302</ibge>
    <gia/>
    <ddd>82</ddd>
    <siafi>2785</siafi>
  </cep>
  <cep>
    <cep>57046-526</cep>
    <logradouro>Rua Q - AB</logradouro>
    <complemento>(Lot Brisa da Serraria)</complemento>
    <unidade/>
    <bairro>Serraria</bairro>
    <localidade>Maceió</localidade>
    <uf>AL</uf>
    <estado>Alagoas</estado>
    <região/>
    <ibge>2704302</ibge>
    <gia/>
    <ddd>82</ddd>
    <siafi>2785</siafi>
  </cep>
  <cep>
    <cep>57046-530</cep>
    <logradouro>Rua Edilson Lins de Araújo</logradouro>
    <complemento/>
    <unidade/>
    <bairro>Serraria</bairro>
    <localidade>Maceió</localidade>
    <uf>AL</uf>
    <estado>Alagoas</estado>
    <região/>
    <ibge>2704302</ibge>
    <gia/>
    <ddd>82</ddd>
    <siafi>2785</siafi>
  </cep>
  <cep>
    <cep>57046-535</cep>
    <logradouro>Rua Mestre Zumba</logradouro>
    <complemento/>
    <unidade/>
    <bairro>Serraria</bairro>
    <localidade>Maceió</localidade>
    <uf>AL</uf>
    <estado>Alagoas</estado>
    <região/>
    <ibge>2704302</ibge>
    <gia/>
    <ddd>82</ddd>
    <siafi>2785</siafi>
  </cep>
  <cep>
    <cep>57046-541</cep>
    <logradouro>Rua Piloto Rivaldo Paurílio Cardoso</logradouro>
    <complemento>(Lot Recanto da Serraria III)</complemento>
    <unidade/>
    <bairro>Serraria</bairro>
    <localidade>Maceió</localidade>
    <uf>AL</uf>
    <estado>Alagoas</estado>
    <região/>
    <ibge>2704302</ibge>
    <gia/>
    <ddd>82</ddd>
    <siafi>2785</siafi>
  </cep>
  <cep>
    <cep>57046-543</cep>
    <logradouro>Rua Abdias do Nascimento</logradouro>
    <complemento>(Lot Recanto da Serraria III)</complemento>
    <unidade/>
    <bairro>Serraria</bairro>
    <localidade>Maceió</localidade>
    <uf>AL</uf>
    <estado>Alagoas</estado>
    <região/>
    <ibge>2704302</ibge>
    <gia/>
    <ddd>82</ddd>
    <siafi>2785</siafi>
  </cep>
  <cep>
    <cep>57046-545</cep>
    <logradouro>Rua Maria Isabel Maia Pio dos Santos</logradouro>
    <complemento>(Lot Recanto da Serraria III)</complemento>
    <unidade/>
    <bairro>Serraria</bairro>
    <localidade>Maceió</localidade>
    <uf>AL</uf>
    <estado>Alagoas</estado>
    <região/>
    <ibge>2704302</ibge>
    <gia/>
    <ddd>82</ddd>
    <siafi>2785</siafi>
  </cep>
  <cep>
    <cep>57046-550</cep>
    <logradouro>Rua Professora Mariluza Duarte Soares Dias</logradouro>
    <complemento>(Res Serra Mar)</complemento>
    <unidade/>
    <bairro>Serraria</bairro>
    <localidade>Maceió</localidade>
    <uf>AL</uf>
    <estado>Alagoas</estado>
    <região/>
    <ibge>2704302</ibge>
    <gia/>
    <ddd>82</ddd>
    <siafi>2785</siafi>
  </cep>
  <cep>
    <cep>57046-547</cep>
    <logradouro>Rua Aracy de Carvalho Guimarães Rosa</logradouro>
    <complemento>(Lot Recanto da Serraria III)</complemento>
    <unidade/>
    <bairro>Serraria</bairro>
    <localidade>Maceió</localidade>
    <uf>AL</uf>
    <estado>Alagoas</estado>
    <região/>
    <ibge>2704302</ibge>
    <gia/>
    <ddd>82</ddd>
    <siafi>2785</siafi>
  </cep>
  <cep>
    <cep>57046-548</cep>
    <logradouro>Rua Eunice de Freitas Silva</logradouro>
    <complemento>(Lot Recanto da Serraria III)</complemento>
    <unidade/>
    <bairro>Serraria</bairro>
    <localidade>Maceió</localidade>
    <uf>AL</uf>
    <estado>Alagoas</estado>
    <região/>
    <ibge>2704302</ibge>
    <gia/>
    <ddd>82</ddd>
    <siafi>2785</siafi>
  </cep>
  <cep>
    <cep>57046-552</cep>
    <logradouro>Rua Doutor José Sebastião Bastos</logradouro>
    <complemento>(Res Serra Mar)</complemento>
    <unidade/>
    <bairro>Serraria</bairro>
    <localidade>Maceió</localidade>
    <uf>AL</uf>
    <estado>Alagoas</estado>
    <região/>
    <ibge>2704302</ibge>
    <gia/>
    <ddd>82</ddd>
    <siafi>2785</siafi>
  </cep>
  <cep>
    <cep>57046-556</cep>
    <logradouro>Rua Magistrado Rostand Lanverly de Melo</logradouro>
    <complemento>(Res Serra Mar)</complemento>
    <unidade/>
    <bairro>Serraria</bairro>
    <localidade>Maceió</localidade>
    <uf>AL</uf>
    <estado>Alagoas</estado>
    <região/>
    <ibge>2704302</ibge>
    <gia/>
    <ddd>82</ddd>
    <siafi>2785</siafi>
  </cep>
  <cep>
    <cep>57046-558</cep>
    <logradouro>Rua Doutor Wandeck Veloso Filho</logradouro>
    <complemento>(Res Serra Mar)</complemento>
    <unidade/>
    <bairro>Serraria</bairro>
    <localidade>Maceió</localidade>
    <uf>AL</uf>
    <estado>Alagoas</estado>
    <região/>
    <ibge>2704302</ibge>
    <gia/>
    <ddd>82</ddd>
    <siafi>2785</siafi>
  </cep>
  <cep>
    <cep>57046-554</cep>
    <logradouro>Rua Professora Maria Germana da Silva</logradouro>
    <complemento>(Res Serra Mar)</complemento>
    <unidade/>
    <bairro>Serraria</bairro>
    <localidade>Maceió</localidade>
    <uf>AL</uf>
    <estado>Alagoas</estado>
    <região/>
    <ibge>2704302</ibge>
    <gia/>
    <ddd>82</ddd>
    <siafi>2785</siafi>
  </cep>
  <cep>
    <cep>57046-560</cep>
    <logradouro>Rua Lúcia Maria Flamarion da Cunha Moreira</logradouro>
    <complemento/>
    <unidade/>
    <bairro>Serraria</bairro>
    <localidade>Maceió</localidade>
    <uf>AL</uf>
    <estado>Alagoas</estado>
    <região/>
    <ibge>2704302</ibge>
    <gia/>
    <ddd>82</ddd>
    <siafi>2785</siafi>
  </cep>
  <cep>
    <cep>57046-561</cep>
    <logradouro>Rua Nabal</logradouro>
    <complemento/>
    <unidade/>
    <bairro>Serraria</bairro>
    <localidade>Maceió</localidade>
    <uf>AL</uf>
    <estado>Alagoas</estado>
    <região/>
    <ibge>2704302</ibge>
    <gia/>
    <ddd>82</ddd>
    <siafi>2785</siafi>
  </cep>
  <cep>
    <cep>57046-630</cep>
    <logradouro>Rua Ernani Jonas Gomes</logradouro>
    <complemento/>
    <unidade/>
    <bairro>Serraria</bairro>
    <localidade>Maceió</localidade>
    <uf>AL</uf>
    <estado>Alagoas</estado>
    <região/>
    <ibge>2704302</ibge>
    <gia/>
    <ddd>82</ddd>
    <siafi>2785</siafi>
  </cep>
  <cep>
    <cep>57046-580</cep>
    <logradouro>Rua Luis de Moura</logradouro>
    <complemento/>
    <unidade/>
    <bairro>Serraria</bairro>
    <localidade>Maceió</localidade>
    <uf>AL</uf>
    <estado>Alagoas</estado>
    <região/>
    <ibge>2704302</ibge>
    <gia/>
    <ddd>82</ddd>
    <siafi>2785</siafi>
  </cep>
  <cep>
    <cep>57046-570</cep>
    <logradouro>Avenida Eraldo Lins Cavalcante</logradouro>
    <complemento>lado ímpar</complemento>
    <unidade/>
    <bairro>Serraria</bairro>
    <localidade>Maceió</localidade>
    <uf>AL</uf>
    <estado>Alagoas</estado>
    <região/>
    <ibge>2704302</ibge>
    <gia/>
    <ddd>82</ddd>
    <siafi>2785</siafi>
  </cep>
  <cep>
    <cep>57046-563</cep>
    <logradouro>Rua São Francisco</logradouro>
    <complemento/>
    <unidade/>
    <bairro>Serraria</bairro>
    <localidade>Maceió</localidade>
    <uf>AL</uf>
    <estado>Alagoas</estado>
    <região/>
    <ibge>2704302</ibge>
    <gia/>
    <ddd>82</ddd>
    <siafi>2785</siafi>
  </cep>
  <cep>
    <cep>57046-565</cep>
    <logradouro>Rua Recanto Nabal</logradouro>
    <complemento/>
    <unidade/>
    <bairro>Serraria</bairro>
    <localidade>Maceió</localidade>
    <uf>AL</uf>
    <estado>Alagoas</estado>
    <região/>
    <ibge>2704302</ibge>
    <gia/>
    <ddd>82</ddd>
    <siafi>2785</siafi>
  </cep>
  <cep>
    <cep>57046-660</cep>
    <logradouro>Rua Deputado José Sampaio</logradouro>
    <complemento/>
    <unidade/>
    <bairro>Serraria</bairro>
    <localidade>Maceió</localidade>
    <uf>AL</uf>
    <estado>Alagoas</estado>
    <região/>
    <ibge>2704302</ibge>
    <gia/>
    <ddd>82</ddd>
    <siafi>2785</siafi>
  </cep>
  <cep>
    <cep>57046-562</cep>
    <logradouro>Rua Nabal II</logradouro>
    <complemento/>
    <unidade/>
    <bairro>Serraria</bairro>
    <localidade>Maceió</localidade>
    <uf>AL</uf>
    <estado>Alagoas</estado>
    <região/>
    <ibge>2704302</ibge>
    <gia/>
    <ddd>82</ddd>
    <siafi>2785</siafi>
  </cep>
  <cep>
    <cep>57046-670</cep>
    <logradouro>Avenida Deputado Edson Lins</logradouro>
    <complemento/>
    <unidade/>
    <bairro>Serraria</bairro>
    <localidade>Maceió</localidade>
    <uf>AL</uf>
    <estado>Alagoas</estado>
    <região/>
    <ibge>2704302</ibge>
    <gia/>
    <ddd>82</ddd>
    <siafi>2785</siafi>
  </cep>
  <cep>
    <cep>57046-680</cep>
    <logradouro>Rua Palmeira dos Índios</logradouro>
    <complemento/>
    <unidade/>
    <bairro>Serraria</bairro>
    <localidade>Maceió</localidade>
    <uf>AL</uf>
    <estado>Alagoas</estado>
    <região/>
    <ibge>2704302</ibge>
    <gia/>
    <ddd>82</ddd>
    <siafi>2785</siafi>
  </cep>
  <cep>
    <cep>57046-682</cep>
    <logradouro>Rua Ana Lúcia Moreira</logradouro>
    <complemento/>
    <unidade/>
    <bairro>Serraria</bairro>
    <localidade>Maceió</localidade>
    <uf>AL</uf>
    <estado>Alagoas</estado>
    <região/>
    <ibge>2704302</ibge>
    <gia/>
    <ddd>82</ddd>
    <siafi>2785</siafi>
  </cep>
  <cep>
    <cep>57046-708</cep>
    <logradouro>Rua Projetada E</logradouro>
    <complemento>(Lot Carajás II)</complemento>
    <unidade/>
    <bairro>Serraria</bairro>
    <localidade>Maceió</localidade>
    <uf>AL</uf>
    <estado>Alagoas</estado>
    <região/>
    <ibge>2704302</ibge>
    <gia/>
    <ddd>82</ddd>
    <siafi>2785</siafi>
  </cep>
  <cep>
    <cep>57046-702</cep>
    <logradouro>Rua Projetada B</logradouro>
    <complemento>(Lot Carajás II)</complemento>
    <unidade/>
    <bairro>Serraria</bairro>
    <localidade>Maceió</localidade>
    <uf>AL</uf>
    <estado>Alagoas</estado>
    <região/>
    <ibge>2704302</ibge>
    <gia/>
    <ddd>82</ddd>
    <siafi>2785</siafi>
  </cep>
  <cep>
    <cep>57046-690</cep>
    <logradouro>Rua Carlos Tenório das Neves</logradouro>
    <complemento/>
    <unidade/>
    <bairro>Serraria</bairro>
    <localidade>Maceió</localidade>
    <uf>AL</uf>
    <estado>Alagoas</estado>
    <região/>
    <ibge>2704302</ibge>
    <gia/>
    <ddd>82</ddd>
    <siafi>2785</siafi>
  </cep>
  <cep>
    <cep>57046-704</cep>
    <logradouro>Rua Projetada C</logradouro>
    <complemento>(Lot Carajás II)</complemento>
    <unidade/>
    <bairro>Serraria</bairro>
    <localidade>Maceió</localidade>
    <uf>AL</uf>
    <estado>Alagoas</estado>
    <região/>
    <ibge>2704302</ibge>
    <gia/>
    <ddd>82</ddd>
    <siafi>2785</siafi>
  </cep>
  <cep>
    <cep>57046-700</cep>
    <logradouro>Rua Projetada A</logradouro>
    <complemento>(Lot Carajás II)</complemento>
    <unidade/>
    <bairro>Serraria</bairro>
    <localidade>Maceió</localidade>
    <uf>AL</uf>
    <estado>Alagoas</estado>
    <região/>
    <ibge>2704302</ibge>
    <gia/>
    <ddd>82</ddd>
    <siafi>2785</siafi>
  </cep>
  <cep>
    <cep>57046-710</cep>
    <logradouro>Rua Projetada F</logradouro>
    <complemento>(Lot Carajás II)</complemento>
    <unidade/>
    <bairro>Serraria</bairro>
    <localidade>Maceió</localidade>
    <uf>AL</uf>
    <estado>Alagoas</estado>
    <região/>
    <ibge>2704302</ibge>
    <gia/>
    <ddd>82</ddd>
    <siafi>2785</siafi>
  </cep>
  <cep>
    <cep>57046-770</cep>
    <logradouro>Avenida Empresário Valentim dos Santos Diniz</logradouro>
    <complemento/>
    <unidade/>
    <bairro>Serraria</bairro>
    <localidade>Maceió</localidade>
    <uf>AL</uf>
    <estado>Alagoas</estado>
    <região/>
    <ibge>2704302</ibge>
    <gia/>
    <ddd>82</ddd>
    <siafi>2785</siafi>
  </cep>
  <cep>
    <cep>57046-714</cep>
    <logradouro>Rua Projetada H</logradouro>
    <complemento>(Lot Carajás II)</complemento>
    <unidade/>
    <bairro>Serraria</bairro>
    <localidade>Maceió</localidade>
    <uf>AL</uf>
    <estado>Alagoas</estado>
    <região/>
    <ibge>2704302</ibge>
    <gia/>
    <ddd>82</ddd>
    <siafi>2785</siafi>
  </cep>
  <cep>
    <cep>57046-772</cep>
    <logradouro>Rua B</logradouro>
    <complemento>(Cj Carajás I)</complemento>
    <unidade/>
    <bairro>Serraria</bairro>
    <localidade>Maceió</localidade>
    <uf>AL</uf>
    <estado>Alagoas</estado>
    <região/>
    <ibge>2704302</ibge>
    <gia/>
    <ddd>82</ddd>
    <siafi>2785</siafi>
  </cep>
  <cep>
    <cep>57046-776</cep>
    <logradouro>Travessa São José</logradouro>
    <complemento/>
    <unidade/>
    <bairro>Serraria</bairro>
    <localidade>Maceió</localidade>
    <uf>AL</uf>
    <estado>Alagoas</estado>
    <região/>
    <ibge>2704302</ibge>
    <gia/>
    <ddd>82</ddd>
    <siafi>2785</siafi>
  </cep>
  <cep>
    <cep>57046-771</cep>
    <logradouro>Rua A</logradouro>
    <complemento>(Cj Carajás I)</complemento>
    <unidade/>
    <bairro>Serraria</bairro>
    <localidade>Maceió</localidade>
    <uf>AL</uf>
    <estado>Alagoas</estado>
    <região/>
    <ibge>2704302</ibge>
    <gia/>
    <ddd>82</ddd>
    <siafi>2785</siafi>
  </cep>
  <cep>
    <cep>57046-750</cep>
    <logradouro>Rua São Pedro</logradouro>
    <complemento/>
    <unidade/>
    <bairro>Serraria</bairro>
    <localidade>Maceió</localidade>
    <uf>AL</uf>
    <estado>Alagoas</estado>
    <região/>
    <ibge>2704302</ibge>
    <gia/>
    <ddd>82</ddd>
    <siafi>2785</siafi>
  </cep>
  <cep>
    <cep>57046-773</cep>
    <logradouro>Rua C</logradouro>
    <complemento>(Cj Carajás I)</complemento>
    <unidade/>
    <bairro>Serraria</bairro>
    <localidade>Maceió</localidade>
    <uf>AL</uf>
    <estado>Alagoas</estado>
    <região/>
    <ibge>2704302</ibge>
    <gia/>
    <ddd>82</ddd>
    <siafi>2785</siafi>
  </cep>
  <cep>
    <cep>57046-778</cep>
    <logradouro>Rua F</logradouro>
    <complemento>(Cj Carajás I)</complemento>
    <unidade/>
    <bairro>Serraria</bairro>
    <localidade>Maceió</localidade>
    <uf>AL</uf>
    <estado>Alagoas</estado>
    <região/>
    <ibge>2704302</ibge>
    <gia/>
    <ddd>82</ddd>
    <siafi>2785</siafi>
  </cep>
  <cep>
    <cep>57046-777</cep>
    <logradouro>Rua E</logradouro>
    <complemento>(Cj Carajás I)</complemento>
    <unidade/>
    <bairro>Serraria</bairro>
    <localidade>Maceió</localidade>
    <uf>AL</uf>
    <estado>Alagoas</estado>
    <região/>
    <ibge>2704302</ibge>
    <gia/>
    <ddd>82</ddd>
    <siafi>2785</siafi>
  </cep>
  <cep>
    <cep>57046-780</cep>
    <logradouro>Rua José Monteiro Sobrinho</logradouro>
    <complemento/>
    <unidade/>
    <bairro>Serraria</bairro>
    <localidade>Maceió</localidade>
    <uf>AL</uf>
    <estado>Alagoas</estado>
    <região/>
    <ibge>2704302</ibge>
    <gia/>
    <ddd>82</ddd>
    <siafi>2785</siafi>
  </cep>
  <cep>
    <cep>57046-775</cep>
    <logradouro>Rua Carlos Alberto Novaes</logradouro>
    <complemento/>
    <unidade/>
    <bairro>Serraria</bairro>
    <localidade>Maceió</localidade>
    <uf>AL</uf>
    <estado>Alagoas</estado>
    <região/>
    <ibge>2704302</ibge>
    <gia/>
    <ddd>82</ddd>
    <siafi>2785</siafi>
  </cep>
  <cep>
    <cep>57046-802</cep>
    <logradouro>Rua B</logradouro>
    <complemento>(Res Jardim Santa Ana)</complemento>
    <unidade/>
    <bairro>Serraria</bairro>
    <localidade>Maceió</localidade>
    <uf>AL</uf>
    <estado>Alagoas</estado>
    <região/>
    <ibge>2704302</ibge>
    <gia/>
    <ddd>82</ddd>
    <siafi>2785</siafi>
  </cep>
  <cep>
    <cep>57046-804</cep>
    <logradouro>Rua Doutor Adolfo Bezerra de Menezes</logradouro>
    <complemento/>
    <unidade/>
    <bairro>Serraria</bairro>
    <localidade>Maceió</localidade>
    <uf>AL</uf>
    <estado>Alagoas</estado>
    <região/>
    <ibge>2704302</ibge>
    <gia/>
    <ddd>82</ddd>
    <siafi>2785</siafi>
  </cep>
  <cep>
    <cep>57046-805</cep>
    <logradouro>Rua E</logradouro>
    <complemento>(Res Jardim Santa Ana)</complemento>
    <unidade/>
    <bairro>Serraria</bairro>
    <localidade>Maceió</localidade>
    <uf>AL</uf>
    <estado>Alagoas</estado>
    <região/>
    <ibge>2704302</ibge>
    <gia/>
    <ddd>82</ddd>
    <siafi>2785</siafi>
  </cep>
  <cep>
    <cep>57046-790</cep>
    <logradouro>Loteamento Jardim Aristides</logradouro>
    <complemento/>
    <unidade/>
    <bairro>Serraria</bairro>
    <localidade>Maceió</localidade>
    <uf>AL</uf>
    <estado>Alagoas</estado>
    <região/>
    <ibge>2704302</ibge>
    <gia/>
    <ddd>82</ddd>
    <siafi>2785</siafi>
  </cep>
  <cep>
    <cep>57046-785</cep>
    <logradouro>Rua Luiz Gonzaga da Silva</logradouro>
    <complemento/>
    <unidade/>
    <bairro>Serraria</bairro>
    <localidade>Maceió</localidade>
    <uf>AL</uf>
    <estado>Alagoas</estado>
    <região/>
    <ibge>2704302</ibge>
    <gia/>
    <ddd>82</ddd>
    <siafi>2785</siafi>
  </cep>
  <cep>
    <cep>57046-801</cep>
    <logradouro>Rua A</logradouro>
    <complemento>(Res Jardim Santa Ana)</complemento>
    <unidade/>
    <bairro>Serraria</bairro>
    <localidade>Maceió</localidade>
    <uf>AL</uf>
    <estado>Alagoas</estado>
    <região/>
    <ibge>2704302</ibge>
    <gia/>
    <ddd>82</ddd>
    <siafi>2785</siafi>
  </cep>
  <cep>
    <cep>57046-774</cep>
    <logradouro>Rua D</logradouro>
    <complemento>(Cj Carajás I)</complemento>
    <unidade/>
    <bairro>Serraria</bairro>
    <localidade>Maceió</localidade>
    <uf>AL</uf>
    <estado>Alagoas</estado>
    <região/>
    <ibge>2704302</ibge>
    <gia/>
    <ddd>82</ddd>
    <siafi>2785</siafi>
  </cep>
  <cep>
    <cep>57046-782</cep>
    <logradouro>Rua Euclides Gonçalves Navarro</logradouro>
    <complemento/>
    <unidade/>
    <bairro>Serraria</bairro>
    <localidade>Maceió</localidade>
    <uf>AL</uf>
    <estado>Alagoas</estado>
    <região/>
    <ibge>2704302</ibge>
    <gia/>
    <ddd>82</ddd>
    <siafi>2785</siafi>
  </cep>
  <cep>
    <cep>57046-806</cep>
    <logradouro>Rua E</logradouro>
    <complemento>(Cj Bethaville)</complemento>
    <unidade/>
    <bairro>Serraria</bairro>
    <localidade>Maceió</localidade>
    <uf>AL</uf>
    <estado>Alagoas</estado>
    <região/>
    <ibge>2704302</ibge>
    <gia/>
    <ddd>82</ddd>
    <siafi>2785</siafi>
  </cep>
  <cep>
    <cep>57046-803</cep>
    <logradouro>Rua C</logradouro>
    <complemento>(Res Jardim Santa Ana)</complemento>
    <unidade/>
    <bairro>Serraria</bairro>
    <localidade>Maceió</localidade>
    <uf>AL</uf>
    <estado>Alagoas</estado>
    <região/>
    <ibge>2704302</ibge>
    <gia/>
    <ddd>82</ddd>
    <siafi>2785</siafi>
  </cep>
  <cep>
    <cep>57046-830</cep>
    <logradouro>Rua Manoel Tenório Albuquerque</logradouro>
    <complemento/>
    <unidade/>
    <bairro>Serraria</bairro>
    <localidade>Maceió</localidade>
    <uf>AL</uf>
    <estado>Alagoas</estado>
    <região/>
    <ibge>2704302</ibge>
    <gia/>
    <ddd>82</ddd>
    <siafi>2785</siafi>
  </cep>
  <cep>
    <cep>57046-831</cep>
    <logradouro>Rua Luiz Vieira dos Anjos</logradouro>
    <complemento/>
    <unidade/>
    <bairro>Serraria</bairro>
    <localidade>Maceió</localidade>
    <uf>AL</uf>
    <estado>Alagoas</estado>
    <região/>
    <ibge>2704302</ibge>
    <gia/>
    <ddd>82</ddd>
    <siafi>2785</siafi>
  </cep>
  <cep>
    <cep>57046-832</cep>
    <logradouro>Estrada Gerson Lopes</logradouro>
    <complemento/>
    <unidade/>
    <bairro>Serraria</bairro>
    <localidade>Maceió</localidade>
    <uf>AL</uf>
    <estado>Alagoas</estado>
    <região/>
    <ibge>2704302</ibge>
    <gia/>
    <ddd>82</ddd>
    <siafi>2785</siafi>
  </cep>
  <cep>
    <cep>57048-020</cep>
    <logradouro>Residencial Mata Atlântica</logradouro>
    <complemento/>
    <unidade/>
    <bairro>Antares</bairro>
    <localidade>Maceió</localidade>
    <uf>AL</uf>
    <estado>Alagoas</estado>
    <região/>
    <ibge>2704302</ibge>
    <gia/>
    <ddd>82</ddd>
    <siafi>2785</siafi>
  </cep>
  <cep>
    <cep>57048-028</cep>
    <logradouro>Quadra B</logradouro>
    <complemento>(Lot Monte Verde)</complemento>
    <unidade/>
    <bairro>Antares</bairro>
    <localidade>Maceió</localidade>
    <uf>AL</uf>
    <estado>Alagoas</estado>
    <região/>
    <ibge>2704302</ibge>
    <gia/>
    <ddd>82</ddd>
    <siafi>2785</siafi>
  </cep>
  <cep>
    <cep>57048-026</cep>
    <logradouro>Quadra A</logradouro>
    <complemento>(Lot Monte Verde)</complemento>
    <unidade/>
    <bairro>Antares</bairro>
    <localidade>Maceió</localidade>
    <uf>AL</uf>
    <estado>Alagoas</estado>
    <região/>
    <ibge>2704302</ibge>
    <gia/>
    <ddd>82</ddd>
    <siafi>2785</siafi>
  </cep>
  <cep>
    <cep>57048-025</cep>
    <logradouro>Avenida Sérgio Luís Pessoa Braga</logradouro>
    <complemento/>
    <unidade/>
    <bairro>Antares</bairro>
    <localidade>Maceió</localidade>
    <uf>AL</uf>
    <estado>Alagoas</estado>
    <região/>
    <ibge>2704302</ibge>
    <gia/>
    <ddd>82</ddd>
    <siafi>2785</siafi>
  </cep>
  <cep>
    <cep>57048-010</cep>
    <logradouro>Condomínio Villa Rica</logradouro>
    <complemento/>
    <unidade/>
    <bairro>Antares</bairro>
    <localidade>Maceió</localidade>
    <uf>AL</uf>
    <estado>Alagoas</estado>
    <região/>
    <ibge>2704302</ibge>
    <gia/>
    <ddd>82</ddd>
    <siafi>2785</siafi>
  </cep>
  <cep>
    <cep>57048-030</cep>
    <logradouro>Quadra C</logradouro>
    <complemento>(Lot Monte Verde)</complemento>
    <unidade/>
    <bairro>Antares</bairro>
    <localidade>Maceió</localidade>
    <uf>AL</uf>
    <estado>Alagoas</estado>
    <região/>
    <ibge>2704302</ibge>
    <gia/>
    <ddd>82</ddd>
    <siafi>2785</siafi>
  </cep>
  <cep>
    <cep>57048-031</cep>
    <logradouro>Quadra D</logradouro>
    <complemento>(Lot Monte Verde)</complemento>
    <unidade/>
    <bairro>Antares</bairro>
    <localidade>Maceió</localidade>
    <uf>AL</uf>
    <estado>Alagoas</estado>
    <região/>
    <ibge>2704302</ibge>
    <gia/>
    <ddd>82</ddd>
    <siafi>2785</siafi>
  </cep>
  <cep>
    <cep>57048-032</cep>
    <logradouro>Rua em Projeto I</logradouro>
    <complemento>(Lot Monte Verde)</complemento>
    <unidade/>
    <bairro>Antares</bairro>
    <localidade>Maceió</localidade>
    <uf>AL</uf>
    <estado>Alagoas</estado>
    <região/>
    <ibge>2704302</ibge>
    <gia/>
    <ddd>82</ddd>
    <siafi>2785</siafi>
  </cep>
  <cep>
    <cep/>
    <logradouro/>
    <complemento/>
    <unidade/>
    <bairro/>
    <localidade/>
    <uf/>
    <estado/>
    <região/>
    <ibge/>
    <gia/>
    <ddd/>
    <siafi/>
  </cep>
  <cep>
    <cep>57048-034</cep>
    <logradouro>Quadra F</logradouro>
    <complemento>(Lot Monte Verde)</complemento>
    <unidade/>
    <bairro>Antares</bairro>
    <localidade>Maceió</localidade>
    <uf>AL</uf>
    <estado>Alagoas</estado>
    <região/>
    <ibge>2704302</ibge>
    <gia/>
    <ddd>82</ddd>
    <siafi>2785</siafi>
  </cep>
  <cep>
    <cep>57048-036</cep>
    <logradouro>Quadra G</logradouro>
    <complemento>(Lot Monte Verde)</complemento>
    <unidade/>
    <bairro>Antares</bairro>
    <localidade>Maceió</localidade>
    <uf>AL</uf>
    <estado>Alagoas</estado>
    <região/>
    <ibge>2704302</ibge>
    <gia/>
    <ddd>82</ddd>
    <siafi>2785</siafi>
  </cep>
  <cep>
    <cep>57048-038</cep>
    <logradouro>Rua Maria José Alves de Lima</logradouro>
    <complemento/>
    <unidade/>
    <bairro>Antares</bairro>
    <localidade>Maceió</localidade>
    <uf>AL</uf>
    <estado>Alagoas</estado>
    <região/>
    <ibge>2704302</ibge>
    <gia/>
    <ddd>82</ddd>
    <siafi>2785</siafi>
  </cep>
  <cep>
    <cep>57048-042</cep>
    <logradouro>Rua Maria Salete de Araújo Oliveira</logradouro>
    <complemento/>
    <unidade/>
    <bairro>Antares</bairro>
    <localidade>Maceió</localidade>
    <uf>AL</uf>
    <estado>Alagoas</estado>
    <região/>
    <ibge>2704302</ibge>
    <gia/>
    <ddd>82</ddd>
    <siafi>2785</siafi>
  </cep>
  <cep>
    <cep>57048-056</cep>
    <logradouro>Rua Jandecy Lyra Gabriel</logradouro>
    <complemento/>
    <unidade/>
    <bairro>Antares</bairro>
    <localidade>Maceió</localidade>
    <uf>AL</uf>
    <estado>Alagoas</estado>
    <região/>
    <ibge>2704302</ibge>
    <gia/>
    <ddd>82</ddd>
    <siafi>2785</siafi>
  </cep>
  <cep>
    <cep>57048-037</cep>
    <logradouro>Rua em Projeto N</logradouro>
    <complemento>(Lot Monte Verde)</complemento>
    <unidade/>
    <bairro>Antares</bairro>
    <localidade>Maceió</localidade>
    <uf>AL</uf>
    <estado>Alagoas</estado>
    <região/>
    <ibge>2704302</ibge>
    <gia/>
    <ddd>82</ddd>
    <siafi>2785</siafi>
  </cep>
  <cep>
    <cep>57048-048</cep>
    <logradouro>Rua em Projeto W</logradouro>
    <complemento>(Lot Monte Verde)</complemento>
    <unidade/>
    <bairro>Antares</bairro>
    <localidade>Maceió</localidade>
    <uf>AL</uf>
    <estado>Alagoas</estado>
    <região/>
    <ibge>2704302</ibge>
    <gia/>
    <ddd>82</ddd>
    <siafi>2785</siafi>
  </cep>
  <cep>
    <cep>57048-058</cep>
    <logradouro>Rua Coronel Jaime Ferreira Lima</logradouro>
    <complemento/>
    <unidade/>
    <bairro>Antares</bairro>
    <localidade>Maceió</localidade>
    <uf>AL</uf>
    <estado>Alagoas</estado>
    <região/>
    <ibge>2704302</ibge>
    <gia/>
    <ddd>82</ddd>
    <siafi>2785</siafi>
  </cep>
  <cep>
    <cep>57048-060</cep>
    <logradouro>Rua Mac Dowell</logradouro>
    <complemento/>
    <unidade/>
    <bairro>Antares</bairro>
    <localidade>Maceió</localidade>
    <uf>AL</uf>
    <estado>Alagoas</estado>
    <região/>
    <ibge>2704302</ibge>
    <gia/>
    <ddd>82</ddd>
    <siafi>2785</siafi>
  </cep>
  <cep>
    <cep>57048-050</cep>
    <logradouro>Rua José Magalhães Bezerra</logradouro>
    <complemento/>
    <unidade/>
    <bairro>Antares</bairro>
    <localidade>Maceió</localidade>
    <uf>AL</uf>
    <estado>Alagoas</estado>
    <região/>
    <ibge>2704302</ibge>
    <gia/>
    <ddd>82</ddd>
    <siafi>2785</siafi>
  </cep>
  <cep>
    <cep>57048-052</cep>
    <logradouro>Rua Maria Luzia Macedo da Silva</logradouro>
    <complemento/>
    <unidade/>
    <bairro>Antares</bairro>
    <localidade>Maceió</localidade>
    <uf>AL</uf>
    <estado>Alagoas</estado>
    <região/>
    <ibge>2704302</ibge>
    <gia/>
    <ddd>82</ddd>
    <siafi>2785</siafi>
  </cep>
  <cep>
    <cep>57048-054</cep>
    <logradouro>Rua Professor Salvador Dimech</logradouro>
    <complemento/>
    <unidade/>
    <bairro>Antares</bairro>
    <localidade>Maceió</localidade>
    <uf>AL</uf>
    <estado>Alagoas</estado>
    <região/>
    <ibge>2704302</ibge>
    <gia/>
    <ddd>82</ddd>
    <siafi>2785</siafi>
  </cep>
  <cep>
    <cep>57048-040</cep>
    <logradouro>Rua Doutor Leopoldo Florentino de Oliveira e Silva</logradouro>
    <complemento/>
    <unidade/>
    <bairro>Antares</bairro>
    <localidade>Maceió</localidade>
    <uf>AL</uf>
    <estado>Alagoas</estado>
    <região/>
    <ibge>2704302</ibge>
    <gia/>
    <ddd>82</ddd>
    <siafi>2785</siafi>
  </cep>
  <cep>
    <cep>57048-046</cep>
    <logradouro>Rua Irmã Jacinta Maria</logradouro>
    <complemento/>
    <unidade/>
    <bairro>Antares</bairro>
    <localidade>Maceió</localidade>
    <uf>AL</uf>
    <estado>Alagoas</estado>
    <região/>
    <ibge>2704302</ibge>
    <gia/>
    <ddd>82</ddd>
    <siafi>2785</siafi>
  </cep>
  <cep>
    <cep>57048-066</cep>
    <logradouro>Residencial Reserva Bella Vista</logradouro>
    <complemento/>
    <unidade/>
    <bairro>Antares</bairro>
    <localidade>Maceió</localidade>
    <uf>AL</uf>
    <estado>Alagoas</estado>
    <região/>
    <ibge>2704302</ibge>
    <gia/>
    <ddd>82</ddd>
    <siafi>2785</siafi>
  </cep>
  <cep>
    <cep>57048-044</cep>
    <logradouro>Rua Carlos Alípio Ferrario de Carvalho Lobo Filho</logradouro>
    <complemento/>
    <unidade/>
    <bairro>Antares</bairro>
    <localidade>Maceió</localidade>
    <uf>AL</uf>
    <estado>Alagoas</estado>
    <região/>
    <ibge>2704302</ibge>
    <gia/>
    <ddd>82</ddd>
    <siafi>2785</siafi>
  </cep>
  <cep>
    <cep>57048-062</cep>
    <logradouro>Rua Durval Batista de Almeida</logradouro>
    <complemento/>
    <unidade/>
    <bairro>Antares</bairro>
    <localidade>Maceió</localidade>
    <uf>AL</uf>
    <estado>Alagoas</estado>
    <região/>
    <ibge>2704302</ibge>
    <gia/>
    <ddd>82</ddd>
    <siafi>2785</siafi>
  </cep>
  <cep>
    <cep>57048-074</cep>
    <logradouro>Rua Santa Quitéria</logradouro>
    <complemento>(Lot Serraria 2)</complemento>
    <unidade/>
    <bairro>Antares</bairro>
    <localidade>Maceió</localidade>
    <uf>AL</uf>
    <estado>Alagoas</estado>
    <região/>
    <ibge>2704302</ibge>
    <gia/>
    <ddd>82</ddd>
    <siafi>2785</siafi>
  </cep>
  <cep>
    <cep>57048-070</cep>
    <logradouro>Rua da frente</logradouro>
    <complemento>(Lot Serraria 2)</complemento>
    <unidade/>
    <bairro>Antares</bairro>
    <localidade>Maceió</localidade>
    <uf>AL</uf>
    <estado>Alagoas</estado>
    <região/>
    <ibge>2704302</ibge>
    <gia/>
    <ddd>82</ddd>
    <siafi>2785</siafi>
  </cep>
  <cep>
    <cep>57048-078</cep>
    <logradouro>Travessa São Paulo</logradouro>
    <complemento>(Lot Serraria 2)</complemento>
    <unidade/>
    <bairro>Antares</bairro>
    <localidade>Maceió</localidade>
    <uf>AL</uf>
    <estado>Alagoas</estado>
    <região/>
    <ibge>2704302</ibge>
    <gia/>
    <ddd>82</ddd>
    <siafi>2785</siafi>
  </cep>
  <cep>
    <cep>57048-072</cep>
    <logradouro>Rua São Paulo</logradouro>
    <complemento>(Lot Serraria 2)</complemento>
    <unidade/>
    <bairro>Antares</bairro>
    <localidade>Maceió</localidade>
    <uf>AL</uf>
    <estado>Alagoas</estado>
    <região/>
    <ibge>2704302</ibge>
    <gia/>
    <ddd>82</ddd>
    <siafi>2785</siafi>
  </cep>
  <cep>
    <cep>57048-076</cep>
    <logradouro>Rua da Alegria</logradouro>
    <complemento>(Lot Serraria 2)</complemento>
    <unidade/>
    <bairro>Antares</bairro>
    <localidade>Maceió</localidade>
    <uf>AL</uf>
    <estado>Alagoas</estado>
    <região/>
    <ibge>2704302</ibge>
    <gia/>
    <ddd>82</ddd>
    <siafi>2785</siafi>
  </cep>
  <cep>
    <cep>57048-080</cep>
    <logradouro>Rua Bela Vista</logradouro>
    <complemento>(Lot Serraria 2)</complemento>
    <unidade/>
    <bairro>Antares</bairro>
    <localidade>Maceió</localidade>
    <uf>AL</uf>
    <estado>Alagoas</estado>
    <região/>
    <ibge>2704302</ibge>
    <gia/>
    <ddd>82</ddd>
    <siafi>2785</siafi>
  </cep>
  <cep>
    <cep>57048-126</cep>
    <logradouro>Avenida Doutor Neves Pinto</logradouro>
    <complemento>(Cj Cambuci)</complemento>
    <unidade/>
    <bairro>Antares</bairro>
    <localidade>Maceió</localidade>
    <uf>AL</uf>
    <estado>Alagoas</estado>
    <região/>
    <ibge>2704302</ibge>
    <gia/>
    <ddd>82</ddd>
    <siafi>2785</siafi>
  </cep>
  <cep>
    <cep>57048-128</cep>
    <logradouro>Rua em Projeto C</logradouro>
    <complemento>(Cj Cambuci)</complemento>
    <unidade/>
    <bairro>Antares</bairro>
    <localidade>Maceió</localidade>
    <uf>AL</uf>
    <estado>Alagoas</estado>
    <região/>
    <ibge>2704302</ibge>
    <gia/>
    <ddd>82</ddd>
    <siafi>2785</siafi>
  </cep>
  <cep>
    <cep>57048-130</cep>
    <logradouro>Rua em Projeto D</logradouro>
    <complemento>(Cj Cambuci)</complemento>
    <unidade/>
    <bairro>Antares</bairro>
    <localidade>Maceió</localidade>
    <uf>AL</uf>
    <estado>Alagoas</estado>
    <região/>
    <ibge>2704302</ibge>
    <gia/>
    <ddd>82</ddd>
    <siafi>2785</siafi>
  </cep>
  <cep>
    <cep>57048-132</cep>
    <logradouro>Rua em Projeto E</logradouro>
    <complemento>(Cj Cambuci)</complemento>
    <unidade/>
    <bairro>Antares</bairro>
    <localidade>Maceió</localidade>
    <uf>AL</uf>
    <estado>Alagoas</estado>
    <região/>
    <ibge>2704302</ibge>
    <gia/>
    <ddd>82</ddd>
    <siafi>2785</siafi>
  </cep>
  <cep>
    <cep>57048-136</cep>
    <logradouro>Rua em Projeto F</logradouro>
    <complemento>(Cj Cambuci)</complemento>
    <unidade/>
    <bairro>Antares</bairro>
    <localidade>Maceió</localidade>
    <uf>AL</uf>
    <estado>Alagoas</estado>
    <região/>
    <ibge>2704302</ibge>
    <gia/>
    <ddd>82</ddd>
    <siafi>2785</siafi>
  </cep>
  <cep>
    <cep>57048-140</cep>
    <logradouro>Rua Helena Costa Tenório</logradouro>
    <complemento>(Cj Cambuci)</complemento>
    <unidade/>
    <bairro>Antares</bairro>
    <localidade>Maceió</localidade>
    <uf>AL</uf>
    <estado>Alagoas</estado>
    <região/>
    <ibge>2704302</ibge>
    <gia/>
    <ddd>82</ddd>
    <siafi>2785</siafi>
  </cep>
  <cep>
    <cep>57048-145</cep>
    <logradouro>Rua Doutor Fernando Gentil</logradouro>
    <complemento/>
    <unidade/>
    <bairro>Antares</bairro>
    <localidade>Maceió</localidade>
    <uf>AL</uf>
    <estado>Alagoas</estado>
    <região/>
    <ibge>2704302</ibge>
    <gia/>
    <ddd>82</ddd>
    <siafi>2785</siafi>
  </cep>
  <cep>
    <cep>57048-147</cep>
    <logradouro>Rua Icla da Silva</logradouro>
    <complemento/>
    <unidade/>
    <bairro>Antares</bairro>
    <localidade>Maceió</localidade>
    <uf>AL</uf>
    <estado>Alagoas</estado>
    <região/>
    <ibge>2704302</ibge>
    <gia/>
    <ddd>82</ddd>
    <siafi>2785</siafi>
  </cep>
  <cep>
    <cep>57048-138</cep>
    <logradouro>Rua em Projeto G</logradouro>
    <complemento>(Cj Cambuci)</complemento>
    <unidade/>
    <bairro>Antares</bairro>
    <localidade>Maceió</localidade>
    <uf>AL</uf>
    <estado>Alagoas</estado>
    <região/>
    <ibge>2704302</ibge>
    <gia/>
    <ddd>82</ddd>
    <siafi>2785</siafi>
  </cep>
  <cep>
    <cep>57048-153</cep>
    <logradouro>Rua José Ferreira Tavares</logradouro>
    <complemento/>
    <unidade/>
    <bairro>Antares</bairro>
    <localidade>Maceió</localidade>
    <uf>AL</uf>
    <estado>Alagoas</estado>
    <região/>
    <ibge>2704302</ibge>
    <gia/>
    <ddd>82</ddd>
    <siafi>2785</siafi>
  </cep>
  <cep>
    <cep>57048-156</cep>
    <logradouro>Rua E</logradouro>
    <complemento>(Lot Casa Forte)</complemento>
    <unidade/>
    <bairro>Antares</bairro>
    <localidade>Maceió</localidade>
    <uf>AL</uf>
    <estado>Alagoas</estado>
    <região/>
    <ibge>2704302</ibge>
    <gia/>
    <ddd>82</ddd>
    <siafi>2785</siafi>
  </cep>
  <cep>
    <cep>57048-154</cep>
    <logradouro>Rua em Projeto B</logradouro>
    <complemento>(Lot Casa Forte)</complemento>
    <unidade/>
    <bairro>Antares</bairro>
    <localidade>Maceió</localidade>
    <uf>AL</uf>
    <estado>Alagoas</estado>
    <região/>
    <ibge>2704302</ibge>
    <gia/>
    <ddd>82</ddd>
    <siafi>2785</siafi>
  </cep>
  <cep>
    <cep>57048-148</cep>
    <logradouro>Residencial Jardim Europa</logradouro>
    <complemento/>
    <unidade/>
    <bairro>Antares</bairro>
    <localidade>Maceió</localidade>
    <uf>AL</uf>
    <estado>Alagoas</estado>
    <região/>
    <ibge>2704302</ibge>
    <gia/>
    <ddd>82</ddd>
    <siafi>2785</siafi>
  </cep>
  <cep>
    <cep>57048-155</cep>
    <logradouro>Rua Natanael Constantino Ferreira</logradouro>
    <complemento/>
    <unidade/>
    <bairro>Antares</bairro>
    <localidade>Maceió</localidade>
    <uf>AL</uf>
    <estado>Alagoas</estado>
    <região/>
    <ibge>2704302</ibge>
    <gia/>
    <ddd>82</ddd>
    <siafi>2785</siafi>
  </cep>
  <cep>
    <cep>57048-158</cep>
    <logradouro>Rua Professor Benedito de Moraes</logradouro>
    <complemento/>
    <unidade/>
    <bairro>Antares</bairro>
    <localidade>Maceió</localidade>
    <uf>AL</uf>
    <estado>Alagoas</estado>
    <região/>
    <ibge>2704302</ibge>
    <gia/>
    <ddd>82</ddd>
    <siafi>2785</siafi>
  </cep>
  <cep>
    <cep>57048-161</cep>
    <logradouro>Rua Monsenhor Hidelbrando Veríssimo Guimarães</logradouro>
    <complemento/>
    <unidade/>
    <bairro>Antares</bairro>
    <localidade>Maceió</localidade>
    <uf>AL</uf>
    <estado>Alagoas</estado>
    <região/>
    <ibge>2704302</ibge>
    <gia/>
    <ddd>82</ddd>
    <siafi>2785</siafi>
  </cep>
  <cep>
    <cep>57048-174</cep>
    <logradouro>Rua L</logradouro>
    <complemento>(Lot Casa Forte)</complemento>
    <unidade/>
    <bairro>Antares</bairro>
    <localidade>Maceió</localidade>
    <uf>AL</uf>
    <estado>Alagoas</estado>
    <região/>
    <ibge>2704302</ibge>
    <gia/>
    <ddd>82</ddd>
    <siafi>2785</siafi>
  </cep>
  <cep>
    <cep>57048-164</cep>
    <logradouro>Rua H</logradouro>
    <complemento>(Lot Casa Forte)</complemento>
    <unidade/>
    <bairro>Antares</bairro>
    <localidade>Maceió</localidade>
    <uf>AL</uf>
    <estado>Alagoas</estado>
    <região/>
    <ibge>2704302</ibge>
    <gia/>
    <ddd>82</ddd>
    <siafi>2785</siafi>
  </cep>
  <cep>
    <cep>57048-172</cep>
    <logradouro>Rua K</logradouro>
    <complemento>(Lot Casa Forte)</complemento>
    <unidade/>
    <bairro>Antares</bairro>
    <localidade>Maceió</localidade>
    <uf>AL</uf>
    <estado>Alagoas</estado>
    <região/>
    <ibge>2704302</ibge>
    <gia/>
    <ddd>82</ddd>
    <siafi>2785</siafi>
  </cep>
  <cep>
    <cep>57048-180</cep>
    <logradouro>Rua Q</logradouro>
    <complemento>(Lot Casa Forte)</complemento>
    <unidade/>
    <bairro>Antares</bairro>
    <localidade>Maceió</localidade>
    <uf>AL</uf>
    <estado>Alagoas</estado>
    <região/>
    <ibge>2704302</ibge>
    <gia/>
    <ddd>82</ddd>
    <siafi>2785</siafi>
  </cep>
  <cep>
    <cep>57048-182</cep>
    <logradouro>Rua R</logradouro>
    <complemento>(Lot Casa Forte)</complemento>
    <unidade/>
    <bairro>Antares</bairro>
    <localidade>Maceió</localidade>
    <uf>AL</uf>
    <estado>Alagoas</estado>
    <região/>
    <ibge>2704302</ibge>
    <gia/>
    <ddd>82</ddd>
    <siafi>2785</siafi>
  </cep>
  <cep>
    <cep>57048-162</cep>
    <logradouro>Rua G</logradouro>
    <complemento>(Lot Casa Forte)</complemento>
    <unidade/>
    <bairro>Antares</bairro>
    <localidade>Maceió</localidade>
    <uf>AL</uf>
    <estado>Alagoas</estado>
    <região/>
    <ibge>2704302</ibge>
    <gia/>
    <ddd>82</ddd>
    <siafi>2785</siafi>
  </cep>
  <cep>
    <cep>57048-166</cep>
    <logradouro>Rua em Projeto I</logradouro>
    <complemento>(Lot Casa Forte)</complemento>
    <unidade/>
    <bairro>Antares</bairro>
    <localidade>Maceió</localidade>
    <uf>AL</uf>
    <estado>Alagoas</estado>
    <região/>
    <ibge>2704302</ibge>
    <gia/>
    <ddd>82</ddd>
    <siafi>2785</siafi>
  </cep>
  <cep>
    <cep>57048-168</cep>
    <logradouro>Rua J</logradouro>
    <complemento>(Lot Casa Forte)</complemento>
    <unidade/>
    <bairro>Antares</bairro>
    <localidade>Maceió</localidade>
    <uf>AL</uf>
    <estado>Alagoas</estado>
    <região/>
    <ibge>2704302</ibge>
    <gia/>
    <ddd>82</ddd>
    <siafi>2785</siafi>
  </cep>
  <cep>
    <cep>57048-186</cep>
    <logradouro>Rua N</logradouro>
    <complemento>(Lot Casa Forte)</complemento>
    <unidade/>
    <bairro>Antares</bairro>
    <localidade>Maceió</localidade>
    <uf>AL</uf>
    <estado>Alagoas</estado>
    <região/>
    <ibge>2704302</ibge>
    <gia/>
    <ddd>82</ddd>
    <siafi>2785</siafi>
  </cep>
  <cep>
    <cep>57048-178</cep>
    <logradouro>Rua O</logradouro>
    <complemento>(Lot Casa Forte)</complemento>
    <unidade/>
    <bairro>Antares</bairro>
    <localidade>Maceió</localidade>
    <uf>AL</uf>
    <estado>Alagoas</estado>
    <região/>
    <ibge>2704302</ibge>
    <gia/>
    <ddd>82</ddd>
    <siafi>2785</siafi>
  </cep>
  <cep>
    <cep>57048-184</cep>
    <logradouro>Rua S</logradouro>
    <complemento>(Lot Casa Forte)</complemento>
    <unidade/>
    <bairro>Antares</bairro>
    <localidade>Maceió</localidade>
    <uf>AL</uf>
    <estado>Alagoas</estado>
    <região/>
    <ibge>2704302</ibge>
    <gia/>
    <ddd>82</ddd>
    <siafi>2785</siafi>
  </cep>
  <cep>
    <cep>57048-176</cep>
    <logradouro>Rua M</logradouro>
    <complemento>(Lot Casa Forte)</complemento>
    <unidade/>
    <bairro>Antares</bairro>
    <localidade>Maceió</localidade>
    <uf>AL</uf>
    <estado>Alagoas</estado>
    <região/>
    <ibge>2704302</ibge>
    <gia/>
    <ddd>82</ddd>
    <siafi>2785</siafi>
  </cep>
  <cep>
    <cep>57048-188</cep>
    <logradouro>Rua em Projeto T</logradouro>
    <complemento>(Lot Casa Forte)</complemento>
    <unidade/>
    <bairro>Antares</bairro>
    <localidade>Maceió</localidade>
    <uf>AL</uf>
    <estado>Alagoas</estado>
    <região/>
    <ibge>2704302</ibge>
    <gia/>
    <ddd>82</ddd>
    <siafi>2785</siafi>
  </cep>
  <cep>
    <cep>57048-190</cep>
    <logradouro>Rua em Projeto U</logradouro>
    <complemento>(Lot Res Casa Forte)</complemento>
    <unidade/>
    <bairro>Antares</bairro>
    <localidade>Maceió</localidade>
    <uf>AL</uf>
    <estado>Alagoas</estado>
    <região/>
    <ibge>2704302</ibge>
    <gia/>
    <ddd>82</ddd>
    <siafi>2785</siafi>
  </cep>
  <cep>
    <cep>57048-192</cep>
    <logradouro>Rua V</logradouro>
    <complemento>(Lot Casa Forte)</complemento>
    <unidade/>
    <bairro>Antares</bairro>
    <localidade>Maceió</localidade>
    <uf>AL</uf>
    <estado>Alagoas</estado>
    <região/>
    <ibge>2704302</ibge>
    <gia/>
    <ddd>82</ddd>
    <siafi>2785</siafi>
  </cep>
  <cep>
    <cep>57048-246</cep>
    <logradouro>Rua Compositor Juvenal Lopes</logradouro>
    <complemento/>
    <unidade/>
    <bairro>Antares</bairro>
    <localidade>Maceió</localidade>
    <uf>AL</uf>
    <estado>Alagoas</estado>
    <região/>
    <ibge>2704302</ibge>
    <gia/>
    <ddd>82</ddd>
    <siafi>2785</siafi>
  </cep>
  <cep>
    <cep>57048-260</cep>
    <logradouro>Avenida Gilberto Soares Pinto</logradouro>
    <complemento/>
    <unidade/>
    <bairro>Antares</bairro>
    <localidade>Maceió</localidade>
    <uf>AL</uf>
    <estado>Alagoas</estado>
    <região/>
    <ibge>2704302</ibge>
    <gia/>
    <ddd>82</ddd>
    <siafi>2785</siafi>
  </cep>
  <cep>
    <cep>57048-230</cep>
    <logradouro>Rua Alfredo Marques da Silva</logradouro>
    <complemento/>
    <unidade/>
    <bairro>Antares</bairro>
    <localidade>Maceió</localidade>
    <uf>AL</uf>
    <estado>Alagoas</estado>
    <região/>
    <ibge>2704302</ibge>
    <gia/>
    <ddd>82</ddd>
    <siafi>2785</siafi>
  </cep>
  <cep>
    <cep>57048-194</cep>
    <logradouro>Rua X</logradouro>
    <complemento>(Lot Casa Forte)</complemento>
    <unidade/>
    <bairro>Antares</bairro>
    <localidade>Maceió</localidade>
    <uf>AL</uf>
    <estado>Alagoas</estado>
    <região/>
    <ibge>2704302</ibge>
    <gia/>
    <ddd>82</ddd>
    <siafi>2785</siafi>
  </cep>
  <cep>
    <cep>57048-245</cep>
    <logradouro>Rua Doutor Juvino Lyra</logradouro>
    <complemento/>
    <unidade/>
    <bairro>Antares</bairro>
    <localidade>Maceió</localidade>
    <uf>AL</uf>
    <estado>Alagoas</estado>
    <região/>
    <ibge>2704302</ibge>
    <gia/>
    <ddd>82</ddd>
    <siafi>2785</siafi>
  </cep>
  <cep>
    <cep>57048-270</cep>
    <logradouro>Rua Allan Kardec</logradouro>
    <complemento/>
    <unidade/>
    <bairro>Antares</bairro>
    <localidade>Maceió</localidade>
    <uf>AL</uf>
    <estado>Alagoas</estado>
    <região/>
    <ibge>2704302</ibge>
    <gia/>
    <ddd>82</ddd>
    <siafi>2785</siafi>
  </cep>
  <cep>
    <cep>57048-272</cep>
    <logradouro>Rua Projetada 1506</logradouro>
    <complemento>(Lot Antares I)</complemento>
    <unidade/>
    <bairro>Antares</bairro>
    <localidade>Maceió</localidade>
    <uf>AL</uf>
    <estado>Alagoas</estado>
    <região/>
    <ibge>2704302</ibge>
    <gia/>
    <ddd>82</ddd>
    <siafi>2785</siafi>
  </cep>
  <cep>
    <cep>57048-274</cep>
    <logradouro>Rua Projetada 903</logradouro>
    <complemento>(Lot Antares I)</complemento>
    <unidade/>
    <bairro>Antares</bairro>
    <localidade>Maceió</localidade>
    <uf>AL</uf>
    <estado>Alagoas</estado>
    <região/>
    <ibge>2704302</ibge>
    <gia/>
    <ddd>82</ddd>
    <siafi>2785</siafi>
  </cep>
  <cep>
    <cep>57048-275</cep>
    <logradouro>Rua Projetada 904</logradouro>
    <complemento>(Lot Antares I)</complemento>
    <unidade/>
    <bairro>Antares</bairro>
    <localidade>Maceió</localidade>
    <uf>AL</uf>
    <estado>Alagoas</estado>
    <região/>
    <ibge>2704302</ibge>
    <gia/>
    <ddd>82</ddd>
    <siafi>2785</siafi>
  </cep>
  <cep>
    <cep>57048-276</cep>
    <logradouro>Rua Projetada 905</logradouro>
    <complemento>(Lot Antares I)</complemento>
    <unidade/>
    <bairro>Antares</bairro>
    <localidade>Maceió</localidade>
    <uf>AL</uf>
    <estado>Alagoas</estado>
    <região/>
    <ibge>2704302</ibge>
    <gia/>
    <ddd>82</ddd>
    <siafi>2785</siafi>
  </cep>
  <cep>
    <cep>57048-280</cep>
    <logradouro>Rua José Lopes de Carvalho</logradouro>
    <complemento/>
    <unidade/>
    <bairro>Antares</bairro>
    <localidade>Maceió</localidade>
    <uf>AL</uf>
    <estado>Alagoas</estado>
    <região/>
    <ibge>2704302</ibge>
    <gia/>
    <ddd>82</ddd>
    <siafi>2785</siafi>
  </cep>
  <cep>
    <cep>57048-350</cep>
    <logradouro>Rua Projetada A</logradouro>
    <complemento>(Cond Vipal II)</complemento>
    <unidade/>
    <bairro>Antares</bairro>
    <localidade>Maceió</localidade>
    <uf>AL</uf>
    <estado>Alagoas</estado>
    <região/>
    <ibge>2704302</ibge>
    <gia/>
    <ddd>82</ddd>
    <siafi>2785</siafi>
  </cep>
  <cep>
    <cep>57048-356</cep>
    <logradouro>Rua Professor Joaquim Coelho Bezerra</logradouro>
    <complemento/>
    <unidade/>
    <bairro>Antares</bairro>
    <localidade>Maceió</localidade>
    <uf>AL</uf>
    <estado>Alagoas</estado>
    <região/>
    <ibge>2704302</ibge>
    <gia/>
    <ddd>82</ddd>
    <siafi>2785</siafi>
  </cep>
  <cep>
    <cep>57048-360</cep>
    <logradouro>Rua Maria Ramos de Lima</logradouro>
    <complemento/>
    <unidade/>
    <bairro>Antares</bairro>
    <localidade>Maceió</localidade>
    <uf>AL</uf>
    <estado>Alagoas</estado>
    <região/>
    <ibge>2704302</ibge>
    <gia/>
    <ddd>82</ddd>
    <siafi>2785</siafi>
  </cep>
  <cep>
    <cep>57048-431</cep>
    <logradouro>Quadra 22-23</logradouro>
    <complemento>(Lot Antares I)</complemento>
    <unidade/>
    <bairro>Antares</bairro>
    <localidade>Maceió</localidade>
    <uf>AL</uf>
    <estado>Alagoas</estado>
    <região/>
    <ibge>2704302</ibge>
    <gia/>
    <ddd>82</ddd>
    <siafi>2785</siafi>
  </cep>
  <cep>
    <cep>57048-434</cep>
    <logradouro>Rua Projetada 913</logradouro>
    <complemento>(Lot Antares I)</complemento>
    <unidade/>
    <bairro>Antares</bairro>
    <localidade>Maceió</localidade>
    <uf>AL</uf>
    <estado>Alagoas</estado>
    <região/>
    <ibge>2704302</ibge>
    <gia/>
    <ddd>82</ddd>
    <siafi>2785</siafi>
  </cep>
  <cep>
    <cep>57048-430</cep>
    <logradouro>Rua Antônio da Purificação</logradouro>
    <complemento/>
    <unidade/>
    <bairro>Antares</bairro>
    <localidade>Maceió</localidade>
    <uf>AL</uf>
    <estado>Alagoas</estado>
    <região/>
    <ibge>2704302</ibge>
    <gia/>
    <ddd>82</ddd>
    <siafi>2785</siafi>
  </cep>
  <cep>
    <cep>57048-352</cep>
    <logradouro>Rua Projetada B</logradouro>
    <complemento>(Cond Vipal II)</complemento>
    <unidade/>
    <bairro>Antares</bairro>
    <localidade>Maceió</localidade>
    <uf>AL</uf>
    <estado>Alagoas</estado>
    <região/>
    <ibge>2704302</ibge>
    <gia/>
    <ddd>82</ddd>
    <siafi>2785</siafi>
  </cep>
  <cep>
    <cep>57048-495</cep>
    <logradouro>Rua Ranulfo Ormindo de Lima</logradouro>
    <complemento/>
    <unidade/>
    <bairro>Antares</bairro>
    <localidade>Maceió</localidade>
    <uf>AL</uf>
    <estado>Alagoas</estado>
    <região/>
    <ibge>2704302</ibge>
    <gia/>
    <ddd>82</ddd>
    <siafi>2785</siafi>
  </cep>
  <cep>
    <cep>57048-435</cep>
    <logradouro>Rua Projetada 911</logradouro>
    <complemento>(Lot Antares I)</complemento>
    <unidade/>
    <bairro>Antares</bairro>
    <localidade>Maceió</localidade>
    <uf>AL</uf>
    <estado>Alagoas</estado>
    <região/>
    <ibge>2704302</ibge>
    <gia/>
    <ddd>82</ddd>
    <siafi>2785</siafi>
  </cep>
  <cep>
    <cep>57048-362</cep>
    <logradouro>Rua Padre Cícero</logradouro>
    <complemento/>
    <unidade/>
    <bairro>Antares</bairro>
    <localidade>Maceió</localidade>
    <uf>AL</uf>
    <estado>Alagoas</estado>
    <região/>
    <ibge>2704302</ibge>
    <gia/>
    <ddd>82</ddd>
    <siafi>2785</siafi>
  </cep>
  <cep>
    <cep>57048-445</cep>
    <logradouro>Rua Maria Albanira Gondim Lamenha</logradouro>
    <complemento/>
    <unidade/>
    <bairro>Antares</bairro>
    <localidade>Maceió</localidade>
    <uf>AL</uf>
    <estado>Alagoas</estado>
    <região/>
    <ibge>2704302</ibge>
    <gia/>
    <ddd>82</ddd>
    <siafi>2785</siafi>
  </cep>
  <cep>
    <cep>57048-436</cep>
    <logradouro>Rua Projetada 909</logradouro>
    <complemento>(Lot Antares I)</complemento>
    <unidade/>
    <bairro>Antares</bairro>
    <localidade>Maceió</localidade>
    <uf>AL</uf>
    <estado>Alagoas</estado>
    <região/>
    <ibge>2704302</ibge>
    <gia/>
    <ddd>82</ddd>
    <siafi>2785</siafi>
  </cep>
  <cep>
    <cep>57048-358</cep>
    <logradouro>Rua São Jorge</logradouro>
    <complemento/>
    <unidade/>
    <bairro>Antares</bairro>
    <localidade>Maceió</localidade>
    <uf>AL</uf>
    <estado>Alagoas</estado>
    <região/>
    <ibge>2704302</ibge>
    <gia/>
    <ddd>82</ddd>
    <siafi>2785</siafi>
  </cep>
  <cep>
    <cep>57048-433</cep>
    <logradouro>Rua Projetada 915</logradouro>
    <complemento>(Lot Antares I)</complemento>
    <unidade/>
    <bairro>Antares</bairro>
    <localidade>Maceió</localidade>
    <uf>AL</uf>
    <estado>Alagoas</estado>
    <região/>
    <ibge>2704302</ibge>
    <gia/>
    <ddd>82</ddd>
    <siafi>2785</siafi>
  </cep>
  <cep>
    <cep>57048-375</cep>
    <logradouro>Loteamento Vert Paradiso</logradouro>
    <complemento/>
    <unidade/>
    <bairro>Antares</bairro>
    <localidade>Maceió</localidade>
    <uf>AL</uf>
    <estado>Alagoas</estado>
    <região/>
    <ibge>2704302</ibge>
    <gia/>
    <ddd>82</ddd>
    <siafi>2785</siafi>
  </cep>
  <cep>
    <cep>57048-546</cep>
    <logradouro>Rua José Marques da Costa</logradouro>
    <complemento/>
    <unidade/>
    <bairro>Antares</bairro>
    <localidade>Maceió</localidade>
    <uf>AL</uf>
    <estado>Alagoas</estado>
    <região/>
    <ibge>2704302</ibge>
    <gia/>
    <ddd>82</ddd>
    <siafi>2785</siafi>
  </cep>
  <cep>
    <cep>57048-357</cep>
    <logradouro>Rua Empresário Humberto Antonio Omena</logradouro>
    <complemento/>
    <unidade/>
    <bairro>Antares</bairro>
    <localidade>Maceió</localidade>
    <uf>AL</uf>
    <estado>Alagoas</estado>
    <região/>
    <ibge>2704302</ibge>
    <gia/>
    <ddd>82</ddd>
    <siafi>2785</siafi>
  </cep>
  <cep>
    <cep>57048-432</cep>
    <logradouro>Avenida Ralpho Pessoa Braga</logradouro>
    <complemento/>
    <unidade/>
    <bairro>Antares</bairro>
    <localidade>Maceió</localidade>
    <uf>AL</uf>
    <estado>Alagoas</estado>
    <região/>
    <ibge>2704302</ibge>
    <gia/>
    <ddd>82</ddd>
    <siafi>2785</siafi>
  </cep>
  <cep>
    <cep>57048-278</cep>
    <logradouro>Rua Projetada 906</logradouro>
    <complemento>(Lot Antares I)</complemento>
    <unidade/>
    <bairro>Antares</bairro>
    <localidade>Maceió</localidade>
    <uf>AL</uf>
    <estado>Alagoas</estado>
    <região/>
    <ibge>2704302</ibge>
    <gia/>
    <ddd>82</ddd>
    <siafi>2785</siafi>
  </cep>
  <cep>
    <cep>57048-438</cep>
    <logradouro>Rua Projetada 908</logradouro>
    <complemento>(Lot Antares I)</complemento>
    <unidade/>
    <bairro>Antares</bairro>
    <localidade>Maceió</localidade>
    <uf>AL</uf>
    <estado>Alagoas</estado>
    <região/>
    <ibge>2704302</ibge>
    <gia/>
    <ddd>82</ddd>
    <siafi>2785</siafi>
  </cep>
  <cep>
    <cep>57048-355</cep>
    <logradouro>Rua Deputado Armando Moreira Soares</logradouro>
    <complemento/>
    <unidade/>
    <bairro>Antares</bairro>
    <localidade>Maceió</localidade>
    <uf>AL</uf>
    <estado>Alagoas</estado>
    <região/>
    <ibge>2704302</ibge>
    <gia/>
    <ddd>82</ddd>
    <siafi>2785</siafi>
  </cep>
  <cep>
    <cep>57048-440</cep>
    <logradouro>Rua Maria Eulina Quintela Brandão</logradouro>
    <complemento/>
    <unidade/>
    <bairro>Antares</bairro>
    <localidade>Maceió</localidade>
    <uf>AL</uf>
    <estado>Alagoas</estado>
    <região/>
    <ibge>2704302</ibge>
    <gia/>
    <ddd>82</ddd>
    <siafi>2785</siafi>
  </cep>
  <cep>
    <cep>57048-570</cep>
    <logradouro>Rua Efigênio Ferreira de Lima</logradouro>
    <complemento/>
    <unidade/>
    <bairro>Antares</bairro>
    <localidade>Maceió</localidade>
    <uf>AL</uf>
    <estado>Alagoas</estado>
    <região/>
    <ibge>2704302</ibge>
    <gia/>
    <ddd>82</ddd>
    <siafi>2785</siafi>
  </cep>
  <cep>
    <cep>57048-572</cep>
    <logradouro>Rua Projetada 896</logradouro>
    <complemento>(Lot Antares I)</complemento>
    <unidade/>
    <bairro>Antares</bairro>
    <localidade>Maceió</localidade>
    <uf>AL</uf>
    <estado>Alagoas</estado>
    <região/>
    <ibge>2704302</ibge>
    <gia/>
    <ddd>82</ddd>
    <siafi>2785</siafi>
  </cep>
  <cep>
    <cep>57048-710</cep>
    <logradouro>Rua Agrônomo Marcos Augusto Wanderley Cavalcanti</logradouro>
    <complemento/>
    <unidade/>
    <bairro>Antares</bairro>
    <localidade>Maceió</localidade>
    <uf>AL</uf>
    <estado>Alagoas</estado>
    <região/>
    <ibge>2704302</ibge>
    <gia/>
    <ddd>82</ddd>
    <siafi>2785</siafi>
  </cep>
  <cep>
    <cep>57048-726</cep>
    <logradouro>Rua José Alves</logradouro>
    <complemento>(Projetada 927)</complemento>
    <unidade/>
    <bairro>Antares</bairro>
    <localidade>Maceió</localidade>
    <uf>AL</uf>
    <estado>Alagoas</estado>
    <região/>
    <ibge>2704302</ibge>
    <gia/>
    <ddd>82</ddd>
    <siafi>2785</siafi>
  </cep>
  <cep>
    <cep>57048-730</cep>
    <logradouro>Rua José Ivonilton Moreira Fernandes</logradouro>
    <complemento/>
    <unidade/>
    <bairro>Antares</bairro>
    <localidade>Maceió</localidade>
    <uf>AL</uf>
    <estado>Alagoas</estado>
    <região/>
    <ibge>2704302</ibge>
    <gia/>
    <ddd>82</ddd>
    <siafi>2785</siafi>
  </cep>
  <cep>
    <cep>57048-729</cep>
    <logradouro>Rua Projetada 930</logradouro>
    <complemento>(Lot Antares I)</complemento>
    <unidade/>
    <bairro>Antares</bairro>
    <localidade>Maceió</localidade>
    <uf>AL</uf>
    <estado>Alagoas</estado>
    <região/>
    <ibge>2704302</ibge>
    <gia/>
    <ddd>82</ddd>
    <siafi>2785</siafi>
  </cep>
  <cep>
    <cep>57048-740</cep>
    <logradouro>Avenida Maria Carolina Moreira Sampaio</logradouro>
    <complemento/>
    <unidade/>
    <bairro>Antares</bairro>
    <localidade>Maceió</localidade>
    <uf>AL</uf>
    <estado>Alagoas</estado>
    <região/>
    <ibge>2704302</ibge>
    <gia/>
    <ddd>82</ddd>
    <siafi>2785</siafi>
  </cep>
  <cep>
    <cep>57048-748</cep>
    <logradouro>Rua Sílvia de Góis Oliveira</logradouro>
    <complemento/>
    <unidade/>
    <bairro>Antares</bairro>
    <localidade>Maceió</localidade>
    <uf>AL</uf>
    <estado>Alagoas</estado>
    <região/>
    <ibge>2704302</ibge>
    <gia/>
    <ddd>82</ddd>
    <siafi>2785</siafi>
  </cep>
  <cep>
    <cep>57048-024</cep>
    <logradouro>Rua em Projeto A</logradouro>
    <complemento>(Lot Monte Verde)</complemento>
    <unidade/>
    <bairro>Antares</bairro>
    <localidade>Maceió</localidade>
    <uf>AL</uf>
    <estado>Alagoas</estado>
    <região/>
    <ibge>2704302</ibge>
    <gia/>
    <ddd>82</ddd>
    <siafi>2785</siafi>
  </cep>
  <cep>
    <cep>57048-760</cep>
    <logradouro>Rua José Emetério de Lima</logradouro>
    <complemento/>
    <unidade/>
    <bairro>Antares</bairro>
    <localidade>Maceió</localidade>
    <uf>AL</uf>
    <estado>Alagoas</estado>
    <região/>
    <ibge>2704302</ibge>
    <gia/>
    <ddd>82</ddd>
    <siafi>2785</siafi>
  </cep>
  <cep>
    <cep>57048-738</cep>
    <logradouro>Rua Projetada 929</logradouro>
    <complemento>(Lot Antares I)</complemento>
    <unidade/>
    <bairro>Antares</bairro>
    <localidade>Maceió</localidade>
    <uf>AL</uf>
    <estado>Alagoas</estado>
    <região/>
    <ibge>2704302</ibge>
    <gia/>
    <ddd>82</ddd>
    <siafi>2785</siafi>
  </cep>
  <cep>
    <cep>57048-732</cep>
    <logradouro>Rua Projetada 932</logradouro>
    <complemento>(Lot Antares I)</complemento>
    <unidade/>
    <bairro>Antares</bairro>
    <localidade>Maceió</localidade>
    <uf>AL</uf>
    <estado>Alagoas</estado>
    <região/>
    <ibge>2704302</ibge>
    <gia/>
    <ddd>82</ddd>
    <siafi>2785</siafi>
  </cep>
  <cep>
    <cep>57048-718</cep>
    <logradouro>Rua Projetada 923</logradouro>
    <complemento>(Lot Antares I)</complemento>
    <unidade/>
    <bairro>Antares</bairro>
    <localidade>Maceió</localidade>
    <uf>AL</uf>
    <estado>Alagoas</estado>
    <região/>
    <ibge>2704302</ibge>
    <gia/>
    <ddd>82</ddd>
    <siafi>2785</siafi>
  </cep>
  <cep>
    <cep>57050-030</cep>
    <logradouro>Rua Comendador Firmo Lopes</logradouro>
    <complemento/>
    <unidade/>
    <bairro>Farol</bairro>
    <localidade>Maceió</localidade>
    <uf>AL</uf>
    <estado>Alagoas</estado>
    <região/>
    <ibge>2704302</ibge>
    <gia/>
    <ddd>82</ddd>
    <siafi>2785</siafi>
  </cep>
  <cep>
    <cep>57048-731</cep>
    <logradouro>Rua Manoel Menezes Ferreira Pinto</logradouro>
    <complemento/>
    <unidade/>
    <bairro>Antares</bairro>
    <localidade>Maceió</localidade>
    <uf>AL</uf>
    <estado>Alagoas</estado>
    <região/>
    <ibge>2704302</ibge>
    <gia/>
    <ddd>82</ddd>
    <siafi>2785</siafi>
  </cep>
  <cep>
    <cep>57050-080</cep>
    <logradouro>Rua Doutor Albino Magalhães</logradouro>
    <complemento/>
    <unidade/>
    <bairro>Farol</bairro>
    <localidade>Maceió</localidade>
    <uf>AL</uf>
    <estado>Alagoas</estado>
    <região/>
    <ibge>2704302</ibge>
    <gia/>
    <ddd>82</ddd>
    <siafi>2785</siafi>
  </cep>
  <cep>
    <cep>57050-900</cep>
    <logradouro>Avenida Fernandes Lima</logradouro>
    <complemento>34</complemento>
    <unidade>Condomínio Benedito Bentes</unidade>
    <bairro>Farol</bairro>
    <localidade>Maceió</localidade>
    <uf>AL</uf>
    <estado>Alagoas</estado>
    <região/>
    <ibge>2704302</ibge>
    <gia/>
    <ddd>82</ddd>
    <siafi>2785</siafi>
  </cep>
  <cep>
    <cep>57048-810</cep>
    <logradouro>Rua João Correia da Costa</logradouro>
    <complemento/>
    <unidade/>
    <bairro>Antares</bairro>
    <localidade>Maceió</localidade>
    <uf>AL</uf>
    <estado>Alagoas</estado>
    <região/>
    <ibge>2704302</ibge>
    <gia/>
    <ddd>82</ddd>
    <siafi>2785</siafi>
  </cep>
  <cep>
    <cep>57050-060</cep>
    <logradouro>Rua Doutor Djalma Lins Buarque</logradouro>
    <complemento/>
    <unidade/>
    <bairro>Farol</bairro>
    <localidade>Maceió</localidade>
    <uf>AL</uf>
    <estado>Alagoas</estado>
    <região/>
    <ibge>2704302</ibge>
    <gia/>
    <ddd>82</ddd>
    <siafi>2785</siafi>
  </cep>
  <cep>
    <cep>57050-125</cep>
    <logradouro>Rua Antônio Guedes Nogueira</logradouro>
    <complemento>lado par</complemento>
    <unidade/>
    <bairro>Farol</bairro>
    <localidade>Maceió</localidade>
    <uf>AL</uf>
    <estado>Alagoas</estado>
    <região/>
    <ibge>2704302</ibge>
    <gia/>
    <ddd>82</ddd>
    <siafi>2785</siafi>
  </cep>
  <cep>
    <cep>57048-714</cep>
    <logradouro>Rua Projetada 920</logradouro>
    <complemento>(Lot Antares I)</complemento>
    <unidade/>
    <bairro>Antares</bairro>
    <localidade>Maceió</localidade>
    <uf>AL</uf>
    <estado>Alagoas</estado>
    <região/>
    <ibge>2704302</ibge>
    <gia/>
    <ddd>82</ddd>
    <siafi>2785</siafi>
  </cep>
  <cep>
    <cep>57051-010</cep>
    <logradouro>Rua Abelardo Cardoso</logradouro>
    <complemento/>
    <unidade/>
    <bairro>Farol</bairro>
    <localidade>Maceió</localidade>
    <uf>AL</uf>
    <estado>Alagoas</estado>
    <região/>
    <ibge>2704302</ibge>
    <gia/>
    <ddd>82</ddd>
    <siafi>2785</siafi>
  </cep>
  <cep>
    <cep>57048-890</cep>
    <logradouro>Rua José Albuquerque Matos</logradouro>
    <complemento/>
    <unidade/>
    <bairro>Antares</bairro>
    <localidade>Maceió</localidade>
    <uf>AL</uf>
    <estado>Alagoas</estado>
    <região/>
    <ibge>2704302</ibge>
    <gia/>
    <ddd>82</ddd>
    <siafi>2785</siafi>
  </cep>
  <cep>
    <cep>57051-070</cep>
    <logradouro>Rua Ambrósio Lyra</logradouro>
    <complemento/>
    <unidade/>
    <bairro>Farol</bairro>
    <localidade>Maceió</localidade>
    <uf>AL</uf>
    <estado>Alagoas</estado>
    <região/>
    <ibge>2704302</ibge>
    <gia/>
    <ddd>82</ddd>
    <siafi>2785</siafi>
  </cep>
  <cep>
    <cep>57048-727</cep>
    <logradouro>Rua Projetada 935</logradouro>
    <complemento>(Lot Antares I)</complemento>
    <unidade/>
    <bairro>Antares</bairro>
    <localidade>Maceió</localidade>
    <uf>AL</uf>
    <estado>Alagoas</estado>
    <região/>
    <ibge>2704302</ibge>
    <gia/>
    <ddd>82</ddd>
    <siafi>2785</siafi>
  </cep>
  <cep>
    <cep>57048-720</cep>
    <logradouro>Rua Marcelo Oliveira Resende</logradouro>
    <complemento/>
    <unidade/>
    <bairro>Antares</bairro>
    <localidade>Maceió</localidade>
    <uf>AL</uf>
    <estado>Alagoas</estado>
    <região/>
    <ibge>2704302</ibge>
    <gia/>
    <ddd>82</ddd>
    <siafi>2785</siafi>
  </cep>
  <cep>
    <cep>57050-120</cep>
    <logradouro>Rua Manoel Maia Nobre</logradouro>
    <complemento/>
    <unidade/>
    <bairro>Farol</bairro>
    <localidade>Maceió</localidade>
    <uf>AL</uf>
    <estado>Alagoas</estado>
    <região/>
    <ibge>2704302</ibge>
    <gia/>
    <ddd>82</ddd>
    <siafi>2785</siafi>
  </cep>
  <cep>
    <cep>57048-722</cep>
    <logradouro>Rua Projetada 925</logradouro>
    <complemento>(Lot Antares I)</complemento>
    <unidade/>
    <bairro>Antares</bairro>
    <localidade>Maceió</localidade>
    <uf>AL</uf>
    <estado>Alagoas</estado>
    <região/>
    <ibge>2704302</ibge>
    <gia/>
    <ddd>82</ddd>
    <siafi>2785</siafi>
  </cep>
  <cep>
    <cep>57050-032</cep>
    <logradouro>Vila Arapiraca</logradouro>
    <complemento/>
    <unidade/>
    <bairro>Farol</bairro>
    <localidade>Maceió</localidade>
    <uf>AL</uf>
    <estado>Alagoas</estado>
    <região/>
    <ibge>2704302</ibge>
    <gia/>
    <ddd>82</ddd>
    <siafi>2785</siafi>
  </cep>
  <cep>
    <cep>57051-080</cep>
    <logradouro>Rua Antônio Neto</logradouro>
    <complemento/>
    <unidade/>
    <bairro>Farol</bairro>
    <localidade>Maceió</localidade>
    <uf>AL</uf>
    <estado>Alagoas</estado>
    <região/>
    <ibge>2704302</ibge>
    <gia/>
    <ddd>82</ddd>
    <siafi>2785</siafi>
  </cep>
  <cep>
    <cep>57048-815</cep>
    <logradouro>Loteamento Hans Kerne</logradouro>
    <complemento/>
    <unidade/>
    <bairro>Antares</bairro>
    <localidade>Maceió</localidade>
    <uf>AL</uf>
    <estado>Alagoas</estado>
    <região/>
    <ibge>2704302</ibge>
    <gia/>
    <ddd>82</ddd>
    <siafi>2785</siafi>
  </cep>
  <cep>
    <cep>57051-090</cep>
    <logradouro>Avenida Aristeu de Andrade</logradouro>
    <complemento/>
    <unidade/>
    <bairro>Farol</bairro>
    <localidade>Maceió</localidade>
    <uf>AL</uf>
    <estado>Alagoas</estado>
    <região/>
    <ibge>2704302</ibge>
    <gia/>
    <ddd>82</ddd>
    <siafi>2785</siafi>
  </cep>
  <cep>
    <cep>57051-110</cep>
    <logradouro>Rua Audeir Lima Aguiar Peixoto</logradouro>
    <complemento/>
    <unidade/>
    <bairro>Farol</bairro>
    <localidade>Maceió</localidade>
    <uf>AL</uf>
    <estado>Alagoas</estado>
    <região/>
    <ibge>2704302</ibge>
    <gia/>
    <ddd>82</ddd>
    <siafi>2785</siafi>
  </cep>
  <cep>
    <cep>57050-000</cep>
    <logradouro>Avenida Fernandes Lima</logradouro>
    <complemento>até 812 - lado par</complemento>
    <unidade/>
    <bairro>Farol</bairro>
    <localidade>Maceió</localidade>
    <uf>AL</uf>
    <estado>Alagoas</estado>
    <região/>
    <ibge>2704302</ibge>
    <gia/>
    <ddd>82</ddd>
    <siafi>2785</siafi>
  </cep>
  <cep>
    <cep>57051-120</cep>
    <logradouro>Rua dos Bandeirantes</logradouro>
    <complemento/>
    <unidade/>
    <bairro>Farol</bairro>
    <localidade>Maceió</localidade>
    <uf>AL</uf>
    <estado>Alagoas</estado>
    <região/>
    <ibge>2704302</ibge>
    <gia/>
    <ddd>82</ddd>
    <siafi>2785</siafi>
  </cep>
  <cep>
    <cep>57051-140</cep>
    <logradouro>Praça do Centenário</logradouro>
    <complemento/>
    <unidade/>
    <bairro>Farol</bairro>
    <localidade>Maceió</localidade>
    <uf>AL</uf>
    <estado>Alagoas</estado>
    <região/>
    <ibge>2704302</ibge>
    <gia/>
    <ddd>82</ddd>
    <siafi>2785</siafi>
  </cep>
  <cep>
    <cep>57048-746</cep>
    <logradouro>Rua Gráfico Júlio Canuto dos Santos</logradouro>
    <complemento/>
    <unidade/>
    <bairro>Antares</bairro>
    <localidade>Maceió</localidade>
    <uf>AL</uf>
    <estado>Alagoas</estado>
    <região/>
    <ibge>2704302</ibge>
    <gia/>
    <ddd>82</ddd>
    <siafi>2785</siafi>
  </cep>
  <cep>
    <cep>57050-130</cep>
    <logradouro>Rua Marieta Lages</logradouro>
    <complemento/>
    <unidade/>
    <bairro>Farol</bairro>
    <localidade>Maceió</localidade>
    <uf>AL</uf>
    <estado>Alagoas</estado>
    <região/>
    <ibge>2704302</ibge>
    <gia/>
    <ddd>82</ddd>
    <siafi>2785</siafi>
  </cep>
  <cep>
    <cep>57051-165</cep>
    <logradouro>Rua Alto da Vitória</logradouro>
    <complemento/>
    <unidade/>
    <bairro>Farol</bairro>
    <localidade>Maceió</localidade>
    <uf>AL</uf>
    <estado>Alagoas</estado>
    <região/>
    <ibge>2704302</ibge>
    <gia/>
    <ddd>82</ddd>
    <siafi>2785</siafi>
  </cep>
  <cep>
    <cep>57051-180</cep>
    <logradouro>Rua Desembargador Amorim Lima</logradouro>
    <complemento/>
    <unidade/>
    <bairro>Farol</bairro>
    <localidade>Maceió</localidade>
    <uf>AL</uf>
    <estado>Alagoas</estado>
    <região/>
    <ibge>2704302</ibge>
    <gia/>
    <ddd>82</ddd>
    <siafi>2785</siafi>
  </cep>
  <cep>
    <cep>57051-150</cep>
    <logradouro>Rua Comendador Palmeira</logradouro>
    <complemento/>
    <unidade/>
    <bairro>Farol</bairro>
    <localidade>Maceió</localidade>
    <uf>AL</uf>
    <estado>Alagoas</estado>
    <região/>
    <ibge>2704302</ibge>
    <gia/>
    <ddd>82</ddd>
    <siafi>2785</siafi>
  </cep>
  <cep>
    <cep>57048-744</cep>
    <logradouro>Rua Maria Gama de Carvalho</logradouro>
    <complemento/>
    <unidade/>
    <bairro>Antares</bairro>
    <localidade>Maceió</localidade>
    <uf>AL</uf>
    <estado>Alagoas</estado>
    <região/>
    <ibge>2704302</ibge>
    <gia/>
    <ddd>82</ddd>
    <siafi>2785</siafi>
  </cep>
  <cep>
    <cep>57051-060</cep>
    <logradouro>Rua Alexandre Nobre</logradouro>
    <complemento/>
    <unidade/>
    <bairro>Farol</bairro>
    <localidade>Maceió</localidade>
    <uf>AL</uf>
    <estado>Alagoas</estado>
    <região/>
    <ibge>2704302</ibge>
    <gia/>
    <ddd>82</ddd>
    <siafi>2785</siafi>
  </cep>
  <cep>
    <cep>57051-160</cep>
    <logradouro>Rua Cônego Machado</logradouro>
    <complemento/>
    <unidade/>
    <bairro>Farol</bairro>
    <localidade>Maceió</localidade>
    <uf>AL</uf>
    <estado>Alagoas</estado>
    <região/>
    <ibge>2704302</ibge>
    <gia/>
    <ddd>82</ddd>
    <siafi>2785</siafi>
  </cep>
  <cep>
    <cep>57048-712</cep>
    <logradouro>Rua Projetada 421</logradouro>
    <complemento>(Lot Antares I)</complemento>
    <unidade/>
    <bairro>Antares</bairro>
    <localidade>Maceió</localidade>
    <uf>AL</uf>
    <estado>Alagoas</estado>
    <região/>
    <ibge>2704302</ibge>
    <gia/>
    <ddd>82</ddd>
    <siafi>2785</siafi>
  </cep>
  <cep>
    <cep>57051-130</cep>
    <logradouro>Rua Capitão Samuel Lins</logradouro>
    <complemento/>
    <unidade/>
    <bairro>Farol</bairro>
    <localidade>Maceió</localidade>
    <uf>AL</uf>
    <estado>Alagoas</estado>
    <região/>
    <ibge>2704302</ibge>
    <gia/>
    <ddd>82</ddd>
    <siafi>2785</siafi>
  </cep>
  <cep>
    <cep>57048-574</cep>
    <logradouro>Rua Projetada 897</logradouro>
    <complemento>(Lot Antares I)</complemento>
    <unidade/>
    <bairro>Antares</bairro>
    <localidade>Maceió</localidade>
    <uf>AL</uf>
    <estado>Alagoas</estado>
    <região/>
    <ibge>2704302</ibge>
    <gia/>
    <ddd>82</ddd>
    <siafi>2785</siafi>
  </cep>
  <cep>
    <cep>57051-200</cep>
    <logradouro>Rua Dom Vital</logradouro>
    <complemento/>
    <unidade/>
    <bairro>Farol</bairro>
    <localidade>Maceió</localidade>
    <uf>AL</uf>
    <estado>Alagoas</estado>
    <região/>
    <ibge>2704302</ibge>
    <gia/>
    <ddd>82</ddd>
    <siafi>2785</siafi>
  </cep>
  <cep>
    <cep>57051-050</cep>
    <logradouro>Rua Alcebíades Valente</logradouro>
    <complemento/>
    <unidade/>
    <bairro>Farol</bairro>
    <localidade>Maceió</localidade>
    <uf>AL</uf>
    <estado>Alagoas</estado>
    <região/>
    <ibge>2704302</ibge>
    <gia/>
    <ddd>82</ddd>
    <siafi>2785</siafi>
  </cep>
  <cep>
    <cep>57050-050</cep>
    <logradouro>Rua Desembargador Tenório</logradouro>
    <complemento/>
    <unidade/>
    <bairro>Farol</bairro>
    <localidade>Maceió</localidade>
    <uf>AL</uf>
    <estado>Alagoas</estado>
    <região/>
    <ibge>2704302</ibge>
    <gia/>
    <ddd>82</ddd>
    <siafi>2785</siafi>
  </cep>
  <cep>
    <cep>57048-716</cep>
    <logradouro>Rua José Bonifácio</logradouro>
    <complemento>(Lot Antares I)</complemento>
    <unidade/>
    <bairro>Antares</bairro>
    <localidade>Maceió</localidade>
    <uf>AL</uf>
    <estado>Alagoas</estado>
    <região/>
    <ibge>2704302</ibge>
    <gia/>
    <ddd>82</ddd>
    <siafi>2785</siafi>
  </cep>
  <cep>
    <cep>57050-090</cep>
    <logradouro>Rua Oldemburgo da Silva Paranhos</logradouro>
    <complemento>até 179 - lado ímpar</complemento>
    <unidade/>
    <bairro>Farol</bairro>
    <localidade>Maceió</localidade>
    <uf>AL</uf>
    <estado>Alagoas</estado>
    <região/>
    <ibge>2704302</ibge>
    <gia/>
    <ddd>82</ddd>
    <siafi>2785</siafi>
  </cep>
  <cep>
    <cep>57048-736</cep>
    <logradouro>Rua Projetada 934</logradouro>
    <complemento>(Lot Antares I)</complemento>
    <unidade/>
    <bairro>Antares</bairro>
    <localidade>Maceió</localidade>
    <uf>AL</uf>
    <estado>Alagoas</estado>
    <região/>
    <ibge>2704302</ibge>
    <gia/>
    <ddd>82</ddd>
    <siafi>2785</siafi>
  </cep>
  <cep>
    <cep>57048-719</cep>
    <logradouro>Avenida Doutor Milton Hênio Netto de Gouveia</logradouro>
    <complemento/>
    <unidade/>
    <bairro>Antares</bairro>
    <localidade>Maceió</localidade>
    <uf>AL</uf>
    <estado>Alagoas</estado>
    <região/>
    <ibge>2704302</ibge>
    <gia/>
    <ddd>82</ddd>
    <siafi>2785</siafi>
  </cep>
  <cep>
    <cep>57051-000</cep>
    <logradouro>Avenida Tomás Espíndola</logradouro>
    <complemento>lado par</complemento>
    <unidade/>
    <bairro>Farol</bairro>
    <localidade>Maceió</localidade>
    <uf>AL</uf>
    <estado>Alagoas</estado>
    <região/>
    <ibge>2704302</ibge>
    <gia/>
    <ddd>82</ddd>
    <siafi>2785</siafi>
  </cep>
  <cep>
    <cep>57051-040</cep>
    <logradouro>Rua Afonso Pena</logradouro>
    <complemento/>
    <unidade/>
    <bairro>Farol</bairro>
    <localidade>Maceió</localidade>
    <uf>AL</uf>
    <estado>Alagoas</estado>
    <região/>
    <ibge>2704302</ibge>
    <gia/>
    <ddd>82</ddd>
    <siafi>2785</siafi>
  </cep>
  <cep>
    <cep>57051-190</cep>
    <logradouro>Avenida Dom Antônio Brandão</logradouro>
    <complemento/>
    <unidade/>
    <bairro>Farol</bairro>
    <localidade>Maceió</localidade>
    <uf>AL</uf>
    <estado>Alagoas</estado>
    <região/>
    <ibge>2704302</ibge>
    <gia/>
    <ddd>82</ddd>
    <siafi>2785</siafi>
  </cep>
  <cep>
    <cep>57048-724</cep>
    <logradouro>Rua Projetada 926</logradouro>
    <complemento>(Lot Antares I)</complemento>
    <unidade/>
    <bairro>Antares</bairro>
    <localidade>Maceió</localidade>
    <uf>AL</uf>
    <estado>Alagoas</estado>
    <região/>
    <ibge>2704302</ibge>
    <gia/>
    <ddd>82</ddd>
    <siafi>2785</siafi>
  </cep>
  <cep>
    <cep>57051-220</cep>
    <logradouro>Rua Doutor Adaucto de Pereira</logradouro>
    <complemento/>
    <unidade/>
    <bairro>Farol</bairro>
    <localidade>Maceió</localidade>
    <uf>AL</uf>
    <estado>Alagoas</estado>
    <região/>
    <ibge>2704302</ibge>
    <gia/>
    <ddd>82</ddd>
    <siafi>2785</siafi>
  </cep>
  <cep>
    <cep>57051-270</cep>
    <logradouro>Rua Doutor José Maria Correia das Neves</logradouro>
    <complemento/>
    <unidade/>
    <bairro>Farol</bairro>
    <localidade>Maceió</localidade>
    <uf>AL</uf>
    <estado>Alagoas</estado>
    <região/>
    <ibge>2704302</ibge>
    <gia/>
    <ddd>82</ddd>
    <siafi>2785</siafi>
  </cep>
  <cep>
    <cep>57051-210</cep>
    <logradouro>Rua Doutor Adalberto Marroquim</logradouro>
    <complemento/>
    <unidade/>
    <bairro>Farol</bairro>
    <localidade>Maceió</localidade>
    <uf>AL</uf>
    <estado>Alagoas</estado>
    <região/>
    <ibge>2704302</ibge>
    <gia/>
    <ddd>82</ddd>
    <siafi>2785</siafi>
  </cep>
  <cep>
    <cep>57051-245</cep>
    <logradouro>Travessa Doutor Geraldo Melo dos Santos</logradouro>
    <complemento/>
    <unidade/>
    <bairro>Farol</bairro>
    <localidade>Maceió</localidade>
    <uf>AL</uf>
    <estado>Alagoas</estado>
    <região/>
    <ibge>2704302</ibge>
    <gia/>
    <ddd>82</ddd>
    <siafi>2785</siafi>
  </cep>
  <cep>
    <cep>57051-240</cep>
    <logradouro>Ladeira Doutor Geraldo Melo dos Santos</logradouro>
    <complemento>até 272/273</complemento>
    <unidade/>
    <bairro>Farol</bairro>
    <localidade>Maceió</localidade>
    <uf>AL</uf>
    <estado>Alagoas</estado>
    <região/>
    <ibge>2704302</ibge>
    <gia/>
    <ddd>82</ddd>
    <siafi>2785</siafi>
  </cep>
  <cep>
    <cep>57048-734</cep>
    <logradouro>Rua Projetada 933</logradouro>
    <complemento>(Lot Antares I)</complemento>
    <unidade/>
    <bairro>Antares</bairro>
    <localidade>Maceió</localidade>
    <uf>AL</uf>
    <estado>Alagoas</estado>
    <região/>
    <ibge>2704302</ibge>
    <gia/>
    <ddd>82</ddd>
    <siafi>2785</siafi>
  </cep>
  <cep>
    <cep>57051-230</cep>
    <logradouro>Rua Doutor Ciridião Durval</logradouro>
    <complemento/>
    <unidade/>
    <bairro>Farol</bairro>
    <localidade>Maceió</localidade>
    <uf>AL</uf>
    <estado>Alagoas</estado>
    <região/>
    <ibge>2704302</ibge>
    <gia/>
    <ddd>82</ddd>
    <siafi>2785</siafi>
  </cep>
  <cep>
    <cep>57051-260</cep>
    <logradouro>Rua Doutor José Bento Júnior</logradouro>
    <complemento/>
    <unidade/>
    <bairro>Farol</bairro>
    <localidade>Maceió</localidade>
    <uf>AL</uf>
    <estado>Alagoas</estado>
    <região/>
    <ibge>2704302</ibge>
    <gia/>
    <ddd>82</ddd>
    <siafi>2785</siafi>
  </cep>
  <cep>
    <cep>57048-750</cep>
    <logradouro>Rua Audálio Lopes da Silva</logradouro>
    <complemento/>
    <unidade/>
    <bairro>Antares</bairro>
    <localidade>Maceió</localidade>
    <uf>AL</uf>
    <estado>Alagoas</estado>
    <região/>
    <ibge>2704302</ibge>
    <gia/>
    <ddd>82</ddd>
    <siafi>2785</siafi>
  </cep>
  <cep>
    <cep>57051-277</cep>
    <logradouro>Vila Viçosa</logradouro>
    <complemento/>
    <unidade/>
    <bairro>Farol</bairro>
    <localidade>Maceió</localidade>
    <uf>AL</uf>
    <estado>Alagoas</estado>
    <região/>
    <ibge>2704302</ibge>
    <gia/>
    <ddd>82</ddd>
    <siafi>2785</siafi>
  </cep>
  <cep>
    <cep>57050-015</cep>
    <logradouro>Avenida Governador Afrânio Lages</logradouro>
    <complemento/>
    <unidade/>
    <bairro>Farol</bairro>
    <localidade>Maceió</localidade>
    <uf>AL</uf>
    <estado>Alagoas</estado>
    <região/>
    <ibge>2704302</ibge>
    <gia/>
    <ddd>82</ddd>
    <siafi>2785</siafi>
  </cep>
  <cep>
    <cep>57051-280</cep>
    <logradouro>Rua Doutor Zamenhof</logradouro>
    <complemento/>
    <unidade/>
    <bairro>Farol</bairro>
    <localidade>Maceió</localidade>
    <uf>AL</uf>
    <estado>Alagoas</estado>
    <região/>
    <ibge>2704302</ibge>
    <gia/>
    <ddd>82</ddd>
    <siafi>2785</siafi>
  </cep>
  <cep>
    <cep>57051-290</cep>
    <logradouro>Rua Esther Silveira Costa</logradouro>
    <complemento/>
    <unidade/>
    <bairro>Farol</bairro>
    <localidade>Maceió</localidade>
    <uf>AL</uf>
    <estado>Alagoas</estado>
    <região/>
    <ibge>2704302</ibge>
    <gia/>
    <ddd>82</ddd>
    <siafi>2785</siafi>
  </cep>
  <cep>
    <cep>57051-320</cep>
    <logradouro>Rua Geremias Porciúncula</logradouro>
    <complemento/>
    <unidade/>
    <bairro>Farol</bairro>
    <localidade>Maceió</localidade>
    <uf>AL</uf>
    <estado>Alagoas</estado>
    <região/>
    <ibge>2704302</ibge>
    <gia/>
    <ddd>82</ddd>
    <siafi>2785</siafi>
  </cep>
  <cep>
    <cep>57051-315</cep>
    <logradouro>Ladeira do Brito</logradouro>
    <complemento>de 137/138 ao fim</complemento>
    <unidade/>
    <bairro>Farol</bairro>
    <localidade>Maceió</localidade>
    <uf>AL</uf>
    <estado>Alagoas</estado>
    <região/>
    <ibge>2704302</ibge>
    <gia/>
    <ddd>82</ddd>
    <siafi>2785</siafi>
  </cep>
  <cep>
    <cep>57051-330</cep>
    <logradouro>Rua Gonçalves Dias</logradouro>
    <complemento/>
    <unidade/>
    <bairro>Farol</bairro>
    <localidade>Maceió</localidade>
    <uf>AL</uf>
    <estado>Alagoas</estado>
    <região/>
    <ibge>2704302</ibge>
    <gia/>
    <ddd>82</ddd>
    <siafi>2785</siafi>
  </cep>
  <cep>
    <cep>57051-340</cep>
    <logradouro>Parque Gonçalves Lêdo</logradouro>
    <complemento/>
    <unidade/>
    <bairro>Farol</bairro>
    <localidade>Maceió</localidade>
    <uf>AL</uf>
    <estado>Alagoas</estado>
    <região/>
    <ibge>2704302</ibge>
    <gia/>
    <ddd>82</ddd>
    <siafi>2785</siafi>
  </cep>
  <cep>
    <cep>57051-345</cep>
    <logradouro>Rua Doutor José de Albuquerque Porciúncula</logradouro>
    <complemento/>
    <unidade/>
    <bairro>Farol</bairro>
    <localidade>Maceió</localidade>
    <uf>AL</uf>
    <estado>Alagoas</estado>
    <região/>
    <ibge>2704302</ibge>
    <gia/>
    <ddd>82</ddd>
    <siafi>2785</siafi>
  </cep>
  <cep>
    <cep>57051-410</cep>
    <logradouro>Rua Joaquim Nabuco</logradouro>
    <complemento/>
    <unidade/>
    <bairro>Farol</bairro>
    <localidade>Maceió</localidade>
    <uf>AL</uf>
    <estado>Alagoas</estado>
    <região/>
    <ibge>2704302</ibge>
    <gia/>
    <ddd>82</ddd>
    <siafi>2785</siafi>
  </cep>
  <cep>
    <cep>57051-370</cep>
    <logradouro>Rua Íris Alagoense</logradouro>
    <complemento/>
    <unidade/>
    <bairro>Farol</bairro>
    <localidade>Maceió</localidade>
    <uf>AL</uf>
    <estado>Alagoas</estado>
    <região/>
    <ibge>2704302</ibge>
    <gia/>
    <ddd>82</ddd>
    <siafi>2785</siafi>
  </cep>
  <cep>
    <cep>57051-360</cep>
    <logradouro>Rua Humaitá</logradouro>
    <complemento/>
    <unidade/>
    <bairro>Farol</bairro>
    <localidade>Maceió</localidade>
    <uf>AL</uf>
    <estado>Alagoas</estado>
    <região/>
    <ibge>2704302</ibge>
    <gia/>
    <ddd>82</ddd>
    <siafi>2785</siafi>
  </cep>
  <cep>
    <cep>57051-420</cep>
    <logradouro>Rua Jornal de Alagoas</logradouro>
    <complemento/>
    <unidade/>
    <bairro>Farol</bairro>
    <localidade>Maceió</localidade>
    <uf>AL</uf>
    <estado>Alagoas</estado>
    <região/>
    <ibge>2704302</ibge>
    <gia/>
    <ddd>82</ddd>
    <siafi>2785</siafi>
  </cep>
  <cep>
    <cep>57051-380</cep>
    <logradouro>Rua Itatiaia</logradouro>
    <complemento/>
    <unidade/>
    <bairro>Farol</bairro>
    <localidade>Maceió</localidade>
    <uf>AL</uf>
    <estado>Alagoas</estado>
    <região/>
    <ibge>2704302</ibge>
    <gia/>
    <ddd>82</ddd>
    <siafi>2785</siafi>
  </cep>
  <cep>
    <cep>57051-375</cep>
    <logradouro>Travessa Íris Alagoense</logradouro>
    <complemento/>
    <unidade/>
    <bairro>Farol</bairro>
    <localidade>Maceió</localidade>
    <uf>AL</uf>
    <estado>Alagoas</estado>
    <região/>
    <ibge>2704302</ibge>
    <gia/>
    <ddd>82</ddd>
    <siafi>2785</siafi>
  </cep>
  <cep>
    <cep>57051-415</cep>
    <logradouro>Travessa Joaquim Nabuco</logradouro>
    <complemento/>
    <unidade/>
    <bairro>Farol</bairro>
    <localidade>Maceió</localidade>
    <uf>AL</uf>
    <estado>Alagoas</estado>
    <região/>
    <ibge>2704302</ibge>
    <gia/>
    <ddd>82</ddd>
    <siafi>2785</siafi>
  </cep>
  <cep>
    <cep>57051-385</cep>
    <logradouro>Travessa Itatiaia</logradouro>
    <complemento/>
    <unidade/>
    <bairro>Farol</bairro>
    <localidade>Maceió</localidade>
    <uf>AL</uf>
    <estado>Alagoas</estado>
    <região/>
    <ibge>2704302</ibge>
    <gia/>
    <ddd>82</ddd>
    <siafi>2785</siafi>
  </cep>
  <cep>
    <cep>57051-400</cep>
    <logradouro>Rua João Nogueira</logradouro>
    <complemento/>
    <unidade/>
    <bairro>Farol</bairro>
    <localidade>Maceió</localidade>
    <uf>AL</uf>
    <estado>Alagoas</estado>
    <região/>
    <ibge>2704302</ibge>
    <gia/>
    <ddd>82</ddd>
    <siafi>2785</siafi>
  </cep>
  <cep>
    <cep>57051-390</cep>
    <logradouro>Rua João Jucá</logradouro>
    <complemento/>
    <unidade/>
    <bairro>Farol</bairro>
    <localidade>Maceió</localidade>
    <uf>AL</uf>
    <estado>Alagoas</estado>
    <região/>
    <ibge>2704302</ibge>
    <gia/>
    <ddd>82</ddd>
    <siafi>2785</siafi>
  </cep>
  <cep>
    <cep>57051-430</cep>
    <logradouro>Rua Júlio Mendes</logradouro>
    <complemento/>
    <unidade/>
    <bairro>Farol</bairro>
    <localidade>Maceió</localidade>
    <uf>AL</uf>
    <estado>Alagoas</estado>
    <região/>
    <ibge>2704302</ibge>
    <gia/>
    <ddd>82</ddd>
    <siafi>2785</siafi>
  </cep>
  <cep>
    <cep>57051-440</cep>
    <logradouro>Rua do Livramento</logradouro>
    <complemento/>
    <unidade/>
    <bairro>Farol</bairro>
    <localidade>Maceió</localidade>
    <uf>AL</uf>
    <estado>Alagoas</estado>
    <região/>
    <ibge>2704302</ibge>
    <gia/>
    <ddd>82</ddd>
    <siafi>2785</siafi>
  </cep>
  <cep>
    <cep>57048-576</cep>
    <logradouro>Rua Projetada 899</logradouro>
    <complemento>(Lot Antares I)</complemento>
    <unidade/>
    <bairro>Antares</bairro>
    <localidade>Maceió</localidade>
    <uf>AL</uf>
    <estado>Alagoas</estado>
    <região/>
    <ibge>2704302</ibge>
    <gia/>
    <ddd>82</ddd>
    <siafi>2785</siafi>
  </cep>
  <cep>
    <cep>57048-728</cep>
    <logradouro>Rua Projetada 931</logradouro>
    <complemento>(Lot Antares I)</complemento>
    <unidade/>
    <bairro>Antares</bairro>
    <localidade>Maceió</localidade>
    <uf>AL</uf>
    <estado>Alagoas</estado>
    <região/>
    <ibge>2704302</ibge>
    <gia/>
    <ddd>82</ddd>
    <siafi>2785</siafi>
  </cep>
  <cep>
    <cep>57051-461</cep>
    <logradouro>1ª Travessa Manoel Barbosa Calheiros</logradouro>
    <complemento/>
    <unidade/>
    <bairro>Farol</bairro>
    <localidade>Maceió</localidade>
    <uf>AL</uf>
    <estado>Alagoas</estado>
    <região/>
    <ibge>2704302</ibge>
    <gia/>
    <ddd>82</ddd>
    <siafi>2785</siafi>
  </cep>
  <cep>
    <cep>57051-502</cep>
    <logradouro>Ladeira Adolfo Guimarães</logradouro>
    <complemento>lado par</complemento>
    <unidade/>
    <bairro>Farol</bairro>
    <localidade>Maceió</localidade>
    <uf>AL</uf>
    <estado>Alagoas</estado>
    <região/>
    <ibge>2704302</ibge>
    <gia/>
    <ddd>82</ddd>
    <siafi>2785</siafi>
  </cep>
  <cep>
    <cep>57051-562</cep>
    <logradouro>Rua da Harmonia</logradouro>
    <complemento/>
    <unidade/>
    <bairro>Farol</bairro>
    <localidade>Maceió</localidade>
    <uf>AL</uf>
    <estado>Alagoas</estado>
    <região/>
    <ibge>2704302</ibge>
    <gia/>
    <ddd>82</ddd>
    <siafi>2785</siafi>
  </cep>
  <cep>
    <cep>57051-465</cep>
    <logradouro>Rua Gercino Moreira</logradouro>
    <complemento/>
    <unidade/>
    <bairro>Farol</bairro>
    <localidade>Maceió</localidade>
    <uf>AL</uf>
    <estado>Alagoas</estado>
    <região/>
    <ibge>2704302</ibge>
    <gia/>
    <ddd>82</ddd>
    <siafi>2785</siafi>
  </cep>
  <cep>
    <cep>57051-550</cep>
    <logradouro>Rua Professor José Paulino</logradouro>
    <complemento/>
    <unidade/>
    <bairro>Farol</bairro>
    <localidade>Maceió</localidade>
    <uf>AL</uf>
    <estado>Alagoas</estado>
    <região/>
    <ibge>2704302</ibge>
    <gia/>
    <ddd>82</ddd>
    <siafi>2785</siafi>
  </cep>
  <cep>
    <cep>57051-460</cep>
    <logradouro>Vila Manoel Barbosa Calheiros</logradouro>
    <complemento/>
    <unidade/>
    <bairro>Farol</bairro>
    <localidade>Maceió</localidade>
    <uf>AL</uf>
    <estado>Alagoas</estado>
    <região/>
    <ibge>2704302</ibge>
    <gia/>
    <ddd>82</ddd>
    <siafi>2785</siafi>
  </cep>
  <cep>
    <cep>57051-467</cep>
    <logradouro>6ª Travessa Manoel Barbosa Calheiros</logradouro>
    <complemento/>
    <unidade/>
    <bairro>Farol</bairro>
    <localidade>Maceió</localidade>
    <uf>AL</uf>
    <estado>Alagoas</estado>
    <região/>
    <ibge>2704302</ibge>
    <gia/>
    <ddd>82</ddd>
    <siafi>2785</siafi>
  </cep>
  <cep>
    <cep>57051-900</cep>
    <logradouro>Avenida Aristeu de Andrade</logradouro>
    <complemento>355</complemento>
    <unidade>Rádio e Televisão Gazeta de Alagoas</unidade>
    <bairro>Farol</bairro>
    <localidade>Maceió</localidade>
    <uf>AL</uf>
    <estado>Alagoas</estado>
    <região/>
    <ibge>2704302</ibge>
    <gia/>
    <ddd>82</ddd>
    <siafi>2785</siafi>
  </cep>
  <cep>
    <cep>57051-620</cep>
    <logradouro>Rua Doutor Sebastião Granjeiro</logradouro>
    <complemento/>
    <unidade/>
    <bairro>Farol</bairro>
    <localidade>Maceió</localidade>
    <uf>AL</uf>
    <estado>Alagoas</estado>
    <região/>
    <ibge>2704302</ibge>
    <gia/>
    <ddd>82</ddd>
    <siafi>2785</siafi>
  </cep>
  <cep>
    <cep>57051-600</cep>
    <logradouro>Avenida Santa Rita de Cássia</logradouro>
    <complemento/>
    <unidade/>
    <bairro>Farol</bairro>
    <localidade>Maceió</localidade>
    <uf>AL</uf>
    <estado>Alagoas</estado>
    <região/>
    <ibge>2704302</ibge>
    <gia/>
    <ddd>82</ddd>
    <siafi>2785</siafi>
  </cep>
  <cep>
    <cep>57051-470</cep>
    <logradouro>Rua Maria Helena Saldanha</logradouro>
    <complemento/>
    <unidade/>
    <bairro>Farol</bairro>
    <localidade>Maceió</localidade>
    <uf>AL</uf>
    <estado>Alagoas</estado>
    <região/>
    <ibge>2704302</ibge>
    <gia/>
    <ddd>82</ddd>
    <siafi>2785</siafi>
  </cep>
  <cep>
    <cep>57051-695</cep>
    <logradouro>Rua Major Francisco de Barros Rêgo</logradouro>
    <complemento/>
    <unidade/>
    <bairro>Farol</bairro>
    <localidade>Maceió</localidade>
    <uf>AL</uf>
    <estado>Alagoas</estado>
    <região/>
    <ibge>2704302</ibge>
    <gia/>
    <ddd>82</ddd>
    <siafi>2785</siafi>
  </cep>
  <cep>
    <cep>57051-510</cep>
    <logradouro>Rua Osvaldo Sarmento</logradouro>
    <complemento/>
    <unidade/>
    <bairro>Farol</bairro>
    <localidade>Maceió</localidade>
    <uf>AL</uf>
    <estado>Alagoas</estado>
    <região/>
    <ibge>2704302</ibge>
    <gia/>
    <ddd>82</ddd>
    <siafi>2785</siafi>
  </cep>
  <cep>
    <cep>57051-463</cep>
    <logradouro>3ª Travessa Manoel Barbosa Calheiros</logradouro>
    <complemento/>
    <unidade/>
    <bairro>Farol</bairro>
    <localidade>Maceió</localidade>
    <uf>AL</uf>
    <estado>Alagoas</estado>
    <região/>
    <ibge>2704302</ibge>
    <gia/>
    <ddd>82</ddd>
    <siafi>2785</siafi>
  </cep>
  <cep>
    <cep>57051-540</cep>
    <logradouro>Rua Professor Aurino Maciel</logradouro>
    <complemento/>
    <unidade/>
    <bairro>Farol</bairro>
    <localidade>Maceió</localidade>
    <uf>AL</uf>
    <estado>Alagoas</estado>
    <região/>
    <ibge>2704302</ibge>
    <gia/>
    <ddd>82</ddd>
    <siafi>2785</siafi>
  </cep>
  <cep>
    <cep>57052-010</cep>
    <logradouro>Ladeira Antônio Félix</logradouro>
    <complemento/>
    <unidade/>
    <bairro>Pitanguinha</bairro>
    <localidade>Maceió</localidade>
    <uf>AL</uf>
    <estado>Alagoas</estado>
    <região/>
    <ibge>2704302</ibge>
    <gia/>
    <ddd>82</ddd>
    <siafi>2785</siafi>
  </cep>
  <cep>
    <cep>57052-020</cep>
    <logradouro>Rua Antônio Guedes Nogueira</logradouro>
    <complemento>lado ímpar</complemento>
    <unidade/>
    <bairro>Pitanguinha</bairro>
    <localidade>Maceió</localidade>
    <uf>AL</uf>
    <estado>Alagoas</estado>
    <região/>
    <ibge>2704302</ibge>
    <gia/>
    <ddd>82</ddd>
    <siafi>2785</siafi>
  </cep>
  <cep>
    <cep>57051-670</cep>
    <logradouro>Rua Maria Laurinda Gomes</logradouro>
    <complemento/>
    <unidade/>
    <bairro>Farol</bairro>
    <localidade>Maceió</localidade>
    <uf>AL</uf>
    <estado>Alagoas</estado>
    <região/>
    <ibge>2704302</ibge>
    <gia/>
    <ddd>82</ddd>
    <siafi>2785</siafi>
  </cep>
  <cep>
    <cep>57051-564</cep>
    <logradouro>Rua Retiro</logradouro>
    <complemento/>
    <unidade/>
    <bairro>Farol</bairro>
    <localidade>Maceió</localidade>
    <uf>AL</uf>
    <estado>Alagoas</estado>
    <região/>
    <ibge>2704302</ibge>
    <gia/>
    <ddd>82</ddd>
    <siafi>2785</siafi>
  </cep>
  <cep>
    <cep>57052-070</cep>
    <logradouro>Rua Dom Santino Coutinho</logradouro>
    <complemento/>
    <unidade/>
    <bairro>Pitanguinha</bairro>
    <localidade>Maceió</localidade>
    <uf>AL</uf>
    <estado>Alagoas</estado>
    <região/>
    <ibge>2704302</ibge>
    <gia/>
    <ddd>82</ddd>
    <siafi>2785</siafi>
  </cep>
  <cep>
    <cep>57052-100</cep>
    <logradouro>Rua Hugo Jobim</logradouro>
    <complemento>de 62/63 ao fim</complemento>
    <unidade/>
    <bairro>Pitanguinha</bairro>
    <localidade>Maceió</localidade>
    <uf>AL</uf>
    <estado>Alagoas</estado>
    <região/>
    <ibge>2704302</ibge>
    <gia/>
    <ddd>82</ddd>
    <siafi>2785</siafi>
  </cep>
  <cep>
    <cep>57052-110</cep>
    <logradouro>Rua Coronel José Augusto Cabral</logradouro>
    <complemento/>
    <unidade/>
    <bairro>Pitanguinha</bairro>
    <localidade>Maceió</localidade>
    <uf>AL</uf>
    <estado>Alagoas</estado>
    <região/>
    <ibge>2704302</ibge>
    <gia/>
    <ddd>82</ddd>
    <siafi>2785</siafi>
  </cep>
  <cep>
    <cep>57052-160</cep>
    <logradouro>Rua Antônio Gerbase</logradouro>
    <complemento/>
    <unidade/>
    <bairro>Pitanguinha</bairro>
    <localidade>Maceió</localidade>
    <uf>AL</uf>
    <estado>Alagoas</estado>
    <região/>
    <ibge>2704302</ibge>
    <gia/>
    <ddd>82</ddd>
    <siafi>2785</siafi>
  </cep>
  <cep>
    <cep>57051-560</cep>
    <logradouro>Rua Radialista Odette Pacheco</logradouro>
    <complemento/>
    <unidade/>
    <bairro>Farol</bairro>
    <localidade>Maceió</localidade>
    <uf>AL</uf>
    <estado>Alagoas</estado>
    <região/>
    <ibge>2704302</ibge>
    <gia/>
    <ddd>82</ddd>
    <siafi>2785</siafi>
  </cep>
  <cep>
    <cep>57052-140</cep>
    <logradouro>Rua Ministro Salgado Filho</logradouro>
    <complemento/>
    <unidade/>
    <bairro>Pitanguinha</bairro>
    <localidade>Maceió</localidade>
    <uf>AL</uf>
    <estado>Alagoas</estado>
    <região/>
    <ibge>2704302</ibge>
    <gia/>
    <ddd>82</ddd>
    <siafi>2785</siafi>
  </cep>
  <cep>
    <cep>57052-220</cep>
    <logradouro>Rua Dez de Novembro</logradouro>
    <complemento/>
    <unidade/>
    <bairro>Pitanguinha</bairro>
    <localidade>Maceió</localidade>
    <uf>AL</uf>
    <estado>Alagoas</estado>
    <região/>
    <ibge>2704302</ibge>
    <gia/>
    <ddd>82</ddd>
    <siafi>2785</siafi>
  </cep>
  <cep>
    <cep>57051-902</cep>
    <logradouro>Avenida Dom Antônio Brandão</logradouro>
    <complemento>307</complemento>
    <unidade>Edifício Leonardo da Vinci</unidade>
    <bairro>Farol</bairro>
    <localidade>Maceió</localidade>
    <uf>AL</uf>
    <estado>Alagoas</estado>
    <região/>
    <ibge>2704302</ibge>
    <gia/>
    <ddd>82</ddd>
    <siafi>2785</siafi>
  </cep>
  <cep>
    <cep>57052-040</cep>
    <logradouro>Rua Coronel Pacheco Ramalho</logradouro>
    <complemento/>
    <unidade/>
    <bairro>Pitanguinha</bairro>
    <localidade>Maceió</localidade>
    <uf>AL</uf>
    <estado>Alagoas</estado>
    <região/>
    <ibge>2704302</ibge>
    <gia/>
    <ddd>82</ddd>
    <siafi>2785</siafi>
  </cep>
  <cep>
    <cep>57051-500</cep>
    <logradouro>Avenida Moreira e Silva</logradouro>
    <complemento>de 100/101 ao fim</complemento>
    <unidade/>
    <bairro>Farol</bairro>
    <localidade>Maceió</localidade>
    <uf>AL</uf>
    <estado>Alagoas</estado>
    <região/>
    <ibge>2704302</ibge>
    <gia/>
    <ddd>82</ddd>
    <siafi>2785</siafi>
  </cep>
  <cep>
    <cep>57051-520</cep>
    <logradouro>Rua Princesa Isabel</logradouro>
    <complemento/>
    <unidade/>
    <bairro>Farol</bairro>
    <localidade>Maceió</localidade>
    <uf>AL</uf>
    <estado>Alagoas</estado>
    <região/>
    <ibge>2704302</ibge>
    <gia/>
    <ddd>82</ddd>
    <siafi>2785</siafi>
  </cep>
  <cep>
    <cep>57052-210</cep>
    <logradouro>Rua Desembargador Pereira do Carmo</logradouro>
    <complemento/>
    <unidade/>
    <bairro>Pitanguinha</bairro>
    <localidade>Maceió</localidade>
    <uf>AL</uf>
    <estado>Alagoas</estado>
    <região/>
    <ibge>2704302</ibge>
    <gia/>
    <ddd>82</ddd>
    <siafi>2785</siafi>
  </cep>
  <cep>
    <cep>57051-901</cep>
    <logradouro>Avenida Dom Antônio Brandão</logradouro>
    <complemento>333</complemento>
    <unidade>Edifício Maceió Work Center</unidade>
    <bairro>Farol</bairro>
    <localidade>Maceió</localidade>
    <uf>AL</uf>
    <estado>Alagoas</estado>
    <região/>
    <ibge>2704302</ibge>
    <gia/>
    <ddd>82</ddd>
    <siafi>2785</siafi>
  </cep>
  <cep>
    <cep>57052-225</cep>
    <logradouro>Travessa Waldomiro Breda</logradouro>
    <complemento/>
    <unidade/>
    <bairro>Pitanguinha</bairro>
    <localidade>Maceió</localidade>
    <uf>AL</uf>
    <estado>Alagoas</estado>
    <região/>
    <ibge>2704302</ibge>
    <gia/>
    <ddd>82</ddd>
    <siafi>2785</siafi>
  </cep>
  <cep>
    <cep>57052-242</cep>
    <logradouro>Rua Miguel Palmeira</logradouro>
    <complemento>até 648/649</complemento>
    <unidade/>
    <bairro>Pitanguinha</bairro>
    <localidade>Maceió</localidade>
    <uf>AL</uf>
    <estado>Alagoas</estado>
    <região/>
    <ibge>2704302</ibge>
    <gia/>
    <ddd>82</ddd>
    <siafi>2785</siafi>
  </cep>
  <cep>
    <cep>57051-650</cep>
    <logradouro>Vila Retiro Feliz</logradouro>
    <complemento/>
    <unidade/>
    <bairro>Farol</bairro>
    <localidade>Maceió</localidade>
    <uf>AL</uf>
    <estado>Alagoas</estado>
    <região/>
    <ibge>2704302</ibge>
    <gia/>
    <ddd>82</ddd>
    <siafi>2785</siafi>
  </cep>
  <cep>
    <cep>57052-170</cep>
    <logradouro>Rua Cônego Tobias</logradouro>
    <complemento/>
    <unidade/>
    <bairro>Pitanguinha</bairro>
    <localidade>Maceió</localidade>
    <uf>AL</uf>
    <estado>Alagoas</estado>
    <região/>
    <ibge>2704302</ibge>
    <gia/>
    <ddd>82</ddd>
    <siafi>2785</siafi>
  </cep>
  <cep>
    <cep>57051-630</cep>
    <logradouro>Praça Sergipe</logradouro>
    <complemento/>
    <unidade/>
    <bairro>Farol</bairro>
    <localidade>Maceió</localidade>
    <uf>AL</uf>
    <estado>Alagoas</estado>
    <região/>
    <ibge>2704302</ibge>
    <gia/>
    <ddd>82</ddd>
    <siafi>2785</siafi>
  </cep>
  <cep>
    <cep>57052-050</cep>
    <logradouro>Avenida Fernandes Lima</logradouro>
    <complemento>de 830 a 1970 - lado par</complemento>
    <unidade/>
    <bairro>Pitanguinha</bairro>
    <localidade>Maceió</localidade>
    <uf>AL</uf>
    <estado>Alagoas</estado>
    <região/>
    <ibge>2704302</ibge>
    <gia/>
    <ddd>82</ddd>
    <siafi>2785</siafi>
  </cep>
  <cep>
    <cep>57052-246</cep>
    <logradouro>Rua Joana D'Arc</logradouro>
    <complemento/>
    <unidade/>
    <bairro>Pitanguinha</bairro>
    <localidade>Maceió</localidade>
    <uf>AL</uf>
    <estado>Alagoas</estado>
    <região/>
    <ibge>2704302</ibge>
    <gia/>
    <ddd>82</ddd>
    <siafi>2785</siafi>
  </cep>
  <cep>
    <cep>57052-244</cep>
    <logradouro>Rua Coronel Lima Rocha</logradouro>
    <complemento>até 626/627</complemento>
    <unidade/>
    <bairro>Pitanguinha</bairro>
    <localidade>Maceió</localidade>
    <uf>AL</uf>
    <estado>Alagoas</estado>
    <região/>
    <ibge>2704302</ibge>
    <gia/>
    <ddd>82</ddd>
    <siafi>2785</siafi>
  </cep>
  <cep>
    <cep>57052-248</cep>
    <logradouro>Travessa Sargento José Alfredo</logradouro>
    <complemento/>
    <unidade/>
    <bairro>Pitanguinha</bairro>
    <localidade>Maceió</localidade>
    <uf>AL</uf>
    <estado>Alagoas</estado>
    <região/>
    <ibge>2704302</ibge>
    <gia/>
    <ddd>82</ddd>
    <siafi>2785</siafi>
  </cep>
  <cep>
    <cep>57051-464</cep>
    <logradouro>4ª Travessa Manoel Barbosa Calheiros</logradouro>
    <complemento/>
    <unidade/>
    <bairro>Farol</bairro>
    <localidade>Maceió</localidade>
    <uf>AL</uf>
    <estado>Alagoas</estado>
    <região/>
    <ibge>2704302</ibge>
    <gia/>
    <ddd>82</ddd>
    <siafi>2785</siafi>
  </cep>
  <cep>
    <cep>57051-903</cep>
    <logradouro>Rua Comendador Palmeira</logradouro>
    <complemento>502</complemento>
    <unidade>Usina Porto Rico</unidade>
    <bairro>Farol</bairro>
    <localidade>Maceió</localidade>
    <uf>AL</uf>
    <estado>Alagoas</estado>
    <região/>
    <ibge>2704302</ibge>
    <gia/>
    <ddd>82</ddd>
    <siafi>2785</siafi>
  </cep>
  <cep>
    <cep>57051-580</cep>
    <logradouro>Rua Saldanha da Gama</logradouro>
    <complemento/>
    <unidade/>
    <bairro>Farol</bairro>
    <localidade>Maceió</localidade>
    <uf>AL</uf>
    <estado>Alagoas</estado>
    <região/>
    <ibge>2704302</ibge>
    <gia/>
    <ddd>82</ddd>
    <siafi>2785</siafi>
  </cep>
  <cep>
    <cep>57052-250</cep>
    <logradouro>Travessa Subtenente Expedito Ferraz</logradouro>
    <complemento/>
    <unidade/>
    <bairro>Pitanguinha</bairro>
    <localidade>Maceió</localidade>
    <uf>AL</uf>
    <estado>Alagoas</estado>
    <região/>
    <ibge>2704302</ibge>
    <gia/>
    <ddd>82</ddd>
    <siafi>2785</siafi>
  </cep>
  <cep>
    <cep>57051-565</cep>
    <logradouro>Rua José de Alencar</logradouro>
    <complemento/>
    <unidade/>
    <bairro>Farol</bairro>
    <localidade>Maceió</localidade>
    <uf>AL</uf>
    <estado>Alagoas</estado>
    <região/>
    <ibge>2704302</ibge>
    <gia/>
    <ddd>82</ddd>
    <siafi>2785</siafi>
  </cep>
  <cep>
    <cep>57051-462</cep>
    <logradouro>2ª Travessa Manoel Barbosa Calheiros</logradouro>
    <complemento/>
    <unidade/>
    <bairro>Farol</bairro>
    <localidade>Maceió</localidade>
    <uf>AL</uf>
    <estado>Alagoas</estado>
    <região/>
    <ibge>2704302</ibge>
    <gia/>
    <ddd>82</ddd>
    <siafi>2785</siafi>
  </cep>
  <cep>
    <cep>57052-180</cep>
    <logradouro>Rua Cônego Valente</logradouro>
    <complemento/>
    <unidade/>
    <bairro>Pitanguinha</bairro>
    <localidade>Maceió</localidade>
    <uf>AL</uf>
    <estado>Alagoas</estado>
    <região/>
    <ibge>2704302</ibge>
    <gia/>
    <ddd>82</ddd>
    <siafi>2785</siafi>
  </cep>
  <cep>
    <cep>57051-530</cep>
    <logradouro>Rua Professor Ângelo Neto</logradouro>
    <complemento/>
    <unidade/>
    <bairro>Farol</bairro>
    <localidade>Maceió</localidade>
    <uf>AL</uf>
    <estado>Alagoas</estado>
    <região/>
    <ibge>2704302</ibge>
    <gia/>
    <ddd>82</ddd>
    <siafi>2785</siafi>
  </cep>
  <cep>
    <cep>57052-190</cep>
    <logradouro>Rua Coronel Francisco Silva</logradouro>
    <complemento/>
    <unidade/>
    <bairro>Pitanguinha</bairro>
    <localidade>Maceió</localidade>
    <uf>AL</uf>
    <estado>Alagoas</estado>
    <região/>
    <ibge>2704302</ibge>
    <gia/>
    <ddd>82</ddd>
    <siafi>2785</siafi>
  </cep>
  <cep>
    <cep>57052-252</cep>
    <logradouro>Rua Coronel Murilo Otávio de Barros</logradouro>
    <complemento>lado par</complemento>
    <unidade/>
    <bairro>Pitanguinha</bairro>
    <localidade>Maceió</localidade>
    <uf>AL</uf>
    <estado>Alagoas</estado>
    <região/>
    <ibge>2704302</ibge>
    <gia/>
    <ddd>82</ddd>
    <siafi>2785</siafi>
  </cep>
  <cep>
    <cep>57051-468</cep>
    <logradouro>Rua Santo Antônio</logradouro>
    <complemento/>
    <unidade/>
    <bairro>Farol</bairro>
    <localidade>Maceió</localidade>
    <uf>AL</uf>
    <estado>Alagoas</estado>
    <região/>
    <ibge>2704302</ibge>
    <gia/>
    <ddd>82</ddd>
    <siafi>2785</siafi>
  </cep>
  <cep>
    <cep>57052-260</cep>
    <logradouro>Rua Desportista Orlando Gomes de Barros</logradouro>
    <complemento/>
    <unidade/>
    <bairro>Pitanguinha</bairro>
    <localidade>Maceió</localidade>
    <uf>AL</uf>
    <estado>Alagoas</estado>
    <região/>
    <ibge>2704302</ibge>
    <gia/>
    <ddd>82</ddd>
    <siafi>2785</siafi>
  </cep>
  <cep>
    <cep>57052-230</cep>
    <logradouro>Rua Doutor Alfredo Oiticica</logradouro>
    <complemento/>
    <unidade/>
    <bairro>Pitanguinha</bairro>
    <localidade>Maceió</localidade>
    <uf>AL</uf>
    <estado>Alagoas</estado>
    <região/>
    <ibge>2704302</ibge>
    <gia/>
    <ddd>82</ddd>
    <siafi>2785</siafi>
  </cep>
  <cep>
    <cep>57052-262</cep>
    <logradouro>Travessa Faustino Silveira</logradouro>
    <complemento/>
    <unidade/>
    <bairro>Pitanguinha</bairro>
    <localidade>Maceió</localidade>
    <uf>AL</uf>
    <estado>Alagoas</estado>
    <região/>
    <ibge>2704302</ibge>
    <gia/>
    <ddd>82</ddd>
    <siafi>2785</siafi>
  </cep>
  <cep>
    <cep>57052-270</cep>
    <logradouro>Rua João Reis Ramalho</logradouro>
    <complemento/>
    <unidade/>
    <bairro>Pitanguinha</bairro>
    <localidade>Maceió</localidade>
    <uf>AL</uf>
    <estado>Alagoas</estado>
    <região/>
    <ibge>2704302</ibge>
    <gia/>
    <ddd>82</ddd>
    <siafi>2785</siafi>
  </cep>
  <cep>
    <cep>57052-340</cep>
    <logradouro>Rua do Reginaldo</logradouro>
    <complemento/>
    <unidade/>
    <bairro>Pitanguinha</bairro>
    <localidade>Maceió</localidade>
    <uf>AL</uf>
    <estado>Alagoas</estado>
    <região/>
    <ibge>2704302</ibge>
    <gia/>
    <ddd>82</ddd>
    <siafi>2785</siafi>
  </cep>
  <cep>
    <cep>57051-275</cep>
    <logradouro>Travessa Doutor José Maria Correia das Neves</logradouro>
    <complemento/>
    <unidade/>
    <bairro>Farol</bairro>
    <localidade>Maceió</localidade>
    <uf>AL</uf>
    <estado>Alagoas</estado>
    <região/>
    <ibge>2704302</ibge>
    <gia/>
    <ddd>82</ddd>
    <siafi>2785</siafi>
  </cep>
  <cep>
    <cep>57052-300</cep>
    <logradouro>Rua Doutor Miguel Guedes Nogueira</logradouro>
    <complemento/>
    <unidade/>
    <bairro>Pitanguinha</bairro>
    <localidade>Maceió</localidade>
    <uf>AL</uf>
    <estado>Alagoas</estado>
    <região/>
    <ibge>2704302</ibge>
    <gia/>
    <ddd>82</ddd>
    <siafi>2785</siafi>
  </cep>
  <cep>
    <cep>57052-280</cep>
    <logradouro>Rua Mário Lôbo</logradouro>
    <complemento/>
    <unidade/>
    <bairro>Pitanguinha</bairro>
    <localidade>Maceió</localidade>
    <uf>AL</uf>
    <estado>Alagoas</estado>
    <região/>
    <ibge>2704302</ibge>
    <gia/>
    <ddd>82</ddd>
    <siafi>2785</siafi>
  </cep>
  <cep>
    <cep>57052-285</cep>
    <logradouro>Travessa Mário Lôbo</logradouro>
    <complemento/>
    <unidade/>
    <bairro>Pitanguinha</bairro>
    <localidade>Maceió</localidade>
    <uf>AL</uf>
    <estado>Alagoas</estado>
    <região/>
    <ibge>2704302</ibge>
    <gia/>
    <ddd>82</ddd>
    <siafi>2785</siafi>
  </cep>
  <cep>
    <cep>57052-342</cep>
    <logradouro>1ª Travessa Reginaldo</logradouro>
    <complemento/>
    <unidade/>
    <bairro>Pitanguinha</bairro>
    <localidade>Maceió</localidade>
    <uf>AL</uf>
    <estado>Alagoas</estado>
    <região/>
    <ibge>2704302</ibge>
    <gia/>
    <ddd>82</ddd>
    <siafi>2785</siafi>
  </cep>
  <cep>
    <cep>57052-330</cep>
    <logradouro>Rua Padre Cícero</logradouro>
    <complemento/>
    <unidade/>
    <bairro>Pitanguinha</bairro>
    <localidade>Maceió</localidade>
    <uf>AL</uf>
    <estado>Alagoas</estado>
    <região/>
    <ibge>2704302</ibge>
    <gia/>
    <ddd>82</ddd>
    <siafi>2785</siafi>
  </cep>
  <cep>
    <cep>57052-290</cep>
    <logradouro>Rua Martins Murta</logradouro>
    <complemento/>
    <unidade/>
    <bairro>Pitanguinha</bairro>
    <localidade>Maceió</localidade>
    <uf>AL</uf>
    <estado>Alagoas</estado>
    <região/>
    <ibge>2704302</ibge>
    <gia/>
    <ddd>82</ddd>
    <siafi>2785</siafi>
  </cep>
  <cep>
    <cep>57052-346</cep>
    <logradouro>3ª Travessa Reginaldo</logradouro>
    <complemento/>
    <unidade/>
    <bairro>Pitanguinha</bairro>
    <localidade>Maceió</localidade>
    <uf>AL</uf>
    <estado>Alagoas</estado>
    <região/>
    <ibge>2704302</ibge>
    <gia/>
    <ddd>82</ddd>
    <siafi>2785</siafi>
  </cep>
  <cep>
    <cep>57052-320</cep>
    <logradouro>Praça Osório Calheiros Gato</logradouro>
    <complemento/>
    <unidade/>
    <bairro>Pitanguinha</bairro>
    <localidade>Maceió</localidade>
    <uf>AL</uf>
    <estado>Alagoas</estado>
    <região/>
    <ibge>2704302</ibge>
    <gia/>
    <ddd>82</ddd>
    <siafi>2785</siafi>
  </cep>
  <cep>
    <cep>57052-360</cep>
    <logradouro>Rua São José</logradouro>
    <complemento/>
    <unidade/>
    <bairro>Pitanguinha</bairro>
    <localidade>Maceió</localidade>
    <uf>AL</uf>
    <estado>Alagoas</estado>
    <região/>
    <ibge>2704302</ibge>
    <gia/>
    <ddd>82</ddd>
    <siafi>2785</siafi>
  </cep>
  <cep>
    <cep>57052-412</cep>
    <logradouro>Quadra C</logradouro>
    <complemento>(Prq N Sra de Lourdes)</complemento>
    <unidade/>
    <bairro>Gruta de Lourdes</bairro>
    <localidade>Maceió</localidade>
    <uf>AL</uf>
    <estado>Alagoas</estado>
    <região/>
    <ibge>2704302</ibge>
    <gia/>
    <ddd>82</ddd>
    <siafi>2785</siafi>
  </cep>
  <cep>
    <cep>57052-403</cep>
    <logradouro>Avenida Fernandes Lima</logradouro>
    <complemento>de 3204 a 4354 - lado par</complemento>
    <unidade/>
    <bairro>Gruta de Lourdes</bairro>
    <localidade>Maceió</localidade>
    <uf>AL</uf>
    <estado>Alagoas</estado>
    <região/>
    <ibge>2704302</ibge>
    <gia/>
    <ddd>82</ddd>
    <siafi>2785</siafi>
  </cep>
  <cep>
    <cep>57052-402</cep>
    <logradouro>Rua Desembargador Hermann Soares Torres</logradouro>
    <complemento/>
    <unidade/>
    <bairro>Gruta de Lourdes</bairro>
    <localidade>Maceió</localidade>
    <uf>AL</uf>
    <estado>Alagoas</estado>
    <região/>
    <ibge>2704302</ibge>
    <gia/>
    <ddd>82</ddd>
    <siafi>2785</siafi>
  </cep>
  <cep>
    <cep>57052-372</cep>
    <logradouro>Rua Guedes Nogueira</logradouro>
    <complemento/>
    <unidade/>
    <bairro>Pitanguinha</bairro>
    <localidade>Maceió</localidade>
    <uf>AL</uf>
    <estado>Alagoas</estado>
    <região/>
    <ibge>2704302</ibge>
    <gia/>
    <ddd>82</ddd>
    <siafi>2785</siafi>
  </cep>
  <cep>
    <cep>57052-400</cep>
    <logradouro>Avenida Fernandes Lima</logradouro>
    <complemento>de 2202 a 3086 - lado par</complemento>
    <unidade/>
    <bairro>Gruta de Lourdes</bairro>
    <localidade>Maceió</localidade>
    <uf>AL</uf>
    <estado>Alagoas</estado>
    <região/>
    <ibge>2704302</ibge>
    <gia/>
    <ddd>82</ddd>
    <siafi>2785</siafi>
  </cep>
  <cep>
    <cep>57052-370</cep>
    <logradouro>Rua Tenente José Ferreira de Souza</logradouro>
    <complemento/>
    <unidade/>
    <bairro>Pitanguinha</bairro>
    <localidade>Maceió</localidade>
    <uf>AL</uf>
    <estado>Alagoas</estado>
    <região/>
    <ibge>2704302</ibge>
    <gia/>
    <ddd>82</ddd>
    <siafi>2785</siafi>
  </cep>
  <cep>
    <cep>57052-411</cep>
    <logradouro>Quadra B</logradouro>
    <complemento>(Prq N Sra de Lourdes)</complemento>
    <unidade/>
    <bairro>Gruta de Lourdes</bairro>
    <localidade>Maceió</localidade>
    <uf>AL</uf>
    <estado>Alagoas</estado>
    <região/>
    <ibge>2704302</ibge>
    <gia/>
    <ddd>82</ddd>
    <siafi>2785</siafi>
  </cep>
  <cep>
    <cep>57052-417</cep>
    <logradouro>Quadra H</logradouro>
    <complemento>(Prq N Sra de Lourdes)</complemento>
    <unidade/>
    <bairro>Gruta de Lourdes</bairro>
    <localidade>Maceió</localidade>
    <uf>AL</uf>
    <estado>Alagoas</estado>
    <região/>
    <ibge>2704302</ibge>
    <gia/>
    <ddd>82</ddd>
    <siafi>2785</siafi>
  </cep>
  <cep>
    <cep>57052-410</cep>
    <logradouro>Quadra A</logradouro>
    <complemento>(Prq N Sra de Lourdes)</complemento>
    <unidade/>
    <bairro>Gruta de Lourdes</bairro>
    <localidade>Maceió</localidade>
    <uf>AL</uf>
    <estado>Alagoas</estado>
    <região/>
    <ibge>2704302</ibge>
    <gia/>
    <ddd>82</ddd>
    <siafi>2785</siafi>
  </cep>
  <cep>
    <cep>57052-405</cep>
    <logradouro>Avenida Fernandes Lima</logradouro>
    <complemento>de 3135 ao fim - lado ímpar</complemento>
    <unidade/>
    <bairro>Gruta de Lourdes</bairro>
    <localidade>Maceió</localidade>
    <uf>AL</uf>
    <estado>Alagoas</estado>
    <região/>
    <ibge>2704302</ibge>
    <gia/>
    <ddd>82</ddd>
    <siafi>2785</siafi>
  </cep>
  <cep>
    <cep>57052-415</cep>
    <logradouro>Quadra F</logradouro>
    <complemento>(Prq N Sra de Lourdes)</complemento>
    <unidade/>
    <bairro>Gruta de Lourdes</bairro>
    <localidade>Maceió</localidade>
    <uf>AL</uf>
    <estado>Alagoas</estado>
    <região/>
    <ibge>2704302</ibge>
    <gia/>
    <ddd>82</ddd>
    <siafi>2785</siafi>
  </cep>
  <cep>
    <cep>57052-414</cep>
    <logradouro>Quadra E</logradouro>
    <complemento>(Prq N Sra de Lourdes)</complemento>
    <unidade/>
    <bairro>Gruta de Lourdes</bairro>
    <localidade>Maceió</localidade>
    <uf>AL</uf>
    <estado>Alagoas</estado>
    <região/>
    <ibge>2704302</ibge>
    <gia/>
    <ddd>82</ddd>
    <siafi>2785</siafi>
  </cep>
  <cep>
    <cep>57052-413</cep>
    <logradouro>Quadra D</logradouro>
    <complemento>(Prq N Sra de Lourdes)</complemento>
    <unidade/>
    <bairro>Gruta de Lourdes</bairro>
    <localidade>Maceió</localidade>
    <uf>AL</uf>
    <estado>Alagoas</estado>
    <região/>
    <ibge>2704302</ibge>
    <gia/>
    <ddd>82</ddd>
    <siafi>2785</siafi>
  </cep>
  <cep>
    <cep>57052-418</cep>
    <logradouro>Quadra I</logradouro>
    <complemento>(Prq N Sra de Lourdes)</complemento>
    <unidade/>
    <bairro>Gruta de Lourdes</bairro>
    <localidade>Maceió</localidade>
    <uf>AL</uf>
    <estado>Alagoas</estado>
    <região/>
    <ibge>2704302</ibge>
    <gia/>
    <ddd>82</ddd>
    <siafi>2785</siafi>
  </cep>
  <cep>
    <cep>57052-420</cep>
    <logradouro>Quadra K</logradouro>
    <complemento>(Prq N Sra de Lourdes)</complemento>
    <unidade/>
    <bairro>Gruta de Lourdes</bairro>
    <localidade>Maceió</localidade>
    <uf>AL</uf>
    <estado>Alagoas</estado>
    <região/>
    <ibge>2704302</ibge>
    <gia/>
    <ddd>82</ddd>
    <siafi>2785</siafi>
  </cep>
  <cep>
    <cep>57052-421</cep>
    <logradouro>Quadra L</logradouro>
    <complemento>(Prq N Sra de Lourdes)</complemento>
    <unidade/>
    <bairro>Gruta de Lourdes</bairro>
    <localidade>Maceió</localidade>
    <uf>AL</uf>
    <estado>Alagoas</estado>
    <região/>
    <ibge>2704302</ibge>
    <gia/>
    <ddd>82</ddd>
    <siafi>2785</siafi>
  </cep>
  <cep>
    <cep>57052-419</cep>
    <logradouro>Quadra J</logradouro>
    <complemento>(Prq N Sra de Lourdes)</complemento>
    <unidade/>
    <bairro>Gruta de Lourdes</bairro>
    <localidade>Maceió</localidade>
    <uf>AL</uf>
    <estado>Alagoas</estado>
    <região/>
    <ibge>2704302</ibge>
    <gia/>
    <ddd>82</ddd>
    <siafi>2785</siafi>
  </cep>
  <cep>
    <cep>57052-422</cep>
    <logradouro>Quadra M</logradouro>
    <complemento>(Prq N Sra de Lourdes)</complemento>
    <unidade/>
    <bairro>Gruta de Lourdes</bairro>
    <localidade>Maceió</localidade>
    <uf>AL</uf>
    <estado>Alagoas</estado>
    <região/>
    <ibge>2704302</ibge>
    <gia/>
    <ddd>82</ddd>
    <siafi>2785</siafi>
  </cep>
  <cep>
    <cep>57052-480</cep>
    <logradouro>Avenida Mendonça Júnior</logradouro>
    <complemento/>
    <unidade/>
    <bairro>Gruta de Lourdes</bairro>
    <localidade>Maceió</localidade>
    <uf>AL</uf>
    <estado>Alagoas</estado>
    <região/>
    <ibge>2704302</ibge>
    <gia/>
    <ddd>82</ddd>
    <siafi>2785</siafi>
  </cep>
  <cep>
    <cep>57052-483</cep>
    <logradouro>Rua Engenheiro Otávio Cabral</logradouro>
    <complemento/>
    <unidade/>
    <bairro>Gruta de Lourdes</bairro>
    <localidade>Maceió</localidade>
    <uf>AL</uf>
    <estado>Alagoas</estado>
    <região/>
    <ibge>2704302</ibge>
    <gia/>
    <ddd>82</ddd>
    <siafi>2785</siafi>
  </cep>
  <cep>
    <cep>57052-484</cep>
    <logradouro>Rua João Barreto</logradouro>
    <complemento/>
    <unidade/>
    <bairro>Gruta de Lourdes</bairro>
    <localidade>Maceió</localidade>
    <uf>AL</uf>
    <estado>Alagoas</estado>
    <região/>
    <ibge>2704302</ibge>
    <gia/>
    <ddd>82</ddd>
    <siafi>2785</siafi>
  </cep>
  <cep>
    <cep>57052-482</cep>
    <logradouro>Rua Antenor Marinho de Melo</logradouro>
    <complemento/>
    <unidade/>
    <bairro>Gruta de Lourdes</bairro>
    <localidade>Maceió</localidade>
    <uf>AL</uf>
    <estado>Alagoas</estado>
    <região/>
    <ibge>2704302</ibge>
    <gia/>
    <ddd>82</ddd>
    <siafi>2785</siafi>
  </cep>
  <cep>
    <cep>57052-494</cep>
    <logradouro>Rua Telmo Lessa Lôbo</logradouro>
    <complemento/>
    <unidade/>
    <bairro>Gruta de Lourdes</bairro>
    <localidade>Maceió</localidade>
    <uf>AL</uf>
    <estado>Alagoas</estado>
    <região/>
    <ibge>2704302</ibge>
    <gia/>
    <ddd>82</ddd>
    <siafi>2785</siafi>
  </cep>
  <cep>
    <cep>57052-485</cep>
    <logradouro>Rua Major Vicente Sabino</logradouro>
    <complemento/>
    <unidade/>
    <bairro>Gruta de Lourdes</bairro>
    <localidade>Maceió</localidade>
    <uf>AL</uf>
    <estado>Alagoas</estado>
    <região/>
    <ibge>2704302</ibge>
    <gia/>
    <ddd>82</ddd>
    <siafi>2785</siafi>
  </cep>
  <cep>
    <cep>57052-495</cep>
    <logradouro>Rua Professor Ulisses Braga Júnior</logradouro>
    <complemento/>
    <unidade/>
    <bairro>Gruta de Lourdes</bairro>
    <localidade>Maceió</localidade>
    <uf>AL</uf>
    <estado>Alagoas</estado>
    <região/>
    <ibge>2704302</ibge>
    <gia/>
    <ddd>82</ddd>
    <siafi>2785</siafi>
  </cep>
  <cep>
    <cep>57052-488</cep>
    <logradouro>Rua Aurélio Cavalcante</logradouro>
    <complemento/>
    <unidade/>
    <bairro>Gruta de Lourdes</bairro>
    <localidade>Maceió</localidade>
    <uf>AL</uf>
    <estado>Alagoas</estado>
    <região/>
    <ibge>2704302</ibge>
    <gia/>
    <ddd>82</ddd>
    <siafi>2785</siafi>
  </cep>
  <cep>
    <cep>57052-497</cep>
    <logradouro>Rua Jornalista Arnóbio Valente Filho</logradouro>
    <complemento/>
    <unidade/>
    <bairro>Gruta de Lourdes</bairro>
    <localidade>Maceió</localidade>
    <uf>AL</uf>
    <estado>Alagoas</estado>
    <região/>
    <ibge>2704302</ibge>
    <gia/>
    <ddd>82</ddd>
    <siafi>2785</siafi>
  </cep>
  <cep>
    <cep>57052-493</cep>
    <logradouro>Rua João Correia de Araújo</logradouro>
    <complemento>de 517/518 ao fim</complemento>
    <unidade/>
    <bairro>Gruta de Lourdes</bairro>
    <localidade>Maceió</localidade>
    <uf>AL</uf>
    <estado>Alagoas</estado>
    <região/>
    <ibge>2704302</ibge>
    <gia/>
    <ddd>82</ddd>
    <siafi>2785</siafi>
  </cep>
  <cep>
    <cep>57052-500</cep>
    <logradouro>Rua Pau D'Arco</logradouro>
    <complemento/>
    <unidade/>
    <bairro>Gruta de Lourdes</bairro>
    <localidade>Maceió</localidade>
    <uf>AL</uf>
    <estado>Alagoas</estado>
    <região/>
    <ibge>2704302</ibge>
    <gia/>
    <ddd>82</ddd>
    <siafi>2785</siafi>
  </cep>
  <cep>
    <cep>57052-489</cep>
    <logradouro>Rua Djalma Mendonça</logradouro>
    <complemento/>
    <unidade/>
    <bairro>Gruta de Lourdes</bairro>
    <localidade>Maceió</localidade>
    <uf>AL</uf>
    <estado>Alagoas</estado>
    <região/>
    <ibge>2704302</ibge>
    <gia/>
    <ddd>82</ddd>
    <siafi>2785</siafi>
  </cep>
  <cep>
    <cep>57052-490</cep>
    <logradouro>Rua Rodrigo Acioli Mota</logradouro>
    <complemento/>
    <unidade/>
    <bairro>Gruta de Lourdes</bairro>
    <localidade>Maceió</localidade>
    <uf>AL</uf>
    <estado>Alagoas</estado>
    <região/>
    <ibge>2704302</ibge>
    <gia/>
    <ddd>82</ddd>
    <siafi>2785</siafi>
  </cep>
  <cep>
    <cep>57052-486</cep>
    <logradouro>Rua Serafim Costa</logradouro>
    <complemento/>
    <unidade/>
    <bairro>Gruta de Lourdes</bairro>
    <localidade>Maceió</localidade>
    <uf>AL</uf>
    <estado>Alagoas</estado>
    <região/>
    <ibge>2704302</ibge>
    <gia/>
    <ddd>82</ddd>
    <siafi>2785</siafi>
  </cep>
  <cep>
    <cep>57052-496</cep>
    <logradouro>Travessa Serafim Costa</logradouro>
    <complemento/>
    <unidade/>
    <bairro>Gruta de Lourdes</bairro>
    <localidade>Maceió</localidade>
    <uf>AL</uf>
    <estado>Alagoas</estado>
    <região/>
    <ibge>2704302</ibge>
    <gia/>
    <ddd>82</ddd>
    <siafi>2785</siafi>
  </cep>
  <cep>
    <cep>57052-487</cep>
    <logradouro>Rua Álvaro Correia de Araújo</logradouro>
    <complemento/>
    <unidade/>
    <bairro>Gruta de Lourdes</bairro>
    <localidade>Maceió</localidade>
    <uf>AL</uf>
    <estado>Alagoas</estado>
    <região/>
    <ibge>2704302</ibge>
    <gia/>
    <ddd>82</ddd>
    <siafi>2785</siafi>
  </cep>
  <cep>
    <cep>57052-498</cep>
    <logradouro>Rua Jornalista Alziro Zarur</logradouro>
    <complemento/>
    <unidade/>
    <bairro>Gruta de Lourdes</bairro>
    <localidade>Maceió</localidade>
    <uf>AL</uf>
    <estado>Alagoas</estado>
    <região/>
    <ibge>2704302</ibge>
    <gia/>
    <ddd>82</ddd>
    <siafi>2785</siafi>
  </cep>
  <cep>
    <cep>57052-505</cep>
    <logradouro>Rua Guarabu</logradouro>
    <complemento/>
    <unidade/>
    <bairro>Gruta de Lourdes</bairro>
    <localidade>Maceió</localidade>
    <uf>AL</uf>
    <estado>Alagoas</estado>
    <região/>
    <ibge>2704302</ibge>
    <gia/>
    <ddd>82</ddd>
    <siafi>2785</siafi>
  </cep>
  <cep>
    <cep>57052-510</cep>
    <logradouro>Rua das Perobas</logradouro>
    <complemento/>
    <unidade/>
    <bairro>Gruta de Lourdes</bairro>
    <localidade>Maceió</localidade>
    <uf>AL</uf>
    <estado>Alagoas</estado>
    <região/>
    <ibge>2704302</ibge>
    <gia/>
    <ddd>82</ddd>
    <siafi>2785</siafi>
  </cep>
  <cep>
    <cep>57052-515</cep>
    <logradouro>Rua Ibiriba</logradouro>
    <complemento/>
    <unidade/>
    <bairro>Gruta de Lourdes</bairro>
    <localidade>Maceió</localidade>
    <uf>AL</uf>
    <estado>Alagoas</estado>
    <região/>
    <ibge>2704302</ibge>
    <gia/>
    <ddd>82</ddd>
    <siafi>2785</siafi>
  </cep>
  <cep>
    <cep>57052-535</cep>
    <logradouro>Rua Maçaranduba</logradouro>
    <complemento/>
    <unidade/>
    <bairro>Gruta de Lourdes</bairro>
    <localidade>Maceió</localidade>
    <uf>AL</uf>
    <estado>Alagoas</estado>
    <região/>
    <ibge>2704302</ibge>
    <gia/>
    <ddd>82</ddd>
    <siafi>2785</siafi>
  </cep>
  <cep>
    <cep>57052-520</cep>
    <logradouro>Rua Professor Graça Leite</logradouro>
    <complemento/>
    <unidade/>
    <bairro>Gruta de Lourdes</bairro>
    <localidade>Maceió</localidade>
    <uf>AL</uf>
    <estado>Alagoas</estado>
    <região/>
    <ibge>2704302</ibge>
    <gia/>
    <ddd>82</ddd>
    <siafi>2785</siafi>
  </cep>
  <cep>
    <cep>57052-525</cep>
    <logradouro>Rua Oitaí</logradouro>
    <complemento>(Lot J Horto)</complemento>
    <unidade/>
    <bairro>Gruta de Lourdes</bairro>
    <localidade>Maceió</localidade>
    <uf>AL</uf>
    <estado>Alagoas</estado>
    <região/>
    <ibge>2704302</ibge>
    <gia/>
    <ddd>82</ddd>
    <siafi>2785</siafi>
  </cep>
  <cep>
    <cep>57052-499</cep>
    <logradouro>Rua Nilo Torres</logradouro>
    <complemento/>
    <unidade/>
    <bairro>Gruta de Lourdes</bairro>
    <localidade>Maceió</localidade>
    <uf>AL</uf>
    <estado>Alagoas</estado>
    <região/>
    <ibge>2704302</ibge>
    <gia/>
    <ddd>82</ddd>
    <siafi>2785</siafi>
  </cep>
  <cep>
    <cep>57052-545</cep>
    <logradouro>Rua Mogno</logradouro>
    <complemento/>
    <unidade/>
    <bairro>Gruta de Lourdes</bairro>
    <localidade>Maceió</localidade>
    <uf>AL</uf>
    <estado>Alagoas</estado>
    <região/>
    <ibge>2704302</ibge>
    <gia/>
    <ddd>82</ddd>
    <siafi>2785</siafi>
  </cep>
  <cep>
    <cep>57052-550</cep>
    <logradouro>Rua Sapucaia</logradouro>
    <complemento/>
    <unidade/>
    <bairro>Gruta de Lourdes</bairro>
    <localidade>Maceió</localidade>
    <uf>AL</uf>
    <estado>Alagoas</estado>
    <região/>
    <ibge>2704302</ibge>
    <gia/>
    <ddd>82</ddd>
    <siafi>2785</siafi>
  </cep>
  <cep>
    <cep>57052-530</cep>
    <logradouro>Rua Rita de Cássia</logradouro>
    <complemento/>
    <unidade/>
    <bairro>Gruta de Lourdes</bairro>
    <localidade>Maceió</localidade>
    <uf>AL</uf>
    <estado>Alagoas</estado>
    <região/>
    <ibge>2704302</ibge>
    <gia/>
    <ddd>82</ddd>
    <siafi>2785</siafi>
  </cep>
  <cep>
    <cep>57052-555</cep>
    <logradouro>Rua Imbuía</logradouro>
    <complemento/>
    <unidade/>
    <bairro>Gruta de Lourdes</bairro>
    <localidade>Maceió</localidade>
    <uf>AL</uf>
    <estado>Alagoas</estado>
    <região/>
    <ibge>2704302</ibge>
    <gia/>
    <ddd>82</ddd>
    <siafi>2785</siafi>
  </cep>
  <cep>
    <cep>57052-540</cep>
    <logradouro>Rua Romeu de Avelar</logradouro>
    <complemento/>
    <unidade/>
    <bairro>Gruta de Lourdes</bairro>
    <localidade>Maceió</localidade>
    <uf>AL</uf>
    <estado>Alagoas</estado>
    <região/>
    <ibge>2704302</ibge>
    <gia/>
    <ddd>82</ddd>
    <siafi>2785</siafi>
  </cep>
  <cep>
    <cep>57052-492</cep>
    <logradouro>Rua Vicente de Paula Costa</logradouro>
    <complemento/>
    <unidade/>
    <bairro>Gruta de Lourdes</bairro>
    <localidade>Maceió</localidade>
    <uf>AL</uf>
    <estado>Alagoas</estado>
    <região/>
    <ibge>2704302</ibge>
    <gia/>
    <ddd>82</ddd>
    <siafi>2785</siafi>
  </cep>
  <cep>
    <cep>57052-491</cep>
    <logradouro>Rua José Gonçalves dos Santos</logradouro>
    <complemento/>
    <unidade/>
    <bairro>Gruta de Lourdes</bairro>
    <localidade>Maceió</localidade>
    <uf>AL</uf>
    <estado>Alagoas</estado>
    <região/>
    <ibge>2704302</ibge>
    <gia/>
    <ddd>82</ddd>
    <siafi>2785</siafi>
  </cep>
  <cep>
    <cep>57052-556</cep>
    <logradouro>Rua dos Coqueiros</logradouro>
    <complemento/>
    <unidade/>
    <bairro>Gruta de Lourdes</bairro>
    <localidade>Maceió</localidade>
    <uf>AL</uf>
    <estado>Alagoas</estado>
    <região/>
    <ibge>2704302</ibge>
    <gia/>
    <ddd>82</ddd>
    <siafi>2785</siafi>
  </cep>
  <cep>
    <cep>57052-560</cep>
    <logradouro>Rua Sucupira</logradouro>
    <complemento/>
    <unidade/>
    <bairro>Gruta de Lourdes</bairro>
    <localidade>Maceió</localidade>
    <uf>AL</uf>
    <estado>Alagoas</estado>
    <região/>
    <ibge>2704302</ibge>
    <gia/>
    <ddd>82</ddd>
    <siafi>2785</siafi>
  </cep>
  <cep>
    <cep>57052-575</cep>
    <logradouro>Rua Jacarandá</logradouro>
    <complemento/>
    <unidade/>
    <bairro>Gruta de Lourdes</bairro>
    <localidade>Maceió</localidade>
    <uf>AL</uf>
    <estado>Alagoas</estado>
    <região/>
    <ibge>2704302</ibge>
    <gia/>
    <ddd>82</ddd>
    <siafi>2785</siafi>
  </cep>
  <cep>
    <cep>57052-565</cep>
    <logradouro>Rua Imburana</logradouro>
    <complemento/>
    <unidade/>
    <bairro>Gruta de Lourdes</bairro>
    <localidade>Maceió</localidade>
    <uf>AL</uf>
    <estado>Alagoas</estado>
    <região/>
    <ibge>2704302</ibge>
    <gia/>
    <ddd>82</ddd>
    <siafi>2785</siafi>
  </cep>
  <cep>
    <cep>57052-591</cep>
    <logradouro>Avenida Empresário Valentim dos Santos Diniz</logradouro>
    <complemento>lado par</complemento>
    <unidade/>
    <bairro>Gruta de Lourdes</bairro>
    <localidade>Maceió</localidade>
    <uf>AL</uf>
    <estado>Alagoas</estado>
    <região/>
    <ibge>2704302</ibge>
    <gia/>
    <ddd>82</ddd>
    <siafi>2785</siafi>
  </cep>
  <cep>
    <cep>57052-590</cep>
    <logradouro>Rua Ipê Roxo</logradouro>
    <complemento/>
    <unidade/>
    <bairro>Gruta de Lourdes</bairro>
    <localidade>Maceió</localidade>
    <uf>AL</uf>
    <estado>Alagoas</estado>
    <região/>
    <ibge>2704302</ibge>
    <gia/>
    <ddd>82</ddd>
    <siafi>2785</siafi>
  </cep>
  <cep>
    <cep>57052-585</cep>
    <logradouro>Avenida Pau Brasil</logradouro>
    <complemento/>
    <unidade/>
    <bairro>Gruta de Lourdes</bairro>
    <localidade>Maceió</localidade>
    <uf>AL</uf>
    <estado>Alagoas</estado>
    <região/>
    <ibge>2704302</ibge>
    <gia/>
    <ddd>82</ddd>
    <siafi>2785</siafi>
  </cep>
  <cep>
    <cep>57052-600</cep>
    <logradouro>Rua Dona Tereza de Azevedo</logradouro>
    <complemento/>
    <unidade/>
    <bairro>Gruta de Lourdes</bairro>
    <localidade>Maceió</localidade>
    <uf>AL</uf>
    <estado>Alagoas</estado>
    <região/>
    <ibge>2704302</ibge>
    <gia/>
    <ddd>82</ddd>
    <siafi>2785</siafi>
  </cep>
  <cep>
    <cep>57052-605</cep>
    <logradouro>Rua Cerejeira</logradouro>
    <complemento/>
    <unidade/>
    <bairro>Gruta de Lourdes</bairro>
    <localidade>Maceió</localidade>
    <uf>AL</uf>
    <estado>Alagoas</estado>
    <região/>
    <ibge>2704302</ibge>
    <gia/>
    <ddd>82</ddd>
    <siafi>2785</siafi>
  </cep>
  <cep>
    <cep>57052-601</cep>
    <logradouro>Rua Afonso Viana</logradouro>
    <complemento/>
    <unidade/>
    <bairro>Gruta de Lourdes</bairro>
    <localidade>Maceió</localidade>
    <uf>AL</uf>
    <estado>Alagoas</estado>
    <região/>
    <ibge>2704302</ibge>
    <gia/>
    <ddd>82</ddd>
    <siafi>2785</siafi>
  </cep>
  <cep>
    <cep>57052-606</cep>
    <logradouro>Rua José Cabral da Rocha Barros</logradouro>
    <complemento>(Lot Parque do Farol)</complemento>
    <unidade/>
    <bairro>Gruta de Lourdes</bairro>
    <localidade>Maceió</localidade>
    <uf>AL</uf>
    <estado>Alagoas</estado>
    <região/>
    <ibge>2704302</ibge>
    <gia/>
    <ddd>82</ddd>
    <siafi>2785</siafi>
  </cep>
  <cep>
    <cep>57052-595</cep>
    <logradouro>Rua Jequitibás</logradouro>
    <complemento/>
    <unidade/>
    <bairro>Gruta de Lourdes</bairro>
    <localidade>Maceió</localidade>
    <uf>AL</uf>
    <estado>Alagoas</estado>
    <região/>
    <ibge>2704302</ibge>
    <gia/>
    <ddd>82</ddd>
    <siafi>2785</siafi>
  </cep>
  <cep>
    <cep>57052-580</cep>
    <logradouro>Avenida Aryosvaldo Pereira Cintra</logradouro>
    <complemento/>
    <unidade/>
    <bairro>Gruta de Lourdes</bairro>
    <localidade>Maceió</localidade>
    <uf>AL</uf>
    <estado>Alagoas</estado>
    <região/>
    <ibge>2704302</ibge>
    <gia/>
    <ddd>82</ddd>
    <siafi>2785</siafi>
  </cep>
  <cep>
    <cep>57052-570</cep>
    <logradouro>Rua Tatajuba</logradouro>
    <complemento/>
    <unidade/>
    <bairro>Gruta de Lourdes</bairro>
    <localidade>Maceió</localidade>
    <uf>AL</uf>
    <estado>Alagoas</estado>
    <região/>
    <ibge>2704302</ibge>
    <gia/>
    <ddd>82</ddd>
    <siafi>2785</siafi>
  </cep>
  <cep>
    <cep>57052-608</cep>
    <logradouro>Rua Doutor Aluízio de Melo</logradouro>
    <complemento/>
    <unidade/>
    <bairro>Gruta de Lourdes</bairro>
    <localidade>Maceió</localidade>
    <uf>AL</uf>
    <estado>Alagoas</estado>
    <região/>
    <ibge>2704302</ibge>
    <gia/>
    <ddd>82</ddd>
    <siafi>2785</siafi>
  </cep>
  <cep>
    <cep>57052-609</cep>
    <logradouro>Rua Cristiano Maia de Omena Calheiros</logradouro>
    <complemento/>
    <unidade/>
    <bairro>Gruta de Lourdes</bairro>
    <localidade>Maceió</localidade>
    <uf>AL</uf>
    <estado>Alagoas</estado>
    <região/>
    <ibge>2704302</ibge>
    <gia/>
    <ddd>82</ddd>
    <siafi>2785</siafi>
  </cep>
  <cep>
    <cep>57052-611</cep>
    <logradouro>Rua Jorge Vieira Bulhões Júnior</logradouro>
    <complemento/>
    <unidade/>
    <bairro>Gruta de Lourdes</bairro>
    <localidade>Maceió</localidade>
    <uf>AL</uf>
    <estado>Alagoas</estado>
    <região/>
    <ibge>2704302</ibge>
    <gia/>
    <ddd>82</ddd>
    <siafi>2785</siafi>
  </cep>
  <cep>
    <cep>57052-610</cep>
    <logradouro>Rua Doutor João Teixeira Cavalcante</logradouro>
    <complemento/>
    <unidade/>
    <bairro>Gruta de Lourdes</bairro>
    <localidade>Maceió</localidade>
    <uf>AL</uf>
    <estado>Alagoas</estado>
    <região/>
    <ibge>2704302</ibge>
    <gia/>
    <ddd>82</ddd>
    <siafi>2785</siafi>
  </cep>
  <cep>
    <cep>57052-613</cep>
    <logradouro>Rua Nabor Albuquerque</logradouro>
    <complemento/>
    <unidade/>
    <bairro>Gruta de Lourdes</bairro>
    <localidade>Maceió</localidade>
    <uf>AL</uf>
    <estado>Alagoas</estado>
    <região/>
    <ibge>2704302</ibge>
    <gia/>
    <ddd>82</ddd>
    <siafi>2785</siafi>
  </cep>
  <cep>
    <cep>57052-612</cep>
    <logradouro>Rua Reverendo Célio Miguel da Silva</logradouro>
    <complemento/>
    <unidade/>
    <bairro>Gruta de Lourdes</bairro>
    <localidade>Maceió</localidade>
    <uf>AL</uf>
    <estado>Alagoas</estado>
    <região/>
    <ibge>2704302</ibge>
    <gia/>
    <ddd>82</ddd>
    <siafi>2785</siafi>
  </cep>
  <cep>
    <cep>57052-614</cep>
    <logradouro>Rua Orlando Pugliese</logradouro>
    <complemento/>
    <unidade/>
    <bairro>Gruta de Lourdes</bairro>
    <localidade>Maceió</localidade>
    <uf>AL</uf>
    <estado>Alagoas</estado>
    <região/>
    <ibge>2704302</ibge>
    <gia/>
    <ddd>82</ddd>
    <siafi>2785</siafi>
  </cep>
  <cep>
    <cep>57052-615</cep>
    <logradouro>Rua Germano Lopes Cordeiro</logradouro>
    <complemento/>
    <unidade/>
    <bairro>Gruta de Lourdes</bairro>
    <localidade>Maceió</localidade>
    <uf>AL</uf>
    <estado>Alagoas</estado>
    <região/>
    <ibge>2704302</ibge>
    <gia/>
    <ddd>82</ddd>
    <siafi>2785</siafi>
  </cep>
  <cep>
    <cep>57052-618</cep>
    <logradouro>Vila Nova Jerusalém</logradouro>
    <complemento/>
    <unidade/>
    <bairro>Gruta de Lourdes</bairro>
    <localidade>Maceió</localidade>
    <uf>AL</uf>
    <estado>Alagoas</estado>
    <região/>
    <ibge>2704302</ibge>
    <gia/>
    <ddd>82</ddd>
    <siafi>2785</siafi>
  </cep>
  <cep>
    <cep>57052-617</cep>
    <logradouro>Rua Conselheiro José Barbosa</logradouro>
    <complemento/>
    <unidade/>
    <bairro>Gruta de Lourdes</bairro>
    <localidade>Maceió</localidade>
    <uf>AL</uf>
    <estado>Alagoas</estado>
    <região/>
    <ibge>2704302</ibge>
    <gia/>
    <ddd>82</ddd>
    <siafi>2785</siafi>
  </cep>
  <cep>
    <cep>57052-240</cep>
    <logradouro>Rua Doutor José de Castro Azevedo</logradouro>
    <complemento/>
    <unidade/>
    <bairro>Pitanguinha</bairro>
    <localidade>Maceió</localidade>
    <uf>AL</uf>
    <estado>Alagoas</estado>
    <região/>
    <ibge>2704302</ibge>
    <gia/>
    <ddd>82</ddd>
    <siafi>2785</siafi>
  </cep>
  <cep>
    <cep>57052-616</cep>
    <logradouro>Rua Professora Renilde Correia Farias</logradouro>
    <complemento/>
    <unidade/>
    <bairro>Gruta de Lourdes</bairro>
    <localidade>Maceió</localidade>
    <uf>AL</uf>
    <estado>Alagoas</estado>
    <região/>
    <ibge>2704302</ibge>
    <gia/>
    <ddd>82</ddd>
    <siafi>2785</siafi>
  </cep>
  <cep>
    <cep>57052-622</cep>
    <logradouro>Rua Firmino Lopes</logradouro>
    <complemento/>
    <unidade/>
    <bairro>Gruta de Lourdes</bairro>
    <localidade>Maceió</localidade>
    <uf>AL</uf>
    <estado>Alagoas</estado>
    <região/>
    <ibge>2704302</ibge>
    <gia/>
    <ddd>82</ddd>
    <siafi>2785</siafi>
  </cep>
  <cep>
    <cep>57052-619</cep>
    <logradouro>Rua Doutor Rubens Villar de Carvalho</logradouro>
    <complemento/>
    <unidade/>
    <bairro>Gruta de Lourdes</bairro>
    <localidade>Maceió</localidade>
    <uf>AL</uf>
    <estado>Alagoas</estado>
    <região/>
    <ibge>2704302</ibge>
    <gia/>
    <ddd>82</ddd>
    <siafi>2785</siafi>
  </cep>
  <cep>
    <cep>57052-620</cep>
    <logradouro>Rua Danúsia de Menezes Brandão Ayres</logradouro>
    <complemento/>
    <unidade/>
    <bairro>Gruta de Lourdes</bairro>
    <localidade>Maceió</localidade>
    <uf>AL</uf>
    <estado>Alagoas</estado>
    <região/>
    <ibge>2704302</ibge>
    <gia/>
    <ddd>82</ddd>
    <siafi>2785</siafi>
  </cep>
  <cep>
    <cep>57052-640</cep>
    <logradouro>Rua Comendador Antônio Ferreira</logradouro>
    <complemento/>
    <unidade/>
    <bairro>Gruta de Lourdes</bairro>
    <localidade>Maceió</localidade>
    <uf>AL</uf>
    <estado>Alagoas</estado>
    <região/>
    <ibge>2704302</ibge>
    <gia/>
    <ddd>82</ddd>
    <siafi>2785</siafi>
  </cep>
  <cep>
    <cep>57052-670</cep>
    <logradouro>Travessa Betânia</logradouro>
    <complemento/>
    <unidade/>
    <bairro>Gruta de Lourdes</bairro>
    <localidade>Maceió</localidade>
    <uf>AL</uf>
    <estado>Alagoas</estado>
    <região/>
    <ibge>2704302</ibge>
    <gia/>
    <ddd>82</ddd>
    <siafi>2785</siafi>
  </cep>
  <cep>
    <cep>57052-645</cep>
    <logradouro>Avenida Jornalista José Batista dos Santos</logradouro>
    <complemento/>
    <unidade/>
    <bairro>Gruta de Lourdes</bairro>
    <localidade>Maceió</localidade>
    <uf>AL</uf>
    <estado>Alagoas</estado>
    <região/>
    <ibge>2704302</ibge>
    <gia/>
    <ddd>82</ddd>
    <siafi>2785</siafi>
  </cep>
  <cep>
    <cep>57052-621</cep>
    <logradouro>Travessa Jornalista Arnobio Valente Filho</logradouro>
    <complemento/>
    <unidade/>
    <bairro>Gruta de Lourdes</bairro>
    <localidade>Maceió</localidade>
    <uf>AL</uf>
    <estado>Alagoas</estado>
    <região/>
    <ibge>2704302</ibge>
    <gia/>
    <ddd>82</ddd>
    <siafi>2785</siafi>
  </cep>
  <cep>
    <cep>57052-635</cep>
    <logradouro>Rua João Paulo I</logradouro>
    <complemento/>
    <unidade/>
    <bairro>Gruta de Lourdes</bairro>
    <localidade>Maceió</localidade>
    <uf>AL</uf>
    <estado>Alagoas</estado>
    <região/>
    <ibge>2704302</ibge>
    <gia/>
    <ddd>82</ddd>
    <siafi>2785</siafi>
  </cep>
  <cep>
    <cep>57052-660</cep>
    <logradouro>Rua João Paulo II</logradouro>
    <complemento/>
    <unidade/>
    <bairro>Gruta de Lourdes</bairro>
    <localidade>Maceió</localidade>
    <uf>AL</uf>
    <estado>Alagoas</estado>
    <região/>
    <ibge>2704302</ibge>
    <gia/>
    <ddd>82</ddd>
    <siafi>2785</siafi>
  </cep>
  <cep>
    <cep>57052-675</cep>
    <logradouro>Avenida Roberto Simonsen</logradouro>
    <complemento/>
    <unidade/>
    <bairro>Gruta de Lourdes</bairro>
    <localidade>Maceió</localidade>
    <uf>AL</uf>
    <estado>Alagoas</estado>
    <região/>
    <ibge>2704302</ibge>
    <gia/>
    <ddd>82</ddd>
    <siafi>2785</siafi>
  </cep>
  <cep>
    <cep>57052-650</cep>
    <logradouro>Largo Delmiro Gouveia</logradouro>
    <complemento/>
    <unidade/>
    <bairro>Gruta de Lourdes</bairro>
    <localidade>Maceió</localidade>
    <uf>AL</uf>
    <estado>Alagoas</estado>
    <região/>
    <ibge>2704302</ibge>
    <gia/>
    <ddd>82</ddd>
    <siafi>2785</siafi>
  </cep>
  <cep>
    <cep>57052-690</cep>
    <logradouro>Rua Japson Almeida</logradouro>
    <complemento/>
    <unidade/>
    <bairro>Gruta de Lourdes</bairro>
    <localidade>Maceió</localidade>
    <uf>AL</uf>
    <estado>Alagoas</estado>
    <região/>
    <ibge>2704302</ibge>
    <gia/>
    <ddd>82</ddd>
    <siafi>2785</siafi>
  </cep>
  <cep>
    <cep>57052-715</cep>
    <logradouro>Rua Fernando Júnior</logradouro>
    <complemento/>
    <unidade/>
    <bairro>Gruta de Lourdes</bairro>
    <localidade>Maceió</localidade>
    <uf>AL</uf>
    <estado>Alagoas</estado>
    <região/>
    <ibge>2704302</ibge>
    <gia/>
    <ddd>82</ddd>
    <siafi>2785</siafi>
  </cep>
  <cep>
    <cep>57052-710</cep>
    <logradouro>Rua Antônio Barbosa</logradouro>
    <complemento/>
    <unidade/>
    <bairro>Gruta de Lourdes</bairro>
    <localidade>Maceió</localidade>
    <uf>AL</uf>
    <estado>Alagoas</estado>
    <região/>
    <ibge>2704302</ibge>
    <gia/>
    <ddd>82</ddd>
    <siafi>2785</siafi>
  </cep>
  <cep>
    <cep>57052-725</cep>
    <logradouro>Rua Antônio Menezes Araújo Lemos</logradouro>
    <complemento/>
    <unidade/>
    <bairro>Gruta de Lourdes</bairro>
    <localidade>Maceió</localidade>
    <uf>AL</uf>
    <estado>Alagoas</estado>
    <região/>
    <ibge>2704302</ibge>
    <gia/>
    <ddd>82</ddd>
    <siafi>2785</siafi>
  </cep>
  <cep>
    <cep>57052-695</cep>
    <logradouro>Rua Doutor Abelardo Pontes Lima</logradouro>
    <complemento/>
    <unidade/>
    <bairro>Gruta de Lourdes</bairro>
    <localidade>Maceió</localidade>
    <uf>AL</uf>
    <estado>Alagoas</estado>
    <região/>
    <ibge>2704302</ibge>
    <gia/>
    <ddd>82</ddd>
    <siafi>2785</siafi>
  </cep>
  <cep>
    <cep>57052-700</cep>
    <logradouro>Rua Elaine Lima</logradouro>
    <complemento/>
    <unidade/>
    <bairro>Gruta de Lourdes</bairro>
    <localidade>Maceió</localidade>
    <uf>AL</uf>
    <estado>Alagoas</estado>
    <região/>
    <ibge>2704302</ibge>
    <gia/>
    <ddd>82</ddd>
    <siafi>2785</siafi>
  </cep>
  <cep>
    <cep>57052-680</cep>
    <logradouro>Rua Cláudio Régis</logradouro>
    <complemento/>
    <unidade/>
    <bairro>Gruta de Lourdes</bairro>
    <localidade>Maceió</localidade>
    <uf>AL</uf>
    <estado>Alagoas</estado>
    <região/>
    <ibge>2704302</ibge>
    <gia/>
    <ddd>82</ddd>
    <siafi>2785</siafi>
  </cep>
  <cep>
    <cep>57052-760</cep>
    <logradouro>Rua Comendador Luiz Jardim</logradouro>
    <complemento/>
    <unidade/>
    <bairro>Gruta de Lourdes</bairro>
    <localidade>Maceió</localidade>
    <uf>AL</uf>
    <estado>Alagoas</estado>
    <região/>
    <ibge>2704302</ibge>
    <gia/>
    <ddd>82</ddd>
    <siafi>2785</siafi>
  </cep>
  <cep>
    <cep>57052-740</cep>
    <logradouro>Rua Comendador Álvaro Peixoto</logradouro>
    <complemento/>
    <unidade/>
    <bairro>Gruta de Lourdes</bairro>
    <localidade>Maceió</localidade>
    <uf>AL</uf>
    <estado>Alagoas</estado>
    <região/>
    <ibge>2704302</ibge>
    <gia/>
    <ddd>82</ddd>
    <siafi>2785</siafi>
  </cep>
  <cep>
    <cep>57052-765</cep>
    <logradouro>Rua Doutor Oséas Tenório</logradouro>
    <complemento/>
    <unidade/>
    <bairro>Gruta de Lourdes</bairro>
    <localidade>Maceió</localidade>
    <uf>AL</uf>
    <estado>Alagoas</estado>
    <região/>
    <ibge>2704302</ibge>
    <gia/>
    <ddd>82</ddd>
    <siafi>2785</siafi>
  </cep>
  <cep>
    <cep>57052-770</cep>
    <logradouro>Alameda dos Manhães</logradouro>
    <complemento/>
    <unidade/>
    <bairro>Gruta de Lourdes</bairro>
    <localidade>Maceió</localidade>
    <uf>AL</uf>
    <estado>Alagoas</estado>
    <região/>
    <ibge>2704302</ibge>
    <gia/>
    <ddd>82</ddd>
    <siafi>2785</siafi>
  </cep>
  <cep>
    <cep>57052-665</cep>
    <logradouro>Rua Professor Jair Gaspar de Mendonça</logradouro>
    <complemento/>
    <unidade/>
    <bairro>Gruta de Lourdes</bairro>
    <localidade>Maceió</localidade>
    <uf>AL</uf>
    <estado>Alagoas</estado>
    <região/>
    <ibge>2704302</ibge>
    <gia/>
    <ddd>82</ddd>
    <siafi>2785</siafi>
  </cep>
  <cep>
    <cep>57052-755</cep>
    <logradouro>Rua Desembargador Ferreira Pinto</logradouro>
    <complemento/>
    <unidade/>
    <bairro>Gruta de Lourdes</bairro>
    <localidade>Maceió</localidade>
    <uf>AL</uf>
    <estado>Alagoas</estado>
    <região/>
    <ibge>2704302</ibge>
    <gia/>
    <ddd>82</ddd>
    <siafi>2785</siafi>
  </cep>
  <cep>
    <cep>57052-750</cep>
    <logradouro>Rua Industrial Mário Leão</logradouro>
    <complemento/>
    <unidade/>
    <bairro>Gruta de Lourdes</bairro>
    <localidade>Maceió</localidade>
    <uf>AL</uf>
    <estado>Alagoas</estado>
    <região/>
    <ibge>2704302</ibge>
    <gia/>
    <ddd>82</ddd>
    <siafi>2785</siafi>
  </cep>
  <cep>
    <cep>57052-745</cep>
    <logradouro>Rua Deputado Siloé Tavares</logradouro>
    <complemento/>
    <unidade/>
    <bairro>Gruta de Lourdes</bairro>
    <localidade>Maceió</localidade>
    <uf>AL</uf>
    <estado>Alagoas</estado>
    <região/>
    <ibge>2704302</ibge>
    <gia/>
    <ddd>82</ddd>
    <siafi>2785</siafi>
  </cep>
  <cep>
    <cep>57052-780</cep>
    <logradouro>Rua Regina Cordeiro Lins</logradouro>
    <complemento/>
    <unidade/>
    <bairro>Gruta de Lourdes</bairro>
    <localidade>Maceió</localidade>
    <uf>AL</uf>
    <estado>Alagoas</estado>
    <região/>
    <ibge>2704302</ibge>
    <gia/>
    <ddd>82</ddd>
    <siafi>2785</siafi>
  </cep>
  <cep>
    <cep>57052-705</cep>
    <logradouro>Rua Aroeira</logradouro>
    <complemento/>
    <unidade/>
    <bairro>Gruta de Lourdes</bairro>
    <localidade>Maceió</localidade>
    <uf>AL</uf>
    <estado>Alagoas</estado>
    <região/>
    <ibge>2704302</ibge>
    <gia/>
    <ddd>82</ddd>
    <siafi>2785</siafi>
  </cep>
  <cep>
    <cep>57052-785</cep>
    <logradouro>Rua Doutor Manoel Gonçalves Ferreira</logradouro>
    <complemento/>
    <unidade/>
    <bairro>Gruta de Lourdes</bairro>
    <localidade>Maceió</localidade>
    <uf>AL</uf>
    <estado>Alagoas</estado>
    <região/>
    <ibge>2704302</ibge>
    <gia/>
    <ddd>82</ddd>
    <siafi>2785</siafi>
  </cep>
  <cep>
    <cep>57052-790</cep>
    <logradouro>Rua Artur Vital da Silva</logradouro>
    <complemento/>
    <unidade/>
    <bairro>Gruta de Lourdes</bairro>
    <localidade>Maceió</localidade>
    <uf>AL</uf>
    <estado>Alagoas</estado>
    <região/>
    <ibge>2704302</ibge>
    <gia/>
    <ddd>82</ddd>
    <siafi>2785</siafi>
  </cep>
  <cep>
    <cep>57052-782</cep>
    <logradouro>Rua Publicitário Ranildo Cavalcante</logradouro>
    <complemento/>
    <unidade/>
    <bairro>Gruta de Lourdes</bairro>
    <localidade>Maceió</localidade>
    <uf>AL</uf>
    <estado>Alagoas</estado>
    <região/>
    <ibge>2704302</ibge>
    <gia/>
    <ddd>82</ddd>
    <siafi>2785</siafi>
  </cep>
  <cep>
    <cep>57052-800</cep>
    <logradouro>Rua Azarias de Carvalho Gama</logradouro>
    <complemento/>
    <unidade/>
    <bairro>Gruta de Lourdes</bairro>
    <localidade>Maceió</localidade>
    <uf>AL</uf>
    <estado>Alagoas</estado>
    <região/>
    <ibge>2704302</ibge>
    <gia/>
    <ddd>82</ddd>
    <siafi>2785</siafi>
  </cep>
  <cep>
    <cep>57052-795</cep>
    <logradouro>Rua Prefeito Joaquim Leão</logradouro>
    <complemento/>
    <unidade/>
    <bairro>Gruta de Lourdes</bairro>
    <localidade>Maceió</localidade>
    <uf>AL</uf>
    <estado>Alagoas</estado>
    <região/>
    <ibge>2704302</ibge>
    <gia/>
    <ddd>82</ddd>
    <siafi>2785</siafi>
  </cep>
  <cep>
    <cep>57052-810</cep>
    <logradouro>Rua Braúna</logradouro>
    <complemento/>
    <unidade/>
    <bairro>Gruta de Lourdes</bairro>
    <localidade>Maceió</localidade>
    <uf>AL</uf>
    <estado>Alagoas</estado>
    <região/>
    <ibge>2704302</ibge>
    <gia/>
    <ddd>82</ddd>
    <siafi>2785</siafi>
  </cep>
  <cep>
    <cep>57052-825</cep>
    <logradouro>Rua Doutor Sebastião da Hora</logradouro>
    <complemento/>
    <unidade/>
    <bairro>Gruta de Lourdes</bairro>
    <localidade>Maceió</localidade>
    <uf>AL</uf>
    <estado>Alagoas</estado>
    <região/>
    <ibge>2704302</ibge>
    <gia/>
    <ddd>82</ddd>
    <siafi>2785</siafi>
  </cep>
  <cep>
    <cep>57052-835</cep>
    <logradouro>Travessa Sebastião da Hora</logradouro>
    <complemento/>
    <unidade/>
    <bairro>Gruta de Lourdes</bairro>
    <localidade>Maceió</localidade>
    <uf>AL</uf>
    <estado>Alagoas</estado>
    <região/>
    <ibge>2704302</ibge>
    <gia/>
    <ddd>82</ddd>
    <siafi>2785</siafi>
  </cep>
  <cep>
    <cep>57052-815</cep>
    <logradouro>Rua Sargento Nelmont</logradouro>
    <complemento/>
    <unidade/>
    <bairro>Gruta de Lourdes</bairro>
    <localidade>Maceió</localidade>
    <uf>AL</uf>
    <estado>Alagoas</estado>
    <região/>
    <ibge>2704302</ibge>
    <gia/>
    <ddd>82</ddd>
    <siafi>2785</siafi>
  </cep>
  <cep>
    <cep>57052-827</cep>
    <logradouro>Rua Hugo Corrêa Paes</logradouro>
    <complemento/>
    <unidade/>
    <bairro>Gruta de Lourdes</bairro>
    <localidade>Maceió</localidade>
    <uf>AL</uf>
    <estado>Alagoas</estado>
    <região/>
    <ibge>2704302</ibge>
    <gia/>
    <ddd>82</ddd>
    <siafi>2785</siafi>
  </cep>
  <cep>
    <cep>57052-840</cep>
    <logradouro>Rua Doutor Arthur Lopes Ferreira</logradouro>
    <complemento/>
    <unidade/>
    <bairro>Gruta de Lourdes</bairro>
    <localidade>Maceió</localidade>
    <uf>AL</uf>
    <estado>Alagoas</estado>
    <região/>
    <ibge>2704302</ibge>
    <gia/>
    <ddd>82</ddd>
    <siafi>2785</siafi>
  </cep>
  <cep>
    <cep>57052-850</cep>
    <logradouro>Avenida Desembargador Barreto Cardoso</logradouro>
    <complemento/>
    <unidade/>
    <bairro>Gruta de Lourdes</bairro>
    <localidade>Maceió</localidade>
    <uf>AL</uf>
    <estado>Alagoas</estado>
    <região/>
    <ibge>2704302</ibge>
    <gia/>
    <ddd>82</ddd>
    <siafi>2785</siafi>
  </cep>
  <cep>
    <cep>57052-855</cep>
    <logradouro>Rua Francisco Leão</logradouro>
    <complemento/>
    <unidade/>
    <bairro>Gruta de Lourdes</bairro>
    <localidade>Maceió</localidade>
    <uf>AL</uf>
    <estado>Alagoas</estado>
    <região/>
    <ibge>2704302</ibge>
    <gia/>
    <ddd>82</ddd>
    <siafi>2785</siafi>
  </cep>
  <cep>
    <cep>57052-861</cep>
    <logradouro>Travessa Dona Antônia</logradouro>
    <complemento/>
    <unidade/>
    <bairro>Gruta de Lourdes</bairro>
    <localidade>Maceió</localidade>
    <uf>AL</uf>
    <estado>Alagoas</estado>
    <região/>
    <ibge>2704302</ibge>
    <gia/>
    <ddd>82</ddd>
    <siafi>2785</siafi>
  </cep>
  <cep>
    <cep>57052-880</cep>
    <logradouro>Rua Elói de Lemos França</logradouro>
    <complemento/>
    <unidade/>
    <bairro>Gruta de Lourdes</bairro>
    <localidade>Maceió</localidade>
    <uf>AL</uf>
    <estado>Alagoas</estado>
    <região/>
    <ibge>2704302</ibge>
    <gia/>
    <ddd>82</ddd>
    <siafi>2785</siafi>
  </cep>
  <cep>
    <cep>57052-885</cep>
    <logradouro>Rua Durval Gomes de Melo</logradouro>
    <complemento/>
    <unidade/>
    <bairro>Gruta de Lourdes</bairro>
    <localidade>Maceió</localidade>
    <uf>AL</uf>
    <estado>Alagoas</estado>
    <região/>
    <ibge>2704302</ibge>
    <gia/>
    <ddd>82</ddd>
    <siafi>2785</siafi>
  </cep>
  <cep>
    <cep>57052-870</cep>
    <logradouro>Rua Doutor Antônio Arecippo</logradouro>
    <complemento/>
    <unidade/>
    <bairro>Gruta de Lourdes</bairro>
    <localidade>Maceió</localidade>
    <uf>AL</uf>
    <estado>Alagoas</estado>
    <região/>
    <ibge>2704302</ibge>
    <gia/>
    <ddd>82</ddd>
    <siafi>2785</siafi>
  </cep>
  <cep>
    <cep>57052-890</cep>
    <logradouro>Rua Eucalípto</logradouro>
    <complemento/>
    <unidade/>
    <bairro>Gruta de Lourdes</bairro>
    <localidade>Maceió</localidade>
    <uf>AL</uf>
    <estado>Alagoas</estado>
    <região/>
    <ibge>2704302</ibge>
    <gia/>
    <ddd>82</ddd>
    <siafi>2785</siafi>
  </cep>
  <cep>
    <cep>57052-895</cep>
    <logradouro>Rua Eurico Acyole Wanderley</logradouro>
    <complemento/>
    <unidade/>
    <bairro>Gruta de Lourdes</bairro>
    <localidade>Maceió</localidade>
    <uf>AL</uf>
    <estado>Alagoas</estado>
    <região/>
    <ibge>2704302</ibge>
    <gia/>
    <ddd>82</ddd>
    <siafi>2785</siafi>
  </cep>
  <cep>
    <cep>57052-900</cep>
    <logradouro>Avenida Fernandes Lima</logradouro>
    <complemento>s/n</complemento>
    <unidade>Condomínio Jardim do Horto Florestal</unidade>
    <bairro>Gruta de Lourdes</bairro>
    <localidade>Maceió</localidade>
    <uf>AL</uf>
    <estado>Alagoas</estado>
    <região/>
    <ibge>2704302</ibge>
    <gia/>
    <ddd>82</ddd>
    <siafi>2785</siafi>
  </cep>
  <cep>
    <cep>57052-901</cep>
    <logradouro>Avenida Fernandes Lima</logradouro>
    <complemento>3700</complemento>
    <unidade>Híper Center Bompreço</unidade>
    <bairro>Gruta de Lourdes</bairro>
    <localidade>Maceió</localidade>
    <uf>AL</uf>
    <estado>Alagoas</estado>
    <região/>
    <ibge>2704302</ibge>
    <gia/>
    <ddd>82</ddd>
    <siafi>2785</siafi>
  </cep>
  <cep>
    <cep>57055-000</cep>
    <logradouro>Avenida Fernandes Lima</logradouro>
    <complemento>até 1497 - lado ímpar</complemento>
    <unidade/>
    <bairro>Farol</bairro>
    <localidade>Maceió</localidade>
    <uf>AL</uf>
    <estado>Alagoas</estado>
    <região/>
    <ibge>2704302</ibge>
    <gia/>
    <ddd>82</ddd>
    <siafi>2785</siafi>
  </cep>
  <cep>
    <cep>57055-010</cep>
    <logradouro>Rua Bacharel Floriano Ivo</logradouro>
    <complemento/>
    <unidade/>
    <bairro>Farol</bairro>
    <localidade>Maceió</localidade>
    <uf>AL</uf>
    <estado>Alagoas</estado>
    <região/>
    <ibge>2704302</ibge>
    <gia/>
    <ddd>82</ddd>
    <siafi>2785</siafi>
  </cep>
  <cep>
    <cep>57055-030</cep>
    <logradouro>Rua Doutor Luiz de Mascarenhas</logradouro>
    <complemento/>
    <unidade/>
    <bairro>Farol</bairro>
    <localidade>Maceió</localidade>
    <uf>AL</uf>
    <estado>Alagoas</estado>
    <região/>
    <ibge>2704302</ibge>
    <gia/>
    <ddd>82</ddd>
    <siafi>2785</siafi>
  </cep>
  <cep>
    <cep>57055-040</cep>
    <logradouro>Rua Frei Caneca</logradouro>
    <complemento/>
    <unidade/>
    <bairro>Farol</bairro>
    <localidade>Maceió</localidade>
    <uf>AL</uf>
    <estado>Alagoas</estado>
    <região/>
    <ibge>2704302</ibge>
    <gia/>
    <ddd>82</ddd>
    <siafi>2785</siafi>
  </cep>
  <cep>
    <cep>57055-100</cep>
    <logradouro>Rua Marquês do Herval</logradouro>
    <complemento/>
    <unidade/>
    <bairro>Farol</bairro>
    <localidade>Maceió</localidade>
    <uf>AL</uf>
    <estado>Alagoas</estado>
    <região/>
    <ibge>2704302</ibge>
    <gia/>
    <ddd>82</ddd>
    <siafi>2785</siafi>
  </cep>
  <cep>
    <cep>57055-041</cep>
    <logradouro>1ª Travessa Frei Caneca</logradouro>
    <complemento/>
    <unidade/>
    <bairro>Farol</bairro>
    <localidade>Maceió</localidade>
    <uf>AL</uf>
    <estado>Alagoas</estado>
    <região/>
    <ibge>2704302</ibge>
    <gia/>
    <ddd>82</ddd>
    <siafi>2785</siafi>
  </cep>
  <cep>
    <cep>57055-110</cep>
    <logradouro>Rua Nossa Senhora da Conceição</logradouro>
    <complemento/>
    <unidade/>
    <bairro>Farol</bairro>
    <localidade>Maceió</localidade>
    <uf>AL</uf>
    <estado>Alagoas</estado>
    <região/>
    <ibge>2704302</ibge>
    <gia/>
    <ddd>82</ddd>
    <siafi>2785</siafi>
  </cep>
  <cep>
    <cep>57055-043</cep>
    <logradouro>Vila Frei Caneca</logradouro>
    <complemento/>
    <unidade/>
    <bairro>Farol</bairro>
    <localidade>Maceió</localidade>
    <uf>AL</uf>
    <estado>Alagoas</estado>
    <região/>
    <ibge>2704302</ibge>
    <gia/>
    <ddd>82</ddd>
    <siafi>2785</siafi>
  </cep>
  <cep>
    <cep>57055-140</cep>
    <logradouro>Alameda Professor Antônio Mário Mafra</logradouro>
    <complemento/>
    <unidade/>
    <bairro>Farol</bairro>
    <localidade>Maceió</localidade>
    <uf>AL</uf>
    <estado>Alagoas</estado>
    <região/>
    <ibge>2704302</ibge>
    <gia/>
    <ddd>82</ddd>
    <siafi>2785</siafi>
  </cep>
  <cep>
    <cep>57055-105</cep>
    <logradouro>Travessa Marquês do Herval</logradouro>
    <complemento/>
    <unidade/>
    <bairro>Farol</bairro>
    <localidade>Maceió</localidade>
    <uf>AL</uf>
    <estado>Alagoas</estado>
    <região/>
    <ibge>2704302</ibge>
    <gia/>
    <ddd>82</ddd>
    <siafi>2785</siafi>
  </cep>
  <cep>
    <cep>57055-120</cep>
    <logradouro>Rua Nossa Senhora de Lourdes</logradouro>
    <complemento/>
    <unidade/>
    <bairro>Farol</bairro>
    <localidade>Maceió</localidade>
    <uf>AL</uf>
    <estado>Alagoas</estado>
    <região/>
    <ibge>2704302</ibge>
    <gia/>
    <ddd>82</ddd>
    <siafi>2785</siafi>
  </cep>
  <cep>
    <cep>57055-130</cep>
    <logradouro>Rua Conselheiro José Bezerra</logradouro>
    <complemento/>
    <unidade/>
    <bairro>Farol</bairro>
    <localidade>Maceió</localidade>
    <uf>AL</uf>
    <estado>Alagoas</estado>
    <região/>
    <ibge>2704302</ibge>
    <gia/>
    <ddd>82</ddd>
    <siafi>2785</siafi>
  </cep>
  <cep>
    <cep>57055-150</cep>
    <logradouro>Rua Retiro Saudoso</logradouro>
    <complemento/>
    <unidade/>
    <bairro>Farol</bairro>
    <localidade>Maceió</localidade>
    <uf>AL</uf>
    <estado>Alagoas</estado>
    <região/>
    <ibge>2704302</ibge>
    <gia/>
    <ddd>82</ddd>
    <siafi>2785</siafi>
  </cep>
  <cep>
    <cep>57055-180</cep>
    <logradouro>Rua Doutor Cláudio Lívio</logradouro>
    <complemento/>
    <unidade/>
    <bairro>Farol</bairro>
    <localidade>Maceió</localidade>
    <uf>AL</uf>
    <estado>Alagoas</estado>
    <região/>
    <ibge>2704302</ibge>
    <gia/>
    <ddd>82</ddd>
    <siafi>2785</siafi>
  </cep>
  <cep>
    <cep>57055-210</cep>
    <logradouro>Rua Durval Coelho Normande</logradouro>
    <complemento/>
    <unidade/>
    <bairro>Farol</bairro>
    <localidade>Maceió</localidade>
    <uf>AL</uf>
    <estado>Alagoas</estado>
    <região/>
    <ibge>2704302</ibge>
    <gia/>
    <ddd>82</ddd>
    <siafi>2785</siafi>
  </cep>
  <cep>
    <cep>57055-212</cep>
    <logradouro>Ladeira José Cardoso da Silva</logradouro>
    <complemento/>
    <unidade/>
    <bairro>Farol</bairro>
    <localidade>Maceió</localidade>
    <uf>AL</uf>
    <estado>Alagoas</estado>
    <região/>
    <ibge>2704302</ibge>
    <gia/>
    <ddd>82</ddd>
    <siafi>2785</siafi>
  </cep>
  <cep>
    <cep>57055-200</cep>
    <logradouro>Rua José Bezerra Calheiros</logradouro>
    <complemento/>
    <unidade/>
    <bairro>Farol</bairro>
    <localidade>Maceió</localidade>
    <uf>AL</uf>
    <estado>Alagoas</estado>
    <região/>
    <ibge>2704302</ibge>
    <gia/>
    <ddd>82</ddd>
    <siafi>2785</siafi>
  </cep>
  <cep>
    <cep>57055-190</cep>
    <logradouro>Rua Clementino do Monte</logradouro>
    <complemento/>
    <unidade/>
    <bairro>Farol</bairro>
    <localidade>Maceió</localidade>
    <uf>AL</uf>
    <estado>Alagoas</estado>
    <região/>
    <ibge>2704302</ibge>
    <gia/>
    <ddd>82</ddd>
    <siafi>2785</siafi>
  </cep>
  <cep>
    <cep>57055-225</cep>
    <logradouro>Travessa Professor Guedes de Miranda</logradouro>
    <complemento/>
    <unidade/>
    <bairro>Farol</bairro>
    <localidade>Maceió</localidade>
    <uf>AL</uf>
    <estado>Alagoas</estado>
    <região/>
    <ibge>2704302</ibge>
    <gia/>
    <ddd>82</ddd>
    <siafi>2785</siafi>
  </cep>
  <cep>
    <cep>57055-205</cep>
    <logradouro>Travessa Progresso</logradouro>
    <complemento/>
    <unidade/>
    <bairro>Farol</bairro>
    <localidade>Maceió</localidade>
    <uf>AL</uf>
    <estado>Alagoas</estado>
    <região/>
    <ibge>2704302</ibge>
    <gia/>
    <ddd>82</ddd>
    <siafi>2785</siafi>
  </cep>
  <cep>
    <cep>57055-220</cep>
    <logradouro>Rua Professor Guedes de Miranda</logradouro>
    <complemento/>
    <unidade/>
    <bairro>Farol</bairro>
    <localidade>Maceió</localidade>
    <uf>AL</uf>
    <estado>Alagoas</estado>
    <região/>
    <ibge>2704302</ibge>
    <gia/>
    <ddd>82</ddd>
    <siafi>2785</siafi>
  </cep>
  <cep>
    <cep>57055-160</cep>
    <logradouro>Rua Barão José Miguel</logradouro>
    <complemento/>
    <unidade/>
    <bairro>Farol</bairro>
    <localidade>Maceió</localidade>
    <uf>AL</uf>
    <estado>Alagoas</estado>
    <região/>
    <ibge>2704302</ibge>
    <gia/>
    <ddd>82</ddd>
    <siafi>2785</siafi>
  </cep>
  <cep>
    <cep>57055-235</cep>
    <logradouro>Rua Professor Virgínio de Campos</logradouro>
    <complemento/>
    <unidade/>
    <bairro>Farol</bairro>
    <localidade>Maceió</localidade>
    <uf>AL</uf>
    <estado>Alagoas</estado>
    <região/>
    <ibge>2704302</ibge>
    <gia/>
    <ddd>82</ddd>
    <siafi>2785</siafi>
  </cep>
  <cep>
    <cep>57055-250</cep>
    <logradouro>Rua Manoel Oliveira Bastos</logradouro>
    <complemento/>
    <unidade/>
    <bairro>Farol</bairro>
    <localidade>Maceió</localidade>
    <uf>AL</uf>
    <estado>Alagoas</estado>
    <região/>
    <ibge>2704302</ibge>
    <gia/>
    <ddd>82</ddd>
    <siafi>2785</siafi>
  </cep>
  <cep>
    <cep>57055-265</cep>
    <logradouro>Rua Antenor Gomes de Oliveira</logradouro>
    <complemento/>
    <unidade/>
    <bairro>Farol</bairro>
    <localidade>Maceió</localidade>
    <uf>AL</uf>
    <estado>Alagoas</estado>
    <região/>
    <ibge>2704302</ibge>
    <gia/>
    <ddd>82</ddd>
    <siafi>2785</siafi>
  </cep>
  <cep>
    <cep>57055-230</cep>
    <logradouro>Avenida Luiz Calheiros Júnior</logradouro>
    <complemento/>
    <unidade/>
    <bairro>Farol</bairro>
    <localidade>Maceió</localidade>
    <uf>AL</uf>
    <estado>Alagoas</estado>
    <região/>
    <ibge>2704302</ibge>
    <gia/>
    <ddd>82</ddd>
    <siafi>2785</siafi>
  </cep>
  <cep>
    <cep>57055-270</cep>
    <logradouro>Rua Albuquerque Lins</logradouro>
    <complemento/>
    <unidade/>
    <bairro>Farol</bairro>
    <localidade>Maceió</localidade>
    <uf>AL</uf>
    <estado>Alagoas</estado>
    <região/>
    <ibge>2704302</ibge>
    <gia/>
    <ddd>82</ddd>
    <siafi>2785</siafi>
  </cep>
  <cep>
    <cep>57055-260</cep>
    <logradouro>Rua Santa Rita</logradouro>
    <complemento/>
    <unidade/>
    <bairro>Farol</bairro>
    <localidade>Maceió</localidade>
    <uf>AL</uf>
    <estado>Alagoas</estado>
    <região/>
    <ibge>2704302</ibge>
    <gia/>
    <ddd>82</ddd>
    <siafi>2785</siafi>
  </cep>
  <cep>
    <cep>57055-275</cep>
    <logradouro>Travessa Albuquerque Lins</logradouro>
    <complemento/>
    <unidade/>
    <bairro>Farol</bairro>
    <localidade>Maceió</localidade>
    <uf>AL</uf>
    <estado>Alagoas</estado>
    <região/>
    <ibge>2704302</ibge>
    <gia/>
    <ddd>82</ddd>
    <siafi>2785</siafi>
  </cep>
  <cep>
    <cep>57055-295</cep>
    <logradouro>Travessa Bela Vista</logradouro>
    <complemento/>
    <unidade/>
    <bairro>Farol</bairro>
    <localidade>Maceió</localidade>
    <uf>AL</uf>
    <estado>Alagoas</estado>
    <região/>
    <ibge>2704302</ibge>
    <gia/>
    <ddd>82</ddd>
    <siafi>2785</siafi>
  </cep>
  <cep>
    <cep>57055-280</cep>
    <logradouro>Rua Almirante Barroso</logradouro>
    <complemento/>
    <unidade/>
    <bairro>Farol</bairro>
    <localidade>Maceió</localidade>
    <uf>AL</uf>
    <estado>Alagoas</estado>
    <região/>
    <ibge>2704302</ibge>
    <gia/>
    <ddd>82</ddd>
    <siafi>2785</siafi>
  </cep>
  <cep>
    <cep>57055-300</cep>
    <logradouro>Rua Jerusalém</logradouro>
    <complemento>lado par</complemento>
    <unidade/>
    <bairro>Farol</bairro>
    <localidade>Maceió</localidade>
    <uf>AL</uf>
    <estado>Alagoas</estado>
    <região/>
    <ibge>2704302</ibge>
    <gia/>
    <ddd>82</ddd>
    <siafi>2785</siafi>
  </cep>
  <cep>
    <cep>57055-320</cep>
    <logradouro>Rua Oldemburgo da Silva Paranhos</logradouro>
    <complemento>de 181/182 ao fim</complemento>
    <unidade/>
    <bairro>Farol</bairro>
    <localidade>Maceió</localidade>
    <uf>AL</uf>
    <estado>Alagoas</estado>
    <região/>
    <ibge>2704302</ibge>
    <gia/>
    <ddd>82</ddd>
    <siafi>2785</siafi>
  </cep>
  <cep>
    <cep>57055-360</cep>
    <logradouro>Rua Tenente Antônio Oliveira</logradouro>
    <complemento/>
    <unidade/>
    <bairro>Farol</bairro>
    <localidade>Maceió</localidade>
    <uf>AL</uf>
    <estado>Alagoas</estado>
    <região/>
    <ibge>2704302</ibge>
    <gia/>
    <ddd>82</ddd>
    <siafi>2785</siafi>
  </cep>
  <cep>
    <cep>57055-365</cep>
    <logradouro>Conjunto Armando Lôbo</logradouro>
    <complemento/>
    <unidade/>
    <bairro>Farol</bairro>
    <localidade>Maceió</localidade>
    <uf>AL</uf>
    <estado>Alagoas</estado>
    <região/>
    <ibge>2704302</ibge>
    <gia/>
    <ddd>82</ddd>
    <siafi>2785</siafi>
  </cep>
  <cep>
    <cep>57055-502</cep>
    <logradouro>Rua Coronel Lima Rocha</logradouro>
    <complemento>de 628/629 ao fim</complemento>
    <unidade/>
    <bairro>Pinheiro</bairro>
    <localidade>Maceió</localidade>
    <uf>AL</uf>
    <estado>Alagoas</estado>
    <região/>
    <ibge>2704302</ibge>
    <gia/>
    <ddd>82</ddd>
    <siafi>2785</siafi>
  </cep>
  <cep>
    <cep>57055-505</cep>
    <logradouro>Rua Paschoal Barbosa da Fonseca</logradouro>
    <complemento/>
    <unidade/>
    <bairro>Pinheiro</bairro>
    <localidade>Maceió</localidade>
    <uf>AL</uf>
    <estado>Alagoas</estado>
    <região/>
    <ibge>2704302</ibge>
    <gia/>
    <ddd>82</ddd>
    <siafi>2785</siafi>
  </cep>
  <cep>
    <cep>57055-330</cep>
    <logradouro>Rua Miguel Palmeira</logradouro>
    <complemento>lado ímpar</complemento>
    <unidade/>
    <bairro>Farol</bairro>
    <localidade>Maceió</localidade>
    <uf>AL</uf>
    <estado>Alagoas</estado>
    <região/>
    <ibge>2704302</ibge>
    <gia/>
    <ddd>82</ddd>
    <siafi>2785</siafi>
  </cep>
  <cep>
    <cep>57055-525</cep>
    <logradouro>Rua Jerusalém</logradouro>
    <complemento>lado ímpar</complemento>
    <unidade/>
    <bairro>Pinheiro</bairro>
    <localidade>Maceió</localidade>
    <uf>AL</uf>
    <estado>Alagoas</estado>
    <região/>
    <ibge>2704302</ibge>
    <gia/>
    <ddd>82</ddd>
    <siafi>2785</siafi>
  </cep>
  <cep>
    <cep>57055-520</cep>
    <logradouro>Rua Francisco de Góes</logradouro>
    <complemento/>
    <unidade/>
    <bairro>Pinheiro</bairro>
    <localidade>Maceió</localidade>
    <uf>AL</uf>
    <estado>Alagoas</estado>
    <região/>
    <ibge>2704302</ibge>
    <gia/>
    <ddd>82</ddd>
    <siafi>2785</siafi>
  </cep>
  <cep>
    <cep>57055-504</cep>
    <logradouro>Rua Miguel Palmeira</logradouro>
    <complemento>lado par</complemento>
    <unidade/>
    <bairro>Pinheiro</bairro>
    <localidade>Maceió</localidade>
    <uf>AL</uf>
    <estado>Alagoas</estado>
    <região/>
    <ibge>2704302</ibge>
    <gia/>
    <ddd>82</ddd>
    <siafi>2785</siafi>
  </cep>
  <cep>
    <cep>57055-510</cep>
    <logradouro>Rua Sargento Aldo Almeida</logradouro>
    <complemento/>
    <unidade/>
    <bairro>Pinheiro</bairro>
    <localidade>Maceió</localidade>
    <uf>AL</uf>
    <estado>Alagoas</estado>
    <região/>
    <ibge>2704302</ibge>
    <gia/>
    <ddd>82</ddd>
    <siafi>2785</siafi>
  </cep>
  <cep>
    <cep>57055-310</cep>
    <logradouro>Rua Ana Maria Coelho de Mello</logradouro>
    <complemento/>
    <unidade/>
    <bairro>Farol</bairro>
    <localidade>Maceió</localidade>
    <uf>AL</uf>
    <estado>Alagoas</estado>
    <região/>
    <ibge>2704302</ibge>
    <gia/>
    <ddd>82</ddd>
    <siafi>2785</siafi>
  </cep>
  <cep>
    <cep>57055-286</cep>
    <logradouro>Ladeira Gruta Padre Cícero Romão Batista</logradouro>
    <complemento/>
    <unidade/>
    <bairro>Farol</bairro>
    <localidade>Maceió</localidade>
    <uf>AL</uf>
    <estado>Alagoas</estado>
    <região/>
    <ibge>2704302</ibge>
    <gia/>
    <ddd>82</ddd>
    <siafi>2785</siafi>
  </cep>
  <cep>
    <cep>57055-515</cep>
    <logradouro>Avenida Doutor Muniz Falcão</logradouro>
    <complemento/>
    <unidade/>
    <bairro>Pinheiro</bairro>
    <localidade>Maceió</localidade>
    <uf>AL</uf>
    <estado>Alagoas</estado>
    <região/>
    <ibge>2704302</ibge>
    <gia/>
    <ddd>82</ddd>
    <siafi>2785</siafi>
  </cep>
  <cep>
    <cep>57055-530</cep>
    <logradouro>Rua Eduardo Campos Cerqueira</logradouro>
    <complemento/>
    <unidade/>
    <bairro>Pinheiro</bairro>
    <localidade>Maceió</localidade>
    <uf>AL</uf>
    <estado>Alagoas</estado>
    <região/>
    <ibge>2704302</ibge>
    <gia/>
    <ddd>82</ddd>
    <siafi>2785</siafi>
  </cep>
  <cep>
    <cep>57055-560</cep>
    <logradouro>Alameda João Duda Calado</logradouro>
    <complemento/>
    <unidade/>
    <bairro>Pinheiro</bairro>
    <localidade>Maceió</localidade>
    <uf>AL</uf>
    <estado>Alagoas</estado>
    <região/>
    <ibge>2704302</ibge>
    <gia/>
    <ddd>82</ddd>
    <siafi>2785</siafi>
  </cep>
  <cep>
    <cep>57055-565</cep>
    <logradouro>Praça Senador Arnon de Mello</logradouro>
    <complemento/>
    <unidade/>
    <bairro>Pinheiro</bairro>
    <localidade>Maceió</localidade>
    <uf>AL</uf>
    <estado>Alagoas</estado>
    <região/>
    <ibge>2704302</ibge>
    <gia/>
    <ddd>82</ddd>
    <siafi>2785</siafi>
  </cep>
  <cep>
    <cep>57055-590</cep>
    <logradouro>Rua São Benedito</logradouro>
    <complemento/>
    <unidade/>
    <bairro>Pinheiro</bairro>
    <localidade>Maceió</localidade>
    <uf>AL</uf>
    <estado>Alagoas</estado>
    <região/>
    <ibge>2704302</ibge>
    <gia/>
    <ddd>82</ddd>
    <siafi>2785</siafi>
  </cep>
  <cep>
    <cep>57055-609</cep>
    <logradouro>Rua do Arame</logradouro>
    <complemento/>
    <unidade/>
    <bairro>Pinheiro</bairro>
    <localidade>Maceió</localidade>
    <uf>AL</uf>
    <estado>Alagoas</estado>
    <região/>
    <ibge>2704302</ibge>
    <gia/>
    <ddd>82</ddd>
    <siafi>2785</siafi>
  </cep>
  <cep>
    <cep>57055-630</cep>
    <logradouro>Rua Professor José da Silveira Camerino</logradouro>
    <complemento>até 707/708</complemento>
    <unidade/>
    <bairro>Pinheiro</bairro>
    <localidade>Maceió</localidade>
    <uf>AL</uf>
    <estado>Alagoas</estado>
    <região/>
    <ibge>2704302</ibge>
    <gia/>
    <ddd>82</ddd>
    <siafi>2785</siafi>
  </cep>
  <cep>
    <cep>57055-601</cep>
    <logradouro>Rua Parananguer</logradouro>
    <complemento/>
    <unidade/>
    <bairro>Pinheiro</bairro>
    <localidade>Maceió</localidade>
    <uf>AL</uf>
    <estado>Alagoas</estado>
    <região/>
    <ibge>2704302</ibge>
    <gia/>
    <ddd>82</ddd>
    <siafi>2785</siafi>
  </cep>
  <cep>
    <cep>57055-645</cep>
    <logradouro>Alameda São Benedito</logradouro>
    <complemento/>
    <unidade/>
    <bairro>Pinheiro</bairro>
    <localidade>Maceió</localidade>
    <uf>AL</uf>
    <estado>Alagoas</estado>
    <região/>
    <ibge>2704302</ibge>
    <gia/>
    <ddd>82</ddd>
    <siafi>2785</siafi>
  </cep>
  <cep>
    <cep>57055-670</cep>
    <logradouro>Rua Ricardo Cesar de Melo</logradouro>
    <complemento/>
    <unidade/>
    <bairro>Pinheiro</bairro>
    <localidade>Maceió</localidade>
    <uf>AL</uf>
    <estado>Alagoas</estado>
    <região/>
    <ibge>2704302</ibge>
    <gia/>
    <ddd>82</ddd>
    <siafi>2785</siafi>
  </cep>
  <cep>
    <cep>57055-680</cep>
    <logradouro>Rua Tavares Bastos</logradouro>
    <complemento/>
    <unidade/>
    <bairro>Pinheiro</bairro>
    <localidade>Maceió</localidade>
    <uf>AL</uf>
    <estado>Alagoas</estado>
    <região/>
    <ibge>2704302</ibge>
    <gia/>
    <ddd>82</ddd>
    <siafi>2785</siafi>
  </cep>
  <cep>
    <cep>57055-854</cep>
    <logradouro>Vila Algaroba</logradouro>
    <complemento/>
    <unidade/>
    <bairro>Pinheiro</bairro>
    <localidade>Maceió</localidade>
    <uf>AL</uf>
    <estado>Alagoas</estado>
    <região/>
    <ibge>2704302</ibge>
    <gia/>
    <ddd>82</ddd>
    <siafi>2785</siafi>
  </cep>
  <cep>
    <cep>57055-852</cep>
    <logradouro>Ladeira Gruta Padre Cícero Romão Batista</logradouro>
    <complemento/>
    <unidade/>
    <bairro>Pinheiro</bairro>
    <localidade>Maceió</localidade>
    <uf>AL</uf>
    <estado>Alagoas</estado>
    <região/>
    <ibge>2704302</ibge>
    <gia/>
    <ddd>82</ddd>
    <siafi>2785</siafi>
  </cep>
  <cep>
    <cep>57055-853</cep>
    <logradouro>Travessa do Arame</logradouro>
    <complemento/>
    <unidade/>
    <bairro>Pinheiro</bairro>
    <localidade>Maceió</localidade>
    <uf>AL</uf>
    <estado>Alagoas</estado>
    <região/>
    <ibge>2704302</ibge>
    <gia/>
    <ddd>82</ddd>
    <siafi>2785</siafi>
  </cep>
  <cep>
    <cep>57055-607</cep>
    <logradouro>Rua Senador Arnon de Mello</logradouro>
    <complemento/>
    <unidade/>
    <bairro>Pinheiro</bairro>
    <localidade>Maceió</localidade>
    <uf>AL</uf>
    <estado>Alagoas</estado>
    <região/>
    <ibge>2704302</ibge>
    <gia/>
    <ddd>82</ddd>
    <siafi>2785</siafi>
  </cep>
  <cep>
    <cep>57055-860</cep>
    <logradouro>Travessa São Benedito</logradouro>
    <complemento/>
    <unidade/>
    <bairro>Pinheiro</bairro>
    <localidade>Maceió</localidade>
    <uf>AL</uf>
    <estado>Alagoas</estado>
    <região/>
    <ibge>2704302</ibge>
    <gia/>
    <ddd>82</ddd>
    <siafi>2785</siafi>
  </cep>
  <cep>
    <cep>57055-870</cep>
    <logradouro>Rua Manguaba</logradouro>
    <complemento/>
    <unidade/>
    <bairro>Pinheiro</bairro>
    <localidade>Maceió</localidade>
    <uf>AL</uf>
    <estado>Alagoas</estado>
    <região/>
    <ibge>2704302</ibge>
    <gia/>
    <ddd>82</ddd>
    <siafi>2785</siafi>
  </cep>
  <cep>
    <cep>57055-902</cep>
    <logradouro>Avenida Fernandes Lima</logradouro>
    <complemento>385</complemento>
    <unidade>Casa da Indústria</unidade>
    <bairro>Farol</bairro>
    <localidade>Maceió</localidade>
    <uf>AL</uf>
    <estado>Alagoas</estado>
    <região/>
    <ibge>2704302</ibge>
    <gia/>
    <ddd>82</ddd>
    <siafi>2785</siafi>
  </cep>
  <cep>
    <cep>57057-020</cep>
    <logradouro>Rua Artur Acioli</logradouro>
    <complemento/>
    <unidade/>
    <bairro>Pinheiro</bairro>
    <localidade>Maceió</localidade>
    <uf>AL</uf>
    <estado>Alagoas</estado>
    <região/>
    <ibge>2704302</ibge>
    <gia/>
    <ddd>82</ddd>
    <siafi>2785</siafi>
  </cep>
  <cep>
    <cep>57055-770</cep>
    <logradouro>Alameda Cônego Cavalcante de Oliveira</logradouro>
    <complemento/>
    <unidade/>
    <bairro>Pinheiro</bairro>
    <localidade>Maceió</localidade>
    <uf>AL</uf>
    <estado>Alagoas</estado>
    <região/>
    <ibge>2704302</ibge>
    <gia/>
    <ddd>82</ddd>
    <siafi>2785</siafi>
  </cep>
  <cep>
    <cep>57055-640</cep>
    <logradouro>Rua Cônego João de Barros Pinho</logradouro>
    <complemento/>
    <unidade/>
    <bairro>Pinheiro</bairro>
    <localidade>Maceió</localidade>
    <uf>AL</uf>
    <estado>Alagoas</estado>
    <região/>
    <ibge>2704302</ibge>
    <gia/>
    <ddd>82</ddd>
    <siafi>2785</siafi>
  </cep>
  <cep>
    <cep>57055-905</cep>
    <logradouro>Rua Antenor Gomes de Oliveira</logradouro>
    <complemento>144</complemento>
    <unidade>Superintendência Estadual de Operações de Alagoas</unidade>
    <bairro>Farol</bairro>
    <localidade>Maceió</localidade>
    <uf>AL</uf>
    <estado>Alagoas</estado>
    <região/>
    <ibge>2704302</ibge>
    <gia/>
    <ddd>82</ddd>
    <siafi>2785</siafi>
  </cep>
  <cep>
    <cep>57055-903</cep>
    <logradouro>Avenida Fernandes Lima</logradouro>
    <complemento>1047</complemento>
    <unidade>Tribunal de Contas</unidade>
    <bairro>Farol</bairro>
    <localidade>Maceió</localidade>
    <uf>AL</uf>
    <estado>Alagoas</estado>
    <região/>
    <ibge>2704302</ibge>
    <gia/>
    <ddd>82</ddd>
    <siafi>2785</siafi>
  </cep>
  <cep>
    <cep>57057-040</cep>
    <logradouro>Rua do Campo</logradouro>
    <complemento/>
    <unidade/>
    <bairro>Pinheiro</bairro>
    <localidade>Maceió</localidade>
    <uf>AL</uf>
    <estado>Alagoas</estado>
    <região/>
    <ibge>2704302</ibge>
    <gia/>
    <ddd>82</ddd>
    <siafi>2785</siafi>
  </cep>
  <cep>
    <cep>57057-070</cep>
    <logradouro>Rua Doutor Arthur Lopes Ferreira</logradouro>
    <complemento/>
    <unidade/>
    <bairro>Pinheiro</bairro>
    <localidade>Maceió</localidade>
    <uf>AL</uf>
    <estado>Alagoas</estado>
    <região/>
    <ibge>2704302</ibge>
    <gia/>
    <ddd>82</ddd>
    <siafi>2785</siafi>
  </cep>
  <cep>
    <cep>57055-660</cep>
    <logradouro>Rua Estatístico Teixeira de Freitas</logradouro>
    <complemento/>
    <unidade/>
    <bairro>Pinheiro</bairro>
    <localidade>Maceió</localidade>
    <uf>AL</uf>
    <estado>Alagoas</estado>
    <região/>
    <ibge>2704302</ibge>
    <gia/>
    <ddd>82</ddd>
    <siafi>2785</siafi>
  </cep>
  <cep>
    <cep>57055-740</cep>
    <logradouro>Rua Santa Luzia</logradouro>
    <complemento/>
    <unidade/>
    <bairro>Pinheiro</bairro>
    <localidade>Maceió</localidade>
    <uf>AL</uf>
    <estado>Alagoas</estado>
    <região/>
    <ibge>2704302</ibge>
    <gia/>
    <ddd>82</ddd>
    <siafi>2785</siafi>
  </cep>
  <cep>
    <cep>57055-900</cep>
    <logradouro>Rua Professor José da Silveira Camerino</logradouro>
    <complemento>290</complemento>
    <unidade>Condomínio Morada das Árvores</unidade>
    <bairro>Pinheiro</bairro>
    <localidade>Maceió</localidade>
    <uf>AL</uf>
    <estado>Alagoas</estado>
    <região/>
    <ibge>2704302</ibge>
    <gia/>
    <ddd>82</ddd>
    <siafi>2785</siafi>
  </cep>
  <cep>
    <cep>57057-080</cep>
    <logradouro>Rua Doutor João Azevedo Filho</logradouro>
    <complemento/>
    <unidade/>
    <bairro>Pinheiro</bairro>
    <localidade>Maceió</localidade>
    <uf>AL</uf>
    <estado>Alagoas</estado>
    <região/>
    <ibge>2704302</ibge>
    <gia/>
    <ddd>82</ddd>
    <siafi>2785</siafi>
  </cep>
  <cep>
    <cep>57055-606</cep>
    <logradouro>Travessa Senador Arnon de Mello</logradouro>
    <complemento/>
    <unidade/>
    <bairro>Pinheiro</bairro>
    <localidade>Maceió</localidade>
    <uf>AL</uf>
    <estado>Alagoas</estado>
    <região/>
    <ibge>2704302</ibge>
    <gia/>
    <ddd>82</ddd>
    <siafi>2785</siafi>
  </cep>
  <cep>
    <cep>57052-860</cep>
    <logradouro>Rua Dona Antônia</logradouro>
    <complemento/>
    <unidade/>
    <bairro>Gruta de Lourdes</bairro>
    <localidade>Maceió</localidade>
    <uf>AL</uf>
    <estado>Alagoas</estado>
    <região/>
    <ibge>2704302</ibge>
    <gia/>
    <ddd>82</ddd>
    <siafi>2785</siafi>
  </cep>
  <cep>
    <cep>57055-625</cep>
    <logradouro>Rua Antônio Murta</logradouro>
    <complemento/>
    <unidade/>
    <bairro>Pinheiro</bairro>
    <localidade>Maceió</localidade>
    <uf>AL</uf>
    <estado>Alagoas</estado>
    <região/>
    <ibge>2704302</ibge>
    <gia/>
    <ddd>82</ddd>
    <siafi>2785</siafi>
  </cep>
  <cep>
    <cep>57057-060</cep>
    <logradouro>Rua Deputado Rubens Canuto</logradouro>
    <complemento/>
    <unidade/>
    <bairro>Pinheiro</bairro>
    <localidade>Maceió</localidade>
    <uf>AL</uf>
    <estado>Alagoas</estado>
    <região/>
    <ibge>2704302</ibge>
    <gia/>
    <ddd>82</ddd>
    <siafi>2785</siafi>
  </cep>
  <cep>
    <cep>57055-608</cep>
    <logradouro>Travessa Almirante Barroso</logradouro>
    <complemento/>
    <unidade/>
    <bairro>Pinheiro</bairro>
    <localidade>Maceió</localidade>
    <uf>AL</uf>
    <estado>Alagoas</estado>
    <região/>
    <ibge>2704302</ibge>
    <gia/>
    <ddd>82</ddd>
    <siafi>2785</siafi>
  </cep>
  <cep>
    <cep>57057-100</cep>
    <logradouro>Rua Doutor Ernest Gilman</logradouro>
    <complemento/>
    <unidade/>
    <bairro>Pinheiro</bairro>
    <localidade>Maceió</localidade>
    <uf>AL</uf>
    <estado>Alagoas</estado>
    <região/>
    <ibge>2704302</ibge>
    <gia/>
    <ddd>82</ddd>
    <siafi>2785</siafi>
  </cep>
  <cep>
    <cep>57055-595</cep>
    <logradouro>Alameda Doutor Durval da Rocha Cortez</logradouro>
    <complemento/>
    <unidade/>
    <bairro>Pinheiro</bairro>
    <localidade>Maceió</localidade>
    <uf>AL</uf>
    <estado>Alagoas</estado>
    <região/>
    <ibge>2704302</ibge>
    <gia/>
    <ddd>82</ddd>
    <siafi>2785</siafi>
  </cep>
  <cep>
    <cep>57055-603</cep>
    <logradouro>Alameda Rio Branco</logradouro>
    <complemento/>
    <unidade/>
    <bairro>Pinheiro</bairro>
    <localidade>Maceió</localidade>
    <uf>AL</uf>
    <estado>Alagoas</estado>
    <região/>
    <ibge>2704302</ibge>
    <gia/>
    <ddd>82</ddd>
    <siafi>2785</siafi>
  </cep>
  <cep>
    <cep>57057-102</cep>
    <logradouro>Rua C</logradouro>
    <complemento>(Lot Jardim Alagoas)</complemento>
    <unidade/>
    <bairro>Pinheiro</bairro>
    <localidade>Maceió</localidade>
    <uf>AL</uf>
    <estado>Alagoas</estado>
    <região/>
    <ibge>2704302</ibge>
    <gia/>
    <ddd>82</ddd>
    <siafi>2785</siafi>
  </cep>
  <cep>
    <cep>57057-114</cep>
    <logradouro>Travessa Camaragibe</logradouro>
    <complemento/>
    <unidade/>
    <bairro>Pinheiro</bairro>
    <localidade>Maceió</localidade>
    <uf>AL</uf>
    <estado>Alagoas</estado>
    <região/>
    <ibge>2704302</ibge>
    <gia/>
    <ddd>82</ddd>
    <siafi>2785</siafi>
  </cep>
  <cep>
    <cep>57057-110</cep>
    <logradouro>Rua Estudante Carlos Alberto Estêvão de Araújo</logradouro>
    <complemento/>
    <unidade/>
    <bairro>Pinheiro</bairro>
    <localidade>Maceió</localidade>
    <uf>AL</uf>
    <estado>Alagoas</estado>
    <região/>
    <ibge>2704302</ibge>
    <gia/>
    <ddd>82</ddd>
    <siafi>2785</siafi>
  </cep>
  <cep>
    <cep>57057-120</cep>
    <logradouro>Avenida Francisco Freire Ribeiro</logradouro>
    <complemento/>
    <unidade/>
    <bairro>Pinheiro</bairro>
    <localidade>Maceió</localidade>
    <uf>AL</uf>
    <estado>Alagoas</estado>
    <região/>
    <ibge>2704302</ibge>
    <gia/>
    <ddd>82</ddd>
    <siafi>2785</siafi>
  </cep>
  <cep>
    <cep>57057-128</cep>
    <logradouro>Travessa da Lira</logradouro>
    <complemento/>
    <unidade/>
    <bairro>Pinheiro</bairro>
    <localidade>Maceió</localidade>
    <uf>AL</uf>
    <estado>Alagoas</estado>
    <região/>
    <ibge>2704302</ibge>
    <gia/>
    <ddd>82</ddd>
    <siafi>2785</siafi>
  </cep>
  <cep>
    <cep>57055-580</cep>
    <logradouro>Alameda Portugal</logradouro>
    <complemento/>
    <unidade/>
    <bairro>Pinheiro</bairro>
    <localidade>Maceió</localidade>
    <uf>AL</uf>
    <estado>Alagoas</estado>
    <região/>
    <ibge>2704302</ibge>
    <gia/>
    <ddd>82</ddd>
    <siafi>2785</siafi>
  </cep>
  <cep>
    <cep>57057-140</cep>
    <logradouro>Rua Irvan Wolff</logradouro>
    <complemento/>
    <unidade/>
    <bairro>Pinheiro</bairro>
    <localidade>Maceió</localidade>
    <uf>AL</uf>
    <estado>Alagoas</estado>
    <região/>
    <ibge>2704302</ibge>
    <gia/>
    <ddd>82</ddd>
    <siafi>2785</siafi>
  </cep>
  <cep>
    <cep>57055-901</cep>
    <logradouro>Rua Miguel Palmeira</logradouro>
    <complemento>1513</complemento>
    <unidade>Centro Comercial Rui Palmeira</unidade>
    <bairro>Pinheiro</bairro>
    <localidade>Maceió</localidade>
    <uf>AL</uf>
    <estado>Alagoas</estado>
    <região/>
    <ibge>2704302</ibge>
    <gia/>
    <ddd>82</ddd>
    <siafi>2785</siafi>
  </cep>
  <cep>
    <cep>57055-970</cep>
    <logradouro>Avenida Fernandes Lima</logradouro>
    <complemento>781-B</complemento>
    <unidade>AGF Farol</unidade>
    <bairro>Farol</bairro>
    <localidade>Maceió</localidade>
    <uf>AL</uf>
    <estado>Alagoas</estado>
    <região/>
    <ibge>2704302</ibge>
    <gia/>
    <ddd>82</ddd>
    <siafi>2785</siafi>
  </cep>
  <cep>
    <cep>57055-602</cep>
    <logradouro>Alameda Coronel Antônio Pantaleão da Silva</logradouro>
    <complemento/>
    <unidade/>
    <bairro>Pinheiro</bairro>
    <localidade>Maceió</localidade>
    <uf>AL</uf>
    <estado>Alagoas</estado>
    <região/>
    <ibge>2704302</ibge>
    <gia/>
    <ddd>82</ddd>
    <siafi>2785</siafi>
  </cep>
  <cep>
    <cep>57057-175</cep>
    <logradouro>Travessa José Barreto</logradouro>
    <complemento/>
    <unidade/>
    <bairro>Pinheiro</bairro>
    <localidade>Maceió</localidade>
    <uf>AL</uf>
    <estado>Alagoas</estado>
    <região/>
    <ibge>2704302</ibge>
    <gia/>
    <ddd>82</ddd>
    <siafi>2785</siafi>
  </cep>
  <cep>
    <cep>57057-190</cep>
    <logradouro>Rua José Ferraz de Camargo</logradouro>
    <complemento/>
    <unidade/>
    <bairro>Pinheiro</bairro>
    <localidade>Maceió</localidade>
    <uf>AL</uf>
    <estado>Alagoas</estado>
    <região/>
    <ibge>2704302</ibge>
    <gia/>
    <ddd>82</ddd>
    <siafi>2785</siafi>
  </cep>
  <cep>
    <cep>57055-610</cep>
    <logradouro>Rua Professor Mário Marroquim</logradouro>
    <complemento/>
    <unidade/>
    <bairro>Pinheiro</bairro>
    <localidade>Maceió</localidade>
    <uf>AL</uf>
    <estado>Alagoas</estado>
    <região/>
    <ibge>2704302</ibge>
    <gia/>
    <ddd>82</ddd>
    <siafi>2785</siafi>
  </cep>
  <cep>
    <cep>57057-200</cep>
    <logradouro>Rua Luiz Costa Medeiros</logradouro>
    <complemento/>
    <unidade/>
    <bairro>Pinheiro</bairro>
    <localidade>Maceió</localidade>
    <uf>AL</uf>
    <estado>Alagoas</estado>
    <região/>
    <ibge>2704302</ibge>
    <gia/>
    <ddd>82</ddd>
    <siafi>2785</siafi>
  </cep>
  <cep>
    <cep>57057-010</cep>
    <logradouro>Rua Álvaro Quintiliano</logradouro>
    <complemento/>
    <unidade/>
    <bairro>Pinheiro</bairro>
    <localidade>Maceió</localidade>
    <uf>AL</uf>
    <estado>Alagoas</estado>
    <região/>
    <ibge>2704302</ibge>
    <gia/>
    <ddd>82</ddd>
    <siafi>2785</siafi>
  </cep>
  <cep>
    <cep>57055-620</cep>
    <logradouro>Rua Cícero Virgínio de Torres</logradouro>
    <complemento/>
    <unidade/>
    <bairro>Pinheiro</bairro>
    <localidade>Maceió</localidade>
    <uf>AL</uf>
    <estado>Alagoas</estado>
    <região/>
    <ibge>2704302</ibge>
    <gia/>
    <ddd>82</ddd>
    <siafi>2785</siafi>
  </cep>
  <cep>
    <cep>57057-210</cep>
    <logradouro>Rua Manoel de Omena Fireman</logradouro>
    <complemento/>
    <unidade/>
    <bairro>Pinheiro</bairro>
    <localidade>Maceió</localidade>
    <uf>AL</uf>
    <estado>Alagoas</estado>
    <região/>
    <ibge>2704302</ibge>
    <gia/>
    <ddd>82</ddd>
    <siafi>2785</siafi>
  </cep>
  <cep>
    <cep>57057-220</cep>
    <logradouro>Rua Tenente Francisco Oliveira da Silva</logradouro>
    <complemento/>
    <unidade/>
    <bairro>Pinheiro</bairro>
    <localidade>Maceió</localidade>
    <uf>AL</uf>
    <estado>Alagoas</estado>
    <região/>
    <ibge>2704302</ibge>
    <gia/>
    <ddd>82</ddd>
    <siafi>2785</siafi>
  </cep>
  <cep>
    <cep>57057-122</cep>
    <logradouro>Rua São João</logradouro>
    <complemento/>
    <unidade/>
    <bairro>Pinheiro</bairro>
    <localidade>Maceió</localidade>
    <uf>AL</uf>
    <estado>Alagoas</estado>
    <região/>
    <ibge>2704302</ibge>
    <gia/>
    <ddd>82</ddd>
    <siafi>2785</siafi>
  </cep>
  <cep>
    <cep>57057-240</cep>
    <logradouro>Rua do Paraíso</logradouro>
    <complemento/>
    <unidade/>
    <bairro>Pinheiro</bairro>
    <localidade>Maceió</localidade>
    <uf>AL</uf>
    <estado>Alagoas</estado>
    <região/>
    <ibge>2704302</ibge>
    <gia/>
    <ddd>82</ddd>
    <siafi>2785</siafi>
  </cep>
  <cep>
    <cep>57055-790</cep>
    <logradouro>Rua Missionário John Mein</logradouro>
    <complemento/>
    <unidade/>
    <bairro>Pinheiro</bairro>
    <localidade>Maceió</localidade>
    <uf>AL</uf>
    <estado>Alagoas</estado>
    <região/>
    <ibge>2704302</ibge>
    <gia/>
    <ddd>82</ddd>
    <siafi>2785</siafi>
  </cep>
  <cep>
    <cep>57055-600</cep>
    <logradouro>Rua José Luiz Soares Neto</logradouro>
    <complemento/>
    <unidade/>
    <bairro>Pinheiro</bairro>
    <localidade>Maceió</localidade>
    <uf>AL</uf>
    <estado>Alagoas</estado>
    <região/>
    <ibge>2704302</ibge>
    <gia/>
    <ddd>82</ddd>
    <siafi>2785</siafi>
  </cep>
  <cep>
    <cep>57055-800</cep>
    <logradouro>Rua Professora Eunice Lobão</logradouro>
    <complemento/>
    <unidade/>
    <bairro>Pinheiro</bairro>
    <localidade>Maceió</localidade>
    <uf>AL</uf>
    <estado>Alagoas</estado>
    <região/>
    <ibge>2704302</ibge>
    <gia/>
    <ddd>82</ddd>
    <siafi>2785</siafi>
  </cep>
  <cep>
    <cep>57057-150</cep>
    <logradouro>Rua Jornalista Augusto Vaz Filho</logradouro>
    <complemento/>
    <unidade/>
    <bairro>Pinheiro</bairro>
    <localidade>Maceió</localidade>
    <uf>AL</uf>
    <estado>Alagoas</estado>
    <região/>
    <ibge>2704302</ibge>
    <gia/>
    <ddd>82</ddd>
    <siafi>2785</siafi>
  </cep>
  <cep>
    <cep>57055-730</cep>
    <logradouro>Rua José da Costa Tenório</logradouro>
    <complemento/>
    <unidade/>
    <bairro>Pinheiro</bairro>
    <localidade>Maceió</localidade>
    <uf>AL</uf>
    <estado>Alagoas</estado>
    <região/>
    <ibge>2704302</ibge>
    <gia/>
    <ddd>82</ddd>
    <siafi>2785</siafi>
  </cep>
  <cep>
    <cep>57057-250</cep>
    <logradouro>Rua Professor José da Silveira Camerino</logradouro>
    <complemento>de 709/710 ao fim</complemento>
    <unidade/>
    <bairro>Pinheiro</bairro>
    <localidade>Maceió</localidade>
    <uf>AL</uf>
    <estado>Alagoas</estado>
    <região/>
    <ibge>2704302</ibge>
    <gia/>
    <ddd>82</ddd>
    <siafi>2785</siafi>
  </cep>
  <cep>
    <cep>57057-280</cep>
    <logradouro>Rua Adolfo Camerino</logradouro>
    <complemento/>
    <unidade/>
    <bairro>Pinheiro</bairro>
    <localidade>Maceió</localidade>
    <uf>AL</uf>
    <estado>Alagoas</estado>
    <região/>
    <ibge>2704302</ibge>
    <gia/>
    <ddd>82</ddd>
    <siafi>2785</siafi>
  </cep>
  <cep>
    <cep>57055-605</cep>
    <logradouro>Rua Bela Vista</logradouro>
    <complemento/>
    <unidade/>
    <bairro>Pinheiro</bairro>
    <localidade>Maceió</localidade>
    <uf>AL</uf>
    <estado>Alagoas</estado>
    <região/>
    <ibge>2704302</ibge>
    <gia/>
    <ddd>82</ddd>
    <siafi>2785</siafi>
  </cep>
  <cep>
    <cep>57055-690</cep>
    <logradouro>Rua Manoel Menezes</logradouro>
    <complemento/>
    <unidade/>
    <bairro>Pinheiro</bairro>
    <localidade>Maceió</localidade>
    <uf>AL</uf>
    <estado>Alagoas</estado>
    <região/>
    <ibge>2704302</ibge>
    <gia/>
    <ddd>82</ddd>
    <siafi>2785</siafi>
  </cep>
  <cep>
    <cep>57057-170</cep>
    <logradouro>Rua José Barreto</logradouro>
    <complemento/>
    <unidade/>
    <bairro>Pinheiro</bairro>
    <localidade>Maceió</localidade>
    <uf>AL</uf>
    <estado>Alagoas</estado>
    <região/>
    <ibge>2704302</ibge>
    <gia/>
    <ddd>82</ddd>
    <siafi>2785</siafi>
  </cep>
  <cep>
    <cep>57057-290</cep>
    <logradouro>Travessa Delmiro Gouveia</logradouro>
    <complemento/>
    <unidade/>
    <bairro>Pinheiro</bairro>
    <localidade>Maceió</localidade>
    <uf>AL</uf>
    <estado>Alagoas</estado>
    <região/>
    <ibge>2704302</ibge>
    <gia/>
    <ddd>82</ddd>
    <siafi>2785</siafi>
  </cep>
  <cep>
    <cep>57057-300</cep>
    <logradouro>Rua Arsênio Fortes</logradouro>
    <complemento/>
    <unidade/>
    <bairro>Pinheiro</bairro>
    <localidade>Maceió</localidade>
    <uf>AL</uf>
    <estado>Alagoas</estado>
    <região/>
    <ibge>2704302</ibge>
    <gia/>
    <ddd>82</ddd>
    <siafi>2785</siafi>
  </cep>
  <cep>
    <cep>57057-050</cep>
    <logradouro>Rua Doutor Bruno Martins</logradouro>
    <complemento/>
    <unidade/>
    <bairro>Pinheiro</bairro>
    <localidade>Maceió</localidade>
    <uf>AL</uf>
    <estado>Alagoas</estado>
    <região/>
    <ibge>2704302</ibge>
    <gia/>
    <ddd>82</ddd>
    <siafi>2785</siafi>
  </cep>
  <cep>
    <cep>57057-160</cep>
    <logradouro>Rua José Barbosa Gomes</logradouro>
    <complemento/>
    <unidade/>
    <bairro>Pinheiro</bairro>
    <localidade>Maceió</localidade>
    <uf>AL</uf>
    <estado>Alagoas</estado>
    <região/>
    <ibge>2704302</ibge>
    <gia/>
    <ddd>82</ddd>
    <siafi>2785</siafi>
  </cep>
  <cep>
    <cep>57057-260</cep>
    <logradouro>Rua Rivadávia Carnaúba</logradouro>
    <complemento/>
    <unidade/>
    <bairro>Pinheiro</bairro>
    <localidade>Maceió</localidade>
    <uf>AL</uf>
    <estado>Alagoas</estado>
    <região/>
    <ibge>2704302</ibge>
    <gia/>
    <ddd>82</ddd>
    <siafi>2785</siafi>
  </cep>
  <cep>
    <cep>57057-330</cep>
    <logradouro>Rua José Ezequiel da Silva</logradouro>
    <complemento/>
    <unidade/>
    <bairro>Pinheiro</bairro>
    <localidade>Maceió</localidade>
    <uf>AL</uf>
    <estado>Alagoas</estado>
    <região/>
    <ibge>2704302</ibge>
    <gia/>
    <ddd>82</ddd>
    <siafi>2785</siafi>
  </cep>
  <cep>
    <cep>57057-310</cep>
    <logradouro>Rua Coronel Rui Ferreira de Oliveira</logradouro>
    <complemento/>
    <unidade/>
    <bairro>Pinheiro</bairro>
    <localidade>Maceió</localidade>
    <uf>AL</uf>
    <estado>Alagoas</estado>
    <região/>
    <ibge>2704302</ibge>
    <gia/>
    <ddd>82</ddd>
    <siafi>2785</siafi>
  </cep>
  <cep>
    <cep>57057-285</cep>
    <logradouro>Travessa Adolfo Camerino</logradouro>
    <complemento/>
    <unidade/>
    <bairro>Pinheiro</bairro>
    <localidade>Maceió</localidade>
    <uf>AL</uf>
    <estado>Alagoas</estado>
    <região/>
    <ibge>2704302</ibge>
    <gia/>
    <ddd>82</ddd>
    <siafi>2785</siafi>
  </cep>
  <cep>
    <cep>57057-030</cep>
    <logradouro>Rua Bernardo Lopes</logradouro>
    <complemento/>
    <unidade/>
    <bairro>Pinheiro</bairro>
    <localidade>Maceió</localidade>
    <uf>AL</uf>
    <estado>Alagoas</estado>
    <região/>
    <ibge>2704302</ibge>
    <gia/>
    <ddd>82</ddd>
    <siafi>2785</siafi>
  </cep>
  <cep>
    <cep>57057-360</cep>
    <logradouro>Rua José Leão Rêgo Filho</logradouro>
    <complemento/>
    <unidade/>
    <bairro>Pinheiro</bairro>
    <localidade>Maceió</localidade>
    <uf>AL</uf>
    <estado>Alagoas</estado>
    <região/>
    <ibge>2704302</ibge>
    <gia/>
    <ddd>82</ddd>
    <siafi>2785</siafi>
  </cep>
  <cep>
    <cep>57057-350</cep>
    <logradouro>Rua José Gomes Peixoto</logradouro>
    <complemento/>
    <unidade/>
    <bairro>Pinheiro</bairro>
    <localidade>Maceió</localidade>
    <uf>AL</uf>
    <estado>Alagoas</estado>
    <região/>
    <ibge>2704302</ibge>
    <gia/>
    <ddd>82</ddd>
    <siafi>2785</siafi>
  </cep>
  <cep>
    <cep>57057-365</cep>
    <logradouro>Rua João Barbosa de Souza</logradouro>
    <complemento/>
    <unidade/>
    <bairro>Pinheiro</bairro>
    <localidade>Maceió</localidade>
    <uf>AL</uf>
    <estado>Alagoas</estado>
    <região/>
    <ibge>2704302</ibge>
    <gia/>
    <ddd>82</ddd>
    <siafi>2785</siafi>
  </cep>
  <cep>
    <cep>57057-270</cep>
    <logradouro>Travessa Santa Luzia</logradouro>
    <complemento/>
    <unidade/>
    <bairro>Pinheiro</bairro>
    <localidade>Maceió</localidade>
    <uf>AL</uf>
    <estado>Alagoas</estado>
    <região/>
    <ibge>2704302</ibge>
    <gia/>
    <ddd>82</ddd>
    <siafi>2785</siafi>
  </cep>
  <cep>
    <cep>57055-695</cep>
    <logradouro>Travessa Manoel Menezes</logradouro>
    <complemento/>
    <unidade/>
    <bairro>Pinheiro</bairro>
    <localidade>Maceió</localidade>
    <uf>AL</uf>
    <estado>Alagoas</estado>
    <região/>
    <ibge>2704302</ibge>
    <gia/>
    <ddd>82</ddd>
    <siafi>2785</siafi>
  </cep>
  <cep>
    <cep>57055-672</cep>
    <logradouro>Rua Galdino Ramos Vasconcelos</logradouro>
    <complemento/>
    <unidade/>
    <bairro>Pinheiro</bairro>
    <localidade>Maceió</localidade>
    <uf>AL</uf>
    <estado>Alagoas</estado>
    <região/>
    <ibge>2704302</ibge>
    <gia/>
    <ddd>82</ddd>
    <siafi>2785</siafi>
  </cep>
  <cep>
    <cep>57057-370</cep>
    <logradouro>Rua José Maria dos Santos</logradouro>
    <complemento/>
    <unidade/>
    <bairro>Pinheiro</bairro>
    <localidade>Maceió</localidade>
    <uf>AL</uf>
    <estado>Alagoas</estado>
    <região/>
    <ibge>2704302</ibge>
    <gia/>
    <ddd>82</ddd>
    <siafi>2785</siafi>
  </cep>
  <cep>
    <cep>57057-390</cep>
    <logradouro>Rua Odilon Tenório Cavalcante</logradouro>
    <complemento/>
    <unidade/>
    <bairro>Pinheiro</bairro>
    <localidade>Maceió</localidade>
    <uf>AL</uf>
    <estado>Alagoas</estado>
    <região/>
    <ibge>2704302</ibge>
    <gia/>
    <ddd>82</ddd>
    <siafi>2785</siafi>
  </cep>
  <cep>
    <cep>57057-380</cep>
    <logradouro>Rua Manoel Florentino da Silva</logradouro>
    <complemento/>
    <unidade/>
    <bairro>Pinheiro</bairro>
    <localidade>Maceió</localidade>
    <uf>AL</uf>
    <estado>Alagoas</estado>
    <região/>
    <ibge>2704302</ibge>
    <gia/>
    <ddd>82</ddd>
    <siafi>2785</siafi>
  </cep>
  <cep>
    <cep>57057-125</cep>
    <logradouro>Travessa Francisco Freire Ribeiro</logradouro>
    <complemento/>
    <unidade/>
    <bairro>Pinheiro</bairro>
    <localidade>Maceió</localidade>
    <uf>AL</uf>
    <estado>Alagoas</estado>
    <região/>
    <ibge>2704302</ibge>
    <gia/>
    <ddd>82</ddd>
    <siafi>2785</siafi>
  </cep>
  <cep>
    <cep>57057-410</cep>
    <logradouro>Rua Prefeito Edval Lemos</logradouro>
    <complemento/>
    <unidade/>
    <bairro>Pinheiro</bairro>
    <localidade>Maceió</localidade>
    <uf>AL</uf>
    <estado>Alagoas</estado>
    <região/>
    <ibge>2704302</ibge>
    <gia/>
    <ddd>82</ddd>
    <siafi>2785</siafi>
  </cep>
  <cep>
    <cep>57057-420</cep>
    <logradouro>Travessa Professor José da Silveira Camerino</logradouro>
    <complemento/>
    <unidade/>
    <bairro>Pinheiro</bairro>
    <localidade>Maceió</localidade>
    <uf>AL</uf>
    <estado>Alagoas</estado>
    <região/>
    <ibge>2704302</ibge>
    <gia/>
    <ddd>82</ddd>
    <siafi>2785</siafi>
  </cep>
  <cep>
    <cep>57057-430</cep>
    <logradouro>Rua Teófilo de Barros</logradouro>
    <complemento/>
    <unidade/>
    <bairro>Pinheiro</bairro>
    <localidade>Maceió</localidade>
    <uf>AL</uf>
    <estado>Alagoas</estado>
    <região/>
    <ibge>2704302</ibge>
    <gia/>
    <ddd>82</ddd>
    <siafi>2785</siafi>
  </cep>
  <cep>
    <cep>57057-440</cep>
    <logradouro>Alameda Joaquim Gouveia de Albuquerque</logradouro>
    <complemento/>
    <unidade/>
    <bairro>Pinheiro</bairro>
    <localidade>Maceió</localidade>
    <uf>AL</uf>
    <estado>Alagoas</estado>
    <região/>
    <ibge>2704302</ibge>
    <gia/>
    <ddd>82</ddd>
    <siafi>2785</siafi>
  </cep>
  <cep>
    <cep>57057-450</cep>
    <logradouro>Avenida Fernandes Lima</logradouro>
    <complemento>de 1513 a 3113 - lado ímpar</complemento>
    <unidade/>
    <bairro>Pinheiro</bairro>
    <localidade>Maceió</localidade>
    <uf>AL</uf>
    <estado>Alagoas</estado>
    <região/>
    <ibge>2704302</ibge>
    <gia/>
    <ddd>82</ddd>
    <siafi>2785</siafi>
  </cep>
  <cep>
    <cep>57057-490</cep>
    <logradouro>Rua Clarêncio Jucá</logradouro>
    <complemento/>
    <unidade/>
    <bairro>Pinheiro</bairro>
    <localidade>Maceió</localidade>
    <uf>AL</uf>
    <estado>Alagoas</estado>
    <região/>
    <ibge>2704302</ibge>
    <gia/>
    <ddd>82</ddd>
    <siafi>2785</siafi>
  </cep>
  <cep>
    <cep>57057-500</cep>
    <logradouro>Rua Coronel Aurélio Mousinho</logradouro>
    <complemento/>
    <unidade/>
    <bairro>Pinheiro</bairro>
    <localidade>Maceió</localidade>
    <uf>AL</uf>
    <estado>Alagoas</estado>
    <região/>
    <ibge>2704302</ibge>
    <gia/>
    <ddd>82</ddd>
    <siafi>2785</siafi>
  </cep>
  <cep>
    <cep>57057-520</cep>
    <logradouro>Rua Doutor Juvino Lyra</logradouro>
    <complemento/>
    <unidade/>
    <bairro>Pinheiro</bairro>
    <localidade>Maceió</localidade>
    <uf>AL</uf>
    <estado>Alagoas</estado>
    <região/>
    <ibge>2704302</ibge>
    <gia/>
    <ddd>82</ddd>
    <siafi>2785</siafi>
  </cep>
  <cep>
    <cep>57057-460</cep>
    <logradouro>Rua Antônio Procópio</logradouro>
    <complemento/>
    <unidade/>
    <bairro>Pinheiro</bairro>
    <localidade>Maceió</localidade>
    <uf>AL</uf>
    <estado>Alagoas</estado>
    <região/>
    <ibge>2704302</ibge>
    <gia/>
    <ddd>82</ddd>
    <siafi>2785</siafi>
  </cep>
  <cep>
    <cep>57057-510</cep>
    <logradouro>Rua Djalma Barreto de Menezes</logradouro>
    <complemento/>
    <unidade/>
    <bairro>Pinheiro</bairro>
    <localidade>Maceió</localidade>
    <uf>AL</uf>
    <estado>Alagoas</estado>
    <região/>
    <ibge>2704302</ibge>
    <gia/>
    <ddd>82</ddd>
    <siafi>2785</siafi>
  </cep>
  <cep>
    <cep>57057-480</cep>
    <logradouro>Rua Basileu Meira Barbosa</logradouro>
    <complemento/>
    <unidade/>
    <bairro>Pinheiro</bairro>
    <localidade>Maceió</localidade>
    <uf>AL</uf>
    <estado>Alagoas</estado>
    <região/>
    <ibge>2704302</ibge>
    <gia/>
    <ddd>82</ddd>
    <siafi>2785</siafi>
  </cep>
  <cep>
    <cep>57057-470</cep>
    <logradouro>Rua Augusto Calheiros</logradouro>
    <complemento/>
    <unidade/>
    <bairro>Pinheiro</bairro>
    <localidade>Maceió</localidade>
    <uf>AL</uf>
    <estado>Alagoas</estado>
    <região/>
    <ibge>2704302</ibge>
    <gia/>
    <ddd>82</ddd>
    <siafi>2785</siafi>
  </cep>
  <cep>
    <cep>57057-465</cep>
    <logradouro>Alameda Pedro Suruagy</logradouro>
    <complemento/>
    <unidade/>
    <bairro>Pinheiro</bairro>
    <localidade>Maceió</localidade>
    <uf>AL</uf>
    <estado>Alagoas</estado>
    <região/>
    <ibge>2704302</ibge>
    <gia/>
    <ddd>82</ddd>
    <siafi>2785</siafi>
  </cep>
  <cep>
    <cep>57057-560</cep>
    <logradouro>Rua Pedro de Oliveira Rocha</logradouro>
    <complemento/>
    <unidade/>
    <bairro>Pinheiro</bairro>
    <localidade>Maceió</localidade>
    <uf>AL</uf>
    <estado>Alagoas</estado>
    <região/>
    <ibge>2704302</ibge>
    <gia/>
    <ddd>82</ddd>
    <siafi>2785</siafi>
  </cep>
  <cep>
    <cep>57057-530</cep>
    <logradouro>Condomínio Ilha Vitória</logradouro>
    <complemento/>
    <unidade/>
    <bairro>Pinheiro</bairro>
    <localidade>Maceió</localidade>
    <uf>AL</uf>
    <estado>Alagoas</estado>
    <região/>
    <ibge>2704302</ibge>
    <gia/>
    <ddd>82</ddd>
    <siafi>2785</siafi>
  </cep>
  <cep>
    <cep>57057-570</cep>
    <logradouro>Rua Dona Tereza de Azevedo</logradouro>
    <complemento/>
    <unidade/>
    <bairro>Pinheiro</bairro>
    <localidade>Maceió</localidade>
    <uf>AL</uf>
    <estado>Alagoas</estado>
    <região/>
    <ibge>2704302</ibge>
    <gia/>
    <ddd>82</ddd>
    <siafi>2785</siafi>
  </cep>
  <cep>
    <cep>57057-610</cep>
    <logradouro>Rua Jornalista Carlos de Carvalho Lins</logradouro>
    <complemento/>
    <unidade/>
    <bairro>Pinheiro</bairro>
    <localidade>Maceió</localidade>
    <uf>AL</uf>
    <estado>Alagoas</estado>
    <região/>
    <ibge>2704302</ibge>
    <gia/>
    <ddd>82</ddd>
    <siafi>2785</siafi>
  </cep>
  <cep>
    <cep>57057-652</cep>
    <logradouro>Beco São João</logradouro>
    <complemento>(Lot Jardim Alagoas)</complemento>
    <unidade/>
    <bairro>Pinheiro</bairro>
    <localidade>Maceió</localidade>
    <uf>AL</uf>
    <estado>Alagoas</estado>
    <região/>
    <ibge>2704302</ibge>
    <gia/>
    <ddd>82</ddd>
    <siafi>2785</siafi>
  </cep>
  <cep>
    <cep>57057-630</cep>
    <logradouro>Rua Marquês de Joannis</logradouro>
    <complemento/>
    <unidade/>
    <bairro>Pinheiro</bairro>
    <localidade>Maceió</localidade>
    <uf>AL</uf>
    <estado>Alagoas</estado>
    <região/>
    <ibge>2704302</ibge>
    <gia/>
    <ddd>82</ddd>
    <siafi>2785</siafi>
  </cep>
  <cep>
    <cep>57057-654</cep>
    <logradouro>Rua Padre Cícero</logradouro>
    <complemento>(Lot Jardim Alagoas)</complemento>
    <unidade/>
    <bairro>Pinheiro</bairro>
    <localidade>Maceió</localidade>
    <uf>AL</uf>
    <estado>Alagoas</estado>
    <região/>
    <ibge>2704302</ibge>
    <gia/>
    <ddd>82</ddd>
    <siafi>2785</siafi>
  </cep>
  <cep>
    <cep>57057-656</cep>
    <logradouro>Rua São José</logradouro>
    <complemento>(Lot Jardim Alagoas)</complemento>
    <unidade/>
    <bairro>Pinheiro</bairro>
    <localidade>Maceió</localidade>
    <uf>AL</uf>
    <estado>Alagoas</estado>
    <região/>
    <ibge>2704302</ibge>
    <gia/>
    <ddd>82</ddd>
    <siafi>2785</siafi>
  </cep>
  <cep>
    <cep>57057-660</cep>
    <logradouro>Rua São Pedro</logradouro>
    <complemento>(Lot Jardim Alagoas)</complemento>
    <unidade/>
    <bairro>Pinheiro</bairro>
    <localidade>Maceió</localidade>
    <uf>AL</uf>
    <estado>Alagoas</estado>
    <região/>
    <ibge>2704302</ibge>
    <gia/>
    <ddd>82</ddd>
    <siafi>2785</siafi>
  </cep>
  <cep>
    <cep>57057-662</cep>
    <logradouro>Rua Santo Antônio</logradouro>
    <complemento>(Lot Jardim Alagoas)</complemento>
    <unidade/>
    <bairro>Pinheiro</bairro>
    <localidade>Maceió</localidade>
    <uf>AL</uf>
    <estado>Alagoas</estado>
    <região/>
    <ibge>2704302</ibge>
    <gia/>
    <ddd>82</ddd>
    <siafi>2785</siafi>
  </cep>
  <cep>
    <cep>57057-665</cep>
    <logradouro>Travessa Jardim Alagoas I</logradouro>
    <complemento>(Frei Damião)</complemento>
    <unidade/>
    <bairro>Pinheiro</bairro>
    <localidade>Maceió</localidade>
    <uf>AL</uf>
    <estado>Alagoas</estado>
    <região/>
    <ibge>2704302</ibge>
    <gia/>
    <ddd>82</ddd>
    <siafi>2785</siafi>
  </cep>
  <cep>
    <cep>57057-780</cep>
    <logradouro>Avenida Comendador Francisco de Amorim Leão</logradouro>
    <complemento/>
    <unidade/>
    <bairro>Pinheiro</bairro>
    <localidade>Maceió</localidade>
    <uf>AL</uf>
    <estado>Alagoas</estado>
    <região/>
    <ibge>2704302</ibge>
    <gia/>
    <ddd>82</ddd>
    <siafi>2785</siafi>
  </cep>
  <cep>
    <cep>57057-971</cep>
    <logradouro>Rua Arsênio Fortes</logradouro>
    <complemento>149</complemento>
    <unidade>CDD Farol</unidade>
    <bairro>Pinheiro</bairro>
    <localidade>Maceió</localidade>
    <uf>AL</uf>
    <estado>Alagoas</estado>
    <região/>
    <ibge>2704302</ibge>
    <gia/>
    <ddd>82</ddd>
    <siafi>2785</siafi>
  </cep>
  <cep>
    <cep>57060-046</cep>
    <logradouro>Rua Doutor Pedro</logradouro>
    <complemento>lado ímpar</complemento>
    <unidade/>
    <bairro>Tabuleiro do Martins</bairro>
    <localidade>Maceió</localidade>
    <uf>AL</uf>
    <estado>Alagoas</estado>
    <região/>
    <ibge>2704302</ibge>
    <gia/>
    <ddd>82</ddd>
    <siafi>2785</siafi>
  </cep>
  <cep>
    <cep>57060-030</cep>
    <logradouro>Rua dos Artistas</logradouro>
    <complemento/>
    <unidade/>
    <bairro>Tabuleiro do Martins</bairro>
    <localidade>Maceió</localidade>
    <uf>AL</uf>
    <estado>Alagoas</estado>
    <região/>
    <ibge>2704302</ibge>
    <gia/>
    <ddd>82</ddd>
    <siafi>2785</siafi>
  </cep>
  <cep>
    <cep>57060-070</cep>
    <logradouro>Rua Estudante José Diniz Bina</logradouro>
    <complemento/>
    <unidade/>
    <bairro>Tabuleiro do Martins</bairro>
    <localidade>Maceió</localidade>
    <uf>AL</uf>
    <estado>Alagoas</estado>
    <região/>
    <ibge>2704302</ibge>
    <gia/>
    <ddd>82</ddd>
    <siafi>2785</siafi>
  </cep>
  <cep>
    <cep>57060-060</cep>
    <logradouro>Rua Estudante Ana Rúbia Costa de Almeida</logradouro>
    <complemento>lado ímpar</complemento>
    <unidade/>
    <bairro>Tabuleiro do Martins</bairro>
    <localidade>Maceió</localidade>
    <uf>AL</uf>
    <estado>Alagoas</estado>
    <região/>
    <ibge>2704302</ibge>
    <gia/>
    <ddd>82</ddd>
    <siafi>2785</siafi>
  </cep>
  <cep>
    <cep>57060-084</cep>
    <logradouro>2ª Travessa da Floresta</logradouro>
    <complemento/>
    <unidade/>
    <bairro>Tabuleiro do Martins</bairro>
    <localidade>Maceió</localidade>
    <uf>AL</uf>
    <estado>Alagoas</estado>
    <região/>
    <ibge>2704302</ibge>
    <gia/>
    <ddd>82</ddd>
    <siafi>2785</siafi>
  </cep>
  <cep>
    <cep>57060-082</cep>
    <logradouro>Travessa da Floresta</logradouro>
    <complemento/>
    <unidade/>
    <bairro>Tabuleiro do Martins</bairro>
    <localidade>Maceió</localidade>
    <uf>AL</uf>
    <estado>Alagoas</estado>
    <região/>
    <ibge>2704302</ibge>
    <gia/>
    <ddd>82</ddd>
    <siafi>2785</siafi>
  </cep>
  <cep>
    <cep>57060-106</cep>
    <logradouro>2ª Travessa Gilberto Vieira Leite</logradouro>
    <complemento/>
    <unidade/>
    <bairro>Tabuleiro do Martins</bairro>
    <localidade>Maceió</localidade>
    <uf>AL</uf>
    <estado>Alagoas</estado>
    <região/>
    <ibge>2704302</ibge>
    <gia/>
    <ddd>82</ddd>
    <siafi>2785</siafi>
  </cep>
  <cep>
    <cep>57060-103</cep>
    <logradouro>1ª Travessa Gilberto Vieira Leite</logradouro>
    <complemento/>
    <unidade/>
    <bairro>Tabuleiro do Martins</bairro>
    <localidade>Maceió</localidade>
    <uf>AL</uf>
    <estado>Alagoas</estado>
    <região/>
    <ibge>2704302</ibge>
    <gia/>
    <ddd>82</ddd>
    <siafi>2785</siafi>
  </cep>
  <cep>
    <cep>57060-120</cep>
    <logradouro>Rua José Luiz Rocha</logradouro>
    <complemento/>
    <unidade/>
    <bairro>Tabuleiro do Martins</bairro>
    <localidade>Maceió</localidade>
    <uf>AL</uf>
    <estado>Alagoas</estado>
    <região/>
    <ibge>2704302</ibge>
    <gia/>
    <ddd>82</ddd>
    <siafi>2785</siafi>
  </cep>
  <cep>
    <cep>57060-040</cep>
    <logradouro>Rua Botafogo</logradouro>
    <complemento/>
    <unidade/>
    <bairro>Tabuleiro do Martins</bairro>
    <localidade>Maceió</localidade>
    <uf>AL</uf>
    <estado>Alagoas</estado>
    <região/>
    <ibge>2704302</ibge>
    <gia/>
    <ddd>82</ddd>
    <siafi>2785</siafi>
  </cep>
  <cep>
    <cep>57060-135</cep>
    <logradouro>Rua Hugo Felipe</logradouro>
    <complemento/>
    <unidade/>
    <bairro>Tabuleiro do Martins</bairro>
    <localidade>Maceió</localidade>
    <uf>AL</uf>
    <estado>Alagoas</estado>
    <região/>
    <ibge>2704302</ibge>
    <gia/>
    <ddd>82</ddd>
    <siafi>2785</siafi>
  </cep>
  <cep>
    <cep>57060-137</cep>
    <logradouro>Vila Padre Cícero</logradouro>
    <complemento/>
    <unidade/>
    <bairro>Tabuleiro do Martins</bairro>
    <localidade>Maceió</localidade>
    <uf>AL</uf>
    <estado>Alagoas</estado>
    <região/>
    <ibge>2704302</ibge>
    <gia/>
    <ddd>82</ddd>
    <siafi>2785</siafi>
  </cep>
  <cep>
    <cep>57060-140</cep>
    <logradouro>Rua Lourival de Souza Barros</logradouro>
    <complemento/>
    <unidade/>
    <bairro>Tabuleiro do Martins</bairro>
    <localidade>Maceió</localidade>
    <uf>AL</uf>
    <estado>Alagoas</estado>
    <região/>
    <ibge>2704302</ibge>
    <gia/>
    <ddd>82</ddd>
    <siafi>2785</siafi>
  </cep>
  <cep>
    <cep>57057-972</cep>
    <logradouro>Rua Bernardo Lopes</logradouro>
    <complemento>33</complemento>
    <unidade>PCL Kanto Karimbos</unidade>
    <bairro>Pinheiro</bairro>
    <localidade>Maceió</localidade>
    <uf>AL</uf>
    <estado>Alagoas</estado>
    <região/>
    <ibge>2704302</ibge>
    <gia/>
    <ddd>82</ddd>
    <siafi>2785</siafi>
  </cep>
  <cep>
    <cep>57057-740</cep>
    <logradouro>Alameda Fernando Maia Gomes</logradouro>
    <complemento/>
    <unidade/>
    <bairro>Pinheiro</bairro>
    <localidade>Maceió</localidade>
    <uf>AL</uf>
    <estado>Alagoas</estado>
    <região/>
    <ibge>2704302</ibge>
    <gia/>
    <ddd>82</ddd>
    <siafi>2785</siafi>
  </cep>
  <cep>
    <cep>57060-150</cep>
    <logradouro>Rua Santa Luzia</logradouro>
    <complemento/>
    <unidade/>
    <bairro>Tabuleiro do Martins</bairro>
    <localidade>Maceió</localidade>
    <uf>AL</uf>
    <estado>Alagoas</estado>
    <região/>
    <ibge>2704302</ibge>
    <gia/>
    <ddd>82</ddd>
    <siafi>2785</siafi>
  </cep>
  <cep>
    <cep>57060-138</cep>
    <logradouro>3ª Travessa São Bento</logradouro>
    <complemento/>
    <unidade/>
    <bairro>Tabuleiro do Martins</bairro>
    <localidade>Maceió</localidade>
    <uf>AL</uf>
    <estado>Alagoas</estado>
    <região/>
    <ibge>2704302</ibge>
    <gia/>
    <ddd>82</ddd>
    <siafi>2785</siafi>
  </cep>
  <cep>
    <cep>57060-132</cep>
    <logradouro>Rua Morada dos Servos</logradouro>
    <complemento/>
    <unidade/>
    <bairro>Tabuleiro do Martins</bairro>
    <localidade>Maceió</localidade>
    <uf>AL</uf>
    <estado>Alagoas</estado>
    <região/>
    <ibge>2704302</ibge>
    <gia/>
    <ddd>82</ddd>
    <siafi>2785</siafi>
  </cep>
  <cep>
    <cep>57060-108</cep>
    <logradouro>3ª Travessa Gilberto Vieira Leite</logradouro>
    <complemento/>
    <unidade/>
    <bairro>Tabuleiro do Martins</bairro>
    <localidade>Maceió</localidade>
    <uf>AL</uf>
    <estado>Alagoas</estado>
    <região/>
    <ibge>2704302</ibge>
    <gia/>
    <ddd>82</ddd>
    <siafi>2785</siafi>
  </cep>
  <cep>
    <cep>57060-100</cep>
    <logradouro>Rua Gilberto Vieira Leite</logradouro>
    <complemento/>
    <unidade/>
    <bairro>Tabuleiro do Martins</bairro>
    <localidade>Maceió</localidade>
    <uf>AL</uf>
    <estado>Alagoas</estado>
    <região/>
    <ibge>2704302</ibge>
    <gia/>
    <ddd>82</ddd>
    <siafi>2785</siafi>
  </cep>
  <cep>
    <cep>57060-152</cep>
    <logradouro>Travessa Vila Rica A</logradouro>
    <complemento/>
    <unidade/>
    <bairro>Tabuleiro do Martins</bairro>
    <localidade>Maceió</localidade>
    <uf>AL</uf>
    <estado>Alagoas</estado>
    <região/>
    <ibge>2704302</ibge>
    <gia/>
    <ddd>82</ddd>
    <siafi>2785</siafi>
  </cep>
  <cep>
    <cep>57060-050</cep>
    <logradouro>Rua Dona Donattila Ayres Moura</logradouro>
    <complemento/>
    <unidade/>
    <bairro>Tabuleiro do Martins</bairro>
    <localidade>Maceió</localidade>
    <uf>AL</uf>
    <estado>Alagoas</estado>
    <região/>
    <ibge>2704302</ibge>
    <gia/>
    <ddd>82</ddd>
    <siafi>2785</siafi>
  </cep>
  <cep>
    <cep>57060-020</cep>
    <logradouro>Rua Antônio Monteiro de Carvalho</logradouro>
    <complemento/>
    <unidade/>
    <bairro>Tabuleiro do Martins</bairro>
    <localidade>Maceió</localidade>
    <uf>AL</uf>
    <estado>Alagoas</estado>
    <região/>
    <ibge>2704302</ibge>
    <gia/>
    <ddd>82</ddd>
    <siafi>2785</siafi>
  </cep>
  <cep>
    <cep>57060-130</cep>
    <logradouro>Rua Leão</logradouro>
    <complemento/>
    <unidade/>
    <bairro>Tabuleiro do Martins</bairro>
    <localidade>Maceió</localidade>
    <uf>AL</uf>
    <estado>Alagoas</estado>
    <região/>
    <ibge>2704302</ibge>
    <gia/>
    <ddd>82</ddd>
    <siafi>2785</siafi>
  </cep>
  <cep>
    <cep>57060-154</cep>
    <logradouro>2ª Rua São José</logradouro>
    <complemento/>
    <unidade/>
    <bairro>Tabuleiro do Martins</bairro>
    <localidade>Maceió</localidade>
    <uf>AL</uf>
    <estado>Alagoas</estado>
    <região/>
    <ibge>2704302</ibge>
    <gia/>
    <ddd>82</ddd>
    <siafi>2785</siafi>
  </cep>
  <cep>
    <cep>57060-160</cep>
    <logradouro>Rua Doutor José Affonso de Farias Mello Neto</logradouro>
    <complemento/>
    <unidade/>
    <bairro>Tabuleiro do Martins</bairro>
    <localidade>Maceió</localidade>
    <uf>AL</uf>
    <estado>Alagoas</estado>
    <região/>
    <ibge>2704302</ibge>
    <gia/>
    <ddd>82</ddd>
    <siafi>2785</siafi>
  </cep>
  <cep>
    <cep>57060-162</cep>
    <logradouro>Rua Nova Brasília B</logradouro>
    <complemento/>
    <unidade/>
    <bairro>Tabuleiro do Martins</bairro>
    <localidade>Maceió</localidade>
    <uf>AL</uf>
    <estado>Alagoas</estado>
    <região/>
    <ibge>2704302</ibge>
    <gia/>
    <ddd>82</ddd>
    <siafi>2785</siafi>
  </cep>
  <cep>
    <cep>57060-164</cep>
    <logradouro>Rua Nova Brasília D</logradouro>
    <complemento/>
    <unidade/>
    <bairro>Tabuleiro do Martins</bairro>
    <localidade>Maceió</localidade>
    <uf>AL</uf>
    <estado>Alagoas</estado>
    <região/>
    <ibge>2704302</ibge>
    <gia/>
    <ddd>82</ddd>
    <siafi>2785</siafi>
  </cep>
  <cep>
    <cep>57060-165</cep>
    <logradouro>Travessa Brasília E</logradouro>
    <complemento/>
    <unidade/>
    <bairro>Tabuleiro do Martins</bairro>
    <localidade>Maceió</localidade>
    <uf>AL</uf>
    <estado>Alagoas</estado>
    <região/>
    <ibge>2704302</ibge>
    <gia/>
    <ddd>82</ddd>
    <siafi>2785</siafi>
  </cep>
  <cep>
    <cep>57060-190</cep>
    <logradouro>Rua São Geraldo</logradouro>
    <complemento/>
    <unidade/>
    <bairro>Tabuleiro do Martins</bairro>
    <localidade>Maceió</localidade>
    <uf>AL</uf>
    <estado>Alagoas</estado>
    <região/>
    <ibge>2704302</ibge>
    <gia/>
    <ddd>82</ddd>
    <siafi>2785</siafi>
  </cep>
  <cep>
    <cep>57060-180</cep>
    <logradouro>Rua Santa Clara</logradouro>
    <complemento/>
    <unidade/>
    <bairro>Tabuleiro do Martins</bairro>
    <localidade>Maceió</localidade>
    <uf>AL</uf>
    <estado>Alagoas</estado>
    <região/>
    <ibge>2704302</ibge>
    <gia/>
    <ddd>82</ddd>
    <siafi>2785</siafi>
  </cep>
  <cep>
    <cep>57060-168</cep>
    <logradouro>Travessa Vila Rica B</logradouro>
    <complemento/>
    <unidade/>
    <bairro>Tabuleiro do Martins</bairro>
    <localidade>Maceió</localidade>
    <uf>AL</uf>
    <estado>Alagoas</estado>
    <região/>
    <ibge>2704302</ibge>
    <gia/>
    <ddd>82</ddd>
    <siafi>2785</siafi>
  </cep>
  <cep>
    <cep>57060-170</cep>
    <logradouro>Rua da Nascente</logradouro>
    <complemento/>
    <unidade/>
    <bairro>Tabuleiro do Martins</bairro>
    <localidade>Maceió</localidade>
    <uf>AL</uf>
    <estado>Alagoas</estado>
    <região/>
    <ibge>2704302</ibge>
    <gia/>
    <ddd>82</ddd>
    <siafi>2785</siafi>
  </cep>
  <cep>
    <cep>57060-188</cep>
    <logradouro>Quadra 2</logradouro>
    <complemento>(Lot Campo Cerâmica)</complemento>
    <unidade/>
    <bairro>Tabuleiro do Martins</bairro>
    <localidade>Maceió</localidade>
    <uf>AL</uf>
    <estado>Alagoas</estado>
    <região/>
    <ibge>2704302</ibge>
    <gia/>
    <ddd>82</ddd>
    <siafi>2785</siafi>
  </cep>
  <cep>
    <cep>57060-220</cep>
    <logradouro>Rua Vila Rica</logradouro>
    <complemento/>
    <unidade/>
    <bairro>Tabuleiro do Martins</bairro>
    <localidade>Maceió</localidade>
    <uf>AL</uf>
    <estado>Alagoas</estado>
    <região/>
    <ibge>2704302</ibge>
    <gia/>
    <ddd>82</ddd>
    <siafi>2785</siafi>
  </cep>
  <cep>
    <cep>57060-182</cep>
    <logradouro>2ª Travessa Rio da Silva</logradouro>
    <complemento/>
    <unidade/>
    <bairro>Tabuleiro do Martins</bairro>
    <localidade>Maceió</localidade>
    <uf>AL</uf>
    <estado>Alagoas</estado>
    <região/>
    <ibge>2704302</ibge>
    <gia/>
    <ddd>82</ddd>
    <siafi>2785</siafi>
  </cep>
  <cep>
    <cep>57060-175</cep>
    <logradouro>Travessa Rio da Silva</logradouro>
    <complemento/>
    <unidade/>
    <bairro>Tabuleiro do Martins</bairro>
    <localidade>Maceió</localidade>
    <uf>AL</uf>
    <estado>Alagoas</estado>
    <região/>
    <ibge>2704302</ibge>
    <gia/>
    <ddd>82</ddd>
    <siafi>2785</siafi>
  </cep>
  <cep>
    <cep>57060-192</cep>
    <logradouro>Travessa São Geraldo</logradouro>
    <complemento/>
    <unidade/>
    <bairro>Tabuleiro do Martins</bairro>
    <localidade>Maceió</localidade>
    <uf>AL</uf>
    <estado>Alagoas</estado>
    <região/>
    <ibge>2704302</ibge>
    <gia/>
    <ddd>82</ddd>
    <siafi>2785</siafi>
  </cep>
  <cep>
    <cep>57060-200</cep>
    <logradouro>Rua São João</logradouro>
    <complemento>(Lot São Geraldo)</complemento>
    <unidade/>
    <bairro>Tabuleiro do Martins</bairro>
    <localidade>Maceió</localidade>
    <uf>AL</uf>
    <estado>Alagoas</estado>
    <região/>
    <ibge>2704302</ibge>
    <gia/>
    <ddd>82</ddd>
    <siafi>2785</siafi>
  </cep>
  <cep>
    <cep>57060-196</cep>
    <logradouro>Travessa José Henrique do Nascimento 2683</logradouro>
    <complemento>(Lot Campo Cerâmica Q5)</complemento>
    <unidade/>
    <bairro>Tabuleiro do Martins</bairro>
    <localidade>Maceió</localidade>
    <uf>AL</uf>
    <estado>Alagoas</estado>
    <região/>
    <ibge>2704302</ibge>
    <gia/>
    <ddd>82</ddd>
    <siafi>2785</siafi>
  </cep>
  <cep>
    <cep>57060-184</cep>
    <logradouro>Travessa José Henrique do Nascimento 2718</logradouro>
    <complemento>(Lot Campo Cerâmica Q4)</complemento>
    <unidade/>
    <bairro>Tabuleiro do Martins</bairro>
    <localidade>Maceió</localidade>
    <uf>AL</uf>
    <estado>Alagoas</estado>
    <região/>
    <ibge>2704302</ibge>
    <gia/>
    <ddd>82</ddd>
    <siafi>2785</siafi>
  </cep>
  <cep>
    <cep>57060-186</cep>
    <logradouro>Travessa José Henrique do Nascimento 2719</logradouro>
    <complemento>(Lot Campo Cerâmica Q3)</complemento>
    <unidade/>
    <bairro>Tabuleiro do Martins</bairro>
    <localidade>Maceió</localidade>
    <uf>AL</uf>
    <estado>Alagoas</estado>
    <região/>
    <ibge>2704302</ibge>
    <gia/>
    <ddd>82</ddd>
    <siafi>2785</siafi>
  </cep>
  <cep>
    <cep>57060-194</cep>
    <logradouro>Quadra 1</logradouro>
    <complemento>(Lot Campo Cerâmica)</complemento>
    <unidade/>
    <bairro>Tabuleiro do Martins</bairro>
    <localidade>Maceió</localidade>
    <uf>AL</uf>
    <estado>Alagoas</estado>
    <região/>
    <ibge>2704302</ibge>
    <gia/>
    <ddd>82</ddd>
    <siafi>2785</siafi>
  </cep>
  <cep>
    <cep>57060-166</cep>
    <logradouro>Travessa Brasília</logradouro>
    <complemento/>
    <unidade/>
    <bairro>Tabuleiro do Martins</bairro>
    <localidade>Maceió</localidade>
    <uf>AL</uf>
    <estado>Alagoas</estado>
    <região/>
    <ibge>2704302</ibge>
    <gia/>
    <ddd>82</ddd>
    <siafi>2785</siafi>
  </cep>
  <cep>
    <cep>57060-178</cep>
    <logradouro>1ª Travessa da Nascença</logradouro>
    <complemento/>
    <unidade/>
    <bairro>Tabuleiro do Martins</bairro>
    <localidade>Maceió</localidade>
    <uf>AL</uf>
    <estado>Alagoas</estado>
    <região/>
    <ibge>2704302</ibge>
    <gia/>
    <ddd>82</ddd>
    <siafi>2785</siafi>
  </cep>
  <cep>
    <cep>57060-230</cep>
    <logradouro>Rua Santa Amália</logradouro>
    <complemento/>
    <unidade/>
    <bairro>Tabuleiro do Martins</bairro>
    <localidade>Maceió</localidade>
    <uf>AL</uf>
    <estado>Alagoas</estado>
    <região/>
    <ibge>2704302</ibge>
    <gia/>
    <ddd>82</ddd>
    <siafi>2785</siafi>
  </cep>
  <cep>
    <cep>57060-260</cep>
    <logradouro>Rua São Luiz</logradouro>
    <complemento/>
    <unidade/>
    <bairro>Tabuleiro do Martins</bairro>
    <localidade>Maceió</localidade>
    <uf>AL</uf>
    <estado>Alagoas</estado>
    <região/>
    <ibge>2704302</ibge>
    <gia/>
    <ddd>82</ddd>
    <siafi>2785</siafi>
  </cep>
  <cep>
    <cep>57060-300</cep>
    <logradouro>Rua Oscar Carneiro Simões</logradouro>
    <complemento/>
    <unidade/>
    <bairro>Tabuleiro do Martins</bairro>
    <localidade>Maceió</localidade>
    <uf>AL</uf>
    <estado>Alagoas</estado>
    <região/>
    <ibge>2704302</ibge>
    <gia/>
    <ddd>82</ddd>
    <siafi>2785</siafi>
  </cep>
  <cep>
    <cep>57060-310</cep>
    <logradouro>Rua Doutor Paulo Izidoro da Rocha</logradouro>
    <complemento/>
    <unidade/>
    <bairro>Tabuleiro do Martins</bairro>
    <localidade>Maceió</localidade>
    <uf>AL</uf>
    <estado>Alagoas</estado>
    <região/>
    <ibge>2704302</ibge>
    <gia/>
    <ddd>82</ddd>
    <siafi>2785</siafi>
  </cep>
  <cep>
    <cep>57060-280</cep>
    <logradouro>Rua Dona Maria Adalgisa Bastos</logradouro>
    <complemento/>
    <unidade/>
    <bairro>Tabuleiro do Martins</bairro>
    <localidade>Maceió</localidade>
    <uf>AL</uf>
    <estado>Alagoas</estado>
    <região/>
    <ibge>2704302</ibge>
    <gia/>
    <ddd>82</ddd>
    <siafi>2785</siafi>
  </cep>
  <cep>
    <cep>57060-320</cep>
    <logradouro>Rua Dona Cordélia Viana</logradouro>
    <complemento/>
    <unidade/>
    <bairro>Tabuleiro do Martins</bairro>
    <localidade>Maceió</localidade>
    <uf>AL</uf>
    <estado>Alagoas</estado>
    <região/>
    <ibge>2704302</ibge>
    <gia/>
    <ddd>82</ddd>
    <siafi>2785</siafi>
  </cep>
  <cep>
    <cep>57060-340</cep>
    <logradouro>Rua Santo Antônio</logradouro>
    <complemento/>
    <unidade/>
    <bairro>Tabuleiro do Martins</bairro>
    <localidade>Maceió</localidade>
    <uf>AL</uf>
    <estado>Alagoas</estado>
    <região/>
    <ibge>2704302</ibge>
    <gia/>
    <ddd>82</ddd>
    <siafi>2785</siafi>
  </cep>
  <cep>
    <cep>57060-350</cep>
    <logradouro>Travessa Santo Antônio</logradouro>
    <complemento/>
    <unidade/>
    <bairro>Tabuleiro do Martins</bairro>
    <localidade>Maceió</localidade>
    <uf>AL</uf>
    <estado>Alagoas</estado>
    <região/>
    <ibge>2704302</ibge>
    <gia/>
    <ddd>82</ddd>
    <siafi>2785</siafi>
  </cep>
  <cep>
    <cep>57060-360</cep>
    <logradouro>Travessa São José</logradouro>
    <complemento/>
    <unidade/>
    <bairro>Tabuleiro do Martins</bairro>
    <localidade>Maceió</localidade>
    <uf>AL</uf>
    <estado>Alagoas</estado>
    <região/>
    <ibge>2704302</ibge>
    <gia/>
    <ddd>82</ddd>
    <siafi>2785</siafi>
  </cep>
  <cep>
    <cep>57060-352</cep>
    <logradouro>2ª Travessa Santo Antonio</logradouro>
    <complemento/>
    <unidade/>
    <bairro>Tabuleiro do Martins</bairro>
    <localidade>Maceió</localidade>
    <uf>AL</uf>
    <estado>Alagoas</estado>
    <região/>
    <ibge>2704302</ibge>
    <gia/>
    <ddd>82</ddd>
    <siafi>2785</siafi>
  </cep>
  <cep>
    <cep>57060-364</cep>
    <logradouro>Travessa Boa Sorte</logradouro>
    <complemento/>
    <unidade/>
    <bairro>Tabuleiro do Martins</bairro>
    <localidade>Maceió</localidade>
    <uf>AL</uf>
    <estado>Alagoas</estado>
    <região/>
    <ibge>2704302</ibge>
    <gia/>
    <ddd>82</ddd>
    <siafi>2785</siafi>
  </cep>
  <cep>
    <cep>57060-362</cep>
    <logradouro>Rua São José</logradouro>
    <complemento>(Lot São Geraldo)</complemento>
    <unidade/>
    <bairro>Tabuleiro do Martins</bairro>
    <localidade>Maceió</localidade>
    <uf>AL</uf>
    <estado>Alagoas</estado>
    <região/>
    <ibge>2704302</ibge>
    <gia/>
    <ddd>82</ddd>
    <siafi>2785</siafi>
  </cep>
  <cep>
    <cep>57060-370</cep>
    <logradouro>Rua Boa Sorte</logradouro>
    <complemento/>
    <unidade/>
    <bairro>Tabuleiro do Martins</bairro>
    <localidade>Maceió</localidade>
    <uf>AL</uf>
    <estado>Alagoas</estado>
    <região/>
    <ibge>2704302</ibge>
    <gia/>
    <ddd>82</ddd>
    <siafi>2785</siafi>
  </cep>
  <cep>
    <cep>57060-550</cep>
    <logradouro>Rua Oito de Abril</logradouro>
    <complemento/>
    <unidade/>
    <bairro>Tabuleiro do Martins</bairro>
    <localidade>Maceió</localidade>
    <uf>AL</uf>
    <estado>Alagoas</estado>
    <região/>
    <ibge>2704302</ibge>
    <gia/>
    <ddd>82</ddd>
    <siafi>2785</siafi>
  </cep>
  <cep>
    <cep>57060-540</cep>
    <logradouro>Rua Nova</logradouro>
    <complemento/>
    <unidade/>
    <bairro>Tabuleiro do Martins</bairro>
    <localidade>Maceió</localidade>
    <uf>AL</uf>
    <estado>Alagoas</estado>
    <região/>
    <ibge>2704302</ibge>
    <gia/>
    <ddd>82</ddd>
    <siafi>2785</siafi>
  </cep>
  <cep>
    <cep>57060-530</cep>
    <logradouro>Rua Morada Nova</logradouro>
    <complemento/>
    <unidade/>
    <bairro>Tabuleiro do Martins</bairro>
    <localidade>Maceió</localidade>
    <uf>AL</uf>
    <estado>Alagoas</estado>
    <região/>
    <ibge>2704302</ibge>
    <gia/>
    <ddd>82</ddd>
    <siafi>2785</siafi>
  </cep>
  <cep>
    <cep>57060-560</cep>
    <logradouro>Rua da Paz</logradouro>
    <complemento/>
    <unidade/>
    <bairro>Tabuleiro do Martins</bairro>
    <localidade>Maceió</localidade>
    <uf>AL</uf>
    <estado>Alagoas</estado>
    <região/>
    <ibge>2704302</ibge>
    <gia/>
    <ddd>82</ddd>
    <siafi>2785</siafi>
  </cep>
  <cep>
    <cep>57060-565</cep>
    <logradouro>Travessa da Paz</logradouro>
    <complemento/>
    <unidade/>
    <bairro>Tabuleiro do Martins</bairro>
    <localidade>Maceió</localidade>
    <uf>AL</uf>
    <estado>Alagoas</estado>
    <região/>
    <ibge>2704302</ibge>
    <gia/>
    <ddd>82</ddd>
    <siafi>2785</siafi>
  </cep>
  <cep>
    <cep>57060-600</cep>
    <logradouro>Rua Santa Catarina</logradouro>
    <complemento/>
    <unidade/>
    <bairro>Tabuleiro do Martins</bairro>
    <localidade>Maceió</localidade>
    <uf>AL</uf>
    <estado>Alagoas</estado>
    <região/>
    <ibge>2704302</ibge>
    <gia/>
    <ddd>82</ddd>
    <siafi>2785</siafi>
  </cep>
  <cep>
    <cep>57060-610</cep>
    <logradouro>Rua São Bento</logradouro>
    <complemento/>
    <unidade/>
    <bairro>Tabuleiro do Martins</bairro>
    <localidade>Maceió</localidade>
    <uf>AL</uf>
    <estado>Alagoas</estado>
    <região/>
    <ibge>2704302</ibge>
    <gia/>
    <ddd>82</ddd>
    <siafi>2785</siafi>
  </cep>
  <cep>
    <cep>57060-680</cep>
    <logradouro>Rua Ronaldo Barbosa</logradouro>
    <complemento/>
    <unidade/>
    <bairro>Tabuleiro do Martins</bairro>
    <localidade>Maceió</localidade>
    <uf>AL</uf>
    <estado>Alagoas</estado>
    <região/>
    <ibge>2704302</ibge>
    <gia/>
    <ddd>82</ddd>
    <siafi>2785</siafi>
  </cep>
  <cep>
    <cep>57060-612</cep>
    <logradouro>1ª Travessa São Bento</logradouro>
    <complemento/>
    <unidade/>
    <bairro>Tabuleiro do Martins</bairro>
    <localidade>Maceió</localidade>
    <uf>AL</uf>
    <estado>Alagoas</estado>
    <região/>
    <ibge>2704302</ibge>
    <gia/>
    <ddd>82</ddd>
    <siafi>2785</siafi>
  </cep>
  <cep>
    <cep>57060-630</cep>
    <logradouro>Rua do Capim</logradouro>
    <complemento/>
    <unidade/>
    <bairro>Tabuleiro do Martins</bairro>
    <localidade>Maceió</localidade>
    <uf>AL</uf>
    <estado>Alagoas</estado>
    <região/>
    <ibge>2704302</ibge>
    <gia/>
    <ddd>82</ddd>
    <siafi>2785</siafi>
  </cep>
  <cep>
    <cep>57060-390</cep>
    <logradouro>Rua do Dendê</logradouro>
    <complemento/>
    <unidade/>
    <bairro>Tabuleiro do Martins</bairro>
    <localidade>Maceió</localidade>
    <uf>AL</uf>
    <estado>Alagoas</estado>
    <região/>
    <ibge>2704302</ibge>
    <gia/>
    <ddd>82</ddd>
    <siafi>2785</siafi>
  </cep>
  <cep>
    <cep>57060-685</cep>
    <logradouro>Rua Edeildo da Silva Filho</logradouro>
    <complemento/>
    <unidade/>
    <bairro>Tabuleiro do Martins</bairro>
    <localidade>Maceió</localidade>
    <uf>AL</uf>
    <estado>Alagoas</estado>
    <região/>
    <ibge>2704302</ibge>
    <gia/>
    <ddd>82</ddd>
    <siafi>2785</siafi>
  </cep>
  <cep>
    <cep>57060-570</cep>
    <logradouro>Avenida Walfrido Gerônimo da Rocha</logradouro>
    <complemento>lado ímpar</complemento>
    <unidade/>
    <bairro>Tabuleiro do Martins</bairro>
    <localidade>Maceió</localidade>
    <uf>AL</uf>
    <estado>Alagoas</estado>
    <região/>
    <ibge>2704302</ibge>
    <gia/>
    <ddd>82</ddd>
    <siafi>2785</siafi>
  </cep>
  <cep>
    <cep>57060-614</cep>
    <logradouro>2ª Travessa São Bento</logradouro>
    <complemento/>
    <unidade/>
    <bairro>Tabuleiro do Martins</bairro>
    <localidade>Maceió</localidade>
    <uf>AL</uf>
    <estado>Alagoas</estado>
    <região/>
    <ibge>2704302</ibge>
    <gia/>
    <ddd>82</ddd>
    <siafi>2785</siafi>
  </cep>
  <cep>
    <cep>57060-605</cep>
    <logradouro>Travessa Santa Catarina</logradouro>
    <complemento/>
    <unidade/>
    <bairro>Tabuleiro do Martins</bairro>
    <localidade>Maceió</localidade>
    <uf>AL</uf>
    <estado>Alagoas</estado>
    <região/>
    <ibge>2704302</ibge>
    <gia/>
    <ddd>82</ddd>
    <siafi>2785</siafi>
  </cep>
  <cep>
    <cep>57060-690</cep>
    <logradouro>Rua Marcino Costa</logradouro>
    <complemento/>
    <unidade/>
    <bairro>Tabuleiro do Martins</bairro>
    <localidade>Maceió</localidade>
    <uf>AL</uf>
    <estado>Alagoas</estado>
    <região/>
    <ibge>2704302</ibge>
    <gia/>
    <ddd>82</ddd>
    <siafi>2785</siafi>
  </cep>
  <cep>
    <cep>57060-700</cep>
    <logradouro>Rua Monitor Antônio Santana</logradouro>
    <complemento/>
    <unidade/>
    <bairro>Tabuleiro do Martins</bairro>
    <localidade>Maceió</localidade>
    <uf>AL</uf>
    <estado>Alagoas</estado>
    <região/>
    <ibge>2704302</ibge>
    <gia/>
    <ddd>82</ddd>
    <siafi>2785</siafi>
  </cep>
  <cep>
    <cep>57060-720</cep>
    <logradouro>Rua José Henrique do Nascimento</logradouro>
    <complemento/>
    <unidade/>
    <bairro>Tabuleiro do Martins</bairro>
    <localidade>Maceió</localidade>
    <uf>AL</uf>
    <estado>Alagoas</estado>
    <região/>
    <ibge>2704302</ibge>
    <gia/>
    <ddd>82</ddd>
    <siafi>2785</siafi>
  </cep>
  <cep>
    <cep>57060-733</cep>
    <logradouro>3ª Rua Santo Antônio</logradouro>
    <complemento>(Lot São Geraldo)</complemento>
    <unidade/>
    <bairro>Tabuleiro do Martins</bairro>
    <localidade>Maceió</localidade>
    <uf>AL</uf>
    <estado>Alagoas</estado>
    <região/>
    <ibge>2704302</ibge>
    <gia/>
    <ddd>82</ddd>
    <siafi>2785</siafi>
  </cep>
  <cep>
    <cep>57060-734</cep>
    <logradouro>Rua Lourenço Peixoto</logradouro>
    <complemento/>
    <unidade/>
    <bairro>Tabuleiro do Martins</bairro>
    <localidade>Maceió</localidade>
    <uf>AL</uf>
    <estado>Alagoas</estado>
    <região/>
    <ibge>2704302</ibge>
    <gia/>
    <ddd>82</ddd>
    <siafi>2785</siafi>
  </cep>
  <cep>
    <cep>57060-735</cep>
    <logradouro>Rua Gedeão Francisco</logradouro>
    <complemento/>
    <unidade/>
    <bairro>Tabuleiro do Martins</bairro>
    <localidade>Maceió</localidade>
    <uf>AL</uf>
    <estado>Alagoas</estado>
    <região/>
    <ibge>2704302</ibge>
    <gia/>
    <ddd>82</ddd>
    <siafi>2785</siafi>
  </cep>
  <cep>
    <cep>57060-736</cep>
    <logradouro>Rua União</logradouro>
    <complemento/>
    <unidade/>
    <bairro>Tabuleiro do Martins</bairro>
    <localidade>Maceió</localidade>
    <uf>AL</uf>
    <estado>Alagoas</estado>
    <região/>
    <ibge>2704302</ibge>
    <gia/>
    <ddd>82</ddd>
    <siafi>2785</siafi>
  </cep>
  <cep>
    <cep>57060-800</cep>
    <logradouro>Rua São Geraldo</logradouro>
    <complemento>(Lot São Geraldo)</complemento>
    <unidade/>
    <bairro>Tabuleiro do Martins</bairro>
    <localidade>Maceió</localidade>
    <uf>AL</uf>
    <estado>Alagoas</estado>
    <região/>
    <ibge>2704302</ibge>
    <gia/>
    <ddd>82</ddd>
    <siafi>2785</siafi>
  </cep>
  <cep>
    <cep>57060-750</cep>
    <logradouro>Rua Euclides Pinaud</logradouro>
    <complemento/>
    <unidade/>
    <bairro>Tabuleiro do Martins</bairro>
    <localidade>Maceió</localidade>
    <uf>AL</uf>
    <estado>Alagoas</estado>
    <região/>
    <ibge>2704302</ibge>
    <gia/>
    <ddd>82</ddd>
    <siafi>2785</siafi>
  </cep>
  <cep>
    <cep>57060-760</cep>
    <logradouro>Travessa dos Maias</logradouro>
    <complemento/>
    <unidade/>
    <bairro>Tabuleiro do Martins</bairro>
    <localidade>Maceió</localidade>
    <uf>AL</uf>
    <estado>Alagoas</estado>
    <região/>
    <ibge>2704302</ibge>
    <gia/>
    <ddd>82</ddd>
    <siafi>2785</siafi>
  </cep>
  <cep>
    <cep>57060-820</cep>
    <logradouro>Rua Paulo Ribeiro dos Santos</logradouro>
    <complemento/>
    <unidade/>
    <bairro>Tabuleiro do Martins</bairro>
    <localidade>Maceió</localidade>
    <uf>AL</uf>
    <estado>Alagoas</estado>
    <região/>
    <ibge>2704302</ibge>
    <gia/>
    <ddd>82</ddd>
    <siafi>2785</siafi>
  </cep>
  <cep>
    <cep>57060-850</cep>
    <logradouro>Rua da Nascença</logradouro>
    <complemento/>
    <unidade/>
    <bairro>Tabuleiro do Martins</bairro>
    <localidade>Maceió</localidade>
    <uf>AL</uf>
    <estado>Alagoas</estado>
    <região/>
    <ibge>2704302</ibge>
    <gia/>
    <ddd>82</ddd>
    <siafi>2785</siafi>
  </cep>
  <cep>
    <cep>57060-860</cep>
    <logradouro>Rua Nova Nascente</logradouro>
    <complemento/>
    <unidade/>
    <bairro>Tabuleiro do Martins</bairro>
    <localidade>Maceió</localidade>
    <uf>AL</uf>
    <estado>Alagoas</estado>
    <região/>
    <ibge>2704302</ibge>
    <gia/>
    <ddd>82</ddd>
    <siafi>2785</siafi>
  </cep>
  <cep>
    <cep>57061-040</cep>
    <logradouro>Rua do Cravo</logradouro>
    <complemento/>
    <unidade/>
    <bairro>Tabuleiro do Martins</bairro>
    <localidade>Maceió</localidade>
    <uf>AL</uf>
    <estado>Alagoas</estado>
    <região/>
    <ibge>2704302</ibge>
    <gia/>
    <ddd>82</ddd>
    <siafi>2785</siafi>
  </cep>
  <cep>
    <cep>57061-010</cep>
    <logradouro>Praça Antônio Calheiros de Melo</logradouro>
    <complemento/>
    <unidade/>
    <bairro>Tabuleiro do Martins</bairro>
    <localidade>Maceió</localidade>
    <uf>AL</uf>
    <estado>Alagoas</estado>
    <região/>
    <ibge>2704302</ibge>
    <gia/>
    <ddd>82</ddd>
    <siafi>2785</siafi>
  </cep>
  <cep>
    <cep>57061-060</cep>
    <logradouro>Rua José Gonzaga de Almeida</logradouro>
    <complemento/>
    <unidade/>
    <bairro>Tabuleiro do Martins</bairro>
    <localidade>Maceió</localidade>
    <uf>AL</uf>
    <estado>Alagoas</estado>
    <região/>
    <ibge>2704302</ibge>
    <gia/>
    <ddd>82</ddd>
    <siafi>2785</siafi>
  </cep>
  <cep>
    <cep>57061-100</cep>
    <logradouro>Rua José Lôbo de Medeiros</logradouro>
    <complemento/>
    <unidade/>
    <bairro>Tabuleiro do Martins</bairro>
    <localidade>Maceió</localidade>
    <uf>AL</uf>
    <estado>Alagoas</estado>
    <região/>
    <ibge>2704302</ibge>
    <gia/>
    <ddd>82</ddd>
    <siafi>2785</siafi>
  </cep>
  <cep>
    <cep>57061-102</cep>
    <logradouro>2ª Rua José Lôbo de Medeiros</logradouro>
    <complemento/>
    <unidade/>
    <bairro>Tabuleiro do Martins</bairro>
    <localidade>Maceió</localidade>
    <uf>AL</uf>
    <estado>Alagoas</estado>
    <região/>
    <ibge>2704302</ibge>
    <gia/>
    <ddd>82</ddd>
    <siafi>2785</siafi>
  </cep>
  <cep>
    <cep>57061-110</cep>
    <logradouro>Avenida Maceió</logradouro>
    <complemento/>
    <unidade/>
    <bairro>Tabuleiro do Martins</bairro>
    <localidade>Maceió</localidade>
    <uf>AL</uf>
    <estado>Alagoas</estado>
    <região/>
    <ibge>2704302</ibge>
    <gia/>
    <ddd>82</ddd>
    <siafi>2785</siafi>
  </cep>
  <cep>
    <cep>57061-030</cep>
    <logradouro>Rua Israel</logradouro>
    <complemento/>
    <unidade/>
    <bairro>Tabuleiro do Martins</bairro>
    <localidade>Maceió</localidade>
    <uf>AL</uf>
    <estado>Alagoas</estado>
    <região/>
    <ibge>2704302</ibge>
    <gia/>
    <ddd>82</ddd>
    <siafi>2785</siafi>
  </cep>
  <cep>
    <cep>57061-115</cep>
    <logradouro>2ª Rua São João</logradouro>
    <complemento/>
    <unidade/>
    <bairro>Tabuleiro do Martins</bairro>
    <localidade>Maceió</localidade>
    <uf>AL</uf>
    <estado>Alagoas</estado>
    <região/>
    <ibge>2704302</ibge>
    <gia/>
    <ddd>82</ddd>
    <siafi>2785</siafi>
  </cep>
  <cep>
    <cep>57061-122</cep>
    <logradouro>Rua Juazeiro</logradouro>
    <complemento/>
    <unidade/>
    <bairro>Tabuleiro do Martins</bairro>
    <localidade>Maceió</localidade>
    <uf>AL</uf>
    <estado>Alagoas</estado>
    <região/>
    <ibge>2704302</ibge>
    <gia/>
    <ddd>82</ddd>
    <siafi>2785</siafi>
  </cep>
  <cep>
    <cep>57061-020</cep>
    <logradouro>Rua Caio Porto</logradouro>
    <complemento/>
    <unidade/>
    <bairro>Tabuleiro do Martins</bairro>
    <localidade>Maceió</localidade>
    <uf>AL</uf>
    <estado>Alagoas</estado>
    <região/>
    <ibge>2704302</ibge>
    <gia/>
    <ddd>82</ddd>
    <siafi>2785</siafi>
  </cep>
  <cep>
    <cep>57061-050</cep>
    <logradouro>Rua Doutor Eurico Ayres</logradouro>
    <complemento/>
    <unidade/>
    <bairro>Tabuleiro do Martins</bairro>
    <localidade>Maceió</localidade>
    <uf>AL</uf>
    <estado>Alagoas</estado>
    <região/>
    <ibge>2704302</ibge>
    <gia/>
    <ddd>82</ddd>
    <siafi>2785</siafi>
  </cep>
  <cep>
    <cep>57060-870</cep>
    <logradouro>Rua Carteiro Washington Luiz</logradouro>
    <complemento/>
    <unidade/>
    <bairro>Tabuleiro do Martins</bairro>
    <localidade>Maceió</localidade>
    <uf>AL</uf>
    <estado>Alagoas</estado>
    <região/>
    <ibge>2704302</ibge>
    <gia/>
    <ddd>82</ddd>
    <siafi>2785</siafi>
  </cep>
  <cep>
    <cep>57061-160</cep>
    <logradouro>Rua Armando de Araújo Vasconcelos</logradouro>
    <complemento/>
    <unidade/>
    <bairro>Tabuleiro do Martins</bairro>
    <localidade>Maceió</localidade>
    <uf>AL</uf>
    <estado>Alagoas</estado>
    <região/>
    <ibge>2704302</ibge>
    <gia/>
    <ddd>82</ddd>
    <siafi>2785</siafi>
  </cep>
  <cep>
    <cep>57061-130</cep>
    <logradouro>Rua João Lisboa Calheiros</logradouro>
    <complemento/>
    <unidade/>
    <bairro>Tabuleiro do Martins</bairro>
    <localidade>Maceió</localidade>
    <uf>AL</uf>
    <estado>Alagoas</estado>
    <região/>
    <ibge>2704302</ibge>
    <gia/>
    <ddd>82</ddd>
    <siafi>2785</siafi>
  </cep>
  <cep>
    <cep>57061-000</cep>
    <logradouro>Avenida Doutor Durval de Góis Monteiro</logradouro>
    <complemento>lado ímpar</complemento>
    <unidade/>
    <bairro>Tabuleiro do Martins</bairro>
    <localidade>Maceió</localidade>
    <uf>AL</uf>
    <estado>Alagoas</estado>
    <região/>
    <ibge>2704302</ibge>
    <gia/>
    <ddd>82</ddd>
    <siafi>2785</siafi>
  </cep>
  <cep>
    <cep>57061-090</cep>
    <logradouro>Travessa Doutor José Carnaúba</logradouro>
    <complemento/>
    <unidade/>
    <bairro>Tabuleiro do Martins</bairro>
    <localidade>Maceió</localidade>
    <uf>AL</uf>
    <estado>Alagoas</estado>
    <região/>
    <ibge>2704302</ibge>
    <gia/>
    <ddd>82</ddd>
    <siafi>2785</siafi>
  </cep>
  <cep>
    <cep>57061-140</cep>
    <logradouro>Rua Sete de Setembro</logradouro>
    <complemento/>
    <unidade/>
    <bairro>Tabuleiro do Martins</bairro>
    <localidade>Maceió</localidade>
    <uf>AL</uf>
    <estado>Alagoas</estado>
    <região/>
    <ibge>2704302</ibge>
    <gia/>
    <ddd>82</ddd>
    <siafi>2785</siafi>
  </cep>
  <cep>
    <cep>57061-120</cep>
    <logradouro>Rua do Quadro</logradouro>
    <complemento/>
    <unidade/>
    <bairro>Tabuleiro do Martins</bairro>
    <localidade>Maceió</localidade>
    <uf>AL</uf>
    <estado>Alagoas</estado>
    <região/>
    <ibge>2704302</ibge>
    <gia/>
    <ddd>82</ddd>
    <siafi>2785</siafi>
  </cep>
  <cep>
    <cep>57057-550</cep>
    <logradouro>Alameda Doutor Moacyr Tavares Lopes</logradouro>
    <complemento/>
    <unidade/>
    <bairro>Pinheiro</bairro>
    <localidade>Maceió</localidade>
    <uf>AL</uf>
    <estado>Alagoas</estado>
    <região/>
    <ibge>2704302</ibge>
    <gia/>
    <ddd>82</ddd>
    <siafi>2785</siafi>
  </cep>
  <cep>
    <cep>57061-180</cep>
    <logradouro>Rua Coronel Floriano Pimentel</logradouro>
    <complemento/>
    <unidade/>
    <bairro>Tabuleiro do Martins</bairro>
    <localidade>Maceió</localidade>
    <uf>AL</uf>
    <estado>Alagoas</estado>
    <região/>
    <ibge>2704302</ibge>
    <gia/>
    <ddd>82</ddd>
    <siafi>2785</siafi>
  </cep>
  <cep>
    <cep>57061-190</cep>
    <logradouro>Rua Deputado Dalmário Souza</logradouro>
    <complemento/>
    <unidade/>
    <bairro>Tabuleiro do Martins</bairro>
    <localidade>Maceió</localidade>
    <uf>AL</uf>
    <estado>Alagoas</estado>
    <região/>
    <ibge>2704302</ibge>
    <gia/>
    <ddd>82</ddd>
    <siafi>2785</siafi>
  </cep>
  <cep>
    <cep>57061-170</cep>
    <logradouro>Rua Bancário Antenor Bittencourt</logradouro>
    <complemento/>
    <unidade/>
    <bairro>Tabuleiro do Martins</bairro>
    <localidade>Maceió</localidade>
    <uf>AL</uf>
    <estado>Alagoas</estado>
    <região/>
    <ibge>2704302</ibge>
    <gia/>
    <ddd>82</ddd>
    <siafi>2785</siafi>
  </cep>
  <cep>
    <cep>57061-200</cep>
    <logradouro>Rua Desembargador Helvécio Souza</logradouro>
    <complemento/>
    <unidade/>
    <bairro>Tabuleiro do Martins</bairro>
    <localidade>Maceió</localidade>
    <uf>AL</uf>
    <estado>Alagoas</estado>
    <região/>
    <ibge>2704302</ibge>
    <gia/>
    <ddd>82</ddd>
    <siafi>2785</siafi>
  </cep>
  <cep>
    <cep>57061-220</cep>
    <logradouro>Rua Doutor Gabriel de Freitas Soares</logradouro>
    <complemento/>
    <unidade/>
    <bairro>Tabuleiro do Martins</bairro>
    <localidade>Maceió</localidade>
    <uf>AL</uf>
    <estado>Alagoas</estado>
    <região/>
    <ibge>2704302</ibge>
    <gia/>
    <ddd>82</ddd>
    <siafi>2785</siafi>
  </cep>
  <cep>
    <cep>57061-210</cep>
    <logradouro>Rua Dona Maria de Lourdes Brandão</logradouro>
    <complemento/>
    <unidade/>
    <bairro>Tabuleiro do Martins</bairro>
    <localidade>Maceió</localidade>
    <uf>AL</uf>
    <estado>Alagoas</estado>
    <região/>
    <ibge>2704302</ibge>
    <gia/>
    <ddd>82</ddd>
    <siafi>2785</siafi>
  </cep>
  <cep>
    <cep>57061-230</cep>
    <logradouro>Rua Desportista Wassil Vieira Barbosa</logradouro>
    <complemento/>
    <unidade/>
    <bairro>Tabuleiro do Martins</bairro>
    <localidade>Maceió</localidade>
    <uf>AL</uf>
    <estado>Alagoas</estado>
    <região/>
    <ibge>2704302</ibge>
    <gia/>
    <ddd>82</ddd>
    <siafi>2785</siafi>
  </cep>
  <cep>
    <cep>57061-280</cep>
    <logradouro>Rua Jornalista Juarez Carnaúba de Oliveira</logradouro>
    <complemento/>
    <unidade/>
    <bairro>Tabuleiro do Martins</bairro>
    <localidade>Maceió</localidade>
    <uf>AL</uf>
    <estado>Alagoas</estado>
    <região/>
    <ibge>2704302</ibge>
    <gia/>
    <ddd>82</ddd>
    <siafi>2785</siafi>
  </cep>
  <cep>
    <cep>57061-260</cep>
    <logradouro>Rua João Doca</logradouro>
    <complemento/>
    <unidade/>
    <bairro>Tabuleiro do Martins</bairro>
    <localidade>Maceió</localidade>
    <uf>AL</uf>
    <estado>Alagoas</estado>
    <região/>
    <ibge>2704302</ibge>
    <gia/>
    <ddd>82</ddd>
    <siafi>2785</siafi>
  </cep>
  <cep>
    <cep>57061-270</cep>
    <logradouro>Rua João Domingos</logradouro>
    <complemento/>
    <unidade/>
    <bairro>Tabuleiro do Martins</bairro>
    <localidade>Maceió</localidade>
    <uf>AL</uf>
    <estado>Alagoas</estado>
    <região/>
    <ibge>2704302</ibge>
    <gia/>
    <ddd>82</ddd>
    <siafi>2785</siafi>
  </cep>
  <cep>
    <cep>57061-290</cep>
    <logradouro>Conjunto Village do Planalto</logradouro>
    <complemento/>
    <unidade/>
    <bairro>Tabuleiro do Martins</bairro>
    <localidade>Maceió</localidade>
    <uf>AL</uf>
    <estado>Alagoas</estado>
    <região/>
    <ibge>2704302</ibge>
    <gia/>
    <ddd>82</ddd>
    <siafi>2785</siafi>
  </cep>
  <cep>
    <cep>57061-310</cep>
    <logradouro>Rua Manoel Luiz Santana</logradouro>
    <complemento/>
    <unidade/>
    <bairro>Tabuleiro do Martins</bairro>
    <localidade>Maceió</localidade>
    <uf>AL</uf>
    <estado>Alagoas</estado>
    <região/>
    <ibge>2704302</ibge>
    <gia/>
    <ddd>82</ddd>
    <siafi>2785</siafi>
  </cep>
  <cep>
    <cep>57061-400</cep>
    <logradouro>Travessa São Pedro</logradouro>
    <complemento/>
    <unidade/>
    <bairro>Tabuleiro do Martins</bairro>
    <localidade>Maceió</localidade>
    <uf>AL</uf>
    <estado>Alagoas</estado>
    <região/>
    <ibge>2704302</ibge>
    <gia/>
    <ddd>82</ddd>
    <siafi>2785</siafi>
  </cep>
  <cep>
    <cep>57061-620</cep>
    <logradouro>Rua em Projeto H</logradouro>
    <complemento>(Lot Parque dos Eucalíptos)</complemento>
    <unidade/>
    <bairro>Tabuleiro do Martins</bairro>
    <localidade>Maceió</localidade>
    <uf>AL</uf>
    <estado>Alagoas</estado>
    <região/>
    <ibge>2704302</ibge>
    <gia/>
    <ddd>82</ddd>
    <siafi>2785</siafi>
  </cep>
  <cep>
    <cep>57061-410</cep>
    <logradouro>Avenida Doutor Sebastião Correia da Rocha</logradouro>
    <complemento/>
    <unidade/>
    <bairro>Tabuleiro do Martins</bairro>
    <localidade>Maceió</localidade>
    <uf>AL</uf>
    <estado>Alagoas</estado>
    <região/>
    <ibge>2704302</ibge>
    <gia/>
    <ddd>82</ddd>
    <siafi>2785</siafi>
  </cep>
  <cep>
    <cep>57061-350</cep>
    <logradouro>Rua Professor José Nobre Ribeiro</logradouro>
    <complemento/>
    <unidade/>
    <bairro>Tabuleiro do Martins</bairro>
    <localidade>Maceió</localidade>
    <uf>AL</uf>
    <estado>Alagoas</estado>
    <região/>
    <ibge>2704302</ibge>
    <gia/>
    <ddd>82</ddd>
    <siafi>2785</siafi>
  </cep>
  <cep>
    <cep>57061-622</cep>
    <logradouro>Rua Luis de Almeida Araújo</logradouro>
    <complemento/>
    <unidade/>
    <bairro>Tabuleiro do Martins</bairro>
    <localidade>Maceió</localidade>
    <uf>AL</uf>
    <estado>Alagoas</estado>
    <região/>
    <ibge>2704302</ibge>
    <gia/>
    <ddd>82</ddd>
    <siafi>2785</siafi>
  </cep>
  <cep>
    <cep>57061-360</cep>
    <logradouro>Rua Raul Aguiar</logradouro>
    <complemento/>
    <unidade/>
    <bairro>Tabuleiro do Martins</bairro>
    <localidade>Maceió</localidade>
    <uf>AL</uf>
    <estado>Alagoas</estado>
    <região/>
    <ibge>2704302</ibge>
    <gia/>
    <ddd>82</ddd>
    <siafi>2785</siafi>
  </cep>
  <cep>
    <cep>57061-520</cep>
    <logradouro>Rua Major Raul da Cunha Pinto</logradouro>
    <complemento/>
    <unidade/>
    <bairro>Tabuleiro do Martins</bairro>
    <localidade>Maceió</localidade>
    <uf>AL</uf>
    <estado>Alagoas</estado>
    <região/>
    <ibge>2704302</ibge>
    <gia/>
    <ddd>82</ddd>
    <siafi>2785</siafi>
  </cep>
  <cep>
    <cep>57061-624</cep>
    <logradouro>Rua Gastone Lúcia de Carvalho Beltrão</logradouro>
    <complemento/>
    <unidade/>
    <bairro>Tabuleiro do Martins</bairro>
    <localidade>Maceió</localidade>
    <uf>AL</uf>
    <estado>Alagoas</estado>
    <região/>
    <ibge>2704302</ibge>
    <gia/>
    <ddd>82</ddd>
    <siafi>2785</siafi>
  </cep>
  <cep>
    <cep>57061-626</cep>
    <logradouro>Rua Dalmo Lins</logradouro>
    <complemento/>
    <unidade/>
    <bairro>Tabuleiro do Martins</bairro>
    <localidade>Maceió</localidade>
    <uf>AL</uf>
    <estado>Alagoas</estado>
    <região/>
    <ibge>2704302</ibge>
    <gia/>
    <ddd>82</ddd>
    <siafi>2785</siafi>
  </cep>
  <cep>
    <cep>57061-652</cep>
    <logradouro>Rua Sargento Farias</logradouro>
    <complemento/>
    <unidade/>
    <bairro>Tabuleiro do Martins</bairro>
    <localidade>Maceió</localidade>
    <uf>AL</uf>
    <estado>Alagoas</estado>
    <região/>
    <ibge>2704302</ibge>
    <gia/>
    <ddd>82</ddd>
    <siafi>2785</siafi>
  </cep>
  <cep>
    <cep>57061-655</cep>
    <logradouro>Rua Judite Feliz S. Cardoso</logradouro>
    <complemento/>
    <unidade/>
    <bairro>Tabuleiro do Martins</bairro>
    <localidade>Maceió</localidade>
    <uf>AL</uf>
    <estado>Alagoas</estado>
    <região/>
    <ibge>2704302</ibge>
    <gia/>
    <ddd>82</ddd>
    <siafi>2785</siafi>
  </cep>
  <cep>
    <cep>57061-657</cep>
    <logradouro>Rua Cícera Maria da Conceição</logradouro>
    <complemento/>
    <unidade/>
    <bairro>Tabuleiro do Martins</bairro>
    <localidade>Maceió</localidade>
    <uf>AL</uf>
    <estado>Alagoas</estado>
    <região/>
    <ibge>2704302</ibge>
    <gia/>
    <ddd>82</ddd>
    <siafi>2785</siafi>
  </cep>
  <cep>
    <cep>57061-660</cep>
    <logradouro>Rua João Batista</logradouro>
    <complemento/>
    <unidade/>
    <bairro>Tabuleiro do Martins</bairro>
    <localidade>Maceió</localidade>
    <uf>AL</uf>
    <estado>Alagoas</estado>
    <região/>
    <ibge>2704302</ibge>
    <gia/>
    <ddd>82</ddd>
    <siafi>2785</siafi>
  </cep>
  <cep>
    <cep>57061-670</cep>
    <logradouro>Rua Doutor José Pereira de Lucena</logradouro>
    <complemento/>
    <unidade/>
    <bairro>Tabuleiro do Martins</bairro>
    <localidade>Maceió</localidade>
    <uf>AL</uf>
    <estado>Alagoas</estado>
    <região/>
    <ibge>2704302</ibge>
    <gia/>
    <ddd>82</ddd>
    <siafi>2785</siafi>
  </cep>
  <cep>
    <cep>57061-680</cep>
    <logradouro>Rua Petrúcio Ferreira Lopes</logradouro>
    <complemento/>
    <unidade/>
    <bairro>Tabuleiro do Martins</bairro>
    <localidade>Maceió</localidade>
    <uf>AL</uf>
    <estado>Alagoas</estado>
    <região/>
    <ibge>2704302</ibge>
    <gia/>
    <ddd>82</ddd>
    <siafi>2785</siafi>
  </cep>
  <cep>
    <cep>57061-710</cep>
    <logradouro>Rua Pastor Nelson Bonaparte</logradouro>
    <complemento/>
    <unidade/>
    <bairro>Tabuleiro do Martins</bairro>
    <localidade>Maceió</localidade>
    <uf>AL</uf>
    <estado>Alagoas</estado>
    <região/>
    <ibge>2704302</ibge>
    <gia/>
    <ddd>82</ddd>
    <siafi>2785</siafi>
  </cep>
  <cep>
    <cep>57061-740</cep>
    <logradouro>Rua Tenente João Vieira da Costa</logradouro>
    <complemento/>
    <unidade/>
    <bairro>Tabuleiro do Martins</bairro>
    <localidade>Maceió</localidade>
    <uf>AL</uf>
    <estado>Alagoas</estado>
    <região/>
    <ibge>2704302</ibge>
    <gia/>
    <ddd>82</ddd>
    <siafi>2785</siafi>
  </cep>
  <cep>
    <cep>57061-720</cep>
    <logradouro>Rua Guiomar Pacheco Pontes Amorim</logradouro>
    <complemento/>
    <unidade/>
    <bairro>Tabuleiro do Martins</bairro>
    <localidade>Maceió</localidade>
    <uf>AL</uf>
    <estado>Alagoas</estado>
    <região/>
    <ibge>2704302</ibge>
    <gia/>
    <ddd>82</ddd>
    <siafi>2785</siafi>
  </cep>
  <cep>
    <cep>57061-770</cep>
    <logradouro>Travessa São Luiz</logradouro>
    <complemento/>
    <unidade/>
    <bairro>Tabuleiro do Martins</bairro>
    <localidade>Maceió</localidade>
    <uf>AL</uf>
    <estado>Alagoas</estado>
    <região/>
    <ibge>2704302</ibge>
    <gia/>
    <ddd>82</ddd>
    <siafi>2785</siafi>
  </cep>
  <cep>
    <cep>57061-730</cep>
    <logradouro>Rua Fotógrafo Pedro Farias</logradouro>
    <complemento/>
    <unidade/>
    <bairro>Tabuleiro do Martins</bairro>
    <localidade>Maceió</localidade>
    <uf>AL</uf>
    <estado>Alagoas</estado>
    <região/>
    <ibge>2704302</ibge>
    <gia/>
    <ddd>82</ddd>
    <siafi>2785</siafi>
  </cep>
  <cep>
    <cep>57061-750</cep>
    <logradouro>Rua José Pontes Sobrinho</logradouro>
    <complemento/>
    <unidade/>
    <bairro>Tabuleiro do Martins</bairro>
    <localidade>Maceió</localidade>
    <uf>AL</uf>
    <estado>Alagoas</estado>
    <região/>
    <ibge>2704302</ibge>
    <gia/>
    <ddd>82</ddd>
    <siafi>2785</siafi>
  </cep>
  <cep>
    <cep>57062-002</cep>
    <logradouro>Rua Valéria da Paz</logradouro>
    <complemento/>
    <unidade/>
    <bairro>Petrópolis</bairro>
    <localidade>Maceió</localidade>
    <uf>AL</uf>
    <estado>Alagoas</estado>
    <região/>
    <ibge>2704302</ibge>
    <gia/>
    <ddd>82</ddd>
    <siafi>2785</siafi>
  </cep>
  <cep>
    <cep>57062-004</cep>
    <logradouro>Rua Veraleide Nazaré</logradouro>
    <complemento/>
    <unidade/>
    <bairro>Petrópolis</bairro>
    <localidade>Maceió</localidade>
    <uf>AL</uf>
    <estado>Alagoas</estado>
    <região/>
    <ibge>2704302</ibge>
    <gia/>
    <ddd>82</ddd>
    <siafi>2785</siafi>
  </cep>
  <cep>
    <cep>57061-970</cep>
    <logradouro>Avenida Doutor Durval de Góis Monteiro</logradouro>
    <complemento>2217</complemento>
    <unidade>AC Tabuleiro dos Martins</unidade>
    <bairro>Tabuleiro do Martins</bairro>
    <localidade>Maceió</localidade>
    <uf>AL</uf>
    <estado>Alagoas</estado>
    <região/>
    <ibge>2704302</ibge>
    <gia/>
    <ddd>82</ddd>
    <siafi>2785</siafi>
  </cep>
  <cep>
    <cep>57062-001</cep>
    <logradouro>Avenida Denilma Bulhões</logradouro>
    <complemento/>
    <unidade/>
    <bairro>Petrópolis</bairro>
    <localidade>Maceió</localidade>
    <uf>AL</uf>
    <estado>Alagoas</estado>
    <região/>
    <ibge>2704302</ibge>
    <gia/>
    <ddd>82</ddd>
    <siafi>2785</siafi>
  </cep>
  <cep>
    <cep>57062-003</cep>
    <logradouro>Rua Maria Aparecida</logradouro>
    <complemento/>
    <unidade/>
    <bairro>Petrópolis</bairro>
    <localidade>Maceió</localidade>
    <uf>AL</uf>
    <estado>Alagoas</estado>
    <região/>
    <ibge>2704302</ibge>
    <gia/>
    <ddd>82</ddd>
    <siafi>2785</siafi>
  </cep>
  <cep>
    <cep>57062-005</cep>
    <logradouro>Rua Maranata</logradouro>
    <complemento/>
    <unidade/>
    <bairro>Petrópolis</bairro>
    <localidade>Maceió</localidade>
    <uf>AL</uf>
    <estado>Alagoas</estado>
    <região/>
    <ibge>2704302</ibge>
    <gia/>
    <ddd>82</ddd>
    <siafi>2785</siafi>
  </cep>
  <cep>
    <cep>57062-006</cep>
    <logradouro>Rua Maria José</logradouro>
    <complemento/>
    <unidade/>
    <bairro>Petrópolis</bairro>
    <localidade>Maceió</localidade>
    <uf>AL</uf>
    <estado>Alagoas</estado>
    <região/>
    <ibge>2704302</ibge>
    <gia/>
    <ddd>82</ddd>
    <siafi>2785</siafi>
  </cep>
  <cep>
    <cep>57062-008</cep>
    <logradouro>Rua Carlos Antõnio</logradouro>
    <complemento/>
    <unidade/>
    <bairro>Petrópolis</bairro>
    <localidade>Maceió</localidade>
    <uf>AL</uf>
    <estado>Alagoas</estado>
    <região/>
    <ibge>2704302</ibge>
    <gia/>
    <ddd>82</ddd>
    <siafi>2785</siafi>
  </cep>
  <cep>
    <cep>57062-007</cep>
    <logradouro>Travessa Tenente Santos</logradouro>
    <complemento/>
    <unidade/>
    <bairro>Petrópolis</bairro>
    <localidade>Maceió</localidade>
    <uf>AL</uf>
    <estado>Alagoas</estado>
    <região/>
    <ibge>2704302</ibge>
    <gia/>
    <ddd>82</ddd>
    <siafi>2785</siafi>
  </cep>
  <cep>
    <cep>57062-009</cep>
    <logradouro>Rua da Vitória</logradouro>
    <complemento/>
    <unidade/>
    <bairro>Petrópolis</bairro>
    <localidade>Maceió</localidade>
    <uf>AL</uf>
    <estado>Alagoas</estado>
    <região/>
    <ibge>2704302</ibge>
    <gia/>
    <ddd>82</ddd>
    <siafi>2785</siafi>
  </cep>
  <cep>
    <cep>57062-010</cep>
    <logradouro>Alameda José Lopes de Albuquerque</logradouro>
    <complemento/>
    <unidade/>
    <bairro>Petrópolis</bairro>
    <localidade>Maceió</localidade>
    <uf>AL</uf>
    <estado>Alagoas</estado>
    <região/>
    <ibge>2704302</ibge>
    <gia/>
    <ddd>82</ddd>
    <siafi>2785</siafi>
  </cep>
  <cep>
    <cep>57062-011</cep>
    <logradouro>Travessa da Vitória</logradouro>
    <complemento/>
    <unidade/>
    <bairro>Petrópolis</bairro>
    <localidade>Maceió</localidade>
    <uf>AL</uf>
    <estado>Alagoas</estado>
    <região/>
    <ibge>2704302</ibge>
    <gia/>
    <ddd>82</ddd>
    <siafi>2785</siafi>
  </cep>
  <cep>
    <cep>57062-016</cep>
    <logradouro>Rua São Francisco</logradouro>
    <complemento/>
    <unidade/>
    <bairro>Petrópolis</bairro>
    <localidade>Maceió</localidade>
    <uf>AL</uf>
    <estado>Alagoas</estado>
    <região/>
    <ibge>2704302</ibge>
    <gia/>
    <ddd>82</ddd>
    <siafi>2785</siafi>
  </cep>
  <cep>
    <cep>57062-013</cep>
    <logradouro>Rua José Serra</logradouro>
    <complemento/>
    <unidade/>
    <bairro>Petrópolis</bairro>
    <localidade>Maceió</localidade>
    <uf>AL</uf>
    <estado>Alagoas</estado>
    <região/>
    <ibge>2704302</ibge>
    <gia/>
    <ddd>82</ddd>
    <siafi>2785</siafi>
  </cep>
  <cep>
    <cep>57062-014</cep>
    <logradouro>Rua do Carmo</logradouro>
    <complemento/>
    <unidade/>
    <bairro>Petrópolis</bairro>
    <localidade>Maceió</localidade>
    <uf>AL</uf>
    <estado>Alagoas</estado>
    <região/>
    <ibge>2704302</ibge>
    <gia/>
    <ddd>82</ddd>
    <siafi>2785</siafi>
  </cep>
  <cep>
    <cep>57062-017</cep>
    <logradouro>Rua São Luiz</logradouro>
    <complemento>(Cj Luiz Pedro)</complemento>
    <unidade/>
    <bairro>Petrópolis</bairro>
    <localidade>Maceió</localidade>
    <uf>AL</uf>
    <estado>Alagoas</estado>
    <região/>
    <ibge>2704302</ibge>
    <gia/>
    <ddd>82</ddd>
    <siafi>2785</siafi>
  </cep>
  <cep>
    <cep>57062-015</cep>
    <logradouro>Rua Deputado José Bernardes</logradouro>
    <complemento/>
    <unidade/>
    <bairro>Petrópolis</bairro>
    <localidade>Maceió</localidade>
    <uf>AL</uf>
    <estado>Alagoas</estado>
    <região/>
    <ibge>2704302</ibge>
    <gia/>
    <ddd>82</ddd>
    <siafi>2785</siafi>
  </cep>
  <cep>
    <cep>57062-018</cep>
    <logradouro>Rua São Pedro</logradouro>
    <complemento>(Cj Luiz Pedro)</complemento>
    <unidade/>
    <bairro>Petrópolis</bairro>
    <localidade>Maceió</localidade>
    <uf>AL</uf>
    <estado>Alagoas</estado>
    <região/>
    <ibge>2704302</ibge>
    <gia/>
    <ddd>82</ddd>
    <siafi>2785</siafi>
  </cep>
  <cep>
    <cep>57062-012</cep>
    <logradouro>Rua José Menezes</logradouro>
    <complemento/>
    <unidade/>
    <bairro>Petrópolis</bairro>
    <localidade>Maceió</localidade>
    <uf>AL</uf>
    <estado>Alagoas</estado>
    <região/>
    <ibge>2704302</ibge>
    <gia/>
    <ddd>82</ddd>
    <siafi>2785</siafi>
  </cep>
  <cep>
    <cep>57062-019</cep>
    <logradouro>Travessa São Pedro</logradouro>
    <complemento/>
    <unidade/>
    <bairro>Petrópolis</bairro>
    <localidade>Maceió</localidade>
    <uf>AL</uf>
    <estado>Alagoas</estado>
    <região/>
    <ibge>2704302</ibge>
    <gia/>
    <ddd>82</ddd>
    <siafi>2785</siafi>
  </cep>
  <cep>
    <cep>57062-020</cep>
    <logradouro>Alameda Professor Loureiro Peixoto</logradouro>
    <complemento/>
    <unidade/>
    <bairro>Petrópolis</bairro>
    <localidade>Maceió</localidade>
    <uf>AL</uf>
    <estado>Alagoas</estado>
    <região/>
    <ibge>2704302</ibge>
    <gia/>
    <ddd>82</ddd>
    <siafi>2785</siafi>
  </cep>
  <cep>
    <cep>57062-022</cep>
    <logradouro>Travessa da União</logradouro>
    <complemento>(Cj Luiz Pedro)</complemento>
    <unidade/>
    <bairro>Petrópolis</bairro>
    <localidade>Maceió</localidade>
    <uf>AL</uf>
    <estado>Alagoas</estado>
    <região/>
    <ibge>2704302</ibge>
    <gia/>
    <ddd>82</ddd>
    <siafi>2785</siafi>
  </cep>
  <cep>
    <cep>57062-021</cep>
    <logradouro>Rua da União</logradouro>
    <complemento>(Cj Luiz Pedro)</complemento>
    <unidade/>
    <bairro>Petrópolis</bairro>
    <localidade>Maceió</localidade>
    <uf>AL</uf>
    <estado>Alagoas</estado>
    <região/>
    <ibge>2704302</ibge>
    <gia/>
    <ddd>82</ddd>
    <siafi>2785</siafi>
  </cep>
  <cep>
    <cep>57062-023</cep>
    <logradouro>2ª Travessa da União</logradouro>
    <complemento/>
    <unidade/>
    <bairro>Petrópolis</bairro>
    <localidade>Maceió</localidade>
    <uf>AL</uf>
    <estado>Alagoas</estado>
    <região/>
    <ibge>2704302</ibge>
    <gia/>
    <ddd>82</ddd>
    <siafi>2785</siafi>
  </cep>
  <cep>
    <cep>57062-024</cep>
    <logradouro>Rua Nova</logradouro>
    <complemento>(Cj Luiz Pedro)</complemento>
    <unidade/>
    <bairro>Petrópolis</bairro>
    <localidade>Maceió</localidade>
    <uf>AL</uf>
    <estado>Alagoas</estado>
    <região/>
    <ibge>2704302</ibge>
    <gia/>
    <ddd>82</ddd>
    <siafi>2785</siafi>
  </cep>
  <cep>
    <cep>57062-025</cep>
    <logradouro>Travessa Nova</logradouro>
    <complemento/>
    <unidade/>
    <bairro>Petrópolis</bairro>
    <localidade>Maceió</localidade>
    <uf>AL</uf>
    <estado>Alagoas</estado>
    <região/>
    <ibge>2704302</ibge>
    <gia/>
    <ddd>82</ddd>
    <siafi>2785</siafi>
  </cep>
  <cep>
    <cep>57062-026</cep>
    <logradouro>Rua Artur Matias da Silva</logradouro>
    <complemento/>
    <unidade/>
    <bairro>Petrópolis</bairro>
    <localidade>Maceió</localidade>
    <uf>AL</uf>
    <estado>Alagoas</estado>
    <região/>
    <ibge>2704302</ibge>
    <gia/>
    <ddd>82</ddd>
    <siafi>2785</siafi>
  </cep>
  <cep>
    <cep>57062-042</cep>
    <logradouro>Travessa Padre Pinho</logradouro>
    <complemento/>
    <unidade/>
    <bairro>Petrópolis</bairro>
    <localidade>Maceió</localidade>
    <uf>AL</uf>
    <estado>Alagoas</estado>
    <região/>
    <ibge>2704302</ibge>
    <gia/>
    <ddd>82</ddd>
    <siafi>2785</siafi>
  </cep>
  <cep>
    <cep>57062-028</cep>
    <logradouro>Rua Porfirio Pedro</logradouro>
    <complemento/>
    <unidade/>
    <bairro>Petrópolis</bairro>
    <localidade>Maceió</localidade>
    <uf>AL</uf>
    <estado>Alagoas</estado>
    <região/>
    <ibge>2704302</ibge>
    <gia/>
    <ddd>82</ddd>
    <siafi>2785</siafi>
  </cep>
  <cep>
    <cep>57062-037</cep>
    <logradouro>Rua Marquês de Abrantes</logradouro>
    <complemento/>
    <unidade/>
    <bairro>Petrópolis</bairro>
    <localidade>Maceió</localidade>
    <uf>AL</uf>
    <estado>Alagoas</estado>
    <região/>
    <ibge>2704302</ibge>
    <gia/>
    <ddd>82</ddd>
    <siafi>2785</siafi>
  </cep>
  <cep>
    <cep>57062-045</cep>
    <logradouro>Travessa Maranata</logradouro>
    <complemento/>
    <unidade/>
    <bairro>Petrópolis</bairro>
    <localidade>Maceió</localidade>
    <uf>AL</uf>
    <estado>Alagoas</estado>
    <região/>
    <ibge>2704302</ibge>
    <gia/>
    <ddd>82</ddd>
    <siafi>2785</siafi>
  </cep>
  <cep>
    <cep>57062-043</cep>
    <logradouro>Rua São Luiz</logradouro>
    <complemento/>
    <unidade/>
    <bairro>Petrópolis</bairro>
    <localidade>Maceió</localidade>
    <uf>AL</uf>
    <estado>Alagoas</estado>
    <região/>
    <ibge>2704302</ibge>
    <gia/>
    <ddd>82</ddd>
    <siafi>2785</siafi>
  </cep>
  <cep>
    <cep>57062-027</cep>
    <logradouro>Ladeira Ceci Cunha</logradouro>
    <complemento/>
    <unidade/>
    <bairro>Petrópolis</bairro>
    <localidade>Maceió</localidade>
    <uf>AL</uf>
    <estado>Alagoas</estado>
    <região/>
    <ibge>2704302</ibge>
    <gia/>
    <ddd>82</ddd>
    <siafi>2785</siafi>
  </cep>
  <cep>
    <cep>57062-030</cep>
    <logradouro>Alameda Antônio Vieira Costa</logradouro>
    <complemento/>
    <unidade/>
    <bairro>Petrópolis</bairro>
    <localidade>Maceió</localidade>
    <uf>AL</uf>
    <estado>Alagoas</estado>
    <região/>
    <ibge>2704302</ibge>
    <gia/>
    <ddd>82</ddd>
    <siafi>2785</siafi>
  </cep>
  <cep>
    <cep>57062-029</cep>
    <logradouro>Rua José Ageu</logradouro>
    <complemento/>
    <unidade/>
    <bairro>Petrópolis</bairro>
    <localidade>Maceió</localidade>
    <uf>AL</uf>
    <estado>Alagoas</estado>
    <região/>
    <ibge>2704302</ibge>
    <gia/>
    <ddd>82</ddd>
    <siafi>2785</siafi>
  </cep>
  <cep>
    <cep>57062-041</cep>
    <logradouro>Rua Padre Pinho</logradouro>
    <complemento/>
    <unidade/>
    <bairro>Petrópolis</bairro>
    <localidade>Maceió</localidade>
    <uf>AL</uf>
    <estado>Alagoas</estado>
    <região/>
    <ibge>2704302</ibge>
    <gia/>
    <ddd>82</ddd>
    <siafi>2785</siafi>
  </cep>
  <cep>
    <cep>57062-048</cep>
    <logradouro>Rua Jovenilha Maria</logradouro>
    <complemento/>
    <unidade/>
    <bairro>Petrópolis</bairro>
    <localidade>Maceió</localidade>
    <uf>AL</uf>
    <estado>Alagoas</estado>
    <região/>
    <ibge>2704302</ibge>
    <gia/>
    <ddd>82</ddd>
    <siafi>2785</siafi>
  </cep>
  <cep>
    <cep>57062-060</cep>
    <logradouro>Alameda Jonas Mello Matos</logradouro>
    <complemento/>
    <unidade/>
    <bairro>Petrópolis</bairro>
    <localidade>Maceió</localidade>
    <uf>AL</uf>
    <estado>Alagoas</estado>
    <região/>
    <ibge>2704302</ibge>
    <gia/>
    <ddd>82</ddd>
    <siafi>2785</siafi>
  </cep>
  <cep>
    <cep>57062-070</cep>
    <logradouro>Alameda Júlio Pereira dos Santos</logradouro>
    <complemento/>
    <unidade/>
    <bairro>Petrópolis</bairro>
    <localidade>Maceió</localidade>
    <uf>AL</uf>
    <estado>Alagoas</estado>
    <região/>
    <ibge>2704302</ibge>
    <gia/>
    <ddd>82</ddd>
    <siafi>2785</siafi>
  </cep>
  <cep>
    <cep>57062-050</cep>
    <logradouro>Alameda Doutor Dorival de Lemos França</logradouro>
    <complemento/>
    <unidade/>
    <bairro>Petrópolis</bairro>
    <localidade>Maceió</localidade>
    <uf>AL</uf>
    <estado>Alagoas</estado>
    <região/>
    <ibge>2704302</ibge>
    <gia/>
    <ddd>82</ddd>
    <siafi>2785</siafi>
  </cep>
  <cep>
    <cep>57062-040</cep>
    <logradouro>Alameda Edilson de Alcântara</logradouro>
    <complemento/>
    <unidade/>
    <bairro>Petrópolis</bairro>
    <localidade>Maceió</localidade>
    <uf>AL</uf>
    <estado>Alagoas</estado>
    <região/>
    <ibge>2704302</ibge>
    <gia/>
    <ddd>82</ddd>
    <siafi>2785</siafi>
  </cep>
  <cep>
    <cep>57062-031</cep>
    <logradouro>Rua Wilson Pacheco</logradouro>
    <complemento/>
    <unidade/>
    <bairro>Petrópolis</bairro>
    <localidade>Maceió</localidade>
    <uf>AL</uf>
    <estado>Alagoas</estado>
    <região/>
    <ibge>2704302</ibge>
    <gia/>
    <ddd>82</ddd>
    <siafi>2785</siafi>
  </cep>
  <cep>
    <cep>57062-080</cep>
    <logradouro>Alameda Deputado José Lopes Duarte</logradouro>
    <complemento/>
    <unidade/>
    <bairro>Petrópolis</bairro>
    <localidade>Maceió</localidade>
    <uf>AL</uf>
    <estado>Alagoas</estado>
    <região/>
    <ibge>2704302</ibge>
    <gia/>
    <ddd>82</ddd>
    <siafi>2785</siafi>
  </cep>
  <cep>
    <cep>57062-090</cep>
    <logradouro>Alameda Eurídice Plácido de Araújo Ivo</logradouro>
    <complemento/>
    <unidade/>
    <bairro>Petrópolis</bairro>
    <localidade>Maceió</localidade>
    <uf>AL</uf>
    <estado>Alagoas</estado>
    <região/>
    <ibge>2704302</ibge>
    <gia/>
    <ddd>82</ddd>
    <siafi>2785</siafi>
  </cep>
  <cep>
    <cep>57062-120</cep>
    <logradouro>Alameda Luiz Gonzaga da Silva</logradouro>
    <complemento/>
    <unidade/>
    <bairro>Petrópolis</bairro>
    <localidade>Maceió</localidade>
    <uf>AL</uf>
    <estado>Alagoas</estado>
    <região/>
    <ibge>2704302</ibge>
    <gia/>
    <ddd>82</ddd>
    <siafi>2785</siafi>
  </cep>
  <cep>
    <cep>57062-100</cep>
    <logradouro>Alameda Acadêmico João Maurício Mauro Simons</logradouro>
    <complemento/>
    <unidade/>
    <bairro>Petrópolis</bairro>
    <localidade>Maceió</localidade>
    <uf>AL</uf>
    <estado>Alagoas</estado>
    <região/>
    <ibge>2704302</ibge>
    <gia/>
    <ddd>82</ddd>
    <siafi>2785</siafi>
  </cep>
  <cep>
    <cep>57062-107</cep>
    <logradouro>Alameda D-11</logradouro>
    <complemento>(Lot Jd Petrópolis II)</complemento>
    <unidade/>
    <bairro>Petrópolis</bairro>
    <localidade>Maceió</localidade>
    <uf>AL</uf>
    <estado>Alagoas</estado>
    <região/>
    <ibge>2704302</ibge>
    <gia/>
    <ddd>82</ddd>
    <siafi>2785</siafi>
  </cep>
  <cep>
    <cep>57062-105</cep>
    <logradouro>Alameda D-6</logradouro>
    <complemento>(Lot Jd Petrópolis II)</complemento>
    <unidade/>
    <bairro>Petrópolis</bairro>
    <localidade>Maceió</localidade>
    <uf>AL</uf>
    <estado>Alagoas</estado>
    <região/>
    <ibge>2704302</ibge>
    <gia/>
    <ddd>82</ddd>
    <siafi>2785</siafi>
  </cep>
  <cep>
    <cep>57062-110</cep>
    <logradouro>Alameda Luzia de Souza Assis</logradouro>
    <complemento/>
    <unidade/>
    <bairro>Petrópolis</bairro>
    <localidade>Maceió</localidade>
    <uf>AL</uf>
    <estado>Alagoas</estado>
    <região/>
    <ibge>2704302</ibge>
    <gia/>
    <ddd>82</ddd>
    <siafi>2785</siafi>
  </cep>
  <cep>
    <cep>57062-130</cep>
    <logradouro>Alameda Jacinto José Santana</logradouro>
    <complemento/>
    <unidade/>
    <bairro>Petrópolis</bairro>
    <localidade>Maceió</localidade>
    <uf>AL</uf>
    <estado>Alagoas</estado>
    <região/>
    <ibge>2704302</ibge>
    <gia/>
    <ddd>82</ddd>
    <siafi>2785</siafi>
  </cep>
  <cep>
    <cep>57062-140</cep>
    <logradouro>Alameda Éolo Alencar</logradouro>
    <complemento/>
    <unidade/>
    <bairro>Petrópolis</bairro>
    <localidade>Maceió</localidade>
    <uf>AL</uf>
    <estado>Alagoas</estado>
    <região/>
    <ibge>2704302</ibge>
    <gia/>
    <ddd>82</ddd>
    <siafi>2785</siafi>
  </cep>
  <cep>
    <cep>57062-150</cep>
    <logradouro>Alameda José Alves Diniz</logradouro>
    <complemento/>
    <unidade/>
    <bairro>Petrópolis</bairro>
    <localidade>Maceió</localidade>
    <uf>AL</uf>
    <estado>Alagoas</estado>
    <região/>
    <ibge>2704302</ibge>
    <gia/>
    <ddd>82</ddd>
    <siafi>2785</siafi>
  </cep>
  <cep>
    <cep>57062-160</cep>
    <logradouro>Alameda Maria das Graças Novaes Brandão Vilela</logradouro>
    <complemento/>
    <unidade/>
    <bairro>Petrópolis</bairro>
    <localidade>Maceió</localidade>
    <uf>AL</uf>
    <estado>Alagoas</estado>
    <região/>
    <ibge>2704302</ibge>
    <gia/>
    <ddd>82</ddd>
    <siafi>2785</siafi>
  </cep>
  <cep>
    <cep>57062-180</cep>
    <logradouro>Alameda Carmelita Omena de Farias</logradouro>
    <complemento/>
    <unidade/>
    <bairro>Petrópolis</bairro>
    <localidade>Maceió</localidade>
    <uf>AL</uf>
    <estado>Alagoas</estado>
    <região/>
    <ibge>2704302</ibge>
    <gia/>
    <ddd>82</ddd>
    <siafi>2785</siafi>
  </cep>
  <cep>
    <cep>57062-165</cep>
    <logradouro>Alameda D-7</logradouro>
    <complemento>(Lot Jd Petrópolis II)</complemento>
    <unidade/>
    <bairro>Petrópolis</bairro>
    <localidade>Maceió</localidade>
    <uf>AL</uf>
    <estado>Alagoas</estado>
    <região/>
    <ibge>2704302</ibge>
    <gia/>
    <ddd>82</ddd>
    <siafi>2785</siafi>
  </cep>
  <cep>
    <cep>57062-109</cep>
    <logradouro>Alameda D-12</logradouro>
    <complemento>(Lot Jd Petrópolis II)</complemento>
    <unidade/>
    <bairro>Petrópolis</bairro>
    <localidade>Maceió</localidade>
    <uf>AL</uf>
    <estado>Alagoas</estado>
    <região/>
    <ibge>2704302</ibge>
    <gia/>
    <ddd>82</ddd>
    <siafi>2785</siafi>
  </cep>
  <cep>
    <cep>57062-170</cep>
    <logradouro>Alameda Euclides Tavares</logradouro>
    <complemento/>
    <unidade/>
    <bairro>Petrópolis</bairro>
    <localidade>Maceió</localidade>
    <uf>AL</uf>
    <estado>Alagoas</estado>
    <região/>
    <ibge>2704302</ibge>
    <gia/>
    <ddd>82</ddd>
    <siafi>2785</siafi>
  </cep>
  <cep>
    <cep>57062-185</cep>
    <logradouro>Alameda D-8</logradouro>
    <complemento>(Lot Jd Petrópolis II)</complemento>
    <unidade/>
    <bairro>Petrópolis</bairro>
    <localidade>Maceió</localidade>
    <uf>AL</uf>
    <estado>Alagoas</estado>
    <região/>
    <ibge>2704302</ibge>
    <gia/>
    <ddd>82</ddd>
    <siafi>2785</siafi>
  </cep>
  <cep>
    <cep>57062-190</cep>
    <logradouro>Alameda Benedito da Costa Dória</logradouro>
    <complemento/>
    <unidade/>
    <bairro>Petrópolis</bairro>
    <localidade>Maceió</localidade>
    <uf>AL</uf>
    <estado>Alagoas</estado>
    <região/>
    <ibge>2704302</ibge>
    <gia/>
    <ddd>82</ddd>
    <siafi>2785</siafi>
  </cep>
  <cep>
    <cep>57062-195</cep>
    <logradouro>Alameda D-9</logradouro>
    <complemento>(Lot Jd Petrópolis II)</complemento>
    <unidade/>
    <bairro>Petrópolis</bairro>
    <localidade>Maceió</localidade>
    <uf>AL</uf>
    <estado>Alagoas</estado>
    <região/>
    <ibge>2704302</ibge>
    <gia/>
    <ddd>82</ddd>
    <siafi>2785</siafi>
  </cep>
  <cep>
    <cep>57062-200</cep>
    <logradouro>Alameda Célia dos Anjos</logradouro>
    <complemento/>
    <unidade/>
    <bairro>Petrópolis</bairro>
    <localidade>Maceió</localidade>
    <uf>AL</uf>
    <estado>Alagoas</estado>
    <região/>
    <ibge>2704302</ibge>
    <gia/>
    <ddd>82</ddd>
    <siafi>2785</siafi>
  </cep>
  <cep>
    <cep>57062-203</cep>
    <logradouro>Travessa Gávea do Farol</logradouro>
    <complemento/>
    <unidade/>
    <bairro>Petrópolis</bairro>
    <localidade>Maceió</localidade>
    <uf>AL</uf>
    <estado>Alagoas</estado>
    <região/>
    <ibge>2704302</ibge>
    <gia/>
    <ddd>82</ddd>
    <siafi>2785</siafi>
  </cep>
  <cep>
    <cep>57062-220</cep>
    <logradouro>Alameda Brancildes Olímpio do Espírito Santo</logradouro>
    <complemento/>
    <unidade/>
    <bairro>Petrópolis</bairro>
    <localidade>Maceió</localidade>
    <uf>AL</uf>
    <estado>Alagoas</estado>
    <região/>
    <ibge>2704302</ibge>
    <gia/>
    <ddd>82</ddd>
    <siafi>2785</siafi>
  </cep>
  <cep>
    <cep>57062-250</cep>
    <logradouro>Alameda Doutor Waldemiro de Alencar Júnior</logradouro>
    <complemento/>
    <unidade/>
    <bairro>Petrópolis</bairro>
    <localidade>Maceió</localidade>
    <uf>AL</uf>
    <estado>Alagoas</estado>
    <região/>
    <ibge>2704302</ibge>
    <gia/>
    <ddd>82</ddd>
    <siafi>2785</siafi>
  </cep>
  <cep>
    <cep>57062-240</cep>
    <logradouro>Alameda Elizabeth Cavalcanti Guimarães</logradouro>
    <complemento/>
    <unidade/>
    <bairro>Petrópolis</bairro>
    <localidade>Maceió</localidade>
    <uf>AL</uf>
    <estado>Alagoas</estado>
    <região/>
    <ibge>2704302</ibge>
    <gia/>
    <ddd>82</ddd>
    <siafi>2785</siafi>
  </cep>
  <cep>
    <cep>57062-205</cep>
    <logradouro>Alameda D-10</logradouro>
    <complemento>(Lot Jd Petrópolis II)</complemento>
    <unidade/>
    <bairro>Petrópolis</bairro>
    <localidade>Maceió</localidade>
    <uf>AL</uf>
    <estado>Alagoas</estado>
    <região/>
    <ibge>2704302</ibge>
    <gia/>
    <ddd>82</ddd>
    <siafi>2785</siafi>
  </cep>
  <cep>
    <cep>57062-210</cep>
    <logradouro>Alameda Maria Aparecida Ferro Gonçalves</logradouro>
    <complemento/>
    <unidade/>
    <bairro>Petrópolis</bairro>
    <localidade>Maceió</localidade>
    <uf>AL</uf>
    <estado>Alagoas</estado>
    <região/>
    <ibge>2704302</ibge>
    <gia/>
    <ddd>82</ddd>
    <siafi>2785</siafi>
  </cep>
  <cep>
    <cep>57062-230</cep>
    <logradouro>Alameda Nair de Vasconcelos Cavalcanti</logradouro>
    <complemento/>
    <unidade/>
    <bairro>Petrópolis</bairro>
    <localidade>Maceió</localidade>
    <uf>AL</uf>
    <estado>Alagoas</estado>
    <região/>
    <ibge>2704302</ibge>
    <gia/>
    <ddd>82</ddd>
    <siafi>2785</siafi>
  </cep>
  <cep>
    <cep>57062-260</cep>
    <logradouro>Alameda Radialista Luiz Jatobá</logradouro>
    <complemento/>
    <unidade/>
    <bairro>Petrópolis</bairro>
    <localidade>Maceió</localidade>
    <uf>AL</uf>
    <estado>Alagoas</estado>
    <região/>
    <ibge>2704302</ibge>
    <gia/>
    <ddd>82</ddd>
    <siafi>2785</siafi>
  </cep>
  <cep>
    <cep>57062-284</cep>
    <logradouro>Rua Projetada 1055</logradouro>
    <complemento>(Cond Village do Farol)</complemento>
    <unidade/>
    <bairro>Petrópolis</bairro>
    <localidade>Maceió</localidade>
    <uf>AL</uf>
    <estado>Alagoas</estado>
    <região/>
    <ibge>2704302</ibge>
    <gia/>
    <ddd>82</ddd>
    <siafi>2785</siafi>
  </cep>
  <cep>
    <cep>57062-265</cep>
    <logradouro>Avenida Djalma Fragoso de Alencar</logradouro>
    <complemento/>
    <unidade/>
    <bairro>Petrópolis</bairro>
    <localidade>Maceió</localidade>
    <uf>AL</uf>
    <estado>Alagoas</estado>
    <região/>
    <ibge>2704302</ibge>
    <gia/>
    <ddd>82</ddd>
    <siafi>2785</siafi>
  </cep>
  <cep>
    <cep>57062-270</cep>
    <logradouro>Alameda Almirante Manoel Mendes</logradouro>
    <complemento/>
    <unidade/>
    <bairro>Petrópolis</bairro>
    <localidade>Maceió</localidade>
    <uf>AL</uf>
    <estado>Alagoas</estado>
    <região/>
    <ibge>2704302</ibge>
    <gia/>
    <ddd>82</ddd>
    <siafi>2785</siafi>
  </cep>
  <cep>
    <cep>57062-280</cep>
    <logradouro>Avenida Doutor Durval de Góis Monteiro</logradouro>
    <complemento>lado ímpar</complemento>
    <unidade/>
    <bairro>Petrópolis</bairro>
    <localidade>Maceió</localidade>
    <uf>AL</uf>
    <estado>Alagoas</estado>
    <região/>
    <ibge>2704302</ibge>
    <gia/>
    <ddd>82</ddd>
    <siafi>2785</siafi>
  </cep>
  <cep>
    <cep>57062-290</cep>
    <logradouro>Rua da Quadra B3</logradouro>
    <complemento>(Lot Jardim Petrópolis II)</complemento>
    <unidade/>
    <bairro>Petrópolis</bairro>
    <localidade>Maceió</localidade>
    <uf>AL</uf>
    <estado>Alagoas</estado>
    <região/>
    <ibge>2704302</ibge>
    <gia/>
    <ddd>82</ddd>
    <siafi>2785</siafi>
  </cep>
  <cep>
    <cep>57062-300</cep>
    <logradouro>Alameda Escritor Waldemar Cavalcanti</logradouro>
    <complemento/>
    <unidade/>
    <bairro>Petrópolis</bairro>
    <localidade>Maceió</localidade>
    <uf>AL</uf>
    <estado>Alagoas</estado>
    <região/>
    <ibge>2704302</ibge>
    <gia/>
    <ddd>82</ddd>
    <siafi>2785</siafi>
  </cep>
  <cep>
    <cep>57062-310</cep>
    <logradouro>Alameda Estudante Marcus Antônio Cavalcante Silva</logradouro>
    <complemento/>
    <unidade/>
    <bairro>Petrópolis</bairro>
    <localidade>Maceió</localidade>
    <uf>AL</uf>
    <estado>Alagoas</estado>
    <região/>
    <ibge>2704302</ibge>
    <gia/>
    <ddd>82</ddd>
    <siafi>2785</siafi>
  </cep>
  <cep>
    <cep>57062-320</cep>
    <logradouro>Alameda José Correia de Melo</logradouro>
    <complemento/>
    <unidade/>
    <bairro>Petrópolis</bairro>
    <localidade>Maceió</localidade>
    <uf>AL</uf>
    <estado>Alagoas</estado>
    <região/>
    <ibge>2704302</ibge>
    <gia/>
    <ddd>82</ddd>
    <siafi>2785</siafi>
  </cep>
  <cep>
    <cep>57062-340</cep>
    <logradouro>Alameda C-10</logradouro>
    <complemento>(Lot Jd Petrópolis II)</complemento>
    <unidade/>
    <bairro>Petrópolis</bairro>
    <localidade>Maceió</localidade>
    <uf>AL</uf>
    <estado>Alagoas</estado>
    <região/>
    <ibge>2704302</ibge>
    <gia/>
    <ddd>82</ddd>
    <siafi>2785</siafi>
  </cep>
  <cep>
    <cep>57062-335</cep>
    <logradouro>Rua da Quadra B4</logradouro>
    <complemento>(Lot Jd Petrópolis II)</complemento>
    <unidade/>
    <bairro>Petrópolis</bairro>
    <localidade>Maceió</localidade>
    <uf>AL</uf>
    <estado>Alagoas</estado>
    <região/>
    <ibge>2704302</ibge>
    <gia/>
    <ddd>82</ddd>
    <siafi>2785</siafi>
  </cep>
  <cep>
    <cep>57062-342</cep>
    <logradouro>Rua Treze de Maio</logradouro>
    <complemento/>
    <unidade/>
    <bairro>Petrópolis</bairro>
    <localidade>Maceió</localidade>
    <uf>AL</uf>
    <estado>Alagoas</estado>
    <região/>
    <ibge>2704302</ibge>
    <gia/>
    <ddd>82</ddd>
    <siafi>2785</siafi>
  </cep>
  <cep>
    <cep>57062-395</cep>
    <logradouro>Alameda Stella Braga Costa</logradouro>
    <complemento/>
    <unidade/>
    <bairro>Petrópolis</bairro>
    <localidade>Maceió</localidade>
    <uf>AL</uf>
    <estado>Alagoas</estado>
    <região/>
    <ibge>2704302</ibge>
    <gia/>
    <ddd>82</ddd>
    <siafi>2785</siafi>
  </cep>
  <cep>
    <cep>57062-405</cep>
    <logradouro>Rua Doutor João Bartolomeu de Novaes</logradouro>
    <complemento/>
    <unidade/>
    <bairro>Petrópolis</bairro>
    <localidade>Maceió</localidade>
    <uf>AL</uf>
    <estado>Alagoas</estado>
    <região/>
    <ibge>2704302</ibge>
    <gia/>
    <ddd>82</ddd>
    <siafi>2785</siafi>
  </cep>
  <cep>
    <cep>57062-400</cep>
    <logradouro>Alameda Maria de Lourdes Moreira Santos</logradouro>
    <complemento/>
    <unidade/>
    <bairro>Petrópolis</bairro>
    <localidade>Maceió</localidade>
    <uf>AL</uf>
    <estado>Alagoas</estado>
    <região/>
    <ibge>2704302</ibge>
    <gia/>
    <ddd>82</ddd>
    <siafi>2785</siafi>
  </cep>
  <cep>
    <cep>57062-370</cep>
    <logradouro>Alameda Rejane Maria Camelo Alves Lima</logradouro>
    <complemento/>
    <unidade/>
    <bairro>Petrópolis</bairro>
    <localidade>Maceió</localidade>
    <uf>AL</uf>
    <estado>Alagoas</estado>
    <região/>
    <ibge>2704302</ibge>
    <gia/>
    <ddd>82</ddd>
    <siafi>2785</siafi>
  </cep>
  <cep>
    <cep>57062-420</cep>
    <logradouro>Alameda Eduardo Silveira Pimentel</logradouro>
    <complemento/>
    <unidade/>
    <bairro>Petrópolis</bairro>
    <localidade>Maceió</localidade>
    <uf>AL</uf>
    <estado>Alagoas</estado>
    <região/>
    <ibge>2704302</ibge>
    <gia/>
    <ddd>82</ddd>
    <siafi>2785</siafi>
  </cep>
  <cep>
    <cep>57062-422</cep>
    <logradouro>Alameda Projetada 961</logradouro>
    <complemento/>
    <unidade/>
    <bairro>Petrópolis</bairro>
    <localidade>Maceió</localidade>
    <uf>AL</uf>
    <estado>Alagoas</estado>
    <região/>
    <ibge>2704302</ibge>
    <gia/>
    <ddd>82</ddd>
    <siafi>2785</siafi>
  </cep>
  <cep>
    <cep>57062-390</cep>
    <logradouro>Alameda Maria Nazareth Pereira da Silva Dória</logradouro>
    <complemento/>
    <unidade/>
    <bairro>Petrópolis</bairro>
    <localidade>Maceió</localidade>
    <uf>AL</uf>
    <estado>Alagoas</estado>
    <região/>
    <ibge>2704302</ibge>
    <gia/>
    <ddd>82</ddd>
    <siafi>2785</siafi>
  </cep>
  <cep>
    <cep>57062-410</cep>
    <logradouro>Alameda Maria Dirce Gomes da Silva</logradouro>
    <complemento/>
    <unidade/>
    <bairro>Petrópolis</bairro>
    <localidade>Maceió</localidade>
    <uf>AL</uf>
    <estado>Alagoas</estado>
    <região/>
    <ibge>2704302</ibge>
    <gia/>
    <ddd>82</ddd>
    <siafi>2785</siafi>
  </cep>
  <cep>
    <cep>57062-350</cep>
    <logradouro>Alameda Sisino Borges</logradouro>
    <complemento/>
    <unidade/>
    <bairro>Petrópolis</bairro>
    <localidade>Maceió</localidade>
    <uf>AL</uf>
    <estado>Alagoas</estado>
    <região/>
    <ibge>2704302</ibge>
    <gia/>
    <ddd>82</ddd>
    <siafi>2785</siafi>
  </cep>
  <cep>
    <cep>57062-360</cep>
    <logradouro>Alameda Felisberto Marinho Muniz Falcão</logradouro>
    <complemento/>
    <unidade/>
    <bairro>Petrópolis</bairro>
    <localidade>Maceió</localidade>
    <uf>AL</uf>
    <estado>Alagoas</estado>
    <região/>
    <ibge>2704302</ibge>
    <gia/>
    <ddd>82</ddd>
    <siafi>2785</siafi>
  </cep>
  <cep>
    <cep>57062-417</cep>
    <logradouro>Via Secundária</logradouro>
    <complemento>(Lot Jardim Petrópolis II)</complemento>
    <unidade/>
    <bairro>Petrópolis</bairro>
    <localidade>Maceió</localidade>
    <uf>AL</uf>
    <estado>Alagoas</estado>
    <região/>
    <ibge>2704302</ibge>
    <gia/>
    <ddd>82</ddd>
    <siafi>2785</siafi>
  </cep>
  <cep>
    <cep>57062-430</cep>
    <logradouro>Alameda Maria das Dores Dantas Santos</logradouro>
    <complemento/>
    <unidade/>
    <bairro>Petrópolis</bairro>
    <localidade>Maceió</localidade>
    <uf>AL</uf>
    <estado>Alagoas</estado>
    <região/>
    <ibge>2704302</ibge>
    <gia/>
    <ddd>82</ddd>
    <siafi>2785</siafi>
  </cep>
  <cep>
    <cep>57062-440</cep>
    <logradouro>Alameda Djalma Gama Brêda</logradouro>
    <complemento/>
    <unidade/>
    <bairro>Petrópolis</bairro>
    <localidade>Maceió</localidade>
    <uf>AL</uf>
    <estado>Alagoas</estado>
    <região/>
    <ibge>2704302</ibge>
    <gia/>
    <ddd>82</ddd>
    <siafi>2785</siafi>
  </cep>
  <cep>
    <cep>57062-424</cep>
    <logradouro>Rua Projetada 962</logradouro>
    <complemento>(Via Secundária D2)</complemento>
    <unidade/>
    <bairro>Petrópolis</bairro>
    <localidade>Maceió</localidade>
    <uf>AL</uf>
    <estado>Alagoas</estado>
    <região/>
    <ibge>2704302</ibge>
    <gia/>
    <ddd>82</ddd>
    <siafi>2785</siafi>
  </cep>
  <cep>
    <cep>57062-425</cep>
    <logradouro>Rua Marcos Aurélio</logradouro>
    <complemento/>
    <unidade/>
    <bairro>Petrópolis</bairro>
    <localidade>Maceió</localidade>
    <uf>AL</uf>
    <estado>Alagoas</estado>
    <região/>
    <ibge>2704302</ibge>
    <gia/>
    <ddd>82</ddd>
    <siafi>2785</siafi>
  </cep>
  <cep>
    <cep>57062-495</cep>
    <logradouro>Rua Santa Maria</logradouro>
    <complemento/>
    <unidade/>
    <bairro>Petrópolis</bairro>
    <localidade>Maceió</localidade>
    <uf>AL</uf>
    <estado>Alagoas</estado>
    <região/>
    <ibge>2704302</ibge>
    <gia/>
    <ddd>82</ddd>
    <siafi>2785</siafi>
  </cep>
  <cep>
    <cep>57062-450</cep>
    <logradouro>Alameda Aurélio Buarque de Holanda</logradouro>
    <complemento/>
    <unidade/>
    <bairro>Petrópolis</bairro>
    <localidade>Maceió</localidade>
    <uf>AL</uf>
    <estado>Alagoas</estado>
    <região/>
    <ibge>2704302</ibge>
    <gia/>
    <ddd>82</ddd>
    <siafi>2785</siafi>
  </cep>
  <cep>
    <cep>57062-465</cep>
    <logradouro>Avenida Santo Amaro</logradouro>
    <complemento/>
    <unidade/>
    <bairro>Petrópolis</bairro>
    <localidade>Maceió</localidade>
    <uf>AL</uf>
    <estado>Alagoas</estado>
    <região/>
    <ibge>2704302</ibge>
    <gia/>
    <ddd>82</ddd>
    <siafi>2785</siafi>
  </cep>
  <cep>
    <cep>57062-466</cep>
    <logradouro>Travessa Santo Amaro</logradouro>
    <complemento/>
    <unidade/>
    <bairro>Petrópolis</bairro>
    <localidade>Maceió</localidade>
    <uf>AL</uf>
    <estado>Alagoas</estado>
    <região/>
    <ibge>2704302</ibge>
    <gia/>
    <ddd>82</ddd>
    <siafi>2785</siafi>
  </cep>
  <cep>
    <cep>57062-487</cep>
    <logradouro>Rua São Pedro</logradouro>
    <complemento/>
    <unidade/>
    <bairro>Petrópolis</bairro>
    <localidade>Maceió</localidade>
    <uf>AL</uf>
    <estado>Alagoas</estado>
    <região/>
    <ibge>2704302</ibge>
    <gia/>
    <ddd>82</ddd>
    <siafi>2785</siafi>
  </cep>
  <cep>
    <cep>57062-475</cep>
    <logradouro>Avenida São Carlos</logradouro>
    <complemento/>
    <unidade/>
    <bairro>Petrópolis</bairro>
    <localidade>Maceió</localidade>
    <uf>AL</uf>
    <estado>Alagoas</estado>
    <região/>
    <ibge>2704302</ibge>
    <gia/>
    <ddd>82</ddd>
    <siafi>2785</siafi>
  </cep>
  <cep>
    <cep>57062-472</cep>
    <logradouro>Rua Sandra Gomes</logradouro>
    <complemento>(Lot Jardinópolis)</complemento>
    <unidade/>
    <bairro>Petrópolis</bairro>
    <localidade>Maceió</localidade>
    <uf>AL</uf>
    <estado>Alagoas</estado>
    <região/>
    <ibge>2704302</ibge>
    <gia/>
    <ddd>82</ddd>
    <siafi>2785</siafi>
  </cep>
  <cep>
    <cep>57062-486</cep>
    <logradouro>2ª Rua São Francisco</logradouro>
    <complemento/>
    <unidade/>
    <bairro>Petrópolis</bairro>
    <localidade>Maceió</localidade>
    <uf>AL</uf>
    <estado>Alagoas</estado>
    <região/>
    <ibge>2704302</ibge>
    <gia/>
    <ddd>82</ddd>
    <siafi>2785</siafi>
  </cep>
  <cep>
    <cep>57062-530</cep>
    <logradouro>Avenida Empresário Lourival Lôbo Ferreira</logradouro>
    <complemento/>
    <unidade/>
    <bairro>Petrópolis</bairro>
    <localidade>Maceió</localidade>
    <uf>AL</uf>
    <estado>Alagoas</estado>
    <região/>
    <ibge>2704302</ibge>
    <gia/>
    <ddd>82</ddd>
    <siafi>2785</siafi>
  </cep>
  <cep>
    <cep>57062-455</cep>
    <logradouro>Rua Projetada 958</logradouro>
    <complemento>(Lot Jardim Petrópolis II)</complemento>
    <unidade/>
    <bairro>Petrópolis</bairro>
    <localidade>Maceió</localidade>
    <uf>AL</uf>
    <estado>Alagoas</estado>
    <região/>
    <ibge>2704302</ibge>
    <gia/>
    <ddd>82</ddd>
    <siafi>2785</siafi>
  </cep>
  <cep>
    <cep>57062-520</cep>
    <logradouro>Alameda Acadêmico Alexandre Elias de Albuquerque Sarmento</logradouro>
    <complemento/>
    <unidade/>
    <bairro>Petrópolis</bairro>
    <localidade>Maceió</localidade>
    <uf>AL</uf>
    <estado>Alagoas</estado>
    <região/>
    <ibge>2704302</ibge>
    <gia/>
    <ddd>82</ddd>
    <siafi>2785</siafi>
  </cep>
  <cep>
    <cep>57062-540</cep>
    <logradouro>Alameda Empresário Jarsen Cortez Costa</logradouro>
    <complemento/>
    <unidade/>
    <bairro>Petrópolis</bairro>
    <localidade>Maceió</localidade>
    <uf>AL</uf>
    <estado>Alagoas</estado>
    <região/>
    <ibge>2704302</ibge>
    <gia/>
    <ddd>82</ddd>
    <siafi>2785</siafi>
  </cep>
  <cep>
    <cep>57062-505</cep>
    <logradouro>Rua Oséas Santos</logradouro>
    <complemento/>
    <unidade/>
    <bairro>Petrópolis</bairro>
    <localidade>Maceió</localidade>
    <uf>AL</uf>
    <estado>Alagoas</estado>
    <região/>
    <ibge>2704302</ibge>
    <gia/>
    <ddd>82</ddd>
    <siafi>2785</siafi>
  </cep>
  <cep>
    <cep>57062-460</cep>
    <logradouro>Alameda Luiz Xavier de Carvalho</logradouro>
    <complemento/>
    <unidade/>
    <bairro>Petrópolis</bairro>
    <localidade>Maceió</localidade>
    <uf>AL</uf>
    <estado>Alagoas</estado>
    <região/>
    <ibge>2704302</ibge>
    <gia/>
    <ddd>82</ddd>
    <siafi>2785</siafi>
  </cep>
  <cep>
    <cep>57062-485</cep>
    <logradouro>Rua São Florisval</logradouro>
    <complemento/>
    <unidade/>
    <bairro>Petrópolis</bairro>
    <localidade>Maceió</localidade>
    <uf>AL</uf>
    <estado>Alagoas</estado>
    <região/>
    <ibge>2704302</ibge>
    <gia/>
    <ddd>82</ddd>
    <siafi>2785</siafi>
  </cep>
  <cep>
    <cep>57062-550</cep>
    <logradouro>Alameda Empresário Juvenal Lopes Ferreira de Omena</logradouro>
    <complemento/>
    <unidade/>
    <bairro>Petrópolis</bairro>
    <localidade>Maceió</localidade>
    <uf>AL</uf>
    <estado>Alagoas</estado>
    <região/>
    <ibge>2704302</ibge>
    <gia/>
    <ddd>82</ddd>
    <siafi>2785</siafi>
  </cep>
  <cep>
    <cep>57062-554</cep>
    <logradouro>Rua Nossa Senhora Aparecida</logradouro>
    <complemento>(Lot Jardinópolis)</complemento>
    <unidade/>
    <bairro>Petrópolis</bairro>
    <localidade>Maceió</localidade>
    <uf>AL</uf>
    <estado>Alagoas</estado>
    <região/>
    <ibge>2704302</ibge>
    <gia/>
    <ddd>82</ddd>
    <siafi>2785</siafi>
  </cep>
  <cep>
    <cep>57062-572</cep>
    <logradouro>Alameda H-3</logradouro>
    <complemento>(Lot Jd Petropolis II)</complemento>
    <unidade/>
    <bairro>Petrópolis</bairro>
    <localidade>Maceió</localidade>
    <uf>AL</uf>
    <estado>Alagoas</estado>
    <região/>
    <ibge>2704302</ibge>
    <gia/>
    <ddd>82</ddd>
    <siafi>2785</siafi>
  </cep>
  <cep>
    <cep>57062-570</cep>
    <logradouro>Alameda Guiomar Omena</logradouro>
    <complemento/>
    <unidade/>
    <bairro>Petrópolis</bairro>
    <localidade>Maceió</localidade>
    <uf>AL</uf>
    <estado>Alagoas</estado>
    <região/>
    <ibge>2704302</ibge>
    <gia/>
    <ddd>82</ddd>
    <siafi>2785</siafi>
  </cep>
  <cep>
    <cep>57062-571</cep>
    <logradouro>Alameda H-4</logradouro>
    <complemento>(Lot Jd Petropolis II)</complemento>
    <unidade/>
    <bairro>Petrópolis</bairro>
    <localidade>Maceió</localidade>
    <uf>AL</uf>
    <estado>Alagoas</estado>
    <região/>
    <ibge>2704302</ibge>
    <gia/>
    <ddd>82</ddd>
    <siafi>2785</siafi>
  </cep>
  <cep>
    <cep>57062-580</cep>
    <logradouro>Alameda Doutor Teógenes Augusto de Barros</logradouro>
    <complemento/>
    <unidade/>
    <bairro>Petrópolis</bairro>
    <localidade>Maceió</localidade>
    <uf>AL</uf>
    <estado>Alagoas</estado>
    <região/>
    <ibge>2704302</ibge>
    <gia/>
    <ddd>82</ddd>
    <siafi>2785</siafi>
  </cep>
  <cep>
    <cep>57062-560</cep>
    <logradouro>Alameda Luíza Suruagy</logradouro>
    <complemento/>
    <unidade/>
    <bairro>Petrópolis</bairro>
    <localidade>Maceió</localidade>
    <uf>AL</uf>
    <estado>Alagoas</estado>
    <região/>
    <ibge>2704302</ibge>
    <gia/>
    <ddd>82</ddd>
    <siafi>2785</siafi>
  </cep>
  <cep>
    <cep>57062-555</cep>
    <logradouro>Rua Antônio Casado de Amorim</logradouro>
    <complemento/>
    <unidade/>
    <bairro>Petrópolis</bairro>
    <localidade>Maceió</localidade>
    <uf>AL</uf>
    <estado>Alagoas</estado>
    <região/>
    <ibge>2704302</ibge>
    <gia/>
    <ddd>82</ddd>
    <siafi>2785</siafi>
  </cep>
  <cep>
    <cep>57062-584</cep>
    <logradouro>Rua Doutor Geraldo Pereira Brazil</logradouro>
    <complemento>(Cj Morada do Bosque)</complemento>
    <unidade/>
    <bairro>Petrópolis</bairro>
    <localidade>Maceió</localidade>
    <uf>AL</uf>
    <estado>Alagoas</estado>
    <região/>
    <ibge>2704302</ibge>
    <gia/>
    <ddd>82</ddd>
    <siafi>2785</siafi>
  </cep>
  <cep>
    <cep>57062-585</cep>
    <logradouro>Rua Hilda de Pereira Monte</logradouro>
    <complemento/>
    <unidade/>
    <bairro>Petrópolis</bairro>
    <localidade>Maceió</localidade>
    <uf>AL</uf>
    <estado>Alagoas</estado>
    <região/>
    <ibge>2704302</ibge>
    <gia/>
    <ddd>82</ddd>
    <siafi>2785</siafi>
  </cep>
  <cep>
    <cep>57062-588</cep>
    <logradouro>Rua Projetada 1048</logradouro>
    <complemento>(Cj Morada do Bosque)</complemento>
    <unidade/>
    <bairro>Petrópolis</bairro>
    <localidade>Maceió</localidade>
    <uf>AL</uf>
    <estado>Alagoas</estado>
    <região/>
    <ibge>2704302</ibge>
    <gia/>
    <ddd>82</ddd>
    <siafi>2785</siafi>
  </cep>
  <cep>
    <cep>57062-587</cep>
    <logradouro>Condomínio Gabriela Uchôa</logradouro>
    <complemento/>
    <unidade/>
    <bairro>Petrópolis</bairro>
    <localidade>Maceió</localidade>
    <uf>AL</uf>
    <estado>Alagoas</estado>
    <região/>
    <ibge>2704302</ibge>
    <gia/>
    <ddd>82</ddd>
    <siafi>2785</siafi>
  </cep>
  <cep>
    <cep>57062-589</cep>
    <logradouro>Rua Projetada 1049</logradouro>
    <complemento>(Cj Morada do Bosque)</complemento>
    <unidade/>
    <bairro>Petrópolis</bairro>
    <localidade>Maceió</localidade>
    <uf>AL</uf>
    <estado>Alagoas</estado>
    <região/>
    <ibge>2704302</ibge>
    <gia/>
    <ddd>82</ddd>
    <siafi>2785</siafi>
  </cep>
  <cep>
    <cep>57062-590</cep>
    <logradouro>Avenida Galba Novaes de Castro</logradouro>
    <complemento/>
    <unidade/>
    <bairro>Petrópolis</bairro>
    <localidade>Maceió</localidade>
    <uf>AL</uf>
    <estado>Alagoas</estado>
    <região/>
    <ibge>2704302</ibge>
    <gia/>
    <ddd>82</ddd>
    <siafi>2785</siafi>
  </cep>
  <cep>
    <cep>57062-591</cep>
    <logradouro>Residencial Parque Petrópolis I</logradouro>
    <complemento/>
    <unidade/>
    <bairro>Petrópolis</bairro>
    <localidade>Maceió</localidade>
    <uf>AL</uf>
    <estado>Alagoas</estado>
    <região/>
    <ibge>2704302</ibge>
    <gia/>
    <ddd>82</ddd>
    <siafi>2785</siafi>
  </cep>
  <cep>
    <cep>57062-592</cep>
    <logradouro>Residencial Parque Petrópolis II</logradouro>
    <complemento/>
    <unidade/>
    <bairro>Petrópolis</bairro>
    <localidade>Maceió</localidade>
    <uf>AL</uf>
    <estado>Alagoas</estado>
    <região/>
    <ibge>2704302</ibge>
    <gia/>
    <ddd>82</ddd>
    <siafi>2785</siafi>
  </cep>
  <cep>
    <cep>57062-593</cep>
    <logradouro>Residencial Parque Petrópolis III</logradouro>
    <complemento/>
    <unidade/>
    <bairro>Petrópolis</bairro>
    <localidade>Maceió</localidade>
    <uf>AL</uf>
    <estado>Alagoas</estado>
    <região/>
    <ibge>2704302</ibge>
    <gia/>
    <ddd>82</ddd>
    <siafi>2785</siafi>
  </cep>
  <cep>
    <cep>57062-595</cep>
    <logradouro>Alameda Heloísa Marinho de Gusmão Medeiros</logradouro>
    <complemento/>
    <unidade/>
    <bairro>Petrópolis</bairro>
    <localidade>Maceió</localidade>
    <uf>AL</uf>
    <estado>Alagoas</estado>
    <região/>
    <ibge>2704302</ibge>
    <gia/>
    <ddd>82</ddd>
    <siafi>2785</siafi>
  </cep>
  <cep>
    <cep>57062-597</cep>
    <logradouro>Alameda E-2</logradouro>
    <complemento>(Lot Jd Petrópolis II)</complemento>
    <unidade/>
    <bairro>Petrópolis</bairro>
    <localidade>Maceió</localidade>
    <uf>AL</uf>
    <estado>Alagoas</estado>
    <região/>
    <ibge>2704302</ibge>
    <gia/>
    <ddd>82</ddd>
    <siafi>2785</siafi>
  </cep>
  <cep>
    <cep>57062-610</cep>
    <logradouro>Alameda Engenheiro Alzir Furtado Machado</logradouro>
    <complemento/>
    <unidade/>
    <bairro>Petrópolis</bairro>
    <localidade>Maceió</localidade>
    <uf>AL</uf>
    <estado>Alagoas</estado>
    <região/>
    <ibge>2704302</ibge>
    <gia/>
    <ddd>82</ddd>
    <siafi>2785</siafi>
  </cep>
  <cep>
    <cep>57062-602</cep>
    <logradouro>Loteamento Goiabeiras</logradouro>
    <complemento/>
    <unidade/>
    <bairro>Petrópolis</bairro>
    <localidade>Maceió</localidade>
    <uf>AL</uf>
    <estado>Alagoas</estado>
    <região/>
    <ibge>2704302</ibge>
    <gia/>
    <ddd>82</ddd>
    <siafi>2785</siafi>
  </cep>
  <cep>
    <cep>57062-631</cep>
    <logradouro>Rua 18-A</logradouro>
    <complemento>(Cj João Sampaio I)</complemento>
    <unidade/>
    <bairro>Petrópolis</bairro>
    <localidade>Maceió</localidade>
    <uf>AL</uf>
    <estado>Alagoas</estado>
    <região/>
    <ibge>2704302</ibge>
    <gia/>
    <ddd>82</ddd>
    <siafi>2785</siafi>
  </cep>
  <cep>
    <cep>57062-620</cep>
    <logradouro>Alameda Marechal Henrique Dufles Batista Teixeira Lott</logradouro>
    <complemento/>
    <unidade/>
    <bairro>Petrópolis</bairro>
    <localidade>Maceió</localidade>
    <uf>AL</uf>
    <estado>Alagoas</estado>
    <região/>
    <ibge>2704302</ibge>
    <gia/>
    <ddd>82</ddd>
    <siafi>2785</siafi>
  </cep>
  <cep>
    <cep>57062-633</cep>
    <logradouro>Rua 4-A</logradouro>
    <complemento>(Cj João Sampaio I)</complemento>
    <unidade/>
    <bairro>Petrópolis</bairro>
    <localidade>Maceió</localidade>
    <uf>AL</uf>
    <estado>Alagoas</estado>
    <região/>
    <ibge>2704302</ibge>
    <gia/>
    <ddd>82</ddd>
    <siafi>2785</siafi>
  </cep>
  <cep>
    <cep>57062-636</cep>
    <logradouro>Rua Perimetral 5</logradouro>
    <complemento/>
    <unidade/>
    <bairro>Petrópolis</bairro>
    <localidade>Maceió</localidade>
    <uf>AL</uf>
    <estado>Alagoas</estado>
    <região/>
    <ibge>2704302</ibge>
    <gia/>
    <ddd>82</ddd>
    <siafi>2785</siafi>
  </cep>
  <cep>
    <cep>57062-638</cep>
    <logradouro>Rua Perimetral 2</logradouro>
    <complemento/>
    <unidade/>
    <bairro>Petrópolis</bairro>
    <localidade>Maceió</localidade>
    <uf>AL</uf>
    <estado>Alagoas</estado>
    <região/>
    <ibge>2704302</ibge>
    <gia/>
    <ddd>82</ddd>
    <siafi>2785</siafi>
  </cep>
  <cep>
    <cep>57062-644</cep>
    <logradouro>Rua 2-A</logradouro>
    <complemento>(Cj João Sampaio I)</complemento>
    <unidade/>
    <bairro>Petrópolis</bairro>
    <localidade>Maceió</localidade>
    <uf>AL</uf>
    <estado>Alagoas</estado>
    <região/>
    <ibge>2704302</ibge>
    <gia/>
    <ddd>82</ddd>
    <siafi>2785</siafi>
  </cep>
  <cep>
    <cep>57062-646</cep>
    <logradouro>Rua 3-A</logradouro>
    <complemento>(Cj João Sampaio I)</complemento>
    <unidade/>
    <bairro>Petrópolis</bairro>
    <localidade>Maceió</localidade>
    <uf>AL</uf>
    <estado>Alagoas</estado>
    <região/>
    <ibge>2704302</ibge>
    <gia/>
    <ddd>82</ddd>
    <siafi>2785</siafi>
  </cep>
  <cep>
    <cep>57062-643</cep>
    <logradouro>Rua 20-A</logradouro>
    <complemento>(Cj João Sampaio I)</complemento>
    <unidade/>
    <bairro>Petrópolis</bairro>
    <localidade>Maceió</localidade>
    <uf>AL</uf>
    <estado>Alagoas</estado>
    <região/>
    <ibge>2704302</ibge>
    <gia/>
    <ddd>82</ddd>
    <siafi>2785</siafi>
  </cep>
  <cep>
    <cep>57062-648</cep>
    <logradouro>Rua 8-A</logradouro>
    <complemento>(Cj João Sampaio I)</complemento>
    <unidade/>
    <bairro>Petrópolis</bairro>
    <localidade>Maceió</localidade>
    <uf>AL</uf>
    <estado>Alagoas</estado>
    <região/>
    <ibge>2704302</ibge>
    <gia/>
    <ddd>82</ddd>
    <siafi>2785</siafi>
  </cep>
  <cep>
    <cep>57062-645</cep>
    <logradouro>Rua 11-AB</logradouro>
    <complemento>(Cj João Sampaio I)</complemento>
    <unidade/>
    <bairro>Petrópolis</bairro>
    <localidade>Maceió</localidade>
    <uf>AL</uf>
    <estado>Alagoas</estado>
    <região/>
    <ibge>2704302</ibge>
    <gia/>
    <ddd>82</ddd>
    <siafi>2785</siafi>
  </cep>
  <cep>
    <cep>57062-653</cep>
    <logradouro>Rua 14-A</logradouro>
    <complemento>(Cj João Sampaio I)</complemento>
    <unidade/>
    <bairro>Petrópolis</bairro>
    <localidade>Maceió</localidade>
    <uf>AL</uf>
    <estado>Alagoas</estado>
    <região/>
    <ibge>2704302</ibge>
    <gia/>
    <ddd>82</ddd>
    <siafi>2785</siafi>
  </cep>
  <cep>
    <cep>57062-632</cep>
    <logradouro>Rua Perimetral 3</logradouro>
    <complemento/>
    <unidade/>
    <bairro>Petrópolis</bairro>
    <localidade>Maceió</localidade>
    <uf>AL</uf>
    <estado>Alagoas</estado>
    <região/>
    <ibge>2704302</ibge>
    <gia/>
    <ddd>82</ddd>
    <siafi>2785</siafi>
  </cep>
  <cep>
    <cep>57062-634</cep>
    <logradouro>Rua Perimetral 6</logradouro>
    <complemento/>
    <unidade/>
    <bairro>Petrópolis</bairro>
    <localidade>Maceió</localidade>
    <uf>AL</uf>
    <estado>Alagoas</estado>
    <região/>
    <ibge>2704302</ibge>
    <gia/>
    <ddd>82</ddd>
    <siafi>2785</siafi>
  </cep>
  <cep>
    <cep>57062-641</cep>
    <logradouro>Rua 11-B</logradouro>
    <complemento>(Cj João Sampaio I)</complemento>
    <unidade/>
    <bairro>Petrópolis</bairro>
    <localidade>Maceió</localidade>
    <uf>AL</uf>
    <estado>Alagoas</estado>
    <região/>
    <ibge>2704302</ibge>
    <gia/>
    <ddd>82</ddd>
    <siafi>2785</siafi>
  </cep>
  <cep>
    <cep>57062-647</cep>
    <logradouro>Rua 5-A</logradouro>
    <complemento>(Cj João Sampaio I)</complemento>
    <unidade/>
    <bairro>Petrópolis</bairro>
    <localidade>Maceió</localidade>
    <uf>AL</uf>
    <estado>Alagoas</estado>
    <região/>
    <ibge>2704302</ibge>
    <gia/>
    <ddd>82</ddd>
    <siafi>2785</siafi>
  </cep>
  <cep>
    <cep>57062-652</cep>
    <logradouro>Rua 11-A</logradouro>
    <complemento>(Cj João Sampaio I)</complemento>
    <unidade/>
    <bairro>Petrópolis</bairro>
    <localidade>Maceió</localidade>
    <uf>AL</uf>
    <estado>Alagoas</estado>
    <região/>
    <ibge>2704302</ibge>
    <gia/>
    <ddd>82</ddd>
    <siafi>2785</siafi>
  </cep>
  <cep>
    <cep>57062-036</cep>
    <logradouro>Condomínio Bosque das Palmeiras</logradouro>
    <complemento/>
    <unidade/>
    <bairro>Petrópolis</bairro>
    <localidade>Maceió</localidade>
    <uf>AL</uf>
    <estado>Alagoas</estado>
    <região/>
    <ibge>2704302</ibge>
    <gia/>
    <ddd>82</ddd>
    <siafi>2785</siafi>
  </cep>
  <cep>
    <cep>57062-642</cep>
    <logradouro>Rua Perimetral 4</logradouro>
    <complemento/>
    <unidade/>
    <bairro>Petrópolis</bairro>
    <localidade>Maceió</localidade>
    <uf>AL</uf>
    <estado>Alagoas</estado>
    <região/>
    <ibge>2704302</ibge>
    <gia/>
    <ddd>82</ddd>
    <siafi>2785</siafi>
  </cep>
  <cep>
    <cep>57062-651</cep>
    <logradouro>Rua 10-A</logradouro>
    <complemento>(Cj João Sampaio I)</complemento>
    <unidade/>
    <bairro>Petrópolis</bairro>
    <localidade>Maceió</localidade>
    <uf>AL</uf>
    <estado>Alagoas</estado>
    <região/>
    <ibge>2704302</ibge>
    <gia/>
    <ddd>82</ddd>
    <siafi>2785</siafi>
  </cep>
  <cep>
    <cep>57062-649</cep>
    <logradouro>Rua 9-A</logradouro>
    <complemento>(Cj João Sampaio I)</complemento>
    <unidade/>
    <bairro>Petrópolis</bairro>
    <localidade>Maceió</localidade>
    <uf>AL</uf>
    <estado>Alagoas</estado>
    <região/>
    <ibge>2704302</ibge>
    <gia/>
    <ddd>82</ddd>
    <siafi>2785</siafi>
  </cep>
  <cep>
    <cep>57062-657</cep>
    <logradouro>Rua 17-A</logradouro>
    <complemento>(Cj João Sampaio I)</complemento>
    <unidade/>
    <bairro>Petrópolis</bairro>
    <localidade>Maceió</localidade>
    <uf>AL</uf>
    <estado>Alagoas</estado>
    <região/>
    <ibge>2704302</ibge>
    <gia/>
    <ddd>82</ddd>
    <siafi>2785</siafi>
  </cep>
  <cep>
    <cep>57062-658</cep>
    <logradouro>Rua 12-A</logradouro>
    <complemento>(Cj João Sampaio I)</complemento>
    <unidade/>
    <bairro>Petrópolis</bairro>
    <localidade>Maceió</localidade>
    <uf>AL</uf>
    <estado>Alagoas</estado>
    <região/>
    <ibge>2704302</ibge>
    <gia/>
    <ddd>82</ddd>
    <siafi>2785</siafi>
  </cep>
  <cep>
    <cep>57062-720</cep>
    <logradouro>Rua São Pedro</logradouro>
    <complemento>(Chã Nova)</complemento>
    <unidade/>
    <bairro>Petrópolis</bairro>
    <localidade>Maceió</localidade>
    <uf>AL</uf>
    <estado>Alagoas</estado>
    <região/>
    <ibge>2704302</ibge>
    <gia/>
    <ddd>82</ddd>
    <siafi>2785</siafi>
  </cep>
  <cep>
    <cep>57062-765</cep>
    <logradouro>Travessa São Luiz</logradouro>
    <complemento/>
    <unidade/>
    <bairro>Petrópolis</bairro>
    <localidade>Maceió</localidade>
    <uf>AL</uf>
    <estado>Alagoas</estado>
    <região/>
    <ibge>2704302</ibge>
    <gia/>
    <ddd>82</ddd>
    <siafi>2785</siafi>
  </cep>
  <cep>
    <cep>57062-715</cep>
    <logradouro>Rua São João</logradouro>
    <complemento/>
    <unidade/>
    <bairro>Petrópolis</bairro>
    <localidade>Maceió</localidade>
    <uf>AL</uf>
    <estado>Alagoas</estado>
    <região/>
    <ibge>2704302</ibge>
    <gia/>
    <ddd>82</ddd>
    <siafi>2785</siafi>
  </cep>
  <cep>
    <cep>57062-770</cep>
    <logradouro>Rua São José</logradouro>
    <complemento>(Cj Monte Alegre)</complemento>
    <unidade/>
    <bairro>Petrópolis</bairro>
    <localidade>Maceió</localidade>
    <uf>AL</uf>
    <estado>Alagoas</estado>
    <região/>
    <ibge>2704302</ibge>
    <gia/>
    <ddd>82</ddd>
    <siafi>2785</siafi>
  </cep>
  <cep>
    <cep>57062-750</cep>
    <logradouro>Rua Wilson Praxedes</logradouro>
    <complemento/>
    <unidade/>
    <bairro>Petrópolis</bairro>
    <localidade>Maceió</localidade>
    <uf>AL</uf>
    <estado>Alagoas</estado>
    <região/>
    <ibge>2704302</ibge>
    <gia/>
    <ddd>82</ddd>
    <siafi>2785</siafi>
  </cep>
  <cep>
    <cep>57062-680</cep>
    <logradouro>Rua A</logradouro>
    <complemento>(Lot Caminho Árvores)</complemento>
    <unidade/>
    <bairro>Petrópolis</bairro>
    <localidade>Maceió</localidade>
    <uf>AL</uf>
    <estado>Alagoas</estado>
    <região/>
    <ibge>2704302</ibge>
    <gia/>
    <ddd>82</ddd>
    <siafi>2785</siafi>
  </cep>
  <cep>
    <cep>57062-656</cep>
    <logradouro>Rua 16-A</logradouro>
    <complemento>(Cj João Sampaio I)</complemento>
    <unidade/>
    <bairro>Petrópolis</bairro>
    <localidade>Maceió</localidade>
    <uf>AL</uf>
    <estado>Alagoas</estado>
    <região/>
    <ibge>2704302</ibge>
    <gia/>
    <ddd>82</ddd>
    <siafi>2785</siafi>
  </cep>
  <cep>
    <cep>57062-772</cep>
    <logradouro>Rua Grota Monte Azul</logradouro>
    <complemento/>
    <unidade/>
    <bairro>Petrópolis</bairro>
    <localidade>Maceió</localidade>
    <uf>AL</uf>
    <estado>Alagoas</estado>
    <região/>
    <ibge>2704302</ibge>
    <gia/>
    <ddd>82</ddd>
    <siafi>2785</siafi>
  </cep>
  <cep>
    <cep>57062-801</cep>
    <logradouro>Rua Santo Antonio</logradouro>
    <complemento/>
    <unidade/>
    <bairro>Santo Amaro</bairro>
    <localidade>Maceió</localidade>
    <uf>AL</uf>
    <estado>Alagoas</estado>
    <região/>
    <ibge>2704302</ibge>
    <gia/>
    <ddd>82</ddd>
    <siafi>2785</siafi>
  </cep>
  <cep>
    <cep>57062-744</cep>
    <logradouro>Condomínio Dom Elder</logradouro>
    <complemento>(Cj Monte Alegre)</complemento>
    <unidade/>
    <bairro>Petrópolis</bairro>
    <localidade>Maceió</localidade>
    <uf>AL</uf>
    <estado>Alagoas</estado>
    <região/>
    <ibge>2704302</ibge>
    <gia/>
    <ddd>82</ddd>
    <siafi>2785</siafi>
  </cep>
  <cep>
    <cep>57062-758</cep>
    <logradouro>Escadaria São Luiz</logradouro>
    <complemento>(Monte Alegre)</complemento>
    <unidade/>
    <bairro>Petrópolis</bairro>
    <localidade>Maceió</localidade>
    <uf>AL</uf>
    <estado>Alagoas</estado>
    <região/>
    <ibge>2704302</ibge>
    <gia/>
    <ddd>82</ddd>
    <siafi>2785</siafi>
  </cep>
  <cep>
    <cep>57062-682</cep>
    <logradouro>Rua B</logradouro>
    <complemento>(Lot Caminho Árvores)</complemento>
    <unidade/>
    <bairro>Petrópolis</bairro>
    <localidade>Maceió</localidade>
    <uf>AL</uf>
    <estado>Alagoas</estado>
    <região/>
    <ibge>2704302</ibge>
    <gia/>
    <ddd>82</ddd>
    <siafi>2785</siafi>
  </cep>
  <cep>
    <cep>57062-661</cep>
    <logradouro>Rua 21-A</logradouro>
    <complemento>(Cj João Sampaio I)</complemento>
    <unidade/>
    <bairro>Petrópolis</bairro>
    <localidade>Maceió</localidade>
    <uf>AL</uf>
    <estado>Alagoas</estado>
    <região/>
    <ibge>2704302</ibge>
    <gia/>
    <ddd>82</ddd>
    <siafi>2785</siafi>
  </cep>
  <cep>
    <cep>57062-662</cep>
    <logradouro>Rua 32 - A</logradouro>
    <complemento>(Cj João Sampaio I)</complemento>
    <unidade/>
    <bairro>Petrópolis</bairro>
    <localidade>Maceió</localidade>
    <uf>AL</uf>
    <estado>Alagoas</estado>
    <região/>
    <ibge>2704302</ibge>
    <gia/>
    <ddd>82</ddd>
    <siafi>2785</siafi>
  </cep>
  <cep>
    <cep>57062-760</cep>
    <logradouro>Rua São Luiz</logradouro>
    <complemento>(Chã Nova)</complemento>
    <unidade/>
    <bairro>Petrópolis</bairro>
    <localidade>Maceió</localidade>
    <uf>AL</uf>
    <estado>Alagoas</estado>
    <região/>
    <ibge>2704302</ibge>
    <gia/>
    <ddd>82</ddd>
    <siafi>2785</siafi>
  </cep>
  <cep>
    <cep>57062-659</cep>
    <logradouro>Rua 19-A</logradouro>
    <complemento>(Cj João Sampaio I)</complemento>
    <unidade/>
    <bairro>Petrópolis</bairro>
    <localidade>Maceió</localidade>
    <uf>AL</uf>
    <estado>Alagoas</estado>
    <região/>
    <ibge>2704302</ibge>
    <gia/>
    <ddd>82</ddd>
    <siafi>2785</siafi>
  </cep>
  <cep>
    <cep>57062-752</cep>
    <logradouro>Condomínio Lúcio Costa</logradouro>
    <complemento>(Cj Monte Alegre)</complemento>
    <unidade/>
    <bairro>Petrópolis</bairro>
    <localidade>Maceió</localidade>
    <uf>AL</uf>
    <estado>Alagoas</estado>
    <região/>
    <ibge>2704302</ibge>
    <gia/>
    <ddd>82</ddd>
    <siafi>2785</siafi>
  </cep>
  <cep>
    <cep>57062-730</cep>
    <logradouro>Rua Djalma Fragoso de Alencar</logradouro>
    <complemento/>
    <unidade/>
    <bairro>Petrópolis</bairro>
    <localidade>Maceió</localidade>
    <uf>AL</uf>
    <estado>Alagoas</estado>
    <região/>
    <ibge>2704302</ibge>
    <gia/>
    <ddd>82</ddd>
    <siafi>2785</siafi>
  </cep>
  <cep>
    <cep>57062-740</cep>
    <logradouro>Rua Bela Vista</logradouro>
    <complemento/>
    <unidade/>
    <bairro>Petrópolis</bairro>
    <localidade>Maceió</localidade>
    <uf>AL</uf>
    <estado>Alagoas</estado>
    <região/>
    <ibge>2704302</ibge>
    <gia/>
    <ddd>82</ddd>
    <siafi>2785</siafi>
  </cep>
  <cep>
    <cep>57062-802</cep>
    <logradouro>Travessa Santo Antônio</logradouro>
    <complemento/>
    <unidade/>
    <bairro>Santo Amaro</bairro>
    <localidade>Maceió</localidade>
    <uf>AL</uf>
    <estado>Alagoas</estado>
    <região/>
    <ibge>2704302</ibge>
    <gia/>
    <ddd>82</ddd>
    <siafi>2785</siafi>
  </cep>
  <cep>
    <cep>57062-805</cep>
    <logradouro>Travessa Santo Amaro</logradouro>
    <complemento/>
    <unidade/>
    <bairro>Santo Amaro</bairro>
    <localidade>Maceió</localidade>
    <uf>AL</uf>
    <estado>Alagoas</estado>
    <região/>
    <ibge>2704302</ibge>
    <gia/>
    <ddd>82</ddd>
    <siafi>2785</siafi>
  </cep>
  <cep>
    <cep>57062-803</cep>
    <logradouro>Vila Césamo</logradouro>
    <complemento/>
    <unidade/>
    <bairro>Santo Amaro</bairro>
    <localidade>Maceió</localidade>
    <uf>AL</uf>
    <estado>Alagoas</estado>
    <região/>
    <ibge>2704302</ibge>
    <gia/>
    <ddd>82</ddd>
    <siafi>2785</siafi>
  </cep>
  <cep>
    <cep>57062-804</cep>
    <logradouro>Vila Bom Conselho</logradouro>
    <complemento/>
    <unidade/>
    <bairro>Santo Amaro</bairro>
    <localidade>Maceió</localidade>
    <uf>AL</uf>
    <estado>Alagoas</estado>
    <região/>
    <ibge>2704302</ibge>
    <gia/>
    <ddd>82</ddd>
    <siafi>2785</siafi>
  </cep>
  <cep>
    <cep>57062-806</cep>
    <logradouro>Escadaria Santa Helena</logradouro>
    <complemento/>
    <unidade/>
    <bairro>Santo Amaro</bairro>
    <localidade>Maceió</localidade>
    <uf>AL</uf>
    <estado>Alagoas</estado>
    <região/>
    <ibge>2704302</ibge>
    <gia/>
    <ddd>82</ddd>
    <siafi>2785</siafi>
  </cep>
  <cep>
    <cep>57062-808</cep>
    <logradouro>Travessa São Francisco</logradouro>
    <complemento/>
    <unidade/>
    <bairro>Santo Amaro</bairro>
    <localidade>Maceió</localidade>
    <uf>AL</uf>
    <estado>Alagoas</estado>
    <região/>
    <ibge>2704302</ibge>
    <gia/>
    <ddd>82</ddd>
    <siafi>2785</siafi>
  </cep>
  <cep>
    <cep>57062-810</cep>
    <logradouro>Rua Vereador Jorge Omena</logradouro>
    <complemento/>
    <unidade/>
    <bairro>Santo Amaro</bairro>
    <localidade>Maceió</localidade>
    <uf>AL</uf>
    <estado>Alagoas</estado>
    <região/>
    <ibge>2704302</ibge>
    <gia/>
    <ddd>82</ddd>
    <siafi>2785</siafi>
  </cep>
  <cep>
    <cep>57062-815</cep>
    <logradouro>1ª Travessa Ana Emília de Alencar</logradouro>
    <complemento/>
    <unidade/>
    <bairro>Santo Amaro</bairro>
    <localidade>Maceió</localidade>
    <uf>AL</uf>
    <estado>Alagoas</estado>
    <região/>
    <ibge>2704302</ibge>
    <gia/>
    <ddd>82</ddd>
    <siafi>2785</siafi>
  </cep>
  <cep>
    <cep>57062-811</cep>
    <logradouro>Rua São Francisco</logradouro>
    <complemento/>
    <unidade/>
    <bairro>Santo Amaro</bairro>
    <localidade>Maceió</localidade>
    <uf>AL</uf>
    <estado>Alagoas</estado>
    <região/>
    <ibge>2704302</ibge>
    <gia/>
    <ddd>82</ddd>
    <siafi>2785</siafi>
  </cep>
  <cep>
    <cep>57062-812</cep>
    <logradouro>Travessa Vereador Jorge Omena</logradouro>
    <complemento/>
    <unidade/>
    <bairro>Santo Amaro</bairro>
    <localidade>Maceió</localidade>
    <uf>AL</uf>
    <estado>Alagoas</estado>
    <região/>
    <ibge>2704302</ibge>
    <gia/>
    <ddd>82</ddd>
    <siafi>2785</siafi>
  </cep>
  <cep>
    <cep>57062-816</cep>
    <logradouro>2ª Travessa Ana Emília de Alencar</logradouro>
    <complemento/>
    <unidade/>
    <bairro>Santo Amaro</bairro>
    <localidade>Maceió</localidade>
    <uf>AL</uf>
    <estado>Alagoas</estado>
    <região/>
    <ibge>2704302</ibge>
    <gia/>
    <ddd>82</ddd>
    <siafi>2785</siafi>
  </cep>
  <cep>
    <cep>57062-820</cep>
    <logradouro>Rua Ana Emília de Alencar</logradouro>
    <complemento/>
    <unidade/>
    <bairro>Santo Amaro</bairro>
    <localidade>Maceió</localidade>
    <uf>AL</uf>
    <estado>Alagoas</estado>
    <região/>
    <ibge>2704302</ibge>
    <gia/>
    <ddd>82</ddd>
    <siafi>2785</siafi>
  </cep>
  <cep>
    <cep>57063-005</cep>
    <logradouro>Avenida Jorge Barros</logradouro>
    <complemento>lado ímpar</complemento>
    <unidade/>
    <bairro>Santa Amélia</bairro>
    <localidade>Maceió</localidade>
    <uf>AL</uf>
    <estado>Alagoas</estado>
    <região/>
    <ibge>2704302</ibge>
    <gia/>
    <ddd>82</ddd>
    <siafi>2785</siafi>
  </cep>
  <cep>
    <cep>57063-020</cep>
    <logradouro>Rua São Geraldo</logradouro>
    <complemento/>
    <unidade/>
    <bairro>Santa Amélia</bairro>
    <localidade>Maceió</localidade>
    <uf>AL</uf>
    <estado>Alagoas</estado>
    <região/>
    <ibge>2704302</ibge>
    <gia/>
    <ddd>82</ddd>
    <siafi>2785</siafi>
  </cep>
  <cep>
    <cep>57063-000</cep>
    <logradouro>Avenida Jorge Barros</logradouro>
    <complemento/>
    <unidade/>
    <bairro>Santa Amélia</bairro>
    <localidade>Maceió</localidade>
    <uf>AL</uf>
    <estado>Alagoas</estado>
    <região/>
    <ibge>2704302</ibge>
    <gia/>
    <ddd>82</ddd>
    <siafi>2785</siafi>
  </cep>
  <cep>
    <cep>57063-068</cep>
    <logradouro>Rua C</logradouro>
    <complemento>(Res Santa Amélia)</complemento>
    <unidade/>
    <bairro>Santa Amélia</bairro>
    <localidade>Maceió</localidade>
    <uf>AL</uf>
    <estado>Alagoas</estado>
    <região/>
    <ibge>2704302</ibge>
    <gia/>
    <ddd>82</ddd>
    <siafi>2785</siafi>
  </cep>
  <cep>
    <cep>57063-110</cep>
    <logradouro>Rua Doutor José de Almeida Albuquerque</logradouro>
    <complemento>(Lot Jd De La Reina)</complemento>
    <unidade/>
    <bairro>Santa Amélia</bairro>
    <localidade>Maceió</localidade>
    <uf>AL</uf>
    <estado>Alagoas</estado>
    <região/>
    <ibge>2704302</ibge>
    <gia/>
    <ddd>82</ddd>
    <siafi>2785</siafi>
  </cep>
  <cep>
    <cep>57063-160</cep>
    <logradouro>Rua Cônego Hélio Lessa Souza</logradouro>
    <complemento>(Lot Mel Ville)</complemento>
    <unidade/>
    <bairro>Santa Amélia</bairro>
    <localidade>Maceió</localidade>
    <uf>AL</uf>
    <estado>Alagoas</estado>
    <região/>
    <ibge>2704302</ibge>
    <gia/>
    <ddd>82</ddd>
    <siafi>2785</siafi>
  </cep>
  <cep>
    <cep>57063-216</cep>
    <logradouro>Rua Transversal III</logradouro>
    <complemento>(Lot Jd Petropolis II E)</complemento>
    <unidade/>
    <bairro>Santa Amélia</bairro>
    <localidade>Maceió</localidade>
    <uf>AL</uf>
    <estado>Alagoas</estado>
    <região/>
    <ibge>2704302</ibge>
    <gia/>
    <ddd>82</ddd>
    <siafi>2785</siafi>
  </cep>
  <cep>
    <cep>57063-219</cep>
    <logradouro>Rua Transversal II</logradouro>
    <complemento>(Lot Jd Petropolis II E)</complemento>
    <unidade/>
    <bairro>Santa Amélia</bairro>
    <localidade>Maceió</localidade>
    <uf>AL</uf>
    <estado>Alagoas</estado>
    <região/>
    <ibge>2704302</ibge>
    <gia/>
    <ddd>82</ddd>
    <siafi>2785</siafi>
  </cep>
  <cep>
    <cep>57063-221</cep>
    <logradouro>Alameda B3</logradouro>
    <complemento>(Lot Jd Petropolis II E)</complemento>
    <unidade/>
    <bairro>Santa Amélia</bairro>
    <localidade>Maceió</localidade>
    <uf>AL</uf>
    <estado>Alagoas</estado>
    <região/>
    <ibge>2704302</ibge>
    <gia/>
    <ddd>82</ddd>
    <siafi>2785</siafi>
  </cep>
  <cep>
    <cep>57063-058</cep>
    <logradouro>Rua E</logradouro>
    <complemento>(Lot Sombra dos Eucaliptos)</complemento>
    <unidade/>
    <bairro>Santa Amélia</bairro>
    <localidade>Maceió</localidade>
    <uf>AL</uf>
    <estado>Alagoas</estado>
    <região/>
    <ibge>2704302</ibge>
    <gia/>
    <ddd>82</ddd>
    <siafi>2785</siafi>
  </cep>
  <cep>
    <cep>57063-035</cep>
    <logradouro>Rua E</logradouro>
    <complemento>(Lot Sta Amélia)</complemento>
    <unidade/>
    <bairro>Santa Amélia</bairro>
    <localidade>Maceió</localidade>
    <uf>AL</uf>
    <estado>Alagoas</estado>
    <região/>
    <ibge>2704302</ibge>
    <gia/>
    <ddd>82</ddd>
    <siafi>2785</siafi>
  </cep>
  <cep>
    <cep>57063-170</cep>
    <logradouro>Rua José Rubens Uchôa Lins</logradouro>
    <complemento/>
    <unidade/>
    <bairro>Santa Amélia</bairro>
    <localidade>Maceió</localidade>
    <uf>AL</uf>
    <estado>Alagoas</estado>
    <região/>
    <ibge>2704302</ibge>
    <gia/>
    <ddd>82</ddd>
    <siafi>2785</siafi>
  </cep>
  <cep>
    <cep>57063-222</cep>
    <logradouro>Alameda B2</logradouro>
    <complemento>(Lot Jd Petropolis II E)</complemento>
    <unidade/>
    <bairro>Santa Amélia</bairro>
    <localidade>Maceió</localidade>
    <uf>AL</uf>
    <estado>Alagoas</estado>
    <região/>
    <ibge>2704302</ibge>
    <gia/>
    <ddd>82</ddd>
    <siafi>2785</siafi>
  </cep>
  <cep>
    <cep>57063-223</cep>
    <logradouro>Alameda B1</logradouro>
    <complemento>(Lot Jd Petropolis II E)</complemento>
    <unidade/>
    <bairro>Santa Amélia</bairro>
    <localidade>Maceió</localidade>
    <uf>AL</uf>
    <estado>Alagoas</estado>
    <região/>
    <ibge>2704302</ibge>
    <gia/>
    <ddd>82</ddd>
    <siafi>2785</siafi>
  </cep>
  <cep>
    <cep>57063-225</cep>
    <logradouro>Rua Ernandi de Albuquerque Santos</logradouro>
    <complemento/>
    <unidade/>
    <bairro>Santa Amélia</bairro>
    <localidade>Maceió</localidade>
    <uf>AL</uf>
    <estado>Alagoas</estado>
    <região/>
    <ibge>2704302</ibge>
    <gia/>
    <ddd>82</ddd>
    <siafi>2785</siafi>
  </cep>
  <cep>
    <cep>57063-033</cep>
    <logradouro>Rua C</logradouro>
    <complemento>(Lot Sta Amélia)</complemento>
    <unidade/>
    <bairro>Santa Amélia</bairro>
    <localidade>Maceió</localidade>
    <uf>AL</uf>
    <estado>Alagoas</estado>
    <região/>
    <ibge>2704302</ibge>
    <gia/>
    <ddd>82</ddd>
    <siafi>2785</siafi>
  </cep>
  <cep>
    <cep>57063-051</cep>
    <logradouro>Rua Alto dos Eucaliptos</logradouro>
    <complemento/>
    <unidade/>
    <bairro>Santa Amélia</bairro>
    <localidade>Maceió</localidade>
    <uf>AL</uf>
    <estado>Alagoas</estado>
    <região/>
    <ibge>2704302</ibge>
    <gia/>
    <ddd>82</ddd>
    <siafi>2785</siafi>
  </cep>
  <cep>
    <cep>57063-034</cep>
    <logradouro>Rua em Projeto D</logradouro>
    <complemento>(Lot Sta Amélia)</complemento>
    <unidade/>
    <bairro>Santa Amélia</bairro>
    <localidade>Maceió</localidade>
    <uf>AL</uf>
    <estado>Alagoas</estado>
    <região/>
    <ibge>2704302</ibge>
    <gia/>
    <ddd>82</ddd>
    <siafi>2785</siafi>
  </cep>
  <cep>
    <cep>57063-052</cep>
    <logradouro>Rua A</logradouro>
    <complemento>(Lot Sombra dos Eucalíptos)</complemento>
    <unidade/>
    <bairro>Santa Amélia</bairro>
    <localidade>Maceió</localidade>
    <uf>AL</uf>
    <estado>Alagoas</estado>
    <região/>
    <ibge>2704302</ibge>
    <gia/>
    <ddd>82</ddd>
    <siafi>2785</siafi>
  </cep>
  <cep>
    <cep>57063-140</cep>
    <logradouro>Rua Doutor Durval Braga</logradouro>
    <complemento>(Lot Mel Ville)</complemento>
    <unidade/>
    <bairro>Santa Amélia</bairro>
    <localidade>Maceió</localidade>
    <uf>AL</uf>
    <estado>Alagoas</estado>
    <região/>
    <ibge>2704302</ibge>
    <gia/>
    <ddd>82</ddd>
    <siafi>2785</siafi>
  </cep>
  <cep>
    <cep>57063-031</cep>
    <logradouro>Rua A</logradouro>
    <complemento>(Lot Sta Amélia)</complemento>
    <unidade/>
    <bairro>Santa Amélia</bairro>
    <localidade>Maceió</localidade>
    <uf>AL</uf>
    <estado>Alagoas</estado>
    <região/>
    <ibge>2704302</ibge>
    <gia/>
    <ddd>82</ddd>
    <siafi>2785</siafi>
  </cep>
  <cep>
    <cep>57063-072</cep>
    <logradouro>Rua em Projeto E</logradouro>
    <complemento>(Lot Santa Amélia)</complemento>
    <unidade/>
    <bairro>Santa Amélia</bairro>
    <localidade>Maceió</localidade>
    <uf>AL</uf>
    <estado>Alagoas</estado>
    <região/>
    <ibge>2704302</ibge>
    <gia/>
    <ddd>82</ddd>
    <siafi>2785</siafi>
  </cep>
  <cep>
    <cep>57063-100</cep>
    <logradouro>Rua Doutora Ivany Schwartz</logradouro>
    <complemento>(Lot Jd De La Reina)</complemento>
    <unidade/>
    <bairro>Santa Amélia</bairro>
    <localidade>Maceió</localidade>
    <uf>AL</uf>
    <estado>Alagoas</estado>
    <região/>
    <ibge>2704302</ibge>
    <gia/>
    <ddd>82</ddd>
    <siafi>2785</siafi>
  </cep>
  <cep>
    <cep>57063-211</cep>
    <logradouro>Rua Transversal I</logradouro>
    <complemento>(Lot Jd Petropolis II E)</complemento>
    <unidade/>
    <bairro>Santa Amélia</bairro>
    <localidade>Maceió</localidade>
    <uf>AL</uf>
    <estado>Alagoas</estado>
    <região/>
    <ibge>2704302</ibge>
    <gia/>
    <ddd>82</ddd>
    <siafi>2785</siafi>
  </cep>
  <cep>
    <cep>57063-228</cep>
    <logradouro>Alameda C5</logradouro>
    <complemento>(Lot Jd Petropolis II E)</complemento>
    <unidade/>
    <bairro>Santa Amélia</bairro>
    <localidade>Maceió</localidade>
    <uf>AL</uf>
    <estado>Alagoas</estado>
    <região/>
    <ibge>2704302</ibge>
    <gia/>
    <ddd>82</ddd>
    <siafi>2785</siafi>
  </cep>
  <cep>
    <cep>57063-227</cep>
    <logradouro>Alameda C4</logradouro>
    <complemento>(Lot Jd Petropolis II E)</complemento>
    <unidade/>
    <bairro>Santa Amélia</bairro>
    <localidade>Maceió</localidade>
    <uf>AL</uf>
    <estado>Alagoas</estado>
    <região/>
    <ibge>2704302</ibge>
    <gia/>
    <ddd>82</ddd>
    <siafi>2785</siafi>
  </cep>
  <cep>
    <cep>57063-226</cep>
    <logradouro>Rua Sargento José Pedro dos Santos</logradouro>
    <complemento/>
    <unidade/>
    <bairro>Santa Amélia</bairro>
    <localidade>Maceió</localidade>
    <uf>AL</uf>
    <estado>Alagoas</estado>
    <região/>
    <ibge>2704302</ibge>
    <gia/>
    <ddd>82</ddd>
    <siafi>2785</siafi>
  </cep>
  <cep>
    <cep>57063-231</cep>
    <logradouro>Alameda C7</logradouro>
    <complemento>(Lot Jd Petropolis II E)</complemento>
    <unidade/>
    <bairro>Santa Amélia</bairro>
    <localidade>Maceió</localidade>
    <uf>AL</uf>
    <estado>Alagoas</estado>
    <região/>
    <ibge>2704302</ibge>
    <gia/>
    <ddd>82</ddd>
    <siafi>2785</siafi>
  </cep>
  <cep>
    <cep>57063-232</cep>
    <logradouro>Alameda C8</logradouro>
    <complemento>(Lot Jd Petropolis II E)</complemento>
    <unidade/>
    <bairro>Santa Amélia</bairro>
    <localidade>Maceió</localidade>
    <uf>AL</uf>
    <estado>Alagoas</estado>
    <região/>
    <ibge>2704302</ibge>
    <gia/>
    <ddd>82</ddd>
    <siafi>2785</siafi>
  </cep>
  <cep>
    <cep>57063-130</cep>
    <logradouro>Rua Doutor Alcides Andrade</logradouro>
    <complemento/>
    <unidade/>
    <bairro>Santa Amélia</bairro>
    <localidade>Maceió</localidade>
    <uf>AL</uf>
    <estado>Alagoas</estado>
    <região/>
    <ibge>2704302</ibge>
    <gia/>
    <ddd>82</ddd>
    <siafi>2785</siafi>
  </cep>
  <cep>
    <cep>57063-233</cep>
    <logradouro>Alameda C9</logradouro>
    <complemento>(Lot Jd Petropolis II E)</complemento>
    <unidade/>
    <bairro>Santa Amélia</bairro>
    <localidade>Maceió</localidade>
    <uf>AL</uf>
    <estado>Alagoas</estado>
    <região/>
    <ibge>2704302</ibge>
    <gia/>
    <ddd>82</ddd>
    <siafi>2785</siafi>
  </cep>
  <cep>
    <cep>57063-240</cep>
    <logradouro>Rua Maria Nazareth de Araújo Silva</logradouro>
    <complemento>(Lot Portal da Lagoa)</complemento>
    <unidade/>
    <bairro>Santa Amélia</bairro>
    <localidade>Maceió</localidade>
    <uf>AL</uf>
    <estado>Alagoas</estado>
    <região/>
    <ibge>2704302</ibge>
    <gia/>
    <ddd>82</ddd>
    <siafi>2785</siafi>
  </cep>
  <cep>
    <cep>57063-217</cep>
    <logradouro>Alameda B6</logradouro>
    <complemento>(Lot Jd Petropolis II E)</complemento>
    <unidade/>
    <bairro>Santa Amélia</bairro>
    <localidade>Maceió</localidade>
    <uf>AL</uf>
    <estado>Alagoas</estado>
    <região/>
    <ibge>2704302</ibge>
    <gia/>
    <ddd>82</ddd>
    <siafi>2785</siafi>
  </cep>
  <cep>
    <cep>57063-241</cep>
    <logradouro>Rua Edith Lessa Lôbo</logradouro>
    <complemento/>
    <unidade/>
    <bairro>Santa Amélia</bairro>
    <localidade>Maceió</localidade>
    <uf>AL</uf>
    <estado>Alagoas</estado>
    <região/>
    <ibge>2704302</ibge>
    <gia/>
    <ddd>82</ddd>
    <siafi>2785</siafi>
  </cep>
  <cep>
    <cep>57063-215</cep>
    <logradouro>Alameda B8</logradouro>
    <complemento>(Lot Jd Petropolis II E)</complemento>
    <unidade/>
    <bairro>Santa Amélia</bairro>
    <localidade>Maceió</localidade>
    <uf>AL</uf>
    <estado>Alagoas</estado>
    <região/>
    <ibge>2704302</ibge>
    <gia/>
    <ddd>82</ddd>
    <siafi>2785</siafi>
  </cep>
  <cep>
    <cep>57063-242</cep>
    <logradouro>Rua Carlos Lôbo Moreira Brêda</logradouro>
    <complemento/>
    <unidade/>
    <bairro>Santa Amélia</bairro>
    <localidade>Maceió</localidade>
    <uf>AL</uf>
    <estado>Alagoas</estado>
    <região/>
    <ibge>2704302</ibge>
    <gia/>
    <ddd>82</ddd>
    <siafi>2785</siafi>
  </cep>
  <cep>
    <cep>57063-250</cep>
    <logradouro>Avenida Doutor Hamilton Falcão</logradouro>
    <complemento/>
    <unidade/>
    <bairro>Santa Amélia</bairro>
    <localidade>Maceió</localidade>
    <uf>AL</uf>
    <estado>Alagoas</estado>
    <região/>
    <ibge>2704302</ibge>
    <gia/>
    <ddd>82</ddd>
    <siafi>2785</siafi>
  </cep>
  <cep>
    <cep>57063-224</cep>
    <logradouro>Alameda C1</logradouro>
    <complemento>(Lot Jd Petropolis II E)</complemento>
    <unidade/>
    <bairro>Santa Amélia</bairro>
    <localidade>Maceió</localidade>
    <uf>AL</uf>
    <estado>Alagoas</estado>
    <região/>
    <ibge>2704302</ibge>
    <gia/>
    <ddd>82</ddd>
    <siafi>2785</siafi>
  </cep>
  <cep>
    <cep>57063-218</cep>
    <logradouro>Alameda B5</logradouro>
    <complemento>(Lot Jd Petropolis II E)</complemento>
    <unidade/>
    <bairro>Santa Amélia</bairro>
    <localidade>Maceió</localidade>
    <uf>AL</uf>
    <estado>Alagoas</estado>
    <região/>
    <ibge>2704302</ibge>
    <gia/>
    <ddd>82</ddd>
    <siafi>2785</siafi>
  </cep>
  <cep>
    <cep>57063-180</cep>
    <logradouro>Rua Doutor Manoel Estêvão Uzeda Luna Filho</logradouro>
    <complemento>(Lot Mel Ville)</complemento>
    <unidade/>
    <bairro>Santa Amélia</bairro>
    <localidade>Maceió</localidade>
    <uf>AL</uf>
    <estado>Alagoas</estado>
    <região/>
    <ibge>2704302</ibge>
    <gia/>
    <ddd>82</ddd>
    <siafi>2785</siafi>
  </cep>
  <cep>
    <cep>57063-260</cep>
    <logradouro>Condomínio Chácara da Lagoa</logradouro>
    <complemento/>
    <unidade/>
    <bairro>Santa Amélia</bairro>
    <localidade>Maceió</localidade>
    <uf>AL</uf>
    <estado>Alagoas</estado>
    <região/>
    <ibge>2704302</ibge>
    <gia/>
    <ddd>82</ddd>
    <siafi>2785</siafi>
  </cep>
  <cep>
    <cep>57063-270</cep>
    <logradouro>Rua Mirian Fernandes Lima</logradouro>
    <complemento/>
    <unidade/>
    <bairro>Santa Amélia</bairro>
    <localidade>Maceió</localidade>
    <uf>AL</uf>
    <estado>Alagoas</estado>
    <região/>
    <ibge>2704302</ibge>
    <gia/>
    <ddd>82</ddd>
    <siafi>2785</siafi>
  </cep>
  <cep>
    <cep>57063-200</cep>
    <logradouro>Rua Helena Cavalcanti de Albuquerque</logradouro>
    <complemento>(Lot Mel Ville)</complemento>
    <unidade/>
    <bairro>Santa Amélia</bairro>
    <localidade>Maceió</localidade>
    <uf>AL</uf>
    <estado>Alagoas</estado>
    <região/>
    <ibge>2704302</ibge>
    <gia/>
    <ddd>82</ddd>
    <siafi>2785</siafi>
  </cep>
  <cep>
    <cep>57063-275</cep>
    <logradouro>Rua Ana Sampaio Lins</logradouro>
    <complemento>(Lot Costa Rêgo)</complemento>
    <unidade/>
    <bairro>Santa Amélia</bairro>
    <localidade>Maceió</localidade>
    <uf>AL</uf>
    <estado>Alagoas</estado>
    <região/>
    <ibge>2704302</ibge>
    <gia/>
    <ddd>82</ddd>
    <siafi>2785</siafi>
  </cep>
  <cep>
    <cep>57063-280</cep>
    <logradouro>Rua A</logradouro>
    <complemento>(Lot Costa Rêgo)</complemento>
    <unidade/>
    <bairro>Santa Amélia</bairro>
    <localidade>Maceió</localidade>
    <uf>AL</uf>
    <estado>Alagoas</estado>
    <região/>
    <ibge>2704302</ibge>
    <gia/>
    <ddd>82</ddd>
    <siafi>2785</siafi>
  </cep>
  <cep>
    <cep>57063-080</cep>
    <logradouro>Rua Doutor José Lages Filho</logradouro>
    <complemento>(Lot Jd De La Reina)</complemento>
    <unidade/>
    <bairro>Santa Amélia</bairro>
    <localidade>Maceió</localidade>
    <uf>AL</uf>
    <estado>Alagoas</estado>
    <região/>
    <ibge>2704302</ibge>
    <gia/>
    <ddd>82</ddd>
    <siafi>2785</siafi>
  </cep>
  <cep>
    <cep>57063-290</cep>
    <logradouro>Rua Mário Marroquim</logradouro>
    <complemento/>
    <unidade/>
    <bairro>Santa Amélia</bairro>
    <localidade>Maceió</localidade>
    <uf>AL</uf>
    <estado>Alagoas</estado>
    <região/>
    <ibge>2704302</ibge>
    <gia/>
    <ddd>82</ddd>
    <siafi>2785</siafi>
  </cep>
  <cep>
    <cep>57063-190</cep>
    <logradouro>Rua Liberalino Ribeiro de Almeida</logradouro>
    <complemento>(Lot Mel Ville)</complemento>
    <unidade/>
    <bairro>Santa Amélia</bairro>
    <localidade>Maceió</localidade>
    <uf>AL</uf>
    <estado>Alagoas</estado>
    <região/>
    <ibge>2704302</ibge>
    <gia/>
    <ddd>82</ddd>
    <siafi>2785</siafi>
  </cep>
  <cep>
    <cep>57063-220</cep>
    <logradouro>Rua Doutor Arnóbio Tenório Wanderley</logradouro>
    <complemento/>
    <unidade/>
    <bairro>Santa Amélia</bairro>
    <localidade>Maceió</localidade>
    <uf>AL</uf>
    <estado>Alagoas</estado>
    <região/>
    <ibge>2704302</ibge>
    <gia/>
    <ddd>82</ddd>
    <siafi>2785</siafi>
  </cep>
  <cep>
    <cep>57062-830</cep>
    <logradouro>Avenida Doutor Durval de Góis Monteiro</logradouro>
    <complemento>lado ímpar</complemento>
    <unidade/>
    <bairro>Santo Amaro</bairro>
    <localidade>Maceió</localidade>
    <uf>AL</uf>
    <estado>Alagoas</estado>
    <região/>
    <ibge>2704302</ibge>
    <gia/>
    <ddd>82</ddd>
    <siafi>2785</siafi>
  </cep>
  <cep>
    <cep>57063-300</cep>
    <logradouro>Rua Stella Moreira Magalhães</logradouro>
    <complemento/>
    <unidade/>
    <bairro>Santa Amélia</bairro>
    <localidade>Maceió</localidade>
    <uf>AL</uf>
    <estado>Alagoas</estado>
    <região/>
    <ibge>2704302</ibge>
    <gia/>
    <ddd>82</ddd>
    <siafi>2785</siafi>
  </cep>
  <cep>
    <cep>57063-305</cep>
    <logradouro>Rua Geraldo Ferreira dos Santos</logradouro>
    <complemento/>
    <unidade/>
    <bairro>Santa Amélia</bairro>
    <localidade>Maceió</localidade>
    <uf>AL</uf>
    <estado>Alagoas</estado>
    <região/>
    <ibge>2704302</ibge>
    <gia/>
    <ddd>82</ddd>
    <siafi>2785</siafi>
  </cep>
  <cep>
    <cep>57063-310</cep>
    <logradouro>Rua Projetada 3620</logradouro>
    <complemento>(Lot Jd Sta Amélia)</complemento>
    <unidade/>
    <bairro>Santa Amélia</bairro>
    <localidade>Maceió</localidade>
    <uf>AL</uf>
    <estado>Alagoas</estado>
    <região/>
    <ibge>2704302</ibge>
    <gia/>
    <ddd>82</ddd>
    <siafi>2785</siafi>
  </cep>
  <cep>
    <cep>57063-229</cep>
    <logradouro>Rua Olivia da Silva Araujo</logradouro>
    <complemento/>
    <unidade/>
    <bairro>Santa Amélia</bairro>
    <localidade>Maceió</localidade>
    <uf>AL</uf>
    <estado>Alagoas</estado>
    <região/>
    <ibge>2704302</ibge>
    <gia/>
    <ddd>82</ddd>
    <siafi>2785</siafi>
  </cep>
  <cep>
    <cep>57063-330</cep>
    <logradouro>Rua São Miguel</logradouro>
    <complemento/>
    <unidade/>
    <bairro>Santa Amélia</bairro>
    <localidade>Maceió</localidade>
    <uf>AL</uf>
    <estado>Alagoas</estado>
    <região/>
    <ibge>2704302</ibge>
    <gia/>
    <ddd>82</ddd>
    <siafi>2785</siafi>
  </cep>
  <cep>
    <cep>57063-380</cep>
    <logradouro>Rua Dona Alzira Sampaio Almeida</logradouro>
    <complemento/>
    <unidade/>
    <bairro>Santa Amélia</bairro>
    <localidade>Maceió</localidade>
    <uf>AL</uf>
    <estado>Alagoas</estado>
    <região/>
    <ibge>2704302</ibge>
    <gia/>
    <ddd>82</ddd>
    <siafi>2785</siafi>
  </cep>
  <cep>
    <cep>57063-054</cep>
    <logradouro>Rua B</logradouro>
    <complemento>(Lot Sombra dos Eucalíptos)</complemento>
    <unidade/>
    <bairro>Santa Amélia</bairro>
    <localidade>Maceió</localidade>
    <uf>AL</uf>
    <estado>Alagoas</estado>
    <região/>
    <ibge>2704302</ibge>
    <gia/>
    <ddd>82</ddd>
    <siafi>2785</siafi>
  </cep>
  <cep>
    <cep>57063-090</cep>
    <logradouro>Rua Albérico Gomes</logradouro>
    <complemento/>
    <unidade/>
    <bairro>Santa Amélia</bairro>
    <localidade>Maceió</localidade>
    <uf>AL</uf>
    <estado>Alagoas</estado>
    <região/>
    <ibge>2704302</ibge>
    <gia/>
    <ddd>82</ddd>
    <siafi>2785</siafi>
  </cep>
  <cep>
    <cep>57063-056</cep>
    <logradouro>Rua C</logradouro>
    <complemento>(Lot Sombra dos Eucaliptos)</complemento>
    <unidade/>
    <bairro>Santa Amélia</bairro>
    <localidade>Maceió</localidade>
    <uf>AL</uf>
    <estado>Alagoas</estado>
    <região/>
    <ibge>2704302</ibge>
    <gia/>
    <ddd>82</ddd>
    <siafi>2785</siafi>
  </cep>
  <cep>
    <cep>57063-070</cep>
    <logradouro>Rua D</logradouro>
    <complemento>(Res Santa Amélia)</complemento>
    <unidade/>
    <bairro>Santa Amélia</bairro>
    <localidade>Maceió</localidade>
    <uf>AL</uf>
    <estado>Alagoas</estado>
    <região/>
    <ibge>2704302</ibge>
    <gia/>
    <ddd>82</ddd>
    <siafi>2785</siafi>
  </cep>
  <cep>
    <cep>57063-120</cep>
    <logradouro>Rua Nova Vida</logradouro>
    <complemento/>
    <unidade/>
    <bairro>Santa Amélia</bairro>
    <localidade>Maceió</localidade>
    <uf>AL</uf>
    <estado>Alagoas</estado>
    <região/>
    <ibge>2704302</ibge>
    <gia/>
    <ddd>82</ddd>
    <siafi>2785</siafi>
  </cep>
  <cep>
    <cep>57063-213</cep>
    <logradouro>Alameda Jasmelina Barros Gonçalves</logradouro>
    <complemento/>
    <unidade/>
    <bairro>Santa Amélia</bairro>
    <localidade>Maceió</localidade>
    <uf>AL</uf>
    <estado>Alagoas</estado>
    <região/>
    <ibge>2704302</ibge>
    <gia/>
    <ddd>82</ddd>
    <siafi>2785</siafi>
  </cep>
  <cep>
    <cep>57063-420</cep>
    <logradouro>Rua Ernani da Rocha Cavalcanti Passos</logradouro>
    <complemento/>
    <unidade/>
    <bairro>Santa Amélia</bairro>
    <localidade>Maceió</localidade>
    <uf>AL</uf>
    <estado>Alagoas</estado>
    <região/>
    <ibge>2704302</ibge>
    <gia/>
    <ddd>82</ddd>
    <siafi>2785</siafi>
  </cep>
  <cep>
    <cep>57063-066</cep>
    <logradouro>Rua B</logradouro>
    <complemento>(Res Santa Amélia)</complemento>
    <unidade/>
    <bairro>Santa Amélia</bairro>
    <localidade>Maceió</localidade>
    <uf>AL</uf>
    <estado>Alagoas</estado>
    <região/>
    <ibge>2704302</ibge>
    <gia/>
    <ddd>82</ddd>
    <siafi>2785</siafi>
  </cep>
  <cep>
    <cep>57063-400</cep>
    <logradouro>Rua Doutor Luiz Ramalho de Azevedo</logradouro>
    <complemento/>
    <unidade/>
    <bairro>Santa Amélia</bairro>
    <localidade>Maceió</localidade>
    <uf>AL</uf>
    <estado>Alagoas</estado>
    <região/>
    <ibge>2704302</ibge>
    <gia/>
    <ddd>82</ddd>
    <siafi>2785</siafi>
  </cep>
  <cep>
    <cep>57063-064</cep>
    <logradouro>Rua G</logradouro>
    <complemento>(Lot Sombra dos Eucalíptos)</complemento>
    <unidade/>
    <bairro>Santa Amélia</bairro>
    <localidade>Maceió</localidade>
    <uf>AL</uf>
    <estado>Alagoas</estado>
    <região/>
    <ibge>2704302</ibge>
    <gia/>
    <ddd>82</ddd>
    <siafi>2785</siafi>
  </cep>
  <cep>
    <cep>57063-032</cep>
    <logradouro>Rua B</logradouro>
    <complemento>(Lot Sta Amélia)</complemento>
    <unidade/>
    <bairro>Santa Amélia</bairro>
    <localidade>Maceió</localidade>
    <uf>AL</uf>
    <estado>Alagoas</estado>
    <região/>
    <ibge>2704302</ibge>
    <gia/>
    <ddd>82</ddd>
    <siafi>2785</siafi>
  </cep>
  <cep>
    <cep>57063-212</cep>
    <logradouro>Rua Transversal IV</logradouro>
    <complemento>(Lot Jd Petropolis II E)</complemento>
    <unidade/>
    <bairro>Santa Amélia</bairro>
    <localidade>Maceió</localidade>
    <uf>AL</uf>
    <estado>Alagoas</estado>
    <região/>
    <ibge>2704302</ibge>
    <gia/>
    <ddd>82</ddd>
    <siafi>2785</siafi>
  </cep>
  <cep>
    <cep>57063-440</cep>
    <logradouro>Rua Frederico Valente Bitencourt</logradouro>
    <complemento/>
    <unidade/>
    <bairro>Santa Amélia</bairro>
    <localidade>Maceió</localidade>
    <uf>AL</uf>
    <estado>Alagoas</estado>
    <região/>
    <ibge>2704302</ibge>
    <gia/>
    <ddd>82</ddd>
    <siafi>2785</siafi>
  </cep>
  <cep>
    <cep>57063-057</cep>
    <logradouro>Rua D</logradouro>
    <complemento>(Lot Sombra dos Eucaliptos)</complemento>
    <unidade/>
    <bairro>Santa Amélia</bairro>
    <localidade>Maceió</localidade>
    <uf>AL</uf>
    <estado>Alagoas</estado>
    <região/>
    <ibge>2704302</ibge>
    <gia/>
    <ddd>82</ddd>
    <siafi>2785</siafi>
  </cep>
  <cep>
    <cep>57063-430</cep>
    <logradouro>Rua Estudante Arnoumar Chagas</logradouro>
    <complemento/>
    <unidade/>
    <bairro>Santa Amélia</bairro>
    <localidade>Maceió</localidade>
    <uf>AL</uf>
    <estado>Alagoas</estado>
    <região/>
    <ibge>2704302</ibge>
    <gia/>
    <ddd>82</ddd>
    <siafi>2785</siafi>
  </cep>
  <cep>
    <cep>57063-062</cep>
    <logradouro>Rua F</logradouro>
    <complemento>(Lot Sombra dos Eucalíptos)</complemento>
    <unidade/>
    <bairro>Santa Amélia</bairro>
    <localidade>Maceió</localidade>
    <uf>AL</uf>
    <estado>Alagoas</estado>
    <região/>
    <ibge>2704302</ibge>
    <gia/>
    <ddd>82</ddd>
    <siafi>2785</siafi>
  </cep>
  <cep>
    <cep>57063-480</cep>
    <logradouro>Rua José Raimundo da Silva</logradouro>
    <complemento/>
    <unidade/>
    <bairro>Santa Amélia</bairro>
    <localidade>Maceió</localidade>
    <uf>AL</uf>
    <estado>Alagoas</estado>
    <região/>
    <ibge>2704302</ibge>
    <gia/>
    <ddd>82</ddd>
    <siafi>2785</siafi>
  </cep>
  <cep>
    <cep>57063-441</cep>
    <logradouro>Rua Projetada C 865</logradouro>
    <complemento>(Cj Colina dos Eucalíptos)</complemento>
    <unidade/>
    <bairro>Santa Amélia</bairro>
    <localidade>Maceió</localidade>
    <uf>AL</uf>
    <estado>Alagoas</estado>
    <região/>
    <ibge>2704302</ibge>
    <gia/>
    <ddd>82</ddd>
    <siafi>2785</siafi>
  </cep>
  <cep>
    <cep>57063-450</cep>
    <logradouro>Rua Hilda de Menezes Barros</logradouro>
    <complemento/>
    <unidade/>
    <bairro>Santa Amélia</bairro>
    <localidade>Maceió</localidade>
    <uf>AL</uf>
    <estado>Alagoas</estado>
    <região/>
    <ibge>2704302</ibge>
    <gia/>
    <ddd>82</ddd>
    <siafi>2785</siafi>
  </cep>
  <cep>
    <cep>57063-074</cep>
    <logradouro>Rua F</logradouro>
    <complemento>(Res Santa Amélia)</complemento>
    <unidade/>
    <bairro>Santa Amélia</bairro>
    <localidade>Maceió</localidade>
    <uf>AL</uf>
    <estado>Alagoas</estado>
    <região/>
    <ibge>2704302</ibge>
    <gia/>
    <ddd>82</ddd>
    <siafi>2785</siafi>
  </cep>
  <cep>
    <cep>57063-514</cep>
    <logradouro>Conjunto Maria Guedes de Omena</logradouro>
    <complemento/>
    <unidade/>
    <bairro>Santa Amélia</bairro>
    <localidade>Maceió</localidade>
    <uf>AL</uf>
    <estado>Alagoas</estado>
    <região/>
    <ibge>2704302</ibge>
    <gia/>
    <ddd>82</ddd>
    <siafi>2785</siafi>
  </cep>
  <cep>
    <cep>57063-500</cep>
    <logradouro>Rua Luiz Alves da Silva</logradouro>
    <complemento/>
    <unidade/>
    <bairro>Santa Amélia</bairro>
    <localidade>Maceió</localidade>
    <uf>AL</uf>
    <estado>Alagoas</estado>
    <região/>
    <ibge>2704302</ibge>
    <gia/>
    <ddd>82</ddd>
    <siafi>2785</siafi>
  </cep>
  <cep>
    <cep>57063-505</cep>
    <logradouro>Avenida Walfrido Gerônimo da Rocha</logradouro>
    <complemento>lado par</complemento>
    <unidade/>
    <bairro>Santa Amélia</bairro>
    <localidade>Maceió</localidade>
    <uf>AL</uf>
    <estado>Alagoas</estado>
    <região/>
    <ibge>2704302</ibge>
    <gia/>
    <ddd>82</ddd>
    <siafi>2785</siafi>
  </cep>
  <cep>
    <cep>57063-520</cep>
    <logradouro>Rua Maria Luíza Gomes Bernardes</logradouro>
    <complemento/>
    <unidade/>
    <bairro>Santa Amélia</bairro>
    <localidade>Maceió</localidade>
    <uf>AL</uf>
    <estado>Alagoas</estado>
    <região/>
    <ibge>2704302</ibge>
    <gia/>
    <ddd>82</ddd>
    <siafi>2785</siafi>
  </cep>
  <cep>
    <cep>57063-510</cep>
    <logradouro>Rua Manoel Celestino Sobral</logradouro>
    <complemento/>
    <unidade/>
    <bairro>Santa Amélia</bairro>
    <localidade>Maceió</localidade>
    <uf>AL</uf>
    <estado>Alagoas</estado>
    <região/>
    <ibge>2704302</ibge>
    <gia/>
    <ddd>82</ddd>
    <siafi>2785</siafi>
  </cep>
  <cep>
    <cep>57063-530</cep>
    <logradouro>Rua Odijas Carvalho de Souza</logradouro>
    <complemento/>
    <unidade/>
    <bairro>Santa Amélia</bairro>
    <localidade>Maceió</localidade>
    <uf>AL</uf>
    <estado>Alagoas</estado>
    <região/>
    <ibge>2704302</ibge>
    <gia/>
    <ddd>82</ddd>
    <siafi>2785</siafi>
  </cep>
  <cep>
    <cep>57063-580</cep>
    <logradouro>Rua Ruy Binas</logradouro>
    <complemento/>
    <unidade/>
    <bairro>Santa Amélia</bairro>
    <localidade>Maceió</localidade>
    <uf>AL</uf>
    <estado>Alagoas</estado>
    <região/>
    <ibge>2704302</ibge>
    <gia/>
    <ddd>82</ddd>
    <siafi>2785</siafi>
  </cep>
  <cep>
    <cep>57063-620</cep>
    <logradouro>Rua Doutor Eduardo Jorge Lessa</logradouro>
    <complemento/>
    <unidade/>
    <bairro>Santa Amélia</bairro>
    <localidade>Maceió</localidade>
    <uf>AL</uf>
    <estado>Alagoas</estado>
    <região/>
    <ibge>2704302</ibge>
    <gia/>
    <ddd>82</ddd>
    <siafi>2785</siafi>
  </cep>
  <cep>
    <cep>57063-590</cep>
    <logradouro>Rua Sabino Cardoso de Araújo</logradouro>
    <complemento/>
    <unidade/>
    <bairro>Santa Amélia</bairro>
    <localidade>Maceió</localidade>
    <uf>AL</uf>
    <estado>Alagoas</estado>
    <região/>
    <ibge>2704302</ibge>
    <gia/>
    <ddd>82</ddd>
    <siafi>2785</siafi>
  </cep>
  <cep>
    <cep>57063-630</cep>
    <logradouro>Rua Empresário João Gomes</logradouro>
    <complemento/>
    <unidade/>
    <bairro>Santa Amélia</bairro>
    <localidade>Maceió</localidade>
    <uf>AL</uf>
    <estado>Alagoas</estado>
    <região/>
    <ibge>2704302</ibge>
    <gia/>
    <ddd>82</ddd>
    <siafi>2785</siafi>
  </cep>
  <cep>
    <cep>57063-640</cep>
    <logradouro>Conjunto Medeiros Neto I</logradouro>
    <complemento/>
    <unidade/>
    <bairro>Santa Amélia</bairro>
    <localidade>Maceió</localidade>
    <uf>AL</uf>
    <estado>Alagoas</estado>
    <região/>
    <ibge>2704302</ibge>
    <gia/>
    <ddd>82</ddd>
    <siafi>2785</siafi>
  </cep>
  <cep>
    <cep>57063-666</cep>
    <logradouro>Rua em Projeto G</logradouro>
    <complemento>(Lot Parque dos Eucaliptos)</complemento>
    <unidade/>
    <bairro>Santa Amélia</bairro>
    <localidade>Maceió</localidade>
    <uf>AL</uf>
    <estado>Alagoas</estado>
    <região/>
    <ibge>2704302</ibge>
    <gia/>
    <ddd>82</ddd>
    <siafi>2785</siafi>
  </cep>
  <cep>
    <cep>57063-650</cep>
    <logradouro>Rua em Projeto F</logradouro>
    <complemento>(Lot Parque dos Eucalíptos)</complemento>
    <unidade/>
    <bairro>Santa Amélia</bairro>
    <localidade>Maceió</localidade>
    <uf>AL</uf>
    <estado>Alagoas</estado>
    <região/>
    <ibge>2704302</ibge>
    <gia/>
    <ddd>82</ddd>
    <siafi>2785</siafi>
  </cep>
  <cep>
    <cep>57063-700</cep>
    <logradouro>Rua Eustáquio Medeiros</logradouro>
    <complemento>(Lot Jd De La Reina)</complemento>
    <unidade/>
    <bairro>Santa Amélia</bairro>
    <localidade>Maceió</localidade>
    <uf>AL</uf>
    <estado>Alagoas</estado>
    <região/>
    <ibge>2704302</ibge>
    <gia/>
    <ddd>82</ddd>
    <siafi>2785</siafi>
  </cep>
  <cep>
    <cep>57063-670</cep>
    <logradouro>Rua Manoel Antônio da Silva</logradouro>
    <complemento/>
    <unidade/>
    <bairro>Santa Amélia</bairro>
    <localidade>Maceió</localidade>
    <uf>AL</uf>
    <estado>Alagoas</estado>
    <região/>
    <ibge>2704302</ibge>
    <gia/>
    <ddd>82</ddd>
    <siafi>2785</siafi>
  </cep>
  <cep>
    <cep>57063-703</cep>
    <logradouro>Rua Doutora Dilma Chagas Camelo</logradouro>
    <complemento>(Lot Jd De La Reina)</complemento>
    <unidade/>
    <bairro>Santa Amélia</bairro>
    <localidade>Maceió</localidade>
    <uf>AL</uf>
    <estado>Alagoas</estado>
    <região/>
    <ibge>2704302</ibge>
    <gia/>
    <ddd>82</ddd>
    <siafi>2785</siafi>
  </cep>
  <cep>
    <cep>57063-706</cep>
    <logradouro>Rua José Maria Cavalcante Navarro Junior</logradouro>
    <complemento>(Lot Jd De La Reina)</complemento>
    <unidade/>
    <bairro>Santa Amélia</bairro>
    <localidade>Maceió</localidade>
    <uf>AL</uf>
    <estado>Alagoas</estado>
    <região/>
    <ibge>2704302</ibge>
    <gia/>
    <ddd>82</ddd>
    <siafi>2785</siafi>
  </cep>
  <cep>
    <cep>57063-660</cep>
    <logradouro>Rua Geraldo Novaes Castro</logradouro>
    <complemento/>
    <unidade/>
    <bairro>Santa Amélia</bairro>
    <localidade>Maceió</localidade>
    <uf>AL</uf>
    <estado>Alagoas</estado>
    <região/>
    <ibge>2704302</ibge>
    <gia/>
    <ddd>82</ddd>
    <siafi>2785</siafi>
  </cep>
  <cep>
    <cep>57063-708</cep>
    <logradouro>Condomínio Vilas da Lagoa</logradouro>
    <complemento/>
    <unidade/>
    <bairro>Santa Amélia</bairro>
    <localidade>Maceió</localidade>
    <uf>AL</uf>
    <estado>Alagoas</estado>
    <região/>
    <ibge>2704302</ibge>
    <gia/>
    <ddd>82</ddd>
    <siafi>2785</siafi>
  </cep>
  <cep>
    <cep>57063-707</cep>
    <logradouro>Condomínio Porto Belo</logradouro>
    <complemento/>
    <unidade/>
    <bairro>Santa Amélia</bairro>
    <localidade>Maceió</localidade>
    <uf>AL</uf>
    <estado>Alagoas</estado>
    <região/>
    <ibge>2704302</ibge>
    <gia/>
    <ddd>82</ddd>
    <siafi>2785</siafi>
  </cep>
  <cep>
    <cep>57063-712</cep>
    <logradouro>Rua Roberto Petrúcio de Barros Melo</logradouro>
    <complemento>(Lot Jd De La Reina)</complemento>
    <unidade/>
    <bairro>Santa Amélia</bairro>
    <localidade>Maceió</localidade>
    <uf>AL</uf>
    <estado>Alagoas</estado>
    <região/>
    <ibge>2704302</ibge>
    <gia/>
    <ddd>82</ddd>
    <siafi>2785</siafi>
  </cep>
  <cep>
    <cep>57063-718</cep>
    <logradouro>Rua Dom Wanillo Galvão Barros</logradouro>
    <complemento>(Lot Jd De La Reina)</complemento>
    <unidade/>
    <bairro>Santa Amélia</bairro>
    <localidade>Maceió</localidade>
    <uf>AL</uf>
    <estado>Alagoas</estado>
    <região/>
    <ibge>2704302</ibge>
    <gia/>
    <ddd>82</ddd>
    <siafi>2785</siafi>
  </cep>
  <cep>
    <cep>57063-709</cep>
    <logradouro>Rua Olival Marques Agra</logradouro>
    <complemento>(Lot Jd De La Reina)</complemento>
    <unidade/>
    <bairro>Santa Amélia</bairro>
    <localidade>Maceió</localidade>
    <uf>AL</uf>
    <estado>Alagoas</estado>
    <região/>
    <ibge>2704302</ibge>
    <gia/>
    <ddd>82</ddd>
    <siafi>2785</siafi>
  </cep>
  <cep>
    <cep>57063-724</cep>
    <logradouro>Rua Doutor Manoel Machado</logradouro>
    <complemento>(Lot Mel Ville)</complemento>
    <unidade/>
    <bairro>Santa Amélia</bairro>
    <localidade>Maceió</localidade>
    <uf>AL</uf>
    <estado>Alagoas</estado>
    <região/>
    <ibge>2704302</ibge>
    <gia/>
    <ddd>82</ddd>
    <siafi>2785</siafi>
  </cep>
  <cep>
    <cep>57063-715</cep>
    <logradouro>Rua Doutor Geraldo Cerqueira</logradouro>
    <complemento>(Lot Jd De La Reina)</complemento>
    <unidade/>
    <bairro>Santa Amélia</bairro>
    <localidade>Maceió</localidade>
    <uf>AL</uf>
    <estado>Alagoas</estado>
    <região/>
    <ibge>2704302</ibge>
    <gia/>
    <ddd>82</ddd>
    <siafi>2785</siafi>
  </cep>
  <cep>
    <cep>57063-770</cep>
    <logradouro>Rua Arestides Alves Cordeiro</logradouro>
    <complemento>(Lot Portal da Lagoa)</complemento>
    <unidade/>
    <bairro>Santa Amélia</bairro>
    <localidade>Maceió</localidade>
    <uf>AL</uf>
    <estado>Alagoas</estado>
    <região/>
    <ibge>2704302</ibge>
    <gia/>
    <ddd>82</ddd>
    <siafi>2785</siafi>
  </cep>
  <cep>
    <cep>57063-721</cep>
    <logradouro>Rua Teodomiro Deodato Santos</logradouro>
    <complemento>(Lot Mel Ville)</complemento>
    <unidade/>
    <bairro>Santa Amélia</bairro>
    <localidade>Maceió</localidade>
    <uf>AL</uf>
    <estado>Alagoas</estado>
    <região/>
    <ibge>2704302</ibge>
    <gia/>
    <ddd>82</ddd>
    <siafi>2785</siafi>
  </cep>
  <cep>
    <cep>57063-877</cep>
    <logradouro>Rua A</logradouro>
    <complemento>(Lot Sto Antonio)</complemento>
    <unidade/>
    <bairro>Santa Amélia</bairro>
    <localidade>Maceió</localidade>
    <uf>AL</uf>
    <estado>Alagoas</estado>
    <região/>
    <ibge>2704302</ibge>
    <gia/>
    <ddd>82</ddd>
    <siafi>2785</siafi>
  </cep>
  <cep>
    <cep>57063-840</cep>
    <logradouro>Conjunto Medeiros Neto III</logradouro>
    <complemento/>
    <unidade/>
    <bairro>Santa Amélia</bairro>
    <localidade>Maceió</localidade>
    <uf>AL</uf>
    <estado>Alagoas</estado>
    <região/>
    <ibge>2704302</ibge>
    <gia/>
    <ddd>82</ddd>
    <siafi>2785</siafi>
  </cep>
  <cep>
    <cep>57063-872</cep>
    <logradouro>Rua Botafogo</logradouro>
    <complemento/>
    <unidade/>
    <bairro>Santa Amélia</bairro>
    <localidade>Maceió</localidade>
    <uf>AL</uf>
    <estado>Alagoas</estado>
    <região/>
    <ibge>2704302</ibge>
    <gia/>
    <ddd>82</ddd>
    <siafi>2785</siafi>
  </cep>
  <cep>
    <cep>57063-875</cep>
    <logradouro>Rua Doutor Pedro</logradouro>
    <complemento>lado par</complemento>
    <unidade/>
    <bairro>Santa Amélia</bairro>
    <localidade>Maceió</localidade>
    <uf>AL</uf>
    <estado>Alagoas</estado>
    <região/>
    <ibge>2704302</ibge>
    <gia/>
    <ddd>82</ddd>
    <siafi>2785</siafi>
  </cep>
  <cep>
    <cep>57063-879</cep>
    <logradouro>Rua B</logradouro>
    <complemento>(Lot Sto Antônio)</complemento>
    <unidade/>
    <bairro>Santa Amélia</bairro>
    <localidade>Maceió</localidade>
    <uf>AL</uf>
    <estado>Alagoas</estado>
    <região/>
    <ibge>2704302</ibge>
    <gia/>
    <ddd>82</ddd>
    <siafi>2785</siafi>
  </cep>
  <cep>
    <cep>57063-830</cep>
    <logradouro>Conjunto Medeiros Neto II</logradouro>
    <complemento/>
    <unidade/>
    <bairro>Santa Amélia</bairro>
    <localidade>Maceió</localidade>
    <uf>AL</uf>
    <estado>Alagoas</estado>
    <região/>
    <ibge>2704302</ibge>
    <gia/>
    <ddd>82</ddd>
    <siafi>2785</siafi>
  </cep>
  <cep>
    <cep>57063-873</cep>
    <logradouro>Travessa Botafogo</logradouro>
    <complemento>(Cj Pedro Barbosa)</complemento>
    <unidade/>
    <bairro>Santa Amélia</bairro>
    <localidade>Maceió</localidade>
    <uf>AL</uf>
    <estado>Alagoas</estado>
    <região/>
    <ibge>2704302</ibge>
    <gia/>
    <ddd>82</ddd>
    <siafi>2785</siafi>
  </cep>
  <cep>
    <cep>57070-040</cep>
    <logradouro>Rua Doutor Artur Machado</logradouro>
    <complemento/>
    <unidade/>
    <bairro>Fernão Velho</bairro>
    <localidade>Maceió</localidade>
    <uf>AL</uf>
    <estado>Alagoas</estado>
    <região/>
    <ibge>2704302</ibge>
    <gia/>
    <ddd>82</ddd>
    <siafi>2785</siafi>
  </cep>
  <cep>
    <cep>57070-020</cep>
    <logradouro>Rua Doutor Manoel Machado</logradouro>
    <complemento/>
    <unidade/>
    <bairro>Fernão Velho</bairro>
    <localidade>Maceió</localidade>
    <uf>AL</uf>
    <estado>Alagoas</estado>
    <região/>
    <ibge>2704302</ibge>
    <gia/>
    <ddd>82</ddd>
    <siafi>2785</siafi>
  </cep>
  <cep>
    <cep>57070-050</cep>
    <logradouro>Praça Eduardo Santos</logradouro>
    <complemento/>
    <unidade/>
    <bairro>Fernão Velho</bairro>
    <localidade>Maceió</localidade>
    <uf>AL</uf>
    <estado>Alagoas</estado>
    <região/>
    <ibge>2704302</ibge>
    <gia/>
    <ddd>82</ddd>
    <siafi>2785</siafi>
  </cep>
  <cep>
    <cep>57070-060</cep>
    <logradouro>Rua da Lapinha</logradouro>
    <complemento/>
    <unidade/>
    <bairro>Fernão Velho</bairro>
    <localidade>Maceió</localidade>
    <uf>AL</uf>
    <estado>Alagoas</estado>
    <região/>
    <ibge>2704302</ibge>
    <gia/>
    <ddd>82</ddd>
    <siafi>2785</siafi>
  </cep>
  <cep>
    <cep>57063-883</cep>
    <logradouro>Travessa Boa Esperança</logradouro>
    <complemento>(Cj Pedro Barbosa)</complemento>
    <unidade/>
    <bairro>Santa Amélia</bairro>
    <localidade>Maceió</localidade>
    <uf>AL</uf>
    <estado>Alagoas</estado>
    <região/>
    <ibge>2704302</ibge>
    <gia/>
    <ddd>82</ddd>
    <siafi>2785</siafi>
  </cep>
  <cep>
    <cep>57063-882</cep>
    <logradouro>Rua Boa Esperança</logradouro>
    <complemento/>
    <unidade/>
    <bairro>Santa Amélia</bairro>
    <localidade>Maceió</localidade>
    <uf>AL</uf>
    <estado>Alagoas</estado>
    <região/>
    <ibge>2704302</ibge>
    <gia/>
    <ddd>82</ddd>
    <siafi>2785</siafi>
  </cep>
  <cep>
    <cep>57070-018</cep>
    <logradouro>5ª Rua Bela Vista</logradouro>
    <complemento/>
    <unidade/>
    <bairro>Fernão Velho</bairro>
    <localidade>Maceió</localidade>
    <uf>AL</uf>
    <estado>Alagoas</estado>
    <região/>
    <ibge>2704302</ibge>
    <gia/>
    <ddd>82</ddd>
    <siafi>2785</siafi>
  </cep>
  <cep>
    <cep>57070-054</cep>
    <logradouro>Parque da Feira</logradouro>
    <complemento/>
    <unidade/>
    <bairro>Fernão Velho</bairro>
    <localidade>Maceió</localidade>
    <uf>AL</uf>
    <estado>Alagoas</estado>
    <região/>
    <ibge>2704302</ibge>
    <gia/>
    <ddd>82</ddd>
    <siafi>2785</siafi>
  </cep>
  <cep>
    <cep>57063-885</cep>
    <logradouro>Travessa Rio da Silva</logradouro>
    <complemento/>
    <unidade/>
    <bairro>Santa Amélia</bairro>
    <localidade>Maceió</localidade>
    <uf>AL</uf>
    <estado>Alagoas</estado>
    <região/>
    <ibge>2704302</ibge>
    <gia/>
    <ddd>82</ddd>
    <siafi>2785</siafi>
  </cep>
  <cep>
    <cep>57070-010</cep>
    <logradouro>Rua Bela Vista</logradouro>
    <complemento/>
    <unidade/>
    <bairro>Fernão Velho</bairro>
    <localidade>Maceió</localidade>
    <uf>AL</uf>
    <estado>Alagoas</estado>
    <região/>
    <ibge>2704302</ibge>
    <gia/>
    <ddd>82</ddd>
    <siafi>2785</siafi>
  </cep>
  <cep>
    <cep>57070-019</cep>
    <logradouro>Vila Bela Vista</logradouro>
    <complemento/>
    <unidade/>
    <bairro>Fernão Velho</bairro>
    <localidade>Maceió</localidade>
    <uf>AL</uf>
    <estado>Alagoas</estado>
    <região/>
    <ibge>2704302</ibge>
    <gia/>
    <ddd>82</ddd>
    <siafi>2785</siafi>
  </cep>
  <cep>
    <cep>57063-881</cep>
    <logradouro>Rua Estudante Ana Rúbia Costa de Almeida</logradouro>
    <complemento>lado par</complemento>
    <unidade/>
    <bairro>Santa Amélia</bairro>
    <localidade>Maceió</localidade>
    <uf>AL</uf>
    <estado>Alagoas</estado>
    <região/>
    <ibge>2704302</ibge>
    <gia/>
    <ddd>82</ddd>
    <siafi>2785</siafi>
  </cep>
  <cep>
    <cep>57070-012</cep>
    <logradouro>2ª Rua Bela Vista</logradouro>
    <complemento/>
    <unidade/>
    <bairro>Fernão Velho</bairro>
    <localidade>Maceió</localidade>
    <uf>AL</uf>
    <estado>Alagoas</estado>
    <região/>
    <ibge>2704302</ibge>
    <gia/>
    <ddd>82</ddd>
    <siafi>2785</siafi>
  </cep>
  <cep>
    <cep>57070-014</cep>
    <logradouro>3ª Rua Bela Vista</logradouro>
    <complemento/>
    <unidade/>
    <bairro>Fernão Velho</bairro>
    <localidade>Maceió</localidade>
    <uf>AL</uf>
    <estado>Alagoas</estado>
    <região/>
    <ibge>2704302</ibge>
    <gia/>
    <ddd>82</ddd>
    <siafi>2785</siafi>
  </cep>
  <cep>
    <cep>57063-880</cep>
    <logradouro>Rua Pedro Barboza</logradouro>
    <complemento/>
    <unidade/>
    <bairro>Santa Amélia</bairro>
    <localidade>Maceió</localidade>
    <uf>AL</uf>
    <estado>Alagoas</estado>
    <região/>
    <ibge>2704302</ibge>
    <gia/>
    <ddd>82</ddd>
    <siafi>2785</siafi>
  </cep>
  <cep>
    <cep>57063-884</cep>
    <logradouro>Travessa da Floresta</logradouro>
    <complemento/>
    <unidade/>
    <bairro>Santa Amélia</bairro>
    <localidade>Maceió</localidade>
    <uf>AL</uf>
    <estado>Alagoas</estado>
    <região/>
    <ibge>2704302</ibge>
    <gia/>
    <ddd>82</ddd>
    <siafi>2785</siafi>
  </cep>
  <cep>
    <cep>57070-000</cep>
    <logradouro>Avenida Doutor Alberto</logradouro>
    <complemento/>
    <unidade/>
    <bairro>Fernão Velho</bairro>
    <localidade>Maceió</localidade>
    <uf>AL</uf>
    <estado>Alagoas</estado>
    <região/>
    <ibge>2704302</ibge>
    <gia/>
    <ddd>82</ddd>
    <siafi>2785</siafi>
  </cep>
  <cep>
    <cep>57070-080</cep>
    <logradouro>Rua Barão de Jaraguá</logradouro>
    <complemento/>
    <unidade/>
    <bairro>Fernão Velho</bairro>
    <localidade>Maceió</localidade>
    <uf>AL</uf>
    <estado>Alagoas</estado>
    <região/>
    <ibge>2704302</ibge>
    <gia/>
    <ddd>82</ddd>
    <siafi>2785</siafi>
  </cep>
  <cep>
    <cep>57070-070</cep>
    <logradouro>Rua Comendador Vasconcelos Condor</logradouro>
    <complemento/>
    <unidade/>
    <bairro>Fernão Velho</bairro>
    <localidade>Maceió</localidade>
    <uf>AL</uf>
    <estado>Alagoas</estado>
    <região/>
    <ibge>2704302</ibge>
    <gia/>
    <ddd>82</ddd>
    <siafi>2785</siafi>
  </cep>
  <cep>
    <cep>57070-016</cep>
    <logradouro>4ª Rua Bela Vista</logradouro>
    <complemento/>
    <unidade/>
    <bairro>Fernão Velho</bairro>
    <localidade>Maceió</localidade>
    <uf>AL</uf>
    <estado>Alagoas</estado>
    <região/>
    <ibge>2704302</ibge>
    <gia/>
    <ddd>82</ddd>
    <siafi>2785</siafi>
  </cep>
  <cep>
    <cep>57070-030</cep>
    <logradouro>Rua Major Prado</logradouro>
    <complemento/>
    <unidade/>
    <bairro>Fernão Velho</bairro>
    <localidade>Maceió</localidade>
    <uf>AL</uf>
    <estado>Alagoas</estado>
    <região/>
    <ibge>2704302</ibge>
    <gia/>
    <ddd>82</ddd>
    <siafi>2785</siafi>
  </cep>
  <cep>
    <cep>57070-090</cep>
    <logradouro>Rua da Praia</logradouro>
    <complemento/>
    <unidade/>
    <bairro>Fernão Velho</bairro>
    <localidade>Maceió</localidade>
    <uf>AL</uf>
    <estado>Alagoas</estado>
    <região/>
    <ibge>2704302</ibge>
    <gia/>
    <ddd>82</ddd>
    <siafi>2785</siafi>
  </cep>
  <cep>
    <cep>57070-100</cep>
    <logradouro>Rua Comendador Jacinto Leite</logradouro>
    <complemento/>
    <unidade/>
    <bairro>Fernão Velho</bairro>
    <localidade>Maceió</localidade>
    <uf>AL</uf>
    <estado>Alagoas</estado>
    <região/>
    <ibge>2704302</ibge>
    <gia/>
    <ddd>82</ddd>
    <siafi>2785</siafi>
  </cep>
  <cep>
    <cep>57070-092</cep>
    <logradouro>Travessa da Praia</logradouro>
    <complemento/>
    <unidade/>
    <bairro>Fernão Velho</bairro>
    <localidade>Maceió</localidade>
    <uf>AL</uf>
    <estado>Alagoas</estado>
    <região/>
    <ibge>2704302</ibge>
    <gia/>
    <ddd>82</ddd>
    <siafi>2785</siafi>
  </cep>
  <cep>
    <cep>57063-059</cep>
    <logradouro>Rua Projetada</logradouro>
    <complemento>(Lot Sta Amélia)</complemento>
    <unidade/>
    <bairro>Santa Amélia</bairro>
    <localidade>Maceió</localidade>
    <uf>AL</uf>
    <estado>Alagoas</estado>
    <região/>
    <ibge>2704302</ibge>
    <gia/>
    <ddd>82</ddd>
    <siafi>2785</siafi>
  </cep>
  <cep>
    <cep>57070-110</cep>
    <logradouro>Praça Coronel Othon Bezerra de Melo</logradouro>
    <complemento/>
    <unidade/>
    <bairro>Fernão Velho</bairro>
    <localidade>Maceió</localidade>
    <uf>AL</uf>
    <estado>Alagoas</estado>
    <região/>
    <ibge>2704302</ibge>
    <gia/>
    <ddd>82</ddd>
    <siafi>2785</siafi>
  </cep>
  <cep>
    <cep>57070-130</cep>
    <logradouro>Rua Dona Maria Machado</logradouro>
    <complemento/>
    <unidade/>
    <bairro>Fernão Velho</bairro>
    <localidade>Maceió</localidade>
    <uf>AL</uf>
    <estado>Alagoas</estado>
    <região/>
    <ibge>2704302</ibge>
    <gia/>
    <ddd>82</ddd>
    <siafi>2785</siafi>
  </cep>
  <cep>
    <cep>57070-120</cep>
    <logradouro>Praça São José</logradouro>
    <complemento/>
    <unidade/>
    <bairro>Fernão Velho</bairro>
    <localidade>Maceió</localidade>
    <uf>AL</uf>
    <estado>Alagoas</estado>
    <região/>
    <ibge>2704302</ibge>
    <gia/>
    <ddd>82</ddd>
    <siafi>2785</siafi>
  </cep>
  <cep>
    <cep>57070-122</cep>
    <logradouro>Rua dos Operários</logradouro>
    <complemento/>
    <unidade/>
    <bairro>Fernão Velho</bairro>
    <localidade>Maceió</localidade>
    <uf>AL</uf>
    <estado>Alagoas</estado>
    <região/>
    <ibge>2704302</ibge>
    <gia/>
    <ddd>82</ddd>
    <siafi>2785</siafi>
  </cep>
  <cep>
    <cep>57070-140</cep>
    <logradouro>Avenida João Machado</logradouro>
    <complemento/>
    <unidade/>
    <bairro>Fernão Velho</bairro>
    <localidade>Maceió</localidade>
    <uf>AL</uf>
    <estado>Alagoas</estado>
    <região/>
    <ibge>2704302</ibge>
    <gia/>
    <ddd>82</ddd>
    <siafi>2785</siafi>
  </cep>
  <cep>
    <cep>57070-470</cep>
    <logradouro>Avenida Valdemar Rufino dos Santos</logradouro>
    <complemento/>
    <unidade/>
    <bairro>Fernão Velho</bairro>
    <localidade>Maceió</localidade>
    <uf>AL</uf>
    <estado>Alagoas</estado>
    <região/>
    <ibge>2704302</ibge>
    <gia/>
    <ddd>82</ddd>
    <siafi>2785</siafi>
  </cep>
  <cep>
    <cep>57070-482</cep>
    <logradouro>Rua da Linha</logradouro>
    <complemento>(Vila ABC)</complemento>
    <unidade/>
    <bairro>Fernão Velho</bairro>
    <localidade>Maceió</localidade>
    <uf>AL</uf>
    <estado>Alagoas</estado>
    <região/>
    <ibge>2704302</ibge>
    <gia/>
    <ddd>82</ddd>
    <siafi>2785</siafi>
  </cep>
  <cep>
    <cep>57070-474</cep>
    <logradouro>Travessa do Campo 2118</logradouro>
    <complemento/>
    <unidade/>
    <bairro>Fernão Velho</bairro>
    <localidade>Maceió</localidade>
    <uf>AL</uf>
    <estado>Alagoas</estado>
    <região/>
    <ibge>2704302</ibge>
    <gia/>
    <ddd>82</ddd>
    <siafi>2785</siafi>
  </cep>
  <cep>
    <cep>57070-112</cep>
    <logradouro>Rua Cônego Pimentel</logradouro>
    <complemento/>
    <unidade/>
    <bairro>Fernão Velho</bairro>
    <localidade>Maceió</localidade>
    <uf>AL</uf>
    <estado>Alagoas</estado>
    <região/>
    <ibge>2704302</ibge>
    <gia/>
    <ddd>82</ddd>
    <siafi>2785</siafi>
  </cep>
  <cep>
    <cep>57070-410</cep>
    <logradouro>Rua do Meio 0990</logradouro>
    <complemento/>
    <unidade/>
    <bairro>Fernão Velho</bairro>
    <localidade>Maceió</localidade>
    <uf>AL</uf>
    <estado>Alagoas</estado>
    <região/>
    <ibge>2704302</ibge>
    <gia/>
    <ddd>82</ddd>
    <siafi>2785</siafi>
  </cep>
  <cep>
    <cep>57070-430</cep>
    <logradouro>Rua do Porto</logradouro>
    <complemento/>
    <unidade/>
    <bairro>Fernão Velho</bairro>
    <localidade>Maceió</localidade>
    <uf>AL</uf>
    <estado>Alagoas</estado>
    <região/>
    <ibge>2704302</ibge>
    <gia/>
    <ddd>82</ddd>
    <siafi>2785</siafi>
  </cep>
  <cep>
    <cep>57070-444</cep>
    <logradouro>2ª Rua Mensageiro Nedson</logradouro>
    <complemento/>
    <unidade/>
    <bairro>Fernão Velho</bairro>
    <localidade>Maceió</localidade>
    <uf>AL</uf>
    <estado>Alagoas</estado>
    <região/>
    <ibge>2704302</ibge>
    <gia/>
    <ddd>82</ddd>
    <siafi>2785</siafi>
  </cep>
  <cep>
    <cep>57070-442</cep>
    <logradouro>1ª Rua Mensageiro Nedson</logradouro>
    <complemento/>
    <unidade/>
    <bairro>Fernão Velho</bairro>
    <localidade>Maceió</localidade>
    <uf>AL</uf>
    <estado>Alagoas</estado>
    <região/>
    <ibge>2704302</ibge>
    <gia/>
    <ddd>82</ddd>
    <siafi>2785</siafi>
  </cep>
  <cep>
    <cep>57070-310</cep>
    <logradouro>Rua Doutor Pontes de Miranda</logradouro>
    <complemento/>
    <unidade/>
    <bairro>Fernão Velho</bairro>
    <localidade>Maceió</localidade>
    <uf>AL</uf>
    <estado>Alagoas</estado>
    <região/>
    <ibge>2704302</ibge>
    <gia/>
    <ddd>82</ddd>
    <siafi>2785</siafi>
  </cep>
  <cep>
    <cep>57070-446</cep>
    <logradouro>Rua Pedro Café</logradouro>
    <complemento/>
    <unidade/>
    <bairro>Fernão Velho</bairro>
    <localidade>Maceió</localidade>
    <uf>AL</uf>
    <estado>Alagoas</estado>
    <região/>
    <ibge>2704302</ibge>
    <gia/>
    <ddd>82</ddd>
    <siafi>2785</siafi>
  </cep>
  <cep>
    <cep>57070-472</cep>
    <logradouro>Rua do Campo 2657</logradouro>
    <complemento/>
    <unidade/>
    <bairro>Fernão Velho</bairro>
    <localidade>Maceió</localidade>
    <uf>AL</uf>
    <estado>Alagoas</estado>
    <região/>
    <ibge>2704302</ibge>
    <gia/>
    <ddd>82</ddd>
    <siafi>2785</siafi>
  </cep>
  <cep>
    <cep>57070-477</cep>
    <logradouro>Rua do Campo 2112</logradouro>
    <complemento/>
    <unidade/>
    <bairro>Fernão Velho</bairro>
    <localidade>Maceió</localidade>
    <uf>AL</uf>
    <estado>Alagoas</estado>
    <região/>
    <ibge>2704302</ibge>
    <gia/>
    <ddd>82</ddd>
    <siafi>2785</siafi>
  </cep>
  <cep>
    <cep>57070-400</cep>
    <logradouro>Rua Imidia Barbosa</logradouro>
    <complemento/>
    <unidade/>
    <bairro>Fernão Velho</bairro>
    <localidade>Maceió</localidade>
    <uf>AL</uf>
    <estado>Alagoas</estado>
    <região/>
    <ibge>2704302</ibge>
    <gia/>
    <ddd>82</ddd>
    <siafi>2785</siafi>
  </cep>
  <cep>
    <cep>57070-510</cep>
    <logradouro>Rua Alto do Redentor</logradouro>
    <complemento/>
    <unidade/>
    <bairro>Rio Novo</bairro>
    <localidade>Maceió</localidade>
    <uf>AL</uf>
    <estado>Alagoas</estado>
    <região/>
    <ibge>2704302</ibge>
    <gia/>
    <ddd>82</ddd>
    <siafi>2785</siafi>
  </cep>
  <cep>
    <cep>57070-450</cep>
    <logradouro>Rua Doutor Alberto Plácido</logradouro>
    <complemento/>
    <unidade/>
    <bairro>Fernão Velho</bairro>
    <localidade>Maceió</localidade>
    <uf>AL</uf>
    <estado>Alagoas</estado>
    <região/>
    <ibge>2704302</ibge>
    <gia/>
    <ddd>82</ddd>
    <siafi>2785</siafi>
  </cep>
  <cep>
    <cep>57070-494</cep>
    <logradouro>Ladeira Fernão Velho</logradouro>
    <complemento/>
    <unidade/>
    <bairro>Fernão Velho</bairro>
    <localidade>Maceió</localidade>
    <uf>AL</uf>
    <estado>Alagoas</estado>
    <região/>
    <ibge>2704302</ibge>
    <gia/>
    <ddd>82</ddd>
    <siafi>2785</siafi>
  </cep>
  <cep>
    <cep>57070-512</cep>
    <logradouro>Travessa Alto do Redentor</logradouro>
    <complemento/>
    <unidade/>
    <bairro>Rio Novo</bairro>
    <localidade>Maceió</localidade>
    <uf>AL</uf>
    <estado>Alagoas</estado>
    <região/>
    <ibge>2704302</ibge>
    <gia/>
    <ddd>82</ddd>
    <siafi>2785</siafi>
  </cep>
  <cep>
    <cep>57070-500</cep>
    <logradouro>Rua do Alecrim</logradouro>
    <complemento/>
    <unidade/>
    <bairro>Rio Novo</bairro>
    <localidade>Maceió</localidade>
    <uf>AL</uf>
    <estado>Alagoas</estado>
    <região/>
    <ibge>2704302</ibge>
    <gia/>
    <ddd>82</ddd>
    <siafi>2785</siafi>
  </cep>
  <cep>
    <cep>57070-502</cep>
    <logradouro>Travessa do Alecrim</logradouro>
    <complemento/>
    <unidade/>
    <bairro>Rio Novo</bairro>
    <localidade>Maceió</localidade>
    <uf>AL</uf>
    <estado>Alagoas</estado>
    <região/>
    <ibge>2704302</ibge>
    <gia/>
    <ddd>82</ddd>
    <siafi>2785</siafi>
  </cep>
  <cep>
    <cep>57070-504</cep>
    <logradouro>Rua Santa Quitéria</logradouro>
    <complemento/>
    <unidade/>
    <bairro>Rio Novo</bairro>
    <localidade>Maceió</localidade>
    <uf>AL</uf>
    <estado>Alagoas</estado>
    <região/>
    <ibge>2704302</ibge>
    <gia/>
    <ddd>82</ddd>
    <siafi>2785</siafi>
  </cep>
  <cep>
    <cep>57070-513</cep>
    <logradouro>Quadra C</logradouro>
    <complemento>(Lot Alto Boa Vista)</complemento>
    <unidade/>
    <bairro>Rio Novo</bairro>
    <localidade>Maceió</localidade>
    <uf>AL</uf>
    <estado>Alagoas</estado>
    <região/>
    <ibge>2704302</ibge>
    <gia/>
    <ddd>82</ddd>
    <siafi>2785</siafi>
  </cep>
  <cep>
    <cep>57070-517</cep>
    <logradouro>Rua Padre Cícero</logradouro>
    <complemento/>
    <unidade/>
    <bairro>Rio Novo</bairro>
    <localidade>Maceió</localidade>
    <uf>AL</uf>
    <estado>Alagoas</estado>
    <região/>
    <ibge>2704302</ibge>
    <gia/>
    <ddd>82</ddd>
    <siafi>2785</siafi>
  </cep>
  <cep>
    <cep>57070-514</cep>
    <logradouro>Quadra D</logradouro>
    <complemento>(Lot Alto Boa Vista)</complemento>
    <unidade/>
    <bairro>Rio Novo</bairro>
    <localidade>Maceió</localidade>
    <uf>AL</uf>
    <estado>Alagoas</estado>
    <região/>
    <ibge>2704302</ibge>
    <gia/>
    <ddd>82</ddd>
    <siafi>2785</siafi>
  </cep>
  <cep>
    <cep>57070-534</cep>
    <logradouro>Quadra Z</logradouro>
    <complemento>(Lot Alto Boa Vista)</complemento>
    <unidade/>
    <bairro>Rio Novo</bairro>
    <localidade>Maceió</localidade>
    <uf>AL</uf>
    <estado>Alagoas</estado>
    <região/>
    <ibge>2704302</ibge>
    <gia/>
    <ddd>82</ddd>
    <siafi>2785</siafi>
  </cep>
  <cep>
    <cep>57070-546</cep>
    <logradouro>Rua Amanda Virna</logradouro>
    <complemento/>
    <unidade/>
    <bairro>Rio Novo</bairro>
    <localidade>Maceió</localidade>
    <uf>AL</uf>
    <estado>Alagoas</estado>
    <região/>
    <ibge>2704302</ibge>
    <gia/>
    <ddd>82</ddd>
    <siafi>2785</siafi>
  </cep>
  <cep>
    <cep>57070-518</cep>
    <logradouro>Quadra I</logradouro>
    <complemento>(Lot Alto Boa Vista)</complemento>
    <unidade/>
    <bairro>Rio Novo</bairro>
    <localidade>Maceió</localidade>
    <uf>AL</uf>
    <estado>Alagoas</estado>
    <região/>
    <ibge>2704302</ibge>
    <gia/>
    <ddd>82</ddd>
    <siafi>2785</siafi>
  </cep>
  <cep>
    <cep>57070-523</cep>
    <logradouro>Quadra L</logradouro>
    <complemento>(Lot Alto Boa Vista)</complemento>
    <unidade/>
    <bairro>Rio Novo</bairro>
    <localidade>Maceió</localidade>
    <uf>AL</uf>
    <estado>Alagoas</estado>
    <região/>
    <ibge>2704302</ibge>
    <gia/>
    <ddd>82</ddd>
    <siafi>2785</siafi>
  </cep>
  <cep>
    <cep>57070-527</cep>
    <logradouro>Quadra N</logradouro>
    <complemento>(Lot Alto Boa Vista)</complemento>
    <unidade/>
    <bairro>Rio Novo</bairro>
    <localidade>Maceió</localidade>
    <uf>AL</uf>
    <estado>Alagoas</estado>
    <região/>
    <ibge>2704302</ibge>
    <gia/>
    <ddd>82</ddd>
    <siafi>2785</siafi>
  </cep>
  <cep>
    <cep>57070-525</cep>
    <logradouro>Quadra M</logradouro>
    <complemento>(Lot Alto Boa Vista)</complemento>
    <unidade/>
    <bairro>Rio Novo</bairro>
    <localidade>Maceió</localidade>
    <uf>AL</uf>
    <estado>Alagoas</estado>
    <região/>
    <ibge>2704302</ibge>
    <gia/>
    <ddd>82</ddd>
    <siafi>2785</siafi>
  </cep>
  <cep>
    <cep>57070-552</cep>
    <logradouro>Travessa Frei Damião</logradouro>
    <complemento/>
    <unidade/>
    <bairro>Rio Novo</bairro>
    <localidade>Maceió</localidade>
    <uf>AL</uf>
    <estado>Alagoas</estado>
    <região/>
    <ibge>2704302</ibge>
    <gia/>
    <ddd>82</ddd>
    <siafi>2785</siafi>
  </cep>
  <cep>
    <cep>57070-532</cep>
    <logradouro>Travessa Boa Vista</logradouro>
    <complemento/>
    <unidade/>
    <bairro>Rio Novo</bairro>
    <localidade>Maceió</localidade>
    <uf>AL</uf>
    <estado>Alagoas</estado>
    <região/>
    <ibge>2704302</ibge>
    <gia/>
    <ddd>82</ddd>
    <siafi>2785</siafi>
  </cep>
  <cep>
    <cep>57070-542</cep>
    <logradouro>Rua Carteiro Bibiano</logradouro>
    <complemento/>
    <unidade/>
    <bairro>Rio Novo</bairro>
    <localidade>Maceió</localidade>
    <uf>AL</uf>
    <estado>Alagoas</estado>
    <região/>
    <ibge>2704302</ibge>
    <gia/>
    <ddd>82</ddd>
    <siafi>2785</siafi>
  </cep>
  <cep>
    <cep>57070-522</cep>
    <logradouro>Rua do Coqueiral</logradouro>
    <complemento/>
    <unidade/>
    <bairro>Rio Novo</bairro>
    <localidade>Maceió</localidade>
    <uf>AL</uf>
    <estado>Alagoas</estado>
    <região/>
    <ibge>2704302</ibge>
    <gia/>
    <ddd>82</ddd>
    <siafi>2785</siafi>
  </cep>
  <cep>
    <cep>57070-533</cep>
    <logradouro>Quadra X</logradouro>
    <complemento>(Lot Alto Boa Vista)</complemento>
    <unidade/>
    <bairro>Rio Novo</bairro>
    <localidade>Maceió</localidade>
    <uf>AL</uf>
    <estado>Alagoas</estado>
    <região/>
    <ibge>2704302</ibge>
    <gia/>
    <ddd>82</ddd>
    <siafi>2785</siafi>
  </cep>
  <cep>
    <cep>57070-529</cep>
    <logradouro>Quadra P</logradouro>
    <complemento>(Lot Alto Boa Vista)</complemento>
    <unidade/>
    <bairro>Rio Novo</bairro>
    <localidade>Maceió</localidade>
    <uf>AL</uf>
    <estado>Alagoas</estado>
    <região/>
    <ibge>2704302</ibge>
    <gia/>
    <ddd>82</ddd>
    <siafi>2785</siafi>
  </cep>
  <cep>
    <cep>57070-526</cep>
    <logradouro>Rua Bela Vista</logradouro>
    <complemento/>
    <unidade/>
    <bairro>Rio Novo</bairro>
    <localidade>Maceió</localidade>
    <uf>AL</uf>
    <estado>Alagoas</estado>
    <região/>
    <ibge>2704302</ibge>
    <gia/>
    <ddd>82</ddd>
    <siafi>2785</siafi>
  </cep>
  <cep>
    <cep>57070-528</cep>
    <logradouro>Quadra O</logradouro>
    <complemento>(Lot Alto Boa Vista)</complemento>
    <unidade/>
    <bairro>Rio Novo</bairro>
    <localidade>Maceió</localidade>
    <uf>AL</uf>
    <estado>Alagoas</estado>
    <região/>
    <ibge>2704302</ibge>
    <gia/>
    <ddd>82</ddd>
    <siafi>2785</siafi>
  </cep>
  <cep>
    <cep>57070-531</cep>
    <logradouro>Quadra Q</logradouro>
    <complemento>(Lot Alto Boa Vista)</complemento>
    <unidade/>
    <bairro>Rio Novo</bairro>
    <localidade>Maceió</localidade>
    <uf>AL</uf>
    <estado>Alagoas</estado>
    <região/>
    <ibge>2704302</ibge>
    <gia/>
    <ddd>82</ddd>
    <siafi>2785</siafi>
  </cep>
  <cep>
    <cep>57070-566</cep>
    <logradouro>Rua Laedson Vagner</logradouro>
    <complemento/>
    <unidade/>
    <bairro>Rio Novo</bairro>
    <localidade>Maceió</localidade>
    <uf>AL</uf>
    <estado>Alagoas</estado>
    <região/>
    <ibge>2704302</ibge>
    <gia/>
    <ddd>82</ddd>
    <siafi>2785</siafi>
  </cep>
  <cep>
    <cep>57070-560</cep>
    <logradouro>Rua da Igreja</logradouro>
    <complemento/>
    <unidade/>
    <bairro>Rio Novo</bairro>
    <localidade>Maceió</localidade>
    <uf>AL</uf>
    <estado>Alagoas</estado>
    <região/>
    <ibge>2704302</ibge>
    <gia/>
    <ddd>82</ddd>
    <siafi>2785</siafi>
  </cep>
  <cep>
    <cep>57070-702</cep>
    <logradouro>Quadra C</logradouro>
    <complemento>(Lot Rio Novo)</complemento>
    <unidade/>
    <bairro>Rio Novo</bairro>
    <localidade>Maceió</localidade>
    <uf>AL</uf>
    <estado>Alagoas</estado>
    <região/>
    <ibge>2704302</ibge>
    <gia/>
    <ddd>82</ddd>
    <siafi>2785</siafi>
  </cep>
  <cep>
    <cep>57070-554</cep>
    <logradouro>Rua Linha Férrea</logradouro>
    <complemento/>
    <unidade/>
    <bairro>Rio Novo</bairro>
    <localidade>Maceió</localidade>
    <uf>AL</uf>
    <estado>Alagoas</estado>
    <região/>
    <ibge>2704302</ibge>
    <gia/>
    <ddd>82</ddd>
    <siafi>2785</siafi>
  </cep>
  <cep>
    <cep>57070-521</cep>
    <logradouro>Quadra J</logradouro>
    <complemento>(Lot Alto Boa Vista)</complemento>
    <unidade/>
    <bairro>Rio Novo</bairro>
    <localidade>Maceió</localidade>
    <uf>AL</uf>
    <estado>Alagoas</estado>
    <região/>
    <ibge>2704302</ibge>
    <gia/>
    <ddd>82</ddd>
    <siafi>2785</siafi>
  </cep>
  <cep>
    <cep>57070-590</cep>
    <logradouro>Travessa da Paz</logradouro>
    <complemento/>
    <unidade/>
    <bairro>Rio Novo</bairro>
    <localidade>Maceió</localidade>
    <uf>AL</uf>
    <estado>Alagoas</estado>
    <região/>
    <ibge>2704302</ibge>
    <gia/>
    <ddd>82</ddd>
    <siafi>2785</siafi>
  </cep>
  <cep>
    <cep>57070-711</cep>
    <logradouro>Quadra L</logradouro>
    <complemento>(Lot Rio Novo)</complemento>
    <unidade/>
    <bairro>Rio Novo</bairro>
    <localidade>Maceió</localidade>
    <uf>AL</uf>
    <estado>Alagoas</estado>
    <região/>
    <ibge>2704302</ibge>
    <gia/>
    <ddd>82</ddd>
    <siafi>2785</siafi>
  </cep>
  <cep>
    <cep>57070-640</cep>
    <logradouro>Rua Zoraide Malta</logradouro>
    <complemento/>
    <unidade/>
    <bairro>Rio Novo</bairro>
    <localidade>Maceió</localidade>
    <uf>AL</uf>
    <estado>Alagoas</estado>
    <região/>
    <ibge>2704302</ibge>
    <gia/>
    <ddd>82</ddd>
    <siafi>2785</siafi>
  </cep>
  <cep>
    <cep>57070-591</cep>
    <logradouro>Rua da Paz</logradouro>
    <complemento/>
    <unidade/>
    <bairro>Rio Novo</bairro>
    <localidade>Maceió</localidade>
    <uf>AL</uf>
    <estado>Alagoas</estado>
    <região/>
    <ibge>2704302</ibge>
    <gia/>
    <ddd>82</ddd>
    <siafi>2785</siafi>
  </cep>
  <cep>
    <cep>57070-707</cep>
    <logradouro>Quadra H</logradouro>
    <complemento>(Lot Rio Novo)</complemento>
    <unidade/>
    <bairro>Rio Novo</bairro>
    <localidade>Maceió</localidade>
    <uf>AL</uf>
    <estado>Alagoas</estado>
    <região/>
    <ibge>2704302</ibge>
    <gia/>
    <ddd>82</ddd>
    <siafi>2785</siafi>
  </cep>
  <cep>
    <cep>57070-580</cep>
    <logradouro>Rua Nova A</logradouro>
    <complemento/>
    <unidade/>
    <bairro>Rio Novo</bairro>
    <localidade>Maceió</localidade>
    <uf>AL</uf>
    <estado>Alagoas</estado>
    <região/>
    <ibge>2704302</ibge>
    <gia/>
    <ddd>82</ddd>
    <siafi>2785</siafi>
  </cep>
  <cep>
    <cep>57070-630</cep>
    <logradouro>Rua São Luiz</logradouro>
    <complemento/>
    <unidade/>
    <bairro>Rio Novo</bairro>
    <localidade>Maceió</localidade>
    <uf>AL</uf>
    <estado>Alagoas</estado>
    <região/>
    <ibge>2704302</ibge>
    <gia/>
    <ddd>82</ddd>
    <siafi>2785</siafi>
  </cep>
  <cep>
    <cep>57070-701</cep>
    <logradouro>Quadra B</logradouro>
    <complemento>(Lot Rio Novo)</complemento>
    <unidade/>
    <bairro>Rio Novo</bairro>
    <localidade>Maceió</localidade>
    <uf>AL</uf>
    <estado>Alagoas</estado>
    <região/>
    <ibge>2704302</ibge>
    <gia/>
    <ddd>82</ddd>
    <siafi>2785</siafi>
  </cep>
  <cep>
    <cep>57070-519</cep>
    <logradouro>Rua Santa Terezinha</logradouro>
    <complemento/>
    <unidade/>
    <bairro>Rio Novo</bairro>
    <localidade>Maceió</localidade>
    <uf>AL</uf>
    <estado>Alagoas</estado>
    <região/>
    <ibge>2704302</ibge>
    <gia/>
    <ddd>82</ddd>
    <siafi>2785</siafi>
  </cep>
  <cep>
    <cep>57070-540</cep>
    <logradouro>Rua Vereador Hermínio Cardoso</logradouro>
    <complemento/>
    <unidade/>
    <bairro>Rio Novo</bairro>
    <localidade>Maceió</localidade>
    <uf>AL</uf>
    <estado>Alagoas</estado>
    <região/>
    <ibge>2704302</ibge>
    <gia/>
    <ddd>82</ddd>
    <siafi>2785</siafi>
  </cep>
  <cep>
    <cep>57070-709</cep>
    <logradouro>Quadra J</logradouro>
    <complemento>(Lot Rio Novo)</complemento>
    <unidade/>
    <bairro>Rio Novo</bairro>
    <localidade>Maceió</localidade>
    <uf>AL</uf>
    <estado>Alagoas</estado>
    <região/>
    <ibge>2704302</ibge>
    <gia/>
    <ddd>82</ddd>
    <siafi>2785</siafi>
  </cep>
  <cep>
    <cep>57070-520</cep>
    <logradouro>Rua da Areia</logradouro>
    <complemento/>
    <unidade/>
    <bairro>Rio Novo</bairro>
    <localidade>Maceió</localidade>
    <uf>AL</uf>
    <estado>Alagoas</estado>
    <região/>
    <ibge>2704302</ibge>
    <gia/>
    <ddd>82</ddd>
    <siafi>2785</siafi>
  </cep>
  <cep>
    <cep>57070-535</cep>
    <logradouro>Quadra Z1</logradouro>
    <complemento>(Lot Alto Boa Vista)</complemento>
    <unidade/>
    <bairro>Rio Novo</bairro>
    <localidade>Maceió</localidade>
    <uf>AL</uf>
    <estado>Alagoas</estado>
    <região/>
    <ibge>2704302</ibge>
    <gia/>
    <ddd>82</ddd>
    <siafi>2785</siafi>
  </cep>
  <cep>
    <cep>57070-706</cep>
    <logradouro>Quadra G</logradouro>
    <complemento>(Lot Rio Novo)</complemento>
    <unidade/>
    <bairro>Rio Novo</bairro>
    <localidade>Maceió</localidade>
    <uf>AL</uf>
    <estado>Alagoas</estado>
    <região/>
    <ibge>2704302</ibge>
    <gia/>
    <ddd>82</ddd>
    <siafi>2785</siafi>
  </cep>
  <cep>
    <cep>57070-530</cep>
    <logradouro>Rua Boa Vista</logradouro>
    <complemento/>
    <unidade/>
    <bairro>Rio Novo</bairro>
    <localidade>Maceió</localidade>
    <uf>AL</uf>
    <estado>Alagoas</estado>
    <região/>
    <ibge>2704302</ibge>
    <gia/>
    <ddd>82</ddd>
    <siafi>2785</siafi>
  </cep>
  <cep>
    <cep>57070-545</cep>
    <logradouro>Travessa do Cravo</logradouro>
    <complemento/>
    <unidade/>
    <bairro>Rio Novo</bairro>
    <localidade>Maceió</localidade>
    <uf>AL</uf>
    <estado>Alagoas</estado>
    <região/>
    <ibge>2704302</ibge>
    <gia/>
    <ddd>82</ddd>
    <siafi>2785</siafi>
  </cep>
  <cep>
    <cep>57070-620</cep>
    <logradouro>Travessa Santa Quitéria</logradouro>
    <complemento/>
    <unidade/>
    <bairro>Rio Novo</bairro>
    <localidade>Maceió</localidade>
    <uf>AL</uf>
    <estado>Alagoas</estado>
    <região/>
    <ibge>2704302</ibge>
    <gia/>
    <ddd>82</ddd>
    <siafi>2785</siafi>
  </cep>
  <cep>
    <cep>57070-708</cep>
    <logradouro>Quadra I</logradouro>
    <complemento>(Lot Rio Novo)</complemento>
    <unidade/>
    <bairro>Rio Novo</bairro>
    <localidade>Maceió</localidade>
    <uf>AL</uf>
    <estado>Alagoas</estado>
    <região/>
    <ibge>2704302</ibge>
    <gia/>
    <ddd>82</ddd>
    <siafi>2785</siafi>
  </cep>
  <cep>
    <cep>57070-645</cep>
    <logradouro>Rua Alto Rio Verde</logradouro>
    <complemento/>
    <unidade/>
    <bairro>Rio Novo</bairro>
    <localidade>Maceió</localidade>
    <uf>AL</uf>
    <estado>Alagoas</estado>
    <região/>
    <ibge>2704302</ibge>
    <gia/>
    <ddd>82</ddd>
    <siafi>2785</siafi>
  </cep>
  <cep>
    <cep>57070-570</cep>
    <logradouro>Praça Leonildo Cardoso</logradouro>
    <complemento/>
    <unidade/>
    <bairro>Rio Novo</bairro>
    <localidade>Maceió</localidade>
    <uf>AL</uf>
    <estado>Alagoas</estado>
    <região/>
    <ibge>2704302</ibge>
    <gia/>
    <ddd>82</ddd>
    <siafi>2785</siafi>
  </cep>
  <cep>
    <cep>57070-550</cep>
    <logradouro>Rua Frei Damião</logradouro>
    <complemento/>
    <unidade/>
    <bairro>Rio Novo</bairro>
    <localidade>Maceió</localidade>
    <uf>AL</uf>
    <estado>Alagoas</estado>
    <região/>
    <ibge>2704302</ibge>
    <gia/>
    <ddd>82</ddd>
    <siafi>2785</siafi>
  </cep>
  <cep>
    <cep>57070-524</cep>
    <logradouro>2ª Travessa Boa Vista</logradouro>
    <complemento/>
    <unidade/>
    <bairro>Rio Novo</bairro>
    <localidade>Maceió</localidade>
    <uf>AL</uf>
    <estado>Alagoas</estado>
    <região/>
    <ibge>2704302</ibge>
    <gia/>
    <ddd>82</ddd>
    <siafi>2785</siafi>
  </cep>
  <cep>
    <cep>57070-544</cep>
    <logradouro>Rua Edenilson Fernandes</logradouro>
    <complemento/>
    <unidade/>
    <bairro>Rio Novo</bairro>
    <localidade>Maceió</localidade>
    <uf>AL</uf>
    <estado>Alagoas</estado>
    <região/>
    <ibge>2704302</ibge>
    <gia/>
    <ddd>82</ddd>
    <siafi>2785</siafi>
  </cep>
  <cep>
    <cep>57070-712</cep>
    <logradouro>Quadra M</logradouro>
    <complemento>(Lot Rio Novo)</complemento>
    <unidade/>
    <bairro>Rio Novo</bairro>
    <localidade>Maceió</localidade>
    <uf>AL</uf>
    <estado>Alagoas</estado>
    <região/>
    <ibge>2704302</ibge>
    <gia/>
    <ddd>82</ddd>
    <siafi>2785</siafi>
  </cep>
  <cep>
    <cep>57070-703</cep>
    <logradouro>Quadra D</logradouro>
    <complemento>(Lot Rio Novo)</complemento>
    <unidade/>
    <bairro>Rio Novo</bairro>
    <localidade>Maceió</localidade>
    <uf>AL</uf>
    <estado>Alagoas</estado>
    <região/>
    <ibge>2704302</ibge>
    <gia/>
    <ddd>82</ddd>
    <siafi>2785</siafi>
  </cep>
  <cep>
    <cep>57070-582</cep>
    <logradouro>Rua Nova B</logradouro>
    <complemento/>
    <unidade/>
    <bairro>Rio Novo</bairro>
    <localidade>Maceió</localidade>
    <uf>AL</uf>
    <estado>Alagoas</estado>
    <região/>
    <ibge>2704302</ibge>
    <gia/>
    <ddd>82</ddd>
    <siafi>2785</siafi>
  </cep>
  <cep>
    <cep>57070-700</cep>
    <logradouro>Quadra A</logradouro>
    <complemento>(Lot Rio Novo)</complemento>
    <unidade/>
    <bairro>Rio Novo</bairro>
    <localidade>Maceió</localidade>
    <uf>AL</uf>
    <estado>Alagoas</estado>
    <região/>
    <ibge>2704302</ibge>
    <gia/>
    <ddd>82</ddd>
    <siafi>2785</siafi>
  </cep>
  <cep>
    <cep>57070-600</cep>
    <logradouro>Rua Prudentes</logradouro>
    <complemento/>
    <unidade/>
    <bairro>Rio Novo</bairro>
    <localidade>Maceió</localidade>
    <uf>AL</uf>
    <estado>Alagoas</estado>
    <região/>
    <ibge>2704302</ibge>
    <gia/>
    <ddd>82</ddd>
    <siafi>2785</siafi>
  </cep>
  <cep>
    <cep>57070-704</cep>
    <logradouro>Quadra E</logradouro>
    <complemento>(Lot Rio Novo)</complemento>
    <unidade/>
    <bairro>Rio Novo</bairro>
    <localidade>Maceió</localidade>
    <uf>AL</uf>
    <estado>Alagoas</estado>
    <região/>
    <ibge>2704302</ibge>
    <gia/>
    <ddd>82</ddd>
    <siafi>2785</siafi>
  </cep>
  <cep>
    <cep>57070-713</cep>
    <logradouro>Quadra N</logradouro>
    <complemento>(Lot Rio Novo)</complemento>
    <unidade/>
    <bairro>Rio Novo</bairro>
    <localidade>Maceió</localidade>
    <uf>AL</uf>
    <estado>Alagoas</estado>
    <região/>
    <ibge>2704302</ibge>
    <gia/>
    <ddd>82</ddd>
    <siafi>2785</siafi>
  </cep>
  <cep>
    <cep>57070-714</cep>
    <logradouro>Quadra O</logradouro>
    <complemento>(Lot Rio Novo)</complemento>
    <unidade/>
    <bairro>Rio Novo</bairro>
    <localidade>Maceió</localidade>
    <uf>AL</uf>
    <estado>Alagoas</estado>
    <região/>
    <ibge>2704302</ibge>
    <gia/>
    <ddd>82</ddd>
    <siafi>2785</siafi>
  </cep>
  <cep>
    <cep>57070-723</cep>
    <logradouro>Quadra A-1</logradouro>
    <complemento>(Lot Rio Novo)</complemento>
    <unidade/>
    <bairro>Rio Novo</bairro>
    <localidade>Maceió</localidade>
    <uf>AL</uf>
    <estado>Alagoas</estado>
    <região/>
    <ibge>2704302</ibge>
    <gia/>
    <ddd>82</ddd>
    <siafi>2785</siafi>
  </cep>
  <cep>
    <cep>57070-721</cep>
    <logradouro>Quadra X</logradouro>
    <complemento>(Lot Rio Novo)</complemento>
    <unidade/>
    <bairro>Rio Novo</bairro>
    <localidade>Maceió</localidade>
    <uf>AL</uf>
    <estado>Alagoas</estado>
    <região/>
    <ibge>2704302</ibge>
    <gia/>
    <ddd>82</ddd>
    <siafi>2785</siafi>
  </cep>
  <cep>
    <cep>57070-720</cep>
    <logradouro>Rua Arthur Meyer Leite</logradouro>
    <complemento/>
    <unidade/>
    <bairro>Rio Novo</bairro>
    <localidade>Maceió</localidade>
    <uf>AL</uf>
    <estado>Alagoas</estado>
    <região/>
    <ibge>2704302</ibge>
    <gia/>
    <ddd>82</ddd>
    <siafi>2785</siafi>
  </cep>
  <cep>
    <cep>57070-719</cep>
    <logradouro>Quadra V</logradouro>
    <complemento>(Lot Rio Novo)</complemento>
    <unidade/>
    <bairro>Rio Novo</bairro>
    <localidade>Maceió</localidade>
    <uf>AL</uf>
    <estado>Alagoas</estado>
    <região/>
    <ibge>2704302</ibge>
    <gia/>
    <ddd>82</ddd>
    <siafi>2785</siafi>
  </cep>
  <cep>
    <cep>57070-718</cep>
    <logradouro>Quadra S</logradouro>
    <complemento>(Lot Rio Novo)</complemento>
    <unidade/>
    <bairro>Rio Novo</bairro>
    <localidade>Maceió</localidade>
    <uf>AL</uf>
    <estado>Alagoas</estado>
    <região/>
    <ibge>2704302</ibge>
    <gia/>
    <ddd>82</ddd>
    <siafi>2785</siafi>
  </cep>
  <cep>
    <cep>57070-726</cep>
    <logradouro>Quadra D-1</logradouro>
    <complemento>(Lot Rio Novo)</complemento>
    <unidade/>
    <bairro>Rio Novo</bairro>
    <localidade>Maceió</localidade>
    <uf>AL</uf>
    <estado>Alagoas</estado>
    <região/>
    <ibge>2704302</ibge>
    <gia/>
    <ddd>82</ddd>
    <siafi>2785</siafi>
  </cep>
  <cep>
    <cep>57070-716</cep>
    <logradouro>Quadra Q</logradouro>
    <complemento>(Lot Rio Novo)</complemento>
    <unidade/>
    <bairro>Rio Novo</bairro>
    <localidade>Maceió</localidade>
    <uf>AL</uf>
    <estado>Alagoas</estado>
    <região/>
    <ibge>2704302</ibge>
    <gia/>
    <ddd>82</ddd>
    <siafi>2785</siafi>
  </cep>
  <cep>
    <cep>57070-724</cep>
    <logradouro>Quadra B-1</logradouro>
    <complemento>(Lot Rio Novo)</complemento>
    <unidade/>
    <bairro>Rio Novo</bairro>
    <localidade>Maceió</localidade>
    <uf>AL</uf>
    <estado>Alagoas</estado>
    <região/>
    <ibge>2704302</ibge>
    <gia/>
    <ddd>82</ddd>
    <siafi>2785</siafi>
  </cep>
  <cep>
    <cep>57070-727</cep>
    <logradouro>Quadra E-1</logradouro>
    <complemento>(Lot Rio Novo)</complemento>
    <unidade/>
    <bairro>Rio Novo</bairro>
    <localidade>Maceió</localidade>
    <uf>AL</uf>
    <estado>Alagoas</estado>
    <região/>
    <ibge>2704302</ibge>
    <gia/>
    <ddd>82</ddd>
    <siafi>2785</siafi>
  </cep>
  <cep>
    <cep>57070-725</cep>
    <logradouro>Quadra C-1</logradouro>
    <complemento>(Lot Rio Novo)</complemento>
    <unidade/>
    <bairro>Rio Novo</bairro>
    <localidade>Maceió</localidade>
    <uf>AL</uf>
    <estado>Alagoas</estado>
    <região/>
    <ibge>2704302</ibge>
    <gia/>
    <ddd>82</ddd>
    <siafi>2785</siafi>
  </cep>
  <cep>
    <cep>57070-722</cep>
    <logradouro>Quadra Z</logradouro>
    <complemento>(Lot Rio Novo)</complemento>
    <unidade/>
    <bairro>Rio Novo</bairro>
    <localidade>Maceió</localidade>
    <uf>AL</uf>
    <estado>Alagoas</estado>
    <região/>
    <ibge>2704302</ibge>
    <gia/>
    <ddd>82</ddd>
    <siafi>2785</siafi>
  </cep>
  <cep>
    <cep>57070-732</cep>
    <logradouro>Rua Doutor Aldo Cardoso</logradouro>
    <complemento>(Lot Palmar)</complemento>
    <unidade/>
    <bairro>Rio Novo</bairro>
    <localidade>Maceió</localidade>
    <uf>AL</uf>
    <estado>Alagoas</estado>
    <região/>
    <ibge>2704302</ibge>
    <gia/>
    <ddd>82</ddd>
    <siafi>2785</siafi>
  </cep>
  <cep>
    <cep>57070-715</cep>
    <logradouro>Quadra P</logradouro>
    <complemento>(Lot Rio Novo)</complemento>
    <unidade/>
    <bairro>Rio Novo</bairro>
    <localidade>Maceió</localidade>
    <uf>AL</uf>
    <estado>Alagoas</estado>
    <região/>
    <ibge>2704302</ibge>
    <gia/>
    <ddd>82</ddd>
    <siafi>2785</siafi>
  </cep>
  <cep>
    <cep>57070-728</cep>
    <logradouro>Quadra F-1</logradouro>
    <complemento>(Lot Rio Novo)</complemento>
    <unidade/>
    <bairro>Rio Novo</bairro>
    <localidade>Maceió</localidade>
    <uf>AL</uf>
    <estado>Alagoas</estado>
    <região/>
    <ibge>2704302</ibge>
    <gia/>
    <ddd>82</ddd>
    <siafi>2785</siafi>
  </cep>
  <cep>
    <cep>57070-800</cep>
    <logradouro>Avenida Valdemar Rufino dos Santos</logradouro>
    <complemento/>
    <unidade/>
    <bairro>Rio Novo</bairro>
    <localidade>Maceió</localidade>
    <uf>AL</uf>
    <estado>Alagoas</estado>
    <região/>
    <ibge>2704302</ibge>
    <gia/>
    <ddd>82</ddd>
    <siafi>2785</siafi>
  </cep>
  <cep>
    <cep>57071-005</cep>
    <logradouro>Rua Humberto Melo</logradouro>
    <complemento/>
    <unidade/>
    <bairro>Clima Bom</bairro>
    <localidade>Maceió</localidade>
    <uf>AL</uf>
    <estado>Alagoas</estado>
    <região/>
    <ibge>2704302</ibge>
    <gia/>
    <ddd>82</ddd>
    <siafi>2785</siafi>
  </cep>
  <cep>
    <cep>57071-011</cep>
    <logradouro>1ª Travessa da Alegria</logradouro>
    <complemento/>
    <unidade/>
    <bairro>Clima Bom</bairro>
    <localidade>Maceió</localidade>
    <uf>AL</uf>
    <estado>Alagoas</estado>
    <região/>
    <ibge>2704302</ibge>
    <gia/>
    <ddd>82</ddd>
    <siafi>2785</siafi>
  </cep>
  <cep>
    <cep>57071-012</cep>
    <logradouro>Rua José Gonzaga de Almeida</logradouro>
    <complemento/>
    <unidade/>
    <bairro>Clima Bom</bairro>
    <localidade>Maceió</localidade>
    <uf>AL</uf>
    <estado>Alagoas</estado>
    <região/>
    <ibge>2704302</ibge>
    <gia/>
    <ddd>82</ddd>
    <siafi>2785</siafi>
  </cep>
  <cep>
    <cep>57071-001</cep>
    <logradouro>Rua Teotônio Vilela</logradouro>
    <complemento/>
    <unidade/>
    <bairro>Clima Bom</bairro>
    <localidade>Maceió</localidade>
    <uf>AL</uf>
    <estado>Alagoas</estado>
    <região/>
    <ibge>2704302</ibge>
    <gia/>
    <ddd>82</ddd>
    <siafi>2785</siafi>
  </cep>
  <cep>
    <cep>57071-040</cep>
    <logradouro>Rua Luiz Clemente Vasconcelos</logradouro>
    <complemento/>
    <unidade/>
    <bairro>Clima Bom</bairro>
    <localidade>Maceió</localidade>
    <uf>AL</uf>
    <estado>Alagoas</estado>
    <região/>
    <ibge>2704302</ibge>
    <gia/>
    <ddd>82</ddd>
    <siafi>2785</siafi>
  </cep>
  <cep>
    <cep>57071-004</cep>
    <logradouro>3ª Travessa Teotônio Vilela</logradouro>
    <complemento/>
    <unidade/>
    <bairro>Clima Bom</bairro>
    <localidade>Maceió</localidade>
    <uf>AL</uf>
    <estado>Alagoas</estado>
    <região/>
    <ibge>2704302</ibge>
    <gia/>
    <ddd>82</ddd>
    <siafi>2785</siafi>
  </cep>
  <cep>
    <cep>57071-019</cep>
    <logradouro>Travessa Edgar de Góes Monteiro</logradouro>
    <complemento/>
    <unidade/>
    <bairro>Clima Bom</bairro>
    <localidade>Maceió</localidade>
    <uf>AL</uf>
    <estado>Alagoas</estado>
    <região/>
    <ibge>2704302</ibge>
    <gia/>
    <ddd>82</ddd>
    <siafi>2785</siafi>
  </cep>
  <cep>
    <cep>57071-046</cep>
    <logradouro>Vila Santo Antônio</logradouro>
    <complemento/>
    <unidade/>
    <bairro>Clima Bom</bairro>
    <localidade>Maceió</localidade>
    <uf>AL</uf>
    <estado>Alagoas</estado>
    <região/>
    <ibge>2704302</ibge>
    <gia/>
    <ddd>82</ddd>
    <siafi>2785</siafi>
  </cep>
  <cep>
    <cep>57071-018</cep>
    <logradouro>4ª Travessa da Alegria</logradouro>
    <complemento/>
    <unidade/>
    <bairro>Clima Bom</bairro>
    <localidade>Maceió</localidade>
    <uf>AL</uf>
    <estado>Alagoas</estado>
    <região/>
    <ibge>2704302</ibge>
    <gia/>
    <ddd>82</ddd>
    <siafi>2785</siafi>
  </cep>
  <cep>
    <cep>57071-009</cep>
    <logradouro>7ª Travessa Teotônio Vilela</logradouro>
    <complemento/>
    <unidade/>
    <bairro>Clima Bom</bairro>
    <localidade>Maceió</localidade>
    <uf>AL</uf>
    <estado>Alagoas</estado>
    <região/>
    <ibge>2704302</ibge>
    <gia/>
    <ddd>82</ddd>
    <siafi>2785</siafi>
  </cep>
  <cep>
    <cep>57071-008</cep>
    <logradouro>6ª Travessa Teotônio Vilela</logradouro>
    <complemento/>
    <unidade/>
    <bairro>Clima Bom</bairro>
    <localidade>Maceió</localidade>
    <uf>AL</uf>
    <estado>Alagoas</estado>
    <região/>
    <ibge>2704302</ibge>
    <gia/>
    <ddd>82</ddd>
    <siafi>2785</siafi>
  </cep>
  <cep>
    <cep>57071-032</cep>
    <logradouro>2ª Travessa Haroldo de Azevedo</logradouro>
    <complemento/>
    <unidade/>
    <bairro>Clima Bom</bairro>
    <localidade>Maceió</localidade>
    <uf>AL</uf>
    <estado>Alagoas</estado>
    <região/>
    <ibge>2704302</ibge>
    <gia/>
    <ddd>82</ddd>
    <siafi>2785</siafi>
  </cep>
  <cep>
    <cep>57071-037</cep>
    <logradouro>Rua Aldemir Carlos Pereira</logradouro>
    <complemento/>
    <unidade/>
    <bairro>Clima Bom</bairro>
    <localidade>Maceió</localidade>
    <uf>AL</uf>
    <estado>Alagoas</estado>
    <região/>
    <ibge>2704302</ibge>
    <gia/>
    <ddd>82</ddd>
    <siafi>2785</siafi>
  </cep>
  <cep>
    <cep>57071-038</cep>
    <logradouro>Travessa Boa Esperança</logradouro>
    <complemento/>
    <unidade/>
    <bairro>Clima Bom</bairro>
    <localidade>Maceió</localidade>
    <uf>AL</uf>
    <estado>Alagoas</estado>
    <região/>
    <ibge>2704302</ibge>
    <gia/>
    <ddd>82</ddd>
    <siafi>2785</siafi>
  </cep>
  <cep>
    <cep>57071-016</cep>
    <logradouro>Rua Mensageiro Genivaldo Barbosa</logradouro>
    <complemento/>
    <unidade/>
    <bairro>Clima Bom</bairro>
    <localidade>Maceió</localidade>
    <uf>AL</uf>
    <estado>Alagoas</estado>
    <região/>
    <ibge>2704302</ibge>
    <gia/>
    <ddd>82</ddd>
    <siafi>2785</siafi>
  </cep>
  <cep>
    <cep>57071-048</cep>
    <logradouro>2ª Travessa da Alegria</logradouro>
    <complemento/>
    <unidade/>
    <bairro>Clima Bom</bairro>
    <localidade>Maceió</localidade>
    <uf>AL</uf>
    <estado>Alagoas</estado>
    <região/>
    <ibge>2704302</ibge>
    <gia/>
    <ddd>82</ddd>
    <siafi>2785</siafi>
  </cep>
  <cep>
    <cep>57071-006</cep>
    <logradouro>4ª Travessa Teotônio Vilela</logradouro>
    <complemento/>
    <unidade/>
    <bairro>Clima Bom</bairro>
    <localidade>Maceió</localidade>
    <uf>AL</uf>
    <estado>Alagoas</estado>
    <região/>
    <ibge>2704302</ibge>
    <gia/>
    <ddd>82</ddd>
    <siafi>2785</siafi>
  </cep>
  <cep>
    <cep>57071-044</cep>
    <logradouro>2ª Travessa Boa Vista</logradouro>
    <complemento/>
    <unidade/>
    <bairro>Clima Bom</bairro>
    <localidade>Maceió</localidade>
    <uf>AL</uf>
    <estado>Alagoas</estado>
    <região/>
    <ibge>2704302</ibge>
    <gia/>
    <ddd>82</ddd>
    <siafi>2785</siafi>
  </cep>
  <cep>
    <cep>57071-043</cep>
    <logradouro>Condomínio Boa Vista</logradouro>
    <complemento/>
    <unidade/>
    <bairro>Clima Bom</bairro>
    <localidade>Maceió</localidade>
    <uf>AL</uf>
    <estado>Alagoas</estado>
    <região/>
    <ibge>2704302</ibge>
    <gia/>
    <ddd>82</ddd>
    <siafi>2785</siafi>
  </cep>
  <cep>
    <cep>57071-056</cep>
    <logradouro>5ª Travessa Santa Fé</logradouro>
    <complemento/>
    <unidade/>
    <bairro>Clima Bom</bairro>
    <localidade>Maceió</localidade>
    <uf>AL</uf>
    <estado>Alagoas</estado>
    <região/>
    <ibge>2704302</ibge>
    <gia/>
    <ddd>82</ddd>
    <siafi>2785</siafi>
  </cep>
  <cep>
    <cep>57071-051</cep>
    <logradouro>Rua São José</logradouro>
    <complemento/>
    <unidade/>
    <bairro>Clima Bom</bairro>
    <localidade>Maceió</localidade>
    <uf>AL</uf>
    <estado>Alagoas</estado>
    <região/>
    <ibge>2704302</ibge>
    <gia/>
    <ddd>82</ddd>
    <siafi>2785</siafi>
  </cep>
  <cep>
    <cep>57071-023</cep>
    <logradouro>3ª Travessa Dom Bosco</logradouro>
    <complemento/>
    <unidade/>
    <bairro>Clima Bom</bairro>
    <localidade>Maceió</localidade>
    <uf>AL</uf>
    <estado>Alagoas</estado>
    <região/>
    <ibge>2704302</ibge>
    <gia/>
    <ddd>82</ddd>
    <siafi>2785</siafi>
  </cep>
  <cep>
    <cep>57071-050</cep>
    <logradouro>Rua Clodoaldo Alves de Castro</logradouro>
    <complemento/>
    <unidade/>
    <bairro>Clima Bom</bairro>
    <localidade>Maceió</localidade>
    <uf>AL</uf>
    <estado>Alagoas</estado>
    <região/>
    <ibge>2704302</ibge>
    <gia/>
    <ddd>82</ddd>
    <siafi>2785</siafi>
  </cep>
  <cep>
    <cep>57071-021</cep>
    <logradouro>1ª Travessa Dom Bosco</logradouro>
    <complemento/>
    <unidade/>
    <bairro>Clima Bom</bairro>
    <localidade>Maceió</localidade>
    <uf>AL</uf>
    <estado>Alagoas</estado>
    <região/>
    <ibge>2704302</ibge>
    <gia/>
    <ddd>82</ddd>
    <siafi>2785</siafi>
  </cep>
  <cep>
    <cep>57071-014</cep>
    <logradouro>2ª Travessa Firmo Correia Araújo</logradouro>
    <complemento/>
    <unidade/>
    <bairro>Clima Bom</bairro>
    <localidade>Maceió</localidade>
    <uf>AL</uf>
    <estado>Alagoas</estado>
    <região/>
    <ibge>2704302</ibge>
    <gia/>
    <ddd>82</ddd>
    <siafi>2785</siafi>
  </cep>
  <cep>
    <cep>57071-031</cep>
    <logradouro>Rua Monteiro Lobato</logradouro>
    <complemento/>
    <unidade/>
    <bairro>Clima Bom</bairro>
    <localidade>Maceió</localidade>
    <uf>AL</uf>
    <estado>Alagoas</estado>
    <região/>
    <ibge>2704302</ibge>
    <gia/>
    <ddd>82</ddd>
    <siafi>2785</siafi>
  </cep>
  <cep>
    <cep>57071-052</cep>
    <logradouro>Travessa Nenoi Pinto</logradouro>
    <complemento/>
    <unidade/>
    <bairro>Clima Bom</bairro>
    <localidade>Maceió</localidade>
    <uf>AL</uf>
    <estado>Alagoas</estado>
    <região/>
    <ibge>2704302</ibge>
    <gia/>
    <ddd>82</ddd>
    <siafi>2785</siafi>
  </cep>
  <cep>
    <cep>57071-053</cep>
    <logradouro>3ª Travessa Santa Fé</logradouro>
    <complemento/>
    <unidade/>
    <bairro>Clima Bom</bairro>
    <localidade>Maceió</localidade>
    <uf>AL</uf>
    <estado>Alagoas</estado>
    <região/>
    <ibge>2704302</ibge>
    <gia/>
    <ddd>82</ddd>
    <siafi>2785</siafi>
  </cep>
  <cep>
    <cep>57071-047</cep>
    <logradouro>Travessa Graciliano Ramos</logradouro>
    <complemento/>
    <unidade/>
    <bairro>Clima Bom</bairro>
    <localidade>Maceió</localidade>
    <uf>AL</uf>
    <estado>Alagoas</estado>
    <região/>
    <ibge>2704302</ibge>
    <gia/>
    <ddd>82</ddd>
    <siafi>2785</siafi>
  </cep>
  <cep>
    <cep>57071-003</cep>
    <logradouro>2ª Travessa Teotônio Vilela</logradouro>
    <complemento/>
    <unidade/>
    <bairro>Clima Bom</bairro>
    <localidade>Maceió</localidade>
    <uf>AL</uf>
    <estado>Alagoas</estado>
    <região/>
    <ibge>2704302</ibge>
    <gia/>
    <ddd>82</ddd>
    <siafi>2785</siafi>
  </cep>
  <cep>
    <cep>57071-022</cep>
    <logradouro>2ª Travessa Dom Bosco</logradouro>
    <complemento/>
    <unidade/>
    <bairro>Clima Bom</bairro>
    <localidade>Maceió</localidade>
    <uf>AL</uf>
    <estado>Alagoas</estado>
    <região/>
    <ibge>2704302</ibge>
    <gia/>
    <ddd>82</ddd>
    <siafi>2785</siafi>
  </cep>
  <cep>
    <cep>57071-035</cep>
    <logradouro>Travessa Haroldo de Azevedo</logradouro>
    <complemento/>
    <unidade/>
    <bairro>Clima Bom</bairro>
    <localidade>Maceió</localidade>
    <uf>AL</uf>
    <estado>Alagoas</estado>
    <região/>
    <ibge>2704302</ibge>
    <gia/>
    <ddd>82</ddd>
    <siafi>2785</siafi>
  </cep>
  <cep>
    <cep>57071-042</cep>
    <logradouro>Rua Luiz Miguel Santos</logradouro>
    <complemento/>
    <unidade/>
    <bairro>Clima Bom</bairro>
    <localidade>Maceió</localidade>
    <uf>AL</uf>
    <estado>Alagoas</estado>
    <região/>
    <ibge>2704302</ibge>
    <gia/>
    <ddd>82</ddd>
    <siafi>2785</siafi>
  </cep>
  <cep>
    <cep>57071-049</cep>
    <logradouro>3ª Travessa da Alegria</logradouro>
    <complemento/>
    <unidade/>
    <bairro>Clima Bom</bairro>
    <localidade>Maceió</localidade>
    <uf>AL</uf>
    <estado>Alagoas</estado>
    <região/>
    <ibge>2704302</ibge>
    <gia/>
    <ddd>82</ddd>
    <siafi>2785</siafi>
  </cep>
  <cep>
    <cep>57071-057</cep>
    <logradouro>6ª Travessa Santa Fé</logradouro>
    <complemento/>
    <unidade/>
    <bairro>Clima Bom</bairro>
    <localidade>Maceió</localidade>
    <uf>AL</uf>
    <estado>Alagoas</estado>
    <região/>
    <ibge>2704302</ibge>
    <gia/>
    <ddd>82</ddd>
    <siafi>2785</siafi>
  </cep>
  <cep>
    <cep>57071-036</cep>
    <logradouro>Rua Dianápolis</logradouro>
    <complemento/>
    <unidade/>
    <bairro>Clima Bom</bairro>
    <localidade>Maceió</localidade>
    <uf>AL</uf>
    <estado>Alagoas</estado>
    <região/>
    <ibge>2704302</ibge>
    <gia/>
    <ddd>82</ddd>
    <siafi>2785</siafi>
  </cep>
  <cep>
    <cep>57071-059</cep>
    <logradouro>8ª Travessa Santa Fé</logradouro>
    <complemento/>
    <unidade/>
    <bairro>Clima Bom</bairro>
    <localidade>Maceió</localidade>
    <uf>AL</uf>
    <estado>Alagoas</estado>
    <região/>
    <ibge>2704302</ibge>
    <gia/>
    <ddd>82</ddd>
    <siafi>2785</siafi>
  </cep>
  <cep>
    <cep>57071-041</cep>
    <logradouro>1ª Travessa Boa Vista</logradouro>
    <complemento/>
    <unidade/>
    <bairro>Clima Bom</bairro>
    <localidade>Maceió</localidade>
    <uf>AL</uf>
    <estado>Alagoas</estado>
    <região/>
    <ibge>2704302</ibge>
    <gia/>
    <ddd>82</ddd>
    <siafi>2785</siafi>
  </cep>
  <cep>
    <cep>57071-060</cep>
    <logradouro>Rua Eduardo Jorge Lopes Novaes</logradouro>
    <complemento/>
    <unidade/>
    <bairro>Clima Bom</bairro>
    <localidade>Maceió</localidade>
    <uf>AL</uf>
    <estado>Alagoas</estado>
    <região/>
    <ibge>2704302</ibge>
    <gia/>
    <ddd>82</ddd>
    <siafi>2785</siafi>
  </cep>
  <cep>
    <cep>57071-017</cep>
    <logradouro>Rua José Leopoldino Nogueira</logradouro>
    <complemento/>
    <unidade/>
    <bairro>Clima Bom</bairro>
    <localidade>Maceió</localidade>
    <uf>AL</uf>
    <estado>Alagoas</estado>
    <região/>
    <ibge>2704302</ibge>
    <gia/>
    <ddd>82</ddd>
    <siafi>2785</siafi>
  </cep>
  <cep>
    <cep>57071-061</cep>
    <logradouro>1ª Travessa São José</logradouro>
    <complemento/>
    <unidade/>
    <bairro>Clima Bom</bairro>
    <localidade>Maceió</localidade>
    <uf>AL</uf>
    <estado>Alagoas</estado>
    <região/>
    <ibge>2704302</ibge>
    <gia/>
    <ddd>82</ddd>
    <siafi>2785</siafi>
  </cep>
  <cep>
    <cep>57071-062</cep>
    <logradouro>3ª Travessa São José</logradouro>
    <complemento/>
    <unidade/>
    <bairro>Clima Bom</bairro>
    <localidade>Maceió</localidade>
    <uf>AL</uf>
    <estado>Alagoas</estado>
    <região/>
    <ibge>2704302</ibge>
    <gia/>
    <ddd>82</ddd>
    <siafi>2785</siafi>
  </cep>
  <cep>
    <cep>57071-010</cep>
    <logradouro>Avenida Poeta Luiz Gonzaga Barroso</logradouro>
    <complemento/>
    <unidade/>
    <bairro>Clima Bom</bairro>
    <localidade>Maceió</localidade>
    <uf>AL</uf>
    <estado>Alagoas</estado>
    <região/>
    <ibge>2704302</ibge>
    <gia/>
    <ddd>82</ddd>
    <siafi>2785</siafi>
  </cep>
  <cep>
    <cep>57071-054</cep>
    <logradouro>4ª Travessa Santa Fé</logradouro>
    <complemento/>
    <unidade/>
    <bairro>Clima Bom</bairro>
    <localidade>Maceió</localidade>
    <uf>AL</uf>
    <estado>Alagoas</estado>
    <região/>
    <ibge>2704302</ibge>
    <gia/>
    <ddd>82</ddd>
    <siafi>2785</siafi>
  </cep>
  <cep>
    <cep>57071-030</cep>
    <logradouro>Rua Haroldo de Azevedo</logradouro>
    <complemento/>
    <unidade/>
    <bairro>Clima Bom</bairro>
    <localidade>Maceió</localidade>
    <uf>AL</uf>
    <estado>Alagoas</estado>
    <região/>
    <ibge>2704302</ibge>
    <gia/>
    <ddd>82</ddd>
    <siafi>2785</siafi>
  </cep>
  <cep>
    <cep>57071-058</cep>
    <logradouro>7ª Travessa Santa Fé</logradouro>
    <complemento/>
    <unidade/>
    <bairro>Clima Bom</bairro>
    <localidade>Maceió</localidade>
    <uf>AL</uf>
    <estado>Alagoas</estado>
    <região/>
    <ibge>2704302</ibge>
    <gia/>
    <ddd>82</ddd>
    <siafi>2785</siafi>
  </cep>
  <cep>
    <cep>57071-063</cep>
    <logradouro>Rua Nova</logradouro>
    <complemento/>
    <unidade/>
    <bairro>Clima Bom</bairro>
    <localidade>Maceió</localidade>
    <uf>AL</uf>
    <estado>Alagoas</estado>
    <região/>
    <ibge>2704302</ibge>
    <gia/>
    <ddd>82</ddd>
    <siafi>2785</siafi>
  </cep>
  <cep>
    <cep>57071-064</cep>
    <logradouro>1ª Travessa Nova</logradouro>
    <complemento/>
    <unidade/>
    <bairro>Clima Bom</bairro>
    <localidade>Maceió</localidade>
    <uf>AL</uf>
    <estado>Alagoas</estado>
    <região/>
    <ibge>2704302</ibge>
    <gia/>
    <ddd>82</ddd>
    <siafi>2785</siafi>
  </cep>
  <cep>
    <cep>57071-068</cep>
    <logradouro>5ª Travessa Boa Vista</logradouro>
    <complemento/>
    <unidade/>
    <bairro>Clima Bom</bairro>
    <localidade>Maceió</localidade>
    <uf>AL</uf>
    <estado>Alagoas</estado>
    <região/>
    <ibge>2704302</ibge>
    <gia/>
    <ddd>82</ddd>
    <siafi>2785</siafi>
  </cep>
  <cep>
    <cep>57071-065</cep>
    <logradouro>Rua Antônio Cândido José da Silva</logradouro>
    <complemento/>
    <unidade/>
    <bairro>Clima Bom</bairro>
    <localidade>Maceió</localidade>
    <uf>AL</uf>
    <estado>Alagoas</estado>
    <região/>
    <ibge>2704302</ibge>
    <gia/>
    <ddd>82</ddd>
    <siafi>2785</siafi>
  </cep>
  <cep>
    <cep>57071-067</cep>
    <logradouro>4ª Travessa Boa Vista</logradouro>
    <complemento/>
    <unidade/>
    <bairro>Clima Bom</bairro>
    <localidade>Maceió</localidade>
    <uf>AL</uf>
    <estado>Alagoas</estado>
    <região/>
    <ibge>2704302</ibge>
    <gia/>
    <ddd>82</ddd>
    <siafi>2785</siafi>
  </cep>
  <cep>
    <cep>57071-066</cep>
    <logradouro>3ª Travessa Boa Vista</logradouro>
    <complemento/>
    <unidade/>
    <bairro>Clima Bom</bairro>
    <localidade>Maceió</localidade>
    <uf>AL</uf>
    <estado>Alagoas</estado>
    <região/>
    <ibge>2704302</ibge>
    <gia/>
    <ddd>82</ddd>
    <siafi>2785</siafi>
  </cep>
  <cep>
    <cep>57071-071</cep>
    <logradouro>Rua Luiz Diniz</logradouro>
    <complemento/>
    <unidade/>
    <bairro>Clima Bom</bairro>
    <localidade>Maceió</localidade>
    <uf>AL</uf>
    <estado>Alagoas</estado>
    <região/>
    <ibge>2704302</ibge>
    <gia/>
    <ddd>82</ddd>
    <siafi>2785</siafi>
  </cep>
  <cep>
    <cep>57071-069</cep>
    <logradouro>6ª Travessa Boa Vista</logradouro>
    <complemento/>
    <unidade/>
    <bairro>Clima Bom</bairro>
    <localidade>Maceió</localidade>
    <uf>AL</uf>
    <estado>Alagoas</estado>
    <região/>
    <ibge>2704302</ibge>
    <gia/>
    <ddd>82</ddd>
    <siafi>2785</siafi>
  </cep>
  <cep>
    <cep>57071-070</cep>
    <logradouro>Rua Deputado Ademário Dantas</logradouro>
    <complemento/>
    <unidade/>
    <bairro>Clima Bom</bairro>
    <localidade>Maceió</localidade>
    <uf>AL</uf>
    <estado>Alagoas</estado>
    <região/>
    <ibge>2704302</ibge>
    <gia/>
    <ddd>82</ddd>
    <siafi>2785</siafi>
  </cep>
  <cep>
    <cep>57071-072</cep>
    <logradouro>2ª Travessa Padre Cícero</logradouro>
    <complemento/>
    <unidade/>
    <bairro>Clima Bom</bairro>
    <localidade>Maceió</localidade>
    <uf>AL</uf>
    <estado>Alagoas</estado>
    <região/>
    <ibge>2704302</ibge>
    <gia/>
    <ddd>82</ddd>
    <siafi>2785</siafi>
  </cep>
  <cep>
    <cep>57071-073</cep>
    <logradouro>3ª Travessa Padre Cícero</logradouro>
    <complemento/>
    <unidade/>
    <bairro>Clima Bom</bairro>
    <localidade>Maceió</localidade>
    <uf>AL</uf>
    <estado>Alagoas</estado>
    <região/>
    <ibge>2704302</ibge>
    <gia/>
    <ddd>82</ddd>
    <siafi>2785</siafi>
  </cep>
  <cep>
    <cep>57071-074</cep>
    <logradouro>Rua Padre Cícero</logradouro>
    <complemento/>
    <unidade/>
    <bairro>Clima Bom</bairro>
    <localidade>Maceió</localidade>
    <uf>AL</uf>
    <estado>Alagoas</estado>
    <região/>
    <ibge>2704302</ibge>
    <gia/>
    <ddd>82</ddd>
    <siafi>2785</siafi>
  </cep>
  <cep>
    <cep>57071-075</cep>
    <logradouro>Travessa Jardim São Lucas</logradouro>
    <complemento/>
    <unidade/>
    <bairro>Clima Bom</bairro>
    <localidade>Maceió</localidade>
    <uf>AL</uf>
    <estado>Alagoas</estado>
    <região/>
    <ibge>2704302</ibge>
    <gia/>
    <ddd>82</ddd>
    <siafi>2785</siafi>
  </cep>
  <cep>
    <cep>57071-082</cep>
    <logradouro>2ª Travessa Israel</logradouro>
    <complemento/>
    <unidade/>
    <bairro>Clima Bom</bairro>
    <localidade>Maceió</localidade>
    <uf>AL</uf>
    <estado>Alagoas</estado>
    <região/>
    <ibge>2704302</ibge>
    <gia/>
    <ddd>82</ddd>
    <siafi>2785</siafi>
  </cep>
  <cep>
    <cep>57071-077</cep>
    <logradouro>Condomínio Santa Luzia</logradouro>
    <complemento/>
    <unidade/>
    <bairro>Clima Bom</bairro>
    <localidade>Maceió</localidade>
    <uf>AL</uf>
    <estado>Alagoas</estado>
    <região/>
    <ibge>2704302</ibge>
    <gia/>
    <ddd>82</ddd>
    <siafi>2785</siafi>
  </cep>
  <cep>
    <cep>57071-086</cep>
    <logradouro>Rua José Marinho</logradouro>
    <complemento/>
    <unidade/>
    <bairro>Clima Bom</bairro>
    <localidade>Maceió</localidade>
    <uf>AL</uf>
    <estado>Alagoas</estado>
    <região/>
    <ibge>2704302</ibge>
    <gia/>
    <ddd>82</ddd>
    <siafi>2785</siafi>
  </cep>
  <cep>
    <cep>57071-080</cep>
    <logradouro>Rua Israel</logradouro>
    <complemento/>
    <unidade/>
    <bairro>Clima Bom</bairro>
    <localidade>Maceió</localidade>
    <uf>AL</uf>
    <estado>Alagoas</estado>
    <região/>
    <ibge>2704302</ibge>
    <gia/>
    <ddd>82</ddd>
    <siafi>2785</siafi>
  </cep>
  <cep>
    <cep>57071-085</cep>
    <logradouro>Rua Maria Salvelina</logradouro>
    <complemento/>
    <unidade/>
    <bairro>Clima Bom</bairro>
    <localidade>Maceió</localidade>
    <uf>AL</uf>
    <estado>Alagoas</estado>
    <região/>
    <ibge>2704302</ibge>
    <gia/>
    <ddd>82</ddd>
    <siafi>2785</siafi>
  </cep>
  <cep>
    <cep>57071-083</cep>
    <logradouro>Rua Santa Cecília</logradouro>
    <complemento/>
    <unidade/>
    <bairro>Clima Bom</bairro>
    <localidade>Maceió</localidade>
    <uf>AL</uf>
    <estado>Alagoas</estado>
    <região/>
    <ibge>2704302</ibge>
    <gia/>
    <ddd>82</ddd>
    <siafi>2785</siafi>
  </cep>
  <cep>
    <cep>57071-087</cep>
    <logradouro>Rua Jean Carlo</logradouro>
    <complemento/>
    <unidade/>
    <bairro>Clima Bom</bairro>
    <localidade>Maceió</localidade>
    <uf>AL</uf>
    <estado>Alagoas</estado>
    <região/>
    <ibge>2704302</ibge>
    <gia/>
    <ddd>82</ddd>
    <siafi>2785</siafi>
  </cep>
  <cep>
    <cep>57071-084</cep>
    <logradouro>Avenida Professor Humberto Vilela</logradouro>
    <complemento/>
    <unidade/>
    <bairro>Clima Bom</bairro>
    <localidade>Maceió</localidade>
    <uf>AL</uf>
    <estado>Alagoas</estado>
    <região/>
    <ibge>2704302</ibge>
    <gia/>
    <ddd>82</ddd>
    <siafi>2785</siafi>
  </cep>
  <cep>
    <cep>57071-081</cep>
    <logradouro>1ª Travessa Israel</logradouro>
    <complemento/>
    <unidade/>
    <bairro>Clima Bom</bairro>
    <localidade>Maceió</localidade>
    <uf>AL</uf>
    <estado>Alagoas</estado>
    <região/>
    <ibge>2704302</ibge>
    <gia/>
    <ddd>82</ddd>
    <siafi>2785</siafi>
  </cep>
  <cep>
    <cep>57071-088</cep>
    <logradouro>Rua Rosalino Oliveira</logradouro>
    <complemento/>
    <unidade/>
    <bairro>Clima Bom</bairro>
    <localidade>Maceió</localidade>
    <uf>AL</uf>
    <estado>Alagoas</estado>
    <região/>
    <ibge>2704302</ibge>
    <gia/>
    <ddd>82</ddd>
    <siafi>2785</siafi>
  </cep>
  <cep>
    <cep>57071-090</cep>
    <logradouro>Rua Doutor João Crisóstomo de Farias</logradouro>
    <complemento/>
    <unidade/>
    <bairro>Clima Bom</bairro>
    <localidade>Maceió</localidade>
    <uf>AL</uf>
    <estado>Alagoas</estado>
    <região/>
    <ibge>2704302</ibge>
    <gia/>
    <ddd>82</ddd>
    <siafi>2785</siafi>
  </cep>
  <cep>
    <cep>57071-089</cep>
    <logradouro>3ª Travessa Israel</logradouro>
    <complemento/>
    <unidade/>
    <bairro>Clima Bom</bairro>
    <localidade>Maceió</localidade>
    <uf>AL</uf>
    <estado>Alagoas</estado>
    <região/>
    <ibge>2704302</ibge>
    <gia/>
    <ddd>82</ddd>
    <siafi>2785</siafi>
  </cep>
  <cep>
    <cep>57071-095</cep>
    <logradouro>Rua Wagner Diniz de Araújo</logradouro>
    <complemento/>
    <unidade/>
    <bairro>Clima Bom</bairro>
    <localidade>Maceió</localidade>
    <uf>AL</uf>
    <estado>Alagoas</estado>
    <região/>
    <ibge>2704302</ibge>
    <gia/>
    <ddd>82</ddd>
    <siafi>2785</siafi>
  </cep>
  <cep>
    <cep>57071-091</cep>
    <logradouro>4ª Travessa Israel</logradouro>
    <complemento/>
    <unidade/>
    <bairro>Clima Bom</bairro>
    <localidade>Maceió</localidade>
    <uf>AL</uf>
    <estado>Alagoas</estado>
    <região/>
    <ibge>2704302</ibge>
    <gia/>
    <ddd>82</ddd>
    <siafi>2785</siafi>
  </cep>
  <cep>
    <cep>57071-092</cep>
    <logradouro>5ª Travessa Israel</logradouro>
    <complemento/>
    <unidade/>
    <bairro>Clima Bom</bairro>
    <localidade>Maceió</localidade>
    <uf>AL</uf>
    <estado>Alagoas</estado>
    <região/>
    <ibge>2704302</ibge>
    <gia/>
    <ddd>82</ddd>
    <siafi>2785</siafi>
  </cep>
  <cep>
    <cep>57071-079</cep>
    <logradouro>10ª Travessa Santa Rita</logradouro>
    <complemento/>
    <unidade/>
    <bairro>Clima Bom</bairro>
    <localidade>Maceió</localidade>
    <uf>AL</uf>
    <estado>Alagoas</estado>
    <região/>
    <ibge>2704302</ibge>
    <gia/>
    <ddd>82</ddd>
    <siafi>2785</siafi>
  </cep>
  <cep>
    <cep>57071-097</cep>
    <logradouro>11ª Travessa Santa Rita</logradouro>
    <complemento/>
    <unidade/>
    <bairro>Clima Bom</bairro>
    <localidade>Maceió</localidade>
    <uf>AL</uf>
    <estado>Alagoas</estado>
    <região/>
    <ibge>2704302</ibge>
    <gia/>
    <ddd>82</ddd>
    <siafi>2785</siafi>
  </cep>
  <cep>
    <cep>57071-098</cep>
    <logradouro>Rua Santa Ana</logradouro>
    <complemento/>
    <unidade/>
    <bairro>Clima Bom</bairro>
    <localidade>Maceió</localidade>
    <uf>AL</uf>
    <estado>Alagoas</estado>
    <região/>
    <ibge>2704302</ibge>
    <gia/>
    <ddd>82</ddd>
    <siafi>2785</siafi>
  </cep>
  <cep>
    <cep>57071-099</cep>
    <logradouro>Rua Fittipaldi</logradouro>
    <complemento/>
    <unidade/>
    <bairro>Clima Bom</bairro>
    <localidade>Maceió</localidade>
    <uf>AL</uf>
    <estado>Alagoas</estado>
    <região/>
    <ibge>2704302</ibge>
    <gia/>
    <ddd>82</ddd>
    <siafi>2785</siafi>
  </cep>
  <cep>
    <cep>57071-101</cep>
    <logradouro>1ª Travessa Monitor Walter Gomes</logradouro>
    <complemento/>
    <unidade/>
    <bairro>Clima Bom</bairro>
    <localidade>Maceió</localidade>
    <uf>AL</uf>
    <estado>Alagoas</estado>
    <região/>
    <ibge>2704302</ibge>
    <gia/>
    <ddd>82</ddd>
    <siafi>2785</siafi>
  </cep>
  <cep>
    <cep>57071-102</cep>
    <logradouro>2ª Travessa Monitor Walter Gomes</logradouro>
    <complemento/>
    <unidade/>
    <bairro>Clima Bom</bairro>
    <localidade>Maceió</localidade>
    <uf>AL</uf>
    <estado>Alagoas</estado>
    <região/>
    <ibge>2704302</ibge>
    <gia/>
    <ddd>82</ddd>
    <siafi>2785</siafi>
  </cep>
  <cep>
    <cep>57071-103</cep>
    <logradouro>3ª Travessa Monitor Walter Gomes</logradouro>
    <complemento/>
    <unidade/>
    <bairro>Clima Bom</bairro>
    <localidade>Maceió</localidade>
    <uf>AL</uf>
    <estado>Alagoas</estado>
    <região/>
    <ibge>2704302</ibge>
    <gia/>
    <ddd>82</ddd>
    <siafi>2785</siafi>
  </cep>
  <cep>
    <cep>57071-105</cep>
    <logradouro>Rua Sargento Natalicio da Silva Freitas</logradouro>
    <complemento/>
    <unidade/>
    <bairro>Clima Bom</bairro>
    <localidade>Maceió</localidade>
    <uf>AL</uf>
    <estado>Alagoas</estado>
    <região/>
    <ibge>2704302</ibge>
    <gia/>
    <ddd>82</ddd>
    <siafi>2785</siafi>
  </cep>
  <cep>
    <cep>57071-106</cep>
    <logradouro>5ª Travessa Monitor Walter Gomes</logradouro>
    <complemento/>
    <unidade/>
    <bairro>Clima Bom</bairro>
    <localidade>Maceió</localidade>
    <uf>AL</uf>
    <estado>Alagoas</estado>
    <região/>
    <ibge>2704302</ibge>
    <gia/>
    <ddd>82</ddd>
    <siafi>2785</siafi>
  </cep>
  <cep>
    <cep>57071-110</cep>
    <logradouro>Rua Recanto do Sol</logradouro>
    <complemento/>
    <unidade/>
    <bairro>Clima Bom</bairro>
    <localidade>Maceió</localidade>
    <uf>AL</uf>
    <estado>Alagoas</estado>
    <região/>
    <ibge>2704302</ibge>
    <gia/>
    <ddd>82</ddd>
    <siafi>2785</siafi>
  </cep>
  <cep>
    <cep>57071-112</cep>
    <logradouro>Rua Prefeito Leandro Silva</logradouro>
    <complemento/>
    <unidade/>
    <bairro>Clima Bom</bairro>
    <localidade>Maceió</localidade>
    <uf>AL</uf>
    <estado>Alagoas</estado>
    <região/>
    <ibge>2704302</ibge>
    <gia/>
    <ddd>82</ddd>
    <siafi>2785</siafi>
  </cep>
  <cep>
    <cep>57071-113</cep>
    <logradouro>Rua Rafaela Marques</logradouro>
    <complemento/>
    <unidade/>
    <bairro>Clima Bom</bairro>
    <localidade>Maceió</localidade>
    <uf>AL</uf>
    <estado>Alagoas</estado>
    <região/>
    <ibge>2704302</ibge>
    <gia/>
    <ddd>82</ddd>
    <siafi>2785</siafi>
  </cep>
  <cep>
    <cep>57071-109</cep>
    <logradouro>4ª Travessa Monitor Walter Gomes</logradouro>
    <complemento/>
    <unidade/>
    <bairro>Clima Bom</bairro>
    <localidade>Maceió</localidade>
    <uf>AL</uf>
    <estado>Alagoas</estado>
    <região/>
    <ibge>2704302</ibge>
    <gia/>
    <ddd>82</ddd>
    <siafi>2785</siafi>
  </cep>
  <cep>
    <cep>57071-115</cep>
    <logradouro>Rua São Jorge</logradouro>
    <complemento/>
    <unidade/>
    <bairro>Clima Bom</bairro>
    <localidade>Maceió</localidade>
    <uf>AL</uf>
    <estado>Alagoas</estado>
    <região/>
    <ibge>2704302</ibge>
    <gia/>
    <ddd>82</ddd>
    <siafi>2785</siafi>
  </cep>
  <cep>
    <cep>57071-119</cep>
    <logradouro>6ª Travessa Recanto do Sol</logradouro>
    <complemento/>
    <unidade/>
    <bairro>Clima Bom</bairro>
    <localidade>Maceió</localidade>
    <uf>AL</uf>
    <estado>Alagoas</estado>
    <região/>
    <ibge>2704302</ibge>
    <gia/>
    <ddd>82</ddd>
    <siafi>2785</siafi>
  </cep>
  <cep>
    <cep>57071-114</cep>
    <logradouro>1ª Travessa Recanto do Sol</logradouro>
    <complemento/>
    <unidade/>
    <bairro>Clima Bom</bairro>
    <localidade>Maceió</localidade>
    <uf>AL</uf>
    <estado>Alagoas</estado>
    <região/>
    <ibge>2704302</ibge>
    <gia/>
    <ddd>82</ddd>
    <siafi>2785</siafi>
  </cep>
  <cep>
    <cep>57071-120</cep>
    <logradouro>Rua Santa Rita</logradouro>
    <complemento/>
    <unidade/>
    <bairro>Clima Bom</bairro>
    <localidade>Maceió</localidade>
    <uf>AL</uf>
    <estado>Alagoas</estado>
    <região/>
    <ibge>2704302</ibge>
    <gia/>
    <ddd>82</ddd>
    <siafi>2785</siafi>
  </cep>
  <cep>
    <cep>57071-118</cep>
    <logradouro>5ª Travessa Recanto do Sol</logradouro>
    <complemento/>
    <unidade/>
    <bairro>Clima Bom</bairro>
    <localidade>Maceió</localidade>
    <uf>AL</uf>
    <estado>Alagoas</estado>
    <região/>
    <ibge>2704302</ibge>
    <gia/>
    <ddd>82</ddd>
    <siafi>2785</siafi>
  </cep>
  <cep>
    <cep>57071-116</cep>
    <logradouro>3ª Travessa Recanto do Sol</logradouro>
    <complemento/>
    <unidade/>
    <bairro>Clima Bom</bairro>
    <localidade>Maceió</localidade>
    <uf>AL</uf>
    <estado>Alagoas</estado>
    <região/>
    <ibge>2704302</ibge>
    <gia/>
    <ddd>82</ddd>
    <siafi>2785</siafi>
  </cep>
  <cep>
    <cep>57071-121</cep>
    <logradouro>4ª Travessa Nova</logradouro>
    <complemento/>
    <unidade/>
    <bairro>Clima Bom</bairro>
    <localidade>Maceió</localidade>
    <uf>AL</uf>
    <estado>Alagoas</estado>
    <região/>
    <ibge>2704302</ibge>
    <gia/>
    <ddd>82</ddd>
    <siafi>2785</siafi>
  </cep>
  <cep>
    <cep>57071-117</cep>
    <logradouro>4ª Travessa Recanto do Sol</logradouro>
    <complemento/>
    <unidade/>
    <bairro>Clima Bom</bairro>
    <localidade>Maceió</localidade>
    <uf>AL</uf>
    <estado>Alagoas</estado>
    <região/>
    <ibge>2704302</ibge>
    <gia/>
    <ddd>82</ddd>
    <siafi>2785</siafi>
  </cep>
  <cep>
    <cep>57071-122</cep>
    <logradouro>Travessa Nova</logradouro>
    <complemento>(Quadra C)</complemento>
    <unidade/>
    <bairro>Clima Bom</bairro>
    <localidade>Maceió</localidade>
    <uf>AL</uf>
    <estado>Alagoas</estado>
    <região/>
    <ibge>2704302</ibge>
    <gia/>
    <ddd>82</ddd>
    <siafi>2785</siafi>
  </cep>
  <cep>
    <cep>57071-123</cep>
    <logradouro>Travessa Nova</logradouro>
    <complemento>(Quadra B)</complemento>
    <unidade/>
    <bairro>Clima Bom</bairro>
    <localidade>Maceió</localidade>
    <uf>AL</uf>
    <estado>Alagoas</estado>
    <região/>
    <ibge>2704302</ibge>
    <gia/>
    <ddd>82</ddd>
    <siafi>2785</siafi>
  </cep>
  <cep>
    <cep>57071-124</cep>
    <logradouro>Rua Caxangá</logradouro>
    <complemento/>
    <unidade/>
    <bairro>Clima Bom</bairro>
    <localidade>Maceió</localidade>
    <uf>AL</uf>
    <estado>Alagoas</estado>
    <região/>
    <ibge>2704302</ibge>
    <gia/>
    <ddd>82</ddd>
    <siafi>2785</siafi>
  </cep>
  <cep>
    <cep>57071-129</cep>
    <logradouro>2ª Travessa Recanto do Sol</logradouro>
    <complemento/>
    <unidade/>
    <bairro>Clima Bom</bairro>
    <localidade>Maceió</localidade>
    <uf>AL</uf>
    <estado>Alagoas</estado>
    <região/>
    <ibge>2704302</ibge>
    <gia/>
    <ddd>82</ddd>
    <siafi>2785</siafi>
  </cep>
  <cep>
    <cep>57071-125</cep>
    <logradouro>Travessa Alcides Teles Galvão</logradouro>
    <complemento/>
    <unidade/>
    <bairro>Clima Bom</bairro>
    <localidade>Maceió</localidade>
    <uf>AL</uf>
    <estado>Alagoas</estado>
    <região/>
    <ibge>2704302</ibge>
    <gia/>
    <ddd>82</ddd>
    <siafi>2785</siafi>
  </cep>
  <cep>
    <cep>57071-126</cep>
    <logradouro>Rua Rotary do Sol</logradouro>
    <complemento/>
    <unidade/>
    <bairro>Clima Bom</bairro>
    <localidade>Maceió</localidade>
    <uf>AL</uf>
    <estado>Alagoas</estado>
    <região/>
    <ibge>2704302</ibge>
    <gia/>
    <ddd>82</ddd>
    <siafi>2785</siafi>
  </cep>
  <cep>
    <cep>57071-127</cep>
    <logradouro>8ª Travessa Monitor Walter Gomes</logradouro>
    <complemento/>
    <unidade/>
    <bairro>Clima Bom</bairro>
    <localidade>Maceió</localidade>
    <uf>AL</uf>
    <estado>Alagoas</estado>
    <região/>
    <ibge>2704302</ibge>
    <gia/>
    <ddd>82</ddd>
    <siafi>2785</siafi>
  </cep>
  <cep>
    <cep>57071-128</cep>
    <logradouro>9ª Travessa Monitor Walter Gomes</logradouro>
    <complemento/>
    <unidade/>
    <bairro>Clima Bom</bairro>
    <localidade>Maceió</localidade>
    <uf>AL</uf>
    <estado>Alagoas</estado>
    <região/>
    <ibge>2704302</ibge>
    <gia/>
    <ddd>82</ddd>
    <siafi>2785</siafi>
  </cep>
  <cep>
    <cep>57071-130</cep>
    <logradouro>Avenida Muniz Falcão</logradouro>
    <complemento/>
    <unidade/>
    <bairro>Clima Bom</bairro>
    <localidade>Maceió</localidade>
    <uf>AL</uf>
    <estado>Alagoas</estado>
    <região/>
    <ibge>2704302</ibge>
    <gia/>
    <ddd>82</ddd>
    <siafi>2785</siafi>
  </cep>
  <cep>
    <cep>57071-131</cep>
    <logradouro>1ª Travessa Santa Rita</logradouro>
    <complemento/>
    <unidade/>
    <bairro>Clima Bom</bairro>
    <localidade>Maceió</localidade>
    <uf>AL</uf>
    <estado>Alagoas</estado>
    <região/>
    <ibge>2704302</ibge>
    <gia/>
    <ddd>82</ddd>
    <siafi>2785</siafi>
  </cep>
  <cep>
    <cep>57071-134</cep>
    <logradouro>4ª Travessa Santa Rita</logradouro>
    <complemento/>
    <unidade/>
    <bairro>Clima Bom</bairro>
    <localidade>Maceió</localidade>
    <uf>AL</uf>
    <estado>Alagoas</estado>
    <região/>
    <ibge>2704302</ibge>
    <gia/>
    <ddd>82</ddd>
    <siafi>2785</siafi>
  </cep>
  <cep>
    <cep>57071-132</cep>
    <logradouro>2ª Travessa Santa Rita</logradouro>
    <complemento/>
    <unidade/>
    <bairro>Clima Bom</bairro>
    <localidade>Maceió</localidade>
    <uf>AL</uf>
    <estado>Alagoas</estado>
    <região/>
    <ibge>2704302</ibge>
    <gia/>
    <ddd>82</ddd>
    <siafi>2785</siafi>
  </cep>
  <cep>
    <cep>57071-136</cep>
    <logradouro>5ª Travessa Santa Rita</logradouro>
    <complemento/>
    <unidade/>
    <bairro>Clima Bom</bairro>
    <localidade>Maceió</localidade>
    <uf>AL</uf>
    <estado>Alagoas</estado>
    <região/>
    <ibge>2704302</ibge>
    <gia/>
    <ddd>82</ddd>
    <siafi>2785</siafi>
  </cep>
  <cep>
    <cep>57071-138</cep>
    <logradouro>7ª Travessa Santa Rita</logradouro>
    <complemento/>
    <unidade/>
    <bairro>Clima Bom</bairro>
    <localidade>Maceió</localidade>
    <uf>AL</uf>
    <estado>Alagoas</estado>
    <região/>
    <ibge>2704302</ibge>
    <gia/>
    <ddd>82</ddd>
    <siafi>2785</siafi>
  </cep>
  <cep>
    <cep>57071-141</cep>
    <logradouro>Rua Nove de Julho</logradouro>
    <complemento/>
    <unidade/>
    <bairro>Clima Bom</bairro>
    <localidade>Maceió</localidade>
    <uf>AL</uf>
    <estado>Alagoas</estado>
    <região/>
    <ibge>2704302</ibge>
    <gia/>
    <ddd>82</ddd>
    <siafi>2785</siafi>
  </cep>
  <cep>
    <cep>57071-142</cep>
    <logradouro>Rua Nossa Senhora da Conceição</logradouro>
    <complemento/>
    <unidade/>
    <bairro>Clima Bom</bairro>
    <localidade>Maceió</localidade>
    <uf>AL</uf>
    <estado>Alagoas</estado>
    <região/>
    <ibge>2704302</ibge>
    <gia/>
    <ddd>82</ddd>
    <siafi>2785</siafi>
  </cep>
  <cep>
    <cep>57071-144</cep>
    <logradouro>2ª Travessa Nossa Senhora da Conceição</logradouro>
    <complemento/>
    <unidade/>
    <bairro>Clima Bom</bairro>
    <localidade>Maceió</localidade>
    <uf>AL</uf>
    <estado>Alagoas</estado>
    <região/>
    <ibge>2704302</ibge>
    <gia/>
    <ddd>82</ddd>
    <siafi>2785</siafi>
  </cep>
  <cep>
    <cep>57071-143</cep>
    <logradouro>1ª Travessa Nossa Senhora da Conceição</logradouro>
    <complemento/>
    <unidade/>
    <bairro>Clima Bom</bairro>
    <localidade>Maceió</localidade>
    <uf>AL</uf>
    <estado>Alagoas</estado>
    <região/>
    <ibge>2704302</ibge>
    <gia/>
    <ddd>82</ddd>
    <siafi>2785</siafi>
  </cep>
  <cep>
    <cep>57071-139</cep>
    <logradouro>Travessa Humberto da Silva</logradouro>
    <complemento/>
    <unidade/>
    <bairro>Clima Bom</bairro>
    <localidade>Maceió</localidade>
    <uf>AL</uf>
    <estado>Alagoas</estado>
    <região/>
    <ibge>2704302</ibge>
    <gia/>
    <ddd>82</ddd>
    <siafi>2785</siafi>
  </cep>
  <cep>
    <cep>57071-152</cep>
    <logradouro>9ª Travessa Nossa Senhora da Conceição</logradouro>
    <complemento/>
    <unidade/>
    <bairro>Clima Bom</bairro>
    <localidade>Maceió</localidade>
    <uf>AL</uf>
    <estado>Alagoas</estado>
    <região/>
    <ibge>2704302</ibge>
    <gia/>
    <ddd>82</ddd>
    <siafi>2785</siafi>
  </cep>
  <cep>
    <cep>57071-135</cep>
    <logradouro>Rua Vereador José Holanda Costa</logradouro>
    <complemento/>
    <unidade/>
    <bairro>Clima Bom</bairro>
    <localidade>Maceió</localidade>
    <uf>AL</uf>
    <estado>Alagoas</estado>
    <região/>
    <ibge>2704302</ibge>
    <gia/>
    <ddd>82</ddd>
    <siafi>2785</siafi>
  </cep>
  <cep>
    <cep>57071-145</cep>
    <logradouro>3ª Travessa Nossa Senhora da Conceição</logradouro>
    <complemento/>
    <unidade/>
    <bairro>Clima Bom</bairro>
    <localidade>Maceió</localidade>
    <uf>AL</uf>
    <estado>Alagoas</estado>
    <região/>
    <ibge>2704302</ibge>
    <gia/>
    <ddd>82</ddd>
    <siafi>2785</siafi>
  </cep>
  <cep>
    <cep>57071-153</cep>
    <logradouro>10ª Travessa Nossa Senhora da Conceição</logradouro>
    <complemento/>
    <unidade/>
    <bairro>Clima Bom</bairro>
    <localidade>Maceió</localidade>
    <uf>AL</uf>
    <estado>Alagoas</estado>
    <região/>
    <ibge>2704302</ibge>
    <gia/>
    <ddd>82</ddd>
    <siafi>2785</siafi>
  </cep>
  <cep>
    <cep>57071-155</cep>
    <logradouro>12ª Travessa Nossa Senhora da Conceição</logradouro>
    <complemento/>
    <unidade/>
    <bairro>Clima Bom</bairro>
    <localidade>Maceió</localidade>
    <uf>AL</uf>
    <estado>Alagoas</estado>
    <região/>
    <ibge>2704302</ibge>
    <gia/>
    <ddd>82</ddd>
    <siafi>2785</siafi>
  </cep>
  <cep>
    <cep>57071-146</cep>
    <logradouro>4ª Travessa Nossa Senhora da Conceição</logradouro>
    <complemento/>
    <unidade/>
    <bairro>Clima Bom</bairro>
    <localidade>Maceió</localidade>
    <uf>AL</uf>
    <estado>Alagoas</estado>
    <região/>
    <ibge>2704302</ibge>
    <gia/>
    <ddd>82</ddd>
    <siafi>2785</siafi>
  </cep>
  <cep>
    <cep>57071-151</cep>
    <logradouro>8ª Travessa Nossa Senhora da Conceição</logradouro>
    <complemento/>
    <unidade/>
    <bairro>Clima Bom</bairro>
    <localidade>Maceió</localidade>
    <uf>AL</uf>
    <estado>Alagoas</estado>
    <região/>
    <ibge>2704302</ibge>
    <gia/>
    <ddd>82</ddd>
    <siafi>2785</siafi>
  </cep>
  <cep>
    <cep>57071-157</cep>
    <logradouro>Travessa Muniz Falcão C</logradouro>
    <complemento/>
    <unidade/>
    <bairro>Clima Bom</bairro>
    <localidade>Maceió</localidade>
    <uf>AL</uf>
    <estado>Alagoas</estado>
    <região/>
    <ibge>2704302</ibge>
    <gia/>
    <ddd>82</ddd>
    <siafi>2785</siafi>
  </cep>
  <cep>
    <cep>57071-156</cep>
    <logradouro>13ª Travessa Nossa Senhora da Conceição</logradouro>
    <complemento/>
    <unidade/>
    <bairro>Clima Bom</bairro>
    <localidade>Maceió</localidade>
    <uf>AL</uf>
    <estado>Alagoas</estado>
    <região/>
    <ibge>2704302</ibge>
    <gia/>
    <ddd>82</ddd>
    <siafi>2785</siafi>
  </cep>
  <cep>
    <cep>57071-147</cep>
    <logradouro>5ª Travessa Nossa Senhora da Conceição</logradouro>
    <complemento/>
    <unidade/>
    <bairro>Clima Bom</bairro>
    <localidade>Maceió</localidade>
    <uf>AL</uf>
    <estado>Alagoas</estado>
    <região/>
    <ibge>2704302</ibge>
    <gia/>
    <ddd>82</ddd>
    <siafi>2785</siafi>
  </cep>
  <cep>
    <cep>57071-158</cep>
    <logradouro>7ª Travessa Muniz Falcão</logradouro>
    <complemento/>
    <unidade/>
    <bairro>Clima Bom</bairro>
    <localidade>Maceió</localidade>
    <uf>AL</uf>
    <estado>Alagoas</estado>
    <região/>
    <ibge>2704302</ibge>
    <gia/>
    <ddd>82</ddd>
    <siafi>2785</siafi>
  </cep>
  <cep>
    <cep>57071-137</cep>
    <logradouro>2ª Travessa Muniz Falcão</logradouro>
    <complemento/>
    <unidade/>
    <bairro>Clima Bom</bairro>
    <localidade>Maceió</localidade>
    <uf>AL</uf>
    <estado>Alagoas</estado>
    <região/>
    <ibge>2704302</ibge>
    <gia/>
    <ddd>82</ddd>
    <siafi>2785</siafi>
  </cep>
  <cep>
    <cep>57071-150</cep>
    <logradouro>Rua Doutor Murilo Cardoso Santana</logradouro>
    <complemento/>
    <unidade/>
    <bairro>Clima Bom</bairro>
    <localidade>Maceió</localidade>
    <uf>AL</uf>
    <estado>Alagoas</estado>
    <região/>
    <ibge>2704302</ibge>
    <gia/>
    <ddd>82</ddd>
    <siafi>2785</siafi>
  </cep>
  <cep>
    <cep>57071-164</cep>
    <logradouro>8ª Travessa Muniz Falcão</logradouro>
    <complemento/>
    <unidade/>
    <bairro>Clima Bom</bairro>
    <localidade>Maceió</localidade>
    <uf>AL</uf>
    <estado>Alagoas</estado>
    <região/>
    <ibge>2704302</ibge>
    <gia/>
    <ddd>82</ddd>
    <siafi>2785</siafi>
  </cep>
  <cep>
    <cep>57071-162</cep>
    <logradouro>2ª Travessa Jerusalém</logradouro>
    <complemento/>
    <unidade/>
    <bairro>Clima Bom</bairro>
    <localidade>Maceió</localidade>
    <uf>AL</uf>
    <estado>Alagoas</estado>
    <região/>
    <ibge>2704302</ibge>
    <gia/>
    <ddd>82</ddd>
    <siafi>2785</siafi>
  </cep>
  <cep>
    <cep>57071-161</cep>
    <logradouro>1ª Travessa Jerusalém</logradouro>
    <complemento/>
    <unidade/>
    <bairro>Clima Bom</bairro>
    <localidade>Maceió</localidade>
    <uf>AL</uf>
    <estado>Alagoas</estado>
    <região/>
    <ibge>2704302</ibge>
    <gia/>
    <ddd>82</ddd>
    <siafi>2785</siafi>
  </cep>
  <cep>
    <cep>57071-166</cep>
    <logradouro>Travessa Muniz Falcão 1-A</logradouro>
    <complemento/>
    <unidade/>
    <bairro>Clima Bom</bairro>
    <localidade>Maceió</localidade>
    <uf>AL</uf>
    <estado>Alagoas</estado>
    <região/>
    <ibge>2704302</ibge>
    <gia/>
    <ddd>82</ddd>
    <siafi>2785</siafi>
  </cep>
  <cep>
    <cep>57071-133</cep>
    <logradouro>1ª Travessa Muniz Falcão</logradouro>
    <complemento/>
    <unidade/>
    <bairro>Clima Bom</bairro>
    <localidade>Maceió</localidade>
    <uf>AL</uf>
    <estado>Alagoas</estado>
    <região/>
    <ibge>2704302</ibge>
    <gia/>
    <ddd>82</ddd>
    <siafi>2785</siafi>
  </cep>
  <cep>
    <cep>57071-163</cep>
    <logradouro>5ª Travessa Muniz Falcão</logradouro>
    <complemento/>
    <unidade/>
    <bairro>Clima Bom</bairro>
    <localidade>Maceió</localidade>
    <uf>AL</uf>
    <estado>Alagoas</estado>
    <região/>
    <ibge>2704302</ibge>
    <gia/>
    <ddd>82</ddd>
    <siafi>2785</siafi>
  </cep>
  <cep>
    <cep>57071-165</cep>
    <logradouro>4ª Travessa Muniz Falcão</logradouro>
    <complemento/>
    <unidade/>
    <bairro>Clima Bom</bairro>
    <localidade>Maceió</localidade>
    <uf>AL</uf>
    <estado>Alagoas</estado>
    <região/>
    <ibge>2704302</ibge>
    <gia/>
    <ddd>82</ddd>
    <siafi>2785</siafi>
  </cep>
  <cep>
    <cep>57071-154</cep>
    <logradouro>11ª Travessa Nossa Senhora da Conceição</logradouro>
    <complemento/>
    <unidade/>
    <bairro>Clima Bom</bairro>
    <localidade>Maceió</localidade>
    <uf>AL</uf>
    <estado>Alagoas</estado>
    <região/>
    <ibge>2704302</ibge>
    <gia/>
    <ddd>82</ddd>
    <siafi>2785</siafi>
  </cep>
  <cep>
    <cep>57071-170</cep>
    <logradouro>Rua 23</logradouro>
    <complemento>(Cj Osman Loureiro)</complemento>
    <unidade/>
    <bairro>Clima Bom</bairro>
    <localidade>Maceió</localidade>
    <uf>AL</uf>
    <estado>Alagoas</estado>
    <região/>
    <ibge>2704302</ibge>
    <gia/>
    <ddd>82</ddd>
    <siafi>2785</siafi>
  </cep>
  <cep>
    <cep>57071-173</cep>
    <logradouro>8ª Travessa Santa Rita</logradouro>
    <complemento/>
    <unidade/>
    <bairro>Clima Bom</bairro>
    <localidade>Maceió</localidade>
    <uf>AL</uf>
    <estado>Alagoas</estado>
    <região/>
    <ibge>2704302</ibge>
    <gia/>
    <ddd>82</ddd>
    <siafi>2785</siafi>
  </cep>
  <cep>
    <cep>57071-167</cep>
    <logradouro>10ª Travessa Muniz Falcão</logradouro>
    <complemento/>
    <unidade/>
    <bairro>Clima Bom</bairro>
    <localidade>Maceió</localidade>
    <uf>AL</uf>
    <estado>Alagoas</estado>
    <região/>
    <ibge>2704302</ibge>
    <gia/>
    <ddd>82</ddd>
    <siafi>2785</siafi>
  </cep>
  <cep>
    <cep>57071-169</cep>
    <logradouro>9ª Travessa Muniz Falcão</logradouro>
    <complemento/>
    <unidade/>
    <bairro>Clima Bom</bairro>
    <localidade>Maceió</localidade>
    <uf>AL</uf>
    <estado>Alagoas</estado>
    <região/>
    <ibge>2704302</ibge>
    <gia/>
    <ddd>82</ddd>
    <siafi>2785</siafi>
  </cep>
  <cep>
    <cep>57071-149</cep>
    <logradouro>7ª Travessa Nossa Senhora da Conceição</logradouro>
    <complemento/>
    <unidade/>
    <bairro>Clima Bom</bairro>
    <localidade>Maceió</localidade>
    <uf>AL</uf>
    <estado>Alagoas</estado>
    <região/>
    <ibge>2704302</ibge>
    <gia/>
    <ddd>82</ddd>
    <siafi>2785</siafi>
  </cep>
  <cep>
    <cep>57071-172</cep>
    <logradouro>6ª Travessa Santa Rita</logradouro>
    <complemento/>
    <unidade/>
    <bairro>Clima Bom</bairro>
    <localidade>Maceió</localidade>
    <uf>AL</uf>
    <estado>Alagoas</estado>
    <região/>
    <ibge>2704302</ibge>
    <gia/>
    <ddd>82</ddd>
    <siafi>2785</siafi>
  </cep>
  <cep>
    <cep>57071-168</cep>
    <logradouro>3ª Travessa Muniz Falcão</logradouro>
    <complemento/>
    <unidade/>
    <bairro>Clima Bom</bairro>
    <localidade>Maceió</localidade>
    <uf>AL</uf>
    <estado>Alagoas</estado>
    <região/>
    <ibge>2704302</ibge>
    <gia/>
    <ddd>82</ddd>
    <siafi>2785</siafi>
  </cep>
  <cep>
    <cep>57071-171</cep>
    <logradouro>3ª Travessa Santa Rita</logradouro>
    <complemento/>
    <unidade/>
    <bairro>Clima Bom</bairro>
    <localidade>Maceió</localidade>
    <uf>AL</uf>
    <estado>Alagoas</estado>
    <região/>
    <ibge>2704302</ibge>
    <gia/>
    <ddd>82</ddd>
    <siafi>2785</siafi>
  </cep>
  <cep>
    <cep>57071-174</cep>
    <logradouro>9ª Travessa Santa Rita</logradouro>
    <complemento/>
    <unidade/>
    <bairro>Clima Bom</bairro>
    <localidade>Maceió</localidade>
    <uf>AL</uf>
    <estado>Alagoas</estado>
    <região/>
    <ibge>2704302</ibge>
    <gia/>
    <ddd>82</ddd>
    <siafi>2785</siafi>
  </cep>
  <cep>
    <cep>57071-175</cep>
    <logradouro>Travessa Muniz Falcão B</logradouro>
    <complemento/>
    <unidade/>
    <bairro>Clima Bom</bairro>
    <localidade>Maceió</localidade>
    <uf>AL</uf>
    <estado>Alagoas</estado>
    <região/>
    <ibge>2704302</ibge>
    <gia/>
    <ddd>82</ddd>
    <siafi>2785</siafi>
  </cep>
  <cep>
    <cep>57071-176</cep>
    <logradouro>Rua Engenheiro Valmir Barros</logradouro>
    <complemento/>
    <unidade/>
    <bairro>Clima Bom</bairro>
    <localidade>Maceió</localidade>
    <uf>AL</uf>
    <estado>Alagoas</estado>
    <região/>
    <ibge>2704302</ibge>
    <gia/>
    <ddd>82</ddd>
    <siafi>2785</siafi>
  </cep>
  <cep>
    <cep>57071-181</cep>
    <logradouro>Travessa Holanda</logradouro>
    <complemento/>
    <unidade/>
    <bairro>Clima Bom</bairro>
    <localidade>Maceió</localidade>
    <uf>AL</uf>
    <estado>Alagoas</estado>
    <região/>
    <ibge>2704302</ibge>
    <gia/>
    <ddd>82</ddd>
    <siafi>2785</siafi>
  </cep>
  <cep>
    <cep>57071-178</cep>
    <logradouro>Rua Dezessete de Setembro</logradouro>
    <complemento/>
    <unidade/>
    <bairro>Clima Bom</bairro>
    <localidade>Maceió</localidade>
    <uf>AL</uf>
    <estado>Alagoas</estado>
    <região/>
    <ibge>2704302</ibge>
    <gia/>
    <ddd>82</ddd>
    <siafi>2785</siafi>
  </cep>
  <cep>
    <cep>57071-177</cep>
    <logradouro>Rua Thiago Ferreira</logradouro>
    <complemento/>
    <unidade/>
    <bairro>Clima Bom</bairro>
    <localidade>Maceió</localidade>
    <uf>AL</uf>
    <estado>Alagoas</estado>
    <região/>
    <ibge>2704302</ibge>
    <gia/>
    <ddd>82</ddd>
    <siafi>2785</siafi>
  </cep>
  <cep>
    <cep>57071-179</cep>
    <logradouro>Rua Dois de Dezembro</logradouro>
    <complemento/>
    <unidade/>
    <bairro>Clima Bom</bairro>
    <localidade>Maceió</localidade>
    <uf>AL</uf>
    <estado>Alagoas</estado>
    <região/>
    <ibge>2704302</ibge>
    <gia/>
    <ddd>82</ddd>
    <siafi>2785</siafi>
  </cep>
  <cep>
    <cep>57071-180</cep>
    <logradouro>Rua Waldemar Pedro da Silva</logradouro>
    <complemento/>
    <unidade/>
    <bairro>Clima Bom</bairro>
    <localidade>Maceió</localidade>
    <uf>AL</uf>
    <estado>Alagoas</estado>
    <região/>
    <ibge>2704302</ibge>
    <gia/>
    <ddd>82</ddd>
    <siafi>2785</siafi>
  </cep>
  <cep>
    <cep>57071-183</cep>
    <logradouro>Rua Treze de Maio</logradouro>
    <complemento/>
    <unidade/>
    <bairro>Clima Bom</bairro>
    <localidade>Maceió</localidade>
    <uf>AL</uf>
    <estado>Alagoas</estado>
    <região/>
    <ibge>2704302</ibge>
    <gia/>
    <ddd>82</ddd>
    <siafi>2785</siafi>
  </cep>
  <cep>
    <cep>57071-182</cep>
    <logradouro>Rua Nova Vida</logradouro>
    <complemento/>
    <unidade/>
    <bairro>Clima Bom</bairro>
    <localidade>Maceió</localidade>
    <uf>AL</uf>
    <estado>Alagoas</estado>
    <região/>
    <ibge>2704302</ibge>
    <gia/>
    <ddd>82</ddd>
    <siafi>2785</siafi>
  </cep>
  <cep>
    <cep>57070-840</cep>
    <logradouro>Estrada do ABC</logradouro>
    <complemento/>
    <unidade/>
    <bairro>Rio Novo</bairro>
    <localidade>Maceió</localidade>
    <uf>AL</uf>
    <estado>Alagoas</estado>
    <região/>
    <ibge>2704302</ibge>
    <gia/>
    <ddd>82</ddd>
    <siafi>2785</siafi>
  </cep>
  <cep>
    <cep>57071-002</cep>
    <logradouro>1ª Travessa Teotônio Vilela</logradouro>
    <complemento/>
    <unidade/>
    <bairro>Clima Bom</bairro>
    <localidade>Maceió</localidade>
    <uf>AL</uf>
    <estado>Alagoas</estado>
    <região/>
    <ibge>2704302</ibge>
    <gia/>
    <ddd>82</ddd>
    <siafi>2785</siafi>
  </cep>
  <cep>
    <cep>57071-184</cep>
    <logradouro>Rua Cícero André</logradouro>
    <complemento/>
    <unidade/>
    <bairro>Clima Bom</bairro>
    <localidade>Maceió</localidade>
    <uf>AL</uf>
    <estado>Alagoas</estado>
    <região/>
    <ibge>2704302</ibge>
    <gia/>
    <ddd>82</ddd>
    <siafi>2785</siafi>
  </cep>
  <cep>
    <cep>57071-186</cep>
    <logradouro>Rua São Judas Tadeu</logradouro>
    <complemento/>
    <unidade/>
    <bairro>Clima Bom</bairro>
    <localidade>Maceió</localidade>
    <uf>AL</uf>
    <estado>Alagoas</estado>
    <região/>
    <ibge>2704302</ibge>
    <gia/>
    <ddd>82</ddd>
    <siafi>2785</siafi>
  </cep>
  <cep>
    <cep>57071-185</cep>
    <logradouro>Rua Santa Helena</logradouro>
    <complemento/>
    <unidade/>
    <bairro>Clima Bom</bairro>
    <localidade>Maceió</localidade>
    <uf>AL</uf>
    <estado>Alagoas</estado>
    <região/>
    <ibge>2704302</ibge>
    <gia/>
    <ddd>82</ddd>
    <siafi>2785</siafi>
  </cep>
  <cep>
    <cep>57071-187</cep>
    <logradouro>Rua Paripueira</logradouro>
    <complemento/>
    <unidade/>
    <bairro>Clima Bom</bairro>
    <localidade>Maceió</localidade>
    <uf>AL</uf>
    <estado>Alagoas</estado>
    <região/>
    <ibge>2704302</ibge>
    <gia/>
    <ddd>82</ddd>
    <siafi>2785</siafi>
  </cep>
  <cep>
    <cep>57071-188</cep>
    <logradouro>Rua São João</logradouro>
    <complemento/>
    <unidade/>
    <bairro>Clima Bom</bairro>
    <localidade>Maceió</localidade>
    <uf>AL</uf>
    <estado>Alagoas</estado>
    <região/>
    <ibge>2704302</ibge>
    <gia/>
    <ddd>82</ddd>
    <siafi>2785</siafi>
  </cep>
  <cep>
    <cep>57071-194</cep>
    <logradouro>Travessa São Jorge</logradouro>
    <complemento/>
    <unidade/>
    <bairro>Clima Bom</bairro>
    <localidade>Maceió</localidade>
    <uf>AL</uf>
    <estado>Alagoas</estado>
    <região/>
    <ibge>2704302</ibge>
    <gia/>
    <ddd>82</ddd>
    <siafi>2785</siafi>
  </cep>
  <cep>
    <cep>57071-189</cep>
    <logradouro>Rua Israel Borba</logradouro>
    <complemento/>
    <unidade/>
    <bairro>Clima Bom</bairro>
    <localidade>Maceió</localidade>
    <uf>AL</uf>
    <estado>Alagoas</estado>
    <região/>
    <ibge>2704302</ibge>
    <gia/>
    <ddd>82</ddd>
    <siafi>2785</siafi>
  </cep>
  <cep>
    <cep>57071-190</cep>
    <logradouro>Rua Maria Celeste da Rocha</logradouro>
    <complemento/>
    <unidade/>
    <bairro>Clima Bom</bairro>
    <localidade>Maceió</localidade>
    <uf>AL</uf>
    <estado>Alagoas</estado>
    <região/>
    <ibge>2704302</ibge>
    <gia/>
    <ddd>82</ddd>
    <siafi>2785</siafi>
  </cep>
  <cep>
    <cep>57071-191</cep>
    <logradouro>Rua Santa Clara</logradouro>
    <complemento/>
    <unidade/>
    <bairro>Clima Bom</bairro>
    <localidade>Maceió</localidade>
    <uf>AL</uf>
    <estado>Alagoas</estado>
    <região/>
    <ibge>2704302</ibge>
    <gia/>
    <ddd>82</ddd>
    <siafi>2785</siafi>
  </cep>
  <cep>
    <cep>57071-195</cep>
    <logradouro>Travessa José de Assis</logradouro>
    <complemento/>
    <unidade/>
    <bairro>Clima Bom</bairro>
    <localidade>Maceió</localidade>
    <uf>AL</uf>
    <estado>Alagoas</estado>
    <região/>
    <ibge>2704302</ibge>
    <gia/>
    <ddd>82</ddd>
    <siafi>2785</siafi>
  </cep>
  <cep>
    <cep>57071-197</cep>
    <logradouro>Travessa São Sebastião</logradouro>
    <complemento/>
    <unidade/>
    <bairro>Clima Bom</bairro>
    <localidade>Maceió</localidade>
    <uf>AL</uf>
    <estado>Alagoas</estado>
    <região/>
    <ibge>2704302</ibge>
    <gia/>
    <ddd>82</ddd>
    <siafi>2785</siafi>
  </cep>
  <cep>
    <cep>57071-199</cep>
    <logradouro>2ª Travessa Colibri</logradouro>
    <complemento/>
    <unidade/>
    <bairro>Clima Bom</bairro>
    <localidade>Maceió</localidade>
    <uf>AL</uf>
    <estado>Alagoas</estado>
    <região/>
    <ibge>2704302</ibge>
    <gia/>
    <ddd>82</ddd>
    <siafi>2785</siafi>
  </cep>
  <cep>
    <cep>57071-200</cep>
    <logradouro>Rua Petronila Rodrigues</logradouro>
    <complemento/>
    <unidade/>
    <bairro>Clima Bom</bairro>
    <localidade>Maceió</localidade>
    <uf>AL</uf>
    <estado>Alagoas</estado>
    <região/>
    <ibge>2704302</ibge>
    <gia/>
    <ddd>82</ddd>
    <siafi>2785</siafi>
  </cep>
  <cep>
    <cep>57071-207</cep>
    <logradouro>Rua São Geraldo</logradouro>
    <complemento/>
    <unidade/>
    <bairro>Clima Bom</bairro>
    <localidade>Maceió</localidade>
    <uf>AL</uf>
    <estado>Alagoas</estado>
    <região/>
    <ibge>2704302</ibge>
    <gia/>
    <ddd>82</ddd>
    <siafi>2785</siafi>
  </cep>
  <cep>
    <cep>57071-202</cep>
    <logradouro>Rua das Palmeiras</logradouro>
    <complemento/>
    <unidade/>
    <bairro>Clima Bom</bairro>
    <localidade>Maceió</localidade>
    <uf>AL</uf>
    <estado>Alagoas</estado>
    <região/>
    <ibge>2704302</ibge>
    <gia/>
    <ddd>82</ddd>
    <siafi>2785</siafi>
  </cep>
  <cep>
    <cep>57071-201</cep>
    <logradouro>Rua Principal</logradouro>
    <complemento>(Projetada 1904)</complemento>
    <unidade/>
    <bairro>Clima Bom</bairro>
    <localidade>Maceió</localidade>
    <uf>AL</uf>
    <estado>Alagoas</estado>
    <região/>
    <ibge>2704302</ibge>
    <gia/>
    <ddd>82</ddd>
    <siafi>2785</siafi>
  </cep>
  <cep>
    <cep>57071-210</cep>
    <logradouro>Rua Doutor Hildebrando Falcão</logradouro>
    <complemento/>
    <unidade/>
    <bairro>Clima Bom</bairro>
    <localidade>Maceió</localidade>
    <uf>AL</uf>
    <estado>Alagoas</estado>
    <região/>
    <ibge>2704302</ibge>
    <gia/>
    <ddd>82</ddd>
    <siafi>2785</siafi>
  </cep>
  <cep>
    <cep>57071-204</cep>
    <logradouro>Rua Batalha</logradouro>
    <complemento/>
    <unidade/>
    <bairro>Clima Bom</bairro>
    <localidade>Maceió</localidade>
    <uf>AL</uf>
    <estado>Alagoas</estado>
    <região/>
    <ibge>2704302</ibge>
    <gia/>
    <ddd>82</ddd>
    <siafi>2785</siafi>
  </cep>
  <cep>
    <cep>57071-206</cep>
    <logradouro>Rua Arapiraca</logradouro>
    <complemento/>
    <unidade/>
    <bairro>Clima Bom</bairro>
    <localidade>Maceió</localidade>
    <uf>AL</uf>
    <estado>Alagoas</estado>
    <região/>
    <ibge>2704302</ibge>
    <gia/>
    <ddd>82</ddd>
    <siafi>2785</siafi>
  </cep>
  <cep>
    <cep>57071-208</cep>
    <logradouro>Rua Anadia</logradouro>
    <complemento/>
    <unidade/>
    <bairro>Clima Bom</bairro>
    <localidade>Maceió</localidade>
    <uf>AL</uf>
    <estado>Alagoas</estado>
    <região/>
    <ibge>2704302</ibge>
    <gia/>
    <ddd>82</ddd>
    <siafi>2785</siafi>
  </cep>
  <cep>
    <cep>57071-209</cep>
    <logradouro>Condomínio Romão Gomes</logradouro>
    <complemento/>
    <unidade/>
    <bairro>Clima Bom</bairro>
    <localidade>Maceió</localidade>
    <uf>AL</uf>
    <estado>Alagoas</estado>
    <região/>
    <ibge>2704302</ibge>
    <gia/>
    <ddd>82</ddd>
    <siafi>2785</siafi>
  </cep>
  <cep>
    <cep>57071-211</cep>
    <logradouro>Travessa Muniz Falcão DF</logradouro>
    <complemento/>
    <unidade/>
    <bairro>Clima Bom</bairro>
    <localidade>Maceió</localidade>
    <uf>AL</uf>
    <estado>Alagoas</estado>
    <região/>
    <ibge>2704302</ibge>
    <gia/>
    <ddd>82</ddd>
    <siafi>2785</siafi>
  </cep>
  <cep>
    <cep>57071-221</cep>
    <logradouro>Travessa Padre Cícero 8913</logradouro>
    <complemento/>
    <unidade/>
    <bairro>Clima Bom</bairro>
    <localidade>Maceió</localidade>
    <uf>AL</uf>
    <estado>Alagoas</estado>
    <região/>
    <ibge>2704302</ibge>
    <gia/>
    <ddd>82</ddd>
    <siafi>2785</siafi>
  </cep>
  <cep>
    <cep>57071-212</cep>
    <logradouro>Rua da Vitória</logradouro>
    <complemento/>
    <unidade/>
    <bairro>Clima Bom</bairro>
    <localidade>Maceió</localidade>
    <uf>AL</uf>
    <estado>Alagoas</estado>
    <região/>
    <ibge>2704302</ibge>
    <gia/>
    <ddd>82</ddd>
    <siafi>2785</siafi>
  </cep>
  <cep>
    <cep>57071-225</cep>
    <logradouro>Travessa Filadélfia</logradouro>
    <complemento/>
    <unidade/>
    <bairro>Clima Bom</bairro>
    <localidade>Maceió</localidade>
    <uf>AL</uf>
    <estado>Alagoas</estado>
    <região/>
    <ibge>2704302</ibge>
    <gia/>
    <ddd>82</ddd>
    <siafi>2785</siafi>
  </cep>
  <cep>
    <cep>57071-223</cep>
    <logradouro>Travessa Euclides França</logradouro>
    <complemento/>
    <unidade/>
    <bairro>Clima Bom</bairro>
    <localidade>Maceió</localidade>
    <uf>AL</uf>
    <estado>Alagoas</estado>
    <região/>
    <ibge>2704302</ibge>
    <gia/>
    <ddd>82</ddd>
    <siafi>2785</siafi>
  </cep>
  <cep>
    <cep>57071-226</cep>
    <logradouro>Condomínio São Gabriel</logradouro>
    <complemento/>
    <unidade/>
    <bairro>Clima Bom</bairro>
    <localidade>Maceió</localidade>
    <uf>AL</uf>
    <estado>Alagoas</estado>
    <região/>
    <ibge>2704302</ibge>
    <gia/>
    <ddd>82</ddd>
    <siafi>2785</siafi>
  </cep>
  <cep>
    <cep>57071-213</cep>
    <logradouro>Travessa Muniz Falcão JF</logradouro>
    <complemento/>
    <unidade/>
    <bairro>Clima Bom</bairro>
    <localidade>Maceió</localidade>
    <uf>AL</uf>
    <estado>Alagoas</estado>
    <região/>
    <ibge>2704302</ibge>
    <gia/>
    <ddd>82</ddd>
    <siafi>2785</siafi>
  </cep>
  <cep>
    <cep>57071-227</cep>
    <logradouro>Condomínio São Geraldo</logradouro>
    <complemento/>
    <unidade/>
    <bairro>Clima Bom</bairro>
    <localidade>Maceió</localidade>
    <uf>AL</uf>
    <estado>Alagoas</estado>
    <região/>
    <ibge>2704302</ibge>
    <gia/>
    <ddd>82</ddd>
    <siafi>2785</siafi>
  </cep>
  <cep>
    <cep>57071-214</cep>
    <logradouro>Rua Quinze de Novembro</logradouro>
    <complemento/>
    <unidade/>
    <bairro>Clima Bom</bairro>
    <localidade>Maceió</localidade>
    <uf>AL</uf>
    <estado>Alagoas</estado>
    <região/>
    <ibge>2704302</ibge>
    <gia/>
    <ddd>82</ddd>
    <siafi>2785</siafi>
  </cep>
  <cep>
    <cep>57071-229</cep>
    <logradouro>Condomínio São José</logradouro>
    <complemento/>
    <unidade/>
    <bairro>Clima Bom</bairro>
    <localidade>Maceió</localidade>
    <uf>AL</uf>
    <estado>Alagoas</estado>
    <região/>
    <ibge>2704302</ibge>
    <gia/>
    <ddd>82</ddd>
    <siafi>2785</siafi>
  </cep>
  <cep>
    <cep>57071-231</cep>
    <logradouro>Rua Chã Preta</logradouro>
    <complemento/>
    <unidade/>
    <bairro>Clima Bom</bairro>
    <localidade>Maceió</localidade>
    <uf>AL</uf>
    <estado>Alagoas</estado>
    <região/>
    <ibge>2704302</ibge>
    <gia/>
    <ddd>82</ddd>
    <siafi>2785</siafi>
  </cep>
  <cep>
    <cep>57071-228</cep>
    <logradouro>Vila João Martins</logradouro>
    <complemento/>
    <unidade/>
    <bairro>Clima Bom</bairro>
    <localidade>Maceió</localidade>
    <uf>AL</uf>
    <estado>Alagoas</estado>
    <região/>
    <ibge>2704302</ibge>
    <gia/>
    <ddd>82</ddd>
    <siafi>2785</siafi>
  </cep>
  <cep>
    <cep>57071-234</cep>
    <logradouro>Rua Maravilha</logradouro>
    <complemento/>
    <unidade/>
    <bairro>Clima Bom</bairro>
    <localidade>Maceió</localidade>
    <uf>AL</uf>
    <estado>Alagoas</estado>
    <região/>
    <ibge>2704302</ibge>
    <gia/>
    <ddd>82</ddd>
    <siafi>2785</siafi>
  </cep>
  <cep>
    <cep>57071-230</cep>
    <logradouro>Avenida Deputado Serzedelo de Barros Correia</logradouro>
    <complemento/>
    <unidade/>
    <bairro>Clima Bom</bairro>
    <localidade>Maceió</localidade>
    <uf>AL</uf>
    <estado>Alagoas</estado>
    <região/>
    <ibge>2704302</ibge>
    <gia/>
    <ddd>82</ddd>
    <siafi>2785</siafi>
  </cep>
  <cep>
    <cep>57071-233</cep>
    <logradouro>Rua Luciano de Oliveira</logradouro>
    <complemento/>
    <unidade/>
    <bairro>Clima Bom</bairro>
    <localidade>Maceió</localidade>
    <uf>AL</uf>
    <estado>Alagoas</estado>
    <região/>
    <ibge>2704302</ibge>
    <gia/>
    <ddd>82</ddd>
    <siafi>2785</siafi>
  </cep>
  <cep>
    <cep>57071-235</cep>
    <logradouro>Condomínio Nossa Senhora Fátima</logradouro>
    <complemento/>
    <unidade/>
    <bairro>Clima Bom</bairro>
    <localidade>Maceió</localidade>
    <uf>AL</uf>
    <estado>Alagoas</estado>
    <região/>
    <ibge>2704302</ibge>
    <gia/>
    <ddd>82</ddd>
    <siafi>2785</siafi>
  </cep>
  <cep>
    <cep>57071-236</cep>
    <logradouro>Rua do Cajueiro</logradouro>
    <complemento/>
    <unidade/>
    <bairro>Clima Bom</bairro>
    <localidade>Maceió</localidade>
    <uf>AL</uf>
    <estado>Alagoas</estado>
    <região/>
    <ibge>2704302</ibge>
    <gia/>
    <ddd>82</ddd>
    <siafi>2785</siafi>
  </cep>
  <cep>
    <cep>57071-238</cep>
    <logradouro>Rua Monteirópolis</logradouro>
    <complemento/>
    <unidade/>
    <bairro>Clima Bom</bairro>
    <localidade>Maceió</localidade>
    <uf>AL</uf>
    <estado>Alagoas</estado>
    <região/>
    <ibge>2704302</ibge>
    <gia/>
    <ddd>82</ddd>
    <siafi>2785</siafi>
  </cep>
  <cep>
    <cep>57071-237</cep>
    <logradouro>Condomínio Luíza Palmeira</logradouro>
    <complemento/>
    <unidade/>
    <bairro>Clima Bom</bairro>
    <localidade>Maceió</localidade>
    <uf>AL</uf>
    <estado>Alagoas</estado>
    <região/>
    <ibge>2704302</ibge>
    <gia/>
    <ddd>82</ddd>
    <siafi>2785</siafi>
  </cep>
  <cep>
    <cep>57071-240</cep>
    <logradouro>Rua Coité do Noia</logradouro>
    <complemento/>
    <unidade/>
    <bairro>Clima Bom</bairro>
    <localidade>Maceió</localidade>
    <uf>AL</uf>
    <estado>Alagoas</estado>
    <região/>
    <ibge>2704302</ibge>
    <gia/>
    <ddd>82</ddd>
    <siafi>2785</siafi>
  </cep>
  <cep>
    <cep>57071-248</cep>
    <logradouro>Rua Igaci</logradouro>
    <complemento/>
    <unidade/>
    <bairro>Clima Bom</bairro>
    <localidade>Maceió</localidade>
    <uf>AL</uf>
    <estado>Alagoas</estado>
    <região/>
    <ibge>2704302</ibge>
    <gia/>
    <ddd>82</ddd>
    <siafi>2785</siafi>
  </cep>
  <cep>
    <cep>57071-246</cep>
    <logradouro>Rua Penedo</logradouro>
    <complemento/>
    <unidade/>
    <bairro>Clima Bom</bairro>
    <localidade>Maceió</localidade>
    <uf>AL</uf>
    <estado>Alagoas</estado>
    <região/>
    <ibge>2704302</ibge>
    <gia/>
    <ddd>82</ddd>
    <siafi>2785</siafi>
  </cep>
  <cep>
    <cep>57071-249</cep>
    <logradouro>Rua Atalaia</logradouro>
    <complemento/>
    <unidade/>
    <bairro>Clima Bom</bairro>
    <localidade>Maceió</localidade>
    <uf>AL</uf>
    <estado>Alagoas</estado>
    <região/>
    <ibge>2704302</ibge>
    <gia/>
    <ddd>82</ddd>
    <siafi>2785</siafi>
  </cep>
  <cep>
    <cep>57071-242</cep>
    <logradouro>Rua Ibateguara</logradouro>
    <complemento/>
    <unidade/>
    <bairro>Clima Bom</bairro>
    <localidade>Maceió</localidade>
    <uf>AL</uf>
    <estado>Alagoas</estado>
    <região/>
    <ibge>2704302</ibge>
    <gia/>
    <ddd>82</ddd>
    <siafi>2785</siafi>
  </cep>
  <cep>
    <cep>57071-251</cep>
    <logradouro>Rua Antônio Holanda</logradouro>
    <complemento/>
    <unidade/>
    <bairro>Clima Bom</bairro>
    <localidade>Maceió</localidade>
    <uf>AL</uf>
    <estado>Alagoas</estado>
    <região/>
    <ibge>2704302</ibge>
    <gia/>
    <ddd>82</ddd>
    <siafi>2785</siafi>
  </cep>
  <cep>
    <cep>57071-239</cep>
    <logradouro>Condomínio Primavera</logradouro>
    <complemento/>
    <unidade/>
    <bairro>Clima Bom</bairro>
    <localidade>Maceió</localidade>
    <uf>AL</uf>
    <estado>Alagoas</estado>
    <região/>
    <ibge>2704302</ibge>
    <gia/>
    <ddd>82</ddd>
    <siafi>2785</siafi>
  </cep>
  <cep>
    <cep>57071-252</cep>
    <logradouro>Rua Manguá</logradouro>
    <complemento/>
    <unidade/>
    <bairro>Clima Bom</bairro>
    <localidade>Maceió</localidade>
    <uf>AL</uf>
    <estado>Alagoas</estado>
    <região/>
    <ibge>2704302</ibge>
    <gia/>
    <ddd>82</ddd>
    <siafi>2785</siafi>
  </cep>
  <cep>
    <cep>57071-244</cep>
    <logradouro>Rua Maribondo</logradouro>
    <complemento/>
    <unidade/>
    <bairro>Clima Bom</bairro>
    <localidade>Maceió</localidade>
    <uf>AL</uf>
    <estado>Alagoas</estado>
    <região/>
    <ibge>2704302</ibge>
    <gia/>
    <ddd>82</ddd>
    <siafi>2785</siafi>
  </cep>
  <cep>
    <cep>57071-253</cep>
    <logradouro>Rua da Subestação</logradouro>
    <complemento/>
    <unidade/>
    <bairro>Clima Bom</bairro>
    <localidade>Maceió</localidade>
    <uf>AL</uf>
    <estado>Alagoas</estado>
    <região/>
    <ibge>2704302</ibge>
    <gia/>
    <ddd>82</ddd>
    <siafi>2785</siafi>
  </cep>
  <cep>
    <cep>57071-262</cep>
    <logradouro>Rua Santa Luzia</logradouro>
    <complemento/>
    <unidade/>
    <bairro>Clima Bom</bairro>
    <localidade>Maceió</localidade>
    <uf>AL</uf>
    <estado>Alagoas</estado>
    <região/>
    <ibge>2704302</ibge>
    <gia/>
    <ddd>82</ddd>
    <siafi>2785</siafi>
  </cep>
  <cep>
    <cep>57071-266</cep>
    <logradouro>Travessa São Paulo</logradouro>
    <complemento/>
    <unidade/>
    <bairro>Clima Bom</bairro>
    <localidade>Maceió</localidade>
    <uf>AL</uf>
    <estado>Alagoas</estado>
    <região/>
    <ibge>2704302</ibge>
    <gia/>
    <ddd>82</ddd>
    <siafi>2785</siafi>
  </cep>
  <cep>
    <cep>57071-280</cep>
    <logradouro>Rua Arthur Meyer Leite</logradouro>
    <complemento/>
    <unidade/>
    <bairro>Clima Bom</bairro>
    <localidade>Maceió</localidade>
    <uf>AL</uf>
    <estado>Alagoas</estado>
    <região/>
    <ibge>2704302</ibge>
    <gia/>
    <ddd>82</ddd>
    <siafi>2785</siafi>
  </cep>
  <cep>
    <cep>57071-285</cep>
    <logradouro>Rua 5</logradouro>
    <complemento>(Trícia Kelly Candida da Costa)</complemento>
    <unidade/>
    <bairro>Clima Bom</bairro>
    <localidade>Maceió</localidade>
    <uf>AL</uf>
    <estado>Alagoas</estado>
    <região/>
    <ibge>2704302</ibge>
    <gia/>
    <ddd>82</ddd>
    <siafi>2785</siafi>
  </cep>
  <cep>
    <cep>57071-291</cep>
    <logradouro>Condomínio Goiabeiras</logradouro>
    <complemento/>
    <unidade/>
    <bairro>Clima Bom</bairro>
    <localidade>Maceió</localidade>
    <uf>AL</uf>
    <estado>Alagoas</estado>
    <região/>
    <ibge>2704302</ibge>
    <gia/>
    <ddd>82</ddd>
    <siafi>2785</siafi>
  </cep>
  <cep>
    <cep>57071-281</cep>
    <logradouro>Rua Santa Rita</logradouro>
    <complemento>(Cond Colina II)</complemento>
    <unidade/>
    <bairro>Clima Bom</bairro>
    <localidade>Maceió</localidade>
    <uf>AL</uf>
    <estado>Alagoas</estado>
    <região/>
    <ibge>2704302</ibge>
    <gia/>
    <ddd>82</ddd>
    <siafi>2785</siafi>
  </cep>
  <cep>
    <cep>57071-310</cep>
    <logradouro>Rua Bianor Cavalcante de Lima</logradouro>
    <complemento/>
    <unidade/>
    <bairro>Clima Bom</bairro>
    <localidade>Maceió</localidade>
    <uf>AL</uf>
    <estado>Alagoas</estado>
    <região/>
    <ibge>2704302</ibge>
    <gia/>
    <ddd>82</ddd>
    <siafi>2785</siafi>
  </cep>
  <cep>
    <cep>57071-325</cep>
    <logradouro>1ª Travessa Walfrido Rocha</logradouro>
    <complemento/>
    <unidade/>
    <bairro>Clima Bom</bairro>
    <localidade>Maceió</localidade>
    <uf>AL</uf>
    <estado>Alagoas</estado>
    <região/>
    <ibge>2704302</ibge>
    <gia/>
    <ddd>82</ddd>
    <siafi>2785</siafi>
  </cep>
  <cep>
    <cep>57071-340</cep>
    <logradouro>Rua Eronildes de Oliveira</logradouro>
    <complemento/>
    <unidade/>
    <bairro>Clima Bom</bairro>
    <localidade>Maceió</localidade>
    <uf>AL</uf>
    <estado>Alagoas</estado>
    <região/>
    <ibge>2704302</ibge>
    <gia/>
    <ddd>82</ddd>
    <siafi>2785</siafi>
  </cep>
  <cep>
    <cep>57071-290</cep>
    <logradouro>Rua Bartolomeu Lins Filho</logradouro>
    <complemento/>
    <unidade/>
    <bairro>Clima Bom</bairro>
    <localidade>Maceió</localidade>
    <uf>AL</uf>
    <estado>Alagoas</estado>
    <região/>
    <ibge>2704302</ibge>
    <gia/>
    <ddd>82</ddd>
    <siafi>2785</siafi>
  </cep>
  <cep>
    <cep>57071-375</cep>
    <logradouro>Rua Maria Osana</logradouro>
    <complemento/>
    <unidade/>
    <bairro>Clima Bom</bairro>
    <localidade>Maceió</localidade>
    <uf>AL</uf>
    <estado>Alagoas</estado>
    <região/>
    <ibge>2704302</ibge>
    <gia/>
    <ddd>82</ddd>
    <siafi>2785</siafi>
  </cep>
  <cep>
    <cep>57071-350</cep>
    <logradouro>Rua Carlos Alberto Pitombo Laranjeiras</logradouro>
    <complemento/>
    <unidade/>
    <bairro>Clima Bom</bairro>
    <localidade>Maceió</localidade>
    <uf>AL</uf>
    <estado>Alagoas</estado>
    <região/>
    <ibge>2704302</ibge>
    <gia/>
    <ddd>82</ddd>
    <siafi>2785</siafi>
  </cep>
  <cep>
    <cep>57071-413</cep>
    <logradouro>Rua São Luiz</logradouro>
    <complemento/>
    <unidade/>
    <bairro>Clima Bom</bairro>
    <localidade>Maceió</localidade>
    <uf>AL</uf>
    <estado>Alagoas</estado>
    <região/>
    <ibge>2704302</ibge>
    <gia/>
    <ddd>82</ddd>
    <siafi>2785</siafi>
  </cep>
  <cep>
    <cep>57071-414</cep>
    <logradouro>Condomínio São Pedro</logradouro>
    <complemento/>
    <unidade/>
    <bairro>Clima Bom</bairro>
    <localidade>Maceió</localidade>
    <uf>AL</uf>
    <estado>Alagoas</estado>
    <região/>
    <ibge>2704302</ibge>
    <gia/>
    <ddd>82</ddd>
    <siafi>2785</siafi>
  </cep>
  <cep>
    <cep>57071-419</cep>
    <logradouro>Rua das Chagas</logradouro>
    <complemento/>
    <unidade/>
    <bairro>Clima Bom</bairro>
    <localidade>Maceió</localidade>
    <uf>AL</uf>
    <estado>Alagoas</estado>
    <região/>
    <ibge>2704302</ibge>
    <gia/>
    <ddd>82</ddd>
    <siafi>2785</siafi>
  </cep>
  <cep>
    <cep>57071-412</cep>
    <logradouro>7ª Travessa Recanto do Sol</logradouro>
    <complemento/>
    <unidade/>
    <bairro>Clima Bom</bairro>
    <localidade>Maceió</localidade>
    <uf>AL</uf>
    <estado>Alagoas</estado>
    <região/>
    <ibge>2704302</ibge>
    <gia/>
    <ddd>82</ddd>
    <siafi>2785</siafi>
  </cep>
  <cep>
    <cep>57071-415</cep>
    <logradouro>2ª Rua Recanto do Sol</logradouro>
    <complemento/>
    <unidade/>
    <bairro>Clima Bom</bairro>
    <localidade>Maceió</localidade>
    <uf>AL</uf>
    <estado>Alagoas</estado>
    <região/>
    <ibge>2704302</ibge>
    <gia/>
    <ddd>82</ddd>
    <siafi>2785</siafi>
  </cep>
  <cep>
    <cep>57071-416</cep>
    <logradouro>Rua Augusto dos Anjos</logradouro>
    <complemento/>
    <unidade/>
    <bairro>Clima Bom</bairro>
    <localidade>Maceió</localidade>
    <uf>AL</uf>
    <estado>Alagoas</estado>
    <região/>
    <ibge>2704302</ibge>
    <gia/>
    <ddd>82</ddd>
    <siafi>2785</siafi>
  </cep>
  <cep>
    <cep>57071-401</cep>
    <logradouro>Rua Novo Horizonte</logradouro>
    <complemento/>
    <unidade/>
    <bairro>Clima Bom</bairro>
    <localidade>Maceió</localidade>
    <uf>AL</uf>
    <estado>Alagoas</estado>
    <região/>
    <ibge>2704302</ibge>
    <gia/>
    <ddd>82</ddd>
    <siafi>2785</siafi>
  </cep>
  <cep>
    <cep/>
    <logradouro/>
    <complemento/>
    <unidade/>
    <bairro/>
    <localidade/>
    <uf/>
    <estado/>
    <região/>
    <ibge/>
    <gia/>
    <ddd/>
    <siafi/>
  </cep>
  <cep>
    <cep>57071-385</cep>
    <logradouro>Rua Dona Marieta Quintela Campos Teixeira</logradouro>
    <complemento/>
    <unidade/>
    <bairro>Clima Bom</bairro>
    <localidade>Maceió</localidade>
    <uf>AL</uf>
    <estado>Alagoas</estado>
    <região/>
    <ibge>2704302</ibge>
    <gia/>
    <ddd>82</ddd>
    <siafi>2785</siafi>
  </cep>
  <cep>
    <cep>57071-360</cep>
    <logradouro>Rua São Marcos</logradouro>
    <complemento/>
    <unidade/>
    <bairro>Clima Bom</bairro>
    <localidade>Maceió</localidade>
    <uf>AL</uf>
    <estado>Alagoas</estado>
    <região/>
    <ibge>2704302</ibge>
    <gia/>
    <ddd>82</ddd>
    <siafi>2785</siafi>
  </cep>
  <cep>
    <cep>57071-426</cep>
    <logradouro>Travessa Barbosa</logradouro>
    <complemento/>
    <unidade/>
    <bairro>Clima Bom</bairro>
    <localidade>Maceió</localidade>
    <uf>AL</uf>
    <estado>Alagoas</estado>
    <região/>
    <ibge>2704302</ibge>
    <gia/>
    <ddd>82</ddd>
    <siafi>2785</siafi>
  </cep>
  <cep>
    <cep>57071-429</cep>
    <logradouro>Avenida Pedro Bezerra de Vasconcelos</logradouro>
    <complemento/>
    <unidade/>
    <bairro>Clima Bom</bairro>
    <localidade>Maceió</localidade>
    <uf>AL</uf>
    <estado>Alagoas</estado>
    <região/>
    <ibge>2704302</ibge>
    <gia/>
    <ddd>82</ddd>
    <siafi>2785</siafi>
  </cep>
  <cep>
    <cep>57071-418</cep>
    <logradouro>2ª Rua Luiz Clemente Vasconcelos</logradouro>
    <complemento/>
    <unidade/>
    <bairro>Clima Bom</bairro>
    <localidade>Maceió</localidade>
    <uf>AL</uf>
    <estado>Alagoas</estado>
    <região/>
    <ibge>2704302</ibge>
    <gia/>
    <ddd>82</ddd>
    <siafi>2785</siafi>
  </cep>
  <cep>
    <cep>57071-424</cep>
    <logradouro>Rua Edson Costa</logradouro>
    <complemento/>
    <unidade/>
    <bairro>Clima Bom</bairro>
    <localidade>Maceió</localidade>
    <uf>AL</uf>
    <estado>Alagoas</estado>
    <região/>
    <ibge>2704302</ibge>
    <gia/>
    <ddd>82</ddd>
    <siafi>2785</siafi>
  </cep>
  <cep>
    <cep>57071-428</cep>
    <logradouro>2ª Travessa Nova Vida</logradouro>
    <complemento/>
    <unidade/>
    <bairro>Clima Bom</bairro>
    <localidade>Maceió</localidade>
    <uf>AL</uf>
    <estado>Alagoas</estado>
    <região/>
    <ibge>2704302</ibge>
    <gia/>
    <ddd>82</ddd>
    <siafi>2785</siafi>
  </cep>
  <cep>
    <cep>57071-423</cep>
    <logradouro>Rua Marcos Antônio</logradouro>
    <complemento/>
    <unidade/>
    <bairro>Clima Bom</bairro>
    <localidade>Maceió</localidade>
    <uf>AL</uf>
    <estado>Alagoas</estado>
    <região/>
    <ibge>2704302</ibge>
    <gia/>
    <ddd>82</ddd>
    <siafi>2785</siafi>
  </cep>
  <cep>
    <cep>57071-404</cep>
    <logradouro>Travessa Adventista</logradouro>
    <complemento/>
    <unidade/>
    <bairro>Clima Bom</bairro>
    <localidade>Maceió</localidade>
    <uf>AL</uf>
    <estado>Alagoas</estado>
    <região/>
    <ibge>2704302</ibge>
    <gia/>
    <ddd>82</ddd>
    <siafi>2785</siafi>
  </cep>
  <cep>
    <cep>57071-410</cep>
    <logradouro>Rua Carlos Guido Ferrário Lôbo</logradouro>
    <complemento/>
    <unidade/>
    <bairro>Clima Bom</bairro>
    <localidade>Maceió</localidade>
    <uf>AL</uf>
    <estado>Alagoas</estado>
    <região/>
    <ibge>2704302</ibge>
    <gia/>
    <ddd>82</ddd>
    <siafi>2785</siafi>
  </cep>
  <cep>
    <cep>57071-425</cep>
    <logradouro>Rua Sargento Everaldo</logradouro>
    <complemento/>
    <unidade/>
    <bairro>Clima Bom</bairro>
    <localidade>Maceió</localidade>
    <uf>AL</uf>
    <estado>Alagoas</estado>
    <região/>
    <ibge>2704302</ibge>
    <gia/>
    <ddd>82</ddd>
    <siafi>2785</siafi>
  </cep>
  <cep>
    <cep>57071-417</cep>
    <logradouro>Rua Boa Esperança</logradouro>
    <complemento/>
    <unidade/>
    <bairro>Clima Bom</bairro>
    <localidade>Maceió</localidade>
    <uf>AL</uf>
    <estado>Alagoas</estado>
    <região/>
    <ibge>2704302</ibge>
    <gia/>
    <ddd>82</ddd>
    <siafi>2785</siafi>
  </cep>
  <cep>
    <cep>57071-421</cep>
    <logradouro>Rua José de Castro Morais</logradouro>
    <complemento/>
    <unidade/>
    <bairro>Clima Bom</bairro>
    <localidade>Maceió</localidade>
    <uf>AL</uf>
    <estado>Alagoas</estado>
    <região/>
    <ibge>2704302</ibge>
    <gia/>
    <ddd>82</ddd>
    <siafi>2785</siafi>
  </cep>
  <cep>
    <cep>57071-480</cep>
    <logradouro>Rua Dona Isaura Souza Marsíglia</logradouro>
    <complemento/>
    <unidade/>
    <bairro>Clima Bom</bairro>
    <localidade>Maceió</localidade>
    <uf>AL</uf>
    <estado>Alagoas</estado>
    <região/>
    <ibge>2704302</ibge>
    <gia/>
    <ddd>82</ddd>
    <siafi>2785</siafi>
  </cep>
  <cep>
    <cep>57071-427</cep>
    <logradouro>1ª Travessa Nova Vida</logradouro>
    <complemento/>
    <unidade/>
    <bairro>Clima Bom</bairro>
    <localidade>Maceió</localidade>
    <uf>AL</uf>
    <estado>Alagoas</estado>
    <região/>
    <ibge>2704302</ibge>
    <gia/>
    <ddd>82</ddd>
    <siafi>2785</siafi>
  </cep>
  <cep>
    <cep>57071-470</cep>
    <logradouro>Quadra M</logradouro>
    <complemento>(Cj Rosane Collor)</complemento>
    <unidade/>
    <bairro>Clima Bom</bairro>
    <localidade>Maceió</localidade>
    <uf>AL</uf>
    <estado>Alagoas</estado>
    <região/>
    <ibge>2704302</ibge>
    <gia/>
    <ddd>82</ddd>
    <siafi>2785</siafi>
  </cep>
  <cep>
    <cep>57071-510</cep>
    <logradouro>Rua Durval Guimarães Neto</logradouro>
    <complemento>(Cj Osman Loureiro)</complemento>
    <unidade/>
    <bairro>Clima Bom</bairro>
    <localidade>Maceió</localidade>
    <uf>AL</uf>
    <estado>Alagoas</estado>
    <região/>
    <ibge>2704302</ibge>
    <gia/>
    <ddd>82</ddd>
    <siafi>2785</siafi>
  </cep>
  <cep>
    <cep>57071-406</cep>
    <logradouro>3ª Travessa Firmo Correia Araújo</logradouro>
    <complemento/>
    <unidade/>
    <bairro>Clima Bom</bairro>
    <localidade>Maceió</localidade>
    <uf>AL</uf>
    <estado>Alagoas</estado>
    <região/>
    <ibge>2704302</ibge>
    <gia/>
    <ddd>82</ddd>
    <siafi>2785</siafi>
  </cep>
  <cep>
    <cep>57071-500</cep>
    <logradouro>Rua Doutor Aldo Cardoso</logradouro>
    <complemento/>
    <unidade/>
    <bairro>Clima Bom</bairro>
    <localidade>Maceió</localidade>
    <uf>AL</uf>
    <estado>Alagoas</estado>
    <região/>
    <ibge>2704302</ibge>
    <gia/>
    <ddd>82</ddd>
    <siafi>2785</siafi>
  </cep>
  <cep>
    <cep>57071-490</cep>
    <logradouro>Rua Dona Lourdes Brêda</logradouro>
    <complemento/>
    <unidade/>
    <bairro>Clima Bom</bairro>
    <localidade>Maceió</localidade>
    <uf>AL</uf>
    <estado>Alagoas</estado>
    <região/>
    <ibge>2704302</ibge>
    <gia/>
    <ddd>82</ddd>
    <siafi>2785</siafi>
  </cep>
  <cep>
    <cep>57071-511</cep>
    <logradouro>Rua São João</logradouro>
    <complemento>(Lot Morada Eucaliptos)</complemento>
    <unidade/>
    <bairro>Clima Bom</bairro>
    <localidade>Maceió</localidade>
    <uf>AL</uf>
    <estado>Alagoas</estado>
    <região/>
    <ibge>2704302</ibge>
    <gia/>
    <ddd>82</ddd>
    <siafi>2785</siafi>
  </cep>
  <cep>
    <cep>57071-512</cep>
    <logradouro>Travessa Israel Borba</logradouro>
    <complemento>(Lot Morada Eucaliptos)</complemento>
    <unidade/>
    <bairro>Clima Bom</bairro>
    <localidade>Maceió</localidade>
    <uf>AL</uf>
    <estado>Alagoas</estado>
    <região/>
    <ibge>2704302</ibge>
    <gia/>
    <ddd>82</ddd>
    <siafi>2785</siafi>
  </cep>
  <cep>
    <cep>57071-513</cep>
    <logradouro>Rua Santa Terezinha</logradouro>
    <complemento>(Cj Morada Eucaliptos)</complemento>
    <unidade/>
    <bairro>Clima Bom</bairro>
    <localidade>Maceió</localidade>
    <uf>AL</uf>
    <estado>Alagoas</estado>
    <região/>
    <ibge>2704302</ibge>
    <gia/>
    <ddd>82</ddd>
    <siafi>2785</siafi>
  </cep>
  <cep>
    <cep>57071-514</cep>
    <logradouro>Travessa da Esperança</logradouro>
    <complemento>(Cj Morada Eucaliptos)</complemento>
    <unidade/>
    <bairro>Clima Bom</bairro>
    <localidade>Maceió</localidade>
    <uf>AL</uf>
    <estado>Alagoas</estado>
    <região/>
    <ibge>2704302</ibge>
    <gia/>
    <ddd>82</ddd>
    <siafi>2785</siafi>
  </cep>
  <cep>
    <cep>57071-541</cep>
    <logradouro>Rua A</logradouro>
    <complemento>(Qd 1-2 Cj Taxistas)</complemento>
    <unidade/>
    <bairro>Clima Bom</bairro>
    <localidade>Maceió</localidade>
    <uf>AL</uf>
    <estado>Alagoas</estado>
    <região/>
    <ibge>2704302</ibge>
    <gia/>
    <ddd>82</ddd>
    <siafi>2785</siafi>
  </cep>
  <cep>
    <cep>57071-540</cep>
    <logradouro>Rua Edson Frazão</logradouro>
    <complemento/>
    <unidade/>
    <bairro>Clima Bom</bairro>
    <localidade>Maceió</localidade>
    <uf>AL</uf>
    <estado>Alagoas</estado>
    <região/>
    <ibge>2704302</ibge>
    <gia/>
    <ddd>82</ddd>
    <siafi>2785</siafi>
  </cep>
  <cep>
    <cep>57071-515</cep>
    <logradouro>Quadra Q</logradouro>
    <complemento>(Lot Durville)</complemento>
    <unidade/>
    <bairro>Clima Bom</bairro>
    <localidade>Maceió</localidade>
    <uf>AL</uf>
    <estado>Alagoas</estado>
    <região/>
    <ibge>2704302</ibge>
    <gia/>
    <ddd>82</ddd>
    <siafi>2785</siafi>
  </cep>
  <cep>
    <cep>57071-530</cep>
    <logradouro>Rua Edmilson Sales do Nascimento</logradouro>
    <complemento/>
    <unidade/>
    <bairro>Clima Bom</bairro>
    <localidade>Maceió</localidade>
    <uf>AL</uf>
    <estado>Alagoas</estado>
    <região/>
    <ibge>2704302</ibge>
    <gia/>
    <ddd>82</ddd>
    <siafi>2785</siafi>
  </cep>
  <cep>
    <cep>57071-542</cep>
    <logradouro>Rua B</logradouro>
    <complemento>(Qd 2-3 Cj Taxistas)</complemento>
    <unidade/>
    <bairro>Clima Bom</bairro>
    <localidade>Maceió</localidade>
    <uf>AL</uf>
    <estado>Alagoas</estado>
    <região/>
    <ibge>2704302</ibge>
    <gia/>
    <ddd>82</ddd>
    <siafi>2785</siafi>
  </cep>
  <cep>
    <cep>57071-543</cep>
    <logradouro>Rua C</logradouro>
    <complemento>(Qd 3-4 Cj Taxistas)</complemento>
    <unidade/>
    <bairro>Clima Bom</bairro>
    <localidade>Maceió</localidade>
    <uf>AL</uf>
    <estado>Alagoas</estado>
    <região/>
    <ibge>2704302</ibge>
    <gia/>
    <ddd>82</ddd>
    <siafi>2785</siafi>
  </cep>
  <cep>
    <cep>57071-545</cep>
    <logradouro>1ª Travessa São Luiz</logradouro>
    <complemento/>
    <unidade/>
    <bairro>Clima Bom</bairro>
    <localidade>Maceió</localidade>
    <uf>AL</uf>
    <estado>Alagoas</estado>
    <região/>
    <ibge>2704302</ibge>
    <gia/>
    <ddd>82</ddd>
    <siafi>2785</siafi>
  </cep>
  <cep>
    <cep>57071-546</cep>
    <logradouro>2ª Travessa São Luiz</logradouro>
    <complemento/>
    <unidade/>
    <bairro>Clima Bom</bairro>
    <localidade>Maceió</localidade>
    <uf>AL</uf>
    <estado>Alagoas</estado>
    <região/>
    <ibge>2704302</ibge>
    <gia/>
    <ddd>82</ddd>
    <siafi>2785</siafi>
  </cep>
  <cep>
    <cep>57071-547</cep>
    <logradouro>Rua Nova A</logradouro>
    <complemento/>
    <unidade/>
    <bairro>Clima Bom</bairro>
    <localidade>Maceió</localidade>
    <uf>AL</uf>
    <estado>Alagoas</estado>
    <região/>
    <ibge>2704302</ibge>
    <gia/>
    <ddd>82</ddd>
    <siafi>2785</siafi>
  </cep>
  <cep>
    <cep>57071-548</cep>
    <logradouro>Travessa Santa Rita</logradouro>
    <complemento/>
    <unidade/>
    <bairro>Clima Bom</bairro>
    <localidade>Maceió</localidade>
    <uf>AL</uf>
    <estado>Alagoas</estado>
    <região/>
    <ibge>2704302</ibge>
    <gia/>
    <ddd>82</ddd>
    <siafi>2785</siafi>
  </cep>
  <cep>
    <cep>57071-551</cep>
    <logradouro>Rua Hélio Rocha</logradouro>
    <complemento/>
    <unidade/>
    <bairro>Clima Bom</bairro>
    <localidade>Maceió</localidade>
    <uf>AL</uf>
    <estado>Alagoas</estado>
    <região/>
    <ibge>2704302</ibge>
    <gia/>
    <ddd>82</ddd>
    <siafi>2785</siafi>
  </cep>
  <cep>
    <cep>57071-553</cep>
    <logradouro>Rua Santa Maria</logradouro>
    <complemento/>
    <unidade/>
    <bairro>Clima Bom</bairro>
    <localidade>Maceió</localidade>
    <uf>AL</uf>
    <estado>Alagoas</estado>
    <região/>
    <ibge>2704302</ibge>
    <gia/>
    <ddd>82</ddd>
    <siafi>2785</siafi>
  </cep>
  <cep>
    <cep>57071-549</cep>
    <logradouro>Travessa Doutor Murilo Cardoso Santana</logradouro>
    <complemento/>
    <unidade/>
    <bairro>Clima Bom</bairro>
    <localidade>Maceió</localidade>
    <uf>AL</uf>
    <estado>Alagoas</estado>
    <região/>
    <ibge>2704302</ibge>
    <gia/>
    <ddd>82</ddd>
    <siafi>2785</siafi>
  </cep>
  <cep>
    <cep>57071-552</cep>
    <logradouro>Vila Jerusálem</logradouro>
    <complemento/>
    <unidade/>
    <bairro>Clima Bom</bairro>
    <localidade>Maceió</localidade>
    <uf>AL</uf>
    <estado>Alagoas</estado>
    <região/>
    <ibge>2704302</ibge>
    <gia/>
    <ddd>82</ddd>
    <siafi>2785</siafi>
  </cep>
  <cep>
    <cep>57071-550</cep>
    <logradouro>Rua Francisco Laranjeiras Filho</logradouro>
    <complemento/>
    <unidade/>
    <bairro>Clima Bom</bairro>
    <localidade>Maceió</localidade>
    <uf>AL</uf>
    <estado>Alagoas</estado>
    <região/>
    <ibge>2704302</ibge>
    <gia/>
    <ddd>82</ddd>
    <siafi>2785</siafi>
  </cep>
  <cep>
    <cep>57071-557</cep>
    <logradouro>Travessa Valeriano Rocha</logradouro>
    <complemento/>
    <unidade/>
    <bairro>Clima Bom</bairro>
    <localidade>Maceió</localidade>
    <uf>AL</uf>
    <estado>Alagoas</estado>
    <região/>
    <ibge>2704302</ibge>
    <gia/>
    <ddd>82</ddd>
    <siafi>2785</siafi>
  </cep>
  <cep>
    <cep>57071-555</cep>
    <logradouro>Vila São Sebastião</logradouro>
    <complemento/>
    <unidade/>
    <bairro>Clima Bom</bairro>
    <localidade>Maceió</localidade>
    <uf>AL</uf>
    <estado>Alagoas</estado>
    <região/>
    <ibge>2704302</ibge>
    <gia/>
    <ddd>82</ddd>
    <siafi>2785</siafi>
  </cep>
  <cep>
    <cep>57071-560</cep>
    <logradouro>Rua Gilberto Marinho</logradouro>
    <complemento/>
    <unidade/>
    <bairro>Clima Bom</bairro>
    <localidade>Maceió</localidade>
    <uf>AL</uf>
    <estado>Alagoas</estado>
    <região/>
    <ibge>2704302</ibge>
    <gia/>
    <ddd>82</ddd>
    <siafi>2785</siafi>
  </cep>
  <cep>
    <cep>57071-572</cep>
    <logradouro>Rua Nova Chesf</logradouro>
    <complemento/>
    <unidade/>
    <bairro>Clima Bom</bairro>
    <localidade>Maceió</localidade>
    <uf>AL</uf>
    <estado>Alagoas</estado>
    <região/>
    <ibge>2704302</ibge>
    <gia/>
    <ddd>82</ddd>
    <siafi>2785</siafi>
  </cep>
  <cep>
    <cep>57071-561</cep>
    <logradouro>2ª Travessa Walfrido Rocha</logradouro>
    <complemento/>
    <unidade/>
    <bairro>Clima Bom</bairro>
    <localidade>Maceió</localidade>
    <uf>AL</uf>
    <estado>Alagoas</estado>
    <região/>
    <ibge>2704302</ibge>
    <gia/>
    <ddd>82</ddd>
    <siafi>2785</siafi>
  </cep>
  <cep>
    <cep>57071-571</cep>
    <logradouro>6ª Travessa São José</logradouro>
    <complemento/>
    <unidade/>
    <bairro>Clima Bom</bairro>
    <localidade>Maceió</localidade>
    <uf>AL</uf>
    <estado>Alagoas</estado>
    <região/>
    <ibge>2704302</ibge>
    <gia/>
    <ddd>82</ddd>
    <siafi>2785</siafi>
  </cep>
  <cep>
    <cep>57071-570</cep>
    <logradouro>Rua Campo Verde</logradouro>
    <complemento/>
    <unidade/>
    <bairro>Clima Bom</bairro>
    <localidade>Maceió</localidade>
    <uf>AL</uf>
    <estado>Alagoas</estado>
    <região/>
    <ibge>2704302</ibge>
    <gia/>
    <ddd>82</ddd>
    <siafi>2785</siafi>
  </cep>
  <cep>
    <cep>57071-575</cep>
    <logradouro>Travessa São José</logradouro>
    <complemento/>
    <unidade/>
    <bairro>Clima Bom</bairro>
    <localidade>Maceió</localidade>
    <uf>AL</uf>
    <estado>Alagoas</estado>
    <região/>
    <ibge>2704302</ibge>
    <gia/>
    <ddd>82</ddd>
    <siafi>2785</siafi>
  </cep>
  <cep>
    <cep/>
    <logradouro/>
    <complemento/>
    <unidade/>
    <bairro/>
    <localidade/>
    <uf/>
    <estado/>
    <região/>
    <ibge/>
    <gia/>
    <ddd/>
    <siafi/>
  </cep>
  <cep>
    <cep>57071-582</cep>
    <logradouro>1ª Travessa Haroldo de Azevedo</logradouro>
    <complemento/>
    <unidade/>
    <bairro>Clima Bom</bairro>
    <localidade>Maceió</localidade>
    <uf>AL</uf>
    <estado>Alagoas</estado>
    <região/>
    <ibge>2704302</ibge>
    <gia/>
    <ddd>82</ddd>
    <siafi>2785</siafi>
  </cep>
  <cep>
    <cep>57071-574</cep>
    <logradouro>8ª Travessa São José</logradouro>
    <complemento/>
    <unidade/>
    <bairro>Clima Bom</bairro>
    <localidade>Maceió</localidade>
    <uf>AL</uf>
    <estado>Alagoas</estado>
    <região/>
    <ibge>2704302</ibge>
    <gia/>
    <ddd>82</ddd>
    <siafi>2785</siafi>
  </cep>
  <cep>
    <cep>57071-584</cep>
    <logradouro>5ª Travessa Haroldo de Azevedo</logradouro>
    <complemento/>
    <unidade/>
    <bairro>Clima Bom</bairro>
    <localidade>Maceió</localidade>
    <uf>AL</uf>
    <estado>Alagoas</estado>
    <região/>
    <ibge>2704302</ibge>
    <gia/>
    <ddd>82</ddd>
    <siafi>2785</siafi>
  </cep>
  <cep>
    <cep>57071-580</cep>
    <logradouro>Rua Hermínio Cardoso</logradouro>
    <complemento/>
    <unidade/>
    <bairro>Clima Bom</bairro>
    <localidade>Maceió</localidade>
    <uf>AL</uf>
    <estado>Alagoas</estado>
    <região/>
    <ibge>2704302</ibge>
    <gia/>
    <ddd>82</ddd>
    <siafi>2785</siafi>
  </cep>
  <cep>
    <cep>57071-587</cep>
    <logradouro>Condomínio do Beto</logradouro>
    <complemento/>
    <unidade/>
    <bairro>Clima Bom</bairro>
    <localidade>Maceió</localidade>
    <uf>AL</uf>
    <estado>Alagoas</estado>
    <região/>
    <ibge>2704302</ibge>
    <gia/>
    <ddd>82</ddd>
    <siafi>2785</siafi>
  </cep>
  <cep>
    <cep>57071-590</cep>
    <logradouro>Rua Jorge de Araújo Vasconcelos</logradouro>
    <complemento/>
    <unidade/>
    <bairro>Clima Bom</bairro>
    <localidade>Maceió</localidade>
    <uf>AL</uf>
    <estado>Alagoas</estado>
    <região/>
    <ibge>2704302</ibge>
    <gia/>
    <ddd>82</ddd>
    <siafi>2785</siafi>
  </cep>
  <cep>
    <cep>57071-591</cep>
    <logradouro>4ª Travessa Walfrido Rocha</logradouro>
    <complemento/>
    <unidade/>
    <bairro>Clima Bom</bairro>
    <localidade>Maceió</localidade>
    <uf>AL</uf>
    <estado>Alagoas</estado>
    <região/>
    <ibge>2704302</ibge>
    <gia/>
    <ddd>82</ddd>
    <siafi>2785</siafi>
  </cep>
  <cep>
    <cep>57071-601</cep>
    <logradouro>Rua em Projeto 3</logradouro>
    <complemento>(Lot Durville)</complemento>
    <unidade/>
    <bairro>Clima Bom</bairro>
    <localidade>Maceió</localidade>
    <uf>AL</uf>
    <estado>Alagoas</estado>
    <região/>
    <ibge>2704302</ibge>
    <gia/>
    <ddd>82</ddd>
    <siafi>2785</siafi>
  </cep>
  <cep>
    <cep>57071-592</cep>
    <logradouro>5ª Travessa Walfrido Rocha</logradouro>
    <complemento/>
    <unidade/>
    <bairro>Clima Bom</bairro>
    <localidade>Maceió</localidade>
    <uf>AL</uf>
    <estado>Alagoas</estado>
    <região/>
    <ibge>2704302</ibge>
    <gia/>
    <ddd>82</ddd>
    <siafi>2785</siafi>
  </cep>
  <cep>
    <cep>57071-597</cep>
    <logradouro>Rua Mensageiro Cícero Lima</logradouro>
    <complemento/>
    <unidade/>
    <bairro>Clima Bom</bairro>
    <localidade>Maceió</localidade>
    <uf>AL</uf>
    <estado>Alagoas</estado>
    <região/>
    <ibge>2704302</ibge>
    <gia/>
    <ddd>82</ddd>
    <siafi>2785</siafi>
  </cep>
  <cep>
    <cep>57071-605</cep>
    <logradouro>Rua Doutor José de Figueiredo Ângelo</logradouro>
    <complemento>(Lot Durville)</complemento>
    <unidade/>
    <bairro>Clima Bom</bairro>
    <localidade>Maceió</localidade>
    <uf>AL</uf>
    <estado>Alagoas</estado>
    <região/>
    <ibge>2704302</ibge>
    <gia/>
    <ddd>82</ddd>
    <siafi>2785</siafi>
  </cep>
  <cep>
    <cep>57071-604</cep>
    <logradouro>Rua em Projeto 6</logradouro>
    <complemento>(Lot Durville)</complemento>
    <unidade/>
    <bairro>Clima Bom</bairro>
    <localidade>Maceió</localidade>
    <uf>AL</uf>
    <estado>Alagoas</estado>
    <região/>
    <ibge>2704302</ibge>
    <gia/>
    <ddd>82</ddd>
    <siafi>2785</siafi>
  </cep>
  <cep>
    <cep>57071-603</cep>
    <logradouro>Rua em Projeto 5</logradouro>
    <complemento>(Lot Durville)</complemento>
    <unidade/>
    <bairro>Clima Bom</bairro>
    <localidade>Maceió</localidade>
    <uf>AL</uf>
    <estado>Alagoas</estado>
    <região/>
    <ibge>2704302</ibge>
    <gia/>
    <ddd>82</ddd>
    <siafi>2785</siafi>
  </cep>
  <cep>
    <cep>57071-606</cep>
    <logradouro>Rua Empresário Jader de Lima Araújo</logradouro>
    <complemento>(Lot Durville)</complemento>
    <unidade/>
    <bairro>Clima Bom</bairro>
    <localidade>Maceió</localidade>
    <uf>AL</uf>
    <estado>Alagoas</estado>
    <região/>
    <ibge>2704302</ibge>
    <gia/>
    <ddd>82</ddd>
    <siafi>2785</siafi>
  </cep>
  <cep>
    <cep>57071-594</cep>
    <logradouro>Rua Nascente 2</logradouro>
    <complemento/>
    <unidade/>
    <bairro>Clima Bom</bairro>
    <localidade>Maceió</localidade>
    <uf>AL</uf>
    <estado>Alagoas</estado>
    <região/>
    <ibge>2704302</ibge>
    <gia/>
    <ddd>82</ddd>
    <siafi>2785</siafi>
  </cep>
  <cep>
    <cep>57071-600</cep>
    <logradouro>Praça José Macário Lessa Beltrão</logradouro>
    <complemento/>
    <unidade/>
    <bairro>Clima Bom</bairro>
    <localidade>Maceió</localidade>
    <uf>AL</uf>
    <estado>Alagoas</estado>
    <região/>
    <ibge>2704302</ibge>
    <gia/>
    <ddd>82</ddd>
    <siafi>2785</siafi>
  </cep>
  <cep>
    <cep>57071-609</cep>
    <logradouro>Rua em Projeto 4</logradouro>
    <complemento>(Lot Durville)</complemento>
    <unidade/>
    <bairro>Clima Bom</bairro>
    <localidade>Maceió</localidade>
    <uf>AL</uf>
    <estado>Alagoas</estado>
    <região/>
    <ibge>2704302</ibge>
    <gia/>
    <ddd>82</ddd>
    <siafi>2785</siafi>
  </cep>
  <cep>
    <cep>57071-613</cep>
    <logradouro>Rua Deputado Manoel Lins Pinheiro</logradouro>
    <complemento>(Qd N-O Lot Durville)</complemento>
    <unidade/>
    <bairro>Clima Bom</bairro>
    <localidade>Maceió</localidade>
    <uf>AL</uf>
    <estado>Alagoas</estado>
    <região/>
    <ibge>2704302</ibge>
    <gia/>
    <ddd>82</ddd>
    <siafi>2785</siafi>
  </cep>
  <cep>
    <cep>57071-610</cep>
    <logradouro>Avenida Jorge Barros</logradouro>
    <complemento>lado par</complemento>
    <unidade/>
    <bairro>Clima Bom</bairro>
    <localidade>Maceió</localidade>
    <uf>AL</uf>
    <estado>Alagoas</estado>
    <região/>
    <ibge>2704302</ibge>
    <gia/>
    <ddd>82</ddd>
    <siafi>2785</siafi>
  </cep>
  <cep>
    <cep>57071-614</cep>
    <logradouro>Rua Doutora Noélia Lessa dos Santos</logradouro>
    <complemento>(Qd O-P Lot Durville)</complemento>
    <unidade/>
    <bairro>Clima Bom</bairro>
    <localidade>Maceió</localidade>
    <uf>AL</uf>
    <estado>Alagoas</estado>
    <região/>
    <ibge>2704302</ibge>
    <gia/>
    <ddd>82</ddd>
    <siafi>2785</siafi>
  </cep>
  <cep>
    <cep>57071-611</cep>
    <logradouro>Rua em Projeto 10</logradouro>
    <complemento>(Lot Durville)</complemento>
    <unidade/>
    <bairro>Clima Bom</bairro>
    <localidade>Maceió</localidade>
    <uf>AL</uf>
    <estado>Alagoas</estado>
    <região/>
    <ibge>2704302</ibge>
    <gia/>
    <ddd>82</ddd>
    <siafi>2785</siafi>
  </cep>
  <cep>
    <cep>57071-573</cep>
    <logradouro>7ª Travessa São José</logradouro>
    <complemento/>
    <unidade/>
    <bairro>Clima Bom</bairro>
    <localidade>Maceió</localidade>
    <uf>AL</uf>
    <estado>Alagoas</estado>
    <região/>
    <ibge>2704302</ibge>
    <gia/>
    <ddd>82</ddd>
    <siafi>2785</siafi>
  </cep>
  <cep>
    <cep>57071-616</cep>
    <logradouro>1ª Travessa Maria Osana</logradouro>
    <complemento/>
    <unidade/>
    <bairro>Clima Bom</bairro>
    <localidade>Maceió</localidade>
    <uf>AL</uf>
    <estado>Alagoas</estado>
    <região/>
    <ibge>2704302</ibge>
    <gia/>
    <ddd>82</ddd>
    <siafi>2785</siafi>
  </cep>
  <cep>
    <cep>57071-617</cep>
    <logradouro>Rua Tancredo Neves</logradouro>
    <complemento/>
    <unidade/>
    <bairro>Clima Bom</bairro>
    <localidade>Maceió</localidade>
    <uf>AL</uf>
    <estado>Alagoas</estado>
    <região/>
    <ibge>2704302</ibge>
    <gia/>
    <ddd>82</ddd>
    <siafi>2785</siafi>
  </cep>
  <cep>
    <cep>57071-615</cep>
    <logradouro>Rua Doutor Nereu Cavalcante</logradouro>
    <complemento>(Qd P-R Lot Durville)</complemento>
    <unidade/>
    <bairro>Clima Bom</bairro>
    <localidade>Maceió</localidade>
    <uf>AL</uf>
    <estado>Alagoas</estado>
    <região/>
    <ibge>2704302</ibge>
    <gia/>
    <ddd>82</ddd>
    <siafi>2785</siafi>
  </cep>
  <cep>
    <cep>57071-579</cep>
    <logradouro>Rua 18</logradouro>
    <complemento>(Carteiro Moacir Emiliano)</complemento>
    <unidade/>
    <bairro>Clima Bom</bairro>
    <localidade>Maceió</localidade>
    <uf>AL</uf>
    <estado>Alagoas</estado>
    <região/>
    <ibge>2704302</ibge>
    <gia/>
    <ddd>82</ddd>
    <siafi>2785</siafi>
  </cep>
  <cep>
    <cep>57071-620</cep>
    <logradouro>Rua Luis Dionísio Costa</logradouro>
    <complemento/>
    <unidade/>
    <bairro>Clima Bom</bairro>
    <localidade>Maceió</localidade>
    <uf>AL</uf>
    <estado>Alagoas</estado>
    <região/>
    <ibge>2704302</ibge>
    <gia/>
    <ddd>82</ddd>
    <siafi>2785</siafi>
  </cep>
  <cep>
    <cep>57071-607</cep>
    <logradouro>Rua Escritora Maria Luisa Melo Sá</logradouro>
    <complemento>(Lot Durville)</complemento>
    <unidade/>
    <bairro>Clima Bom</bairro>
    <localidade>Maceió</localidade>
    <uf>AL</uf>
    <estado>Alagoas</estado>
    <região/>
    <ibge>2704302</ibge>
    <gia/>
    <ddd>82</ddd>
    <siafi>2785</siafi>
  </cep>
  <cep>
    <cep>57071-608</cep>
    <logradouro>Rua em Projeto 9</logradouro>
    <complemento>(Lot Durville)</complemento>
    <unidade/>
    <bairro>Clima Bom</bairro>
    <localidade>Maceió</localidade>
    <uf>AL</uf>
    <estado>Alagoas</estado>
    <região/>
    <ibge>2704302</ibge>
    <gia/>
    <ddd>82</ddd>
    <siafi>2785</siafi>
  </cep>
  <cep>
    <cep>57071-612</cep>
    <logradouro>Quadra M</logradouro>
    <complemento>(Lot Durville)</complemento>
    <unidade/>
    <bairro>Clima Bom</bairro>
    <localidade>Maceió</localidade>
    <uf>AL</uf>
    <estado>Alagoas</estado>
    <região/>
    <ibge>2704302</ibge>
    <gia/>
    <ddd>82</ddd>
    <siafi>2785</siafi>
  </cep>
  <cep>
    <cep>57071-635</cep>
    <logradouro>9ª Travessa Ivaldo Ferino</logradouro>
    <complemento>(Tv Sup Ivaldo Ferino 1397)</complemento>
    <unidade/>
    <bairro>Clima Bom</bairro>
    <localidade>Maceió</localidade>
    <uf>AL</uf>
    <estado>Alagoas</estado>
    <região/>
    <ibge>2704302</ibge>
    <gia/>
    <ddd>82</ddd>
    <siafi>2785</siafi>
  </cep>
  <cep>
    <cep>57071-631</cep>
    <logradouro>9ª Travessa Santa Fé</logradouro>
    <complemento/>
    <unidade/>
    <bairro>Clima Bom</bairro>
    <localidade>Maceió</localidade>
    <uf>AL</uf>
    <estado>Alagoas</estado>
    <região/>
    <ibge>2704302</ibge>
    <gia/>
    <ddd>82</ddd>
    <siafi>2785</siafi>
  </cep>
  <cep>
    <cep>57071-581</cep>
    <logradouro>3ª Travessa Haroldo de Azevedo</logradouro>
    <complemento/>
    <unidade/>
    <bairro>Clima Bom</bairro>
    <localidade>Maceió</localidade>
    <uf>AL</uf>
    <estado>Alagoas</estado>
    <região/>
    <ibge>2704302</ibge>
    <gia/>
    <ddd>82</ddd>
    <siafi>2785</siafi>
  </cep>
  <cep>
    <cep>57071-634</cep>
    <logradouro>8ª Travessa Ivaldo Ferino</logradouro>
    <complemento>(Tv Sup Ivaldo Ferino 1711)</complemento>
    <unidade/>
    <bairro>Clima Bom</bairro>
    <localidade>Maceió</localidade>
    <uf>AL</uf>
    <estado>Alagoas</estado>
    <região/>
    <ibge>2704302</ibge>
    <gia/>
    <ddd>82</ddd>
    <siafi>2785</siafi>
  </cep>
  <cep>
    <cep>57071-589</cep>
    <logradouro>5ª Travessa São José</logradouro>
    <complemento/>
    <unidade/>
    <bairro>Clima Bom</bairro>
    <localidade>Maceió</localidade>
    <uf>AL</uf>
    <estado>Alagoas</estado>
    <região/>
    <ibge>2704302</ibge>
    <gia/>
    <ddd>82</ddd>
    <siafi>2785</siafi>
  </cep>
  <cep>
    <cep>57071-630</cep>
    <logradouro>Rua Plínius Ayris</logradouro>
    <complemento/>
    <unidade/>
    <bairro>Clima Bom</bairro>
    <localidade>Maceió</localidade>
    <uf>AL</uf>
    <estado>Alagoas</estado>
    <região/>
    <ibge>2704302</ibge>
    <gia/>
    <ddd>82</ddd>
    <siafi>2785</siafi>
  </cep>
  <cep>
    <cep>57071-633</cep>
    <logradouro>7ª Travessa Ivaldo Ferino</logradouro>
    <complemento>(Tv Sup Ivaldo Ferino 1395)</complemento>
    <unidade/>
    <bairro>Clima Bom</bairro>
    <localidade>Maceió</localidade>
    <uf>AL</uf>
    <estado>Alagoas</estado>
    <região/>
    <ibge>2704302</ibge>
    <gia/>
    <ddd>82</ddd>
    <siafi>2785</siafi>
  </cep>
  <cep>
    <cep>57071-632</cep>
    <logradouro>6ª Travessa Ivaldo Ferino</logradouro>
    <complemento>(Tv Sup Ivaldo Ferino 1360)</complemento>
    <unidade/>
    <bairro>Clima Bom</bairro>
    <localidade>Maceió</localidade>
    <uf>AL</uf>
    <estado>Alagoas</estado>
    <região/>
    <ibge>2704302</ibge>
    <gia/>
    <ddd>82</ddd>
    <siafi>2785</siafi>
  </cep>
  <cep>
    <cep>57071-593</cep>
    <logradouro>Rua da Nascente</logradouro>
    <complemento/>
    <unidade/>
    <bairro>Clima Bom</bairro>
    <localidade>Maceió</localidade>
    <uf>AL</uf>
    <estado>Alagoas</estado>
    <região/>
    <ibge>2704302</ibge>
    <gia/>
    <ddd>82</ddd>
    <siafi>2785</siafi>
  </cep>
  <cep>
    <cep>57071-599</cep>
    <logradouro>Travessa Vanderley Neto</logradouro>
    <complemento/>
    <unidade/>
    <bairro>Clima Bom</bairro>
    <localidade>Maceió</localidade>
    <uf>AL</uf>
    <estado>Alagoas</estado>
    <região/>
    <ibge>2704302</ibge>
    <gia/>
    <ddd>82</ddd>
    <siafi>2785</siafi>
  </cep>
  <cep>
    <cep>57071-583</cep>
    <logradouro>4ª Travessa Haroldo de Azevedo</logradouro>
    <complemento/>
    <unidade/>
    <bairro>Clima Bom</bairro>
    <localidade>Maceió</localidade>
    <uf>AL</uf>
    <estado>Alagoas</estado>
    <região/>
    <ibge>2704302</ibge>
    <gia/>
    <ddd>82</ddd>
    <siafi>2785</siafi>
  </cep>
  <cep>
    <cep>57071-639</cep>
    <logradouro>Travessa Ivaldo Ferino B</logradouro>
    <complemento>(Tv Sup Ivaldo Ferino 1393)</complemento>
    <unidade/>
    <bairro>Clima Bom</bairro>
    <localidade>Maceió</localidade>
    <uf>AL</uf>
    <estado>Alagoas</estado>
    <região/>
    <ibge>2704302</ibge>
    <gia/>
    <ddd>82</ddd>
    <siafi>2785</siafi>
  </cep>
  <cep>
    <cep>57071-638</cep>
    <logradouro>Condomínio Monitor Walter Gomes</logradouro>
    <complemento/>
    <unidade/>
    <bairro>Clima Bom</bairro>
    <localidade>Maceió</localidade>
    <uf>AL</uf>
    <estado>Alagoas</estado>
    <região/>
    <ibge>2704302</ibge>
    <gia/>
    <ddd>82</ddd>
    <siafi>2785</siafi>
  </cep>
  <cep>
    <cep>57071-640</cep>
    <logradouro>Rua Professor Félix Lima Júnior</logradouro>
    <complemento/>
    <unidade/>
    <bairro>Clima Bom</bairro>
    <localidade>Maceió</localidade>
    <uf>AL</uf>
    <estado>Alagoas</estado>
    <região/>
    <ibge>2704302</ibge>
    <gia/>
    <ddd>82</ddd>
    <siafi>2785</siafi>
  </cep>
  <cep>
    <cep>57071-641</cep>
    <logradouro>2ª Rua Santa Rita</logradouro>
    <complemento/>
    <unidade/>
    <bairro>Clima Bom</bairro>
    <localidade>Maceió</localidade>
    <uf>AL</uf>
    <estado>Alagoas</estado>
    <região/>
    <ibge>2704302</ibge>
    <gia/>
    <ddd>82</ddd>
    <siafi>2785</siafi>
  </cep>
  <cep>
    <cep>57071-663</cep>
    <logradouro>4ª Travessa Padre Cícero</logradouro>
    <complemento/>
    <unidade/>
    <bairro>Clima Bom</bairro>
    <localidade>Maceió</localidade>
    <uf>AL</uf>
    <estado>Alagoas</estado>
    <região/>
    <ibge>2704302</ibge>
    <gia/>
    <ddd>82</ddd>
    <siafi>2785</siafi>
  </cep>
  <cep>
    <cep>57071-665</cep>
    <logradouro>Condomínio Rosa de Saron</logradouro>
    <complemento/>
    <unidade/>
    <bairro>Clima Bom</bairro>
    <localidade>Maceió</localidade>
    <uf>AL</uf>
    <estado>Alagoas</estado>
    <região/>
    <ibge>2704302</ibge>
    <gia/>
    <ddd>82</ddd>
    <siafi>2785</siafi>
  </cep>
  <cep>
    <cep>57071-650</cep>
    <logradouro>Rua Esperança</logradouro>
    <complemento/>
    <unidade/>
    <bairro>Clima Bom</bairro>
    <localidade>Maceió</localidade>
    <uf>AL</uf>
    <estado>Alagoas</estado>
    <região/>
    <ibge>2704302</ibge>
    <gia/>
    <ddd>82</ddd>
    <siafi>2785</siafi>
  </cep>
  <cep>
    <cep>57071-680</cep>
    <logradouro>Rua Zequito Porto</logradouro>
    <complemento/>
    <unidade/>
    <bairro>Clima Bom</bairro>
    <localidade>Maceió</localidade>
    <uf>AL</uf>
    <estado>Alagoas</estado>
    <região/>
    <ibge>2704302</ibge>
    <gia/>
    <ddd>82</ddd>
    <siafi>2785</siafi>
  </cep>
  <cep>
    <cep>57071-668</cep>
    <logradouro>Condomínio Juraci Ramos</logradouro>
    <complemento/>
    <unidade/>
    <bairro>Clima Bom</bairro>
    <localidade>Maceió</localidade>
    <uf>AL</uf>
    <estado>Alagoas</estado>
    <região/>
    <ibge>2704302</ibge>
    <gia/>
    <ddd>82</ddd>
    <siafi>2785</siafi>
  </cep>
  <cep>
    <cep>57071-666</cep>
    <logradouro>Condomínio Petrúcio Maia</logradouro>
    <complemento/>
    <unidade/>
    <bairro>Clima Bom</bairro>
    <localidade>Maceió</localidade>
    <uf>AL</uf>
    <estado>Alagoas</estado>
    <região/>
    <ibge>2704302</ibge>
    <gia/>
    <ddd>82</ddd>
    <siafi>2785</siafi>
  </cep>
  <cep>
    <cep>57071-682</cep>
    <logradouro>Rua Zumbi dos Palmares</logradouro>
    <complemento>(Qd A Cj Rosane Collor)</complemento>
    <unidade/>
    <bairro>Clima Bom</bairro>
    <localidade>Maceió</localidade>
    <uf>AL</uf>
    <estado>Alagoas</estado>
    <região/>
    <ibge>2704302</ibge>
    <gia/>
    <ddd>82</ddd>
    <siafi>2785</siafi>
  </cep>
  <cep>
    <cep>57071-683</cep>
    <logradouro>Quadra B</logradouro>
    <complemento>(Cj Rosane Collor)</complemento>
    <unidade/>
    <bairro>Clima Bom</bairro>
    <localidade>Maceió</localidade>
    <uf>AL</uf>
    <estado>Alagoas</estado>
    <região/>
    <ibge>2704302</ibge>
    <gia/>
    <ddd>82</ddd>
    <siafi>2785</siafi>
  </cep>
  <cep>
    <cep>57071-667</cep>
    <logradouro>Condomínio Santo Eduardo</logradouro>
    <complemento/>
    <unidade/>
    <bairro>Clima Bom</bairro>
    <localidade>Maceió</localidade>
    <uf>AL</uf>
    <estado>Alagoas</estado>
    <região/>
    <ibge>2704302</ibge>
    <gia/>
    <ddd>82</ddd>
    <siafi>2785</siafi>
  </cep>
  <cep>
    <cep>57071-670</cep>
    <logradouro>Rua Tenente Madalena</logradouro>
    <complemento/>
    <unidade/>
    <bairro>Clima Bom</bairro>
    <localidade>Maceió</localidade>
    <uf>AL</uf>
    <estado>Alagoas</estado>
    <região/>
    <ibge>2704302</ibge>
    <gia/>
    <ddd>82</ddd>
    <siafi>2785</siafi>
  </cep>
  <cep>
    <cep>57071-685</cep>
    <logradouro>Quadra D</logradouro>
    <complemento>(Cj Rosane Collor)</complemento>
    <unidade/>
    <bairro>Clima Bom</bairro>
    <localidade>Maceió</localidade>
    <uf>AL</uf>
    <estado>Alagoas</estado>
    <região/>
    <ibge>2704302</ibge>
    <gia/>
    <ddd>82</ddd>
    <siafi>2785</siafi>
  </cep>
  <cep>
    <cep>57071-684</cep>
    <logradouro>Quadra C</logradouro>
    <complemento>(Cj Rosane Collor)</complemento>
    <unidade/>
    <bairro>Clima Bom</bairro>
    <localidade>Maceió</localidade>
    <uf>AL</uf>
    <estado>Alagoas</estado>
    <região/>
    <ibge>2704302</ibge>
    <gia/>
    <ddd>82</ddd>
    <siafi>2785</siafi>
  </cep>
  <cep>
    <cep>57071-686</cep>
    <logradouro>Quadra E</logradouro>
    <complemento>(Cj Rosane Collor)</complemento>
    <unidade/>
    <bairro>Clima Bom</bairro>
    <localidade>Maceió</localidade>
    <uf>AL</uf>
    <estado>Alagoas</estado>
    <região/>
    <ibge>2704302</ibge>
    <gia/>
    <ddd>82</ddd>
    <siafi>2785</siafi>
  </cep>
  <cep>
    <cep>57071-687</cep>
    <logradouro>Quadra F</logradouro>
    <complemento>(Cj Rosane Collor)</complemento>
    <unidade/>
    <bairro>Clima Bom</bairro>
    <localidade>Maceió</localidade>
    <uf>AL</uf>
    <estado>Alagoas</estado>
    <região/>
    <ibge>2704302</ibge>
    <gia/>
    <ddd>82</ddd>
    <siafi>2785</siafi>
  </cep>
  <cep>
    <cep>57071-689</cep>
    <logradouro>Quadra H</logradouro>
    <complemento>(Cj Rosane Collor)</complemento>
    <unidade/>
    <bairro>Clima Bom</bairro>
    <localidade>Maceió</localidade>
    <uf>AL</uf>
    <estado>Alagoas</estado>
    <região/>
    <ibge>2704302</ibge>
    <gia/>
    <ddd>82</ddd>
    <siafi>2785</siafi>
  </cep>
  <cep>
    <cep>57071-688</cep>
    <logradouro>Rua Projetada</logradouro>
    <complemento>(Qd G-M Cj Rosane Collor)</complemento>
    <unidade/>
    <bairro>Clima Bom</bairro>
    <localidade>Maceió</localidade>
    <uf>AL</uf>
    <estado>Alagoas</estado>
    <região/>
    <ibge>2704302</ibge>
    <gia/>
    <ddd>82</ddd>
    <siafi>2785</siafi>
  </cep>
  <cep>
    <cep>57071-700</cep>
    <logradouro>Rua Supervisor Ivaldo Ferino</logradouro>
    <complemento/>
    <unidade/>
    <bairro>Clima Bom</bairro>
    <localidade>Maceió</localidade>
    <uf>AL</uf>
    <estado>Alagoas</estado>
    <região/>
    <ibge>2704302</ibge>
    <gia/>
    <ddd>82</ddd>
    <siafi>2785</siafi>
  </cep>
  <cep>
    <cep>57071-690</cep>
    <logradouro>Quadra I</logradouro>
    <complemento>(Cj Rosane Collor)</complemento>
    <unidade/>
    <bairro>Clima Bom</bairro>
    <localidade>Maceió</localidade>
    <uf>AL</uf>
    <estado>Alagoas</estado>
    <região/>
    <ibge>2704302</ibge>
    <gia/>
    <ddd>82</ddd>
    <siafi>2785</siafi>
  </cep>
  <cep>
    <cep>57071-692</cep>
    <logradouro>Quadra K</logradouro>
    <complemento>(Cj Rosane Collor)</complemento>
    <unidade/>
    <bairro>Clima Bom</bairro>
    <localidade>Maceió</localidade>
    <uf>AL</uf>
    <estado>Alagoas</estado>
    <região/>
    <ibge>2704302</ibge>
    <gia/>
    <ddd>82</ddd>
    <siafi>2785</siafi>
  </cep>
  <cep>
    <cep>57071-701</cep>
    <logradouro>1ª Travessa da Floresta</logradouro>
    <complemento/>
    <unidade/>
    <bairro>Clima Bom</bairro>
    <localidade>Maceió</localidade>
    <uf>AL</uf>
    <estado>Alagoas</estado>
    <região/>
    <ibge>2704302</ibge>
    <gia/>
    <ddd>82</ddd>
    <siafi>2785</siafi>
  </cep>
  <cep>
    <cep>57071-704</cep>
    <logradouro>4ª Travessa da Floresta</logradouro>
    <complemento/>
    <unidade/>
    <bairro>Clima Bom</bairro>
    <localidade>Maceió</localidade>
    <uf>AL</uf>
    <estado>Alagoas</estado>
    <região/>
    <ibge>2704302</ibge>
    <gia/>
    <ddd>82</ddd>
    <siafi>2785</siafi>
  </cep>
  <cep>
    <cep>57071-693</cep>
    <logradouro>Quadra L</logradouro>
    <complemento>(Cj Rosane Collor)</complemento>
    <unidade/>
    <bairro>Clima Bom</bairro>
    <localidade>Maceió</localidade>
    <uf>AL</uf>
    <estado>Alagoas</estado>
    <região/>
    <ibge>2704302</ibge>
    <gia/>
    <ddd>82</ddd>
    <siafi>2785</siafi>
  </cep>
  <cep>
    <cep>57071-702</cep>
    <logradouro>2ª Travessa da Floresta</logradouro>
    <complemento/>
    <unidade/>
    <bairro>Clima Bom</bairro>
    <localidade>Maceió</localidade>
    <uf>AL</uf>
    <estado>Alagoas</estado>
    <região/>
    <ibge>2704302</ibge>
    <gia/>
    <ddd>82</ddd>
    <siafi>2785</siafi>
  </cep>
  <cep>
    <cep>57071-703</cep>
    <logradouro>3ª Travessa da Floresta</logradouro>
    <complemento/>
    <unidade/>
    <bairro>Clima Bom</bairro>
    <localidade>Maceió</localidade>
    <uf>AL</uf>
    <estado>Alagoas</estado>
    <região/>
    <ibge>2704302</ibge>
    <gia/>
    <ddd>82</ddd>
    <siafi>2785</siafi>
  </cep>
  <cep>
    <cep>57071-705</cep>
    <logradouro>5ª Travessa da Floresta</logradouro>
    <complemento/>
    <unidade/>
    <bairro>Clima Bom</bairro>
    <localidade>Maceió</localidade>
    <uf>AL</uf>
    <estado>Alagoas</estado>
    <região/>
    <ibge>2704302</ibge>
    <gia/>
    <ddd>82</ddd>
    <siafi>2785</siafi>
  </cep>
  <cep>
    <cep>57071-691</cep>
    <logradouro>Quadra J</logradouro>
    <complemento>(Cj Rosane Collor)</complemento>
    <unidade/>
    <bairro>Clima Bom</bairro>
    <localidade>Maceió</localidade>
    <uf>AL</uf>
    <estado>Alagoas</estado>
    <região/>
    <ibge>2704302</ibge>
    <gia/>
    <ddd>82</ddd>
    <siafi>2785</siafi>
  </cep>
  <cep>
    <cep>57071-706</cep>
    <logradouro>6ª Travessa da Floresta</logradouro>
    <complemento/>
    <unidade/>
    <bairro>Clima Bom</bairro>
    <localidade>Maceió</localidade>
    <uf>AL</uf>
    <estado>Alagoas</estado>
    <região/>
    <ibge>2704302</ibge>
    <gia/>
    <ddd>82</ddd>
    <siafi>2785</siafi>
  </cep>
  <cep>
    <cep>57071-707</cep>
    <logradouro>1ª Travessa Ivaldo Ferino</logradouro>
    <complemento>(Tv Sup Ivaldo Ferino 1275)</complemento>
    <unidade/>
    <bairro>Clima Bom</bairro>
    <localidade>Maceió</localidade>
    <uf>AL</uf>
    <estado>Alagoas</estado>
    <região/>
    <ibge>2704302</ibge>
    <gia/>
    <ddd>82</ddd>
    <siafi>2785</siafi>
  </cep>
  <cep>
    <cep>57071-711</cep>
    <logradouro>5ª Travessa Ivaldo Ferino</logradouro>
    <complemento>(Tv Sup Ivaldo Ferino 1433)</complemento>
    <unidade/>
    <bairro>Clima Bom</bairro>
    <localidade>Maceió</localidade>
    <uf>AL</uf>
    <estado>Alagoas</estado>
    <região/>
    <ibge>2704302</ibge>
    <gia/>
    <ddd>82</ddd>
    <siafi>2785</siafi>
  </cep>
  <cep>
    <cep>57071-732</cep>
    <logradouro>Rua São Prudêncio</logradouro>
    <complemento/>
    <unidade/>
    <bairro>Clima Bom</bairro>
    <localidade>Maceió</localidade>
    <uf>AL</uf>
    <estado>Alagoas</estado>
    <região/>
    <ibge>2704302</ibge>
    <gia/>
    <ddd>82</ddd>
    <siafi>2785</siafi>
  </cep>
  <cep>
    <cep>57071-753</cep>
    <logradouro>Travessa Calibri</logradouro>
    <complemento/>
    <unidade/>
    <bairro>Clima Bom</bairro>
    <localidade>Maceió</localidade>
    <uf>AL</uf>
    <estado>Alagoas</estado>
    <região/>
    <ibge>2704302</ibge>
    <gia/>
    <ddd>82</ddd>
    <siafi>2785</siafi>
  </cep>
  <cep>
    <cep>57071-720</cep>
    <logradouro>Rua Dona Deusdete Bernardes</logradouro>
    <complemento/>
    <unidade/>
    <bairro>Clima Bom</bairro>
    <localidade>Maceió</localidade>
    <uf>AL</uf>
    <estado>Alagoas</estado>
    <região/>
    <ibge>2704302</ibge>
    <gia/>
    <ddd>82</ddd>
    <siafi>2785</siafi>
  </cep>
  <cep>
    <cep>57071-734</cep>
    <logradouro>Rua Doutor Luiz Jorge</logradouro>
    <complemento/>
    <unidade/>
    <bairro>Clima Bom</bairro>
    <localidade>Maceió</localidade>
    <uf>AL</uf>
    <estado>Alagoas</estado>
    <região/>
    <ibge>2704302</ibge>
    <gia/>
    <ddd>82</ddd>
    <siafi>2785</siafi>
  </cep>
  <cep>
    <cep>57071-763</cep>
    <logradouro>Travessa Eronildes de Oliveira</logradouro>
    <complemento/>
    <unidade/>
    <bairro>Clima Bom</bairro>
    <localidade>Maceió</localidade>
    <uf>AL</uf>
    <estado>Alagoas</estado>
    <região/>
    <ibge>2704302</ibge>
    <gia/>
    <ddd>82</ddd>
    <siafi>2785</siafi>
  </cep>
  <cep>
    <cep>57071-709</cep>
    <logradouro>3ª Travessa Ivaldo Ferino</logradouro>
    <complemento/>
    <unidade/>
    <bairro>Clima Bom</bairro>
    <localidade>Maceió</localidade>
    <uf>AL</uf>
    <estado>Alagoas</estado>
    <região/>
    <ibge>2704302</ibge>
    <gia/>
    <ddd>82</ddd>
    <siafi>2785</siafi>
  </cep>
  <cep>
    <cep>57071-751</cep>
    <logradouro>Condomínio São Domingos</logradouro>
    <complemento/>
    <unidade/>
    <bairro>Clima Bom</bairro>
    <localidade>Maceió</localidade>
    <uf>AL</uf>
    <estado>Alagoas</estado>
    <região/>
    <ibge>2704302</ibge>
    <gia/>
    <ddd>82</ddd>
    <siafi>2785</siafi>
  </cep>
  <cep>
    <cep>57071-754</cep>
    <logradouro>Travessa Ribeiro Lins</logradouro>
    <complemento/>
    <unidade/>
    <bairro>Clima Bom</bairro>
    <localidade>Maceió</localidade>
    <uf>AL</uf>
    <estado>Alagoas</estado>
    <região/>
    <ibge>2704302</ibge>
    <gia/>
    <ddd>82</ddd>
    <siafi>2785</siafi>
  </cep>
  <cep>
    <cep>57071-764</cep>
    <logradouro>Rua São Gabriel</logradouro>
    <complemento/>
    <unidade/>
    <bairro>Clima Bom</bairro>
    <localidade>Maceió</localidade>
    <uf>AL</uf>
    <estado>Alagoas</estado>
    <região/>
    <ibge>2704302</ibge>
    <gia/>
    <ddd>82</ddd>
    <siafi>2785</siafi>
  </cep>
  <cep>
    <cep>57071-768</cep>
    <logradouro>Rua São Cristovão</logradouro>
    <complemento/>
    <unidade/>
    <bairro>Clima Bom</bairro>
    <localidade>Maceió</localidade>
    <uf>AL</uf>
    <estado>Alagoas</estado>
    <região/>
    <ibge>2704302</ibge>
    <gia/>
    <ddd>82</ddd>
    <siafi>2785</siafi>
  </cep>
  <cep>
    <cep>57071-752</cep>
    <logradouro>Rua Santa Sofia</logradouro>
    <complemento/>
    <unidade/>
    <bairro>Clima Bom</bairro>
    <localidade>Maceió</localidade>
    <uf>AL</uf>
    <estado>Alagoas</estado>
    <região/>
    <ibge>2704302</ibge>
    <gia/>
    <ddd>82</ddd>
    <siafi>2785</siafi>
  </cep>
  <cep>
    <cep>57071-718</cep>
    <logradouro>Rua Orlando Pugliese</logradouro>
    <complemento/>
    <unidade/>
    <bairro>Clima Bom</bairro>
    <localidade>Maceió</localidade>
    <uf>AL</uf>
    <estado>Alagoas</estado>
    <região/>
    <ibge>2704302</ibge>
    <gia/>
    <ddd>82</ddd>
    <siafi>2785</siafi>
  </cep>
  <cep>
    <cep>57071-750</cep>
    <logradouro>Rua Antônio Vomorat</logradouro>
    <complemento/>
    <unidade/>
    <bairro>Clima Bom</bairro>
    <localidade>Maceió</localidade>
    <uf>AL</uf>
    <estado>Alagoas</estado>
    <região/>
    <ibge>2704302</ibge>
    <gia/>
    <ddd>82</ddd>
    <siafi>2785</siafi>
  </cep>
  <cep>
    <cep>57071-766</cep>
    <logradouro>Rua São Francisco</logradouro>
    <complemento/>
    <unidade/>
    <bairro>Clima Bom</bairro>
    <localidade>Maceió</localidade>
    <uf>AL</uf>
    <estado>Alagoas</estado>
    <região/>
    <ibge>2704302</ibge>
    <gia/>
    <ddd>82</ddd>
    <siafi>2785</siafi>
  </cep>
  <cep>
    <cep>57071-762</cep>
    <logradouro>Travessa Girassol</logradouro>
    <complemento/>
    <unidade/>
    <bairro>Clima Bom</bairro>
    <localidade>Maceió</localidade>
    <uf>AL</uf>
    <estado>Alagoas</estado>
    <região/>
    <ibge>2704302</ibge>
    <gia/>
    <ddd>82</ddd>
    <siafi>2785</siafi>
  </cep>
  <cep>
    <cep>57071-749</cep>
    <logradouro>Condomínio Beija-Flor</logradouro>
    <complemento/>
    <unidade/>
    <bairro>Clima Bom</bairro>
    <localidade>Maceió</localidade>
    <uf>AL</uf>
    <estado>Alagoas</estado>
    <região/>
    <ibge>2704302</ibge>
    <gia/>
    <ddd>82</ddd>
    <siafi>2785</siafi>
  </cep>
  <cep>
    <cep>57071-765</cep>
    <logradouro>2ª Travessa Eroni de Oliveira</logradouro>
    <complemento/>
    <unidade/>
    <bairro>Clima Bom</bairro>
    <localidade>Maceió</localidade>
    <uf>AL</uf>
    <estado>Alagoas</estado>
    <região/>
    <ibge>2704302</ibge>
    <gia/>
    <ddd>82</ddd>
    <siafi>2785</siafi>
  </cep>
  <cep>
    <cep>57071-722</cep>
    <logradouro>Rua Padre Cabral</logradouro>
    <complemento/>
    <unidade/>
    <bairro>Clima Bom</bairro>
    <localidade>Maceió</localidade>
    <uf>AL</uf>
    <estado>Alagoas</estado>
    <região/>
    <ibge>2704302</ibge>
    <gia/>
    <ddd>82</ddd>
    <siafi>2785</siafi>
  </cep>
  <cep>
    <cep>57071-708</cep>
    <logradouro>2ª Travessa Ivaldo Ferino</logradouro>
    <complemento>(Tv Sup Ivaldo Ferino 1271)</complemento>
    <unidade/>
    <bairro>Clima Bom</bairro>
    <localidade>Maceió</localidade>
    <uf>AL</uf>
    <estado>Alagoas</estado>
    <região/>
    <ibge>2704302</ibge>
    <gia/>
    <ddd>82</ddd>
    <siafi>2785</siafi>
  </cep>
  <cep>
    <cep>57071-772</cep>
    <logradouro>4ª Travessa Natal</logradouro>
    <complemento/>
    <unidade/>
    <bairro>Clima Bom</bairro>
    <localidade>Maceió</localidade>
    <uf>AL</uf>
    <estado>Alagoas</estado>
    <região/>
    <ibge>2704302</ibge>
    <gia/>
    <ddd>82</ddd>
    <siafi>2785</siafi>
  </cep>
  <cep>
    <cep>57071-771</cep>
    <logradouro>Rua Santa Quitéria</logradouro>
    <complemento/>
    <unidade/>
    <bairro>Clima Bom</bairro>
    <localidade>Maceió</localidade>
    <uf>AL</uf>
    <estado>Alagoas</estado>
    <região/>
    <ibge>2704302</ibge>
    <gia/>
    <ddd>82</ddd>
    <siafi>2785</siafi>
  </cep>
  <cep>
    <cep>57071-774</cep>
    <logradouro>7ª Travessa Boa Vista</logradouro>
    <complemento/>
    <unidade/>
    <bairro>Clima Bom</bairro>
    <localidade>Maceió</localidade>
    <uf>AL</uf>
    <estado>Alagoas</estado>
    <região/>
    <ibge>2704302</ibge>
    <gia/>
    <ddd>82</ddd>
    <siafi>2785</siafi>
  </cep>
  <cep>
    <cep>57071-776</cep>
    <logradouro>1ª Travessa Natal</logradouro>
    <complemento/>
    <unidade/>
    <bairro>Clima Bom</bairro>
    <localidade>Maceió</localidade>
    <uf>AL</uf>
    <estado>Alagoas</estado>
    <região/>
    <ibge>2704302</ibge>
    <gia/>
    <ddd>82</ddd>
    <siafi>2785</siafi>
  </cep>
  <cep>
    <cep>57071-773</cep>
    <logradouro>Rua Doutor Antônio de Brito</logradouro>
    <complemento/>
    <unidade/>
    <bairro>Clima Bom</bairro>
    <localidade>Maceió</localidade>
    <uf>AL</uf>
    <estado>Alagoas</estado>
    <região/>
    <ibge>2704302</ibge>
    <gia/>
    <ddd>82</ddd>
    <siafi>2785</siafi>
  </cep>
  <cep>
    <cep>57071-779</cep>
    <logradouro>Rua Freitas</logradouro>
    <complemento/>
    <unidade/>
    <bairro>Clima Bom</bairro>
    <localidade>Maceió</localidade>
    <uf>AL</uf>
    <estado>Alagoas</estado>
    <região/>
    <ibge>2704302</ibge>
    <gia/>
    <ddd>82</ddd>
    <siafi>2785</siafi>
  </cep>
  <cep>
    <cep>57071-778</cep>
    <logradouro>3ª Travessa Natal</logradouro>
    <complemento/>
    <unidade/>
    <bairro>Clima Bom</bairro>
    <localidade>Maceió</localidade>
    <uf>AL</uf>
    <estado>Alagoas</estado>
    <região/>
    <ibge>2704302</ibge>
    <gia/>
    <ddd>82</ddd>
    <siafi>2785</siafi>
  </cep>
  <cep>
    <cep>57071-760</cep>
    <logradouro>Rua Luis Pitombo Laranjeiras</logradouro>
    <complemento/>
    <unidade/>
    <bairro>Clima Bom</bairro>
    <localidade>Maceió</localidade>
    <uf>AL</uf>
    <estado>Alagoas</estado>
    <região/>
    <ibge>2704302</ibge>
    <gia/>
    <ddd>82</ddd>
    <siafi>2785</siafi>
  </cep>
  <cep>
    <cep>57071-781</cep>
    <logradouro>Rua José Lima</logradouro>
    <complemento/>
    <unidade/>
    <bairro>Clima Bom</bairro>
    <localidade>Maceió</localidade>
    <uf>AL</uf>
    <estado>Alagoas</estado>
    <região/>
    <ibge>2704302</ibge>
    <gia/>
    <ddd>82</ddd>
    <siafi>2785</siafi>
  </cep>
  <cep>
    <cep>57071-730</cep>
    <logradouro>Rua Dois Irmãos</logradouro>
    <complemento/>
    <unidade/>
    <bairro>Clima Bom</bairro>
    <localidade>Maceió</localidade>
    <uf>AL</uf>
    <estado>Alagoas</estado>
    <região/>
    <ibge>2704302</ibge>
    <gia/>
    <ddd>82</ddd>
    <siafi>2785</siafi>
  </cep>
  <cep>
    <cep>57071-756</cep>
    <logradouro>Rua Santa Tereza</logradouro>
    <complemento/>
    <unidade/>
    <bairro>Clima Bom</bairro>
    <localidade>Maceió</localidade>
    <uf>AL</uf>
    <estado>Alagoas</estado>
    <região/>
    <ibge>2704302</ibge>
    <gia/>
    <ddd>82</ddd>
    <siafi>2785</siafi>
  </cep>
  <cep>
    <cep>57071-777</cep>
    <logradouro>2ª Travessa Natal</logradouro>
    <complemento/>
    <unidade/>
    <bairro>Clima Bom</bairro>
    <localidade>Maceió</localidade>
    <uf>AL</uf>
    <estado>Alagoas</estado>
    <região/>
    <ibge>2704302</ibge>
    <gia/>
    <ddd>82</ddd>
    <siafi>2785</siafi>
  </cep>
  <cep>
    <cep>57071-717</cep>
    <logradouro>4ª Travessa Ivaldo Ferino</logradouro>
    <complemento/>
    <unidade/>
    <bairro>Clima Bom</bairro>
    <localidade>Maceió</localidade>
    <uf>AL</uf>
    <estado>Alagoas</estado>
    <região/>
    <ibge>2704302</ibge>
    <gia/>
    <ddd>82</ddd>
    <siafi>2785</siafi>
  </cep>
  <cep>
    <cep>57071-748</cep>
    <logradouro>Condomínio Paraíso</logradouro>
    <complemento/>
    <unidade/>
    <bairro>Clima Bom</bairro>
    <localidade>Maceió</localidade>
    <uf>AL</uf>
    <estado>Alagoas</estado>
    <região/>
    <ibge>2704302</ibge>
    <gia/>
    <ddd>82</ddd>
    <siafi>2785</siafi>
  </cep>
  <cep>
    <cep>57071-775</cep>
    <logradouro>Rua Natal</logradouro>
    <complemento/>
    <unidade/>
    <bairro>Clima Bom</bairro>
    <localidade>Maceió</localidade>
    <uf>AL</uf>
    <estado>Alagoas</estado>
    <região/>
    <ibge>2704302</ibge>
    <gia/>
    <ddd>82</ddd>
    <siafi>2785</siafi>
  </cep>
  <cep>
    <cep>57071-790</cep>
    <logradouro>Rua Bom Jesus</logradouro>
    <complemento/>
    <unidade/>
    <bairro>Clima Bom</bairro>
    <localidade>Maceió</localidade>
    <uf>AL</uf>
    <estado>Alagoas</estado>
    <região/>
    <ibge>2704302</ibge>
    <gia/>
    <ddd>82</ddd>
    <siafi>2785</siafi>
  </cep>
  <cep>
    <cep>57071-792</cep>
    <logradouro>3ª Travessa Bom Jesus</logradouro>
    <complemento/>
    <unidade/>
    <bairro>Clima Bom</bairro>
    <localidade>Maceió</localidade>
    <uf>AL</uf>
    <estado>Alagoas</estado>
    <região/>
    <ibge>2704302</ibge>
    <gia/>
    <ddd>82</ddd>
    <siafi>2785</siafi>
  </cep>
  <cep>
    <cep>57071-791</cep>
    <logradouro>2ª Travessa Bom Jesus</logradouro>
    <complemento/>
    <unidade/>
    <bairro>Clima Bom</bairro>
    <localidade>Maceió</localidade>
    <uf>AL</uf>
    <estado>Alagoas</estado>
    <região/>
    <ibge>2704302</ibge>
    <gia/>
    <ddd>82</ddd>
    <siafi>2785</siafi>
  </cep>
  <cep>
    <cep>57071-793</cep>
    <logradouro>4ª Travessa Bom Jesus</logradouro>
    <complemento/>
    <unidade/>
    <bairro>Clima Bom</bairro>
    <localidade>Maceió</localidade>
    <uf>AL</uf>
    <estado>Alagoas</estado>
    <região/>
    <ibge>2704302</ibge>
    <gia/>
    <ddd>82</ddd>
    <siafi>2785</siafi>
  </cep>
  <cep>
    <cep>57071-794</cep>
    <logradouro>5ª Travessa Bom Jesus</logradouro>
    <complemento/>
    <unidade/>
    <bairro>Clima Bom</bairro>
    <localidade>Maceió</localidade>
    <uf>AL</uf>
    <estado>Alagoas</estado>
    <região/>
    <ibge>2704302</ibge>
    <gia/>
    <ddd>82</ddd>
    <siafi>2785</siafi>
  </cep>
  <cep>
    <cep>57071-795</cep>
    <logradouro>1ª Travessa Bom Jesus</logradouro>
    <complemento/>
    <unidade/>
    <bairro>Clima Bom</bairro>
    <localidade>Maceió</localidade>
    <uf>AL</uf>
    <estado>Alagoas</estado>
    <região/>
    <ibge>2704302</ibge>
    <gia/>
    <ddd>82</ddd>
    <siafi>2785</siafi>
  </cep>
  <cep>
    <cep>57071-802</cep>
    <logradouro>Rua China</logradouro>
    <complemento/>
    <unidade/>
    <bairro>Clima Bom</bairro>
    <localidade>Maceió</localidade>
    <uf>AL</uf>
    <estado>Alagoas</estado>
    <região/>
    <ibge>2704302</ibge>
    <gia/>
    <ddd>82</ddd>
    <siafi>2785</siafi>
  </cep>
  <cep>
    <cep>57071-796</cep>
    <logradouro>6ª Travessa Bom Jesus</logradouro>
    <complemento/>
    <unidade/>
    <bairro>Clima Bom</bairro>
    <localidade>Maceió</localidade>
    <uf>AL</uf>
    <estado>Alagoas</estado>
    <região/>
    <ibge>2704302</ibge>
    <gia/>
    <ddd>82</ddd>
    <siafi>2785</siafi>
  </cep>
  <cep>
    <cep>57071-804</cep>
    <logradouro>Rua Índia</logradouro>
    <complemento/>
    <unidade/>
    <bairro>Clima Bom</bairro>
    <localidade>Maceió</localidade>
    <uf>AL</uf>
    <estado>Alagoas</estado>
    <região/>
    <ibge>2704302</ibge>
    <gia/>
    <ddd>82</ddd>
    <siafi>2785</siafi>
  </cep>
  <cep>
    <cep>57071-798</cep>
    <logradouro>8ª Travessa Bom Jesus</logradouro>
    <complemento/>
    <unidade/>
    <bairro>Clima Bom</bairro>
    <localidade>Maceió</localidade>
    <uf>AL</uf>
    <estado>Alagoas</estado>
    <região/>
    <ibge>2704302</ibge>
    <gia/>
    <ddd>82</ddd>
    <siafi>2785</siafi>
  </cep>
  <cep>
    <cep>57071-801</cep>
    <logradouro>10ª Travessa Bom Jesus</logradouro>
    <complemento/>
    <unidade/>
    <bairro>Clima Bom</bairro>
    <localidade>Maceió</localidade>
    <uf>AL</uf>
    <estado>Alagoas</estado>
    <região/>
    <ibge>2704302</ibge>
    <gia/>
    <ddd>82</ddd>
    <siafi>2785</siafi>
  </cep>
  <cep>
    <cep>57071-799</cep>
    <logradouro>9ª Travessa Bom Jesus</logradouro>
    <complemento/>
    <unidade/>
    <bairro>Clima Bom</bairro>
    <localidade>Maceió</localidade>
    <uf>AL</uf>
    <estado>Alagoas</estado>
    <região/>
    <ibge>2704302</ibge>
    <gia/>
    <ddd>82</ddd>
    <siafi>2785</siafi>
  </cep>
  <cep>
    <cep>57071-797</cep>
    <logradouro>Travessa Bom Jesus VII</logradouro>
    <complemento/>
    <unidade/>
    <bairro>Clima Bom</bairro>
    <localidade>Maceió</localidade>
    <uf>AL</uf>
    <estado>Alagoas</estado>
    <região/>
    <ibge>2704302</ibge>
    <gia/>
    <ddd>82</ddd>
    <siafi>2785</siafi>
  </cep>
  <cep>
    <cep>57071-806</cep>
    <logradouro>Rua África do Sul</logradouro>
    <complemento/>
    <unidade/>
    <bairro>Clima Bom</bairro>
    <localidade>Maceió</localidade>
    <uf>AL</uf>
    <estado>Alagoas</estado>
    <região/>
    <ibge>2704302</ibge>
    <gia/>
    <ddd>82</ddd>
    <siafi>2785</siafi>
  </cep>
  <cep>
    <cep>57071-807</cep>
    <logradouro>Travessa Jerusálem B</logradouro>
    <complemento/>
    <unidade/>
    <bairro>Clima Bom</bairro>
    <localidade>Maceió</localidade>
    <uf>AL</uf>
    <estado>Alagoas</estado>
    <região/>
    <ibge>2704302</ibge>
    <gia/>
    <ddd>82</ddd>
    <siafi>2785</siafi>
  </cep>
  <cep>
    <cep>57071-808</cep>
    <logradouro>Rua el Salvador</logradouro>
    <complemento/>
    <unidade/>
    <bairro>Clima Bom</bairro>
    <localidade>Maceió</localidade>
    <uf>AL</uf>
    <estado>Alagoas</estado>
    <região/>
    <ibge>2704302</ibge>
    <gia/>
    <ddd>82</ddd>
    <siafi>2785</siafi>
  </cep>
  <cep>
    <cep>57071-809</cep>
    <logradouro>Rua Vieira de Andrade</logradouro>
    <complemento/>
    <unidade/>
    <bairro>Clima Bom</bairro>
    <localidade>Maceió</localidade>
    <uf>AL</uf>
    <estado>Alagoas</estado>
    <região/>
    <ibge>2704302</ibge>
    <gia/>
    <ddd>82</ddd>
    <siafi>2785</siafi>
  </cep>
  <cep>
    <cep>57071-817</cep>
    <logradouro>Travessa Muniz Falcão 2-A</logradouro>
    <complemento/>
    <unidade/>
    <bairro>Clima Bom</bairro>
    <localidade>Maceió</localidade>
    <uf>AL</uf>
    <estado>Alagoas</estado>
    <região/>
    <ibge>2704302</ibge>
    <gia/>
    <ddd>82</ddd>
    <siafi>2785</siafi>
  </cep>
  <cep>
    <cep>57071-832</cep>
    <logradouro>Rua Malásia</logradouro>
    <complemento/>
    <unidade/>
    <bairro>Clima Bom</bairro>
    <localidade>Maceió</localidade>
    <uf>AL</uf>
    <estado>Alagoas</estado>
    <região/>
    <ibge>2704302</ibge>
    <gia/>
    <ddd>82</ddd>
    <siafi>2785</siafi>
  </cep>
  <cep>
    <cep>57071-847</cep>
    <logradouro>12ª Travessa da Saudade</logradouro>
    <complemento/>
    <unidade/>
    <bairro>Clima Bom</bairro>
    <localidade>Maceió</localidade>
    <uf>AL</uf>
    <estado>Alagoas</estado>
    <região/>
    <ibge>2704302</ibge>
    <gia/>
    <ddd>82</ddd>
    <siafi>2785</siafi>
  </cep>
  <cep>
    <cep>57071-862</cep>
    <logradouro>Rua França</logradouro>
    <complemento/>
    <unidade/>
    <bairro>Clima Bom</bairro>
    <localidade>Maceió</localidade>
    <uf>AL</uf>
    <estado>Alagoas</estado>
    <região/>
    <ibge>2704302</ibge>
    <gia/>
    <ddd>82</ddd>
    <siafi>2785</siafi>
  </cep>
  <cep>
    <cep>57071-860</cep>
    <logradouro>Rua Filadélfia</logradouro>
    <complemento/>
    <unidade/>
    <bairro>Clima Bom</bairro>
    <localidade>Maceió</localidade>
    <uf>AL</uf>
    <estado>Alagoas</estado>
    <região/>
    <ibge>2704302</ibge>
    <gia/>
    <ddd>82</ddd>
    <siafi>2785</siafi>
  </cep>
  <cep>
    <cep>57071-871</cep>
    <logradouro>Rua Goiás</logradouro>
    <complemento/>
    <unidade/>
    <bairro>Clima Bom</bairro>
    <localidade>Maceió</localidade>
    <uf>AL</uf>
    <estado>Alagoas</estado>
    <região/>
    <ibge>2704302</ibge>
    <gia/>
    <ddd>82</ddd>
    <siafi>2785</siafi>
  </cep>
  <cep>
    <cep>57071-824</cep>
    <logradouro>5ª Travessa da Alegria</logradouro>
    <complemento/>
    <unidade/>
    <bairro>Clima Bom</bairro>
    <localidade>Maceió</localidade>
    <uf>AL</uf>
    <estado>Alagoas</estado>
    <região/>
    <ibge>2704302</ibge>
    <gia/>
    <ddd>82</ddd>
    <siafi>2785</siafi>
  </cep>
  <cep>
    <cep>57071-827</cep>
    <logradouro>6ª Travessa da Alegria</logradouro>
    <complemento/>
    <unidade/>
    <bairro>Clima Bom</bairro>
    <localidade>Maceió</localidade>
    <uf>AL</uf>
    <estado>Alagoas</estado>
    <região/>
    <ibge>2704302</ibge>
    <gia/>
    <ddd>82</ddd>
    <siafi>2785</siafi>
  </cep>
  <cep>
    <cep>57071-861</cep>
    <logradouro>Rua Sebastião Marino de Oliveira</logradouro>
    <complemento/>
    <unidade/>
    <bairro>Clima Bom</bairro>
    <localidade>Maceió</localidade>
    <uf>AL</uf>
    <estado>Alagoas</estado>
    <região/>
    <ibge>2704302</ibge>
    <gia/>
    <ddd>82</ddd>
    <siafi>2785</siafi>
  </cep>
  <cep>
    <cep>57071-814</cep>
    <logradouro>Rua Marrocos</logradouro>
    <complemento/>
    <unidade/>
    <bairro>Clima Bom</bairro>
    <localidade>Maceió</localidade>
    <uf>AL</uf>
    <estado>Alagoas</estado>
    <região/>
    <ibge>2704302</ibge>
    <gia/>
    <ddd>82</ddd>
    <siafi>2785</siafi>
  </cep>
  <cep>
    <cep>57071-869</cep>
    <logradouro>Rua Eduardo Gomes</logradouro>
    <complemento/>
    <unidade/>
    <bairro>Clima Bom</bairro>
    <localidade>Maceió</localidade>
    <uf>AL</uf>
    <estado>Alagoas</estado>
    <região/>
    <ibge>2704302</ibge>
    <gia/>
    <ddd>82</ddd>
    <siafi>2785</siafi>
  </cep>
  <cep>
    <cep>57071-855</cep>
    <logradouro>Rua Vaticano</logradouro>
    <complemento/>
    <unidade/>
    <bairro>Clima Bom</bairro>
    <localidade>Maceió</localidade>
    <uf>AL</uf>
    <estado>Alagoas</estado>
    <região/>
    <ibge>2704302</ibge>
    <gia/>
    <ddd>82</ddd>
    <siafi>2785</siafi>
  </cep>
  <cep>
    <cep>57071-857</cep>
    <logradouro>Rua Alemanha</logradouro>
    <complemento/>
    <unidade/>
    <bairro>Clima Bom</bairro>
    <localidade>Maceió</localidade>
    <uf>AL</uf>
    <estado>Alagoas</estado>
    <região/>
    <ibge>2704302</ibge>
    <gia/>
    <ddd>82</ddd>
    <siafi>2785</siafi>
  </cep>
  <cep>
    <cep>57071-865</cep>
    <logradouro>Condomínio da Paz</logradouro>
    <complemento/>
    <unidade/>
    <bairro>Clima Bom</bairro>
    <localidade>Maceió</localidade>
    <uf>AL</uf>
    <estado>Alagoas</estado>
    <região/>
    <ibge>2704302</ibge>
    <gia/>
    <ddd>82</ddd>
    <siafi>2785</siafi>
  </cep>
  <cep>
    <cep>57071-858</cep>
    <logradouro>Rua Polônia</logradouro>
    <complemento/>
    <unidade/>
    <bairro>Clima Bom</bairro>
    <localidade>Maceió</localidade>
    <uf>AL</uf>
    <estado>Alagoas</estado>
    <região/>
    <ibge>2704302</ibge>
    <gia/>
    <ddd>82</ddd>
    <siafi>2785</siafi>
  </cep>
  <cep>
    <cep>57071-825</cep>
    <logradouro>Rua Iraque</logradouro>
    <complemento/>
    <unidade/>
    <bairro>Clima Bom</bairro>
    <localidade>Maceió</localidade>
    <uf>AL</uf>
    <estado>Alagoas</estado>
    <região/>
    <ibge>2704302</ibge>
    <gia/>
    <ddd>82</ddd>
    <siafi>2785</siafi>
  </cep>
  <cep>
    <cep>57071-846</cep>
    <logradouro>Rua Áustria</logradouro>
    <complemento/>
    <unidade/>
    <bairro>Clima Bom</bairro>
    <localidade>Maceió</localidade>
    <uf>AL</uf>
    <estado>Alagoas</estado>
    <região/>
    <ibge>2704302</ibge>
    <gia/>
    <ddd>82</ddd>
    <siafi>2785</siafi>
  </cep>
  <cep>
    <cep>57071-830</cep>
    <logradouro>Rua Ernani Marinho</logradouro>
    <complemento/>
    <unidade/>
    <bairro>Clima Bom</bairro>
    <localidade>Maceió</localidade>
    <uf>AL</uf>
    <estado>Alagoas</estado>
    <região/>
    <ibge>2704302</ibge>
    <gia/>
    <ddd>82</ddd>
    <siafi>2785</siafi>
  </cep>
  <cep>
    <cep>57071-849</cep>
    <logradouro>13ª Travessa da Saudade</logradouro>
    <complemento/>
    <unidade/>
    <bairro>Clima Bom</bairro>
    <localidade>Maceió</localidade>
    <uf>AL</uf>
    <estado>Alagoas</estado>
    <região/>
    <ibge>2704302</ibge>
    <gia/>
    <ddd>82</ddd>
    <siafi>2785</siafi>
  </cep>
  <cep>
    <cep>57071-851</cep>
    <logradouro>14ª Travessa da Saudade</logradouro>
    <complemento/>
    <unidade/>
    <bairro>Clima Bom</bairro>
    <localidade>Maceió</localidade>
    <uf>AL</uf>
    <estado>Alagoas</estado>
    <região/>
    <ibge>2704302</ibge>
    <gia/>
    <ddd>82</ddd>
    <siafi>2785</siafi>
  </cep>
  <cep>
    <cep>57071-876</cep>
    <logradouro>5ª Travessa da Saudade</logradouro>
    <complemento/>
    <unidade/>
    <bairro>Clima Bom</bairro>
    <localidade>Maceió</localidade>
    <uf>AL</uf>
    <estado>Alagoas</estado>
    <região/>
    <ibge>2704302</ibge>
    <gia/>
    <ddd>82</ddd>
    <siafi>2785</siafi>
  </cep>
  <cep>
    <cep>57071-877</cep>
    <logradouro>6ª Travessa da Saudade</logradouro>
    <complemento/>
    <unidade/>
    <bairro>Clima Bom</bairro>
    <localidade>Maceió</localidade>
    <uf>AL</uf>
    <estado>Alagoas</estado>
    <região/>
    <ibge>2704302</ibge>
    <gia/>
    <ddd>82</ddd>
    <siafi>2785</siafi>
  </cep>
  <cep>
    <cep>57071-844</cep>
    <logradouro>Rua Itália</logradouro>
    <complemento/>
    <unidade/>
    <bairro>Clima Bom</bairro>
    <localidade>Maceió</localidade>
    <uf>AL</uf>
    <estado>Alagoas</estado>
    <região/>
    <ibge>2704302</ibge>
    <gia/>
    <ddd>82</ddd>
    <siafi>2785</siafi>
  </cep>
  <cep>
    <cep>57071-838</cep>
    <logradouro>Rua Grécia</logradouro>
    <complemento/>
    <unidade/>
    <bairro>Clima Bom</bairro>
    <localidade>Maceió</localidade>
    <uf>AL</uf>
    <estado>Alagoas</estado>
    <região/>
    <ibge>2704302</ibge>
    <gia/>
    <ddd>82</ddd>
    <siafi>2785</siafi>
  </cep>
  <cep>
    <cep>57071-878</cep>
    <logradouro>Rua Portugal</logradouro>
    <complemento/>
    <unidade/>
    <bairro>Clima Bom</bairro>
    <localidade>Maceió</localidade>
    <uf>AL</uf>
    <estado>Alagoas</estado>
    <região/>
    <ibge>2704302</ibge>
    <gia/>
    <ddd>82</ddd>
    <siafi>2785</siafi>
  </cep>
  <cep>
    <cep>57071-826</cep>
    <logradouro>Rua Irã</logradouro>
    <complemento/>
    <unidade/>
    <bairro>Clima Bom</bairro>
    <localidade>Maceió</localidade>
    <uf>AL</uf>
    <estado>Alagoas</estado>
    <região/>
    <ibge>2704302</ibge>
    <gia/>
    <ddd>82</ddd>
    <siafi>2785</siafi>
  </cep>
  <cep>
    <cep>57071-879</cep>
    <logradouro>8ª Travessa da Saudade</logradouro>
    <complemento/>
    <unidade/>
    <bairro>Clima Bom</bairro>
    <localidade>Maceió</localidade>
    <uf>AL</uf>
    <estado>Alagoas</estado>
    <região/>
    <ibge>2704302</ibge>
    <gia/>
    <ddd>82</ddd>
    <siafi>2785</siafi>
  </cep>
  <cep>
    <cep>57071-839</cep>
    <logradouro>Rua Bélgica</logradouro>
    <complemento/>
    <unidade/>
    <bairro>Clima Bom</bairro>
    <localidade>Maceió</localidade>
    <uf>AL</uf>
    <estado>Alagoas</estado>
    <região/>
    <ibge>2704302</ibge>
    <gia/>
    <ddd>82</ddd>
    <siafi>2785</siafi>
  </cep>
  <cep>
    <cep>57071-815</cep>
    <logradouro>Rua Muniz Falcão</logradouro>
    <complemento/>
    <unidade/>
    <bairro>Clima Bom</bairro>
    <localidade>Maceió</localidade>
    <uf>AL</uf>
    <estado>Alagoas</estado>
    <região/>
    <ibge>2704302</ibge>
    <gia/>
    <ddd>82</ddd>
    <siafi>2785</siafi>
  </cep>
  <cep>
    <cep>57071-872</cep>
    <logradouro>Rua Mônaco</logradouro>
    <complemento/>
    <unidade/>
    <bairro>Clima Bom</bairro>
    <localidade>Maceió</localidade>
    <uf>AL</uf>
    <estado>Alagoas</estado>
    <região/>
    <ibge>2704302</ibge>
    <gia/>
    <ddd>82</ddd>
    <siafi>2785</siafi>
  </cep>
  <cep>
    <cep>57071-818</cep>
    <logradouro>Rua Turquia</logradouro>
    <complemento/>
    <unidade/>
    <bairro>Clima Bom</bairro>
    <localidade>Maceió</localidade>
    <uf>AL</uf>
    <estado>Alagoas</estado>
    <região/>
    <ibge>2704302</ibge>
    <gia/>
    <ddd>82</ddd>
    <siafi>2785</siafi>
  </cep>
  <cep>
    <cep>57071-880</cep>
    <logradouro>Rua Antônio Silva</logradouro>
    <complemento/>
    <unidade/>
    <bairro>Clima Bom</bairro>
    <localidade>Maceió</localidade>
    <uf>AL</uf>
    <estado>Alagoas</estado>
    <região/>
    <ibge>2704302</ibge>
    <gia/>
    <ddd>82</ddd>
    <siafi>2785</siafi>
  </cep>
  <cep>
    <cep>57071-882</cep>
    <logradouro>Rua Filipinas</logradouro>
    <complemento/>
    <unidade/>
    <bairro>Clima Bom</bairro>
    <localidade>Maceió</localidade>
    <uf>AL</uf>
    <estado>Alagoas</estado>
    <região/>
    <ibge>2704302</ibge>
    <gia/>
    <ddd>82</ddd>
    <siafi>2785</siafi>
  </cep>
  <cep>
    <cep>57071-885</cep>
    <logradouro>2ª Travessa da Saudade</logradouro>
    <complemento/>
    <unidade/>
    <bairro>Clima Bom</bairro>
    <localidade>Maceió</localidade>
    <uf>AL</uf>
    <estado>Alagoas</estado>
    <região/>
    <ibge>2704302</ibge>
    <gia/>
    <ddd>82</ddd>
    <siafi>2785</siafi>
  </cep>
  <cep>
    <cep>57071-868</cep>
    <logradouro>Rua Síria</logradouro>
    <complemento/>
    <unidade/>
    <bairro>Clima Bom</bairro>
    <localidade>Maceió</localidade>
    <uf>AL</uf>
    <estado>Alagoas</estado>
    <região/>
    <ibge>2704302</ibge>
    <gia/>
    <ddd>82</ddd>
    <siafi>2785</siafi>
  </cep>
  <cep>
    <cep>57071-836</cep>
    <logradouro>Rua Egito</logradouro>
    <complemento/>
    <unidade/>
    <bairro>Clima Bom</bairro>
    <localidade>Maceió</localidade>
    <uf>AL</uf>
    <estado>Alagoas</estado>
    <região/>
    <ibge>2704302</ibge>
    <gia/>
    <ddd>82</ddd>
    <siafi>2785</siafi>
  </cep>
  <cep>
    <cep>57071-873</cep>
    <logradouro>3ª Travessa da Saudade</logradouro>
    <complemento/>
    <unidade/>
    <bairro>Clima Bom</bairro>
    <localidade>Maceió</localidade>
    <uf>AL</uf>
    <estado>Alagoas</estado>
    <região/>
    <ibge>2704302</ibge>
    <gia/>
    <ddd>82</ddd>
    <siafi>2785</siafi>
  </cep>
  <cep>
    <cep>57072-000</cep>
    <logradouro>Avenida Lourival Melo Mota</logradouro>
    <complemento>lado par</complemento>
    <unidade/>
    <bairro>Cidade Universitária</bairro>
    <localidade>Maceió</localidade>
    <uf>AL</uf>
    <estado>Alagoas</estado>
    <região/>
    <ibge>2704302</ibge>
    <gia/>
    <ddd>82</ddd>
    <siafi>2785</siafi>
  </cep>
  <cep>
    <cep>57071-823</cep>
    <logradouro>4ª Travessa São José</logradouro>
    <complemento/>
    <unidade/>
    <bairro>Clima Bom</bairro>
    <localidade>Maceió</localidade>
    <uf>AL</uf>
    <estado>Alagoas</estado>
    <região/>
    <ibge>2704302</ibge>
    <gia/>
    <ddd>82</ddd>
    <siafi>2785</siafi>
  </cep>
  <cep>
    <cep>57071-840</cep>
    <logradouro>Rua Dois de Maio</logradouro>
    <complemento/>
    <unidade/>
    <bairro>Clima Bom</bairro>
    <localidade>Maceió</localidade>
    <uf>AL</uf>
    <estado>Alagoas</estado>
    <região/>
    <ibge>2704302</ibge>
    <gia/>
    <ddd>82</ddd>
    <siafi>2785</siafi>
  </cep>
  <cep>
    <cep>57071-875</cep>
    <logradouro>1ª Travessa da Saudade</logradouro>
    <complemento/>
    <unidade/>
    <bairro>Clima Bom</bairro>
    <localidade>Maceió</localidade>
    <uf>AL</uf>
    <estado>Alagoas</estado>
    <região/>
    <ibge>2704302</ibge>
    <gia/>
    <ddd>82</ddd>
    <siafi>2785</siafi>
  </cep>
  <cep>
    <cep>57071-834</cep>
    <logradouro>Rua Espanha</logradouro>
    <complemento/>
    <unidade/>
    <bairro>Clima Bom</bairro>
    <localidade>Maceió</localidade>
    <uf>AL</uf>
    <estado>Alagoas</estado>
    <região/>
    <ibge>2704302</ibge>
    <gia/>
    <ddd>82</ddd>
    <siafi>2785</siafi>
  </cep>
  <cep>
    <cep>57071-859</cep>
    <logradouro>Travessa Almeida</logradouro>
    <complemento/>
    <unidade/>
    <bairro>Clima Bom</bairro>
    <localidade>Maceió</localidade>
    <uf>AL</uf>
    <estado>Alagoas</estado>
    <região/>
    <ibge>2704302</ibge>
    <gia/>
    <ddd>82</ddd>
    <siafi>2785</siafi>
  </cep>
  <cep>
    <cep>57071-822</cep>
    <logradouro>Rua Arábia Saudita</logradouro>
    <complemento/>
    <unidade/>
    <bairro>Clima Bom</bairro>
    <localidade>Maceió</localidade>
    <uf>AL</uf>
    <estado>Alagoas</estado>
    <região/>
    <ibge>2704302</ibge>
    <gia/>
    <ddd>82</ddd>
    <siafi>2785</siafi>
  </cep>
  <cep>
    <cep>57072-012</cep>
    <logradouro>Rua 2-A INOCOOP</logradouro>
    <complemento>(Cj INOCOOP)</complemento>
    <unidade/>
    <bairro>Cidade Universitária</bairro>
    <localidade>Maceió</localidade>
    <uf>AL</uf>
    <estado>Alagoas</estado>
    <região/>
    <ibge>2704302</ibge>
    <gia/>
    <ddd>82</ddd>
    <siafi>2785</siafi>
  </cep>
  <cep>
    <cep>57071-887</cep>
    <logradouro>7ª Travessa da Saudade</logradouro>
    <complemento/>
    <unidade/>
    <bairro>Clima Bom</bairro>
    <localidade>Maceió</localidade>
    <uf>AL</uf>
    <estado>Alagoas</estado>
    <região/>
    <ibge>2704302</ibge>
    <gia/>
    <ddd>82</ddd>
    <siafi>2785</siafi>
  </cep>
  <cep>
    <cep>57071-848</cep>
    <logradouro>Rua Romênia</logradouro>
    <complemento/>
    <unidade/>
    <bairro>Clima Bom</bairro>
    <localidade>Maceió</localidade>
    <uf>AL</uf>
    <estado>Alagoas</estado>
    <região/>
    <ibge>2704302</ibge>
    <gia/>
    <ddd>82</ddd>
    <siafi>2785</siafi>
  </cep>
  <cep>
    <cep>57071-816</cep>
    <logradouro>Rua Costa do Marfim</logradouro>
    <complemento/>
    <unidade/>
    <bairro>Clima Bom</bairro>
    <localidade>Maceió</localidade>
    <uf>AL</uf>
    <estado>Alagoas</estado>
    <região/>
    <ibge>2704302</ibge>
    <gia/>
    <ddd>82</ddd>
    <siafi>2785</siafi>
  </cep>
  <cep>
    <cep>57072-018</cep>
    <logradouro>Rua E</logradouro>
    <complemento>(Cj INOCOOP)</complemento>
    <unidade/>
    <bairro>Cidade Universitária</bairro>
    <localidade>Maceió</localidade>
    <uf>AL</uf>
    <estado>Alagoas</estado>
    <região/>
    <ibge>2704302</ibge>
    <gia/>
    <ddd>82</ddd>
    <siafi>2785</siafi>
  </cep>
  <cep>
    <cep>57071-828</cep>
    <logradouro>Rua Chipre</logradouro>
    <complemento/>
    <unidade/>
    <bairro>Clima Bom</bairro>
    <localidade>Maceió</localidade>
    <uf>AL</uf>
    <estado>Alagoas</estado>
    <região/>
    <ibge>2704302</ibge>
    <gia/>
    <ddd>82</ddd>
    <siafi>2785</siafi>
  </cep>
  <cep>
    <cep>57072-019</cep>
    <logradouro>Rua F</logradouro>
    <complemento>(Cj INOCOOP)</complemento>
    <unidade/>
    <bairro>Cidade Universitária</bairro>
    <localidade>Maceió</localidade>
    <uf>AL</uf>
    <estado>Alagoas</estado>
    <região/>
    <ibge>2704302</ibge>
    <gia/>
    <ddd>82</ddd>
    <siafi>2785</siafi>
  </cep>
  <cep>
    <cep>57072-014</cep>
    <logradouro>Rua 5-A</logradouro>
    <complemento>(Cj INOCOOP)</complemento>
    <unidade/>
    <bairro>Cidade Universitária</bairro>
    <localidade>Maceió</localidade>
    <uf>AL</uf>
    <estado>Alagoas</estado>
    <região/>
    <ibge>2704302</ibge>
    <gia/>
    <ddd>82</ddd>
    <siafi>2785</siafi>
  </cep>
  <cep>
    <cep>57072-022</cep>
    <logradouro>Rua Radialista Jurandir Costa</logradouro>
    <complemento/>
    <unidade/>
    <bairro>Cidade Universitária</bairro>
    <localidade>Maceió</localidade>
    <uf>AL</uf>
    <estado>Alagoas</estado>
    <região/>
    <ibge>2704302</ibge>
    <gia/>
    <ddd>82</ddd>
    <siafi>2785</siafi>
  </cep>
  <cep>
    <cep>57071-856</cep>
    <logradouro>Rua Suécia</logradouro>
    <complemento/>
    <unidade/>
    <bairro>Clima Bom</bairro>
    <localidade>Maceió</localidade>
    <uf>AL</uf>
    <estado>Alagoas</estado>
    <região/>
    <ibge>2704302</ibge>
    <gia/>
    <ddd>82</ddd>
    <siafi>2785</siafi>
  </cep>
  <cep>
    <cep>57072-021</cep>
    <logradouro>Rua G</logradouro>
    <complemento>(Cj INOCOOP)</complemento>
    <unidade/>
    <bairro>Cidade Universitária</bairro>
    <localidade>Maceió</localidade>
    <uf>AL</uf>
    <estado>Alagoas</estado>
    <região/>
    <ibge>2704302</ibge>
    <gia/>
    <ddd>82</ddd>
    <siafi>2785</siafi>
  </cep>
  <cep>
    <cep>57072-020</cep>
    <logradouro>Rua Rosalvo Lima dos Santos</logradouro>
    <complemento/>
    <unidade/>
    <bairro>Cidade Universitária</bairro>
    <localidade>Maceió</localidade>
    <uf>AL</uf>
    <estado>Alagoas</estado>
    <região/>
    <ibge>2704302</ibge>
    <gia/>
    <ddd>82</ddd>
    <siafi>2785</siafi>
  </cep>
  <cep>
    <cep>57071-888</cep>
    <logradouro>Avenida Nascente</logradouro>
    <complemento/>
    <unidade/>
    <bairro>Clima Bom</bairro>
    <localidade>Maceió</localidade>
    <uf>AL</uf>
    <estado>Alagoas</estado>
    <região/>
    <ibge>2704302</ibge>
    <gia/>
    <ddd>82</ddd>
    <siafi>2785</siafi>
  </cep>
  <cep>
    <cep>57072-023</cep>
    <logradouro>Rua 3-G</logradouro>
    <complemento>(Cj INOCOOP)</complemento>
    <unidade/>
    <bairro>Cidade Universitária</bairro>
    <localidade>Maceió</localidade>
    <uf>AL</uf>
    <estado>Alagoas</estado>
    <região/>
    <ibge>2704302</ibge>
    <gia/>
    <ddd>82</ddd>
    <siafi>2785</siafi>
  </cep>
  <cep>
    <cep>57072-026</cep>
    <logradouro>Rua I</logradouro>
    <complemento>(Cj INOCOOP)</complemento>
    <unidade/>
    <bairro>Cidade Universitária</bairro>
    <localidade>Maceió</localidade>
    <uf>AL</uf>
    <estado>Alagoas</estado>
    <região/>
    <ibge>2704302</ibge>
    <gia/>
    <ddd>82</ddd>
    <siafi>2785</siafi>
  </cep>
  <cep>
    <cep>57072-024</cep>
    <logradouro>Rua 4-G</logradouro>
    <complemento>(Cj INOCOOP)</complemento>
    <unidade/>
    <bairro>Cidade Universitária</bairro>
    <localidade>Maceió</localidade>
    <uf>AL</uf>
    <estado>Alagoas</estado>
    <região/>
    <ibge>2704302</ibge>
    <gia/>
    <ddd>82</ddd>
    <siafi>2785</siafi>
  </cep>
  <cep>
    <cep>57071-829</cep>
    <logradouro>7ª Travessa da Alegria</logradouro>
    <complemento/>
    <unidade/>
    <bairro>Clima Bom</bairro>
    <localidade>Maceió</localidade>
    <uf>AL</uf>
    <estado>Alagoas</estado>
    <região/>
    <ibge>2704302</ibge>
    <gia/>
    <ddd>82</ddd>
    <siafi>2785</siafi>
  </cep>
  <cep>
    <cep>57071-820</cep>
    <logradouro>Avenida Jornalista Teófilo Alves Lins</logradouro>
    <complemento/>
    <unidade/>
    <bairro>Clima Bom</bairro>
    <localidade>Maceió</localidade>
    <uf>AL</uf>
    <estado>Alagoas</estado>
    <região/>
    <ibge>2704302</ibge>
    <gia/>
    <ddd>82</ddd>
    <siafi>2785</siafi>
  </cep>
  <cep>
    <cep>57072-028</cep>
    <logradouro>Rua L</logradouro>
    <complemento>(Cj INOCOOP)</complemento>
    <unidade/>
    <bairro>Cidade Universitária</bairro>
    <localidade>Maceió</localidade>
    <uf>AL</uf>
    <estado>Alagoas</estado>
    <região/>
    <ibge>2704302</ibge>
    <gia/>
    <ddd>82</ddd>
    <siafi>2785</siafi>
  </cep>
  <cep>
    <cep>57072-030</cep>
    <logradouro>Rua Professora Célia Macêdo</logradouro>
    <complemento/>
    <unidade/>
    <bairro>Cidade Universitária</bairro>
    <localidade>Maceió</localidade>
    <uf>AL</uf>
    <estado>Alagoas</estado>
    <região/>
    <ibge>2704302</ibge>
    <gia/>
    <ddd>82</ddd>
    <siafi>2785</siafi>
  </cep>
  <cep>
    <cep>57072-015</cep>
    <logradouro>Rua B</logradouro>
    <complemento>(Cj INOCOOP)</complemento>
    <unidade/>
    <bairro>Cidade Universitária</bairro>
    <localidade>Maceió</localidade>
    <uf>AL</uf>
    <estado>Alagoas</estado>
    <região/>
    <ibge>2704302</ibge>
    <gia/>
    <ddd>82</ddd>
    <siafi>2785</siafi>
  </cep>
  <cep>
    <cep>57071-866</cep>
    <logradouro>Rua Inglaterra</logradouro>
    <complemento/>
    <unidade/>
    <bairro>Clima Bom</bairro>
    <localidade>Maceió</localidade>
    <uf>AL</uf>
    <estado>Alagoas</estado>
    <região/>
    <ibge>2704302</ibge>
    <gia/>
    <ddd>82</ddd>
    <siafi>2785</siafi>
  </cep>
  <cep>
    <cep>57072-043</cep>
    <logradouro>Quadra 03</logradouro>
    <complemento>(Cj Hamilton C Moraes)</complemento>
    <unidade/>
    <bairro>Cidade Universitária</bairro>
    <localidade>Maceió</localidade>
    <uf>AL</uf>
    <estado>Alagoas</estado>
    <região/>
    <ibge>2704302</ibge>
    <gia/>
    <ddd>82</ddd>
    <siafi>2785</siafi>
  </cep>
  <cep>
    <cep>57071-886</cep>
    <logradouro>4ª Travessa da Saudade</logradouro>
    <complemento/>
    <unidade/>
    <bairro>Clima Bom</bairro>
    <localidade>Maceió</localidade>
    <uf>AL</uf>
    <estado>Alagoas</estado>
    <região/>
    <ibge>2704302</ibge>
    <gia/>
    <ddd>82</ddd>
    <siafi>2785</siafi>
  </cep>
  <cep>
    <cep>57071-821</cep>
    <logradouro>2ª Travessa São José</logradouro>
    <complemento/>
    <unidade/>
    <bairro>Clima Bom</bairro>
    <localidade>Maceió</localidade>
    <uf>AL</uf>
    <estado>Alagoas</estado>
    <região/>
    <ibge>2704302</ibge>
    <gia/>
    <ddd>82</ddd>
    <siafi>2785</siafi>
  </cep>
  <cep>
    <cep>57072-031</cep>
    <logradouro>Rua N</logradouro>
    <complemento>(Cj INOCOOP)</complemento>
    <unidade/>
    <bairro>Cidade Universitária</bairro>
    <localidade>Maceió</localidade>
    <uf>AL</uf>
    <estado>Alagoas</estado>
    <região/>
    <ibge>2704302</ibge>
    <gia/>
    <ddd>82</ddd>
    <siafi>2785</siafi>
  </cep>
  <cep>
    <cep>57072-027</cep>
    <logradouro>Rua J</logradouro>
    <complemento>(Cj INOCOOP)</complemento>
    <unidade/>
    <bairro>Cidade Universitária</bairro>
    <localidade>Maceió</localidade>
    <uf>AL</uf>
    <estado>Alagoas</estado>
    <região/>
    <ibge>2704302</ibge>
    <gia/>
    <ddd>82</ddd>
    <siafi>2785</siafi>
  </cep>
  <cep>
    <cep>57072-040</cep>
    <logradouro>Rua Doutor Juracy Pereira</logradouro>
    <complemento/>
    <unidade/>
    <bairro>Cidade Universitária</bairro>
    <localidade>Maceió</localidade>
    <uf>AL</uf>
    <estado>Alagoas</estado>
    <região/>
    <ibge>2704302</ibge>
    <gia/>
    <ddd>82</ddd>
    <siafi>2785</siafi>
  </cep>
  <cep>
    <cep>57071-881</cep>
    <logradouro>9ª Travessa da Saudade</logradouro>
    <complemento/>
    <unidade/>
    <bairro>Clima Bom</bairro>
    <localidade>Maceió</localidade>
    <uf>AL</uf>
    <estado>Alagoas</estado>
    <região/>
    <ibge>2704302</ibge>
    <gia/>
    <ddd>82</ddd>
    <siafi>2785</siafi>
  </cep>
  <cep>
    <cep>57072-032</cep>
    <logradouro>Rua Francisco da Costa Cabral</logradouro>
    <complemento/>
    <unidade/>
    <bairro>Cidade Universitária</bairro>
    <localidade>Maceió</localidade>
    <uf>AL</uf>
    <estado>Alagoas</estado>
    <região/>
    <ibge>2704302</ibge>
    <gia/>
    <ddd>82</ddd>
    <siafi>2785</siafi>
  </cep>
  <cep>
    <cep>57072-033</cep>
    <logradouro>Rua P</logradouro>
    <complemento>(Cj INOCOOP)</complemento>
    <unidade/>
    <bairro>Cidade Universitária</bairro>
    <localidade>Maceió</localidade>
    <uf>AL</uf>
    <estado>Alagoas</estado>
    <região/>
    <ibge>2704302</ibge>
    <gia/>
    <ddd>82</ddd>
    <siafi>2785</siafi>
  </cep>
  <cep>
    <cep>57072-037</cep>
    <logradouro>Rua 8-A</logradouro>
    <complemento>(Cj INOCOOP)</complemento>
    <unidade/>
    <bairro>Cidade Universitária</bairro>
    <localidade>Maceió</localidade>
    <uf>AL</uf>
    <estado>Alagoas</estado>
    <região/>
    <ibge>2704302</ibge>
    <gia/>
    <ddd>82</ddd>
    <siafi>2785</siafi>
  </cep>
  <cep>
    <cep>57071-810</cep>
    <logradouro>Rua Bráulio Cavalcante</logradouro>
    <complemento/>
    <unidade/>
    <bairro>Clima Bom</bairro>
    <localidade>Maceió</localidade>
    <uf>AL</uf>
    <estado>Alagoas</estado>
    <região/>
    <ibge>2704302</ibge>
    <gia/>
    <ddd>82</ddd>
    <siafi>2785</siafi>
  </cep>
  <cep>
    <cep>57071-864</cep>
    <logradouro>Rua Suiça</logradouro>
    <complemento/>
    <unidade/>
    <bairro>Clima Bom</bairro>
    <localidade>Maceió</localidade>
    <uf>AL</uf>
    <estado>Alagoas</estado>
    <região/>
    <ibge>2704302</ibge>
    <gia/>
    <ddd>82</ddd>
    <siafi>2785</siafi>
  </cep>
  <cep>
    <cep>57072-042</cep>
    <logradouro>Quadra 02</logradouro>
    <complemento>(Cj Hamilton C Moraes)</complemento>
    <unidade/>
    <bairro>Cidade Universitária</bairro>
    <localidade>Maceió</localidade>
    <uf>AL</uf>
    <estado>Alagoas</estado>
    <região/>
    <ibge>2704302</ibge>
    <gia/>
    <ddd>82</ddd>
    <siafi>2785</siafi>
  </cep>
  <cep>
    <cep>57072-041</cep>
    <logradouro>Quadra 01</logradouro>
    <complemento>(Cj Hamilton C Moraes)</complemento>
    <unidade/>
    <bairro>Cidade Universitária</bairro>
    <localidade>Maceió</localidade>
    <uf>AL</uf>
    <estado>Alagoas</estado>
    <região/>
    <ibge>2704302</ibge>
    <gia/>
    <ddd>82</ddd>
    <siafi>2785</siafi>
  </cep>
  <cep>
    <cep>57072-017</cep>
    <logradouro>Rua D</logradouro>
    <complemento>(Cj INOCOOP)</complemento>
    <unidade/>
    <bairro>Cidade Universitária</bairro>
    <localidade>Maceió</localidade>
    <uf>AL</uf>
    <estado>Alagoas</estado>
    <região/>
    <ibge>2704302</ibge>
    <gia/>
    <ddd>82</ddd>
    <siafi>2785</siafi>
  </cep>
  <cep>
    <cep>57071-863</cep>
    <logradouro>Travessa Santo Amaro</logradouro>
    <complemento/>
    <unidade/>
    <bairro>Clima Bom</bairro>
    <localidade>Maceió</localidade>
    <uf>AL</uf>
    <estado>Alagoas</estado>
    <região/>
    <ibge>2704302</ibge>
    <gia/>
    <ddd>82</ddd>
    <siafi>2785</siafi>
  </cep>
  <cep>
    <cep>57072-011</cep>
    <logradouro>Rua A INOCOOP</logradouro>
    <complemento>(Cj INOCOOP)</complemento>
    <unidade/>
    <bairro>Cidade Universitária</bairro>
    <localidade>Maceió</localidade>
    <uf>AL</uf>
    <estado>Alagoas</estado>
    <região/>
    <ibge>2704302</ibge>
    <gia/>
    <ddd>82</ddd>
    <siafi>2785</siafi>
  </cep>
  <cep>
    <cep>57071-883</cep>
    <logradouro>10ª Travessa da Saudade</logradouro>
    <complemento/>
    <unidade/>
    <bairro>Clima Bom</bairro>
    <localidade>Maceió</localidade>
    <uf>AL</uf>
    <estado>Alagoas</estado>
    <região/>
    <ibge>2704302</ibge>
    <gia/>
    <ddd>82</ddd>
    <siafi>2785</siafi>
  </cep>
  <cep>
    <cep>57072-013</cep>
    <logradouro>Rua 3-A</logradouro>
    <complemento>(Cj INOCOOP)</complemento>
    <unidade/>
    <bairro>Cidade Universitária</bairro>
    <localidade>Maceió</localidade>
    <uf>AL</uf>
    <estado>Alagoas</estado>
    <região/>
    <ibge>2704302</ibge>
    <gia/>
    <ddd>82</ddd>
    <siafi>2785</siafi>
  </cep>
  <cep>
    <cep>57072-036</cep>
    <logradouro>Rua 7-A</logradouro>
    <complemento>(Cj INOCOOP)</complemento>
    <unidade/>
    <bairro>Cidade Universitária</bairro>
    <localidade>Maceió</localidade>
    <uf>AL</uf>
    <estado>Alagoas</estado>
    <região/>
    <ibge>2704302</ibge>
    <gia/>
    <ddd>82</ddd>
    <siafi>2785</siafi>
  </cep>
  <cep>
    <cep>57072-025</cep>
    <logradouro>Rua H</logradouro>
    <complemento>(Cj INOCOOP)</complemento>
    <unidade/>
    <bairro>Cidade Universitária</bairro>
    <localidade>Maceió</localidade>
    <uf>AL</uf>
    <estado>Alagoas</estado>
    <região/>
    <ibge>2704302</ibge>
    <gia/>
    <ddd>82</ddd>
    <siafi>2785</siafi>
  </cep>
  <cep>
    <cep>57072-045</cep>
    <logradouro>Quadra 05</logradouro>
    <complemento>(Cj Hamilton C Moraes)</complemento>
    <unidade/>
    <bairro>Cidade Universitária</bairro>
    <localidade>Maceió</localidade>
    <uf>AL</uf>
    <estado>Alagoas</estado>
    <região/>
    <ibge>2704302</ibge>
    <gia/>
    <ddd>82</ddd>
    <siafi>2785</siafi>
  </cep>
  <cep>
    <cep>57071-812</cep>
    <logradouro>Rua da Concórdia</logradouro>
    <complemento/>
    <unidade/>
    <bairro>Clima Bom</bairro>
    <localidade>Maceió</localidade>
    <uf>AL</uf>
    <estado>Alagoas</estado>
    <região/>
    <ibge>2704302</ibge>
    <gia/>
    <ddd>82</ddd>
    <siafi>2785</siafi>
  </cep>
  <cep>
    <cep>57072-044</cep>
    <logradouro>Quadra 04</logradouro>
    <complemento>(Cj Hamilton C Moraes)</complemento>
    <unidade/>
    <bairro>Cidade Universitária</bairro>
    <localidade>Maceió</localidade>
    <uf>AL</uf>
    <estado>Alagoas</estado>
    <região/>
    <ibge>2704302</ibge>
    <gia/>
    <ddd>82</ddd>
    <siafi>2785</siafi>
  </cep>
  <cep>
    <cep>57071-853</cep>
    <logradouro>15ª Travessa da Saudade</logradouro>
    <complemento/>
    <unidade/>
    <bairro>Clima Bom</bairro>
    <localidade>Maceió</localidade>
    <uf>AL</uf>
    <estado>Alagoas</estado>
    <região/>
    <ibge>2704302</ibge>
    <gia/>
    <ddd>82</ddd>
    <siafi>2785</siafi>
  </cep>
  <cep>
    <cep>57072-046</cep>
    <logradouro>Rua 6</logradouro>
    <complemento>(Cj Estáquio G de Melo)</complemento>
    <unidade/>
    <bairro>Cidade Universitária</bairro>
    <localidade>Maceió</localidade>
    <uf>AL</uf>
    <estado>Alagoas</estado>
    <região/>
    <ibge>2704302</ibge>
    <gia/>
    <ddd>82</ddd>
    <siafi>2785</siafi>
  </cep>
  <cep>
    <cep>57072-050</cep>
    <logradouro>Rua José Fernandes Barreto</logradouro>
    <complemento/>
    <unidade/>
    <bairro>Cidade Universitária</bairro>
    <localidade>Maceió</localidade>
    <uf>AL</uf>
    <estado>Alagoas</estado>
    <região/>
    <ibge>2704302</ibge>
    <gia/>
    <ddd>82</ddd>
    <siafi>2785</siafi>
  </cep>
  <cep>
    <cep>57072-048</cep>
    <logradouro>Quadra 08</logradouro>
    <complemento>(Cj Hamilton C Moraes)</complemento>
    <unidade/>
    <bairro>Cidade Universitária</bairro>
    <localidade>Maceió</localidade>
    <uf>AL</uf>
    <estado>Alagoas</estado>
    <região/>
    <ibge>2704302</ibge>
    <gia/>
    <ddd>82</ddd>
    <siafi>2785</siafi>
  </cep>
  <cep>
    <cep>57072-049</cep>
    <logradouro>Quadra 09</logradouro>
    <complemento>(Cj Hamilton C Moraes)</complemento>
    <unidade/>
    <bairro>Cidade Universitária</bairro>
    <localidade>Maceió</localidade>
    <uf>AL</uf>
    <estado>Alagoas</estado>
    <região/>
    <ibge>2704302</ibge>
    <gia/>
    <ddd>82</ddd>
    <siafi>2785</siafi>
  </cep>
  <cep>
    <cep>57072-051</cep>
    <logradouro>Quadra 10</logradouro>
    <complemento>(Cj Hamilton C Moraes)</complemento>
    <unidade/>
    <bairro>Cidade Universitária</bairro>
    <localidade>Maceió</localidade>
    <uf>AL</uf>
    <estado>Alagoas</estado>
    <região/>
    <ibge>2704302</ibge>
    <gia/>
    <ddd>82</ddd>
    <siafi>2785</siafi>
  </cep>
  <cep>
    <cep>57072-047</cep>
    <logradouro>Quadra 07</logradouro>
    <complemento>(Cj Hamilton C Moraes)</complemento>
    <unidade/>
    <bairro>Cidade Universitária</bairro>
    <localidade>Maceió</localidade>
    <uf>AL</uf>
    <estado>Alagoas</estado>
    <região/>
    <ibge>2704302</ibge>
    <gia/>
    <ddd>82</ddd>
    <siafi>2785</siafi>
  </cep>
  <cep>
    <cep>57072-060</cep>
    <logradouro>Rua João de Oliveira Melo</logradouro>
    <complemento/>
    <unidade/>
    <bairro>Cidade Universitária</bairro>
    <localidade>Maceió</localidade>
    <uf>AL</uf>
    <estado>Alagoas</estado>
    <região/>
    <ibge>2704302</ibge>
    <gia/>
    <ddd>82</ddd>
    <siafi>2785</siafi>
  </cep>
  <cep>
    <cep>57072-062</cep>
    <logradouro>Quadra 1</logradouro>
    <complemento>(Cj Santa Maria)</complemento>
    <unidade/>
    <bairro>Cidade Universitária</bairro>
    <localidade>Maceió</localidade>
    <uf>AL</uf>
    <estado>Alagoas</estado>
    <região/>
    <ibge>2704302</ibge>
    <gia/>
    <ddd>82</ddd>
    <siafi>2785</siafi>
  </cep>
  <cep>
    <cep>57072-064</cep>
    <logradouro>Quadra 2</logradouro>
    <complemento>(Cj Santa Maria)</complemento>
    <unidade/>
    <bairro>Cidade Universitária</bairro>
    <localidade>Maceió</localidade>
    <uf>AL</uf>
    <estado>Alagoas</estado>
    <região/>
    <ibge>2704302</ibge>
    <gia/>
    <ddd>82</ddd>
    <siafi>2785</siafi>
  </cep>
  <cep>
    <cep>57072-071</cep>
    <logradouro>Quadra 5</logradouro>
    <complemento>(Cj Santa Maria)</complemento>
    <unidade/>
    <bairro>Cidade Universitária</bairro>
    <localidade>Maceió</localidade>
    <uf>AL</uf>
    <estado>Alagoas</estado>
    <região/>
    <ibge>2704302</ibge>
    <gia/>
    <ddd>82</ddd>
    <siafi>2785</siafi>
  </cep>
  <cep>
    <cep>57072-068</cep>
    <logradouro>Quadra 4</logradouro>
    <complemento>(Cj Santa Maria)</complemento>
    <unidade/>
    <bairro>Cidade Universitária</bairro>
    <localidade>Maceió</localidade>
    <uf>AL</uf>
    <estado>Alagoas</estado>
    <região/>
    <ibge>2704302</ibge>
    <gia/>
    <ddd>82</ddd>
    <siafi>2785</siafi>
  </cep>
  <cep>
    <cep>57072-072</cep>
    <logradouro>Quadra 6</logradouro>
    <complemento>(Cj Santa Maria)</complemento>
    <unidade/>
    <bairro>Cidade Universitária</bairro>
    <localidade>Maceió</localidade>
    <uf>AL</uf>
    <estado>Alagoas</estado>
    <região/>
    <ibge>2704302</ibge>
    <gia/>
    <ddd>82</ddd>
    <siafi>2785</siafi>
  </cep>
  <cep>
    <cep>57072-076</cep>
    <logradouro>Quadra 8</logradouro>
    <complemento>(Cj Santa Maria)</complemento>
    <unidade/>
    <bairro>Cidade Universitária</bairro>
    <localidade>Maceió</localidade>
    <uf>AL</uf>
    <estado>Alagoas</estado>
    <região/>
    <ibge>2704302</ibge>
    <gia/>
    <ddd>82</ddd>
    <siafi>2785</siafi>
  </cep>
  <cep>
    <cep>57072-066</cep>
    <logradouro>Quadra 3</logradouro>
    <complemento>(Cj Santa Maria)</complemento>
    <unidade/>
    <bairro>Cidade Universitária</bairro>
    <localidade>Maceió</localidade>
    <uf>AL</uf>
    <estado>Alagoas</estado>
    <região/>
    <ibge>2704302</ibge>
    <gia/>
    <ddd>82</ddd>
    <siafi>2785</siafi>
  </cep>
  <cep>
    <cep>57072-074</cep>
    <logradouro>Quadra 7</logradouro>
    <complemento>(Cj Santa Maria)</complemento>
    <unidade/>
    <bairro>Cidade Universitária</bairro>
    <localidade>Maceió</localidade>
    <uf>AL</uf>
    <estado>Alagoas</estado>
    <região/>
    <ibge>2704302</ibge>
    <gia/>
    <ddd>82</ddd>
    <siafi>2785</siafi>
  </cep>
  <cep>
    <cep>57072-080</cep>
    <logradouro>Rua Amarílio de Paula Noblat</logradouro>
    <complemento/>
    <unidade/>
    <bairro>Cidade Universitária</bairro>
    <localidade>Maceió</localidade>
    <uf>AL</uf>
    <estado>Alagoas</estado>
    <região/>
    <ibge>2704302</ibge>
    <gia/>
    <ddd>82</ddd>
    <siafi>2785</siafi>
  </cep>
  <cep>
    <cep>57072-078</cep>
    <logradouro>Quadra 9</logradouro>
    <complemento>(Cj Santa Maria)</complemento>
    <unidade/>
    <bairro>Cidade Universitária</bairro>
    <localidade>Maceió</localidade>
    <uf>AL</uf>
    <estado>Alagoas</estado>
    <região/>
    <ibge>2704302</ibge>
    <gia/>
    <ddd>82</ddd>
    <siafi>2785</siafi>
  </cep>
  <cep>
    <cep>57072-081</cep>
    <logradouro>Quadra 10</logradouro>
    <complemento>(Cj Santa Maria)</complemento>
    <unidade/>
    <bairro>Cidade Universitária</bairro>
    <localidade>Maceió</localidade>
    <uf>AL</uf>
    <estado>Alagoas</estado>
    <região/>
    <ibge>2704302</ibge>
    <gia/>
    <ddd>82</ddd>
    <siafi>2785</siafi>
  </cep>
  <cep>
    <cep>57072-091</cep>
    <logradouro>Quadra 15</logradouro>
    <complemento>(Cj Santa Maria)</complemento>
    <unidade/>
    <bairro>Cidade Universitária</bairro>
    <localidade>Maceió</localidade>
    <uf>AL</uf>
    <estado>Alagoas</estado>
    <região/>
    <ibge>2704302</ibge>
    <gia/>
    <ddd>82</ddd>
    <siafi>2785</siafi>
  </cep>
  <cep>
    <cep>57072-088</cep>
    <logradouro>Quadra 14</logradouro>
    <complemento>(Cj Santa Maria)</complemento>
    <unidade/>
    <bairro>Cidade Universitária</bairro>
    <localidade>Maceió</localidade>
    <uf>AL</uf>
    <estado>Alagoas</estado>
    <região/>
    <ibge>2704302</ibge>
    <gia/>
    <ddd>82</ddd>
    <siafi>2785</siafi>
  </cep>
  <cep>
    <cep>57072-086</cep>
    <logradouro>Quadra 13</logradouro>
    <complemento>(Cj Santa Maria)</complemento>
    <unidade/>
    <bairro>Cidade Universitária</bairro>
    <localidade>Maceió</localidade>
    <uf>AL</uf>
    <estado>Alagoas</estado>
    <região/>
    <ibge>2704302</ibge>
    <gia/>
    <ddd>82</ddd>
    <siafi>2785</siafi>
  </cep>
  <cep>
    <cep>57072-084</cep>
    <logradouro>Quadra 12</logradouro>
    <complemento>(Cj Santa Maria)</complemento>
    <unidade/>
    <bairro>Cidade Universitária</bairro>
    <localidade>Maceió</localidade>
    <uf>AL</uf>
    <estado>Alagoas</estado>
    <região/>
    <ibge>2704302</ibge>
    <gia/>
    <ddd>82</ddd>
    <siafi>2785</siafi>
  </cep>
  <cep>
    <cep>57072-092</cep>
    <logradouro>Quadra 16</logradouro>
    <complemento>(Cj Santa Maria)</complemento>
    <unidade/>
    <bairro>Cidade Universitária</bairro>
    <localidade>Maceió</localidade>
    <uf>AL</uf>
    <estado>Alagoas</estado>
    <região/>
    <ibge>2704302</ibge>
    <gia/>
    <ddd>82</ddd>
    <siafi>2785</siafi>
  </cep>
  <cep>
    <cep>57072-082</cep>
    <logradouro>Quadra 11</logradouro>
    <complemento>(Cj Santa Maria)</complemento>
    <unidade/>
    <bairro>Cidade Universitária</bairro>
    <localidade>Maceió</localidade>
    <uf>AL</uf>
    <estado>Alagoas</estado>
    <região/>
    <ibge>2704302</ibge>
    <gia/>
    <ddd>82</ddd>
    <siafi>2785</siafi>
  </cep>
  <cep>
    <cep>57072-094</cep>
    <logradouro>Quadra 17</logradouro>
    <complemento>(Cj Santa Maria)</complemento>
    <unidade/>
    <bairro>Cidade Universitária</bairro>
    <localidade>Maceió</localidade>
    <uf>AL</uf>
    <estado>Alagoas</estado>
    <região/>
    <ibge>2704302</ibge>
    <gia/>
    <ddd>82</ddd>
    <siafi>2785</siafi>
  </cep>
  <cep>
    <cep>57072-096</cep>
    <logradouro>Quadra 18</logradouro>
    <complemento>(Cj Santa Maria)</complemento>
    <unidade/>
    <bairro>Cidade Universitária</bairro>
    <localidade>Maceió</localidade>
    <uf>AL</uf>
    <estado>Alagoas</estado>
    <região/>
    <ibge>2704302</ibge>
    <gia/>
    <ddd>82</ddd>
    <siafi>2785</siafi>
  </cep>
  <cep>
    <cep>57072-103</cep>
    <logradouro>Quadra 21</logradouro>
    <complemento>(Cj Santa Maria)</complemento>
    <unidade/>
    <bairro>Cidade Universitária</bairro>
    <localidade>Maceió</localidade>
    <uf>AL</uf>
    <estado>Alagoas</estado>
    <região/>
    <ibge>2704302</ibge>
    <gia/>
    <ddd>82</ddd>
    <siafi>2785</siafi>
  </cep>
  <cep>
    <cep>57072-106</cep>
    <logradouro>Quadra 23</logradouro>
    <complemento>(Cj Santa Maria)</complemento>
    <unidade/>
    <bairro>Cidade Universitária</bairro>
    <localidade>Maceió</localidade>
    <uf>AL</uf>
    <estado>Alagoas</estado>
    <região/>
    <ibge>2704302</ibge>
    <gia/>
    <ddd>82</ddd>
    <siafi>2785</siafi>
  </cep>
  <cep>
    <cep>57072-100</cep>
    <logradouro>Rua Aurora Leite Pessoa</logradouro>
    <complemento/>
    <unidade/>
    <bairro>Cidade Universitária</bairro>
    <localidade>Maceió</localidade>
    <uf>AL</uf>
    <estado>Alagoas</estado>
    <região/>
    <ibge>2704302</ibge>
    <gia/>
    <ddd>82</ddd>
    <siafi>2785</siafi>
  </cep>
  <cep>
    <cep>57072-125</cep>
    <logradouro>Rua Projetada J</logradouro>
    <complemento>(Res Jardim Royal)</complemento>
    <unidade/>
    <bairro>Cidade Universitária</bairro>
    <localidade>Maceió</localidade>
    <uf>AL</uf>
    <estado>Alagoas</estado>
    <região/>
    <ibge>2704302</ibge>
    <gia/>
    <ddd>82</ddd>
    <siafi>2785</siafi>
  </cep>
  <cep>
    <cep>57072-277</cep>
    <logradouro>Quadra F</logradouro>
    <complemento>(Lot São Caetano II)</complemento>
    <unidade/>
    <bairro>Cidade Universitária</bairro>
    <localidade>Maceió</localidade>
    <uf>AL</uf>
    <estado>Alagoas</estado>
    <região/>
    <ibge>2704302</ibge>
    <gia/>
    <ddd>82</ddd>
    <siafi>2785</siafi>
  </cep>
  <cep>
    <cep>57072-260</cep>
    <logradouro>Avenida Doutor Celestino Chagas da Silva</logradouro>
    <complemento/>
    <unidade/>
    <bairro>Cidade Universitária</bairro>
    <localidade>Maceió</localidade>
    <uf>AL</uf>
    <estado>Alagoas</estado>
    <região/>
    <ibge>2704302</ibge>
    <gia/>
    <ddd>82</ddd>
    <siafi>2785</siafi>
  </cep>
  <cep>
    <cep>57072-130</cep>
    <logradouro>Rua José Guimarães Sobrinho</logradouro>
    <complemento/>
    <unidade/>
    <bairro>Cidade Universitária</bairro>
    <localidade>Maceió</localidade>
    <uf>AL</uf>
    <estado>Alagoas</estado>
    <região/>
    <ibge>2704302</ibge>
    <gia/>
    <ddd>82</ddd>
    <siafi>2785</siafi>
  </cep>
  <cep>
    <cep>57072-280</cep>
    <logradouro>Rua João Barroso da Silva</logradouro>
    <complemento/>
    <unidade/>
    <bairro>Cidade Universitária</bairro>
    <localidade>Maceió</localidade>
    <uf>AL</uf>
    <estado>Alagoas</estado>
    <região/>
    <ibge>2704302</ibge>
    <gia/>
    <ddd>82</ddd>
    <siafi>2785</siafi>
  </cep>
  <cep>
    <cep>57072-180</cep>
    <logradouro>Rua Waldemar Andrade Sobrinho</logradouro>
    <complemento/>
    <unidade/>
    <bairro>Cidade Universitária</bairro>
    <localidade>Maceió</localidade>
    <uf>AL</uf>
    <estado>Alagoas</estado>
    <região/>
    <ibge>2704302</ibge>
    <gia/>
    <ddd>82</ddd>
    <siafi>2785</siafi>
  </cep>
  <cep>
    <cep>57072-232</cep>
    <logradouro>Rua Clarissolanda</logradouro>
    <complemento/>
    <unidade/>
    <bairro>Cidade Universitária</bairro>
    <localidade>Maceió</localidade>
    <uf>AL</uf>
    <estado>Alagoas</estado>
    <região/>
    <ibge>2704302</ibge>
    <gia/>
    <ddd>82</ddd>
    <siafi>2785</siafi>
  </cep>
  <cep>
    <cep>57072-105</cep>
    <logradouro>Quadra 22</logradouro>
    <complemento>(Cj Santa Maria)</complemento>
    <unidade/>
    <bairro>Cidade Universitária</bairro>
    <localidade>Maceió</localidade>
    <uf>AL</uf>
    <estado>Alagoas</estado>
    <região/>
    <ibge>2704302</ibge>
    <gia/>
    <ddd>82</ddd>
    <siafi>2785</siafi>
  </cep>
  <cep>
    <cep>57072-269</cep>
    <logradouro>Quadra D</logradouro>
    <complemento>(Lot São Caetano I)</complemento>
    <unidade/>
    <bairro>Cidade Universitária</bairro>
    <localidade>Maceió</localidade>
    <uf>AL</uf>
    <estado>Alagoas</estado>
    <região/>
    <ibge>2704302</ibge>
    <gia/>
    <ddd>82</ddd>
    <siafi>2785</siafi>
  </cep>
  <cep>
    <cep>57072-288</cep>
    <logradouro>Travessa Projetada 127</logradouro>
    <complemento>(Lot São Caetano)</complemento>
    <unidade/>
    <bairro>Cidade Universitária</bairro>
    <localidade>Maceió</localidade>
    <uf>AL</uf>
    <estado>Alagoas</estado>
    <região/>
    <ibge>2704302</ibge>
    <gia/>
    <ddd>82</ddd>
    <siafi>2785</siafi>
  </cep>
  <cep>
    <cep>57072-281</cep>
    <logradouro>Quadra I</logradouro>
    <complemento>(Lot São Caetano II)</complemento>
    <unidade/>
    <bairro>Cidade Universitária</bairro>
    <localidade>Maceió</localidade>
    <uf>AL</uf>
    <estado>Alagoas</estado>
    <região/>
    <ibge>2704302</ibge>
    <gia/>
    <ddd>82</ddd>
    <siafi>2785</siafi>
  </cep>
  <cep>
    <cep>57072-101</cep>
    <logradouro>Quadra 20</logradouro>
    <complemento>(Cj Santa Maria)</complemento>
    <unidade/>
    <bairro>Cidade Universitária</bairro>
    <localidade>Maceió</localidade>
    <uf>AL</uf>
    <estado>Alagoas</estado>
    <região/>
    <ibge>2704302</ibge>
    <gia/>
    <ddd>82</ddd>
    <siafi>2785</siafi>
  </cep>
  <cep>
    <cep>57072-220</cep>
    <logradouro>Rua Doutor Antônio Mário Mafra</logradouro>
    <complemento/>
    <unidade/>
    <bairro>Cidade Universitária</bairro>
    <localidade>Maceió</localidade>
    <uf>AL</uf>
    <estado>Alagoas</estado>
    <região/>
    <ibge>2704302</ibge>
    <gia/>
    <ddd>82</ddd>
    <siafi>2785</siafi>
  </cep>
  <cep>
    <cep>57072-267</cep>
    <logradouro>Quadra B</logradouro>
    <complemento>(Lot São Caetano I)</complemento>
    <unidade/>
    <bairro>Cidade Universitária</bairro>
    <localidade>Maceió</localidade>
    <uf>AL</uf>
    <estado>Alagoas</estado>
    <região/>
    <ibge>2704302</ibge>
    <gia/>
    <ddd>82</ddd>
    <siafi>2785</siafi>
  </cep>
  <cep>
    <cep>57072-271</cep>
    <logradouro>Quadra A</logradouro>
    <complemento>(Lot São Caetano II)</complemento>
    <unidade/>
    <bairro>Cidade Universitária</bairro>
    <localidade>Maceió</localidade>
    <uf>AL</uf>
    <estado>Alagoas</estado>
    <região/>
    <ibge>2704302</ibge>
    <gia/>
    <ddd>82</ddd>
    <siafi>2785</siafi>
  </cep>
  <cep>
    <cep>57072-276</cep>
    <logradouro>Quadra E</logradouro>
    <complemento>(Lot São Caetano II)</complemento>
    <unidade/>
    <bairro>Cidade Universitária</bairro>
    <localidade>Maceió</localidade>
    <uf>AL</uf>
    <estado>Alagoas</estado>
    <região/>
    <ibge>2704302</ibge>
    <gia/>
    <ddd>82</ddd>
    <siafi>2785</siafi>
  </cep>
  <cep>
    <cep>57072-279</cep>
    <logradouro>Quadra H</logradouro>
    <complemento>(Lot São Caetano II)</complemento>
    <unidade/>
    <bairro>Cidade Universitária</bairro>
    <localidade>Maceió</localidade>
    <uf>AL</uf>
    <estado>Alagoas</estado>
    <região/>
    <ibge>2704302</ibge>
    <gia/>
    <ddd>82</ddd>
    <siafi>2785</siafi>
  </cep>
  <cep>
    <cep>57072-292</cep>
    <logradouro>Quadra B</logradouro>
    <complemento>(Loteamento Esplanada)</complemento>
    <unidade/>
    <bairro>Cidade Universitária</bairro>
    <localidade>Maceió</localidade>
    <uf>AL</uf>
    <estado>Alagoas</estado>
    <região/>
    <ibge>2704302</ibge>
    <gia/>
    <ddd>82</ddd>
    <siafi>2785</siafi>
  </cep>
  <cep>
    <cep>57072-110</cep>
    <logradouro>Rua José Maria Mendes da Silva</logradouro>
    <complemento/>
    <unidade/>
    <bairro>Cidade Universitária</bairro>
    <localidade>Maceió</localidade>
    <uf>AL</uf>
    <estado>Alagoas</estado>
    <região/>
    <ibge>2704302</ibge>
    <gia/>
    <ddd>82</ddd>
    <siafi>2785</siafi>
  </cep>
  <cep>
    <cep>57072-185</cep>
    <logradouro>Rua X</logradouro>
    <complemento>(Cj Eustáquio Gomes de Melo)</complemento>
    <unidade/>
    <bairro>Cidade Universitária</bairro>
    <localidade>Maceió</localidade>
    <uf>AL</uf>
    <estado>Alagoas</estado>
    <região/>
    <ibge>2704302</ibge>
    <gia/>
    <ddd>82</ddd>
    <siafi>2785</siafi>
  </cep>
  <cep>
    <cep>57072-098</cep>
    <logradouro>Quadra 19</logradouro>
    <complemento>(Cj Santa Maria)</complemento>
    <unidade/>
    <bairro>Cidade Universitária</bairro>
    <localidade>Maceió</localidade>
    <uf>AL</uf>
    <estado>Alagoas</estado>
    <região/>
    <ibge>2704302</ibge>
    <gia/>
    <ddd>82</ddd>
    <siafi>2785</siafi>
  </cep>
  <cep>
    <cep>57072-290</cep>
    <logradouro>Avenida José Maria Barreto Galvão</logradouro>
    <complemento/>
    <unidade/>
    <bairro>Cidade Universitária</bairro>
    <localidade>Maceió</localidade>
    <uf>AL</uf>
    <estado>Alagoas</estado>
    <região/>
    <ibge>2704302</ibge>
    <gia/>
    <ddd>82</ddd>
    <siafi>2785</siafi>
  </cep>
  <cep>
    <cep>57072-300</cep>
    <logradouro>Rua Soldado Adrião José da Silva</logradouro>
    <complemento/>
    <unidade/>
    <bairro>Cidade Universitária</bairro>
    <localidade>Maceió</localidade>
    <uf>AL</uf>
    <estado>Alagoas</estado>
    <região/>
    <ibge>2704302</ibge>
    <gia/>
    <ddd>82</ddd>
    <siafi>2785</siafi>
  </cep>
  <cep>
    <cep>57072-293</cep>
    <logradouro>Quadra C</logradouro>
    <complemento>(Loteamento Esplanada)</complemento>
    <unidade/>
    <bairro>Cidade Universitária</bairro>
    <localidade>Maceió</localidade>
    <uf>AL</uf>
    <estado>Alagoas</estado>
    <região/>
    <ibge>2704302</ibge>
    <gia/>
    <ddd>82</ddd>
    <siafi>2785</siafi>
  </cep>
  <cep>
    <cep>57072-302</cep>
    <logradouro>Quadra L</logradouro>
    <complemento>(Lot São Caetano)</complemento>
    <unidade/>
    <bairro>Cidade Universitária</bairro>
    <localidade>Maceió</localidade>
    <uf>AL</uf>
    <estado>Alagoas</estado>
    <região/>
    <ibge>2704302</ibge>
    <gia/>
    <ddd>82</ddd>
    <siafi>2785</siafi>
  </cep>
  <cep>
    <cep>57072-190</cep>
    <logradouro>Rua Francisco Holanda Cavalcante Filho</logradouro>
    <complemento/>
    <unidade/>
    <bairro>Cidade Universitária</bairro>
    <localidade>Maceió</localidade>
    <uf>AL</uf>
    <estado>Alagoas</estado>
    <região/>
    <ibge>2704302</ibge>
    <gia/>
    <ddd>82</ddd>
    <siafi>2785</siafi>
  </cep>
  <cep>
    <cep>57072-305</cep>
    <logradouro>Rua Major Nelson Cipriano dos Santos</logradouro>
    <complemento/>
    <unidade/>
    <bairro>Cidade Universitária</bairro>
    <localidade>Maceió</localidade>
    <uf>AL</uf>
    <estado>Alagoas</estado>
    <região/>
    <ibge>2704302</ibge>
    <gia/>
    <ddd>82</ddd>
    <siafi>2785</siafi>
  </cep>
  <cep>
    <cep>57072-308</cep>
    <logradouro>Rua São Benedito</logradouro>
    <complemento/>
    <unidade/>
    <bairro>Cidade Universitária</bairro>
    <localidade>Maceió</localidade>
    <uf>AL</uf>
    <estado>Alagoas</estado>
    <região/>
    <ibge>2704302</ibge>
    <gia/>
    <ddd>82</ddd>
    <siafi>2785</siafi>
  </cep>
  <cep>
    <cep>57072-266</cep>
    <logradouro>Quadra A</logradouro>
    <complemento>(Lot São Caetano I)</complemento>
    <unidade/>
    <bairro>Cidade Universitária</bairro>
    <localidade>Maceió</localidade>
    <uf>AL</uf>
    <estado>Alagoas</estado>
    <região/>
    <ibge>2704302</ibge>
    <gia/>
    <ddd>82</ddd>
    <siafi>2785</siafi>
  </cep>
  <cep>
    <cep>57072-200</cep>
    <logradouro>Rua Júlia Tenório de Oliveira</logradouro>
    <complemento/>
    <unidade/>
    <bairro>Cidade Universitária</bairro>
    <localidade>Maceió</localidade>
    <uf>AL</uf>
    <estado>Alagoas</estado>
    <região/>
    <ibge>2704302</ibge>
    <gia/>
    <ddd>82</ddd>
    <siafi>2785</siafi>
  </cep>
  <cep>
    <cep>57072-210</cep>
    <logradouro>Rua Hermiton do Amaral</logradouro>
    <complemento/>
    <unidade/>
    <bairro>Cidade Universitária</bairro>
    <localidade>Maceió</localidade>
    <uf>AL</uf>
    <estado>Alagoas</estado>
    <região/>
    <ibge>2704302</ibge>
    <gia/>
    <ddd>82</ddd>
    <siafi>2785</siafi>
  </cep>
  <cep>
    <cep>57072-272</cep>
    <logradouro>Quadra B</logradouro>
    <complemento>(Lot São Caetano II)</complemento>
    <unidade/>
    <bairro>Cidade Universitária</bairro>
    <localidade>Maceió</localidade>
    <uf>AL</uf>
    <estado>Alagoas</estado>
    <região/>
    <ibge>2704302</ibge>
    <gia/>
    <ddd>82</ddd>
    <siafi>2785</siafi>
  </cep>
  <cep>
    <cep>57072-192</cep>
    <logradouro>Rua Carteiro Valdenir José</logradouro>
    <complemento/>
    <unidade/>
    <bairro>Cidade Universitária</bairro>
    <localidade>Maceió</localidade>
    <uf>AL</uf>
    <estado>Alagoas</estado>
    <região/>
    <ibge>2704302</ibge>
    <gia/>
    <ddd>82</ddd>
    <siafi>2785</siafi>
  </cep>
  <cep>
    <cep>57072-140</cep>
    <logradouro>Rua Célio Ribeiro da Costa</logradouro>
    <complemento/>
    <unidade/>
    <bairro>Cidade Universitária</bairro>
    <localidade>Maceió</localidade>
    <uf>AL</uf>
    <estado>Alagoas</estado>
    <região/>
    <ibge>2704302</ibge>
    <gia/>
    <ddd>82</ddd>
    <siafi>2785</siafi>
  </cep>
  <cep>
    <cep>57072-265</cep>
    <logradouro>Rua Antônio Augusto Lopes Barbosa</logradouro>
    <complemento/>
    <unidade/>
    <bairro>Cidade Universitária</bairro>
    <localidade>Maceió</localidade>
    <uf>AL</uf>
    <estado>Alagoas</estado>
    <região/>
    <ibge>2704302</ibge>
    <gia/>
    <ddd>82</ddd>
    <siafi>2785</siafi>
  </cep>
  <cep>
    <cep>57072-270</cep>
    <logradouro>Rua Sebastião Vicente da Silva</logradouro>
    <complemento/>
    <unidade/>
    <bairro>Cidade Universitária</bairro>
    <localidade>Maceió</localidade>
    <uf>AL</uf>
    <estado>Alagoas</estado>
    <região/>
    <ibge>2704302</ibge>
    <gia/>
    <ddd>82</ddd>
    <siafi>2785</siafi>
  </cep>
  <cep>
    <cep>57072-282</cep>
    <logradouro>Quadra I-2</logradouro>
    <complemento>(Lot São Caetano II)</complemento>
    <unidade/>
    <bairro>Cidade Universitária</bairro>
    <localidade>Maceió</localidade>
    <uf>AL</uf>
    <estado>Alagoas</estado>
    <região/>
    <ibge>2704302</ibge>
    <gia/>
    <ddd>82</ddd>
    <siafi>2785</siafi>
  </cep>
  <cep>
    <cep>57072-278</cep>
    <logradouro>Quadra G</logradouro>
    <complemento>(Lot São Caetano II)</complemento>
    <unidade/>
    <bairro>Cidade Universitária</bairro>
    <localidade>Maceió</localidade>
    <uf>AL</uf>
    <estado>Alagoas</estado>
    <região/>
    <ibge>2704302</ibge>
    <gia/>
    <ddd>82</ddd>
    <siafi>2785</siafi>
  </cep>
  <cep>
    <cep>57072-297</cep>
    <logradouro>1ª Travessa São Caetano</logradouro>
    <complemento>(Loteamento São Caetano)</complemento>
    <unidade/>
    <bairro>Cidade Universitária</bairro>
    <localidade>Maceió</localidade>
    <uf>AL</uf>
    <estado>Alagoas</estado>
    <região/>
    <ibge>2704302</ibge>
    <gia/>
    <ddd>82</ddd>
    <siafi>2785</siafi>
  </cep>
  <cep>
    <cep>57072-250</cep>
    <logradouro>Rua Desportista Fernando Lamenha</logradouro>
    <complemento/>
    <unidade/>
    <bairro>Cidade Universitária</bairro>
    <localidade>Maceió</localidade>
    <uf>AL</uf>
    <estado>Alagoas</estado>
    <região/>
    <ibge>2704302</ibge>
    <gia/>
    <ddd>82</ddd>
    <siafi>2785</siafi>
  </cep>
  <cep>
    <cep>57072-120</cep>
    <logradouro>Rua Alfredo Cavalcanti Lima</logradouro>
    <complemento/>
    <unidade/>
    <bairro>Cidade Universitária</bairro>
    <localidade>Maceió</localidade>
    <uf>AL</uf>
    <estado>Alagoas</estado>
    <região/>
    <ibge>2704302</ibge>
    <gia/>
    <ddd>82</ddd>
    <siafi>2785</siafi>
  </cep>
  <cep>
    <cep>57072-294</cep>
    <logradouro>Quadra D</logradouro>
    <complemento>(Loteamento Esplanada)</complemento>
    <unidade/>
    <bairro>Cidade Universitária</bairro>
    <localidade>Maceió</localidade>
    <uf>AL</uf>
    <estado>Alagoas</estado>
    <região/>
    <ibge>2704302</ibge>
    <gia/>
    <ddd>82</ddd>
    <siafi>2785</siafi>
  </cep>
  <cep>
    <cep>57072-311</cep>
    <logradouro>Avenida José Moura Rocha</logradouro>
    <complemento>(Lot S Caetano)</complemento>
    <unidade/>
    <bairro>Cidade Universitária</bairro>
    <localidade>Maceió</localidade>
    <uf>AL</uf>
    <estado>Alagoas</estado>
    <região/>
    <ibge>2704302</ibge>
    <gia/>
    <ddd>82</ddd>
    <siafi>2785</siafi>
  </cep>
  <cep>
    <cep>57072-274</cep>
    <logradouro>Quadra D</logradouro>
    <complemento>(Lot São Caetano II)</complemento>
    <unidade/>
    <bairro>Cidade Universitária</bairro>
    <localidade>Maceió</localidade>
    <uf>AL</uf>
    <estado>Alagoas</estado>
    <região/>
    <ibge>2704302</ibge>
    <gia/>
    <ddd>82</ddd>
    <siafi>2785</siafi>
  </cep>
  <cep>
    <cep>57072-102</cep>
    <logradouro>Rua Professora Olindina Pereira da Silva</logradouro>
    <complemento/>
    <unidade/>
    <bairro>Cidade Universitária</bairro>
    <localidade>Maceió</localidade>
    <uf>AL</uf>
    <estado>Alagoas</estado>
    <região/>
    <ibge>2704302</ibge>
    <gia/>
    <ddd>82</ddd>
    <siafi>2785</siafi>
  </cep>
  <cep>
    <cep>57072-310</cep>
    <logradouro>Rua Antônio Florêncio de Araújo Lima</logradouro>
    <complemento/>
    <unidade/>
    <bairro>Cidade Universitária</bairro>
    <localidade>Maceió</localidade>
    <uf>AL</uf>
    <estado>Alagoas</estado>
    <região/>
    <ibge>2704302</ibge>
    <gia/>
    <ddd>82</ddd>
    <siafi>2785</siafi>
  </cep>
  <cep>
    <cep>57072-313</cep>
    <logradouro>Rua Fortaleza</logradouro>
    <complemento/>
    <unidade/>
    <bairro>Cidade Universitária</bairro>
    <localidade>Maceió</localidade>
    <uf>AL</uf>
    <estado>Alagoas</estado>
    <região/>
    <ibge>2704302</ibge>
    <gia/>
    <ddd>82</ddd>
    <siafi>2785</siafi>
  </cep>
  <cep>
    <cep>57072-316</cep>
    <logradouro>Rua Ceará</logradouro>
    <complemento/>
    <unidade/>
    <bairro>Cidade Universitária</bairro>
    <localidade>Maceió</localidade>
    <uf>AL</uf>
    <estado>Alagoas</estado>
    <região/>
    <ibge>2704302</ibge>
    <gia/>
    <ddd>82</ddd>
    <siafi>2785</siafi>
  </cep>
  <cep>
    <cep>57072-319</cep>
    <logradouro>Rua Presidente Fernando Collor de Melo</logradouro>
    <complemento/>
    <unidade/>
    <bairro>Cidade Universitária</bairro>
    <localidade>Maceió</localidade>
    <uf>AL</uf>
    <estado>Alagoas</estado>
    <região/>
    <ibge>2704302</ibge>
    <gia/>
    <ddd>82</ddd>
    <siafi>2785</siafi>
  </cep>
  <cep>
    <cep>57072-291</cep>
    <logradouro>Quadra A</logradouro>
    <complemento>(Loteamento Esplanada)</complemento>
    <unidade/>
    <bairro>Cidade Universitária</bairro>
    <localidade>Maceió</localidade>
    <uf>AL</uf>
    <estado>Alagoas</estado>
    <região/>
    <ibge>2704302</ibge>
    <gia/>
    <ddd>82</ddd>
    <siafi>2785</siafi>
  </cep>
  <cep>
    <cep>57072-309</cep>
    <logradouro>Rua São Lucas</logradouro>
    <complemento/>
    <unidade/>
    <bairro>Cidade Universitária</bairro>
    <localidade>Maceió</localidade>
    <uf>AL</uf>
    <estado>Alagoas</estado>
    <região/>
    <ibge>2704302</ibge>
    <gia/>
    <ddd>82</ddd>
    <siafi>2785</siafi>
  </cep>
  <cep>
    <cep>57072-150</cep>
    <logradouro>Rua Sebastião Antônio das Neves</logradouro>
    <complemento/>
    <unidade/>
    <bairro>Cidade Universitária</bairro>
    <localidade>Maceió</localidade>
    <uf>AL</uf>
    <estado>Alagoas</estado>
    <região/>
    <ibge>2704302</ibge>
    <gia/>
    <ddd>82</ddd>
    <siafi>2785</siafi>
  </cep>
  <cep>
    <cep>57072-341</cep>
    <logradouro>Rua Sebastião Hélio Rebelo de Vasconcelos</logradouro>
    <complemento/>
    <unidade/>
    <bairro>Cidade Universitária</bairro>
    <localidade>Maceió</localidade>
    <uf>AL</uf>
    <estado>Alagoas</estado>
    <região/>
    <ibge>2704302</ibge>
    <gia/>
    <ddd>82</ddd>
    <siafi>2785</siafi>
  </cep>
  <cep>
    <cep>57072-330</cep>
    <logradouro>Rua Wilson Gama</logradouro>
    <complemento/>
    <unidade/>
    <bairro>Cidade Universitária</bairro>
    <localidade>Maceió</localidade>
    <uf>AL</uf>
    <estado>Alagoas</estado>
    <região/>
    <ibge>2704302</ibge>
    <gia/>
    <ddd>82</ddd>
    <siafi>2785</siafi>
  </cep>
  <cep>
    <cep>57072-268</cep>
    <logradouro>Quadra C</logradouro>
    <complemento>(Lot São Caetano I)</complemento>
    <unidade/>
    <bairro>Cidade Universitária</bairro>
    <localidade>Maceió</localidade>
    <uf>AL</uf>
    <estado>Alagoas</estado>
    <região/>
    <ibge>2704302</ibge>
    <gia/>
    <ddd>82</ddd>
    <siafi>2785</siafi>
  </cep>
  <cep>
    <cep>57072-160</cep>
    <logradouro>Rua Doutor Carlos Brêda</logradouro>
    <complemento/>
    <unidade/>
    <bairro>Cidade Universitária</bairro>
    <localidade>Maceió</localidade>
    <uf>AL</uf>
    <estado>Alagoas</estado>
    <região/>
    <ibge>2704302</ibge>
    <gia/>
    <ddd>82</ddd>
    <siafi>2785</siafi>
  </cep>
  <cep>
    <cep>57072-318</cep>
    <logradouro>Rua Antonio Timóteo</logradouro>
    <complemento/>
    <unidade/>
    <bairro>Cidade Universitária</bairro>
    <localidade>Maceió</localidade>
    <uf>AL</uf>
    <estado>Alagoas</estado>
    <região/>
    <ibge>2704302</ibge>
    <gia/>
    <ddd>82</ddd>
    <siafi>2785</siafi>
  </cep>
  <cep>
    <cep>57072-317</cep>
    <logradouro>Rua José Duca</logradouro>
    <complemento/>
    <unidade/>
    <bairro>Cidade Universitária</bairro>
    <localidade>Maceió</localidade>
    <uf>AL</uf>
    <estado>Alagoas</estado>
    <região/>
    <ibge>2704302</ibge>
    <gia/>
    <ddd>82</ddd>
    <siafi>2785</siafi>
  </cep>
  <cep>
    <cep>57072-362</cep>
    <logradouro>Rua J</logradouro>
    <complemento>(Cj Eustáquio Gomes)</complemento>
    <unidade/>
    <bairro>Cidade Universitária</bairro>
    <localidade>Maceió</localidade>
    <uf>AL</uf>
    <estado>Alagoas</estado>
    <região/>
    <ibge>2704302</ibge>
    <gia/>
    <ddd>82</ddd>
    <siafi>2785</siafi>
  </cep>
  <cep>
    <cep>57072-314</cep>
    <logradouro>Travessa Fortaleza</logradouro>
    <complemento/>
    <unidade/>
    <bairro>Cidade Universitária</bairro>
    <localidade>Maceió</localidade>
    <uf>AL</uf>
    <estado>Alagoas</estado>
    <região/>
    <ibge>2704302</ibge>
    <gia/>
    <ddd>82</ddd>
    <siafi>2785</siafi>
  </cep>
  <cep>
    <cep>57072-240</cep>
    <logradouro>Rua Radialista Waldomiro Macário Barbosa</logradouro>
    <complemento/>
    <unidade/>
    <bairro>Cidade Universitária</bairro>
    <localidade>Maceió</localidade>
    <uf>AL</uf>
    <estado>Alagoas</estado>
    <região/>
    <ibge>2704302</ibge>
    <gia/>
    <ddd>82</ddd>
    <siafi>2785</siafi>
  </cep>
  <cep>
    <cep>57072-364</cep>
    <logradouro>Rua A</logradouro>
    <complemento>(Cj Eustáquio Gomes)</complemento>
    <unidade/>
    <bairro>Cidade Universitária</bairro>
    <localidade>Maceió</localidade>
    <uf>AL</uf>
    <estado>Alagoas</estado>
    <região/>
    <ibge>2704302</ibge>
    <gia/>
    <ddd>82</ddd>
    <siafi>2785</siafi>
  </cep>
  <cep>
    <cep>57072-350</cep>
    <logradouro>Rua Estudante José Milton Buarque de Melo</logradouro>
    <complemento/>
    <unidade/>
    <bairro>Cidade Universitária</bairro>
    <localidade>Maceió</localidade>
    <uf>AL</uf>
    <estado>Alagoas</estado>
    <região/>
    <ibge>2704302</ibge>
    <gia/>
    <ddd>82</ddd>
    <siafi>2785</siafi>
  </cep>
  <cep>
    <cep>57072-363</cep>
    <logradouro>Rua E</logradouro>
    <complemento>(Cj Eustáquio Gomes)</complemento>
    <unidade/>
    <bairro>Cidade Universitária</bairro>
    <localidade>Maceió</localidade>
    <uf>AL</uf>
    <estado>Alagoas</estado>
    <região/>
    <ibge>2704302</ibge>
    <gia/>
    <ddd>82</ddd>
    <siafi>2785</siafi>
  </cep>
  <cep>
    <cep>57072-298</cep>
    <logradouro>2ª Travessa São Caetano</logradouro>
    <complemento>(Loteamento São Caetano)</complemento>
    <unidade/>
    <bairro>Cidade Universitária</bairro>
    <localidade>Maceió</localidade>
    <uf>AL</uf>
    <estado>Alagoas</estado>
    <região/>
    <ibge>2704302</ibge>
    <gia/>
    <ddd>82</ddd>
    <siafi>2785</siafi>
  </cep>
  <cep>
    <cep>57072-312</cep>
    <logradouro>Rua Pedro Álvares Cabral</logradouro>
    <complemento/>
    <unidade/>
    <bairro>Cidade Universitária</bairro>
    <localidade>Maceió</localidade>
    <uf>AL</uf>
    <estado>Alagoas</estado>
    <região/>
    <ibge>2704302</ibge>
    <gia/>
    <ddd>82</ddd>
    <siafi>2785</siafi>
  </cep>
  <cep>
    <cep>57072-366</cep>
    <logradouro>Rua K</logradouro>
    <complemento>(Cj Eustáquio Gomes)</complemento>
    <unidade/>
    <bairro>Cidade Universitária</bairro>
    <localidade>Maceió</localidade>
    <uf>AL</uf>
    <estado>Alagoas</estado>
    <região/>
    <ibge>2704302</ibge>
    <gia/>
    <ddd>82</ddd>
    <siafi>2785</siafi>
  </cep>
  <cep>
    <cep>57072-371</cep>
    <logradouro>Rua E-1</logradouro>
    <complemento>(Cj Eustáquio Gomes 2)</complemento>
    <unidade/>
    <bairro>Cidade Universitária</bairro>
    <localidade>Maceió</localidade>
    <uf>AL</uf>
    <estado>Alagoas</estado>
    <região/>
    <ibge>2704302</ibge>
    <gia/>
    <ddd>82</ddd>
    <siafi>2785</siafi>
  </cep>
  <cep>
    <cep>57072-365</cep>
    <logradouro>Rua H</logradouro>
    <complemento>(Cj Eustáquio Gomes)</complemento>
    <unidade/>
    <bairro>Cidade Universitária</bairro>
    <localidade>Maceió</localidade>
    <uf>AL</uf>
    <estado>Alagoas</estado>
    <região/>
    <ibge>2704302</ibge>
    <gia/>
    <ddd>82</ddd>
    <siafi>2785</siafi>
  </cep>
  <cep>
    <cep>57072-375</cep>
    <logradouro>Rua C-1</logradouro>
    <complemento>(Cj Eustáquio Gomes 2)</complemento>
    <unidade/>
    <bairro>Cidade Universitária</bairro>
    <localidade>Maceió</localidade>
    <uf>AL</uf>
    <estado>Alagoas</estado>
    <região/>
    <ibge>2704302</ibge>
    <gia/>
    <ddd>82</ddd>
    <siafi>2785</siafi>
  </cep>
  <cep>
    <cep>57072-373</cep>
    <logradouro>Rua K-1</logradouro>
    <complemento>(Cj Eustáquio Gomes 2)</complemento>
    <unidade/>
    <bairro>Cidade Universitária</bairro>
    <localidade>Maceió</localidade>
    <uf>AL</uf>
    <estado>Alagoas</estado>
    <região/>
    <ibge>2704302</ibge>
    <gia/>
    <ddd>82</ddd>
    <siafi>2785</siafi>
  </cep>
  <cep>
    <cep>57072-374</cep>
    <logradouro>Rua F-1</logradouro>
    <complemento>(Cj Eustáquio Gomes 2)</complemento>
    <unidade/>
    <bairro>Cidade Universitária</bairro>
    <localidade>Maceió</localidade>
    <uf>AL</uf>
    <estado>Alagoas</estado>
    <região/>
    <ibge>2704302</ibge>
    <gia/>
    <ddd>82</ddd>
    <siafi>2785</siafi>
  </cep>
  <cep>
    <cep>57072-376</cep>
    <logradouro>Rua L</logradouro>
    <complemento>(Cj Eustaquio Gomes de Melo)</complemento>
    <unidade/>
    <bairro>Cidade Universitária</bairro>
    <localidade>Maceió</localidade>
    <uf>AL</uf>
    <estado>Alagoas</estado>
    <região/>
    <ibge>2704302</ibge>
    <gia/>
    <ddd>82</ddd>
    <siafi>2785</siafi>
  </cep>
  <cep>
    <cep>57072-402</cep>
    <logradouro>Rua U 1</logradouro>
    <complemento>(Cj Eustáquio Gomes de Melo)</complemento>
    <unidade/>
    <bairro>Cidade Universitária</bairro>
    <localidade>Maceió</localidade>
    <uf>AL</uf>
    <estado>Alagoas</estado>
    <região/>
    <ibge>2704302</ibge>
    <gia/>
    <ddd>82</ddd>
    <siafi>2785</siafi>
  </cep>
  <cep>
    <cep>57072-400</cep>
    <logradouro>Rua Maria José das Chagas Camelo Silva</logradouro>
    <complemento/>
    <unidade/>
    <bairro>Cidade Universitária</bairro>
    <localidade>Maceió</localidade>
    <uf>AL</uf>
    <estado>Alagoas</estado>
    <região/>
    <ibge>2704302</ibge>
    <gia/>
    <ddd>82</ddd>
    <siafi>2785</siafi>
  </cep>
  <cep>
    <cep>57072-403</cep>
    <logradouro>Rua Q-1</logradouro>
    <complemento>(Cj Eustáquio Gomes de Melo 2)</complemento>
    <unidade/>
    <bairro>Cidade Universitária</bairro>
    <localidade>Maceió</localidade>
    <uf>AL</uf>
    <estado>Alagoas</estado>
    <região/>
    <ibge>2704302</ibge>
    <gia/>
    <ddd>82</ddd>
    <siafi>2785</siafi>
  </cep>
  <cep>
    <cep>57072-378</cep>
    <logradouro>Bloco B</logradouro>
    <complemento>(Cj Eustáquio Gomes)</complemento>
    <unidade/>
    <bairro>Cidade Universitária</bairro>
    <localidade>Maceió</localidade>
    <uf>AL</uf>
    <estado>Alagoas</estado>
    <região/>
    <ibge>2704302</ibge>
    <gia/>
    <ddd>82</ddd>
    <siafi>2785</siafi>
  </cep>
  <cep>
    <cep>57072-404</cep>
    <logradouro>Rua D - E</logradouro>
    <complemento>(Cj Eustáquio Gomes de Melo)</complemento>
    <unidade/>
    <bairro>Cidade Universitária</bairro>
    <localidade>Maceió</localidade>
    <uf>AL</uf>
    <estado>Alagoas</estado>
    <região/>
    <ibge>2704302</ibge>
    <gia/>
    <ddd>82</ddd>
    <siafi>2785</siafi>
  </cep>
  <cep>
    <cep>57072-406</cep>
    <logradouro>Rua ABC</logradouro>
    <complemento>(Cj Eustáquio Gomes de Melo)</complemento>
    <unidade/>
    <bairro>Cidade Universitária</bairro>
    <localidade>Maceió</localidade>
    <uf>AL</uf>
    <estado>Alagoas</estado>
    <região/>
    <ibge>2704302</ibge>
    <gia/>
    <ddd>82</ddd>
    <siafi>2785</siafi>
  </cep>
  <cep>
    <cep>57072-410</cep>
    <logradouro>Rua Maria Angélica da Conceição</logradouro>
    <complemento/>
    <unidade/>
    <bairro>Cidade Universitária</bairro>
    <localidade>Maceió</localidade>
    <uf>AL</uf>
    <estado>Alagoas</estado>
    <região/>
    <ibge>2704302</ibge>
    <gia/>
    <ddd>82</ddd>
    <siafi>2785</siafi>
  </cep>
  <cep>
    <cep>57072-440</cep>
    <logradouro>Rua Pedro Tenório Raposo</logradouro>
    <complemento/>
    <unidade/>
    <bairro>Cidade Universitária</bairro>
    <localidade>Maceió</localidade>
    <uf>AL</uf>
    <estado>Alagoas</estado>
    <região/>
    <ibge>2704302</ibge>
    <gia/>
    <ddd>82</ddd>
    <siafi>2785</siafi>
  </cep>
  <cep>
    <cep>57072-430</cep>
    <logradouro>Rua Miguel Pereira de Omena</logradouro>
    <complemento/>
    <unidade/>
    <bairro>Cidade Universitária</bairro>
    <localidade>Maceió</localidade>
    <uf>AL</uf>
    <estado>Alagoas</estado>
    <região/>
    <ibge>2704302</ibge>
    <gia/>
    <ddd>82</ddd>
    <siafi>2785</siafi>
  </cep>
  <cep>
    <cep>57072-480</cep>
    <logradouro>Rua Pastor Manoel Pereira Lima</logradouro>
    <complemento/>
    <unidade/>
    <bairro>Cidade Universitária</bairro>
    <localidade>Maceió</localidade>
    <uf>AL</uf>
    <estado>Alagoas</estado>
    <região/>
    <ibge>2704302</ibge>
    <gia/>
    <ddd>82</ddd>
    <siafi>2785</siafi>
  </cep>
  <cep>
    <cep>57072-560</cep>
    <logradouro>Rua Doutor Agrícola Guerra</logradouro>
    <complemento/>
    <unidade/>
    <bairro>Cidade Universitária</bairro>
    <localidade>Maceió</localidade>
    <uf>AL</uf>
    <estado>Alagoas</estado>
    <região/>
    <ibge>2704302</ibge>
    <gia/>
    <ddd>82</ddd>
    <siafi>2785</siafi>
  </cep>
  <cep>
    <cep>57072-585</cep>
    <logradouro>Rua Júlia Vieira Sandes</logradouro>
    <complemento/>
    <unidade/>
    <bairro>Cidade Universitária</bairro>
    <localidade>Maceió</localidade>
    <uf>AL</uf>
    <estado>Alagoas</estado>
    <região/>
    <ibge>2704302</ibge>
    <gia/>
    <ddd>82</ddd>
    <siafi>2785</siafi>
  </cep>
  <cep>
    <cep>57072-600</cep>
    <logradouro>Rua Dulce Cavalcante de Azevedo</logradouro>
    <complemento/>
    <unidade/>
    <bairro>Cidade Universitária</bairro>
    <localidade>Maceió</localidade>
    <uf>AL</uf>
    <estado>Alagoas</estado>
    <região/>
    <ibge>2704302</ibge>
    <gia/>
    <ddd>82</ddd>
    <siafi>2785</siafi>
  </cep>
  <cep>
    <cep>57072-614</cep>
    <logradouro>Rua Carmelita Rodrigues dos Santos</logradouro>
    <complemento/>
    <unidade/>
    <bairro>Cidade Universitária</bairro>
    <localidade>Maceió</localidade>
    <uf>AL</uf>
    <estado>Alagoas</estado>
    <região/>
    <ibge>2704302</ibge>
    <gia/>
    <ddd>82</ddd>
    <siafi>2785</siafi>
  </cep>
  <cep>
    <cep>57072-612</cep>
    <logradouro>Rua Heitor José da Silva</logradouro>
    <complemento/>
    <unidade/>
    <bairro>Cidade Universitária</bairro>
    <localidade>Maceió</localidade>
    <uf>AL</uf>
    <estado>Alagoas</estado>
    <região/>
    <ibge>2704302</ibge>
    <gia/>
    <ddd>82</ddd>
    <siafi>2785</siafi>
  </cep>
  <cep>
    <cep>57072-670</cep>
    <logradouro>Rua Napoleão Lopes Arroxelas</logradouro>
    <complemento/>
    <unidade/>
    <bairro>Cidade Universitária</bairro>
    <localidade>Maceió</localidade>
    <uf>AL</uf>
    <estado>Alagoas</estado>
    <região/>
    <ibge>2704302</ibge>
    <gia/>
    <ddd>82</ddd>
    <siafi>2785</siafi>
  </cep>
  <cep>
    <cep>57072-690</cep>
    <logradouro>Rua Overlac Rocha Buenos Ayres</logradouro>
    <complemento/>
    <unidade/>
    <bairro>Cidade Universitária</bairro>
    <localidade>Maceió</localidade>
    <uf>AL</uf>
    <estado>Alagoas</estado>
    <região/>
    <ibge>2704302</ibge>
    <gia/>
    <ddd>82</ddd>
    <siafi>2785</siafi>
  </cep>
  <cep>
    <cep>57072-460</cep>
    <logradouro>Rua Zafira Ataíde Cerqueira</logradouro>
    <complemento/>
    <unidade/>
    <bairro>Cidade Universitária</bairro>
    <localidade>Maceió</localidade>
    <uf>AL</uf>
    <estado>Alagoas</estado>
    <região/>
    <ibge>2704302</ibge>
    <gia/>
    <ddd>82</ddd>
    <siafi>2785</siafi>
  </cep>
  <cep>
    <cep>57072-800</cep>
    <logradouro>Rua José Augusto Lessa</logradouro>
    <complemento>(Projetada 0628)</complemento>
    <unidade/>
    <bairro>Cidade Universitária</bairro>
    <localidade>Maceió</localidade>
    <uf>AL</uf>
    <estado>Alagoas</estado>
    <região/>
    <ibge>2704302</ibge>
    <gia/>
    <ddd>82</ddd>
    <siafi>2785</siafi>
  </cep>
  <cep>
    <cep>57072-580</cep>
    <logradouro>Rua Luiz Cerqueira</logradouro>
    <complemento/>
    <unidade/>
    <bairro>Cidade Universitária</bairro>
    <localidade>Maceió</localidade>
    <uf>AL</uf>
    <estado>Alagoas</estado>
    <região/>
    <ibge>2704302</ibge>
    <gia/>
    <ddd>82</ddd>
    <siafi>2785</siafi>
  </cep>
  <cep>
    <cep>57072-770</cep>
    <logradouro>Rua Desportista Hélio Miranda</logradouro>
    <complemento/>
    <unidade/>
    <bairro>Cidade Universitária</bairro>
    <localidade>Maceió</localidade>
    <uf>AL</uf>
    <estado>Alagoas</estado>
    <região/>
    <ibge>2704302</ibge>
    <gia/>
    <ddd>82</ddd>
    <siafi>2785</siafi>
  </cep>
  <cep>
    <cep>57072-590</cep>
    <logradouro>Rua Júlio Ferreira de Melo</logradouro>
    <complemento/>
    <unidade/>
    <bairro>Cidade Universitária</bairro>
    <localidade>Maceió</localidade>
    <uf>AL</uf>
    <estado>Alagoas</estado>
    <região/>
    <ibge>2704302</ibge>
    <gia/>
    <ddd>82</ddd>
    <siafi>2785</siafi>
  </cep>
  <cep>
    <cep>57072-490</cep>
    <logradouro>Rua Manoel Miguel da Silva</logradouro>
    <complemento/>
    <unidade/>
    <bairro>Cidade Universitária</bairro>
    <localidade>Maceió</localidade>
    <uf>AL</uf>
    <estado>Alagoas</estado>
    <região/>
    <ibge>2704302</ibge>
    <gia/>
    <ddd>82</ddd>
    <siafi>2785</siafi>
  </cep>
  <cep>
    <cep>57072-567</cep>
    <logradouro>Rua Projetada E</logradouro>
    <complemento>(Res Jardim Royal)</complemento>
    <unidade/>
    <bairro>Cidade Universitária</bairro>
    <localidade>Maceió</localidade>
    <uf>AL</uf>
    <estado>Alagoas</estado>
    <região/>
    <ibge>2704302</ibge>
    <gia/>
    <ddd>82</ddd>
    <siafi>2785</siafi>
  </cep>
  <cep>
    <cep>57072-540</cep>
    <logradouro>Rua Deputado Adhemar Medeiros</logradouro>
    <complemento/>
    <unidade/>
    <bairro>Cidade Universitária</bairro>
    <localidade>Maceió</localidade>
    <uf>AL</uf>
    <estado>Alagoas</estado>
    <região/>
    <ibge>2704302</ibge>
    <gia/>
    <ddd>82</ddd>
    <siafi>2785</siafi>
  </cep>
  <cep>
    <cep>57072-847</cep>
    <logradouro>Rua B-12</logradouro>
    <complemento>(Res Novo Jardim)</complemento>
    <unidade/>
    <bairro>Cidade Universitária</bairro>
    <localidade>Maceió</localidade>
    <uf>AL</uf>
    <estado>Alagoas</estado>
    <região/>
    <ibge>2704302</ibge>
    <gia/>
    <ddd>82</ddd>
    <siafi>2785</siafi>
  </cep>
  <cep>
    <cep>57072-833</cep>
    <logradouro>Rua 3</logradouro>
    <complemento>(Cj Lucila Toledo)</complemento>
    <unidade/>
    <bairro>Cidade Universitária</bairro>
    <localidade>Maceió</localidade>
    <uf>AL</uf>
    <estado>Alagoas</estado>
    <região/>
    <ibge>2704302</ibge>
    <gia/>
    <ddd>82</ddd>
    <siafi>2785</siafi>
  </cep>
  <cep>
    <cep>57072-890</cep>
    <logradouro>Rua A-19</logradouro>
    <complemento>(Res Novo Jardim)</complemento>
    <unidade/>
    <bairro>Cidade Universitária</bairro>
    <localidade>Maceió</localidade>
    <uf>AL</uf>
    <estado>Alagoas</estado>
    <região/>
    <ibge>2704302</ibge>
    <gia/>
    <ddd>82</ddd>
    <siafi>2785</siafi>
  </cep>
  <cep>
    <cep>57072-611</cep>
    <logradouro>Rua Presidente Getúlio Vargas</logradouro>
    <complemento/>
    <unidade/>
    <bairro>Cidade Universitária</bairro>
    <localidade>Maceió</localidade>
    <uf>AL</uf>
    <estado>Alagoas</estado>
    <região/>
    <ibge>2704302</ibge>
    <gia/>
    <ddd>82</ddd>
    <siafi>2785</siafi>
  </cep>
  <cep>
    <cep>57072-640</cep>
    <logradouro>Rua Doutor José Teixeira Neto</logradouro>
    <complemento/>
    <unidade/>
    <bairro>Cidade Universitária</bairro>
    <localidade>Maceió</localidade>
    <uf>AL</uf>
    <estado>Alagoas</estado>
    <região/>
    <ibge>2704302</ibge>
    <gia/>
    <ddd>82</ddd>
    <siafi>2785</siafi>
  </cep>
  <cep>
    <cep>57072-650</cep>
    <logradouro>Rua Ulisses Cerqueira</logradouro>
    <complemento/>
    <unidade/>
    <bairro>Cidade Universitária</bairro>
    <localidade>Maceió</localidade>
    <uf>AL</uf>
    <estado>Alagoas</estado>
    <região/>
    <ibge>2704302</ibge>
    <gia/>
    <ddd>82</ddd>
    <siafi>2785</siafi>
  </cep>
  <cep>
    <cep>57073-021</cep>
    <logradouro>Rua 01</logradouro>
    <complemento>(Cj Village Campestre I)</complemento>
    <unidade/>
    <bairro>Cidade Universitária</bairro>
    <localidade>Maceió</localidade>
    <uf>AL</uf>
    <estado>Alagoas</estado>
    <região/>
    <ibge>2704302</ibge>
    <gia/>
    <ddd>82</ddd>
    <siafi>2785</siafi>
  </cep>
  <cep>
    <cep>57072-550</cep>
    <logradouro>Rua Artur Macêdo França</logradouro>
    <complemento/>
    <unidade/>
    <bairro>Cidade Universitária</bairro>
    <localidade>Maceió</localidade>
    <uf>AL</uf>
    <estado>Alagoas</estado>
    <região/>
    <ibge>2704302</ibge>
    <gia/>
    <ddd>82</ddd>
    <siafi>2785</siafi>
  </cep>
  <cep>
    <cep>57072-620</cep>
    <logradouro>Rua Professora Maria de Lourdes Rocha</logradouro>
    <complemento/>
    <unidade/>
    <bairro>Cidade Universitária</bairro>
    <localidade>Maceió</localidade>
    <uf>AL</uf>
    <estado>Alagoas</estado>
    <região/>
    <ibge>2704302</ibge>
    <gia/>
    <ddd>82</ddd>
    <siafi>2785</siafi>
  </cep>
  <cep>
    <cep>57072-450</cep>
    <logradouro>Rua Professora Maria Luíza Gusmão de Moraes</logradouro>
    <complemento/>
    <unidade/>
    <bairro>Cidade Universitária</bairro>
    <localidade>Maceió</localidade>
    <uf>AL</uf>
    <estado>Alagoas</estado>
    <região/>
    <ibge>2704302</ibge>
    <gia/>
    <ddd>82</ddd>
    <siafi>2785</siafi>
  </cep>
  <cep>
    <cep>57073-022</cep>
    <logradouro>Rua 02</logradouro>
    <complemento>(Cj Village Campestre I)</complemento>
    <unidade/>
    <bairro>Cidade Universitária</bairro>
    <localidade>Maceió</localidade>
    <uf>AL</uf>
    <estado>Alagoas</estado>
    <região/>
    <ibge>2704302</ibge>
    <gia/>
    <ddd>82</ddd>
    <siafi>2785</siafi>
  </cep>
  <cep>
    <cep>57072-760</cep>
    <logradouro>Avenida Doutor Fábio Wanderley</logradouro>
    <complemento/>
    <unidade/>
    <bairro>Cidade Universitária</bairro>
    <localidade>Maceió</localidade>
    <uf>AL</uf>
    <estado>Alagoas</estado>
    <região/>
    <ibge>2704302</ibge>
    <gia/>
    <ddd>82</ddd>
    <siafi>2785</siafi>
  </cep>
  <cep>
    <cep>57072-742</cep>
    <logradouro>Rua Projetada 684</logradouro>
    <complemento>(Lot Gama Lins)</complemento>
    <unidade/>
    <bairro>Cidade Universitária</bairro>
    <localidade>Maceió</localidade>
    <uf>AL</uf>
    <estado>Alagoas</estado>
    <região/>
    <ibge>2704302</ibge>
    <gia/>
    <ddd>82</ddd>
    <siafi>2785</siafi>
  </cep>
  <cep>
    <cep>57073-000</cep>
    <logradouro>Avenida Empresário Nelson Oliveira Menezes</logradouro>
    <complemento/>
    <unidade/>
    <bairro>Cidade Universitária</bairro>
    <localidade>Maceió</localidade>
    <uf>AL</uf>
    <estado>Alagoas</estado>
    <região/>
    <ibge>2704302</ibge>
    <gia/>
    <ddd>82</ddd>
    <siafi>2785</siafi>
  </cep>
  <cep>
    <cep>57072-452</cep>
    <logradouro>Rua Expedito Vitor Ferreira</logradouro>
    <complemento>(P-1)</complemento>
    <unidade/>
    <bairro>Cidade Universitária</bairro>
    <localidade>Maceió</localidade>
    <uf>AL</uf>
    <estado>Alagoas</estado>
    <região/>
    <ibge>2704302</ibge>
    <gia/>
    <ddd>82</ddd>
    <siafi>2785</siafi>
  </cep>
  <cep>
    <cep>57073-026</cep>
    <logradouro>Rua Leonor Lopes Pimentel</logradouro>
    <complemento>(06 - Cj Village Campestre I)</complemento>
    <unidade/>
    <bairro>Cidade Universitária</bairro>
    <localidade>Maceió</localidade>
    <uf>AL</uf>
    <estado>Alagoas</estado>
    <região/>
    <ibge>2704302</ibge>
    <gia/>
    <ddd>82</ddd>
    <siafi>2785</siafi>
  </cep>
  <cep>
    <cep>57073-025</cep>
    <logradouro>Rua 05</logradouro>
    <complemento>(Cj Village Campestre I)</complemento>
    <unidade/>
    <bairro>Cidade Universitária</bairro>
    <localidade>Maceió</localidade>
    <uf>AL</uf>
    <estado>Alagoas</estado>
    <região/>
    <ibge>2704302</ibge>
    <gia/>
    <ddd>82</ddd>
    <siafi>2785</siafi>
  </cep>
  <cep>
    <cep>57072-732</cep>
    <logradouro>Rua L1 M1</logradouro>
    <complemento>(Cj Eustáquio Gomes de Melo)</complemento>
    <unidade/>
    <bairro>Cidade Universitária</bairro>
    <localidade>Maceió</localidade>
    <uf>AL</uf>
    <estado>Alagoas</estado>
    <região/>
    <ibge>2704302</ibge>
    <gia/>
    <ddd>82</ddd>
    <siafi>2785</siafi>
  </cep>
  <cep>
    <cep>57073-027</cep>
    <logradouro>Rua 07</logradouro>
    <complemento>(Cj Village Campestre I)</complemento>
    <unidade/>
    <bairro>Cidade Universitária</bairro>
    <localidade>Maceió</localidade>
    <uf>AL</uf>
    <estado>Alagoas</estado>
    <região/>
    <ibge>2704302</ibge>
    <gia/>
    <ddd>82</ddd>
    <siafi>2785</siafi>
  </cep>
  <cep>
    <cep>57073-029</cep>
    <logradouro>Rua Rita Mendes da Silva</logradouro>
    <complemento>(Cj Village Campestre I)</complemento>
    <unidade/>
    <bairro>Cidade Universitária</bairro>
    <localidade>Maceió</localidade>
    <uf>AL</uf>
    <estado>Alagoas</estado>
    <região/>
    <ibge>2704302</ibge>
    <gia/>
    <ddd>82</ddd>
    <siafi>2785</siafi>
  </cep>
  <cep>
    <cep>57072-613</cep>
    <logradouro>Rua Primeiro de Maio</logradouro>
    <complemento/>
    <unidade/>
    <bairro>Cidade Universitária</bairro>
    <localidade>Maceió</localidade>
    <uf>AL</uf>
    <estado>Alagoas</estado>
    <região/>
    <ibge>2704302</ibge>
    <gia/>
    <ddd>82</ddd>
    <siafi>2785</siafi>
  </cep>
  <cep>
    <cep>57072-730</cep>
    <logradouro>Rua Luiz Lopes Pontes</logradouro>
    <complemento/>
    <unidade/>
    <bairro>Cidade Universitária</bairro>
    <localidade>Maceió</localidade>
    <uf>AL</uf>
    <estado>Alagoas</estado>
    <região/>
    <ibge>2704302</ibge>
    <gia/>
    <ddd>82</ddd>
    <siafi>2785</siafi>
  </cep>
  <cep>
    <cep>57072-520</cep>
    <logradouro>Rua Hélio da Silva Wanderley</logradouro>
    <complemento/>
    <unidade/>
    <bairro>Cidade Universitária</bairro>
    <localidade>Maceió</localidade>
    <uf>AL</uf>
    <estado>Alagoas</estado>
    <região/>
    <ibge>2704302</ibge>
    <gia/>
    <ddd>82</ddd>
    <siafi>2785</siafi>
  </cep>
  <cep>
    <cep>57073-028</cep>
    <logradouro>Rua 08</logradouro>
    <complemento>(Cj Village Campestre I)</complemento>
    <unidade/>
    <bairro>Cidade Universitária</bairro>
    <localidade>Maceió</localidade>
    <uf>AL</uf>
    <estado>Alagoas</estado>
    <região/>
    <ibge>2704302</ibge>
    <gia/>
    <ddd>82</ddd>
    <siafi>2785</siafi>
  </cep>
  <cep>
    <cep>57073-018</cep>
    <logradouro>Travessa Doutor Fernando do Couto Malta</logradouro>
    <complemento/>
    <unidade/>
    <bairro>Cidade Universitária</bairro>
    <localidade>Maceió</localidade>
    <uf>AL</uf>
    <estado>Alagoas</estado>
    <região/>
    <ibge>2704302</ibge>
    <gia/>
    <ddd>82</ddd>
    <siafi>2785</siafi>
  </cep>
  <cep>
    <cep>57072-500</cep>
    <logradouro>Rua Everaldo Codá dos Santos</logradouro>
    <complemento/>
    <unidade/>
    <bairro>Cidade Universitária</bairro>
    <localidade>Maceió</localidade>
    <uf>AL</uf>
    <estado>Alagoas</estado>
    <região/>
    <ibge>2704302</ibge>
    <gia/>
    <ddd>82</ddd>
    <siafi>2785</siafi>
  </cep>
  <cep>
    <cep>57073-030</cep>
    <logradouro>Avenida Doutor Fernando do Couto Malta</logradouro>
    <complemento/>
    <unidade/>
    <bairro>Cidade Universitária</bairro>
    <localidade>Maceió</localidade>
    <uf>AL</uf>
    <estado>Alagoas</estado>
    <região/>
    <ibge>2704302</ibge>
    <gia/>
    <ddd>82</ddd>
    <siafi>2785</siafi>
  </cep>
  <cep>
    <cep>57073-023</cep>
    <logradouro>Rua 03</logradouro>
    <complemento>(Cj Village Campestre I)</complemento>
    <unidade/>
    <bairro>Cidade Universitária</bairro>
    <localidade>Maceió</localidade>
    <uf>AL</uf>
    <estado>Alagoas</estado>
    <região/>
    <ibge>2704302</ibge>
    <gia/>
    <ddd>82</ddd>
    <siafi>2785</siafi>
  </cep>
  <cep>
    <cep>57072-720</cep>
    <logradouro>Rua Dona Afra Camelo</logradouro>
    <complemento/>
    <unidade/>
    <bairro>Cidade Universitária</bairro>
    <localidade>Maceió</localidade>
    <uf>AL</uf>
    <estado>Alagoas</estado>
    <região/>
    <ibge>2704302</ibge>
    <gia/>
    <ddd>82</ddd>
    <siafi>2785</siafi>
  </cep>
  <cep>
    <cep>57072-780</cep>
    <logradouro>Rua Estudante Lisiane Guimarães</logradouro>
    <complemento/>
    <unidade/>
    <bairro>Cidade Universitária</bairro>
    <localidade>Maceió</localidade>
    <uf>AL</uf>
    <estado>Alagoas</estado>
    <região/>
    <ibge>2704302</ibge>
    <gia/>
    <ddd>82</ddd>
    <siafi>2785</siafi>
  </cep>
  <cep>
    <cep>57072-831</cep>
    <logradouro>Rua 1</logradouro>
    <complemento>(Cj Lucila Toledo)</complemento>
    <unidade/>
    <bairro>Cidade Universitária</bairro>
    <localidade>Maceió</localidade>
    <uf>AL</uf>
    <estado>Alagoas</estado>
    <região/>
    <ibge>2704302</ibge>
    <gia/>
    <ddd>82</ddd>
    <siafi>2785</siafi>
  </cep>
  <cep>
    <cep>57072-832</cep>
    <logradouro>Rua 2</logradouro>
    <complemento>(Cj Lucila Toledo)</complemento>
    <unidade/>
    <bairro>Cidade Universitária</bairro>
    <localidade>Maceió</localidade>
    <uf>AL</uf>
    <estado>Alagoas</estado>
    <região/>
    <ibge>2704302</ibge>
    <gia/>
    <ddd>82</ddd>
    <siafi>2785</siafi>
  </cep>
  <cep>
    <cep>57073-024</cep>
    <logradouro>Rua 04</logradouro>
    <complemento>(Cj Village Campestre I)</complemento>
    <unidade/>
    <bairro>Cidade Universitária</bairro>
    <localidade>Maceió</localidade>
    <uf>AL</uf>
    <estado>Alagoas</estado>
    <região/>
    <ibge>2704302</ibge>
    <gia/>
    <ddd>82</ddd>
    <siafi>2785</siafi>
  </cep>
  <cep>
    <cep>57072-530</cep>
    <logradouro>Rua Bancário Lydio Rossiter</logradouro>
    <complemento/>
    <unidade/>
    <bairro>Cidade Universitária</bairro>
    <localidade>Maceió</localidade>
    <uf>AL</uf>
    <estado>Alagoas</estado>
    <região/>
    <ibge>2704302</ibge>
    <gia/>
    <ddd>82</ddd>
    <siafi>2785</siafi>
  </cep>
  <cep>
    <cep>57072-610</cep>
    <logradouro>Rua Radialista Nascimento Suassuna</logradouro>
    <complemento/>
    <unidade/>
    <bairro>Cidade Universitária</bairro>
    <localidade>Maceió</localidade>
    <uf>AL</uf>
    <estado>Alagoas</estado>
    <região/>
    <ibge>2704302</ibge>
    <gia/>
    <ddd>82</ddd>
    <siafi>2785</siafi>
  </cep>
  <cep>
    <cep>57073-032</cep>
    <logradouro>Rua 11</logradouro>
    <complemento>(Cj Village Campestre I)</complemento>
    <unidade/>
    <bairro>Cidade Universitária</bairro>
    <localidade>Maceió</localidade>
    <uf>AL</uf>
    <estado>Alagoas</estado>
    <região/>
    <ibge>2704302</ibge>
    <gia/>
    <ddd>82</ddd>
    <siafi>2785</siafi>
  </cep>
  <cep>
    <cep>57073-033</cep>
    <logradouro>Rua 12</logradouro>
    <complemento>(Cj Village Campestre I)</complemento>
    <unidade/>
    <bairro>Cidade Universitária</bairro>
    <localidade>Maceió</localidade>
    <uf>AL</uf>
    <estado>Alagoas</estado>
    <região/>
    <ibge>2704302</ibge>
    <gia/>
    <ddd>82</ddd>
    <siafi>2785</siafi>
  </cep>
  <cep>
    <cep>57073-034</cep>
    <logradouro>Rua 13</logradouro>
    <complemento>(Cj Village Campestre I)</complemento>
    <unidade/>
    <bairro>Cidade Universitária</bairro>
    <localidade>Maceió</localidade>
    <uf>AL</uf>
    <estado>Alagoas</estado>
    <região/>
    <ibge>2704302</ibge>
    <gia/>
    <ddd>82</ddd>
    <siafi>2785</siafi>
  </cep>
  <cep>
    <cep>57073-036</cep>
    <logradouro>Rua 14</logradouro>
    <complemento>(Cj Village Campestre I)</complemento>
    <unidade/>
    <bairro>Cidade Universitária</bairro>
    <localidade>Maceió</localidade>
    <uf>AL</uf>
    <estado>Alagoas</estado>
    <região/>
    <ibge>2704302</ibge>
    <gia/>
    <ddd>82</ddd>
    <siafi>2785</siafi>
  </cep>
  <cep>
    <cep>57072-834</cep>
    <logradouro>Rua 4</logradouro>
    <complemento>(Cj Lucila Toledo)</complemento>
    <unidade/>
    <bairro>Cidade Universitária</bairro>
    <localidade>Maceió</localidade>
    <uf>AL</uf>
    <estado>Alagoas</estado>
    <região/>
    <ibge>2704302</ibge>
    <gia/>
    <ddd>82</ddd>
    <siafi>2785</siafi>
  </cep>
  <cep>
    <cep>57072-900</cep>
    <logradouro>Avenida Lourival Melo Mota</logradouro>
    <complemento>s/n</complemento>
    <unidade>Universidade Federal de Alagoas</unidade>
    <bairro>Cidade Universitária</bairro>
    <localidade>Maceió</localidade>
    <uf>AL</uf>
    <estado>Alagoas</estado>
    <região/>
    <ibge>2704302</ibge>
    <gia/>
    <ddd>82</ddd>
    <siafi>2785</siafi>
  </cep>
  <cep>
    <cep>57072-570</cep>
    <logradouro>Rua Dioclécio Xavier Accioly</logradouro>
    <complemento/>
    <unidade/>
    <bairro>Cidade Universitária</bairro>
    <localidade>Maceió</localidade>
    <uf>AL</uf>
    <estado>Alagoas</estado>
    <região/>
    <ibge>2704302</ibge>
    <gia/>
    <ddd>82</ddd>
    <siafi>2785</siafi>
  </cep>
  <cep>
    <cep>57072-680</cep>
    <logradouro>Rua Doutor César Wilson Júnior Carvalho</logradouro>
    <complemento/>
    <unidade/>
    <bairro>Cidade Universitária</bairro>
    <localidade>Maceió</localidade>
    <uf>AL</uf>
    <estado>Alagoas</estado>
    <região/>
    <ibge>2704302</ibge>
    <gia/>
    <ddd>82</ddd>
    <siafi>2785</siafi>
  </cep>
  <cep>
    <cep>57073-035</cep>
    <logradouro>Avenida Ministro Humberto Gomes de Barros</logradouro>
    <complemento/>
    <unidade/>
    <bairro>Cidade Universitária</bairro>
    <localidade>Maceió</localidade>
    <uf>AL</uf>
    <estado>Alagoas</estado>
    <região/>
    <ibge>2704302</ibge>
    <gia/>
    <ddd>82</ddd>
    <siafi>2785</siafi>
  </cep>
  <cep>
    <cep>57072-660</cep>
    <logradouro>Rua Enfermeira Odete Medeiro de Oliveira</logradouro>
    <complemento/>
    <unidade/>
    <bairro>Cidade Universitária</bairro>
    <localidade>Maceió</localidade>
    <uf>AL</uf>
    <estado>Alagoas</estado>
    <região/>
    <ibge>2704302</ibge>
    <gia/>
    <ddd>82</ddd>
    <siafi>2785</siafi>
  </cep>
  <cep>
    <cep>57073-039</cep>
    <logradouro>Rua 17</logradouro>
    <complemento>(Cj Village Campestre I)</complemento>
    <unidade/>
    <bairro>Cidade Universitária</bairro>
    <localidade>Maceió</localidade>
    <uf>AL</uf>
    <estado>Alagoas</estado>
    <região/>
    <ibge>2704302</ibge>
    <gia/>
    <ddd>82</ddd>
    <siafi>2785</siafi>
  </cep>
  <cep>
    <cep>57073-038</cep>
    <logradouro>Rua 16</logradouro>
    <complemento>(Cj Village Campestre I)</complemento>
    <unidade/>
    <bairro>Cidade Universitária</bairro>
    <localidade>Maceió</localidade>
    <uf>AL</uf>
    <estado>Alagoas</estado>
    <região/>
    <ibge>2704302</ibge>
    <gia/>
    <ddd>82</ddd>
    <siafi>2785</siafi>
  </cep>
  <cep>
    <cep>57073-041</cep>
    <logradouro>Rua 18</logradouro>
    <complemento>(Cj Village Campestre I)</complemento>
    <unidade/>
    <bairro>Cidade Universitária</bairro>
    <localidade>Maceió</localidade>
    <uf>AL</uf>
    <estado>Alagoas</estado>
    <região/>
    <ibge>2704302</ibge>
    <gia/>
    <ddd>82</ddd>
    <siafi>2785</siafi>
  </cep>
  <cep>
    <cep>57073-045</cep>
    <logradouro>Rua 22</logradouro>
    <complemento>(Cj Village Campestre I)</complemento>
    <unidade/>
    <bairro>Cidade Universitária</bairro>
    <localidade>Maceió</localidade>
    <uf>AL</uf>
    <estado>Alagoas</estado>
    <região/>
    <ibge>2704302</ibge>
    <gia/>
    <ddd>82</ddd>
    <siafi>2785</siafi>
  </cep>
  <cep>
    <cep>57073-042</cep>
    <logradouro>Rua 19</logradouro>
    <complemento>(Cj Village Campestre I)</complemento>
    <unidade/>
    <bairro>Cidade Universitária</bairro>
    <localidade>Maceió</localidade>
    <uf>AL</uf>
    <estado>Alagoas</estado>
    <região/>
    <ibge>2704302</ibge>
    <gia/>
    <ddd>82</ddd>
    <siafi>2785</siafi>
  </cep>
  <cep>
    <cep>57073-043</cep>
    <logradouro>Rua 20</logradouro>
    <complemento>(Cj Village Campestre I)</complemento>
    <unidade/>
    <bairro>Cidade Universitária</bairro>
    <localidade>Maceió</localidade>
    <uf>AL</uf>
    <estado>Alagoas</estado>
    <região/>
    <ibge>2704302</ibge>
    <gia/>
    <ddd>82</ddd>
    <siafi>2785</siafi>
  </cep>
  <cep>
    <cep>57073-044</cep>
    <logradouro>Rua 21</logradouro>
    <complemento>(Cj Village Campestre I)</complemento>
    <unidade/>
    <bairro>Cidade Universitária</bairro>
    <localidade>Maceió</localidade>
    <uf>AL</uf>
    <estado>Alagoas</estado>
    <região/>
    <ibge>2704302</ibge>
    <gia/>
    <ddd>82</ddd>
    <siafi>2785</siafi>
  </cep>
  <cep>
    <cep>57073-048</cep>
    <logradouro>Rua 25</logradouro>
    <complemento>(Cj Village Campestre I)</complemento>
    <unidade/>
    <bairro>Cidade Universitária</bairro>
    <localidade>Maceió</localidade>
    <uf>AL</uf>
    <estado>Alagoas</estado>
    <região/>
    <ibge>2704302</ibge>
    <gia/>
    <ddd>82</ddd>
    <siafi>2785</siafi>
  </cep>
  <cep>
    <cep>57073-046</cep>
    <logradouro>Rua 23</logradouro>
    <complemento>(Cj Village Campestre I)</complemento>
    <unidade/>
    <bairro>Cidade Universitária</bairro>
    <localidade>Maceió</localidade>
    <uf>AL</uf>
    <estado>Alagoas</estado>
    <região/>
    <ibge>2704302</ibge>
    <gia/>
    <ddd>82</ddd>
    <siafi>2785</siafi>
  </cep>
  <cep>
    <cep>57073-080</cep>
    <logradouro>Rua Radialista Haroldo Amorim Miranda</logradouro>
    <complemento/>
    <unidade/>
    <bairro>Cidade Universitária</bairro>
    <localidade>Maceió</localidade>
    <uf>AL</uf>
    <estado>Alagoas</estado>
    <região/>
    <ibge>2704302</ibge>
    <gia/>
    <ddd>82</ddd>
    <siafi>2785</siafi>
  </cep>
  <cep>
    <cep>57073-060</cep>
    <logradouro>Rua Doutor Marêncio da Costa Barros</logradouro>
    <complemento/>
    <unidade/>
    <bairro>Cidade Universitária</bairro>
    <localidade>Maceió</localidade>
    <uf>AL</uf>
    <estado>Alagoas</estado>
    <região/>
    <ibge>2704302</ibge>
    <gia/>
    <ddd>82</ddd>
    <siafi>2785</siafi>
  </cep>
  <cep>
    <cep>57073-070</cep>
    <logradouro>Rua Professor Moacyr José dos Santos</logradouro>
    <complemento/>
    <unidade/>
    <bairro>Cidade Universitária</bairro>
    <localidade>Maceió</localidade>
    <uf>AL</uf>
    <estado>Alagoas</estado>
    <região/>
    <ibge>2704302</ibge>
    <gia/>
    <ddd>82</ddd>
    <siafi>2785</siafi>
  </cep>
  <cep>
    <cep>57073-049</cep>
    <logradouro>Rua 26</logradouro>
    <complemento>(Cj Village Campestre I)</complemento>
    <unidade/>
    <bairro>Cidade Universitária</bairro>
    <localidade>Maceió</localidade>
    <uf>AL</uf>
    <estado>Alagoas</estado>
    <região/>
    <ibge>2704302</ibge>
    <gia/>
    <ddd>82</ddd>
    <siafi>2785</siafi>
  </cep>
  <cep>
    <cep>57073-050</cep>
    <logradouro>Rua Odilon Cupertino de Gouveia</logradouro>
    <complemento/>
    <unidade/>
    <bairro>Cidade Universitária</bairro>
    <localidade>Maceió</localidade>
    <uf>AL</uf>
    <estado>Alagoas</estado>
    <região/>
    <ibge>2704302</ibge>
    <gia/>
    <ddd>82</ddd>
    <siafi>2785</siafi>
  </cep>
  <cep>
    <cep/>
    <logradouro/>
    <complemento/>
    <unidade/>
    <bairro/>
    <localidade/>
    <uf/>
    <estado/>
    <região/>
    <ibge/>
    <gia/>
    <ddd/>
    <siafi/>
  </cep>
  <cep>
    <cep>57073-090</cep>
    <logradouro>Rua 2</logradouro>
    <complemento>(Cj Graciliano Ramos)</complemento>
    <unidade/>
    <bairro>Cidade Universitária</bairro>
    <localidade>Maceió</localidade>
    <uf>AL</uf>
    <estado>Alagoas</estado>
    <região/>
    <ibge>2704302</ibge>
    <gia/>
    <ddd>82</ddd>
    <siafi>2785</siafi>
  </cep>
  <cep>
    <cep>57073-082</cep>
    <logradouro>Rua 33</logradouro>
    <complemento>(Cj Graciliano Ramos)</complemento>
    <unidade/>
    <bairro>Cidade Universitária</bairro>
    <localidade>Maceió</localidade>
    <uf>AL</uf>
    <estado>Alagoas</estado>
    <região/>
    <ibge>2704302</ibge>
    <gia/>
    <ddd>82</ddd>
    <siafi>2785</siafi>
  </cep>
  <cep>
    <cep>57073-084</cep>
    <logradouro>Rua 36</logradouro>
    <complemento>(Cj Graciliano Ramos)</complemento>
    <unidade/>
    <bairro>Cidade Universitária</bairro>
    <localidade>Maceió</localidade>
    <uf>AL</uf>
    <estado>Alagoas</estado>
    <região/>
    <ibge>2704302</ibge>
    <gia/>
    <ddd>82</ddd>
    <siafi>2785</siafi>
  </cep>
  <cep>
    <cep>57073-092</cep>
    <logradouro>Rua 1</logradouro>
    <complemento>(Cj Graciliano Ramos)</complemento>
    <unidade/>
    <bairro>Cidade Universitária</bairro>
    <localidade>Maceió</localidade>
    <uf>AL</uf>
    <estado>Alagoas</estado>
    <região/>
    <ibge>2704302</ibge>
    <gia/>
    <ddd>82</ddd>
    <siafi>2785</siafi>
  </cep>
  <cep>
    <cep>57073-101</cep>
    <logradouro>Condomínio Agra</logradouro>
    <complemento/>
    <unidade/>
    <bairro>Cidade Universitária</bairro>
    <localidade>Maceió</localidade>
    <uf>AL</uf>
    <estado>Alagoas</estado>
    <região/>
    <ibge>2704302</ibge>
    <gia/>
    <ddd>82</ddd>
    <siafi>2785</siafi>
  </cep>
  <cep>
    <cep>57073-162</cep>
    <logradouro>Avenida Rosinaldo Ferreira Mendes</logradouro>
    <complemento>(Cj Graciliano Ramos)</complemento>
    <unidade/>
    <bairro>Cidade Universitária</bairro>
    <localidade>Maceió</localidade>
    <uf>AL</uf>
    <estado>Alagoas</estado>
    <região/>
    <ibge>2704302</ibge>
    <gia/>
    <ddd>82</ddd>
    <siafi>2785</siafi>
  </cep>
  <cep>
    <cep>57073-116</cep>
    <logradouro>Rua Joana Gomes</logradouro>
    <complemento>(Avenida B)</complemento>
    <unidade/>
    <bairro>Cidade Universitária</bairro>
    <localidade>Maceió</localidade>
    <uf>AL</uf>
    <estado>Alagoas</estado>
    <região/>
    <ibge>2704302</ibge>
    <gia/>
    <ddd>82</ddd>
    <siafi>2785</siafi>
  </cep>
  <cep>
    <cep>57073-102</cep>
    <logradouro>Condomínio Quinta da Purificação</logradouro>
    <complemento/>
    <unidade/>
    <bairro>Cidade Universitária</bairro>
    <localidade>Maceió</localidade>
    <uf>AL</uf>
    <estado>Alagoas</estado>
    <região/>
    <ibge>2704302</ibge>
    <gia/>
    <ddd>82</ddd>
    <siafi>2785</siafi>
  </cep>
  <cep>
    <cep>57073-094</cep>
    <logradouro>Rua 8</logradouro>
    <complemento>(Cj Graciliano Ramos)</complemento>
    <unidade/>
    <bairro>Cidade Universitária</bairro>
    <localidade>Maceió</localidade>
    <uf>AL</uf>
    <estado>Alagoas</estado>
    <região/>
    <ibge>2704302</ibge>
    <gia/>
    <ddd>82</ddd>
    <siafi>2785</siafi>
  </cep>
  <cep>
    <cep>57073-161</cep>
    <logradouro>Rua João Manoel Queiroz Ferro</logradouro>
    <complemento>(Cj Graciliano Ramos)</complemento>
    <unidade/>
    <bairro>Cidade Universitária</bairro>
    <localidade>Maceió</localidade>
    <uf>AL</uf>
    <estado>Alagoas</estado>
    <região/>
    <ibge>2704302</ibge>
    <gia/>
    <ddd>82</ddd>
    <siafi>2785</siafi>
  </cep>
  <cep>
    <cep>57073-172</cep>
    <logradouro>Condomínio Sol Nascente</logradouro>
    <complemento/>
    <unidade/>
    <bairro>Cidade Universitária</bairro>
    <localidade>Maceió</localidade>
    <uf>AL</uf>
    <estado>Alagoas</estado>
    <região/>
    <ibge>2704302</ibge>
    <gia/>
    <ddd>82</ddd>
    <siafi>2785</siafi>
  </cep>
  <cep>
    <cep>57073-190</cep>
    <logradouro>Rua Edwardo Costa Cabral</logradouro>
    <complemento/>
    <unidade/>
    <bairro>Cidade Universitária</bairro>
    <localidade>Maceió</localidade>
    <uf>AL</uf>
    <estado>Alagoas</estado>
    <região/>
    <ibge>2704302</ibge>
    <gia/>
    <ddd>82</ddd>
    <siafi>2785</siafi>
  </cep>
  <cep>
    <cep>57073-196</cep>
    <logradouro>Rua Maria de Lourdes Santos</logradouro>
    <complemento>(Cj G Ramos)</complemento>
    <unidade/>
    <bairro>Cidade Universitária</bairro>
    <localidade>Maceió</localidade>
    <uf>AL</uf>
    <estado>Alagoas</estado>
    <região/>
    <ibge>2704302</ibge>
    <gia/>
    <ddd>82</ddd>
    <siafi>2785</siafi>
  </cep>
  <cep>
    <cep>57073-163</cep>
    <logradouro>Rua 16</logradouro>
    <complemento>(Cj Graciliano Ramos)</complemento>
    <unidade/>
    <bairro>Cidade Universitária</bairro>
    <localidade>Maceió</localidade>
    <uf>AL</uf>
    <estado>Alagoas</estado>
    <região/>
    <ibge>2704302</ibge>
    <gia/>
    <ddd>82</ddd>
    <siafi>2785</siafi>
  </cep>
  <cep>
    <cep>57073-167</cep>
    <logradouro>Rua 20</logradouro>
    <complemento>(Cj Graciliano Ramos)</complemento>
    <unidade/>
    <bairro>Cidade Universitária</bairro>
    <localidade>Maceió</localidade>
    <uf>AL</uf>
    <estado>Alagoas</estado>
    <região/>
    <ibge>2704302</ibge>
    <gia/>
    <ddd>82</ddd>
    <siafi>2785</siafi>
  </cep>
  <cep>
    <cep>57073-199</cep>
    <logradouro>Rua 54</logradouro>
    <complemento>(Cj Graciliano Ramos)</complemento>
    <unidade/>
    <bairro>Cidade Universitária</bairro>
    <localidade>Maceió</localidade>
    <uf>AL</uf>
    <estado>Alagoas</estado>
    <região/>
    <ibge>2704302</ibge>
    <gia/>
    <ddd>82</ddd>
    <siafi>2785</siafi>
  </cep>
  <cep>
    <cep>57073-198</cep>
    <logradouro>Rua José Maurício</logradouro>
    <complemento>(Cj Graciliano Ramos)</complemento>
    <unidade/>
    <bairro>Cidade Universitária</bairro>
    <localidade>Maceió</localidade>
    <uf>AL</uf>
    <estado>Alagoas</estado>
    <região/>
    <ibge>2704302</ibge>
    <gia/>
    <ddd>82</ddd>
    <siafi>2785</siafi>
  </cep>
  <cep>
    <cep>57073-201</cep>
    <logradouro>Rua 55</logradouro>
    <complemento>(Cj Graciliano Ramos)</complemento>
    <unidade/>
    <bairro>Cidade Universitária</bairro>
    <localidade>Maceió</localidade>
    <uf>AL</uf>
    <estado>Alagoas</estado>
    <região/>
    <ibge>2704302</ibge>
    <gia/>
    <ddd>82</ddd>
    <siafi>2785</siafi>
  </cep>
  <cep>
    <cep>57073-130</cep>
    <logradouro>Avenida Doutor André Papini Góis</logradouro>
    <complemento/>
    <unidade/>
    <bairro>Cidade Universitária</bairro>
    <localidade>Maceió</localidade>
    <uf>AL</uf>
    <estado>Alagoas</estado>
    <região/>
    <ibge>2704302</ibge>
    <gia/>
    <ddd>82</ddd>
    <siafi>2785</siafi>
  </cep>
  <cep>
    <cep>57073-204</cep>
    <logradouro>Rua 58</logradouro>
    <complemento>(Cj Graciliano Ramos)</complemento>
    <unidade/>
    <bairro>Cidade Universitária</bairro>
    <localidade>Maceió</localidade>
    <uf>AL</uf>
    <estado>Alagoas</estado>
    <região/>
    <ibge>2704302</ibge>
    <gia/>
    <ddd>82</ddd>
    <siafi>2785</siafi>
  </cep>
  <cep>
    <cep>57073-205</cep>
    <logradouro>Rua 59</logradouro>
    <complemento>(Cj Graciliano Ramos)</complemento>
    <unidade/>
    <bairro>Cidade Universitária</bairro>
    <localidade>Maceió</localidade>
    <uf>AL</uf>
    <estado>Alagoas</estado>
    <região/>
    <ibge>2704302</ibge>
    <gia/>
    <ddd>82</ddd>
    <siafi>2785</siafi>
  </cep>
  <cep>
    <cep>57073-207</cep>
    <logradouro>Rua 61</logradouro>
    <complemento>(Cj Graciliano Ramos)</complemento>
    <unidade/>
    <bairro>Cidade Universitária</bairro>
    <localidade>Maceió</localidade>
    <uf>AL</uf>
    <estado>Alagoas</estado>
    <região/>
    <ibge>2704302</ibge>
    <gia/>
    <ddd>82</ddd>
    <siafi>2785</siafi>
  </cep>
  <cep>
    <cep>57073-210</cep>
    <logradouro>Rua João Frangelino da Silva</logradouro>
    <complemento/>
    <unidade/>
    <bairro>Cidade Universitária</bairro>
    <localidade>Maceió</localidade>
    <uf>AL</uf>
    <estado>Alagoas</estado>
    <região/>
    <ibge>2704302</ibge>
    <gia/>
    <ddd>82</ddd>
    <siafi>2785</siafi>
  </cep>
  <cep>
    <cep>57073-169</cep>
    <logradouro>Rua 23</logradouro>
    <complemento>(Cj Graciliano Ramos)</complemento>
    <unidade/>
    <bairro>Cidade Universitária</bairro>
    <localidade>Maceió</localidade>
    <uf>AL</uf>
    <estado>Alagoas</estado>
    <região/>
    <ibge>2704302</ibge>
    <gia/>
    <ddd>82</ddd>
    <siafi>2785</siafi>
  </cep>
  <cep>
    <cep>57073-160</cep>
    <logradouro>Rua Doutor José Mendonça de Almeida</logradouro>
    <complemento/>
    <unidade/>
    <bairro>Cidade Universitária</bairro>
    <localidade>Maceió</localidade>
    <uf>AL</uf>
    <estado>Alagoas</estado>
    <região/>
    <ibge>2704302</ibge>
    <gia/>
    <ddd>82</ddd>
    <siafi>2785</siafi>
  </cep>
  <cep>
    <cep>57073-191</cep>
    <logradouro>Rua 47</logradouro>
    <complemento>(Cj Graciliano Ramos)</complemento>
    <unidade/>
    <bairro>Cidade Universitária</bairro>
    <localidade>Maceió</localidade>
    <uf>AL</uf>
    <estado>Alagoas</estado>
    <região/>
    <ibge>2704302</ibge>
    <gia/>
    <ddd>82</ddd>
    <siafi>2785</siafi>
  </cep>
  <cep>
    <cep>57073-192</cep>
    <logradouro>Rua Messias de Oliveira</logradouro>
    <complemento>(Cj Graciliano Ramos)</complemento>
    <unidade/>
    <bairro>Cidade Universitária</bairro>
    <localidade>Maceió</localidade>
    <uf>AL</uf>
    <estado>Alagoas</estado>
    <região/>
    <ibge>2704302</ibge>
    <gia/>
    <ddd>82</ddd>
    <siafi>2785</siafi>
  </cep>
  <cep>
    <cep>57073-203</cep>
    <logradouro>Rua Rosilda Gomes Viturino Ribeiro</logradouro>
    <complemento>(Cj G Ramos)</complemento>
    <unidade/>
    <bairro>Cidade Universitária</bairro>
    <localidade>Maceió</localidade>
    <uf>AL</uf>
    <estado>Alagoas</estado>
    <região/>
    <ibge>2704302</ibge>
    <gia/>
    <ddd>82</ddd>
    <siafi>2785</siafi>
  </cep>
  <cep>
    <cep>57073-208</cep>
    <logradouro>Rua Elita Pinto Quintela</logradouro>
    <complemento>(62 - Cj G Ramos)</complemento>
    <unidade/>
    <bairro>Cidade Universitária</bairro>
    <localidade>Maceió</localidade>
    <uf>AL</uf>
    <estado>Alagoas</estado>
    <região/>
    <ibge>2704302</ibge>
    <gia/>
    <ddd>82</ddd>
    <siafi>2785</siafi>
  </cep>
  <cep>
    <cep>57073-140</cep>
    <logradouro>Rua Laura Moraes Guedes Nogueira</logradouro>
    <complemento/>
    <unidade/>
    <bairro>Cidade Universitária</bairro>
    <localidade>Maceió</localidade>
    <uf>AL</uf>
    <estado>Alagoas</estado>
    <região/>
    <ibge>2704302</ibge>
    <gia/>
    <ddd>82</ddd>
    <siafi>2785</siafi>
  </cep>
  <cep>
    <cep>57073-193</cep>
    <logradouro>Rua Jonathan Daniel dos Santos</logradouro>
    <complemento/>
    <unidade/>
    <bairro>Cidade Universitária</bairro>
    <localidade>Maceió</localidade>
    <uf>AL</uf>
    <estado>Alagoas</estado>
    <região/>
    <ibge>2704302</ibge>
    <gia/>
    <ddd>82</ddd>
    <siafi>2785</siafi>
  </cep>
  <cep>
    <cep>57073-212</cep>
    <logradouro>Rua 65</logradouro>
    <complemento>(Cj Graciliano Ramos)</complemento>
    <unidade/>
    <bairro>Cidade Universitária</bairro>
    <localidade>Maceió</localidade>
    <uf>AL</uf>
    <estado>Alagoas</estado>
    <região/>
    <ibge>2704302</ibge>
    <gia/>
    <ddd>82</ddd>
    <siafi>2785</siafi>
  </cep>
  <cep>
    <cep>57073-110</cep>
    <logradouro>Rua Orlando Galdino Lopes</logradouro>
    <complemento/>
    <unidade/>
    <bairro>Cidade Universitária</bairro>
    <localidade>Maceió</localidade>
    <uf>AL</uf>
    <estado>Alagoas</estado>
    <região/>
    <ibge>2704302</ibge>
    <gia/>
    <ddd>82</ddd>
    <siafi>2785</siafi>
  </cep>
  <cep>
    <cep>57073-195</cep>
    <logradouro>Rua Valdir Marinho Pereira</logradouro>
    <complemento>(Cj G Ramos)</complemento>
    <unidade/>
    <bairro>Cidade Universitária</bairro>
    <localidade>Maceió</localidade>
    <uf>AL</uf>
    <estado>Alagoas</estado>
    <região/>
    <ibge>2704302</ibge>
    <gia/>
    <ddd>82</ddd>
    <siafi>2785</siafi>
  </cep>
  <cep>
    <cep>57073-168</cep>
    <logradouro>Rua 22</logradouro>
    <complemento>(Cj Graciliano Ramos)</complemento>
    <unidade/>
    <bairro>Cidade Universitária</bairro>
    <localidade>Maceió</localidade>
    <uf>AL</uf>
    <estado>Alagoas</estado>
    <região/>
    <ibge>2704302</ibge>
    <gia/>
    <ddd>82</ddd>
    <siafi>2785</siafi>
  </cep>
  <cep>
    <cep>57073-100</cep>
    <logradouro>Rua Manoel Modesto Lima</logradouro>
    <complemento/>
    <unidade/>
    <bairro>Cidade Universitária</bairro>
    <localidade>Maceió</localidade>
    <uf>AL</uf>
    <estado>Alagoas</estado>
    <região/>
    <ibge>2704302</ibge>
    <gia/>
    <ddd>82</ddd>
    <siafi>2785</siafi>
  </cep>
  <cep>
    <cep>57073-170</cep>
    <logradouro>Rua Francisca Amélia de Santana</logradouro>
    <complemento/>
    <unidade/>
    <bairro>Cidade Universitária</bairro>
    <localidade>Maceió</localidade>
    <uf>AL</uf>
    <estado>Alagoas</estado>
    <região/>
    <ibge>2704302</ibge>
    <gia/>
    <ddd>82</ddd>
    <siafi>2785</siafi>
  </cep>
  <cep>
    <cep>57073-197</cep>
    <logradouro>Rua Jeanette Carigé Pereira Lima</logradouro>
    <complemento>(Cj G Ramos)</complemento>
    <unidade/>
    <bairro>Cidade Universitária</bairro>
    <localidade>Maceió</localidade>
    <uf>AL</uf>
    <estado>Alagoas</estado>
    <região/>
    <ibge>2704302</ibge>
    <gia/>
    <ddd>82</ddd>
    <siafi>2785</siafi>
  </cep>
  <cep>
    <cep>57073-213</cep>
    <logradouro>Rua 66</logradouro>
    <complemento>(Cj Graciliano Ramos)</complemento>
    <unidade/>
    <bairro>Cidade Universitária</bairro>
    <localidade>Maceió</localidade>
    <uf>AL</uf>
    <estado>Alagoas</estado>
    <região/>
    <ibge>2704302</ibge>
    <gia/>
    <ddd>82</ddd>
    <siafi>2785</siafi>
  </cep>
  <cep>
    <cep>57073-150</cep>
    <logradouro>Rua Maria de Carvalho Guimarães</logradouro>
    <complemento/>
    <unidade/>
    <bairro>Cidade Universitária</bairro>
    <localidade>Maceió</localidade>
    <uf>AL</uf>
    <estado>Alagoas</estado>
    <região/>
    <ibge>2704302</ibge>
    <gia/>
    <ddd>82</ddd>
    <siafi>2785</siafi>
  </cep>
  <cep>
    <cep>57073-164</cep>
    <logradouro>Rua 17</logradouro>
    <complemento>(Cj Graciliano Ramos)</complemento>
    <unidade/>
    <bairro>Cidade Universitária</bairro>
    <localidade>Maceió</localidade>
    <uf>AL</uf>
    <estado>Alagoas</estado>
    <região/>
    <ibge>2704302</ibge>
    <gia/>
    <ddd>82</ddd>
    <siafi>2785</siafi>
  </cep>
  <cep>
    <cep>57073-214</cep>
    <logradouro>Rua 67</logradouro>
    <complemento>(Cj Graciliano Ramos)</complemento>
    <unidade/>
    <bairro>Cidade Universitária</bairro>
    <localidade>Maceió</localidade>
    <uf>AL</uf>
    <estado>Alagoas</estado>
    <região/>
    <ibge>2704302</ibge>
    <gia/>
    <ddd>82</ddd>
    <siafi>2785</siafi>
  </cep>
  <cep>
    <cep>57073-194</cep>
    <logradouro>Rua José Sabino da Silva</logradouro>
    <complemento>(Cj Graciliano Ramos)</complemento>
    <unidade/>
    <bairro>Cidade Universitária</bairro>
    <localidade>Maceió</localidade>
    <uf>AL</uf>
    <estado>Alagoas</estado>
    <região/>
    <ibge>2704302</ibge>
    <gia/>
    <ddd>82</ddd>
    <siafi>2785</siafi>
  </cep>
  <cep>
    <cep>57073-215</cep>
    <logradouro>Rua 68</logradouro>
    <complemento>(Cj Graciliano Ramos)</complemento>
    <unidade/>
    <bairro>Cidade Universitária</bairro>
    <localidade>Maceió</localidade>
    <uf>AL</uf>
    <estado>Alagoas</estado>
    <região/>
    <ibge>2704302</ibge>
    <gia/>
    <ddd>82</ddd>
    <siafi>2785</siafi>
  </cep>
  <cep>
    <cep>57073-216</cep>
    <logradouro>Rua 69</logradouro>
    <complemento>(Cj Graciliano Ramos)</complemento>
    <unidade/>
    <bairro>Cidade Universitária</bairro>
    <localidade>Maceió</localidade>
    <uf>AL</uf>
    <estado>Alagoas</estado>
    <região/>
    <ibge>2704302</ibge>
    <gia/>
    <ddd>82</ddd>
    <siafi>2785</siafi>
  </cep>
  <cep>
    <cep>57073-165</cep>
    <logradouro>Rua 18</logradouro>
    <complemento>(Cj Graciliano Ramos)</complemento>
    <unidade/>
    <bairro>Cidade Universitária</bairro>
    <localidade>Maceió</localidade>
    <uf>AL</uf>
    <estado>Alagoas</estado>
    <região/>
    <ibge>2704302</ibge>
    <gia/>
    <ddd>82</ddd>
    <siafi>2785</siafi>
  </cep>
  <cep>
    <cep>57073-220</cep>
    <logradouro>Rua Frederico Otto Kummer</logradouro>
    <complemento/>
    <unidade/>
    <bairro>Cidade Universitária</bairro>
    <localidade>Maceió</localidade>
    <uf>AL</uf>
    <estado>Alagoas</estado>
    <região/>
    <ibge>2704302</ibge>
    <gia/>
    <ddd>82</ddd>
    <siafi>2785</siafi>
  </cep>
  <cep>
    <cep>57073-166</cep>
    <logradouro>Rua 19</logradouro>
    <complemento>(Cj Graciliano Ramos)</complemento>
    <unidade/>
    <bairro>Cidade Universitária</bairro>
    <localidade>Maceió</localidade>
    <uf>AL</uf>
    <estado>Alagoas</estado>
    <região/>
    <ibge>2704302</ibge>
    <gia/>
    <ddd>82</ddd>
    <siafi>2785</siafi>
  </cep>
  <cep>
    <cep>57073-211</cep>
    <logradouro>Rua 64</logradouro>
    <complemento>(Cj Graciliano Ramos)</complemento>
    <unidade/>
    <bairro>Cidade Universitária</bairro>
    <localidade>Maceió</localidade>
    <uf>AL</uf>
    <estado>Alagoas</estado>
    <região/>
    <ibge>2704302</ibge>
    <gia/>
    <ddd>82</ddd>
    <siafi>2785</siafi>
  </cep>
  <cep>
    <cep>57073-202</cep>
    <logradouro>Rua 56</logradouro>
    <complemento>(Cj Graciliano Ramos)</complemento>
    <unidade/>
    <bairro>Cidade Universitária</bairro>
    <localidade>Maceió</localidade>
    <uf>AL</uf>
    <estado>Alagoas</estado>
    <região/>
    <ibge>2704302</ibge>
    <gia/>
    <ddd>82</ddd>
    <siafi>2785</siafi>
  </cep>
  <cep>
    <cep>57073-200</cep>
    <logradouro>Rua Celina Sacramento da Silva</logradouro>
    <complemento/>
    <unidade/>
    <bairro>Cidade Universitária</bairro>
    <localidade>Maceió</localidade>
    <uf>AL</uf>
    <estado>Alagoas</estado>
    <região/>
    <ibge>2704302</ibge>
    <gia/>
    <ddd>82</ddd>
    <siafi>2785</siafi>
  </cep>
  <cep>
    <cep>57073-209</cep>
    <logradouro>Rua Guilherme Costa Queiroz</logradouro>
    <complemento>(Cj Grac Ramos)</complemento>
    <unidade/>
    <bairro>Cidade Universitária</bairro>
    <localidade>Maceió</localidade>
    <uf>AL</uf>
    <estado>Alagoas</estado>
    <região/>
    <ibge>2704302</ibge>
    <gia/>
    <ddd>82</ddd>
    <siafi>2785</siafi>
  </cep>
  <cep>
    <cep>57073-240</cep>
    <logradouro>Rua José Firmino da Silva</logradouro>
    <complemento/>
    <unidade/>
    <bairro>Cidade Universitária</bairro>
    <localidade>Maceió</localidade>
    <uf>AL</uf>
    <estado>Alagoas</estado>
    <região/>
    <ibge>2704302</ibge>
    <gia/>
    <ddd>82</ddd>
    <siafi>2785</siafi>
  </cep>
  <cep>
    <cep>57073-206</cep>
    <logradouro>Rua 60</logradouro>
    <complemento>(Cj Graciliano Ramos)</complemento>
    <unidade/>
    <bairro>Cidade Universitária</bairro>
    <localidade>Maceió</localidade>
    <uf>AL</uf>
    <estado>Alagoas</estado>
    <região/>
    <ibge>2704302</ibge>
    <gia/>
    <ddd>82</ddd>
    <siafi>2785</siafi>
  </cep>
  <cep>
    <cep>57073-260</cep>
    <logradouro>Rua Iolanda Gomes de Moura</logradouro>
    <complemento/>
    <unidade/>
    <bairro>Cidade Universitária</bairro>
    <localidade>Maceió</localidade>
    <uf>AL</uf>
    <estado>Alagoas</estado>
    <região/>
    <ibge>2704302</ibge>
    <gia/>
    <ddd>82</ddd>
    <siafi>2785</siafi>
  </cep>
  <cep>
    <cep>57073-270</cep>
    <logradouro>Rua Waldemar Costa Oliveira</logradouro>
    <complemento/>
    <unidade/>
    <bairro>Cidade Universitária</bairro>
    <localidade>Maceió</localidade>
    <uf>AL</uf>
    <estado>Alagoas</estado>
    <região/>
    <ibge>2704302</ibge>
    <gia/>
    <ddd>82</ddd>
    <siafi>2785</siafi>
  </cep>
  <cep>
    <cep>57073-250</cep>
    <logradouro>Rua José Alberto Correia</logradouro>
    <complemento/>
    <unidade/>
    <bairro>Cidade Universitária</bairro>
    <localidade>Maceió</localidade>
    <uf>AL</uf>
    <estado>Alagoas</estado>
    <região/>
    <ibge>2704302</ibge>
    <gia/>
    <ddd>82</ddd>
    <siafi>2785</siafi>
  </cep>
  <cep>
    <cep>57073-280</cep>
    <logradouro>Rua Pedro Nepomuceno da Silva</logradouro>
    <complemento/>
    <unidade/>
    <bairro>Cidade Universitária</bairro>
    <localidade>Maceió</localidade>
    <uf>AL</uf>
    <estado>Alagoas</estado>
    <região/>
    <ibge>2704302</ibge>
    <gia/>
    <ddd>82</ddd>
    <siafi>2785</siafi>
  </cep>
  <cep>
    <cep>57073-290</cep>
    <logradouro>Rua Guiomar Cunha Lôu</logradouro>
    <complemento/>
    <unidade/>
    <bairro>Cidade Universitária</bairro>
    <localidade>Maceió</localidade>
    <uf>AL</uf>
    <estado>Alagoas</estado>
    <região/>
    <ibge>2704302</ibge>
    <gia/>
    <ddd>82</ddd>
    <siafi>2785</siafi>
  </cep>
  <cep>
    <cep>57073-292</cep>
    <logradouro>Rua Maria Luíza da Rocha Menezes</logradouro>
    <complemento>(Cj Grac Ramos)</complemento>
    <unidade/>
    <bairro>Cidade Universitária</bairro>
    <localidade>Maceió</localidade>
    <uf>AL</uf>
    <estado>Alagoas</estado>
    <região/>
    <ibge>2704302</ibge>
    <gia/>
    <ddd>82</ddd>
    <siafi>2785</siafi>
  </cep>
  <cep>
    <cep>57073-320</cep>
    <logradouro>Rua Iracema Fragoso de Araújo</logradouro>
    <complemento/>
    <unidade/>
    <bairro>Cidade Universitária</bairro>
    <localidade>Maceió</localidade>
    <uf>AL</uf>
    <estado>Alagoas</estado>
    <região/>
    <ibge>2704302</ibge>
    <gia/>
    <ddd>82</ddd>
    <siafi>2785</siafi>
  </cep>
  <cep>
    <cep>57073-342</cep>
    <logradouro>Rua Nilson Urias da Silva</logradouro>
    <complemento/>
    <unidade/>
    <bairro>Cidade Universitária</bairro>
    <localidade>Maceió</localidade>
    <uf>AL</uf>
    <estado>Alagoas</estado>
    <região/>
    <ibge>2704302</ibge>
    <gia/>
    <ddd>82</ddd>
    <siafi>2785</siafi>
  </cep>
  <cep>
    <cep>57073-343</cep>
    <logradouro>Rua Elisselma Oliveira dos Santos</logradouro>
    <complemento/>
    <unidade/>
    <bairro>Cidade Universitária</bairro>
    <localidade>Maceió</localidade>
    <uf>AL</uf>
    <estado>Alagoas</estado>
    <região/>
    <ibge>2704302</ibge>
    <gia/>
    <ddd>82</ddd>
    <siafi>2785</siafi>
  </cep>
  <cep>
    <cep>57073-360</cep>
    <logradouro>Avenida Jardim Paulo VI</logradouro>
    <complemento/>
    <unidade/>
    <bairro>Cidade Universitária</bairro>
    <localidade>Maceió</localidade>
    <uf>AL</uf>
    <estado>Alagoas</estado>
    <região/>
    <ibge>2704302</ibge>
    <gia/>
    <ddd>82</ddd>
    <siafi>2785</siafi>
  </cep>
  <cep>
    <cep>57073-345</cep>
    <logradouro>Rua Cecília Meireles</logradouro>
    <complemento/>
    <unidade/>
    <bairro>Cidade Universitária</bairro>
    <localidade>Maceió</localidade>
    <uf>AL</uf>
    <estado>Alagoas</estado>
    <região/>
    <ibge>2704302</ibge>
    <gia/>
    <ddd>82</ddd>
    <siafi>2785</siafi>
  </cep>
  <cep>
    <cep>57073-365</cep>
    <logradouro>Alameda da Paz</logradouro>
    <complemento/>
    <unidade/>
    <bairro>Cidade Universitária</bairro>
    <localidade>Maceió</localidade>
    <uf>AL</uf>
    <estado>Alagoas</estado>
    <região/>
    <ibge>2704302</ibge>
    <gia/>
    <ddd>82</ddd>
    <siafi>2785</siafi>
  </cep>
  <cep>
    <cep>57073-366</cep>
    <logradouro>1ª Travessa Alameda da Paz</logradouro>
    <complemento/>
    <unidade/>
    <bairro>Cidade Universitária</bairro>
    <localidade>Maceió</localidade>
    <uf>AL</uf>
    <estado>Alagoas</estado>
    <região/>
    <ibge>2704302</ibge>
    <gia/>
    <ddd>82</ddd>
    <siafi>2785</siafi>
  </cep>
  <cep>
    <cep>57073-367</cep>
    <logradouro>2ª Travessa Alameda da Paz</logradouro>
    <complemento/>
    <unidade/>
    <bairro>Cidade Universitária</bairro>
    <localidade>Maceió</localidade>
    <uf>AL</uf>
    <estado>Alagoas</estado>
    <região/>
    <ibge>2704302</ibge>
    <gia/>
    <ddd>82</ddd>
    <siafi>2785</siafi>
  </cep>
  <cep>
    <cep>57073-368</cep>
    <logradouro>3ª Travessa Alameda da Paz</logradouro>
    <complemento/>
    <unidade/>
    <bairro>Cidade Universitária</bairro>
    <localidade>Maceió</localidade>
    <uf>AL</uf>
    <estado>Alagoas</estado>
    <região/>
    <ibge>2704302</ibge>
    <gia/>
    <ddd>82</ddd>
    <siafi>2785</siafi>
  </cep>
  <cep>
    <cep>57073-369</cep>
    <logradouro>4ª Travessa Alameda da Paz</logradouro>
    <complemento/>
    <unidade/>
    <bairro>Cidade Universitária</bairro>
    <localidade>Maceió</localidade>
    <uf>AL</uf>
    <estado>Alagoas</estado>
    <região/>
    <ibge>2704302</ibge>
    <gia/>
    <ddd>82</ddd>
    <siafi>2785</siafi>
  </cep>
  <cep>
    <cep>57073-370</cep>
    <logradouro>Avenida Júlia Camelo de Freitas</logradouro>
    <complemento/>
    <unidade/>
    <bairro>Cidade Universitária</bairro>
    <localidade>Maceió</localidade>
    <uf>AL</uf>
    <estado>Alagoas</estado>
    <região/>
    <ibge>2704302</ibge>
    <gia/>
    <ddd>82</ddd>
    <siafi>2785</siafi>
  </cep>
  <cep>
    <cep>57073-371</cep>
    <logradouro>5ª Travessa Alameda da Paz</logradouro>
    <complemento/>
    <unidade/>
    <bairro>Cidade Universitária</bairro>
    <localidade>Maceió</localidade>
    <uf>AL</uf>
    <estado>Alagoas</estado>
    <região/>
    <ibge>2704302</ibge>
    <gia/>
    <ddd>82</ddd>
    <siafi>2785</siafi>
  </cep>
  <cep>
    <cep>57073-372</cep>
    <logradouro>6ª Travessa Alameda da Paz</logradouro>
    <complemento/>
    <unidade/>
    <bairro>Cidade Universitária</bairro>
    <localidade>Maceió</localidade>
    <uf>AL</uf>
    <estado>Alagoas</estado>
    <região/>
    <ibge>2704302</ibge>
    <gia/>
    <ddd>82</ddd>
    <siafi>2785</siafi>
  </cep>
  <cep>
    <cep>57073-037</cep>
    <logradouro>Rua 15</logradouro>
    <complemento>(Cj Village Campestre I)</complemento>
    <unidade/>
    <bairro>Cidade Universitária</bairro>
    <localidade>Maceió</localidade>
    <uf>AL</uf>
    <estado>Alagoas</estado>
    <região/>
    <ibge>2704302</ibge>
    <gia/>
    <ddd>82</ddd>
    <siafi>2785</siafi>
  </cep>
  <cep>
    <cep>57073-386</cep>
    <logradouro>1ª Travessa Cristina Braga</logradouro>
    <complemento/>
    <unidade/>
    <bairro>Cidade Universitária</bairro>
    <localidade>Maceió</localidade>
    <uf>AL</uf>
    <estado>Alagoas</estado>
    <região/>
    <ibge>2704302</ibge>
    <gia/>
    <ddd>82</ddd>
    <siafi>2785</siafi>
  </cep>
  <cep>
    <cep>57073-374</cep>
    <logradouro>Rua Bruna Letícia Duque Oliveira</logradouro>
    <complemento/>
    <unidade/>
    <bairro>Cidade Universitária</bairro>
    <localidade>Maceió</localidade>
    <uf>AL</uf>
    <estado>Alagoas</estado>
    <região/>
    <ibge>2704302</ibge>
    <gia/>
    <ddd>82</ddd>
    <siafi>2785</siafi>
  </cep>
  <cep>
    <cep>57073-385</cep>
    <logradouro>Rua Cristina Braga</logradouro>
    <complemento/>
    <unidade/>
    <bairro>Cidade Universitária</bairro>
    <localidade>Maceió</localidade>
    <uf>AL</uf>
    <estado>Alagoas</estado>
    <região/>
    <ibge>2704302</ibge>
    <gia/>
    <ddd>82</ddd>
    <siafi>2785</siafi>
  </cep>
  <cep>
    <cep>57073-375</cep>
    <logradouro>Rua José Correia da Costa</logradouro>
    <complemento/>
    <unidade/>
    <bairro>Cidade Universitária</bairro>
    <localidade>Maceió</localidade>
    <uf>AL</uf>
    <estado>Alagoas</estado>
    <região/>
    <ibge>2704302</ibge>
    <gia/>
    <ddd>82</ddd>
    <siafi>2785</siafi>
  </cep>
  <cep>
    <cep>57073-387</cep>
    <logradouro>2ª Travessa Cristina Braga</logradouro>
    <complemento/>
    <unidade/>
    <bairro>Cidade Universitária</bairro>
    <localidade>Maceió</localidade>
    <uf>AL</uf>
    <estado>Alagoas</estado>
    <região/>
    <ibge>2704302</ibge>
    <gia/>
    <ddd>82</ddd>
    <siafi>2785</siafi>
  </cep>
  <cep>
    <cep>57073-388</cep>
    <logradouro>3ª Travessa Cristina Braga</logradouro>
    <complemento/>
    <unidade/>
    <bairro>Cidade Universitária</bairro>
    <localidade>Maceió</localidade>
    <uf>AL</uf>
    <estado>Alagoas</estado>
    <região/>
    <ibge>2704302</ibge>
    <gia/>
    <ddd>82</ddd>
    <siafi>2785</siafi>
  </cep>
  <cep>
    <cep>57073-390</cep>
    <logradouro>Rua Luiz Alapenha Amaral</logradouro>
    <complemento/>
    <unidade/>
    <bairro>Cidade Universitária</bairro>
    <localidade>Maceió</localidade>
    <uf>AL</uf>
    <estado>Alagoas</estado>
    <região/>
    <ibge>2704302</ibge>
    <gia/>
    <ddd>82</ddd>
    <siafi>2785</siafi>
  </cep>
  <cep>
    <cep>57073-394</cep>
    <logradouro>8ª Travessa Cristina Braga</logradouro>
    <complemento>(Cj Village Campestre)</complemento>
    <unidade/>
    <bairro>Cidade Universitária</bairro>
    <localidade>Maceió</localidade>
    <uf>AL</uf>
    <estado>Alagoas</estado>
    <região/>
    <ibge>2704302</ibge>
    <gia/>
    <ddd>82</ddd>
    <siafi>2785</siafi>
  </cep>
  <cep>
    <cep>57073-391</cep>
    <logradouro>5ª Travessa Cristina Braga</logradouro>
    <complemento>(Cj Village Campestre)</complemento>
    <unidade/>
    <bairro>Cidade Universitária</bairro>
    <localidade>Maceió</localidade>
    <uf>AL</uf>
    <estado>Alagoas</estado>
    <região/>
    <ibge>2704302</ibge>
    <gia/>
    <ddd>82</ddd>
    <siafi>2785</siafi>
  </cep>
  <cep>
    <cep>57073-389</cep>
    <logradouro>4ª Travessa Cristina Braga</logradouro>
    <complemento/>
    <unidade/>
    <bairro>Cidade Universitária</bairro>
    <localidade>Maceió</localidade>
    <uf>AL</uf>
    <estado>Alagoas</estado>
    <região/>
    <ibge>2704302</ibge>
    <gia/>
    <ddd>82</ddd>
    <siafi>2785</siafi>
  </cep>
  <cep>
    <cep>57073-393</cep>
    <logradouro>7ª Travessa Cristina Braga</logradouro>
    <complemento>(Cj Village Campestre)</complemento>
    <unidade/>
    <bairro>Cidade Universitária</bairro>
    <localidade>Maceió</localidade>
    <uf>AL</uf>
    <estado>Alagoas</estado>
    <região/>
    <ibge>2704302</ibge>
    <gia/>
    <ddd>82</ddd>
    <siafi>2785</siafi>
  </cep>
  <cep>
    <cep>57073-392</cep>
    <logradouro>6ª Travessa Cristina Braga</logradouro>
    <complemento>(Cj Village Campestre)</complemento>
    <unidade/>
    <bairro>Cidade Universitária</bairro>
    <localidade>Maceió</localidade>
    <uf>AL</uf>
    <estado>Alagoas</estado>
    <região/>
    <ibge>2704302</ibge>
    <gia/>
    <ddd>82</ddd>
    <siafi>2785</siafi>
  </cep>
  <cep>
    <cep>57073-411</cep>
    <logradouro>Quadra A</logradouro>
    <complemento>(Lot Matarana)</complemento>
    <unidade/>
    <bairro>Cidade Universitária</bairro>
    <localidade>Maceió</localidade>
    <uf>AL</uf>
    <estado>Alagoas</estado>
    <região/>
    <ibge>2704302</ibge>
    <gia/>
    <ddd>82</ddd>
    <siafi>2785</siafi>
  </cep>
  <cep>
    <cep>57073-088</cep>
    <logradouro>Rua 3</logradouro>
    <complemento>(Cj Graciliano Ramos)</complemento>
    <unidade/>
    <bairro>Cidade Universitária</bairro>
    <localidade>Maceió</localidade>
    <uf>AL</uf>
    <estado>Alagoas</estado>
    <região/>
    <ibge>2704302</ibge>
    <gia/>
    <ddd>82</ddd>
    <siafi>2785</siafi>
  </cep>
  <cep>
    <cep>57073-373</cep>
    <logradouro>Rua Isabela de Carvalho Spinele</logradouro>
    <complemento/>
    <unidade/>
    <bairro>Cidade Universitária</bairro>
    <localidade>Maceió</localidade>
    <uf>AL</uf>
    <estado>Alagoas</estado>
    <região/>
    <ibge>2704302</ibge>
    <gia/>
    <ddd>82</ddd>
    <siafi>2785</siafi>
  </cep>
</ceps>
